Job started on w30 at Sun May 31 17:10:32 UTC 2026
PBS_JOBID=7731430.kruk-host.ift-klaster.lan
PBS_O_WORKDIR=/home/2/kj405942/POLFED_bosons
Bose-Hubbard: L=6, N=6, nmax=2, dim=141
t=1, U=10, W=1, nreal=300, boundary=periodic, mode=full
Writing partial results to /home/2/kj405942/POLFED_bosons/pbs_bose_legacy_nmax2_periodic/data/U_10/W_1/L_6/N_6_nmax_2/boundary_periodic/energies_full_U10_L6_N6_nmax2_W1_boundaryperiodic_nreal300_partial.txt
realization 1 / 300 ... accepted 1. Emin=0.93211232, Emax=64.38180851
realization 2 / 300 ... accepted 2. Emin=-0.47497992, Emax=64.53483032
realization 3 / 300 ... accepted 3. Emin=-2.49837069, Emax=61.82471438
realization 4 / 300 ... accepted 4. Emin=-2.80935813, Emax=60.86005183
realization 5 / 300 ... accepted 5. Emin=-2.65251735, Emax=61.14407479
realization 6 / 300 ... accepted 6. Emin=-2.41944822, Emax=61.85966369
realization 7 / 300 ... accepted 7. Emin=-2.25987919, Emax=61.89708505
realization 8 / 300 ... accepted 8. Emin=1.15898102, Emax=65.05104776
realization 9 / 300 ... accepted 9. Emin=-1.49226486, Emax=61.47546920
realization 10 / 300 ... accepted 10. Emin=-3.43887188, Emax=61.08925684
realization 11 / 300 ... accepted 11. Emin=-3.35620780, Emax=60.71445258
realization 12 / 300 ... accepted 12. Emin=-0.72521033, Emax=63.57693827
realization 13 / 300 ... accepted 13. Emin=-1.40414121, Emax=63.32094715
realization 14 / 300 ... accepted 14. Emin=-3.08538831, Emax=60.45980186
realization 15 / 300 ... accepted 15. Emin=-1.45004865, Emax=63.46520129
realization 16 / 300 ... accepted 16. Emin=-0.39183743, Emax=64.08815138
realization 17 / 300 ... accepted 17. Emin=0.12562984, Emax=63.92398296
realization 18 / 300 ... accepted 18. Emin=-1.58354712, Emax=62.70048095
realization 19 / 300 ... accepted 19. Emin=-0.02444666, Emax=65.55845012
realization 20 / 300 ... accepted 20. Emin=2.95563040, Emax=65.71345662
realization 21 / 300 ... accepted 21. Emin=-3.81315454, Emax=59.89805882
realization 22 / 300 ... accepted 22. Emin=-1.16971287, Emax=64.17353344
realization 23 / 300 ... accepted 23. Emin=-2.20848535, Emax=61.86476884
realization 24 / 300 ... accepted 24. Emin=0.20445490, Emax=65.11493803
realization 25 / 300 ... accepted 25. Emin=-1.95406287, Emax=64.73616683
realization 26 / 300 ... accepted 26. Emin=-3.32707907, Emax=59.44846723
realization 27 / 300 ... accepted 27. Emin=-0.09460923, Emax=63.75562554
realization 28 / 300 ... accepted 28. Emin=-2.40566428, Emax=62.33531105
realization 29 / 300 ... accepted 29. Emin=-1.00121380, Emax=62.41177406
realization 30 / 300 ... accepted 30. Emin=-2.62304074, Emax=61.22744539
realization 31 / 300 ... accepted 31. Emin=-1.94304427, Emax=62.12834220
realization 32 / 300 ... accepted 32. Emin=-1.26790073, Emax=62.99786341
realization 33 / 300 ... accepted 33. Emin=0.20978597, Emax=64.52180891
realization 34 / 300 ... accepted 34. Emin=0.76039928, Emax=64.84607395
realization 35 / 300 ... accepted 35. Emin=-3.06433236, Emax=59.79154960
realization 36 / 300 ... accepted 36. Emin=0.41547062, Emax=64.83928052
realization 37 / 300 ... accepted 37. Emin=-0.86851278, Emax=62.95508516
realization 38 / 300 ... accepted 38. Emin=-0.05307664, Emax=63.51947636
realization 39 / 300 ... accepted 39. Emin=-1.69994267, Emax=62.87933800
realization 40 / 300 ... accepted 40. Emin=-1.91778963, Emax=61.08521347
realization 41 / 300 ... accepted 41. Emin=-1.69851863, Emax=62.87307409
realization 42 / 300 ... accepted 42. Emin=-2.50447393, Emax=62.28273599
realization 43 / 300 ... accepted 43. Emin=-0.09310966, Emax=65.35586677
realization 44 / 300 ... accepted 44. Emin=0.43158046, Emax=64.53370344
realization 45 / 300 ... accepted 45. Emin=-1.65790032, Emax=62.43181760
realization 46 / 300 ... accepted 46. Emin=-1.47993362, Emax=63.99508394
realization 47 / 300 ... accepted 47. Emin=-1.68704826, Emax=62.79361378
realization 48 / 300 ... accepted 48. Emin=-0.75346521, Emax=63.18346430
realization 49 / 300 ... accepted 49. Emin=-0.39017262, Emax=64.64253188
realization 50 / 300 ... accepted 50. Emin=-0.73409338, Emax=63.51924381
realization 51 / 300 ... accepted 51. Emin=-3.40971697, Emax=59.73620693
realization 52 / 300 ... accepted 52. Emin=0.93441977, Emax=65.48525170
realization 53 / 300 ... accepted 53. Emin=-1.70487523, Emax=62.72920562
realization 54 / 300 ... accepted 54. Emin=-1.59649814, Emax=63.10638846
realization 55 / 300 ... accepted 55. Emin=-1.52611567, Emax=62.09451457
realization 56 / 300 ... accepted 56. Emin=-1.85071652, Emax=62.22433480
realization 57 / 300 ... accepted 57. Emin=-2.78985116, Emax=61.46809081
realization 58 / 300 ... accepted 58. Emin=-2.68840147, Emax=61.67963839
realization 59 / 300 ... accepted 59. Emin=-2.38677779, Emax=62.22046952
realization 60 / 300 ... accepted 60. Emin=-0.54101935, Emax=63.81899363
realization 61 / 300 ... accepted 61. Emin=0.32764980, Emax=63.22333205
realization 62 / 300 ... accepted 62. Emin=-3.36136614, Emax=60.71075117
realization 63 / 300 ... accepted 63. Emin=-1.66910978, Emax=62.61872139
realization 64 / 300 ... accepted 64. Emin=-2.94808428, Emax=61.70805040
realization 65 / 300 ... accepted 65. Emin=-0.37578556, Emax=65.84487646
realization 66 / 300 ... accepted 66. Emin=1.26296631, Emax=65.61924047
realization 67 / 300 ... accepted 67. Emin=-1.67206375, Emax=62.73274749
realization 68 / 300 ... accepted 68. Emin=0.52885587, Emax=65.03993436
realization 69 / 300 ... accepted 69. Emin=0.17984352, Emax=65.41047136
realization 70 / 300 ... accepted 70. Emin=-0.32959315, Emax=63.81289398
realization 71 / 300 ... accepted 71. Emin=0.56699641, Emax=64.94140963
realization 72 / 300 ... accepted 72. Emin=-1.08614287, Emax=62.78923957
realization 73 / 300 ... accepted 73. Emin=-1.93296944, Emax=63.76153485
realization 74 / 300 ... accepted 74. Emin=-2.53762839, Emax=62.09328983
realization 75 / 300 ... accepted 75. Emin=-0.28794711, Emax=63.96150622
realization 76 / 300 ... accepted 76. Emin=-1.93009338, Emax=61.49133180
realization 77 / 300 ... accepted 77. Emin=-0.24623672, Emax=64.24457033
realization 78 / 300 ... accepted 78. Emin=-0.52753536, Emax=63.84802387
realization 79 / 300 ... accepted 79. Emin=-1.22254294, Emax=62.97499394
realization 80 / 300 ... accepted 80. Emin=-2.07637394, Emax=62.00700606
realization 81 / 300 ... accepted 81. Emin=0.30114505, Emax=63.14936568
realization 82 / 300 ... accepted 82. Emin=-1.48317341, Emax=63.64520303
realization 83 / 300 ... accepted 83. Emin=-2.37086017, Emax=61.57709762
realization 84 / 300 ... accepted 84. Emin=-1.91749999, Emax=62.78738255
realization 85 / 300 ... accepted 85. Emin=-0.16326416, Emax=63.01899785
realization 86 / 300 ... accepted 86. Emin=0.35101474, Emax=63.73577357
realization 87 / 300 ... accepted 87. Emin=-0.32459064, Emax=64.31201000
realization 88 / 300 ... accepted 88. Emin=-2.47310579, Emax=60.89661725
realization 89 / 300 ... accepted 89. Emin=1.25730834, Emax=64.89842371
realization 90 / 300 ... accepted 90. Emin=0.68371372, Emax=64.65766961
realization 91 / 300 ... accepted 91. Emin=2.57905023, Emax=66.28814747
realization 92 / 300 ... accepted 92. Emin=0.76316089, Emax=65.94871367
realization 93 / 300 ... accepted 93. Emin=-1.07956388, Emax=65.21092102
realization 94 / 300 ... accepted 94. Emin=-1.84934695, Emax=62.24594075
realization 95 / 300 ... accepted 95. Emin=-2.57680030, Emax=60.99120648
realization 96 / 300 ... accepted 96. Emin=-3.61964843, Emax=60.16257222
realization 97 / 300 ... accepted 97. Emin=-4.10206428, Emax=59.75695124
realization 98 / 300 ... accepted 98. Emin=-0.26674914, Emax=62.84926386
realization 99 / 300 ... accepted 99. Emin=1.96514329, Emax=65.62656644
realization 100 / 300 ... accepted 100. Emin=-3.84263774, Emax=58.52122286
realization 101 / 300 ... accepted 101. Emin=-0.88263184, Emax=63.89417356
realization 102 / 300 ... accepted 102. Emin=-0.36817372, Emax=64.59033225
realization 103 / 300 ... accepted 103. Emin=-1.61913913, Emax=62.88815327
realization 104 / 300 ... accepted 104. Emin=-0.13855395, Emax=65.64348818
realization 105 / 300 ... accepted 105. Emin=-0.52357522, Emax=64.11285384
realization 106 / 300 ... accepted 106. Emin=-0.84082594, Emax=63.57592295
realization 107 / 300 ... accepted 107. Emin=-1.88119092, Emax=62.24345816
realization 108 / 300 ... accepted 108. Emin=-0.51845791, Emax=62.36990764
realization 109 / 300 ... accepted 109. Emin=2.40786810, Emax=65.42952986
realization 110 / 300 ... accepted 110. Emin=-2.40959258, Emax=62.50665624
realization 111 / 300 ... accepted 111. Emin=-3.70309348, Emax=60.42329569
realization 112 / 300 ... accepted 112. Emin=-0.58184991, Emax=63.47101511
realization 113 / 300 ... accepted 113. Emin=-3.63105876, Emax=60.17118710
realization 114 / 300 ... accepted 114. Emin=1.92117775, Emax=65.38196821
realization 115 / 300 ... accepted 115. Emin=-2.30841590, Emax=63.00228381
realization 116 / 300 ... accepted 116. Emin=-3.01008005, Emax=59.78547126
realization 117 / 300 ... accepted 117. Emin=-2.88606036, Emax=61.34500087
realization 118 / 300 ... accepted 118. Emin=-2.39935367, Emax=60.85405772
realization 119 / 300 ... accepted 119. Emin=-2.51076971, Emax=61.36377104
realization 120 / 300 ... accepted 120. Emin=-0.26441574, Emax=63.62813967
realization 121 / 300 ... accepted 121. Emin=0.59904427, Emax=65.21148712
realization 122 / 300 ... accepted 122. Emin=-2.04315182, Emax=62.53425710
realization 123 / 300 ... accepted 123. Emin=-0.97914593, Emax=63.93845628
realization 124 / 300 ... accepted 124. Emin=-2.46900986, Emax=62.37068250
realization 125 / 300 ... accepted 125. Emin=-1.31619635, Emax=63.27403716
realization 126 / 300 ... accepted 126. Emin=-1.00086698, Emax=63.79352141
realization 127 / 300 ... accepted 127. Emin=0.87179232, Emax=64.82349962
realization 128 / 300 ... accepted 128. Emin=-1.25302659, Emax=61.79240596
realization 129 / 300 ... accepted 129. Emin=1.12026337, Emax=65.36955854
realization 130 / 300 ... accepted 130. Emin=-0.93775435, Emax=64.16300086
realization 131 / 300 ... accepted 131. Emin=0.30324359, Emax=64.01931953
realization 132 / 300 ... accepted 132. Emin=-2.31565746, Emax=61.09763348
realization 133 / 300 ... accepted 133. Emin=-0.00196583, Emax=63.92142353
realization 134 / 300 ... accepted 134. Emin=-1.00083683, Emax=63.02369805
realization 135 / 300 ... accepted 135. Emin=0.34399345, Emax=63.71213238
realization 136 / 300 ... accepted 136. Emin=-0.69843518, Emax=63.99749395
realization 137 / 300 ... accepted 137. Emin=-0.45109205, Emax=63.34258446
realization 138 / 300 ... accepted 138. Emin=-1.43873201, Emax=62.49638225
realization 139 / 300 ... accepted 139. Emin=-2.40958409, Emax=61.88998742
realization 140 / 300 ... accepted 140. Emin=-3.08085384, Emax=61.95741131
realization 141 / 300 ... accepted 141. Emin=2.23124165, Emax=65.62098303
realization 142 / 300 ... accepted 142. Emin=-2.26914876, Emax=62.12025832
realization 143 / 300 ... accepted 143. Emin=-2.45867066, Emax=62.20505783
realization 144 / 300 ... accepted 144. Emin=-0.10089744, Emax=64.04957090
realization 145 / 300 ... accepted 145. Emin=-0.43690147, Emax=64.05503322
realization 146 / 300 ... accepted 146. Emin=1.37045545, Emax=65.72152341
realization 147 / 300 ... accepted 147. Emin=-2.17981737, Emax=62.60950163
realization 148 / 300 ... accepted 148. Emin=-3.61976402, Emax=60.27825471
realization 149 / 300 ... accepted 149. Emin=-1.55147945, Emax=62.89843527
realization 150 / 300 ... accepted 150. Emin=-0.28244958, Emax=63.19505160
realization 151 / 300 ... accepted 151. Emin=-0.57909509, Emax=63.96240911
realization 152 / 300 ... accepted 152. Emin=-1.96660219, Emax=63.25782211
realization 153 / 300 ... accepted 153. Emin=-2.04182341, Emax=61.44726276
realization 154 / 300 ... accepted 154. Emin=-1.74393300, Emax=61.61689154
realization 155 / 300 ... accepted 155. Emin=0.86667037, Emax=64.82605606
realization 156 / 300 ... accepted 156. Emin=-0.65727211, Emax=63.04254874
realization 157 / 300 ... accepted 157. Emin=-1.80550947, Emax=61.73160955
realization 158 / 300 ... accepted 158. Emin=-2.03270294, Emax=62.30927043
realization 159 / 300 ... accepted 159. Emin=0.33452563, Emax=64.11772765
realization 160 / 300 ... accepted 160. Emin=-1.62541098, Emax=61.94223155
realization 161 / 300 ... accepted 161. Emin=-3.43010982, Emax=60.59512650
realization 162 / 300 ... accepted 162. Emin=-1.40260357, Emax=62.66408050
realization 163 / 300 ... accepted 163. Emin=-0.97776323, Emax=63.22400628
realization 164 / 300 ... accepted 164. Emin=-3.27458013, Emax=61.78960495
realization 165 / 300 ... accepted 165. Emin=0.15637646, Emax=65.67782132
realization 166 / 300 ... accepted 166. Emin=-2.80040589, Emax=61.11991957
realization 167 / 300 ... accepted 167. Emin=-0.85555859, Emax=64.35538687
realization 168 / 300 ... accepted 168. Emin=-1.25905446, Emax=63.02135802
realization 169 / 300 ... accepted 169. Emin=-3.48944389, Emax=59.74441725
realization 170 / 300 ... accepted 170. Emin=-0.65317313, Emax=63.88710745
realization 171 / 300 ... accepted 171. Emin=-2.06707087, Emax=63.00968340
realization 172 / 300 ... accepted 172. Emin=-1.58179457, Emax=62.49909108
realization 173 / 300 ... accepted 173. Emin=-0.56268471, Emax=64.50601749
realization 174 / 300 ... accepted 174. Emin=-1.37509159, Emax=62.95572211
realization 175 / 300 ... accepted 175. Emin=-2.11412679, Emax=62.05523863
realization 176 / 300 ... accepted 176. Emin=1.45904065, Emax=65.24862041
realization 177 / 300 ... accepted 177. Emin=-1.83379460, Emax=64.33626395
realization 178 / 300 ... accepted 178. Emin=-1.68514317, Emax=62.76475268
realization 179 / 300 ... accepted 179. Emin=-1.43098328, Emax=64.04120352
realization 180 / 300 ... accepted 180. Emin=-3.12464673, Emax=60.61512095
realization 181 / 300 ... accepted 181. Emin=-2.84099448, Emax=60.65810314
realization 182 / 300 ... accepted 182. Emin=-1.42232519, Emax=63.36459479
realization 183 / 300 ... accepted 183. Emin=0.65924229, Emax=64.17470002
realization 184 / 300 ... accepted 184. Emin=-1.24781367, Emax=63.01412364
realization 185 / 300 ... accepted 185. Emin=-1.84365377, Emax=62.73927206
realization 186 / 300 ... accepted 186. Emin=-1.58810325, Emax=62.70514621
realization 187 / 300 ... accepted 187. Emin=0.01931923, Emax=63.99243311
realization 188 / 300 ... accepted 188. Emin=0.72266166, Emax=64.42579575
realization 189 / 300 ... accepted 189. Emin=-1.50850150, Emax=63.61893284
realization 190 / 300 ... accepted 190. Emin=-3.57235376, Emax=60.87707461
realization 191 / 300 ... accepted 191. Emin=-0.09498985, Emax=65.12746985
realization 192 / 300 ... accepted 192. Emin=-2.62236368, Emax=61.56886961
realization 193 / 300 ... accepted 193. Emin=-2.35998874, Emax=60.99320042
realization 194 / 300 ... accepted 194. Emin=0.51080861, Emax=64.93371112
realization 195 / 300 ... accepted 195. Emin=-0.54001929, Emax=63.10836322
realization 196 / 300 ... accepted 196. Emin=-1.66179756, Emax=62.71931614
realization 197 / 300 ... accepted 197. Emin=-1.84509122, Emax=62.39670418
realization 198 / 300 ... accepted 198. Emin=-4.73029950, Emax=58.73417040
realization 199 / 300 ... accepted 199. Emin=-2.26523567, Emax=60.91423920
realization 200 / 300 ... accepted 200. Emin=-2.43853042, Emax=61.73362833
realization 201 / 300 ... accepted 201. Emin=-5.19513962, Emax=58.24599986
realization 202 / 300 ... accepted 202. Emin=1.47447752, Emax=66.11781292
realization 203 / 300 ... accepted 203. Emin=-0.06241149, Emax=63.59227873
realization 204 / 300 ... accepted 204. Emin=-0.53282802, Emax=63.50676077
realization 205 / 300 ... accepted 205. Emin=-0.51311128, Emax=63.26011490
realization 206 / 300 ... accepted 206. Emin=-1.29005657, Emax=63.94989974
realization 207 / 300 ... accepted 207. Emin=-1.15536460, Emax=64.92211933
realization 208 / 300 ... accepted 208. Emin=2.91153796, Emax=65.81204944
realization 209 / 300 ... accepted 209. Emin=-0.35660015, Emax=62.42947703
realization 210 / 300 ... accepted 210. Emin=0.33072786, Emax=63.12306808
realization 211 / 300 ... accepted 211. Emin=0.07793348, Emax=63.31179603
realization 212 / 300 ... accepted 212. Emin=-3.32260462, Emax=60.34095013
realization 213 / 300 ... accepted 213. Emin=-1.50942368, Emax=63.23378169
realization 214 / 300 ... accepted 214. Emin=-0.44596929, Emax=65.23151841
realization 215 / 300 ... accepted 215. Emin=0.86056934, Emax=64.98817769
realization 216 / 300 ... accepted 216. Emin=-2.01722342, Emax=62.55326058
realization 217 / 300 ... accepted 217. Emin=-2.63621671, Emax=62.30446736
realization 218 / 300 ... accepted 218. Emin=-1.32446162, Emax=62.76221364
realization 219 / 300 ... accepted 219. Emin=-2.77718396, Emax=62.50171916
realization 220 / 300 ... accepted 220. Emin=-3.18466147, Emax=61.10644052
realization 221 / 300 ... accepted 221. Emin=-0.29846802, Emax=64.68288655
realization 222 / 300 ... accepted 222. Emin=-2.74454279, Emax=61.31460360
realization 223 / 300 ... accepted 223. Emin=0.20682237, Emax=64.10407152
realization 224 / 300 ... accepted 224. Emin=0.81831972, Emax=64.67992445
realization 225 / 300 ... accepted 225. Emin=-1.34306526, Emax=62.26199511
realization 226 / 300 ... accepted 226. Emin=0.84160289, Emax=64.77814852
realization 227 / 300 ... accepted 227. Emin=0.14355933, Emax=64.13524852
realization 228 / 300 ... accepted 228. Emin=-1.26687413, Emax=62.28985212
realization 229 / 300 ... accepted 229. Emin=-5.48993153, Emax=57.08297996
realization 230 / 300 ... accepted 230. Emin=-3.03837561, Emax=60.83566874
realization 231 / 300 ... accepted 231. Emin=1.01908656, Emax=65.65050325
realization 232 / 300 ... accepted 232. Emin=-2.75284951, Emax=60.15451187
realization 233 / 300 ... accepted 233. Emin=-1.85909597, Emax=62.35235305
realization 234 / 300 ... accepted 234. Emin=-1.11650519, Emax=64.03351827
realization 235 / 300 ... accepted 235. Emin=-2.20221797, Emax=62.52680832
realization 236 / 300 ... accepted 236. Emin=-1.48100555, Emax=62.77956388
realization 237 / 300 ... accepted 237. Emin=-3.34332504, Emax=59.64340610
realization 238 / 300 ... accepted 238. Emin=-1.85709622, Emax=63.00698670
realization 239 / 300 ... accepted 239. Emin=-0.03682378, Emax=64.91249405
realization 240 / 300 ... accepted 240. Emin=0.94304789, Emax=64.89189128
realization 241 / 300 ... accepted 241. Emin=-0.32193689, Emax=64.14035492
realization 242 / 300 ... accepted 242. Emin=-2.97161816, Emax=60.38299218
realization 243 / 300 ... accepted 243. Emin=0.71912970, Emax=64.87108107
realization 244 / 300 ... accepted 244. Emin=-1.03105176, Emax=63.47120873
realization 245 / 300 ... accepted 245. Emin=-3.06608480, Emax=61.20940889
realization 246 / 300 ... accepted 246. Emin=-4.60023763, Emax=57.94153592
realization 247 / 300 ... accepted 247. Emin=-0.82076384, Emax=64.45499393
realization 248 / 300 ... accepted 248. Emin=0.78131841, Emax=65.64116697
realization 249 / 300 ... accepted 249. Emin=-2.70741617, Emax=60.80395763
realization 250 / 300 ... accepted 250. Emin=-3.33479074, Emax=60.87822245
realization 251 / 300 ... accepted 251. Emin=-1.60821003, Emax=63.17088721
realization 252 / 300 ... accepted 252. Emin=-1.78778271, Emax=62.90326818
realization 253 / 300 ... accepted 253. Emin=-2.21382667, Emax=63.63715513
realization 254 / 300 ... accepted 254. Emin=-1.12959510, Emax=61.51896138
realization 255 / 300 ... accepted 255. Emin=-2.29644242, Emax=63.45907936
realization 256 / 300 ... accepted 256. Emin=-0.18734699, Emax=63.66019740
realization 257 / 300 ... accepted 257. Emin=-2.30074851, Emax=61.59764614
realization 258 / 300 ... accepted 258. Emin=-1.21337123, Emax=63.44013238
realization 259 / 300 ... accepted 259. Emin=-1.75155212, Emax=62.18205374
realization 260 / 300 ... accepted 260. Emin=-1.97754307, Emax=62.17837726
realization 261 / 300 ... accepted 261. Emin=-3.10279082, Emax=60.61058282
realization 262 / 300 ... accepted 262. Emin=-1.91074301, Emax=61.53767220
realization 263 / 300 ... accepted 263. Emin=-1.05039785, Emax=62.45460467
realization 264 / 300 ... accepted 264. Emin=-0.38371601, Emax=62.98659168
realization 265 / 300 ... accepted 265. Emin=-1.89230125, Emax=63.50989609
realization 266 / 300 ... accepted 266. Emin=-3.83221371, Emax=59.79611650
realization 267 / 300 ... accepted 267. Emin=-0.69198931, Emax=62.47296501
realization 268 / 300 ... accepted 268. Emin=-1.45508999, Emax=63.36379937
realization 269 / 300 ... accepted 269. Emin=-2.11993080, Emax=61.44104783
realization 270 / 300 ... accepted 270. Emin=-2.47641857, Emax=62.31593657
realization 271 / 300 ... accepted 271. Emin=-0.62209070, Emax=63.89604295
realization 272 / 300 ... accepted 272. Emin=-1.49935181, Emax=63.01251832
realization 273 / 300 ... accepted 273. Emin=-0.82418936, Emax=63.81457447
realization 274 / 300 ... accepted 274. Emin=-0.21155906, Emax=65.11292909
realization 275 / 300 ... accepted 275. Emin=-0.25897583, Emax=63.41728998
realization 276 / 300 ... accepted 276. Emin=0.60911933, Emax=64.46991788
realization 277 / 300 ... accepted 277. Emin=-1.50445204, Emax=63.59814042
realization 278 / 300 ... accepted 278. Emin=-1.06244349, Emax=62.84360392
realization 279 / 300 ... accepted 279. Emin=0.05501002, Emax=64.38822076
realization 280 / 300 ... accepted 280. Emin=-1.64291145, Emax=62.77479376
realization 281 / 300 ... accepted 281. Emin=-3.04963973, Emax=61.18462184
realization 282 / 300 ... accepted 282. Emin=-0.19438065, Emax=62.90092635
realization 283 / 300 ... accepted 283. Emin=-0.83991229, Emax=64.55574828
realization 284 / 300 ... accepted 284. Emin=0.57371839, Emax=65.12884546
realization 285 / 300 ... accepted 285. Emin=-2.95942064, Emax=60.96605293
realization 286 / 300 ... accepted 286. Emin=-1.24602308, Emax=64.36915200
realization 287 / 300 ... accepted 287. Emin=-1.88325498, Emax=62.87885955
realization 288 / 300 ... accepted 288. Emin=-1.46711553, Emax=62.98829774
realization 289 / 300 ... accepted 289. Emin=-1.48709554, Emax=63.98877735
realization 290 / 300 ... accepted 290. Emin=-1.22671317, Emax=63.05037792
realization 291 / 300 ... accepted 291. Emin=0.08609245, Emax=63.99030836
realization 292 / 300 ... accepted 292. Emin=-2.43185861, Emax=62.57933497
realization 293 / 300 ... accepted 293. Emin=0.26363018, Emax=65.29085048
realization 294 / 300 ... accepted 294. Emin=-2.82327191, Emax=61.32985155
realization 295 / 300 ... accepted 295. Emin=-1.75147706, Emax=61.71507915
realization 296 / 300 ... accepted 296. Emin=-3.16844800, Emax=60.19381430
realization 297 / 300 ... accepted 297. Emin=1.53774422, Emax=65.16590517
realization 298 / 300 ... accepted 298. Emin=-3.47656427, Emax=60.75186377
realization 299 / 300 ... accepted 299. Emin=-0.47319496, Emax=63.08785869
realization 300 / 300 ... accepted 300. Emin=-2.03554937, Emax=62.47295583
Saved final energies: /home/2/kj405942/POLFED_bosons/pbs_bose_legacy_nmax2_periodic/data/U_10/W_1/L_6/N_6_nmax_2/boundary_periodic/energies_full_U10_L6_N6_nmax2_W1_boundaryperiodic_nreal300.txt
Accepted realizations: 300 / 300
Skipped realizations: 0
Job finished at Sun May 31 17:11:50 UTC 2026
