Job started on w30 at Sun May 31 17:10:35 UTC 2026
PBS_JOBID=7731440.kruk-host.ift-klaster.lan
PBS_O_WORKDIR=/home/2/kj405942/POLFED_bosons
Bose-Hubbard: L=6, N=6, nmax=2, dim=141
t=1, U=10, W=11, nreal=300, boundary=periodic, mode=full
Writing partial results to /home/2/kj405942/POLFED_bosons/pbs_bose_legacy_nmax2_periodic/data/U_10/W_11/L_6/N_6_nmax_2/boundary_periodic/energies_full_U10_L6_N6_nmax2_W11_boundaryperiodic_nreal300_partial.txt
realization 1 / 300 ... accepted 1. Emin=31.86375986, Emax=109.95028163
realization 2 / 300 ... accepted 2. Emin=-7.67239081, Emax=73.33796976
realization 3 / 300 ... accepted 3. Emin=3.67422297, Emax=88.06886801
realization 4 / 300 ... accepted 4. Emin=0.15798227, Emax=87.12370703
realization 5 / 300 ... accepted 5. Emin=-17.88554546, Emax=62.28844411
realization 6 / 300 ... accepted 6. Emin=0.25151938, Emax=83.48013576
realization 7 / 300 ... accepted 7. Emin=-34.74273159, Emax=44.95138459
realization 8 / 300 ... accepted 8. Emin=6.19736925, Emax=93.76727037
realization 9 / 300 ... accepted 9. Emin=-17.63664834, Emax=75.57327880
realization 10 / 300 ... accepted 10. Emin=24.62093796, Emax=118.83792387
realization 11 / 300 ... accepted 11. Emin=-1.57004877, Emax=97.13482611
realization 12 / 300 ... accepted 12. Emin=-17.13650380, Emax=82.90333734
realization 13 / 300 ... accepted 13. Emin=24.82012063, Emax=113.01320432
realization 14 / 300 ... accepted 14. Emin=-7.76985534, Emax=73.25881672
realization 15 / 300 ... accepted 15. Emin=18.26120678, Emax=116.92904135
realization 16 / 300 ... accepted 16. Emin=33.87548192, Emax=111.47668000
realization 17 / 300 ... accepted 17. Emin=-7.13629808, Emax=74.87360773
realization 18 / 300 ... accepted 18. Emin=11.63940613, Emax=112.53741544
realization 19 / 300 ... accepted 19. Emin=8.62172121, Emax=95.15803330
realization 20 / 300 ... accepted 20. Emin=-8.59441137, Emax=78.83939853
realization 21 / 300 ... accepted 21. Emin=10.18908150, Emax=104.44577087
realization 22 / 300 ... accepted 22. Emin=-7.26766545, Emax=78.79478668
realization 23 / 300 ... accepted 23. Emin=-27.62065809, Emax=66.00943736
realization 24 / 300 ... accepted 24. Emin=-1.45785408, Emax=86.25890171
realization 25 / 300 ... accepted 25. Emin=21.73124943, Emax=117.59111863
realization 26 / 300 ... accepted 26. Emin=10.16284276, Emax=107.44661600
realization 27 / 300 ... accepted 27. Emin=-7.00506132, Emax=90.40707507
realization 28 / 300 ... accepted 28. Emin=-24.39049816, Emax=59.16752677
realization 29 / 300 ... accepted 29. Emin=4.38484090, Emax=92.84685991
realization 30 / 300 ... accepted 30. Emin=10.32586400, Emax=108.32310684
realization 31 / 300 ... accepted 31. Emin=-12.48754939, Emax=85.23209647
realization 32 / 300 ... accepted 32. Emin=0.54443553, Emax=79.73130668
realization 33 / 300 ... accepted 33. Emin=-18.57211682, Emax=66.28411379
realization 34 / 300 ... accepted 34. Emin=9.70052410, Emax=100.83948886
realization 35 / 300 ... accepted 35. Emin=16.43297018, Emax=115.34542004
realization 36 / 300 ... accepted 36. Emin=1.35515006, Emax=85.78446290
realization 37 / 300 ... accepted 37. Emin=-13.60648564, Emax=71.97984672
realization 38 / 300 ... accepted 38. Emin=-6.32977244, Emax=75.47182065
realization 39 / 300 ... accepted 39. Emin=8.95772052, Emax=93.24631109
realization 40 / 300 ... accepted 40. Emin=-31.13525405, Emax=41.53779560
realization 41 / 300 ... accepted 41. Emin=-13.99125592, Emax=85.92391314
realization 42 / 300 ... accepted 42. Emin=11.39262867, Emax=96.21061459
realization 43 / 300 ... accepted 43. Emin=-13.32757791, Emax=96.24803106
realization 44 / 300 ... accepted 44. Emin=0.84557626, Emax=99.49039372
realization 45 / 300 ... accepted 45. Emin=-9.00136150, Emax=69.13892298
realization 46 / 300 ... accepted 46. Emin=25.19388184, Emax=105.12190833
realization 47 / 300 ... accepted 47. Emin=-8.73646866, Emax=84.24046170
realization 48 / 300 ... accepted 48. Emin=17.25175768, Emax=109.47029191
realization 49 / 300 ... accepted 49. Emin=18.97287182, Emax=96.63653129
realization 50 / 300 ... accepted 50. Emin=-12.28539514, Emax=73.80801951
realization 51 / 300 ... accepted 51. Emin=-18.63100972, Emax=73.36877232
realization 52 / 300 ... accepted 52. Emin=7.64888403, Emax=97.97451151
realization 53 / 300 ... accepted 53. Emin=35.63484262, Emax=118.52100563
realization 54 / 300 ... accepted 54. Emin=-19.45101604, Emax=66.86009560
realization 55 / 300 ... accepted 55. Emin=11.67684697, Emax=102.29731786
realization 56 / 300 ... accepted 56. Emin=-4.98625924, Emax=98.86017559
realization 57 / 300 ... accepted 57. Emin=9.21625696, Emax=93.76122464
realization 58 / 300 ... accepted 58. Emin=27.83710228, Emax=107.11702010
realization 59 / 300 ... accepted 59. Emin=-16.30526272, Emax=76.27866091
realization 60 / 300 ... accepted 60. Emin=-26.48899782, Emax=47.13835785
realization 61 / 300 ... accepted 61. Emin=-3.35808908, Emax=98.01111921
realization 62 / 300 ... accepted 62. Emin=-33.54661077, Emax=48.97059343
realization 63 / 300 ... accepted 63. Emin=-0.86004251, Emax=106.83397699
realization 64 / 300 ... accepted 64. Emin=-15.12538959, Emax=72.46423650
realization 65 / 300 ... accepted 65. Emin=25.62103173, Emax=116.68685466
realization 66 / 300 ... accepted 66. Emin=-5.17743194, Emax=76.69768281
realization 67 / 300 ... accepted 67. Emin=27.94242426, Emax=107.75875274
realization 68 / 300 ... accepted 68. Emin=44.58036391, Emax=113.84725024
realization 69 / 300 ... accepted 69. Emin=-2.94696863, Emax=85.82897066
realization 70 / 300 ... accepted 70. Emin=-10.94169775, Emax=65.01224557
realization 71 / 300 ... accepted 71. Emin=18.34848132, Emax=101.75267623
realization 72 / 300 ... accepted 72. Emin=-1.35806946, Emax=82.67620303
realization 73 / 300 ... accepted 73. Emin=-14.40827556, Emax=81.83240056
realization 74 / 300 ... accepted 74. Emin=12.12971896, Emax=110.09223991
realization 75 / 300 ... accepted 75. Emin=-26.69369345, Emax=63.71995610
realization 76 / 300 ... accepted 76. Emin=3.06000228, Emax=84.86101389
realization 77 / 300 ... accepted 77. Emin=-8.34074857, Emax=79.29130812
realization 78 / 300 ... accepted 78. Emin=-13.45968598, Emax=70.48032701
realization 79 / 300 ... accepted 79. Emin=19.10418508, Emax=118.47582317
realization 80 / 300 ... accepted 80. Emin=-18.22800270, Emax=72.21446154
realization 81 / 300 ... accepted 81. Emin=21.27674957, Emax=103.58622022
realization 82 / 300 ... accepted 82. Emin=-18.37935143, Emax=79.95397121
realization 83 / 300 ... accepted 83. Emin=2.18203673, Emax=97.19279114
realization 84 / 300 ... accepted 84. Emin=22.91322304, Emax=99.71085661
realization 85 / 300 ... accepted 85. Emin=21.44751228, Emax=103.65061350
realization 86 / 300 ... accepted 86. Emin=-42.23648776, Emax=28.44223965
realization 87 / 300 ... accepted 87. Emin=9.84840365, Emax=99.06259615
realization 88 / 300 ... accepted 88. Emin=3.74408440, Emax=97.13405902
realization 89 / 300 ... accepted 89. Emin=3.41076569, Emax=91.56534584
realization 90 / 300 ... accepted 90. Emin=-4.27850909, Emax=85.34442936
realization 91 / 300 ... accepted 91. Emin=-10.91724866, Emax=95.83968642
realization 92 / 300 ... accepted 92. Emin=27.44693371, Emax=121.05853632
realization 93 / 300 ... accepted 93. Emin=-16.58195872, Emax=71.03065298
realization 94 / 300 ... accepted 94. Emin=-15.07244254, Emax=78.34316683
realization 95 / 300 ... accepted 95. Emin=22.28884068, Emax=109.66151739
realization 96 / 300 ... accepted 96. Emin=18.39063907, Emax=110.26521406
realization 97 / 300 ... accepted 97. Emin=5.41791048, Emax=97.06840870
realization 98 / 300 ... accepted 98. Emin=8.59395488, Emax=104.42001196
realization 99 / 300 ... accepted 99. Emin=11.52483731, Emax=115.31538624
realization 100 / 300 ... accepted 100. Emin=30.76374884, Emax=121.05141235
realization 101 / 300 ... accepted 101. Emin=1.42945486, Emax=98.00241149
realization 102 / 300 ... accepted 102. Emin=24.24641396, Emax=102.85383637
realization 103 / 300 ... accepted 103. Emin=-10.29675735, Emax=74.70816538
realization 104 / 300 ... accepted 104. Emin=-40.45438602, Emax=37.22111305
realization 105 / 300 ... accepted 105. Emin=29.77516635, Emax=121.44354799
realization 106 / 300 ... accepted 106. Emin=-4.43890665, Emax=81.02145410
realization 107 / 300 ... accepted 107. Emin=-14.30886004, Emax=72.74790612
realization 108 / 300 ... accepted 108. Emin=6.24431633, Emax=98.89536583
realization 109 / 300 ... accepted 109. Emin=-19.40078878, Emax=78.35236590
realization 110 / 300 ... accepted 110. Emin=-10.50758948, Emax=79.74838029
realization 111 / 300 ... accepted 111. Emin=-8.03693432, Emax=84.31864704
realization 112 / 300 ... accepted 112. Emin=1.51323875, Emax=81.20159329
realization 113 / 300 ... accepted 113. Emin=21.71917376, Emax=110.00166888
realization 114 / 300 ... accepted 114. Emin=-4.45506123, Emax=78.56964379
realization 115 / 300 ... accepted 115. Emin=1.81792998, Emax=108.58609226
realization 116 / 300 ... accepted 116. Emin=-19.43884383, Emax=55.02994997
realization 117 / 300 ... accepted 117. Emin=5.65316127, Emax=87.00274425
realization 118 / 300 ... accepted 118. Emin=4.16652548, Emax=106.87226699
realization 119 / 300 ... accepted 119. Emin=18.44647291, Emax=107.89538013
realization 120 / 300 ... accepted 120. Emin=-9.54303019, Emax=69.19010828
realization 121 / 300 ... accepted 121. Emin=3.32228986, Emax=108.42214874
realization 122 / 300 ... accepted 122. Emin=-18.19840603, Emax=65.51129329
realization 123 / 300 ... accepted 123. Emin=-11.77705244, Emax=82.80294307
realization 124 / 300 ... accepted 124. Emin=-12.66188982, Emax=95.87263453
realization 125 / 300 ... accepted 125. Emin=5.57987948, Emax=100.41796245
realization 126 / 300 ... accepted 126. Emin=-9.40903681, Emax=73.57031335
realization 127 / 300 ... accepted 127. Emin=-28.09699346, Emax=65.97105136
realization 128 / 300 ... accepted 128. Emin=13.92151294, Emax=108.92344235
realization 129 / 300 ... accepted 129. Emin=-5.64522963, Emax=94.66843754
realization 130 / 300 ... accepted 130. Emin=15.24632518, Emax=109.37953308
realization 131 / 300 ... accepted 131. Emin=-17.34689545, Emax=82.91152936
realization 132 / 300 ... accepted 132. Emin=27.68428487, Emax=109.71301913
realization 133 / 300 ... accepted 133. Emin=6.25584310, Emax=115.38480434
realization 134 / 300 ... accepted 134. Emin=8.48219795, Emax=97.80959267
realization 135 / 300 ... accepted 135. Emin=22.71683336, Emax=112.55267397
realization 136 / 300 ... accepted 136. Emin=-34.97907696, Emax=38.73853214
realization 137 / 300 ... accepted 137. Emin=15.75990115, Emax=105.33726601
realization 138 / 300 ... accepted 138. Emin=7.50215081, Emax=109.45884424
realization 139 / 300 ... accepted 139. Emin=-3.21546741, Emax=101.27042221
realization 140 / 300 ... accepted 140. Emin=28.32173704, Emax=117.46796265
realization 141 / 300 ... accepted 141. Emin=-2.39471779, Emax=76.92758942
realization 142 / 300 ... accepted 142. Emin=-0.14437676, Emax=75.82506190
realization 143 / 300 ... accepted 143. Emin=-3.47924997, Emax=91.32314481
realization 144 / 300 ... accepted 144. Emin=5.57732801, Emax=100.16838148
realization 145 / 300 ... accepted 145. Emin=-19.25750846, Emax=71.84358571
realization 146 / 300 ... accepted 146. Emin=7.22563140, Emax=108.15163634
realization 147 / 300 ... accepted 147. Emin=-11.46948604, Emax=71.74381682
realization 148 / 300 ... accepted 148. Emin=-3.58163946, Emax=88.17368751
realization 149 / 300 ... accepted 149. Emin=13.48512051, Emax=115.23927997
realization 150 / 300 ... accepted 150. Emin=21.78093670, Emax=113.21327987
realization 151 / 300 ... accepted 151. Emin=-12.17673099, Emax=70.32988047
realization 152 / 300 ... accepted 152. Emin=6.21084960, Emax=110.20176117
realization 153 / 300 ... accepted 153. Emin=-15.22936744, Emax=72.63273732
realization 154 / 300 ... accepted 154. Emin=-27.70098193, Emax=55.70315417
realization 155 / 300 ... accepted 155. Emin=39.73644936, Emax=108.27041360
realization 156 / 300 ... accepted 156. Emin=10.63541946, Emax=98.49628899
realization 157 / 300 ... accepted 157. Emin=-27.08223798, Emax=56.72429572
realization 158 / 300 ... accepted 158. Emin=-14.73925230, Emax=65.67301899
realization 159 / 300 ... accepted 159. Emin=-15.71652679, Emax=88.14719131
realization 160 / 300 ... accepted 160. Emin=-5.13240254, Emax=81.40096903
realization 161 / 300 ... accepted 161. Emin=18.88979948, Emax=119.84034874
realization 162 / 300 ... accepted 162. Emin=6.13178797, Emax=107.62424143
realization 163 / 300 ... accepted 163. Emin=-5.92125445, Emax=103.87495218
realization 164 / 300 ... accepted 164. Emin=-1.00772252, Emax=75.79988656
realization 165 / 300 ... accepted 165. Emin=8.15732397, Emax=93.03673363
realization 166 / 300 ... accepted 166. Emin=20.45848956, Emax=100.28476385
realization 167 / 300 ... accepted 167. Emin=2.81788439, Emax=105.77769289
realization 168 / 300 ... accepted 168. Emin=-3.80127154, Emax=80.19296322
realization 169 / 300 ... accepted 169. Emin=-17.32256461, Emax=72.51174880
realization 170 / 300 ... accepted 170. Emin=-5.63874732, Emax=79.96568810
realization 171 / 300 ... accepted 171. Emin=-3.71744558, Emax=93.30820549
realization 172 / 300 ... accepted 172. Emin=-17.09019824, Emax=67.14552460
realization 173 / 300 ... accepted 173. Emin=16.20055139, Emax=122.87371518
realization 174 / 300 ... accepted 174. Emin=-37.08297936, Emax=45.03382156
realization 175 / 300 ... accepted 175. Emin=-7.20949582, Emax=92.99003613
realization 176 / 300 ... accepted 176. Emin=-0.68382103, Emax=84.44683281
realization 177 / 300 ... accepted 177. Emin=4.40584378, Emax=108.01517386
realization 178 / 300 ... accepted 178. Emin=-7.79387506, Emax=85.62019593
realization 179 / 300 ... accepted 179. Emin=-0.96055715, Emax=92.24331664
realization 180 / 300 ... accepted 180. Emin=24.02898639, Emax=112.43262613
realization 181 / 300 ... accepted 181. Emin=-12.69391363, Emax=74.07166357
realization 182 / 300 ... accepted 182. Emin=-21.20913614, Emax=61.26622627
realization 183 / 300 ... accepted 183. Emin=14.40264410, Emax=106.98943032
realization 184 / 300 ... accepted 184. Emin=14.28746284, Emax=115.23033656
realization 185 / 300 ... accepted 185. Emin=-5.65810230, Emax=81.00903933
realization 186 / 300 ... accepted 186. Emin=-16.56746405, Emax=72.19221623
realization 187 / 300 ... accepted 187. Emin=-18.60367606, Emax=78.78971528
realization 188 / 300 ... accepted 188. Emin=-25.91613330, Emax=70.28528741
realization 189 / 300 ... accepted 189. Emin=-9.94415440, Emax=94.23122113
realization 190 / 300 ... accepted 190. Emin=-8.71950237, Emax=77.22566534
realization 191 / 300 ... accepted 191. Emin=16.94241801, Emax=96.68810623
realization 192 / 300 ... accepted 192. Emin=-18.13616858, Emax=80.07997660
realization 193 / 300 ... accepted 193. Emin=20.89994355, Emax=105.10170141
realization 194 / 300 ... accepted 194. Emin=-16.71827629, Emax=69.11294414
realization 195 / 300 ... accepted 195. Emin=-8.93068234, Emax=88.43070747
realization 196 / 300 ... accepted 196. Emin=8.68174203, Emax=110.39848161
realization 197 / 300 ... accepted 197. Emin=-34.31345253, Emax=43.31529790
realization 198 / 300 ... accepted 198. Emin=17.29324140, Emax=116.07493429
realization 199 / 300 ... accepted 199. Emin=18.22170722, Emax=115.08950007
realization 200 / 300 ... accepted 200. Emin=-5.99772123, Emax=71.52099080
realization 201 / 300 ... accepted 201. Emin=5.62339857, Emax=105.89855012
realization 202 / 300 ... accepted 202. Emin=27.12497922, Emax=100.34442848
realization 203 / 300 ... accepted 203. Emin=7.81900879, Emax=86.03651005
realization 204 / 300 ... accepted 204. Emin=24.81704838, Emax=115.11512419
realization 205 / 300 ... accepted 205. Emin=-14.16155954, Emax=69.63073462
realization 206 / 300 ... accepted 206. Emin=-18.55307294, Emax=66.70356474
realization 207 / 300 ... accepted 207. Emin=3.67379256, Emax=87.30759376
realization 208 / 300 ... accepted 208. Emin=17.50292140, Emax=108.83835573
realization 209 / 300 ... accepted 209. Emin=-23.75625917, Emax=62.08162601
realization 210 / 300 ... accepted 210. Emin=16.93466963, Emax=96.76912186
realization 211 / 300 ... accepted 211. Emin=-5.73091445, Emax=95.58394632
realization 212 / 300 ... accepted 212. Emin=11.51257550, Emax=105.67553815
realization 213 / 300 ... accepted 213. Emin=25.89778096, Emax=102.19330108
realization 214 / 300 ... accepted 214. Emin=-13.38897927, Emax=79.98381459
realization 215 / 300 ... accepted 215. Emin=-10.08241457, Emax=71.40846972
realization 216 / 300 ... accepted 216. Emin=-17.09879753, Emax=64.63266751
realization 217 / 300 ... accepted 217. Emin=-30.84101720, Emax=42.62031178
realization 218 / 300 ... accepted 218. Emin=4.08955788, Emax=97.18030677
realization 219 / 300 ... accepted 219. Emin=16.99489872, Emax=107.71841553
realization 220 / 300 ... accepted 220. Emin=5.62431449, Emax=88.47620366
realization 221 / 300 ... accepted 221. Emin=-31.84145246, Emax=46.50723077
realization 222 / 300 ... accepted 222. Emin=3.50745918, Emax=90.06804033
realization 223 / 300 ... accepted 223. Emin=-11.73017108, Emax=81.81635025
realization 224 / 300 ... accepted 224. Emin=18.25380549, Emax=112.91437064
realization 225 / 300 ... accepted 225. Emin=-15.76235526, Emax=70.63724507
realization 226 / 300 ... accepted 226. Emin=11.25806529, Emax=100.23960307
realization 227 / 300 ... accepted 227. Emin=-4.11019415, Emax=90.31204189
realization 228 / 300 ... accepted 228. Emin=16.21963490, Emax=107.61682327
realization 229 / 300 ... accepted 229. Emin=-9.51734075, Emax=73.05694677
realization 230 / 300 ... accepted 230. Emin=-11.55658971, Emax=87.95139576
realization 231 / 300 ... accepted 231. Emin=-23.51705906, Emax=62.87594738
realization 232 / 300 ... accepted 232. Emin=-23.15799290, Emax=81.45492457
realization 233 / 300 ... accepted 233. Emin=-13.27337576, Emax=73.56108160
realization 234 / 300 ... accepted 234. Emin=-27.68988948, Emax=73.64662913
realization 235 / 300 ... accepted 235. Emin=-5.62578991, Emax=90.78538791
realization 236 / 300 ... accepted 236. Emin=-7.10767720, Emax=81.87765306
realization 237 / 300 ... accepted 237. Emin=-0.67885077, Emax=98.36787642
realization 238 / 300 ... accepted 238. Emin=-3.11281731, Emax=90.29732215
realization 239 / 300 ... accepted 239. Emin=5.26199648, Emax=110.74904243
realization 240 / 300 ... accepted 240. Emin=2.26671379, Emax=95.99129128
realization 241 / 300 ... accepted 241. Emin=11.11347949, Emax=96.24518101
realization 242 / 300 ... accepted 242. Emin=6.12332374, Emax=97.54289208
realization 243 / 300 ... accepted 243. Emin=-8.96709888, Emax=71.60151668
realization 244 / 300 ... accepted 244. Emin=-23.22560240, Emax=66.22130243
realization 245 / 300 ... accepted 245. Emin=34.30701122, Emax=124.57528803
realization 246 / 300 ... accepted 246. Emin=-1.17112064, Emax=83.61858580
realization 247 / 300 ... accepted 247. Emin=-7.46475464, Emax=82.58470578
realization 248 / 300 ... accepted 248. Emin=13.82936822, Emax=99.52055198
realization 249 / 300 ... accepted 249. Emin=-14.98084038, Emax=65.64617574
realization 250 / 300 ... accepted 250. Emin=-14.11073975, Emax=75.82820993
realization 251 / 300 ... accepted 251. Emin=-20.05218523, Emax=66.24778993
realization 252 / 300 ... accepted 252. Emin=-22.32974843, Emax=76.31827950
realization 253 / 300 ... accepted 253. Emin=6.94788995, Emax=86.09747222
realization 254 / 300 ... accepted 254. Emin=-12.83610390, Emax=92.03383678
realization 255 / 300 ... accepted 255. Emin=0.48751577, Emax=106.92035728
realization 256 / 300 ... accepted 256. Emin=-5.30085092, Emax=89.02283198
realization 257 / 300 ... accepted 257. Emin=22.03512429, Emax=101.59745031
realization 258 / 300 ... accepted 258. Emin=10.67217885, Emax=105.07406478
realization 259 / 300 ... accepted 259. Emin=0.86295475, Emax=99.51434957
realization 260 / 300 ... accepted 260. Emin=25.46194480, Emax=105.96100245
realization 261 / 300 ... accepted 261. Emin=10.42870915, Emax=91.83208195
realization 262 / 300 ... accepted 262. Emin=-10.41459902, Emax=70.08353568
realization 263 / 300 ... accepted 263. Emin=4.81420753, Emax=93.61071915
realization 264 / 300 ... accepted 264. Emin=26.56347757, Emax=114.06710106
realization 265 / 300 ... accepted 265. Emin=-20.16305838, Emax=69.50921920
realization 266 / 300 ... accepted 266. Emin=12.43704804, Emax=105.47129925
realization 267 / 300 ... accepted 267. Emin=-13.53252531, Emax=79.55646607
realization 268 / 300 ... accepted 268. Emin=14.55241567, Emax=93.68700552
realization 269 / 300 ... accepted 269. Emin=12.91669112, Emax=92.49391957
realization 270 / 300 ... accepted 270. Emin=13.18884762, Emax=116.13567335
realization 271 / 300 ... accepted 271. Emin=3.63966686, Emax=80.94030510
realization 272 / 300 ... accepted 272. Emin=3.38486493, Emax=82.64180584
realization 273 / 300 ... accepted 273. Emin=6.01620975, Emax=100.50695965
realization 274 / 300 ... accepted 274. Emin=-5.38834792, Emax=84.19264014
realization 275 / 300 ... accepted 275. Emin=-1.19344612, Emax=103.29133281
realization 276 / 300 ... accepted 276. Emin=-5.99506275, Emax=96.91419844
realization 277 / 300 ... accepted 277. Emin=11.02312195, Emax=100.65801680
realization 278 / 300 ... accepted 278. Emin=-27.92431436, Emax=64.01031493
realization 279 / 300 ... accepted 279. Emin=20.36287344, Emax=106.64748580
realization 280 / 300 ... accepted 280. Emin=4.15567228, Emax=97.66538295
realization 281 / 300 ... accepted 281. Emin=-7.91628812, Emax=96.89595560
realization 282 / 300 ... accepted 282. Emin=-17.78476566, Emax=61.13380464
realization 283 / 300 ... accepted 283. Emin=3.67425943, Emax=97.41518685
realization 284 / 300 ... accepted 284. Emin=6.00664645, Emax=96.03862982
realization 285 / 300 ... accepted 285. Emin=4.15436093, Emax=102.98413586
realization 286 / 300 ... accepted 286. Emin=7.49557563, Emax=107.60105428
realization 287 / 300 ... accepted 287. Emin=-9.22988283, Emax=88.77069635
realization 288 / 300 ... accepted 288. Emin=9.74491910, Emax=106.30207218
realization 289 / 300 ... accepted 289. Emin=5.15209074, Emax=99.42839459
realization 290 / 300 ... accepted 290. Emin=-2.47630226, Emax=98.08572843
realization 291 / 300 ... accepted 291. Emin=2.32519017, Emax=94.95015709
realization 292 / 300 ... accepted 292. Emin=4.80137493, Emax=92.97797589
realization 293 / 300 ... accepted 293. Emin=-29.28925204, Emax=66.28784969
realization 294 / 300 ... accepted 294. Emin=-9.00769083, Emax=73.28507494
realization 295 / 300 ... accepted 295. Emin=1.08992599, Emax=94.56421249
realization 296 / 300 ... accepted 296. Emin=-5.34200059, Emax=75.67711931
realization 297 / 300 ... accepted 297. Emin=-6.72065155, Emax=83.25530216
realization 298 / 300 ... accepted 298. Emin=-17.25464890, Emax=76.03702996
realization 299 / 300 ... accepted 299. Emin=-10.78735066, Emax=76.23385848
realization 300 / 300 ... accepted 300. Emin=-27.04452930, Emax=70.97318754
Saved final energies: /home/2/kj405942/POLFED_bosons/pbs_bose_legacy_nmax2_periodic/data/U_10/W_11/L_6/N_6_nmax_2/boundary_periodic/energies_full_U10_L6_N6_nmax2_W11_boundaryperiodic_nreal300.txt
Accepted realizations: 300 / 300
Skipped realizations: 0
Job finished at Sun May 31 17:12:08 UTC 2026
