Job started on w30 at Sun May 31 17:10:34 UTC 2026
PBS_JOBID=7731438.kruk-host.ift-klaster.lan
PBS_O_WORKDIR=/home/2/kj405942/POLFED_bosons
Bose-Hubbard: L=6, N=6, nmax=2, dim=141
t=1, U=10, W=9, nreal=300, boundary=periodic, mode=full
Writing partial results to /home/2/kj405942/POLFED_bosons/pbs_bose_legacy_nmax2_periodic/data/U_10/W_9/L_6/N_6_nmax_2/boundary_periodic/energies_full_U10_L6_N6_nmax2_W9_boundaryperiodic_nreal300_partial.txt
realization 1 / 300 ... accepted 1. Emin=-16.58262678, Emax=59.94788920
realization 2 / 300 ... accepted 2. Emin=-12.84194153, Emax=63.07654996
realization 3 / 300 ... accepted 3. Emin=-6.88865352, Emax=73.40315679
realization 4 / 300 ... accepted 4. Emin=18.46148254, Emax=98.93259626
realization 5 / 300 ... accepted 5. Emin=-4.63152872, Emax=73.88014103
realization 6 / 300 ... accepted 6. Emin=-10.12245859, Emax=76.44192592
realization 7 / 300 ... accepted 7. Emin=18.51714303, Emax=101.60868032
realization 8 / 300 ... accepted 8. Emin=-10.03799460, Emax=69.29448001
realization 9 / 300 ... accepted 9. Emin=-2.74418829, Emax=87.09143726
realization 10 / 300 ... accepted 10. Emin=25.25061983, Emax=100.59810916
realization 11 / 300 ... accepted 11. Emin=2.44603850, Emax=93.27182640
realization 12 / 300 ... accepted 12. Emin=1.29054311, Emax=85.19595377
realization 13 / 300 ... accepted 13. Emin=10.37268446, Emax=101.24328337
realization 14 / 300 ... accepted 14. Emin=-4.12159571, Emax=82.20568466
realization 15 / 300 ... accepted 15. Emin=-21.00179261, Emax=53.79484855
realization 16 / 300 ... accepted 16. Emin=-1.52001270, Emax=82.98515777
realization 17 / 300 ... accepted 17. Emin=-13.86204536, Emax=67.66025111
realization 18 / 300 ... accepted 18. Emin=-1.64819620, Emax=79.49831754
realization 19 / 300 ... accepted 19. Emin=-3.54625866, Emax=92.86613660
realization 20 / 300 ... accepted 20. Emin=3.84743862, Emax=98.70167333
realization 21 / 300 ... accepted 21. Emin=-18.53725291, Emax=59.80407348
realization 22 / 300 ... accepted 22. Emin=-12.35945188, Emax=68.73197751
realization 23 / 300 ... accepted 23. Emin=-21.45939192, Emax=68.09588455
realization 24 / 300 ... accepted 24. Emin=-9.19578593, Emax=74.48639382
realization 25 / 300 ... accepted 25. Emin=-2.20379794, Emax=77.59978499
realization 26 / 300 ... accepted 26. Emin=20.16673296, Emax=106.93281385
realization 27 / 300 ... accepted 27. Emin=-6.52371449, Emax=74.02107650
realization 28 / 300 ... accepted 28. Emin=-17.88746057, Emax=71.48770416
realization 29 / 300 ... accepted 29. Emin=-10.14266707, Emax=88.08753031
realization 30 / 300 ... accepted 30. Emin=6.53680708, Emax=91.08940607
realization 31 / 300 ... accepted 31. Emin=-18.35447714, Emax=58.45936448
realization 32 / 300 ... accepted 32. Emin=-1.42494799, Emax=76.61714272
realization 33 / 300 ... accepted 33. Emin=-7.77100745, Emax=79.36446174
realization 34 / 300 ... accepted 34. Emin=-13.17243669, Emax=79.49102288
realization 35 / 300 ... accepted 35. Emin=7.79936755, Emax=86.23961397
realization 36 / 300 ... accepted 36. Emin=-7.84510983, Emax=76.12085557
realization 37 / 300 ... accepted 37. Emin=14.04487389, Emax=85.97871119
realization 38 / 300 ... accepted 38. Emin=7.74908677, Emax=87.73123892
realization 39 / 300 ... accepted 39. Emin=-17.09015658, Emax=60.10777369
realization 40 / 300 ... accepted 40. Emin=-4.66463539, Emax=88.21104018
realization 41 / 300 ... accepted 41. Emin=4.95213328, Emax=80.07013550
realization 42 / 300 ... accepted 42. Emin=-0.60450240, Emax=85.01019267
realization 43 / 300 ... accepted 43. Emin=2.89396565, Emax=84.18921705
realization 44 / 300 ... accepted 44. Emin=20.11096862, Emax=102.55135316
realization 45 / 300 ... accepted 45. Emin=10.18529157, Emax=105.15632769
realization 46 / 300 ... accepted 46. Emin=-1.23764388, Emax=79.39812024
realization 47 / 300 ... accepted 47. Emin=-8.16245040, Emax=84.65853277
realization 48 / 300 ... accepted 48. Emin=-8.53916186, Emax=72.62194444
realization 49 / 300 ... accepted 49. Emin=13.36368346, Emax=101.19497412
realization 50 / 300 ... accepted 50. Emin=-1.71003765, Emax=95.66972616
realization 51 / 300 ... accepted 51. Emin=-17.26040971, Emax=63.72686316
realization 52 / 300 ... accepted 52. Emin=5.92273514, Emax=100.63346179
realization 53 / 300 ... accepted 53. Emin=17.25607821, Emax=105.35745019
realization 54 / 300 ... accepted 54. Emin=12.49970564, Emax=95.64725844
realization 55 / 300 ... accepted 55. Emin=-6.13796003, Emax=78.89996797
realization 56 / 300 ... accepted 56. Emin=8.92510675, Emax=84.21658902
realization 57 / 300 ... accepted 57. Emin=7.19261359, Emax=87.51225307
realization 58 / 300 ... accepted 58. Emin=17.09672403, Emax=94.24332402
realization 59 / 300 ... accepted 59. Emin=3.54742123, Emax=86.22239771
realization 60 / 300 ... accepted 60. Emin=-3.67608632, Emax=87.62438367
realization 61 / 300 ... accepted 61. Emin=-32.36948867, Emax=41.43765586
realization 62 / 300 ... accepted 62. Emin=4.43623982, Emax=89.36207754
realization 63 / 300 ... accepted 63. Emin=-12.73048047, Emax=77.01925717
realization 64 / 300 ... accepted 64. Emin=10.04889722, Emax=101.83695807
realization 65 / 300 ... accepted 65. Emin=-15.14389457, Emax=63.83007657
realization 66 / 300 ... accepted 66. Emin=2.68255645, Emax=98.09970450
realization 67 / 300 ... accepted 67. Emin=-22.55908228, Emax=61.17343151
realization 68 / 300 ... accepted 68. Emin=-7.69342379, Emax=76.50747878
realization 69 / 300 ... accepted 69. Emin=-0.42144690, Emax=84.25829621
realization 70 / 300 ... accepted 70. Emin=13.66180246, Emax=92.57583234
realization 71 / 300 ... accepted 71. Emin=-2.43889731, Emax=81.85333529
realization 72 / 300 ... accepted 72. Emin=20.80275169, Emax=102.03521581
realization 73 / 300 ... accepted 73. Emin=-0.54113965, Emax=88.04588821
realization 74 / 300 ... accepted 74. Emin=-1.40639349, Emax=84.05888983
realization 75 / 300 ... accepted 75. Emin=-6.75531781, Emax=79.74694001
realization 76 / 300 ... accepted 76. Emin=-19.85095601, Emax=56.16700318
realization 77 / 300 ... accepted 77. Emin=-19.22684109, Emax=64.91750451
realization 78 / 300 ... accepted 78. Emin=-7.49804658, Emax=83.43698057
realization 79 / 300 ... accepted 79. Emin=18.83145969, Emax=107.19876785
realization 80 / 300 ... accepted 80. Emin=15.84853071, Emax=101.41314136
realization 81 / 300 ... accepted 81. Emin=7.47611864, Emax=98.36973404
realization 82 / 300 ... accepted 82. Emin=27.10868527, Emax=99.76840874
realization 83 / 300 ... accepted 83. Emin=-16.90856522, Emax=64.56466208
realization 84 / 300 ... accepted 84. Emin=-11.00261712, Emax=74.67608806
realization 85 / 300 ... accepted 85. Emin=-6.03839387, Emax=82.03012181
realization 86 / 300 ... accepted 86. Emin=-9.89726938, Emax=71.46756500
realization 87 / 300 ... accepted 87. Emin=-6.34869919, Emax=79.53854493
realization 88 / 300 ... accepted 88. Emin=-0.35472861, Emax=98.41130982
realization 89 / 300 ... accepted 89. Emin=26.76864375, Emax=108.28105528
realization 90 / 300 ... accepted 90. Emin=-12.74218810, Emax=76.09039566
realization 91 / 300 ... accepted 91. Emin=8.18621484, Emax=96.90476000
realization 92 / 300 ... accepted 92. Emin=9.84353634, Emax=100.89054502
realization 93 / 300 ... accepted 93. Emin=1.86532846, Emax=78.85751466
realization 94 / 300 ... accepted 94. Emin=-21.03057107, Emax=65.57141629
realization 95 / 300 ... accepted 95. Emin=23.52261591, Emax=99.53735105
realization 96 / 300 ... accepted 96. Emin=-3.79618609, Emax=83.11044048
realization 97 / 300 ... accepted 97. Emin=-13.23574963, Emax=71.32791502
realization 98 / 300 ... accepted 98. Emin=-3.38059753, Emax=81.10136485
realization 99 / 300 ... accepted 99. Emin=12.00227627, Emax=98.81355519
realization 100 / 300 ... accepted 100. Emin=13.91048464, Emax=104.18859081
realization 101 / 300 ... accepted 101. Emin=1.44974473, Emax=101.47995425
realization 102 / 300 ... accepted 102. Emin=-20.49056498, Emax=60.61954694
realization 103 / 300 ... accepted 103. Emin=-2.59737582, Emax=86.59866593
realization 104 / 300 ... accepted 104. Emin=20.06914406, Emax=95.10782514
realization 105 / 300 ... accepted 105. Emin=10.21927674, Emax=92.07714892
realization 106 / 300 ... accepted 106. Emin=-5.41769682, Emax=92.24095459
realization 107 / 300 ... accepted 107. Emin=5.04621803, Emax=88.46929177
realization 108 / 300 ... accepted 108. Emin=-10.39303652, Emax=80.59433992
realization 109 / 300 ... accepted 109. Emin=-3.84732655, Emax=88.00349822
realization 110 / 300 ... accepted 110. Emin=-9.04959707, Emax=81.54542959
realization 111 / 300 ... accepted 111. Emin=13.62838044, Emax=88.25504423
realization 112 / 300 ... accepted 112. Emin=-21.65801599, Emax=61.57487862
realization 113 / 300 ... accepted 113. Emin=-4.01486870, Emax=87.13673688
realization 114 / 300 ... accepted 114. Emin=-10.47771850, Emax=83.24009272
realization 115 / 300 ... accepted 115. Emin=-12.50654498, Emax=55.65847098
realization 116 / 300 ... accepted 116. Emin=-25.28796740, Emax=53.14512225
realization 117 / 300 ... accepted 117. Emin=22.15670417, Emax=98.17178248
realization 118 / 300 ... accepted 118. Emin=13.94816321, Emax=101.68214550
realization 119 / 300 ... accepted 119. Emin=10.03846552, Emax=84.37119153
realization 120 / 300 ... accepted 120. Emin=-3.27469868, Emax=91.83092276
realization 121 / 300 ... accepted 121. Emin=1.13562537, Emax=91.22250122
realization 122 / 300 ... accepted 122. Emin=7.04672799, Emax=87.48662829
realization 123 / 300 ... accepted 123. Emin=-10.98718696, Emax=75.88485781
realization 124 / 300 ... accepted 124. Emin=-9.72857189, Emax=73.06854523
realization 125 / 300 ... accepted 125. Emin=-11.63366947, Emax=65.66906861
realization 126 / 300 ... accepted 126. Emin=3.86533520, Emax=85.80580394
realization 127 / 300 ... accepted 127. Emin=8.20913295, Emax=88.34457438
realization 128 / 300 ... accepted 128. Emin=8.59712126, Emax=105.59541167
realization 129 / 300 ... accepted 129. Emin=-18.37423135, Emax=58.27888209
realization 130 / 300 ... accepted 130. Emin=4.27883541, Emax=79.82043292
realization 131 / 300 ... accepted 131. Emin=10.80705413, Emax=99.85213269
realization 132 / 300 ... accepted 132. Emin=-25.47589691, Emax=44.81006175
realization 133 / 300 ... accepted 133. Emin=-5.01202207, Emax=94.84325418
realization 134 / 300 ... accepted 134. Emin=-0.00819891, Emax=85.78393465
realization 135 / 300 ... accepted 135. Emin=-1.19318463, Emax=87.58885054
realization 136 / 300 ... accepted 136. Emin=8.47896003, Emax=99.78996180
realization 137 / 300 ... accepted 137. Emin=4.56878902, Emax=95.15990772
realization 138 / 300 ... accepted 138. Emin=1.37777291, Emax=80.95208254
realization 139 / 300 ... accepted 139. Emin=-5.25466893, Emax=85.45011793
realization 140 / 300 ... accepted 140. Emin=15.64610678, Emax=94.12319860
realization 141 / 300 ... accepted 141. Emin=13.99590968, Emax=89.01185318
realization 142 / 300 ... accepted 142. Emin=27.05122540, Emax=97.57873552
realization 143 / 300 ... accepted 143. Emin=-4.91143166, Emax=85.44155495
realization 144 / 300 ... accepted 144. Emin=-7.83726002, Emax=89.23357621
realization 145 / 300 ... accepted 145. Emin=-12.29921924, Emax=71.43283898
realization 146 / 300 ... accepted 146. Emin=-5.93113372, Emax=76.82406496
realization 147 / 300 ... accepted 147. Emin=8.47944742, Emax=89.97454077
realization 148 / 300 ... accepted 148. Emin=12.04221248, Emax=87.07122745
realization 149 / 300 ... accepted 149. Emin=-19.95788122, Emax=56.93176085
realization 150 / 300 ... accepted 150. Emin=-5.85447510, Emax=90.03321422
realization 151 / 300 ... accepted 151. Emin=6.09689890, Emax=94.58343648
realization 152 / 300 ... accepted 152. Emin=-8.43347930, Emax=81.83301917
realization 153 / 300 ... accepted 153. Emin=5.51640849, Emax=93.17735901
realization 154 / 300 ... accepted 154. Emin=17.66453854, Emax=96.52018155
realization 155 / 300 ... accepted 155. Emin=-4.21966927, Emax=79.76046232
realization 156 / 300 ... accepted 156. Emin=-2.93248511, Emax=82.65379831
realization 157 / 300 ... accepted 157. Emin=1.43273254, Emax=94.76679313
realization 158 / 300 ... accepted 158. Emin=-3.72873274, Emax=80.33744782
realization 159 / 300 ... accepted 159. Emin=6.80701847, Emax=85.91923860
realization 160 / 300 ... accepted 160. Emin=1.66415775, Emax=80.25742803
realization 161 / 300 ... accepted 161. Emin=19.71416271, Emax=103.79502331
realization 162 / 300 ... accepted 162. Emin=-0.37835605, Emax=83.05487775
realization 163 / 300 ... accepted 163. Emin=-0.82604439, Emax=98.18430682
realization 164 / 300 ... accepted 164. Emin=-0.70794817, Emax=79.07794512
realization 165 / 300 ... accepted 165. Emin=2.96061310, Emax=81.04898901
realization 166 / 300 ... accepted 166. Emin=0.60755812, Emax=81.11682108
realization 167 / 300 ... accepted 167. Emin=16.87374955, Emax=99.24916229
realization 168 / 300 ... accepted 168. Emin=-0.82963802, Emax=87.53706733
realization 169 / 300 ... accepted 169. Emin=-4.63162299, Emax=84.84962793
realization 170 / 300 ... accepted 170. Emin=2.70810738, Emax=86.90699995
realization 171 / 300 ... accepted 171. Emin=-14.99108134, Emax=63.71075679
realization 172 / 300 ... accepted 172. Emin=-5.28633131, Emax=93.07375643
realization 173 / 300 ... accepted 173. Emin=-5.46290013, Emax=79.58660984
realization 174 / 300 ... accepted 174. Emin=16.23864130, Emax=93.55301642
realization 175 / 300 ... accepted 175. Emin=20.69658528, Emax=95.65681585
realization 176 / 300 ... accepted 176. Emin=-20.85025560, Emax=60.79978676
realization 177 / 300 ... accepted 177. Emin=-14.11778226, Emax=74.48790798
realization 178 / 300 ... accepted 178. Emin=11.49955219, Emax=90.38742166
realization 179 / 300 ... accepted 179. Emin=-11.28925021, Emax=67.29571426
realization 180 / 300 ... accepted 180. Emin=-9.10991122, Emax=76.93321482
realization 181 / 300 ... accepted 181. Emin=16.84806918, Emax=105.62400222
realization 182 / 300 ... accepted 182. Emin=7.32700781, Emax=96.53456727
realization 183 / 300 ... accepted 183. Emin=27.76494788, Emax=107.56115869
realization 184 / 300 ... accepted 184. Emin=9.10500677, Emax=94.37164478
realization 185 / 300 ... accepted 185. Emin=2.73128249, Emax=87.64922669
realization 186 / 300 ... accepted 186. Emin=2.75412270, Emax=85.13176955
realization 187 / 300 ... accepted 187. Emin=-8.59572514, Emax=84.16522206
realization 188 / 300 ... accepted 188. Emin=16.36310126, Emax=103.15546916
realization 189 / 300 ... accepted 189. Emin=-22.79783485, Emax=60.78454608
realization 190 / 300 ... accepted 190. Emin=-6.36298845, Emax=78.53969935
realization 191 / 300 ... accepted 191. Emin=-3.89423141, Emax=79.89756117
realization 192 / 300 ... accepted 192. Emin=12.01071096, Emax=101.98941078
realization 193 / 300 ... accepted 193. Emin=11.71679070, Emax=95.91854399
realization 194 / 300 ... accepted 194. Emin=-0.70211065, Emax=91.09546268
realization 195 / 300 ... accepted 195. Emin=15.04964338, Emax=93.02144864
realization 196 / 300 ... accepted 196. Emin=17.11556030, Emax=102.90895196
realization 197 / 300 ... accepted 197. Emin=15.77625073, Emax=95.50791588
realization 198 / 300 ... accepted 198. Emin=3.01425517, Emax=89.86139455
realization 199 / 300 ... accepted 199. Emin=-9.84923984, Emax=73.83753401
realization 200 / 300 ... accepted 200. Emin=-9.97621852, Emax=77.37320385
realization 201 / 300 ... accepted 201. Emin=-2.67559747, Emax=87.16726899
realization 202 / 300 ... accepted 202. Emin=6.99895121, Emax=94.30745075
realization 203 / 300 ... accepted 203. Emin=-25.56338943, Emax=58.23901654
realization 204 / 300 ... accepted 204. Emin=-0.45107333, Emax=88.62542103
realization 205 / 300 ... accepted 205. Emin=-7.32618595, Emax=78.16696201
realization 206 / 300 ... accepted 206. Emin=16.81319807, Emax=99.94039838
realization 207 / 300 ... accepted 207. Emin=-6.53053197, Emax=79.80410903
realization 208 / 300 ... accepted 208. Emin=-23.63294554, Emax=62.96188246
realization 209 / 300 ... accepted 209. Emin=-3.34180070, Emax=88.31202051
realization 210 / 300 ... accepted 210. Emin=5.91502232, Emax=84.47122802
realization 211 / 300 ... accepted 211. Emin=-21.66874032, Emax=62.29000698
realization 212 / 300 ... accepted 212. Emin=-6.40783572, Emax=83.28285159
realization 213 / 300 ... accepted 213. Emin=1.11597203, Emax=85.50937482
realization 214 / 300 ... accepted 214. Emin=-16.43570446, Emax=67.82002915
realization 215 / 300 ... accepted 215. Emin=-36.83241139, Emax=38.14693180
realization 216 / 300 ... accepted 216. Emin=-8.10551170, Emax=73.82604165
realization 217 / 300 ... accepted 217. Emin=-15.60912895, Emax=72.99952733
realization 218 / 300 ... accepted 218. Emin=0.10862649, Emax=86.17841297
realization 219 / 300 ... accepted 219. Emin=-5.18473333, Emax=76.55713055
realization 220 / 300 ... accepted 220. Emin=-11.68871831, Emax=76.00177430
realization 221 / 300 ... accepted 221. Emin=-9.87274443, Emax=76.59209972
realization 222 / 300 ... accepted 222. Emin=-17.57738711, Emax=54.79639011
realization 223 / 300 ... accepted 223. Emin=0.98287937, Emax=83.65121156
realization 224 / 300 ... accepted 224. Emin=8.33867390, Emax=91.57304767
realization 225 / 300 ... accepted 225. Emin=-3.96186051, Emax=87.98703277
realization 226 / 300 ... accepted 226. Emin=-26.20754503, Emax=46.71373344
realization 227 / 300 ... accepted 227. Emin=-0.32939117, Emax=92.56548018
realization 228 / 300 ... accepted 228. Emin=0.60396213, Emax=82.72138130
realization 229 / 300 ... accepted 229. Emin=15.05547229, Emax=94.47543777
realization 230 / 300 ... accepted 230. Emin=20.29905126, Emax=107.35725833
realization 231 / 300 ... accepted 231. Emin=-18.77966876, Emax=71.66504525
realization 232 / 300 ... accepted 232. Emin=-47.26143001, Emax=19.98386543
realization 233 / 300 ... accepted 233. Emin=-14.94309756, Emax=59.52825947
realization 234 / 300 ... accepted 234. Emin=-26.42077162, Emax=51.39373015
realization 235 / 300 ... accepted 235. Emin=-1.73921511, Emax=96.38100546
realization 236 / 300 ... accepted 236. Emin=3.11834392, Emax=87.15708649
realization 237 / 300 ... accepted 237. Emin=11.29023392, Emax=90.92757683
realization 238 / 300 ... accepted 238. Emin=0.18811153, Emax=80.76988220
realization 239 / 300 ... accepted 239. Emin=0.09804982, Emax=93.54603348
realization 240 / 300 ... accepted 240. Emin=-8.16745697, Emax=70.55488533
realization 241 / 300 ... accepted 241. Emin=-14.17694740, Emax=77.57459667
realization 242 / 300 ... accepted 242. Emin=8.57793200, Emax=100.15656284
realization 243 / 300 ... accepted 243. Emin=3.40927415, Emax=95.24166031
realization 244 / 300 ... accepted 244. Emin=-21.72087332, Emax=51.83501797
realization 245 / 300 ... accepted 245. Emin=-4.85025882, Emax=73.99494746
realization 246 / 300 ... accepted 246. Emin=-15.73052412, Emax=61.84336993
realization 247 / 300 ... accepted 247. Emin=2.99007009, Emax=88.64992204
realization 248 / 300 ... accepted 248. Emin=-19.38077495, Emax=66.40230026
realization 249 / 300 ... accepted 249. Emin=-7.74495632, Emax=85.65585346
realization 250 / 300 ... accepted 250. Emin=-6.99387157, Emax=78.86808286
realization 251 / 300 ... accepted 251. Emin=9.02353775, Emax=83.10747804
realization 252 / 300 ... accepted 252. Emin=-16.42179079, Emax=63.93973666
realization 253 / 300 ... accepted 253. Emin=-1.03361275, Emax=80.89000265
realization 254 / 300 ... accepted 254. Emin=-6.47549418, Emax=79.19677551
realization 255 / 300 ... accepted 255. Emin=-21.82227104, Emax=61.19584587
realization 256 / 300 ... accepted 256. Emin=-7.18975332, Emax=82.65425814
realization 257 / 300 ... accepted 257. Emin=-34.44657917, Emax=37.21316975
realization 258 / 300 ... accepted 258. Emin=-5.38917349, Emax=85.60396808
realization 259 / 300 ... accepted 259. Emin=-13.11699271, Emax=74.60598159
realization 260 / 300 ... accepted 260. Emin=0.56910549, Emax=83.51538847
realization 261 / 300 ... accepted 261. Emin=-2.08622495, Emax=81.98986667
realization 262 / 300 ... accepted 262. Emin=-5.00973253, Emax=88.52321943
realization 263 / 300 ... accepted 263. Emin=-4.61658483, Emax=100.08780396
realization 264 / 300 ... accepted 264. Emin=-13.50184216, Emax=73.31670624
realization 265 / 300 ... accepted 265. Emin=5.87560577, Emax=93.74308826
realization 266 / 300 ... accepted 266. Emin=-16.53760984, Emax=61.37183452
realization 267 / 300 ... accepted 267. Emin=-9.01596102, Emax=78.16048271
realization 268 / 300 ... accepted 268. Emin=1.76836475, Emax=95.17044516
realization 269 / 300 ... accepted 269. Emin=-1.20633788, Emax=90.02167811
realization 270 / 300 ... accepted 270. Emin=-5.85598699, Emax=80.13273062
realization 271 / 300 ... accepted 271. Emin=-1.49545634, Emax=98.30112538
realization 272 / 300 ... accepted 272. Emin=23.15594680, Emax=102.82211962
realization 273 / 300 ... accepted 273. Emin=1.05697273, Emax=85.23596005
realization 274 / 300 ... accepted 274. Emin=8.98182154, Emax=103.23237533
realization 275 / 300 ... accepted 275. Emin=11.52980953, Emax=93.01516582
realization 276 / 300 ... accepted 276. Emin=-30.77509105, Emax=44.19624233
realization 277 / 300 ... accepted 277. Emin=9.29094417, Emax=97.06885033
realization 278 / 300 ... accepted 278. Emin=2.39992392, Emax=87.43223366
realization 279 / 300 ... accepted 279. Emin=-9.83819545, Emax=74.17302773
realization 280 / 300 ... accepted 280. Emin=3.46138087, Emax=90.66388838
realization 281 / 300 ... accepted 281. Emin=-9.04349832, Emax=69.41906310
realization 282 / 300 ... accepted 282. Emin=-6.57099186, Emax=81.88009708
realization 283 / 300 ... accepted 283. Emin=-17.58375485, Emax=61.99281037
realization 284 / 300 ... accepted 284. Emin=-2.39005703, Emax=87.50733922
realization 285 / 300 ... accepted 285. Emin=9.13122253, Emax=85.81294630
realization 286 / 300 ... accepted 286. Emin=3.15303420, Emax=100.66598811
realization 287 / 300 ... accepted 287. Emin=-2.88175390, Emax=87.06663290
realization 288 / 300 ... accepted 288. Emin=-2.61667497, Emax=75.34187155
realization 289 / 300 ... accepted 289. Emin=-13.71125909, Emax=63.91482821
realization 290 / 300 ... accepted 290. Emin=17.29551290, Emax=100.08089091
realization 291 / 300 ... accepted 291. Emin=-14.46605644, Emax=70.84922714
realization 292 / 300 ... accepted 292. Emin=-21.74335347, Emax=59.03001300
realization 293 / 300 ... accepted 293. Emin=-3.08377783, Emax=90.35684187
realization 294 / 300 ... accepted 294. Emin=1.23330680, Emax=101.88646022
realization 295 / 300 ... accepted 295. Emin=-10.70616911, Emax=88.82389416
realization 296 / 300 ... accepted 296. Emin=-2.30233863, Emax=89.12640918
realization 297 / 300 ... accepted 297. Emin=-14.42539504, Emax=59.66905420
realization 298 / 300 ... accepted 298. Emin=11.55148250, Emax=100.47209330
realization 299 / 300 ... accepted 299. Emin=5.74319704, Emax=89.14769177
realization 300 / 300 ... accepted 300. Emin=24.41059391, Emax=106.76286453
Saved final energies: /home/2/kj405942/POLFED_bosons/pbs_bose_legacy_nmax2_periodic/data/U_10/W_9/L_6/N_6_nmax_2/boundary_periodic/energies_full_U10_L6_N6_nmax2_W9_boundaryperiodic_nreal300.txt
Accepted realizations: 300 / 300
Skipped realizations: 0
Job finished at Sun May 31 17:12:24 UTC 2026
