Job started on w30 at Sun May 31 17:10:34 UTC 2026
PBS_JOBID=7731439.kruk-host.ift-klaster.lan
PBS_O_WORKDIR=/home/2/kj405942/POLFED_bosons
Bose-Hubbard: L=6, N=6, nmax=2, dim=141
t=1, U=10, W=10, nreal=300, boundary=periodic, mode=full
Writing partial results to /home/2/kj405942/POLFED_bosons/pbs_bose_legacy_nmax2_periodic/data/U_10/W_10/L_6/N_6_nmax_2/boundary_periodic/energies_full_U10_L6_N6_nmax2_W10_boundaryperiodic_nreal300_partial.txt
realization 1 / 300 ... accepted 1. Emin=-20.18496100, Emax=70.48407169
realization 2 / 300 ... accepted 2. Emin=7.06638816, Emax=98.33906724
realization 3 / 300 ... accepted 3. Emin=38.66776234, Emax=117.42315111
realization 4 / 300 ... accepted 4. Emin=-1.53906132, Emax=80.11729505
realization 5 / 300 ... accepted 5. Emin=28.53225048, Emax=112.33922179
realization 6 / 300 ... accepted 6. Emin=-3.74888768, Emax=79.42611892
realization 7 / 300 ... accepted 7. Emin=7.44967788, Emax=100.09867668
realization 8 / 300 ... accepted 8. Emin=-17.58062855, Emax=69.98406380
realization 9 / 300 ... accepted 9. Emin=-9.82705244, Emax=79.83694977
realization 10 / 300 ... accepted 10. Emin=27.32665456, Emax=110.10810692
realization 11 / 300 ... accepted 11. Emin=17.83359156, Emax=102.46261436
realization 12 / 300 ... accepted 12. Emin=-24.91992962, Emax=54.41832074
realization 13 / 300 ... accepted 13. Emin=-3.32619490, Emax=87.05891415
realization 14 / 300 ... accepted 14. Emin=17.81561764, Emax=96.25596017
realization 15 / 300 ... accepted 15. Emin=2.21724803, Emax=81.13374451
realization 16 / 300 ... accepted 16. Emin=-7.04218363, Emax=83.38012880
realization 17 / 300 ... accepted 17. Emin=-9.33544588, Emax=80.93485544
realization 18 / 300 ... accepted 18. Emin=17.82924568, Emax=96.56743256
realization 19 / 300 ... accepted 19. Emin=31.22620454, Emax=108.31892325
realization 20 / 300 ... accepted 20. Emin=-7.51550711, Emax=80.30825113
realization 21 / 300 ... accepted 21. Emin=-26.89005642, Emax=51.75208591
realization 22 / 300 ... accepted 22. Emin=-1.94284168, Emax=84.34365891
realization 23 / 300 ... accepted 23. Emin=-7.22306021, Emax=82.44002192
realization 24 / 300 ... accepted 24. Emin=-8.83179442, Emax=78.92565290
realization 25 / 300 ... accepted 25. Emin=-5.33652288, Emax=91.98438669
realization 26 / 300 ... accepted 26. Emin=-6.40937461, Emax=78.32580655
realization 27 / 300 ... accepted 27. Emin=0.00635970, Emax=94.41841282
realization 28 / 300 ... accepted 28. Emin=8.09590210, Emax=103.63620229
realization 29 / 300 ... accepted 29. Emin=-1.91351722, Emax=87.51681736
realization 30 / 300 ... accepted 30. Emin=0.61380359, Emax=98.37787630
realization 31 / 300 ... accepted 31. Emin=-4.32337179, Emax=92.98356446
realization 32 / 300 ... accepted 32. Emin=27.17065874, Emax=109.89802219
realization 33 / 300 ... accepted 33. Emin=-11.62979415, Emax=71.32554814
realization 34 / 300 ... accepted 34. Emin=-3.64182441, Emax=80.98035148
realization 35 / 300 ... accepted 35. Emin=-6.78386131, Emax=69.16730444
realization 36 / 300 ... accepted 36. Emin=-11.50738350, Emax=73.07007888
realization 37 / 300 ... accepted 37. Emin=-10.28923915, Emax=81.33469096
realization 38 / 300 ... accepted 38. Emin=9.88977384, Emax=91.31302962
realization 39 / 300 ... accepted 39. Emin=-6.05774384, Emax=91.12759048
realization 40 / 300 ... accepted 40. Emin=6.20785716, Emax=104.01125299
realization 41 / 300 ... accepted 41. Emin=20.52787815, Emax=102.16020774
realization 42 / 300 ... accepted 42. Emin=-8.00328859, Emax=91.21758765
realization 43 / 300 ... accepted 43. Emin=13.06335575, Emax=99.93139814
realization 44 / 300 ... accepted 44. Emin=-15.55015012, Emax=71.95802217
realization 45 / 300 ... accepted 45. Emin=1.62515770, Emax=92.77047996
realization 46 / 300 ... accepted 46. Emin=-2.00347213, Emax=74.46779521
realization 47 / 300 ... accepted 47. Emin=-13.00229491, Emax=65.20081457
realization 48 / 300 ... accepted 48. Emin=12.60288096, Emax=98.54107432
realization 49 / 300 ... accepted 49. Emin=6.18608737, Emax=87.69668372
realization 50 / 300 ... accepted 50. Emin=-11.20175533, Emax=84.10228602
realization 51 / 300 ... accepted 51. Emin=-6.09998024, Emax=96.39382509
realization 52 / 300 ... accepted 52. Emin=-16.52915545, Emax=76.72424512
realization 53 / 300 ... accepted 53. Emin=-38.92341320, Emax=39.14086938
realization 54 / 300 ... accepted 54. Emin=-7.48189793, Emax=80.73347461
realization 55 / 300 ... accepted 55. Emin=-4.94086669, Emax=83.16202180
realization 56 / 300 ... accepted 56. Emin=-22.27789651, Emax=58.98484543
realization 57 / 300 ... accepted 57. Emin=0.99214899, Emax=102.49894831
realization 58 / 300 ... accepted 58. Emin=13.22414812, Emax=100.34039839
realization 59 / 300 ... accepted 59. Emin=16.61664361, Emax=100.62639152
realization 60 / 300 ... accepted 60. Emin=-13.36488118, Emax=82.28735323
realization 61 / 300 ... accepted 61. Emin=-19.37664685, Emax=71.80716632
realization 62 / 300 ... accepted 62. Emin=-6.22213913, Emax=77.21446234
realization 63 / 300 ... accepted 63. Emin=13.36428623, Emax=94.58479234
realization 64 / 300 ... accepted 64. Emin=19.88013381, Emax=106.11376200
realization 65 / 300 ... accepted 65. Emin=-13.24743323, Emax=74.06979831
realization 66 / 300 ... accepted 66. Emin=-22.70453311, Emax=58.05258695
realization 67 / 300 ... accepted 67. Emin=29.76803070, Emax=108.29739138
realization 68 / 300 ... accepted 68. Emin=-1.69942836, Emax=74.64545130
realization 69 / 300 ... accepted 69. Emin=-3.50496522, Emax=85.27598393
realization 70 / 300 ... accepted 70. Emin=-3.53371883, Emax=95.84169170
realization 71 / 300 ... accepted 71. Emin=-7.38208520, Emax=83.79162712
realization 72 / 300 ... accepted 72. Emin=-12.32433401, Emax=84.81804499
realization 73 / 300 ... accepted 73. Emin=14.73577118, Emax=99.13453700
realization 74 / 300 ... accepted 74. Emin=-31.27042034, Emax=55.66596493
realization 75 / 300 ... accepted 75. Emin=4.53774953, Emax=88.87293509
realization 76 / 300 ... accepted 76. Emin=14.99609188, Emax=100.28333001
realization 77 / 300 ... accepted 77. Emin=17.61692837, Emax=96.13066635
realization 78 / 300 ... accepted 78. Emin=-18.26801933, Emax=59.31869473
realization 79 / 300 ... accepted 79. Emin=-17.25926231, Emax=81.34385387
realization 80 / 300 ... accepted 80. Emin=4.13304031, Emax=100.15937772
realization 81 / 300 ... accepted 81. Emin=3.24552497, Emax=90.84278582
realization 82 / 300 ... accepted 82. Emin=17.70511370, Emax=99.04612590
realization 83 / 300 ... accepted 83. Emin=-0.01658415, Emax=95.62628122
realization 84 / 300 ... accepted 84. Emin=-6.00009819, Emax=91.25624826
realization 85 / 300 ... accepted 85. Emin=-2.72644548, Emax=77.64562580
realization 86 / 300 ... accepted 86. Emin=8.82991054, Emax=95.89491846
realization 87 / 300 ... accepted 87. Emin=-22.12146148, Emax=70.28696369
realization 88 / 300 ... accepted 88. Emin=-6.88528450, Emax=90.54777539
realization 89 / 300 ... accepted 89. Emin=-4.03685373, Emax=75.76886228
realization 90 / 300 ... accepted 90. Emin=-11.78567579, Emax=73.46560328
realization 91 / 300 ... accepted 91. Emin=-9.73006490, Emax=83.23240882
realization 92 / 300 ... accepted 92. Emin=29.42885843, Emax=106.67022828
realization 93 / 300 ... accepted 93. Emin=-2.28829711, Emax=78.50501768
realization 94 / 300 ... accepted 94. Emin=-28.73729856, Emax=47.99012475
realization 95 / 300 ... accepted 95. Emin=13.98299223, Emax=97.64556143
realization 96 / 300 ... accepted 96. Emin=7.29149298, Emax=94.74171831
realization 97 / 300 ... accepted 97. Emin=17.16258916, Emax=105.53043651
realization 98 / 300 ... accepted 98. Emin=9.69897243, Emax=114.36962463
realization 99 / 300 ... accepted 99. Emin=-13.72347259, Emax=61.20173804
realization 100 / 300 ... accepted 100. Emin=-20.51593302, Emax=79.28604333
realization 101 / 300 ... accepted 101. Emin=34.61537020, Emax=104.82955985
realization 102 / 300 ... accepted 102. Emin=4.31027823, Emax=109.93985368
realization 103 / 300 ... accepted 103. Emin=-5.95599302, Emax=90.64783939
realization 104 / 300 ... accepted 104. Emin=-10.23558811, Emax=76.04321851
realization 105 / 300 ... accepted 105. Emin=-25.17508886, Emax=58.99628740
realization 106 / 300 ... accepted 106. Emin=-9.65434843, Emax=94.60171560
realization 107 / 300 ... accepted 107. Emin=5.80742655, Emax=93.26090556
realization 108 / 300 ... accepted 108. Emin=-2.66239384, Emax=76.01522275
realization 109 / 300 ... accepted 109. Emin=-3.70030311, Emax=78.53107812
realization 110 / 300 ... accepted 110. Emin=-21.05998352, Emax=58.58620219
realization 111 / 300 ... accepted 111. Emin=-3.20653859, Emax=82.77815709
realization 112 / 300 ... accepted 112. Emin=2.66671604, Emax=93.01511826
realization 113 / 300 ... accepted 113. Emin=15.58720104, Emax=103.25392641
realization 114 / 300 ... accepted 114. Emin=2.02099020, Emax=95.58599543
realization 115 / 300 ... accepted 115. Emin=6.75592272, Emax=95.42478559
realization 116 / 300 ... accepted 116. Emin=-1.29801991, Emax=88.88555776
realization 117 / 300 ... accepted 117. Emin=6.87700945, Emax=110.38794680
realization 118 / 300 ... accepted 118. Emin=18.52155582, Emax=103.56671930
realization 119 / 300 ... accepted 119. Emin=21.55841181, Emax=107.26453084
realization 120 / 300 ... accepted 120. Emin=15.75503384, Emax=104.43024804
realization 121 / 300 ... accepted 121. Emin=4.60209427, Emax=97.19496329
realization 122 / 300 ... accepted 122. Emin=21.46603900, Emax=108.65661741
realization 123 / 300 ... accepted 123. Emin=-2.81621531, Emax=80.64116829
realization 124 / 300 ... accepted 124. Emin=-9.65937370, Emax=80.99757322
realization 125 / 300 ... accepted 125. Emin=8.48832867, Emax=105.37849329
realization 126 / 300 ... accepted 126. Emin=17.18401125, Emax=96.98413657
realization 127 / 300 ... accepted 127. Emin=-7.35920122, Emax=76.29636988
realization 128 / 300 ... accepted 128. Emin=10.58193853, Emax=91.40852443
realization 129 / 300 ... accepted 129. Emin=-15.83213543, Emax=69.39579871
realization 130 / 300 ... accepted 130. Emin=-0.03012496, Emax=91.29265684
realization 131 / 300 ... accepted 131. Emin=6.24904903, Emax=101.36102007
realization 132 / 300 ... accepted 132. Emin=-9.68754615, Emax=91.32395080
realization 133 / 300 ... accepted 133. Emin=20.90386211, Emax=103.85285216
realization 134 / 300 ... accepted 134. Emin=24.47990215, Emax=97.14363800
realization 135 / 300 ... accepted 135. Emin=39.50795018, Emax=114.62206601
realization 136 / 300 ... accepted 136. Emin=5.31471595, Emax=88.61479468
realization 137 / 300 ... accepted 137. Emin=-10.73365570, Emax=72.92827073
realization 138 / 300 ... accepted 138. Emin=-0.92142269, Emax=88.75093440
realization 139 / 300 ... accepted 139. Emin=-16.39723220, Emax=71.97185160
realization 140 / 300 ... accepted 140. Emin=-1.79278763, Emax=87.15534715
realization 141 / 300 ... accepted 141. Emin=13.72529766, Emax=93.97144652
realization 142 / 300 ... accepted 142. Emin=-14.13774430, Emax=72.13844240
realization 143 / 300 ... accepted 143. Emin=23.92546328, Emax=106.70787514
realization 144 / 300 ... accepted 144. Emin=4.40127121, Emax=103.12797829
realization 145 / 300 ... accepted 145. Emin=4.93686615, Emax=99.88750160
realization 146 / 300 ... accepted 146. Emin=6.46743202, Emax=88.40449566
realization 147 / 300 ... accepted 147. Emin=2.22476140, Emax=99.22636658
realization 148 / 300 ... accepted 148. Emin=-7.72693894, Emax=84.46906658
realization 149 / 300 ... accepted 149. Emin=9.74102030, Emax=96.14967063
realization 150 / 300 ... accepted 150. Emin=-28.98252306, Emax=59.05723680
realization 151 / 300 ... accepted 151. Emin=-20.56848751, Emax=74.97048131
realization 152 / 300 ... accepted 152. Emin=3.00790306, Emax=89.38687206
realization 153 / 300 ... accepted 153. Emin=-8.41350185, Emax=86.24990191
realization 154 / 300 ... accepted 154. Emin=-10.51882220, Emax=87.50904481
realization 155 / 300 ... accepted 155. Emin=-3.68559628, Emax=84.75371843
realization 156 / 300 ... accepted 156. Emin=-2.46693577, Emax=82.79693405
realization 157 / 300 ... accepted 157. Emin=-6.67638071, Emax=77.71102589
realization 158 / 300 ... accepted 158. Emin=6.93305865, Emax=113.94245819
realization 159 / 300 ... accepted 159. Emin=-11.14441082, Emax=67.43560200
realization 160 / 300 ... accepted 160. Emin=-22.68954640, Emax=63.98681684
realization 161 / 300 ... accepted 161. Emin=-17.60781110, Emax=73.72820693
realization 162 / 300 ... accepted 162. Emin=-2.87986159, Emax=94.48887270
realization 163 / 300 ... accepted 163. Emin=14.01643816, Emax=101.90579944
realization 164 / 300 ... accepted 164. Emin=17.14158458, Emax=102.96829344
realization 165 / 300 ... accepted 165. Emin=15.65467331, Emax=104.82177344
realization 166 / 300 ... accepted 166. Emin=4.57609229, Emax=104.99908035
realization 167 / 300 ... accepted 167. Emin=7.36659952, Emax=94.97185065
realization 168 / 300 ... accepted 168. Emin=-0.50429131, Emax=93.38502881
realization 169 / 300 ... accepted 169. Emin=13.19734483, Emax=100.88598599
realization 170 / 300 ... accepted 170. Emin=-26.51432754, Emax=61.95885809
realization 171 / 300 ... accepted 171. Emin=7.31079285, Emax=98.35847168
realization 172 / 300 ... accepted 172. Emin=-19.63452346, Emax=76.79162616
realization 173 / 300 ... accepted 173. Emin=16.11657962, Emax=100.87663449
realization 174 / 300 ... accepted 174. Emin=2.06251888, Emax=78.58240273
realization 175 / 300 ... accepted 175. Emin=-1.95340575, Emax=90.98578137
realization 176 / 300 ... accepted 176. Emin=6.55807182, Emax=86.97303305
realization 177 / 300 ... accepted 177. Emin=-22.97606417, Emax=51.79894428
realization 178 / 300 ... accepted 178. Emin=-24.52864193, Emax=55.84731880
realization 179 / 300 ... accepted 179. Emin=8.21271790, Emax=101.33994876
realization 180 / 300 ... accepted 180. Emin=-1.63010415, Emax=76.87733388
realization 181 / 300 ... accepted 181. Emin=-12.36511618, Emax=73.74099255
realization 182 / 300 ... accepted 182. Emin=-23.39975398, Emax=60.92449365
realization 183 / 300 ... accepted 183. Emin=-28.93760292, Emax=46.84285305
realization 184 / 300 ... accepted 184. Emin=-1.31150270, Emax=87.34605076
realization 185 / 300 ... accepted 185. Emin=-21.54687388, Emax=71.94433541
realization 186 / 300 ... accepted 186. Emin=8.31185602, Emax=92.55827369
realization 187 / 300 ... accepted 187. Emin=14.29190187, Emax=95.03568874
realization 188 / 300 ... accepted 188. Emin=18.89873670, Emax=96.81842021
realization 189 / 300 ... accepted 189. Emin=-5.57184003, Emax=73.31617940
realization 190 / 300 ... accepted 190. Emin=25.78031878, Emax=99.17835115
realization 191 / 300 ... accepted 191. Emin=2.50874502, Emax=90.41233643
realization 192 / 300 ... accepted 192. Emin=-22.82970313, Emax=65.80691097
realization 193 / 300 ... accepted 193. Emin=-8.43866473, Emax=74.00194306
realization 194 / 300 ... accepted 194. Emin=12.14372050, Emax=92.43272302
realization 195 / 300 ... accepted 195. Emin=-14.22344777, Emax=73.64050286
realization 196 / 300 ... accepted 196. Emin=-2.13597454, Emax=106.02099532
realization 197 / 300 ... accepted 197. Emin=-17.98765344, Emax=64.32252592
realization 198 / 300 ... accepted 198. Emin=6.55528891, Emax=95.93700146
realization 199 / 300 ... accepted 199. Emin=19.52797253, Emax=106.64474074
realization 200 / 300 ... accepted 200. Emin=-27.99656843, Emax=58.05555676
realization 201 / 300 ... accepted 201. Emin=8.30915074, Emax=99.90074491
realization 202 / 300 ... accepted 202. Emin=-22.70042041, Emax=57.21786101
realization 203 / 300 ... accepted 203. Emin=6.52735982, Emax=104.17093290
realization 204 / 300 ... accepted 204. Emin=-3.44226759, Emax=90.33214822
realization 205 / 300 ... accepted 205. Emin=31.25156975, Emax=110.24838939
realization 206 / 300 ... accepted 206. Emin=-6.25962385, Emax=75.83670166
realization 207 / 300 ... accepted 207. Emin=12.08487262, Emax=105.22730470
realization 208 / 300 ... accepted 208. Emin=-18.08228152, Emax=63.53156058
realization 209 / 300 ... accepted 209. Emin=-27.33536539, Emax=61.16745189
realization 210 / 300 ... accepted 210. Emin=-10.98273417, Emax=80.70375616
realization 211 / 300 ... accepted 211. Emin=-15.99914605, Emax=62.50521225
realization 212 / 300 ... accepted 212. Emin=1.23195403, Emax=86.67550297
realization 213 / 300 ... accepted 213. Emin=8.66805474, Emax=92.02095024
realization 214 / 300 ... accepted 214. Emin=-8.42342605, Emax=86.26805401
realization 215 / 300 ... accepted 215. Emin=0.53547098, Emax=89.17610074
realization 216 / 300 ... accepted 216. Emin=34.86254290, Emax=107.66735563
realization 217 / 300 ... accepted 217. Emin=-10.45731239, Emax=74.57227903
realization 218 / 300 ... accepted 218. Emin=-12.67916972, Emax=96.45884399
realization 219 / 300 ... accepted 219. Emin=18.70779969, Emax=115.58772475
realization 220 / 300 ... accepted 220. Emin=-27.87281909, Emax=56.67766533
realization 221 / 300 ... accepted 221. Emin=16.61180101, Emax=106.64760529
realization 222 / 300 ... accepted 222. Emin=-11.22532227, Emax=66.41915688
realization 223 / 300 ... accepted 223. Emin=-13.79438486, Emax=83.00358891
realization 224 / 300 ... accepted 224. Emin=-18.22416787, Emax=74.05706508
realization 225 / 300 ... accepted 225. Emin=-4.73435054, Emax=91.28254733
realization 226 / 300 ... accepted 226. Emin=5.59379709, Emax=99.71156811
realization 227 / 300 ... accepted 227. Emin=-9.34659943, Emax=76.59376138
realization 228 / 300 ... accepted 228. Emin=6.29529499, Emax=106.12282901
realization 229 / 300 ... accepted 229. Emin=10.13499139, Emax=101.76823369
realization 230 / 300 ... accepted 230. Emin=4.45298843, Emax=90.13060241
realization 231 / 300 ... accepted 231. Emin=-0.03459728, Emax=83.61806927
realization 232 / 300 ... accepted 232. Emin=-5.86740687, Emax=89.77472686
realization 233 / 300 ... accepted 233. Emin=-2.66267725, Emax=93.38166436
realization 234 / 300 ... accepted 234. Emin=8.02668106, Emax=93.60917661
realization 235 / 300 ... accepted 235. Emin=-5.11313031, Emax=82.40816327
realization 236 / 300 ... accepted 236. Emin=-12.09513384, Emax=80.13873467
realization 237 / 300 ... accepted 237. Emin=2.03733289, Emax=91.22093510
realization 238 / 300 ... accepted 238. Emin=-8.94224815, Emax=91.72816156
realization 239 / 300 ... accepted 239. Emin=2.98236921, Emax=96.23389420
realization 240 / 300 ... accepted 240. Emin=10.29939325, Emax=90.41472793
realization 241 / 300 ... accepted 241. Emin=19.48003504, Emax=91.26254003
realization 242 / 300 ... accepted 242. Emin=-17.31456049, Emax=69.68625091
realization 243 / 300 ... accepted 243. Emin=7.87410142, Emax=95.94531010
realization 244 / 300 ... accepted 244. Emin=-14.55116253, Emax=68.76646384
realization 245 / 300 ... accepted 245. Emin=9.42035887, Emax=84.62619653
realization 246 / 300 ... accepted 246. Emin=-5.67506490, Emax=90.35753895
realization 247 / 300 ... accepted 247. Emin=3.90354598, Emax=91.34676914
realization 248 / 300 ... accepted 248. Emin=29.30630687, Emax=112.61252493
realization 249 / 300 ... accepted 249. Emin=-15.67471856, Emax=83.93078688
realization 250 / 300 ... accepted 250. Emin=1.28146217, Emax=99.11861428
realization 251 / 300 ... accepted 251. Emin=-21.60960785, Emax=76.39618435
realization 252 / 300 ... accepted 252. Emin=1.43501872, Emax=95.41801203
realization 253 / 300 ... accepted 253. Emin=-6.45711039, Emax=76.22659951
realization 254 / 300 ... accepted 254. Emin=-8.54744085, Emax=84.64797342
realization 255 / 300 ... accepted 255. Emin=17.40387770, Emax=107.23387725
realization 256 / 300 ... accepted 256. Emin=-3.41402573, Emax=74.96650952
realization 257 / 300 ... accepted 257. Emin=-19.30139121, Emax=62.34730179
realization 258 / 300 ... accepted 258. Emin=-22.13115944, Emax=66.71258586
realization 259 / 300 ... accepted 259. Emin=3.16602479, Emax=100.68268947
realization 260 / 300 ... accepted 260. Emin=7.28370579, Emax=91.05942240
realization 261 / 300 ... accepted 261. Emin=-12.69789285, Emax=64.68949373
realization 262 / 300 ... accepted 262. Emin=-22.32064719, Emax=57.72057968
realization 263 / 300 ... accepted 263. Emin=-12.53505200, Emax=87.66957932
realization 264 / 300 ... accepted 264. Emin=15.55909670, Emax=105.77418228
realization 265 / 300 ... accepted 265. Emin=-3.99963306, Emax=82.94500122
realization 266 / 300 ... accepted 266. Emin=-9.21867711, Emax=76.13873071
realization 267 / 300 ... accepted 267. Emin=-5.77718079, Emax=66.55982326
realization 268 / 300 ... accepted 268. Emin=-5.10310997, Emax=82.05402811
realization 269 / 300 ... accepted 269. Emin=-0.79888128, Emax=88.86294564
realization 270 / 300 ... accepted 270. Emin=-3.08180372, Emax=87.78660483
realization 271 / 300 ... accepted 271. Emin=-25.45821289, Emax=49.48886011
realization 272 / 300 ... accepted 272. Emin=-6.63846291, Emax=80.28173514
realization 273 / 300 ... accepted 273. Emin=-3.47948521, Emax=77.96005173
realization 274 / 300 ... accepted 274. Emin=-1.79616829, Emax=90.05941388
realization 275 / 300 ... accepted 275. Emin=9.84216807, Emax=113.52681772
realization 276 / 300 ... accepted 276. Emin=-3.62542575, Emax=85.93413052
realization 277 / 300 ... accepted 277. Emin=-3.90660450, Emax=99.35718634
realization 278 / 300 ... accepted 278. Emin=-9.59434336, Emax=79.99351744
realization 279 / 300 ... accepted 279. Emin=-6.01413227, Emax=74.51953466
realization 280 / 300 ... accepted 280. Emin=39.44277068, Emax=116.52242984
realization 281 / 300 ... accepted 281. Emin=2.33105867, Emax=90.07402895
realization 282 / 300 ... accepted 282. Emin=-0.37965318, Emax=82.23679921
realization 283 / 300 ... accepted 283. Emin=-7.91269068, Emax=79.73310993
realization 284 / 300 ... accepted 284. Emin=5.10990150, Emax=94.30781167
realization 285 / 300 ... accepted 285. Emin=13.30678202, Emax=106.04744838
realization 286 / 300 ... accepted 286. Emin=5.30846193, Emax=87.25374631
realization 287 / 300 ... accepted 287. Emin=0.92627031, Emax=89.56195850
realization 288 / 300 ... accepted 288. Emin=-4.69122930, Emax=78.51156452
realization 289 / 300 ... accepted 289. Emin=-26.98314957, Emax=55.34362806
realization 290 / 300 ... accepted 290. Emin=5.51589159, Emax=87.23374518
realization 291 / 300 ... accepted 291. Emin=-14.69853371, Emax=79.32752497
realization 292 / 300 ... accepted 292. Emin=8.44056778, Emax=96.25360843
realization 293 / 300 ... accepted 293. Emin=20.24429187, Emax=103.02395039
realization 294 / 300 ... accepted 294. Emin=1.66535823, Emax=95.48355728
realization 295 / 300 ... accepted 295. Emin=2.31064709, Emax=94.93632739
realization 296 / 300 ... accepted 296. Emin=23.37805152, Emax=104.30761485
realization 297 / 300 ... accepted 297. Emin=-9.41679207, Emax=76.05432798
realization 298 / 300 ... accepted 298. Emin=-4.05914321, Emax=79.84464131
realization 299 / 300 ... accepted 299. Emin=-4.42428960, Emax=79.26709434
realization 300 / 300 ... accepted 300. Emin=-7.33696280, Emax=92.16743534
Saved final energies: /home/2/kj405942/POLFED_bosons/pbs_bose_legacy_nmax2_periodic/data/U_10/W_10/L_6/N_6_nmax_2/boundary_periodic/energies_full_U10_L6_N6_nmax2_W10_boundaryperiodic_nreal300.txt
Accepted realizations: 300 / 300
Skipped realizations: 0
Job finished at Sun May 31 17:12:01 UTC 2026
