Job started on w30 at Sun May 31 17:10:36 UTC 2026
PBS_JOBID=7731444.kruk-host.ift-klaster.lan
PBS_O_WORKDIR=/home/2/kj405942/POLFED_bosons
Bose-Hubbard: L=6, N=6, nmax=2, dim=141
t=1, U=10, W=15, nreal=300, boundary=periodic, mode=full
Writing partial results to /home/2/kj405942/POLFED_bosons/pbs_bose_legacy_nmax2_periodic/data/U_10/W_15/L_6/N_6_nmax_2/boundary_periodic/energies_full_U10_L6_N6_nmax2_W15_boundaryperiodic_nreal300_partial.txt
realization 1 / 300 ... accepted 1. Emin=11.42812451, Emax=120.64823675
realization 2 / 300 ... accepted 2. Emin=-31.55213730, Emax=90.64534696
realization 3 / 300 ... accepted 3. Emin=-26.89154008, Emax=92.98886862
realization 4 / 300 ... accepted 4. Emin=-4.77047547, Emax=126.66593403
realization 5 / 300 ... accepted 5. Emin=-39.70566225, Emax=68.01407829
realization 6 / 300 ... accepted 6. Emin=-37.54461795, Emax=73.12135214
realization 7 / 300 ... accepted 7. Emin=0.49657168, Emax=110.53941978
realization 8 / 300 ... accepted 8. Emin=19.97606948, Emax=132.62979401
realization 9 / 300 ... accepted 9. Emin=-36.67199782, Emax=42.65850749
realization 10 / 300 ... accepted 10. Emin=-13.68592030, Emax=112.16144611
realization 11 / 300 ... accepted 11. Emin=-24.02902428, Emax=67.04153248
realization 12 / 300 ... accepted 12. Emin=-10.73750939, Emax=115.75502111
realization 13 / 300 ... accepted 13. Emin=-29.20619080, Emax=65.00587031
realization 14 / 300 ... accepted 14. Emin=8.42293324, Emax=113.39812080
realization 15 / 300 ... accepted 15. Emin=-5.20551946, Emax=132.66726061
realization 16 / 300 ... accepted 16. Emin=1.13770800, Emax=107.52968121
realization 17 / 300 ... accepted 17. Emin=-4.50867159, Emax=113.35826524
realization 18 / 300 ... accepted 18. Emin=-17.47652878, Emax=109.14445660
realization 19 / 300 ... accepted 19. Emin=-28.22784590, Emax=55.10395468
realization 20 / 300 ... accepted 20. Emin=0.23962027, Emax=86.76581886
realization 21 / 300 ... accepted 21. Emin=-28.29982629, Emax=76.77798355
realization 22 / 300 ... accepted 22. Emin=-23.69012446, Emax=69.27417332
realization 23 / 300 ... accepted 23. Emin=23.95718922, Emax=133.61616663
realization 24 / 300 ... accepted 24. Emin=-20.08294069, Emax=93.40029222
realization 25 / 300 ... accepted 25. Emin=28.87571500, Emax=124.78598069
realization 26 / 300 ... accepted 26. Emin=21.60188300, Emax=119.52648204
realization 27 / 300 ... accepted 27. Emin=-40.21629446, Emax=54.22479907
realization 28 / 300 ... accepted 28. Emin=15.77158932, Emax=107.17224616
realization 29 / 300 ... accepted 29. Emin=-20.50428999, Emax=96.68225530
realization 30 / 300 ... accepted 30. Emin=-22.91190667, Emax=91.34183720
realization 31 / 300 ... accepted 31. Emin=25.05115511, Emax=111.26548925
realization 32 / 300 ... accepted 32. Emin=9.82494221, Emax=105.71314798
realization 33 / 300 ... accepted 33. Emin=-48.13962252, Emax=51.48861218
realization 34 / 300 ... accepted 34. Emin=-5.22241214, Emax=95.21729735
realization 35 / 300 ... accepted 35. Emin=-8.89645691, Emax=86.91932228
realization 36 / 300 ... accepted 36. Emin=9.38313311, Emax=96.52164981
realization 37 / 300 ... accepted 37. Emin=8.24791299, Emax=102.36611405
realization 38 / 300 ... accepted 38. Emin=-27.70543802, Emax=53.71529225
realization 39 / 300 ... accepted 39. Emin=3.79038815, Emax=107.02871615
realization 40 / 300 ... accepted 40. Emin=-20.72321260, Emax=71.24033945
realization 41 / 300 ... accepted 41. Emin=-20.18466166, Emax=92.13675148
realization 42 / 300 ... accepted 42. Emin=8.47051767, Emax=99.85151725
realization 43 / 300 ... accepted 43. Emin=-28.97079217, Emax=68.16241806
realization 44 / 300 ... accepted 44. Emin=-18.84320587, Emax=100.71182244
realization 45 / 300 ... accepted 45. Emin=42.44266233, Emax=126.89267690
realization 46 / 300 ... accepted 46. Emin=-1.84789217, Emax=103.81913284
realization 47 / 300 ... accepted 47. Emin=-28.47962519, Emax=67.92807272
realization 48 / 300 ... accepted 48. Emin=-23.43260979, Emax=69.70865642
realization 49 / 300 ... accepted 49. Emin=-2.26554733, Emax=80.03185198
realization 50 / 300 ... accepted 50. Emin=-30.27066164, Emax=62.42575597
realization 51 / 300 ... accepted 51. Emin=-20.78189105, Emax=91.18478394
realization 52 / 300 ... accepted 52. Emin=8.13605510, Emax=104.15437540
realization 53 / 300 ... accepted 53. Emin=11.05155913, Emax=109.78993577
realization 54 / 300 ... accepted 54. Emin=24.79383149, Emax=112.55507733
realization 55 / 300 ... accepted 55. Emin=-31.04844974, Emax=64.26874592
realization 56 / 300 ... accepted 56. Emin=-24.33390144, Emax=82.84723445
realization 57 / 300 ... accepted 57. Emin=-20.38362263, Emax=59.67400402
realization 58 / 300 ... accepted 58. Emin=11.20841848, Emax=108.09161863
realization 59 / 300 ... accepted 59. Emin=2.94933729, Emax=98.96769389
realization 60 / 300 ... accepted 60. Emin=-23.19908060, Emax=80.35692542
realization 61 / 300 ... accepted 61. Emin=-15.19962772, Emax=86.92799651
realization 62 / 300 ... accepted 62. Emin=44.62455213, Emax=143.51769674
realization 63 / 300 ... accepted 63. Emin=-7.83235400, Emax=91.38957642
realization 64 / 300 ... accepted 64. Emin=-40.17907294, Emax=57.20432116
realization 65 / 300 ... accepted 65. Emin=-8.00539677, Emax=93.70726803
realization 66 / 300 ... accepted 66. Emin=13.18516408, Emax=104.39783700
realization 67 / 300 ... accepted 67. Emin=-25.37550506, Emax=56.57899802
realization 68 / 300 ... accepted 68. Emin=3.80046209, Emax=107.84284663
realization 69 / 300 ... accepted 69. Emin=-9.45019741, Emax=105.92039165
realization 70 / 300 ... accepted 70. Emin=-14.31522746, Emax=109.30236520
realization 71 / 300 ... accepted 71. Emin=5.62506352, Emax=98.44468866
realization 72 / 300 ... accepted 72. Emin=-4.90775315, Emax=130.61359780
realization 73 / 300 ... accepted 73. Emin=2.91426838, Emax=119.46166209
realization 74 / 300 ... accepted 74. Emin=-5.94453017, Emax=98.56360986
realization 75 / 300 ... accepted 75. Emin=-28.40843399, Emax=76.86479707
realization 76 / 300 ... accepted 76. Emin=-13.24741406, Emax=99.77974452
realization 77 / 300 ... accepted 77. Emin=31.00697520, Emax=103.37356691
realization 78 / 300 ... accepted 78. Emin=43.95524253, Emax=135.19933863
realization 79 / 300 ... accepted 79. Emin=-3.35416614, Emax=111.61072762
realization 80 / 300 ... accepted 80. Emin=-12.48353176, Emax=105.82482055
realization 81 / 300 ... accepted 81. Emin=12.22107103, Emax=118.49734413
realization 82 / 300 ... accepted 82. Emin=-14.83068086, Emax=89.31295666
realization 83 / 300 ... accepted 83. Emin=-24.58300091, Emax=88.02582467
realization 84 / 300 ... accepted 84. Emin=-5.87169358, Emax=76.06965106
realization 85 / 300 ... accepted 85. Emin=-35.97920428, Emax=81.06368796
realization 86 / 300 ... accepted 86. Emin=-8.33015522, Emax=120.88211584
realization 87 / 300 ... accepted 87. Emin=-15.59099115, Emax=99.62272097
realization 88 / 300 ... accepted 88. Emin=8.59025935, Emax=127.97180179
realization 89 / 300 ... accepted 89. Emin=-4.73352482, Emax=112.32932597
realization 90 / 300 ... accepted 90. Emin=1.61830395, Emax=98.78735004
realization 91 / 300 ... accepted 91. Emin=-2.53449580, Emax=98.57239937
realization 92 / 300 ... accepted 92. Emin=-5.93614916, Emax=107.08642562
realization 93 / 300 ... accepted 93. Emin=20.16405482, Emax=113.24225026
realization 94 / 300 ... accepted 94. Emin=-9.82397073, Emax=89.75940287
realization 95 / 300 ... accepted 95. Emin=-2.90290230, Emax=116.68957519
realization 96 / 300 ... accepted 96. Emin=-44.03983010, Emax=41.79863988
realization 97 / 300 ... accepted 97. Emin=-26.64649307, Emax=86.98338971
realization 98 / 300 ... accepted 98. Emin=15.07733516, Emax=107.01231084
realization 99 / 300 ... accepted 99. Emin=10.01381216, Emax=121.60386503
realization 100 / 300 ... accepted 100. Emin=-12.09903396, Emax=115.04458139
realization 101 / 300 ... accepted 101. Emin=-15.57083269, Emax=75.40966695
realization 102 / 300 ... accepted 102. Emin=0.25398363, Emax=100.40610333
realization 103 / 300 ... accepted 103. Emin=-4.56305451, Emax=90.22102455
realization 104 / 300 ... accepted 104. Emin=-8.22974262, Emax=101.70020776
realization 105 / 300 ... accepted 105. Emin=7.62070856, Emax=115.20455423
realization 106 / 300 ... accepted 106. Emin=-12.11242836, Emax=94.36982820
realization 107 / 300 ... accepted 107. Emin=16.57807983, Emax=110.36201924
realization 108 / 300 ... accepted 108. Emin=-30.65376563, Emax=59.59711788
realization 109 / 300 ... accepted 109. Emin=-13.74310281, Emax=82.33515613
realization 110 / 300 ... accepted 110. Emin=17.90512814, Emax=138.92292094
realization 111 / 300 ... accepted 111. Emin=-8.58062877, Emax=107.85027530
realization 112 / 300 ... accepted 112. Emin=-58.27371375, Emax=31.34869437
realization 113 / 300 ... accepted 113. Emin=-0.60009407, Emax=99.18570395
realization 114 / 300 ... accepted 114. Emin=29.78755281, Emax=145.48678494
realization 115 / 300 ... accepted 115. Emin=-16.62810332, Emax=84.14940007
realization 116 / 300 ... accepted 116. Emin=-20.28060846, Emax=69.95040096
realization 117 / 300 ... accepted 117. Emin=-25.80861448, Emax=58.97332581
realization 118 / 300 ... accepted 118. Emin=-10.22090494, Emax=121.35559940
realization 119 / 300 ... accepted 119. Emin=-33.44488248, Emax=72.80703653
realization 120 / 300 ... accepted 120. Emin=-9.34018767, Emax=91.54371354
realization 121 / 300 ... accepted 121. Emin=8.03238374, Emax=93.07775100
realization 122 / 300 ... accepted 122. Emin=-25.05773451, Emax=89.75301995
realization 123 / 300 ... accepted 123. Emin=-14.83224400, Emax=114.83148700
realization 124 / 300 ... accepted 124. Emin=-32.15651939, Emax=79.87138180
realization 125 / 300 ... accepted 125. Emin=5.51532094, Emax=131.59048954
realization 126 / 300 ... accepted 126. Emin=-23.24947522, Emax=89.14538422
realization 127 / 300 ... accepted 127. Emin=-21.86410758, Emax=79.81938648
realization 128 / 300 ... accepted 128. Emin=-18.23284272, Emax=86.63691424
realization 129 / 300 ... accepted 129. Emin=-7.10178911, Emax=94.77141805
realization 130 / 300 ... accepted 130. Emin=-27.33289879, Emax=71.61668156
realization 131 / 300 ... accepted 131. Emin=-34.54261550, Emax=49.97242994
realization 132 / 300 ... accepted 132. Emin=3.29731125, Emax=138.03634228
realization 133 / 300 ... accepted 133. Emin=34.34175300, Emax=126.37515150
realization 134 / 300 ... accepted 134. Emin=-7.06556202, Emax=124.25514717
realization 135 / 300 ... accepted 135. Emin=-2.87901576, Emax=102.82417479
realization 136 / 300 ... accepted 136. Emin=-27.15038494, Emax=91.56917541
realization 137 / 300 ... accepted 137. Emin=16.11611063, Emax=145.71171714
realization 138 / 300 ... accepted 138. Emin=-19.93014259, Emax=92.32879312
realization 139 / 300 ... accepted 139. Emin=-19.96763410, Emax=100.35029775
realization 140 / 300 ... accepted 140. Emin=21.26485967, Emax=116.87287531
realization 141 / 300 ... accepted 141. Emin=-7.70716814, Emax=88.50258559
realization 142 / 300 ... accepted 142. Emin=-23.96092674, Emax=66.00961579
realization 143 / 300 ... accepted 143. Emin=-36.67256961, Emax=60.84837619
realization 144 / 300 ... accepted 144. Emin=-7.06630532, Emax=79.36295539
realization 145 / 300 ... accepted 145. Emin=33.53384210, Emax=116.13293842
realization 146 / 300 ... accepted 146. Emin=-22.92790737, Emax=72.51560900
realization 147 / 300 ... accepted 147. Emin=2.33562585, Emax=118.69159864
realization 148 / 300 ... accepted 148. Emin=-5.09049777, Emax=96.88491268
realization 149 / 300 ... accepted 149. Emin=-15.68134615, Emax=105.25093142
realization 150 / 300 ... accepted 150. Emin=-34.32694760, Emax=64.58236458
realization 151 / 300 ... accepted 151. Emin=-2.54926068, Emax=106.19761791
realization 152 / 300 ... accepted 152. Emin=-22.66095098, Emax=90.13670172
realization 153 / 300 ... accepted 153. Emin=-21.03492009, Emax=98.72459909
realization 154 / 300 ... accepted 154. Emin=27.91494858, Emax=124.62086047
realization 155 / 300 ... accepted 155. Emin=9.06114824, Emax=115.22049946
realization 156 / 300 ... accepted 156. Emin=33.71027992, Emax=135.40944266
realization 157 / 300 ... accepted 157. Emin=10.24138684, Emax=109.90706262
realization 158 / 300 ... accepted 158. Emin=-11.06372617, Emax=85.74247523
realization 159 / 300 ... accepted 159. Emin=11.53292726, Emax=110.47796418
realization 160 / 300 ... accepted 160. Emin=9.90528693, Emax=129.31872626
realization 161 / 300 ... accepted 161. Emin=-19.83597138, Emax=108.40230424
realization 162 / 300 ... accepted 162. Emin=6.07929774, Emax=106.26033283
realization 163 / 300 ... accepted 163. Emin=17.71855728, Emax=132.31032801
realization 164 / 300 ... accepted 164. Emin=-0.89645295, Emax=89.09141846
realization 165 / 300 ... accepted 165. Emin=48.45722419, Emax=145.54772889
realization 166 / 300 ... accepted 166. Emin=-3.90482307, Emax=110.77309182
realization 167 / 300 ... accepted 167. Emin=1.24734556, Emax=110.64172643
realization 168 / 300 ... accepted 168. Emin=4.35597386, Emax=124.41314719
realization 169 / 300 ... accepted 169. Emin=-13.37960664, Emax=86.55164985
realization 170 / 300 ... accepted 170. Emin=21.62589736, Emax=124.29060519
realization 171 / 300 ... accepted 171. Emin=0.48510742, Emax=102.40978316
realization 172 / 300 ... accepted 172. Emin=-5.79642683, Emax=98.65998351
realization 173 / 300 ... accepted 173. Emin=-17.83544092, Emax=100.29294715
realization 174 / 300 ... accepted 174. Emin=-2.20316126, Emax=89.24946636
realization 175 / 300 ... accepted 175. Emin=-11.14450671, Emax=88.64033187
realization 176 / 300 ... accepted 176. Emin=-4.89700298, Emax=98.73036007
realization 177 / 300 ... accepted 177. Emin=10.31338473, Emax=102.49690112
realization 178 / 300 ... accepted 178. Emin=34.12098891, Emax=121.17241138
realization 179 / 300 ... accepted 179. Emin=-20.61486900, Emax=85.76023188
realization 180 / 300 ... accepted 180. Emin=-10.82952233, Emax=79.80170187
realization 181 / 300 ... accepted 181. Emin=-18.72565038, Emax=85.20298559
realization 182 / 300 ... accepted 182. Emin=-30.58390555, Emax=64.62196304
realization 183 / 300 ... accepted 183. Emin=-31.64849651, Emax=77.22834911
realization 184 / 300 ... accepted 184. Emin=10.48805029, Emax=127.28664819
realization 185 / 300 ... accepted 185. Emin=-14.33821746, Emax=96.72886483
realization 186 / 300 ... accepted 186. Emin=-18.14920434, Emax=104.05826408
realization 187 / 300 ... accepted 187. Emin=20.60673350, Emax=141.99628424
realization 188 / 300 ... accepted 188. Emin=-4.96102678, Emax=100.98787486
realization 189 / 300 ... accepted 189. Emin=-19.31407420, Emax=86.13331646
realization 190 / 300 ... accepted 190. Emin=-37.72446003, Emax=79.21316136
realization 191 / 300 ... accepted 191. Emin=14.33050940, Emax=104.32375409
realization 192 / 300 ... accepted 192. Emin=-20.82670602, Emax=72.57730834
realization 193 / 300 ... accepted 193. Emin=-2.27112084, Emax=93.61326180
realization 194 / 300 ... accepted 194. Emin=-7.86553009, Emax=89.10814001
realization 195 / 300 ... accepted 195. Emin=-32.71523146, Emax=53.52703071
realization 196 / 300 ... accepted 196. Emin=-4.10777176, Emax=121.32975969
realization 197 / 300 ... accepted 197. Emin=1.34258507, Emax=121.92315462
realization 198 / 300 ... accepted 198. Emin=2.70747548, Emax=98.61441387
realization 199 / 300 ... accepted 199. Emin=-7.82770214, Emax=103.87231712
realization 200 / 300 ... accepted 200. Emin=-13.90817678, Emax=86.13719806
realization 201 / 300 ... accepted 201. Emin=26.21891495, Emax=130.88031649
realization 202 / 300 ... accepted 202. Emin=-36.45611002, Emax=104.91897100
realization 203 / 300 ... accepted 203. Emin=-28.09985956, Emax=58.53108597
realization 204 / 300 ... accepted 204. Emin=-17.80338676, Emax=94.37468935
realization 205 / 300 ... accepted 205. Emin=-6.11340085, Emax=114.40981949
realization 206 / 300 ... accepted 206. Emin=-9.48994914, Emax=115.08272156
realization 207 / 300 ... accepted 207. Emin=-6.69090148, Emax=106.47286696
realization 208 / 300 ... accepted 208. Emin=-16.25986866, Emax=68.44391250
realization 209 / 300 ... accepted 209. Emin=-11.53444951, Emax=76.41700456
realization 210 / 300 ... accepted 210. Emin=-21.91897168, Emax=83.80642034
realization 211 / 300 ... accepted 211. Emin=-15.72668577, Emax=104.45633358
realization 212 / 300 ... accepted 212. Emin=-15.36682637, Emax=97.89228376
realization 213 / 300 ... accepted 213. Emin=43.83207393, Emax=130.04958724
realization 214 / 300 ... accepted 214. Emin=28.84214540, Emax=132.32130263
realization 215 / 300 ... accepted 215. Emin=-18.83245403, Emax=77.49198391
realization 216 / 300 ... accepted 216. Emin=-42.66871585, Emax=36.26028214
realization 217 / 300 ... accepted 217. Emin=6.65766403, Emax=114.03480456
realization 218 / 300 ... accepted 218. Emin=15.24177153, Emax=105.49703008
realization 219 / 300 ... accepted 219. Emin=-11.92296893, Emax=95.62018786
realization 220 / 300 ... accepted 220. Emin=10.74931799, Emax=107.90554690
realization 221 / 300 ... accepted 221. Emin=-13.93732075, Emax=82.44517948
realization 222 / 300 ... accepted 222. Emin=-4.94432696, Emax=82.92851328
realization 223 / 300 ... accepted 223. Emin=16.17666978, Emax=111.12713284
realization 224 / 300 ... accepted 224. Emin=46.24540054, Emax=134.96744182
realization 225 / 300 ... accepted 225. Emin=-5.96505335, Emax=82.82227179
realization 226 / 300 ... accepted 226. Emin=16.56552304, Emax=109.31426921
realization 227 / 300 ... accepted 227. Emin=8.44057781, Emax=86.73786502
realization 228 / 300 ... accepted 228. Emin=9.01439811, Emax=125.83365157
realization 229 / 300 ... accepted 229. Emin=24.74728695, Emax=142.74954546
realization 230 / 300 ... accepted 230. Emin=32.74056068, Emax=130.58266750
realization 231 / 300 ... accepted 231. Emin=45.30241007, Emax=132.31492785
realization 232 / 300 ... accepted 232. Emin=-13.20465653, Emax=82.08547549
realization 233 / 300 ... accepted 233. Emin=-14.41961548, Emax=71.17277237
realization 234 / 300 ... accepted 234. Emin=-17.51633870, Emax=91.73459232
realization 235 / 300 ... accepted 235. Emin=-17.31879477, Emax=71.64252530
realization 236 / 300 ... accepted 236. Emin=-8.59502589, Emax=101.93398895
realization 237 / 300 ... accepted 237. Emin=-11.24811701, Emax=108.47757531
realization 238 / 300 ... accepted 238. Emin=-10.35015245, Emax=110.04578128
realization 239 / 300 ... accepted 239. Emin=-9.71436063, Emax=83.10510004
realization 240 / 300 ... accepted 240. Emin=-20.60980942, Emax=77.32731780
realization 241 / 300 ... accepted 241. Emin=5.72781165, Emax=111.20774075
realization 242 / 300 ... accepted 242. Emin=-46.94859951, Emax=58.08668108
realization 243 / 300 ... accepted 243. Emin=-46.64621832, Emax=46.17143575
realization 244 / 300 ... accepted 244. Emin=-14.90414994, Emax=82.04989350
realization 245 / 300 ... accepted 245. Emin=-13.82220728, Emax=74.10241321
realization 246 / 300 ... accepted 246. Emin=-48.65234907, Emax=54.72210362
realization 247 / 300 ... accepted 247. Emin=-12.18608526, Emax=104.86674727
realization 248 / 300 ... accepted 248. Emin=24.08295851, Emax=121.02117279
realization 249 / 300 ... accepted 249. Emin=19.89994843, Emax=130.89440617
realization 250 / 300 ... accepted 250. Emin=-29.79255751, Emax=76.46165892
realization 251 / 300 ... accepted 251. Emin=-24.49311620, Emax=76.10128013
realization 252 / 300 ... accepted 252. Emin=-27.03653657, Emax=64.57038195
realization 253 / 300 ... accepted 253. Emin=-0.31428389, Emax=89.59312243
realization 254 / 300 ... accepted 254. Emin=1.71949534, Emax=95.16554163
realization 255 / 300 ... accepted 255. Emin=-23.02887756, Emax=94.92307230
realization 256 / 300 ... accepted 256. Emin=4.96554258, Emax=120.62859142
realization 257 / 300 ... accepted 257. Emin=3.75507635, Emax=101.78037429
realization 258 / 300 ... accepted 258. Emin=-33.53031254, Emax=86.55582294
realization 259 / 300 ... accepted 259. Emin=8.05403157, Emax=131.66761984
realization 260 / 300 ... accepted 260. Emin=-26.75860062, Emax=72.01869766
realization 261 / 300 ... accepted 261. Emin=18.52748494, Emax=123.88892394
realization 262 / 300 ... accepted 262. Emin=0.51756044, Emax=78.86299621
realization 263 / 300 ... accepted 263. Emin=-25.81861936, Emax=72.70540718
realization 264 / 300 ... accepted 264. Emin=-24.42516289, Emax=95.98758702
realization 265 / 300 ... accepted 265. Emin=-33.69359741, Emax=90.31595629
realization 266 / 300 ... accepted 266. Emin=46.54915425, Emax=140.66673263
realization 267 / 300 ... accepted 267. Emin=-11.75731303, Emax=100.77184988
realization 268 / 300 ... accepted 268. Emin=10.06546385, Emax=119.31523984
realization 269 / 300 ... accepted 269. Emin=15.99465543, Emax=123.18399498
realization 270 / 300 ... accepted 270. Emin=-23.42169226, Emax=71.52971344
realization 271 / 300 ... accepted 271. Emin=-18.79105178, Emax=67.39270427
realization 272 / 300 ... accepted 272. Emin=55.35803443, Emax=138.68680588
realization 273 / 300 ... accepted 273. Emin=-47.73922281, Emax=32.20683429
realization 274 / 300 ... accepted 274. Emin=-57.27410336, Emax=16.35514070
realization 275 / 300 ... accepted 275. Emin=39.08803486, Emax=132.61956554
realization 276 / 300 ... accepted 276. Emin=-3.06833678, Emax=86.77323844
realization 277 / 300 ... accepted 277. Emin=25.64811297, Emax=121.77724648
realization 278 / 300 ... accepted 278. Emin=29.54496376, Emax=109.79657920
realization 279 / 300 ... accepted 279. Emin=25.80485475, Emax=125.99089464
realization 280 / 300 ... accepted 280. Emin=10.14911166, Emax=109.74482850
realization 281 / 300 ... accepted 281. Emin=-9.63287356, Emax=103.81047934
realization 282 / 300 ... accepted 282. Emin=-18.89861400, Emax=85.00878828
realization 283 / 300 ... accepted 283. Emin=0.15927132, Emax=113.70002910
realization 284 / 300 ... accepted 284. Emin=11.57760399, Emax=110.68575834
realization 285 / 300 ... accepted 285. Emin=-29.49217304, Emax=68.63283770
realization 286 / 300 ... accepted 286. Emin=-16.14228084, Emax=93.68564470
realization 287 / 300 ... accepted 287. Emin=-19.86263976, Emax=85.71922659
realization 288 / 300 ... accepted 288. Emin=43.29246915, Emax=137.20937907
realization 289 / 300 ... accepted 289. Emin=-50.79529179, Emax=41.24701958
realization 290 / 300 ... accepted 290. Emin=3.05150353, Emax=117.45063974
realization 291 / 300 ... accepted 291. Emin=-4.71222497, Emax=92.81484031
realization 292 / 300 ... accepted 292. Emin=3.89844909, Emax=122.35854710
realization 293 / 300 ... accepted 293. Emin=11.02100680, Emax=101.95895446
realization 294 / 300 ... accepted 294. Emin=-34.12233100, Emax=57.62114029
realization 295 / 300 ... accepted 295. Emin=12.67742046, Emax=108.19972936
realization 296 / 300 ... accepted 296. Emin=0.80222124, Emax=80.19755572
realization 297 / 300 ... accepted 297. Emin=7.10022675, Emax=122.32525212
realization 298 / 300 ... accepted 298. Emin=-45.58769394, Emax=46.86720843
realization 299 / 300 ... accepted 299. Emin=8.74295794, Emax=123.46972114
realization 300 / 300 ... accepted 300. Emin=0.94167627, Emax=96.13711947
Saved final energies: /home/2/kj405942/POLFED_bosons/pbs_bose_legacy_nmax2_periodic/data/U_10/W_15/L_6/N_6_nmax_2/boundary_periodic/energies_full_U10_L6_N6_nmax2_W15_boundaryperiodic_nreal300.txt
Accepted realizations: 300 / 300
Skipped realizations: 0
Job finished at Sun May 31 17:12:21 UTC 2026
