Job started on w30 at Sun May 31 17:10:35 UTC 2026
PBS_JOBID=7731441.kruk-host.ift-klaster.lan
PBS_O_WORKDIR=/home/2/kj405942/POLFED_bosons
Bose-Hubbard: L=6, N=6, nmax=2, dim=141
t=1, U=10, W=12, nreal=300, boundary=periodic, mode=full
Writing partial results to /home/2/kj405942/POLFED_bosons/pbs_bose_legacy_nmax2_periodic/data/U_10/W_12/L_6/N_6_nmax_2/boundary_periodic/energies_full_U10_L6_N6_nmax2_W12_boundaryperiodic_nreal300_partial.txt
realization 1 / 300 ... accepted 1. Emin=12.08533254, Emax=100.77437515
realization 2 / 300 ... accepted 2. Emin=5.00063587, Emax=97.09737891
realization 3 / 300 ... accepted 3. Emin=-9.68961618, Emax=87.29705361
realization 4 / 300 ... accepted 4. Emin=-14.38519378, Emax=75.14318897
realization 5 / 300 ... accepted 5. Emin=-22.66933889, Emax=80.60356053
realization 6 / 300 ... accepted 6. Emin=-27.71376853, Emax=64.42249842
realization 7 / 300 ... accepted 7. Emin=-10.17347680, Emax=83.00172367
realization 8 / 300 ... accepted 8. Emin=-9.56516446, Emax=89.72923153
realization 9 / 300 ... accepted 9. Emin=27.84692199, Emax=114.61550438
realization 10 / 300 ... accepted 10. Emin=-3.28198662, Emax=82.86193177
realization 11 / 300 ... accepted 11. Emin=1.16734969, Emax=105.70282291
realization 12 / 300 ... accepted 12. Emin=20.49114510, Emax=104.32653677
realization 13 / 300 ... accepted 13. Emin=-34.76312934, Emax=49.02390931
realization 14 / 300 ... accepted 14. Emin=-19.00088968, Emax=70.81325100
realization 15 / 300 ... accepted 15. Emin=-23.41912413, Emax=65.86868951
realization 16 / 300 ... accepted 16. Emin=-3.71558069, Emax=98.16124925
realization 17 / 300 ... accepted 17. Emin=-9.57629145, Emax=69.73931188
realization 18 / 300 ... accepted 18. Emin=6.72317427, Emax=106.72852513
realization 19 / 300 ... accepted 19. Emin=36.68269164, Emax=113.52652642
realization 20 / 300 ... accepted 20. Emin=26.48927765, Emax=119.08622790
realization 21 / 300 ... accepted 21. Emin=-8.03184588, Emax=89.97870701
realization 22 / 300 ... accepted 22. Emin=1.07247334, Emax=92.94654133
realization 23 / 300 ... accepted 23. Emin=-8.72459869, Emax=77.51026926
realization 24 / 300 ... accepted 24. Emin=15.90370132, Emax=110.18350264
realization 25 / 300 ... accepted 25. Emin=-8.90965978, Emax=84.38494084
realization 26 / 300 ... accepted 26. Emin=-0.39194666, Emax=78.32820774
realization 27 / 300 ... accepted 27. Emin=1.08803315, Emax=112.37617500
realization 28 / 300 ... accepted 28. Emin=16.93798171, Emax=123.63136051
realization 29 / 300 ... accepted 29. Emin=28.31900086, Emax=108.12982675
realization 30 / 300 ... accepted 30. Emin=1.18311025, Emax=102.46671008
realization 31 / 300 ... accepted 31. Emin=25.82093714, Emax=98.12982830
realization 32 / 300 ... accepted 32. Emin=36.83071043, Emax=116.02112050
realization 33 / 300 ... accepted 33. Emin=-0.12650498, Emax=100.79059235
realization 34 / 300 ... accepted 34. Emin=5.12861703, Emax=88.59485469
realization 35 / 300 ... accepted 35. Emin=10.38649223, Emax=117.68856003
realization 36 / 300 ... accepted 36. Emin=22.80760337, Emax=109.30786492
realization 37 / 300 ... accepted 37. Emin=-1.08112985, Emax=89.09494409
realization 38 / 300 ... accepted 38. Emin=7.35068867, Emax=94.85443237
realization 39 / 300 ... accepted 39. Emin=-12.72945484, Emax=77.63102631
realization 40 / 300 ... accepted 40. Emin=-5.60694114, Emax=93.97492217
realization 41 / 300 ... accepted 41. Emin=24.61979278, Emax=107.58956745
realization 42 / 300 ... accepted 42. Emin=-11.84242314, Emax=95.31806801
realization 43 / 300 ... accepted 43. Emin=19.64085259, Emax=113.35014527
realization 44 / 300 ... accepted 44. Emin=-2.85979586, Emax=100.93464372
realization 45 / 300 ... accepted 45. Emin=-6.78960232, Emax=92.73677517
realization 46 / 300 ... accepted 46. Emin=-8.32068474, Emax=84.95429862
realization 47 / 300 ... accepted 47. Emin=11.94181185, Emax=103.96608833
realization 48 / 300 ... accepted 48. Emin=-5.73470197, Emax=93.33895394
realization 49 / 300 ... accepted 49. Emin=14.22645285, Emax=116.21225602
realization 50 / 300 ... accepted 50. Emin=-37.81854753, Emax=46.13630397
realization 51 / 300 ... accepted 51. Emin=8.71162407, Emax=103.34338340
realization 52 / 300 ... accepted 52. Emin=-9.24224705, Emax=86.38041793
realization 53 / 300 ... accepted 53. Emin=-25.55607437, Emax=63.57037983
realization 54 / 300 ... accepted 54. Emin=-12.99244516, Emax=85.44422192
realization 55 / 300 ... accepted 55. Emin=19.97763827, Emax=101.20033832
realization 56 / 300 ... accepted 56. Emin=8.07790434, Emax=97.81402474
realization 57 / 300 ... accepted 57. Emin=5.50535160, Emax=114.47355512
realization 58 / 300 ... accepted 58. Emin=-6.67576301, Emax=82.54687756
realization 59 / 300 ... accepted 59. Emin=-12.73419543, Emax=83.30277304
realization 60 / 300 ... accepted 60. Emin=3.76671693, Emax=113.36410374
realization 61 / 300 ... accepted 61. Emin=2.42425237, Emax=91.64603830
realization 62 / 300 ... accepted 62. Emin=15.41714058, Emax=107.62274925
realization 63 / 300 ... accepted 63. Emin=-31.89671136, Emax=72.80213303
realization 64 / 300 ... accepted 64. Emin=36.27180397, Emax=127.24031276
realization 65 / 300 ... accepted 65. Emin=4.69340737, Emax=104.14177783
realization 66 / 300 ... accepted 66. Emin=-0.67793064, Emax=92.93663515
realization 67 / 300 ... accepted 67. Emin=-20.70630883, Emax=79.28027249
realization 68 / 300 ... accepted 68. Emin=-2.23163183, Emax=101.05896018
realization 69 / 300 ... accepted 69. Emin=-2.13148222, Emax=94.25421850
realization 70 / 300 ... accepted 70. Emin=-8.99026123, Emax=95.99006724
realization 71 / 300 ... accepted 71. Emin=-11.31138182, Emax=73.43452017
realization 72 / 300 ... accepted 72. Emin=21.25397571, Emax=114.88021317
realization 73 / 300 ... accepted 73. Emin=-10.10843568, Emax=111.55286054
realization 74 / 300 ... accepted 74. Emin=-40.94911974, Emax=44.49655029
realization 75 / 300 ... accepted 75. Emin=-9.09598566, Emax=85.57426802
realization 76 / 300 ... accepted 76. Emin=19.64485704, Emax=96.92313061
realization 77 / 300 ... accepted 77. Emin=-5.59762512, Emax=110.66252928
realization 78 / 300 ... accepted 78. Emin=29.68037143, Emax=106.77350160
realization 79 / 300 ... accepted 79. Emin=12.86128343, Emax=115.77595994
realization 80 / 300 ... accepted 80. Emin=-5.07661580, Emax=125.28348238
realization 81 / 300 ... accepted 81. Emin=1.47544707, Emax=100.56311012
realization 82 / 300 ... accepted 82. Emin=-25.81477635, Emax=63.95520836
realization 83 / 300 ... accepted 83. Emin=-29.80501540, Emax=40.64532279
realization 84 / 300 ... accepted 84. Emin=-13.17326900, Emax=79.69742629
realization 85 / 300 ... accepted 85. Emin=3.28435631, Emax=101.96295875
realization 86 / 300 ... accepted 86. Emin=-3.15849474, Emax=87.87675009
realization 87 / 300 ... accepted 87. Emin=-21.85587278, Emax=86.77608349
realization 88 / 300 ... accepted 88. Emin=-17.28394383, Emax=66.97029182
realization 89 / 300 ... accepted 89. Emin=4.72103466, Emax=102.27954609
realization 90 / 300 ... accepted 90. Emin=3.90214834, Emax=110.00462845
realization 91 / 300 ... accepted 91. Emin=3.70282122, Emax=99.47184199
realization 92 / 300 ... accepted 92. Emin=-8.73773046, Emax=80.39370400
realization 93 / 300 ... accepted 93. Emin=31.50924158, Emax=113.62246749
realization 94 / 300 ... accepted 94. Emin=-0.00065527, Emax=91.61090383
realization 95 / 300 ... accepted 95. Emin=9.79268443, Emax=112.49613326
realization 96 / 300 ... accepted 96. Emin=-2.30751123, Emax=101.68702512
realization 97 / 300 ... accepted 97. Emin=8.66269896, Emax=105.59349702
realization 98 / 300 ... accepted 98. Emin=8.59000368, Emax=96.01305885
realization 99 / 300 ... accepted 99. Emin=-21.13120474, Emax=73.24518539
realization 100 / 300 ... accepted 100. Emin=2.25745156, Emax=107.02379760
realization 101 / 300 ... accepted 101. Emin=11.28118422, Emax=106.76829529
realization 102 / 300 ... accepted 102. Emin=-33.31697207, Emax=61.07340855
realization 103 / 300 ... accepted 103. Emin=-21.16515940, Emax=73.19663188
realization 104 / 300 ... accepted 104. Emin=8.57542005, Emax=108.71817328
realization 105 / 300 ... accepted 105. Emin=1.00510519, Emax=87.29598258
realization 106 / 300 ... accepted 106. Emin=21.07046813, Emax=112.72262427
realization 107 / 300 ... accepted 107. Emin=-2.68913568, Emax=96.45282636
realization 108 / 300 ... accepted 108. Emin=-6.64970117, Emax=100.98037257
realization 109 / 300 ... accepted 109. Emin=-27.55556298, Emax=73.07017690
realization 110 / 300 ... accepted 110. Emin=12.59077957, Emax=113.15689333
realization 111 / 300 ... accepted 111. Emin=9.05569407, Emax=113.76326714
realization 112 / 300 ... accepted 112. Emin=-32.06746358, Emax=70.50867796
realization 113 / 300 ... accepted 113. Emin=-19.11354775, Emax=67.37304224
realization 114 / 300 ... accepted 114. Emin=-16.17917373, Emax=66.36528454
realization 115 / 300 ... accepted 115. Emin=14.28348741, Emax=93.93601109
realization 116 / 300 ... accepted 116. Emin=14.70049951, Emax=102.18551314
realization 117 / 300 ... accepted 117. Emin=-21.35945072, Emax=97.49518961
realization 118 / 300 ... accepted 118. Emin=5.35148412, Emax=106.64847531
realization 119 / 300 ... accepted 119. Emin=-7.74826443, Emax=95.03665630
realization 120 / 300 ... accepted 120. Emin=7.18611892, Emax=95.79869673
realization 121 / 300 ... accepted 121. Emin=-24.25926508, Emax=57.56813808
realization 122 / 300 ... accepted 122. Emin=23.68966658, Emax=106.76713763
realization 123 / 300 ... accepted 123. Emin=-33.10082953, Emax=51.16733929
realization 124 / 300 ... accepted 124. Emin=-0.89556555, Emax=114.46819219
realization 125 / 300 ... accepted 125. Emin=-4.79667696, Emax=81.48496832
realization 126 / 300 ... accepted 126. Emin=-26.04889626, Emax=64.56484551
realization 127 / 300 ... accepted 127. Emin=-0.43937872, Emax=89.65761663
realization 128 / 300 ... accepted 128. Emin=32.41552181, Emax=120.14597502
realization 129 / 300 ... accepted 129. Emin=39.71893662, Emax=124.64744612
realization 130 / 300 ... accepted 130. Emin=-28.24523503, Emax=80.41756326
realization 131 / 300 ... accepted 131. Emin=13.32011399, Emax=118.14994375
realization 132 / 300 ... accepted 132. Emin=10.24545884, Emax=111.32238398
realization 133 / 300 ... accepted 133. Emin=8.74308645, Emax=97.63494352
realization 134 / 300 ... accepted 134. Emin=-12.20732080, Emax=76.80923947
realization 135 / 300 ... accepted 135. Emin=-17.66612120, Emax=87.27256629
realization 136 / 300 ... accepted 136. Emin=-6.55598556, Emax=86.01793672
realization 137 / 300 ... accepted 137. Emin=8.38453766, Emax=113.57260308
realization 138 / 300 ... accepted 138. Emin=-15.71629233, Emax=78.33106287
realization 139 / 300 ... accepted 139. Emin=-0.89440211, Emax=105.91313294
realization 140 / 300 ... accepted 140. Emin=2.68422470, Emax=95.15159828
realization 141 / 300 ... accepted 141. Emin=-40.74538704, Emax=43.12392010
realization 142 / 300 ... accepted 142. Emin=32.03419444, Emax=119.25551076
realization 143 / 300 ... accepted 143. Emin=-28.17943548, Emax=62.91470043
realization 144 / 300 ... accepted 144. Emin=8.75666325, Emax=117.17579475
realization 145 / 300 ... accepted 145. Emin=-4.43970831, Emax=74.63239911
realization 146 / 300 ... accepted 146. Emin=28.56277582, Emax=108.92791273
realization 147 / 300 ... accepted 147. Emin=22.03078214, Emax=114.15462223
realization 148 / 300 ... accepted 148. Emin=-33.79302553, Emax=62.01203863
realization 149 / 300 ... accepted 149. Emin=0.23575440, Emax=92.24456741
realization 150 / 300 ... accepted 150. Emin=-10.03512306, Emax=97.37273225
realization 151 / 300 ... accepted 151. Emin=-2.81173465, Emax=94.52304413
realization 152 / 300 ... accepted 152. Emin=-28.38525456, Emax=60.50093667
realization 153 / 300 ... accepted 153. Emin=19.59095611, Emax=121.04988189
realization 154 / 300 ... accepted 154. Emin=18.78225355, Emax=117.18165853
realization 155 / 300 ... accepted 155. Emin=26.11358650, Emax=120.93247288
realization 156 / 300 ... accepted 156. Emin=-10.94591964, Emax=85.96065706
realization 157 / 300 ... accepted 157. Emin=3.50756364, Emax=101.51333394
realization 158 / 300 ... accepted 158. Emin=-15.49824786, Emax=67.63301779
realization 159 / 300 ... accepted 159. Emin=-1.34447198, Emax=100.92947571
realization 160 / 300 ... accepted 160. Emin=-2.74116171, Emax=86.92988080
realization 161 / 300 ... accepted 161. Emin=31.05749592, Emax=120.23734324
realization 162 / 300 ... accepted 162. Emin=-20.76504372, Emax=70.16006299
realization 163 / 300 ... accepted 163. Emin=6.39685308, Emax=104.85663424
realization 164 / 300 ... accepted 164. Emin=-3.62442119, Emax=81.09655471
realization 165 / 300 ... accepted 165. Emin=-27.15106794, Emax=87.19264305
realization 166 / 300 ... accepted 166. Emin=-28.29814371, Emax=64.30682788
realization 167 / 300 ... accepted 167. Emin=-4.54972542, Emax=95.74870642
realization 168 / 300 ... accepted 168. Emin=15.78802186, Emax=117.96466444
realization 169 / 300 ... accepted 169. Emin=13.02284768, Emax=112.57536682
realization 170 / 300 ... accepted 170. Emin=50.20391280, Emax=127.52238431
realization 171 / 300 ... accepted 171. Emin=-25.04117307, Emax=57.23876157
realization 172 / 300 ... accepted 172. Emin=23.75494807, Emax=115.28165724
realization 173 / 300 ... accepted 173. Emin=-0.05416795, Emax=89.07869687
realization 174 / 300 ... accepted 174. Emin=7.68224085, Emax=98.51363103
realization 175 / 300 ... accepted 175. Emin=4.71633599, Emax=103.28959225
realization 176 / 300 ... accepted 176. Emin=-28.59831482, Emax=63.56790224
realization 177 / 300 ... accepted 177. Emin=-27.90257904, Emax=48.27745839
realization 178 / 300 ... accepted 178. Emin=23.74380271, Emax=106.98007521
realization 179 / 300 ... accepted 179. Emin=24.44948184, Emax=124.58791832
realization 180 / 300 ... accepted 180. Emin=8.53520411, Emax=98.57435009
realization 181 / 300 ... accepted 181. Emin=-12.00096321, Emax=87.77978594
realization 182 / 300 ... accepted 182. Emin=-17.44856234, Emax=97.64509561
realization 183 / 300 ... accepted 183. Emin=12.87582287, Emax=103.74666167
realization 184 / 300 ... accepted 184. Emin=16.74114718, Emax=100.98684381
realization 185 / 300 ... accepted 185. Emin=-10.76515323, Emax=92.27900144
realization 186 / 300 ... accepted 186. Emin=-6.73883329, Emax=99.81121210
realization 187 / 300 ... accepted 187. Emin=0.82342955, Emax=89.60799613
realization 188 / 300 ... accepted 188. Emin=2.66285846, Emax=95.19122111
realization 189 / 300 ... accepted 189. Emin=9.66289289, Emax=105.50889404
realization 190 / 300 ... accepted 190. Emin=0.95592592, Emax=93.88497316
realization 191 / 300 ... accepted 191. Emin=0.14860180, Emax=91.91841129
realization 192 / 300 ... accepted 192. Emin=-26.68826469, Emax=66.72195566
realization 193 / 300 ... accepted 193. Emin=3.70525892, Emax=96.07223418
realization 194 / 300 ... accepted 194. Emin=-24.73760503, Emax=82.16921973
realization 195 / 300 ... accepted 195. Emin=14.68847467, Emax=95.61971265
realization 196 / 300 ... accepted 196. Emin=8.08018372, Emax=107.95957869
realization 197 / 300 ... accepted 197. Emin=25.26639943, Emax=109.44143792
realization 198 / 300 ... accepted 198. Emin=-2.08856998, Emax=87.29833785
realization 199 / 300 ... accepted 199. Emin=17.71534927, Emax=106.54577117
realization 200 / 300 ... accepted 200. Emin=-11.12134075, Emax=86.99490066
realization 201 / 300 ... accepted 201. Emin=5.01114305, Emax=101.69781909
realization 202 / 300 ... accepted 202. Emin=-25.82252682, Emax=63.58976297
realization 203 / 300 ... accepted 203. Emin=-8.27701592, Emax=86.11971632
realization 204 / 300 ... accepted 204. Emin=-6.96587875, Emax=92.86094193
realization 205 / 300 ... accepted 205. Emin=-32.79611624, Emax=50.30584087
realization 206 / 300 ... accepted 206. Emin=14.32360579, Emax=100.95451753
realization 207 / 300 ... accepted 207. Emin=-22.31798935, Emax=82.10537780
realization 208 / 300 ... accepted 208. Emin=21.25417295, Emax=100.42625747
realization 209 / 300 ... accepted 209. Emin=-27.13234236, Emax=64.28821745
realization 210 / 300 ... accepted 210. Emin=35.71026507, Emax=122.34740266
realization 211 / 300 ... accepted 211. Emin=17.36372455, Emax=113.40851604
realization 212 / 300 ... accepted 212. Emin=-7.04501014, Emax=103.48897068
realization 213 / 300 ... accepted 213. Emin=10.63288777, Emax=96.37462232
realization 214 / 300 ... accepted 214. Emin=-6.38925317, Emax=97.50221319
realization 215 / 300 ... accepted 215. Emin=1.16909150, Emax=95.29673588
realization 216 / 300 ... accepted 216. Emin=25.76171195, Emax=111.58664723
realization 217 / 300 ... accepted 217. Emin=5.84727095, Emax=98.88345004
realization 218 / 300 ... accepted 218. Emin=-2.53539298, Emax=91.54761178
realization 219 / 300 ... accepted 219. Emin=-3.58134051, Emax=95.26758626
realization 220 / 300 ... accepted 220. Emin=12.64047685, Emax=106.82779618
realization 221 / 300 ... accepted 221. Emin=7.19794160, Emax=114.93386609
realization 222 / 300 ... accepted 222. Emin=-14.62859491, Emax=73.74523902
realization 223 / 300 ... accepted 223. Emin=9.89158721, Emax=116.12393317
realization 224 / 300 ... accepted 224. Emin=19.83247565, Emax=105.66473044
realization 225 / 300 ... accepted 225. Emin=6.04119748, Emax=94.08646451
realization 226 / 300 ... accepted 226. Emin=1.28066257, Emax=105.55112404
realization 227 / 300 ... accepted 227. Emin=-12.66208170, Emax=92.20018960
realization 228 / 300 ... accepted 228. Emin=-22.37171033, Emax=65.47068891
realization 229 / 300 ... accepted 229. Emin=-2.75060175, Emax=101.83797085
realization 230 / 300 ... accepted 230. Emin=15.04522253, Emax=92.65309595
realization 231 / 300 ... accepted 231. Emin=-5.17525582, Emax=108.57734494
realization 232 / 300 ... accepted 232. Emin=-6.59012167, Emax=87.77854952
realization 233 / 300 ... accepted 233. Emin=3.38638498, Emax=82.79928486
realization 234 / 300 ... accepted 234. Emin=-7.99003071, Emax=88.14548922
realization 235 / 300 ... accepted 235. Emin=-0.85977588, Emax=85.12715400
realization 236 / 300 ... accepted 236. Emin=-2.19605851, Emax=85.92991732
realization 237 / 300 ... accepted 237. Emin=13.82651080, Emax=104.62935790
realization 238 / 300 ... accepted 238. Emin=17.81413281, Emax=101.43830809
realization 239 / 300 ... accepted 239. Emin=28.27386112, Emax=99.49605072
realization 240 / 300 ... accepted 240. Emin=-18.00432349, Emax=88.72906200
realization 241 / 300 ... accepted 241. Emin=-7.46044629, Emax=97.82241783
realization 242 / 300 ... accepted 242. Emin=-0.67170847, Emax=91.09776616
realization 243 / 300 ... accepted 243. Emin=9.10242724, Emax=116.03370930
realization 244 / 300 ... accepted 244. Emin=-14.32673667, Emax=73.13009443
realization 245 / 300 ... accepted 245. Emin=-11.36768594, Emax=100.32941444
realization 246 / 300 ... accepted 246. Emin=-1.26476529, Emax=81.65093506
realization 247 / 300 ... accepted 247. Emin=13.87934632, Emax=100.50508773
realization 248 / 300 ... accepted 248. Emin=28.44729438, Emax=112.16734591
realization 249 / 300 ... accepted 249. Emin=-0.35639447, Emax=95.19033054
realization 250 / 300 ... accepted 250. Emin=-21.02415327, Emax=67.87334056
realization 251 / 300 ... accepted 251. Emin=3.67964018, Emax=95.33777641
realization 252 / 300 ... accepted 252. Emin=-23.23995014, Emax=63.88276572
realization 253 / 300 ... accepted 253. Emin=-30.39546146, Emax=77.08604861
realization 254 / 300 ... accepted 254. Emin=-26.61973503, Emax=70.59976618
realization 255 / 300 ... accepted 255. Emin=-8.58852390, Emax=70.64881985
realization 256 / 300 ... accepted 256. Emin=-9.94482254, Emax=89.57614588
realization 257 / 300 ... accepted 257. Emin=13.23771716, Emax=99.34968496
realization 258 / 300 ... accepted 258. Emin=-8.29245027, Emax=86.67431468
realization 259 / 300 ... accepted 259. Emin=-18.85280724, Emax=77.20260044
realization 260 / 300 ... accepted 260. Emin=-43.58007600, Emax=46.70753040
realization 261 / 300 ... accepted 261. Emin=-24.43882932, Emax=65.57019852
realization 262 / 300 ... accepted 262. Emin=6.83213922, Emax=114.07197264
realization 263 / 300 ... accepted 263. Emin=0.31063998, Emax=126.25299781
realization 264 / 300 ... accepted 264. Emin=-6.06725914, Emax=71.06841156
realization 265 / 300 ... accepted 265. Emin=17.96544762, Emax=103.21818945
realization 266 / 300 ... accepted 266. Emin=-1.58202207, Emax=79.61333330
realization 267 / 300 ... accepted 267. Emin=15.15197139, Emax=111.22882296
realization 268 / 300 ... accepted 268. Emin=5.51079197, Emax=93.20091023
realization 269 / 300 ... accepted 269. Emin=-0.03812706, Emax=89.59667117
realization 270 / 300 ... accepted 270. Emin=9.62025646, Emax=104.15578163
realization 271 / 300 ... accepted 271. Emin=-13.42726655, Emax=70.21539940
realization 272 / 300 ... accepted 272. Emin=12.79938271, Emax=100.72823886
realization 273 / 300 ... accepted 273. Emin=14.14203894, Emax=90.96921700
realization 274 / 300 ... accepted 274. Emin=2.42507777, Emax=86.52376399
realization 275 / 300 ... accepted 275. Emin=-8.00662912, Emax=77.55907677
realization 276 / 300 ... accepted 276. Emin=-25.82652591, Emax=59.70778266
realization 277 / 300 ... accepted 277. Emin=2.26593652, Emax=106.68446534
realization 278 / 300 ... accepted 278. Emin=3.75692696, Emax=107.98163488
realization 279 / 300 ... accepted 279. Emin=-18.76299232, Emax=76.93864237
realization 280 / 300 ... accepted 280. Emin=1.97267422, Emax=103.05991033
realization 281 / 300 ... accepted 281. Emin=-31.89547886, Emax=59.76384900
realization 282 / 300 ... accepted 282. Emin=-1.67278390, Emax=91.45121349
realization 283 / 300 ... accepted 283. Emin=-15.36533732, Emax=59.77986093
realization 284 / 300 ... accepted 284. Emin=3.39032683, Emax=91.88470866
realization 285 / 300 ... accepted 285. Emin=30.99311860, Emax=107.01043502
realization 286 / 300 ... accepted 286. Emin=-2.57827197, Emax=92.33330759
realization 287 / 300 ... accepted 287. Emin=-10.56058759, Emax=78.45705755
realization 288 / 300 ... accepted 288. Emin=-13.87844227, Emax=92.37308041
realization 289 / 300 ... accepted 289. Emin=-32.14549303, Emax=54.29777894
realization 290 / 300 ... accepted 290. Emin=-20.07782029, Emax=72.77365503
realization 291 / 300 ... accepted 291. Emin=-13.12239261, Emax=93.05024575
realization 292 / 300 ... accepted 292. Emin=-2.96853603, Emax=93.28817704
realization 293 / 300 ... accepted 293. Emin=-15.24212184, Emax=86.98140983
realization 294 / 300 ... accepted 294. Emin=3.08446586, Emax=103.02312059
realization 295 / 300 ... accepted 295. Emin=11.40312355, Emax=106.06750533
realization 296 / 300 ... accepted 296. Emin=-2.68730766, Emax=92.61371447
realization 297 / 300 ... accepted 297. Emin=7.01185658, Emax=97.33018556
realization 298 / 300 ... accepted 298. Emin=28.02542551, Emax=121.20930040
realization 299 / 300 ... accepted 299. Emin=-3.72465121, Emax=102.76196875
realization 300 / 300 ... accepted 300. Emin=9.15858549, Emax=100.16121977
Saved final energies: /home/2/kj405942/POLFED_bosons/pbs_bose_legacy_nmax2_periodic/data/U_10/W_12/L_6/N_6_nmax_2/boundary_periodic/energies_full_U10_L6_N6_nmax2_W12_boundaryperiodic_nreal300.txt
Accepted realizations: 300 / 300
Skipped realizations: 0
Job finished at Sun May 31 17:12:09 UTC 2026
