Job started on w30 at Sun May 31 17:10:35 UTC 2026
PBS_JOBID=7731443.kruk-host.ift-klaster.lan
PBS_O_WORKDIR=/home/2/kj405942/POLFED_bosons
Bose-Hubbard: L=6, N=6, nmax=2, dim=141
t=1, U=10, W=14, nreal=300, boundary=periodic, mode=full
Writing partial results to /home/2/kj405942/POLFED_bosons/pbs_bose_legacy_nmax2_periodic/data/U_10/W_14/L_6/N_6_nmax_2/boundary_periodic/energies_full_U10_L6_N6_nmax2_W14_boundaryperiodic_nreal300_partial.txt
realization 1 / 300 ... accepted 1. Emin=-16.12202246, Emax=87.24191494
realization 2 / 300 ... accepted 2. Emin=16.33473389, Emax=103.56340015
realization 3 / 300 ... accepted 3. Emin=-13.18950396, Emax=91.61037762
realization 4 / 300 ... accepted 4. Emin=-31.23361396, Emax=64.20795377
realization 5 / 300 ... accepted 5. Emin=-27.65585765, Emax=62.23228314
realization 6 / 300 ... accepted 6. Emin=0.26146307, Emax=114.12151894
realization 7 / 300 ... accepted 7. Emin=14.24165232, Emax=107.11075597
realization 8 / 300 ... accepted 8. Emin=8.47546519, Emax=121.85744667
realization 9 / 300 ... accepted 9. Emin=-27.49366852, Emax=75.07632587
realization 10 / 300 ... accepted 10. Emin=3.78291830, Emax=106.18091617
realization 11 / 300 ... accepted 11. Emin=16.70273801, Emax=102.12262003
realization 12 / 300 ... accepted 12. Emin=20.08080789, Emax=108.46981313
realization 13 / 300 ... accepted 13. Emin=1.68484499, Emax=80.56630353
realization 14 / 300 ... accepted 14. Emin=5.51168937, Emax=94.06746502
realization 15 / 300 ... accepted 15. Emin=-15.31038445, Emax=81.89261519
realization 16 / 300 ... accepted 16. Emin=19.92302909, Emax=116.63170950
realization 17 / 300 ... accepted 17. Emin=2.34570653, Emax=99.19931865
realization 18 / 300 ... accepted 18. Emin=24.82328257, Emax=109.37040651
realization 19 / 300 ... accepted 19. Emin=11.17072814, Emax=125.28567052
realization 20 / 300 ... accepted 20. Emin=0.52627172, Emax=104.98618881
realization 21 / 300 ... accepted 21. Emin=-3.25035255, Emax=98.82620640
realization 22 / 300 ... accepted 22. Emin=-43.09210546, Emax=59.28062124
realization 23 / 300 ... accepted 23. Emin=3.86497590, Emax=104.89084295
realization 24 / 300 ... accepted 24. Emin=-25.03121009, Emax=69.96343998
realization 25 / 300 ... accepted 25. Emin=-1.19314767, Emax=88.18779495
realization 26 / 300 ... accepted 26. Emin=-17.13848156, Emax=79.65441961
realization 27 / 300 ... accepted 27. Emin=12.35919823, Emax=109.96961918
realization 28 / 300 ... accepted 28. Emin=-11.61678855, Emax=94.92390552
realization 29 / 300 ... accepted 29. Emin=-26.39732207, Emax=62.79711806
realization 30 / 300 ... accepted 30. Emin=-31.15086381, Emax=65.04901349
realization 31 / 300 ... accepted 31. Emin=29.81535444, Emax=114.35230849
realization 32 / 300 ... accepted 32. Emin=4.62151736, Emax=87.61862661
realization 33 / 300 ... accepted 33. Emin=-15.19726535, Emax=74.43419022
realization 34 / 300 ... accepted 34. Emin=13.85734384, Emax=120.45602367
realization 35 / 300 ... accepted 35. Emin=-31.93926604, Emax=67.19942045
realization 36 / 300 ... accepted 36. Emin=-31.92793726, Emax=63.95997287
realization 37 / 300 ... accepted 37. Emin=-12.46783756, Emax=89.16162995
realization 38 / 300 ... accepted 38. Emin=-2.30932612, Emax=90.66704776
realization 39 / 300 ... accepted 39. Emin=22.14400843, Emax=123.03116556
realization 40 / 300 ... accepted 40. Emin=-8.74028914, Emax=113.62542487
realization 41 / 300 ... accepted 41. Emin=11.09925864, Emax=123.30793234
realization 42 / 300 ... accepted 42. Emin=2.25765436, Emax=82.19389404
realization 43 / 300 ... accepted 43. Emin=-31.37120929, Emax=67.73384356
realization 44 / 300 ... accepted 44. Emin=-10.99892789, Emax=110.28682093
realization 45 / 300 ... accepted 45. Emin=47.13926276, Emax=135.39862749
realization 46 / 300 ... accepted 46. Emin=-8.45036866, Emax=105.55880585
realization 47 / 300 ... accepted 47. Emin=-18.25438943, Emax=76.56767464
realization 48 / 300 ... accepted 48. Emin=16.57154501, Emax=117.20240423
realization 49 / 300 ... accepted 49. Emin=19.84929221, Emax=127.08849821
realization 50 / 300 ... accepted 50. Emin=-23.44322803, Emax=100.68647759
realization 51 / 300 ... accepted 51. Emin=-4.90941491, Emax=99.72602300
realization 52 / 300 ... accepted 52. Emin=-2.58659951, Emax=79.85277447
realization 53 / 300 ... accepted 53. Emin=-7.71451210, Emax=103.34932075
realization 54 / 300 ... accepted 54. Emin=8.55303077, Emax=107.66648223
realization 55 / 300 ... accepted 55. Emin=-8.35452157, Emax=86.45226084
realization 56 / 300 ... accepted 56. Emin=7.08966872, Emax=96.76511070
realization 57 / 300 ... accepted 57. Emin=-22.32493014, Emax=79.49880203
realization 58 / 300 ... accepted 58. Emin=-45.78690252, Emax=37.17428910
realization 59 / 300 ... accepted 59. Emin=-47.88454929, Emax=40.37236083
realization 60 / 300 ... accepted 60. Emin=-24.07606796, Emax=82.77249236
realization 61 / 300 ... accepted 61. Emin=-36.53389339, Emax=34.67622804
realization 62 / 300 ... accepted 62. Emin=8.39202782, Emax=110.38545741
realization 63 / 300 ... accepted 63. Emin=-22.97130207, Emax=59.46162581
realization 64 / 300 ... accepted 64. Emin=-5.21255685, Emax=90.62992594
realization 65 / 300 ... accepted 65. Emin=-12.34614512, Emax=69.67395352
realization 66 / 300 ... accepted 66. Emin=-19.16406249, Emax=84.89341154
realization 67 / 300 ... accepted 67. Emin=-6.30286317, Emax=103.08177684
realization 68 / 300 ... accepted 68. Emin=3.55634983, Emax=115.76983942
realization 69 / 300 ... accepted 69. Emin=-16.03716528, Emax=98.36550496
realization 70 / 300 ... accepted 70. Emin=17.99567342, Emax=113.85064302
realization 71 / 300 ... accepted 71. Emin=6.93237344, Emax=101.38998175
realization 72 / 300 ... accepted 72. Emin=7.76378780, Emax=106.00475042
realization 73 / 300 ... accepted 73. Emin=-12.09749804, Emax=78.32209209
realization 74 / 300 ... accepted 74. Emin=-14.22209753, Emax=82.45193511
realization 75 / 300 ... accepted 75. Emin=-42.66688144, Emax=37.63684941
realization 76 / 300 ... accepted 76. Emin=5.52580242, Emax=118.48123962
realization 77 / 300 ... accepted 77. Emin=-43.89040003, Emax=53.32556193
realization 78 / 300 ... accepted 78. Emin=-28.75911829, Emax=70.18494886
realization 79 / 300 ... accepted 79. Emin=29.72590711, Emax=124.66931639
realization 80 / 300 ... accepted 80. Emin=32.80700119, Emax=133.77814315
realization 81 / 300 ... accepted 81. Emin=5.06584605, Emax=97.97367701
realization 82 / 300 ... accepted 82. Emin=-51.01756517, Emax=44.06232634
realization 83 / 300 ... accepted 83. Emin=-40.34660084, Emax=63.84206740
realization 84 / 300 ... accepted 84. Emin=5.44162313, Emax=126.69588820
realization 85 / 300 ... accepted 85. Emin=8.54777819, Emax=115.34236746
realization 86 / 300 ... accepted 86. Emin=6.20576042, Emax=98.48157537
realization 87 / 300 ... accepted 87. Emin=-21.60283489, Emax=77.16258425
realization 88 / 300 ... accepted 88. Emin=-22.70148846, Emax=69.90355705
realization 89 / 300 ... accepted 89. Emin=2.01837080, Emax=109.26770050
realization 90 / 300 ... accepted 90. Emin=-2.92455105, Emax=110.83793382
realization 91 / 300 ... accepted 91. Emin=-39.12314178, Emax=66.21957476
realization 92 / 300 ... accepted 92. Emin=4.75202099, Emax=86.25437271
realization 93 / 300 ... accepted 93. Emin=39.19390796, Emax=135.78759273
realization 94 / 300 ... accepted 94. Emin=-25.10737176, Emax=84.12123537
realization 95 / 300 ... accepted 95. Emin=-44.53974530, Emax=54.61499396
realization 96 / 300 ... accepted 96. Emin=-8.12465533, Emax=102.43822971
realization 97 / 300 ... accepted 97. Emin=-17.62738017, Emax=82.85341935
realization 98 / 300 ... accepted 98. Emin=-36.43244089, Emax=62.38925151
realization 99 / 300 ... accepted 99. Emin=19.90877257, Emax=115.18206022
realization 100 / 300 ... accepted 100. Emin=-25.65275474, Emax=87.15869548
realization 101 / 300 ... accepted 101. Emin=31.78762517, Emax=121.56004164
realization 102 / 300 ... accepted 102. Emin=19.52999963, Emax=124.24632442
realization 103 / 300 ... accepted 103. Emin=2.43649344, Emax=111.88581673
realization 104 / 300 ... accepted 104. Emin=8.51405718, Emax=120.99586125
realization 105 / 300 ... accepted 105. Emin=-7.91242597, Emax=131.14020952
realization 106 / 300 ... accepted 106. Emin=-25.64938937, Emax=63.89251160
realization 107 / 300 ... accepted 107. Emin=-9.81238119, Emax=80.71495267
realization 108 / 300 ... accepted 108. Emin=-10.46715563, Emax=75.97202632
realization 109 / 300 ... accepted 109. Emin=8.16700851, Emax=107.18330473
realization 110 / 300 ... accepted 110. Emin=26.27675787, Emax=112.78995114
realization 111 / 300 ... accepted 111. Emin=39.69974934, Emax=121.91158802
realization 112 / 300 ... accepted 112. Emin=-20.66894265, Emax=65.33998046
realization 113 / 300 ... accepted 113. Emin=-11.01024092, Emax=103.33170334
realization 114 / 300 ... accepted 114. Emin=-5.49388147, Emax=97.31208222
realization 115 / 300 ... accepted 115. Emin=32.54546997, Emax=132.61272017
realization 116 / 300 ... accepted 116. Emin=-3.94054513, Emax=117.15251338
realization 117 / 300 ... accepted 117. Emin=20.90983164, Emax=104.51297545
realization 118 / 300 ... accepted 118. Emin=4.72442187, Emax=118.59312883
realization 119 / 300 ... accepted 119. Emin=-23.21436536, Emax=87.55576474
realization 120 / 300 ... accepted 120. Emin=-17.03221816, Emax=86.41256043
realization 121 / 300 ... accepted 121. Emin=-14.03514886, Emax=86.35455543
realization 122 / 300 ... accepted 122. Emin=24.48971904, Emax=108.16407014
realization 123 / 300 ... accepted 123. Emin=-15.23404524, Emax=77.76894171
realization 124 / 300 ... accepted 124. Emin=9.99224029, Emax=134.89936819
realization 125 / 300 ... accepted 125. Emin=-33.71381224, Emax=72.25759702
realization 126 / 300 ... accepted 126. Emin=7.91294316, Emax=125.47025782
realization 127 / 300 ... accepted 127. Emin=-13.75551957, Emax=70.25070806
realization 128 / 300 ... accepted 128. Emin=13.04643665, Emax=131.63164135
realization 129 / 300 ... accepted 129. Emin=-8.29440591, Emax=97.35805527
realization 130 / 300 ... accepted 130. Emin=9.22898109, Emax=89.15809518
realization 131 / 300 ... accepted 131. Emin=-10.24107556, Emax=92.38060273
realization 132 / 300 ... accepted 132. Emin=-3.74216096, Emax=81.44583329
realization 133 / 300 ... accepted 133. Emin=23.43051517, Emax=111.62582353
realization 134 / 300 ... accepted 134. Emin=-59.56598262, Emax=22.76895651
realization 135 / 300 ... accepted 135. Emin=8.81922221, Emax=86.57105179
realization 136 / 300 ... accepted 136. Emin=-10.23344925, Emax=99.95911939
realization 137 / 300 ... accepted 137. Emin=-11.13913074, Emax=82.70154441
realization 138 / 300 ... accepted 138. Emin=8.89315602, Emax=118.55217311
realization 139 / 300 ... accepted 139. Emin=-18.44954242, Emax=98.28561663
realization 140 / 300 ... accepted 140. Emin=-20.79873517, Emax=78.34315769
realization 141 / 300 ... accepted 141. Emin=-4.70978113, Emax=97.66447938
realization 142 / 300 ... accepted 142. Emin=-18.08618682, Emax=102.97229586
realization 143 / 300 ... accepted 143. Emin=51.26878063, Emax=130.89355866
realization 144 / 300 ... accepted 144. Emin=-14.94132798, Emax=72.49323006
realization 145 / 300 ... accepted 145. Emin=-9.08332278, Emax=67.83972338
realization 146 / 300 ... accepted 146. Emin=4.29470136, Emax=116.17235450
realization 147 / 300 ... accepted 147. Emin=-1.62871954, Emax=95.92441280
realization 148 / 300 ... accepted 148. Emin=-33.04813590, Emax=52.95775028
realization 149 / 300 ... accepted 149. Emin=8.06863471, Emax=102.07186088
realization 150 / 300 ... accepted 150. Emin=-24.57301181, Emax=80.22200074
realization 151 / 300 ... accepted 151. Emin=18.63889978, Emax=110.65402381
realization 152 / 300 ... accepted 152. Emin=16.59399603, Emax=106.87729823
realization 153 / 300 ... accepted 153. Emin=-3.47243201, Emax=92.46489295
realization 154 / 300 ... accepted 154. Emin=26.08661715, Emax=113.67565707
realization 155 / 300 ... accepted 155. Emin=6.91385454, Emax=109.25315867
realization 156 / 300 ... accepted 156. Emin=-2.68019977, Emax=108.64542600
realization 157 / 300 ... accepted 157. Emin=13.81215506, Emax=98.98109377
realization 158 / 300 ... accepted 158. Emin=-15.13143548, Emax=92.34361089
realization 159 / 300 ... accepted 159. Emin=-2.90146282, Emax=83.69199905
realization 160 / 300 ... accepted 160. Emin=12.48436883, Emax=116.37221632
realization 161 / 300 ... accepted 161. Emin=13.34896921, Emax=128.84290156
realization 162 / 300 ... accepted 162. Emin=-23.23915390, Emax=61.84143776
realization 163 / 300 ... accepted 163. Emin=41.80162287, Emax=129.64191611
realization 164 / 300 ... accepted 164. Emin=-5.33058000, Emax=96.02508648
realization 165 / 300 ... accepted 165. Emin=-7.22275328, Emax=91.43535463
realization 166 / 300 ... accepted 166. Emin=7.46477165, Emax=107.37603047
realization 167 / 300 ... accepted 167. Emin=-19.15122720, Emax=94.43869364
realization 168 / 300 ... accepted 168. Emin=-11.04764560, Emax=105.28270324
realization 169 / 300 ... accepted 169. Emin=-1.55101035, Emax=108.16442743
realization 170 / 300 ... accepted 170. Emin=8.61004774, Emax=116.68813953
realization 171 / 300 ... accepted 171. Emin=-12.88441513, Emax=107.24967683
realization 172 / 300 ... accepted 172. Emin=1.74096831, Emax=108.36550724
realization 173 / 300 ... accepted 173. Emin=4.51101861, Emax=102.94225737
realization 174 / 300 ... accepted 174. Emin=-41.12591195, Emax=42.11169687
realization 175 / 300 ... accepted 175. Emin=-19.92845652, Emax=77.83401963
realization 176 / 300 ... accepted 176. Emin=9.91209375, Emax=123.65472558
realization 177 / 300 ... accepted 177. Emin=17.75371006, Emax=117.82936973
realization 178 / 300 ... accepted 178. Emin=-21.44374410, Emax=77.67275561
realization 179 / 300 ... accepted 179. Emin=-14.26869418, Emax=110.31430878
realization 180 / 300 ... accepted 180. Emin=1.35914013, Emax=111.16819930
realization 181 / 300 ... accepted 181. Emin=16.49976270, Emax=105.35601706
realization 182 / 300 ... accepted 182. Emin=25.07086542, Emax=115.21234320
realization 183 / 300 ... accepted 183. Emin=-0.76719267, Emax=97.87730630
realization 184 / 300 ... accepted 184. Emin=0.94839384, Emax=108.08913877
realization 185 / 300 ... accepted 185. Emin=14.29019492, Emax=123.52392672
realization 186 / 300 ... accepted 186. Emin=-6.39529759, Emax=108.56245136
realization 187 / 300 ... accepted 187. Emin=9.63787295, Emax=105.78840235
realization 188 / 300 ... accepted 188. Emin=-13.84141025, Emax=77.42203601
realization 189 / 300 ... accepted 189. Emin=6.83149523, Emax=97.02557870
realization 190 / 300 ... accepted 190. Emin=-4.51559532, Emax=82.53325397
realization 191 / 300 ... accepted 191. Emin=1.67976284, Emax=112.14927646
realization 192 / 300 ... accepted 192. Emin=-32.74671566, Emax=47.75924611
realization 193 / 300 ... accepted 193. Emin=13.99845855, Emax=116.36627316
realization 194 / 300 ... accepted 194. Emin=-31.94231524, Emax=81.23856200
realization 195 / 300 ... accepted 195. Emin=21.16970161, Emax=119.28654700
realization 196 / 300 ... accepted 196. Emin=-1.13526706, Emax=109.60099643
realization 197 / 300 ... accepted 197. Emin=9.08208525, Emax=108.24662900
realization 198 / 300 ... accepted 198. Emin=-21.19025587, Emax=109.13767383
realization 199 / 300 ... accepted 199. Emin=25.38001103, Emax=135.86136951
realization 200 / 300 ... accepted 200. Emin=-1.85201335, Emax=93.85600207
realization 201 / 300 ... accepted 201. Emin=14.64481360, Emax=106.47082371
realization 202 / 300 ... accepted 202. Emin=7.79291742, Emax=115.80798758
realization 203 / 300 ... accepted 203. Emin=17.82741724, Emax=107.64006750
realization 204 / 300 ... accepted 204. Emin=10.60434030, Emax=131.49667148
realization 205 / 300 ... accepted 205. Emin=3.68038705, Emax=111.48161972
realization 206 / 300 ... accepted 206. Emin=-3.60838638, Emax=105.57674044
realization 207 / 300 ... accepted 207. Emin=15.51289253, Emax=105.27591599
realization 208 / 300 ... accepted 208. Emin=-11.67785064, Emax=118.10963041
realization 209 / 300 ... accepted 209. Emin=3.69441219, Emax=89.56160308
realization 210 / 300 ... accepted 210. Emin=-29.45250435, Emax=63.91793659
realization 211 / 300 ... accepted 211. Emin=-14.40262052, Emax=88.07492286
realization 212 / 300 ... accepted 212. Emin=6.68225818, Emax=105.63341114
realization 213 / 300 ... accepted 213. Emin=-19.35262027, Emax=71.69281798
realization 214 / 300 ... accepted 214. Emin=-22.89738389, Emax=96.78980289
realization 215 / 300 ... accepted 215. Emin=16.02585470, Emax=128.09298490
realization 216 / 300 ... accepted 216. Emin=-39.27653422, Emax=47.19280036
realization 217 / 300 ... accepted 217. Emin=3.03430662, Emax=98.17236563
realization 218 / 300 ... accepted 218. Emin=9.89307076, Emax=108.61600637
realization 219 / 300 ... accepted 219. Emin=-37.87471987, Emax=88.02420784
realization 220 / 300 ... accepted 220. Emin=-19.11814402, Emax=59.29754819
realization 221 / 300 ... accepted 221. Emin=-31.02923885, Emax=64.49480821
realization 222 / 300 ... accepted 222. Emin=-7.16384036, Emax=118.65862095
realization 223 / 300 ... accepted 223. Emin=-7.47874211, Emax=103.05785715
realization 224 / 300 ... accepted 224. Emin=-32.92264626, Emax=76.21140102
realization 225 / 300 ... accepted 225. Emin=-22.95101640, Emax=83.49546234
realization 226 / 300 ... accepted 226. Emin=23.25775650, Emax=117.55509661
realization 227 / 300 ... accepted 227. Emin=-20.45978511, Emax=68.18977976
realization 228 / 300 ... accepted 228. Emin=-26.14269849, Emax=88.48081456
realization 229 / 300 ... accepted 229. Emin=-5.46001456, Emax=101.63115987
realization 230 / 300 ... accepted 230. Emin=3.36696606, Emax=95.13908138
realization 231 / 300 ... accepted 231. Emin=-30.34473900, Emax=60.79486987
realization 232 / 300 ... accepted 232. Emin=40.70145433, Emax=122.83741240
realization 233 / 300 ... accepted 233. Emin=11.66337020, Emax=107.43452857
realization 234 / 300 ... accepted 234. Emin=-1.26783577, Emax=106.45278832
realization 235 / 300 ... accepted 235. Emin=-5.24011900, Emax=112.44767257
realization 236 / 300 ... accepted 236. Emin=34.21509767, Emax=117.04990351
realization 237 / 300 ... accepted 237. Emin=0.69340708, Emax=108.27026806
realization 238 / 300 ... accepted 238. Emin=8.20965003, Emax=121.54638400
realization 239 / 300 ... accepted 239. Emin=-4.97567549, Emax=113.84562767
realization 240 / 300 ... accepted 240. Emin=7.88771194, Emax=113.66984038
realization 241 / 300 ... accepted 241. Emin=-34.24373067, Emax=68.70504347
realization 242 / 300 ... accepted 242. Emin=-2.85887753, Emax=83.54355180
realization 243 / 300 ... accepted 243. Emin=11.06408047, Emax=102.22929003
realization 244 / 300 ... accepted 244. Emin=-8.88419628, Emax=74.58382033
realization 245 / 300 ... accepted 245. Emin=27.57153248, Emax=115.66288479
realization 246 / 300 ... accepted 246. Emin=-25.28031456, Emax=102.04030643
realization 247 / 300 ... accepted 247. Emin=-3.11270148, Emax=91.98329151
realization 248 / 300 ... accepted 248. Emin=-20.61333218, Emax=88.81192206
realization 249 / 300 ... accepted 249. Emin=28.73928868, Emax=120.89317109
realization 250 / 300 ... accepted 250. Emin=-20.41075737, Emax=86.30722447
realization 251 / 300 ... accepted 251. Emin=17.87760740, Emax=129.01068935
realization 252 / 300 ... accepted 252. Emin=-10.13726540, Emax=104.74403409
realization 253 / 300 ... accepted 253. Emin=15.93955163, Emax=127.51996173
realization 254 / 300 ... accepted 254. Emin=7.08554153, Emax=89.24972621
realization 255 / 300 ... accepted 255. Emin=-24.25615263, Emax=89.56417891
realization 256 / 300 ... accepted 256. Emin=-16.30288088, Emax=76.13969120
realization 257 / 300 ... accepted 257. Emin=-22.86924029, Emax=63.93767377
realization 258 / 300 ... accepted 258. Emin=10.22964942, Emax=101.05142228
realization 259 / 300 ... accepted 259. Emin=-25.51129127, Emax=75.83665736
realization 260 / 300 ... accepted 260. Emin=-17.15543440, Emax=70.93080145
realization 261 / 300 ... accepted 261. Emin=4.52360897, Emax=101.16832112
realization 262 / 300 ... accepted 262. Emin=-18.69398544, Emax=72.96814689
realization 263 / 300 ... accepted 263. Emin=-14.56231497, Emax=86.80651422
realization 264 / 300 ... accepted 264. Emin=0.00349105, Emax=108.83663226
realization 265 / 300 ... accepted 265. Emin=4.55805108, Emax=99.44533135
realization 266 / 300 ... accepted 266. Emin=0.26153529, Emax=92.05608840
realization 267 / 300 ... accepted 267. Emin=10.46899634, Emax=123.11867388
realization 268 / 300 ... accepted 268. Emin=31.46260154, Emax=111.63244559
realization 269 / 300 ... accepted 269. Emin=-35.04229760, Emax=51.99027580
realization 270 / 300 ... accepted 270. Emin=28.60806194, Emax=127.42878304
realization 271 / 300 ... accepted 271. Emin=-49.43167216, Emax=32.58530575
realization 272 / 300 ... accepted 272. Emin=-4.18850021, Emax=94.58621863
realization 273 / 300 ... accepted 273. Emin=-7.88262160, Emax=109.15093028
realization 274 / 300 ... accepted 274. Emin=-1.52544932, Emax=108.63395167
realization 275 / 300 ... accepted 275. Emin=8.58542065, Emax=103.49116033
realization 276 / 300 ... accepted 276. Emin=-10.47560175, Emax=89.92463445
realization 277 / 300 ... accepted 277. Emin=20.28955983, Emax=133.29929441
realization 278 / 300 ... accepted 278. Emin=20.80051092, Emax=114.97973021
realization 279 / 300 ... accepted 279. Emin=-13.45820522, Emax=96.59037325
realization 280 / 300 ... accepted 280. Emin=20.31495839, Emax=113.73310785
realization 281 / 300 ... accepted 281. Emin=-31.15484614, Emax=71.43010592
realization 282 / 300 ... accepted 282. Emin=-13.20581241, Emax=65.85393518
realization 283 / 300 ... accepted 283. Emin=-32.65626822, Emax=56.23160343
realization 284 / 300 ... accepted 284. Emin=-22.58070144, Emax=76.97313652
realization 285 / 300 ... accepted 285. Emin=-6.24997684, Emax=113.37532917
realization 286 / 300 ... accepted 286. Emin=-1.47314245, Emax=104.10944638
realization 287 / 300 ... accepted 287. Emin=-21.30007492, Emax=56.85557633
realization 288 / 300 ... accepted 288. Emin=-23.08213404, Emax=72.25800811
realization 289 / 300 ... accepted 289. Emin=0.19722527, Emax=107.10173216
realization 290 / 300 ... accepted 290. Emin=-14.80518664, Emax=80.97247785
realization 291 / 300 ... accepted 291. Emin=-31.92481802, Emax=51.01938974
realization 292 / 300 ... accepted 292. Emin=-6.25117511, Emax=80.45219848
realization 293 / 300 ... accepted 293. Emin=-14.40440773, Emax=91.03306176
realization 294 / 300 ... accepted 294. Emin=-26.42543754, Emax=69.42876979
realization 295 / 300 ... accepted 295. Emin=14.83980344, Emax=100.29629161
realization 296 / 300 ... accepted 296. Emin=-21.58527432, Emax=60.85753320
realization 297 / 300 ... accepted 297. Emin=-15.34376458, Emax=96.54876936
realization 298 / 300 ... accepted 298. Emin=-5.43614488, Emax=98.12524176
realization 299 / 300 ... accepted 299. Emin=-10.13786993, Emax=98.78412949
realization 300 / 300 ... accepted 300. Emin=-32.20007208, Emax=65.65907288
Saved final energies: /home/2/kj405942/POLFED_bosons/pbs_bose_legacy_nmax2_periodic/data/U_10/W_14/L_6/N_6_nmax_2/boundary_periodic/energies_full_U10_L6_N6_nmax2_W14_boundaryperiodic_nreal300.txt
Accepted realizations: 300 / 300
Skipped realizations: 0
Job finished at Sun May 31 17:12:04 UTC 2026
