Job started on w30 at Sun May 31 17:10:33 UTC 2026
PBS_JOBID=7731432.kruk-host.ift-klaster.lan
PBS_O_WORKDIR=/home/2/kj405942/POLFED_bosons
Bose-Hubbard: L=6, N=6, nmax=2, dim=141
t=1, U=10, W=3, nreal=300, boundary=periodic, mode=full
Writing partial results to /home/2/kj405942/POLFED_bosons/pbs_bose_legacy_nmax2_periodic/data/U_10/W_3/L_6/N_6_nmax_2/boundary_periodic/energies_full_U10_L6_N6_nmax2_W3_boundaryperiodic_nreal300_partial.txt
realization 1 / 300 ... accepted 1. Emin=2.05506285, Emax=75.83146423
realization 2 / 300 ... accepted 2. Emin=-3.80824468, Emax=66.77323281
realization 3 / 300 ... accepted 3. Emin=-0.21394436, Emax=66.84858119
realization 4 / 300 ... accepted 4. Emin=-3.56747689, Emax=63.64482502
realization 5 / 300 ... accepted 5. Emin=-3.29939333, Emax=69.06179353
realization 6 / 300 ... accepted 6. Emin=0.41797433, Emax=74.70872486
realization 7 / 300 ... accepted 7. Emin=0.60840334, Emax=70.93860437
realization 8 / 300 ... accepted 8. Emin=-8.28663579, Emax=59.91890381
realization 9 / 300 ... accepted 9. Emin=-4.94383175, Emax=66.71678447
realization 10 / 300 ... accepted 10. Emin=-10.44558449, Emax=57.25908823
realization 11 / 300 ... accepted 11. Emin=1.19811875, Emax=67.79703490
realization 12 / 300 ... accepted 12. Emin=0.33772106, Emax=68.99551934
realization 13 / 300 ... accepted 13. Emin=1.88539696, Emax=70.52489878
realization 14 / 300 ... accepted 14. Emin=5.99084395, Emax=73.69292457
realization 15 / 300 ... accepted 15. Emin=-7.91258554, Emax=58.18634233
realization 16 / 300 ... accepted 16. Emin=-0.11316541, Emax=65.45130963
realization 17 / 300 ... accepted 17. Emin=7.42523619, Emax=75.49716178
realization 18 / 300 ... accepted 18. Emin=0.26665196, Emax=72.53115052
realization 19 / 300 ... accepted 19. Emin=1.98651831, Emax=69.21508783
realization 20 / 300 ... accepted 20. Emin=0.71110651, Emax=71.00711550
realization 21 / 300 ... accepted 21. Emin=-2.69326406, Emax=66.85618887
realization 22 / 300 ... accepted 22. Emin=4.01773218, Emax=73.22006919
realization 23 / 300 ... accepted 23. Emin=5.64517141, Emax=71.91581778
realization 24 / 300 ... accepted 24. Emin=4.54400623, Emax=72.27304657
realization 25 / 300 ... accepted 25. Emin=-5.09660703, Emax=67.20188179
realization 26 / 300 ... accepted 26. Emin=1.71958432, Emax=70.18686731
realization 27 / 300 ... accepted 27. Emin=-6.85344888, Emax=64.28051234
realization 28 / 300 ... accepted 28. Emin=1.88429344, Emax=72.66716350
realization 29 / 300 ... accepted 29. Emin=-4.08139358, Emax=65.11259479
realization 30 / 300 ... accepted 30. Emin=4.69713776, Emax=72.20058051
realization 31 / 300 ... accepted 31. Emin=-4.97516709, Emax=63.47387768
realization 32 / 300 ... accepted 32. Emin=-2.48459111, Emax=69.39077605
realization 33 / 300 ... accepted 33. Emin=2.68659378, Emax=72.75635091
realization 34 / 300 ... accepted 34. Emin=-9.10011967, Emax=57.61808803
realization 35 / 300 ... accepted 35. Emin=-6.89081864, Emax=59.13793289
realization 36 / 300 ... accepted 36. Emin=-1.37531192, Emax=67.05980779
realization 37 / 300 ... accepted 37. Emin=-11.04368573, Emax=55.77406833
realization 38 / 300 ... accepted 38. Emin=-7.31654823, Emax=58.33445711
realization 39 / 300 ... accepted 39. Emin=3.91462508, Emax=71.98487347
realization 40 / 300 ... accepted 40. Emin=-5.75013947, Emax=62.90472169
realization 41 / 300 ... accepted 41. Emin=-4.07937651, Emax=66.06769188
realization 42 / 300 ... accepted 42. Emin=6.27698262, Emax=75.73279138
realization 43 / 300 ... accepted 43. Emin=-1.28597613, Emax=68.81349985
realization 44 / 300 ... accepted 44. Emin=-9.51485395, Emax=56.94829425
realization 45 / 300 ... accepted 45. Emin=-1.93651758, Emax=66.52927697
realization 46 / 300 ... accepted 46. Emin=5.61552203, Emax=74.11141130
realization 47 / 300 ... accepted 47. Emin=0.72221178, Emax=72.65068481
realization 48 / 300 ... accepted 48. Emin=2.32560853, Emax=76.66523428
realization 49 / 300 ... accepted 49. Emin=-1.19834303, Emax=64.51012870
realization 50 / 300 ... accepted 50. Emin=-5.87954756, Emax=64.12105177
realization 51 / 300 ... accepted 51. Emin=1.54949213, Emax=72.60498415
realization 52 / 300 ... accepted 52. Emin=0.49857351, Emax=75.01455442
realization 53 / 300 ... accepted 53. Emin=-3.48915341, Emax=67.50279646
realization 54 / 300 ... accepted 54. Emin=-4.14839307, Emax=64.50204202
realization 55 / 300 ... accepted 55. Emin=-0.13899515, Emax=68.99751782
realization 56 / 300 ... accepted 56. Emin=-2.27526351, Emax=69.01028457
realization 57 / 300 ... accepted 57. Emin=-0.12429270, Emax=70.56601090
realization 58 / 300 ... accepted 58. Emin=1.96336753, Emax=70.08252339
realization 59 / 300 ... accepted 59. Emin=0.09713829, Emax=70.54745312
realization 60 / 300 ... accepted 60. Emin=1.53955521, Emax=68.96531162
realization 61 / 300 ... accepted 61. Emin=-1.64026133, Emax=63.08723784
realization 62 / 300 ... accepted 62. Emin=0.46371601, Emax=73.28289893
realization 63 / 300 ... accepted 63. Emin=2.78507397, Emax=71.26386238
realization 64 / 300 ... accepted 64. Emin=-3.03051821, Emax=64.14384960
realization 65 / 300 ... accepted 65. Emin=-0.00863113, Emax=71.64392726
realization 66 / 300 ... accepted 66. Emin=-9.82648080, Emax=57.08857328
realization 67 / 300 ... accepted 67. Emin=1.24627377, Emax=68.60609403
realization 68 / 300 ... accepted 68. Emin=-4.97248131, Emax=64.94534077
realization 69 / 300 ... accepted 69. Emin=-2.70717834, Emax=67.07259874
realization 70 / 300 ... accepted 70. Emin=2.50515143, Emax=68.21247160
realization 71 / 300 ... accepted 71. Emin=3.41667996, Emax=74.20407807
realization 72 / 300 ... accepted 72. Emin=-6.47621647, Emax=62.62807703
realization 73 / 300 ... accepted 73. Emin=-2.33840872, Emax=69.96936109
realization 74 / 300 ... accepted 74. Emin=-3.16740488, Emax=62.70879898
realization 75 / 300 ... accepted 75. Emin=-0.59779584, Emax=72.22726518
realization 76 / 300 ... accepted 76. Emin=2.88228580, Emax=73.34759767
realization 77 / 300 ... accepted 77. Emin=-4.10183615, Emax=65.63383930
realization 78 / 300 ... accepted 78. Emin=-1.67335593, Emax=67.38142719
realization 79 / 300 ... accepted 79. Emin=-2.27217809, Emax=69.36804619
realization 80 / 300 ... accepted 80. Emin=3.46631347, Emax=71.66684280
realization 81 / 300 ... accepted 81. Emin=-6.28492046, Emax=62.57721655
realization 82 / 300 ... accepted 82. Emin=-1.80006318, Emax=66.43858799
realization 83 / 300 ... accepted 83. Emin=-2.23622724, Emax=63.24655851
realization 84 / 300 ... accepted 84. Emin=-8.82350464, Emax=61.40732490
realization 85 / 300 ... accepted 85. Emin=-1.22407961, Emax=70.59077758
realization 86 / 300 ... accepted 86. Emin=-7.98376890, Emax=61.57991290
realization 87 / 300 ... accepted 87. Emin=4.02783581, Emax=72.41159510
realization 88 / 300 ... accepted 88. Emin=1.74324087, Emax=72.28654618
realization 89 / 300 ... accepted 89. Emin=0.09367096, Emax=68.73678740
realization 90 / 300 ... accepted 90. Emin=6.85196903, Emax=75.97355613
realization 91 / 300 ... accepted 91. Emin=-7.24205674, Emax=60.81620723
realization 92 / 300 ... accepted 92. Emin=-12.50298239, Emax=52.86914400
realization 93 / 300 ... accepted 93. Emin=-4.32707301, Emax=65.45408718
realization 94 / 300 ... accepted 94. Emin=-4.75984738, Emax=64.22189954
realization 95 / 300 ... accepted 95. Emin=-5.80008865, Emax=62.94790941
realization 96 / 300 ... accepted 96. Emin=2.69440920, Emax=69.41167369
realization 97 / 300 ... accepted 97. Emin=-5.57557607, Emax=62.71121463
realization 98 / 300 ... accepted 98. Emin=0.89783406, Emax=69.36381088
realization 99 / 300 ... accepted 99. Emin=8.05760262, Emax=75.17063533
realization 100 / 300 ... accepted 100. Emin=0.07290181, Emax=70.11217252
realization 101 / 300 ... accepted 101. Emin=-6.03101375, Emax=63.85547642
realization 102 / 300 ... accepted 102. Emin=-1.83905287, Emax=63.86794774
realization 103 / 300 ... accepted 103. Emin=-5.27190316, Emax=63.76898183
realization 104 / 300 ... accepted 104. Emin=-0.85958846, Emax=69.64069811
realization 105 / 300 ... accepted 105. Emin=-6.95892651, Emax=62.87441329
realization 106 / 300 ... accepted 106. Emin=3.14969279, Emax=69.84164269
realization 107 / 300 ... accepted 107. Emin=-5.35262712, Emax=63.33268855
realization 108 / 300 ... accepted 108. Emin=-3.03541991, Emax=65.49191725
realization 109 / 300 ... accepted 109. Emin=-3.12857497, Emax=66.92742464
realization 110 / 300 ... accepted 110. Emin=3.37051480, Emax=75.32730659
realization 111 / 300 ... accepted 111. Emin=-1.94980516, Emax=63.82081491
realization 112 / 300 ... accepted 112. Emin=-4.91633854, Emax=63.28487888
realization 113 / 300 ... accepted 113. Emin=8.48658431, Emax=76.38642050
realization 114 / 300 ... accepted 114. Emin=-4.91158198, Emax=67.21704125
realization 115 / 300 ... accepted 115. Emin=4.70969756, Emax=74.46337781
realization 116 / 300 ... accepted 116. Emin=4.53799756, Emax=74.82742656
realization 117 / 300 ... accepted 117. Emin=-3.26644824, Emax=69.90595938
realization 118 / 300 ... accepted 118. Emin=1.42018045, Emax=71.48083590
realization 119 / 300 ... accepted 119. Emin=-10.57181353, Emax=56.64765131
realization 120 / 300 ... accepted 120. Emin=-1.11307379, Emax=68.40124391
realization 121 / 300 ... accepted 121. Emin=4.19168001, Emax=73.92166736
realization 122 / 300 ... accepted 122. Emin=4.07605635, Emax=71.83481667
realization 123 / 300 ... accepted 123. Emin=0.78355098, Emax=72.00451865
realization 124 / 300 ... accepted 124. Emin=5.19482826, Emax=72.21556104
realization 125 / 300 ... accepted 125. Emin=6.61108748, Emax=76.97023716
realization 126 / 300 ... accepted 126. Emin=-4.48285879, Emax=66.47445866
realization 127 / 300 ... accepted 127. Emin=-4.71467403, Emax=63.18745160
realization 128 / 300 ... accepted 128. Emin=-4.13565220, Emax=63.51891946
realization 129 / 300 ... accepted 129. Emin=2.12824562, Emax=67.70913347
realization 130 / 300 ... accepted 130. Emin=0.52979878, Emax=72.70098679
realization 131 / 300 ... accepted 131. Emin=2.23117239, Emax=69.76071478
realization 132 / 300 ... accepted 132. Emin=-3.79567371, Emax=63.10114584
realization 133 / 300 ... accepted 133. Emin=-3.31939202, Emax=66.27589107
realization 134 / 300 ... accepted 134. Emin=6.59373364, Emax=73.72621479
realization 135 / 300 ... accepted 135. Emin=-10.73224813, Emax=55.83186328
realization 136 / 300 ... accepted 136. Emin=4.08301794, Emax=74.48894428
realization 137 / 300 ... accepted 137. Emin=-0.83897691, Emax=70.58633286
realization 138 / 300 ... accepted 138. Emin=2.03208943, Emax=70.99369843
realization 139 / 300 ... accepted 139. Emin=0.93686212, Emax=73.32272009
realization 140 / 300 ... accepted 140. Emin=-1.70683069, Emax=65.94632832
realization 141 / 300 ... accepted 141. Emin=-7.00251159, Emax=60.36408607
realization 142 / 300 ... accepted 142. Emin=-7.59045535, Emax=58.88837115
realization 143 / 300 ... accepted 143. Emin=-3.83698158, Emax=67.10010068
realization 144 / 300 ... accepted 144. Emin=-4.18327028, Emax=64.84523871
realization 145 / 300 ... accepted 145. Emin=-3.96870216, Emax=66.86529213
realization 146 / 300 ... accepted 146. Emin=0.50808500, Emax=70.70291652
realization 147 / 300 ... accepted 147. Emin=0.14068237, Emax=66.90887373
realization 148 / 300 ... accepted 148. Emin=6.91614437, Emax=75.47637606
realization 149 / 300 ... accepted 149. Emin=-8.07600581, Emax=62.01401428
realization 150 / 300 ... accepted 150. Emin=-8.17550602, Emax=61.92663795
realization 151 / 300 ... accepted 151. Emin=-4.64170027, Emax=66.50972156
realization 152 / 300 ... accepted 152. Emin=-8.02352204, Emax=57.55750604
realization 153 / 300 ... accepted 153. Emin=-0.60851343, Emax=70.42153284
realization 154 / 300 ... accepted 154. Emin=-5.15279397, Emax=64.56529612
realization 155 / 300 ... accepted 155. Emin=-5.98190067, Emax=60.16712405
realization 156 / 300 ... accepted 156. Emin=-2.73751103, Emax=69.21909662
realization 157 / 300 ... accepted 157. Emin=-6.43746000, Emax=61.76103408
realization 158 / 300 ... accepted 158. Emin=-7.10426552, Emax=62.71766120
realization 159 / 300 ... accepted 159. Emin=-10.02616822, Emax=57.99431411
realization 160 / 300 ... accepted 160. Emin=-4.23686719, Emax=67.48523321
realization 161 / 300 ... accepted 161. Emin=-0.96382623, Emax=66.67252809
realization 162 / 300 ... accepted 162. Emin=3.37069029, Emax=72.98585168
realization 163 / 300 ... accepted 163. Emin=-3.03667002, Emax=64.81992291
realization 164 / 300 ... accepted 164. Emin=-4.10833875, Emax=67.49053670
realization 165 / 300 ... accepted 165. Emin=-0.96985672, Emax=67.58665796
realization 166 / 300 ... accepted 166. Emin=-5.33399228, Emax=67.12043538
realization 167 / 300 ... accepted 167. Emin=-1.04259247, Emax=70.51505825
realization 168 / 300 ... accepted 168. Emin=4.70453565, Emax=73.69084491
realization 169 / 300 ... accepted 169. Emin=1.02646761, Emax=70.90597177
realization 170 / 300 ... accepted 170. Emin=-4.56491249, Emax=62.45421710
realization 171 / 300 ... accepted 171. Emin=3.57647408, Emax=72.97077901
realization 172 / 300 ... accepted 172. Emin=5.58246051, Emax=70.45540084
realization 173 / 300 ... accepted 173. Emin=3.14256637, Emax=70.37195010
realization 174 / 300 ... accepted 174. Emin=-5.35606350, Emax=65.73945408
realization 175 / 300 ... accepted 175. Emin=2.80611087, Emax=74.73373610
realization 176 / 300 ... accepted 176. Emin=-1.25998939, Emax=64.67080522
realization 177 / 300 ... accepted 177. Emin=-2.46739826, Emax=66.91544128
realization 178 / 300 ... accepted 178. Emin=1.11648610, Emax=71.38094591
realization 179 / 300 ... accepted 179. Emin=1.64217403, Emax=72.62981336
realization 180 / 300 ... accepted 180. Emin=2.56606378, Emax=72.71521245
realization 181 / 300 ... accepted 181. Emin=-6.42887961, Emax=58.45824022
realization 182 / 300 ... accepted 182. Emin=1.62184819, Emax=72.81754040
realization 183 / 300 ... accepted 183. Emin=-11.93959580, Emax=52.34383830
realization 184 / 300 ... accepted 184. Emin=-4.66597385, Emax=68.22741062
realization 185 / 300 ... accepted 185. Emin=-1.18114558, Emax=69.08571136
realization 186 / 300 ... accepted 186. Emin=-4.00970930, Emax=63.06834869
realization 187 / 300 ... accepted 187. Emin=-3.60954849, Emax=60.57205940
realization 188 / 300 ... accepted 188. Emin=-0.55265047, Emax=69.85274861
realization 189 / 300 ... accepted 189. Emin=0.73586843, Emax=68.42809681
realization 190 / 300 ... accepted 190. Emin=3.46238849, Emax=71.01868005
realization 191 / 300 ... accepted 191. Emin=-3.08325623, Emax=67.20664542
realization 192 / 300 ... accepted 192. Emin=1.08825879, Emax=68.34577272
realization 193 / 300 ... accepted 193. Emin=4.43057966, Emax=74.55358925
realization 194 / 300 ... accepted 194. Emin=0.89021348, Emax=70.40663660
realization 195 / 300 ... accepted 195. Emin=-8.31377435, Emax=56.40154858
realization 196 / 300 ... accepted 196. Emin=-7.50964534, Emax=61.91958942
realization 197 / 300 ... accepted 197. Emin=-8.73489076, Emax=60.42355288
realization 198 / 300 ... accepted 198. Emin=7.69546687, Emax=70.44469351
realization 199 / 300 ... accepted 199. Emin=2.81415536, Emax=72.66907250
realization 200 / 300 ... accepted 200. Emin=-4.20555231, Emax=62.70448909
realization 201 / 300 ... accepted 201. Emin=-6.64467078, Emax=63.06002894
realization 202 / 300 ... accepted 202. Emin=-3.44012864, Emax=68.40252193
realization 203 / 300 ... accepted 203. Emin=1.85103713, Emax=73.45761181
realization 204 / 300 ... accepted 204. Emin=-0.95819850, Emax=67.14857959
realization 205 / 300 ... accepted 205. Emin=2.02961783, Emax=69.73143807
realization 206 / 300 ... accepted 206. Emin=-10.87126075, Emax=56.41335114
realization 207 / 300 ... accepted 207. Emin=-1.75569236, Emax=66.99765640
realization 208 / 300 ... accepted 208. Emin=-5.13484326, Emax=64.51794888
realization 209 / 300 ... accepted 209. Emin=-1.29121081, Emax=65.95483919
realization 210 / 300 ... accepted 210. Emin=-1.55348051, Emax=68.73440508
realization 211 / 300 ... accepted 211. Emin=0.55743691, Emax=71.23827050
realization 212 / 300 ... accepted 212. Emin=-3.97388249, Emax=62.52619329
realization 213 / 300 ... accepted 213. Emin=-7.88069928, Emax=59.62006948
realization 214 / 300 ... accepted 214. Emin=2.06861945, Emax=72.62210867
realization 215 / 300 ... accepted 215. Emin=-1.07962345, Emax=70.38681309
realization 216 / 300 ... accepted 216. Emin=1.77900807, Emax=69.64641033
realization 217 / 300 ... accepted 217. Emin=-8.25632653, Emax=62.41703868
realization 218 / 300 ... accepted 218. Emin=0.85177470, Emax=70.18683050
realization 219 / 300 ... accepted 219. Emin=-3.01641881, Emax=62.15738866
realization 220 / 300 ... accepted 220. Emin=-8.51523505, Emax=63.02931619
realization 221 / 300 ... accepted 221. Emin=0.03074181, Emax=71.75241686
realization 222 / 300 ... accepted 222. Emin=-6.13057714, Emax=64.80052956
realization 223 / 300 ... accepted 223. Emin=-2.36092807, Emax=65.62950983
realization 224 / 300 ... accepted 224. Emin=-4.40034644, Emax=63.85033129
realization 225 / 300 ... accepted 225. Emin=6.80201525, Emax=73.21408824
realization 226 / 300 ... accepted 226. Emin=4.27879332, Emax=76.96381445
realization 227 / 300 ... accepted 227. Emin=-1.96724647, Emax=62.06313404
realization 228 / 300 ... accepted 228. Emin=-3.84873258, Emax=65.85816699
realization 229 / 300 ... accepted 229. Emin=-1.49253769, Emax=70.81250217
realization 230 / 300 ... accepted 230. Emin=2.62931594, Emax=72.26700498
realization 231 / 300 ... accepted 231. Emin=-1.92023781, Emax=63.48761252
realization 232 / 300 ... accepted 232. Emin=-10.20252092, Emax=57.91157691
realization 233 / 300 ... accepted 233. Emin=1.29490432, Emax=72.34302905
realization 234 / 300 ... accepted 234. Emin=-6.59386309, Emax=61.63652346
realization 235 / 300 ... accepted 235. Emin=4.68531929, Emax=75.62623431
realization 236 / 300 ... accepted 236. Emin=6.62415142, Emax=76.49163908
realization 237 / 300 ... accepted 237. Emin=0.32033011, Emax=70.36159531
realization 238 / 300 ... accepted 238. Emin=1.94467041, Emax=68.56375818
realization 239 / 300 ... accepted 239. Emin=0.93901092, Emax=75.13899500
realization 240 / 300 ... accepted 240. Emin=-4.22257546, Emax=65.49960385
realization 241 / 300 ... accepted 241. Emin=3.31516154, Emax=70.39390703
realization 242 / 300 ... accepted 242. Emin=-3.65069706, Emax=65.20311491
realization 243 / 300 ... accepted 243. Emin=-7.50988829, Emax=59.47594978
realization 244 / 300 ... accepted 244. Emin=8.93737781, Emax=73.97608352
realization 245 / 300 ... accepted 245. Emin=-1.94620182, Emax=69.68606284
realization 246 / 300 ... accepted 246. Emin=-1.08494850, Emax=70.45645202
realization 247 / 300 ... accepted 247. Emin=0.03651543, Emax=70.04262919
realization 248 / 300 ... accepted 248. Emin=-3.99837279, Emax=64.45923045
realization 249 / 300 ... accepted 249. Emin=-1.90588425, Emax=65.00688703
realization 250 / 300 ... accepted 250. Emin=-8.26668396, Emax=60.75878196
realization 251 / 300 ... accepted 251. Emin=0.04716065, Emax=67.52960620
realization 252 / 300 ... accepted 252. Emin=6.26866332, Emax=73.45243291
realization 253 / 300 ... accepted 253. Emin=-2.62189227, Emax=68.16897782
realization 254 / 300 ... accepted 254. Emin=3.07243288, Emax=70.49816294
realization 255 / 300 ... accepted 255. Emin=0.92579015, Emax=69.85769665
realization 256 / 300 ... accepted 256. Emin=-1.51834477, Emax=66.82216260
realization 257 / 300 ... accepted 257. Emin=-5.20700127, Emax=63.74940017
realization 258 / 300 ... accepted 258. Emin=-4.77131364, Emax=63.70220155
realization 259 / 300 ... accepted 259. Emin=-7.96368774, Emax=62.25001953
realization 260 / 300 ... accepted 260. Emin=-0.09065297, Emax=70.71345880
realization 261 / 300 ... accepted 261. Emin=0.38929021, Emax=69.68706519
realization 262 / 300 ... accepted 262. Emin=-9.78234071, Emax=56.94161184
realization 263 / 300 ... accepted 263. Emin=-0.11704345, Emax=67.71040270
realization 264 / 300 ... accepted 264. Emin=5.46471407, Emax=76.08339210
realization 265 / 300 ... accepted 265. Emin=-2.73596161, Emax=67.39957979
realization 266 / 300 ... accepted 266. Emin=-0.14604020, Emax=65.68460918
realization 267 / 300 ... accepted 267. Emin=-2.10933903, Emax=67.19228058
realization 268 / 300 ... accepted 268. Emin=-5.99590893, Emax=63.70656677
realization 269 / 300 ... accepted 269. Emin=4.75228830, Emax=72.23904043
realization 270 / 300 ... accepted 270. Emin=-9.24329637, Emax=60.01589437
realization 271 / 300 ... accepted 271. Emin=-3.83463998, Emax=66.40332160
realization 272 / 300 ... accepted 272. Emin=1.13069718, Emax=71.29542764
realization 273 / 300 ... accepted 273. Emin=-1.97870665, Emax=67.49832139
realization 274 / 300 ... accepted 274. Emin=1.29418208, Emax=71.62437172
realization 275 / 300 ... accepted 275. Emin=-4.82407695, Emax=66.89103456
realization 276 / 300 ... accepted 276. Emin=3.27141549, Emax=73.94788152
realization 277 / 300 ... accepted 277. Emin=-0.96623233, Emax=68.53576730
realization 278 / 300 ... accepted 278. Emin=-5.32359076, Emax=62.23342189
realization 279 / 300 ... accepted 279. Emin=-3.60656675, Emax=65.16989062
realization 280 / 300 ... accepted 280. Emin=-4.24417443, Emax=63.90015730
realization 281 / 300 ... accepted 281. Emin=0.61020736, Emax=66.62078326
realization 282 / 300 ... accepted 282. Emin=1.63166748, Emax=69.19051025
realization 283 / 300 ... accepted 283. Emin=1.37030051, Emax=73.06289627
realization 284 / 300 ... accepted 284. Emin=-2.49414519, Emax=68.58941402
realization 285 / 300 ... accepted 285. Emin=-2.89273636, Emax=67.11797180
realization 286 / 300 ... accepted 286. Emin=2.97314279, Emax=69.59965401
realization 287 / 300 ... accepted 287. Emin=-1.56659659, Emax=69.41363344
realization 288 / 300 ... accepted 288. Emin=3.02301919, Emax=70.85312656
realization 289 / 300 ... accepted 289. Emin=-6.32278964, Emax=61.12947334
realization 290 / 300 ... accepted 290. Emin=-1.02395858, Emax=68.49896267
realization 291 / 300 ... accepted 291. Emin=3.03005773, Emax=72.00515620
realization 292 / 300 ... accepted 292. Emin=2.26289323, Emax=76.77566925
realization 293 / 300 ... accepted 293. Emin=-3.86517574, Emax=69.56992594
realization 294 / 300 ... accepted 294. Emin=-4.43032625, Emax=66.85831373
realization 295 / 300 ... accepted 295. Emin=-4.06795260, Emax=68.31812121
realization 296 / 300 ... accepted 296. Emin=0.94815535, Emax=73.72256616
realization 297 / 300 ... accepted 297. Emin=-3.99981733, Emax=63.55289023
realization 298 / 300 ... accepted 298. Emin=-0.73777506, Emax=66.97260762
realization 299 / 300 ... accepted 299. Emin=0.04682202, Emax=71.08156085
realization 300 / 300 ... accepted 300. Emin=-4.30529033, Emax=68.16769024
Saved final energies: /home/2/kj405942/POLFED_bosons/pbs_bose_legacy_nmax2_periodic/data/U_10/W_3/L_6/N_6_nmax_2/boundary_periodic/energies_full_U10_L6_N6_nmax2_W3_boundaryperiodic_nreal300.txt
Accepted realizations: 300 / 300
Skipped realizations: 0
Job finished at Sun May 31 17:12:23 UTC 2026
