Job started on w30 at Sun May 31 17:10:39 UTC 2026
PBS_JOBID=7731456.kruk-host.ift-klaster.lan
PBS_O_WORKDIR=/home/2/kj405942/POLFED_bosons
Bose-Hubbard: L=6, N=6, nmax=2, dim=141
t=1, U=11, W=12, nreal=300, boundary=periodic, mode=full
Writing partial results to /home/2/kj405942/POLFED_bosons/pbs_bose_legacy_nmax2_periodic/data/U_11/W_12/L_6/N_6_nmax_2/boundary_periodic/energies_full_U11_L6_N6_nmax2_W12_boundaryperiodic_nreal300_partial.txt
realization 1 / 300 ... accepted 1. Emin=-1.10897515, Emax=86.43395870
realization 2 / 300 ... accepted 2. Emin=-13.34410227, Emax=82.17587724
realization 3 / 300 ... accepted 3. Emin=-26.80362785, Emax=75.61719267
realization 4 / 300 ... accepted 4. Emin=25.90621636, Emax=111.26059106
realization 5 / 300 ... accepted 5. Emin=10.52574949, Emax=112.05363802
realization 6 / 300 ... accepted 6. Emin=5.35657627, Emax=122.05592291
realization 7 / 300 ... accepted 7. Emin=-12.52145032, Emax=83.76983983
realization 8 / 300 ... accepted 8. Emin=15.32211673, Emax=104.05620109
realization 9 / 300 ... accepted 9. Emin=5.66734849, Emax=97.77372276
realization 10 / 300 ... accepted 10. Emin=-28.03715468, Emax=54.41006338
realization 11 / 300 ... accepted 11. Emin=23.74559611, Emax=132.15840867
realization 12 / 300 ... accepted 12. Emin=-4.93137540, Emax=95.75370138
realization 13 / 300 ... accepted 13. Emin=4.93592369, Emax=106.71620738
realization 14 / 300 ... accepted 14. Emin=-14.07163508, Emax=78.32521663
realization 15 / 300 ... accepted 15. Emin=-2.53810943, Emax=95.24922013
realization 16 / 300 ... accepted 16. Emin=-10.10229910, Emax=99.51141917
realization 17 / 300 ... accepted 17. Emin=-4.54101611, Emax=90.03367520
realization 18 / 300 ... accepted 18. Emin=-0.58856746, Emax=100.59881572
realization 19 / 300 ... accepted 19. Emin=3.67777256, Emax=119.36667968
realization 20 / 300 ... accepted 20. Emin=0.18520982, Emax=103.70169139
realization 21 / 300 ... accepted 21. Emin=-13.05156549, Emax=91.87427210
realization 22 / 300 ... accepted 22. Emin=-13.28275204, Emax=93.80137649
realization 23 / 300 ... accepted 23. Emin=-21.40698485, Emax=87.79868300
realization 24 / 300 ... accepted 24. Emin=-37.31673276, Emax=52.09010413
realization 25 / 300 ... accepted 25. Emin=-5.20274433, Emax=91.61342331
realization 26 / 300 ... accepted 26. Emin=-8.25193443, Emax=91.34580604
realization 27 / 300 ... accepted 27. Emin=-11.55726329, Emax=90.06009729
realization 28 / 300 ... accepted 28. Emin=-14.86649605, Emax=85.76427149
realization 29 / 300 ... accepted 29. Emin=-0.56438579, Emax=111.61848251
realization 30 / 300 ... accepted 30. Emin=17.26144325, Emax=124.99198127
realization 31 / 300 ... accepted 31. Emin=8.55619792, Emax=104.60731034
realization 32 / 300 ... accepted 32. Emin=-25.04148921, Emax=76.39563605
realization 33 / 300 ... accepted 33. Emin=18.00108869, Emax=109.46204628
realization 34 / 300 ... accepted 34. Emin=-39.74103899, Emax=53.26189152
realization 35 / 300 ... accepted 35. Emin=-1.89221596, Emax=98.37440711
realization 36 / 300 ... accepted 36. Emin=-23.37498140, Emax=77.37222179
realization 37 / 300 ... accepted 37. Emin=2.08169245, Emax=100.38924726
realization 38 / 300 ... accepted 38. Emin=-15.12912747, Emax=86.23174564
realization 39 / 300 ... accepted 39. Emin=10.87596228, Emax=118.57395094
realization 40 / 300 ... accepted 40. Emin=-5.13448476, Emax=92.96524418
realization 41 / 300 ... accepted 41. Emin=-0.20844933, Emax=86.90697691
realization 42 / 300 ... accepted 42. Emin=-11.33664903, Emax=99.70100139
realization 43 / 300 ... accepted 43. Emin=-24.84112880, Emax=55.24301904
realization 44 / 300 ... accepted 44. Emin=6.28974105, Emax=100.15426359
realization 45 / 300 ... accepted 45. Emin=-34.12417366, Emax=44.22657378
realization 46 / 300 ... accepted 46. Emin=20.77333573, Emax=108.71813941
realization 47 / 300 ... accepted 47. Emin=5.32914178, Emax=95.96395808
realization 48 / 300 ... accepted 48. Emin=33.36613592, Emax=128.37137223
realization 49 / 300 ... accepted 49. Emin=7.23957621, Emax=110.34931761
realization 50 / 300 ... accepted 50. Emin=-20.31796098, Emax=67.32642129
realization 51 / 300 ... accepted 51. Emin=-8.50737278, Emax=103.03193350
realization 52 / 300 ... accepted 52. Emin=2.49824583, Emax=87.25566812
realization 53 / 300 ... accepted 53. Emin=-7.08431330, Emax=86.66547748
realization 54 / 300 ... accepted 54. Emin=11.38622366, Emax=100.31522117
realization 55 / 300 ... accepted 55. Emin=20.33689771, Emax=123.14070136
realization 56 / 300 ... accepted 56. Emin=-12.85557828, Emax=90.09982516
realization 57 / 300 ... accepted 57. Emin=-17.95680133, Emax=72.30298996
realization 58 / 300 ... accepted 58. Emin=12.99628502, Emax=110.23536644
realization 59 / 300 ... accepted 59. Emin=-21.44507682, Emax=70.82858570
realization 60 / 300 ... accepted 60. Emin=5.84361581, Emax=111.93401292
realization 61 / 300 ... accepted 61. Emin=-29.12134342, Emax=67.90492088
realization 62 / 300 ... accepted 62. Emin=3.33947587, Emax=99.39419618
realization 63 / 300 ... accepted 63. Emin=-18.09696288, Emax=83.34208886
realization 64 / 300 ... accepted 64. Emin=-8.40997528, Emax=87.32577127
realization 65 / 300 ... accepted 65. Emin=15.71032293, Emax=128.97782076
realization 66 / 300 ... accepted 66. Emin=-11.17164621, Emax=94.89566879
realization 67 / 300 ... accepted 67. Emin=-21.65575643, Emax=74.59600835
realization 68 / 300 ... accepted 68. Emin=-10.82770474, Emax=92.02600697
realization 69 / 300 ... accepted 69. Emin=-17.70503502, Emax=74.26209251
realization 70 / 300 ... accepted 70. Emin=-20.34876622, Emax=86.11320835
realization 71 / 300 ... accepted 71. Emin=-51.38881629, Emax=30.34626122
realization 72 / 300 ... accepted 72. Emin=-37.56844386, Emax=53.52815150
realization 73 / 300 ... accepted 73. Emin=7.10344382, Emax=99.35292973
realization 74 / 300 ... accepted 74. Emin=-32.34872673, Emax=58.37142033
realization 75 / 300 ... accepted 75. Emin=5.40987703, Emax=94.94758554
realization 76 / 300 ... accepted 76. Emin=-40.61877559, Emax=51.86599890
realization 77 / 300 ... accepted 77. Emin=0.59709143, Emax=104.31287111
realization 78 / 300 ... accepted 78. Emin=-25.80598761, Emax=67.25524900
realization 79 / 300 ... accepted 79. Emin=-20.70564298, Emax=76.59891928
realization 80 / 300 ... accepted 80. Emin=-41.21338240, Emax=48.48346995
realization 81 / 300 ... accepted 81. Emin=5.58701367, Emax=113.10112416
realization 82 / 300 ... accepted 82. Emin=-33.84361722, Emax=49.50507736
realization 83 / 300 ... accepted 83. Emin=3.68055324, Emax=109.30088388
realization 84 / 300 ... accepted 84. Emin=5.39555295, Emax=94.81403268
realization 85 / 300 ... accepted 85. Emin=31.43971729, Emax=125.01602486
realization 86 / 300 ... accepted 86. Emin=-27.67738676, Emax=68.86525325
realization 87 / 300 ... accepted 87. Emin=7.57481119, Emax=96.04733347
realization 88 / 300 ... accepted 88. Emin=-42.29262752, Emax=56.88065822
realization 89 / 300 ... accepted 89. Emin=6.64401582, Emax=103.49745313
realization 90 / 300 ... accepted 90. Emin=-5.08525085, Emax=92.60962336
realization 91 / 300 ... accepted 91. Emin=-4.37022472, Emax=93.19907453
realization 92 / 300 ... accepted 92. Emin=-25.83870126, Emax=72.77126936
realization 93 / 300 ... accepted 93. Emin=15.15051373, Emax=109.53027414
realization 94 / 300 ... accepted 94. Emin=-5.13147478, Emax=105.11642788
realization 95 / 300 ... accepted 95. Emin=14.53356368, Emax=129.59816821
realization 96 / 300 ... accepted 96. Emin=11.45892700, Emax=105.12803730
realization 97 / 300 ... accepted 97. Emin=-0.38301504, Emax=91.17679115
realization 98 / 300 ... accepted 98. Emin=10.83532268, Emax=110.70674422
realization 99 / 300 ... accepted 99. Emin=-10.98018005, Emax=94.74016452
realization 100 / 300 ... accepted 100. Emin=-3.18286177, Emax=108.47253916
realization 101 / 300 ... accepted 101. Emin=23.93881890, Emax=115.28914145
realization 102 / 300 ... accepted 102. Emin=15.69138361, Emax=113.24497665
realization 103 / 300 ... accepted 103. Emin=3.26415614, Emax=111.93291000
realization 104 / 300 ... accepted 104. Emin=-40.77612377, Emax=52.98932700
realization 105 / 300 ... accepted 105. Emin=-19.28997348, Emax=74.55166794
realization 106 / 300 ... accepted 106. Emin=-14.11103491, Emax=82.49928456
realization 107 / 300 ... accepted 107. Emin=2.62820054, Emax=120.71331196
realization 108 / 300 ... accepted 108. Emin=4.08603705, Emax=95.14397636
realization 109 / 300 ... accepted 109. Emin=28.96122918, Emax=124.96502734
realization 110 / 300 ... accepted 110. Emin=-22.48262480, Emax=74.60223944
realization 111 / 300 ... accepted 111. Emin=-26.92302219, Emax=63.52938005
realization 112 / 300 ... accepted 112. Emin=17.78082017, Emax=112.71608363
realization 113 / 300 ... accepted 113. Emin=17.52170012, Emax=119.53973720
realization 114 / 300 ... accepted 114. Emin=-21.38910964, Emax=70.23527745
realization 115 / 300 ... accepted 115. Emin=1.10040656, Emax=98.72522504
realization 116 / 300 ... accepted 116. Emin=-20.97143312, Emax=89.71400965
realization 117 / 300 ... accepted 117. Emin=13.50883703, Emax=121.25678154
realization 118 / 300 ... accepted 118. Emin=-29.63104029, Emax=60.53671713
realization 119 / 300 ... accepted 119. Emin=-9.30115669, Emax=79.83521819
realization 120 / 300 ... accepted 120. Emin=9.57277566, Emax=93.54067974
realization 121 / 300 ... accepted 121. Emin=-4.69505374, Emax=106.31952555
realization 122 / 300 ... accepted 122. Emin=-18.16737796, Emax=93.16541308
realization 123 / 300 ... accepted 123. Emin=-12.61971290, Emax=80.03709218
realization 124 / 300 ... accepted 124. Emin=-7.02519317, Emax=93.46427478
realization 125 / 300 ... accepted 125. Emin=-16.70659722, Emax=90.01050844
realization 126 / 300 ... accepted 126. Emin=-0.35881323, Emax=98.91111618
realization 127 / 300 ... accepted 127. Emin=-9.65823142, Emax=86.55583205
realization 128 / 300 ... accepted 128. Emin=5.58056414, Emax=111.54640376
realization 129 / 300 ... accepted 129. Emin=36.38532329, Emax=123.82801701
realization 130 / 300 ... accepted 130. Emin=21.59702892, Emax=120.32162365
realization 131 / 300 ... accepted 131. Emin=16.99461842, Emax=127.18366333
realization 132 / 300 ... accepted 132. Emin=-9.82733079, Emax=105.50843409
realization 133 / 300 ... accepted 133. Emin=14.50074288, Emax=130.83949124
realization 134 / 300 ... accepted 134. Emin=-9.94486873, Emax=89.30096341
realization 135 / 300 ... accepted 135. Emin=-25.35541659, Emax=78.04492826
realization 136 / 300 ... accepted 136. Emin=1.57906590, Emax=111.04191776
realization 137 / 300 ... accepted 137. Emin=2.61047441, Emax=107.62432463
realization 138 / 300 ... accepted 138. Emin=-9.05435748, Emax=89.32726391
realization 139 / 300 ... accepted 139. Emin=-27.07421461, Emax=71.42211054
realization 140 / 300 ... accepted 140. Emin=-17.67983374, Emax=83.09701015
realization 141 / 300 ... accepted 141. Emin=6.33096743, Emax=105.24060768
realization 142 / 300 ... accepted 142. Emin=-17.98186454, Emax=64.25261293
realization 143 / 300 ... accepted 143. Emin=-6.64430966, Emax=105.90764284
realization 144 / 300 ... accepted 144. Emin=-22.14599203, Emax=71.08869001
realization 145 / 300 ... accepted 145. Emin=-34.88867078, Emax=65.35104717
realization 146 / 300 ... accepted 146. Emin=9.78369370, Emax=102.99266625
realization 147 / 300 ... accepted 147. Emin=12.67849845, Emax=108.27288056
realization 148 / 300 ... accepted 148. Emin=-7.62427247, Emax=81.51711489
realization 149 / 300 ... accepted 149. Emin=-30.23359177, Emax=72.18190541
realization 150 / 300 ... accepted 150. Emin=-0.50174073, Emax=99.78154850
realization 151 / 300 ... accepted 151. Emin=5.01940156, Emax=103.39157941
realization 152 / 300 ... accepted 152. Emin=0.11575431, Emax=102.58355440
realization 153 / 300 ... accepted 153. Emin=-35.21817903, Emax=52.36699165
realization 154 / 300 ... accepted 154. Emin=5.44331417, Emax=115.19312096
realization 155 / 300 ... accepted 155. Emin=6.38103994, Emax=109.74456967
realization 156 / 300 ... accepted 156. Emin=-19.62273944, Emax=97.95028699
realization 157 / 300 ... accepted 157. Emin=10.38695007, Emax=103.62744065
realization 158 / 300 ... accepted 158. Emin=-2.68357048, Emax=88.44475428
realization 159 / 300 ... accepted 159. Emin=1.97726006, Emax=110.05175938
realization 160 / 300 ... accepted 160. Emin=-12.15654738, Emax=104.13720403
realization 161 / 300 ... accepted 161. Emin=2.74680171, Emax=104.47516251
realization 162 / 300 ... accepted 162. Emin=3.99890945, Emax=112.91569221
realization 163 / 300 ... accepted 163. Emin=-13.87650742, Emax=85.95583766
realization 164 / 300 ... accepted 164. Emin=-11.32732864, Emax=81.61749199
realization 165 / 300 ... accepted 165. Emin=-6.30658749, Emax=109.89949234
realization 166 / 300 ... accepted 166. Emin=-23.01155224, Emax=77.61072683
realization 167 / 300 ... accepted 167. Emin=-11.96320939, Emax=87.77669726
realization 168 / 300 ... accepted 168. Emin=1.00749507, Emax=95.49613329
realization 169 / 300 ... accepted 169. Emin=-14.35486676, Emax=71.37795629
realization 170 / 300 ... accepted 170. Emin=23.96847153, Emax=120.52439895
realization 171 / 300 ... accepted 171. Emin=-17.31494848, Emax=80.93406898
realization 172 / 300 ... accepted 172. Emin=15.36466787, Emax=112.12775377
realization 173 / 300 ... accepted 173. Emin=-3.54988218, Emax=92.97081053
realization 174 / 300 ... accepted 174. Emin=19.52355061, Emax=119.94511057
realization 175 / 300 ... accepted 175. Emin=16.07297355, Emax=110.77949898
realization 176 / 300 ... accepted 176. Emin=17.84554702, Emax=110.46363706
realization 177 / 300 ... accepted 177. Emin=5.65777071, Emax=96.74185043
realization 178 / 300 ... accepted 178. Emin=1.21441985, Emax=96.58907013
realization 179 / 300 ... accepted 179. Emin=-11.66898227, Emax=110.36553285
realization 180 / 300 ... accepted 180. Emin=14.15475670, Emax=117.54120878
realization 181 / 300 ... accepted 181. Emin=5.68571083, Emax=99.97553381
realization 182 / 300 ... accepted 182. Emin=-12.23253437, Emax=97.51348153
realization 183 / 300 ... accepted 183. Emin=-8.67589378, Emax=109.22074664
realization 184 / 300 ... accepted 184. Emin=7.45167227, Emax=103.15668953
realization 185 / 300 ... accepted 185. Emin=-0.43289339, Emax=82.18360884
realization 186 / 300 ... accepted 186. Emin=0.06556086, Emax=103.44228419
realization 187 / 300 ... accepted 187. Emin=55.83680628, Emax=129.72634373
realization 188 / 300 ... accepted 188. Emin=-12.68227271, Emax=80.18343130
realization 189 / 300 ... accepted 189. Emin=19.11777065, Emax=111.62161408
realization 190 / 300 ... accepted 190. Emin=-7.09922820, Emax=99.54518701
realization 191 / 300 ... accepted 191. Emin=37.67514550, Emax=133.30134134
realization 192 / 300 ... accepted 192. Emin=-6.27013372, Emax=101.05354607
realization 193 / 300 ... accepted 193. Emin=8.77933151, Emax=107.08673284
realization 194 / 300 ... accepted 194. Emin=-42.09975774, Emax=43.23381435
realization 195 / 300 ... accepted 195. Emin=1.84579264, Emax=99.23439969
realization 196 / 300 ... accepted 196. Emin=31.80506474, Emax=116.52115739
realization 197 / 300 ... accepted 197. Emin=-30.91362804, Emax=51.82557767
realization 198 / 300 ... accepted 198. Emin=13.60120062, Emax=111.19120520
realization 199 / 300 ... accepted 199. Emin=11.53545585, Emax=105.89906632
realization 200 / 300 ... accepted 200. Emin=-23.60409365, Emax=67.99864511
realization 201 / 300 ... accepted 201. Emin=-22.42212823, Emax=75.02534164
realization 202 / 300 ... accepted 202. Emin=-6.21634353, Emax=89.92352985
realization 203 / 300 ... accepted 203. Emin=1.24824731, Emax=93.65175185
realization 204 / 300 ... accepted 204. Emin=7.60189317, Emax=111.84051587
realization 205 / 300 ... accepted 205. Emin=-18.29063436, Emax=77.42219032
realization 206 / 300 ... accepted 206. Emin=-18.76998430, Emax=74.94604843
realization 207 / 300 ... accepted 207. Emin=-27.95918117, Emax=57.32190513
realization 208 / 300 ... accepted 208. Emin=16.79518743, Emax=120.86399671
realization 209 / 300 ... accepted 209. Emin=-1.03130144, Emax=92.42483014
realization 210 / 300 ... accepted 210. Emin=-24.79189716, Emax=76.13606726
realization 211 / 300 ... accepted 211. Emin=-7.45141244, Emax=106.35059332
realization 212 / 300 ... accepted 212. Emin=-11.20269632, Emax=101.39853934
realization 213 / 300 ... accepted 213. Emin=-12.51198966, Emax=89.30584528
realization 214 / 300 ... accepted 214. Emin=-28.62730432, Emax=68.38213149
realization 215 / 300 ... accepted 215. Emin=10.07229094, Emax=109.12396829
realization 216 / 300 ... accepted 216. Emin=7.81669431, Emax=115.23562456
realization 217 / 300 ... accepted 217. Emin=7.80272970, Emax=113.77202029
realization 218 / 300 ... accepted 218. Emin=-10.98979581, Emax=74.10190937
realization 219 / 300 ... accepted 219. Emin=16.99009173, Emax=134.80287241
realization 220 / 300 ... accepted 220. Emin=-13.09924214, Emax=99.50579362
realization 221 / 300 ... accepted 221. Emin=-14.09969878, Emax=90.41318636
realization 222 / 300 ... accepted 222. Emin=6.84039787, Emax=105.04514892
realization 223 / 300 ... accepted 223. Emin=-15.50485590, Emax=73.36985916
realization 224 / 300 ... accepted 224. Emin=-37.13525588, Emax=49.40403215
realization 225 / 300 ... accepted 225. Emin=-9.36155775, Emax=90.98922106
realization 226 / 300 ... accepted 226. Emin=4.52870922, Emax=102.58147954
realization 227 / 300 ... accepted 227. Emin=-5.70439867, Emax=93.07489577
realization 228 / 300 ... accepted 228. Emin=-12.98706627, Emax=83.83101470
realization 229 / 300 ... accepted 229. Emin=4.43068274, Emax=117.63941092
realization 230 / 300 ... accepted 230. Emin=6.46017724, Emax=94.95936208
realization 231 / 300 ... accepted 231. Emin=21.40625892, Emax=128.81509150
realization 232 / 300 ... accepted 232. Emin=28.77570115, Emax=123.20298922
realization 233 / 300 ... accepted 233. Emin=-9.21574179, Emax=79.56597153
realization 234 / 300 ... accepted 234. Emin=-1.41137018, Emax=99.85934476
realization 235 / 300 ... accepted 235. Emin=4.63293375, Emax=96.27090741
realization 236 / 300 ... accepted 236. Emin=-14.72711194, Emax=84.35628325
realization 237 / 300 ... accepted 237. Emin=17.75120203, Emax=107.06033964
realization 238 / 300 ... accepted 238. Emin=0.23194235, Emax=120.17191903
realization 239 / 300 ... accepted 239. Emin=-22.75313516, Emax=71.67533950
realization 240 / 300 ... accepted 240. Emin=-16.02475464, Emax=87.41765979
realization 241 / 300 ... accepted 241. Emin=27.64731810, Emax=102.11465679
realization 242 / 300 ... accepted 242. Emin=21.81832321, Emax=118.21032328
realization 243 / 300 ... accepted 243. Emin=20.35202064, Emax=122.79793998
realization 244 / 300 ... accepted 244. Emin=2.43142626, Emax=112.29372700
realization 245 / 300 ... accepted 245. Emin=-7.56768017, Emax=77.13570221
realization 246 / 300 ... accepted 246. Emin=3.76366623, Emax=94.00334489
realization 247 / 300 ... accepted 247. Emin=-28.55020968, Emax=71.24224324
realization 248 / 300 ... accepted 248. Emin=-10.14432354, Emax=98.91115036
realization 249 / 300 ... accepted 249. Emin=-6.84998778, Emax=93.11635791
realization 250 / 300 ... accepted 250. Emin=-6.52663402, Emax=98.11301163
realization 251 / 300 ... accepted 251. Emin=-21.77000645, Emax=78.07540734
realization 252 / 300 ... accepted 252. Emin=-17.55162716, Emax=89.07483560
realization 253 / 300 ... accepted 253. Emin=-13.79569296, Emax=84.30393620
realization 254 / 300 ... accepted 254. Emin=29.61227075, Emax=111.30493298
realization 255 / 300 ... accepted 255. Emin=-13.47678701, Emax=106.51016488
realization 256 / 300 ... accepted 256. Emin=-32.26846856, Emax=58.47955213
realization 257 / 300 ... accepted 257. Emin=10.68272828, Emax=121.23613077
realization 258 / 300 ... accepted 258. Emin=-11.54602881, Emax=97.17247499
realization 259 / 300 ... accepted 259. Emin=-16.19302293, Emax=80.71656748
realization 260 / 300 ... accepted 260. Emin=-1.23170551, Emax=112.94759757
realization 261 / 300 ... accepted 261. Emin=1.11243574, Emax=107.01282015
realization 262 / 300 ... accepted 262. Emin=29.01928541, Emax=113.58189895
realization 263 / 300 ... accepted 263. Emin=-2.00066753, Emax=90.77457873
realization 264 / 300 ... accepted 264. Emin=8.66561971, Emax=99.18673550
realization 265 / 300 ... accepted 265. Emin=-3.63849962, Emax=126.21532635
realization 266 / 300 ... accepted 266. Emin=16.99693753, Emax=112.43927848
realization 267 / 300 ... accepted 267. Emin=-20.48205076, Emax=69.40976488
realization 268 / 300 ... accepted 268. Emin=26.98804541, Emax=126.56211301
realization 269 / 300 ... accepted 269. Emin=6.81256452, Emax=116.51822770
realization 270 / 300 ... accepted 270. Emin=-21.54751382, Emax=78.49779234
realization 271 / 300 ... accepted 271. Emin=13.63223344, Emax=95.88393118
realization 272 / 300 ... accepted 272. Emin=0.64504220, Emax=92.37511010
realization 273 / 300 ... accepted 273. Emin=-23.82865039, Emax=60.34920171
realization 274 / 300 ... accepted 274. Emin=-2.26428231, Emax=111.68252488
realization 275 / 300 ... accepted 275. Emin=11.95610469, Emax=105.43922528
realization 276 / 300 ... accepted 276. Emin=10.24084833, Emax=116.74157501
realization 277 / 300 ... accepted 277. Emin=-2.86474728, Emax=94.02305408
realization 278 / 300 ... accepted 278. Emin=-27.80332283, Emax=49.26765192
realization 279 / 300 ... accepted 279. Emin=-27.15212788, Emax=63.43223651
realization 280 / 300 ... accepted 280. Emin=-12.54502642, Emax=99.78745457
realization 281 / 300 ... accepted 281. Emin=7.23196406, Emax=104.32144293
realization 282 / 300 ... accepted 282. Emin=-10.99568467, Emax=93.60573662
realization 283 / 300 ... accepted 283. Emin=-0.15516445, Emax=90.54306296
realization 284 / 300 ... accepted 284. Emin=8.67223976, Emax=106.49270337
realization 285 / 300 ... accepted 285. Emin=9.84702293, Emax=93.59364112
realization 286 / 300 ... accepted 286. Emin=2.51993752, Emax=98.58141648
realization 287 / 300 ... accepted 287. Emin=-0.21764966, Emax=106.71088941
realization 288 / 300 ... accepted 288. Emin=-14.87430552, Emax=88.15435720
realization 289 / 300 ... accepted 289. Emin=6.32982253, Emax=113.42775029
realization 290 / 300 ... accepted 290. Emin=15.42285736, Emax=123.16597124
realization 291 / 300 ... accepted 291. Emin=20.36524960, Emax=125.22107853
realization 292 / 300 ... accepted 292. Emin=-31.01291460, Emax=64.18656215
realization 293 / 300 ... accepted 293. Emin=-1.82876296, Emax=97.68768206
realization 294 / 300 ... accepted 294. Emin=-12.49095561, Emax=82.69590581
realization 295 / 300 ... accepted 295. Emin=-16.73255527, Emax=74.19873242
realization 296 / 300 ... accepted 296. Emin=-15.07010090, Emax=85.89804313
realization 297 / 300 ... accepted 297. Emin=10.57918255, Emax=118.05810287
realization 298 / 300 ... accepted 298. Emin=6.30728729, Emax=108.96735765
realization 299 / 300 ... accepted 299. Emin=-12.04001982, Emax=84.88396680
realization 300 / 300 ... accepted 300. Emin=-1.17664767, Emax=104.81944198
Saved final energies: /home/2/kj405942/POLFED_bosons/pbs_bose_legacy_nmax2_periodic/data/U_11/W_12/L_6/N_6_nmax_2/boundary_periodic/energies_full_U11_L6_N6_nmax2_W12_boundaryperiodic_nreal300.txt
Accepted realizations: 300 / 300
Skipped realizations: 0
Job finished at Sun May 31 17:12:22 UTC 2026
