Job started on w30 at Sun May 31 17:10:38 UTC 2026
PBS_JOBID=7731452.kruk-host.ift-klaster.lan
PBS_O_WORKDIR=/home/2/kj405942/POLFED_bosons
Bose-Hubbard: L=6, N=6, nmax=2, dim=141
t=1, U=11, W=8, nreal=300, boundary=periodic, mode=full
Writing partial results to /home/2/kj405942/POLFED_bosons/pbs_bose_legacy_nmax2_periodic/data/U_11/W_8/L_6/N_6_nmax_2/boundary_periodic/energies_full_U11_L6_N6_nmax2_W8_boundaryperiodic_nreal300_partial.txt
realization 1 / 300 ... accepted 1. Emin=0.90266776, Emax=94.90937638
realization 2 / 300 ... accepted 2. Emin=-15.40735753, Emax=60.38070505
realization 3 / 300 ... accepted 3. Emin=-0.41396124, Emax=97.37648466
realization 4 / 300 ... accepted 4. Emin=13.51900312, Emax=105.28912093
realization 5 / 300 ... accepted 5. Emin=2.20270549, Emax=93.50276275
realization 6 / 300 ... accepted 6. Emin=-5.99541378, Emax=83.48675904
realization 7 / 300 ... accepted 7. Emin=-16.33532488, Emax=65.23206557
realization 8 / 300 ... accepted 8. Emin=5.03727489, Emax=97.49509505
realization 9 / 300 ... accepted 9. Emin=-9.25899291, Emax=78.68251127
realization 10 / 300 ... accepted 10. Emin=-4.72430261, Emax=83.25743032
realization 11 / 300 ... accepted 11. Emin=-7.17294627, Emax=89.88530147
realization 12 / 300 ... accepted 12. Emin=-0.78608086, Emax=93.68243282
realization 13 / 300 ... accepted 13. Emin=0.81152174, Emax=90.45065763
realization 14 / 300 ... accepted 14. Emin=4.00399170, Emax=84.98716351
realization 15 / 300 ... accepted 15. Emin=-15.36594371, Emax=79.42410184
realization 16 / 300 ... accepted 16. Emin=2.21348743, Emax=92.13788286
realization 17 / 300 ... accepted 17. Emin=8.44007682, Emax=83.17479114
realization 18 / 300 ... accepted 18. Emin=10.67132467, Emax=97.53242860
realization 19 / 300 ... accepted 19. Emin=-25.86417088, Emax=50.41444347
realization 20 / 300 ... accepted 20. Emin=-8.29138180, Emax=74.65158990
realization 21 / 300 ... accepted 21. Emin=-4.97278926, Emax=87.25580401
realization 22 / 300 ... accepted 22. Emin=-7.16368330, Emax=82.50037963
realization 23 / 300 ... accepted 23. Emin=-10.98526452, Emax=70.22740285
realization 24 / 300 ... accepted 24. Emin=3.05224419, Emax=83.90022237
realization 25 / 300 ... accepted 25. Emin=-18.05416186, Emax=69.09935189
realization 26 / 300 ... accepted 26. Emin=5.12238268, Emax=89.56416519
realization 27 / 300 ... accepted 27. Emin=-4.89381832, Emax=74.34378249
realization 28 / 300 ... accepted 28. Emin=-11.13985502, Emax=79.97978362
realization 29 / 300 ... accepted 29. Emin=-19.53412787, Emax=62.31682436
realization 30 / 300 ... accepted 30. Emin=-17.12304574, Emax=66.97778166
realization 31 / 300 ... accepted 31. Emin=7.32943970, Emax=91.84116819
realization 32 / 300 ... accepted 32. Emin=-4.71969324, Emax=84.93281694
realization 33 / 300 ... accepted 33. Emin=-8.62746773, Emax=77.19600708
realization 34 / 300 ... accepted 34. Emin=-11.28453791, Emax=70.76983230
realization 35 / 300 ... accepted 35. Emin=9.75921264, Emax=94.37979067
realization 36 / 300 ... accepted 36. Emin=-13.80627167, Emax=68.62749205
realization 37 / 300 ... accepted 37. Emin=1.60743401, Emax=97.17002335
realization 38 / 300 ... accepted 38. Emin=-1.70910287, Emax=101.85736944
realization 39 / 300 ... accepted 39. Emin=19.38102501, Emax=97.46740321
realization 40 / 300 ... accepted 40. Emin=-15.57494574, Emax=65.67312382
realization 41 / 300 ... accepted 41. Emin=-31.34860195, Emax=45.78742146
realization 42 / 300 ... accepted 42. Emin=-8.42385088, Emax=79.73050114
realization 43 / 300 ... accepted 43. Emin=3.28019151, Emax=82.89996077
realization 44 / 300 ... accepted 44. Emin=1.25409087, Emax=94.84731325
realization 45 / 300 ... accepted 45. Emin=16.23752657, Emax=99.27056277
realization 46 / 300 ... accepted 46. Emin=-1.88510487, Emax=96.57428848
realization 47 / 300 ... accepted 47. Emin=8.57537616, Emax=91.05707272
realization 48 / 300 ... accepted 48. Emin=-28.22440163, Emax=53.27051247
realization 49 / 300 ... accepted 49. Emin=-0.08976235, Emax=89.80207477
realization 50 / 300 ... accepted 50. Emin=3.39202385, Emax=90.54015781
realization 51 / 300 ... accepted 51. Emin=-16.89407930, Emax=64.81583468
realization 52 / 300 ... accepted 52. Emin=-13.41398552, Emax=73.01725159
realization 53 / 300 ... accepted 53. Emin=1.23833956, Emax=91.97143496
realization 54 / 300 ... accepted 54. Emin=12.50844970, Emax=107.03507143
realization 55 / 300 ... accepted 55. Emin=11.23883225, Emax=93.17311838
realization 56 / 300 ... accepted 56. Emin=3.70093879, Emax=93.54269347
realization 57 / 300 ... accepted 57. Emin=5.87414082, Emax=95.84876410
realization 58 / 300 ... accepted 58. Emin=-13.97796771, Emax=70.96207373
realization 59 / 300 ... accepted 59. Emin=2.82205340, Emax=87.15018659
realization 60 / 300 ... accepted 60. Emin=-3.47061513, Emax=80.92047277
realization 61 / 300 ... accepted 61. Emin=-6.51735877, Emax=79.91401133
realization 62 / 300 ... accepted 62. Emin=2.30997173, Emax=94.46502603
realization 63 / 300 ... accepted 63. Emin=-18.75893448, Emax=66.86725841
realization 64 / 300 ... accepted 64. Emin=12.57193266, Emax=104.32474857
realization 65 / 300 ... accepted 65. Emin=5.13221243, Emax=94.07072548
realization 66 / 300 ... accepted 66. Emin=-2.24582622, Emax=85.27660483
realization 67 / 300 ... accepted 67. Emin=-13.09225080, Emax=80.08020916
realization 68 / 300 ... accepted 68. Emin=-4.60604582, Emax=91.76101837
realization 69 / 300 ... accepted 69. Emin=-4.07325547, Emax=85.98568383
realization 70 / 300 ... accepted 70. Emin=-8.79964893, Emax=81.09104070
realization 71 / 300 ... accepted 71. Emin=-8.67846896, Emax=88.87257707
realization 72 / 300 ... accepted 72. Emin=-16.72784197, Emax=68.06245441
realization 73 / 300 ... accepted 73. Emin=5.93926499, Emax=86.92220689
realization 74 / 300 ... accepted 74. Emin=15.04181600, Emax=97.68583625
realization 75 / 300 ... accepted 75. Emin=8.84388506, Emax=93.14830419
realization 76 / 300 ... accepted 76. Emin=1.45258795, Emax=97.02586157
realization 77 / 300 ... accepted 77. Emin=7.03533169, Emax=91.48288952
realization 78 / 300 ... accepted 78. Emin=11.45521355, Emax=105.30419038
realization 79 / 300 ... accepted 79. Emin=-6.21258202, Emax=90.71612489
realization 80 / 300 ... accepted 80. Emin=11.08791535, Emax=107.98266352
realization 81 / 300 ... accepted 81. Emin=17.64653227, Emax=101.22987541
realization 82 / 300 ... accepted 82. Emin=-14.12900231, Emax=72.79667199
realization 83 / 300 ... accepted 83. Emin=-10.01924004, Emax=85.78938274
realization 84 / 300 ... accepted 84. Emin=8.56378745, Emax=95.99446941
realization 85 / 300 ... accepted 85. Emin=-15.77305530, Emax=72.15205376
realization 86 / 300 ... accepted 86. Emin=11.38165671, Emax=85.61180419
realization 87 / 300 ... accepted 87. Emin=-15.22445767, Emax=70.23851221
realization 88 / 300 ... accepted 88. Emin=7.31936129, Emax=99.23504082
realization 89 / 300 ... accepted 89. Emin=2.86287756, Emax=91.27097625
realization 90 / 300 ... accepted 90. Emin=-2.29460751, Emax=88.00914133
realization 91 / 300 ... accepted 91. Emin=15.35531441, Emax=101.76430961
realization 92 / 300 ... accepted 92. Emin=10.52629263, Emax=106.97207999
realization 93 / 300 ... accepted 93. Emin=-14.48352401, Emax=69.43881434
realization 94 / 300 ... accepted 94. Emin=-21.09477972, Emax=60.77664961
realization 95 / 300 ... accepted 95. Emin=-11.64755499, Emax=74.04546008
realization 96 / 300 ... accepted 96. Emin=5.56159901, Emax=97.24064232
realization 97 / 300 ... accepted 97. Emin=-16.27456717, Emax=74.34284771
realization 98 / 300 ... accepted 98. Emin=-10.71119845, Emax=68.68667221
realization 99 / 300 ... accepted 99. Emin=-2.99905323, Emax=89.18181386
realization 100 / 300 ... accepted 100. Emin=13.83903280, Emax=102.29483605
realization 101 / 300 ... accepted 101. Emin=-29.23573725, Emax=56.26594317
realization 102 / 300 ... accepted 102. Emin=11.01834184, Emax=93.78728508
realization 103 / 300 ... accepted 103. Emin=-10.56425924, Emax=79.28689266
realization 104 / 300 ... accepted 104. Emin=-2.46163564, Emax=81.09287031
realization 105 / 300 ... accepted 105. Emin=-2.17987065, Emax=86.49474413
realization 106 / 300 ... accepted 106. Emin=-4.83886916, Emax=85.34167507
realization 107 / 300 ... accepted 107. Emin=8.25438130, Emax=96.64164986
realization 108 / 300 ... accepted 108. Emin=10.23002692, Emax=99.48795083
realization 109 / 300 ... accepted 109. Emin=-3.94674104, Emax=84.19143806
realization 110 / 300 ... accepted 110. Emin=-2.16681266, Emax=89.20905417
realization 111 / 300 ... accepted 111. Emin=5.77935751, Emax=101.57843633
realization 112 / 300 ... accepted 112. Emin=-18.59406087, Emax=61.33023094
realization 113 / 300 ... accepted 113. Emin=-11.63672234, Emax=76.25821688
realization 114 / 300 ... accepted 114. Emin=7.65814885, Emax=95.43852233
realization 115 / 300 ... accepted 115. Emin=-12.73435573, Emax=66.42877108
realization 116 / 300 ... accepted 116. Emin=18.80201646, Emax=103.68338109
realization 117 / 300 ... accepted 117. Emin=6.67970397, Emax=95.45072363
realization 118 / 300 ... accepted 118. Emin=1.88666623, Emax=95.79450975
realization 119 / 300 ... accepted 119. Emin=11.16410022, Emax=98.12028170
realization 120 / 300 ... accepted 120. Emin=18.97578374, Emax=103.71651409
realization 121 / 300 ... accepted 121. Emin=-14.44187527, Emax=80.34044038
realization 122 / 300 ... accepted 122. Emin=6.87956778, Emax=107.64949164
realization 123 / 300 ... accepted 123. Emin=-0.19862574, Emax=86.82940855
realization 124 / 300 ... accepted 124. Emin=-4.32490563, Emax=82.64156885
realization 125 / 300 ... accepted 125. Emin=0.49338752, Emax=82.05532617
realization 126 / 300 ... accepted 126. Emin=1.95885513, Emax=97.44860077
realization 127 / 300 ... accepted 127. Emin=3.18679388, Emax=95.09075516
realization 128 / 300 ... accepted 128. Emin=17.74890037, Emax=105.25052242
realization 129 / 300 ... accepted 129. Emin=7.18672266, Emax=87.26918535
realization 130 / 300 ... accepted 130. Emin=-10.76893120, Emax=76.96325244
realization 131 / 300 ... accepted 131. Emin=8.41794503, Emax=102.02148025
realization 132 / 300 ... accepted 132. Emin=-4.60603188, Emax=74.84643383
realization 133 / 300 ... accepted 133. Emin=-6.82155611, Emax=86.38776207
realization 134 / 300 ... accepted 134. Emin=8.08530976, Emax=100.70821425
realization 135 / 300 ... accepted 135. Emin=-2.14547132, Emax=89.26605551
realization 136 / 300 ... accepted 136. Emin=7.55104326, Emax=103.14071557
realization 137 / 300 ... accepted 137. Emin=-11.38839820, Emax=76.69504366
realization 138 / 300 ... accepted 138. Emin=22.41477017, Emax=102.52998877
realization 139 / 300 ... accepted 139. Emin=-7.34295901, Emax=84.69737046
realization 140 / 300 ... accepted 140. Emin=-6.55871527, Emax=85.54745556
realization 141 / 300 ... accepted 141. Emin=-10.24588385, Emax=86.25491958
realization 142 / 300 ... accepted 142. Emin=8.19843500, Emax=97.07845824
realization 143 / 300 ... accepted 143. Emin=4.10637695, Emax=90.37700131
realization 144 / 300 ... accepted 144. Emin=-11.13385759, Emax=71.14555921
realization 145 / 300 ... accepted 145. Emin=1.79909799, Emax=90.45988429
realization 146 / 300 ... accepted 146. Emin=-23.18130162, Emax=60.75513147
realization 147 / 300 ... accepted 147. Emin=5.75986765, Emax=92.61299760
realization 148 / 300 ... accepted 148. Emin=8.93760376, Emax=93.80359933
realization 149 / 300 ... accepted 149. Emin=-7.71870180, Emax=75.46255384
realization 150 / 300 ... accepted 150. Emin=-12.35883563, Emax=72.15036377
realization 151 / 300 ... accepted 151. Emin=5.68902875, Emax=95.48124076
realization 152 / 300 ... accepted 152. Emin=-11.49269732, Emax=75.55661996
realization 153 / 300 ... accepted 153. Emin=-0.61943149, Emax=96.63028723
realization 154 / 300 ... accepted 154. Emin=-10.25173096, Emax=85.86092707
realization 155 / 300 ... accepted 155. Emin=0.65074326, Emax=90.12643265
realization 156 / 300 ... accepted 156. Emin=-6.51327264, Emax=76.10189219
realization 157 / 300 ... accepted 157. Emin=2.40231976, Emax=83.03263962
realization 158 / 300 ... accepted 158. Emin=-16.23948980, Emax=68.94018079
realization 159 / 300 ... accepted 159. Emin=-1.77174977, Emax=82.65133195
realization 160 / 300 ... accepted 160. Emin=-7.14836339, Emax=78.18066978
realization 161 / 300 ... accepted 161. Emin=10.55559645, Emax=102.92554720
realization 162 / 300 ... accepted 162. Emin=1.76809174, Emax=87.17691026
realization 163 / 300 ... accepted 163. Emin=-8.58871612, Emax=80.67152658
realization 164 / 300 ... accepted 164. Emin=5.59893441, Emax=93.52484878
realization 165 / 300 ... accepted 165. Emin=3.58954789, Emax=83.26758536
realization 166 / 300 ... accepted 166. Emin=3.58504232, Emax=90.64034003
realization 167 / 300 ... accepted 167. Emin=-8.92016959, Emax=86.49411382
realization 168 / 300 ... accepted 168. Emin=-2.83522778, Emax=80.79579444
realization 169 / 300 ... accepted 169. Emin=-18.11866557, Emax=76.13239215
realization 170 / 300 ... accepted 170. Emin=-12.33544902, Emax=80.02465154
realization 171 / 300 ... accepted 171. Emin=10.14977777, Emax=102.29479711
realization 172 / 300 ... accepted 172. Emin=-16.96286467, Emax=68.74460562
realization 173 / 300 ... accepted 173. Emin=8.43062596, Emax=91.43991646
realization 174 / 300 ... accepted 174. Emin=11.78714805, Emax=101.72596670
realization 175 / 300 ... accepted 175. Emin=-10.25162585, Emax=67.71768320
realization 176 / 300 ... accepted 176. Emin=-8.53638701, Emax=77.29803280
realization 177 / 300 ... accepted 177. Emin=15.94195330, Emax=105.83795894
realization 178 / 300 ... accepted 178. Emin=15.95720478, Emax=89.96865807
realization 179 / 300 ... accepted 179. Emin=12.39990094, Emax=107.66831549
realization 180 / 300 ... accepted 180. Emin=13.39323554, Emax=103.77270211
realization 181 / 300 ... accepted 181. Emin=-2.75631259, Emax=86.44183994
realization 182 / 300 ... accepted 182. Emin=-3.42481079, Emax=81.11294261
realization 183 / 300 ... accepted 183. Emin=7.39560947, Emax=93.45775527
realization 184 / 300 ... accepted 184. Emin=-4.31392118, Emax=81.58714859
realization 185 / 300 ... accepted 185. Emin=-15.43372547, Emax=68.44336395
realization 186 / 300 ... accepted 186. Emin=-9.48417201, Emax=76.14983264
realization 187 / 300 ... accepted 187. Emin=-1.92907176, Emax=84.98437588
realization 188 / 300 ... accepted 188. Emin=-13.06941574, Emax=66.02622226
realization 189 / 300 ... accepted 189. Emin=-17.99123658, Emax=72.14490728
realization 190 / 300 ... accepted 190. Emin=-8.85239122, Emax=84.75012559
realization 191 / 300 ... accepted 191. Emin=28.54167245, Emax=107.60238769
realization 192 / 300 ... accepted 192. Emin=-3.65155011, Emax=103.43553186
realization 193 / 300 ... accepted 193. Emin=-25.09226779, Emax=55.73606261
realization 194 / 300 ... accepted 194. Emin=19.08571290, Emax=104.77267502
realization 195 / 300 ... accepted 195. Emin=4.05489096, Emax=90.95394105
realization 196 / 300 ... accepted 196. Emin=-10.15197331, Emax=77.12889292
realization 197 / 300 ... accepted 197. Emin=-9.25219807, Emax=82.25047932
realization 198 / 300 ... accepted 198. Emin=14.75515378, Emax=103.49736033
realization 199 / 300 ... accepted 199. Emin=4.62646538, Emax=98.86877767
realization 200 / 300 ... accepted 200. Emin=-7.86883317, Emax=79.87761526
realization 201 / 300 ... accepted 201. Emin=-5.76914394, Emax=83.23326365
realization 202 / 300 ... accepted 202. Emin=7.06191682, Emax=87.30684080
realization 203 / 300 ... accepted 203. Emin=5.30040536, Emax=109.58215512
realization 204 / 300 ... accepted 204. Emin=-0.00786381, Emax=92.79155184
realization 205 / 300 ... accepted 205. Emin=-2.91182499, Emax=88.27871249
realization 206 / 300 ... accepted 206. Emin=4.74529704, Emax=91.99251546
realization 207 / 300 ... accepted 207. Emin=-6.60004535, Emax=75.81195070
realization 208 / 300 ... accepted 208. Emin=6.65263747, Emax=97.09739168
realization 209 / 300 ... accepted 209. Emin=-4.34402525, Emax=83.82650529
realization 210 / 300 ... accepted 210. Emin=-2.09859998, Emax=82.20740221
realization 211 / 300 ... accepted 211. Emin=13.20651070, Emax=98.54068267
realization 212 / 300 ... accepted 212. Emin=6.25316340, Emax=102.09079307
realization 213 / 300 ... accepted 213. Emin=-0.90777351, Emax=82.60885690
realization 214 / 300 ... accepted 214. Emin=-8.52825880, Emax=92.14016757
realization 215 / 300 ... accepted 215. Emin=-16.36356015, Emax=71.41138259
realization 216 / 300 ... accepted 216. Emin=-16.09081197, Emax=73.95977628
realization 217 / 300 ... accepted 217. Emin=1.24514434, Emax=94.72139244
realization 218 / 300 ... accepted 218. Emin=-8.13498366, Emax=75.49684850
realization 219 / 300 ... accepted 219. Emin=0.65025507, Emax=89.01462807
realization 220 / 300 ... accepted 220. Emin=10.24301382, Emax=105.51709988
realization 221 / 300 ... accepted 221. Emin=1.33705972, Emax=84.68144613
realization 222 / 300 ... accepted 222. Emin=-1.24860256, Emax=81.75121246
realization 223 / 300 ... accepted 223. Emin=1.56931437, Emax=84.41976756
realization 224 / 300 ... accepted 224. Emin=-17.28291563, Emax=70.58981081
realization 225 / 300 ... accepted 225. Emin=-5.54010092, Emax=83.92249235
realization 226 / 300 ... accepted 226. Emin=-11.09908061, Emax=77.79177415
realization 227 / 300 ... accepted 227. Emin=3.59013075, Emax=97.83160348
realization 228 / 300 ... accepted 228. Emin=-4.61144723, Emax=83.24816128
realization 229 / 300 ... accepted 229. Emin=-9.05827187, Emax=73.45334718
realization 230 / 300 ... accepted 230. Emin=17.96672082, Emax=102.68310436
realization 231 / 300 ... accepted 231. Emin=-0.98936284, Emax=92.68461075
realization 232 / 300 ... accepted 232. Emin=-7.50254851, Emax=85.87380568
realization 233 / 300 ... accepted 233. Emin=-11.96081243, Emax=80.92658127
realization 234 / 300 ... accepted 234. Emin=1.91889093, Emax=89.91802656
realization 235 / 300 ... accepted 235. Emin=2.20214992, Emax=90.31163289
realization 236 / 300 ... accepted 236. Emin=-7.80757454, Emax=80.93954837
realization 237 / 300 ... accepted 237. Emin=-14.19655967, Emax=77.86808288
realization 238 / 300 ... accepted 238. Emin=9.73927829, Emax=89.71390532
realization 239 / 300 ... accepted 239. Emin=7.73553506, Emax=94.32114803
realization 240 / 300 ... accepted 240. Emin=5.18413108, Emax=86.27360423
realization 241 / 300 ... accepted 241. Emin=-2.12147606, Emax=82.96647050
realization 242 / 300 ... accepted 242. Emin=1.56763757, Emax=92.06086485
realization 243 / 300 ... accepted 243. Emin=10.85110610, Emax=100.61684686
realization 244 / 300 ... accepted 244. Emin=20.84436479, Emax=105.08889698
realization 245 / 300 ... accepted 245. Emin=-19.51605391, Emax=62.69943867
realization 246 / 300 ... accepted 246. Emin=5.08947154, Emax=93.72817639
realization 247 / 300 ... accepted 247. Emin=4.99238925, Emax=85.41604427
realization 248 / 300 ... accepted 248. Emin=4.36676790, Emax=93.25362818
realization 249 / 300 ... accepted 249. Emin=1.96701620, Emax=95.39619571
realization 250 / 300 ... accepted 250. Emin=-14.77640285, Emax=75.78136216
realization 251 / 300 ... accepted 251. Emin=-17.49569102, Emax=67.85505230
realization 252 / 300 ... accepted 252. Emin=-28.36725032, Emax=45.68155413
realization 253 / 300 ... accepted 253. Emin=-15.98617026, Emax=78.42799650
realization 254 / 300 ... accepted 254. Emin=9.84926061, Emax=99.93091396
realization 255 / 300 ... accepted 255. Emin=-12.99477081, Emax=79.53970935
realization 256 / 300 ... accepted 256. Emin=3.31262387, Emax=85.66016165
realization 257 / 300 ... accepted 257. Emin=23.35405234, Emax=99.20972013
realization 258 / 300 ... accepted 258. Emin=5.20673291, Emax=91.60813176
realization 259 / 300 ... accepted 259. Emin=11.39778928, Emax=97.03616574
realization 260 / 300 ... accepted 260. Emin=28.94719543, Emax=105.97570714
realization 261 / 300 ... accepted 261. Emin=5.18201322, Emax=100.85412485
realization 262 / 300 ... accepted 262. Emin=-13.42170435, Emax=68.41171512
realization 263 / 300 ... accepted 263. Emin=11.39831562, Emax=100.08338117
realization 264 / 300 ... accepted 264. Emin=-1.95220252, Emax=77.73070326
realization 265 / 300 ... accepted 265. Emin=-9.89323115, Emax=75.40577566
realization 266 / 300 ... accepted 266. Emin=-7.42082537, Emax=84.55383397
realization 267 / 300 ... accepted 267. Emin=5.61509732, Emax=107.22596238
realization 268 / 300 ... accepted 268. Emin=25.15083251, Emax=109.53069932
realization 269 / 300 ... accepted 269. Emin=2.26625835, Emax=93.08301030
realization 270 / 300 ... accepted 270. Emin=-3.53216742, Emax=86.44677020
realization 271 / 300 ... accepted 271. Emin=10.88097446, Emax=101.47460921
realization 272 / 300 ... accepted 272. Emin=10.73007166, Emax=94.61612818
realization 273 / 300 ... accepted 273. Emin=-11.93542996, Emax=73.57184047
realization 274 / 300 ... accepted 274. Emin=-3.96634225, Emax=87.76266218
realization 275 / 300 ... accepted 275. Emin=11.41933958, Emax=104.66752270
realization 276 / 300 ... accepted 276. Emin=-6.84642524, Emax=82.44995789
realization 277 / 300 ... accepted 277. Emin=28.87460862, Emax=105.94881021
realization 278 / 300 ... accepted 278. Emin=-0.74889001, Emax=90.47936822
realization 279 / 300 ... accepted 279. Emin=-1.14380883, Emax=93.59690512
realization 280 / 300 ... accepted 280. Emin=-13.55962544, Emax=74.83170588
realization 281 / 300 ... accepted 281. Emin=2.62793193, Emax=93.19591877
realization 282 / 300 ... accepted 282. Emin=23.75230466, Emax=102.38277531
realization 283 / 300 ... accepted 283. Emin=-25.80630572, Emax=58.17150604
realization 284 / 300 ... accepted 284. Emin=-10.66446617, Emax=83.16188441
realization 285 / 300 ... accepted 285. Emin=-1.96585975, Emax=83.96787972
realization 286 / 300 ... accepted 286. Emin=7.92735422, Emax=96.11673947
realization 287 / 300 ... accepted 287. Emin=-11.64526805, Emax=74.10570268
realization 288 / 300 ... accepted 288. Emin=9.29196983, Emax=91.88942869
realization 289 / 300 ... accepted 289. Emin=9.02566722, Emax=108.95033010
realization 290 / 300 ... accepted 290. Emin=0.12784222, Emax=95.47260303
realization 291 / 300 ... accepted 291. Emin=1.11970732, Emax=94.94266007
realization 292 / 300 ... accepted 292. Emin=5.48644939, Emax=91.92847239
realization 293 / 300 ... accepted 293. Emin=-17.30504229, Emax=71.91499364
realization 294 / 300 ... accepted 294. Emin=8.74858670, Emax=82.14788926
realization 295 / 300 ... accepted 295. Emin=7.31861788, Emax=99.67945852
realization 296 / 300 ... accepted 296. Emin=5.37001358, Emax=82.52551042
realization 297 / 300 ... accepted 297. Emin=5.10120752, Emax=93.54802766
realization 298 / 300 ... accepted 298. Emin=0.97838193, Emax=90.12090543
realization 299 / 300 ... accepted 299. Emin=14.90242499, Emax=104.03903682
realization 300 / 300 ... accepted 300. Emin=2.79814134, Emax=93.17352475
Saved final energies: /home/2/kj405942/POLFED_bosons/pbs_bose_legacy_nmax2_periodic/data/U_11/W_8/L_6/N_6_nmax_2/boundary_periodic/energies_full_U11_L6_N6_nmax2_W8_boundaryperiodic_nreal300.txt
Accepted realizations: 300 / 300
Skipped realizations: 0
Job finished at Sun May 31 17:12:20 UTC 2026
