Job started on w30 at Sun May 31 17:10:37 UTC 2026
PBS_JOBID=7731449.kruk-host.ift-klaster.lan
PBS_O_WORKDIR=/home/2/kj405942/POLFED_bosons
Bose-Hubbard: L=6, N=6, nmax=2, dim=141
t=1, U=11, W=5, nreal=300, boundary=periodic, mode=full
Writing partial results to /home/2/kj405942/POLFED_bosons/pbs_bose_legacy_nmax2_periodic/data/U_11/W_5/L_6/N_6_nmax_2/boundary_periodic/energies_full_U11_L6_N6_nmax2_W5_boundaryperiodic_nreal300_partial.txt
realization 1 / 300 ... accepted 1. Emin=0.30563454, Emax=85.92776852
realization 2 / 300 ... accepted 2. Emin=-11.34739600, Emax=66.47143654
realization 3 / 300 ... accepted 3. Emin=-5.92042122, Emax=74.50587419
realization 4 / 300 ... accepted 4. Emin=-0.73093788, Emax=85.50953250
realization 5 / 300 ... accepted 5. Emin=1.46795561, Emax=82.39624089
realization 6 / 300 ... accepted 6. Emin=10.26428694, Emax=88.86820981
realization 7 / 300 ... accepted 7. Emin=-7.84783058, Emax=70.90351199
realization 8 / 300 ... accepted 8. Emin=-0.78863764, Emax=83.32407724
realization 9 / 300 ... accepted 9. Emin=8.41987862, Emax=85.95529690
realization 10 / 300 ... accepted 10. Emin=10.66364321, Emax=94.02258868
realization 11 / 300 ... accepted 11. Emin=-3.55487297, Emax=82.88304641
realization 12 / 300 ... accepted 12. Emin=-0.34006648, Emax=76.17431760
realization 13 / 300 ... accepted 13. Emin=4.47539445, Emax=81.21402653
realization 14 / 300 ... accepted 14. Emin=4.84011074, Emax=91.26508953
realization 15 / 300 ... accepted 15. Emin=-6.67372007, Emax=72.06251562
realization 16 / 300 ... accepted 16. Emin=-6.05995973, Emax=73.85417474
realization 17 / 300 ... accepted 17. Emin=-10.65122332, Emax=64.87599654
realization 18 / 300 ... accepted 18. Emin=-3.01810043, Emax=77.70072074
realization 19 / 300 ... accepted 19. Emin=-2.02809896, Emax=77.85633670
realization 20 / 300 ... accepted 20. Emin=4.94218104, Emax=86.51327376
realization 21 / 300 ... accepted 21. Emin=-7.62778125, Emax=67.30648774
realization 22 / 300 ... accepted 22. Emin=-1.59892490, Emax=81.37727536
realization 23 / 300 ... accepted 23. Emin=1.95989604, Emax=84.51677041
realization 24 / 300 ... accepted 24. Emin=10.77278403, Emax=85.81184716
realization 25 / 300 ... accepted 25. Emin=-0.74625602, Emax=78.19082334
realization 26 / 300 ... accepted 26. Emin=7.00879571, Emax=84.77980795
realization 27 / 300 ... accepted 27. Emin=-5.86993627, Emax=68.81296149
realization 28 / 300 ... accepted 28. Emin=-2.29923436, Emax=79.94410587
realization 29 / 300 ... accepted 29. Emin=13.71714098, Emax=90.06472637
realization 30 / 300 ... accepted 30. Emin=-8.74403128, Emax=67.06121210
realization 31 / 300 ... accepted 31. Emin=-2.43152819, Emax=77.65751699
realization 32 / 300 ... accepted 32. Emin=8.86322179, Emax=90.50690781
realization 33 / 300 ... accepted 33. Emin=7.55715999, Emax=89.79546261
realization 34 / 300 ... accepted 34. Emin=-3.22305707, Emax=76.96210914
realization 35 / 300 ... accepted 35. Emin=2.27706517, Emax=81.63840781
realization 36 / 300 ... accepted 36. Emin=-2.91526059, Emax=73.43579539
realization 37 / 300 ... accepted 37. Emin=11.31303438, Emax=89.80590370
realization 38 / 300 ... accepted 38. Emin=-4.39296443, Emax=74.51018506
realization 39 / 300 ... accepted 39. Emin=1.88078723, Emax=77.73689760
realization 40 / 300 ... accepted 40. Emin=-8.72498760, Emax=80.34716508
realization 41 / 300 ... accepted 41. Emin=10.87610460, Emax=86.03774069
realization 42 / 300 ... accepted 42. Emin=0.27569755, Emax=86.35525089
realization 43 / 300 ... accepted 43. Emin=4.94645303, Emax=90.16695954
realization 44 / 300 ... accepted 44. Emin=-0.69358628, Emax=80.92080868
realization 45 / 300 ... accepted 45. Emin=-0.08811178, Emax=80.12320051
realization 46 / 300 ... accepted 46. Emin=-5.00228612, Emax=72.89928289
realization 47 / 300 ... accepted 47. Emin=-12.70216047, Emax=62.96174848
realization 48 / 300 ... accepted 48. Emin=3.54042913, Emax=77.35163161
realization 49 / 300 ... accepted 49. Emin=7.86581054, Emax=88.48731339
realization 50 / 300 ... accepted 50. Emin=-2.96441459, Emax=74.64136737
realization 51 / 300 ... accepted 51. Emin=-8.81558658, Emax=71.80370895
realization 52 / 300 ... accepted 52. Emin=5.26318535, Emax=82.49756983
realization 53 / 300 ... accepted 53. Emin=5.41985254, Emax=88.66061972
realization 54 / 300 ... accepted 54. Emin=11.47795976, Emax=89.11215391
realization 55 / 300 ... accepted 55. Emin=-4.68456582, Emax=76.25555411
realization 56 / 300 ... accepted 56. Emin=-2.06018025, Emax=77.51049897
realization 57 / 300 ... accepted 57. Emin=5.09325772, Emax=83.16590835
realization 58 / 300 ... accepted 58. Emin=6.81606783, Emax=82.04849440
realization 59 / 300 ... accepted 59. Emin=5.78450599, Emax=92.83638327
realization 60 / 300 ... accepted 60. Emin=-8.05734822, Emax=66.23912430
realization 61 / 300 ... accepted 61. Emin=-4.23723764, Emax=80.36610949
realization 62 / 300 ... accepted 62. Emin=-3.33479479, Emax=78.32166665
realization 63 / 300 ... accepted 63. Emin=15.68355596, Emax=90.27090963
realization 64 / 300 ... accepted 64. Emin=-10.67961235, Emax=72.83287674
realization 65 / 300 ... accepted 65. Emin=0.31215167, Emax=85.29925800
realization 66 / 300 ... accepted 66. Emin=-3.99441068, Emax=80.65865811
realization 67 / 300 ... accepted 67. Emin=3.71896692, Emax=83.58155292
realization 68 / 300 ... accepted 68. Emin=-1.57202331, Emax=77.95592348
realization 69 / 300 ... accepted 69. Emin=-3.23081804, Emax=73.34423893
realization 70 / 300 ... accepted 70. Emin=-5.41225973, Emax=76.02721418
realization 71 / 300 ... accepted 71. Emin=8.95931409, Emax=84.80726756
realization 72 / 300 ... accepted 72. Emin=0.39846166, Emax=84.22693117
realization 73 / 300 ... accepted 73. Emin=-1.46138718, Emax=77.77269656
realization 74 / 300 ... accepted 74. Emin=9.26681701, Emax=94.28459429
realization 75 / 300 ... accepted 75. Emin=3.98250117, Emax=88.61297129
realization 76 / 300 ... accepted 76. Emin=-2.02512247, Emax=85.18541751
realization 77 / 300 ... accepted 77. Emin=-6.25550681, Emax=73.34967052
realization 78 / 300 ... accepted 78. Emin=-5.99835218, Emax=76.96921861
realization 79 / 300 ... accepted 79. Emin=-4.20066350, Emax=72.20396206
realization 80 / 300 ... accepted 80. Emin=-10.10495690, Emax=70.18688079
realization 81 / 300 ... accepted 81. Emin=-10.87327172, Emax=68.08361465
realization 82 / 300 ... accepted 82. Emin=12.28986538, Emax=88.65292927
realization 83 / 300 ... accepted 83. Emin=-3.05499465, Emax=86.19855328
realization 84 / 300 ... accepted 84. Emin=1.60041307, Emax=79.17334193
realization 85 / 300 ... accepted 85. Emin=0.92595140, Emax=83.06209814
realization 86 / 300 ... accepted 86. Emin=-3.26642923, Emax=78.79914539
realization 87 / 300 ... accepted 87. Emin=-2.15198572, Emax=87.66763170
realization 88 / 300 ... accepted 88. Emin=-2.60201936, Emax=79.58182270
realization 89 / 300 ... accepted 89. Emin=3.28546826, Emax=84.79919839
realization 90 / 300 ... accepted 90. Emin=-11.00518593, Emax=66.78993729
realization 91 / 300 ... accepted 91. Emin=-4.38034467, Emax=68.44472768
realization 92 / 300 ... accepted 92. Emin=1.96149546, Emax=82.50081631
realization 93 / 300 ... accepted 93. Emin=-0.74596549, Emax=83.22714081
realization 94 / 300 ... accepted 94. Emin=4.90225810, Emax=85.69824467
realization 95 / 300 ... accepted 95. Emin=-2.15417739, Emax=87.63638458
realization 96 / 300 ... accepted 96. Emin=10.38025453, Emax=87.92044136
realization 97 / 300 ... accepted 97. Emin=5.61969385, Emax=83.14188154
realization 98 / 300 ... accepted 98. Emin=4.37136974, Emax=86.34428240
realization 99 / 300 ... accepted 99. Emin=-4.47966595, Emax=74.24068398
realization 100 / 300 ... accepted 100. Emin=0.40123954, Emax=78.39722557
realization 101 / 300 ... accepted 101. Emin=-0.38773988, Emax=82.34243456
realization 102 / 300 ... accepted 102. Emin=-2.28811485, Emax=76.03986513
realization 103 / 300 ... accepted 103. Emin=4.62273674, Emax=84.93239299
realization 104 / 300 ... accepted 104. Emin=-1.76123617, Emax=80.27308396
realization 105 / 300 ... accepted 105. Emin=-7.63764440, Emax=75.84116435
realization 106 / 300 ... accepted 106. Emin=-2.65684743, Emax=77.01736933
realization 107 / 300 ... accepted 107. Emin=-3.37348192, Emax=75.15230542
realization 108 / 300 ... accepted 108. Emin=17.05397360, Emax=91.83464372
realization 109 / 300 ... accepted 109. Emin=-10.85734145, Emax=70.15057302
realization 110 / 300 ... accepted 110. Emin=-12.38768626, Emax=65.27787610
realization 111 / 300 ... accepted 111. Emin=-5.85005781, Emax=71.46247906
realization 112 / 300 ... accepted 112. Emin=0.74178384, Emax=86.48735748
realization 113 / 300 ... accepted 113. Emin=-9.85207233, Emax=72.26246238
realization 114 / 300 ... accepted 114. Emin=-6.65481605, Emax=70.27444767
realization 115 / 300 ... accepted 115. Emin=-1.31117319, Emax=76.12889409
realization 116 / 300 ... accepted 116. Emin=9.89663848, Emax=86.74371282
realization 117 / 300 ... accepted 117. Emin=-15.35213704, Emax=63.06645392
realization 118 / 300 ... accepted 118. Emin=-0.50593028, Emax=82.86016407
realization 119 / 300 ... accepted 119. Emin=2.16021193, Emax=84.83056664
realization 120 / 300 ... accepted 120. Emin=-3.02495919, Emax=78.28821543
realization 121 / 300 ... accepted 121. Emin=-1.64989241, Emax=73.97981402
realization 122 / 300 ... accepted 122. Emin=9.54540393, Emax=87.96196467
realization 123 / 300 ... accepted 123. Emin=-13.75578478, Emax=63.15573736
realization 124 / 300 ... accepted 124. Emin=-4.64879209, Emax=76.79355395
realization 125 / 300 ... accepted 125. Emin=-12.55364918, Emax=61.29782035
realization 126 / 300 ... accepted 126. Emin=-4.12962724, Emax=74.77981435
realization 127 / 300 ... accepted 127. Emin=3.85156320, Emax=76.00853329
realization 128 / 300 ... accepted 128. Emin=11.57605404, Emax=92.39198684
realization 129 / 300 ... accepted 129. Emin=-6.64207282, Emax=71.10451921
realization 130 / 300 ... accepted 130. Emin=-9.98441001, Emax=69.08970384
realization 131 / 300 ... accepted 131. Emin=-4.58710159, Emax=78.69871994
realization 132 / 300 ... accepted 132. Emin=-10.09947267, Emax=70.80970977
realization 133 / 300 ... accepted 133. Emin=-0.66255485, Emax=82.38215619
realization 134 / 300 ... accepted 134. Emin=-1.84256806, Emax=76.22388163
realization 135 / 300 ... accepted 135. Emin=-3.92363699, Emax=74.64745726
realization 136 / 300 ... accepted 136. Emin=-8.30215127, Emax=74.51594450
realization 137 / 300 ... accepted 137. Emin=-9.08597482, Emax=71.52689623
realization 138 / 300 ... accepted 138. Emin=-0.40768287, Emax=88.91046946
realization 139 / 300 ... accepted 139. Emin=5.48738427, Emax=80.31524763
realization 140 / 300 ... accepted 140. Emin=0.98751306, Emax=79.26539880
realization 141 / 300 ... accepted 141. Emin=-11.06698420, Emax=73.85528374
realization 142 / 300 ... accepted 142. Emin=-3.49235021, Emax=76.96801628
realization 143 / 300 ... accepted 143. Emin=-3.13282249, Emax=80.55141757
realization 144 / 300 ... accepted 144. Emin=2.46715988, Emax=81.17401769
realization 145 / 300 ... accepted 145. Emin=-3.66394716, Emax=77.58573529
realization 146 / 300 ... accepted 146. Emin=0.12141681, Emax=83.69892827
realization 147 / 300 ... accepted 147. Emin=10.44754734, Emax=86.52699846
realization 148 / 300 ... accepted 148. Emin=-0.32911462, Emax=81.02613076
realization 149 / 300 ... accepted 149. Emin=4.58202636, Emax=83.16036914
realization 150 / 300 ... accepted 150. Emin=-6.02822385, Emax=73.75535902
realization 151 / 300 ... accepted 151. Emin=-1.34921294, Emax=75.66558646
realization 152 / 300 ... accepted 152. Emin=-0.82414629, Emax=79.72009477
realization 153 / 300 ... accepted 153. Emin=-0.18322787, Emax=84.39685596
realization 154 / 300 ... accepted 154. Emin=-11.83684264, Emax=68.17261844
realization 155 / 300 ... accepted 155. Emin=-13.61925826, Emax=63.46011877
realization 156 / 300 ... accepted 156. Emin=8.03830036, Emax=86.85136479
realization 157 / 300 ... accepted 157. Emin=1.99328046, Emax=87.13189789
realization 158 / 300 ... accepted 158. Emin=-0.47346500, Emax=75.11032486
realization 159 / 300 ... accepted 159. Emin=5.25058908, Emax=82.99371080
realization 160 / 300 ... accepted 160. Emin=11.83175886, Emax=89.75955308
realization 161 / 300 ... accepted 161. Emin=-8.57838568, Emax=67.83446735
realization 162 / 300 ... accepted 162. Emin=5.90538131, Emax=82.17898969
realization 163 / 300 ... accepted 163. Emin=-5.55927350, Emax=77.64614003
realization 164 / 300 ... accepted 164. Emin=-3.79871744, Emax=82.25163182
realization 165 / 300 ... accepted 165. Emin=2.08530938, Emax=77.41604287
realization 166 / 300 ... accepted 166. Emin=-5.28088440, Emax=70.71826979
realization 167 / 300 ... accepted 167. Emin=-0.04801095, Emax=80.14811263
realization 168 / 300 ... accepted 168. Emin=1.50359052, Emax=85.45040760
realization 169 / 300 ... accepted 169. Emin=-7.39082722, Emax=75.72964893
realization 170 / 300 ... accepted 170. Emin=3.29543715, Emax=83.45518066
realization 171 / 300 ... accepted 171. Emin=8.25463126, Emax=86.11793883
realization 172 / 300 ... accepted 172. Emin=-1.22938818, Emax=81.71309243
realization 173 / 300 ... accepted 173. Emin=-2.07806188, Emax=82.50473212
realization 174 / 300 ... accepted 174. Emin=4.43447551, Emax=87.65058369
realization 175 / 300 ... accepted 175. Emin=-7.69149119, Emax=71.81680716
realization 176 / 300 ... accepted 176. Emin=3.98524405, Emax=85.58768659
realization 177 / 300 ... accepted 177. Emin=-2.38864510, Emax=75.66422967
realization 178 / 300 ... accepted 178. Emin=-5.23953178, Emax=81.42632863
realization 179 / 300 ... accepted 179. Emin=-5.90444425, Emax=82.09036379
realization 180 / 300 ... accepted 180. Emin=-5.15196023, Emax=75.72981148
realization 181 / 300 ... accepted 181. Emin=-9.93342152, Emax=65.29614267
realization 182 / 300 ... accepted 182. Emin=11.02271090, Emax=83.53427531
realization 183 / 300 ... accepted 183. Emin=-0.68374753, Emax=79.32780918
realization 184 / 300 ... accepted 184. Emin=7.56728088, Emax=91.63982535
realization 185 / 300 ... accepted 185. Emin=14.51798284, Emax=90.82437044
realization 186 / 300 ... accepted 186. Emin=-13.52668852, Emax=64.35828875
realization 187 / 300 ... accepted 187. Emin=-6.95384989, Emax=69.21210229
realization 188 / 300 ... accepted 188. Emin=7.03084794, Emax=92.82402156
realization 189 / 300 ... accepted 189. Emin=4.08962789, Emax=89.20013904
realization 190 / 300 ... accepted 190. Emin=-1.94774417, Emax=80.40040975
realization 191 / 300 ... accepted 191. Emin=-10.68075302, Emax=69.00279077
realization 192 / 300 ... accepted 192. Emin=-7.70445843, Emax=72.56553538
realization 193 / 300 ... accepted 193. Emin=-0.03195220, Emax=83.66481827
realization 194 / 300 ... accepted 194. Emin=-5.78380107, Emax=82.17031423
realization 195 / 300 ... accepted 195. Emin=2.19788763, Emax=87.15434303
realization 196 / 300 ... accepted 196. Emin=-5.26053155, Emax=79.97055180
realization 197 / 300 ... accepted 197. Emin=4.51379985, Emax=81.28916463
realization 198 / 300 ... accepted 198. Emin=4.12707948, Emax=84.41582983
realization 199 / 300 ... accepted 199. Emin=-1.56103404, Emax=82.06147289
realization 200 / 300 ... accepted 200. Emin=-1.92680138, Emax=80.45252066
realization 201 / 300 ... accepted 201. Emin=8.82109356, Emax=89.40087408
realization 202 / 300 ... accepted 202. Emin=-9.61570512, Emax=69.44796193
realization 203 / 300 ... accepted 203. Emin=0.97579487, Emax=82.99632470
realization 204 / 300 ... accepted 204. Emin=-6.98079856, Emax=70.10580091
realization 205 / 300 ... accepted 205. Emin=-5.49564522, Emax=73.02756302
realization 206 / 300 ... accepted 206. Emin=8.63863499, Emax=83.40624717
realization 207 / 300 ... accepted 207. Emin=14.00577155, Emax=92.32413180
realization 208 / 300 ... accepted 208. Emin=-4.21390451, Emax=81.67164113
realization 209 / 300 ... accepted 209. Emin=-5.29785470, Emax=69.67392746
realization 210 / 300 ... accepted 210. Emin=8.42461166, Emax=88.08533012
realization 211 / 300 ... accepted 211. Emin=-13.75594079, Emax=68.04890891
realization 212 / 300 ... accepted 212. Emin=0.34384121, Emax=80.56276553
realization 213 / 300 ... accepted 213. Emin=-10.04830700, Emax=69.53006460
realization 214 / 300 ... accepted 214. Emin=-0.35948285, Emax=86.33178931
realization 215 / 300 ... accepted 215. Emin=-5.02091504, Emax=76.89179235
realization 216 / 300 ... accepted 216. Emin=2.04641602, Emax=80.47688114
realization 217 / 300 ... accepted 217. Emin=-8.84588750, Emax=72.34851288
realization 218 / 300 ... accepted 218. Emin=6.20288010, Emax=87.46584264
realization 219 / 300 ... accepted 219. Emin=-5.38808905, Emax=83.48202579
realization 220 / 300 ... accepted 220. Emin=9.97239840, Emax=85.13599365
realization 221 / 300 ... accepted 221. Emin=1.16051170, Emax=83.44879727
realization 222 / 300 ... accepted 222. Emin=-6.08492812, Emax=74.32317460
realization 223 / 300 ... accepted 223. Emin=-6.56369589, Emax=70.97619435
realization 224 / 300 ... accepted 224. Emin=7.31405280, Emax=82.33601080
realization 225 / 300 ... accepted 225. Emin=5.78336309, Emax=85.64902784
realization 226 / 300 ... accepted 226. Emin=-10.10196006, Emax=69.24818119
realization 227 / 300 ... accepted 227. Emin=-12.21777168, Emax=67.18369044
realization 228 / 300 ... accepted 228. Emin=-11.80368841, Emax=66.46491057
realization 229 / 300 ... accepted 229. Emin=-5.36630575, Emax=70.96262554
realization 230 / 300 ... accepted 230. Emin=5.25090379, Emax=83.97467738
realization 231 / 300 ... accepted 231. Emin=-6.87274878, Emax=74.91352907
realization 232 / 300 ... accepted 232. Emin=-5.67841141, Emax=78.88164523
realization 233 / 300 ... accepted 233. Emin=-9.84119795, Emax=68.65692834
realization 234 / 300 ... accepted 234. Emin=1.63334798, Emax=88.05327667
realization 235 / 300 ... accepted 235. Emin=-7.27954731, Emax=66.14433106
realization 236 / 300 ... accepted 236. Emin=-3.75384080, Emax=75.80553809
realization 237 / 300 ... accepted 237. Emin=-3.06800410, Emax=78.11075979
realization 238 / 300 ... accepted 238. Emin=-1.48958359, Emax=78.64557350
realization 239 / 300 ... accepted 239. Emin=-5.47713391, Emax=76.91426411
realization 240 / 300 ... accepted 240. Emin=12.24494127, Emax=90.31615053
realization 241 / 300 ... accepted 241. Emin=-7.78979800, Emax=67.09646291
realization 242 / 300 ... accepted 242. Emin=0.97154506, Emax=82.22398689
realization 243 / 300 ... accepted 243. Emin=-11.63450443, Emax=70.16682977
realization 244 / 300 ... accepted 244. Emin=-14.10648162, Emax=63.61780534
realization 245 / 300 ... accepted 245. Emin=3.15697231, Emax=82.45284411
realization 246 / 300 ... accepted 246. Emin=9.02623247, Emax=90.33094170
realization 247 / 300 ... accepted 247. Emin=-5.96617109, Emax=72.77806124
realization 248 / 300 ... accepted 248. Emin=5.04077894, Emax=84.78473297
realization 249 / 300 ... accepted 249. Emin=0.06056629, Emax=79.12582381
realization 250 / 300 ... accepted 250. Emin=-7.74820403, Emax=65.39210234
realization 251 / 300 ... accepted 251. Emin=-13.73231700, Emax=58.68854273
realization 252 / 300 ... accepted 252. Emin=-3.12509267, Emax=81.81330926
realization 253 / 300 ... accepted 253. Emin=9.91167847, Emax=86.95713570
realization 254 / 300 ... accepted 254. Emin=2.21427358, Emax=79.39410601
realization 255 / 300 ... accepted 255. Emin=-6.08672709, Emax=71.67247756
realization 256 / 300 ... accepted 256. Emin=4.06143211, Emax=82.15828990
realization 257 / 300 ... accepted 257. Emin=-8.11750007, Emax=71.72273092
realization 258 / 300 ... accepted 258. Emin=1.62930319, Emax=84.78776628
realization 259 / 300 ... accepted 259. Emin=-12.65074472, Emax=64.87585242
realization 260 / 300 ... accepted 260. Emin=5.12618016, Emax=89.31646258
realization 261 / 300 ... accepted 261. Emin=-10.67585294, Emax=66.50989553
realization 262 / 300 ... accepted 262. Emin=-2.93155735, Emax=75.62119284
realization 263 / 300 ... accepted 263. Emin=2.36813024, Emax=84.99225433
realization 264 / 300 ... accepted 264. Emin=0.44926413, Emax=82.13310779
realization 265 / 300 ... accepted 265. Emin=-2.92621850, Emax=75.98101884
realization 266 / 300 ... accepted 266. Emin=-3.58474975, Emax=76.51414663
realization 267 / 300 ... accepted 267. Emin=-4.36474200, Emax=74.13406870
realization 268 / 300 ... accepted 268. Emin=-1.10526556, Emax=86.73154402
realization 269 / 300 ... accepted 269. Emin=2.71708167, Emax=85.07001292
realization 270 / 300 ... accepted 270. Emin=10.16313136, Emax=93.53613692
realization 271 / 300 ... accepted 271. Emin=-1.38409693, Emax=77.98001014
realization 272 / 300 ... accepted 272. Emin=-11.34623158, Emax=72.17521821
realization 273 / 300 ... accepted 273. Emin=-0.81220048, Emax=82.52944780
realization 274 / 300 ... accepted 274. Emin=-6.13567485, Emax=76.07358359
realization 275 / 300 ... accepted 275. Emin=9.60939383, Emax=87.70511972
realization 276 / 300 ... accepted 276. Emin=-3.53429077, Emax=78.89515255
realization 277 / 300 ... accepted 277. Emin=1.90378851, Emax=83.81298302
realization 278 / 300 ... accepted 278. Emin=-9.21281409, Emax=70.25185269
realization 279 / 300 ... accepted 279. Emin=-4.33698261, Emax=75.19119866
realization 280 / 300 ... accepted 280. Emin=-10.47283809, Emax=70.06791970
realization 281 / 300 ... accepted 281. Emin=3.13150547, Emax=81.77659511
realization 282 / 300 ... accepted 282. Emin=-10.89312766, Emax=65.54051319
realization 283 / 300 ... accepted 283. Emin=-12.35555224, Emax=60.82307258
realization 284 / 300 ... accepted 284. Emin=-1.17326639, Emax=77.17629398
realization 285 / 300 ... accepted 285. Emin=0.94625818, Emax=87.96771038
realization 286 / 300 ... accepted 286. Emin=10.14592282, Emax=92.58676629
realization 287 / 300 ... accepted 287. Emin=6.13469904, Emax=90.18038460
realization 288 / 300 ... accepted 288. Emin=4.96488070, Emax=83.50727157
realization 289 / 300 ... accepted 289. Emin=-2.49041630, Emax=79.13894689
realization 290 / 300 ... accepted 290. Emin=3.10365273, Emax=79.53697193
realization 291 / 300 ... accepted 291. Emin=-11.24464929, Emax=67.79402016
realization 292 / 300 ... accepted 292. Emin=11.98465530, Emax=84.14825559
realization 293 / 300 ... accepted 293. Emin=5.98670711, Emax=81.34634517
realization 294 / 300 ... accepted 294. Emin=1.09308498, Emax=82.56548673
realization 295 / 300 ... accepted 295. Emin=-10.10524873, Emax=70.09452958
realization 296 / 300 ... accepted 296. Emin=2.00571403, Emax=80.39468718
realization 297 / 300 ... accepted 297. Emin=-2.84238845, Emax=82.61085797
realization 298 / 300 ... accepted 298. Emin=-1.34718782, Emax=76.84767950
realization 299 / 300 ... accepted 299. Emin=1.44797953, Emax=84.55495465
realization 300 / 300 ... accepted 300. Emin=-2.07230226, Emax=75.77657280
Saved final energies: /home/2/kj405942/POLFED_bosons/pbs_bose_legacy_nmax2_periodic/data/U_11/W_5/L_6/N_6_nmax_2/boundary_periodic/energies_full_U11_L6_N6_nmax2_W5_boundaryperiodic_nreal300.txt
Accepted realizations: 300 / 300
Skipped realizations: 0
Job finished at Sun May 31 17:12:17 UTC 2026
