Job started on w30 at Sun May 31 17:10:40 UTC 2026
PBS_JOBID=7731459.kruk-host.ift-klaster.lan
PBS_O_WORKDIR=/home/2/kj405942/POLFED_bosons
Bose-Hubbard: L=6, N=6, nmax=2, dim=141
t=1, U=11, W=15, nreal=300, boundary=periodic, mode=full
Writing partial results to /home/2/kj405942/POLFED_bosons/pbs_bose_legacy_nmax2_periodic/data/U_11/W_15/L_6/N_6_nmax_2/boundary_periodic/energies_full_U11_L6_N6_nmax2_W15_boundaryperiodic_nreal300_partial.txt
realization 1 / 300 ... accepted 1. Emin=-24.31492499, Emax=77.02629403
realization 2 / 300 ... accepted 2. Emin=44.70680424, Emax=124.17180932
realization 3 / 300 ... accepted 3. Emin=10.95038527, Emax=108.48833687
realization 4 / 300 ... accepted 4. Emin=-36.27985358, Emax=74.21022060
realization 5 / 300 ... accepted 5. Emin=-21.25249010, Emax=104.21037693
realization 6 / 300 ... accepted 6. Emin=1.87586085, Emax=95.26767202
realization 7 / 300 ... accepted 7. Emin=-14.61924601, Emax=126.12297492
realization 8 / 300 ... accepted 8. Emin=-15.45057214, Emax=94.45608903
realization 9 / 300 ... accepted 9. Emin=-2.97358243, Emax=90.95080286
realization 10 / 300 ... accepted 10. Emin=-0.57387255, Emax=105.33494924
realization 11 / 300 ... accepted 11. Emin=4.26105706, Emax=114.17383719
realization 12 / 300 ... accepted 12. Emin=3.06610443, Emax=116.39536306
realization 13 / 300 ... accepted 13. Emin=8.84299048, Emax=142.80672312
realization 14 / 300 ... accepted 14. Emin=15.51946396, Emax=117.38588654
realization 15 / 300 ... accepted 15. Emin=-20.94078069, Emax=81.54580032
realization 16 / 300 ... accepted 16. Emin=-16.28669667, Emax=91.79152573
realization 17 / 300 ... accepted 17. Emin=-50.16922359, Emax=52.09433161
realization 18 / 300 ... accepted 18. Emin=-21.32928563, Emax=87.13980914
realization 19 / 300 ... accepted 19. Emin=15.70167878, Emax=122.71707677
realization 20 / 300 ... accepted 20. Emin=2.61936186, Emax=117.26802962
realization 21 / 300 ... accepted 21. Emin=-1.64608789, Emax=125.44697170
realization 22 / 300 ... accepted 22. Emin=-21.10797404, Emax=81.37134504
realization 23 / 300 ... accepted 23. Emin=-10.79261292, Emax=87.96776678
realization 24 / 300 ... accepted 24. Emin=-41.04602795, Emax=49.68165260
realization 25 / 300 ... accepted 25. Emin=25.58905351, Emax=120.50295513
realization 26 / 300 ... accepted 26. Emin=-13.37079817, Emax=81.44881099
realization 27 / 300 ... accepted 27. Emin=10.43958966, Emax=136.24038105
realization 28 / 300 ... accepted 28. Emin=37.72848500, Emax=137.73636289
realization 29 / 300 ... accepted 29. Emin=-1.46881957, Emax=108.99572819
realization 30 / 300 ... accepted 30. Emin=-18.87854464, Emax=94.36581868
realization 31 / 300 ... accepted 31. Emin=13.35578582, Emax=129.04460633
realization 32 / 300 ... accepted 32. Emin=-24.58229368, Emax=82.47862618
realization 33 / 300 ... accepted 33. Emin=0.40458188, Emax=126.19358556
realization 34 / 300 ... accepted 34. Emin=-22.86106302, Emax=86.97781983
realization 35 / 300 ... accepted 35. Emin=12.05176078, Emax=132.63644838
realization 36 / 300 ... accepted 36. Emin=21.67318292, Emax=121.41617573
realization 37 / 300 ... accepted 37. Emin=-14.76554353, Emax=91.79972336
realization 38 / 300 ... accepted 38. Emin=-6.66127080, Emax=121.39279654
realization 39 / 300 ... accepted 39. Emin=6.92563060, Emax=124.86688354
realization 40 / 300 ... accepted 40. Emin=28.72070567, Emax=113.64348207
realization 41 / 300 ... accepted 41. Emin=-5.26201598, Emax=90.55514290
realization 42 / 300 ... accepted 42. Emin=13.99662017, Emax=138.80956991
realization 43 / 300 ... accepted 43. Emin=-3.03686806, Emax=110.92310197
realization 44 / 300 ... accepted 44. Emin=-25.26915398, Emax=71.91911771
realization 45 / 300 ... accepted 45. Emin=15.12055933, Emax=116.79828364
realization 46 / 300 ... accepted 46. Emin=14.32438431, Emax=120.90712972
realization 47 / 300 ... accepted 47. Emin=18.03574178, Emax=121.57193773
realization 48 / 300 ... accepted 48. Emin=-36.13408065, Emax=68.73878530
realization 49 / 300 ... accepted 49. Emin=9.25509899, Emax=117.71080591
realization 50 / 300 ... accepted 50. Emin=9.65224338, Emax=140.04076778
realization 51 / 300 ... accepted 51. Emin=-45.65246285, Emax=63.26025859
realization 52 / 300 ... accepted 52. Emin=34.77516262, Emax=117.15441001
realization 53 / 300 ... accepted 53. Emin=-11.95725396, Emax=104.77982479
realization 54 / 300 ... accepted 54. Emin=-20.90493245, Emax=96.98552628
realization 55 / 300 ... accepted 55. Emin=-27.57875609, Emax=85.35382344
realization 56 / 300 ... accepted 56. Emin=-10.65371504, Emax=108.72427785
realization 57 / 300 ... accepted 57. Emin=7.66994629, Emax=114.22293179
realization 58 / 300 ... accepted 58. Emin=37.31981090, Emax=129.58691267
realization 59 / 300 ... accepted 59. Emin=-6.44033657, Emax=93.02384004
realization 60 / 300 ... accepted 60. Emin=-8.29403279, Emax=81.10095925
realization 61 / 300 ... accepted 61. Emin=-18.14742361, Emax=79.56133925
realization 62 / 300 ... accepted 62. Emin=1.47243648, Emax=136.42614366
realization 63 / 300 ... accepted 63. Emin=-19.35553753, Emax=110.31365505
realization 64 / 300 ... accepted 64. Emin=-22.49581105, Emax=101.96799856
realization 65 / 300 ... accepted 65. Emin=46.38148348, Emax=144.77852132
realization 66 / 300 ... accepted 66. Emin=-9.62902233, Emax=104.28521864
realization 67 / 300 ... accepted 67. Emin=20.84863093, Emax=138.16896150
realization 68 / 300 ... accepted 68. Emin=17.49181228, Emax=120.09368752
realization 69 / 300 ... accepted 69. Emin=-25.96610548, Emax=93.44559471
realization 70 / 300 ... accepted 70. Emin=24.64021462, Emax=128.48361298
realization 71 / 300 ... accepted 71. Emin=19.93458073, Emax=140.46217363
realization 72 / 300 ... accepted 72. Emin=16.41634007, Emax=124.41516134
realization 73 / 300 ... accepted 73. Emin=-5.77516043, Emax=102.20561806
realization 74 / 300 ... accepted 74. Emin=-12.53545804, Emax=99.61205256
realization 75 / 300 ... accepted 75. Emin=3.63810846, Emax=113.10622061
realization 76 / 300 ... accepted 76. Emin=26.48673972, Emax=130.02772563
realization 77 / 300 ... accepted 77. Emin=-16.78188579, Emax=90.28792805
realization 78 / 300 ... accepted 78. Emin=-8.91569108, Emax=101.85093042
realization 79 / 300 ... accepted 79. Emin=-14.65985995, Emax=104.84140161
realization 80 / 300 ... accepted 80. Emin=-17.65657026, Emax=80.64451618
realization 81 / 300 ... accepted 81. Emin=-37.30259667, Emax=77.41397180
realization 82 / 300 ... accepted 82. Emin=-11.50605165, Emax=104.90298156
realization 83 / 300 ... accepted 83. Emin=-33.55036370, Emax=70.43729016
realization 84 / 300 ... accepted 84. Emin=-24.86335488, Emax=91.41134856
realization 85 / 300 ... accepted 85. Emin=1.72778654, Emax=91.23602348
realization 86 / 300 ... accepted 86. Emin=-29.50003312, Emax=87.56424899
realization 87 / 300 ... accepted 87. Emin=-42.75249543, Emax=64.76912209
realization 88 / 300 ... accepted 88. Emin=-23.57916057, Emax=91.41029562
realization 89 / 300 ... accepted 89. Emin=-12.03620423, Emax=104.88556402
realization 90 / 300 ... accepted 90. Emin=5.68606436, Emax=118.16777852
realization 91 / 300 ... accepted 91. Emin=-13.01575748, Emax=112.25955928
realization 92 / 300 ... accepted 92. Emin=15.74509276, Emax=134.43265394
realization 93 / 300 ... accepted 93. Emin=-35.55042776, Emax=80.02943827
realization 94 / 300 ... accepted 94. Emin=31.27689790, Emax=121.51951396
realization 95 / 300 ... accepted 95. Emin=-30.33501349, Emax=72.21245747
realization 96 / 300 ... accepted 96. Emin=-8.51252559, Emax=116.06142020
realization 97 / 300 ... accepted 97. Emin=16.35540317, Emax=122.69210098
realization 98 / 300 ... accepted 98. Emin=-13.06796414, Emax=122.20151973
realization 99 / 300 ... accepted 99. Emin=3.00095061, Emax=102.11536612
realization 100 / 300 ... accepted 100. Emin=3.56542191, Emax=104.73325513
realization 101 / 300 ... accepted 101. Emin=-6.75835938, Emax=91.17226623
realization 102 / 300 ... accepted 102. Emin=-30.10968426, Emax=91.23104533
realization 103 / 300 ... accepted 103. Emin=-20.59121456, Emax=73.76741609
realization 104 / 300 ... accepted 104. Emin=22.88234797, Emax=117.80098759
realization 105 / 300 ... accepted 105. Emin=-7.24726281, Emax=104.85316817
realization 106 / 300 ... accepted 106. Emin=-8.23683193, Emax=141.57502749
realization 107 / 300 ... accepted 107. Emin=7.71972414, Emax=108.63849468
realization 108 / 300 ... accepted 108. Emin=18.95888196, Emax=117.68807140
realization 109 / 300 ... accepted 109. Emin=36.10910616, Emax=131.40821304
realization 110 / 300 ... accepted 110. Emin=22.88436274, Emax=130.43159768
realization 111 / 300 ... accepted 111. Emin=-40.13783605, Emax=65.53432613
realization 112 / 300 ... accepted 112. Emin=10.51680594, Emax=132.70069026
realization 113 / 300 ... accepted 113. Emin=-29.22716854, Emax=81.16303099
realization 114 / 300 ... accepted 114. Emin=12.63115406, Emax=112.61393579
realization 115 / 300 ... accepted 115. Emin=-2.20740162, Emax=105.86814779
realization 116 / 300 ... accepted 116. Emin=-31.55018002, Emax=64.43862432
realization 117 / 300 ... accepted 117. Emin=24.52020454, Emax=133.88753543
realization 118 / 300 ... accepted 118. Emin=1.49382250, Emax=106.06539654
realization 119 / 300 ... accepted 119. Emin=-23.33022881, Emax=67.52700664
realization 120 / 300 ... accepted 120. Emin=11.17752127, Emax=122.34043244
realization 121 / 300 ... accepted 121. Emin=-23.36631824, Emax=94.71149490
realization 122 / 300 ... accepted 122. Emin=1.58790146, Emax=98.39403594
realization 123 / 300 ... accepted 123. Emin=-9.36606910, Emax=79.96565789
realization 124 / 300 ... accepted 124. Emin=-3.36824353, Emax=110.04092576
realization 125 / 300 ... accepted 125. Emin=4.18610233, Emax=123.50220267
realization 126 / 300 ... accepted 126. Emin=-15.62047813, Emax=90.78428938
realization 127 / 300 ... accepted 127. Emin=-39.71953417, Emax=44.57754629
realization 128 / 300 ... accepted 128. Emin=16.58084958, Emax=126.55791181
realization 129 / 300 ... accepted 129. Emin=1.72974851, Emax=93.04304354
realization 130 / 300 ... accepted 130. Emin=11.54197095, Emax=125.61050860
realization 131 / 300 ... accepted 131. Emin=3.78407305, Emax=120.97639933
realization 132 / 300 ... accepted 132. Emin=-36.85535984, Emax=75.48441704
realization 133 / 300 ... accepted 133. Emin=-10.27299082, Emax=84.79593294
realization 134 / 300 ... accepted 134. Emin=15.69794506, Emax=105.77934918
realization 135 / 300 ... accepted 135. Emin=-3.90650435, Emax=131.42602426
realization 136 / 300 ... accepted 136. Emin=1.87787348, Emax=112.06139251
realization 137 / 300 ... accepted 137. Emin=4.30581337, Emax=126.71410410
realization 138 / 300 ... accepted 138. Emin=43.49917691, Emax=137.44301654
realization 139 / 300 ... accepted 139. Emin=31.74903473, Emax=137.78769116
realization 140 / 300 ... accepted 140. Emin=-35.17991017, Emax=81.72829844
realization 141 / 300 ... accepted 141. Emin=7.19253742, Emax=131.79567977
realization 142 / 300 ... accepted 142. Emin=-9.75133713, Emax=123.12408864
realization 143 / 300 ... accepted 143. Emin=34.34932166, Emax=135.92730532
realization 144 / 300 ... accepted 144. Emin=-15.16522191, Emax=110.62088640
realization 145 / 300 ... accepted 145. Emin=-16.15893668, Emax=97.92806771
realization 146 / 300 ... accepted 146. Emin=-0.98281987, Emax=90.29447827
realization 147 / 300 ... accepted 147. Emin=23.02926124, Emax=130.79091247
realization 148 / 300 ... accepted 148. Emin=-36.59763015, Emax=100.71873808
realization 149 / 300 ... accepted 149. Emin=-1.79293953, Emax=100.47152086
realization 150 / 300 ... accepted 150. Emin=25.61708259, Emax=119.39610182
realization 151 / 300 ... accepted 151. Emin=-4.18744388, Emax=111.91625188
realization 152 / 300 ... accepted 152. Emin=-2.72977784, Emax=110.67129228
realization 153 / 300 ... accepted 153. Emin=37.18709154, Emax=137.22589526
realization 154 / 300 ... accepted 154. Emin=-19.80705409, Emax=83.00832306
realization 155 / 300 ... accepted 155. Emin=-21.63999685, Emax=88.69517164
realization 156 / 300 ... accepted 156. Emin=3.69935419, Emax=99.88888475
realization 157 / 300 ... accepted 157. Emin=-13.87150087, Emax=106.81077034
realization 158 / 300 ... accepted 158. Emin=6.65333720, Emax=127.33734230
realization 159 / 300 ... accepted 159. Emin=-22.17402762, Emax=88.14812076
realization 160 / 300 ... accepted 160. Emin=-31.72632317, Emax=76.76912159
realization 161 / 300 ... accepted 161. Emin=-14.79326753, Emax=96.04651290
realization 162 / 300 ... accepted 162. Emin=-25.55954355, Emax=79.99312190
realization 163 / 300 ... accepted 163. Emin=40.82367382, Emax=133.11771040
realization 164 / 300 ... accepted 164. Emin=-15.37949329, Emax=78.46291305
realization 165 / 300 ... accepted 165. Emin=-49.66304414, Emax=49.84360002
realization 166 / 300 ... accepted 166. Emin=-29.87834057, Emax=66.00034205
realization 167 / 300 ... accepted 167. Emin=-8.46669694, Emax=109.13069852
realization 168 / 300 ... accepted 168. Emin=-14.33363647, Emax=97.30613014
realization 169 / 300 ... accepted 169. Emin=11.13510437, Emax=103.07730043
realization 170 / 300 ... accepted 170. Emin=39.23424926, Emax=144.76415259
realization 171 / 300 ... accepted 171. Emin=36.88461829, Emax=143.95469638
realization 172 / 300 ... accepted 172. Emin=-16.26869224, Emax=113.90195233
realization 173 / 300 ... accepted 173. Emin=21.68777973, Emax=148.55279034
realization 174 / 300 ... accepted 174. Emin=20.54769913, Emax=135.33381739
realization 175 / 300 ... accepted 175. Emin=11.88700470, Emax=128.32451686
realization 176 / 300 ... accepted 176. Emin=1.70796603, Emax=111.12877304
realization 177 / 300 ... accepted 177. Emin=34.50535370, Emax=140.64141459
realization 178 / 300 ... accepted 178. Emin=-16.18850598, Emax=97.75484858
realization 179 / 300 ... accepted 179. Emin=34.67178123, Emax=135.66206780
realization 180 / 300 ... accepted 180. Emin=-1.47089872, Emax=106.22898660
realization 181 / 300 ... accepted 181. Emin=-6.43455969, Emax=103.16558223
realization 182 / 300 ... accepted 182. Emin=-14.81059837, Emax=81.49537232
realization 183 / 300 ... accepted 183. Emin=-3.84652145, Emax=97.01552992
realization 184 / 300 ... accepted 184. Emin=-17.47979440, Emax=88.60574139
realization 185 / 300 ... accepted 185. Emin=6.72934173, Emax=122.67629526
realization 186 / 300 ... accepted 186. Emin=-0.25240420, Emax=111.79211240
realization 187 / 300 ... accepted 187. Emin=-10.40171581, Emax=104.53134116
realization 188 / 300 ... accepted 188. Emin=-11.73841643, Emax=91.47943815
realization 189 / 300 ... accepted 189. Emin=-5.56402059, Emax=118.57527580
realization 190 / 300 ... accepted 190. Emin=8.36724859, Emax=102.62805978
realization 191 / 300 ... accepted 191. Emin=17.31392167, Emax=116.32721270
realization 192 / 300 ... accepted 192. Emin=-22.43095461, Emax=85.62835477
realization 193 / 300 ... accepted 193. Emin=11.73593504, Emax=110.50174863
realization 194 / 300 ... accepted 194. Emin=-19.85851029, Emax=83.12204732
realization 195 / 300 ... accepted 195. Emin=4.14084168, Emax=110.90684610
realization 196 / 300 ... accepted 196. Emin=-18.86289040, Emax=86.54660264
realization 197 / 300 ... accepted 197. Emin=-18.11034831, Emax=81.20168512
realization 198 / 300 ... accepted 198. Emin=-15.68055486, Emax=76.11506353
realization 199 / 300 ... accepted 199. Emin=-25.52906303, Emax=64.67957960
realization 200 / 300 ... accepted 200. Emin=-40.20512823, Emax=61.90504279
realization 201 / 300 ... accepted 201. Emin=-5.73770084, Emax=113.84079230
realization 202 / 300 ... accepted 202. Emin=28.48643761, Emax=107.68145700
realization 203 / 300 ... accepted 203. Emin=-1.19929144, Emax=140.56632029
realization 204 / 300 ... accepted 204. Emin=-34.81347346, Emax=64.83155053
realization 205 / 300 ... accepted 205. Emin=26.00541861, Emax=140.91507606
realization 206 / 300 ... accepted 206. Emin=3.47702138, Emax=119.16924982
realization 207 / 300 ... accepted 207. Emin=-15.93464391, Emax=86.95047844
realization 208 / 300 ... accepted 208. Emin=49.83327692, Emax=139.81136435
realization 209 / 300 ... accepted 209. Emin=-4.84784091, Emax=103.19670016
realization 210 / 300 ... accepted 210. Emin=28.06640234, Emax=137.83629186
realization 211 / 300 ... accepted 211. Emin=-22.17557923, Emax=84.85339094
realization 212 / 300 ... accepted 212. Emin=30.91250467, Emax=133.35224767
realization 213 / 300 ... accepted 213. Emin=11.43310909, Emax=105.63155500
realization 214 / 300 ... accepted 214. Emin=-32.95456952, Emax=70.79937886
realization 215 / 300 ... accepted 215. Emin=-11.30901438, Emax=97.69160444
realization 216 / 300 ... accepted 216. Emin=-21.19573279, Emax=81.20844794
realization 217 / 300 ... accepted 217. Emin=-11.57587730, Emax=97.47022486
realization 218 / 300 ... accepted 218. Emin=43.36432769, Emax=135.77590383
realization 219 / 300 ... accepted 219. Emin=-37.98445030, Emax=93.64391790
realization 220 / 300 ... accepted 220. Emin=-12.32685587, Emax=113.17355781
realization 221 / 300 ... accepted 221. Emin=-51.38714892, Emax=39.71584147
realization 222 / 300 ... accepted 222. Emin=-31.51724607, Emax=75.47378855
realization 223 / 300 ... accepted 223. Emin=-13.94617097, Emax=86.94733087
realization 224 / 300 ... accepted 224. Emin=41.52402005, Emax=134.45705978
realization 225 / 300 ... accepted 225. Emin=9.50182001, Emax=119.04363117
realization 226 / 300 ... accepted 226. Emin=21.18037289, Emax=137.06986000
realization 227 / 300 ... accepted 227. Emin=6.87855323, Emax=111.39881349
realization 228 / 300 ... accepted 228. Emin=10.57646730, Emax=125.06266998
realization 229 / 300 ... accepted 229. Emin=-15.40452030, Emax=94.44817631
realization 230 / 300 ... accepted 230. Emin=-3.10987501, Emax=109.69734452
realization 231 / 300 ... accepted 231. Emin=16.32352374, Emax=129.62911218
realization 232 / 300 ... accepted 232. Emin=13.40476218, Emax=128.25543939
realization 233 / 300 ... accepted 233. Emin=22.97860285, Emax=113.44133121
realization 234 / 300 ... accepted 234. Emin=-26.26817868, Emax=88.52755677
realization 235 / 300 ... accepted 235. Emin=-16.14081166, Emax=84.54468328
realization 236 / 300 ... accepted 236. Emin=1.59524235, Emax=114.38059601
realization 237 / 300 ... accepted 237. Emin=-38.56627687, Emax=66.91417269
realization 238 / 300 ... accepted 238. Emin=-1.13221438, Emax=97.79094714
realization 239 / 300 ... accepted 239. Emin=-36.17028896, Emax=63.42233083
realization 240 / 300 ... accepted 240. Emin=-3.98934109, Emax=99.29432842
realization 241 / 300 ... accepted 241. Emin=-31.16401357, Emax=64.01579694
realization 242 / 300 ... accepted 242. Emin=11.00745597, Emax=129.10947433
realization 243 / 300 ... accepted 243. Emin=-17.41326268, Emax=77.90043117
realization 244 / 300 ... accepted 244. Emin=3.94703401, Emax=117.13851059
realization 245 / 300 ... accepted 245. Emin=-39.96470248, Emax=56.14904087
realization 246 / 300 ... accepted 246. Emin=36.99839464, Emax=112.43478644
realization 247 / 300 ... accepted 247. Emin=22.94490727, Emax=133.55475293
realization 248 / 300 ... accepted 248. Emin=18.91445607, Emax=113.75854100
realization 249 / 300 ... accepted 249. Emin=4.48742164, Emax=128.61795752
realization 250 / 300 ... accepted 250. Emin=-25.12308759, Emax=77.73403806
realization 251 / 300 ... accepted 251. Emin=31.63431125, Emax=134.04845984
realization 252 / 300 ... accepted 252. Emin=-12.90348976, Emax=89.58829465
realization 253 / 300 ... accepted 253. Emin=8.30852360, Emax=120.08322452
realization 254 / 300 ... accepted 254. Emin=-1.44402811, Emax=123.86008214
realization 255 / 300 ... accepted 255. Emin=7.25803948, Emax=112.59919333
realization 256 / 300 ... accepted 256. Emin=-0.07076630, Emax=100.48180724
realization 257 / 300 ... accepted 257. Emin=4.40082622, Emax=120.36199338
realization 258 / 300 ... accepted 258. Emin=5.85317779, Emax=125.32151434
realization 259 / 300 ... accepted 259. Emin=11.30606327, Emax=98.28926280
realization 260 / 300 ... accepted 260. Emin=-32.04629902, Emax=79.08547317
realization 261 / 300 ... accepted 261. Emin=9.08989513, Emax=113.23533734
realization 262 / 300 ... accepted 262. Emin=5.67894038, Emax=107.98988994
realization 263 / 300 ... accepted 263. Emin=-2.71098760, Emax=101.34116709
realization 264 / 300 ... accepted 264. Emin=5.97787870, Emax=116.46898591
realization 265 / 300 ... accepted 265. Emin=-4.49582884, Emax=128.38788447
realization 266 / 300 ... accepted 266. Emin=-0.27948990, Emax=122.29614163
realization 267 / 300 ... accepted 267. Emin=-16.00025444, Emax=93.31381771
realization 268 / 300 ... accepted 268. Emin=-50.45230576, Emax=38.60268053
realization 269 / 300 ... accepted 269. Emin=24.31983370, Emax=132.00856306
realization 270 / 300 ... accepted 270. Emin=6.90502488, Emax=99.77247016
realization 271 / 300 ... accepted 271. Emin=-20.77951649, Emax=94.73645019
realization 272 / 300 ... accepted 272. Emin=-9.62711650, Emax=98.19425918
realization 273 / 300 ... accepted 273. Emin=11.42936438, Emax=125.92463536
realization 274 / 300 ... accepted 274. Emin=35.80838077, Emax=138.02714903
realization 275 / 300 ... accepted 275. Emin=-27.73739674, Emax=85.95104955
realization 276 / 300 ... accepted 276. Emin=12.52213185, Emax=121.24856004
realization 277 / 300 ... accepted 277. Emin=-30.83432905, Emax=76.55551592
realization 278 / 300 ... accepted 278. Emin=-15.48760131, Emax=80.71116867
realization 279 / 300 ... accepted 279. Emin=17.64280070, Emax=132.04129184
realization 280 / 300 ... accepted 280. Emin=11.60817408, Emax=131.42592557
realization 281 / 300 ... accepted 281. Emin=0.82652255, Emax=123.43422808
realization 282 / 300 ... accepted 282. Emin=3.09814229, Emax=112.79588427
realization 283 / 300 ... accepted 283. Emin=-5.60639477, Emax=101.99961795
realization 284 / 300 ... accepted 284. Emin=14.35953555, Emax=117.36978218
realization 285 / 300 ... accepted 285. Emin=-22.12340663, Emax=81.01182005
realization 286 / 300 ... accepted 286. Emin=17.77874675, Emax=116.30051157
realization 287 / 300 ... accepted 287. Emin=-16.74671709, Emax=87.56432248
realization 288 / 300 ... accepted 288. Emin=-14.36503146, Emax=108.96616859
realization 289 / 300 ... accepted 289. Emin=-20.03871749, Emax=65.50423892
realization 290 / 300 ... accepted 290. Emin=11.34016325, Emax=116.02751408
realization 291 / 300 ... accepted 291. Emin=16.29523523, Emax=118.81295988
realization 292 / 300 ... accepted 292. Emin=-24.45122348, Emax=76.85275630
realization 293 / 300 ... accepted 293. Emin=-21.83127143, Emax=107.71864383
realization 294 / 300 ... accepted 294. Emin=23.38073431, Emax=124.87648521
realization 295 / 300 ... accepted 295. Emin=1.42405790, Emax=114.91231210
realization 296 / 300 ... accepted 296. Emin=22.46414914, Emax=103.96517160
realization 297 / 300 ... accepted 297. Emin=-15.55755546, Emax=105.24650823
realization 298 / 300 ... accepted 298. Emin=-15.18792824, Emax=99.59379788
realization 299 / 300 ... accepted 299. Emin=15.95010325, Emax=127.79315576
realization 300 / 300 ... accepted 300. Emin=-33.62672453, Emax=82.20166839
Saved final energies: /home/2/kj405942/POLFED_bosons/pbs_bose_legacy_nmax2_periodic/data/U_11/W_15/L_6/N_6_nmax_2/boundary_periodic/energies_full_U11_L6_N6_nmax2_W15_boundaryperiodic_nreal300.txt
Accepted realizations: 300 / 300
Skipped realizations: 0
Job finished at Sun May 31 17:12:22 UTC 2026
