Job started on w30 at Sun May 31 17:10:38 UTC 2026
PBS_JOBID=7731453.kruk-host.ift-klaster.lan
PBS_O_WORKDIR=/home/2/kj405942/POLFED_bosons
Bose-Hubbard: L=6, N=6, nmax=2, dim=141
t=1, U=11, W=9, nreal=300, boundary=periodic, mode=full
Writing partial results to /home/2/kj405942/POLFED_bosons/pbs_bose_legacy_nmax2_periodic/data/U_11/W_9/L_6/N_6_nmax_2/boundary_periodic/energies_full_U11_L6_N6_nmax2_W9_boundaryperiodic_nreal300_partial.txt
realization 1 / 300 ... accepted 1. Emin=18.91719094, Emax=102.55585929
realization 2 / 300 ... accepted 2. Emin=-25.50578316, Emax=57.34588824
realization 3 / 300 ... accepted 3. Emin=-10.28692376, Emax=75.94279304
realization 4 / 300 ... accepted 4. Emin=6.65968283, Emax=102.55146647
realization 5 / 300 ... accepted 5. Emin=8.53912694, Emax=99.92049204
realization 6 / 300 ... accepted 6. Emin=0.11883217, Emax=93.19824052
realization 7 / 300 ... accepted 7. Emin=-12.37581356, Emax=81.86822284
realization 8 / 300 ... accepted 8. Emin=-4.34459080, Emax=91.81090924
realization 9 / 300 ... accepted 9. Emin=-6.03952287, Emax=98.18285401
realization 10 / 300 ... accepted 10. Emin=11.86540372, Emax=102.49344659
realization 11 / 300 ... accepted 11. Emin=1.65366459, Emax=92.88240336
realization 12 / 300 ... accepted 12. Emin=-0.26060454, Emax=88.11139484
realization 13 / 300 ... accepted 13. Emin=20.19949649, Emax=94.04150119
realization 14 / 300 ... accepted 14. Emin=-9.89040600, Emax=77.44420360
realization 15 / 300 ... accepted 15. Emin=-1.85043356, Emax=102.76332965
realization 16 / 300 ... accepted 16. Emin=-0.75418950, Emax=100.08274778
realization 17 / 300 ... accepted 17. Emin=23.30490739, Emax=112.62611878
realization 18 / 300 ... accepted 18. Emin=24.40780124, Emax=112.94540597
realization 19 / 300 ... accepted 19. Emin=-18.84476355, Emax=67.97062794
realization 20 / 300 ... accepted 20. Emin=11.83817853, Emax=105.95129304
realization 21 / 300 ... accepted 21. Emin=4.17109762, Emax=90.02182505
realization 22 / 300 ... accepted 22. Emin=2.14660463, Emax=96.13771345
realization 23 / 300 ... accepted 23. Emin=21.84607314, Emax=104.71799090
realization 24 / 300 ... accepted 24. Emin=-20.24819899, Emax=71.17124787
realization 25 / 300 ... accepted 25. Emin=-20.59289388, Emax=68.04984256
realization 26 / 300 ... accepted 26. Emin=-4.34865246, Emax=89.96253733
realization 27 / 300 ... accepted 27. Emin=-14.14174339, Emax=77.08118765
realization 28 / 300 ... accepted 28. Emin=3.79508995, Emax=98.99027973
realization 29 / 300 ... accepted 29. Emin=-0.60636051, Emax=97.80791741
realization 30 / 300 ... accepted 30. Emin=4.70804188, Emax=88.47509336
realization 31 / 300 ... accepted 31. Emin=-0.97195116, Emax=97.89312750
realization 32 / 300 ... accepted 32. Emin=-10.48835076, Emax=72.61284235
realization 33 / 300 ... accepted 33. Emin=9.14312186, Emax=108.47038513
realization 34 / 300 ... accepted 34. Emin=-17.29538330, Emax=77.97052230
realization 35 / 300 ... accepted 35. Emin=-13.47804606, Emax=79.19889145
realization 36 / 300 ... accepted 36. Emin=0.89075315, Emax=86.80139261
realization 37 / 300 ... accepted 37. Emin=12.01122545, Emax=103.08259175
realization 38 / 300 ... accepted 38. Emin=15.94935821, Emax=102.68788596
realization 39 / 300 ... accepted 39. Emin=-11.38500915, Emax=82.00165343
realization 40 / 300 ... accepted 40. Emin=-17.42875575, Emax=72.13989003
realization 41 / 300 ... accepted 41. Emin=7.09837874, Emax=95.25392684
realization 42 / 300 ... accepted 42. Emin=-19.95540690, Emax=72.58787796
realization 43 / 300 ... accepted 43. Emin=-9.61392322, Emax=76.92500598
realization 44 / 300 ... accepted 44. Emin=-4.85597283, Emax=108.01403484
realization 45 / 300 ... accepted 45. Emin=2.98305163, Emax=99.50432874
realization 46 / 300 ... accepted 46. Emin=5.69280510, Emax=100.97534733
realization 47 / 300 ... accepted 47. Emin=-8.42054187, Emax=80.38715680
realization 48 / 300 ... accepted 48. Emin=-14.64191615, Emax=85.40497648
realization 49 / 300 ... accepted 49. Emin=-1.61187377, Emax=87.10756060
realization 50 / 300 ... accepted 50. Emin=-1.97771179, Emax=88.35095852
realization 51 / 300 ... accepted 51. Emin=-11.75172749, Emax=91.76200050
realization 52 / 300 ... accepted 52. Emin=-10.89628079, Emax=85.12033597
realization 53 / 300 ... accepted 53. Emin=14.38082130, Emax=109.15234980
realization 54 / 300 ... accepted 54. Emin=-1.93423436, Emax=94.77353795
realization 55 / 300 ... accepted 55. Emin=-14.16514440, Emax=74.39246681
realization 56 / 300 ... accepted 56. Emin=17.47332806, Emax=106.34677412
realization 57 / 300 ... accepted 57. Emin=12.86391588, Emax=95.78311492
realization 58 / 300 ... accepted 58. Emin=0.73556824, Emax=86.65687229
realization 59 / 300 ... accepted 59. Emin=4.20723659, Emax=93.32155736
realization 60 / 300 ... accepted 60. Emin=-0.12450276, Emax=90.51422031
realization 61 / 300 ... accepted 61. Emin=-10.34146510, Emax=71.24489771
realization 62 / 300 ... accepted 62. Emin=14.83406500, Emax=109.39389937
realization 63 / 300 ... accepted 63. Emin=6.13723488, Emax=96.09832253
realization 64 / 300 ... accepted 64. Emin=-6.10035506, Emax=83.52258384
realization 65 / 300 ... accepted 65. Emin=1.77922159, Emax=87.12992828
realization 66 / 300 ... accepted 66. Emin=-4.36125714, Emax=100.53316556
realization 67 / 300 ... accepted 67. Emin=0.55191463, Emax=94.96864179
realization 68 / 300 ... accepted 68. Emin=14.86919978, Emax=101.15405332
realization 69 / 300 ... accepted 69. Emin=1.58919209, Emax=89.04188993
realization 70 / 300 ... accepted 70. Emin=-5.60661585, Emax=102.38957911
realization 71 / 300 ... accepted 71. Emin=-16.83404003, Emax=72.68030132
realization 72 / 300 ... accepted 72. Emin=-1.83184724, Emax=91.81830906
realization 73 / 300 ... accepted 73. Emin=-22.03509156, Emax=64.56562333
realization 74 / 300 ... accepted 74. Emin=-7.04865521, Emax=89.04284626
realization 75 / 300 ... accepted 75. Emin=-12.81049575, Emax=65.49272246
realization 76 / 300 ... accepted 76. Emin=-17.67502937, Emax=66.49556729
realization 77 / 300 ... accepted 77. Emin=6.85905355, Emax=102.83956558
realization 78 / 300 ... accepted 78. Emin=9.71682960, Emax=105.49250766
realization 79 / 300 ... accepted 79. Emin=8.31102719, Emax=105.06382544
realization 80 / 300 ... accepted 80. Emin=0.76119321, Emax=96.64867339
realization 81 / 300 ... accepted 81. Emin=-2.10145892, Emax=83.62632108
realization 82 / 300 ... accepted 82. Emin=-25.83950929, Emax=61.82282957
realization 83 / 300 ... accepted 83. Emin=-0.62003441, Emax=91.91190585
realization 84 / 300 ... accepted 84. Emin=-2.33595895, Emax=96.16613715
realization 85 / 300 ... accepted 85. Emin=29.46199133, Emax=108.43681101
realization 86 / 300 ... accepted 86. Emin=-7.20815735, Emax=80.76431177
realization 87 / 300 ... accepted 87. Emin=2.06184707, Emax=77.79338636
realization 88 / 300 ... accepted 88. Emin=-11.30591400, Emax=75.28730429
realization 89 / 300 ... accepted 89. Emin=-1.42990421, Emax=93.36765570
realization 90 / 300 ... accepted 90. Emin=-20.09519628, Emax=67.33067424
realization 91 / 300 ... accepted 91. Emin=23.14296437, Emax=100.06658377
realization 92 / 300 ... accepted 92. Emin=6.73176987, Emax=112.85840513
realization 93 / 300 ... accepted 93. Emin=-2.27839276, Emax=95.55251704
realization 94 / 300 ... accepted 94. Emin=-6.97346047, Emax=93.39656729
realization 95 / 300 ... accepted 95. Emin=0.42076022, Emax=100.61746177
realization 96 / 300 ... accepted 96. Emin=-0.40381901, Emax=99.11064139
realization 97 / 300 ... accepted 97. Emin=-27.11423245, Emax=60.74637458
realization 98 / 300 ... accepted 98. Emin=0.11063600, Emax=97.77800217
realization 99 / 300 ... accepted 99. Emin=-2.25231662, Emax=84.77809558
realization 100 / 300 ... accepted 100. Emin=18.47582707, Emax=107.36730761
realization 101 / 300 ... accepted 101. Emin=-16.64832024, Emax=67.03432870
realization 102 / 300 ... accepted 102. Emin=-13.01295253, Emax=79.39896542
realization 103 / 300 ... accepted 103. Emin=6.31022010, Emax=103.33291372
realization 104 / 300 ... accepted 104. Emin=7.33148722, Emax=103.82491322
realization 105 / 300 ... accepted 105. Emin=-1.54265949, Emax=92.38495016
realization 106 / 300 ... accepted 106. Emin=2.14152206, Emax=98.83349792
realization 107 / 300 ... accepted 107. Emin=12.48288163, Emax=100.56479960
realization 108 / 300 ... accepted 108. Emin=2.36011192, Emax=98.10679695
realization 109 / 300 ... accepted 109. Emin=31.55647964, Emax=111.92022934
realization 110 / 300 ... accepted 110. Emin=7.43516288, Emax=95.12618993
realization 111 / 300 ... accepted 111. Emin=-1.13774448, Emax=92.84161266
realization 112 / 300 ... accepted 112. Emin=-5.29372435, Emax=86.73430866
realization 113 / 300 ... accepted 113. Emin=4.49944179, Emax=91.42276420
realization 114 / 300 ... accepted 114. Emin=6.50576903, Emax=97.35119810
realization 115 / 300 ... accepted 115. Emin=9.92344842, Emax=93.24779933
realization 116 / 300 ... accepted 116. Emin=13.79423752, Emax=105.71260419
realization 117 / 300 ... accepted 117. Emin=3.63511899, Emax=88.15819536
realization 118 / 300 ... accepted 118. Emin=-1.78213812, Emax=98.19418488
realization 119 / 300 ... accepted 119. Emin=14.49754767, Emax=101.50695376
realization 120 / 300 ... accepted 120. Emin=-1.51506924, Emax=88.39890398
realization 121 / 300 ... accepted 121. Emin=10.62520967, Emax=94.72366362
realization 122 / 300 ... accepted 122. Emin=-6.82948122, Emax=70.81357300
realization 123 / 300 ... accepted 123. Emin=9.86989274, Emax=104.86332243
realization 124 / 300 ... accepted 124. Emin=-13.85984996, Emax=78.71320367
realization 125 / 300 ... accepted 125. Emin=14.36827575, Emax=110.43195179
realization 126 / 300 ... accepted 126. Emin=-7.60379816, Emax=95.40773179
realization 127 / 300 ... accepted 127. Emin=5.62673032, Emax=103.54392327
realization 128 / 300 ... accepted 128. Emin=-16.67227033, Emax=71.09238852
realization 129 / 300 ... accepted 129. Emin=-4.49690256, Emax=84.19095970
realization 130 / 300 ... accepted 130. Emin=1.20657841, Emax=87.25771495
realization 131 / 300 ... accepted 131. Emin=10.80467603, Emax=102.38101737
realization 132 / 300 ... accepted 132. Emin=-4.15791955, Emax=83.62007921
realization 133 / 300 ... accepted 133. Emin=4.65949598, Emax=96.32171193
realization 134 / 300 ... accepted 134. Emin=-18.21568340, Emax=70.45695557
realization 135 / 300 ... accepted 135. Emin=-6.32606294, Emax=92.70751188
realization 136 / 300 ... accepted 136. Emin=2.67603377, Emax=98.84762906
realization 137 / 300 ... accepted 137. Emin=-4.86496499, Emax=84.56438728
realization 138 / 300 ... accepted 138. Emin=5.06686684, Emax=87.77745857
realization 139 / 300 ... accepted 139. Emin=6.63673642, Emax=93.81246906
realization 140 / 300 ... accepted 140. Emin=-16.91481297, Emax=76.36331280
realization 141 / 300 ... accepted 141. Emin=26.19406596, Emax=112.38614136
realization 142 / 300 ... accepted 142. Emin=3.28983492, Emax=98.13163288
realization 143 / 300 ... accepted 143. Emin=-10.11810501, Emax=77.82717903
realization 144 / 300 ... accepted 144. Emin=-16.39782188, Emax=67.24682557
realization 145 / 300 ... accepted 145. Emin=0.26185040, Emax=99.92730129
realization 146 / 300 ... accepted 146. Emin=4.79157266, Emax=87.18286874
realization 147 / 300 ... accepted 147. Emin=-12.23202154, Emax=71.44808707
realization 148 / 300 ... accepted 148. Emin=8.87670242, Emax=101.44140962
realization 149 / 300 ... accepted 149. Emin=-1.35155653, Emax=94.60159227
realization 150 / 300 ... accepted 150. Emin=8.59431016, Emax=107.51072419
realization 151 / 300 ... accepted 151. Emin=9.82515535, Emax=103.22164480
realization 152 / 300 ... accepted 152. Emin=0.94485586, Emax=90.22165850
realization 153 / 300 ... accepted 153. Emin=3.82398892, Emax=95.49734451
realization 154 / 300 ... accepted 154. Emin=11.01566760, Emax=115.44023192
realization 155 / 300 ... accepted 155. Emin=5.70849910, Emax=98.42654622
realization 156 / 300 ... accepted 156. Emin=1.60214214, Emax=85.56837288
realization 157 / 300 ... accepted 157. Emin=-13.04649821, Emax=77.83080550
realization 158 / 300 ... accepted 158. Emin=6.05287724, Emax=92.03744530
realization 159 / 300 ... accepted 159. Emin=19.50902093, Emax=107.82837673
realization 160 / 300 ... accepted 160. Emin=9.09532634, Emax=107.36173756
realization 161 / 300 ... accepted 161. Emin=42.81687530, Emax=116.37009092
realization 162 / 300 ... accepted 162. Emin=6.39232009, Emax=102.72843760
realization 163 / 300 ... accepted 163. Emin=-1.28555319, Emax=91.92769051
realization 164 / 300 ... accepted 164. Emin=2.56267406, Emax=97.39582589
realization 165 / 300 ... accepted 165. Emin=-4.66259857, Emax=92.16564978
realization 166 / 300 ... accepted 166. Emin=22.71233805, Emax=107.07669875
realization 167 / 300 ... accepted 167. Emin=-23.62771539, Emax=63.45236157
realization 168 / 300 ... accepted 168. Emin=3.77468565, Emax=97.35575458
realization 169 / 300 ... accepted 169. Emin=-4.17469567, Emax=84.56179707
realization 170 / 300 ... accepted 170. Emin=-1.74875091, Emax=83.92721237
realization 171 / 300 ... accepted 171. Emin=-8.20591824, Emax=81.33099985
realization 172 / 300 ... accepted 172. Emin=16.78053378, Emax=97.82516595
realization 173 / 300 ... accepted 173. Emin=-2.18754309, Emax=105.87304624
realization 174 / 300 ... accepted 174. Emin=0.25950804, Emax=95.73350250
realization 175 / 300 ... accepted 175. Emin=-6.96162751, Emax=80.55793661
realization 176 / 300 ... accepted 176. Emin=-17.72820668, Emax=71.68693180
realization 177 / 300 ... accepted 177. Emin=16.25064332, Emax=102.15290967
realization 178 / 300 ... accepted 178. Emin=-14.96055996, Emax=71.57179793
realization 179 / 300 ... accepted 179. Emin=-4.81322094, Emax=86.47348690
realization 180 / 300 ... accepted 180. Emin=4.33524302, Emax=90.55421605
realization 181 / 300 ... accepted 181. Emin=-14.81202886, Emax=78.59779259
realization 182 / 300 ... accepted 182. Emin=7.97562332, Emax=94.39199627
realization 183 / 300 ... accepted 183. Emin=5.57961927, Emax=96.14887893
realization 184 / 300 ... accepted 184. Emin=-16.20238300, Emax=81.54211990
realization 185 / 300 ... accepted 185. Emin=-5.87444935, Emax=94.88621665
realization 186 / 300 ... accepted 186. Emin=0.81542802, Emax=93.70942136
realization 187 / 300 ... accepted 187. Emin=-1.17108885, Emax=92.86948712
realization 188 / 300 ... accepted 188. Emin=-25.89302369, Emax=59.43801447
realization 189 / 300 ... accepted 189. Emin=-9.24237406, Emax=86.25227646
realization 190 / 300 ... accepted 190. Emin=12.68917829, Emax=104.46171266
realization 191 / 300 ... accepted 191. Emin=-20.04318198, Emax=64.80529749
realization 192 / 300 ... accepted 192. Emin=4.00965765, Emax=96.43691034
realization 193 / 300 ... accepted 193. Emin=22.06075429, Emax=109.61813192
realization 194 / 300 ... accepted 194. Emin=-11.89195465, Emax=75.69291795
realization 195 / 300 ... accepted 195. Emin=-8.79236190, Emax=83.26270160
realization 196 / 300 ... accepted 196. Emin=-21.76189786, Emax=64.29764648
realization 197 / 300 ... accepted 197. Emin=-0.89971632, Emax=80.03018613
realization 198 / 300 ... accepted 198. Emin=-2.64042119, Emax=88.16861560
realization 199 / 300 ... accepted 199. Emin=0.14419151, Emax=90.29935882
realization 200 / 300 ... accepted 200. Emin=-14.07602274, Emax=76.44273952
realization 201 / 300 ... accepted 201. Emin=-1.44281207, Emax=80.04444532
realization 202 / 300 ... accepted 202. Emin=-4.90233036, Emax=92.98535928
realization 203 / 300 ... accepted 203. Emin=-26.72042326, Emax=60.85218485
realization 204 / 300 ... accepted 204. Emin=-9.20983210, Emax=83.76024245
realization 205 / 300 ... accepted 205. Emin=24.87418232, Emax=104.59927542
realization 206 / 300 ... accepted 206. Emin=25.66257974, Emax=112.04147991
realization 207 / 300 ... accepted 207. Emin=-1.92803446, Emax=92.74328224
realization 208 / 300 ... accepted 208. Emin=-15.05007399, Emax=67.68153231
realization 209 / 300 ... accepted 209. Emin=-0.06624018, Emax=80.31304030
realization 210 / 300 ... accepted 210. Emin=15.50139648, Emax=106.72470722
realization 211 / 300 ... accepted 211. Emin=0.03394532, Emax=96.80146015
realization 212 / 300 ... accepted 212. Emin=-12.30765715, Emax=79.11209307
realization 213 / 300 ... accepted 213. Emin=-24.43096732, Emax=55.88960326
realization 214 / 300 ... accepted 214. Emin=1.01037499, Emax=100.62218300
realization 215 / 300 ... accepted 215. Emin=2.42359488, Emax=89.04291111
realization 216 / 300 ... accepted 216. Emin=14.94217238, Emax=98.01004722
realization 217 / 300 ... accepted 217. Emin=22.28359889, Emax=105.74913491
realization 218 / 300 ... accepted 218. Emin=-6.16082232, Emax=89.61212568
realization 219 / 300 ... accepted 219. Emin=-0.14048577, Emax=95.61632387
realization 220 / 300 ... accepted 220. Emin=-25.69977663, Emax=67.46083053
realization 221 / 300 ... accepted 221. Emin=-4.37213733, Emax=76.97346883
realization 222 / 300 ... accepted 222. Emin=-26.18996769, Emax=61.70758454
realization 223 / 300 ... accepted 223. Emin=-11.10622410, Emax=80.96816184
realization 224 / 300 ... accepted 224. Emin=6.06411461, Emax=107.71440733
realization 225 / 300 ... accepted 225. Emin=11.29632488, Emax=105.96795580
realization 226 / 300 ... accepted 226. Emin=10.93181725, Emax=99.69665059
realization 227 / 300 ... accepted 227. Emin=3.45801853, Emax=87.99682586
realization 228 / 300 ... accepted 228. Emin=4.72821975, Emax=89.34826534
realization 229 / 300 ... accepted 229. Emin=-7.54294749, Emax=81.55124947
realization 230 / 300 ... accepted 230. Emin=-4.43342709, Emax=89.30288957
realization 231 / 300 ... accepted 231. Emin=2.43377959, Emax=99.47439808
realization 232 / 300 ... accepted 232. Emin=17.25071228, Emax=106.20546635
realization 233 / 300 ... accepted 233. Emin=5.68784341, Emax=95.93301838
realization 234 / 300 ... accepted 234. Emin=6.60432398, Emax=94.20980766
realization 235 / 300 ... accepted 235. Emin=5.38413781, Emax=92.10458631
realization 236 / 300 ... accepted 236. Emin=-11.71116959, Emax=86.81415924
realization 237 / 300 ... accepted 237. Emin=-15.72669157, Emax=70.42407873
realization 238 / 300 ... accepted 238. Emin=-16.24476112, Emax=75.44425888
realization 239 / 300 ... accepted 239. Emin=6.92362527, Emax=108.54279870
realization 240 / 300 ... accepted 240. Emin=-1.67013925, Emax=90.66231383
realization 241 / 300 ... accepted 241. Emin=-10.93741831, Emax=70.30248375
realization 242 / 300 ... accepted 242. Emin=-7.83283093, Emax=94.73057608
realization 243 / 300 ... accepted 243. Emin=-9.78934781, Emax=80.87368864
realization 244 / 300 ... accepted 244. Emin=-6.24258858, Emax=96.02710832
realization 245 / 300 ... accepted 245. Emin=5.53428994, Emax=103.61494051
realization 246 / 300 ... accepted 246. Emin=-17.27368787, Emax=72.82369209
realization 247 / 300 ... accepted 247. Emin=1.17324170, Emax=91.93057736
realization 248 / 300 ... accepted 248. Emin=14.88701492, Emax=106.37565528
realization 249 / 300 ... accepted 249. Emin=-4.39599292, Emax=93.24330246
realization 250 / 300 ... accepted 250. Emin=1.41692589, Emax=96.49446770
realization 251 / 300 ... accepted 251. Emin=-17.77085342, Emax=70.57435590
realization 252 / 300 ... accepted 252. Emin=1.64310450, Emax=94.01621821
realization 253 / 300 ... accepted 253. Emin=-16.13061564, Emax=75.46543598
realization 254 / 300 ... accepted 254. Emin=-0.92336454, Emax=96.58184234
realization 255 / 300 ... accepted 255. Emin=1.96327431, Emax=89.15294061
realization 256 / 300 ... accepted 256. Emin=-11.16291712, Emax=79.23966298
realization 257 / 300 ... accepted 257. Emin=3.15419120, Emax=103.64582159
realization 258 / 300 ... accepted 258. Emin=-7.32222454, Emax=90.14361654
realization 259 / 300 ... accepted 259. Emin=-5.52535423, Emax=86.03744950
realization 260 / 300 ... accepted 260. Emin=-15.81865576, Emax=64.91862455
realization 261 / 300 ... accepted 261. Emin=-14.36919617, Emax=76.01389005
realization 262 / 300 ... accepted 262. Emin=-20.79704747, Emax=58.54414146
realization 263 / 300 ... accepted 263. Emin=-4.58861635, Emax=92.26175393
realization 264 / 300 ... accepted 264. Emin=7.10219236, Emax=93.47503273
realization 265 / 300 ... accepted 265. Emin=-17.57120916, Emax=81.72219038
realization 266 / 300 ... accepted 266. Emin=-15.78332799, Emax=74.51231244
realization 267 / 300 ... accepted 267. Emin=-23.25956938, Emax=61.21693412
realization 268 / 300 ... accepted 268. Emin=-18.98347339, Emax=66.49368265
realization 269 / 300 ... accepted 269. Emin=3.52977902, Emax=93.63587988
realization 270 / 300 ... accepted 270. Emin=1.88914866, Emax=102.42749032
realization 271 / 300 ... accepted 271. Emin=-1.78026223, Emax=88.80536916
realization 272 / 300 ... accepted 272. Emin=9.61097456, Emax=86.59198851
realization 273 / 300 ... accepted 273. Emin=-7.18137226, Emax=81.43378465
realization 274 / 300 ... accepted 274. Emin=-18.35500634, Emax=72.40190679
realization 275 / 300 ... accepted 275. Emin=-21.92034366, Emax=69.99826101
realization 276 / 300 ... accepted 276. Emin=1.38962766, Emax=89.72386435
realization 277 / 300 ... accepted 277. Emin=-1.83199137, Emax=96.11138935
realization 278 / 300 ... accepted 278. Emin=9.33111268, Emax=96.18759459
realization 279 / 300 ... accepted 279. Emin=-21.21762463, Emax=59.90316734
realization 280 / 300 ... accepted 280. Emin=16.97181060, Emax=98.16834271
realization 281 / 300 ... accepted 281. Emin=-5.88270949, Emax=78.34679772
realization 282 / 300 ... accepted 282. Emin=-0.49357999, Emax=102.50677927
realization 283 / 300 ... accepted 283. Emin=12.26492008, Emax=96.92888586
realization 284 / 300 ... accepted 284. Emin=17.31860132, Emax=100.40663591
realization 285 / 300 ... accepted 285. Emin=-11.57290567, Emax=85.59074740
realization 286 / 300 ... accepted 286. Emin=11.77454250, Emax=112.67151401
realization 287 / 300 ... accepted 287. Emin=4.97909917, Emax=87.61965260
realization 288 / 300 ... accepted 288. Emin=-20.08920937, Emax=68.20215222
realization 289 / 300 ... accepted 289. Emin=-6.13667292, Emax=85.28925166
realization 290 / 300 ... accepted 290. Emin=-11.37733406, Emax=82.33890401
realization 291 / 300 ... accepted 291. Emin=4.62324868, Emax=98.54523300
realization 292 / 300 ... accepted 292. Emin=8.04374779, Emax=101.23462070
realization 293 / 300 ... accepted 293. Emin=-7.86858694, Emax=75.83676723
realization 294 / 300 ... accepted 294. Emin=16.58955764, Emax=104.65766950
realization 295 / 300 ... accepted 295. Emin=1.88297710, Emax=99.72225401
realization 296 / 300 ... accepted 296. Emin=4.73338805, Emax=99.98133896
realization 297 / 300 ... accepted 297. Emin=6.53607516, Emax=96.39369156
realization 298 / 300 ... accepted 298. Emin=-2.42906442, Emax=107.79804454
realization 299 / 300 ... accepted 299. Emin=1.00711685, Emax=90.86735683
realization 300 / 300 ... accepted 300. Emin=-13.25849704, Emax=91.44426265
Saved final energies: /home/2/kj405942/POLFED_bosons/pbs_bose_legacy_nmax2_periodic/data/U_11/W_9/L_6/N_6_nmax_2/boundary_periodic/energies_full_U11_L6_N6_nmax2_W9_boundaryperiodic_nreal300.txt
Accepted realizations: 300 / 300
Skipped realizations: 0
Job finished at Sun May 31 17:12:19 UTC 2026
