Job started on w30 at Sun May 31 17:10:40 UTC 2026
PBS_JOBID=7731457.kruk-host.ift-klaster.lan
PBS_O_WORKDIR=/home/2/kj405942/POLFED_bosons
Bose-Hubbard: L=6, N=6, nmax=2, dim=141
t=1, U=11, W=13, nreal=300, boundary=periodic, mode=full
Writing partial results to /home/2/kj405942/POLFED_bosons/pbs_bose_legacy_nmax2_periodic/data/U_11/W_13/L_6/N_6_nmax_2/boundary_periodic/energies_full_U11_L6_N6_nmax2_W13_boundaryperiodic_nreal300_partial.txt
realization 1 / 300 ... accepted 1. Emin=0.46891524, Emax=115.27543552
realization 2 / 300 ... accepted 2. Emin=15.28523221, Emax=115.31497323
realization 3 / 300 ... accepted 3. Emin=-33.09842442, Emax=41.89587818
realization 4 / 300 ... accepted 4. Emin=-36.27846833, Emax=51.98931053
realization 5 / 300 ... accepted 5. Emin=9.29709676, Emax=121.58987649
realization 6 / 300 ... accepted 6. Emin=-26.83499394, Emax=78.17714260
realization 7 / 300 ... accepted 7. Emin=-34.29743700, Emax=56.71980672
realization 8 / 300 ... accepted 8. Emin=-13.27870619, Emax=80.10980526
realization 9 / 300 ... accepted 9. Emin=7.09870777, Emax=116.12826278
realization 10 / 300 ... accepted 10. Emin=22.97949948, Emax=112.59268704
realization 11 / 300 ... accepted 11. Emin=-9.42116288, Emax=87.51669430
realization 12 / 300 ... accepted 12. Emin=6.48276425, Emax=93.00197815
realization 13 / 300 ... accepted 13. Emin=15.99903723, Emax=123.14510846
realization 14 / 300 ... accepted 14. Emin=-13.97602559, Emax=66.50755784
realization 15 / 300 ... accepted 15. Emin=-14.50702452, Emax=75.53567352
realization 16 / 300 ... accepted 16. Emin=14.55797549, Emax=109.93616824
realization 17 / 300 ... accepted 17. Emin=23.75942598, Emax=120.86786544
realization 18 / 300 ... accepted 18. Emin=13.33807640, Emax=120.60950097
realization 19 / 300 ... accepted 19. Emin=-11.27178463, Emax=100.47910077
realization 20 / 300 ... accepted 20. Emin=-4.66141547, Emax=115.06425898
realization 21 / 300 ... accepted 21. Emin=-2.92866164, Emax=104.80630489
realization 22 / 300 ... accepted 22. Emin=-36.09921030, Emax=60.69333722
realization 23 / 300 ... accepted 23. Emin=2.09611276, Emax=110.83716267
realization 24 / 300 ... accepted 24. Emin=-22.51196576, Emax=63.98191715
realization 25 / 300 ... accepted 25. Emin=27.70483155, Emax=117.37675361
realization 26 / 300 ... accepted 26. Emin=7.81004406, Emax=106.86145219
realization 27 / 300 ... accepted 27. Emin=-15.47005562, Emax=102.93549231
realization 28 / 300 ... accepted 28. Emin=-11.14521019, Emax=86.27161468
realization 29 / 300 ... accepted 29. Emin=6.30029800, Emax=110.80338165
realization 30 / 300 ... accepted 30. Emin=-27.61784862, Emax=61.87032366
realization 31 / 300 ... accepted 31. Emin=-1.20111505, Emax=99.85747770
realization 32 / 300 ... accepted 32. Emin=12.17223837, Emax=127.68457065
realization 33 / 300 ... accepted 33. Emin=19.61947840, Emax=108.98823231
realization 34 / 300 ... accepted 34. Emin=-6.70270619, Emax=110.68489353
realization 35 / 300 ... accepted 35. Emin=-25.34909927, Emax=61.20391558
realization 36 / 300 ... accepted 36. Emin=18.56902176, Emax=123.72354318
realization 37 / 300 ... accepted 37. Emin=16.43656363, Emax=102.21213078
realization 38 / 300 ... accepted 38. Emin=-12.92501561, Emax=80.48154150
realization 39 / 300 ... accepted 39. Emin=-27.59665724, Emax=70.66166626
realization 40 / 300 ... accepted 40. Emin=-17.92014749, Emax=107.96463459
realization 41 / 300 ... accepted 41. Emin=-12.40236708, Emax=104.73817602
realization 42 / 300 ... accepted 42. Emin=1.45923998, Emax=93.35285613
realization 43 / 300 ... accepted 43. Emin=6.46144117, Emax=127.25671130
realization 44 / 300 ... accepted 44. Emin=-9.17062447, Emax=79.56048907
realization 45 / 300 ... accepted 45. Emin=-36.47483070, Emax=61.02643727
realization 46 / 300 ... accepted 46. Emin=-13.98292434, Emax=75.51572612
realization 47 / 300 ... accepted 47. Emin=13.54307831, Emax=109.82743149
realization 48 / 300 ... accepted 48. Emin=-48.19003990, Emax=39.89105763
realization 49 / 300 ... accepted 49. Emin=-11.84085000, Emax=88.73397262
realization 50 / 300 ... accepted 50. Emin=-4.20191843, Emax=92.23571350
realization 51 / 300 ... accepted 51. Emin=19.68164753, Emax=132.25568010
realization 52 / 300 ... accepted 52. Emin=-7.70830246, Emax=99.27768368
realization 53 / 300 ... accepted 53. Emin=20.84221550, Emax=138.35861176
realization 54 / 300 ... accepted 54. Emin=2.32528648, Emax=96.57649602
realization 55 / 300 ... accepted 55. Emin=10.25474198, Emax=97.41807335
realization 56 / 300 ... accepted 56. Emin=22.79993716, Emax=119.68037159
realization 57 / 300 ... accepted 57. Emin=2.94225263, Emax=103.27343828
realization 58 / 300 ... accepted 58. Emin=-37.19085118, Emax=62.41960196
realization 59 / 300 ... accepted 59. Emin=32.69302501, Emax=113.90097883
realization 60 / 300 ... accepted 60. Emin=-8.02724807, Emax=87.13691551
realization 61 / 300 ... accepted 61. Emin=36.70449760, Emax=125.84468889
realization 62 / 300 ... accepted 62. Emin=-11.77042625, Emax=95.61637280
realization 63 / 300 ... accepted 63. Emin=-20.08822194, Emax=70.99956091
realization 64 / 300 ... accepted 64. Emin=-10.18682619, Emax=74.71189963
realization 65 / 300 ... accepted 65. Emin=-3.92572642, Emax=112.44013231
realization 66 / 300 ... accepted 66. Emin=-10.95547433, Emax=82.12493502
realization 67 / 300 ... accepted 67. Emin=-42.22625173, Emax=54.27531581
realization 68 / 300 ... accepted 68. Emin=-1.72148750, Emax=106.11382510
realization 69 / 300 ... accepted 69. Emin=41.14651161, Emax=125.18784789
realization 70 / 300 ... accepted 70. Emin=-11.29912134, Emax=102.95214997
realization 71 / 300 ... accepted 71. Emin=-19.11198417, Emax=115.04014690
realization 72 / 300 ... accepted 72. Emin=-15.46703654, Emax=94.59580028
realization 73 / 300 ... accepted 73. Emin=-11.04409898, Emax=91.14089130
realization 74 / 300 ... accepted 74. Emin=-32.97380964, Emax=67.82424848
realization 75 / 300 ... accepted 75. Emin=26.97237589, Emax=118.39706278
realization 76 / 300 ... accepted 76. Emin=-35.20055716, Emax=62.58706895
realization 77 / 300 ... accepted 77. Emin=-19.73543653, Emax=72.46023367
realization 78 / 300 ... accepted 78. Emin=-11.57297939, Emax=84.39061751
realization 79 / 300 ... accepted 79. Emin=-10.84681205, Emax=102.98702626
realization 80 / 300 ... accepted 80. Emin=16.82723289, Emax=109.07081222
realization 81 / 300 ... accepted 81. Emin=-12.76011883, Emax=102.55932562
realization 82 / 300 ... accepted 82. Emin=-16.84892889, Emax=81.59798631
realization 83 / 300 ... accepted 83. Emin=8.49739199, Emax=125.17131540
realization 84 / 300 ... accepted 84. Emin=-19.13557989, Emax=89.24510312
realization 85 / 300 ... accepted 85. Emin=22.14982304, Emax=134.41127432
realization 86 / 300 ... accepted 86. Emin=-18.94805083, Emax=68.20497151
realization 87 / 300 ... accepted 87. Emin=-5.53827374, Emax=114.36281041
realization 88 / 300 ... accepted 88. Emin=21.22590898, Emax=127.70149702
realization 89 / 300 ... accepted 89. Emin=-27.45218616, Emax=89.10541896
realization 90 / 300 ... accepted 90. Emin=10.06547798, Emax=116.53921498
realization 91 / 300 ... accepted 91. Emin=-5.46687199, Emax=101.49122231
realization 92 / 300 ... accepted 92. Emin=13.04570952, Emax=124.86556473
realization 93 / 300 ... accepted 93. Emin=-10.34177315, Emax=90.39034077
realization 94 / 300 ... accepted 94. Emin=-31.03360893, Emax=70.69266119
realization 95 / 300 ... accepted 95. Emin=1.12209473, Emax=112.35684613
realization 96 / 300 ... accepted 96. Emin=11.07941823, Emax=118.68197183
realization 97 / 300 ... accepted 97. Emin=-16.32112880, Emax=96.71549663
realization 98 / 300 ... accepted 98. Emin=1.06414785, Emax=105.59772051
realization 99 / 300 ... accepted 99. Emin=-14.39032531, Emax=96.81834487
realization 100 / 300 ... accepted 100. Emin=12.01800080, Emax=114.21145224
realization 101 / 300 ... accepted 101. Emin=-15.47052417, Emax=94.47428911
realization 102 / 300 ... accepted 102. Emin=-3.82950944, Emax=111.15182789
realization 103 / 300 ... accepted 103. Emin=-10.93210195, Emax=106.09439771
realization 104 / 300 ... accepted 104. Emin=-13.00295438, Emax=85.98141694
realization 105 / 300 ... accepted 105. Emin=-6.45266870, Emax=106.68188687
realization 106 / 300 ... accepted 106. Emin=3.95762844, Emax=108.01183150
realization 107 / 300 ... accepted 107. Emin=3.86950166, Emax=95.19740712
realization 108 / 300 ... accepted 108. Emin=18.72310493, Emax=124.77682721
realization 109 / 300 ... accepted 109. Emin=12.29012892, Emax=118.51341215
realization 110 / 300 ... accepted 110. Emin=-42.94577540, Emax=40.64021660
realization 111 / 300 ... accepted 111. Emin=-0.83347799, Emax=105.20916603
realization 112 / 300 ... accepted 112. Emin=14.72913351, Emax=133.89409515
realization 113 / 300 ... accepted 113. Emin=-0.57738215, Emax=107.03369726
realization 114 / 300 ... accepted 114. Emin=3.42515213, Emax=107.18943304
realization 115 / 300 ... accepted 115. Emin=-23.64418318, Emax=64.49281369
realization 116 / 300 ... accepted 116. Emin=17.88194712, Emax=118.08904553
realization 117 / 300 ... accepted 117. Emin=-3.07252081, Emax=106.28345065
realization 118 / 300 ... accepted 118. Emin=4.36699037, Emax=99.19225905
realization 119 / 300 ... accepted 119. Emin=11.69093163, Emax=123.36279622
realization 120 / 300 ... accepted 120. Emin=-16.60610785, Emax=91.64815296
realization 121 / 300 ... accepted 121. Emin=5.49692638, Emax=105.34212010
realization 122 / 300 ... accepted 122. Emin=-11.31291152, Emax=96.09609640
realization 123 / 300 ... accepted 123. Emin=16.45463961, Emax=118.54215003
realization 124 / 300 ... accepted 124. Emin=-16.50927495, Emax=71.34678689
realization 125 / 300 ... accepted 125. Emin=6.95651905, Emax=104.80556824
realization 126 / 300 ... accepted 126. Emin=22.76324139, Emax=121.31643344
realization 127 / 300 ... accepted 127. Emin=-1.54699410, Emax=95.52710457
realization 128 / 300 ... accepted 128. Emin=10.16176351, Emax=125.40246884
realization 129 / 300 ... accepted 129. Emin=-8.66655478, Emax=106.02651183
realization 130 / 300 ... accepted 130. Emin=-24.08574988, Emax=71.13279356
realization 131 / 300 ... accepted 131. Emin=28.56562320, Emax=119.95052540
realization 132 / 300 ... accepted 132. Emin=-7.12034663, Emax=86.89444354
realization 133 / 300 ... accepted 133. Emin=18.94128720, Emax=125.99376300
realization 134 / 300 ... accepted 134. Emin=-30.77286271, Emax=58.67807670
realization 135 / 300 ... accepted 135. Emin=3.74045710, Emax=104.82785918
realization 136 / 300 ... accepted 136. Emin=-6.51883780, Emax=111.41639392
realization 137 / 300 ... accepted 137. Emin=-12.88350612, Emax=83.96968983
realization 138 / 300 ... accepted 138. Emin=-27.57364582, Emax=56.33177284
realization 139 / 300 ... accepted 139. Emin=-25.73121668, Emax=53.08241421
realization 140 / 300 ... accepted 140. Emin=14.34378557, Emax=126.42836153
realization 141 / 300 ... accepted 141. Emin=-13.51984216, Emax=78.13649124
realization 142 / 300 ... accepted 142. Emin=-32.21957694, Emax=56.87796913
realization 143 / 300 ... accepted 143. Emin=-3.79301021, Emax=95.05184198
realization 144 / 300 ... accepted 144. Emin=-10.84203353, Emax=90.58982437
realization 145 / 300 ... accepted 145. Emin=-13.55301206, Emax=91.18631120
realization 146 / 300 ... accepted 146. Emin=-9.26314156, Emax=109.56758889
realization 147 / 300 ... accepted 147. Emin=22.66490320, Emax=117.83157297
realization 148 / 300 ... accepted 148. Emin=34.90667890, Emax=115.47499292
realization 149 / 300 ... accepted 149. Emin=30.77284912, Emax=116.16626332
realization 150 / 300 ... accepted 150. Emin=-23.13401020, Emax=78.70990946
realization 151 / 300 ... accepted 151. Emin=27.85290394, Emax=122.59697053
realization 152 / 300 ... accepted 152. Emin=-0.46966259, Emax=90.39407888
realization 153 / 300 ... accepted 153. Emin=-1.31640517, Emax=101.01635371
realization 154 / 300 ... accepted 154. Emin=10.50239800, Emax=119.96469164
realization 155 / 300 ... accepted 155. Emin=-3.82433333, Emax=92.80525154
realization 156 / 300 ... accepted 156. Emin=-22.15083999, Emax=71.09302277
realization 157 / 300 ... accepted 157. Emin=-25.25588570, Emax=75.44513408
realization 158 / 300 ... accepted 158. Emin=2.06946054, Emax=100.86366744
realization 159 / 300 ... accepted 159. Emin=7.08502368, Emax=121.40298445
realization 160 / 300 ... accepted 160. Emin=13.26569714, Emax=114.92122817
realization 161 / 300 ... accepted 161. Emin=8.57283551, Emax=113.73120842
realization 162 / 300 ... accepted 162. Emin=-15.85140155, Emax=76.42431241
realization 163 / 300 ... accepted 163. Emin=15.39108593, Emax=119.73940531
realization 164 / 300 ... accepted 164. Emin=15.61273991, Emax=98.15355209
realization 165 / 300 ... accepted 165. Emin=5.49859036, Emax=104.31245098
realization 166 / 300 ... accepted 166. Emin=-9.42781466, Emax=94.91619907
realization 167 / 300 ... accepted 167. Emin=-24.39116793, Emax=72.93212076
realization 168 / 300 ... accepted 168. Emin=-39.85692583, Emax=49.34266669
realization 169 / 300 ... accepted 169. Emin=-1.95281142, Emax=88.93012114
realization 170 / 300 ... accepted 170. Emin=-9.46790053, Emax=105.22767893
realization 171 / 300 ... accepted 171. Emin=5.11305457, Emax=111.31559471
realization 172 / 300 ... accepted 172. Emin=-2.01381411, Emax=88.33152626
realization 173 / 300 ... accepted 173. Emin=8.93690421, Emax=110.39394397
realization 174 / 300 ... accepted 174. Emin=7.43952048, Emax=114.51613401
realization 175 / 300 ... accepted 175. Emin=3.45967690, Emax=93.64597651
realization 176 / 300 ... accepted 176. Emin=6.62448669, Emax=118.89878142
realization 177 / 300 ... accepted 177. Emin=18.61389421, Emax=122.47966282
realization 178 / 300 ... accepted 178. Emin=2.46982611, Emax=107.32743396
realization 179 / 300 ... accepted 179. Emin=9.95355632, Emax=106.93095189
realization 180 / 300 ... accepted 180. Emin=-9.58049544, Emax=97.47810265
realization 181 / 300 ... accepted 181. Emin=-31.48598658, Emax=73.69178716
realization 182 / 300 ... accepted 182. Emin=10.92308857, Emax=123.18749361
realization 183 / 300 ... accepted 183. Emin=-36.40699358, Emax=68.25704809
realization 184 / 300 ... accepted 184. Emin=18.38966186, Emax=116.82505154
realization 185 / 300 ... accepted 185. Emin=4.54058778, Emax=107.52399373
realization 186 / 300 ... accepted 186. Emin=-9.36009792, Emax=77.85569229
realization 187 / 300 ... accepted 187. Emin=-17.25905909, Emax=82.65173482
realization 188 / 300 ... accepted 188. Emin=12.36460326, Emax=120.37716801
realization 189 / 300 ... accepted 189. Emin=-4.69327269, Emax=120.49817664
realization 190 / 300 ... accepted 190. Emin=-0.55121799, Emax=95.01771066
realization 191 / 300 ... accepted 191. Emin=-32.83414247, Emax=54.13641363
realization 192 / 300 ... accepted 192. Emin=-24.54353928, Emax=78.24544632
realization 193 / 300 ... accepted 193. Emin=4.43529191, Emax=106.79258309
realization 194 / 300 ... accepted 194. Emin=-23.68766080, Emax=79.51389101
realization 195 / 300 ... accepted 195. Emin=38.31123502, Emax=126.91183762
realization 196 / 300 ... accepted 196. Emin=-21.35393215, Emax=74.65011618
realization 197 / 300 ... accepted 197. Emin=15.21635774, Emax=110.44399257
realization 198 / 300 ... accepted 198. Emin=11.15553119, Emax=139.95239170
realization 199 / 300 ... accepted 199. Emin=-30.56314261, Emax=67.27346991
realization 200 / 300 ... accepted 200. Emin=-1.62021486, Emax=133.64532980
realization 201 / 300 ... accepted 201. Emin=-8.92893011, Emax=86.76070211
realization 202 / 300 ... accepted 202. Emin=16.71800784, Emax=117.20337664
realization 203 / 300 ... accepted 203. Emin=12.50071248, Emax=101.93355013
realization 204 / 300 ... accepted 204. Emin=-24.88455090, Emax=80.85807731
realization 205 / 300 ... accepted 205. Emin=20.96933260, Emax=120.53421721
realization 206 / 300 ... accepted 206. Emin=-20.91098722, Emax=71.93091176
realization 207 / 300 ... accepted 207. Emin=-9.70527839, Emax=97.95705376
realization 208 / 300 ... accepted 208. Emin=-12.91959874, Emax=88.92284144
realization 209 / 300 ... accepted 209. Emin=21.91993763, Emax=112.35374633
realization 210 / 300 ... accepted 210. Emin=25.38546400, Emax=122.87471175
realization 211 / 300 ... accepted 211. Emin=-17.65705653, Emax=94.87976062
realization 212 / 300 ... accepted 212. Emin=-36.71138963, Emax=60.34752003
realization 213 / 300 ... accepted 213. Emin=-18.70334118, Emax=80.34633746
realization 214 / 300 ... accepted 214. Emin=-1.45801360, Emax=105.85509542
realization 215 / 300 ... accepted 215. Emin=-13.11570342, Emax=89.33706632
realization 216 / 300 ... accepted 216. Emin=-8.85345024, Emax=109.82632583
realization 217 / 300 ... accepted 217. Emin=-3.89634485, Emax=106.14319570
realization 218 / 300 ... accepted 218. Emin=8.21506964, Emax=94.93706379
realization 219 / 300 ... accepted 219. Emin=-0.79040726, Emax=100.06490364
realization 220 / 300 ... accepted 220. Emin=-24.33830508, Emax=82.82263341
realization 221 / 300 ... accepted 221. Emin=-1.23671640, Emax=99.03538504
realization 222 / 300 ... accepted 222. Emin=21.98189389, Emax=118.88690765
realization 223 / 300 ... accepted 223. Emin=-6.70319272, Emax=89.29747788
realization 224 / 300 ... accepted 224. Emin=14.26103168, Emax=120.13308774
realization 225 / 300 ... accepted 225. Emin=-11.57380007, Emax=97.28516101
realization 226 / 300 ... accepted 226. Emin=-12.81139503, Emax=103.20463856
realization 227 / 300 ... accepted 227. Emin=9.57514977, Emax=107.44561220
realization 228 / 300 ... accepted 228. Emin=10.22935593, Emax=116.27189172
realization 229 / 300 ... accepted 229. Emin=0.52160139, Emax=98.38520238
realization 230 / 300 ... accepted 230. Emin=13.79335311, Emax=113.24613731
realization 231 / 300 ... accepted 231. Emin=-35.66605943, Emax=49.62568168
realization 232 / 300 ... accepted 232. Emin=11.50553718, Emax=113.57712736
realization 233 / 300 ... accepted 233. Emin=-5.71101742, Emax=99.06051075
realization 234 / 300 ... accepted 234. Emin=-4.72088337, Emax=98.45710556
realization 235 / 300 ... accepted 235. Emin=-17.32427993, Emax=78.49713289
realization 236 / 300 ... accepted 236. Emin=9.89783225, Emax=111.57305672
realization 237 / 300 ... accepted 237. Emin=24.69237804, Emax=126.01858188
realization 238 / 300 ... accepted 238. Emin=-27.68057040, Emax=88.62274940
realization 239 / 300 ... accepted 239. Emin=-30.42068954, Emax=70.78036213
realization 240 / 300 ... accepted 240. Emin=-16.25566867, Emax=96.94705166
realization 241 / 300 ... accepted 241. Emin=6.85277536, Emax=92.82313225
realization 242 / 300 ... accepted 242. Emin=-19.39684057, Emax=90.25310854
realization 243 / 300 ... accepted 243. Emin=-11.12363397, Emax=84.51608026
realization 244 / 300 ... accepted 244. Emin=2.15018663, Emax=96.54834722
realization 245 / 300 ... accepted 245. Emin=1.60563897, Emax=114.94163349
realization 246 / 300 ... accepted 246. Emin=-10.12851970, Emax=99.86557203
realization 247 / 300 ... accepted 247. Emin=-0.71252010, Emax=105.21242979
realization 248 / 300 ... accepted 248. Emin=-35.72880871, Emax=61.27658437
realization 249 / 300 ... accepted 249. Emin=3.58037264, Emax=120.55535579
realization 250 / 300 ... accepted 250. Emin=20.98836953, Emax=130.43782156
realization 251 / 300 ... accepted 251. Emin=10.42400762, Emax=122.80536098
realization 252 / 300 ... accepted 252. Emin=-13.06409917, Emax=113.60778733
realization 253 / 300 ... accepted 253. Emin=9.01339743, Emax=113.77085851
realization 254 / 300 ... accepted 254. Emin=8.16973023, Emax=107.73247589
realization 255 / 300 ... accepted 255. Emin=-8.40704413, Emax=77.26138840
realization 256 / 300 ... accepted 256. Emin=21.89116321, Emax=124.41851573
realization 257 / 300 ... accepted 257. Emin=10.70643485, Emax=113.23457815
realization 258 / 300 ... accepted 258. Emin=-29.85383587, Emax=69.82495188
realization 259 / 300 ... accepted 259. Emin=-14.68408236, Emax=93.45484396
realization 260 / 300 ... accepted 260. Emin=-15.44362859, Emax=82.09747666
realization 261 / 300 ... accepted 261. Emin=12.95812688, Emax=120.51339686
realization 262 / 300 ... accepted 262. Emin=-39.07942492, Emax=37.71088847
realization 263 / 300 ... accepted 263. Emin=-20.13139923, Emax=77.74086545
realization 264 / 300 ... accepted 264. Emin=6.45585089, Emax=104.51065953
realization 265 / 300 ... accepted 265. Emin=9.41546239, Emax=127.08419208
realization 266 / 300 ... accepted 266. Emin=-25.76260400, Emax=71.67001980
realization 267 / 300 ... accepted 267. Emin=0.54335482, Emax=96.68148967
realization 268 / 300 ... accepted 268. Emin=12.41724612, Emax=117.62870744
realization 269 / 300 ... accepted 269. Emin=1.76775553, Emax=105.94962777
realization 270 / 300 ... accepted 270. Emin=0.22458060, Emax=111.74540853
realization 271 / 300 ... accepted 271. Emin=-6.53323243, Emax=97.51030624
realization 272 / 300 ... accepted 272. Emin=-5.77491163, Emax=93.60505831
realization 273 / 300 ... accepted 273. Emin=3.65488416, Emax=128.05445055
realization 274 / 300 ... accepted 274. Emin=-0.39607272, Emax=105.94608162
realization 275 / 300 ... accepted 275. Emin=-6.93427259, Emax=89.56960872
realization 276 / 300 ... accepted 276. Emin=-19.32874266, Emax=88.01629634
realization 277 / 300 ... accepted 277. Emin=-11.67149190, Emax=72.89409017
realization 278 / 300 ... accepted 278. Emin=-41.25040046, Emax=51.08985218
realization 279 / 300 ... accepted 279. Emin=-28.15795529, Emax=60.22597946
realization 280 / 300 ... accepted 280. Emin=-10.86720349, Emax=102.97895912
realization 281 / 300 ... accepted 281. Emin=4.93528793, Emax=123.36705953
realization 282 / 300 ... accepted 282. Emin=12.15846400, Emax=115.09382836
realization 283 / 300 ... accepted 283. Emin=-6.78823788, Emax=106.23393338
realization 284 / 300 ... accepted 284. Emin=4.84026833, Emax=108.78534139
realization 285 / 300 ... accepted 285. Emin=-0.90401001, Emax=118.07775953
realization 286 / 300 ... accepted 286. Emin=9.81894244, Emax=111.18227365
realization 287 / 300 ... accepted 287. Emin=-13.44456132, Emax=90.97457532
realization 288 / 300 ... accepted 288. Emin=10.36942991, Emax=107.10749871
realization 289 / 300 ... accepted 289. Emin=-40.48105560, Emax=41.25005782
realization 290 / 300 ... accepted 290. Emin=-17.20253588, Emax=76.19812974
realization 291 / 300 ... accepted 291. Emin=19.88432283, Emax=107.02894860
realization 292 / 300 ... accepted 292. Emin=26.25561783, Emax=126.24607715
realization 293 / 300 ... accepted 293. Emin=25.81517767, Emax=119.76082545
realization 294 / 300 ... accepted 294. Emin=29.69062019, Emax=130.54020680
realization 295 / 300 ... accepted 295. Emin=-23.51592823, Emax=88.53262074
realization 296 / 300 ... accepted 296. Emin=-26.52946697, Emax=74.88324626
realization 297 / 300 ... accepted 297. Emin=23.86098803, Emax=116.59539739
realization 298 / 300 ... accepted 298. Emin=7.36212594, Emax=116.77359912
realization 299 / 300 ... accepted 299. Emin=-6.41369769, Emax=92.67087816
realization 300 / 300 ... accepted 300. Emin=-15.63526704, Emax=85.82513022
Saved final energies: /home/2/kj405942/POLFED_bosons/pbs_bose_legacy_nmax2_periodic/data/U_11/W_13/L_6/N_6_nmax_2/boundary_periodic/energies_full_U11_L6_N6_nmax2_W13_boundaryperiodic_nreal300.txt
Accepted realizations: 300 / 300
Skipped realizations: 0
Job finished at Sun May 31 17:12:23 UTC 2026
