Job started on w30 at Sun May 31 17:10:36 UTC 2026
PBS_JOBID=7731446.kruk-host.ift-klaster.lan
PBS_O_WORKDIR=/home/2/kj405942/POLFED_bosons
Bose-Hubbard: L=6, N=6, nmax=2, dim=141
t=1, U=11, W=2, nreal=300, boundary=periodic, mode=full
Writing partial results to /home/2/kj405942/POLFED_bosons/pbs_bose_legacy_nmax2_periodic/data/U_11/W_2/L_6/N_6_nmax_2/boundary_periodic/energies_full_U11_L6_N6_nmax2_W2_boundaryperiodic_nreal300_partial.txt
realization 1 / 300 ... accepted 1. Emin=-2.45851767, Emax=71.76667495
realization 2 / 300 ... accepted 2. Emin=-5.64924363, Emax=64.66524980
realization 3 / 300 ... accepted 3. Emin=-0.13044165, Emax=75.65557101
realization 4 / 300 ... accepted 4. Emin=-0.53270525, Emax=70.63145229
realization 5 / 300 ... accepted 5. Emin=-4.50331352, Emax=69.56906416
realization 6 / 300 ... accepted 6. Emin=-1.22142516, Emax=73.62222231
realization 7 / 300 ... accepted 7. Emin=-6.98253202, Emax=63.98896978
realization 8 / 300 ... accepted 8. Emin=-2.66119069, Emax=71.60048882
realization 9 / 300 ... accepted 9. Emin=4.66677487, Emax=74.04865925
realization 10 / 300 ... accepted 10. Emin=-0.60498913, Emax=71.18958580
realization 11 / 300 ... accepted 11. Emin=3.21286772, Emax=76.39046804
realization 12 / 300 ... accepted 12. Emin=0.10900816, Emax=72.87037872
realization 13 / 300 ... accepted 13. Emin=-5.69444871, Emax=66.30634517
realization 14 / 300 ... accepted 14. Emin=-6.19342266, Emax=67.00369734
realization 15 / 300 ... accepted 15. Emin=-4.37504959, Emax=69.19582049
realization 16 / 300 ... accepted 16. Emin=-4.70582545, Emax=67.11808170
realization 17 / 300 ... accepted 17. Emin=-3.97060207, Emax=70.27344430
realization 18 / 300 ... accepted 18. Emin=-1.03156780, Emax=71.53873372
realization 19 / 300 ... accepted 19. Emin=3.21316634, Emax=75.16662217
realization 20 / 300 ... accepted 20. Emin=3.40642575, Emax=75.52243816
realization 21 / 300 ... accepted 21. Emin=-1.19808150, Emax=73.30776883
realization 22 / 300 ... accepted 22. Emin=-3.79185711, Emax=67.18744828
realization 23 / 300 ... accepted 23. Emin=-4.57966335, Emax=68.92327049
realization 24 / 300 ... accepted 24. Emin=2.26987485, Emax=75.88708146
realization 25 / 300 ... accepted 25. Emin=2.25824388, Emax=75.15043139
realization 26 / 300 ... accepted 26. Emin=-2.61311437, Emax=69.41971002
realization 27 / 300 ... accepted 27. Emin=-2.61669025, Emax=71.72961922
realization 28 / 300 ... accepted 28. Emin=-1.30273315, Emax=72.96279262
realization 29 / 300 ... accepted 29. Emin=-1.25395756, Emax=72.68690395
realization 30 / 300 ... accepted 30. Emin=1.16752403, Emax=73.60506788
realization 31 / 300 ... accepted 31. Emin=-5.35302358, Emax=66.78064670
realization 32 / 300 ... accepted 32. Emin=-5.75512853, Emax=66.80673360
realization 33 / 300 ... accepted 33. Emin=2.59769495, Emax=74.97357196
realization 34 / 300 ... accepted 34. Emin=-3.86446771, Emax=68.43674502
realization 35 / 300 ... accepted 35. Emin=-2.39333672, Emax=69.56059996
realization 36 / 300 ... accepted 36. Emin=-4.80393435, Emax=66.99776316
realization 37 / 300 ... accepted 37. Emin=-6.89671754, Emax=65.79999278
realization 38 / 300 ... accepted 38. Emin=-1.94660510, Emax=70.85211995
realization 39 / 300 ... accepted 39. Emin=-2.92162911, Emax=66.58322251
realization 40 / 300 ... accepted 40. Emin=-5.24316455, Emax=67.11075464
realization 41 / 300 ... accepted 41. Emin=3.82722253, Emax=75.08195763
realization 42 / 300 ... accepted 42. Emin=-0.87382106, Emax=71.71564639
realization 43 / 300 ... accepted 43. Emin=-0.59112356, Emax=72.14491018
realization 44 / 300 ... accepted 44. Emin=-2.71436485, Emax=68.11219855
realization 45 / 300 ... accepted 45. Emin=6.09484545, Emax=76.01813198
realization 46 / 300 ... accepted 46. Emin=-6.24344384, Emax=64.09377004
realization 47 / 300 ... accepted 47. Emin=1.94691585, Emax=76.37346404
realization 48 / 300 ... accepted 48. Emin=1.42807986, Emax=72.17478806
realization 49 / 300 ... accepted 49. Emin=0.44080618, Emax=75.71224208
realization 50 / 300 ... accepted 50. Emin=-2.77085667, Emax=70.00525605
realization 51 / 300 ... accepted 51. Emin=-1.82588521, Emax=72.92083320
realization 52 / 300 ... accepted 52. Emin=-3.38169778, Emax=68.95189784
realization 53 / 300 ... accepted 53. Emin=-0.40167596, Emax=73.43058758
realization 54 / 300 ... accepted 54. Emin=-5.06770690, Emax=67.49804621
realization 55 / 300 ... accepted 55. Emin=1.56560627, Emax=70.69593615
realization 56 / 300 ... accepted 56. Emin=2.09971284, Emax=71.87546435
realization 57 / 300 ... accepted 57. Emin=4.33790784, Emax=75.60172499
realization 58 / 300 ... accepted 58. Emin=-0.69761355, Emax=72.17780840
realization 59 / 300 ... accepted 59. Emin=-3.61059577, Emax=71.71286837
realization 60 / 300 ... accepted 60. Emin=-2.16116560, Emax=71.59872584
realization 61 / 300 ... accepted 61. Emin=-4.76607456, Emax=65.15828828
realization 62 / 300 ... accepted 62. Emin=-0.87654953, Emax=71.55426942
realization 63 / 300 ... accepted 63. Emin=-1.67875433, Emax=73.00112293
realization 64 / 300 ... accepted 64. Emin=-2.05421936, Emax=73.11572833
realization 65 / 300 ... accepted 65. Emin=-0.98267534, Emax=73.05731112
realization 66 / 300 ... accepted 66. Emin=-0.90269590, Emax=73.79825582
realization 67 / 300 ... accepted 67. Emin=-2.53620702, Emax=70.99771511
realization 68 / 300 ... accepted 68. Emin=1.03938070, Emax=74.26202802
realization 69 / 300 ... accepted 69. Emin=-1.18782116, Emax=74.47652386
realization 70 / 300 ... accepted 70. Emin=0.03431403, Emax=75.16742842
realization 71 / 300 ... accepted 71. Emin=1.10956782, Emax=76.93675137
realization 72 / 300 ... accepted 72. Emin=-2.24680414, Emax=72.99492417
realization 73 / 300 ... accepted 73. Emin=0.27577140, Emax=74.27420618
realization 74 / 300 ... accepted 74. Emin=-1.62611444, Emax=71.47677839
realization 75 / 300 ... accepted 75. Emin=-6.91497722, Emax=65.45737610
realization 76 / 300 ... accepted 76. Emin=-0.85424851, Emax=72.54652683
realization 77 / 300 ... accepted 77. Emin=-2.54966371, Emax=69.36437815
realization 78 / 300 ... accepted 78. Emin=0.67110561, Emax=74.81723567
realization 79 / 300 ... accepted 79. Emin=-2.70129310, Emax=69.44397509
realization 80 / 300 ... accepted 80. Emin=-3.05602418, Emax=68.80360388
realization 81 / 300 ... accepted 81. Emin=-1.87550779, Emax=69.78401417
realization 82 / 300 ... accepted 82. Emin=-1.62989854, Emax=71.14134496
realization 83 / 300 ... accepted 83. Emin=0.79883881, Emax=74.85042198
realization 84 / 300 ... accepted 84. Emin=-0.45424221, Emax=71.75379842
realization 85 / 300 ... accepted 85. Emin=0.19769435, Emax=74.97537041
realization 86 / 300 ... accepted 86. Emin=1.33555712, Emax=74.14820536
realization 87 / 300 ... accepted 87. Emin=-1.63002718, Emax=69.86128061
realization 88 / 300 ... accepted 88. Emin=-4.37216875, Emax=66.21155764
realization 89 / 300 ... accepted 89. Emin=5.00414584, Emax=75.24490750
realization 90 / 300 ... accepted 90. Emin=-1.01311254, Emax=73.82992919
realization 91 / 300 ... accepted 91. Emin=-4.88560172, Emax=67.75953552
realization 92 / 300 ... accepted 92. Emin=2.71759565, Emax=75.55638830
realization 93 / 300 ... accepted 93. Emin=-5.77473197, Emax=66.65821883
realization 94 / 300 ... accepted 94. Emin=-1.43201997, Emax=71.75264339
realization 95 / 300 ... accepted 95. Emin=0.66047602, Emax=72.65819619
realization 96 / 300 ... accepted 96. Emin=0.83192249, Emax=74.25611092
realization 97 / 300 ... accepted 97. Emin=-1.10077400, Emax=72.39079383
realization 98 / 300 ... accepted 98. Emin=-1.94996862, Emax=71.91492932
realization 99 / 300 ... accepted 99. Emin=-5.05807393, Emax=67.18439703
realization 100 / 300 ... accepted 100. Emin=4.55301930, Emax=75.25391682
realization 101 / 300 ... accepted 101. Emin=-1.88704527, Emax=70.91161756
realization 102 / 300 ... accepted 102. Emin=0.60442899, Emax=72.06513181
realization 103 / 300 ... accepted 103. Emin=-1.47151923, Emax=71.37038329
realization 104 / 300 ... accepted 104. Emin=-0.27662673, Emax=74.17532830
realization 105 / 300 ... accepted 105. Emin=0.15748602, Emax=71.40418547
realization 106 / 300 ... accepted 106. Emin=-2.13726748, Emax=69.29994014
realization 107 / 300 ... accepted 107. Emin=-1.09145264, Emax=69.69456927
realization 108 / 300 ... accepted 108. Emin=-0.07891098, Emax=73.06433587
realization 109 / 300 ... accepted 109. Emin=4.92309824, Emax=76.50416699
realization 110 / 300 ... accepted 110. Emin=1.16647782, Emax=74.65826539
realization 111 / 300 ... accepted 111. Emin=-4.45400792, Emax=70.87016458
realization 112 / 300 ... accepted 112. Emin=-5.78387665, Emax=64.21316238
realization 113 / 300 ... accepted 113. Emin=1.99897316, Emax=74.07916837
realization 114 / 300 ... accepted 114. Emin=2.67701929, Emax=72.84529590
realization 115 / 300 ... accepted 115. Emin=-3.58032109, Emax=69.98726631
realization 116 / 300 ... accepted 116. Emin=-1.05593952, Emax=72.28914494
realization 117 / 300 ... accepted 117. Emin=-6.35007260, Emax=65.71873733
realization 118 / 300 ... accepted 118. Emin=-1.57196329, Emax=73.29476276
realization 119 / 300 ... accepted 119. Emin=4.79662477, Emax=76.97081078
realization 120 / 300 ... accepted 120. Emin=-5.13119593, Emax=69.07016111
realization 121 / 300 ... accepted 121. Emin=3.29652068, Emax=74.67844688
realization 122 / 300 ... accepted 122. Emin=-1.87263801, Emax=69.58744387
realization 123 / 300 ... accepted 123. Emin=-3.61790982, Emax=70.35115737
realization 124 / 300 ... accepted 124. Emin=1.95245553, Emax=74.29097907
realization 125 / 300 ... accepted 125. Emin=-0.34124443, Emax=71.52136263
realization 126 / 300 ... accepted 126. Emin=-4.07567615, Emax=68.47751853
realization 127 / 300 ... accepted 127. Emin=5.44564559, Emax=74.56751627
realization 128 / 300 ... accepted 128. Emin=-1.43839567, Emax=71.68577657
realization 129 / 300 ... accepted 129. Emin=1.36690887, Emax=75.32321323
realization 130 / 300 ... accepted 130. Emin=-0.49188818, Emax=73.87827236
realization 131 / 300 ... accepted 131. Emin=-0.79188373, Emax=73.35183221
realization 132 / 300 ... accepted 132. Emin=4.33289395, Emax=75.87264437
realization 133 / 300 ... accepted 133. Emin=-1.44979675, Emax=70.60286032
realization 134 / 300 ... accepted 134. Emin=-1.41624248, Emax=69.57493865
realization 135 / 300 ... accepted 135. Emin=-2.23401179, Emax=70.79994230
realization 136 / 300 ... accepted 136. Emin=-2.80341987, Emax=67.50055397
realization 137 / 300 ... accepted 137. Emin=-3.09821238, Emax=68.94387157
realization 138 / 300 ... accepted 138. Emin=-5.70978604, Emax=63.75658084
realization 139 / 300 ... accepted 139. Emin=-1.16746960, Emax=72.75522460
realization 140 / 300 ... accepted 140. Emin=-3.50535015, Emax=69.48409923
realization 141 / 300 ... accepted 141. Emin=-0.37347169, Emax=70.34324121
realization 142 / 300 ... accepted 142. Emin=-4.37693438, Emax=69.18925488
realization 143 / 300 ... accepted 143. Emin=1.66495915, Emax=72.77127122
realization 144 / 300 ... accepted 144. Emin=1.27798156, Emax=73.15666433
realization 145 / 300 ... accepted 145. Emin=0.16489540, Emax=73.57528550
realization 146 / 300 ... accepted 146. Emin=3.09583474, Emax=74.84292064
realization 147 / 300 ... accepted 147. Emin=3.34971661, Emax=73.19070245
realization 148 / 300 ... accepted 148. Emin=-0.51002443, Emax=73.62685243
realization 149 / 300 ... accepted 149. Emin=-0.87032052, Emax=71.94073458
realization 150 / 300 ... accepted 150. Emin=0.77805995, Emax=72.70212408
realization 151 / 300 ... accepted 151. Emin=3.41016050, Emax=74.62491256
realization 152 / 300 ... accepted 152. Emin=3.46582217, Emax=76.12777846
realization 153 / 300 ... accepted 153. Emin=-0.53282586, Emax=70.02127870
realization 154 / 300 ... accepted 154. Emin=-0.12828723, Emax=73.49304618
realization 155 / 300 ... accepted 155. Emin=2.99153774, Emax=76.48706302
realization 156 / 300 ... accepted 156. Emin=-2.08796518, Emax=70.44959392
realization 157 / 300 ... accepted 157. Emin=-1.81562867, Emax=71.58256242
realization 158 / 300 ... accepted 158. Emin=-5.15711982, Emax=67.34879016
realization 159 / 300 ... accepted 159. Emin=-2.05059194, Emax=71.55438735
realization 160 / 300 ... accepted 160. Emin=-3.27587399, Emax=66.57157002
realization 161 / 300 ... accepted 161. Emin=1.45997138, Emax=72.97324626
realization 162 / 300 ... accepted 162. Emin=-2.08221473, Emax=72.17339519
realization 163 / 300 ... accepted 163. Emin=-1.97264241, Emax=70.96546843
realization 164 / 300 ... accepted 164. Emin=-2.03786730, Emax=70.60507535
realization 165 / 300 ... accepted 165. Emin=-6.28612119, Emax=65.14150254
realization 166 / 300 ... accepted 166. Emin=-4.26746884, Emax=68.61814747
realization 167 / 300 ... accepted 167. Emin=1.79524918, Emax=75.52452480
realization 168 / 300 ... accepted 168. Emin=-0.68531495, Emax=71.55853639
realization 169 / 300 ... accepted 169. Emin=-0.74080372, Emax=70.97749674
realization 170 / 300 ... accepted 170. Emin=0.63606846, Emax=74.30425869
realization 171 / 300 ... accepted 171. Emin=-0.53964467, Emax=72.53875203
realization 172 / 300 ... accepted 172. Emin=-5.92953932, Emax=65.46915233
realization 173 / 300 ... accepted 173. Emin=-6.26438320, Emax=62.34947504
realization 174 / 300 ... accepted 174. Emin=3.86744349, Emax=75.09919211
realization 175 / 300 ... accepted 175. Emin=3.42178181, Emax=75.44885738
realization 176 / 300 ... accepted 176. Emin=-0.56175534, Emax=71.68539777
realization 177 / 300 ... accepted 177. Emin=-5.92261752, Emax=64.49627912
realization 178 / 300 ... accepted 178. Emin=-0.61943620, Emax=72.87660512
realization 179 / 300 ... accepted 179. Emin=-2.07988064, Emax=69.69088682
realization 180 / 300 ... accepted 180. Emin=-4.70445337, Emax=68.34810288
realization 181 / 300 ... accepted 181. Emin=-5.41674422, Emax=65.27275650
realization 182 / 300 ... accepted 182. Emin=-2.43495795, Emax=69.87549860
realization 183 / 300 ... accepted 183. Emin=3.33558939, Emax=73.66293085
realization 184 / 300 ... accepted 184. Emin=-2.66263934, Emax=70.26841777
realization 185 / 300 ... accepted 185. Emin=4.58947904, Emax=77.69174507
realization 186 / 300 ... accepted 186. Emin=-0.36128057, Emax=70.10756145
realization 187 / 300 ... accepted 187. Emin=-5.70200217, Emax=66.52329295
realization 188 / 300 ... accepted 188. Emin=4.15912951, Emax=75.54434496
realization 189 / 300 ... accepted 189. Emin=-1.36994324, Emax=72.69864019
realization 190 / 300 ... accepted 190. Emin=-3.70306479, Emax=68.99755369
realization 191 / 300 ... accepted 191. Emin=-4.05686360, Emax=69.51624232
realization 192 / 300 ... accepted 192. Emin=-6.80200460, Emax=63.38925646
realization 193 / 300 ... accepted 193. Emin=-2.77171552, Emax=70.25623204
realization 194 / 300 ... accepted 194. Emin=2.83026503, Emax=76.88756062
realization 195 / 300 ... accepted 195. Emin=1.68749120, Emax=74.47901385
realization 196 / 300 ... accepted 196. Emin=-0.70651956, Emax=72.01012339
realization 197 / 300 ... accepted 197. Emin=-5.46096535, Emax=66.18077776
realization 198 / 300 ... accepted 198. Emin=-2.50626095, Emax=72.94482003
realization 199 / 300 ... accepted 199. Emin=1.58058053, Emax=73.70512076
realization 200 / 300 ... accepted 200. Emin=-0.04373325, Emax=72.89162476
realization 201 / 300 ... accepted 201. Emin=-4.38481902, Emax=68.85205580
realization 202 / 300 ... accepted 202. Emin=-2.26819923, Emax=68.92148606
realization 203 / 300 ... accepted 203. Emin=-0.78937889, Emax=72.37939508
realization 204 / 300 ... accepted 204. Emin=-1.12313970, Emax=71.72617016
realization 205 / 300 ... accepted 205. Emin=-4.41073701, Emax=67.46997479
realization 206 / 300 ... accepted 206. Emin=0.27468453, Emax=73.13651838
realization 207 / 300 ... accepted 207. Emin=-1.82730192, Emax=73.48842458
realization 208 / 300 ... accepted 208. Emin=-4.62834500, Emax=65.90654772
realization 209 / 300 ... accepted 209. Emin=3.37264214, Emax=76.00147769
realization 210 / 300 ... accepted 210. Emin=-0.65415918, Emax=71.65323458
realization 211 / 300 ... accepted 211. Emin=0.33662949, Emax=70.74508465
realization 212 / 300 ... accepted 212. Emin=-0.10452315, Emax=75.42696956
realization 213 / 300 ... accepted 213. Emin=0.67862074, Emax=72.49605370
realization 214 / 300 ... accepted 214. Emin=-3.36317284, Emax=70.16368397
realization 215 / 300 ... accepted 215. Emin=-4.17706930, Emax=67.27000198
realization 216 / 300 ... accepted 216. Emin=-2.20900469, Emax=69.67280720
realization 217 / 300 ... accepted 217. Emin=0.33671268, Emax=73.55391991
realization 218 / 300 ... accepted 218. Emin=0.36773418, Emax=73.21042493
realization 219 / 300 ... accepted 219. Emin=-5.39684293, Emax=65.55370999
realization 220 / 300 ... accepted 220. Emin=3.55808958, Emax=74.43759891
realization 221 / 300 ... accepted 221. Emin=-0.10265586, Emax=73.94375963
realization 222 / 300 ... accepted 222. Emin=-2.06673217, Emax=68.12475895
realization 223 / 300 ... accepted 223. Emin=-2.01164858, Emax=70.16326032
realization 224 / 300 ... accepted 224. Emin=-6.47915486, Emax=64.60462363
realization 225 / 300 ... accepted 225. Emin=2.48937390, Emax=76.58179408
realization 226 / 300 ... accepted 226. Emin=1.44468542, Emax=74.94404428
realization 227 / 300 ... accepted 227. Emin=-2.39128605, Emax=68.16655020
realization 228 / 300 ... accepted 228. Emin=-6.99834447, Emax=64.34939418
realization 229 / 300 ... accepted 229. Emin=-2.72955149, Emax=68.51688857
realization 230 / 300 ... accepted 230. Emin=-1.29613209, Emax=71.47889418
realization 231 / 300 ... accepted 231. Emin=-5.55754528, Emax=66.31974977
realization 232 / 300 ... accepted 232. Emin=0.48295922, Emax=73.25095631
realization 233 / 300 ... accepted 233. Emin=-3.97496779, Emax=67.60569507
realization 234 / 300 ... accepted 234. Emin=1.91276784, Emax=73.17006209
realization 235 / 300 ... accepted 235. Emin=-2.94859524, Emax=71.60578460
realization 236 / 300 ... accepted 236. Emin=-0.57397935, Emax=70.45309628
realization 237 / 300 ... accepted 237. Emin=1.96117576, Emax=76.44000504
realization 238 / 300 ... accepted 238. Emin=-2.72352700, Emax=70.31253367
realization 239 / 300 ... accepted 239. Emin=-3.45839752, Emax=68.85389442
realization 240 / 300 ... accepted 240. Emin=4.38845750, Emax=75.84323668
realization 241 / 300 ... accepted 241. Emin=1.92828423, Emax=74.79915343
realization 242 / 300 ... accepted 242. Emin=5.85451568, Emax=75.84513555
realization 243 / 300 ... accepted 243. Emin=0.54808752, Emax=72.08274107
realization 244 / 300 ... accepted 244. Emin=-1.82195065, Emax=70.57559357
realization 245 / 300 ... accepted 245. Emin=-6.57710505, Emax=63.39768067
realization 246 / 300 ... accepted 246. Emin=1.53649875, Emax=72.53991785
realization 247 / 300 ... accepted 247. Emin=-7.08078924, Emax=62.90868387
realization 248 / 300 ... accepted 248. Emin=1.96715946, Emax=77.51089135
realization 249 / 300 ... accepted 249. Emin=-1.22752611, Emax=69.86977444
realization 250 / 300 ... accepted 250. Emin=0.61424591, Emax=70.72202620
realization 251 / 300 ... accepted 251. Emin=-5.33231297, Emax=67.12629897
realization 252 / 300 ... accepted 252. Emin=-3.21449664, Emax=69.01592435
realization 253 / 300 ... accepted 253. Emin=-2.95022409, Emax=68.12133915
realization 254 / 300 ... accepted 254. Emin=-0.66797832, Emax=70.04282447
realization 255 / 300 ... accepted 255. Emin=-4.81779216, Emax=67.76096827
realization 256 / 300 ... accepted 256. Emin=0.26335783, Emax=71.43613918
realization 257 / 300 ... accepted 257. Emin=-1.88486489, Emax=73.41468693
realization 258 / 300 ... accepted 258. Emin=0.50060030, Emax=71.59691145
realization 259 / 300 ... accepted 259. Emin=-5.38670220, Emax=65.22482014
realization 260 / 300 ... accepted 260. Emin=-0.05210760, Emax=72.87345721
realization 261 / 300 ... accepted 261. Emin=-0.11371780, Emax=73.77431363
realization 262 / 300 ... accepted 262. Emin=2.95920518, Emax=74.47490980
realization 263 / 300 ... accepted 263. Emin=-2.74343413, Emax=71.13469060
realization 264 / 300 ... accepted 264. Emin=-4.21456696, Emax=67.33471773
realization 265 / 300 ... accepted 265. Emin=2.17822513, Emax=73.49784135
realization 266 / 300 ... accepted 266. Emin=-3.20051245, Emax=66.71256569
realization 267 / 300 ... accepted 267. Emin=-1.91073882, Emax=71.53036276
realization 268 / 300 ... accepted 268. Emin=0.07453765, Emax=71.37782483
realization 269 / 300 ... accepted 269. Emin=3.52819884, Emax=76.99357711
realization 270 / 300 ... accepted 270. Emin=1.92962763, Emax=73.93689527
realization 271 / 300 ... accepted 271. Emin=-3.28502877, Emax=68.26518826
realization 272 / 300 ... accepted 272. Emin=-0.53955035, Emax=71.14573845
realization 273 / 300 ... accepted 273. Emin=-3.83680417, Emax=68.91555216
realization 274 / 300 ... accepted 274. Emin=-2.93143614, Emax=67.05901660
realization 275 / 300 ... accepted 275. Emin=-1.01539508, Emax=73.13168028
realization 276 / 300 ... accepted 276. Emin=-1.81516224, Emax=68.68176798
realization 277 / 300 ... accepted 277. Emin=-3.02616658, Emax=71.07024500
realization 278 / 300 ... accepted 278. Emin=1.84249358, Emax=75.17537831
realization 279 / 300 ... accepted 279. Emin=-0.83938006, Emax=71.73053236
realization 280 / 300 ... accepted 280. Emin=-4.03077273, Emax=69.16176047
realization 281 / 300 ... accepted 281. Emin=-0.08210410, Emax=73.43595029
realization 282 / 300 ... accepted 282. Emin=-3.48709959, Emax=71.20652934
realization 283 / 300 ... accepted 283. Emin=3.12966066, Emax=74.77772165
realization 284 / 300 ... accepted 284. Emin=1.32836396, Emax=73.76156163
realization 285 / 300 ... accepted 285. Emin=0.39881660, Emax=72.75165346
realization 286 / 300 ... accepted 286. Emin=-2.27817978, Emax=73.13627840
realization 287 / 300 ... accepted 287. Emin=-1.63023185, Emax=73.59570485
realization 288 / 300 ... accepted 288. Emin=0.78499903, Emax=74.19269952
realization 289 / 300 ... accepted 289. Emin=-4.47307029, Emax=66.76526582
realization 290 / 300 ... accepted 290. Emin=-1.14130447, Emax=73.35598122
realization 291 / 300 ... accepted 291. Emin=3.09614040, Emax=75.43737865
realization 292 / 300 ... accepted 292. Emin=0.99055054, Emax=74.23713571
realization 293 / 300 ... accepted 293. Emin=-3.90382885, Emax=70.33171421
realization 294 / 300 ... accepted 294. Emin=-0.90450595, Emax=71.91157030
realization 295 / 300 ... accepted 295. Emin=-6.50951637, Emax=63.69481306
realization 296 / 300 ... accepted 296. Emin=-3.30432593, Emax=70.18570787
realization 297 / 300 ... accepted 297. Emin=1.04437247, Emax=72.73030813
realization 298 / 300 ... accepted 298. Emin=-1.01494870, Emax=71.19721403
realization 299 / 300 ... accepted 299. Emin=0.07009501, Emax=71.78960151
realization 300 / 300 ... accepted 300. Emin=2.15201630, Emax=73.45803054
Saved final energies: /home/2/kj405942/POLFED_bosons/pbs_bose_legacy_nmax2_periodic/data/U_11/W_2/L_6/N_6_nmax_2/boundary_periodic/energies_full_U11_L6_N6_nmax2_W2_boundaryperiodic_nreal300.txt
Accepted realizations: 300 / 300
Skipped realizations: 0
Job finished at Sun May 31 17:12:12 UTC 2026
