Job started on w30 at Sun May 31 17:10:49 UTC 2026
PBS_JOBID=7731474.kruk-host.ift-klaster.lan
PBS_O_WORKDIR=/home/2/kj405942/POLFED_bosons
Bose-Hubbard: L=6, N=6, nmax=2, dim=141
t=1, U=15, W=15, nreal=300, boundary=periodic, mode=full
Writing partial results to /home/2/kj405942/POLFED_bosons/pbs_bose_legacy_nmax2_periodic/data/U_15/W_15/L_6/N_6_nmax_2/boundary_periodic/energies_full_U15_L6_N6_nmax2_W15_boundaryperiodic_nreal300_partial.txt
realization 1 / 300 ... accepted 1. Emin=20.24652453, Emax=167.71178224
realization 2 / 300 ... accepted 2. Emin=-48.72407838, Emax=70.48642723
realization 3 / 300 ... accepted 3. Emin=-48.20780182, Emax=72.14468051
realization 4 / 300 ... accepted 4. Emin=-14.53711155, Emax=104.39271816
realization 5 / 300 ... accepted 5. Emin=-35.41136663, Emax=81.01087618
realization 6 / 300 ... accepted 6. Emin=-21.88570922, Emax=114.89321618
realization 7 / 300 ... accepted 7. Emin=36.27321752, Emax=151.88869815
realization 8 / 300 ... accepted 8. Emin=18.31096185, Emax=138.65851296
realization 9 / 300 ... accepted 9. Emin=23.83615397, Emax=147.72851896
realization 10 / 300 ... accepted 10. Emin=15.47764169, Emax=143.47564261
realization 11 / 300 ... accepted 11. Emin=-46.44037326, Emax=72.13984242
realization 12 / 300 ... accepted 12. Emin=25.38272771, Emax=141.70663193
realization 13 / 300 ... accepted 13. Emin=-1.44529165, Emax=151.31085660
realization 14 / 300 ... accepted 14. Emin=4.40976585, Emax=119.43756315
realization 15 / 300 ... accepted 15. Emin=8.12205846, Emax=128.15813968
realization 16 / 300 ... accepted 16. Emin=-9.98912209, Emax=115.31406419
realization 17 / 300 ... accepted 17. Emin=39.78198615, Emax=156.77305780
realization 18 / 300 ... accepted 18. Emin=-2.01404876, Emax=137.70031880
realization 19 / 300 ... accepted 19. Emin=11.91615734, Emax=150.49549997
realization 20 / 300 ... accepted 20. Emin=-26.45069864, Emax=95.63553225
realization 21 / 300 ... accepted 21. Emin=-7.75819916, Emax=119.88056246
realization 22 / 300 ... accepted 22. Emin=27.41336819, Emax=171.05242348
realization 23 / 300 ... accepted 23. Emin=-17.12890460, Emax=115.09200817
realization 24 / 300 ... accepted 24. Emin=3.37119705, Emax=128.44948434
realization 25 / 300 ... accepted 25. Emin=30.84596576, Emax=159.96605966
realization 26 / 300 ... accepted 26. Emin=35.60991595, Emax=160.70754269
realization 27 / 300 ... accepted 27. Emin=-32.69508062, Emax=96.35809400
realization 28 / 300 ... accepted 28. Emin=0.07335122, Emax=128.91560916
realization 29 / 300 ... accepted 29. Emin=1.99558527, Emax=122.01541236
realization 30 / 300 ... accepted 30. Emin=6.74369554, Emax=128.64241844
realization 31 / 300 ... accepted 31. Emin=3.64091357, Emax=134.81363943
realization 32 / 300 ... accepted 32. Emin=-0.64938387, Emax=120.04733105
realization 33 / 300 ... accepted 33. Emin=-22.86430069, Emax=91.20929782
realization 34 / 300 ... accepted 34. Emin=-0.03101206, Emax=132.20613260
realization 35 / 300 ... accepted 35. Emin=-18.06206265, Emax=99.39117339
realization 36 / 300 ... accepted 36. Emin=-1.30576382, Emax=152.46043116
realization 37 / 300 ... accepted 37. Emin=6.97380672, Emax=121.02247138
realization 38 / 300 ... accepted 38. Emin=-15.28236562, Emax=105.94508029
realization 39 / 300 ... accepted 39. Emin=18.07196650, Emax=132.18321491
realization 40 / 300 ... accepted 40. Emin=-17.22902527, Emax=101.48536579
realization 41 / 300 ... accepted 41. Emin=12.15125362, Emax=142.48057205
realization 42 / 300 ... accepted 42. Emin=-38.33842628, Emax=86.81483565
realization 43 / 300 ... accepted 43. Emin=15.79394032, Emax=137.36704593
realization 44 / 300 ... accepted 44. Emin=-7.97494731, Emax=133.48962306
realization 45 / 300 ... accepted 45. Emin=29.55191034, Emax=153.01769262
realization 46 / 300 ... accepted 46. Emin=-2.49871600, Emax=129.38250210
realization 47 / 300 ... accepted 47. Emin=40.23999226, Emax=175.30792602
realization 48 / 300 ... accepted 48. Emin=-17.05520493, Emax=115.10685259
realization 49 / 300 ... accepted 49. Emin=-9.22234614, Emax=125.40092909
realization 50 / 300 ... accepted 50. Emin=1.53701464, Emax=153.30088909
realization 51 / 300 ... accepted 51. Emin=12.51147572, Emax=140.77605546
realization 52 / 300 ... accepted 52. Emin=-10.21550464, Emax=126.64122126
realization 53 / 300 ... accepted 53. Emin=65.14923411, Emax=167.76922028
realization 54 / 300 ... accepted 54. Emin=45.86696835, Emax=166.82365813
realization 55 / 300 ... accepted 55. Emin=-27.40325864, Emax=108.18219005
realization 56 / 300 ... accepted 56. Emin=29.89577722, Emax=157.03024855
realization 57 / 300 ... accepted 57. Emin=-1.88148979, Emax=145.58832548
realization 58 / 300 ... accepted 58. Emin=-11.43484694, Emax=108.57214290
realization 59 / 300 ... accepted 59. Emin=-23.61718498, Emax=116.91852347
realization 60 / 300 ... accepted 60. Emin=13.06478405, Emax=153.94307370
realization 61 / 300 ... accepted 61. Emin=8.38228636, Emax=159.98973820
realization 62 / 300 ... accepted 62. Emin=-6.22801971, Emax=112.37315019
realization 63 / 300 ... accepted 63. Emin=16.88614939, Emax=151.02612079
realization 64 / 300 ... accepted 64. Emin=13.77257884, Emax=144.45738811
realization 65 / 300 ... accepted 65. Emin=-5.79536542, Emax=123.73897219
realization 66 / 300 ... accepted 66. Emin=12.51525015, Emax=147.49331810
realization 67 / 300 ... accepted 67. Emin=-31.12388939, Emax=104.39866939
realization 68 / 300 ... accepted 68. Emin=28.07251111, Emax=145.09626641
realization 69 / 300 ... accepted 69. Emin=-2.62695694, Emax=138.74968660
realization 70 / 300 ... accepted 70. Emin=-16.70286747, Emax=106.15434439
realization 71 / 300 ... accepted 71. Emin=-23.90347340, Emax=99.36153311
realization 72 / 300 ... accepted 72. Emin=-1.30554429, Emax=129.28874161
realization 73 / 300 ... accepted 73. Emin=11.75715728, Emax=145.94347109
realization 74 / 300 ... accepted 74. Emin=-16.45065428, Emax=120.28853187
realization 75 / 300 ... accepted 75. Emin=14.37782971, Emax=143.53218367
realization 76 / 300 ... accepted 76. Emin=-32.81879091, Emax=101.67468852
realization 77 / 300 ... accepted 77. Emin=23.28498772, Emax=144.11961564
realization 78 / 300 ... accepted 78. Emin=21.92889387, Emax=151.32595955
realization 79 / 300 ... accepted 79. Emin=31.08977385, Emax=159.17916080
realization 80 / 300 ... accepted 80. Emin=-19.38713270, Emax=109.76503971
realization 81 / 300 ... accepted 81. Emin=40.88807086, Emax=160.19705904
realization 82 / 300 ... accepted 82. Emin=5.08235929, Emax=135.17410336
realization 83 / 300 ... accepted 83. Emin=25.82429718, Emax=147.23856989
realization 84 / 300 ... accepted 84. Emin=-16.16125198, Emax=125.08153575
realization 85 / 300 ... accepted 85. Emin=-20.02141221, Emax=95.65547624
realization 86 / 300 ... accepted 86. Emin=10.81087293, Emax=133.12060801
realization 87 / 300 ... accepted 87. Emin=23.57245719, Emax=136.50348522
realization 88 / 300 ... accepted 88. Emin=-19.26870046, Emax=98.31767364
realization 89 / 300 ... accepted 89. Emin=-8.86900080, Emax=118.34815025
realization 90 / 300 ... accepted 90. Emin=-60.69788829, Emax=51.64096981
realization 91 / 300 ... accepted 91. Emin=-51.08122092, Emax=70.31656481
realization 92 / 300 ... accepted 92. Emin=-18.42774546, Emax=109.55312315
realization 93 / 300 ... accepted 93. Emin=-5.59802658, Emax=131.71299140
realization 94 / 300 ... accepted 94. Emin=14.75349159, Emax=143.42342254
realization 95 / 300 ... accepted 95. Emin=3.87621974, Emax=121.81558504
realization 96 / 300 ... accepted 96. Emin=0.65742267, Emax=143.56850845
realization 97 / 300 ... accepted 97. Emin=23.08967861, Emax=162.61586493
realization 98 / 300 ... accepted 98. Emin=-13.49339878, Emax=122.50221163
realization 99 / 300 ... accepted 99. Emin=23.90706919, Emax=165.66671732
realization 100 / 300 ... accepted 100. Emin=-15.49748618, Emax=102.63655372
realization 101 / 300 ... accepted 101. Emin=6.18175171, Emax=118.82064022
realization 102 / 300 ... accepted 102. Emin=4.05453518, Emax=141.06148179
realization 103 / 300 ... accepted 103. Emin=-42.62975808, Emax=66.10078744
realization 104 / 300 ... accepted 104. Emin=42.70676479, Emax=162.48788159
realization 105 / 300 ... accepted 105. Emin=-2.17032430, Emax=122.98412569
realization 106 / 300 ... accepted 106. Emin=6.44624202, Emax=148.38612346
realization 107 / 300 ... accepted 107. Emin=-47.07961555, Emax=77.06913339
realization 108 / 300 ... accepted 108. Emin=0.00321757, Emax=137.92163414
realization 109 / 300 ... accepted 109. Emin=16.47248033, Emax=135.76843179
realization 110 / 300 ... accepted 110. Emin=18.19182939, Emax=150.69241474
realization 111 / 300 ... accepted 111. Emin=6.15741290, Emax=129.22487483
realization 112 / 300 ... accepted 112. Emin=-55.75267216, Emax=54.10613730
realization 113 / 300 ... accepted 113. Emin=26.02396189, Emax=144.89253556
realization 114 / 300 ... accepted 114. Emin=11.49256868, Emax=153.16127692
realization 115 / 300 ... accepted 115. Emin=-28.17306520, Emax=115.12922072
realization 116 / 300 ... accepted 116. Emin=23.15919433, Emax=136.94919885
realization 117 / 300 ... accepted 117. Emin=-7.19776986, Emax=129.40050203
realization 118 / 300 ... accepted 118. Emin=53.03514191, Emax=171.96541125
realization 119 / 300 ... accepted 119. Emin=-7.23536452, Emax=123.40039867
realization 120 / 300 ... accepted 120. Emin=-22.07889341, Emax=116.04485798
realization 121 / 300 ... accepted 121. Emin=-21.53483560, Emax=112.39639974
realization 122 / 300 ... accepted 122. Emin=28.19614968, Emax=142.56874292
realization 123 / 300 ... accepted 123. Emin=32.63759733, Emax=147.56286220
realization 124 / 300 ... accepted 124. Emin=-18.03917559, Emax=113.97795136
realization 125 / 300 ... accepted 125. Emin=-3.19302314, Emax=129.52972900
realization 126 / 300 ... accepted 126. Emin=22.30092771, Emax=154.80764803
realization 127 / 300 ... accepted 127. Emin=-12.15937335, Emax=131.90883509
realization 128 / 300 ... accepted 128. Emin=-2.15210659, Emax=115.24079057
realization 129 / 300 ... accepted 129. Emin=-5.92516339, Emax=134.82959220
realization 130 / 300 ... accepted 130. Emin=-12.27543937, Emax=140.49486513
realization 131 / 300 ... accepted 131. Emin=-17.79385499, Emax=108.50591751
realization 132 / 300 ... accepted 132. Emin=2.97800759, Emax=144.17790803
realization 133 / 300 ... accepted 133. Emin=15.43557208, Emax=158.21363022
realization 134 / 300 ... accepted 134. Emin=17.25831272, Emax=138.01269935
realization 135 / 300 ... accepted 135. Emin=-31.85502379, Emax=90.05628224
realization 136 / 300 ... accepted 136. Emin=-35.54664958, Emax=90.79671140
realization 137 / 300 ... accepted 137. Emin=23.34821659, Emax=136.54520178
realization 138 / 300 ... accepted 138. Emin=4.97198300, Emax=132.22854164
realization 139 / 300 ... accepted 139. Emin=15.20512984, Emax=135.44410088
realization 140 / 300 ... accepted 140. Emin=22.22952060, Emax=153.19668248
realization 141 / 300 ... accepted 141. Emin=20.17601811, Emax=150.01680303
realization 142 / 300 ... accepted 142. Emin=-33.11710949, Emax=87.83387991
realization 143 / 300 ... accepted 143. Emin=-8.64813124, Emax=110.21238983
realization 144 / 300 ... accepted 144. Emin=-3.04555108, Emax=131.80419046
realization 145 / 300 ... accepted 145. Emin=17.81510865, Emax=148.31522417
realization 146 / 300 ... accepted 146. Emin=-9.22911410, Emax=130.08923388
realization 147 / 300 ... accepted 147. Emin=-13.67335832, Emax=135.41007036
realization 148 / 300 ... accepted 148. Emin=10.56423102, Emax=136.95096819
realization 149 / 300 ... accepted 149. Emin=14.30593981, Emax=130.98342508
realization 150 / 300 ... accepted 150. Emin=-41.89822668, Emax=81.68651601
realization 151 / 300 ... accepted 151. Emin=-4.81186859, Emax=126.53551504
realization 152 / 300 ... accepted 152. Emin=-40.73704677, Emax=83.62563512
realization 153 / 300 ... accepted 153. Emin=-10.65399764, Emax=135.86811057
realization 154 / 300 ... accepted 154. Emin=-8.26411112, Emax=132.91187695
realization 155 / 300 ... accepted 155. Emin=-27.37024951, Emax=97.12072374
realization 156 / 300 ... accepted 156. Emin=18.03574567, Emax=140.72958023
realization 157 / 300 ... accepted 157. Emin=-2.14527834, Emax=133.70234591
realization 158 / 300 ... accepted 158. Emin=-26.27455367, Emax=106.84309078
realization 159 / 300 ... accepted 159. Emin=-34.58309422, Emax=97.53117568
realization 160 / 300 ... accepted 160. Emin=43.74581579, Emax=157.58748735
realization 161 / 300 ... accepted 161. Emin=-5.61697558, Emax=129.80621064
realization 162 / 300 ... accepted 162. Emin=20.99159346, Emax=144.83545998
realization 163 / 300 ... accepted 163. Emin=31.48950948, Emax=159.47560226
realization 164 / 300 ... accepted 164. Emin=-9.20142225, Emax=131.51135099
realization 165 / 300 ... accepted 165. Emin=-0.91809185, Emax=133.37700932
realization 166 / 300 ... accepted 166. Emin=-11.03355866, Emax=133.06238129
realization 167 / 300 ... accepted 167. Emin=-0.79765611, Emax=120.13286622
realization 168 / 300 ... accepted 168. Emin=-5.91735874, Emax=129.82301663
realization 169 / 300 ... accepted 169. Emin=28.39986507, Emax=166.44302932
realization 170 / 300 ... accepted 170. Emin=-24.87483228, Emax=98.98098866
realization 171 / 300 ... accepted 171. Emin=-37.45300707, Emax=96.56624462
realization 172 / 300 ... accepted 172. Emin=14.49357674, Emax=157.12513273
realization 173 / 300 ... accepted 173. Emin=-14.30340604, Emax=104.34348172
realization 174 / 300 ... accepted 174. Emin=-11.60651202, Emax=122.74600637
realization 175 / 300 ... accepted 175. Emin=-15.47032349, Emax=125.99411665
realization 176 / 300 ... accepted 176. Emin=-33.34384910, Emax=84.70078051
realization 177 / 300 ... accepted 177. Emin=-1.13247979, Emax=125.85377497
realization 178 / 300 ... accepted 178. Emin=-9.94915899, Emax=120.60573520
realization 179 / 300 ... accepted 179. Emin=-8.67329835, Emax=110.77901371
realization 180 / 300 ... accepted 180. Emin=16.44369884, Emax=144.92944568
realization 181 / 300 ... accepted 181. Emin=-10.88275729, Emax=118.35075598
realization 182 / 300 ... accepted 182. Emin=12.54955079, Emax=124.53776261
realization 183 / 300 ... accepted 183. Emin=-17.80452702, Emax=114.29712404
realization 184 / 300 ... accepted 184. Emin=-16.88359916, Emax=88.60874386
realization 185 / 300 ... accepted 185. Emin=-29.57401332, Emax=99.90487801
realization 186 / 300 ... accepted 186. Emin=-12.64533484, Emax=120.56461133
realization 187 / 300 ... accepted 187. Emin=-21.67010154, Emax=114.91157613
realization 188 / 300 ... accepted 188. Emin=-8.96850537, Emax=116.47442262
realization 189 / 300 ... accepted 189. Emin=-0.87546978, Emax=122.49986701
realization 190 / 300 ... accepted 190. Emin=-19.71694605, Emax=108.14344884
realization 191 / 300 ... accepted 191. Emin=-14.26052620, Emax=114.23407248
realization 192 / 300 ... accepted 192. Emin=18.81348662, Emax=153.24717644
realization 193 / 300 ... accepted 193. Emin=-24.57239283, Emax=108.37334868
realization 194 / 300 ... accepted 194. Emin=2.95280310, Emax=164.40230530
realization 195 / 300 ... accepted 195. Emin=-11.19035911, Emax=128.13276408
realization 196 / 300 ... accepted 196. Emin=22.71879062, Emax=157.42996414
realization 197 / 300 ... accepted 197. Emin=-41.31428766, Emax=88.40799831
realization 198 / 300 ... accepted 198. Emin=1.78346985, Emax=141.14281040
realization 199 / 300 ... accepted 199. Emin=8.49360820, Emax=119.48393221
realization 200 / 300 ... accepted 200. Emin=-38.76302794, Emax=84.53021509
realization 201 / 300 ... accepted 201. Emin=-51.02087493, Emax=67.40088393
realization 202 / 300 ... accepted 202. Emin=-14.87756317, Emax=123.02510214
realization 203 / 300 ... accepted 203. Emin=-10.51702294, Emax=124.27604141
realization 204 / 300 ... accepted 204. Emin=-5.28260174, Emax=131.38689262
realization 205 / 300 ... accepted 205. Emin=12.04906945, Emax=150.62682731
realization 206 / 300 ... accepted 206. Emin=-10.74441968, Emax=131.11275009
realization 207 / 300 ... accepted 207. Emin=-27.07909786, Emax=101.73633003
realization 208 / 300 ... accepted 208. Emin=15.96405849, Emax=156.09282763
realization 209 / 300 ... accepted 209. Emin=2.00354953, Emax=147.02653842
realization 210 / 300 ... accepted 210. Emin=-8.91502902, Emax=133.93663671
realization 211 / 300 ... accepted 211. Emin=18.72211298, Emax=139.03493730
realization 212 / 300 ... accepted 212. Emin=-5.25769908, Emax=130.14651026
realization 213 / 300 ... accepted 213. Emin=19.66758755, Emax=155.78214445
realization 214 / 300 ... accepted 214. Emin=-27.50079876, Emax=109.99492573
realization 215 / 300 ... accepted 215. Emin=-3.94673803, Emax=105.56411708
realization 216 / 300 ... accepted 216. Emin=16.53182669, Emax=156.77251459
realization 217 / 300 ... accepted 217. Emin=25.11228220, Emax=148.70484216
realization 218 / 300 ... accepted 218. Emin=-39.68450994, Emax=87.86480529
realization 219 / 300 ... accepted 219. Emin=47.53456373, Emax=170.85623183
realization 220 / 300 ... accepted 220. Emin=-0.89454824, Emax=134.52939591
realization 221 / 300 ... accepted 221. Emin=13.71623226, Emax=133.18510519
realization 222 / 300 ... accepted 222. Emin=9.30289858, Emax=135.01368299
realization 223 / 300 ... accepted 223. Emin=12.67436105, Emax=158.06935372
realization 224 / 300 ... accepted 224. Emin=-6.93922628, Emax=127.71988591
realization 225 / 300 ... accepted 225. Emin=-27.18366746, Emax=105.93941583
realization 226 / 300 ... accepted 226. Emin=-13.16965824, Emax=119.75750310
realization 227 / 300 ... accepted 227. Emin=-25.93068510, Emax=114.22975075
realization 228 / 300 ... accepted 228. Emin=1.88094966, Emax=113.43738758
realization 229 / 300 ... accepted 229. Emin=0.84475792, Emax=135.20322565
realization 230 / 300 ... accepted 230. Emin=-2.64513385, Emax=118.36106019
realization 231 / 300 ... accepted 231. Emin=-21.54389437, Emax=100.08929165
realization 232 / 300 ... accepted 232. Emin=23.57586690, Emax=164.97508744
realization 233 / 300 ... accepted 233. Emin=-1.08484864, Emax=129.47228659
realization 234 / 300 ... accepted 234. Emin=-52.15612502, Emax=58.09765597
realization 235 / 300 ... accepted 235. Emin=7.68634953, Emax=141.45814348
realization 236 / 300 ... accepted 236. Emin=-27.32336091, Emax=85.78557175
realization 237 / 300 ... accepted 237. Emin=7.55531221, Emax=160.86311809
realization 238 / 300 ... accepted 238. Emin=-7.34832477, Emax=99.55675493
realization 239 / 300 ... accepted 239. Emin=1.49071066, Emax=164.05262056
realization 240 / 300 ... accepted 240. Emin=40.58020542, Emax=157.26248037
realization 241 / 300 ... accepted 241. Emin=-12.16700379, Emax=129.83723106
realization 242 / 300 ... accepted 242. Emin=-12.04030070, Emax=96.02595555
realization 243 / 300 ... accepted 243. Emin=-1.20711884, Emax=132.64919918
realization 244 / 300 ... accepted 244. Emin=10.42208502, Emax=143.64369926
realization 245 / 300 ... accepted 245. Emin=46.89653294, Emax=151.01067545
realization 246 / 300 ... accepted 246. Emin=-1.03388712, Emax=157.69493522
realization 247 / 300 ... accepted 247. Emin=-30.36365132, Emax=106.46043223
realization 248 / 300 ... accepted 248. Emin=-17.65334113, Emax=99.40609975
realization 249 / 300 ... accepted 249. Emin=-20.00965315, Emax=104.34951439
realization 250 / 300 ... accepted 250. Emin=9.37948116, Emax=139.91827800
realization 251 / 300 ... accepted 251. Emin=-20.81800417, Emax=99.07805707
realization 252 / 300 ... accepted 252. Emin=-5.42163720, Emax=122.14497391
realization 253 / 300 ... accepted 253. Emin=-9.52195930, Emax=124.30004032
realization 254 / 300 ... accepted 254. Emin=-1.66989008, Emax=126.73813527
realization 255 / 300 ... accepted 255. Emin=16.72070099, Emax=145.48737870
realization 256 / 300 ... accepted 256. Emin=-13.94150259, Emax=118.77031977
realization 257 / 300 ... accepted 257. Emin=7.95388787, Emax=125.80415817
realization 258 / 300 ... accepted 258. Emin=0.71082458, Emax=105.79766635
realization 259 / 300 ... accepted 259. Emin=7.10473751, Emax=143.78217858
realization 260 / 300 ... accepted 260. Emin=22.18688936, Emax=152.37341327
realization 261 / 300 ... accepted 261. Emin=-27.76683341, Emax=84.08031396
realization 262 / 300 ... accepted 262. Emin=-3.85901547, Emax=117.27155751
realization 263 / 300 ... accepted 263. Emin=6.44396329, Emax=139.94542004
realization 264 / 300 ... accepted 264. Emin=-14.70825651, Emax=132.72209390
realization 265 / 300 ... accepted 265. Emin=-19.17361447, Emax=94.85135449
realization 266 / 300 ... accepted 266. Emin=14.94711762, Emax=140.68387534
realization 267 / 300 ... accepted 267. Emin=2.03422004, Emax=151.22285514
realization 268 / 300 ... accepted 268. Emin=-27.06229296, Emax=95.02575058
realization 269 / 300 ... accepted 269. Emin=-49.80786944, Emax=74.94114134
realization 270 / 300 ... accepted 270. Emin=-5.75008770, Emax=117.22491107
realization 271 / 300 ... accepted 271. Emin=41.12101862, Emax=145.21192310
realization 272 / 300 ... accepted 272. Emin=0.71684044, Emax=133.09875989
realization 273 / 300 ... accepted 273. Emin=-19.77957022, Emax=98.39558252
realization 274 / 300 ... accepted 274. Emin=14.36318963, Emax=133.63077822
realization 275 / 300 ... accepted 275. Emin=16.39629751, Emax=144.64346734
realization 276 / 300 ... accepted 276. Emin=-6.15361973, Emax=130.55168138
realization 277 / 300 ... accepted 277. Emin=-35.73587293, Emax=92.03491733
realization 278 / 300 ... accepted 278. Emin=32.43483918, Emax=158.53426258
realization 279 / 300 ... accepted 279. Emin=-32.13328409, Emax=104.19157951
realization 280 / 300 ... accepted 280. Emin=-34.01623920, Emax=85.25945584
realization 281 / 300 ... accepted 281. Emin=9.95712973, Emax=140.33902807
realization 282 / 300 ... accepted 282. Emin=2.78244940, Emax=127.09288519
realization 283 / 300 ... accepted 283. Emin=-0.97052603, Emax=131.59812008
realization 284 / 300 ... accepted 284. Emin=-52.35847251, Emax=60.49275248
realization 285 / 300 ... accepted 285. Emin=-10.36036319, Emax=117.22641444
realization 286 / 300 ... accepted 286. Emin=16.06422510, Emax=139.06873299
realization 287 / 300 ... accepted 287. Emin=-13.31258238, Emax=105.66410479
realization 288 / 300 ... accepted 288. Emin=42.64905531, Emax=147.87602763
realization 289 / 300 ... accepted 289. Emin=-26.61741688, Emax=92.89260044
realization 290 / 300 ... accepted 290. Emin=-13.16557781, Emax=106.14342523
realization 291 / 300 ... accepted 291. Emin=-36.63107875, Emax=81.20345370
realization 292 / 300 ... accepted 292. Emin=10.88969951, Emax=136.96726013
realization 293 / 300 ... accepted 293. Emin=3.23428523, Emax=140.02200624
realization 294 / 300 ... accepted 294. Emin=-7.08025569, Emax=129.05751269
realization 295 / 300 ... accepted 295. Emin=-0.53437535, Emax=134.68276597
realization 296 / 300 ... accepted 296. Emin=-53.84891361, Emax=60.37647398
realization 297 / 300 ... accepted 297. Emin=-2.38904844, Emax=124.37518104
realization 298 / 300 ... accepted 298. Emin=-8.75754930, Emax=129.73216719
realization 299 / 300 ... accepted 299. Emin=33.89800302, Emax=144.09916159
realization 300 / 300 ... accepted 300. Emin=-8.75329913, Emax=138.02236027
Saved final energies: /home/2/kj405942/POLFED_bosons/pbs_bose_legacy_nmax2_periodic/data/U_15/W_15/L_6/N_6_nmax_2/boundary_periodic/energies_full_U15_L6_N6_nmax2_W15_boundaryperiodic_nreal300.txt
Accepted realizations: 300 / 300
Skipped realizations: 0
Job finished at Sun May 31 17:12:37 UTC 2026
