Job started on w30 at Sun May 31 17:10:47 UTC 2026
PBS_JOBID=7731473.kruk-host.ift-klaster.lan
PBS_O_WORKDIR=/home/2/kj405942/POLFED_bosons
Bose-Hubbard: L=6, N=6, nmax=2, dim=141
t=1, U=15, W=14, nreal=300, boundary=periodic, mode=full
Writing partial results to /home/2/kj405942/POLFED_bosons/pbs_bose_legacy_nmax2_periodic/data/U_15/W_14/L_6/N_6_nmax_2/boundary_periodic/energies_full_U15_L6_N6_nmax2_W14_boundaryperiodic_nreal300_partial.txt
realization 1 / 300 ... accepted 1. Emin=17.84547473, Emax=135.09867304
realization 2 / 300 ... accepted 2. Emin=16.47736529, Emax=129.29450452
realization 3 / 300 ... accepted 3. Emin=-0.99749901, Emax=135.06919140
realization 4 / 300 ... accepted 4. Emin=32.05734678, Emax=160.19086971
realization 5 / 300 ... accepted 5. Emin=13.61194864, Emax=140.18042067
realization 6 / 300 ... accepted 6. Emin=34.10497113, Emax=139.81095271
realization 7 / 300 ... accepted 7. Emin=46.02175874, Emax=169.30524078
realization 8 / 300 ... accepted 8. Emin=4.81343093, Emax=144.46543525
realization 9 / 300 ... accepted 9. Emin=-2.08605766, Emax=125.85369727
realization 10 / 300 ... accepted 10. Emin=9.15323799, Emax=128.19568837
realization 11 / 300 ... accepted 11. Emin=7.15386892, Emax=123.86659230
realization 12 / 300 ... accepted 12. Emin=-11.15515387, Emax=111.42704470
realization 13 / 300 ... accepted 13. Emin=-1.87554592, Emax=122.31391604
realization 14 / 300 ... accepted 14. Emin=-21.10557449, Emax=98.51680740
realization 15 / 300 ... accepted 15. Emin=8.43777631, Emax=138.79461727
realization 16 / 300 ... accepted 16. Emin=22.29561154, Emax=156.23525807
realization 17 / 300 ... accepted 17. Emin=16.29924291, Emax=132.13027881
realization 18 / 300 ... accepted 18. Emin=4.84636436, Emax=127.89788840
realization 19 / 300 ... accepted 19. Emin=4.06203552, Emax=117.92599546
realization 20 / 300 ... accepted 20. Emin=-11.89152204, Emax=99.66882666
realization 21 / 300 ... accepted 21. Emin=-4.55190460, Emax=123.00231463
realization 22 / 300 ... accepted 22. Emin=-26.26273418, Emax=97.17426109
realization 23 / 300 ... accepted 23. Emin=-22.44358992, Emax=98.66468699
realization 24 / 300 ... accepted 24. Emin=7.41552390, Emax=149.66811508
realization 25 / 300 ... accepted 25. Emin=3.96323124, Emax=104.34657960
realization 26 / 300 ... accepted 26. Emin=22.82980812, Emax=156.04289138
realization 27 / 300 ... accepted 27. Emin=-8.24569375, Emax=111.55469859
realization 28 / 300 ... accepted 28. Emin=-4.19526648, Emax=145.96126282
realization 29 / 300 ... accepted 29. Emin=-0.60847959, Emax=148.71728669
realization 30 / 300 ... accepted 30. Emin=-53.33416052, Emax=66.35950621
realization 31 / 300 ... accepted 31. Emin=-26.78660734, Emax=101.86997236
realization 32 / 300 ... accepted 32. Emin=10.06649190, Emax=150.86974135
realization 33 / 300 ... accepted 33. Emin=-21.43472681, Emax=114.04808049
realization 34 / 300 ... accepted 34. Emin=12.95520292, Emax=139.69795818
realization 35 / 300 ... accepted 35. Emin=2.88888755, Emax=125.01100802
realization 36 / 300 ... accepted 36. Emin=-16.38458291, Emax=114.10483368
realization 37 / 300 ... accepted 37. Emin=2.67145023, Emax=138.74451916
realization 38 / 300 ... accepted 38. Emin=-7.43030735, Emax=120.80119068
realization 39 / 300 ... accepted 39. Emin=8.64549786, Emax=146.75652531
realization 40 / 300 ... accepted 40. Emin=9.80225971, Emax=156.91356623
realization 41 / 300 ... accepted 41. Emin=10.29815790, Emax=155.43919849
realization 42 / 300 ... accepted 42. Emin=-15.20787614, Emax=108.75978905
realization 43 / 300 ... accepted 43. Emin=25.76743823, Emax=145.14221857
realization 44 / 300 ... accepted 44. Emin=14.47566368, Emax=127.00149544
realization 45 / 300 ... accepted 45. Emin=40.85972796, Emax=169.69593886
realization 46 / 300 ... accepted 46. Emin=13.26656201, Emax=154.86040623
realization 47 / 300 ... accepted 47. Emin=20.70835765, Emax=154.85581496
realization 48 / 300 ... accepted 48. Emin=11.72263203, Emax=130.98317206
realization 49 / 300 ... accepted 49. Emin=-21.90032207, Emax=113.47820961
realization 50 / 300 ... accepted 50. Emin=21.96471855, Emax=140.36566874
realization 51 / 300 ... accepted 51. Emin=21.91897342, Emax=157.44241357
realization 52 / 300 ... accepted 52. Emin=-19.92195419, Emax=116.07441195
realization 53 / 300 ... accepted 53. Emin=5.94643508, Emax=131.39860059
realization 54 / 300 ... accepted 54. Emin=-31.62644681, Emax=99.95565889
realization 55 / 300 ... accepted 55. Emin=-9.59666799, Emax=116.47492737
realization 56 / 300 ... accepted 56. Emin=11.50065282, Emax=136.47710990
realization 57 / 300 ... accepted 57. Emin=2.30591386, Emax=143.10934854
realization 58 / 300 ... accepted 58. Emin=-32.89337172, Emax=92.22163711
realization 59 / 300 ... accepted 59. Emin=-0.87272322, Emax=111.51592278
realization 60 / 300 ... accepted 60. Emin=3.23932269, Emax=138.26954859
realization 61 / 300 ... accepted 61. Emin=-26.90745230, Emax=108.92201322
realization 62 / 300 ... accepted 62. Emin=-28.07939453, Emax=102.19896216
realization 63 / 300 ... accepted 63. Emin=-20.46183084, Emax=103.83310594
realization 64 / 300 ... accepted 64. Emin=13.18000344, Emax=152.47897521
realization 65 / 300 ... accepted 65. Emin=-35.78512356, Emax=82.30691115
realization 66 / 300 ... accepted 66. Emin=27.55353320, Emax=159.93450198
realization 67 / 300 ... accepted 67. Emin=-22.36819414, Emax=100.81048778
realization 68 / 300 ... accepted 68. Emin=-16.48759086, Emax=106.57796568
realization 69 / 300 ... accepted 69. Emin=37.21435024, Emax=157.40861470
realization 70 / 300 ... accepted 70. Emin=28.77284775, Emax=146.66115388
realization 71 / 300 ... accepted 71. Emin=5.58639433, Emax=128.54252742
realization 72 / 300 ... accepted 72. Emin=-16.25397032, Emax=100.77832113
realization 73 / 300 ... accepted 73. Emin=-13.05359792, Emax=118.60272509
realization 74 / 300 ... accepted 74. Emin=-22.27582868, Emax=101.53957573
realization 75 / 300 ... accepted 75. Emin=27.76612135, Emax=143.51649209
realization 76 / 300 ... accepted 76. Emin=-28.92398407, Emax=86.79372314
realization 77 / 300 ... accepted 77. Emin=17.89328114, Emax=136.81172917
realization 78 / 300 ... accepted 78. Emin=-26.95434684, Emax=98.40058661
realization 79 / 300 ... accepted 79. Emin=11.69235727, Emax=139.44824346
realization 80 / 300 ... accepted 80. Emin=6.32465914, Emax=137.13939381
realization 81 / 300 ... accepted 81. Emin=-4.79782322, Emax=117.12412654
realization 82 / 300 ... accepted 82. Emin=23.41628676, Emax=147.98620730
realization 83 / 300 ... accepted 83. Emin=12.74424532, Emax=162.83193354
realization 84 / 300 ... accepted 84. Emin=-19.78017191, Emax=115.33966222
realization 85 / 300 ... accepted 85. Emin=-4.88342023, Emax=118.21414929
realization 86 / 300 ... accepted 86. Emin=-7.01940405, Emax=120.01320473
realization 87 / 300 ... accepted 87. Emin=-47.22823442, Emax=48.12128587
realization 88 / 300 ... accepted 88. Emin=-31.25223664, Emax=91.48309206
realization 89 / 300 ... accepted 89. Emin=-15.85966118, Emax=121.82820531
realization 90 / 300 ... accepted 90. Emin=15.85367010, Emax=153.51564843
realization 91 / 300 ... accepted 91. Emin=4.83058487, Emax=135.47302082
realization 92 / 300 ... accepted 92. Emin=-32.32027055, Emax=86.33441685
realization 93 / 300 ... accepted 93. Emin=-5.12435710, Emax=129.87547080
realization 94 / 300 ... accepted 94. Emin=9.28290805, Emax=135.68014755
realization 95 / 300 ... accepted 95. Emin=-14.03745276, Emax=112.69438680
realization 96 / 300 ... accepted 96. Emin=15.14703228, Emax=164.30556309
realization 97 / 300 ... accepted 97. Emin=-38.60783907, Emax=84.91748320
realization 98 / 300 ... accepted 98. Emin=11.13438265, Emax=137.66085720
realization 99 / 300 ... accepted 99. Emin=32.74823823, Emax=151.58908888
realization 100 / 300 ... accepted 100. Emin=8.98633493, Emax=150.28903369
realization 101 / 300 ... accepted 101. Emin=-4.51273839, Emax=128.45763640
realization 102 / 300 ... accepted 102. Emin=-12.70690992, Emax=114.40865337
realization 103 / 300 ... accepted 103. Emin=-21.12315048, Emax=85.76771975
realization 104 / 300 ... accepted 104. Emin=0.82269208, Emax=121.72910670
realization 105 / 300 ... accepted 105. Emin=-28.56144695, Emax=90.63329027
realization 106 / 300 ... accepted 106. Emin=7.29508282, Emax=151.12234526
realization 107 / 300 ... accepted 107. Emin=-8.80844800, Emax=129.76029508
realization 108 / 300 ... accepted 108. Emin=-22.95103105, Emax=100.64361092
realization 109 / 300 ... accepted 109. Emin=-7.93908989, Emax=131.91286251
realization 110 / 300 ... accepted 110. Emin=1.71620383, Emax=124.06929512
realization 111 / 300 ... accepted 111. Emin=-8.21171615, Emax=117.61410756
realization 112 / 300 ... accepted 112. Emin=-2.73184170, Emax=136.38457447
realization 113 / 300 ... accepted 113. Emin=-1.01856633, Emax=128.13329300
realization 114 / 300 ... accepted 114. Emin=-14.36725822, Emax=92.94247642
realization 115 / 300 ... accepted 115. Emin=16.75386382, Emax=145.65183149
realization 116 / 300 ... accepted 116. Emin=16.66176569, Emax=141.08755676
realization 117 / 300 ... accepted 117. Emin=25.34017613, Emax=146.84271525
realization 118 / 300 ... accepted 118. Emin=19.38592608, Emax=158.65480971
realization 119 / 300 ... accepted 119. Emin=1.61847345, Emax=127.58332325
realization 120 / 300 ... accepted 120. Emin=-17.03346793, Emax=91.35095637
realization 121 / 300 ... accepted 121. Emin=20.34844313, Emax=147.68908569
realization 122 / 300 ... accepted 122. Emin=-37.96464253, Emax=81.75784758
realization 123 / 300 ... accepted 123. Emin=-14.01956808, Emax=102.04974505
realization 124 / 300 ... accepted 124. Emin=13.01156351, Emax=134.52246581
realization 125 / 300 ... accepted 125. Emin=11.45477300, Emax=142.68457416
realization 126 / 300 ... accepted 126. Emin=12.47303139, Emax=141.42929650
realization 127 / 300 ... accepted 127. Emin=3.36787187, Emax=143.22256057
realization 128 / 300 ... accepted 128. Emin=6.02787708, Emax=112.73481815
realization 129 / 300 ... accepted 129. Emin=-3.67151886, Emax=117.83003775
realization 130 / 300 ... accepted 130. Emin=36.48283113, Emax=154.99007075
realization 131 / 300 ... accepted 131. Emin=-4.84355247, Emax=115.44995118
realization 132 / 300 ... accepted 132. Emin=14.32619820, Emax=149.30728230
realization 133 / 300 ... accepted 133. Emin=10.17474947, Emax=131.82742023
realization 134 / 300 ... accepted 134. Emin=-25.31474317, Emax=91.81431367
realization 135 / 300 ... accepted 135. Emin=14.83974064, Emax=135.54865052
realization 136 / 300 ... accepted 136. Emin=0.88834238, Emax=135.07024509
realization 137 / 300 ... accepted 137. Emin=-39.72953923, Emax=71.86334332
realization 138 / 300 ... accepted 138. Emin=-18.56791726, Emax=113.14335367
realization 139 / 300 ... accepted 139. Emin=21.68793157, Emax=151.10362733
realization 140 / 300 ... accepted 140. Emin=-9.76415656, Emax=132.71545364
realization 141 / 300 ... accepted 141. Emin=30.15953565, Emax=153.17431366
realization 142 / 300 ... accepted 142. Emin=-20.30216713, Emax=100.15660465
realization 143 / 300 ... accepted 143. Emin=-27.98735834, Emax=93.66958321
realization 144 / 300 ... accepted 144. Emin=34.63907019, Emax=151.60587387
realization 145 / 300 ... accepted 145. Emin=-38.55906204, Emax=77.08372834
realization 146 / 300 ... accepted 146. Emin=33.39608067, Emax=153.66874479
realization 147 / 300 ... accepted 147. Emin=-5.11218864, Emax=119.64923163
realization 148 / 300 ... accepted 148. Emin=28.48069298, Emax=143.27452390
realization 149 / 300 ... accepted 149. Emin=12.94414736, Emax=136.41294617
realization 150 / 300 ... accepted 150. Emin=19.51349933, Emax=152.66994222
realization 151 / 300 ... accepted 151. Emin=11.44233949, Emax=145.53921260
realization 152 / 300 ... accepted 152. Emin=-17.96467868, Emax=115.28469060
realization 153 / 300 ... accepted 153. Emin=-15.29368744, Emax=101.64973432
realization 154 / 300 ... accepted 154. Emin=10.97224618, Emax=124.47435654
realization 155 / 300 ... accepted 155. Emin=22.76517544, Emax=159.04967157
realization 156 / 300 ... accepted 156. Emin=2.81632630, Emax=137.59187621
realization 157 / 300 ... accepted 157. Emin=-2.18721938, Emax=136.12027197
realization 158 / 300 ... accepted 158. Emin=-12.47540952, Emax=108.98751186
realization 159 / 300 ... accepted 159. Emin=7.22664251, Emax=127.49824088
realization 160 / 300 ... accepted 160. Emin=0.28915778, Emax=124.24766133
realization 161 / 300 ... accepted 161. Emin=34.99030403, Emax=150.96209094
realization 162 / 300 ... accepted 162. Emin=24.57270050, Emax=144.10877522
realization 163 / 300 ... accepted 163. Emin=20.82694655, Emax=154.10558043
realization 164 / 300 ... accepted 164. Emin=-18.25409352, Emax=110.27362647
realization 165 / 300 ... accepted 165. Emin=3.73656688, Emax=149.45438453
realization 166 / 300 ... accepted 166. Emin=-2.88487701, Emax=133.95465776
realization 167 / 300 ... accepted 167. Emin=2.61312615, Emax=134.44437192
realization 168 / 300 ... accepted 168. Emin=4.88721479, Emax=124.06050472
realization 169 / 300 ... accepted 169. Emin=-14.57630189, Emax=119.10170199
realization 170 / 300 ... accepted 170. Emin=-12.64314266, Emax=99.62780138
realization 171 / 300 ... accepted 171. Emin=14.49913712, Emax=150.76372569
realization 172 / 300 ... accepted 172. Emin=3.67607799, Emax=117.66404468
realization 173 / 300 ... accepted 173. Emin=-20.22329984, Emax=99.91135243
realization 174 / 300 ... accepted 174. Emin=21.02006229, Emax=146.39394921
realization 175 / 300 ... accepted 175. Emin=-15.69739280, Emax=115.38327581
realization 176 / 300 ... accepted 176. Emin=22.46028691, Emax=147.01234833
realization 177 / 300 ... accepted 177. Emin=43.50669575, Emax=166.71918847
realization 178 / 300 ... accepted 178. Emin=-11.68919252, Emax=123.29144918
realization 179 / 300 ... accepted 179. Emin=-20.99780739, Emax=90.01528244
realization 180 / 300 ... accepted 180. Emin=-29.50935150, Emax=80.58399628
realization 181 / 300 ... accepted 181. Emin=10.41457144, Emax=148.33407711
realization 182 / 300 ... accepted 182. Emin=-9.45352465, Emax=113.89098845
realization 183 / 300 ... accepted 183. Emin=7.21566207, Emax=121.04982843
realization 184 / 300 ... accepted 184. Emin=-5.33487573, Emax=131.29952707
realization 185 / 300 ... accepted 185. Emin=-23.56566755, Emax=99.36715649
realization 186 / 300 ... accepted 186. Emin=27.53699685, Emax=154.83848458
realization 187 / 300 ... accepted 187. Emin=3.00114068, Emax=141.39005764
realization 188 / 300 ... accepted 188. Emin=6.98349406, Emax=133.21099904
realization 189 / 300 ... accepted 189. Emin=44.69979685, Emax=166.85885156
realization 190 / 300 ... accepted 190. Emin=-5.60971912, Emax=129.89677270
realization 191 / 300 ... accepted 191. Emin=46.16182639, Emax=156.14407773
realization 192 / 300 ... accepted 192. Emin=-33.80284974, Emax=96.79469912
realization 193 / 300 ... accepted 193. Emin=1.98187178, Emax=109.27892407
realization 194 / 300 ... accepted 194. Emin=-26.60178961, Emax=87.39200817
realization 195 / 300 ... accepted 195. Emin=6.44584395, Emax=125.74869936
realization 196 / 300 ... accepted 196. Emin=-35.95619354, Emax=81.08162539
realization 197 / 300 ... accepted 197. Emin=30.89735058, Emax=167.57281324
realization 198 / 300 ... accepted 198. Emin=8.50579770, Emax=133.01776871
realization 199 / 300 ... accepted 199. Emin=-29.23471981, Emax=79.39097752
realization 200 / 300 ... accepted 200. Emin=-4.33985163, Emax=128.40598724
realization 201 / 300 ... accepted 201. Emin=8.56704016, Emax=155.03313577
realization 202 / 300 ... accepted 202. Emin=-7.80397589, Emax=109.38039173
realization 203 / 300 ... accepted 203. Emin=10.14567221, Emax=125.08447143
realization 204 / 300 ... accepted 204. Emin=4.37604615, Emax=134.63665979
realization 205 / 300 ... accepted 205. Emin=-13.79819459, Emax=123.22966395
realization 206 / 300 ... accepted 206. Emin=-5.86520684, Emax=132.85294813
realization 207 / 300 ... accepted 207. Emin=-3.84075803, Emax=127.71006613
realization 208 / 300 ... accepted 208. Emin=1.52219849, Emax=135.78492768
realization 209 / 300 ... accepted 209. Emin=-16.93717460, Emax=112.93257680
realization 210 / 300 ... accepted 210. Emin=2.73295924, Emax=145.93347859
realization 211 / 300 ... accepted 211. Emin=-3.78735180, Emax=136.02187004
realization 212 / 300 ... accepted 212. Emin=4.80796800, Emax=156.29849246
realization 213 / 300 ... accepted 213. Emin=-21.53884015, Emax=111.40917605
realization 214 / 300 ... accepted 214. Emin=-9.37875567, Emax=120.54862406
realization 215 / 300 ... accepted 215. Emin=8.66712386, Emax=129.96261670
realization 216 / 300 ... accepted 216. Emin=-32.42436635, Emax=89.48807956
realization 217 / 300 ... accepted 217. Emin=8.00637694, Emax=129.19654786
realization 218 / 300 ... accepted 218. Emin=5.81929593, Emax=139.95994698
realization 219 / 300 ... accepted 219. Emin=9.83658059, Emax=131.36801679
realization 220 / 300 ... accepted 220. Emin=12.09970126, Emax=142.27625867
realization 221 / 300 ... accepted 221. Emin=39.33708349, Emax=150.25862602
realization 222 / 300 ... accepted 222. Emin=5.34825138, Emax=120.90081152
realization 223 / 300 ... accepted 223. Emin=-15.82626547, Emax=118.26016793
realization 224 / 300 ... accepted 224. Emin=-18.56356465, Emax=99.03417233
realization 225 / 300 ... accepted 225. Emin=1.23242743, Emax=122.18121588
realization 226 / 300 ... accepted 226. Emin=-1.93156399, Emax=133.06646272
realization 227 / 300 ... accepted 227. Emin=7.07528716, Emax=137.37812183
realization 228 / 300 ... accepted 228. Emin=43.56462796, Emax=163.74742768
realization 229 / 300 ... accepted 229. Emin=4.76758682, Emax=130.68381268
realization 230 / 300 ... accepted 230. Emin=15.65668656, Emax=139.24494331
realization 231 / 300 ... accepted 231. Emin=26.31914694, Emax=157.23871117
realization 232 / 300 ... accepted 232. Emin=-21.47802813, Emax=97.73070398
realization 233 / 300 ... accepted 233. Emin=25.53875063, Emax=149.11579958
realization 234 / 300 ... accepted 234. Emin=18.55070477, Emax=149.09064976
realization 235 / 300 ... accepted 235. Emin=-24.41568615, Emax=99.83755684
realization 236 / 300 ... accepted 236. Emin=20.65879630, Emax=149.02715132
realization 237 / 300 ... accepted 237. Emin=7.72261327, Emax=136.07855533
realization 238 / 300 ... accepted 238. Emin=9.65526617, Emax=140.17284376
realization 239 / 300 ... accepted 239. Emin=-20.18652845, Emax=102.56385654
realization 240 / 300 ... accepted 240. Emin=-24.68643820, Emax=100.62957743
realization 241 / 300 ... accepted 241. Emin=20.11392199, Emax=149.41936599
realization 242 / 300 ... accepted 242. Emin=-15.32667345, Emax=131.90255760
realization 243 / 300 ... accepted 243. Emin=-1.20751747, Emax=127.65121894
realization 244 / 300 ... accepted 244. Emin=-3.60100227, Emax=147.01994111
realization 245 / 300 ... accepted 245. Emin=17.58275178, Emax=145.61587564
realization 246 / 300 ... accepted 246. Emin=-0.66554754, Emax=142.01893368
realization 247 / 300 ... accepted 247. Emin=32.22551796, Emax=143.24750458
realization 248 / 300 ... accepted 248. Emin=8.82665012, Emax=150.16864438
realization 249 / 300 ... accepted 249. Emin=-1.10953590, Emax=138.24042880
realization 250 / 300 ... accepted 250. Emin=16.66184197, Emax=141.47514834
realization 251 / 300 ... accepted 251. Emin=-11.69121747, Emax=105.16065204
realization 252 / 300 ... accepted 252. Emin=5.10312236, Emax=130.84687281
realization 253 / 300 ... accepted 253. Emin=-16.80203858, Emax=98.76785932
realization 254 / 300 ... accepted 254. Emin=5.09442289, Emax=121.16708199
realization 255 / 300 ... accepted 255. Emin=-1.90746470, Emax=121.50515474
realization 256 / 300 ... accepted 256. Emin=8.57254355, Emax=130.48822311
realization 257 / 300 ... accepted 257. Emin=10.51184514, Emax=134.86780349
realization 258 / 300 ... accepted 258. Emin=-20.11753064, Emax=110.98537583
realization 259 / 300 ... accepted 259. Emin=-17.20277175, Emax=98.98131330
realization 260 / 300 ... accepted 260. Emin=7.15170490, Emax=129.84914774
realization 261 / 300 ... accepted 261. Emin=24.46341038, Emax=162.65767744
realization 262 / 300 ... accepted 262. Emin=-30.31569197, Emax=99.59547751
realization 263 / 300 ... accepted 263. Emin=13.74209097, Emax=137.94096647
realization 264 / 300 ... accepted 264. Emin=-38.24861685, Emax=86.38429098
realization 265 / 300 ... accepted 265. Emin=4.65552337, Emax=141.33702796
realization 266 / 300 ... accepted 266. Emin=23.96057763, Emax=147.80477707
realization 267 / 300 ... accepted 267. Emin=11.77750977, Emax=135.82805933
realization 268 / 300 ... accepted 268. Emin=-8.18365428, Emax=105.48918107
realization 269 / 300 ... accepted 269. Emin=24.78135514, Emax=146.71245906
realization 270 / 300 ... accepted 270. Emin=-23.56622468, Emax=100.79525920
realization 271 / 300 ... accepted 271. Emin=-14.53951121, Emax=112.03860393
realization 272 / 300 ... accepted 272. Emin=8.12712367, Emax=146.60681281
realization 273 / 300 ... accepted 273. Emin=5.74562731, Emax=126.58593580
realization 274 / 300 ... accepted 274. Emin=11.14966964, Emax=128.78448582
realization 275 / 300 ... accepted 275. Emin=-32.74823835, Emax=94.35692044
realization 276 / 300 ... accepted 276. Emin=-6.55453667, Emax=124.46994320
realization 277 / 300 ... accepted 277. Emin=7.95690779, Emax=132.91408499
realization 278 / 300 ... accepted 278. Emin=-2.50927624, Emax=129.49989216
realization 279 / 300 ... accepted 279. Emin=14.97658165, Emax=134.50860080
realization 280 / 300 ... accepted 280. Emin=-23.57821695, Emax=95.95942418
realization 281 / 300 ... accepted 281. Emin=7.54135761, Emax=156.78961300
realization 282 / 300 ... accepted 282. Emin=-17.32477088, Emax=102.72208033
realization 283 / 300 ... accepted 283. Emin=3.86031238, Emax=136.65816296
realization 284 / 300 ... accepted 284. Emin=-35.40031431, Emax=82.24897181
realization 285 / 300 ... accepted 285. Emin=6.38698848, Emax=125.66307606
realization 286 / 300 ... accepted 286. Emin=-14.73370011, Emax=103.88612180
realization 287 / 300 ... accepted 287. Emin=-29.19912518, Emax=86.38435482
realization 288 / 300 ... accepted 288. Emin=-29.53849207, Emax=87.36451524
realization 289 / 300 ... accepted 289. Emin=0.48835639, Emax=115.03140428
realization 290 / 300 ... accepted 290. Emin=9.46316237, Emax=135.49295956
realization 291 / 300 ... accepted 291. Emin=18.76050145, Emax=150.24620472
realization 292 / 300 ... accepted 292. Emin=-22.92371304, Emax=95.85602332
realization 293 / 300 ... accepted 293. Emin=7.98262051, Emax=133.46765580
realization 294 / 300 ... accepted 294. Emin=10.55302458, Emax=141.27209069
realization 295 / 300 ... accepted 295. Emin=15.04023778, Emax=148.68059202
realization 296 / 300 ... accepted 296. Emin=-8.06953017, Emax=127.97153105
realization 297 / 300 ... accepted 297. Emin=2.38443570, Emax=128.24714933
realization 298 / 300 ... accepted 298. Emin=-7.22920566, Emax=119.01137697
realization 299 / 300 ... accepted 299. Emin=0.15917912, Emax=138.44034020
realization 300 / 300 ... accepted 300. Emin=16.25643135, Emax=130.44795652
Saved final energies: /home/2/kj405942/POLFED_bosons/pbs_bose_legacy_nmax2_periodic/data/U_15/W_14/L_6/N_6_nmax_2/boundary_periodic/energies_full_U15_L6_N6_nmax2_W14_boundaryperiodic_nreal300.txt
Accepted realizations: 300 / 300
Skipped realizations: 0
Job finished at Sun May 31 17:12:34 UTC 2026
