Job started on w30 at Sun May 31 17:10:40 UTC 2026
PBS_JOBID=7731462.kruk-host.ift-klaster.lan
PBS_O_WORKDIR=/home/2/kj405942/POLFED_bosons
Bose-Hubbard: L=6, N=6, nmax=2, dim=141
t=1, U=15, W=3, nreal=300, boundary=periodic, mode=full
Writing partial results to /home/2/kj405942/POLFED_bosons/pbs_bose_legacy_nmax2_periodic/data/U_15/W_3/L_6/N_6_nmax_2/boundary_periodic/energies_full_U15_L6_N6_nmax2_W3_boundaryperiodic_nreal300_partial.txt
realization 1 / 300 ... accepted 1. Emin=-0.32644368, Emax=97.65997755
realization 2 / 300 ... accepted 2. Emin=2.85385053, Emax=102.16990248
realization 3 / 300 ... accepted 3. Emin=-5.85537226, Emax=96.27446783
realization 4 / 300 ... accepted 4. Emin=0.33516072, Emax=101.39518796
realization 5 / 300 ... accepted 5. Emin=-2.55613354, Emax=95.78740490
realization 6 / 300 ... accepted 6. Emin=1.39761787, Emax=102.05756414
realization 7 / 300 ... accepted 7. Emin=3.42003086, Emax=103.08085209
realization 8 / 300 ... accepted 8. Emin=-1.32564793, Emax=95.14193880
realization 9 / 300 ... accepted 9. Emin=0.28011769, Emax=98.59213777
realization 10 / 300 ... accepted 10. Emin=-9.17691823, Emax=88.64937481
realization 11 / 300 ... accepted 11. Emin=-1.85559063, Emax=95.89503731
realization 12 / 300 ... accepted 12. Emin=1.71612718, Emax=101.07015666
realization 13 / 300 ... accepted 13. Emin=-0.07202805, Emax=97.95904623
realization 14 / 300 ... accepted 14. Emin=-0.48352864, Emax=100.13848515
realization 15 / 300 ... accepted 15. Emin=0.09852297, Emax=99.93549482
realization 16 / 300 ... accepted 16. Emin=-3.50131275, Emax=94.98403346
realization 17 / 300 ... accepted 17. Emin=-8.30819612, Emax=88.71199991
realization 18 / 300 ... accepted 18. Emin=6.40128470, Emax=103.11848064
realization 19 / 300 ... accepted 19. Emin=3.78675320, Emax=103.93131371
realization 20 / 300 ... accepted 20. Emin=-1.15595874, Emax=100.83497923
realization 21 / 300 ... accepted 21. Emin=5.93882791, Emax=104.06504689
realization 22 / 300 ... accepted 22. Emin=-1.25746580, Emax=99.55092531
realization 23 / 300 ... accepted 23. Emin=7.07736872, Emax=104.35966924
realization 24 / 300 ... accepted 24. Emin=-0.12793652, Emax=103.44571553
realization 25 / 300 ... accepted 25. Emin=0.11190032, Emax=102.70348948
realization 26 / 300 ... accepted 26. Emin=-6.38453983, Emax=89.78609852
realization 27 / 300 ... accepted 27. Emin=2.28830333, Emax=100.34945291
realization 28 / 300 ... accepted 28. Emin=-2.02106054, Emax=95.67587867
realization 29 / 300 ... accepted 29. Emin=-2.40402716, Emax=95.01952231
realization 30 / 300 ... accepted 30. Emin=-6.09118152, Emax=91.43797560
realization 31 / 300 ... accepted 31. Emin=-0.41016694, Emax=96.91092490
realization 32 / 300 ... accepted 32. Emin=4.69757777, Emax=101.20170638
realization 33 / 300 ... accepted 33. Emin=4.90414653, Emax=104.42114732
realization 34 / 300 ... accepted 34. Emin=-6.18461231, Emax=89.55258942
realization 35 / 300 ... accepted 35. Emin=-7.48015544, Emax=91.37980609
realization 36 / 300 ... accepted 36. Emin=-8.12911727, Emax=88.40856685
realization 37 / 300 ... accepted 37. Emin=2.05410403, Emax=100.26613986
realization 38 / 300 ... accepted 38. Emin=1.43534283, Emax=104.02348581
realization 39 / 300 ... accepted 39. Emin=10.21227524, Emax=106.78548233
realization 40 / 300 ... accepted 40. Emin=-1.62424956, Emax=97.97553566
realization 41 / 300 ... accepted 41. Emin=-2.95616213, Emax=95.05998629
realization 42 / 300 ... accepted 42. Emin=8.42719387, Emax=106.06577230
realization 43 / 300 ... accepted 43. Emin=-1.92753679, Emax=97.46481677
realization 44 / 300 ... accepted 44. Emin=4.79824471, Emax=101.58166049
realization 45 / 300 ... accepted 45. Emin=5.12184619, Emax=103.31678881
realization 46 / 300 ... accepted 46. Emin=-4.32954224, Emax=96.16904617
realization 47 / 300 ... accepted 47. Emin=-1.54989728, Emax=99.79191047
realization 48 / 300 ... accepted 48. Emin=3.06169001, Emax=99.43987765
realization 49 / 300 ... accepted 49. Emin=-3.81887844, Emax=96.36523058
realization 50 / 300 ... accepted 50. Emin=-6.42903129, Emax=90.15107453
realization 51 / 300 ... accepted 51. Emin=-4.27600440, Emax=98.42164524
realization 52 / 300 ... accepted 52. Emin=6.95520340, Emax=102.43481111
realization 53 / 300 ... accepted 53. Emin=-2.23561995, Emax=95.57195051
realization 54 / 300 ... accepted 54. Emin=-0.90545849, Emax=95.34987634
realization 55 / 300 ... accepted 55. Emin=3.21996734, Emax=104.78984072
realization 56 / 300 ... accepted 56. Emin=4.23326079, Emax=103.27164114
realization 57 / 300 ... accepted 57. Emin=0.48672962, Emax=101.25665189
realization 58 / 300 ... accepted 58. Emin=-7.40303374, Emax=89.07811765
realization 59 / 300 ... accepted 59. Emin=0.09924624, Emax=106.65069084
realization 60 / 300 ... accepted 60. Emin=-1.59993404, Emax=99.57213750
realization 61 / 300 ... accepted 61. Emin=-6.14544899, Emax=92.05029883
realization 62 / 300 ... accepted 62. Emin=7.79613310, Emax=102.77125747
realization 63 / 300 ... accepted 63. Emin=-3.80187728, Emax=94.56885118
realization 64 / 300 ... accepted 64. Emin=7.31762929, Emax=103.83429503
realization 65 / 300 ... accepted 65. Emin=-4.93278893, Emax=95.55071324
realization 66 / 300 ... accepted 66. Emin=2.95576451, Emax=102.76525100
realization 67 / 300 ... accepted 67. Emin=-8.69410684, Emax=91.31827193
realization 68 / 300 ... accepted 68. Emin=3.18169743, Emax=103.47539959
realization 69 / 300 ... accepted 69. Emin=-0.27294996, Emax=101.68808983
realization 70 / 300 ... accepted 70. Emin=7.59959567, Emax=104.81132758
realization 71 / 300 ... accepted 71. Emin=-7.21798453, Emax=89.51568571
realization 72 / 300 ... accepted 72. Emin=-1.55796097, Emax=98.10660355
realization 73 / 300 ... accepted 73. Emin=-1.31668804, Emax=98.55806291
realization 74 / 300 ... accepted 74. Emin=6.17017730, Emax=103.05753473
realization 75 / 300 ... accepted 75. Emin=6.45480216, Emax=102.60101954
realization 76 / 300 ... accepted 76. Emin=5.59108445, Emax=104.99477063
realization 77 / 300 ... accepted 77. Emin=2.30723215, Emax=102.42820114
realization 78 / 300 ... accepted 78. Emin=-0.33053748, Emax=100.89597432
realization 79 / 300 ... accepted 79. Emin=0.05002690, Emax=102.20317996
realization 80 / 300 ... accepted 80. Emin=-0.97724640, Emax=101.20035076
realization 81 / 300 ... accepted 81. Emin=1.94992030, Emax=101.75828131
realization 82 / 300 ... accepted 82. Emin=-0.61813433, Emax=101.53200928
realization 83 / 300 ... accepted 83. Emin=-8.70211361, Emax=90.08783215
realization 84 / 300 ... accepted 84. Emin=3.61304176, Emax=99.25225145
realization 85 / 300 ... accepted 85. Emin=-5.66283140, Emax=92.31458771
realization 86 / 300 ... accepted 86. Emin=1.24114122, Emax=96.25143843
realization 87 / 300 ... accepted 87. Emin=-6.30673129, Emax=92.67457022
realization 88 / 300 ... accepted 88. Emin=2.06001116, Emax=103.41568336
realization 89 / 300 ... accepted 89. Emin=-9.84664169, Emax=86.17702193
realization 90 / 300 ... accepted 90. Emin=3.29748269, Emax=101.70992700
realization 91 / 300 ... accepted 91. Emin=4.41057104, Emax=102.63773565
realization 92 / 300 ... accepted 92. Emin=-0.10496464, Emax=96.33641960
realization 93 / 300 ... accepted 93. Emin=-2.68239456, Emax=93.49097638
realization 94 / 300 ... accepted 94. Emin=-3.64412716, Emax=95.63583260
realization 95 / 300 ... accepted 95. Emin=-2.57983597, Emax=98.07147328
realization 96 / 300 ... accepted 96. Emin=-2.74709967, Emax=94.82814711
realization 97 / 300 ... accepted 97. Emin=-3.35823539, Emax=97.18676095
realization 98 / 300 ... accepted 98. Emin=-2.59038103, Emax=97.07083658
realization 99 / 300 ... accepted 99. Emin=0.59192741, Emax=99.89809802
realization 100 / 300 ... accepted 100. Emin=2.70596726, Emax=102.74726453
realization 101 / 300 ... accepted 101. Emin=-6.94833578, Emax=89.78227315
realization 102 / 300 ... accepted 102. Emin=3.63831016, Emax=106.33425229
realization 103 / 300 ... accepted 103. Emin=-4.98894993, Emax=95.24012834
realization 104 / 300 ... accepted 104. Emin=-2.52233875, Emax=96.60968029
realization 105 / 300 ... accepted 105. Emin=1.91376493, Emax=97.26973984
realization 106 / 300 ... accepted 106. Emin=-1.88379311, Emax=96.39055151
realization 107 / 300 ... accepted 107. Emin=2.95040547, Emax=103.62049479
realization 108 / 300 ... accepted 108. Emin=0.55200242, Emax=99.09105744
realization 109 / 300 ... accepted 109. Emin=3.06418093, Emax=101.38852497
realization 110 / 300 ... accepted 110. Emin=-2.41707451, Emax=97.27366787
realization 111 / 300 ... accepted 111. Emin=0.30987149, Emax=100.58293876
realization 112 / 300 ... accepted 112. Emin=-8.65966534, Emax=89.07453214
realization 113 / 300 ... accepted 113. Emin=-1.56903874, Emax=99.15607070
realization 114 / 300 ... accepted 114. Emin=-6.37087094, Emax=92.27538519
realization 115 / 300 ... accepted 115. Emin=-3.17648661, Emax=95.90408516
realization 116 / 300 ... accepted 116. Emin=1.22693963, Emax=99.45505050
realization 117 / 300 ... accepted 117. Emin=1.26824205, Emax=99.90389234
realization 118 / 300 ... accepted 118. Emin=-3.46574338, Emax=96.69664023
realization 119 / 300 ... accepted 119. Emin=0.60577224, Emax=98.45715158
realization 120 / 300 ... accepted 120. Emin=-2.18045487, Emax=96.37678399
realization 121 / 300 ... accepted 121. Emin=-2.90921847, Emax=95.83045537
realization 122 / 300 ... accepted 122. Emin=4.33139602, Emax=102.97290692
realization 123 / 300 ... accepted 123. Emin=0.24002031, Emax=98.06043756
realization 124 / 300 ... accepted 124. Emin=3.51219842, Emax=100.05899224
realization 125 / 300 ... accepted 125. Emin=-2.66050647, Emax=97.86665838
realization 126 / 300 ... accepted 126. Emin=7.28711309, Emax=103.01043525
realization 127 / 300 ... accepted 127. Emin=-4.35433091, Emax=94.27301109
realization 128 / 300 ... accepted 128. Emin=-6.69507583, Emax=93.87234673
realization 129 / 300 ... accepted 129. Emin=0.85706911, Emax=100.25134972
realization 130 / 300 ... accepted 130. Emin=-9.69891214, Emax=88.32921288
realization 131 / 300 ... accepted 131. Emin=-4.43656099, Emax=93.50445776
realization 132 / 300 ... accepted 132. Emin=0.00192156, Emax=101.53305092
realization 133 / 300 ... accepted 133. Emin=-0.78556485, Emax=98.81544792
realization 134 / 300 ... accepted 134. Emin=0.16601145, Emax=98.61847518
realization 135 / 300 ... accepted 135. Emin=-0.63070119, Emax=96.10452592
realization 136 / 300 ... accepted 136. Emin=3.91962424, Emax=102.67832102
realization 137 / 300 ... accepted 137. Emin=-1.72974616, Emax=97.23932614
realization 138 / 300 ... accepted 138. Emin=-8.75799709, Emax=88.67569769
realization 139 / 300 ... accepted 139. Emin=2.08107810, Emax=99.41032310
realization 140 / 300 ... accepted 140. Emin=1.08407208, Emax=100.14755427
realization 141 / 300 ... accepted 141. Emin=-10.04198315, Emax=85.08157478
realization 142 / 300 ... accepted 142. Emin=3.41832849, Emax=102.71436451
realization 143 / 300 ... accepted 143. Emin=-4.82264879, Emax=95.96730328
realization 144 / 300 ... accepted 144. Emin=-2.86778383, Emax=98.05226533
realization 145 / 300 ... accepted 145. Emin=-0.92003966, Emax=98.16976575
realization 146 / 300 ... accepted 146. Emin=1.22327251, Emax=98.69351221
realization 147 / 300 ... accepted 147. Emin=-1.84863074, Emax=95.72791738
realization 148 / 300 ... accepted 148. Emin=-2.32851193, Emax=97.13112378
realization 149 / 300 ... accepted 149. Emin=-3.99185553, Emax=96.29836912
realization 150 / 300 ... accepted 150. Emin=-2.61867937, Emax=94.32656097
realization 151 / 300 ... accepted 151. Emin=0.89677540, Emax=99.99183605
realization 152 / 300 ... accepted 152. Emin=3.88080691, Emax=102.63365649
realization 153 / 300 ... accepted 153. Emin=0.62294225, Emax=99.77362065
realization 154 / 300 ... accepted 154. Emin=1.38307198, Emax=101.14363068
realization 155 / 300 ... accepted 155. Emin=-6.76162535, Emax=89.76820028
realization 156 / 300 ... accepted 156. Emin=0.30489793, Emax=101.50860581
realization 157 / 300 ... accepted 157. Emin=-7.19348247, Emax=92.81751280
realization 158 / 300 ... accepted 158. Emin=4.99946467, Emax=101.88557046
realization 159 / 300 ... accepted 159. Emin=-4.84068917, Emax=96.08757737
realization 160 / 300 ... accepted 160. Emin=2.58571812, Emax=101.46151513
realization 161 / 300 ... accepted 161. Emin=-1.42173735, Emax=102.39030996
realization 162 / 300 ... accepted 162. Emin=-2.01008157, Emax=94.77617834
realization 163 / 300 ... accepted 163. Emin=-7.56612453, Emax=86.76174745
realization 164 / 300 ... accepted 164. Emin=7.11144840, Emax=103.72696388
realization 165 / 300 ... accepted 165. Emin=-1.86965652, Emax=95.63645849
realization 166 / 300 ... accepted 166. Emin=-2.83799665, Emax=93.24958292
realization 167 / 300 ... accepted 167. Emin=-6.71875951, Emax=89.39694126
realization 168 / 300 ... accepted 168. Emin=-3.73248080, Emax=94.43075912
realization 169 / 300 ... accepted 169. Emin=-9.12609986, Emax=90.31601329
realization 170 / 300 ... accepted 170. Emin=3.39459390, Emax=97.81283336
realization 171 / 300 ... accepted 171. Emin=-6.87367582, Emax=91.85873784
realization 172 / 300 ... accepted 172. Emin=-2.75556865, Emax=97.46585219
realization 173 / 300 ... accepted 173. Emin=-1.23397401, Emax=100.13690455
realization 174 / 300 ... accepted 174. Emin=-7.16359036, Emax=87.52127170
realization 175 / 300 ... accepted 175. Emin=-2.26062585, Emax=97.88407671
realization 176 / 300 ... accepted 176. Emin=0.85730233, Emax=102.85708902
realization 177 / 300 ... accepted 177. Emin=5.14543007, Emax=102.23513337
realization 178 / 300 ... accepted 178. Emin=-1.64629980, Emax=97.51987370
realization 179 / 300 ... accepted 179. Emin=-6.73879658, Emax=92.58060395
realization 180 / 300 ... accepted 180. Emin=-0.83512965, Emax=99.41517444
realization 181 / 300 ... accepted 181. Emin=-11.03664402, Emax=86.41543016
realization 182 / 300 ... accepted 182. Emin=1.91789487, Emax=103.48124008
realization 183 / 300 ... accepted 183. Emin=-5.68703028, Emax=92.04046962
realization 184 / 300 ... accepted 184. Emin=-4.92775321, Emax=96.08940561
realization 185 / 300 ... accepted 185. Emin=1.88685859, Emax=98.09394725
realization 186 / 300 ... accepted 186. Emin=-1.98361743, Emax=97.54754460
realization 187 / 300 ... accepted 187. Emin=0.91086346, Emax=103.27142849
realization 188 / 300 ... accepted 188. Emin=-1.77350875, Emax=96.88254928
realization 189 / 300 ... accepted 189. Emin=1.89847105, Emax=102.33851847
realization 190 / 300 ... accepted 190. Emin=-1.12637535, Emax=98.32849875
realization 191 / 300 ... accepted 191. Emin=-1.32030532, Emax=101.57871434
realization 192 / 300 ... accepted 192. Emin=0.09501460, Emax=96.74673704
realization 193 / 300 ... accepted 193. Emin=5.43611612, Emax=106.16384916
realization 194 / 300 ... accepted 194. Emin=1.68507895, Emax=98.98264108
realization 195 / 300 ... accepted 195. Emin=6.25719143, Emax=103.46020485
realization 196 / 300 ... accepted 196. Emin=-4.69618176, Emax=95.46194947
realization 197 / 300 ... accepted 197. Emin=1.05514139, Emax=101.19465325
realization 198 / 300 ... accepted 198. Emin=0.43019435, Emax=98.52565385
realization 199 / 300 ... accepted 199. Emin=-7.82670696, Emax=91.97440952
realization 200 / 300 ... accepted 200. Emin=2.27343532, Emax=104.90689037
realization 201 / 300 ... accepted 201. Emin=8.53497680, Emax=107.08043666
realization 202 / 300 ... accepted 202. Emin=-1.31931509, Emax=102.42755681
realization 203 / 300 ... accepted 203. Emin=2.23936517, Emax=103.01919773
realization 204 / 300 ... accepted 204. Emin=0.96855353, Emax=104.68365120
realization 205 / 300 ... accepted 205. Emin=1.00886813, Emax=101.72150930
realization 206 / 300 ... accepted 206. Emin=-0.66450402, Emax=99.84440918
realization 207 / 300 ... accepted 207. Emin=1.17337218, Emax=100.50473402
realization 208 / 300 ... accepted 208. Emin=5.83349371, Emax=101.59455449
realization 209 / 300 ... accepted 209. Emin=-0.55216070, Emax=99.60991640
realization 210 / 300 ... accepted 210. Emin=-6.08146748, Emax=91.87045197
realization 211 / 300 ... accepted 211. Emin=-6.73859928, Emax=90.78485347
realization 212 / 300 ... accepted 212. Emin=-9.51178528, Emax=85.09460643
realization 213 / 300 ... accepted 213. Emin=-7.84111961, Emax=90.24251094
realization 214 / 300 ... accepted 214. Emin=4.57213650, Emax=99.43154975
realization 215 / 300 ... accepted 215. Emin=5.75843922, Emax=104.15069047
realization 216 / 300 ... accepted 216. Emin=-2.15396778, Emax=97.39433035
realization 217 / 300 ... accepted 217. Emin=-3.51758798, Emax=97.31810506
realization 218 / 300 ... accepted 218. Emin=-3.18485849, Emax=99.82010961
realization 219 / 300 ... accepted 219. Emin=1.43760890, Emax=100.25911818
realization 220 / 300 ... accepted 220. Emin=6.69065029, Emax=102.27586389
realization 221 / 300 ... accepted 221. Emin=4.84906669, Emax=105.42469374
realization 222 / 300 ... accepted 222. Emin=-10.82323403, Emax=85.93160144
realization 223 / 300 ... accepted 223. Emin=-1.31840929, Emax=94.72618937
realization 224 / 300 ... accepted 224. Emin=-5.28118299, Emax=92.56925314
realization 225 / 300 ... accepted 225. Emin=5.41010434, Emax=105.88088234
realization 226 / 300 ... accepted 226. Emin=1.00154468, Emax=97.09323207
realization 227 / 300 ... accepted 227. Emin=1.01357047, Emax=100.06742476
realization 228 / 300 ... accepted 228. Emin=-2.99506823, Emax=97.05979811
realization 229 / 300 ... accepted 229. Emin=-4.19844165, Emax=93.71767040
realization 230 / 300 ... accepted 230. Emin=-3.92877738, Emax=94.29154216
realization 231 / 300 ... accepted 231. Emin=0.90040440, Emax=100.04716469
realization 232 / 300 ... accepted 232. Emin=-0.74154775, Emax=97.54914817
realization 233 / 300 ... accepted 233. Emin=-5.09155685, Emax=94.17218479
realization 234 / 300 ... accepted 234. Emin=-0.77876237, Emax=97.27740031
realization 235 / 300 ... accepted 235. Emin=6.03095073, Emax=104.98812044
realization 236 / 300 ... accepted 236. Emin=-4.87584529, Emax=94.72417146
realization 237 / 300 ... accepted 237. Emin=1.16064623, Emax=105.06151047
realization 238 / 300 ... accepted 238. Emin=7.83923133, Emax=104.92595813
realization 239 / 300 ... accepted 239. Emin=-2.77106959, Emax=97.58047695
realization 240 / 300 ... accepted 240. Emin=-0.02121366, Emax=100.89036619
realization 241 / 300 ... accepted 241. Emin=-3.21503126, Emax=92.43733341
realization 242 / 300 ... accepted 242. Emin=-2.94039370, Emax=97.85637711
realization 243 / 300 ... accepted 243. Emin=2.62690805, Emax=101.14311033
realization 244 / 300 ... accepted 244. Emin=-1.67583689, Emax=101.01920441
realization 245 / 300 ... accepted 245. Emin=-2.63409080, Emax=100.20650868
realization 246 / 300 ... accepted 246. Emin=-1.96761872, Emax=97.70735019
realization 247 / 300 ... accepted 247. Emin=0.95294309, Emax=101.06644720
realization 248 / 300 ... accepted 248. Emin=-0.37576515, Emax=99.72577802
realization 249 / 300 ... accepted 249. Emin=3.10544898, Emax=103.93928231
realization 250 / 300 ... accepted 250. Emin=-7.98548089, Emax=89.59429031
realization 251 / 300 ... accepted 251. Emin=5.53554457, Emax=105.84848684
realization 252 / 300 ... accepted 252. Emin=-0.85793901, Emax=101.27323457
realization 253 / 300 ... accepted 253. Emin=-0.77151409, Emax=99.56926372
realization 254 / 300 ... accepted 254. Emin=-0.48599359, Emax=96.70623547
realization 255 / 300 ... accepted 255. Emin=-7.19040028, Emax=92.90109100
realization 256 / 300 ... accepted 256. Emin=-3.45125003, Emax=91.64200213
realization 257 / 300 ... accepted 257. Emin=-3.58785597, Emax=93.94797972
realization 258 / 300 ... accepted 258. Emin=-1.53385958, Emax=95.28638634
realization 259 / 300 ... accepted 259. Emin=-6.30858936, Emax=90.38611581
realization 260 / 300 ... accepted 260. Emin=-1.16562989, Emax=98.15856239
realization 261 / 300 ... accepted 261. Emin=-2.66136769, Emax=96.20782931
realization 262 / 300 ... accepted 262. Emin=1.45074040, Emax=105.62138109
realization 263 / 300 ... accepted 263. Emin=1.69247225, Emax=101.38489490
realization 264 / 300 ... accepted 264. Emin=-10.40968345, Emax=86.35280345
realization 265 / 300 ... accepted 265. Emin=-6.77414447, Emax=93.29685987
realization 266 / 300 ... accepted 266. Emin=-4.08714587, Emax=96.74861684
realization 267 / 300 ... accepted 267. Emin=-2.48844539, Emax=97.16560012
realization 268 / 300 ... accepted 268. Emin=-4.29864550, Emax=93.60499219
realization 269 / 300 ... accepted 269. Emin=-1.89843913, Emax=96.57423926
realization 270 / 300 ... accepted 270. Emin=1.79314067, Emax=100.64382673
realization 271 / 300 ... accepted 271. Emin=-1.79528637, Emax=96.69267146
realization 272 / 300 ... accepted 272. Emin=0.05877024, Emax=93.98181787
realization 273 / 300 ... accepted 273. Emin=-8.08071878, Emax=89.49376616
realization 274 / 300 ... accepted 274. Emin=-2.35727907, Emax=94.31547314
realization 275 / 300 ... accepted 275. Emin=-0.35637064, Emax=103.10906448
realization 276 / 300 ... accepted 276. Emin=-3.12575656, Emax=96.14113184
realization 277 / 300 ... accepted 277. Emin=4.05997110, Emax=104.21591525
realization 278 / 300 ... accepted 278. Emin=-0.87128886, Emax=98.75386407
realization 279 / 300 ... accepted 279. Emin=2.41310424, Emax=100.77899244
realization 280 / 300 ... accepted 280. Emin=4.15872708, Emax=102.16606605
realization 281 / 300 ... accepted 281. Emin=-3.84054221, Emax=91.48307419
realization 282 / 300 ... accepted 282. Emin=-5.13032440, Emax=91.25235285
realization 283 / 300 ... accepted 283. Emin=-2.74808497, Emax=99.25462039
realization 284 / 300 ... accepted 284. Emin=1.48471542, Emax=100.15321894
realization 285 / 300 ... accepted 285. Emin=1.66774437, Emax=103.79343362
realization 286 / 300 ... accepted 286. Emin=-2.36932868, Emax=94.27917205
realization 287 / 300 ... accepted 287. Emin=-1.93771775, Emax=97.33839638
realization 288 / 300 ... accepted 288. Emin=-9.88609944, Emax=85.09674818
realization 289 / 300 ... accepted 289. Emin=-0.78620525, Emax=100.02604414
realization 290 / 300 ... accepted 290. Emin=8.03187816, Emax=106.06603357
realization 291 / 300 ... accepted 291. Emin=-5.79926567, Emax=88.43083802
realization 292 / 300 ... accepted 292. Emin=-0.89894654, Emax=96.22974349
realization 293 / 300 ... accepted 293. Emin=9.59811764, Emax=104.71594088
realization 294 / 300 ... accepted 294. Emin=-8.09515960, Emax=88.21570422
realization 295 / 300 ... accepted 295. Emin=-2.72727686, Emax=98.13315647
realization 296 / 300 ... accepted 296. Emin=-7.85625677, Emax=88.26562962
realization 297 / 300 ... accepted 297. Emin=-5.80964461, Emax=93.53794334
realization 298 / 300 ... accepted 298. Emin=-3.83013418, Emax=94.31036681
realization 299 / 300 ... accepted 299. Emin=-3.51654499, Emax=97.94157987
realization 300 / 300 ... accepted 300. Emin=0.37482810, Emax=101.77350211
Saved final energies: /home/2/kj405942/POLFED_bosons/pbs_bose_legacy_nmax2_periodic/data/U_15/W_3/L_6/N_6_nmax_2/boundary_periodic/energies_full_U15_L6_N6_nmax2_W3_boundaryperiodic_nreal300.txt
Accepted realizations: 300 / 300
Skipped realizations: 0
Job finished at Sun May 31 17:12:22 UTC 2026
