Job started on w30 at Sun May 31 17:10:40 UTC 2026
PBS_JOBID=7731461.kruk-host.ift-klaster.lan
PBS_O_WORKDIR=/home/2/kj405942/POLFED_bosons
Bose-Hubbard: L=6, N=6, nmax=2, dim=141
t=1, U=15, W=2, nreal=300, boundary=periodic, mode=full
Writing partial results to /home/2/kj405942/POLFED_bosons/pbs_bose_legacy_nmax2_periodic/data/U_15/W_2/L_6/N_6_nmax_2/boundary_periodic/energies_full_U15_L6_N6_nmax2_W2_boundaryperiodic_nreal300_partial.txt
realization 1 / 300 ... accepted 1. Emin=-1.47602136, Emax=98.60143809
realization 2 / 300 ... accepted 2. Emin=-0.15280159, Emax=97.62936104
realization 3 / 300 ... accepted 3. Emin=-4.64982697, Emax=91.89144510
realization 4 / 300 ... accepted 4. Emin=7.08725418, Emax=100.81830386
realization 5 / 300 ... accepted 5. Emin=3.23843089, Emax=100.82146371
realization 6 / 300 ... accepted 6. Emin=1.80517988, Emax=100.57737664
realization 7 / 300 ... accepted 7. Emin=-3.15574787, Emax=90.94140986
realization 8 / 300 ... accepted 8. Emin=2.29289743, Emax=96.18569621
realization 9 / 300 ... accepted 9. Emin=-4.82265058, Emax=90.36614272
realization 10 / 300 ... accepted 10. Emin=0.67016287, Emax=98.65061175
realization 11 / 300 ... accepted 11. Emin=5.62132398, Emax=99.68283336
realization 12 / 300 ... accepted 12. Emin=-2.74360418, Emax=94.64113475
realization 13 / 300 ... accepted 13. Emin=0.23131196, Emax=95.86435234
realization 14 / 300 ... accepted 14. Emin=1.77676576, Emax=96.67706587
realization 15 / 300 ... accepted 15. Emin=-1.87435602, Emax=95.25451739
realization 16 / 300 ... accepted 16. Emin=-2.45569252, Emax=94.71580100
realization 17 / 300 ... accepted 17. Emin=-1.21051821, Emax=97.22904629
realization 18 / 300 ... accepted 18. Emin=0.71802629, Emax=95.93142396
realization 19 / 300 ... accepted 19. Emin=-3.43267589, Emax=91.27476042
realization 20 / 300 ... accepted 20. Emin=-1.35338757, Emax=96.20664886
realization 21 / 300 ... accepted 21. Emin=-0.94860185, Emax=96.36857367
realization 22 / 300 ... accepted 22. Emin=5.75081679, Emax=99.92193993
realization 23 / 300 ... accepted 23. Emin=-4.00922745, Emax=95.17121902
realization 24 / 300 ... accepted 24. Emin=-1.55110159, Emax=93.47569447
realization 25 / 300 ... accepted 25. Emin=-6.25513246, Emax=87.48596989
realization 26 / 300 ... accepted 26. Emin=2.88264379, Emax=99.44809913
realization 27 / 300 ... accepted 27. Emin=1.20645454, Emax=97.24717043
realization 28 / 300 ... accepted 28. Emin=1.83053399, Emax=97.09481793
realization 29 / 300 ... accepted 29. Emin=-0.79885245, Emax=94.15246031
realization 30 / 300 ... accepted 30. Emin=4.60898910, Emax=98.59035236
realization 31 / 300 ... accepted 31. Emin=4.34158052, Emax=98.69842699
realization 32 / 300 ... accepted 32. Emin=1.64335955, Emax=98.28267508
realization 33 / 300 ... accepted 33. Emin=-0.16318718, Emax=96.17574935
realization 34 / 300 ... accepted 34. Emin=-4.75660393, Emax=90.35891407
realization 35 / 300 ... accepted 35. Emin=3.13642833, Emax=98.59814563
realization 36 / 300 ... accepted 36. Emin=-3.43594697, Emax=95.08089514
realization 37 / 300 ... accepted 37. Emin=-0.72815239, Emax=94.12847125
realization 38 / 300 ... accepted 38. Emin=1.78260662, Emax=98.44676217
realization 39 / 300 ... accepted 39. Emin=1.58266292, Emax=98.05237291
realization 40 / 300 ... accepted 40. Emin=1.54914150, Emax=96.61115253
realization 41 / 300 ... accepted 41. Emin=-3.57099212, Emax=90.88370042
realization 42 / 300 ... accepted 42. Emin=0.11009695, Emax=96.46867148
realization 43 / 300 ... accepted 43. Emin=7.13668785, Emax=101.86183767
realization 44 / 300 ... accepted 44. Emin=3.64776619, Emax=99.71298230
realization 45 / 300 ... accepted 45. Emin=0.68213538, Emax=99.60828267
realization 46 / 300 ... accepted 46. Emin=4.20372451, Emax=99.71188678
realization 47 / 300 ... accepted 47. Emin=5.10197177, Emax=99.33298452
realization 48 / 300 ... accepted 48. Emin=-1.50997146, Emax=95.07410018
realization 49 / 300 ... accepted 49. Emin=-6.52664351, Emax=89.12832679
realization 50 / 300 ... accepted 50. Emin=-1.32111987, Emax=96.69793317
realization 51 / 300 ... accepted 51. Emin=2.30767091, Emax=98.78660141
realization 52 / 300 ... accepted 52. Emin=-1.36296965, Emax=96.24971677
realization 53 / 300 ... accepted 53. Emin=-3.11752860, Emax=92.97019035
realization 54 / 300 ... accepted 54. Emin=-0.80285728, Emax=95.79864731
realization 55 / 300 ... accepted 55. Emin=-6.60686064, Emax=87.50153369
realization 56 / 300 ... accepted 56. Emin=-2.37308674, Emax=94.04477135
realization 57 / 300 ... accepted 57. Emin=0.32669193, Emax=95.49843346
realization 58 / 300 ... accepted 58. Emin=-0.98216835, Emax=93.91623348
realization 59 / 300 ... accepted 59. Emin=-1.94998169, Emax=92.02623450
realization 60 / 300 ... accepted 60. Emin=-2.96791591, Emax=92.38425288
realization 61 / 300 ... accepted 61. Emin=-0.65364989, Emax=95.87465627
realization 62 / 300 ... accepted 62. Emin=-0.41117992, Emax=93.89977367
realization 63 / 300 ... accepted 63. Emin=3.29029104, Emax=101.53199247
realization 64 / 300 ... accepted 64. Emin=-3.06590848, Emax=93.07705643
realization 65 / 300 ... accepted 65. Emin=0.59624375, Emax=98.27240991
realization 66 / 300 ... accepted 66. Emin=0.95853495, Emax=96.12541281
realization 67 / 300 ... accepted 67. Emin=1.74461987, Emax=99.09838565
realization 68 / 300 ... accepted 68. Emin=-2.60399541, Emax=93.48121966
realization 69 / 300 ... accepted 69. Emin=-0.29806323, Emax=95.68923262
realization 70 / 300 ... accepted 70. Emin=3.82702115, Emax=97.97981512
realization 71 / 300 ... accepted 71. Emin=2.45518383, Emax=98.54302123
realization 72 / 300 ... accepted 72. Emin=1.65998789, Emax=97.69329045
realization 73 / 300 ... accepted 73. Emin=-3.24079914, Emax=92.09369543
realization 74 / 300 ... accepted 74. Emin=-1.77719895, Emax=93.36867119
realization 75 / 300 ... accepted 75. Emin=1.35515865, Emax=96.69486154
realization 76 / 300 ... accepted 76. Emin=-0.72464871, Emax=95.00302079
realization 77 / 300 ... accepted 77. Emin=-2.91982211, Emax=93.04976983
realization 78 / 300 ... accepted 78. Emin=-1.04036548, Emax=94.56415225
realization 79 / 300 ... accepted 79. Emin=-0.80454513, Emax=95.32161304
realization 80 / 300 ... accepted 80. Emin=2.43344893, Emax=97.35795949
realization 81 / 300 ... accepted 81. Emin=-5.18899424, Emax=90.89824227
realization 82 / 300 ... accepted 82. Emin=1.29434626, Emax=97.43934904
realization 83 / 300 ... accepted 83. Emin=-0.70374095, Emax=98.67675618
realization 84 / 300 ... accepted 84. Emin=0.27588314, Emax=95.58180416
realization 85 / 300 ... accepted 85. Emin=-6.05790057, Emax=89.98110096
realization 86 / 300 ... accepted 86. Emin=-3.62328449, Emax=93.27804908
realization 87 / 300 ... accepted 87. Emin=-0.07146205, Emax=94.60620067
realization 88 / 300 ... accepted 88. Emin=-2.92395150, Emax=93.87903504
realization 89 / 300 ... accepted 89. Emin=2.10920357, Emax=98.72221992
realization 90 / 300 ... accepted 90. Emin=1.87810696, Emax=99.94484821
realization 91 / 300 ... accepted 91. Emin=1.87520419, Emax=98.95678432
realization 92 / 300 ... accepted 92. Emin=-1.53726078, Emax=93.66983681
realization 93 / 300 ... accepted 93. Emin=-3.88071321, Emax=91.85964369
realization 94 / 300 ... accepted 94. Emin=-5.47986255, Emax=92.32837682
realization 95 / 300 ... accepted 95. Emin=1.61806599, Emax=98.55730773
realization 96 / 300 ... accepted 96. Emin=0.41335529, Emax=99.81767773
realization 97 / 300 ... accepted 97. Emin=-0.06337471, Emax=96.58385589
realization 98 / 300 ... accepted 98. Emin=-2.37325196, Emax=95.37290653
realization 99 / 300 ... accepted 99. Emin=-3.62437928, Emax=91.23049373
realization 100 / 300 ... accepted 100. Emin=-6.21250843, Emax=87.88762079
realization 101 / 300 ... accepted 101. Emin=-3.36866997, Emax=93.56722450
realization 102 / 300 ... accepted 102. Emin=2.02274835, Emax=96.14408343
realization 103 / 300 ... accepted 103. Emin=2.75716611, Emax=97.50623333
realization 104 / 300 ... accepted 104. Emin=-2.06636586, Emax=93.90169928
realization 105 / 300 ... accepted 105. Emin=1.27872443, Emax=101.36003814
realization 106 / 300 ... accepted 106. Emin=3.89734353, Emax=99.95764843
realization 107 / 300 ... accepted 107. Emin=-3.28659010, Emax=95.14791475
realization 108 / 300 ... accepted 108. Emin=1.22419014, Emax=96.61996844
realization 109 / 300 ... accepted 109. Emin=-5.24390836, Emax=90.21873316
realization 110 / 300 ... accepted 110. Emin=-2.97815544, Emax=92.19881308
realization 111 / 300 ... accepted 111. Emin=-1.86683199, Emax=94.21345637
realization 112 / 300 ... accepted 112. Emin=-6.27250130, Emax=87.94468386
realization 113 / 300 ... accepted 113. Emin=-0.93650640, Emax=96.76885123
realization 114 / 300 ... accepted 114. Emin=0.47691919, Emax=98.33147677
realization 115 / 300 ... accepted 115. Emin=-1.64287272, Emax=93.79608424
realization 116 / 300 ... accepted 116. Emin=3.63773139, Emax=98.02707789
realization 117 / 300 ... accepted 117. Emin=-1.49878414, Emax=92.46745811
realization 118 / 300 ... accepted 118. Emin=-1.84437805, Emax=93.58774399
realization 119 / 300 ... accepted 119. Emin=-1.79901968, Emax=94.78629321
realization 120 / 300 ... accepted 120. Emin=2.59842537, Emax=98.38799108
realization 121 / 300 ... accepted 121. Emin=0.16674416, Emax=96.54990986
realization 122 / 300 ... accepted 122. Emin=0.06989461, Emax=98.46071281
realization 123 / 300 ... accepted 123. Emin=-0.93263659, Emax=94.78772862
realization 124 / 300 ... accepted 124. Emin=1.05602438, Emax=97.93123705
realization 125 / 300 ... accepted 125. Emin=7.33497101, Emax=101.15998219
realization 126 / 300 ... accepted 126. Emin=-5.00115583, Emax=92.03774227
realization 127 / 300 ... accepted 127. Emin=2.18674631, Emax=97.34930616
realization 128 / 300 ... accepted 128. Emin=0.72277902, Emax=96.36382391
realization 129 / 300 ... accepted 129. Emin=2.67449039, Emax=99.63821959
realization 130 / 300 ... accepted 130. Emin=4.63909414, Emax=100.86410930
realization 131 / 300 ... accepted 131. Emin=2.01166356, Emax=99.04290466
realization 132 / 300 ... accepted 132. Emin=1.17939725, Emax=97.20081598
realization 133 / 300 ... accepted 133. Emin=-2.29774652, Emax=91.82665096
realization 134 / 300 ... accepted 134. Emin=-2.06927744, Emax=95.62300760
realization 135 / 300 ... accepted 135. Emin=2.83340507, Emax=100.70976638
realization 136 / 300 ... accepted 136. Emin=-2.93736148, Emax=92.74998888
realization 137 / 300 ... accepted 137. Emin=4.81492458, Emax=100.23141053
realization 138 / 300 ... accepted 138. Emin=4.85429530, Emax=100.13122099
realization 139 / 300 ... accepted 139. Emin=2.20246833, Emax=99.32413718
realization 140 / 300 ... accepted 140. Emin=-1.34998128, Emax=95.42804837
realization 141 / 300 ... accepted 141. Emin=3.26055541, Emax=98.56678928
realization 142 / 300 ... accepted 142. Emin=-0.99821962, Emax=98.72837624
realization 143 / 300 ... accepted 143. Emin=-3.89289507, Emax=92.85962656
realization 144 / 300 ... accepted 144. Emin=-0.62239688, Emax=94.97254236
realization 145 / 300 ... accepted 145. Emin=1.43871271, Emax=99.60573095
realization 146 / 300 ... accepted 146. Emin=-1.68813993, Emax=91.73651203
realization 147 / 300 ... accepted 147. Emin=0.70782383, Emax=98.18057576
realization 148 / 300 ... accepted 148. Emin=1.47136233, Emax=98.25972029
realization 149 / 300 ... accepted 149. Emin=-4.07225042, Emax=91.31426785
realization 150 / 300 ... accepted 150. Emin=-3.93304858, Emax=91.92890298
realization 151 / 300 ... accepted 151. Emin=-2.37888626, Emax=91.70167784
realization 152 / 300 ... accepted 152. Emin=0.76006772, Emax=97.32845011
realization 153 / 300 ... accepted 153. Emin=-1.51836533, Emax=92.05172885
realization 154 / 300 ... accepted 154. Emin=-4.24763312, Emax=90.80089885
realization 155 / 300 ... accepted 155. Emin=-3.64166229, Emax=93.74399520
realization 156 / 300 ... accepted 156. Emin=-4.13988115, Emax=91.31221419
realization 157 / 300 ... accepted 157. Emin=4.63929185, Emax=98.73763166
realization 158 / 300 ... accepted 158. Emin=-4.78928499, Emax=88.48524582
realization 159 / 300 ... accepted 159. Emin=-2.05548042, Emax=94.37188415
realization 160 / 300 ... accepted 160. Emin=1.93845679, Emax=96.98996923
realization 161 / 300 ... accepted 161. Emin=2.36766132, Emax=99.15021525
realization 162 / 300 ... accepted 162. Emin=-4.82543905, Emax=91.34546357
realization 163 / 300 ... accepted 163. Emin=0.07170198, Emax=98.23493668
realization 164 / 300 ... accepted 164. Emin=-4.51710945, Emax=89.23363142
realization 165 / 300 ... accepted 165. Emin=3.01174549, Emax=99.58989693
realization 166 / 300 ... accepted 166. Emin=-1.49683048, Emax=97.48437576
realization 167 / 300 ... accepted 167. Emin=0.22673360, Emax=95.68011340
realization 168 / 300 ... accepted 168. Emin=1.22497134, Emax=96.96790391
realization 169 / 300 ... accepted 169. Emin=-5.51998586, Emax=89.61548114
realization 170 / 300 ... accepted 170. Emin=-2.13904856, Emax=96.73647760
realization 171 / 300 ... accepted 171. Emin=4.10381555, Emax=98.00175969
realization 172 / 300 ... accepted 172. Emin=-0.58283997, Emax=96.61832282
realization 173 / 300 ... accepted 173. Emin=1.47224049, Emax=97.74848927
realization 174 / 300 ... accepted 174. Emin=-2.10392194, Emax=94.45387551
realization 175 / 300 ... accepted 175. Emin=-3.40319742, Emax=93.25475160
realization 176 / 300 ... accepted 176. Emin=-4.36460306, Emax=91.90440037
realization 177 / 300 ... accepted 177. Emin=-3.54036763, Emax=94.16684773
realization 178 / 300 ... accepted 178. Emin=1.47422607, Emax=99.89085438
realization 179 / 300 ... accepted 179. Emin=1.39092808, Emax=97.40052444
realization 180 / 300 ... accepted 180. Emin=1.53347728, Emax=95.93663679
realization 181 / 300 ... accepted 181. Emin=0.53585518, Emax=98.82203393
realization 182 / 300 ... accepted 182. Emin=2.98059225, Emax=98.99909203
realization 183 / 300 ... accepted 183. Emin=-2.76081832, Emax=94.17388101
realization 184 / 300 ... accepted 184. Emin=1.93446402, Emax=97.74708405
realization 185 / 300 ... accepted 185. Emin=4.81853048, Emax=100.34992850
realization 186 / 300 ... accepted 186. Emin=-2.28366630, Emax=94.58910529
realization 187 / 300 ... accepted 187. Emin=-0.24664868, Emax=96.63632886
realization 188 / 300 ... accepted 188. Emin=2.21345004, Emax=99.99451622
realization 189 / 300 ... accepted 189. Emin=1.96824063, Emax=96.90962506
realization 190 / 300 ... accepted 190. Emin=-2.22143452, Emax=93.17783040
realization 191 / 300 ... accepted 191. Emin=0.82088181, Emax=98.45861751
realization 192 / 300 ... accepted 192. Emin=1.70219005, Emax=97.67799920
realization 193 / 300 ... accepted 193. Emin=-2.40097383, Emax=93.72891601
realization 194 / 300 ... accepted 194. Emin=-1.34827681, Emax=94.76463414
realization 195 / 300 ... accepted 195. Emin=-1.99181411, Emax=93.16986490
realization 196 / 300 ... accepted 196. Emin=-0.70091571, Emax=93.66965937
realization 197 / 300 ... accepted 197. Emin=-3.71415374, Emax=93.89319044
realization 198 / 300 ... accepted 198. Emin=0.37671346, Emax=97.41733306
realization 199 / 300 ... accepted 199. Emin=2.51241393, Emax=99.03284290
realization 200 / 300 ... accepted 200. Emin=0.28511093, Emax=97.56326171
realization 201 / 300 ... accepted 201. Emin=2.73985332, Emax=98.08520261
realization 202 / 300 ... accepted 202. Emin=-0.89830032, Emax=94.62291066
realization 203 / 300 ... accepted 203. Emin=-2.41155655, Emax=95.89300709
realization 204 / 300 ... accepted 204. Emin=6.16038735, Emax=99.87885557
realization 205 / 300 ... accepted 205. Emin=-0.31567069, Emax=97.72742806
realization 206 / 300 ... accepted 206. Emin=-3.88338914, Emax=91.78299342
realization 207 / 300 ... accepted 207. Emin=-6.67899751, Emax=88.22302760
realization 208 / 300 ... accepted 208. Emin=-3.68685343, Emax=93.00148098
realization 209 / 300 ... accepted 209. Emin=-1.34941095, Emax=95.00190769
realization 210 / 300 ... accepted 210. Emin=-1.98280629, Emax=94.07407434
realization 211 / 300 ... accepted 211. Emin=-0.98824512, Emax=96.58439489
realization 212 / 300 ... accepted 212. Emin=-1.30362058, Emax=95.38438704
realization 213 / 300 ... accepted 213. Emin=0.06781688, Emax=97.40407420
realization 214 / 300 ... accepted 214. Emin=-0.93751386, Emax=97.19678892
realization 215 / 300 ... accepted 215. Emin=-4.53836819, Emax=91.18177342
realization 216 / 300 ... accepted 216. Emin=-1.44981672, Emax=96.04629490
realization 217 / 300 ... accepted 217. Emin=2.40722979, Emax=99.89927745
realization 218 / 300 ... accepted 218. Emin=-0.87168652, Emax=95.97312603
realization 219 / 300 ... accepted 219. Emin=-5.13899225, Emax=93.13176681
realization 220 / 300 ... accepted 220. Emin=-0.25117016, Emax=96.54316999
realization 221 / 300 ... accepted 221. Emin=-1.96882253, Emax=92.87694687
realization 222 / 300 ... accepted 222. Emin=1.30530094, Emax=97.92665735
realization 223 / 300 ... accepted 223. Emin=1.76226235, Emax=100.92239000
realization 224 / 300 ... accepted 224. Emin=0.50851244, Emax=96.74858647
realization 225 / 300 ... accepted 225. Emin=2.33812836, Emax=100.55830193
realization 226 / 300 ... accepted 226. Emin=-0.17256372, Emax=97.61430517
realization 227 / 300 ... accepted 227. Emin=-4.07341274, Emax=91.89672039
realization 228 / 300 ... accepted 228. Emin=-2.67154389, Emax=91.79731859
realization 229 / 300 ... accepted 229. Emin=-0.93871620, Emax=96.66698362
realization 230 / 300 ... accepted 230. Emin=4.19641961, Emax=97.95727630
realization 231 / 300 ... accepted 231. Emin=-0.84437320, Emax=94.76894646
realization 232 / 300 ... accepted 232. Emin=-0.58580908, Emax=97.00964168
realization 233 / 300 ... accepted 233. Emin=-1.14164595, Emax=98.74195600
realization 234 / 300 ... accepted 234. Emin=0.46286764, Emax=97.57576760
realization 235 / 300 ... accepted 235. Emin=3.71689747, Emax=97.57803523
realization 236 / 300 ... accepted 236. Emin=-1.09085918, Emax=95.58749804
realization 237 / 300 ... accepted 237. Emin=-4.74636881, Emax=92.59635564
realization 238 / 300 ... accepted 238. Emin=2.47604222, Emax=100.36202267
realization 239 / 300 ... accepted 239. Emin=1.70751119, Emax=95.68371777
realization 240 / 300 ... accepted 240. Emin=2.12443265, Emax=97.84005002
realization 241 / 300 ... accepted 241. Emin=-3.33373648, Emax=95.06451781
realization 242 / 300 ... accepted 242. Emin=-0.85791531, Emax=94.09644566
realization 243 / 300 ... accepted 243. Emin=-1.51116317, Emax=96.86512505
realization 244 / 300 ... accepted 244. Emin=-1.65813877, Emax=94.32679485
realization 245 / 300 ... accepted 245. Emin=4.31292700, Emax=98.73280702
realization 246 / 300 ... accepted 246. Emin=-3.16123392, Emax=94.35641148
realization 247 / 300 ... accepted 247. Emin=2.48862075, Emax=96.15363734
realization 248 / 300 ... accepted 248. Emin=-0.65368670, Emax=97.96635771
realization 249 / 300 ... accepted 249. Emin=0.25800328, Emax=97.31175077
realization 250 / 300 ... accepted 250. Emin=0.44869760, Emax=95.62215422
realization 251 / 300 ... accepted 251. Emin=-1.72139291, Emax=93.93707419
realization 252 / 300 ... accepted 252. Emin=4.14174225, Emax=99.93965733
realization 253 / 300 ... accepted 253. Emin=-0.29883249, Emax=95.77531417
realization 254 / 300 ... accepted 254. Emin=-6.57201639, Emax=88.81168056
realization 255 / 300 ... accepted 255. Emin=1.97572771, Emax=98.94260141
realization 256 / 300 ... accepted 256. Emin=-4.61440486, Emax=91.59291225
realization 257 / 300 ... accepted 257. Emin=-0.31254529, Emax=98.02517304
realization 258 / 300 ... accepted 258. Emin=-4.04596036, Emax=91.13733776
realization 259 / 300 ... accepted 259. Emin=-4.65688908, Emax=92.07034785
realization 260 / 300 ... accepted 260. Emin=2.06366959, Emax=97.79186056
realization 261 / 300 ... accepted 261. Emin=1.40011442, Emax=96.04696904
realization 262 / 300 ... accepted 262. Emin=3.84480435, Emax=99.43067262
realization 263 / 300 ... accepted 263. Emin=-2.19893168, Emax=94.27609673
realization 264 / 300 ... accepted 264. Emin=-6.99633330, Emax=86.50955435
realization 265 / 300 ... accepted 265. Emin=-2.41538832, Emax=95.14388853
realization 266 / 300 ... accepted 266. Emin=-0.47084628, Emax=96.09201372
realization 267 / 300 ... accepted 267. Emin=-4.26432460, Emax=88.90152397
realization 268 / 300 ... accepted 268. Emin=-0.19485404, Emax=94.32083358
realization 269 / 300 ... accepted 269. Emin=1.17010082, Emax=100.62295207
realization 270 / 300 ... accepted 270. Emin=4.15186650, Emax=100.38364788
realization 271 / 300 ... accepted 271. Emin=-5.25491700, Emax=88.33619167
realization 272 / 300 ... accepted 272. Emin=-4.67956597, Emax=93.27141422
realization 273 / 300 ... accepted 273. Emin=1.04985715, Emax=97.54028445
realization 274 / 300 ... accepted 274. Emin=-3.39724007, Emax=92.57050712
realization 275 / 300 ... accepted 275. Emin=5.13822422, Emax=101.11956456
realization 276 / 300 ... accepted 276. Emin=-2.27520369, Emax=93.65185376
realization 277 / 300 ... accepted 277. Emin=-4.77726637, Emax=88.76749208
realization 278 / 300 ... accepted 278. Emin=3.65945559, Emax=99.46979737
realization 279 / 300 ... accepted 279. Emin=2.10791453, Emax=97.88459128
realization 280 / 300 ... accepted 280. Emin=-3.12247117, Emax=92.95000821
realization 281 / 300 ... accepted 281. Emin=-1.96640905, Emax=93.85231818
realization 282 / 300 ... accepted 282. Emin=-4.21121964, Emax=91.96456593
realization 283 / 300 ... accepted 283. Emin=6.38311092, Emax=99.76788667
realization 284 / 300 ... accepted 284. Emin=-4.44283192, Emax=92.69857039
realization 285 / 300 ... accepted 285. Emin=5.19479242, Emax=100.36618985
realization 286 / 300 ... accepted 286. Emin=-2.84917859, Emax=91.80261655
realization 287 / 300 ... accepted 287. Emin=-2.14190208, Emax=94.28767302
realization 288 / 300 ... accepted 288. Emin=-2.96049186, Emax=93.01240352
realization 289 / 300 ... accepted 289. Emin=-2.59856979, Emax=94.45499025
realization 290 / 300 ... accepted 290. Emin=-2.76723486, Emax=91.37391060
realization 291 / 300 ... accepted 291. Emin=0.52306838, Emax=99.32279231
realization 292 / 300 ... accepted 292. Emin=5.21698239, Emax=99.53904071
realization 293 / 300 ... accepted 293. Emin=1.49944235, Emax=100.65587979
realization 294 / 300 ... accepted 294. Emin=-2.17288848, Emax=93.51029923
realization 295 / 300 ... accepted 295. Emin=-4.20837551, Emax=90.97992897
realization 296 / 300 ... accepted 296. Emin=1.55918968, Emax=98.13876009
realization 297 / 300 ... accepted 297. Emin=1.86116280, Emax=98.11159589
realization 298 / 300 ... accepted 298. Emin=1.19345014, Emax=99.47359258
realization 299 / 300 ... accepted 299. Emin=3.33725595, Emax=97.93631652
realization 300 / 300 ... accepted 300. Emin=0.90719641, Emax=99.05457859
Saved final energies: /home/2/kj405942/POLFED_bosons/pbs_bose_legacy_nmax2_periodic/data/U_15/W_2/L_6/N_6_nmax_2/boundary_periodic/energies_full_U15_L6_N6_nmax2_W2_boundaryperiodic_nreal300.txt
Accepted realizations: 300 / 300
Skipped realizations: 0
Job finished at Sun May 31 17:12:21 UTC 2026
