Job started on w30 at Sun May 31 17:10:41 UTC 2026
PBS_JOBID=7731466.kruk-host.ift-klaster.lan
PBS_O_WORKDIR=/home/2/kj405942/POLFED_bosons
Bose-Hubbard: L=6, N=6, nmax=2, dim=141
t=1, U=15, W=7, nreal=300, boundary=periodic, mode=full
Writing partial results to /home/2/kj405942/POLFED_bosons/pbs_bose_legacy_nmax2_periodic/data/U_15/W_7/L_6/N_6_nmax_2/boundary_periodic/energies_full_U15_L6_N6_nmax2_W7_boundaryperiodic_nreal300_partial.txt
realization 1 / 300 ... accepted 1. Emin=-3.07528985, Emax=115.94397409
realization 2 / 300 ... accepted 2. Emin=-7.09720476, Emax=99.35285715
realization 3 / 300 ... accepted 3. Emin=-2.84558716, Emax=106.96736552
realization 4 / 300 ... accepted 4. Emin=-10.65530339, Emax=96.30005425
realization 5 / 300 ... accepted 5. Emin=-0.19848146, Emax=108.84720615
realization 6 / 300 ... accepted 6. Emin=-8.42443608, Emax=108.59817785
realization 7 / 300 ... accepted 7. Emin=12.09298213, Emax=123.36850569
realization 8 / 300 ... accepted 8. Emin=4.21301824, Emax=121.65906104
realization 9 / 300 ... accepted 9. Emin=-12.84087661, Emax=96.06340188
realization 10 / 300 ... accepted 10. Emin=-4.35870067, Emax=106.73654633
realization 11 / 300 ... accepted 11. Emin=-8.42591932, Emax=104.36262364
realization 12 / 300 ... accepted 12. Emin=-16.74070774, Emax=93.42146586
realization 13 / 300 ... accepted 13. Emin=-0.63937894, Emax=113.92527067
realization 14 / 300 ... accepted 14. Emin=-3.57182309, Emax=110.48695525
realization 15 / 300 ... accepted 15. Emin=-20.44621704, Emax=85.01414840
realization 16 / 300 ... accepted 16. Emin=-4.93681757, Emax=107.29644833
realization 17 / 300 ... accepted 17. Emin=-12.75128469, Emax=93.15961500
realization 18 / 300 ... accepted 18. Emin=-23.65509602, Emax=76.21757649
realization 19 / 300 ... accepted 19. Emin=-6.06365264, Emax=102.98242700
realization 20 / 300 ... accepted 20. Emin=-8.41299301, Emax=98.81957124
realization 21 / 300 ... accepted 21. Emin=13.67003633, Emax=130.35771688
realization 22 / 300 ... accepted 22. Emin=7.04751291, Emax=119.65383835
realization 23 / 300 ... accepted 23. Emin=-3.77078871, Emax=107.40576072
realization 24 / 300 ... accepted 24. Emin=9.35355581, Emax=115.60389400
realization 25 / 300 ... accepted 25. Emin=-7.65179516, Emax=87.42758224
realization 26 / 300 ... accepted 26. Emin=10.53253860, Emax=119.58808610
realization 27 / 300 ... accepted 27. Emin=-14.67408369, Emax=90.18471050
realization 28 / 300 ... accepted 28. Emin=2.31031751, Emax=103.69189864
realization 29 / 300 ... accepted 29. Emin=4.16085036, Emax=104.54712615
realization 30 / 300 ... accepted 30. Emin=2.43838277, Emax=114.27265884
realization 31 / 300 ... accepted 31. Emin=2.42121447, Emax=108.81154951
realization 32 / 300 ... accepted 32. Emin=14.58218175, Emax=126.24979997
realization 33 / 300 ... accepted 33. Emin=-16.59128363, Emax=93.40397207
realization 34 / 300 ... accepted 34. Emin=-6.26344914, Emax=100.88374631
realization 35 / 300 ... accepted 35. Emin=6.99041867, Emax=115.24015400
realization 36 / 300 ... accepted 36. Emin=-0.84801422, Emax=118.90671281
realization 37 / 300 ... accepted 37. Emin=19.70781243, Emax=119.29906027
realization 38 / 300 ... accepted 38. Emin=-2.23039165, Emax=101.04369314
realization 39 / 300 ... accepted 39. Emin=-10.93769221, Emax=93.89188521
realization 40 / 300 ... accepted 40. Emin=-21.17104451, Emax=85.95753930
realization 41 / 300 ... accepted 41. Emin=-4.65620765, Emax=107.21943520
realization 42 / 300 ... accepted 42. Emin=-14.43895156, Emax=92.67904598
realization 43 / 300 ... accepted 43. Emin=-9.82509591, Emax=94.75043898
realization 44 / 300 ... accepted 44. Emin=7.77447600, Emax=121.15849364
realization 45 / 300 ... accepted 45. Emin=12.82154242, Emax=116.62039807
realization 46 / 300 ... accepted 46. Emin=-6.10409348, Emax=104.91054571
realization 47 / 300 ... accepted 47. Emin=-7.88273037, Emax=105.16462463
realization 48 / 300 ... accepted 48. Emin=-17.68918274, Emax=88.16976592
realization 49 / 300 ... accepted 49. Emin=12.66235967, Emax=120.64209219
realization 50 / 300 ... accepted 50. Emin=12.58247040, Emax=117.57595434
realization 51 / 300 ... accepted 51. Emin=-8.48910597, Emax=98.64729105
realization 52 / 300 ... accepted 52. Emin=8.29767666, Emax=120.34688610
realization 53 / 300 ... accepted 53. Emin=-1.38821449, Emax=116.10065263
realization 54 / 300 ... accepted 54. Emin=-0.71774407, Emax=107.31160683
realization 55 / 300 ... accepted 55. Emin=-6.64778456, Emax=96.46291779
realization 56 / 300 ... accepted 56. Emin=9.37828096, Emax=117.30301108
realization 57 / 300 ... accepted 57. Emin=-11.96405033, Emax=98.63481480
realization 58 / 300 ... accepted 58. Emin=-4.06550661, Emax=109.57136210
realization 59 / 300 ... accepted 59. Emin=-2.10683935, Emax=105.92846740
realization 60 / 300 ... accepted 60. Emin=-5.32545913, Emax=104.26760950
realization 61 / 300 ... accepted 61. Emin=-2.43315337, Emax=118.76097441
realization 62 / 300 ... accepted 62. Emin=-20.64344320, Emax=81.80214831
realization 63 / 300 ... accepted 63. Emin=-11.20528015, Emax=101.86072957
realization 64 / 300 ... accepted 64. Emin=3.88058011, Emax=111.35559830
realization 65 / 300 ... accepted 65. Emin=11.24366431, Emax=125.64119241
realization 66 / 300 ... accepted 66. Emin=5.78401113, Emax=123.16227303
realization 67 / 300 ... accepted 67. Emin=6.42176046, Emax=117.03422469
realization 68 / 300 ... accepted 68. Emin=10.07654153, Emax=124.42349317
realization 69 / 300 ... accepted 69. Emin=-3.57211636, Emax=109.26741844
realization 70 / 300 ... accepted 70. Emin=-13.84919890, Emax=90.87166683
realization 71 / 300 ... accepted 71. Emin=-7.91847820, Emax=100.36413381
realization 72 / 300 ... accepted 72. Emin=-10.68641765, Emax=101.76640518
realization 73 / 300 ... accepted 73. Emin=-3.36242117, Emax=104.64903841
realization 74 / 300 ... accepted 74. Emin=-16.10415440, Emax=90.08802467
realization 75 / 300 ... accepted 75. Emin=4.02477775, Emax=110.48365091
realization 76 / 300 ... accepted 76. Emin=5.53141941, Emax=105.59456041
realization 77 / 300 ... accepted 77. Emin=-16.35630888, Emax=92.78965954
realization 78 / 300 ... accepted 78. Emin=-7.37253457, Emax=102.08658417
realization 79 / 300 ... accepted 79. Emin=4.39231140, Emax=120.41627560
realization 80 / 300 ... accepted 80. Emin=-0.20455415, Emax=110.67204386
realization 81 / 300 ... accepted 81. Emin=6.40982875, Emax=110.58966732
realization 82 / 300 ... accepted 82. Emin=3.50390969, Emax=113.22979327
realization 83 / 300 ... accepted 83. Emin=0.45502836, Emax=109.10257206
realization 84 / 300 ... accepted 84. Emin=-4.46775144, Emax=104.56046246
realization 85 / 300 ... accepted 85. Emin=1.74525916, Emax=114.73462611
realization 86 / 300 ... accepted 86. Emin=-6.73419626, Emax=102.82882088
realization 87 / 300 ... accepted 87. Emin=-1.81124644, Emax=110.71551395
realization 88 / 300 ... accepted 88. Emin=-7.29175973, Emax=107.83715327
realization 89 / 300 ... accepted 89. Emin=-16.08558844, Emax=89.32955323
realization 90 / 300 ... accepted 90. Emin=-20.38967437, Emax=83.17718610
realization 91 / 300 ... accepted 91. Emin=9.85991509, Emax=127.97900807
realization 92 / 300 ... accepted 92. Emin=-20.28115753, Emax=87.39520840
realization 93 / 300 ... accepted 93. Emin=-14.28150999, Emax=95.57719805
realization 94 / 300 ... accepted 94. Emin=5.52599180, Emax=122.52434844
realization 95 / 300 ... accepted 95. Emin=20.88755183, Emax=121.99684705
realization 96 / 300 ... accepted 96. Emin=-11.21378330, Emax=98.15938242
realization 97 / 300 ... accepted 97. Emin=1.12185630, Emax=119.61430216
realization 98 / 300 ... accepted 98. Emin=0.39164098, Emax=107.36360834
realization 99 / 300 ... accepted 99. Emin=-16.54170814, Emax=89.84849524
realization 100 / 300 ... accepted 100. Emin=-9.42045350, Emax=98.47778940
realization 101 / 300 ... accepted 101. Emin=8.34638965, Emax=121.45518609
realization 102 / 300 ... accepted 102. Emin=-5.90401629, Emax=98.19141258
realization 103 / 300 ... accepted 103. Emin=-5.50302106, Emax=114.54453602
realization 104 / 300 ... accepted 104. Emin=1.82339184, Emax=113.45050013
realization 105 / 300 ... accepted 105. Emin=21.59503340, Emax=121.03441204
realization 106 / 300 ... accepted 106. Emin=-13.92683848, Emax=105.47255546
realization 107 / 300 ... accepted 107. Emin=-6.45075673, Emax=109.75078872
realization 108 / 300 ... accepted 108. Emin=1.07775106, Emax=117.62890698
realization 109 / 300 ... accepted 109. Emin=5.14506515, Emax=118.84162885
realization 110 / 300 ... accepted 110. Emin=1.01249462, Emax=120.63579965
realization 111 / 300 ... accepted 111. Emin=-0.19945234, Emax=107.85658064
realization 112 / 300 ... accepted 112. Emin=-5.71453781, Emax=110.35392875
realization 113 / 300 ... accepted 113. Emin=-10.00628205, Emax=94.24166466
realization 114 / 300 ... accepted 114. Emin=-12.96452111, Emax=95.93525182
realization 115 / 300 ... accepted 115. Emin=1.64750165, Emax=108.12915845
realization 116 / 300 ... accepted 116. Emin=-10.20945207, Emax=92.50324262
realization 117 / 300 ... accepted 117. Emin=-3.51520280, Emax=105.07631565
realization 118 / 300 ... accepted 118. Emin=-8.63091020, Emax=101.37534425
realization 119 / 300 ... accepted 119. Emin=0.91032772, Emax=115.54930620
realization 120 / 300 ... accepted 120. Emin=-5.43779817, Emax=100.76739653
realization 121 / 300 ... accepted 121. Emin=3.93602858, Emax=118.01919191
realization 122 / 300 ... accepted 122. Emin=-14.15262340, Emax=99.27230319
realization 123 / 300 ... accepted 123. Emin=-7.89623015, Emax=101.64317176
realization 124 / 300 ... accepted 124. Emin=26.53668509, Emax=127.53127081
realization 125 / 300 ... accepted 125. Emin=-13.11672780, Emax=92.45922349
realization 126 / 300 ... accepted 126. Emin=0.78189207, Emax=115.03012707
realization 127 / 300 ... accepted 127. Emin=-20.18543711, Emax=88.68573322
realization 128 / 300 ... accepted 128. Emin=-11.80952558, Emax=95.38286319
realization 129 / 300 ... accepted 129. Emin=-1.26982118, Emax=104.76551839
realization 130 / 300 ... accepted 130. Emin=10.18216909, Emax=118.27145410
realization 131 / 300 ... accepted 131. Emin=2.71600142, Emax=120.38567669
realization 132 / 300 ... accepted 132. Emin=-2.13789825, Emax=104.74364358
realization 133 / 300 ... accepted 133. Emin=12.64461070, Emax=115.80008086
realization 134 / 300 ... accepted 134. Emin=-1.72479520, Emax=105.56827596
realization 135 / 300 ... accepted 135. Emin=5.48831484, Emax=112.35063891
realization 136 / 300 ... accepted 136. Emin=-8.71632771, Emax=93.93795186
realization 137 / 300 ... accepted 137. Emin=2.06674615, Emax=114.76890864
realization 138 / 300 ... accepted 138. Emin=-2.28608550, Emax=106.30439884
realization 139 / 300 ... accepted 139. Emin=-2.15397256, Emax=111.29112910
realization 140 / 300 ... accepted 140. Emin=5.32669755, Emax=118.11090140
realization 141 / 300 ... accepted 141. Emin=14.87319316, Emax=119.15007263
realization 142 / 300 ... accepted 142. Emin=-7.09298222, Emax=98.43665288
realization 143 / 300 ... accepted 143. Emin=-7.50244367, Emax=106.38862173
realization 144 / 300 ... accepted 144. Emin=9.14229161, Emax=122.63026553
realization 145 / 300 ... accepted 145. Emin=-5.41394935, Emax=100.80655563
realization 146 / 300 ... accepted 146. Emin=-2.31770839, Emax=108.00390119
realization 147 / 300 ... accepted 147. Emin=-17.48598049, Emax=83.33110016
realization 148 / 300 ... accepted 148. Emin=3.85733984, Emax=109.73485510
realization 149 / 300 ... accepted 149. Emin=-8.08392485, Emax=98.29252816
realization 150 / 300 ... accepted 150. Emin=-2.17871870, Emax=112.36586646
realization 151 / 300 ... accepted 151. Emin=-3.07937765, Emax=96.40362395
realization 152 / 300 ... accepted 152. Emin=6.50224453, Emax=115.64034313
realization 153 / 300 ... accepted 153. Emin=2.17866026, Emax=123.63223583
realization 154 / 300 ... accepted 154. Emin=11.82195643, Emax=119.37426414
realization 155 / 300 ... accepted 155. Emin=-14.02357598, Emax=90.50913894
realization 156 / 300 ... accepted 156. Emin=7.45805046, Emax=115.90397580
realization 157 / 300 ... accepted 157. Emin=7.22773969, Emax=114.98727896
realization 158 / 300 ... accepted 158. Emin=1.04706091, Emax=113.90098038
realization 159 / 300 ... accepted 159. Emin=6.97098536, Emax=119.55321840
realization 160 / 300 ... accepted 160. Emin=-2.32204328, Emax=109.28349039
realization 161 / 300 ... accepted 161. Emin=-2.65482879, Emax=107.99757544
realization 162 / 300 ... accepted 162. Emin=2.40009448, Emax=111.61308447
realization 163 / 300 ... accepted 163. Emin=-4.18499229, Emax=113.74980805
realization 164 / 300 ... accepted 164. Emin=-21.74728179, Emax=83.80943609
realization 165 / 300 ... accepted 165. Emin=3.49652815, Emax=115.93595857
realization 166 / 300 ... accepted 166. Emin=11.25514957, Emax=127.35203717
realization 167 / 300 ... accepted 167. Emin=1.19478635, Emax=108.14826892
realization 168 / 300 ... accepted 168. Emin=-13.91067074, Emax=94.90864036
realization 169 / 300 ... accepted 169. Emin=1.64470077, Emax=105.80416907
realization 170 / 300 ... accepted 170. Emin=-12.95238928, Emax=88.97124021
realization 171 / 300 ... accepted 171. Emin=3.52137019, Emax=122.07468594
realization 172 / 300 ... accepted 172. Emin=-14.40047510, Emax=88.97948471
realization 173 / 300 ... accepted 173. Emin=-9.46930493, Emax=104.01175147
realization 174 / 300 ... accepted 174. Emin=0.96155563, Emax=113.08231614
realization 175 / 300 ... accepted 175. Emin=-4.49446310, Emax=103.52468840
realization 176 / 300 ... accepted 176. Emin=1.25336031, Emax=113.22031811
realization 177 / 300 ... accepted 177. Emin=5.78505218, Emax=112.01404619
realization 178 / 300 ... accepted 178. Emin=5.42964724, Emax=108.47804206
realization 179 / 300 ... accepted 179. Emin=-0.79557900, Emax=109.30121798
realization 180 / 300 ... accepted 180. Emin=-7.59898949, Emax=96.46845900
realization 181 / 300 ... accepted 181. Emin=-13.42229928, Emax=88.26029258
realization 182 / 300 ... accepted 182. Emin=15.07463327, Emax=126.93405332
realization 183 / 300 ... accepted 183. Emin=-6.23986821, Emax=99.88317670
realization 184 / 300 ... accepted 184. Emin=-12.31490696, Emax=102.13136813
realization 185 / 300 ... accepted 185. Emin=2.94887027, Emax=118.85939741
realization 186 / 300 ... accepted 186. Emin=-4.08134606, Emax=97.59359667
realization 187 / 300 ... accepted 187. Emin=-0.39216286, Emax=107.07418209
realization 188 / 300 ... accepted 188. Emin=11.82013183, Emax=127.74418600
realization 189 / 300 ... accepted 189. Emin=-10.53650424, Emax=94.88858116
realization 190 / 300 ... accepted 190. Emin=-12.30885917, Emax=90.19361226
realization 191 / 300 ... accepted 191. Emin=19.50895586, Emax=130.84070138
realization 192 / 300 ... accepted 192. Emin=21.20902269, Emax=116.26391393
realization 193 / 300 ... accepted 193. Emin=9.88643914, Emax=113.89329623
realization 194 / 300 ... accepted 194. Emin=-13.00230459, Emax=100.66525147
realization 195 / 300 ... accepted 195. Emin=-5.98222053, Emax=106.13337107
realization 196 / 300 ... accepted 196. Emin=4.46915194, Emax=110.92369908
realization 197 / 300 ... accepted 197. Emin=-5.76273508, Emax=108.02944771
realization 198 / 300 ... accepted 198. Emin=0.23424182, Emax=115.92226961
realization 199 / 300 ... accepted 199. Emin=16.68819091, Emax=118.25295118
realization 200 / 300 ... accepted 200. Emin=-10.88563048, Emax=101.65139869
realization 201 / 300 ... accepted 201. Emin=-3.93890230, Emax=105.45830999
realization 202 / 300 ... accepted 202. Emin=-8.10292983, Emax=98.20063464
realization 203 / 300 ... accepted 203. Emin=11.58036008, Emax=111.31882296
realization 204 / 300 ... accepted 204. Emin=-3.04570171, Emax=108.45688216
realization 205 / 300 ... accepted 205. Emin=0.43674865, Emax=109.77999026
realization 206 / 300 ... accepted 206. Emin=-1.84932418, Emax=109.31578931
realization 207 / 300 ... accepted 207. Emin=5.70108120, Emax=112.67918458
realization 208 / 300 ... accepted 208. Emin=-15.13850955, Emax=94.53887271
realization 209 / 300 ... accepted 209. Emin=10.93602185, Emax=122.23082658
realization 210 / 300 ... accepted 210. Emin=-2.07111935, Emax=104.06598800
realization 211 / 300 ... accepted 211. Emin=-8.15626698, Emax=98.79687747
realization 212 / 300 ... accepted 212. Emin=10.32838492, Emax=117.42474305
realization 213 / 300 ... accepted 213. Emin=-10.89830169, Emax=100.51986142
realization 214 / 300 ... accepted 214. Emin=-20.32053194, Emax=89.14635902
realization 215 / 300 ... accepted 215. Emin=-10.61406304, Emax=103.02160684
realization 216 / 300 ... accepted 216. Emin=-9.56697037, Emax=98.47289552
realization 217 / 300 ... accepted 217. Emin=5.20012686, Emax=110.52439657
realization 218 / 300 ... accepted 218. Emin=-18.52865608, Emax=84.12539207
realization 219 / 300 ... accepted 219. Emin=9.70350379, Emax=120.38847175
realization 220 / 300 ... accepted 220. Emin=13.88424066, Emax=116.93848323
realization 221 / 300 ... accepted 221. Emin=-2.30741193, Emax=101.54243047
realization 222 / 300 ... accepted 222. Emin=3.79940833, Emax=114.56289003
realization 223 / 300 ... accepted 223. Emin=-7.83010258, Emax=97.78218596
realization 224 / 300 ... accepted 224. Emin=8.79102338, Emax=118.15712208
realization 225 / 300 ... accepted 225. Emin=-11.08971639, Emax=100.99107808
realization 226 / 300 ... accepted 226. Emin=-9.38262318, Emax=96.96208991
realization 227 / 300 ... accepted 227. Emin=7.62929355, Emax=115.45548178
realization 228 / 300 ... accepted 228. Emin=-6.72949116, Emax=99.85806669
realization 229 / 300 ... accepted 229. Emin=-18.67001930, Emax=82.21887468
realization 230 / 300 ... accepted 230. Emin=-3.12674947, Emax=112.12529483
realization 231 / 300 ... accepted 231. Emin=3.34496573, Emax=114.21286977
realization 232 / 300 ... accepted 232. Emin=-2.02579688, Emax=103.99354224
realization 233 / 300 ... accepted 233. Emin=-15.06336014, Emax=95.21399708
realization 234 / 300 ... accepted 234. Emin=0.81887133, Emax=120.60590262
realization 235 / 300 ... accepted 235. Emin=1.03073774, Emax=101.41958697
realization 236 / 300 ... accepted 236. Emin=-15.48557177, Emax=91.95272350
realization 237 / 300 ... accepted 237. Emin=5.72234249, Emax=128.29166064
realization 238 / 300 ... accepted 238. Emin=4.90860073, Emax=115.62635248
realization 239 / 300 ... accepted 239. Emin=-2.58121629, Emax=100.56990406
realization 240 / 300 ... accepted 240. Emin=-15.17070498, Emax=94.33096800
realization 241 / 300 ... accepted 241. Emin=-4.66478470, Emax=102.27956190
realization 242 / 300 ... accepted 242. Emin=-3.35330171, Emax=110.74887109
realization 243 / 300 ... accepted 243. Emin=4.73013460, Emax=118.01672192
realization 244 / 300 ... accepted 244. Emin=-8.39927212, Emax=100.64860093
realization 245 / 300 ... accepted 245. Emin=-15.87320314, Emax=88.93241132
realization 246 / 300 ... accepted 246. Emin=-1.84148041, Emax=114.29036182
realization 247 / 300 ... accepted 247. Emin=16.40639941, Emax=113.80200295
realization 248 / 300 ... accepted 248. Emin=15.14558396, Emax=126.15431251
realization 249 / 300 ... accepted 249. Emin=-5.02547449, Emax=107.60786998
realization 250 / 300 ... accepted 250. Emin=-7.61224112, Emax=99.25132857
realization 251 / 300 ... accepted 251. Emin=-18.89672740, Emax=90.51160881
realization 252 / 300 ... accepted 252. Emin=-2.24797298, Emax=115.92625153
realization 253 / 300 ... accepted 253. Emin=7.80161418, Emax=119.89920310
realization 254 / 300 ... accepted 254. Emin=-5.65743960, Emax=103.72149288
realization 255 / 300 ... accepted 255. Emin=-3.85112656, Emax=106.65424426
realization 256 / 300 ... accepted 256. Emin=-14.99010217, Emax=86.31172190
realization 257 / 300 ... accepted 257. Emin=-0.36863549, Emax=100.92806175
realization 258 / 300 ... accepted 258. Emin=-5.16368838, Emax=108.32554271
realization 259 / 300 ... accepted 259. Emin=-13.87979839, Emax=92.51873305
realization 260 / 300 ... accepted 260. Emin=-23.07251055, Emax=81.25663997
realization 261 / 300 ... accepted 261. Emin=19.25979500, Emax=121.22132181
realization 262 / 300 ... accepted 262. Emin=-9.70499723, Emax=94.24354663
realization 263 / 300 ... accepted 263. Emin=3.72452503, Emax=115.38044135
realization 264 / 300 ... accepted 264. Emin=-5.88889160, Emax=106.04007809
realization 265 / 300 ... accepted 265. Emin=10.45840795, Emax=113.67034252
realization 266 / 300 ... accepted 266. Emin=3.63000870, Emax=108.14561873
realization 267 / 300 ... accepted 267. Emin=8.47663261, Emax=118.03057574
realization 268 / 300 ... accepted 268. Emin=13.18310359, Emax=121.67504779
realization 269 / 300 ... accepted 269. Emin=-0.73476750, Emax=105.94749575
realization 270 / 300 ... accepted 270. Emin=-9.51210214, Emax=105.69710620
realization 271 / 300 ... accepted 271. Emin=9.30313906, Emax=114.74003272
realization 272 / 300 ... accepted 272. Emin=10.52455730, Emax=123.17863568
realization 273 / 300 ... accepted 273. Emin=-19.53729503, Emax=84.64715746
realization 274 / 300 ... accepted 274. Emin=6.68054660, Emax=115.21130058
realization 275 / 300 ... accepted 275. Emin=6.11870283, Emax=113.31705624
realization 276 / 300 ... accepted 276. Emin=12.37890899, Emax=113.57706957
realization 277 / 300 ... accepted 277. Emin=-11.32822970, Emax=93.35366403
realization 278 / 300 ... accepted 278. Emin=-2.82657140, Emax=101.42035316
realization 279 / 300 ... accepted 279. Emin=0.05068064, Emax=114.89448835
realization 280 / 300 ... accepted 280. Emin=11.58738422, Emax=121.41701305
realization 281 / 300 ... accepted 281. Emin=-15.97838148, Emax=97.99847249
realization 282 / 300 ... accepted 282. Emin=18.93477965, Emax=121.24380011
realization 283 / 300 ... accepted 283. Emin=4.79785285, Emax=111.60715123
realization 284 / 300 ... accepted 284. Emin=8.58822173, Emax=117.11950001
realization 285 / 300 ... accepted 285. Emin=8.90063695, Emax=121.22624630
realization 286 / 300 ... accepted 286. Emin=-6.72989370, Emax=103.00233710
realization 287 / 300 ... accepted 287. Emin=-5.53053139, Emax=103.81985599
realization 288 / 300 ... accepted 288. Emin=8.86381260, Emax=122.88919728
realization 289 / 300 ... accepted 289. Emin=-5.35690353, Emax=99.80779056
realization 290 / 300 ... accepted 290. Emin=-9.78473626, Emax=93.55717058
realization 291 / 300 ... accepted 291. Emin=-5.83231139, Emax=104.45856643
realization 292 / 300 ... accepted 292. Emin=-8.55119682, Emax=102.64014140
realization 293 / 300 ... accepted 293. Emin=-3.21086429, Emax=106.73786507
realization 294 / 300 ... accepted 294. Emin=-1.98682120, Emax=109.55551080
realization 295 / 300 ... accepted 295. Emin=-2.14702286, Emax=104.55944680
realization 296 / 300 ... accepted 296. Emin=0.17208631, Emax=105.67874838
realization 297 / 300 ... accepted 297. Emin=4.77959150, Emax=111.36402114
realization 298 / 300 ... accepted 298. Emin=9.79520977, Emax=108.09238019
realization 299 / 300 ... accepted 299. Emin=17.89252934, Emax=123.46100612
realization 300 / 300 ... accepted 300. Emin=4.72310346, Emax=113.94238512
Saved final energies: /home/2/kj405942/POLFED_bosons/pbs_bose_legacy_nmax2_periodic/data/U_15/W_7/L_6/N_6_nmax_2/boundary_periodic/energies_full_U15_L6_N6_nmax2_W7_boundaryperiodic_nreal300.txt
Accepted realizations: 300 / 300
Skipped realizations: 0
Job finished at Sun May 31 17:12:26 UTC 2026
