Job started on w30 at Sun May 31 17:10:42 UTC 2026
PBS_JOBID=7731464.kruk-host.ift-klaster.lan
PBS_O_WORKDIR=/home/2/kj405942/POLFED_bosons
Bose-Hubbard: L=6, N=6, nmax=2, dim=141
t=1, U=15, W=5, nreal=300, boundary=periodic, mode=full
Writing partial results to /home/2/kj405942/POLFED_bosons/pbs_bose_legacy_nmax2_periodic/data/U_15/W_5/L_6/N_6_nmax_2/boundary_periodic/energies_full_U15_L6_N6_nmax2_W5_boundaryperiodic_nreal300_partial.txt
realization 1 / 300 ... accepted 1. Emin=6.83823614, Emax=107.56422866
realization 2 / 300 ... accepted 2. Emin=-7.82993499, Emax=94.38498375
realization 3 / 300 ... accepted 3. Emin=19.01558963, Emax=114.16953115
realization 4 / 300 ... accepted 4. Emin=7.19331154, Emax=102.41923364
realization 5 / 300 ... accepted 5. Emin=0.84180405, Emax=100.01102774
realization 6 / 300 ... accepted 6. Emin=3.84212507, Emax=113.65564337
realization 7 / 300 ... accepted 7. Emin=-6.12028094, Emax=97.39745332
realization 8 / 300 ... accepted 8. Emin=-14.94595639, Emax=82.94154627
realization 9 / 300 ... accepted 9. Emin=4.41805537, Emax=113.30611060
realization 10 / 300 ... accepted 10. Emin=-10.46607685, Emax=96.54142006
realization 11 / 300 ... accepted 11. Emin=2.74049708, Emax=106.53254495
realization 12 / 300 ... accepted 12. Emin=-10.13016309, Emax=96.53217127
realization 13 / 300 ... accepted 13. Emin=-1.34205262, Emax=102.41140953
realization 14 / 300 ... accepted 14. Emin=1.66989629, Emax=111.78065012
realization 15 / 300 ... accepted 15. Emin=-0.45628325, Emax=96.43452416
realization 16 / 300 ... accepted 16. Emin=1.97296492, Emax=105.01923835
realization 17 / 300 ... accepted 17. Emin=-9.45741672, Emax=96.41438270
realization 18 / 300 ... accepted 18. Emin=-20.62617654, Emax=78.99112696
realization 19 / 300 ... accepted 19. Emin=-6.30887915, Emax=100.05853093
realization 20 / 300 ... accepted 20. Emin=1.69010745, Emax=103.35856955
realization 21 / 300 ... accepted 21. Emin=3.44755681, Emax=104.82053637
realization 22 / 300 ... accepted 22. Emin=-2.76473586, Emax=101.80833032
realization 23 / 300 ... accepted 23. Emin=1.38198115, Emax=106.88478863
realization 24 / 300 ... accepted 24. Emin=3.93308814, Emax=108.13317767
realization 25 / 300 ... accepted 25. Emin=1.91720349, Emax=106.23815917
realization 26 / 300 ... accepted 26. Emin=-1.46270031, Emax=102.36251120
realization 27 / 300 ... accepted 27. Emin=2.55511409, Emax=106.06587450
realization 28 / 300 ... accepted 28. Emin=8.70287826, Emax=109.54872782
realization 29 / 300 ... accepted 29. Emin=4.97459580, Emax=108.82007973
realization 30 / 300 ... accepted 30. Emin=5.44395700, Emax=110.04983350
realization 31 / 300 ... accepted 31. Emin=3.52020313, Emax=112.16170526
realization 32 / 300 ... accepted 32. Emin=-2.17604013, Emax=109.22472934
realization 33 / 300 ... accepted 33. Emin=3.44019689, Emax=110.86639567
realization 34 / 300 ... accepted 34. Emin=-13.65024442, Emax=87.61771424
realization 35 / 300 ... accepted 35. Emin=11.24193648, Emax=109.60454854
realization 36 / 300 ... accepted 36. Emin=-3.39819077, Emax=95.85653528
realization 37 / 300 ... accepted 37. Emin=11.59758443, Emax=114.04999646
realization 38 / 300 ... accepted 38. Emin=-3.73015084, Emax=95.60045478
realization 39 / 300 ... accepted 39. Emin=-6.36614213, Emax=103.94720583
realization 40 / 300 ... accepted 40. Emin=6.54922371, Emax=110.34479691
realization 41 / 300 ... accepted 41. Emin=-12.33190570, Emax=90.26609810
realization 42 / 300 ... accepted 42. Emin=3.45216823, Emax=107.78947898
realization 43 / 300 ... accepted 43. Emin=-7.66200772, Emax=96.76085084
realization 44 / 300 ... accepted 44. Emin=-11.76658678, Emax=89.24795607
realization 45 / 300 ... accepted 45. Emin=-4.73297814, Emax=106.28279571
realization 46 / 300 ... accepted 46. Emin=-4.71553174, Emax=100.45318703
realization 47 / 300 ... accepted 47. Emin=-6.86756139, Emax=93.18457629
realization 48 / 300 ... accepted 48. Emin=-8.47332789, Emax=91.93669539
realization 49 / 300 ... accepted 49. Emin=-1.88814532, Emax=101.16362702
realization 50 / 300 ... accepted 50. Emin=-7.27811058, Emax=96.93449919
realization 51 / 300 ... accepted 51. Emin=-5.38330813, Emax=91.79265819
realization 52 / 300 ... accepted 52. Emin=-0.15509679, Emax=106.90404503
realization 53 / 300 ... accepted 53. Emin=3.52770181, Emax=105.39627036
realization 54 / 300 ... accepted 54. Emin=11.03497550, Emax=113.09366946
realization 55 / 300 ... accepted 55. Emin=8.08676633, Emax=117.54620704
realization 56 / 300 ... accepted 56. Emin=4.90218191, Emax=109.57974518
realization 57 / 300 ... accepted 57. Emin=-10.11352230, Emax=95.04636739
realization 58 / 300 ... accepted 58. Emin=0.74279335, Emax=104.09477480
realization 59 / 300 ... accepted 59. Emin=-16.13053462, Emax=85.43290576
realization 60 / 300 ... accepted 60. Emin=-4.35924839, Emax=97.98269141
realization 61 / 300 ... accepted 61. Emin=0.28159803, Emax=102.17858418
realization 62 / 300 ... accepted 62. Emin=2.70346903, Emax=110.93340765
realization 63 / 300 ... accepted 63. Emin=5.06263533, Emax=112.82228236
realization 64 / 300 ... accepted 64. Emin=4.52636093, Emax=106.83165603
realization 65 / 300 ... accepted 65. Emin=0.89654377, Emax=100.06463609
realization 66 / 300 ... accepted 66. Emin=-0.17392236, Emax=104.26043442
realization 67 / 300 ... accepted 67. Emin=-0.73940318, Emax=103.62622117
realization 68 / 300 ... accepted 68. Emin=-8.44506468, Emax=94.69561451
realization 69 / 300 ... accepted 69. Emin=-8.29360973, Emax=98.21483074
realization 70 / 300 ... accepted 70. Emin=4.16417417, Emax=105.68394477
realization 71 / 300 ... accepted 71. Emin=-18.64516344, Emax=81.12711342
realization 72 / 300 ... accepted 72. Emin=14.03253411, Emax=113.71307712
realization 73 / 300 ... accepted 73. Emin=-14.08634008, Emax=86.89798863
realization 74 / 300 ... accepted 74. Emin=2.27633351, Emax=100.68298901
realization 75 / 300 ... accepted 75. Emin=-7.44930285, Emax=96.81056186
realization 76 / 300 ... accepted 76. Emin=6.93044930, Emax=108.06637647
realization 77 / 300 ... accepted 77. Emin=0.58786697, Emax=101.43276759
realization 78 / 300 ... accepted 78. Emin=11.34869440, Emax=113.00420983
realization 79 / 300 ... accepted 79. Emin=-3.09657724, Emax=99.09250381
realization 80 / 300 ... accepted 80. Emin=-5.00133457, Emax=99.50894262
realization 81 / 300 ... accepted 81. Emin=-0.29246679, Emax=100.18863889
realization 82 / 300 ... accepted 82. Emin=-7.91031045, Emax=96.71019492
realization 83 / 300 ... accepted 83. Emin=-5.99297290, Emax=101.03071347
realization 84 / 300 ... accepted 84. Emin=-3.07001075, Emax=96.06608657
realization 85 / 300 ... accepted 85. Emin=5.88622391, Emax=113.26876703
realization 86 / 300 ... accepted 86. Emin=8.53421069, Emax=113.73622439
realization 87 / 300 ... accepted 87. Emin=-7.49189145, Emax=95.44942179
realization 88 / 300 ... accepted 88. Emin=-1.10839492, Emax=100.02380916
realization 89 / 300 ... accepted 89. Emin=4.39735257, Emax=112.77960109
realization 90 / 300 ... accepted 90. Emin=-2.17365516, Emax=102.23508140
realization 91 / 300 ... accepted 91. Emin=9.29302921, Emax=109.63343756
realization 92 / 300 ... accepted 92. Emin=3.78013138, Emax=105.58299390
realization 93 / 300 ... accepted 93. Emin=-8.42929868, Emax=93.47249382
realization 94 / 300 ... accepted 94. Emin=-3.05297218, Emax=104.82946181
realization 95 / 300 ... accepted 95. Emin=-7.59646164, Emax=96.72409401
realization 96 / 300 ... accepted 96. Emin=-10.86710604, Emax=91.20126212
realization 97 / 300 ... accepted 97. Emin=1.00089733, Emax=104.65622955
realization 98 / 300 ... accepted 98. Emin=-0.45176822, Emax=103.68402981
realization 99 / 300 ... accepted 99. Emin=-6.00889675, Emax=99.38564243
realization 100 / 300 ... accepted 100. Emin=-0.05769633, Emax=108.05267293
realization 101 / 300 ... accepted 101. Emin=6.86272330, Emax=102.34207300
realization 102 / 300 ... accepted 102. Emin=-9.20716656, Emax=90.31557495
realization 103 / 300 ... accepted 103. Emin=-2.05650599, Emax=95.38020505
realization 104 / 300 ... accepted 104. Emin=-6.46720312, Emax=98.50589327
realization 105 / 300 ... accepted 105. Emin=-5.56053690, Emax=98.55742663
realization 106 / 300 ... accepted 106. Emin=-4.49626737, Emax=102.01321050
realization 107 / 300 ... accepted 107. Emin=-12.80783100, Emax=91.51583519
realization 108 / 300 ... accepted 108. Emin=-0.98615610, Emax=105.54363787
realization 109 / 300 ... accepted 109. Emin=6.45068102, Emax=113.47578615
realization 110 / 300 ... accepted 110. Emin=5.74722015, Emax=106.50224454
realization 111 / 300 ... accepted 111. Emin=7.17027601, Emax=106.48285883
realization 112 / 300 ... accepted 112. Emin=0.92577910, Emax=107.70609909
realization 113 / 300 ... accepted 113. Emin=-7.55061692, Emax=103.63001502
realization 114 / 300 ... accepted 114. Emin=0.85632330, Emax=102.59020900
realization 115 / 300 ... accepted 115. Emin=2.11987025, Emax=118.10969438
realization 116 / 300 ... accepted 116. Emin=-2.03248543, Emax=104.20539616
realization 117 / 300 ... accepted 117. Emin=5.23096806, Emax=109.96300059
realization 118 / 300 ... accepted 118. Emin=-15.34570839, Emax=88.06890520
realization 119 / 300 ... accepted 119. Emin=-4.45372674, Emax=100.02540021
realization 120 / 300 ... accepted 120. Emin=2.00388160, Emax=109.62127201
realization 121 / 300 ... accepted 121. Emin=3.17876094, Emax=100.40880176
realization 122 / 300 ... accepted 122. Emin=-1.16870684, Emax=99.50373426
realization 123 / 300 ... accepted 123. Emin=-4.35752229, Emax=102.20523386
realization 124 / 300 ... accepted 124. Emin=0.10311354, Emax=107.13616782
realization 125 / 300 ... accepted 125. Emin=-4.23495221, Emax=101.07478630
realization 126 / 300 ... accepted 126. Emin=-4.67434749, Emax=97.28311284
realization 127 / 300 ... accepted 127. Emin=2.44178789, Emax=100.67302681
realization 128 / 300 ... accepted 128. Emin=8.83901148, Emax=107.41112145
realization 129 / 300 ... accepted 129. Emin=2.47068748, Emax=98.52686182
realization 130 / 300 ... accepted 130. Emin=-0.38334091, Emax=106.31994977
realization 131 / 300 ... accepted 131. Emin=7.66517220, Emax=105.29436154
realization 132 / 300 ... accepted 132. Emin=-10.91292358, Emax=93.80373090
realization 133 / 300 ... accepted 133. Emin=8.33822162, Emax=111.06047110
realization 134 / 300 ... accepted 134. Emin=-13.95913385, Emax=84.96846230
realization 135 / 300 ... accepted 135. Emin=2.01477968, Emax=107.04708839
realization 136 / 300 ... accepted 136. Emin=4.48643087, Emax=111.44901963
realization 137 / 300 ... accepted 137. Emin=7.23840080, Emax=109.00867312
realization 138 / 300 ... accepted 138. Emin=2.97312804, Emax=105.31170499
realization 139 / 300 ... accepted 139. Emin=3.15805003, Emax=109.14395882
realization 140 / 300 ... accepted 140. Emin=-6.34056564, Emax=97.71117699
realization 141 / 300 ... accepted 141. Emin=-6.50783160, Emax=100.71650681
realization 142 / 300 ... accepted 142. Emin=-5.03485507, Emax=100.71326308
realization 143 / 300 ... accepted 143. Emin=-2.80008927, Emax=101.02708192
realization 144 / 300 ... accepted 144. Emin=6.65548559, Emax=107.10289755
realization 145 / 300 ... accepted 145. Emin=-5.62650402, Emax=93.00149243
realization 146 / 300 ... accepted 146. Emin=4.50169659, Emax=111.95510755
realization 147 / 300 ... accepted 147. Emin=5.48668486, Emax=107.69277637
realization 148 / 300 ... accepted 148. Emin=3.33039026, Emax=117.54388475
realization 149 / 300 ... accepted 149. Emin=7.08554482, Emax=106.68886974
realization 150 / 300 ... accepted 150. Emin=10.91877174, Emax=112.35244474
realization 151 / 300 ... accepted 151. Emin=-5.57144556, Emax=99.41160190
realization 152 / 300 ... accepted 152. Emin=0.80657613, Emax=110.46806949
realization 153 / 300 ... accepted 153. Emin=-4.76961878, Emax=101.52306145
realization 154 / 300 ... accepted 154. Emin=-0.28315001, Emax=108.86797958
realization 155 / 300 ... accepted 155. Emin=-2.93842611, Emax=102.30709825
realization 156 / 300 ... accepted 156. Emin=-9.67391803, Emax=90.66766366
realization 157 / 300 ... accepted 157. Emin=0.44636533, Emax=100.73529787
realization 158 / 300 ... accepted 158. Emin=10.03666744, Emax=111.41089374
realization 159 / 300 ... accepted 159. Emin=1.11098681, Emax=103.80816990
realization 160 / 300 ... accepted 160. Emin=-2.44755931, Emax=99.91165943
realization 161 / 300 ... accepted 161. Emin=-14.85349638, Emax=85.69302901
realization 162 / 300 ... accepted 162. Emin=0.36544517, Emax=107.22493741
realization 163 / 300 ... accepted 163. Emin=-6.06478080, Emax=98.77512468
realization 164 / 300 ... accepted 164. Emin=-2.60479449, Emax=107.75250493
realization 165 / 300 ... accepted 165. Emin=-3.93052935, Emax=100.68205742
realization 166 / 300 ... accepted 166. Emin=9.78567789, Emax=113.00791575
realization 167 / 300 ... accepted 167. Emin=3.69712843, Emax=104.58667485
realization 168 / 300 ... accepted 168. Emin=1.70901098, Emax=111.51460427
realization 169 / 300 ... accepted 169. Emin=0.98292184, Emax=113.73992640
realization 170 / 300 ... accepted 170. Emin=-1.21136090, Emax=100.65167762
realization 171 / 300 ... accepted 171. Emin=-7.17592248, Emax=94.07037601
realization 172 / 300 ... accepted 172. Emin=10.28359030, Emax=109.93825833
realization 173 / 300 ... accepted 173. Emin=2.34632684, Emax=107.29847880
realization 174 / 300 ... accepted 174. Emin=-13.99204330, Emax=86.23584133
realization 175 / 300 ... accepted 175. Emin=-8.03024376, Emax=96.32343240
realization 176 / 300 ... accepted 176. Emin=4.37701673, Emax=113.84994403
realization 177 / 300 ... accepted 177. Emin=5.24989509, Emax=105.98186886
realization 178 / 300 ... accepted 178. Emin=-4.05814194, Emax=95.17801626
realization 179 / 300 ... accepted 179. Emin=0.99353162, Emax=110.65121545
realization 180 / 300 ... accepted 180. Emin=-0.06639028, Emax=105.18989174
realization 181 / 300 ... accepted 181. Emin=-2.59589485, Emax=95.34268034
realization 182 / 300 ... accepted 182. Emin=-19.44281939, Emax=75.97193757
realization 183 / 300 ... accepted 183. Emin=-14.24328148, Emax=87.65608407
realization 184 / 300 ... accepted 184. Emin=-2.07163335, Emax=100.43211157
realization 185 / 300 ... accepted 185. Emin=5.60112702, Emax=111.04776921
realization 186 / 300 ... accepted 186. Emin=-12.51083360, Emax=89.00619476
realization 187 / 300 ... accepted 187. Emin=-1.65469639, Emax=103.23570426
realization 188 / 300 ... accepted 188. Emin=1.44872117, Emax=108.56041555
realization 189 / 300 ... accepted 189. Emin=-0.52875816, Emax=105.79979285
realization 190 / 300 ... accepted 190. Emin=4.35142405, Emax=106.46836867
realization 191 / 300 ... accepted 191. Emin=-13.06157364, Emax=85.72118467
realization 192 / 300 ... accepted 192. Emin=-0.13147703, Emax=112.47596096
realization 193 / 300 ... accepted 193. Emin=4.93832129, Emax=106.64314042
realization 194 / 300 ... accepted 194. Emin=-3.02890141, Emax=98.42054100
realization 195 / 300 ... accepted 195. Emin=-0.77912189, Emax=99.33338309
realization 196 / 300 ... accepted 196. Emin=-7.01769313, Emax=102.73276927
realization 197 / 300 ... accepted 197. Emin=5.76745193, Emax=107.98951156
realization 198 / 300 ... accepted 198. Emin=-7.19088180, Emax=93.68748570
realization 199 / 300 ... accepted 199. Emin=-1.03094960, Emax=99.72159875
realization 200 / 300 ... accepted 200. Emin=-3.89585633, Emax=101.76230625
realization 201 / 300 ... accepted 201. Emin=1.93156976, Emax=106.27071697
realization 202 / 300 ... accepted 202. Emin=-3.98326860, Emax=103.96593370
realization 203 / 300 ... accepted 203. Emin=-9.16898023, Emax=96.89773657
realization 204 / 300 ... accepted 204. Emin=8.02440650, Emax=110.55331382
realization 205 / 300 ... accepted 205. Emin=0.40689391, Emax=102.74529878
realization 206 / 300 ... accepted 206. Emin=-17.73721557, Emax=78.38937657
realization 207 / 300 ... accepted 207. Emin=-4.25459355, Emax=98.25889086
realization 208 / 300 ... accepted 208. Emin=0.11297015, Emax=103.60510511
realization 209 / 300 ... accepted 209. Emin=-5.78002161, Emax=102.13140610
realization 210 / 300 ... accepted 210. Emin=-3.56146964, Emax=101.49330549
realization 211 / 300 ... accepted 211. Emin=-3.40461802, Emax=102.10982518
realization 212 / 300 ... accepted 212. Emin=-5.92633842, Emax=99.46557277
realization 213 / 300 ... accepted 213. Emin=-3.51339584, Emax=97.74758384
realization 214 / 300 ... accepted 214. Emin=-12.16589864, Emax=86.93143324
realization 215 / 300 ... accepted 215. Emin=1.24919489, Emax=110.37940028
realization 216 / 300 ... accepted 216. Emin=-5.03540944, Emax=100.15972404
realization 217 / 300 ... accepted 217. Emin=-10.97729188, Emax=91.23864129
realization 218 / 300 ... accepted 218. Emin=0.45913980, Emax=102.84726796
realization 219 / 300 ... accepted 219. Emin=-7.32315421, Emax=94.60082686
realization 220 / 300 ... accepted 220. Emin=-13.08021629, Emax=91.29436433
realization 221 / 300 ... accepted 221. Emin=-4.25635828, Emax=96.98156596
realization 222 / 300 ... accepted 222. Emin=-2.58621718, Emax=101.25169280
realization 223 / 300 ... accepted 223. Emin=11.31172292, Emax=113.47824308
realization 224 / 300 ... accepted 224. Emin=-8.76050080, Emax=94.48735560
realization 225 / 300 ... accepted 225. Emin=5.29311674, Emax=107.15847463
realization 226 / 300 ... accepted 226. Emin=-4.55097491, Emax=105.46192031
realization 227 / 300 ... accepted 227. Emin=1.38243434, Emax=106.87784150
realization 228 / 300 ... accepted 228. Emin=0.26561909, Emax=102.82338473
realization 229 / 300 ... accepted 229. Emin=-8.37377187, Emax=94.43637338
realization 230 / 300 ... accepted 230. Emin=9.11868612, Emax=109.07439881
realization 231 / 300 ... accepted 231. Emin=-8.33337402, Emax=93.08995036
realization 232 / 300 ... accepted 232. Emin=-0.15616029, Emax=106.04942847
realization 233 / 300 ... accepted 233. Emin=-0.49830999, Emax=107.02971206
realization 234 / 300 ... accepted 234. Emin=-11.05358586, Emax=94.20774028
realization 235 / 300 ... accepted 235. Emin=6.02905843, Emax=105.18939089
realization 236 / 300 ... accepted 236. Emin=-15.16155785, Emax=82.10658366
realization 237 / 300 ... accepted 237. Emin=-0.27981994, Emax=106.81711458
realization 238 / 300 ... accepted 238. Emin=15.64707878, Emax=111.03278725
realization 239 / 300 ... accepted 239. Emin=-6.93309290, Emax=91.70965338
realization 240 / 300 ... accepted 240. Emin=11.64594492, Emax=116.51221528
realization 241 / 300 ... accepted 241. Emin=-2.09051707, Emax=100.40623333
realization 242 / 300 ... accepted 242. Emin=0.77489441, Emax=102.22667098
realization 243 / 300 ... accepted 243. Emin=3.32884699, Emax=108.04104143
realization 244 / 300 ... accepted 244. Emin=-9.64466199, Emax=97.93114364
realization 245 / 300 ... accepted 245. Emin=-6.62325508, Emax=101.84236018
realization 246 / 300 ... accepted 246. Emin=10.32402943, Emax=113.28681662
realization 247 / 300 ... accepted 247. Emin=-5.78091871, Emax=99.52106029
realization 248 / 300 ... accepted 248. Emin=2.47604992, Emax=106.04045586
realization 249 / 300 ... accepted 249. Emin=2.36648978, Emax=102.04297016
realization 250 / 300 ... accepted 250. Emin=6.78217324, Emax=113.42752511
realization 251 / 300 ... accepted 251. Emin=-2.05919041, Emax=98.44533180
realization 252 / 300 ... accepted 252. Emin=5.77005335, Emax=112.79639234
realization 253 / 300 ... accepted 253. Emin=-9.95842839, Emax=86.99167776
realization 254 / 300 ... accepted 254. Emin=-7.80840840, Emax=97.57033417
realization 255 / 300 ... accepted 255. Emin=7.08716017, Emax=112.05205833
realization 256 / 300 ... accepted 256. Emin=0.38352263, Emax=107.20287285
realization 257 / 300 ... accepted 257. Emin=-5.78383142, Emax=106.00899928
realization 258 / 300 ... accepted 258. Emin=-0.39138280, Emax=99.85343039
realization 259 / 300 ... accepted 259. Emin=-0.48384898, Emax=105.06609650
realization 260 / 300 ... accepted 260. Emin=-0.60165793, Emax=104.79327239
realization 261 / 300 ... accepted 261. Emin=-6.85523571, Emax=93.44211263
realization 262 / 300 ... accepted 262. Emin=7.39309769, Emax=113.64200831
realization 263 / 300 ... accepted 263. Emin=-2.05794751, Emax=104.72656461
realization 264 / 300 ... accepted 264. Emin=0.99345291, Emax=107.51403771
realization 265 / 300 ... accepted 265. Emin=1.40811114, Emax=108.60112006
realization 266 / 300 ... accepted 266. Emin=-9.65214261, Emax=91.10516600
realization 267 / 300 ... accepted 267. Emin=0.95325839, Emax=107.66573549
realization 268 / 300 ... accepted 268. Emin=-2.10166696, Emax=102.42274939
realization 269 / 300 ... accepted 269. Emin=-8.94771158, Emax=91.86674569
realization 270 / 300 ... accepted 270. Emin=-5.51357073, Emax=97.92635382
realization 271 / 300 ... accepted 271. Emin=-2.83069265, Emax=97.42017335
realization 272 / 300 ... accepted 272. Emin=9.31829741, Emax=111.68638154
realization 273 / 300 ... accepted 273. Emin=0.99689083, Emax=110.48810071
realization 274 / 300 ... accepted 274. Emin=1.53695700, Emax=104.16022064
realization 275 / 300 ... accepted 275. Emin=1.37671568, Emax=99.41225663
realization 276 / 300 ... accepted 276. Emin=3.55512352, Emax=107.98948837
realization 277 / 300 ... accepted 277. Emin=-2.30298729, Emax=102.60031181
realization 278 / 300 ... accepted 278. Emin=1.90131490, Emax=104.82549325
realization 279 / 300 ... accepted 279. Emin=-7.36892572, Emax=97.33468843
realization 280 / 300 ... accepted 280. Emin=-16.61740369, Emax=85.16783297
realization 281 / 300 ... accepted 281. Emin=6.61097793, Emax=110.78934192
realization 282 / 300 ... accepted 282. Emin=-5.16759787, Emax=93.76801503
realization 283 / 300 ... accepted 283. Emin=-5.02411005, Emax=98.50869067
realization 284 / 300 ... accepted 284. Emin=-14.14488423, Emax=88.03633489
realization 285 / 300 ... accepted 285. Emin=15.41879901, Emax=117.64178165
realization 286 / 300 ... accepted 286. Emin=-0.77438564, Emax=101.57690351
realization 287 / 300 ... accepted 287. Emin=-0.03350148, Emax=107.41127121
realization 288 / 300 ... accepted 288. Emin=5.34589000, Emax=106.17522478
realization 289 / 300 ... accepted 289. Emin=-2.60779551, Emax=102.58769443
realization 290 / 300 ... accepted 290. Emin=2.23440385, Emax=112.16526985
realization 291 / 300 ... accepted 291. Emin=-10.67857708, Emax=92.40302141
realization 292 / 300 ... accepted 292. Emin=10.26041099, Emax=111.10865803
realization 293 / 300 ... accepted 293. Emin=-4.83578169, Emax=96.96724918
realization 294 / 300 ... accepted 294. Emin=-1.25978536, Emax=101.10335473
realization 295 / 300 ... accepted 295. Emin=-3.67869469, Emax=92.13964894
realization 296 / 300 ... accepted 296. Emin=-4.34551746, Emax=96.97582197
realization 297 / 300 ... accepted 297. Emin=5.24353003, Emax=109.18574512
realization 298 / 300 ... accepted 298. Emin=7.03647782, Emax=104.66967056
realization 299 / 300 ... accepted 299. Emin=-15.29162747, Emax=84.56653063
realization 300 / 300 ... accepted 300. Emin=0.00547761, Emax=108.60474831
Saved final energies: /home/2/kj405942/POLFED_bosons/pbs_bose_legacy_nmax2_periodic/data/U_15/W_5/L_6/N_6_nmax_2/boundary_periodic/energies_full_U15_L6_N6_nmax2_W5_boundaryperiodic_nreal300.txt
Accepted realizations: 300 / 300
Skipped realizations: 0
Job finished at Sun May 31 17:12:27 UTC 2026
