Job started on w30 at Sun May 31 17:10:45 UTC 2026
PBS_JOBID=7731471.kruk-host.ift-klaster.lan
PBS_O_WORKDIR=/home/2/kj405942/POLFED_bosons
Bose-Hubbard: L=6, N=6, nmax=2, dim=141
t=1, U=15, W=12, nreal=300, boundary=periodic, mode=full
Writing partial results to /home/2/kj405942/POLFED_bosons/pbs_bose_legacy_nmax2_periodic/data/U_15/W_12/L_6/N_6_nmax_2/boundary_periodic/energies_full_U15_L6_N6_nmax2_W12_boundaryperiodic_nreal300_partial.txt
realization 1 / 300 ... accepted 1. Emin=15.41283454, Emax=128.51409483
realization 2 / 300 ... accepted 2. Emin=1.96971275, Emax=131.79664418
realization 3 / 300 ... accepted 3. Emin=-25.27241845, Emax=94.93847911
realization 4 / 300 ... accepted 4. Emin=5.51673732, Emax=135.24877646
realization 5 / 300 ... accepted 5. Emin=9.32200052, Emax=139.01364042
realization 6 / 300 ... accepted 6. Emin=4.78902870, Emax=132.83359732
realization 7 / 300 ... accepted 7. Emin=-15.48903495, Emax=128.86664682
realization 8 / 300 ... accepted 8. Emin=-4.06671770, Emax=119.16864577
realization 9 / 300 ... accepted 9. Emin=-11.50496700, Emax=118.51611609
realization 10 / 300 ... accepted 10. Emin=10.86913209, Emax=127.14388722
realization 11 / 300 ... accepted 11. Emin=-32.50974712, Emax=85.60843910
realization 12 / 300 ... accepted 12. Emin=-17.19821959, Emax=101.90828775
realization 13 / 300 ... accepted 13. Emin=-31.03191326, Emax=93.96566698
realization 14 / 300 ... accepted 14. Emin=1.52773093, Emax=134.15507408
realization 15 / 300 ... accepted 15. Emin=-30.80257930, Emax=88.98292404
realization 16 / 300 ... accepted 16. Emin=-3.31626030, Emax=119.21410087
realization 17 / 300 ... accepted 17. Emin=-25.24241174, Emax=105.11102830
realization 18 / 300 ... accepted 18. Emin=33.64165882, Emax=140.64075362
realization 19 / 300 ... accepted 19. Emin=8.25572116, Emax=136.44736191
realization 20 / 300 ... accepted 20. Emin=-14.24332229, Emax=115.34981430
realization 21 / 300 ... accepted 21. Emin=-7.49619475, Emax=111.30277642
realization 22 / 300 ... accepted 22. Emin=-10.20934781, Emax=109.96989034
realization 23 / 300 ... accepted 23. Emin=24.97793921, Emax=128.75874215
realization 24 / 300 ... accepted 24. Emin=31.75210295, Emax=150.47781153
realization 25 / 300 ... accepted 25. Emin=0.75566107, Emax=114.55052724
realization 26 / 300 ... accepted 26. Emin=20.71187767, Emax=136.77974018
realization 27 / 300 ... accepted 27. Emin=-20.85331672, Emax=101.40800249
realization 28 / 300 ... accepted 28. Emin=21.38891844, Emax=140.79454917
realization 29 / 300 ... accepted 29. Emin=-11.79059729, Emax=101.84583758
realization 30 / 300 ... accepted 30. Emin=-28.32208108, Emax=85.56200141
realization 31 / 300 ... accepted 31. Emin=19.32057508, Emax=140.08493839
realization 32 / 300 ... accepted 32. Emin=29.37686089, Emax=143.65192122
realization 33 / 300 ... accepted 33. Emin=6.02498984, Emax=141.14142980
realization 34 / 300 ... accepted 34. Emin=5.53537526, Emax=135.18737411
realization 35 / 300 ... accepted 35. Emin=5.72012223, Emax=138.91918463
realization 36 / 300 ... accepted 36. Emin=-10.72869564, Emax=117.93705381
realization 37 / 300 ... accepted 37. Emin=10.98525043, Emax=125.58303609
realization 38 / 300 ... accepted 38. Emin=17.61819826, Emax=149.50745593
realization 39 / 300 ... accepted 39. Emin=-18.32252306, Emax=107.45456425
realization 40 / 300 ... accepted 40. Emin=0.61270914, Emax=127.83808730
realization 41 / 300 ... accepted 41. Emin=-2.03971045, Emax=133.83592575
realization 42 / 300 ... accepted 42. Emin=1.17708210, Emax=137.49437439
realization 43 / 300 ... accepted 43. Emin=-7.73318664, Emax=100.96046088
realization 44 / 300 ... accepted 44. Emin=17.16995652, Emax=128.41572115
realization 45 / 300 ... accepted 45. Emin=-1.81637619, Emax=127.88362484
realization 46 / 300 ... accepted 46. Emin=-1.98763640, Emax=120.38105032
realization 47 / 300 ... accepted 47. Emin=-9.67598951, Emax=134.71181812
realization 48 / 300 ... accepted 48. Emin=-5.18118897, Emax=107.65316104
realization 49 / 300 ... accepted 49. Emin=10.36572783, Emax=144.46702653
realization 50 / 300 ... accepted 50. Emin=-16.08870806, Emax=100.11525995
realization 51 / 300 ... accepted 51. Emin=-21.62678591, Emax=96.53122162
realization 52 / 300 ... accepted 52. Emin=-16.50438974, Emax=95.04088485
realization 53 / 300 ... accepted 53. Emin=13.32524848, Emax=150.01426267
realization 54 / 300 ... accepted 54. Emin=5.74641807, Emax=142.14222899
realization 55 / 300 ... accepted 55. Emin=-24.86165027, Emax=95.37198349
realization 56 / 300 ... accepted 56. Emin=32.00007101, Emax=141.35404691
realization 57 / 300 ... accepted 57. Emin=-2.51656269, Emax=126.26317656
realization 58 / 300 ... accepted 58. Emin=-26.59934487, Emax=96.67709939
realization 59 / 300 ... accepted 59. Emin=-25.40442053, Emax=86.17606267
realization 60 / 300 ... accepted 60. Emin=4.10625008, Emax=116.06471113
realization 61 / 300 ... accepted 61. Emin=6.16908741, Emax=117.95423096
realization 62 / 300 ... accepted 62. Emin=30.01758293, Emax=138.83831954
realization 63 / 300 ... accepted 63. Emin=-31.96920300, Emax=89.70016600
realization 64 / 300 ... accepted 64. Emin=-19.73745110, Emax=99.50627152
realization 65 / 300 ... accepted 65. Emin=31.99867730, Emax=146.47159915
realization 66 / 300 ... accepted 66. Emin=2.43530548, Emax=123.61814383
realization 67 / 300 ... accepted 67. Emin=2.33691197, Emax=112.97535131
realization 68 / 300 ... accepted 68. Emin=-16.85976740, Emax=119.50548278
realization 69 / 300 ... accepted 69. Emin=-7.65665402, Emax=118.82188673
realization 70 / 300 ... accepted 70. Emin=-2.12139659, Emax=123.20103640
realization 71 / 300 ... accepted 71. Emin=32.23097704, Emax=147.20364971
realization 72 / 300 ... accepted 72. Emin=36.98840969, Emax=151.23410851
realization 73 / 300 ... accepted 73. Emin=-2.25349562, Emax=120.68716050
realization 74 / 300 ... accepted 74. Emin=-2.13991370, Emax=105.33730554
realization 75 / 300 ... accepted 75. Emin=-1.74465208, Emax=124.31372201
realization 76 / 300 ... accepted 76. Emin=-6.01840663, Emax=102.82913775
realization 77 / 300 ... accepted 77. Emin=13.85484508, Emax=142.89359363
realization 78 / 300 ... accepted 78. Emin=0.25800023, Emax=130.33817206
realization 79 / 300 ... accepted 79. Emin=7.14706889, Emax=131.92174213
realization 80 / 300 ... accepted 80. Emin=-20.97083252, Emax=98.01699454
realization 81 / 300 ... accepted 81. Emin=7.42835192, Emax=142.41644974
realization 82 / 300 ... accepted 82. Emin=-3.80261113, Emax=135.29310536
realization 83 / 300 ... accepted 83. Emin=-29.05412607, Emax=85.17455169
realization 84 / 300 ... accepted 84. Emin=-25.23107163, Emax=97.61584664
realization 85 / 300 ... accepted 85. Emin=-15.34728897, Emax=96.58099853
realization 86 / 300 ... accepted 86. Emin=7.10102088, Emax=121.14076261
realization 87 / 300 ... accepted 87. Emin=-7.74113886, Emax=110.35905980
realization 88 / 300 ... accepted 88. Emin=11.62214548, Emax=136.47065392
realization 89 / 300 ... accepted 89. Emin=1.00541977, Emax=137.78420835
realization 90 / 300 ... accepted 90. Emin=14.06074125, Emax=147.17797344
realization 91 / 300 ... accepted 91. Emin=22.84475514, Emax=134.48535734
realization 92 / 300 ... accepted 92. Emin=18.86557157, Emax=134.65265788
realization 93 / 300 ... accepted 93. Emin=33.86903779, Emax=144.78500673
realization 94 / 300 ... accepted 94. Emin=10.90070971, Emax=134.39694933
realization 95 / 300 ... accepted 95. Emin=-10.90638009, Emax=97.04988255
realization 96 / 300 ... accepted 96. Emin=-17.86984446, Emax=101.26797334
realization 97 / 300 ... accepted 97. Emin=3.25373153, Emax=120.96322737
realization 98 / 300 ... accepted 98. Emin=-16.25626672, Emax=112.07845816
realization 99 / 300 ... accepted 99. Emin=-9.88077556, Emax=110.56659900
realization 100 / 300 ... accepted 100. Emin=10.23543135, Emax=127.46278215
realization 101 / 300 ... accepted 101. Emin=-39.63037136, Emax=81.29055042
realization 102 / 300 ... accepted 102. Emin=-19.56721913, Emax=106.00045504
realization 103 / 300 ... accepted 103. Emin=-14.70293517, Emax=104.93652701
realization 104 / 300 ... accepted 104. Emin=25.40240330, Emax=128.81942663
realization 105 / 300 ... accepted 105. Emin=4.96638761, Emax=123.24813800
realization 106 / 300 ... accepted 106. Emin=18.88446556, Emax=144.06780933
realization 107 / 300 ... accepted 107. Emin=23.29992699, Emax=145.75409955
realization 108 / 300 ... accepted 108. Emin=-10.40079063, Emax=102.55045921
realization 109 / 300 ... accepted 109. Emin=18.62391275, Emax=145.87482091
realization 110 / 300 ... accepted 110. Emin=8.60772222, Emax=134.81329331
realization 111 / 300 ... accepted 111. Emin=-13.26654182, Emax=123.59377313
realization 112 / 300 ... accepted 112. Emin=3.17799723, Emax=125.36966608
realization 113 / 300 ... accepted 113. Emin=8.04757792, Emax=140.06247701
realization 114 / 300 ... accepted 114. Emin=13.58910497, Emax=141.15427885
realization 115 / 300 ... accepted 115. Emin=-13.37456382, Emax=99.66965627
realization 116 / 300 ... accepted 116. Emin=-11.83666023, Emax=100.22594553
realization 117 / 300 ... accepted 117. Emin=-5.49784422, Emax=125.00953032
realization 118 / 300 ... accepted 118. Emin=-4.11885923, Emax=117.88165057
realization 119 / 300 ... accepted 119. Emin=-1.18835779, Emax=120.11806868
realization 120 / 300 ... accepted 120. Emin=3.21273701, Emax=112.88355592
realization 121 / 300 ... accepted 121. Emin=-20.67898575, Emax=99.19034145
realization 122 / 300 ... accepted 122. Emin=-2.65677309, Emax=111.98199171
realization 123 / 300 ... accepted 123. Emin=-2.03158514, Emax=132.67746090
realization 124 / 300 ... accepted 124. Emin=-18.01418757, Emax=102.59077245
realization 125 / 300 ... accepted 125. Emin=-10.65083505, Emax=111.24433542
realization 126 / 300 ... accepted 126. Emin=15.10050420, Emax=135.89830382
realization 127 / 300 ... accepted 127. Emin=9.67628348, Emax=137.58133804
realization 128 / 300 ... accepted 128. Emin=-6.12931484, Emax=117.76821698
realization 129 / 300 ... accepted 129. Emin=-21.62858107, Emax=101.23262740
realization 130 / 300 ... accepted 130. Emin=8.62282533, Emax=120.27734941
realization 131 / 300 ... accepted 131. Emin=18.65169920, Emax=139.26083674
realization 132 / 300 ... accepted 132. Emin=-18.09641417, Emax=95.94180725
realization 133 / 300 ... accepted 133. Emin=-32.85231948, Emax=72.13942593
realization 134 / 300 ... accepted 134. Emin=6.99070037, Emax=135.51001059
realization 135 / 300 ... accepted 135. Emin=-11.49058710, Emax=99.90059854
realization 136 / 300 ... accepted 136. Emin=12.73975418, Emax=121.82741011
realization 137 / 300 ... accepted 137. Emin=-48.30748727, Emax=52.08049201
realization 138 / 300 ... accepted 138. Emin=12.50507555, Emax=143.01421395
realization 139 / 300 ... accepted 139. Emin=16.59455013, Emax=141.82407841
realization 140 / 300 ... accepted 140. Emin=-2.94055521, Emax=112.09937444
realization 141 / 300 ... accepted 141. Emin=-9.02469245, Emax=107.23797207
realization 142 / 300 ... accepted 142. Emin=-8.91813091, Emax=113.45975241
realization 143 / 300 ... accepted 143. Emin=-21.01362628, Emax=96.03170194
realization 144 / 300 ... accepted 144. Emin=-11.35165033, Emax=111.61530400
realization 145 / 300 ... accepted 145. Emin=-19.42878849, Emax=105.60132333
realization 146 / 300 ... accepted 146. Emin=-2.98386415, Emax=132.56718218
realization 147 / 300 ... accepted 147. Emin=5.69930278, Emax=134.37349716
realization 148 / 300 ... accepted 148. Emin=14.06414052, Emax=145.51163662
realization 149 / 300 ... accepted 149. Emin=6.04251872, Emax=111.38827661
realization 150 / 300 ... accepted 150. Emin=21.30075624, Emax=142.21487202
realization 151 / 300 ... accepted 151. Emin=-5.47492011, Emax=115.20721488
realization 152 / 300 ... accepted 152. Emin=15.10462378, Emax=131.50831507
realization 153 / 300 ... accepted 153. Emin=-4.02711629, Emax=115.09613218
realization 154 / 300 ... accepted 154. Emin=9.22577890, Emax=130.79979969
realization 155 / 300 ... accepted 155. Emin=-6.42937804, Emax=113.73358040
realization 156 / 300 ... accepted 156. Emin=-6.21974570, Emax=104.73111975
realization 157 / 300 ... accepted 157. Emin=1.13633173, Emax=133.44469003
realization 158 / 300 ... accepted 158. Emin=10.99660661, Emax=127.98051180
realization 159 / 300 ... accepted 159. Emin=-10.43771810, Emax=102.19795155
realization 160 / 300 ... accepted 160. Emin=-26.07456973, Emax=82.11878488
realization 161 / 300 ... accepted 161. Emin=-13.37355607, Emax=94.40407665
realization 162 / 300 ... accepted 162. Emin=0.03335059, Emax=117.36304717
realization 163 / 300 ... accepted 163. Emin=-30.40604837, Emax=79.76888497
realization 164 / 300 ... accepted 164. Emin=-0.26280102, Emax=119.38714666
realization 165 / 300 ... accepted 165. Emin=11.85657864, Emax=132.54728178
realization 166 / 300 ... accepted 166. Emin=-7.77834594, Emax=98.95779221
realization 167 / 300 ... accepted 167. Emin=-26.64520239, Emax=87.95296112
realization 168 / 300 ... accepted 168. Emin=-8.01801098, Emax=124.12329887
realization 169 / 300 ... accepted 169. Emin=18.04601510, Emax=143.21981011
realization 170 / 300 ... accepted 170. Emin=15.50542886, Emax=144.13964139
realization 171 / 300 ... accepted 171. Emin=-9.05767400, Emax=90.98510428
realization 172 / 300 ... accepted 172. Emin=28.94271776, Emax=144.67119892
realization 173 / 300 ... accepted 173. Emin=3.74211562, Emax=123.34723477
realization 174 / 300 ... accepted 174. Emin=42.70334486, Emax=148.19362630
realization 175 / 300 ... accepted 175. Emin=-19.88134237, Emax=101.82936515
realization 176 / 300 ... accepted 176. Emin=34.09496795, Emax=150.44254018
realization 177 / 300 ... accepted 177. Emin=-5.78771166, Emax=100.86440906
realization 178 / 300 ... accepted 178. Emin=-1.74939213, Emax=111.38151059
realization 179 / 300 ... accepted 179. Emin=-1.44426993, Emax=127.60542225
realization 180 / 300 ... accepted 180. Emin=-21.79264795, Emax=106.62377723
realization 181 / 300 ... accepted 181. Emin=-32.24258326, Emax=86.74707926
realization 182 / 300 ... accepted 182. Emin=-27.16641047, Emax=97.16776419
realization 183 / 300 ... accepted 183. Emin=-27.82441726, Emax=86.45247693
realization 184 / 300 ... accepted 184. Emin=20.83512734, Emax=151.59519417
realization 185 / 300 ... accepted 185. Emin=-15.52800413, Emax=109.68352285
realization 186 / 300 ... accepted 186. Emin=5.87072547, Emax=127.37359792
realization 187 / 300 ... accepted 187. Emin=-25.48077905, Emax=98.89689179
realization 188 / 300 ... accepted 188. Emin=-0.88680637, Emax=120.38377367
realization 189 / 300 ... accepted 189. Emin=-0.96686558, Emax=114.55389058
realization 190 / 300 ... accepted 190. Emin=-8.57029312, Emax=117.58436304
realization 191 / 300 ... accepted 191. Emin=4.91592071, Emax=136.56004850
realization 192 / 300 ... accepted 192. Emin=-9.00376184, Emax=120.11213907
realization 193 / 300 ... accepted 193. Emin=-19.14794999, Emax=82.11953712
realization 194 / 300 ... accepted 194. Emin=40.98243779, Emax=144.53890269
realization 195 / 300 ... accepted 195. Emin=-17.40847906, Emax=99.38051989
realization 196 / 300 ... accepted 196. Emin=-11.70860684, Emax=108.42444137
realization 197 / 300 ... accepted 197. Emin=-28.74601233, Emax=86.97801609
realization 198 / 300 ... accepted 198. Emin=-12.40193849, Emax=112.15439166
realization 199 / 300 ... accepted 199. Emin=-29.83870197, Emax=89.82628930
realization 200 / 300 ... accepted 200. Emin=22.85158144, Emax=139.33494996
realization 201 / 300 ... accepted 201. Emin=11.11030625, Emax=122.89355774
realization 202 / 300 ... accepted 202. Emin=-7.52709640, Emax=116.68449156
realization 203 / 300 ... accepted 203. Emin=-19.08957800, Emax=95.74353616
realization 204 / 300 ... accepted 204. Emin=-8.94712340, Emax=119.11655500
realization 205 / 300 ... accepted 205. Emin=-4.63631118, Emax=121.41291472
realization 206 / 300 ... accepted 206. Emin=-3.45987922, Emax=119.00990810
realization 207 / 300 ... accepted 207. Emin=-8.37816774, Emax=126.70588123
realization 208 / 300 ... accepted 208. Emin=-41.99001280, Emax=60.88267094
realization 209 / 300 ... accepted 209. Emin=-24.85503201, Emax=88.71931511
realization 210 / 300 ... accepted 210. Emin=1.59151472, Emax=125.56766645
realization 211 / 300 ... accepted 211. Emin=-16.42242148, Emax=97.32714656
realization 212 / 300 ... accepted 212. Emin=-31.49451502, Emax=78.43193715
realization 213 / 300 ... accepted 213. Emin=-24.29682587, Emax=99.42271127
realization 214 / 300 ... accepted 214. Emin=2.98837141, Emax=138.41069575
realization 215 / 300 ... accepted 215. Emin=-33.25239148, Emax=86.01635608
realization 216 / 300 ... accepted 216. Emin=20.66538695, Emax=121.12448238
realization 217 / 300 ... accepted 217. Emin=-3.23082086, Emax=121.39718632
realization 218 / 300 ... accepted 218. Emin=2.43037744, Emax=122.11750856
realization 219 / 300 ... accepted 219. Emin=-20.52515898, Emax=106.89786535
realization 220 / 300 ... accepted 220. Emin=-9.38804904, Emax=117.04115099
realization 221 / 300 ... accepted 221. Emin=9.99499593, Emax=145.78158452
realization 222 / 300 ... accepted 222. Emin=-5.65975785, Emax=105.36404765
realization 223 / 300 ... accepted 223. Emin=-7.02438907, Emax=115.30759168
realization 224 / 300 ... accepted 224. Emin=27.56630380, Emax=149.29774973
realization 225 / 300 ... accepted 225. Emin=8.20039462, Emax=124.86561485
realization 226 / 300 ... accepted 226. Emin=24.13913429, Emax=137.45965435
realization 227 / 300 ... accepted 227. Emin=-2.86452178, Emax=123.96594076
realization 228 / 300 ... accepted 228. Emin=-8.89647105, Emax=127.44092246
realization 229 / 300 ... accepted 229. Emin=27.54944959, Emax=144.31644155
realization 230 / 300 ... accepted 230. Emin=3.51942295, Emax=135.09889275
realization 231 / 300 ... accepted 231. Emin=1.44521381, Emax=137.69783311
realization 232 / 300 ... accepted 232. Emin=30.48406302, Emax=143.92862320
realization 233 / 300 ... accepted 233. Emin=23.27625736, Emax=146.47453524
realization 234 / 300 ... accepted 234. Emin=6.99332651, Emax=133.11461220
realization 235 / 300 ... accepted 235. Emin=-16.52920753, Emax=115.74600677
realization 236 / 300 ... accepted 236. Emin=-8.67301575, Emax=114.02682327
realization 237 / 300 ... accepted 237. Emin=-4.75613802, Emax=124.58887792
realization 238 / 300 ... accepted 238. Emin=4.11218406, Emax=106.86863559
realization 239 / 300 ... accepted 239. Emin=1.63810320, Emax=136.72245422
realization 240 / 300 ... accepted 240. Emin=-4.73581745, Emax=123.78966324
realization 241 / 300 ... accepted 241. Emin=2.83059290, Emax=137.99131104
realization 242 / 300 ... accepted 242. Emin=-25.64312106, Emax=80.30814178
realization 243 / 300 ... accepted 243. Emin=2.97241170, Emax=128.79394367
realization 244 / 300 ... accepted 244. Emin=19.19174980, Emax=149.65602175
realization 245 / 300 ... accepted 245. Emin=-2.75985722, Emax=120.82479539
realization 246 / 300 ... accepted 246. Emin=3.33414408, Emax=132.19007870
realization 247 / 300 ... accepted 247. Emin=-14.54876701, Emax=111.40937374
realization 248 / 300 ... accepted 248. Emin=-22.60130911, Emax=100.89091065
realization 249 / 300 ... accepted 249. Emin=17.04746464, Emax=126.42593833
realization 250 / 300 ... accepted 250. Emin=17.50022518, Emax=126.71905313
realization 251 / 300 ... accepted 251. Emin=-11.48135313, Emax=116.85411889
realization 252 / 300 ... accepted 252. Emin=6.32432820, Emax=124.90484263
realization 253 / 300 ... accepted 253. Emin=-24.83602562, Emax=98.71582053
realization 254 / 300 ... accepted 254. Emin=-21.03931334, Emax=102.23551828
realization 255 / 300 ... accepted 255. Emin=-31.02613094, Emax=82.28662676
realization 256 / 300 ... accepted 256. Emin=0.91407753, Emax=108.25718418
realization 257 / 300 ... accepted 257. Emin=-14.96338145, Emax=104.40179605
realization 258 / 300 ... accepted 258. Emin=19.25834464, Emax=141.01902526
realization 259 / 300 ... accepted 259. Emin=14.40101955, Emax=142.01263688
realization 260 / 300 ... accepted 260. Emin=-20.04667611, Emax=110.78417999
realization 261 / 300 ... accepted 261. Emin=3.94026995, Emax=131.81480954
realization 262 / 300 ... accepted 262. Emin=11.45003845, Emax=129.22009183
realization 263 / 300 ... accepted 263. Emin=10.31256989, Emax=144.13173915
realization 264 / 300 ... accepted 264. Emin=8.71197895, Emax=142.29717668
realization 265 / 300 ... accepted 265. Emin=6.29262119, Emax=133.92020328
realization 266 / 300 ... accepted 266. Emin=24.87086967, Emax=146.21031549
realization 267 / 300 ... accepted 267. Emin=0.70293367, Emax=117.91900257
realization 268 / 300 ... accepted 268. Emin=1.34544742, Emax=119.91074169
realization 269 / 300 ... accepted 269. Emin=-27.79486202, Emax=86.36930066
realization 270 / 300 ... accepted 270. Emin=-8.44718600, Emax=114.87256673
realization 271 / 300 ... accepted 271. Emin=-26.11614211, Emax=94.26100949
realization 272 / 300 ... accepted 272. Emin=3.70935318, Emax=141.40526098
realization 273 / 300 ... accepted 273. Emin=11.86945510, Emax=134.13673938
realization 274 / 300 ... accepted 274. Emin=-0.15981580, Emax=140.59259307
realization 275 / 300 ... accepted 275. Emin=9.83843816, Emax=144.94855487
realization 276 / 300 ... accepted 276. Emin=-11.61276237, Emax=107.14645485
realization 277 / 300 ... accepted 277. Emin=12.89432804, Emax=130.58853117
realization 278 / 300 ... accepted 278. Emin=-10.38799987, Emax=106.80603465
realization 279 / 300 ... accepted 279. Emin=-21.76062731, Emax=89.97119572
realization 280 / 300 ... accepted 280. Emin=-0.52437129, Emax=139.17305424
realization 281 / 300 ... accepted 281. Emin=-26.48743151, Emax=82.66801796
realization 282 / 300 ... accepted 282. Emin=-0.85256175, Emax=116.33697753
realization 283 / 300 ... accepted 283. Emin=11.50950919, Emax=134.27763300
realization 284 / 300 ... accepted 284. Emin=8.97547912, Emax=146.24876042
realization 285 / 300 ... accepted 285. Emin=-21.30133031, Emax=98.19335262
realization 286 / 300 ... accepted 286. Emin=-6.13097794, Emax=108.49236899
realization 287 / 300 ... accepted 287. Emin=11.25462987, Emax=149.05196424
realization 288 / 300 ... accepted 288. Emin=-27.84694319, Emax=95.73927988
realization 289 / 300 ... accepted 289. Emin=-0.07449449, Emax=123.51170160
realization 290 / 300 ... accepted 290. Emin=11.21092241, Emax=119.25951440
realization 291 / 300 ... accepted 291. Emin=3.68754667, Emax=132.70051519
realization 292 / 300 ... accepted 292. Emin=-11.01706544, Emax=113.22992434
realization 293 / 300 ... accepted 293. Emin=-4.16294228, Emax=121.32907734
realization 294 / 300 ... accepted 294. Emin=-13.75657562, Emax=98.11276613
realization 295 / 300 ... accepted 295. Emin=-16.16975960, Emax=99.86863155
realization 296 / 300 ... accepted 296. Emin=-33.31108000, Emax=83.00353430
realization 297 / 300 ... accepted 297. Emin=3.43200217, Emax=122.30192293
realization 298 / 300 ... accepted 298. Emin=-3.63989483, Emax=121.11496440
realization 299 / 300 ... accepted 299. Emin=-4.84437246, Emax=104.63169991
realization 300 / 300 ... accepted 300. Emin=-29.03814930, Emax=82.15359901
Saved final energies: /home/2/kj405942/POLFED_bosons/pbs_bose_legacy_nmax2_periodic/data/U_15/W_12/L_6/N_6_nmax_2/boundary_periodic/energies_full_U15_L6_N6_nmax2_W12_boundaryperiodic_nreal300.txt
Accepted realizations: 300 / 300
Skipped realizations: 0
Job finished at Sun May 31 17:12:32 UTC 2026
