Job started on w30 at Sun May 31 17:10:42 UTC 2026
PBS_JOBID=7731467.kruk-host.ift-klaster.lan
PBS_O_WORKDIR=/home/2/kj405942/POLFED_bosons
Bose-Hubbard: L=6, N=6, nmax=2, dim=141
t=1, U=15, W=8, nreal=300, boundary=periodic, mode=full
Writing partial results to /home/2/kj405942/POLFED_bosons/pbs_bose_legacy_nmax2_periodic/data/U_15/W_8/L_6/N_6_nmax_2/boundary_periodic/energies_full_U15_L6_N6_nmax2_W8_boundaryperiodic_nreal300_partial.txt
realization 1 / 300 ... accepted 1. Emin=6.23621825, Emax=120.49555817
realization 2 / 300 ... accepted 2. Emin=-28.67006227, Emax=72.77539641
realization 3 / 300 ... accepted 3. Emin=-3.60647949, Emax=105.37062578
realization 4 / 300 ... accepted 4. Emin=-8.47203132, Emax=104.62108269
realization 5 / 300 ... accepted 5. Emin=-1.89269400, Emax=114.04630449
realization 6 / 300 ... accepted 6. Emin=-13.80183236, Emax=105.91341278
realization 7 / 300 ... accepted 7. Emin=-31.26855582, Emax=66.30250898
realization 8 / 300 ... accepted 8. Emin=6.47653958, Emax=117.99865495
realization 9 / 300 ... accepted 9. Emin=-7.25405476, Emax=97.72494665
realization 10 / 300 ... accepted 10. Emin=-7.61763458, Emax=106.11636357
realization 11 / 300 ... accepted 11. Emin=16.95350042, Emax=122.55964631
realization 12 / 300 ... accepted 12. Emin=5.02702791, Emax=115.85837340
realization 13 / 300 ... accepted 13. Emin=-9.48706167, Emax=99.32359195
realization 14 / 300 ... accepted 14. Emin=8.42545429, Emax=115.68327582
realization 15 / 300 ... accepted 15. Emin=-7.87765057, Emax=110.49812868
realization 16 / 300 ... accepted 16. Emin=14.45995074, Emax=117.36612529
realization 17 / 300 ... accepted 17. Emin=2.45648185, Emax=118.23904530
realization 18 / 300 ... accepted 18. Emin=-10.62437673, Emax=101.48538565
realization 19 / 300 ... accepted 19. Emin=-13.26863356, Emax=97.21259677
realization 20 / 300 ... accepted 20. Emin=-13.83674859, Emax=103.76656932
realization 21 / 300 ... accepted 21. Emin=3.41390751, Emax=115.07549522
realization 22 / 300 ... accepted 22. Emin=-5.03585879, Emax=110.00439906
realization 23 / 300 ... accepted 23. Emin=6.10334819, Emax=108.76821947
realization 24 / 300 ... accepted 24. Emin=7.26265260, Emax=125.40415617
realization 25 / 300 ... accepted 25. Emin=-6.54327235, Emax=106.13256005
realization 26 / 300 ... accepted 26. Emin=-7.59997519, Emax=111.79220632
realization 27 / 300 ... accepted 27. Emin=-14.79500670, Emax=102.38957739
realization 28 / 300 ... accepted 28. Emin=-14.54831576, Emax=89.72448012
realization 29 / 300 ... accepted 29. Emin=7.99326482, Emax=124.57102034
realization 30 / 300 ... accepted 30. Emin=6.20704456, Emax=128.28790590
realization 31 / 300 ... accepted 31. Emin=-2.08321973, Emax=103.46809172
realization 32 / 300 ... accepted 32. Emin=11.85800461, Emax=129.03732985
realization 33 / 300 ... accepted 33. Emin=1.02226916, Emax=110.45786706
realization 34 / 300 ... accepted 34. Emin=11.46186048, Emax=123.31319716
realization 35 / 300 ... accepted 35. Emin=-9.38200165, Emax=96.13712123
realization 36 / 300 ... accepted 36. Emin=4.77889963, Emax=107.46481228
realization 37 / 300 ... accepted 37. Emin=-2.07235984, Emax=111.65690923
realization 38 / 300 ... accepted 38. Emin=-1.44351222, Emax=107.30583934
realization 39 / 300 ... accepted 39. Emin=1.96766367, Emax=115.67751983
realization 40 / 300 ... accepted 40. Emin=1.00285929, Emax=113.56548249
realization 41 / 300 ... accepted 41. Emin=6.77316562, Emax=120.52475314
realization 42 / 300 ... accepted 42. Emin=3.04210840, Emax=120.68872576
realization 43 / 300 ... accepted 43. Emin=7.10916278, Emax=117.22695533
realization 44 / 300 ... accepted 44. Emin=13.64854278, Emax=118.87488248
realization 45 / 300 ... accepted 45. Emin=-22.93356578, Emax=82.57794805
realization 46 / 300 ... accepted 46. Emin=-9.81405161, Emax=103.74569218
realization 47 / 300 ... accepted 47. Emin=-12.88917456, Emax=97.23180622
realization 48 / 300 ... accepted 48. Emin=-3.83397175, Emax=113.86466686
realization 49 / 300 ... accepted 49. Emin=-8.52558521, Emax=99.28641809
realization 50 / 300 ... accepted 50. Emin=-17.90763669, Emax=92.43559772
realization 51 / 300 ... accepted 51. Emin=-4.25891512, Emax=110.64230543
realization 52 / 300 ... accepted 52. Emin=-0.69703942, Emax=108.84456354
realization 53 / 300 ... accepted 53. Emin=17.38665105, Emax=127.09895440
realization 54 / 300 ... accepted 54. Emin=-5.75089805, Emax=106.63908781
realization 55 / 300 ... accepted 55. Emin=-3.88642007, Emax=108.50903007
realization 56 / 300 ... accepted 56. Emin=-7.74960881, Emax=102.75591607
realization 57 / 300 ... accepted 57. Emin=-8.24197016, Emax=108.15269325
realization 58 / 300 ... accepted 58. Emin=8.36742423, Emax=126.65059504
realization 59 / 300 ... accepted 59. Emin=-0.01981949, Emax=126.55287052
realization 60 / 300 ... accepted 60. Emin=3.89906967, Emax=105.65034228
realization 61 / 300 ... accepted 61. Emin=-11.02524793, Emax=101.45671086
realization 62 / 300 ... accepted 62. Emin=-6.77598669, Emax=111.47070837
realization 63 / 300 ... accepted 63. Emin=-16.95134870, Emax=97.96943364
realization 64 / 300 ... accepted 64. Emin=7.83648874, Emax=120.54577290
realization 65 / 300 ... accepted 65. Emin=-5.96184799, Emax=107.57428906
realization 66 / 300 ... accepted 66. Emin=-12.44574002, Emax=99.48171816
realization 67 / 300 ... accepted 67. Emin=-10.02299616, Emax=93.32541612
realization 68 / 300 ... accepted 68. Emin=-1.91247105, Emax=109.50589101
realization 69 / 300 ... accepted 69. Emin=6.30610843, Emax=115.57242737
realization 70 / 300 ... accepted 70. Emin=-7.07970276, Emax=96.43584441
realization 71 / 300 ... accepted 71. Emin=2.53870049, Emax=113.83900017
realization 72 / 300 ... accepted 72. Emin=5.53507544, Emax=124.16510578
realization 73 / 300 ... accepted 73. Emin=-2.14005889, Emax=110.13719385
realization 74 / 300 ... accepted 74. Emin=14.74852432, Emax=129.17753020
realization 75 / 300 ... accepted 75. Emin=-21.65856231, Emax=87.29953007
realization 76 / 300 ... accepted 76. Emin=8.86981071, Emax=123.81615869
realization 77 / 300 ... accepted 77. Emin=10.45066731, Emax=124.12415893
realization 78 / 300 ... accepted 78. Emin=-17.27072093, Emax=90.40920675
realization 79 / 300 ... accepted 79. Emin=-6.32261238, Emax=110.77114473
realization 80 / 300 ... accepted 80. Emin=-11.14032060, Emax=89.40461874
realization 81 / 300 ... accepted 81. Emin=-4.21499121, Emax=103.56652374
realization 82 / 300 ... accepted 82. Emin=2.93780793, Emax=131.95642501
realization 83 / 300 ... accepted 83. Emin=-1.45729782, Emax=111.68737766
realization 84 / 300 ... accepted 84. Emin=1.60942504, Emax=101.39986611
realization 85 / 300 ... accepted 85. Emin=-8.89081290, Emax=104.98515654
realization 86 / 300 ... accepted 86. Emin=-9.44572114, Emax=90.54916945
realization 87 / 300 ... accepted 87. Emin=-3.76818845, Emax=116.69721712
realization 88 / 300 ... accepted 88. Emin=-6.39360583, Emax=108.57450211
realization 89 / 300 ... accepted 89. Emin=13.03479830, Emax=125.50863482
realization 90 / 300 ... accepted 90. Emin=3.81884057, Emax=117.83634271
realization 91 / 300 ... accepted 91. Emin=-5.65291635, Emax=110.20857535
realization 92 / 300 ... accepted 92. Emin=-2.84340510, Emax=113.20813650
realization 93 / 300 ... accepted 93. Emin=-3.90906589, Emax=109.64534825
realization 94 / 300 ... accepted 94. Emin=0.26670228, Emax=109.45643871
realization 95 / 300 ... accepted 95. Emin=8.05381946, Emax=118.96486888
realization 96 / 300 ... accepted 96. Emin=-18.90133944, Emax=91.68767660
realization 97 / 300 ... accepted 97. Emin=11.03765610, Emax=126.15875503
realization 98 / 300 ... accepted 98. Emin=21.83459219, Emax=125.38059529
realization 99 / 300 ... accepted 99. Emin=7.38482175, Emax=117.45538638
realization 100 / 300 ... accepted 100. Emin=0.32567377, Emax=113.36913976
realization 101 / 300 ... accepted 101. Emin=-10.30360643, Emax=102.16998677
realization 102 / 300 ... accepted 102. Emin=2.29678162, Emax=120.67747548
realization 103 / 300 ... accepted 103. Emin=7.37709657, Emax=111.04677161
realization 104 / 300 ... accepted 104. Emin=7.62154727, Emax=120.63527250
realization 105 / 300 ... accepted 105. Emin=-7.52505805, Emax=106.02386641
realization 106 / 300 ... accepted 106. Emin=-7.85250294, Emax=108.38484483
realization 107 / 300 ... accepted 107. Emin=-6.95489736, Emax=102.93955051
realization 108 / 300 ... accepted 108. Emin=0.04358404, Emax=108.94248694
realization 109 / 300 ... accepted 109. Emin=-7.06348560, Emax=106.81226459
realization 110 / 300 ... accepted 110. Emin=-5.19258914, Emax=111.10479456
realization 111 / 300 ... accepted 111. Emin=-22.75568814, Emax=89.70617975
realization 112 / 300 ... accepted 112. Emin=-2.49189644, Emax=105.77717819
realization 113 / 300 ... accepted 113. Emin=13.43584921, Emax=113.60034811
realization 114 / 300 ... accepted 114. Emin=-14.22647215, Emax=101.36794658
realization 115 / 300 ... accepted 115. Emin=0.39041165, Emax=112.64842587
realization 116 / 300 ... accepted 116. Emin=19.39227722, Emax=119.13378532
realization 117 / 300 ... accepted 117. Emin=-0.84478408, Emax=108.03205717
realization 118 / 300 ... accepted 118. Emin=-8.17071384, Emax=99.78889129
realization 119 / 300 ... accepted 119. Emin=-5.05064022, Emax=109.99203186
realization 120 / 300 ... accepted 120. Emin=-12.45629447, Emax=106.00449303
realization 121 / 300 ... accepted 121. Emin=2.14362540, Emax=118.37289647
realization 122 / 300 ... accepted 122. Emin=-4.24113573, Emax=93.19581814
realization 123 / 300 ... accepted 123. Emin=19.68419537, Emax=120.48983894
realization 124 / 300 ... accepted 124. Emin=6.00133259, Emax=125.19790797
realization 125 / 300 ... accepted 125. Emin=11.76109517, Emax=128.30057422
realization 126 / 300 ... accepted 126. Emin=15.99244832, Emax=132.96112830
realization 127 / 300 ... accepted 127. Emin=-15.64383640, Emax=100.58770831
realization 128 / 300 ... accepted 128. Emin=-21.89159272, Emax=80.09751466
realization 129 / 300 ... accepted 129. Emin=-3.53590710, Emax=108.26194270
realization 130 / 300 ... accepted 130. Emin=19.54731274, Emax=135.07663559
realization 131 / 300 ... accepted 131. Emin=9.19934289, Emax=117.53539120
realization 132 / 300 ... accepted 132. Emin=-10.46452696, Emax=102.74903599
realization 133 / 300 ... accepted 133. Emin=-8.31766411, Emax=102.07730392
realization 134 / 300 ... accepted 134. Emin=-13.72786657, Emax=97.26898486
realization 135 / 300 ... accepted 135. Emin=6.97991358, Emax=112.55241771
realization 136 / 300 ... accepted 136. Emin=-5.46865843, Emax=106.72294283
realization 137 / 300 ... accepted 137. Emin=17.63431534, Emax=127.21468693
realization 138 / 300 ... accepted 138. Emin=16.22457990, Emax=130.58038998
realization 139 / 300 ... accepted 139. Emin=-1.48096209, Emax=116.58824831
realization 140 / 300 ... accepted 140. Emin=-1.49062963, Emax=116.36556520
realization 141 / 300 ... accepted 141. Emin=10.00952450, Emax=124.25298328
realization 142 / 300 ... accepted 142. Emin=13.89502699, Emax=120.09949511
realization 143 / 300 ... accepted 143. Emin=0.63687218, Emax=116.72112520
realization 144 / 300 ... accepted 144. Emin=-1.03382051, Emax=110.43280208
realization 145 / 300 ... accepted 145. Emin=13.71955882, Emax=132.43164146
realization 146 / 300 ... accepted 146. Emin=8.16273094, Emax=120.93602367
realization 147 / 300 ... accepted 147. Emin=3.33802558, Emax=122.07011131
realization 148 / 300 ... accepted 148. Emin=-10.88231689, Emax=108.69720780
realization 149 / 300 ... accepted 149. Emin=-1.92352316, Emax=113.03346327
realization 150 / 300 ... accepted 150. Emin=-3.83941007, Emax=109.53555353
realization 151 / 300 ... accepted 151. Emin=1.21638820, Emax=115.60559142
realization 152 / 300 ... accepted 152. Emin=-6.86289276, Emax=106.55398591
realization 153 / 300 ... accepted 153. Emin=2.39908992, Emax=123.00362023
realization 154 / 300 ... accepted 154. Emin=-5.80817810, Emax=110.92724680
realization 155 / 300 ... accepted 155. Emin=3.61552241, Emax=116.74416410
realization 156 / 300 ... accepted 156. Emin=-11.87524093, Emax=102.88925780
realization 157 / 300 ... accepted 157. Emin=-12.13188908, Emax=104.79203518
realization 158 / 300 ... accepted 158. Emin=-12.75258862, Emax=100.87679258
realization 159 / 300 ... accepted 159. Emin=-0.24825055, Emax=120.64634573
realization 160 / 300 ... accepted 160. Emin=1.79675758, Emax=117.09732003
realization 161 / 300 ... accepted 161. Emin=13.52453711, Emax=120.58206687
realization 162 / 300 ... accepted 162. Emin=-2.48668225, Emax=108.20480627
realization 163 / 300 ... accepted 163. Emin=0.84641693, Emax=125.00509955
realization 164 / 300 ... accepted 164. Emin=6.10817246, Emax=124.97387250
realization 165 / 300 ... accepted 165. Emin=13.83910993, Emax=133.49127091
realization 166 / 300 ... accepted 166. Emin=-8.06446396, Emax=109.43606735
realization 167 / 300 ... accepted 167. Emin=10.15744015, Emax=127.97181571
realization 168 / 300 ... accepted 168. Emin=12.07949754, Emax=117.47441178
realization 169 / 300 ... accepted 169. Emin=8.45353702, Emax=118.18305677
realization 170 / 300 ... accepted 170. Emin=-1.83929156, Emax=118.44085701
realization 171 / 300 ... accepted 171. Emin=-19.49441336, Emax=86.13143403
realization 172 / 300 ... accepted 172. Emin=-2.80898673, Emax=108.62062036
realization 173 / 300 ... accepted 173. Emin=-6.06422457, Emax=106.92677407
realization 174 / 300 ... accepted 174. Emin=-4.33032167, Emax=106.15189050
realization 175 / 300 ... accepted 175. Emin=-5.65830888, Emax=115.36699599
realization 176 / 300 ... accepted 176. Emin=24.21931585, Emax=129.47247681
realization 177 / 300 ... accepted 177. Emin=-0.30925939, Emax=111.25403235
realization 178 / 300 ... accepted 178. Emin=13.63393798, Emax=124.88890925
realization 179 / 300 ... accepted 179. Emin=4.90610004, Emax=124.64877247
realization 180 / 300 ... accepted 180. Emin=5.68654097, Emax=119.62607422
realization 181 / 300 ... accepted 181. Emin=-2.58208393, Emax=101.24732737
realization 182 / 300 ... accepted 182. Emin=-2.59668583, Emax=112.61776974
realization 183 / 300 ... accepted 183. Emin=-16.02080901, Emax=92.09110937
realization 184 / 300 ... accepted 184. Emin=-1.20574807, Emax=114.75689286
realization 185 / 300 ... accepted 185. Emin=-20.95837459, Emax=88.77523349
realization 186 / 300 ... accepted 186. Emin=11.77585552, Emax=125.68953276
realization 187 / 300 ... accepted 187. Emin=-1.89354217, Emax=116.71765258
realization 188 / 300 ... accepted 188. Emin=0.39991878, Emax=106.94682501
realization 189 / 300 ... accepted 189. Emin=-3.70128215, Emax=114.70736879
realization 190 / 300 ... accepted 190. Emin=12.44802939, Emax=121.35265305
realization 191 / 300 ... accepted 191. Emin=10.21751226, Emax=115.47741536
realization 192 / 300 ... accepted 192. Emin=16.79274509, Emax=133.22480866
realization 193 / 300 ... accepted 193. Emin=-13.96434305, Emax=101.46457548
realization 194 / 300 ... accepted 194. Emin=-23.69382906, Emax=88.81567913
realization 195 / 300 ... accepted 195. Emin=12.35084959, Emax=115.59661547
realization 196 / 300 ... accepted 196. Emin=0.46734866, Emax=116.70547170
realization 197 / 300 ... accepted 197. Emin=-6.61202504, Emax=108.55699786
realization 198 / 300 ... accepted 198. Emin=7.16458516, Emax=123.03939633
realization 199 / 300 ... accepted 199. Emin=-22.92202538, Emax=81.81441305
realization 200 / 300 ... accepted 200. Emin=3.54606400, Emax=114.53562568
realization 201 / 300 ... accepted 201. Emin=15.30040947, Emax=113.48282924
realization 202 / 300 ... accepted 202. Emin=14.54099137, Emax=129.21660652
realization 203 / 300 ... accepted 203. Emin=-0.80883665, Emax=108.17047578
realization 204 / 300 ... accepted 204. Emin=2.29295609, Emax=105.26798953
realization 205 / 300 ... accepted 205. Emin=-0.18887972, Emax=113.02603140
realization 206 / 300 ... accepted 206. Emin=19.73521001, Emax=133.92856402
realization 207 / 300 ... accepted 207. Emin=-7.52448401, Emax=113.97744933
realization 208 / 300 ... accepted 208. Emin=-4.44265817, Emax=99.95706124
realization 209 / 300 ... accepted 209. Emin=20.41904847, Emax=125.68659348
realization 210 / 300 ... accepted 210. Emin=-26.58523271, Emax=83.77630203
realization 211 / 300 ... accepted 211. Emin=-4.41103022, Emax=104.45727930
realization 212 / 300 ... accepted 212. Emin=-4.31578690, Emax=106.08583582
realization 213 / 300 ... accepted 213. Emin=5.49754883, Emax=120.17561808
realization 214 / 300 ... accepted 214. Emin=11.69396265, Emax=119.77598307
realization 215 / 300 ... accepted 215. Emin=3.82588700, Emax=122.51629594
realization 216 / 300 ... accepted 216. Emin=-2.53436282, Emax=104.67655361
realization 217 / 300 ... accepted 217. Emin=-0.46089266, Emax=111.24628210
realization 218 / 300 ... accepted 218. Emin=-9.26552533, Emax=105.59786998
realization 219 / 300 ... accepted 219. Emin=9.87921605, Emax=122.09842188
realization 220 / 300 ... accepted 220. Emin=-13.05168814, Emax=101.52861993
realization 221 / 300 ... accepted 221. Emin=-1.83045115, Emax=101.53007571
realization 222 / 300 ... accepted 222. Emin=-12.12945613, Emax=99.07380482
realization 223 / 300 ... accepted 223. Emin=-0.71058671, Emax=108.12057814
realization 224 / 300 ... accepted 224. Emin=5.03059576, Emax=118.67478127
realization 225 / 300 ... accepted 225. Emin=12.22174072, Emax=119.20383430
realization 226 / 300 ... accepted 226. Emin=-9.75915104, Emax=93.96072948
realization 227 / 300 ... accepted 227. Emin=-0.75396685, Emax=103.14866771
realization 228 / 300 ... accepted 228. Emin=-15.84016852, Emax=94.86787147
realization 229 / 300 ... accepted 229. Emin=-14.44029927, Emax=91.24799164
realization 230 / 300 ... accepted 230. Emin=8.59288484, Emax=120.84297388
realization 231 / 300 ... accepted 231. Emin=13.78512142, Emax=131.82400441
realization 232 / 300 ... accepted 232. Emin=-13.44425560, Emax=96.99662442
realization 233 / 300 ... accepted 233. Emin=-5.15549511, Emax=106.12838828
realization 234 / 300 ... accepted 234. Emin=-11.22041189, Emax=100.56877589
realization 235 / 300 ... accepted 235. Emin=-20.48541282, Emax=83.55664573
realization 236 / 300 ... accepted 236. Emin=10.91455288, Emax=120.65839283
realization 237 / 300 ... accepted 237. Emin=13.17977276, Emax=123.18946317
realization 238 / 300 ... accepted 238. Emin=-6.13971077, Emax=113.83151741
realization 239 / 300 ... accepted 239. Emin=6.97911730, Emax=128.49683752
realization 240 / 300 ... accepted 240. Emin=7.30383433, Emax=130.42533625
realization 241 / 300 ... accepted 241. Emin=-6.41711142, Emax=99.86393932
realization 242 / 300 ... accepted 242. Emin=-10.17114017, Emax=101.60853844
realization 243 / 300 ... accepted 243. Emin=-0.71639625, Emax=110.41291287
realization 244 / 300 ... accepted 244. Emin=3.74873289, Emax=122.46066732
realization 245 / 300 ... accepted 245. Emin=4.43165242, Emax=114.75193411
realization 246 / 300 ... accepted 246. Emin=-14.31510381, Emax=101.66443820
realization 247 / 300 ... accepted 247. Emin=-11.61322256, Emax=97.24605644
realization 248 / 300 ... accepted 248. Emin=-2.84719467, Emax=103.08158173
realization 249 / 300 ... accepted 249. Emin=12.01117184, Emax=117.88065139
realization 250 / 300 ... accepted 250. Emin=8.92797511, Emax=121.06409587
realization 251 / 300 ... accepted 251. Emin=-0.89400029, Emax=107.95086075
realization 252 / 300 ... accepted 252. Emin=8.82895062, Emax=118.57776764
realization 253 / 300 ... accepted 253. Emin=33.74749007, Emax=134.24675211
realization 254 / 300 ... accepted 254. Emin=-5.40714525, Emax=119.94868145
realization 255 / 300 ... accepted 255. Emin=10.75230957, Emax=122.00330245
realization 256 / 300 ... accepted 256. Emin=2.51663090, Emax=112.23630050
realization 257 / 300 ... accepted 257. Emin=6.03419201, Emax=109.81261137
realization 258 / 300 ... accepted 258. Emin=-10.59123867, Emax=107.72305197
realization 259 / 300 ... accepted 259. Emin=11.72094087, Emax=119.25973751
realization 260 / 300 ... accepted 260. Emin=8.99631831, Emax=127.43339019
realization 261 / 300 ... accepted 261. Emin=-0.73907374, Emax=109.97010090
realization 262 / 300 ... accepted 262. Emin=-14.28566251, Emax=95.15093165
realization 263 / 300 ... accepted 263. Emin=14.06616126, Emax=120.45785969
realization 264 / 300 ... accepted 264. Emin=1.89654001, Emax=117.85714184
realization 265 / 300 ... accepted 265. Emin=-2.45137591, Emax=107.60972793
realization 266 / 300 ... accepted 266. Emin=-5.30599758, Emax=111.13759223
realization 267 / 300 ... accepted 267. Emin=-2.65480667, Emax=100.63937785
realization 268 / 300 ... accepted 268. Emin=1.69288777, Emax=109.46804754
realization 269 / 300 ... accepted 269. Emin=-18.89149581, Emax=84.42773284
realization 270 / 300 ... accepted 270. Emin=-9.07634125, Emax=94.47092629
realization 271 / 300 ... accepted 271. Emin=7.40627771, Emax=121.79876734
realization 272 / 300 ... accepted 272. Emin=10.93829883, Emax=114.83705952
realization 273 / 300 ... accepted 273. Emin=-2.99587171, Emax=118.60619291
realization 274 / 300 ... accepted 274. Emin=1.24822808, Emax=113.07079906
realization 275 / 300 ... accepted 275. Emin=-3.08188621, Emax=105.76404717
realization 276 / 300 ... accepted 276. Emin=8.65319049, Emax=122.29201825
realization 277 / 300 ... accepted 277. Emin=-6.25258096, Emax=104.70759701
realization 278 / 300 ... accepted 278. Emin=-8.48224605, Emax=98.97226617
realization 279 / 300 ... accepted 279. Emin=-5.28424109, Emax=111.77540978
realization 280 / 300 ... accepted 280. Emin=-3.97526208, Emax=112.69704929
realization 281 / 300 ... accepted 281. Emin=-3.39334827, Emax=120.15095253
realization 282 / 300 ... accepted 282. Emin=1.20091268, Emax=119.04767134
realization 283 / 300 ... accepted 283. Emin=-0.81266279, Emax=111.98048942
realization 284 / 300 ... accepted 284. Emin=-13.82867281, Emax=98.97561758
realization 285 / 300 ... accepted 285. Emin=-22.22693378, Emax=85.63019946
realization 286 / 300 ... accepted 286. Emin=4.52160546, Emax=110.41822321
realization 287 / 300 ... accepted 287. Emin=-19.90027450, Emax=83.66592041
realization 288 / 300 ... accepted 288. Emin=23.13195253, Emax=134.45437871
realization 289 / 300 ... accepted 289. Emin=3.46936110, Emax=113.19098245
realization 290 / 300 ... accepted 290. Emin=2.58792299, Emax=120.01079164
realization 291 / 300 ... accepted 291. Emin=20.63551618, Emax=127.28854475
realization 292 / 300 ... accepted 292. Emin=-8.81567920, Emax=116.40870614
realization 293 / 300 ... accepted 293. Emin=-0.68971375, Emax=111.15157996
realization 294 / 300 ... accepted 294. Emin=-9.78695104, Emax=99.46083860
realization 295 / 300 ... accepted 295. Emin=-3.32176525, Emax=125.32306044
realization 296 / 300 ... accepted 296. Emin=12.13136155, Emax=127.72777263
realization 297 / 300 ... accepted 297. Emin=0.83852669, Emax=119.65868787
realization 298 / 300 ... accepted 298. Emin=-10.80661389, Emax=92.93366838
realization 299 / 300 ... accepted 299. Emin=-1.37779188, Emax=111.17116756
realization 300 / 300 ... accepted 300. Emin=6.99034306, Emax=123.48282620
Saved final energies: /home/2/kj405942/POLFED_bosons/pbs_bose_legacy_nmax2_periodic/data/U_15/W_8/L_6/N_6_nmax_2/boundary_periodic/energies_full_U15_L6_N6_nmax2_W8_boundaryperiodic_nreal300.txt
Accepted realizations: 300 / 300
Skipped realizations: 0
Job finished at Sun May 31 17:12:25 UTC 2026
