Job started on w30 at Sun May 31 17:10:40 UTC 2026
PBS_JOBID=7731460.kruk-host.ift-klaster.lan
PBS_O_WORKDIR=/home/2/kj405942/POLFED_bosons
Bose-Hubbard: L=6, N=6, nmax=2, dim=141
t=1, U=15, W=1, nreal=300, boundary=periodic, mode=full
Writing partial results to /home/2/kj405942/POLFED_bosons/pbs_bose_legacy_nmax2_periodic/data/U_15/W_1/L_6/N_6_nmax_2/boundary_periodic/energies_full_U15_L6_N6_nmax2_W1_boundaryperiodic_nreal300_partial.txt
realization 1 / 300 ... accepted 1. Emin=-1.27522083, Emax=92.32041855
realization 2 / 300 ... accepted 2. Emin=-1.59211979, Emax=91.40125706
realization 3 / 300 ... accepted 3. Emin=1.33216736, Emax=94.02929928
realization 4 / 300 ... accepted 4. Emin=-0.73066373, Emax=93.43963394
realization 5 / 300 ... accepted 5. Emin=-0.62401205, Emax=92.94348611
realization 6 / 300 ... accepted 6. Emin=0.68909374, Emax=93.86151335
realization 7 / 300 ... accepted 7. Emin=-1.55213760, Emax=92.39743982
realization 8 / 300 ... accepted 8. Emin=-2.95668335, Emax=90.10842989
realization 9 / 300 ... accepted 9. Emin=-0.68999377, Emax=92.47957725
realization 10 / 300 ... accepted 10. Emin=-1.16117681, Emax=92.19606536
realization 11 / 300 ... accepted 11. Emin=2.08880486, Emax=95.99117320
realization 12 / 300 ... accepted 12. Emin=-2.41694984, Emax=91.49987855
realization 13 / 300 ... accepted 13. Emin=-2.17085958, Emax=92.56216357
realization 14 / 300 ... accepted 14. Emin=-1.32115989, Emax=94.28132812
realization 15 / 300 ... accepted 15. Emin=-1.49215282, Emax=93.72748082
realization 16 / 300 ... accepted 16. Emin=-2.14161446, Emax=92.28011159
realization 17 / 300 ... accepted 17. Emin=-2.26300467, Emax=90.30493840
realization 18 / 300 ... accepted 18. Emin=-2.89289847, Emax=90.13847475
realization 19 / 300 ... accepted 19. Emin=-0.13440734, Emax=95.79743781
realization 20 / 300 ... accepted 20. Emin=-0.04243815, Emax=92.33858985
realization 21 / 300 ... accepted 21. Emin=0.95765912, Emax=94.49325123
realization 22 / 300 ... accepted 22. Emin=-2.37319280, Emax=90.70793066
realization 23 / 300 ... accepted 23. Emin=-1.24869820, Emax=93.61434752
realization 24 / 300 ... accepted 24. Emin=-2.43104427, Emax=91.04874273
realization 25 / 300 ... accepted 25. Emin=-2.67110725, Emax=91.77578914
realization 26 / 300 ... accepted 26. Emin=1.39215564, Emax=93.34286407
realization 27 / 300 ... accepted 27. Emin=-1.26000370, Emax=91.27956398
realization 28 / 300 ... accepted 28. Emin=1.43184652, Emax=95.73601799
realization 29 / 300 ... accepted 29. Emin=-0.03782898, Emax=93.07600331
realization 30 / 300 ... accepted 30. Emin=1.07153731, Emax=93.50117793
realization 31 / 300 ... accepted 31. Emin=-3.54181123, Emax=88.61614083
realization 32 / 300 ... accepted 32. Emin=0.80366141, Emax=94.36224391
realization 33 / 300 ... accepted 33. Emin=1.30553852, Emax=95.24408329
realization 34 / 300 ... accepted 34. Emin=-2.06102461, Emax=92.42730871
realization 35 / 300 ... accepted 35. Emin=0.37064118, Emax=92.88576108
realization 36 / 300 ... accepted 36. Emin=0.23585297, Emax=92.86615231
realization 37 / 300 ... accepted 37. Emin=0.07533159, Emax=94.78258470
realization 38 / 300 ... accepted 38. Emin=-2.49729476, Emax=90.94220997
realization 39 / 300 ... accepted 39. Emin=-1.56789009, Emax=92.44197947
realization 40 / 300 ... accepted 40. Emin=-0.58551565, Emax=92.71748728
realization 41 / 300 ... accepted 41. Emin=-2.78878310, Emax=90.63504001
realization 42 / 300 ... accepted 42. Emin=-0.76210791, Emax=92.35123316
realization 43 / 300 ... accepted 43. Emin=0.84500818, Emax=94.39301449
realization 44 / 300 ... accepted 44. Emin=-2.10677405, Emax=92.06254130
realization 45 / 300 ... accepted 45. Emin=-3.54484078, Emax=89.34143143
realization 46 / 300 ... accepted 46. Emin=-0.76192232, Emax=93.21215269
realization 47 / 300 ... accepted 47. Emin=-1.99239151, Emax=92.43195274
realization 48 / 300 ... accepted 48. Emin=-0.91622225, Emax=92.88649441
realization 49 / 300 ... accepted 49. Emin=-0.83323955, Emax=93.23371301
realization 50 / 300 ... accepted 50. Emin=-1.27821211, Emax=93.59424041
realization 51 / 300 ... accepted 51. Emin=0.96209501, Emax=95.06412912
realization 52 / 300 ... accepted 52. Emin=0.07936911, Emax=94.04227330
realization 53 / 300 ... accepted 53. Emin=0.25980430, Emax=94.29603300
realization 54 / 300 ... accepted 54. Emin=0.32608686, Emax=93.15032768
realization 55 / 300 ... accepted 55. Emin=-0.48210761, Emax=92.59954244
realization 56 / 300 ... accepted 56. Emin=-0.16323259, Emax=94.15132008
realization 57 / 300 ... accepted 57. Emin=-1.39494595, Emax=91.93337770
realization 58 / 300 ... accepted 58. Emin=-0.51569172, Emax=93.00639589
realization 59 / 300 ... accepted 59. Emin=-2.69196957, Emax=89.88116916
realization 60 / 300 ... accepted 60. Emin=-0.71738914, Emax=92.31839519
realization 61 / 300 ... accepted 61. Emin=-0.63876084, Emax=93.51226102
realization 62 / 300 ... accepted 62. Emin=-3.59593471, Emax=88.97196975
realization 63 / 300 ... accepted 63. Emin=-1.67675432, Emax=92.30744072
realization 64 / 300 ... accepted 64. Emin=-1.00206846, Emax=92.86842012
realization 65 / 300 ... accepted 65. Emin=-1.61850575, Emax=91.91928546
realization 66 / 300 ... accepted 66. Emin=-0.42562098, Emax=93.79991767
realization 67 / 300 ... accepted 67. Emin=-1.62902592, Emax=91.72809260
realization 68 / 300 ... accepted 68. Emin=-2.03427733, Emax=90.80093642
realization 69 / 300 ... accepted 69. Emin=-2.41698812, Emax=92.03216772
realization 70 / 300 ... accepted 70. Emin=0.26723818, Emax=94.10300937
realization 71 / 300 ... accepted 71. Emin=0.87415715, Emax=93.52449387
realization 72 / 300 ... accepted 72. Emin=2.27144992, Emax=95.17796555
realization 73 / 300 ... accepted 73. Emin=0.25220266, Emax=94.29186957
realization 74 / 300 ... accepted 74. Emin=-0.33485146, Emax=92.30498863
realization 75 / 300 ... accepted 75. Emin=1.15699192, Emax=95.47158039
realization 76 / 300 ... accepted 76. Emin=-0.68446245, Emax=93.32192100
realization 77 / 300 ... accepted 77. Emin=-1.97220145, Emax=92.39027856
realization 78 / 300 ... accepted 78. Emin=0.87110303, Emax=94.39627744
realization 79 / 300 ... accepted 79. Emin=-3.45410413, Emax=89.38479585
realization 80 / 300 ... accepted 80. Emin=0.43469999, Emax=95.65827499
realization 81 / 300 ... accepted 81. Emin=1.58230095, Emax=94.92440928
realization 82 / 300 ... accepted 82. Emin=-0.51362111, Emax=93.95235530
realization 83 / 300 ... accepted 83. Emin=-0.41917060, Emax=93.29297469
realization 84 / 300 ... accepted 84. Emin=-1.31380277, Emax=93.78005997
realization 85 / 300 ... accepted 85. Emin=-4.15393519, Emax=87.64384828
realization 86 / 300 ... accepted 86. Emin=0.72990474, Emax=92.72740650
realization 87 / 300 ... accepted 87. Emin=-1.14894377, Emax=92.04541622
realization 88 / 300 ... accepted 88. Emin=-0.95530813, Emax=92.61457020
realization 89 / 300 ... accepted 89. Emin=0.03254931, Emax=92.87938266
realization 90 / 300 ... accepted 90. Emin=-3.23253515, Emax=90.49629896
realization 91 / 300 ... accepted 91. Emin=-3.14196588, Emax=90.74509834
realization 92 / 300 ... accepted 92. Emin=0.05416868, Emax=92.35854104
realization 93 / 300 ... accepted 93. Emin=-3.10014425, Emax=89.42606726
realization 94 / 300 ... accepted 94. Emin=-2.13055717, Emax=91.34249616
realization 95 / 300 ... accepted 95. Emin=-2.12665486, Emax=91.67177595
realization 96 / 300 ... accepted 96. Emin=-2.30019253, Emax=91.45274145
realization 97 / 300 ... accepted 97. Emin=-0.83497620, Emax=91.78715958
realization 98 / 300 ... accepted 98. Emin=-3.62164871, Emax=89.69325473
realization 99 / 300 ... accepted 99. Emin=-0.92955631, Emax=92.04489649
realization 100 / 300 ... accepted 100. Emin=-0.58105808, Emax=92.28891612
realization 101 / 300 ... accepted 101. Emin=-0.69161607, Emax=92.62895545
realization 102 / 300 ... accepted 102. Emin=-1.93045340, Emax=92.64688198
realization 103 / 300 ... accepted 103. Emin=-1.45752999, Emax=93.09560356
realization 104 / 300 ... accepted 104. Emin=0.23387655, Emax=94.44374813
realization 105 / 300 ... accepted 105. Emin=-0.22689937, Emax=93.00429494
realization 106 / 300 ... accepted 106. Emin=-1.27702773, Emax=93.02190312
realization 107 / 300 ... accepted 107. Emin=0.74918528, Emax=94.69326825
realization 108 / 300 ... accepted 108. Emin=0.96437568, Emax=94.43900853
realization 109 / 300 ... accepted 109. Emin=-1.35373586, Emax=93.17292789
realization 110 / 300 ... accepted 110. Emin=-1.52827494, Emax=92.10181153
realization 111 / 300 ... accepted 111. Emin=-0.06655561, Emax=94.22395771
realization 112 / 300 ... accepted 112. Emin=1.10969541, Emax=94.16188911
realization 113 / 300 ... accepted 113. Emin=-1.38231628, Emax=92.76552749
realization 114 / 300 ... accepted 114. Emin=0.43325591, Emax=94.33423249
realization 115 / 300 ... accepted 115. Emin=-1.60245250, Emax=92.12645167
realization 116 / 300 ... accepted 116. Emin=-3.57723554, Emax=88.74013859
realization 117 / 300 ... accepted 117. Emin=0.54436321, Emax=94.26088128
realization 118 / 300 ... accepted 118. Emin=-1.36766949, Emax=91.74701116
realization 119 / 300 ... accepted 119. Emin=0.74523246, Emax=94.30975672
realization 120 / 300 ... accepted 120. Emin=0.01702680, Emax=93.51295422
realization 121 / 300 ... accepted 121. Emin=2.05496428, Emax=95.57968878
realization 122 / 300 ... accepted 122. Emin=-0.68397499, Emax=93.09067438
realization 123 / 300 ... accepted 123. Emin=-2.19568411, Emax=91.70724289
realization 124 / 300 ... accepted 124. Emin=0.07956520, Emax=93.76405174
realization 125 / 300 ... accepted 125. Emin=2.17997082, Emax=95.02719443
realization 126 / 300 ... accepted 126. Emin=0.36479554, Emax=94.84259006
realization 127 / 300 ... accepted 127. Emin=0.61911675, Emax=93.70789142
realization 128 / 300 ... accepted 128. Emin=-2.18882455, Emax=93.22710510
realization 129 / 300 ... accepted 129. Emin=0.12164902, Emax=93.19923189
realization 130 / 300 ... accepted 130. Emin=1.54254147, Emax=95.28242685
realization 131 / 300 ... accepted 131. Emin=0.66089798, Emax=94.16672765
realization 132 / 300 ... accepted 132. Emin=-2.63082393, Emax=90.73894145
realization 133 / 300 ... accepted 133. Emin=2.25517205, Emax=95.27573044
realization 134 / 300 ... accepted 134. Emin=-0.01174404, Emax=93.97838835
realization 135 / 300 ... accepted 135. Emin=-1.50401219, Emax=93.04204897
realization 136 / 300 ... accepted 136. Emin=0.68919431, Emax=93.86202912
realization 137 / 300 ... accepted 137. Emin=-1.25674155, Emax=92.23235345
realization 138 / 300 ... accepted 138. Emin=-3.96609978, Emax=89.09226901
realization 139 / 300 ... accepted 139. Emin=-0.27086706, Emax=93.77131107
realization 140 / 300 ... accepted 140. Emin=0.04268061, Emax=93.80918817
realization 141 / 300 ... accepted 141. Emin=-2.55701133, Emax=89.92758193
realization 142 / 300 ... accepted 142. Emin=-3.27089825, Emax=89.19723392
realization 143 / 300 ... accepted 143. Emin=-2.40257595, Emax=91.23991060
realization 144 / 300 ... accepted 144. Emin=-1.99567303, Emax=90.23475761
realization 145 / 300 ... accepted 145. Emin=-2.86526721, Emax=90.43651808
realization 146 / 300 ... accepted 146. Emin=1.15600731, Emax=94.63542974
realization 147 / 300 ... accepted 147. Emin=-0.18409792, Emax=92.46301212
realization 148 / 300 ... accepted 148. Emin=0.32977644, Emax=94.47639823
realization 149 / 300 ... accepted 149. Emin=-0.24178959, Emax=94.68602373
realization 150 / 300 ... accepted 150. Emin=0.79570250, Emax=95.19158938
realization 151 / 300 ... accepted 151. Emin=0.61906171, Emax=94.76084321
realization 152 / 300 ... accepted 152. Emin=-1.92553008, Emax=91.52320428
realization 153 / 300 ... accepted 153. Emin=-1.55322390, Emax=93.66768774
realization 154 / 300 ... accepted 154. Emin=-0.73662581, Emax=93.57300437
realization 155 / 300 ... accepted 155. Emin=-1.13841214, Emax=92.87039193
realization 156 / 300 ... accepted 156. Emin=-1.35870940, Emax=92.26130581
realization 157 / 300 ... accepted 157. Emin=-0.95048798, Emax=91.96491895
realization 158 / 300 ... accepted 158. Emin=-2.51821924, Emax=91.34314644
realization 159 / 300 ... accepted 159. Emin=-2.06617008, Emax=91.40054627
realization 160 / 300 ... accepted 160. Emin=-1.82869309, Emax=92.95711252
realization 161 / 300 ... accepted 161. Emin=-0.65271303, Emax=92.84922340
realization 162 / 300 ... accepted 162. Emin=1.72891193, Emax=95.46879122
realization 163 / 300 ... accepted 163. Emin=-1.62880616, Emax=91.79475573
realization 164 / 300 ... accepted 164. Emin=-0.64481377, Emax=91.89040012
realization 165 / 300 ... accepted 165. Emin=0.07846084, Emax=93.72297279
realization 166 / 300 ... accepted 166. Emin=-1.08005893, Emax=91.08309551
realization 167 / 300 ... accepted 167. Emin=-1.15792633, Emax=93.28794533
realization 168 / 300 ... accepted 168. Emin=0.62874405, Emax=94.58410574
realization 169 / 300 ... accepted 169. Emin=-1.33050692, Emax=93.24161422
realization 170 / 300 ... accepted 170. Emin=0.64128315, Emax=94.35207567
realization 171 / 300 ... accepted 171. Emin=-2.68245151, Emax=90.70239521
realization 172 / 300 ... accepted 172. Emin=-1.55449862, Emax=92.45715293
realization 173 / 300 ... accepted 173. Emin=0.93419717, Emax=93.77638871
realization 174 / 300 ... accepted 174. Emin=-2.21800890, Emax=91.27492218
realization 175 / 300 ... accepted 175. Emin=-1.34611080, Emax=92.73253817
realization 176 / 300 ... accepted 176. Emin=-3.59159864, Emax=89.69536425
realization 177 / 300 ... accepted 177. Emin=-1.97966405, Emax=92.64014984
realization 178 / 300 ... accepted 178. Emin=-2.13311596, Emax=92.29614030
realization 179 / 300 ... accepted 179. Emin=-1.34162004, Emax=92.74730494
realization 180 / 300 ... accepted 180. Emin=-1.40839847, Emax=92.89307509
realization 181 / 300 ... accepted 181. Emin=-2.09203806, Emax=91.33309762
realization 182 / 300 ... accepted 182. Emin=0.13597488, Emax=92.78314706
realization 183 / 300 ... accepted 183. Emin=0.79679531, Emax=93.69362019
realization 184 / 300 ... accepted 184. Emin=-2.28716009, Emax=91.31942478
realization 185 / 300 ... accepted 185. Emin=2.18283403, Emax=95.11489919
realization 186 / 300 ... accepted 186. Emin=-0.91930995, Emax=92.51265206
realization 187 / 300 ... accepted 187. Emin=0.46856580, Emax=94.98939045
realization 188 / 300 ... accepted 188. Emin=-2.59907161, Emax=90.26587545
realization 189 / 300 ... accepted 189. Emin=0.60965087, Emax=93.02124820
realization 190 / 300 ... accepted 190. Emin=-1.81544146, Emax=91.68226088
realization 191 / 300 ... accepted 191. Emin=-0.02383255, Emax=93.45288354
realization 192 / 300 ... accepted 192. Emin=-0.67567182, Emax=93.95267647
realization 193 / 300 ... accepted 193. Emin=-0.87237968, Emax=92.70369922
realization 194 / 300 ... accepted 194. Emin=-3.00474411, Emax=89.71917662
realization 195 / 300 ... accepted 195. Emin=-0.23728015, Emax=93.63698331
realization 196 / 300 ... accepted 196. Emin=-0.77559677, Emax=93.64724541
realization 197 / 300 ... accepted 197. Emin=-3.18991676, Emax=90.05701470
realization 198 / 300 ... accepted 198. Emin=-1.65462152, Emax=92.10049063
realization 199 / 300 ... accepted 199. Emin=0.62579843, Emax=92.41502394
realization 200 / 300 ... accepted 200. Emin=-0.45462673, Emax=94.20014912
realization 201 / 300 ... accepted 201. Emin=1.14915279, Emax=94.48125603
realization 202 / 300 ... accepted 202. Emin=-1.41387188, Emax=93.51650816
realization 203 / 300 ... accepted 203. Emin=-0.86139555, Emax=92.65329431
realization 204 / 300 ... accepted 204. Emin=-0.88352377, Emax=93.11053747
realization 205 / 300 ... accepted 205. Emin=0.19866135, Emax=93.83306495
realization 206 / 300 ... accepted 206. Emin=0.46333043, Emax=94.09299672
realization 207 / 300 ... accepted 207. Emin=-1.90750663, Emax=91.96753095
realization 208 / 300 ... accepted 208. Emin=-1.13858081, Emax=92.22574995
realization 209 / 300 ... accepted 209. Emin=-1.53589760, Emax=92.38065156
realization 210 / 300 ... accepted 210. Emin=-0.58488665, Emax=93.30372878
realization 211 / 300 ... accepted 211. Emin=1.59575911, Emax=95.25521146
realization 212 / 300 ... accepted 212. Emin=0.00366714, Emax=95.64352850
realization 213 / 300 ... accepted 213. Emin=-2.61741869, Emax=91.17627324
realization 214 / 300 ... accepted 214. Emin=0.56518052, Emax=94.39984237
realization 215 / 300 ... accepted 215. Emin=-1.99740939, Emax=90.83669953
realization 216 / 300 ... accepted 216. Emin=-1.05589048, Emax=93.06286104
realization 217 / 300 ... accepted 217. Emin=1.32976217, Emax=94.74823085
realization 218 / 300 ... accepted 218. Emin=-3.62203033, Emax=88.78446928
realization 219 / 300 ... accepted 219. Emin=2.91758273, Emax=95.36394717
realization 220 / 300 ... accepted 220. Emin=0.62595212, Emax=95.07589697
realization 221 / 300 ... accepted 221. Emin=0.34063046, Emax=94.00154196
realization 222 / 300 ... accepted 222. Emin=-2.83212956, Emax=90.17871433
realization 223 / 300 ... accepted 223. Emin=-3.09938879, Emax=90.34579609
realization 224 / 300 ... accepted 224. Emin=0.75571645, Emax=94.90504691
realization 225 / 300 ... accepted 225. Emin=-1.85572840, Emax=92.11817527
realization 226 / 300 ... accepted 226. Emin=-1.68354853, Emax=91.84193116
realization 227 / 300 ... accepted 227. Emin=0.07632100, Emax=92.94145360
realization 228 / 300 ... accepted 228. Emin=-1.58838815, Emax=93.52246164
realization 229 / 300 ... accepted 229. Emin=-1.77125871, Emax=91.23912011
realization 230 / 300 ... accepted 230. Emin=-0.74931535, Emax=93.72775932
realization 231 / 300 ... accepted 231. Emin=0.47866194, Emax=94.07784740
realization 232 / 300 ... accepted 232. Emin=-0.02947671, Emax=94.05849959
realization 233 / 300 ... accepted 233. Emin=-1.90551214, Emax=90.56231293
realization 234 / 300 ... accepted 234. Emin=-0.34798044, Emax=93.22189897
realization 235 / 300 ... accepted 235. Emin=-2.16173342, Emax=91.31144683
realization 236 / 300 ... accepted 236. Emin=-1.92059672, Emax=92.09524605
realization 237 / 300 ... accepted 237. Emin=0.77180793, Emax=94.28315094
realization 238 / 300 ... accepted 238. Emin=-0.74793486, Emax=91.84437442
realization 239 / 300 ... accepted 239. Emin=-1.16786150, Emax=91.45680307
realization 240 / 300 ... accepted 240. Emin=-1.59386706, Emax=91.80274242
realization 241 / 300 ... accepted 241. Emin=-1.89140650, Emax=92.16077475
realization 242 / 300 ... accepted 242. Emin=-1.64477716, Emax=93.14672010
realization 243 / 300 ... accepted 243. Emin=1.59758354, Emax=95.12529682
realization 244 / 300 ... accepted 244. Emin=-1.26147313, Emax=91.30871228
realization 245 / 300 ... accepted 245. Emin=0.71436990, Emax=93.30241115
realization 246 / 300 ... accepted 246. Emin=-1.12352574, Emax=92.25678923
realization 247 / 300 ... accepted 247. Emin=-1.77095851, Emax=92.47428761
realization 248 / 300 ... accepted 248. Emin=-1.79726126, Emax=92.08609722
realization 249 / 300 ... accepted 249. Emin=0.64149900, Emax=94.54703627
realization 250 / 300 ... accepted 250. Emin=-0.86926172, Emax=93.22064211
realization 251 / 300 ... accepted 251. Emin=0.57124850, Emax=92.98794326
realization 252 / 300 ... accepted 252. Emin=0.51046603, Emax=95.28916302
realization 253 / 300 ... accepted 253. Emin=-2.29617587, Emax=91.60143650
realization 254 / 300 ... accepted 254. Emin=-1.30545620, Emax=93.13631319
realization 255 / 300 ... accepted 255. Emin=-1.22825796, Emax=92.85358761
realization 256 / 300 ... accepted 256. Emin=-0.94766788, Emax=92.41028244
realization 257 / 300 ... accepted 257. Emin=-1.43525032, Emax=93.59176543
realization 258 / 300 ... accepted 258. Emin=-2.63778184, Emax=90.57426243
realization 259 / 300 ... accepted 259. Emin=0.08066158, Emax=94.78140593
realization 260 / 300 ... accepted 260. Emin=-1.86317283, Emax=92.03745410
realization 261 / 300 ... accepted 261. Emin=-2.35149487, Emax=91.51754697
realization 262 / 300 ... accepted 262. Emin=-1.68297945, Emax=91.92890054
realization 263 / 300 ... accepted 263. Emin=-0.84881720, Emax=92.66362215
realization 264 / 300 ... accepted 264. Emin=-1.07764907, Emax=92.96744230
realization 265 / 300 ... accepted 265. Emin=0.66614018, Emax=93.01726533
realization 266 / 300 ... accepted 266. Emin=-1.95313001, Emax=91.47410545
realization 267 / 300 ... accepted 267. Emin=0.52006526, Emax=93.78968911
realization 268 / 300 ... accepted 268. Emin=0.35384799, Emax=94.17538670
realization 269 / 300 ... accepted 269. Emin=-3.66377395, Emax=88.83794349
realization 270 / 300 ... accepted 270. Emin=-1.43683593, Emax=92.12821651
realization 271 / 300 ... accepted 271. Emin=1.73414294, Emax=94.64100177
realization 272 / 300 ... accepted 272. Emin=-0.29598838, Emax=94.15394068
realization 273 / 300 ... accepted 273. Emin=-1.29910785, Emax=92.25949926
realization 274 / 300 ... accepted 274. Emin=-1.68613645, Emax=92.46609059
realization 275 / 300 ... accepted 275. Emin=-1.34569679, Emax=93.04531862
realization 276 / 300 ... accepted 276. Emin=0.15315153, Emax=94.24235627
realization 277 / 300 ... accepted 277. Emin=-0.87524437, Emax=91.89513578
realization 278 / 300 ... accepted 278. Emin=-2.67186254, Emax=90.68730726
realization 279 / 300 ... accepted 279. Emin=-1.75224127, Emax=92.17917431
realization 280 / 300 ... accepted 280. Emin=0.31968145, Emax=94.34288878
realization 281 / 300 ... accepted 281. Emin=-1.85848742, Emax=92.89100403
realization 282 / 300 ... accepted 282. Emin=1.68482063, Emax=94.94846443
realization 283 / 300 ... accepted 283. Emin=-1.09721923, Emax=93.11077289
realization 284 / 300 ... accepted 284. Emin=1.36343478, Emax=95.22926041
realization 285 / 300 ... accepted 285. Emin=-2.48480146, Emax=90.26166353
realization 286 / 300 ... accepted 286. Emin=-1.61848419, Emax=92.05389400
realization 287 / 300 ... accepted 287. Emin=1.25781807, Emax=94.24953733
realization 288 / 300 ... accepted 288. Emin=-1.03019237, Emax=91.94716938
realization 289 / 300 ... accepted 289. Emin=-2.00638947, Emax=91.24680052
realization 290 / 300 ... accepted 290. Emin=-1.00544351, Emax=92.86667450
realization 291 / 300 ... accepted 291. Emin=-1.44506458, Emax=91.09980531
realization 292 / 300 ... accepted 292. Emin=-1.44093462, Emax=92.50106745
realization 293 / 300 ... accepted 293. Emin=-1.82103578, Emax=91.82697203
realization 294 / 300 ... accepted 294. Emin=1.50715597, Emax=95.30707002
realization 295 / 300 ... accepted 295. Emin=0.21762435, Emax=93.00855495
realization 296 / 300 ... accepted 296. Emin=0.02075322, Emax=94.06447588
realization 297 / 300 ... accepted 297. Emin=-0.49128333, Emax=93.48708004
realization 298 / 300 ... accepted 298. Emin=-0.90386143, Emax=94.25303509
realization 299 / 300 ... accepted 299. Emin=-1.35084001, Emax=91.77608236
realization 300 / 300 ... accepted 300. Emin=-0.19028459, Emax=94.14829052
Saved final energies: /home/2/kj405942/POLFED_bosons/pbs_bose_legacy_nmax2_periodic/data/U_15/W_1/L_6/N_6_nmax_2/boundary_periodic/energies_full_U15_L6_N6_nmax2_W1_boundaryperiodic_nreal300.txt
Accepted realizations: 300 / 300
Skipped realizations: 0
Job finished at Sun May 31 17:12:23 UTC 2026
