Job started on w30 at Sun May 31 17:10:46 UTC 2026
PBS_JOBID=7731470.kruk-host.ift-klaster.lan
PBS_O_WORKDIR=/home/2/kj405942/POLFED_bosons
Bose-Hubbard: L=6, N=6, nmax=2, dim=141
t=1, U=15, W=11, nreal=300, boundary=periodic, mode=full
Writing partial results to /home/2/kj405942/POLFED_bosons/pbs_bose_legacy_nmax2_periodic/data/U_15/W_11/L_6/N_6_nmax_2/boundary_periodic/energies_full_U15_L6_N6_nmax2_W11_boundaryperiodic_nreal300_partial.txt
realization 1 / 300 ... accepted 1. Emin=-18.63554983, Emax=115.89293829
realization 2 / 300 ... accepted 2. Emin=-8.10419198, Emax=110.46912354
realization 3 / 300 ... accepted 3. Emin=25.09581452, Emax=149.87622176
realization 4 / 300 ... accepted 4. Emin=-21.54785362, Emax=92.15295606
realization 5 / 300 ... accepted 5. Emin=-1.73559278, Emax=118.00832652
realization 6 / 300 ... accepted 6. Emin=-10.18553535, Emax=95.14596341
realization 7 / 300 ... accepted 7. Emin=-8.13057003, Emax=117.54852273
realization 8 / 300 ... accepted 8. Emin=-25.41871773, Emax=91.54430795
realization 9 / 300 ... accepted 9. Emin=-14.90448002, Emax=103.21120839
realization 10 / 300 ... accepted 10. Emin=30.03930024, Emax=138.68730833
realization 11 / 300 ... accepted 11. Emin=-24.40810603, Emax=96.89469735
realization 12 / 300 ... accepted 12. Emin=-14.53080426, Emax=104.10419611
realization 13 / 300 ... accepted 13. Emin=13.96452835, Emax=130.92052914
realization 14 / 300 ... accepted 14. Emin=30.04327180, Emax=137.47575828
realization 15 / 300 ... accepted 15. Emin=-18.58014686, Emax=103.60066408
realization 16 / 300 ... accepted 16. Emin=-23.55283022, Emax=99.39591217
realization 17 / 300 ... accepted 17. Emin=6.08795839, Emax=137.77117570
realization 18 / 300 ... accepted 18. Emin=21.25563140, Emax=139.40431325
realization 19 / 300 ... accepted 19. Emin=11.20267065, Emax=127.88821125
realization 20 / 300 ... accepted 20. Emin=-16.86028945, Emax=97.08142426
realization 21 / 300 ... accepted 21. Emin=-14.49486587, Emax=115.21660909
realization 22 / 300 ... accepted 22. Emin=-32.15968803, Emax=82.24698407
realization 23 / 300 ... accepted 23. Emin=0.40333328, Emax=123.79410982
realization 24 / 300 ... accepted 24. Emin=-26.08442029, Emax=85.33254812
realization 25 / 300 ... accepted 25. Emin=4.23948489, Emax=118.28764710
realization 26 / 300 ... accepted 26. Emin=-11.88632874, Emax=108.02258439
realization 27 / 300 ... accepted 27. Emin=-15.53162209, Emax=112.32979061
realization 28 / 300 ... accepted 28. Emin=4.87541716, Emax=125.65387897
realization 29 / 300 ... accepted 29. Emin=5.62100407, Emax=123.19620005
realization 30 / 300 ... accepted 30. Emin=-18.28453761, Emax=89.76969252
realization 31 / 300 ... accepted 31. Emin=-2.07508488, Emax=133.18918812
realization 32 / 300 ... accepted 32. Emin=12.84396928, Emax=138.51743099
realization 33 / 300 ... accepted 33. Emin=5.45694374, Emax=134.01868701
realization 34 / 300 ... accepted 34. Emin=0.66004327, Emax=110.78930970
realization 35 / 300 ... accepted 35. Emin=-16.41831536, Emax=110.43093062
realization 36 / 300 ... accepted 36. Emin=4.78366473, Emax=116.66308313
realization 37 / 300 ... accepted 37. Emin=-14.17229518, Emax=102.79214953
realization 38 / 300 ... accepted 38. Emin=-5.02445166, Emax=119.05324857
realization 39 / 300 ... accepted 39. Emin=-18.46182131, Emax=105.70037214
realization 40 / 300 ... accepted 40. Emin=0.63251500, Emax=122.04922636
realization 41 / 300 ... accepted 41. Emin=14.43756072, Emax=131.36941683
realization 42 / 300 ... accepted 42. Emin=8.52041487, Emax=135.12778043
realization 43 / 300 ... accepted 43. Emin=8.86956486, Emax=129.61825241
realization 44 / 300 ... accepted 44. Emin=-21.69607813, Emax=99.34422122
realization 45 / 300 ... accepted 45. Emin=-16.66675831, Emax=99.95783436
realization 46 / 300 ... accepted 46. Emin=4.69422839, Emax=134.33319764
realization 47 / 300 ... accepted 47. Emin=-4.79042267, Emax=130.92202272
realization 48 / 300 ... accepted 48. Emin=-33.97783372, Emax=73.63732057
realization 49 / 300 ... accepted 49. Emin=-14.24907265, Emax=124.39876096
realization 50 / 300 ... accepted 50. Emin=-1.28277604, Emax=116.61072601
realization 51 / 300 ... accepted 51. Emin=-21.25569102, Emax=91.91113344
realization 52 / 300 ... accepted 52. Emin=0.78874169, Emax=107.16792595
realization 53 / 300 ... accepted 53. Emin=-8.77386982, Emax=113.10278152
realization 54 / 300 ... accepted 54. Emin=22.69570756, Emax=145.94326727
realization 55 / 300 ... accepted 55. Emin=12.68009260, Emax=134.45107224
realization 56 / 300 ... accepted 56. Emin=16.35700790, Emax=146.53501444
realization 57 / 300 ... accepted 57. Emin=12.96579681, Emax=134.54195730
realization 58 / 300 ... accepted 58. Emin=-10.24460421, Emax=105.30906398
realization 59 / 300 ... accepted 59. Emin=-35.54635643, Emax=67.37694737
realization 60 / 300 ... accepted 60. Emin=-11.77542434, Emax=118.53753094
realization 61 / 300 ... accepted 61. Emin=13.19487095, Emax=135.67913290
realization 62 / 300 ... accepted 62. Emin=-18.28608887, Emax=112.17272151
realization 63 / 300 ... accepted 63. Emin=7.66197273, Emax=121.56526635
realization 64 / 300 ... accepted 64. Emin=-15.41957294, Emax=105.73104403
realization 65 / 300 ... accepted 65. Emin=-15.11261729, Emax=110.00781251
realization 66 / 300 ... accepted 66. Emin=-20.93601093, Emax=84.51223157
realization 67 / 300 ... accepted 67. Emin=18.49937231, Emax=143.14164329
realization 68 / 300 ... accepted 68. Emin=-26.77621757, Emax=86.92805781
realization 69 / 300 ... accepted 69. Emin=5.07318530, Emax=126.62778191
realization 70 / 300 ... accepted 70. Emin=-9.36568782, Emax=104.31716198
realization 71 / 300 ... accepted 71. Emin=-2.04711294, Emax=121.13685283
realization 72 / 300 ... accepted 72. Emin=-32.28066138, Emax=69.45837427
realization 73 / 300 ... accepted 73. Emin=2.38068190, Emax=120.51268216
realization 74 / 300 ... accepted 74. Emin=-17.17161351, Emax=113.32285291
realization 75 / 300 ... accepted 75. Emin=-17.58865265, Emax=101.93310789
realization 76 / 300 ... accepted 76. Emin=33.82884080, Emax=144.72056359
realization 77 / 300 ... accepted 77. Emin=-33.61811269, Emax=71.23590068
realization 78 / 300 ... accepted 78. Emin=15.62105812, Emax=140.53576951
realization 79 / 300 ... accepted 79. Emin=1.24992919, Emax=121.95832832
realization 80 / 300 ... accepted 80. Emin=7.87426484, Emax=116.41189467
realization 81 / 300 ... accepted 81. Emin=-9.02459366, Emax=120.57623035
realization 82 / 300 ... accepted 82. Emin=-12.66596718, Emax=98.84809702
realization 83 / 300 ... accepted 83. Emin=-18.08578600, Emax=109.71469489
realization 84 / 300 ... accepted 84. Emin=-8.07928118, Emax=107.76491634
realization 85 / 300 ... accepted 85. Emin=-4.57759017, Emax=114.65399202
realization 86 / 300 ... accepted 86. Emin=3.20318369, Emax=113.96384725
realization 87 / 300 ... accepted 87. Emin=-2.24323264, Emax=127.22205276
realization 88 / 300 ... accepted 88. Emin=32.78725370, Emax=139.81722311
realization 89 / 300 ... accepted 89. Emin=21.98416997, Emax=139.31242061
realization 90 / 300 ... accepted 90. Emin=20.29239027, Emax=149.47388726
realization 91 / 300 ... accepted 91. Emin=6.64974212, Emax=123.32224877
realization 92 / 300 ... accepted 92. Emin=-7.14515054, Emax=124.84232733
realization 93 / 300 ... accepted 93. Emin=-38.33269461, Emax=80.91671795
realization 94 / 300 ... accepted 94. Emin=5.14178890, Emax=128.90427544
realization 95 / 300 ... accepted 95. Emin=7.53685316, Emax=151.43512701
realization 96 / 300 ... accepted 96. Emin=-34.64318494, Emax=78.10270377
realization 97 / 300 ... accepted 97. Emin=-14.38489526, Emax=93.82367042
realization 98 / 300 ... accepted 98. Emin=-22.57467215, Emax=83.47317335
realization 99 / 300 ... accepted 99. Emin=-3.18945105, Emax=112.03389828
realization 100 / 300 ... accepted 100. Emin=-3.12247220, Emax=119.54930155
realization 101 / 300 ... accepted 101. Emin=-21.51751620, Emax=95.77019346
realization 102 / 300 ... accepted 102. Emin=17.51192854, Emax=136.59137812
realization 103 / 300 ... accepted 103. Emin=-14.53661313, Emax=97.88934775
realization 104 / 300 ... accepted 104. Emin=-4.63115846, Emax=107.19725184
realization 105 / 300 ... accepted 105. Emin=8.39225824, Emax=140.11164872
realization 106 / 300 ... accepted 106. Emin=0.34450086, Emax=119.48477681
realization 107 / 300 ... accepted 107. Emin=-6.53195935, Emax=114.08020775
realization 108 / 300 ... accepted 108. Emin=10.07471147, Emax=137.02826542
realization 109 / 300 ... accepted 109. Emin=7.54741658, Emax=117.98476582
realization 110 / 300 ... accepted 110. Emin=11.44988865, Emax=128.10285561
realization 111 / 300 ... accepted 111. Emin=4.34270688, Emax=117.05789052
realization 112 / 300 ... accepted 112. Emin=3.31237540, Emax=119.18066663
realization 113 / 300 ... accepted 113. Emin=-31.55757650, Emax=80.84487009
realization 114 / 300 ... accepted 114. Emin=8.03261240, Emax=136.30312140
realization 115 / 300 ... accepted 115. Emin=-22.81181889, Emax=92.37740508
realization 116 / 300 ... accepted 116. Emin=6.58621362, Emax=133.51267666
realization 117 / 300 ... accepted 117. Emin=-3.75268385, Emax=123.34884289
realization 118 / 300 ... accepted 118. Emin=-2.63626554, Emax=118.85471502
realization 119 / 300 ... accepted 119. Emin=-36.50851548, Emax=75.66586330
realization 120 / 300 ... accepted 120. Emin=-16.07676023, Emax=110.30422072
realization 121 / 300 ... accepted 121. Emin=-11.14603219, Emax=108.11623323
realization 122 / 300 ... accepted 122. Emin=12.83799908, Emax=127.39552787
realization 123 / 300 ... accepted 123. Emin=1.79503720, Emax=139.36868159
realization 124 / 300 ... accepted 124. Emin=-1.50269684, Emax=124.99399997
realization 125 / 300 ... accepted 125. Emin=-11.70208708, Emax=117.69559890
realization 126 / 300 ... accepted 126. Emin=29.15605075, Emax=134.73124905
realization 127 / 300 ... accepted 127. Emin=-2.24505313, Emax=114.56033079
realization 128 / 300 ... accepted 128. Emin=-7.41601073, Emax=110.89123587
realization 129 / 300 ... accepted 129. Emin=-37.57095409, Emax=72.59144535
realization 130 / 300 ... accepted 130. Emin=-4.14305452, Emax=120.36707206
realization 131 / 300 ... accepted 131. Emin=-12.83243457, Emax=103.12927753
realization 132 / 300 ... accepted 132. Emin=-23.29566954, Emax=93.55043956
realization 133 / 300 ... accepted 133. Emin=38.96486100, Emax=146.92250215
realization 134 / 300 ... accepted 134. Emin=-10.27670827, Emax=111.26756922
realization 135 / 300 ... accepted 135. Emin=-11.60653484, Emax=112.29998376
realization 136 / 300 ... accepted 136. Emin=9.37597610, Emax=138.51011149
realization 137 / 300 ... accepted 137. Emin=-6.71679954, Emax=113.57635297
realization 138 / 300 ... accepted 138. Emin=-18.12924734, Emax=98.93593647
realization 139 / 300 ... accepted 139. Emin=4.13907277, Emax=113.23774690
realization 140 / 300 ... accepted 140. Emin=-3.96685609, Emax=136.16773413
realization 141 / 300 ... accepted 141. Emin=-15.89891577, Emax=96.73914817
realization 142 / 300 ... accepted 142. Emin=-15.05099034, Emax=104.36016383
realization 143 / 300 ... accepted 143. Emin=9.73100053, Emax=128.90025375
realization 144 / 300 ... accepted 144. Emin=2.13635641, Emax=121.96119744
realization 145 / 300 ... accepted 145. Emin=7.39871239, Emax=124.28308420
realization 146 / 300 ... accepted 146. Emin=9.64865884, Emax=130.45336347
realization 147 / 300 ... accepted 147. Emin=29.19115481, Emax=153.74515876
realization 148 / 300 ... accepted 148. Emin=-24.50310349, Emax=101.92899840
realization 149 / 300 ... accepted 149. Emin=-4.69264038, Emax=118.88019251
realization 150 / 300 ... accepted 150. Emin=-22.99596035, Emax=88.44851985
realization 151 / 300 ... accepted 151. Emin=-17.54032683, Emax=94.24666678
realization 152 / 300 ... accepted 152. Emin=-17.74936291, Emax=99.63104961
realization 153 / 300 ... accepted 153. Emin=-1.45935149, Emax=101.98980513
realization 154 / 300 ... accepted 154. Emin=8.00676750, Emax=137.67444468
realization 155 / 300 ... accepted 155. Emin=-9.90527450, Emax=117.83770185
realization 156 / 300 ... accepted 156. Emin=-4.67655769, Emax=123.98084903
realization 157 / 300 ... accepted 157. Emin=-37.67063890, Emax=71.95855714
realization 158 / 300 ... accepted 158. Emin=23.71097184, Emax=147.44002355
realization 159 / 300 ... accepted 159. Emin=-8.86509189, Emax=122.03767474
realization 160 / 300 ... accepted 160. Emin=20.26986009, Emax=132.18675672
realization 161 / 300 ... accepted 161. Emin=8.19478011, Emax=130.57910754
realization 162 / 300 ... accepted 162. Emin=-1.51244287, Emax=122.26467773
realization 163 / 300 ... accepted 163. Emin=20.81791787, Emax=144.52029570
realization 164 / 300 ... accepted 164. Emin=14.87918133, Emax=135.14413288
realization 165 / 300 ... accepted 165. Emin=0.78538718, Emax=129.37458944
realization 166 / 300 ... accepted 166. Emin=-1.79764611, Emax=119.56869674
realization 167 / 300 ... accepted 167. Emin=20.94113283, Emax=139.80619324
realization 168 / 300 ... accepted 168. Emin=-11.94478715, Emax=116.54196952
realization 169 / 300 ... accepted 169. Emin=-20.82394246, Emax=92.50895714
realization 170 / 300 ... accepted 170. Emin=7.88852309, Emax=131.72466216
realization 171 / 300 ... accepted 171. Emin=6.91392504, Emax=108.15443687
realization 172 / 300 ... accepted 172. Emin=15.46834479, Emax=150.29703750
realization 173 / 300 ... accepted 173. Emin=-23.69994023, Emax=86.38380655
realization 174 / 300 ... accepted 174. Emin=-25.61263620, Emax=85.12911120
realization 175 / 300 ... accepted 175. Emin=2.87579062, Emax=112.48872054
realization 176 / 300 ... accepted 176. Emin=17.17555126, Emax=132.45271289
realization 177 / 300 ... accepted 177. Emin=-5.45539174, Emax=127.31845147
realization 178 / 300 ... accepted 178. Emin=-21.17506475, Emax=89.05085331
realization 179 / 300 ... accepted 179. Emin=0.39852316, Emax=128.01040844
realization 180 / 300 ... accepted 180. Emin=30.31258221, Emax=138.78864395
realization 181 / 300 ... accepted 181. Emin=24.43537722, Emax=140.20997298
realization 182 / 300 ... accepted 182. Emin=20.38544489, Emax=145.84814841
realization 183 / 300 ... accepted 183. Emin=4.01526095, Emax=127.36117133
realization 184 / 300 ... accepted 184. Emin=-13.22616820, Emax=109.39681961
realization 185 / 300 ... accepted 185. Emin=24.14243556, Emax=141.35548084
realization 186 / 300 ... accepted 186. Emin=-10.83718008, Emax=95.43625311
realization 187 / 300 ... accepted 187. Emin=-15.55244637, Emax=103.46463775
realization 188 / 300 ... accepted 188. Emin=2.29716792, Emax=117.87071306
realization 189 / 300 ... accepted 189. Emin=15.02157517, Emax=137.33132580
realization 190 / 300 ... accepted 190. Emin=-9.08994334, Emax=111.21003190
realization 191 / 300 ... accepted 191. Emin=4.74607613, Emax=134.80590695
realization 192 / 300 ... accepted 192. Emin=20.34997013, Emax=136.79801264
realization 193 / 300 ... accepted 193. Emin=-8.99734527, Emax=120.66830715
realization 194 / 300 ... accepted 194. Emin=-0.91925469, Emax=122.21553320
realization 195 / 300 ... accepted 195. Emin=36.57819183, Emax=147.17947901
realization 196 / 300 ... accepted 196. Emin=-27.04172789, Emax=87.15218163
realization 197 / 300 ... accepted 197. Emin=14.53713049, Emax=124.98095694
realization 198 / 300 ... accepted 198. Emin=1.44559383, Emax=125.74124598
realization 199 / 300 ... accepted 199. Emin=-5.37065617, Emax=124.41452630
realization 200 / 300 ... accepted 200. Emin=-20.50700362, Emax=96.76452698
realization 201 / 300 ... accepted 201. Emin=2.31460599, Emax=127.11318640
realization 202 / 300 ... accepted 202. Emin=-20.59853065, Emax=105.41345176
realization 203 / 300 ... accepted 203. Emin=-4.77279739, Emax=123.81755289
realization 204 / 300 ... accepted 204. Emin=12.69627820, Emax=141.95076996
realization 205 / 300 ... accepted 205. Emin=-26.80785642, Emax=100.78892690
realization 206 / 300 ... accepted 206. Emin=1.68029867, Emax=128.00121036
realization 207 / 300 ... accepted 207. Emin=-50.33380177, Emax=48.12370814
realization 208 / 300 ... accepted 208. Emin=19.15047183, Emax=138.80938374
realization 209 / 300 ... accepted 209. Emin=13.54057109, Emax=129.64043909
realization 210 / 300 ... accepted 210. Emin=2.74382740, Emax=122.91822745
realization 211 / 300 ... accepted 211. Emin=17.07912988, Emax=133.99712334
realization 212 / 300 ... accepted 212. Emin=12.97977304, Emax=133.55340907
realization 213 / 300 ... accepted 213. Emin=18.68882558, Emax=133.24259562
realization 214 / 300 ... accepted 214. Emin=-5.32561085, Emax=128.40705560
realization 215 / 300 ... accepted 215. Emin=-7.91426754, Emax=109.29697188
realization 216 / 300 ... accepted 216. Emin=3.41531253, Emax=124.21198769
realization 217 / 300 ... accepted 217. Emin=-0.84458667, Emax=135.69803888
realization 218 / 300 ... accepted 218. Emin=-3.78311341, Emax=120.68018750
realization 219 / 300 ... accepted 219. Emin=28.73006000, Emax=140.58861958
realization 220 / 300 ... accepted 220. Emin=-4.95400159, Emax=107.84188891
realization 221 / 300 ... accepted 221. Emin=18.15168440, Emax=136.35014076
realization 222 / 300 ... accepted 222. Emin=-2.71132528, Emax=125.39259876
realization 223 / 300 ... accepted 223. Emin=25.67924860, Emax=133.02452665
realization 224 / 300 ... accepted 224. Emin=-21.91232213, Emax=79.49241838
realization 225 / 300 ... accepted 225. Emin=2.49500011, Emax=115.30288264
realization 226 / 300 ... accepted 226. Emin=20.94356874, Emax=148.07021361
realization 227 / 300 ... accepted 227. Emin=21.10667129, Emax=147.99257624
realization 228 / 300 ... accepted 228. Emin=-9.70685936, Emax=118.49451586
realization 229 / 300 ... accepted 229. Emin=-22.02703660, Emax=88.96974910
realization 230 / 300 ... accepted 230. Emin=-11.68495760, Emax=106.24673593
realization 231 / 300 ... accepted 231. Emin=-8.41729143, Emax=114.10899152
realization 232 / 300 ... accepted 232. Emin=9.57760932, Emax=134.53730475
realization 233 / 300 ... accepted 233. Emin=3.97801419, Emax=117.73328851
realization 234 / 300 ... accepted 234. Emin=-12.64436971, Emax=107.09507718
realization 235 / 300 ... accepted 235. Emin=15.96456822, Emax=134.88562529
realization 236 / 300 ... accepted 236. Emin=11.02291200, Emax=121.39623581
realization 237 / 300 ... accepted 237. Emin=15.08021805, Emax=128.26941465
realization 238 / 300 ... accepted 238. Emin=-19.72739070, Emax=99.12049325
realization 239 / 300 ... accepted 239. Emin=-9.76666529, Emax=117.78844736
realization 240 / 300 ... accepted 240. Emin=-22.98199628, Emax=89.98273566
realization 241 / 300 ... accepted 241. Emin=11.39757218, Emax=126.82964493
realization 242 / 300 ... accepted 242. Emin=-0.13724825, Emax=130.34267009
realization 243 / 300 ... accepted 243. Emin=-5.36009123, Emax=121.79611936
realization 244 / 300 ... accepted 244. Emin=17.32611824, Emax=131.29999715
realization 245 / 300 ... accepted 245. Emin=-12.23344385, Emax=116.16381462
realization 246 / 300 ... accepted 246. Emin=4.80152669, Emax=115.87103492
realization 247 / 300 ... accepted 247. Emin=-14.71394839, Emax=113.04090628
realization 248 / 300 ... accepted 248. Emin=6.91997869, Emax=131.94355917
realization 249 / 300 ... accepted 249. Emin=-19.63581032, Emax=97.10112219
realization 250 / 300 ... accepted 250. Emin=-10.90188097, Emax=117.36696152
realization 251 / 300 ... accepted 251. Emin=13.85999707, Emax=137.67427685
realization 252 / 300 ... accepted 252. Emin=-5.05166560, Emax=105.71404303
realization 253 / 300 ... accepted 253. Emin=1.55768929, Emax=132.31708387
realization 254 / 300 ... accepted 254. Emin=19.31129760, Emax=140.45790472
realization 255 / 300 ... accepted 255. Emin=-14.06634839, Emax=107.50621131
realization 256 / 300 ... accepted 256. Emin=-8.62110873, Emax=95.34507171
realization 257 / 300 ... accepted 257. Emin=35.12906422, Emax=150.50592151
realization 258 / 300 ... accepted 258. Emin=-7.04593992, Emax=130.17052803
realization 259 / 300 ... accepted 259. Emin=17.85231128, Emax=142.31275379
realization 260 / 300 ... accepted 260. Emin=-18.22607013, Emax=91.64147754
realization 261 / 300 ... accepted 261. Emin=5.60577231, Emax=137.32326384
realization 262 / 300 ... accepted 262. Emin=-1.12471252, Emax=108.56752076
realization 263 / 300 ... accepted 263. Emin=6.27034599, Emax=136.91169556
realization 264 / 300 ... accepted 264. Emin=17.36380447, Emax=144.88737349
realization 265 / 300 ... accepted 265. Emin=5.41509135, Emax=131.04375572
realization 266 / 300 ... accepted 266. Emin=13.51912259, Emax=126.23184580
realization 267 / 300 ... accepted 267. Emin=-8.76558982, Emax=115.25201180
realization 268 / 300 ... accepted 268. Emin=-14.97831923, Emax=94.42177746
realization 269 / 300 ... accepted 269. Emin=7.69519230, Emax=109.19676600
realization 270 / 300 ... accepted 270. Emin=-20.75254620, Emax=106.28340037
realization 271 / 300 ... accepted 271. Emin=-8.04665242, Emax=119.27965955
realization 272 / 300 ... accepted 272. Emin=18.22409363, Emax=131.40889286
realization 273 / 300 ... accepted 273. Emin=-13.38148531, Emax=102.08370317
realization 274 / 300 ... accepted 274. Emin=-2.18038156, Emax=113.35698462
realization 275 / 300 ... accepted 275. Emin=15.28442871, Emax=126.81649546
realization 276 / 300 ... accepted 276. Emin=-5.69295994, Emax=120.35127571
realization 277 / 300 ... accepted 277. Emin=-2.96343658, Emax=111.07146411
realization 278 / 300 ... accepted 278. Emin=19.22605182, Emax=134.67239337
realization 279 / 300 ... accepted 279. Emin=-0.70556021, Emax=107.09517855
realization 280 / 300 ... accepted 280. Emin=-4.59007198, Emax=123.32298084
realization 281 / 300 ... accepted 281. Emin=19.49622405, Emax=136.18654234
realization 282 / 300 ... accepted 282. Emin=-30.31822605, Emax=91.17978125
realization 283 / 300 ... accepted 283. Emin=-18.97817180, Emax=98.59386251
realization 284 / 300 ... accepted 284. Emin=9.39288253, Emax=139.79092887
realization 285 / 300 ... accepted 285. Emin=-5.17911803, Emax=118.79747044
realization 286 / 300 ... accepted 286. Emin=14.04295031, Emax=131.87335174
realization 287 / 300 ... accepted 287. Emin=19.20341674, Emax=138.48645004
realization 288 / 300 ... accepted 288. Emin=24.43511873, Emax=139.52425222
realization 289 / 300 ... accepted 289. Emin=-18.80673607, Emax=107.88891161
realization 290 / 300 ... accepted 290. Emin=-24.06588564, Emax=86.38128694
realization 291 / 300 ... accepted 291. Emin=-15.47847120, Emax=108.29089490
realization 292 / 300 ... accepted 292. Emin=0.16350820, Emax=123.74664959
realization 293 / 300 ... accepted 293. Emin=25.93022325, Emax=139.13249438
realization 294 / 300 ... accepted 294. Emin=16.51501197, Emax=129.37943941
realization 295 / 300 ... accepted 295. Emin=0.95991362, Emax=127.29538971
realization 296 / 300 ... accepted 296. Emin=-16.20215978, Emax=116.27458144
realization 297 / 300 ... accepted 297. Emin=4.05863318, Emax=128.64906312
realization 298 / 300 ... accepted 298. Emin=6.84818906, Emax=125.48121458
realization 299 / 300 ... accepted 299. Emin=7.66583838, Emax=122.51625298
realization 300 / 300 ... accepted 300. Emin=-12.02977350, Emax=108.32112816
Saved final energies: /home/2/kj405942/POLFED_bosons/pbs_bose_legacy_nmax2_periodic/data/U_15/W_11/L_6/N_6_nmax_2/boundary_periodic/energies_full_U15_L6_N6_nmax2_W11_boundaryperiodic_nreal300.txt
Accepted realizations: 300 / 300
Skipped realizations: 0
Job finished at Sun May 31 17:12:31 UTC 2026
