Job started on w30 at Sun May 31 17:10:44 UTC 2026
PBS_JOBID=7731469.kruk-host.ift-klaster.lan
PBS_O_WORKDIR=/home/2/kj405942/POLFED_bosons
Bose-Hubbard: L=6, N=6, nmax=2, dim=141
t=1, U=15, W=10, nreal=300, boundary=periodic, mode=full
Writing partial results to /home/2/kj405942/POLFED_bosons/pbs_bose_legacy_nmax2_periodic/data/U_15/W_10/L_6/N_6_nmax_2/boundary_periodic/energies_full_U15_L6_N6_nmax2_W10_boundaryperiodic_nreal300_partial.txt
realization 1 / 300 ... accepted 1. Emin=25.12187200, Emax=138.55669045
realization 2 / 300 ... accepted 2. Emin=-9.09369087, Emax=109.63468378
realization 3 / 300 ... accepted 3. Emin=-20.92988812, Emax=94.46131312
realization 4 / 300 ... accepted 4. Emin=-11.17656455, Emax=115.18965831
realization 5 / 300 ... accepted 5. Emin=3.12567251, Emax=113.59273248
realization 6 / 300 ... accepted 6. Emin=5.10782978, Emax=119.83934723
realization 7 / 300 ... accepted 7. Emin=-8.18907444, Emax=116.52239115
realization 8 / 300 ... accepted 8. Emin=-33.36579215, Emax=78.93222775
realization 9 / 300 ... accepted 9. Emin=-7.08948188, Emax=107.74485114
realization 10 / 300 ... accepted 10. Emin=17.29389418, Emax=136.01411390
realization 11 / 300 ... accepted 11. Emin=-7.14552835, Emax=105.11941442
realization 12 / 300 ... accepted 12. Emin=0.71660619, Emax=111.09948877
realization 13 / 300 ... accepted 13. Emin=-24.27547902, Emax=98.14326823
realization 14 / 300 ... accepted 14. Emin=32.84860111, Emax=146.79069523
realization 15 / 300 ... accepted 15. Emin=2.40790057, Emax=111.04921923
realization 16 / 300 ... accepted 16. Emin=-33.48552312, Emax=81.82193458
realization 17 / 300 ... accepted 17. Emin=-15.44995848, Emax=106.61119401
realization 18 / 300 ... accepted 18. Emin=6.55914834, Emax=136.20522518
realization 19 / 300 ... accepted 19. Emin=-3.82528223, Emax=127.50164690
realization 20 / 300 ... accepted 20. Emin=3.30857586, Emax=134.91261241
realization 21 / 300 ... accepted 21. Emin=5.25620793, Emax=127.23749402
realization 22 / 300 ... accepted 22. Emin=-18.56400462, Emax=101.83654547
realization 23 / 300 ... accepted 23. Emin=-23.60135698, Emax=80.02947004
realization 24 / 300 ... accepted 24. Emin=10.34374341, Emax=122.33662218
realization 25 / 300 ... accepted 25. Emin=-5.60672869, Emax=112.47444757
realization 26 / 300 ... accepted 26. Emin=-3.72838230, Emax=118.37946330
realization 27 / 300 ... accepted 27. Emin=6.93402624, Emax=119.39676941
realization 28 / 300 ... accepted 28. Emin=27.47268045, Emax=133.30644769
realization 29 / 300 ... accepted 29. Emin=10.87025113, Emax=122.30623644
realization 30 / 300 ... accepted 30. Emin=-8.34043369, Emax=112.99846865
realization 31 / 300 ... accepted 31. Emin=-10.53016082, Emax=104.20107281
realization 32 / 300 ... accepted 32. Emin=7.59054599, Emax=123.05990012
realization 33 / 300 ... accepted 33. Emin=-0.24419033, Emax=131.41863886
realization 34 / 300 ... accepted 34. Emin=-4.41631211, Emax=115.02148190
realization 35 / 300 ... accepted 35. Emin=-2.77166983, Emax=111.24396363
realization 36 / 300 ... accepted 36. Emin=-8.59124939, Emax=89.07240609
realization 37 / 300 ... accepted 37. Emin=3.86545903, Emax=131.01140231
realization 38 / 300 ... accepted 38. Emin=-6.78368827, Emax=107.56093438
realization 39 / 300 ... accepted 39. Emin=-26.99465578, Emax=89.43727193
realization 40 / 300 ... accepted 40. Emin=4.44281862, Emax=117.72769771
realization 41 / 300 ... accepted 41. Emin=26.89546217, Emax=136.22992706
realization 42 / 300 ... accepted 42. Emin=12.84106408, Emax=139.05922406
realization 43 / 300 ... accepted 43. Emin=1.37789695, Emax=126.07912492
realization 44 / 300 ... accepted 44. Emin=10.86692478, Emax=133.58201667
realization 45 / 300 ... accepted 45. Emin=-17.36965342, Emax=110.41704967
realization 46 / 300 ... accepted 46. Emin=-23.03415059, Emax=89.99059232
realization 47 / 300 ... accepted 47. Emin=14.31412583, Emax=127.64962739
realization 48 / 300 ... accepted 48. Emin=-8.21819247, Emax=108.61399601
realization 49 / 300 ... accepted 49. Emin=20.06532266, Emax=138.56311136
realization 50 / 300 ... accepted 50. Emin=16.66712276, Emax=145.25531486
realization 51 / 300 ... accepted 51. Emin=10.70803358, Emax=125.99067639
realization 52 / 300 ... accepted 52. Emin=17.12357173, Emax=132.09501918
realization 53 / 300 ... accepted 53. Emin=2.85262271, Emax=133.54280334
realization 54 / 300 ... accepted 54. Emin=2.96964470, Emax=121.82562676
realization 55 / 300 ... accepted 55. Emin=-5.80130492, Emax=123.08055616
realization 56 / 300 ... accepted 56. Emin=7.12338319, Emax=125.72395532
realization 57 / 300 ... accepted 57. Emin=14.82603897, Emax=138.92135354
realization 58 / 300 ... accepted 58. Emin=-10.08870232, Emax=100.01362560
realization 59 / 300 ... accepted 59. Emin=2.15513449, Emax=122.04755666
realization 60 / 300 ... accepted 60. Emin=-17.54739202, Emax=105.82988909
realization 61 / 300 ... accepted 61. Emin=8.03186234, Emax=142.66294932
realization 62 / 300 ... accepted 62. Emin=7.58978488, Emax=121.35814960
realization 63 / 300 ... accepted 63. Emin=-9.57404636, Emax=118.70376945
realization 64 / 300 ... accepted 64. Emin=-14.15325790, Emax=100.31382435
realization 65 / 300 ... accepted 65. Emin=7.73351061, Emax=113.24816745
realization 66 / 300 ... accepted 66. Emin=-9.16206459, Emax=112.21234916
realization 67 / 300 ... accepted 67. Emin=-9.68387313, Emax=120.42395676
realization 68 / 300 ... accepted 68. Emin=-3.78850342, Emax=112.27890921
realization 69 / 300 ... accepted 69. Emin=13.47189611, Emax=122.17181369
realization 70 / 300 ... accepted 70. Emin=-11.06827084, Emax=121.90343401
realization 71 / 300 ... accepted 71. Emin=2.50042715, Emax=107.39818292
realization 72 / 300 ... accepted 72. Emin=16.50771435, Emax=133.55041629
realization 73 / 300 ... accepted 73. Emin=37.28379366, Emax=140.54959227
realization 74 / 300 ... accepted 74. Emin=1.87998195, Emax=111.18170824
realization 75 / 300 ... accepted 75. Emin=18.79330910, Emax=131.78437278
realization 76 / 300 ... accepted 76. Emin=17.57760118, Emax=129.10618560
realization 77 / 300 ... accepted 77. Emin=-5.85014233, Emax=113.13668802
realization 78 / 300 ... accepted 78. Emin=9.74383077, Emax=131.36381680
realization 79 / 300 ... accepted 79. Emin=22.79940645, Emax=135.90825254
realization 80 / 300 ... accepted 80. Emin=-4.91064230, Emax=121.63147927
realization 81 / 300 ... accepted 81. Emin=16.13268538, Emax=125.30067973
realization 82 / 300 ... accepted 82. Emin=23.90370840, Emax=141.43191341
realization 83 / 300 ... accepted 83. Emin=-9.40958788, Emax=107.18778188
realization 84 / 300 ... accepted 84. Emin=9.11604292, Emax=124.28721914
realization 85 / 300 ... accepted 85. Emin=-1.74945816, Emax=123.44201558
realization 86 / 300 ... accepted 86. Emin=-5.08760122, Emax=113.58668222
realization 87 / 300 ... accepted 87. Emin=23.10734368, Emax=128.26623017
realization 88 / 300 ... accepted 88. Emin=28.12811140, Emax=132.91459058
realization 89 / 300 ... accepted 89. Emin=-12.97891688, Emax=118.50632807
realization 90 / 300 ... accepted 90. Emin=-12.64588228, Emax=102.40539071
realization 91 / 300 ... accepted 91. Emin=-14.14859925, Emax=102.72295860
realization 92 / 300 ... accepted 92. Emin=4.30203344, Emax=123.13192632
realization 93 / 300 ... accepted 93. Emin=-16.54640387, Emax=93.40538340
realization 94 / 300 ... accepted 94. Emin=-13.59680109, Emax=105.04209158
realization 95 / 300 ... accepted 95. Emin=-1.97806263, Emax=111.33134589
realization 96 / 300 ... accepted 96. Emin=33.11080332, Emax=140.53477273
realization 97 / 300 ... accepted 97. Emin=-28.85458113, Emax=84.70097826
realization 98 / 300 ... accepted 98. Emin=-5.74815793, Emax=102.56365211
realization 99 / 300 ... accepted 99. Emin=17.77448949, Emax=143.92574019
realization 100 / 300 ... accepted 100. Emin=0.96492894, Emax=108.38233217
realization 101 / 300 ... accepted 101. Emin=-7.24021693, Emax=101.27020844
realization 102 / 300 ... accepted 102. Emin=-11.51477789, Emax=111.50655522
realization 103 / 300 ... accepted 103. Emin=-6.84189624, Emax=108.50769673
realization 104 / 300 ... accepted 104. Emin=-2.84092815, Emax=108.13862273
realization 105 / 300 ... accepted 105. Emin=-12.68375346, Emax=118.62186852
realization 106 / 300 ... accepted 106. Emin=0.38869892, Emax=121.71555809
realization 107 / 300 ... accepted 107. Emin=-15.30896989, Emax=108.55808192
realization 108 / 300 ... accepted 108. Emin=16.00646774, Emax=138.47265411
realization 109 / 300 ... accepted 109. Emin=3.44365910, Emax=112.22219313
realization 110 / 300 ... accepted 110. Emin=25.41515257, Emax=138.52648004
realization 111 / 300 ... accepted 111. Emin=-14.08763222, Emax=92.17582165
realization 112 / 300 ... accepted 112. Emin=-2.57033351, Emax=101.68677133
realization 113 / 300 ... accepted 113. Emin=6.64398300, Emax=140.72245575
realization 114 / 300 ... accepted 114. Emin=-13.92173587, Emax=102.11672636
realization 115 / 300 ... accepted 115. Emin=26.13686176, Emax=140.29159504
realization 116 / 300 ... accepted 116. Emin=-16.59112242, Emax=89.44126525
realization 117 / 300 ... accepted 117. Emin=2.10407174, Emax=111.83057070
realization 118 / 300 ... accepted 118. Emin=5.61692901, Emax=142.80112281
realization 119 / 300 ... accepted 119. Emin=6.79919877, Emax=122.29598608
realization 120 / 300 ... accepted 120. Emin=1.26759816, Emax=126.26293418
realization 121 / 300 ... accepted 121. Emin=2.11983971, Emax=128.53176436
realization 122 / 300 ... accepted 122. Emin=-6.47990489, Emax=118.84384645
realization 123 / 300 ... accepted 123. Emin=10.74652564, Emax=127.19924019
realization 124 / 300 ... accepted 124. Emin=3.15175224, Emax=115.15068493
realization 125 / 300 ... accepted 125. Emin=-4.11680081, Emax=110.91242063
realization 126 / 300 ... accepted 126. Emin=11.86139508, Emax=136.20264017
realization 127 / 300 ... accepted 127. Emin=-18.67576610, Emax=96.07586621
realization 128 / 300 ... accepted 128. Emin=-0.37768045, Emax=129.54053625
realization 129 / 300 ... accepted 129. Emin=3.93773139, Emax=127.09487126
realization 130 / 300 ... accepted 130. Emin=18.81242781, Emax=143.45576227
realization 131 / 300 ... accepted 131. Emin=-25.51028062, Emax=85.77974051
realization 132 / 300 ... accepted 132. Emin=8.93675759, Emax=121.88377352
realization 133 / 300 ... accepted 133. Emin=13.10372321, Emax=133.99552313
realization 134 / 300 ... accepted 134. Emin=7.39169546, Emax=124.40871315
realization 135 / 300 ... accepted 135. Emin=6.80925972, Emax=106.00379839
realization 136 / 300 ... accepted 136. Emin=-10.50606685, Emax=95.60639716
realization 137 / 300 ... accepted 137. Emin=16.82374858, Emax=129.34222102
realization 138 / 300 ... accepted 138. Emin=-6.18934625, Emax=112.71370464
realization 139 / 300 ... accepted 139. Emin=-5.57651547, Emax=107.21905781
realization 140 / 300 ... accepted 140. Emin=9.67827485, Emax=121.26685293
realization 141 / 300 ... accepted 141. Emin=2.59801104, Emax=124.58846900
realization 142 / 300 ... accepted 142. Emin=1.30804271, Emax=103.86666590
realization 143 / 300 ... accepted 143. Emin=-26.49283049, Emax=78.26416172
realization 144 / 300 ... accepted 144. Emin=6.55957489, Emax=123.03781280
realization 145 / 300 ... accepted 145. Emin=-3.57542855, Emax=117.63985258
realization 146 / 300 ... accepted 146. Emin=-10.47200935, Emax=115.70529964
realization 147 / 300 ... accepted 147. Emin=-19.11330245, Emax=96.64016470
realization 148 / 300 ... accepted 148. Emin=5.80877401, Emax=134.22799545
realization 149 / 300 ... accepted 149. Emin=-1.74948225, Emax=111.19016952
realization 150 / 300 ... accepted 150. Emin=2.55524253, Emax=118.21053697
realization 151 / 300 ... accepted 151. Emin=-19.08093767, Emax=88.03239564
realization 152 / 300 ... accepted 152. Emin=9.77349384, Emax=121.52597945
realization 153 / 300 ... accepted 153. Emin=-4.15194737, Emax=109.36837417
realization 154 / 300 ... accepted 154. Emin=5.94680222, Emax=123.22944332
realization 155 / 300 ... accepted 155. Emin=-5.04133359, Emax=114.15533360
realization 156 / 300 ... accepted 156. Emin=-13.89701905, Emax=101.83517345
realization 157 / 300 ... accepted 157. Emin=21.13786338, Emax=130.04034519
realization 158 / 300 ... accepted 158. Emin=-14.71232073, Emax=107.16838365
realization 159 / 300 ... accepted 159. Emin=-1.96638736, Emax=114.58982530
realization 160 / 300 ... accepted 160. Emin=-11.91000612, Emax=105.24177041
realization 161 / 300 ... accepted 161. Emin=11.65746754, Emax=125.43796720
realization 162 / 300 ... accepted 162. Emin=12.52259612, Emax=126.66490482
realization 163 / 300 ... accepted 163. Emin=-4.73498766, Emax=115.00602805
realization 164 / 300 ... accepted 164. Emin=-5.39795364, Emax=112.68088239
realization 165 / 300 ... accepted 165. Emin=-5.93751292, Emax=105.33747230
realization 166 / 300 ... accepted 166. Emin=5.35778791, Emax=120.88502531
realization 167 / 300 ... accepted 167. Emin=14.70346684, Emax=137.53382302
realization 168 / 300 ... accepted 168. Emin=23.37760900, Emax=138.85121774
realization 169 / 300 ... accepted 169. Emin=15.25731734, Emax=140.66513241
realization 170 / 300 ... accepted 170. Emin=-14.03293699, Emax=109.39143829
realization 171 / 300 ... accepted 171. Emin=2.39797931, Emax=122.97474718
realization 172 / 300 ... accepted 172. Emin=3.04937860, Emax=116.91953763
realization 173 / 300 ... accepted 173. Emin=-39.69424253, Emax=59.22667872
realization 174 / 300 ... accepted 174. Emin=-6.45141158, Emax=108.77062688
realization 175 / 300 ... accepted 175. Emin=8.22451497, Emax=133.24535633
realization 176 / 300 ... accepted 176. Emin=5.61051383, Emax=128.81568922
realization 177 / 300 ... accepted 177. Emin=-4.28227453, Emax=122.93074764
realization 178 / 300 ... accepted 178. Emin=2.44084888, Emax=125.04935097
realization 179 / 300 ... accepted 179. Emin=-10.67585080, Emax=97.06136676
realization 180 / 300 ... accepted 180. Emin=0.22122690, Emax=115.64169861
realization 181 / 300 ... accepted 181. Emin=-36.32824515, Emax=64.18007245
realization 182 / 300 ... accepted 182. Emin=34.26910607, Emax=141.68135561
realization 183 / 300 ... accepted 183. Emin=14.16323322, Emax=119.82999873
realization 184 / 300 ... accepted 184. Emin=-16.58141308, Emax=98.20350882
realization 185 / 300 ... accepted 185. Emin=24.26919104, Emax=127.66048195
realization 186 / 300 ... accepted 186. Emin=1.69346247, Emax=108.29184736
realization 187 / 300 ... accepted 187. Emin=-6.11007441, Emax=125.46807603
realization 188 / 300 ... accepted 188. Emin=3.93254462, Emax=123.26481037
realization 189 / 300 ... accepted 189. Emin=-5.64763619, Emax=111.21878982
realization 190 / 300 ... accepted 190. Emin=-1.30085615, Emax=116.43670004
realization 191 / 300 ... accepted 191. Emin=0.31871123, Emax=133.18346699
realization 192 / 300 ... accepted 192. Emin=-6.32908374, Emax=118.81336607
realization 193 / 300 ... accepted 193. Emin=-21.96885553, Emax=91.60391259
realization 194 / 300 ... accepted 194. Emin=-8.03847423, Emax=113.24035890
realization 195 / 300 ... accepted 195. Emin=-13.03170939, Emax=101.28871707
realization 196 / 300 ... accepted 196. Emin=1.47528565, Emax=125.59029122
realization 197 / 300 ... accepted 197. Emin=1.27883402, Emax=143.52473556
realization 198 / 300 ... accepted 198. Emin=-23.57320178, Emax=94.49012610
realization 199 / 300 ... accepted 199. Emin=-7.24528378, Emax=106.30635956
realization 200 / 300 ... accepted 200. Emin=-17.94257151, Emax=93.33840623
realization 201 / 300 ... accepted 201. Emin=13.07468239, Emax=138.18570819
realization 202 / 300 ... accepted 202. Emin=-13.06937835, Emax=95.72684966
realization 203 / 300 ... accepted 203. Emin=-1.78529497, Emax=124.39564979
realization 204 / 300 ... accepted 204. Emin=0.70570381, Emax=121.38969478
realization 205 / 300 ... accepted 205. Emin=27.98022805, Emax=134.60746064
realization 206 / 300 ... accepted 206. Emin=4.74764187, Emax=112.88239113
realization 207 / 300 ... accepted 207. Emin=-5.09896474, Emax=118.01343643
realization 208 / 300 ... accepted 208. Emin=9.96675245, Emax=124.21634092
realization 209 / 300 ... accepted 209. Emin=7.97824214, Emax=119.65032092
realization 210 / 300 ... accepted 210. Emin=0.15490778, Emax=123.80776960
realization 211 / 300 ... accepted 211. Emin=-14.69319208, Emax=107.60412486
realization 212 / 300 ... accepted 212. Emin=0.48435587, Emax=121.21292245
realization 213 / 300 ... accepted 213. Emin=-2.63979988, Emax=108.63984217
realization 214 / 300 ... accepted 214. Emin=-5.81657256, Emax=98.37792702
realization 215 / 300 ... accepted 215. Emin=14.27261255, Emax=132.07142077
realization 216 / 300 ... accepted 216. Emin=28.41872288, Emax=139.87968853
realization 217 / 300 ... accepted 217. Emin=-2.93070478, Emax=114.28570667
realization 218 / 300 ... accepted 218. Emin=-8.10528156, Emax=105.45624385
realization 219 / 300 ... accepted 219. Emin=17.34364862, Emax=137.98959769
realization 220 / 300 ... accepted 220. Emin=-6.05003453, Emax=102.33883238
realization 221 / 300 ... accepted 221. Emin=2.58810120, Emax=124.54703345
realization 222 / 300 ... accepted 222. Emin=3.82389793, Emax=107.23676929
realization 223 / 300 ... accepted 223. Emin=-4.46802123, Emax=121.00123941
realization 224 / 300 ... accepted 224. Emin=-9.58399193, Emax=99.52922168
realization 225 / 300 ... accepted 225. Emin=12.06534112, Emax=133.43320670
realization 226 / 300 ... accepted 226. Emin=4.17089852, Emax=122.65792276
realization 227 / 300 ... accepted 227. Emin=1.99223685, Emax=128.64921156
realization 228 / 300 ... accepted 228. Emin=-5.83396171, Emax=94.94163670
realization 229 / 300 ... accepted 229. Emin=-6.91743679, Emax=125.71551614
realization 230 / 300 ... accepted 230. Emin=8.10062134, Emax=123.28821170
realization 231 / 300 ... accepted 231. Emin=14.13104951, Emax=119.99868136
realization 232 / 300 ... accepted 232. Emin=-12.79779463, Emax=102.33334086
realization 233 / 300 ... accepted 233. Emin=12.64442509, Emax=129.32544264
realization 234 / 300 ... accepted 234. Emin=5.41180648, Emax=125.46562253
realization 235 / 300 ... accepted 235. Emin=20.85309665, Emax=137.89634725
realization 236 / 300 ... accepted 236. Emin=0.13548490, Emax=116.57609879
realization 237 / 300 ... accepted 237. Emin=-7.37360089, Emax=107.44578436
realization 238 / 300 ... accepted 238. Emin=12.85582274, Emax=134.59801937
realization 239 / 300 ... accepted 239. Emin=-2.32087895, Emax=114.67018327
realization 240 / 300 ... accepted 240. Emin=26.74213794, Emax=133.82818942
realization 241 / 300 ... accepted 241. Emin=-17.53881484, Emax=96.78995959
realization 242 / 300 ... accepted 242. Emin=6.88999119, Emax=135.84366161
realization 243 / 300 ... accepted 243. Emin=-0.71132619, Emax=121.07755577
realization 244 / 300 ... accepted 244. Emin=-14.03096971, Emax=103.46610042
realization 245 / 300 ... accepted 245. Emin=-13.25683792, Emax=102.14733757
realization 246 / 300 ... accepted 246. Emin=-24.08770678, Emax=95.27435077
realization 247 / 300 ... accepted 247. Emin=16.82623948, Emax=127.53734773
realization 248 / 300 ... accepted 248. Emin=17.09806941, Emax=124.09304503
realization 249 / 300 ... accepted 249. Emin=-1.71443570, Emax=124.71690181
realization 250 / 300 ... accepted 250. Emin=14.40641040, Emax=124.80443129
realization 251 / 300 ... accepted 251. Emin=-3.30992147, Emax=114.52084872
realization 252 / 300 ... accepted 252. Emin=14.77167535, Emax=132.80260629
realization 253 / 300 ... accepted 253. Emin=-3.62198533, Emax=114.19204325
realization 254 / 300 ... accepted 254. Emin=-5.34198438, Emax=117.05314745
realization 255 / 300 ... accepted 255. Emin=-0.82048233, Emax=133.28284696
realization 256 / 300 ... accepted 256. Emin=-38.52396715, Emax=61.21482336
realization 257 / 300 ... accepted 257. Emin=-3.02640245, Emax=112.12477083
realization 258 / 300 ... accepted 258. Emin=-10.47964945, Emax=98.81559169
realization 259 / 300 ... accepted 259. Emin=-3.23261139, Emax=119.49659997
realization 260 / 300 ... accepted 260. Emin=6.64757030, Emax=131.07458129
realization 261 / 300 ... accepted 261. Emin=-1.64383123, Emax=117.17070420
realization 262 / 300 ... accepted 262. Emin=11.72004995, Emax=135.46374879
realization 263 / 300 ... accepted 263. Emin=8.60163958, Emax=127.70884029
realization 264 / 300 ... accepted 264. Emin=3.45501552, Emax=131.50423043
realization 265 / 300 ... accepted 265. Emin=8.39643556, Emax=137.57973632
realization 266 / 300 ... accepted 266. Emin=6.39828682, Emax=118.43528468
realization 267 / 300 ... accepted 267. Emin=10.86876261, Emax=124.72266540
realization 268 / 300 ... accepted 268. Emin=24.29311947, Emax=140.06928070
realization 269 / 300 ... accepted 269. Emin=-8.09994818, Emax=108.03204543
realization 270 / 300 ... accepted 270. Emin=-25.23770571, Emax=89.73687709
realization 271 / 300 ... accepted 271. Emin=-7.13741605, Emax=120.66393395
realization 272 / 300 ... accepted 272. Emin=-0.51987963, Emax=116.73364908
realization 273 / 300 ... accepted 273. Emin=18.21812484, Emax=131.90847313
realization 274 / 300 ... accepted 274. Emin=3.08745799, Emax=118.81049537
realization 275 / 300 ... accepted 275. Emin=-15.38794621, Emax=102.77854627
realization 276 / 300 ... accepted 276. Emin=-22.54369111, Emax=96.73527699
realization 277 / 300 ... accepted 277. Emin=-0.92610632, Emax=120.28149082
realization 278 / 300 ... accepted 278. Emin=10.52498010, Emax=124.16964783
realization 279 / 300 ... accepted 279. Emin=4.17035364, Emax=119.81516463
realization 280 / 300 ... accepted 280. Emin=-28.84176176, Emax=80.52560175
realization 281 / 300 ... accepted 281. Emin=0.07239845, Emax=120.55574896
realization 282 / 300 ... accepted 282. Emin=-8.09367933, Emax=103.43763978
realization 283 / 300 ... accepted 283. Emin=-12.33053477, Emax=109.53587954
realization 284 / 300 ... accepted 284. Emin=-4.06356745, Emax=99.89350538
realization 285 / 300 ... accepted 285. Emin=-2.86880116, Emax=124.58480042
realization 286 / 300 ... accepted 286. Emin=5.08542578, Emax=120.55122027
realization 287 / 300 ... accepted 287. Emin=33.25802165, Emax=141.47258555
realization 288 / 300 ... accepted 288. Emin=12.36409063, Emax=129.50708949
realization 289 / 300 ... accepted 289. Emin=-19.30166146, Emax=92.98517744
realization 290 / 300 ... accepted 290. Emin=-12.78710507, Emax=114.30043016
realization 291 / 300 ... accepted 291. Emin=-5.72781694, Emax=109.09927253
realization 292 / 300 ... accepted 292. Emin=-23.73397127, Emax=86.00656358
realization 293 / 300 ... accepted 293. Emin=9.05713578, Emax=127.83453371
realization 294 / 300 ... accepted 294. Emin=16.68443526, Emax=144.48373039
realization 295 / 300 ... accepted 295. Emin=-20.54244033, Emax=93.32487830
realization 296 / 300 ... accepted 296. Emin=16.92085169, Emax=135.16603391
realization 297 / 300 ... accepted 297. Emin=26.52596989, Emax=131.29901697
realization 298 / 300 ... accepted 298. Emin=6.08615938, Emax=136.54651098
realization 299 / 300 ... accepted 299. Emin=17.40919219, Emax=146.73983129
realization 300 / 300 ... accepted 300. Emin=19.35034283, Emax=130.15696887
Saved final energies: /home/2/kj405942/POLFED_bosons/pbs_bose_legacy_nmax2_periodic/data/U_15/W_10/L_6/N_6_nmax_2/boundary_periodic/energies_full_U15_L6_N6_nmax2_W10_boundaryperiodic_nreal300.txt
Accepted realizations: 300 / 300
Skipped realizations: 0
Job finished at Sun May 31 17:12:29 UTC 2026
