Job started on w30 at Sun May 31 17:10:46 UTC 2026
PBS_JOBID=7731472.kruk-host.ift-klaster.lan
PBS_O_WORKDIR=/home/2/kj405942/POLFED_bosons
Bose-Hubbard: L=6, N=6, nmax=2, dim=141
t=1, U=15, W=13, nreal=300, boundary=periodic, mode=full
Writing partial results to /home/2/kj405942/POLFED_bosons/pbs_bose_legacy_nmax2_periodic/data/U_15/W_13/L_6/N_6_nmax_2/boundary_periodic/energies_full_U15_L6_N6_nmax2_W13_boundaryperiodic_nreal300_partial.txt
realization 1 / 300 ... accepted 1. Emin=-30.04103965, Emax=89.07690405
realization 2 / 300 ... accepted 2. Emin=15.02420139, Emax=135.44374961
realization 3 / 300 ... accepted 3. Emin=-10.78676920, Emax=125.93954514
realization 4 / 300 ... accepted 4. Emin=-26.43573350, Emax=101.27905567
realization 5 / 300 ... accepted 5. Emin=0.81560440, Emax=121.80696103
realization 6 / 300 ... accepted 6. Emin=18.85684599, Emax=158.45712503
realization 7 / 300 ... accepted 7. Emin=-5.48741779, Emax=115.15592744
realization 8 / 300 ... accepted 8. Emin=15.09359544, Emax=143.37318042
realization 9 / 300 ... accepted 9. Emin=7.67132149, Emax=129.74054458
realization 10 / 300 ... accepted 10. Emin=-30.05937566, Emax=91.38339596
realization 11 / 300 ... accepted 11. Emin=9.85218959, Emax=136.62472478
realization 12 / 300 ... accepted 12. Emin=-38.90885408, Emax=81.55641793
realization 13 / 300 ... accepted 13. Emin=-5.10220758, Emax=125.62910129
realization 14 / 300 ... accepted 14. Emin=-12.84638355, Emax=116.96234935
realization 15 / 300 ... accepted 15. Emin=6.69013959, Emax=132.15091427
realization 16 / 300 ... accepted 16. Emin=4.62401279, Emax=109.95640335
realization 17 / 300 ... accepted 17. Emin=14.55720783, Emax=150.79588869
realization 18 / 300 ... accepted 18. Emin=-16.60894032, Emax=109.64826820
realization 19 / 300 ... accepted 19. Emin=-0.60057780, Emax=112.21354536
realization 20 / 300 ... accepted 20. Emin=13.41675916, Emax=152.79779958
realization 21 / 300 ... accepted 21. Emin=6.82891565, Emax=134.09171152
realization 22 / 300 ... accepted 22. Emin=-14.43274723, Emax=108.67837207
realization 23 / 300 ... accepted 23. Emin=8.46718594, Emax=153.10244540
realization 24 / 300 ... accepted 24. Emin=-6.39641463, Emax=124.47057362
realization 25 / 300 ... accepted 25. Emin=-13.62037325, Emax=129.73203460
realization 26 / 300 ... accepted 26. Emin=-2.17584445, Emax=119.71080595
realization 27 / 300 ... accepted 27. Emin=10.69642441, Emax=135.36021430
realization 28 / 300 ... accepted 28. Emin=-34.44978370, Emax=75.49969545
realization 29 / 300 ... accepted 29. Emin=10.08772834, Emax=133.30034964
realization 30 / 300 ... accepted 30. Emin=0.94290552, Emax=139.52482045
realization 31 / 300 ... accepted 31. Emin=-5.70723880, Emax=102.38671052
realization 32 / 300 ... accepted 32. Emin=9.69822776, Emax=126.26705585
realization 33 / 300 ... accepted 33. Emin=10.93682721, Emax=132.39971742
realization 34 / 300 ... accepted 34. Emin=-1.00331976, Emax=134.53717848
realization 35 / 300 ... accepted 35. Emin=35.49167845, Emax=145.06159946
realization 36 / 300 ... accepted 36. Emin=-42.72430294, Emax=72.56685480
realization 37 / 300 ... accepted 37. Emin=-18.09243444, Emax=101.72649458
realization 38 / 300 ... accepted 38. Emin=-18.39648130, Emax=97.19348444
realization 39 / 300 ... accepted 39. Emin=-9.50800209, Emax=107.03369168
realization 40 / 300 ... accepted 40. Emin=-3.88387369, Emax=111.72594911
realization 41 / 300 ... accepted 41. Emin=3.71935113, Emax=132.02670337
realization 42 / 300 ... accepted 42. Emin=6.09226652, Emax=152.70589390
realization 43 / 300 ... accepted 43. Emin=-22.62040762, Emax=97.12411335
realization 44 / 300 ... accepted 44. Emin=5.87189683, Emax=138.25727466
realization 45 / 300 ... accepted 45. Emin=-3.98936650, Emax=98.17209061
realization 46 / 300 ... accepted 46. Emin=-8.30057526, Emax=110.53279372
realization 47 / 300 ... accepted 47. Emin=19.67470365, Emax=146.45392670
realization 48 / 300 ... accepted 48. Emin=-9.96120727, Emax=126.63913978
realization 49 / 300 ... accepted 49. Emin=7.82201259, Emax=127.24563165
realization 50 / 300 ... accepted 50. Emin=-26.47988768, Emax=97.73208943
realization 51 / 300 ... accepted 51. Emin=-13.12550336, Emax=130.63224390
realization 52 / 300 ... accepted 52. Emin=-19.10259777, Emax=123.92137666
realization 53 / 300 ... accepted 53. Emin=-42.67180119, Emax=74.71292880
realization 54 / 300 ... accepted 54. Emin=-20.54733782, Emax=102.59436791
realization 55 / 300 ... accepted 55. Emin=28.93477000, Emax=158.25706226
realization 56 / 300 ... accepted 56. Emin=-30.14507069, Emax=86.78793595
realization 57 / 300 ... accepted 57. Emin=7.13741068, Emax=157.38993442
realization 58 / 300 ... accepted 58. Emin=22.69609675, Emax=137.66913870
realization 59 / 300 ... accepted 59. Emin=-28.01925064, Emax=104.34219454
realization 60 / 300 ... accepted 60. Emin=2.93353235, Emax=153.19130248
realization 61 / 300 ... accepted 61. Emin=14.35332463, Emax=136.35423424
realization 62 / 300 ... accepted 62. Emin=7.74636922, Emax=134.28105624
realization 63 / 300 ... accepted 63. Emin=46.41976735, Emax=153.64610510
realization 64 / 300 ... accepted 64. Emin=-20.27662966, Emax=98.68117483
realization 65 / 300 ... accepted 65. Emin=16.22614875, Emax=138.47553849
realization 66 / 300 ... accepted 66. Emin=-41.08949280, Emax=71.76285842
realization 67 / 300 ... accepted 67. Emin=15.45212878, Emax=148.43260451
realization 68 / 300 ... accepted 68. Emin=30.88082570, Emax=151.68501987
realization 69 / 300 ... accepted 69. Emin=-13.43829305, Emax=115.84980363
realization 70 / 300 ... accepted 70. Emin=19.48984883, Emax=147.26319380
realization 71 / 300 ... accepted 71. Emin=-35.40970948, Emax=85.59600632
realization 72 / 300 ... accepted 72. Emin=-0.51943880, Emax=128.08566383
realization 73 / 300 ... accepted 73. Emin=-10.33220065, Emax=113.39060152
realization 74 / 300 ... accepted 74. Emin=29.50534354, Emax=137.30714980
realization 75 / 300 ... accepted 75. Emin=-1.87478116, Emax=136.32230899
realization 76 / 300 ... accepted 76. Emin=7.21165843, Emax=134.89912589
realization 77 / 300 ... accepted 77. Emin=-15.85442012, Emax=125.77369708
realization 78 / 300 ... accepted 78. Emin=-12.85837161, Emax=114.15215418
realization 79 / 300 ... accepted 79. Emin=-19.87485898, Emax=93.32790924
realization 80 / 300 ... accepted 80. Emin=-0.60987449, Emax=130.34910127
realization 81 / 300 ... accepted 81. Emin=-19.43160886, Emax=120.16441845
realization 82 / 300 ... accepted 82. Emin=-17.40952948, Emax=118.52656383
realization 83 / 300 ... accepted 83. Emin=-5.29464838, Emax=126.51351393
realization 84 / 300 ... accepted 84. Emin=14.10378955, Emax=135.13198028
realization 85 / 300 ... accepted 85. Emin=4.07174816, Emax=131.63596379
realization 86 / 300 ... accepted 86. Emin=-20.95188143, Emax=101.90823357
realization 87 / 300 ... accepted 87. Emin=-28.75852108, Emax=91.44849032
realization 88 / 300 ... accepted 88. Emin=-8.32162141, Emax=114.18252897
realization 89 / 300 ... accepted 89. Emin=-9.79997122, Emax=106.42308634
realization 90 / 300 ... accepted 90. Emin=26.12182865, Emax=160.06167104
realization 91 / 300 ... accepted 91. Emin=9.69364635, Emax=113.23319180
realization 92 / 300 ... accepted 92. Emin=15.42717667, Emax=142.29062996
realization 93 / 300 ... accepted 93. Emin=27.00259184, Emax=147.59859913
realization 94 / 300 ... accepted 94. Emin=0.16537612, Emax=123.14198508
realization 95 / 300 ... accepted 95. Emin=30.56295473, Emax=151.52592433
realization 96 / 300 ... accepted 96. Emin=-18.81356847, Emax=100.14271065
realization 97 / 300 ... accepted 97. Emin=-2.45247753, Emax=111.08863698
realization 98 / 300 ... accepted 98. Emin=7.25559478, Emax=138.31709133
realization 99 / 300 ... accepted 99. Emin=29.57375900, Emax=156.21867479
realization 100 / 300 ... accepted 100. Emin=-17.92405617, Emax=116.25975171
realization 101 / 300 ... accepted 101. Emin=6.52827876, Emax=128.45621975
realization 102 / 300 ... accepted 102. Emin=-0.34922215, Emax=111.86268481
realization 103 / 300 ... accepted 103. Emin=5.38481544, Emax=121.61635850
realization 104 / 300 ... accepted 104. Emin=8.43835621, Emax=139.27550057
realization 105 / 300 ... accepted 105. Emin=-5.18898880, Emax=132.44913317
realization 106 / 300 ... accepted 106. Emin=15.38516692, Emax=138.18636117
realization 107 / 300 ... accepted 107. Emin=-5.96797596, Emax=105.07534737
realization 108 / 300 ... accepted 108. Emin=4.39298838, Emax=126.18946243
realization 109 / 300 ... accepted 109. Emin=-28.38313343, Emax=83.38437550
realization 110 / 300 ... accepted 110. Emin=23.25794108, Emax=146.95005893
realization 111 / 300 ... accepted 111. Emin=-28.05820476, Emax=93.37291659
realization 112 / 300 ... accepted 112. Emin=-22.69152556, Emax=90.34207636
realization 113 / 300 ... accepted 113. Emin=-3.40039472, Emax=134.64790714
realization 114 / 300 ... accepted 114. Emin=17.94317148, Emax=144.63437363
realization 115 / 300 ... accepted 115. Emin=9.71223085, Emax=137.52559452
realization 116 / 300 ... accepted 116. Emin=-1.84375966, Emax=136.35158840
realization 117 / 300 ... accepted 117. Emin=-8.45626410, Emax=128.09006227
realization 118 / 300 ... accepted 118. Emin=-5.23244254, Emax=131.24840897
realization 119 / 300 ... accepted 119. Emin=-35.32028941, Emax=81.28137949
realization 120 / 300 ... accepted 120. Emin=18.12903008, Emax=136.57351076
realization 121 / 300 ... accepted 121. Emin=-15.61917736, Emax=110.44464906
realization 122 / 300 ... accepted 122. Emin=2.13876601, Emax=125.15702476
realization 123 / 300 ... accepted 123. Emin=-13.62685476, Emax=117.62505408
realization 124 / 300 ... accepted 124. Emin=13.12777722, Emax=149.72703463
realization 125 / 300 ... accepted 125. Emin=31.24289423, Emax=136.02146884
realization 126 / 300 ... accepted 126. Emin=20.87133926, Emax=137.04876086
realization 127 / 300 ... accepted 127. Emin=-1.45190532, Emax=128.74455108
realization 128 / 300 ... accepted 128. Emin=-9.41698269, Emax=102.66435055
realization 129 / 300 ... accepted 129. Emin=-6.40957616, Emax=121.55908344
realization 130 / 300 ... accepted 130. Emin=3.65589329, Emax=121.43334012
realization 131 / 300 ... accepted 131. Emin=28.42929847, Emax=151.87456500
realization 132 / 300 ... accepted 132. Emin=10.21775998, Emax=139.36842341
realization 133 / 300 ... accepted 133. Emin=-14.33545557, Emax=113.09932693
realization 134 / 300 ... accepted 134. Emin=15.25315952, Emax=132.93318188
realization 135 / 300 ... accepted 135. Emin=-8.27158814, Emax=106.00631253
realization 136 / 300 ... accepted 136. Emin=16.47705235, Emax=153.56570812
realization 137 / 300 ... accepted 137. Emin=38.63133371, Emax=159.91666807
realization 138 / 300 ... accepted 138. Emin=-14.19053556, Emax=104.71840558
realization 139 / 300 ... accepted 139. Emin=-18.41615997, Emax=99.09727173
realization 140 / 300 ... accepted 140. Emin=-14.90610076, Emax=126.18479446
realization 141 / 300 ... accepted 141. Emin=-4.37093023, Emax=121.17869509
realization 142 / 300 ... accepted 142. Emin=2.98252953, Emax=130.18656056
realization 143 / 300 ... accepted 143. Emin=-29.34650812, Emax=93.61341095
realization 144 / 300 ... accepted 144. Emin=10.00973840, Emax=145.40251660
realization 145 / 300 ... accepted 145. Emin=-31.83946751, Emax=97.18030411
realization 146 / 300 ... accepted 146. Emin=-16.53003860, Emax=112.91896736
realization 147 / 300 ... accepted 147. Emin=-33.05853473, Emax=93.03449704
realization 148 / 300 ... accepted 148. Emin=-18.06228727, Emax=101.85586178
realization 149 / 300 ... accepted 149. Emin=-9.14107113, Emax=128.61751543
realization 150 / 300 ... accepted 150. Emin=8.03945393, Emax=128.32826929
realization 151 / 300 ... accepted 151. Emin=1.78704809, Emax=123.79645613
realization 152 / 300 ... accepted 152. Emin=22.92507064, Emax=137.02154524
realization 153 / 300 ... accepted 153. Emin=-0.58563039, Emax=136.36895181
realization 154 / 300 ... accepted 154. Emin=21.90566328, Emax=143.18674702
realization 155 / 300 ... accepted 155. Emin=-14.34202823, Emax=103.72031476
realization 156 / 300 ... accepted 156. Emin=12.46590354, Emax=148.66603701
realization 157 / 300 ... accepted 157. Emin=-17.36991830, Emax=102.44130015
realization 158 / 300 ... accepted 158. Emin=-8.04974471, Emax=122.20460943
realization 159 / 300 ... accepted 159. Emin=-16.40545680, Emax=101.78229848
realization 160 / 300 ... accepted 160. Emin=5.59112669, Emax=119.61601078
realization 161 / 300 ... accepted 161. Emin=14.28513792, Emax=145.62853515
realization 162 / 300 ... accepted 162. Emin=17.56921427, Emax=141.41716734
realization 163 / 300 ... accepted 163. Emin=32.43245449, Emax=149.67091484
realization 164 / 300 ... accepted 164. Emin=-16.20063747, Emax=102.52348988
realization 165 / 300 ... accepted 165. Emin=-7.97254333, Emax=99.05070251
realization 166 / 300 ... accepted 166. Emin=-7.72162761, Emax=104.68273505
realization 167 / 300 ... accepted 167. Emin=-19.45841266, Emax=98.28927689
realization 168 / 300 ... accepted 168. Emin=17.38255446, Emax=138.51224432
realization 169 / 300 ... accepted 169. Emin=5.39653968, Emax=115.92032934
realization 170 / 300 ... accepted 170. Emin=-21.17953740, Emax=100.83464623
realization 171 / 300 ... accepted 171. Emin=13.16040789, Emax=132.65549405
realization 172 / 300 ... accepted 172. Emin=-27.32957755, Emax=79.93049836
realization 173 / 300 ... accepted 173. Emin=-8.97106141, Emax=114.13006609
realization 174 / 300 ... accepted 174. Emin=7.05303694, Emax=133.47327551
realization 175 / 300 ... accepted 175. Emin=12.87700437, Emax=139.54929352
realization 176 / 300 ... accepted 176. Emin=-7.13355328, Emax=112.61621773
realization 177 / 300 ... accepted 177. Emin=6.65251046, Emax=122.16862144
realization 178 / 300 ... accepted 178. Emin=25.45459484, Emax=140.50097061
realization 179 / 300 ... accepted 179. Emin=-11.43899579, Emax=110.81178492
realization 180 / 300 ... accepted 180. Emin=7.35164040, Emax=121.69355701
realization 181 / 300 ... accepted 181. Emin=31.28599902, Emax=137.73282852
realization 182 / 300 ... accepted 182. Emin=13.46250917, Emax=125.04393071
realization 183 / 300 ... accepted 183. Emin=-1.58181003, Emax=107.79007940
realization 184 / 300 ... accepted 184. Emin=17.77962424, Emax=150.57352227
realization 185 / 300 ... accepted 185. Emin=-3.25699650, Emax=125.91908994
realization 186 / 300 ... accepted 186. Emin=-1.87230721, Emax=134.74981659
realization 187 / 300 ... accepted 187. Emin=-20.45332476, Emax=121.52227148
realization 188 / 300 ... accepted 188. Emin=-8.52610504, Emax=118.23642902
realization 189 / 300 ... accepted 189. Emin=-5.76739794, Emax=103.93871032
realization 190 / 300 ... accepted 190. Emin=12.67785037, Emax=139.42937050
realization 191 / 300 ... accepted 191. Emin=13.17860851, Emax=136.16983057
realization 192 / 300 ... accepted 192. Emin=-29.65015162, Emax=100.63205691
realization 193 / 300 ... accepted 193. Emin=-21.48697340, Emax=110.51827919
realization 194 / 300 ... accepted 194. Emin=-9.86078752, Emax=104.58453506
realization 195 / 300 ... accepted 195. Emin=-16.33526120, Emax=107.18822819
realization 196 / 300 ... accepted 196. Emin=-32.13685180, Emax=79.94220772
realization 197 / 300 ... accepted 197. Emin=-1.18019892, Emax=140.16903706
realization 198 / 300 ... accepted 198. Emin=-39.20527910, Emax=69.86877974
realization 199 / 300 ... accepted 199. Emin=-8.40776133, Emax=105.41959972
realization 200 / 300 ... accepted 200. Emin=-2.36118057, Emax=120.84863942
realization 201 / 300 ... accepted 201. Emin=-7.78351699, Emax=108.71748618
realization 202 / 300 ... accepted 202. Emin=-6.24976092, Emax=113.32724575
realization 203 / 300 ... accepted 203. Emin=-12.93290748, Emax=104.95672098
realization 204 / 300 ... accepted 204. Emin=-14.44768060, Emax=128.46266634
realization 205 / 300 ... accepted 205. Emin=5.52970048, Emax=126.87309840
realization 206 / 300 ... accepted 206. Emin=18.75309550, Emax=155.18961960
realization 207 / 300 ... accepted 207. Emin=-18.86110225, Emax=96.79970318
realization 208 / 300 ... accepted 208. Emin=21.83360520, Emax=152.02253974
realization 209 / 300 ... accepted 209. Emin=-34.46141706, Emax=79.74795590
realization 210 / 300 ... accepted 210. Emin=5.47080874, Emax=137.54493388
realization 211 / 300 ... accepted 211. Emin=-1.61947504, Emax=131.67854897
realization 212 / 300 ... accepted 212. Emin=-1.41181662, Emax=101.56042497
realization 213 / 300 ... accepted 213. Emin=-1.38827732, Emax=127.87347176
realization 214 / 300 ... accepted 214. Emin=4.67868283, Emax=132.91949971
realization 215 / 300 ... accepted 215. Emin=23.38426259, Emax=144.75491733
realization 216 / 300 ... accepted 216. Emin=-2.91598671, Emax=142.09887819
realization 217 / 300 ... accepted 217. Emin=-11.88678677, Emax=113.56090125
realization 218 / 300 ... accepted 218. Emin=-0.11200135, Emax=130.11230754
realization 219 / 300 ... accepted 219. Emin=4.82455361, Emax=141.36398952
realization 220 / 300 ... accepted 220. Emin=34.35049679, Emax=148.59300242
realization 221 / 300 ... accepted 221. Emin=-34.96953639, Emax=91.15633193
realization 222 / 300 ... accepted 222. Emin=18.94887420, Emax=132.32178647
realization 223 / 300 ... accepted 223. Emin=-22.09798721, Emax=115.43700709
realization 224 / 300 ... accepted 224. Emin=-8.36659172, Emax=128.75258926
realization 225 / 300 ... accepted 225. Emin=-18.23945975, Emax=106.74756111
realization 226 / 300 ... accepted 226. Emin=-5.63156697, Emax=126.47691965
realization 227 / 300 ... accepted 227. Emin=-25.55301558, Emax=92.42234152
realization 228 / 300 ... accepted 228. Emin=15.26325366, Emax=142.10511850
realization 229 / 300 ... accepted 229. Emin=-19.90380724, Emax=105.44192666
realization 230 / 300 ... accepted 230. Emin=10.63735027, Emax=133.69708709
realization 231 / 300 ... accepted 231. Emin=-26.26720502, Emax=92.51649048
realization 232 / 300 ... accepted 232. Emin=-37.29234150, Emax=71.54221540
realization 233 / 300 ... accepted 233. Emin=-19.75944740, Emax=102.19360020
realization 234 / 300 ... accepted 234. Emin=-11.51058565, Emax=110.09448886
realization 235 / 300 ... accepted 235. Emin=-21.69947078, Emax=109.39105442
realization 236 / 300 ... accepted 236. Emin=-10.83826858, Emax=121.50275142
realization 237 / 300 ... accepted 237. Emin=35.73755590, Emax=149.46236186
realization 238 / 300 ... accepted 238. Emin=39.94781767, Emax=146.92084171
realization 239 / 300 ... accepted 239. Emin=14.62911767, Emax=128.04739214
realization 240 / 300 ... accepted 240. Emin=-12.52070368, Emax=115.66890518
realization 241 / 300 ... accepted 241. Emin=5.65167308, Emax=133.02462476
realization 242 / 300 ... accepted 242. Emin=6.53246881, Emax=121.05959122
realization 243 / 300 ... accepted 243. Emin=16.22934428, Emax=144.03469377
realization 244 / 300 ... accepted 244. Emin=5.16406885, Emax=112.28445376
realization 245 / 300 ... accepted 245. Emin=-22.58409690, Emax=98.68410745
realization 246 / 300 ... accepted 246. Emin=-0.16252729, Emax=143.80536585
realization 247 / 300 ... accepted 247. Emin=20.23169161, Emax=156.63648239
realization 248 / 300 ... accepted 248. Emin=22.64887789, Emax=146.84457336
realization 249 / 300 ... accepted 249. Emin=4.88542623, Emax=139.77835283
realization 250 / 300 ... accepted 250. Emin=9.60872833, Emax=146.40588097
realization 251 / 300 ... accepted 251. Emin=2.47665735, Emax=140.05232765
realization 252 / 300 ... accepted 252. Emin=-12.57953177, Emax=120.15761154
realization 253 / 300 ... accepted 253. Emin=-9.13983373, Emax=114.41556319
realization 254 / 300 ... accepted 254. Emin=-7.46475761, Emax=127.56803509
realization 255 / 300 ... accepted 255. Emin=20.06454031, Emax=148.49997496
realization 256 / 300 ... accepted 256. Emin=-26.99893551, Emax=93.18958945
realization 257 / 300 ... accepted 257. Emin=28.20801858, Emax=134.85691902
realization 258 / 300 ... accepted 258. Emin=-55.84774508, Emax=47.04389920
realization 259 / 300 ... accepted 259. Emin=-14.02453381, Emax=124.33848378
realization 260 / 300 ... accepted 260. Emin=-20.44625007, Emax=113.80904979
realization 261 / 300 ... accepted 261. Emin=-8.11104008, Emax=130.40558171
realization 262 / 300 ... accepted 262. Emin=-5.08554806, Emax=122.15792669
realization 263 / 300 ... accepted 263. Emin=-31.76662400, Emax=79.00792144
realization 264 / 300 ... accepted 264. Emin=-18.50967211, Emax=99.87730039
realization 265 / 300 ... accepted 265. Emin=-11.77079157, Emax=116.52152360
realization 266 / 300 ... accepted 266. Emin=-34.39530225, Emax=79.47142912
realization 267 / 300 ... accepted 267. Emin=18.09972524, Emax=147.19779619
realization 268 / 300 ... accepted 268. Emin=-9.14147438, Emax=117.80723712
realization 269 / 300 ... accepted 269. Emin=7.50575447, Emax=136.22456216
realization 270 / 300 ... accepted 270. Emin=-1.07701829, Emax=127.68754877
realization 271 / 300 ... accepted 271. Emin=-11.89872569, Emax=109.36585330
realization 272 / 300 ... accepted 272. Emin=-2.06973313, Emax=138.06021172
realization 273 / 300 ... accepted 273. Emin=-29.74113698, Emax=91.38310727
realization 274 / 300 ... accepted 274. Emin=22.97611538, Emax=145.34792514
realization 275 / 300 ... accepted 275. Emin=-5.95442393, Emax=127.55275189
realization 276 / 300 ... accepted 276. Emin=-29.70892218, Emax=85.83388226
realization 277 / 300 ... accepted 277. Emin=17.66520360, Emax=146.82811864
realization 278 / 300 ... accepted 278. Emin=12.40899045, Emax=147.77178261
realization 279 / 300 ... accepted 279. Emin=-4.64671495, Emax=130.42085167
realization 280 / 300 ... accepted 280. Emin=11.81915571, Emax=138.43939206
realization 281 / 300 ... accepted 281. Emin=-12.31176530, Emax=133.27866524
realization 282 / 300 ... accepted 282. Emin=2.01896702, Emax=130.34760224
realization 283 / 300 ... accepted 283. Emin=6.17974605, Emax=148.28667535
realization 284 / 300 ... accepted 284. Emin=-2.22449938, Emax=124.96675788
realization 285 / 300 ... accepted 285. Emin=1.50479917, Emax=145.53908654
realization 286 / 300 ... accepted 286. Emin=15.74161549, Emax=146.20068343
realization 287 / 300 ... accepted 287. Emin=-29.81819229, Emax=92.09885774
realization 288 / 300 ... accepted 288. Emin=18.29107945, Emax=154.57940308
realization 289 / 300 ... accepted 289. Emin=-16.10179137, Emax=104.47575324
realization 290 / 300 ... accepted 290. Emin=-13.75584358, Emax=124.10887300
realization 291 / 300 ... accepted 291. Emin=21.30408747, Emax=135.22271889
realization 292 / 300 ... accepted 292. Emin=-16.41487578, Emax=116.29721962
realization 293 / 300 ... accepted 293. Emin=-21.14856016, Emax=101.41798378
realization 294 / 300 ... accepted 294. Emin=13.54796041, Emax=147.79547488
realization 295 / 300 ... accepted 295. Emin=-27.17366099, Emax=94.83175323
realization 296 / 300 ... accepted 296. Emin=22.78587005, Emax=140.34060532
realization 297 / 300 ... accepted 297. Emin=40.49137047, Emax=158.95444590
realization 298 / 300 ... accepted 298. Emin=17.11565997, Emax=140.19746433
realization 299 / 300 ... accepted 299. Emin=-5.76529209, Emax=123.99118724
realization 300 / 300 ... accepted 300. Emin=13.97675333, Emax=143.51645642
Saved final energies: /home/2/kj405942/POLFED_bosons/pbs_bose_legacy_nmax2_periodic/data/U_15/W_13/L_6/N_6_nmax_2/boundary_periodic/energies_full_U15_L6_N6_nmax2_W13_boundaryperiodic_nreal300.txt
Accepted realizations: 300 / 300
Skipped realizations: 0
Job finished at Sun May 31 17:12:34 UTC 2026
