Job started on w19 at Sun May 31 17:58:54 UTC 2026
PBS_JOBID=7731308.kruk-host.ift-klaster.lan
PBS_O_WORKDIR=/home/2/kj405942/POLFED_bosons
Bose-Hubbard: L=6, N=6, nmax=2, dim=141
t=1, U=1, W=14, nreal=300, boundary=periodic, mode=full
Writing partial results to /home/2/kj405942/POLFED_bosons/pbs_bose_legacy_nmax2_periodic/data/U_1/W_14/L_6/N_6_nmax_2/boundary_periodic/energies_full_U1_L6_N6_nmax2_W14_boundaryperiodic_nreal300_partial.txt
realization 1 / 300 ... accepted 1. Emin=10.00068178, Emax=60.50521521
realization 2 / 300 ... accepted 2. Emin=-63.93533071, Emax=-6.66335981
realization 3 / 300 ... accepted 3. Emin=-49.67159348, Emax=46.11772603
realization 4 / 300 ... accepted 4. Emin=-54.50414613, Emax=8.99003408
realization 5 / 300 ... accepted 5. Emin=-20.92746051, Emax=24.80207919
realization 6 / 300 ... accepted 6. Emin=-48.44080905, Emax=39.83065949
realization 7 / 300 ... accepted 7. Emin=-12.41144130, Emax=42.30407390
realization 8 / 300 ... accepted 8. Emin=-32.61934331, Emax=50.08222330
realization 9 / 300 ... accepted 9. Emin=-37.49581915, Emax=34.29845189
realization 10 / 300 ... accepted 10. Emin=-30.50167896, Emax=11.62566580
realization 11 / 300 ... accepted 11. Emin=-34.16542741, Emax=46.23222272
realization 12 / 300 ... accepted 12. Emin=-24.28994161, Emax=44.13190434
realization 13 / 300 ... accepted 13. Emin=-7.60058060, Emax=60.80765016
realization 14 / 300 ... accepted 14. Emin=-6.47243075, Emax=62.78017816
realization 15 / 300 ... accepted 15. Emin=-33.66399506, Emax=32.70873604
realization 16 / 300 ... accepted 16. Emin=-53.15430848, Emax=20.35102717
realization 17 / 300 ... accepted 17. Emin=-5.63712115, Emax=45.32507670
realization 18 / 300 ... accepted 18. Emin=-50.76615715, Emax=32.77947933
realization 19 / 300 ... accepted 19. Emin=-9.10747916, Emax=40.91880725
realization 20 / 300 ... accepted 20. Emin=-29.05094920, Emax=48.04460284
realization 21 / 300 ... accepted 21. Emin=-22.41721479, Emax=64.23051604
realization 22 / 300 ... accepted 22. Emin=-23.60036903, Emax=40.67687018
realization 23 / 300 ... accepted 23. Emin=-53.73058257, Emax=52.61570370
realization 24 / 300 ... accepted 24. Emin=-12.56707543, Emax=53.17833032
realization 25 / 300 ... accepted 25. Emin=-51.69977441, Emax=42.54595268
realization 26 / 300 ... accepted 26. Emin=4.36556922, Emax=73.89390675
realization 27 / 300 ... accepted 27. Emin=24.17902995, Emax=70.74539559
realization 28 / 300 ... accepted 28. Emin=-14.18321507, Emax=50.45606935
realization 29 / 300 ... accepted 29. Emin=-27.89575457, Emax=72.68660985
realization 30 / 300 ... accepted 30. Emin=-22.07960447, Emax=62.14354694
realization 31 / 300 ... accepted 31. Emin=-41.47018979, Emax=62.30051828
realization 32 / 300 ... accepted 32. Emin=-46.37014209, Emax=41.79691583
realization 33 / 300 ... accepted 33. Emin=-51.56460823, Emax=29.28791236
realization 34 / 300 ... accepted 34. Emin=-18.16103740, Emax=35.52474508
realization 35 / 300 ... accepted 35. Emin=-47.29494277, Emax=-2.17169965
realization 36 / 300 ... accepted 36. Emin=-14.66120182, Emax=47.84395624
realization 37 / 300 ... accepted 37. Emin=-13.36136070, Emax=54.96874501
realization 38 / 300 ... accepted 38. Emin=9.65344496, Emax=64.18088364
realization 39 / 300 ... accepted 39. Emin=-22.27847967, Emax=32.27028944
realization 40 / 300 ... accepted 40. Emin=-31.33795929, Emax=83.25349933
realization 41 / 300 ... accepted 41. Emin=-27.66949342, Emax=25.22589264
realization 42 / 300 ... accepted 42. Emin=-37.35122345, Emax=2.18564553
realization 43 / 300 ... accepted 43. Emin=-53.94563948, Emax=64.49605985
realization 44 / 300 ... accepted 44. Emin=-13.33975632, Emax=25.98350667
realization 45 / 300 ... accepted 45. Emin=9.02541744, Emax=63.96796699
realization 46 / 300 ... accepted 46. Emin=20.04669616, Emax=60.42771939
realization 47 / 300 ... accepted 47. Emin=-40.68625832, Emax=60.13617571
realization 48 / 300 ... accepted 48. Emin=-48.86708011, Emax=52.64747915
realization 49 / 300 ... accepted 49. Emin=-62.95251753, Emax=12.08887949
realization 50 / 300 ... accepted 50. Emin=-56.55493683, Emax=37.86692194
realization 51 / 300 ... accepted 51. Emin=-34.22659343, Emax=20.60025586
realization 52 / 300 ... accepted 52. Emin=-56.05391887, Emax=26.53462268
realization 53 / 300 ... accepted 53. Emin=-6.71709827, Emax=61.66185470
realization 54 / 300 ... accepted 54. Emin=-17.11059976, Emax=22.13920380
realization 55 / 300 ... accepted 55. Emin=-55.76110971, Emax=20.35904745
realization 56 / 300 ... accepted 56. Emin=-60.59146301, Emax=49.43086704
realization 57 / 300 ... accepted 57. Emin=-41.54264897, Emax=33.12176948
realization 58 / 300 ... accepted 58. Emin=-34.31730733, Emax=24.80749405
realization 59 / 300 ... accepted 59. Emin=-47.64617599, Emax=64.97364214
realization 60 / 300 ... accepted 60. Emin=-25.97264775, Emax=76.98421859
realization 61 / 300 ... accepted 61. Emin=-14.76907960, Emax=46.06257511
realization 62 / 300 ... accepted 62. Emin=-34.06737582, Emax=51.18328023
realization 63 / 300 ... accepted 63. Emin=-10.13832705, Emax=48.18549392
realization 64 / 300 ... accepted 64. Emin=-23.70277401, Emax=59.93799222
realization 65 / 300 ... accepted 65. Emin=-36.23993826, Emax=32.92995079
realization 66 / 300 ... accepted 66. Emin=-12.62158108, Emax=56.94510723
realization 67 / 300 ... accepted 67. Emin=-59.05365406, Emax=22.89652427
realization 68 / 300 ... accepted 68. Emin=-2.67314564, Emax=60.91949741
realization 69 / 300 ... accepted 69. Emin=-5.01259930, Emax=50.50655499
realization 70 / 300 ... accepted 70. Emin=-48.29125324, Emax=35.81239322
realization 71 / 300 ... accepted 71. Emin=-56.09103767, Emax=39.53504804
realization 72 / 300 ... accepted 72. Emin=-43.39078076, Emax=56.72320838
realization 73 / 300 ... accepted 73. Emin=-53.69388808, Emax=-6.96297205
realization 74 / 300 ... accepted 74. Emin=-14.92854137, Emax=71.15483819
realization 75 / 300 ... accepted 75. Emin=-70.19241392, Emax=-19.64200517
realization 76 / 300 ... accepted 76. Emin=-71.44304080, Emax=5.22784143
realization 77 / 300 ... accepted 77. Emin=-24.67652262, Emax=9.33113346
realization 78 / 300 ... accepted 78. Emin=-35.99151629, Emax=72.57831580
realization 79 / 300 ... accepted 79. Emin=-51.35118264, Emax=33.99548863
realization 80 / 300 ... accepted 80. Emin=-15.03065104, Emax=59.53725912
realization 81 / 300 ... accepted 81. Emin=-65.45914256, Emax=13.71743206
realization 82 / 300 ... accepted 82. Emin=-14.15930672, Emax=43.25313624
realization 83 / 300 ... accepted 83. Emin=-33.22013166, Emax=50.00041440
realization 84 / 300 ... accepted 84. Emin=3.60707585, Emax=45.72687920
realization 85 / 300 ... accepted 85. Emin=-50.23017001, Emax=73.71366845
realization 86 / 300 ... accepted 86. Emin=-37.21707405, Emax=62.71908139
realization 87 / 300 ... accepted 87. Emin=-7.67442144, Emax=49.36720324
realization 88 / 300 ... accepted 88. Emin=-31.31502175, Emax=43.23845432
realization 89 / 300 ... accepted 89. Emin=-34.72973905, Emax=39.59048447
realization 90 / 300 ... accepted 90. Emin=-49.32852925, Emax=38.62892191
realization 91 / 300 ... accepted 91. Emin=5.94244085, Emax=68.36832749
realization 92 / 300 ... accepted 92. Emin=-37.05310386, Emax=39.27432008
realization 93 / 300 ... accepted 93. Emin=-40.27386940, Emax=57.50729316
realization 94 / 300 ... accepted 94. Emin=-47.82458868, Emax=30.73214863
realization 95 / 300 ... accepted 95. Emin=-73.07744612, Emax=3.87565477
realization 96 / 300 ... accepted 96. Emin=-55.76279345, Emax=13.34733856
realization 97 / 300 ... accepted 97. Emin=-23.13455803, Emax=37.71313038
realization 98 / 300 ... accepted 98. Emin=-43.92670901, Emax=32.12024637
realization 99 / 300 ... accepted 99. Emin=-29.69886959, Emax=56.28344011
realization 100 / 300 ... accepted 100. Emin=-20.81764759, Emax=38.97212804
realization 101 / 300 ... accepted 101. Emin=-32.46909695, Emax=27.49920624
realization 102 / 300 ... accepted 102. Emin=11.72156818, Emax=62.61132689
realization 103 / 300 ... accepted 103. Emin=-31.39903410, Emax=59.83097372
realization 104 / 300 ... accepted 104. Emin=-70.72174997, Emax=-0.09551702
realization 105 / 300 ... accepted 105. Emin=-7.09036379, Emax=58.09441952
realization 106 / 300 ... accepted 106. Emin=-18.68949277, Emax=73.95933209
realization 107 / 300 ... accepted 107. Emin=-35.27413040, Emax=12.11860863
realization 108 / 300 ... accepted 108. Emin=-26.24156092, Emax=61.94675751
realization 109 / 300 ... accepted 109. Emin=-46.87007711, Emax=43.74945825
realization 110 / 300 ... accepted 110. Emin=-24.51074818, Emax=71.81526062
realization 111 / 300 ... accepted 111. Emin=-44.87402472, Emax=33.86378682
realization 112 / 300 ... accepted 112. Emin=-59.06140247, Emax=61.66305026
realization 113 / 300 ... accepted 113. Emin=-7.59321677, Emax=34.90739167
realization 114 / 300 ... accepted 114. Emin=27.57983907, Emax=79.13774811
realization 115 / 300 ... accepted 115. Emin=-54.07904181, Emax=16.37831687
realization 116 / 300 ... accepted 116. Emin=-37.03512243, Emax=24.32212292
realization 117 / 300 ... accepted 117. Emin=-55.93587645, Emax=14.78120401
realization 118 / 300 ... accepted 118. Emin=-31.35844746, Emax=30.34180487
realization 119 / 300 ... accepted 119. Emin=-63.90542485, Emax=17.44571984
realization 120 / 300 ... accepted 120. Emin=-42.76816455, Emax=64.18585547
realization 121 / 300 ... accepted 121. Emin=-47.65453205, Emax=34.78761260
realization 122 / 300 ... accepted 122. Emin=-44.72157561, Emax=23.19764412
realization 123 / 300 ... accepted 123. Emin=-8.25843508, Emax=54.61388527
realization 124 / 300 ... accepted 124. Emin=-50.01548251, Emax=28.10057803
realization 125 / 300 ... accepted 125. Emin=-33.41783490, Emax=73.44461332
realization 126 / 300 ... accepted 126. Emin=-54.60455095, Emax=25.11086699
realization 127 / 300 ... accepted 127. Emin=-25.64335079, Emax=76.71636964
realization 128 / 300 ... accepted 128. Emin=-72.58994139, Emax=-16.36136407
realization 129 / 300 ... accepted 129. Emin=-33.78983665, Emax=24.67662326
realization 130 / 300 ... accepted 130. Emin=-53.70520066, Emax=56.34568560
realization 131 / 300 ... accepted 131. Emin=-8.26122785, Emax=63.92793890
realization 132 / 300 ... accepted 132. Emin=-33.42336412, Emax=25.87708715
realization 133 / 300 ... accepted 133. Emin=-14.32672836, Emax=71.30405851
realization 134 / 300 ... accepted 134. Emin=-55.37785372, Emax=5.73456330
realization 135 / 300 ... accepted 135. Emin=-45.20917020, Emax=71.98568297
realization 136 / 300 ... accepted 136. Emin=-42.01746996, Emax=58.20600793
realization 137 / 300 ... accepted 137. Emin=-20.52644866, Emax=39.51110888
realization 138 / 300 ... accepted 138. Emin=-12.56060148, Emax=52.80462978
realization 139 / 300 ... accepted 139. Emin=-49.11163172, Emax=18.49318494
realization 140 / 300 ... accepted 140. Emin=-15.54638406, Emax=71.48518956
realization 141 / 300 ... accepted 141. Emin=-55.27266617, Emax=51.56317841
realization 142 / 300 ... accepted 142. Emin=-15.46843541, Emax=70.04862998
realization 143 / 300 ... accepted 143. Emin=-70.53576192, Emax=8.03172724
realization 144 / 300 ... accepted 144. Emin=-46.28321000, Emax=71.33794488
realization 145 / 300 ... accepted 145. Emin=-21.88243303, Emax=35.19932257
realization 146 / 300 ... accepted 146. Emin=-2.94632649, Emax=57.29045807
realization 147 / 300 ... accepted 147. Emin=-55.93272552, Emax=-10.19925580
realization 148 / 300 ... accepted 148. Emin=-31.28056632, Emax=27.82726547
realization 149 / 300 ... accepted 149. Emin=-31.10696957, Emax=27.76635866
realization 150 / 300 ... accepted 150. Emin=-46.68515331, Emax=48.70747453
realization 151 / 300 ... accepted 151. Emin=1.96775009, Emax=74.29251851
realization 152 / 300 ... accepted 152. Emin=-59.34841888, Emax=25.69414964
realization 153 / 300 ... accepted 153. Emin=-53.55554480, Emax=27.78834921
realization 154 / 300 ... accepted 154. Emin=-40.61927675, Emax=35.78606713
realization 155 / 300 ... accepted 155. Emin=-52.76001024, Emax=5.70381058
realization 156 / 300 ... accepted 156. Emin=-35.29049695, Emax=65.09803659
realization 157 / 300 ... accepted 157. Emin=-3.48983731, Emax=80.69190697
realization 158 / 300 ... accepted 158. Emin=-51.43583854, Emax=58.23357565
realization 159 / 300 ... accepted 159. Emin=-20.61480003, Emax=45.05402884
realization 160 / 300 ... accepted 160. Emin=-45.43131830, Emax=55.80467932
realization 161 / 300 ... accepted 161. Emin=-20.78183377, Emax=52.47504870
realization 162 / 300 ... accepted 162. Emin=-46.26540948, Emax=17.16449241
realization 163 / 300 ... accepted 163. Emin=-2.08995418, Emax=56.12006028
realization 164 / 300 ... accepted 164. Emin=-53.13102474, Emax=29.23545726
realization 165 / 300 ... accepted 165. Emin=-29.24252872, Emax=76.04226320
realization 166 / 300 ... accepted 166. Emin=-66.70943586, Emax=31.20387813
realization 167 / 300 ... accepted 167. Emin=-24.48595964, Emax=57.09966757
realization 168 / 300 ... accepted 168. Emin=-15.26964773, Emax=45.48129162
realization 169 / 300 ... accepted 169. Emin=-17.69181347, Emax=46.16151959
realization 170 / 300 ... accepted 170. Emin=-29.04147315, Emax=36.28341187
realization 171 / 300 ... accepted 171. Emin=-24.99107883, Emax=44.81156453
realization 172 / 300 ... accepted 172. Emin=-9.00280577, Emax=50.54321466
realization 173 / 300 ... accepted 173. Emin=-20.40916860, Emax=29.17602579
realization 174 / 300 ... accepted 174. Emin=-25.90340335, Emax=29.33060639
realization 175 / 300 ... accepted 175. Emin=-31.94508716, Emax=71.08734015
realization 176 / 300 ... accepted 176. Emin=4.84332098, Emax=61.27206668
realization 177 / 300 ... accepted 177. Emin=-51.09294744, Emax=-15.77346454
realization 178 / 300 ... accepted 178. Emin=-35.08141612, Emax=58.51811741
realization 179 / 300 ... accepted 179. Emin=-31.53720684, Emax=47.04672015
realization 180 / 300 ... accepted 180. Emin=-43.87707826, Emax=44.87278157
realization 181 / 300 ... accepted 181. Emin=-11.74975936, Emax=74.63472092
realization 182 / 300 ... accepted 182. Emin=-49.55179015, Emax=56.38340508
realization 183 / 300 ... accepted 183. Emin=-18.66345347, Emax=61.25110979
realization 184 / 300 ... accepted 184. Emin=-19.31922215, Emax=55.77837981
realization 185 / 300 ... accepted 185. Emin=17.73994943, Emax=47.14912165
realization 186 / 300 ... accepted 186. Emin=-6.00083933, Emax=45.31516396
realization 187 / 300 ... accepted 187. Emin=-41.73666946, Emax=49.46690097
realization 188 / 300 ... accepted 188. Emin=-42.23764349, Emax=66.72353108
realization 189 / 300 ... accepted 189. Emin=-30.78362487, Emax=74.54663670
realization 190 / 300 ... accepted 190. Emin=-35.36676450, Emax=-2.82758190
realization 191 / 300 ... accepted 191. Emin=-52.29255990, Emax=19.25873519
realization 192 / 300 ... accepted 192. Emin=-46.40141172, Emax=37.73229032
realization 193 / 300 ... accepted 193. Emin=-43.15292170, Emax=14.88764019
realization 194 / 300 ... accepted 194. Emin=-32.15746929, Emax=23.96588281
realization 195 / 300 ... accepted 195. Emin=-41.87844514, Emax=54.60077022
realization 196 / 300 ... accepted 196. Emin=-54.85439593, Emax=51.23983853
realization 197 / 300 ... accepted 197. Emin=-28.52048976, Emax=37.14844690
realization 198 / 300 ... accepted 198. Emin=-44.48385698, Emax=21.54692937
realization 199 / 300 ... accepted 199. Emin=-39.19436477, Emax=34.95707789
realization 200 / 300 ... accepted 200. Emin=-6.54505517, Emax=79.82151676
realization 201 / 300 ... accepted 201. Emin=-44.55905450, Emax=28.85507201
realization 202 / 300 ... accepted 202. Emin=-42.20876287, Emax=49.28939646
realization 203 / 300 ... accepted 203. Emin=-38.74441816, Emax=56.80243232
realization 204 / 300 ... accepted 204. Emin=-5.33008470, Emax=49.00301038
realization 205 / 300 ... accepted 205. Emin=-25.38878327, Emax=49.32307744
realization 206 / 300 ... accepted 206. Emin=-6.17613494, Emax=42.74033549
realization 207 / 300 ... accepted 207. Emin=-6.28285403, Emax=38.74182567
realization 208 / 300 ... accepted 208. Emin=4.83841481, Emax=57.81893759
realization 209 / 300 ... accepted 209. Emin=-34.27848441, Emax=57.65122228
realization 210 / 300 ... accepted 210. Emin=-46.16816830, Emax=56.89238362
realization 211 / 300 ... accepted 211. Emin=-49.88647024, Emax=15.84233466
realization 212 / 300 ... accepted 212. Emin=-31.74968457, Emax=52.47177070
realization 213 / 300 ... accepted 213. Emin=-53.28776785, Emax=-13.38262511
realization 214 / 300 ... accepted 214. Emin=-43.32559121, Emax=33.05064390
realization 215 / 300 ... accepted 215. Emin=-50.65609744, Emax=-3.31040053
realization 216 / 300 ... accepted 216. Emin=-46.29413635, Emax=8.09885336
realization 217 / 300 ... accepted 217. Emin=-24.63722791, Emax=61.54001231
realization 218 / 300 ... accepted 218. Emin=-56.64395855, Emax=13.02338622
realization 219 / 300 ... accepted 219. Emin=4.86088586, Emax=84.21198450
realization 220 / 300 ... accepted 220. Emin=-36.01916724, Emax=43.28548573
realization 221 / 300 ... accepted 221. Emin=-51.08784531, Emax=40.36317089
realization 222 / 300 ... accepted 222. Emin=-5.65136351, Emax=50.47150931
realization 223 / 300 ... accepted 223. Emin=-34.16739608, Emax=51.03970732
realization 224 / 300 ... accepted 224. Emin=-33.41094060, Emax=53.40415375
realization 225 / 300 ... accepted 225. Emin=-19.43443588, Emax=59.92240935
realization 226 / 300 ... accepted 226. Emin=-34.15457480, Emax=51.92773436
realization 227 / 300 ... accepted 227. Emin=-30.65205806, Emax=52.27328500
realization 228 / 300 ... accepted 228. Emin=-56.01083094, Emax=19.99556052
realization 229 / 300 ... accepted 229. Emin=-54.61444428, Emax=-11.71171968
realization 230 / 300 ... accepted 230. Emin=-44.55096278, Emax=36.04261620
realization 231 / 300 ... accepted 231. Emin=-64.00715289, Emax=-1.50780160
realization 232 / 300 ... accepted 232. Emin=-1.38852533, Emax=72.85837933
realization 233 / 300 ... accepted 233. Emin=3.53224332, Emax=60.02850991
realization 234 / 300 ... accepted 234. Emin=-40.47665385, Emax=35.24657791
realization 235 / 300 ... accepted 235. Emin=-16.75227642, Emax=49.20514509
realization 236 / 300 ... accepted 236. Emin=-42.97135423, Emax=51.35153123
realization 237 / 300 ... accepted 237. Emin=-34.19912557, Emax=70.45015180
realization 238 / 300 ... accepted 238. Emin=-8.11250029, Emax=65.24257733
realization 239 / 300 ... accepted 239. Emin=-56.34727247, Emax=58.81494191
realization 240 / 300 ... accepted 240. Emin=2.89857101, Emax=68.79765506
realization 241 / 300 ... accepted 241. Emin=-28.09330187, Emax=56.76276748
realization 242 / 300 ... accepted 242. Emin=-30.54247174, Emax=35.87058870
realization 243 / 300 ... accepted 243. Emin=-13.12207318, Emax=57.19756246
realization 244 / 300 ... accepted 244. Emin=-58.66286529, Emax=16.80971332
realization 245 / 300 ... accepted 245. Emin=-56.52590068, Emax=64.06186334
realization 246 / 300 ... accepted 246. Emin=-21.91578089, Emax=23.31120695
realization 247 / 300 ... accepted 247. Emin=-46.49442093, Emax=59.11347039
realization 248 / 300 ... accepted 248. Emin=-44.61986080, Emax=17.36353661
realization 249 / 300 ... accepted 249. Emin=-30.18661182, Emax=44.14603703
realization 250 / 300 ... accepted 250. Emin=-54.28641406, Emax=23.60788793
realization 251 / 300 ... accepted 251. Emin=-10.11386632, Emax=32.62757635
realization 252 / 300 ... accepted 252. Emin=-39.35087668, Emax=27.32651911
realization 253 / 300 ... accepted 253. Emin=-44.58446595, Emax=43.98908577
realization 254 / 300 ... accepted 254. Emin=-37.47598554, Emax=70.16184006
realization 255 / 300 ... accepted 255. Emin=-48.82255698, Emax=49.07975369
realization 256 / 300 ... accepted 256. Emin=-42.20196460, Emax=19.30047175
realization 257 / 300 ... accepted 257. Emin=-66.56915126, Emax=9.05164358
realization 258 / 300 ... accepted 258. Emin=-57.26164100, Emax=49.82836586
realization 259 / 300 ... accepted 259. Emin=-42.54702579, Emax=53.14149753
realization 260 / 300 ... accepted 260. Emin=-1.10326032, Emax=40.48717759
realization 261 / 300 ... accepted 261. Emin=-52.22517685, Emax=0.73284286
realization 262 / 300 ... accepted 262. Emin=-49.38734034, Emax=13.70287953
realization 263 / 300 ... accepted 263. Emin=-32.85281181, Emax=35.65426498
realization 264 / 300 ... accepted 264. Emin=-22.41351680, Emax=46.62448048
realization 265 / 300 ... accepted 265. Emin=-39.13495409, Emax=73.50811259
realization 266 / 300 ... accepted 266. Emin=9.55922140, Emax=77.77178782
realization 267 / 300 ... accepted 267. Emin=-47.92112962, Emax=36.55276033
realization 268 / 300 ... accepted 268. Emin=-1.53434687, Emax=55.34677211
realization 269 / 300 ... accepted 269. Emin=-34.23245337, Emax=54.46858808
realization 270 / 300 ... accepted 270. Emin=-49.23235089, Emax=24.44904945
realization 271 / 300 ... accepted 271. Emin=-36.84252705, Emax=52.01578692
realization 272 / 300 ... accepted 272. Emin=-31.13065190, Emax=33.75095099
realization 273 / 300 ... accepted 273. Emin=-52.13608929, Emax=68.35878833
realization 274 / 300 ... accepted 274. Emin=-40.05058339, Emax=25.51024700
realization 275 / 300 ... accepted 275. Emin=-35.42273238, Emax=52.98351213
realization 276 / 300 ... accepted 276. Emin=-38.27524527, Emax=45.42797176
realization 277 / 300 ... accepted 277. Emin=-33.40283708, Emax=50.48754434
realization 278 / 300 ... accepted 278. Emin=-13.53152964, Emax=68.61254209
realization 279 / 300 ... accepted 279. Emin=-31.17832551, Emax=74.05331740
realization 280 / 300 ... accepted 280. Emin=-35.71807375, Emax=58.56430610
realization 281 / 300 ... accepted 281. Emin=10.22040296, Emax=86.01373743
realization 282 / 300 ... accepted 282. Emin=-64.35979251, Emax=19.34273106
realization 283 / 300 ... accepted 283. Emin=-22.52991320, Emax=72.40941225
realization 284 / 300 ... accepted 284. Emin=-42.92225494, Emax=52.36452261
realization 285 / 300 ... accepted 285. Emin=-15.64613779, Emax=53.77604612
realization 286 / 300 ... accepted 286. Emin=-43.36860740, Emax=46.82185676
realization 287 / 300 ... accepted 287. Emin=-40.12441365, Emax=38.71379283
realization 288 / 300 ... accepted 288. Emin=2.63904650, Emax=67.87540422
realization 289 / 300 ... accepted 289. Emin=-9.92160372, Emax=51.54723089
realization 290 / 300 ... accepted 290. Emin=-23.90201133, Emax=59.14221470
realization 291 / 300 ... accepted 291. Emin=-3.13726221, Emax=72.70238896
realization 292 / 300 ... accepted 292. Emin=-4.08742059, Emax=75.51665417
realization 293 / 300 ... accepted 293. Emin=-66.14241556, Emax=20.34686094
realization 294 / 300 ... accepted 294. Emin=-21.98863670, Emax=62.48104863
realization 295 / 300 ... accepted 295. Emin=-67.43866639, Emax=69.29105755
realization 296 / 300 ... accepted 296. Emin=-37.22420158, Emax=45.95160308
realization 297 / 300 ... accepted 297. Emin=-16.54590177, Emax=44.64369914
realization 298 / 300 ... accepted 298. Emin=-9.78254557, Emax=41.75305751
realization 299 / 300 ... accepted 299. Emin=-50.68219750, Emax=54.42190573
realization 300 / 300 ... accepted 300. Emin=-39.55932673, Emax=58.75022938
Saved final energies: /home/2/kj405942/POLFED_bosons/pbs_bose_legacy_nmax2_periodic/data/U_1/W_14/L_6/N_6_nmax_2/boundary_periodic/energies_full_U1_L6_N6_nmax2_W14_boundaryperiodic_nreal300.txt
Accepted realizations: 300 / 300
Skipped realizations: 0
Job finished at Sun May 31 18:00:27 UTC 2026
