Job started on w08 at Sun May 31 16:57:58 UTC 2026
PBS_JOBID=7731297.kruk-host.ift-klaster.lan
PBS_O_WORKDIR=/home/2/kj405942/POLFED_bosons
Bose-Hubbard: L=6, N=6, nmax=2, dim=141
t=1, U=1, W=3, nreal=300, boundary=periodic, mode=full
Writing partial results to /home/2/kj405942/POLFED_bosons/pbs_bose_legacy_nmax2_periodic/data/U_1/W_3/L_6/N_6_nmax_2/boundary_periodic/energies_full_U1_L6_N6_nmax2_W3_boundaryperiodic_nreal300_partial.txt
realization 1 / 300 ... accepted 1. Emin=-10.18681350, Emax=19.47582438
realization 2 / 300 ... accepted 2. Emin=-14.30925324, Emax=14.31570846
realization 3 / 300 ... accepted 3. Emin=-4.30798822, Emax=17.13476313
realization 4 / 300 ... accepted 4. Emin=-9.37744665, Emax=13.13586501
realization 5 / 300 ... accepted 5. Emin=-10.22700616, Emax=13.78978025
realization 6 / 300 ... accepted 6. Emin=-15.69204935, Emax=8.05605033
realization 7 / 300 ... accepted 7. Emin=-6.27833414, Emax=23.86308630
realization 8 / 300 ... accepted 8. Emin=-13.08145423, Emax=9.30801099
realization 9 / 300 ... accepted 9. Emin=-12.22143162, Emax=13.66709906
realization 10 / 300 ... accepted 10. Emin=-7.85114939, Emax=16.75178627
realization 11 / 300 ... accepted 11. Emin=0.51721173, Emax=21.73164546
realization 12 / 300 ... accepted 12. Emin=-11.47086919, Emax=15.78169076
realization 13 / 300 ... accepted 13. Emin=-4.96327921, Emax=19.53468648
realization 14 / 300 ... accepted 14. Emin=-4.69200495, Emax=22.08440106
realization 15 / 300 ... accepted 15. Emin=-12.23029791, Emax=13.73147774
realization 16 / 300 ... accepted 16. Emin=-13.05805693, Emax=15.68103668
realization 17 / 300 ... accepted 17. Emin=-14.80541181, Emax=11.15612005
realization 18 / 300 ... accepted 18. Emin=-16.43858971, Emax=6.29318712
realization 19 / 300 ... accepted 19. Emin=-19.34625759, Emax=5.66333111
realization 20 / 300 ... accepted 20. Emin=-13.22213895, Emax=17.12162612
realization 21 / 300 ... accepted 21. Emin=0.65397306, Emax=23.58625338
realization 22 / 300 ... accepted 22. Emin=-8.19454430, Emax=20.87987546
realization 23 / 300 ... accepted 23. Emin=-4.25401288, Emax=23.69430588
realization 24 / 300 ... accepted 24. Emin=-9.49951395, Emax=15.96904812
realization 25 / 300 ... accepted 25. Emin=-7.15049798, Emax=16.66324441
realization 26 / 300 ... accepted 26. Emin=-9.52953095, Emax=14.27627964
realization 27 / 300 ... accepted 27. Emin=-0.76353900, Emax=21.28616830
realization 28 / 300 ... accepted 28. Emin=-9.97351679, Emax=18.92748167
realization 29 / 300 ... accepted 29. Emin=-9.59408676, Emax=16.23117909
realization 30 / 300 ... accepted 30. Emin=-11.64278495, Emax=12.47027749
realization 31 / 300 ... accepted 31. Emin=-6.78671038, Emax=21.54614439
realization 32 / 300 ... accepted 32. Emin=-16.71682081, Emax=8.87747747
realization 33 / 300 ... accepted 33. Emin=-5.79701063, Emax=21.77567082
realization 34 / 300 ... accepted 34. Emin=-6.57779602, Emax=21.29920480
realization 35 / 300 ... accepted 35. Emin=-15.62341900, Emax=10.53673654
realization 36 / 300 ... accepted 36. Emin=-14.31057946, Emax=7.73593874
realization 37 / 300 ... accepted 37. Emin=-6.09343842, Emax=22.04077998
realization 38 / 300 ... accepted 38. Emin=-13.83138764, Emax=12.35028636
realization 39 / 300 ... accepted 39. Emin=-3.97746034, Emax=21.69978320
realization 40 / 300 ... accepted 40. Emin=-16.09398863, Emax=7.14692525
realization 41 / 300 ... accepted 41. Emin=-6.64456850, Emax=20.12740429
realization 42 / 300 ... accepted 42. Emin=-13.67079005, Emax=18.06481495
realization 43 / 300 ... accepted 43. Emin=-10.43473808, Emax=14.86050861
realization 44 / 300 ... accepted 44. Emin=-11.90447355, Emax=11.37026070
realization 45 / 300 ... accepted 45. Emin=-14.32865944, Emax=14.40032814
realization 46 / 300 ... accepted 46. Emin=-5.43036756, Emax=19.91654803
realization 47 / 300 ... accepted 47. Emin=-8.87963203, Emax=14.79909348
realization 48 / 300 ... accepted 48. Emin=-0.37590357, Emax=21.50689973
realization 49 / 300 ... accepted 49. Emin=-6.30699146, Emax=17.39105887
realization 50 / 300 ... accepted 50. Emin=-9.16517224, Emax=14.04669126
realization 51 / 300 ... accepted 51. Emin=-9.03536090, Emax=15.94686962
realization 52 / 300 ... accepted 52. Emin=-12.68341541, Emax=17.18992864
realization 53 / 300 ... accepted 53. Emin=-14.47282589, Emax=9.16099712
realization 54 / 300 ... accepted 54. Emin=-14.44747063, Emax=9.71763521
realization 55 / 300 ... accepted 55. Emin=-11.74239281, Emax=15.96048909
realization 56 / 300 ... accepted 56. Emin=-5.88783387, Emax=19.86830470
realization 57 / 300 ... accepted 57. Emin=-8.97941036, Emax=13.93028295
realization 58 / 300 ... accepted 58. Emin=-9.66025902, Emax=16.62550241
realization 59 / 300 ... accepted 59. Emin=-2.05615647, Emax=23.84928917
realization 60 / 300 ... accepted 60. Emin=-11.73653886, Emax=19.93364728
realization 61 / 300 ... accepted 61. Emin=-5.66125622, Emax=16.06080213
realization 62 / 300 ... accepted 62. Emin=-3.20562982, Emax=22.61819007
realization 63 / 300 ... accepted 63. Emin=-11.84567130, Emax=16.82721986
realization 64 / 300 ... accepted 64. Emin=-7.45308366, Emax=17.16930083
realization 65 / 300 ... accepted 65. Emin=-8.78433149, Emax=14.01577205
realization 66 / 300 ... accepted 66. Emin=-11.06329748, Emax=14.71226342
realization 67 / 300 ... accepted 67. Emin=-7.02015968, Emax=16.41625350
realization 68 / 300 ... accepted 68. Emin=-16.86621257, Emax=5.54848200
realization 69 / 300 ... accepted 69. Emin=-9.32803653, Emax=14.51153186
realization 70 / 300 ... accepted 70. Emin=-8.05773909, Emax=18.12030690
realization 71 / 300 ... accepted 71. Emin=-8.72709706, Emax=19.52735114
realization 72 / 300 ... accepted 72. Emin=1.02514348, Emax=25.50577483
realization 73 / 300 ... accepted 73. Emin=-11.79090666, Emax=11.67536483
realization 74 / 300 ... accepted 74. Emin=-5.58409897, Emax=21.18831215
realization 75 / 300 ... accepted 75. Emin=-12.16225726, Emax=15.46320361
realization 76 / 300 ... accepted 76. Emin=-4.67703339, Emax=21.06702810
realization 77 / 300 ... accepted 77. Emin=4.10950436, Emax=26.13586690
realization 78 / 300 ... accepted 78. Emin=-11.04130787, Emax=14.77430036
realization 79 / 300 ... accepted 79. Emin=-5.56882399, Emax=18.19508002
realization 80 / 300 ... accepted 80. Emin=-15.06620665, Emax=13.01008625
realization 81 / 300 ... accepted 81. Emin=-11.04253438, Emax=15.62704123
realization 82 / 300 ... accepted 82. Emin=-5.81982579, Emax=20.20684604
realization 83 / 300 ... accepted 83. Emin=-14.25068269, Emax=12.21136621
realization 84 / 300 ... accepted 84. Emin=-10.28022278, Emax=13.16553301
realization 85 / 300 ... accepted 85. Emin=-18.08093573, Emax=6.44356440
realization 86 / 300 ... accepted 86. Emin=-14.14319088, Emax=11.47215388
realization 87 / 300 ... accepted 87. Emin=-7.40363288, Emax=16.88328335
realization 88 / 300 ... accepted 88. Emin=-0.38668505, Emax=24.11676853
realization 89 / 300 ... accepted 89. Emin=-6.80914454, Emax=18.46654898
realization 90 / 300 ... accepted 90. Emin=-9.15555247, Emax=15.23686339
realization 91 / 300 ... accepted 91. Emin=-3.35413491, Emax=19.40582927
realization 92 / 300 ... accepted 92. Emin=-1.65442708, Emax=20.08385283
realization 93 / 300 ... accepted 93. Emin=-10.31444868, Emax=11.65075493
realization 94 / 300 ... accepted 94. Emin=-9.18673563, Emax=14.37608155
realization 95 / 300 ... accepted 95. Emin=-6.86366708, Emax=19.57743612
realization 96 / 300 ... accepted 96. Emin=-12.95604847, Emax=14.38850307
realization 97 / 300 ... accepted 97. Emin=-15.03252238, Emax=11.57211258
realization 98 / 300 ... accepted 98. Emin=-9.38236860, Emax=14.17482386
realization 99 / 300 ... accepted 99. Emin=-9.33937069, Emax=18.50618743
realization 100 / 300 ... accepted 100. Emin=-11.58867777, Emax=10.86832433
realization 101 / 300 ... accepted 101. Emin=-1.14853482, Emax=20.99817654
realization 102 / 300 ... accepted 102. Emin=-3.63633168, Emax=19.77557260
realization 103 / 300 ... accepted 103. Emin=-14.62888166, Emax=18.41225251
realization 104 / 300 ... accepted 104. Emin=-10.52952965, Emax=18.00108564
realization 105 / 300 ... accepted 105. Emin=-7.98512475, Emax=18.21895546
realization 106 / 300 ... accepted 106. Emin=-10.67973684, Emax=17.02103745
realization 107 / 300 ... accepted 107. Emin=-6.02739359, Emax=20.65025054
realization 108 / 300 ... accepted 108. Emin=-11.89698806, Emax=12.23322313
realization 109 / 300 ... accepted 109. Emin=-8.90661128, Emax=18.51248761
realization 110 / 300 ... accepted 110. Emin=-15.03737981, Emax=12.26581662
realization 111 / 300 ... accepted 111. Emin=-6.80860450, Emax=18.04265340
realization 112 / 300 ... accepted 112. Emin=-6.04278753, Emax=20.77386017
realization 113 / 300 ... accepted 113. Emin=-15.02524396, Emax=9.64821900
realization 114 / 300 ... accepted 114. Emin=-12.96093942, Emax=12.51444774
realization 115 / 300 ... accepted 115. Emin=-6.38959842, Emax=15.85235787
realization 116 / 300 ... accepted 116. Emin=-8.28662663, Emax=21.94647920
realization 117 / 300 ... accepted 117. Emin=-15.90090825, Emax=5.72639311
realization 118 / 300 ... accepted 118. Emin=-5.65385135, Emax=18.57911276
realization 119 / 300 ... accepted 119. Emin=1.00099281, Emax=23.18106525
realization 120 / 300 ... accepted 120. Emin=-3.10129869, Emax=21.72801520
realization 121 / 300 ... accepted 121. Emin=-18.56246748, Emax=3.55507784
realization 122 / 300 ... accepted 122. Emin=-15.54752038, Emax=10.53526089
realization 123 / 300 ... accepted 123. Emin=-0.07981863, Emax=21.26459492
realization 124 / 300 ... accepted 124. Emin=-6.22530085, Emax=18.51186440
realization 125 / 300 ... accepted 125. Emin=-3.36277576, Emax=23.55191748
realization 126 / 300 ... accepted 126. Emin=-15.26764983, Emax=7.80878337
realization 127 / 300 ... accepted 127. Emin=-3.06948147, Emax=20.97702409
realization 128 / 300 ... accepted 128. Emin=-7.52647341, Emax=16.23527960
realization 129 / 300 ... accepted 129. Emin=-14.24689242, Emax=9.03429774
realization 130 / 300 ... accepted 130. Emin=-11.74282750, Emax=11.35271966
realization 131 / 300 ... accepted 131. Emin=-11.93773715, Emax=14.57006486
realization 132 / 300 ... accepted 132. Emin=-3.75685322, Emax=21.64976571
realization 133 / 300 ... accepted 133. Emin=-8.48819339, Emax=15.73203361
realization 134 / 300 ... accepted 134. Emin=-9.56256058, Emax=18.75879412
realization 135 / 300 ... accepted 135. Emin=-4.69974869, Emax=19.79153304
realization 136 / 300 ... accepted 136. Emin=-6.31286072, Emax=21.76025807
realization 137 / 300 ... accepted 137. Emin=-6.29400832, Emax=18.11986448
realization 138 / 300 ... accepted 138. Emin=-8.13085616, Emax=20.84443789
realization 139 / 300 ... accepted 139. Emin=-7.01976833, Emax=18.29163131
realization 140 / 300 ... accepted 140. Emin=-5.57596672, Emax=20.42226245
realization 141 / 300 ... accepted 141. Emin=-7.16015888, Emax=18.12443315
realization 142 / 300 ... accepted 142. Emin=-8.10455634, Emax=18.39100358
realization 143 / 300 ... accepted 143. Emin=-13.60137956, Emax=9.65722729
realization 144 / 300 ... accepted 144. Emin=-11.17729918, Emax=18.42391841
realization 145 / 300 ... accepted 145. Emin=-5.07663570, Emax=19.28728957
realization 146 / 300 ... accepted 146. Emin=-6.22596173, Emax=17.12383521
realization 147 / 300 ... accepted 147. Emin=-11.47278592, Emax=14.60719542
realization 148 / 300 ... accepted 148. Emin=-5.79583402, Emax=23.14658230
realization 149 / 300 ... accepted 149. Emin=-7.30961945, Emax=19.31326462
realization 150 / 300 ... accepted 150. Emin=-8.30090631, Emax=19.03124150
realization 151 / 300 ... accepted 151. Emin=-13.74595611, Emax=12.76746764
realization 152 / 300 ... accepted 152. Emin=-11.52348406, Emax=17.10736542
realization 153 / 300 ... accepted 153. Emin=-10.66633808, Emax=16.64792442
realization 154 / 300 ... accepted 154. Emin=-12.04072770, Emax=11.43713401
realization 155 / 300 ... accepted 155. Emin=-11.03407961, Emax=15.52217643
realization 156 / 300 ... accepted 156. Emin=-3.49097004, Emax=17.33657538
realization 157 / 300 ... accepted 157. Emin=-9.96542374, Emax=18.19567773
realization 158 / 300 ... accepted 158. Emin=-7.72786857, Emax=19.26163639
realization 159 / 300 ... accepted 159. Emin=-11.36653156, Emax=11.12109549
realization 160 / 300 ... accepted 160. Emin=-12.23218722, Emax=12.99133879
realization 161 / 300 ... accepted 161. Emin=-8.48710686, Emax=14.26822733
realization 162 / 300 ... accepted 162. Emin=-14.48292345, Emax=12.77527873
realization 163 / 300 ... accepted 163. Emin=-14.90956036, Emax=7.52648854
realization 164 / 300 ... accepted 164. Emin=-3.27251831, Emax=19.93295387
realization 165 / 300 ... accepted 165. Emin=-11.85614737, Emax=16.31002325
realization 166 / 300 ... accepted 166. Emin=-7.24278093, Emax=17.88364537
realization 167 / 300 ... accepted 167. Emin=-8.28802857, Emax=23.40470443
realization 168 / 300 ... accepted 168. Emin=-13.42881814, Emax=9.67115453
realization 169 / 300 ... accepted 169. Emin=-9.53439812, Emax=13.67264175
realization 170 / 300 ... accepted 170. Emin=-14.31693233, Emax=8.72361561
realization 171 / 300 ... accepted 171. Emin=-2.20408983, Emax=23.02079658
realization 172 / 300 ... accepted 172. Emin=-10.52202209, Emax=11.71976627
realization 173 / 300 ... accepted 173. Emin=-15.08968894, Emax=7.03644437
realization 174 / 300 ... accepted 174. Emin=-11.93850090, Emax=14.78967011
realization 175 / 300 ... accepted 175. Emin=-11.81563101, Emax=14.79463526
realization 176 / 300 ... accepted 176. Emin=-8.58277643, Emax=18.16262838
realization 177 / 300 ... accepted 177. Emin=-15.00590016, Emax=10.15614356
realization 178 / 300 ... accepted 178. Emin=-7.47720377, Emax=19.36329523
realization 179 / 300 ... accepted 179. Emin=-5.13324558, Emax=19.85565945
realization 180 / 300 ... accepted 180. Emin=-12.26457671, Emax=15.44304526
realization 181 / 300 ... accepted 181. Emin=-3.17143370, Emax=21.99814503
realization 182 / 300 ... accepted 182. Emin=-13.99928234, Emax=9.76346547
realization 183 / 300 ... accepted 183. Emin=-10.95233411, Emax=13.41719547
realization 184 / 300 ... accepted 184. Emin=-5.33557455, Emax=17.58641111
realization 185 / 300 ... accepted 185. Emin=-5.13273047, Emax=21.12562328
realization 186 / 300 ... accepted 186. Emin=-6.64027635, Emax=19.74528774
realization 187 / 300 ... accepted 187. Emin=-4.70345489, Emax=24.12085885
realization 188 / 300 ... accepted 188. Emin=-9.08061421, Emax=13.50908077
realization 189 / 300 ... accepted 189. Emin=-8.84350732, Emax=19.94256393
realization 190 / 300 ... accepted 190. Emin=-12.89924555, Emax=11.92198997
realization 191 / 300 ... accepted 191. Emin=-9.35461205, Emax=15.24121776
realization 192 / 300 ... accepted 192. Emin=-7.82271809, Emax=17.39614226
realization 193 / 300 ... accepted 193. Emin=-11.66353581, Emax=15.42892991
realization 194 / 300 ... accepted 194. Emin=-6.12396199, Emax=23.24910308
realization 195 / 300 ... accepted 195. Emin=-7.36851329, Emax=17.71842474
realization 196 / 300 ... accepted 196. Emin=-19.29980281, Emax=5.42337371
realization 197 / 300 ... accepted 197. Emin=-10.84793762, Emax=16.96373945
realization 198 / 300 ... accepted 198. Emin=-19.94471636, Emax=1.02351922
realization 199 / 300 ... accepted 199. Emin=-9.60573712, Emax=21.25825673
realization 200 / 300 ... accepted 200. Emin=-9.07146657, Emax=14.13974882
realization 201 / 300 ... accepted 201. Emin=-4.42349730, Emax=18.37310621
realization 202 / 300 ... accepted 202. Emin=-16.75454396, Emax=7.42371475
realization 203 / 300 ... accepted 203. Emin=-8.22151894, Emax=21.85546856
realization 204 / 300 ... accepted 204. Emin=-9.10954165, Emax=16.92109703
realization 205 / 300 ... accepted 205. Emin=-15.95940963, Emax=10.96893245
realization 206 / 300 ... accepted 206. Emin=-8.52004978, Emax=17.58250161
realization 207 / 300 ... accepted 207. Emin=-13.55239957, Emax=16.03252541
realization 208 / 300 ... accepted 208. Emin=-9.22727661, Emax=14.66572774
realization 209 / 300 ... accepted 209. Emin=-12.08329116, Emax=17.96713773
realization 210 / 300 ... accepted 210. Emin=-5.97389693, Emax=22.42078212
realization 211 / 300 ... accepted 211. Emin=-15.09779136, Emax=5.90676518
realization 212 / 300 ... accepted 212. Emin=-9.17960313, Emax=16.21047101
realization 213 / 300 ... accepted 213. Emin=-10.97887170, Emax=12.64974537
realization 214 / 300 ... accepted 214. Emin=-6.42468463, Emax=17.64631030
realization 215 / 300 ... accepted 215. Emin=-5.68934749, Emax=16.26978944
realization 216 / 300 ... accepted 216. Emin=-8.08644346, Emax=19.07597851
realization 217 / 300 ... accepted 217. Emin=-14.35014603, Emax=9.64671649
realization 218 / 300 ... accepted 218. Emin=-11.24632056, Emax=16.16140066
realization 219 / 300 ... accepted 219. Emin=-16.07572949, Emax=5.90119996
realization 220 / 300 ... accepted 220. Emin=-3.96938195, Emax=21.34192474
realization 221 / 300 ... accepted 221. Emin=-7.25719475, Emax=20.96679535
realization 222 / 300 ... accepted 222. Emin=-8.53216453, Emax=18.79551395
realization 223 / 300 ... accepted 223. Emin=-13.29618148, Emax=14.99741036
realization 224 / 300 ... accepted 224. Emin=-14.40119705, Emax=13.82818722
realization 225 / 300 ... accepted 225. Emin=-6.74230527, Emax=20.83877804
realization 226 / 300 ... accepted 226. Emin=-19.64756343, Emax=2.16952513
realization 227 / 300 ... accepted 227. Emin=-2.80823519, Emax=19.02781339
realization 228 / 300 ... accepted 228. Emin=-15.78045565, Emax=6.47378594
realization 229 / 300 ... accepted 229. Emin=-6.06133441, Emax=20.34972300
realization 230 / 300 ... accepted 230. Emin=-8.64505299, Emax=20.03370583
realization 231 / 300 ... accepted 231. Emin=-9.15584198, Emax=14.86055268
realization 232 / 300 ... accepted 232. Emin=-13.39919040, Emax=10.35235001
realization 233 / 300 ... accepted 233. Emin=-13.18844011, Emax=14.28143613
realization 234 / 300 ... accepted 234. Emin=-7.39862686, Emax=19.21983818
realization 235 / 300 ... accepted 235. Emin=-14.55465270, Emax=7.42655689
realization 236 / 300 ... accepted 236. Emin=-11.06876363, Emax=18.14424885
realization 237 / 300 ... accepted 237. Emin=-10.84308089, Emax=16.89142041
realization 238 / 300 ... accepted 238. Emin=-16.21962921, Emax=10.01041828
realization 239 / 300 ... accepted 239. Emin=-5.85536411, Emax=19.04309640
realization 240 / 300 ... accepted 240. Emin=-12.94779589, Emax=12.27150297
realization 241 / 300 ... accepted 241. Emin=-4.90457801, Emax=20.86199772
realization 242 / 300 ... accepted 242. Emin=-7.34845548, Emax=15.32311541
realization 243 / 300 ... accepted 243. Emin=-8.85693648, Emax=19.48293878
realization 244 / 300 ... accepted 244. Emin=-2.05923434, Emax=24.35057594
realization 245 / 300 ... accepted 245. Emin=-4.37851320, Emax=21.92706096
realization 246 / 300 ... accepted 246. Emin=-1.31005880, Emax=22.84911115
realization 247 / 300 ... accepted 247. Emin=-12.30678963, Emax=10.30448461
realization 248 / 300 ... accepted 248. Emin=-7.13110980, Emax=20.23030364
realization 249 / 300 ... accepted 249. Emin=-16.69589626, Emax=5.25356141
realization 250 / 300 ... accepted 250. Emin=-6.41705142, Emax=19.63287995
realization 251 / 300 ... accepted 251. Emin=-9.97830699, Emax=14.47328421
realization 252 / 300 ... accepted 252. Emin=-5.78840720, Emax=18.84930401
realization 253 / 300 ... accepted 253. Emin=-8.84848009, Emax=18.10420322
realization 254 / 300 ... accepted 254. Emin=-5.80191505, Emax=18.87297006
realization 255 / 300 ... accepted 255. Emin=-4.10635878, Emax=18.86389476
realization 256 / 300 ... accepted 256. Emin=-1.60139386, Emax=21.25610360
realization 257 / 300 ... accepted 257. Emin=-4.90727191, Emax=24.41187826
realization 258 / 300 ... accepted 258. Emin=-12.01209161, Emax=14.68658144
realization 259 / 300 ... accepted 259. Emin=-10.25668073, Emax=15.80584063
realization 260 / 300 ... accepted 260. Emin=-6.00083624, Emax=18.40561687
realization 261 / 300 ... accepted 261. Emin=-6.59156181, Emax=17.67352938
realization 262 / 300 ... accepted 262. Emin=-5.34327005, Emax=19.12133711
realization 263 / 300 ... accepted 263. Emin=-1.79517323, Emax=23.26818163
realization 264 / 300 ... accepted 264. Emin=-11.64287530, Emax=16.94477781
realization 265 / 300 ... accepted 265. Emin=-10.32623057, Emax=16.62259337
realization 266 / 300 ... accepted 266. Emin=-14.94052752, Emax=9.60809530
realization 267 / 300 ... accepted 267. Emin=-7.28291173, Emax=17.05353084
realization 268 / 300 ... accepted 268. Emin=-14.35295541, Emax=14.41483536
realization 269 / 300 ... accepted 269. Emin=-9.60010308, Emax=21.15095943
realization 270 / 300 ... accepted 270. Emin=-9.69825168, Emax=18.25898890
realization 271 / 300 ... accepted 271. Emin=-10.50945427, Emax=17.52642041
realization 272 / 300 ... accepted 272. Emin=-6.97111197, Emax=15.95458946
realization 273 / 300 ... accepted 273. Emin=-11.89201079, Emax=14.10736876
realization 274 / 300 ... accepted 274. Emin=-2.53478469, Emax=20.44101142
realization 275 / 300 ... accepted 275. Emin=-12.42101044, Emax=12.10421129
realization 276 / 300 ... accepted 276. Emin=-4.14475472, Emax=17.52043920
realization 277 / 300 ... accepted 277. Emin=-7.70027902, Emax=16.42788145
realization 278 / 300 ... accepted 278. Emin=-5.90060578, Emax=16.15463234
realization 279 / 300 ... accepted 279. Emin=-7.15064408, Emax=19.15602235
realization 280 / 300 ... accepted 280. Emin=-6.37239442, Emax=15.71342736
realization 281 / 300 ... accepted 281. Emin=-17.50591012, Emax=7.98168742
realization 282 / 300 ... accepted 282. Emin=-8.81763799, Emax=16.10403981
realization 283 / 300 ... accepted 283. Emin=-14.92804704, Emax=13.59035449
realization 284 / 300 ... accepted 284. Emin=-3.15533256, Emax=22.82325435
realization 285 / 300 ... accepted 285. Emin=-12.90486096, Emax=10.68148681
realization 286 / 300 ... accepted 286. Emin=-5.15935568, Emax=17.05052689
realization 287 / 300 ... accepted 287. Emin=-12.49345656, Emax=11.46356500
realization 288 / 300 ... accepted 288. Emin=-9.17192068, Emax=17.37038497
realization 289 / 300 ... accepted 289. Emin=-8.06741306, Emax=17.56402277
realization 290 / 300 ... accepted 290. Emin=-3.11858108, Emax=21.14754610
realization 291 / 300 ... accepted 291. Emin=-13.00334282, Emax=11.59211923
realization 292 / 300 ... accepted 292. Emin=-6.90635951, Emax=23.58416814
realization 293 / 300 ... accepted 293. Emin=-13.30692912, Emax=10.79648617
realization 294 / 300 ... accepted 294. Emin=-5.58480176, Emax=23.41801472
realization 295 / 300 ... accepted 295. Emin=-7.95153350, Emax=17.31685594
realization 296 / 300 ... accepted 296. Emin=3.19208898, Emax=24.36076854
realization 297 / 300 ... accepted 297. Emin=-6.99172210, Emax=18.46391346
realization 298 / 300 ... accepted 298. Emin=-11.38411160, Emax=19.40396760
realization 299 / 300 ... accepted 299. Emin=-3.05334709, Emax=19.00962625
realization 300 / 300 ... accepted 300. Emin=-7.61107279, Emax=19.18750506
Saved final energies: /home/2/kj405942/POLFED_bosons/pbs_bose_legacy_nmax2_periodic/data/U_1/W_3/L_6/N_6_nmax_2/boundary_periodic/energies_full_U1_L6_N6_nmax2_W3_boundaryperiodic_nreal300.txt
Accepted realizations: 300 / 300
Skipped realizations: 0
Job finished at Sun May 31 16:58:22 UTC 2026
