Job started on w08 at Sun May 31 16:57:58 UTC 2026
PBS_JOBID=7731296.kruk-host.ift-klaster.lan
PBS_O_WORKDIR=/home/2/kj405942/POLFED_bosons
Bose-Hubbard: L=6, N=6, nmax=2, dim=141
t=1, U=1, W=2, nreal=300, boundary=periodic, mode=full
Writing partial results to /home/2/kj405942/POLFED_bosons/pbs_bose_legacy_nmax2_periodic/data/U_1/W_2/L_6/N_6_nmax_2/boundary_periodic/energies_full_U1_L6_N6_nmax2_W2_boundaryperiodic_nreal300_partial.txt
realization 1 / 300 ... accepted 1. Emin=0.82594231, Emax=22.12620335
realization 2 / 300 ... accepted 2. Emin=-9.08349145, Emax=12.20338522
realization 3 / 300 ... accepted 3. Emin=-6.63882924, Emax=16.35606022
realization 4 / 300 ... accepted 4. Emin=-9.30753786, Emax=14.41266096
realization 5 / 300 ... accepted 5. Emin=-6.23908364, Emax=15.89028087
realization 6 / 300 ... accepted 6. Emin=-9.26152140, Emax=14.51594865
realization 7 / 300 ... accepted 7. Emin=-11.41111733, Emax=10.66256856
realization 8 / 300 ... accepted 8. Emin=-8.62042327, Emax=14.45326067
realization 9 / 300 ... accepted 9. Emin=-10.89599965, Emax=11.76786965
realization 10 / 300 ... accepted 10. Emin=-5.24083519, Emax=18.03509831
realization 11 / 300 ... accepted 11. Emin=-6.39407487, Emax=14.84411646
realization 12 / 300 ... accepted 12. Emin=-1.71370726, Emax=20.20184279
realization 13 / 300 ... accepted 13. Emin=-6.76843783, Emax=14.47276882
realization 14 / 300 ... accepted 14. Emin=-10.66807520, Emax=12.93054196
realization 15 / 300 ... accepted 15. Emin=-10.99164381, Emax=11.05111681
realization 16 / 300 ... accepted 16. Emin=-8.58579783, Emax=14.93949935
realization 17 / 300 ... accepted 17. Emin=-7.68989165, Emax=16.28712119
realization 18 / 300 ... accepted 18. Emin=-8.51975724, Emax=12.98276049
realization 19 / 300 ... accepted 19. Emin=-3.37319879, Emax=19.40294986
realization 20 / 300 ... accepted 20. Emin=-6.36649095, Emax=16.28102364
realization 21 / 300 ... accepted 21. Emin=-9.46703202, Emax=14.66568709
realization 22 / 300 ... accepted 22. Emin=-7.85753436, Emax=14.69089506
realization 23 / 300 ... accepted 23. Emin=-6.89350698, Emax=16.79810343
realization 24 / 300 ... accepted 24. Emin=-3.41043833, Emax=18.27443461
realization 25 / 300 ... accepted 25. Emin=-11.97764277, Emax=10.84811601
realization 26 / 300 ... accepted 26. Emin=-13.58581847, Emax=8.85197592
realization 27 / 300 ... accepted 27. Emin=-11.05804824, Emax=12.05379905
realization 28 / 300 ... accepted 28. Emin=-6.64350764, Emax=15.38869241
realization 29 / 300 ... accepted 29. Emin=-10.32304679, Emax=13.55993638
realization 30 / 300 ... accepted 30. Emin=-10.63923426, Emax=12.83869319
realization 31 / 300 ... accepted 31. Emin=-10.22929273, Emax=14.37488188
realization 32 / 300 ... accepted 32. Emin=-7.06116166, Emax=15.76305121
realization 33 / 300 ... accepted 33. Emin=-10.15310705, Emax=13.10566027
realization 34 / 300 ... accepted 34. Emin=-13.02436646, Emax=10.82637046
realization 35 / 300 ... accepted 35. Emin=-13.85347109, Emax=8.49524393
realization 36 / 300 ... accepted 36. Emin=-6.55842403, Emax=17.11842808
realization 37 / 300 ... accepted 37. Emin=-5.75415117, Emax=19.11703986
realization 38 / 300 ... accepted 38. Emin=-9.50416240, Emax=13.34952841
realization 39 / 300 ... accepted 39. Emin=-10.44337737, Emax=14.37660049
realization 40 / 300 ... accepted 40. Emin=-7.20881289, Emax=13.40057882
realization 41 / 300 ... accepted 41. Emin=-13.12362119, Emax=10.40619175
realization 42 / 300 ... accepted 42. Emin=-11.64774556, Emax=12.39522609
realization 43 / 300 ... accepted 43. Emin=-9.17400843, Emax=15.45663262
realization 44 / 300 ... accepted 44. Emin=-5.92097248, Emax=17.43273956
realization 45 / 300 ... accepted 45. Emin=-10.08876370, Emax=13.58784027
realization 46 / 300 ... accepted 46. Emin=-13.90138077, Emax=8.15348772
realization 47 / 300 ... accepted 47. Emin=-7.89074757, Emax=16.38585953
realization 48 / 300 ... accepted 48. Emin=-13.40742046, Emax=8.18486074
realization 49 / 300 ... accepted 49. Emin=-8.31182607, Emax=13.17674698
realization 50 / 300 ... accepted 50. Emin=-10.01860847, Emax=11.46687124
realization 51 / 300 ... accepted 51. Emin=-7.48421859, Emax=15.41356665
realization 52 / 300 ... accepted 52. Emin=-7.17981827, Emax=15.09783092
realization 53 / 300 ... accepted 53. Emin=-8.34496852, Emax=13.77027433
realization 54 / 300 ... accepted 54. Emin=-9.51873789, Emax=12.76933916
realization 55 / 300 ... accepted 55. Emin=-11.36632709, Emax=11.08460220
realization 56 / 300 ... accepted 56. Emin=-13.41289889, Emax=8.57428451
realization 57 / 300 ... accepted 57. Emin=-9.19526144, Emax=12.71943051
realization 58 / 300 ... accepted 58. Emin=-5.63162009, Emax=18.64874951
realization 59 / 300 ... accepted 59. Emin=-8.51158988, Emax=14.43013542
realization 60 / 300 ... accepted 60. Emin=-8.38297954, Emax=14.52894381
realization 61 / 300 ... accepted 61. Emin=-5.20286963, Emax=18.97460111
realization 62 / 300 ... accepted 62. Emin=-8.08601462, Emax=15.56013739
realization 63 / 300 ... accepted 63. Emin=-8.11507448, Emax=16.03939936
realization 64 / 300 ... accepted 64. Emin=-12.02865472, Emax=10.92174002
realization 65 / 300 ... accepted 65. Emin=-9.73094410, Emax=13.31736493
realization 66 / 300 ... accepted 66. Emin=-14.22162462, Emax=6.86084356
realization 67 / 300 ... accepted 67. Emin=-11.92635850, Emax=11.08302515
realization 68 / 300 ... accepted 68. Emin=-12.16132693, Emax=9.75615919
realization 69 / 300 ... accepted 69. Emin=-5.30054725, Emax=16.78260367
realization 70 / 300 ... accepted 70. Emin=-13.52432523, Emax=8.56982920
realization 71 / 300 ... accepted 71. Emin=-2.66077579, Emax=20.09730828
realization 72 / 300 ... accepted 72. Emin=-8.82725950, Emax=13.99862156
realization 73 / 300 ... accepted 73. Emin=-7.39249629, Emax=18.48326320
realization 74 / 300 ... accepted 74. Emin=-6.72485601, Emax=16.36846350
realization 75 / 300 ... accepted 75. Emin=-7.41039318, Emax=14.69928958
realization 76 / 300 ... accepted 76. Emin=-10.33136219, Emax=12.32733057
realization 77 / 300 ... accepted 77. Emin=-7.18076208, Emax=15.08255132
realization 78 / 300 ... accepted 78. Emin=-8.02616100, Emax=16.87753037
realization 79 / 300 ... accepted 79. Emin=-4.00021360, Emax=18.08801564
realization 80 / 300 ... accepted 80. Emin=-11.29854136, Emax=11.64008160
realization 81 / 300 ... accepted 81. Emin=-3.51880156, Emax=19.56388926
realization 82 / 300 ... accepted 82. Emin=-7.57710184, Emax=17.09905595
realization 83 / 300 ... accepted 83. Emin=-5.96854680, Emax=16.99365973
realization 84 / 300 ... accepted 84. Emin=-4.17789312, Emax=17.54895253
realization 85 / 300 ... accepted 85. Emin=-4.19252255, Emax=17.38712608
realization 86 / 300 ... accepted 86. Emin=-1.11138607, Emax=20.09887756
realization 87 / 300 ... accepted 87. Emin=-5.12230755, Emax=18.58849224
realization 88 / 300 ... accepted 88. Emin=-8.59059700, Emax=13.33531430
realization 89 / 300 ... accepted 89. Emin=-9.79368931, Emax=14.52852403
realization 90 / 300 ... accepted 90. Emin=-9.99575052, Emax=12.04088822
realization 91 / 300 ... accepted 91. Emin=-7.41656985, Emax=16.35551152
realization 92 / 300 ... accepted 92. Emin=-11.61282213, Emax=10.37807265
realization 93 / 300 ... accepted 93. Emin=-10.91224844, Emax=11.38854474
realization 94 / 300 ... accepted 94. Emin=-4.98199342, Emax=16.80786626
realization 95 / 300 ... accepted 95. Emin=-6.33080810, Emax=17.44419913
realization 96 / 300 ... accepted 96. Emin=-5.62626444, Emax=18.45913837
realization 97 / 300 ... accepted 97. Emin=-11.92151252, Emax=12.01742118
realization 98 / 300 ... accepted 98. Emin=-9.55226196, Emax=14.74409549
realization 99 / 300 ... accepted 99. Emin=-10.83069291, Emax=13.84802231
realization 100 / 300 ... accepted 100. Emin=-7.18152584, Emax=17.40297964
realization 101 / 300 ... accepted 101. Emin=-6.75496411, Emax=16.69497683
realization 102 / 300 ... accepted 102. Emin=-3.13549483, Emax=19.07084024
realization 103 / 300 ... accepted 103. Emin=-5.13952626, Emax=17.44503208
realization 104 / 300 ... accepted 104. Emin=-9.47763585, Emax=13.10419485
realization 105 / 300 ... accepted 105. Emin=-11.58417797, Emax=11.41690137
realization 106 / 300 ... accepted 106. Emin=-8.91983341, Emax=13.57847275
realization 107 / 300 ... accepted 107. Emin=-7.18627239, Emax=18.62261224
realization 108 / 300 ... accepted 108. Emin=-9.48856283, Emax=12.27652928
realization 109 / 300 ... accepted 109. Emin=-7.74180554, Emax=15.73013951
realization 110 / 300 ... accepted 110. Emin=-6.74847506, Emax=16.48894741
realization 111 / 300 ... accepted 111. Emin=-3.25315382, Emax=18.26487807
realization 112 / 300 ... accepted 112. Emin=-6.24045373, Emax=16.78200850
realization 113 / 300 ... accepted 113. Emin=-0.17757433, Emax=21.17425460
realization 114 / 300 ... accepted 114. Emin=-9.68345656, Emax=14.98336920
realization 115 / 300 ... accepted 115. Emin=-4.35848209, Emax=18.09870123
realization 116 / 300 ... accepted 116. Emin=-10.80315771, Emax=11.43359738
realization 117 / 300 ... accepted 117. Emin=-3.67459217, Emax=17.42092260
realization 118 / 300 ... accepted 118. Emin=-12.60058056, Emax=10.35250601
realization 119 / 300 ... accepted 119. Emin=-7.73389647, Emax=17.38646156
realization 120 / 300 ... accepted 120. Emin=-7.54392871, Emax=14.88772310
realization 121 / 300 ... accepted 121. Emin=-7.63697594, Emax=13.87910422
realization 122 / 300 ... accepted 122. Emin=-5.79666852, Emax=17.32731099
realization 123 / 300 ... accepted 123. Emin=-7.63200586, Emax=15.71443698
realization 124 / 300 ... accepted 124. Emin=-8.15209495, Emax=14.26738272
realization 125 / 300 ... accepted 125. Emin=-4.75533068, Emax=18.96910967
realization 126 / 300 ... accepted 126. Emin=-10.23020679, Emax=12.72888555
realization 127 / 300 ... accepted 127. Emin=-3.39314624, Emax=19.70275664
realization 128 / 300 ... accepted 128. Emin=-5.90948131, Emax=17.74981189
realization 129 / 300 ... accepted 129. Emin=-9.33911900, Emax=11.94454367
realization 130 / 300 ... accepted 130. Emin=-1.03421826, Emax=21.01308145
realization 131 / 300 ... accepted 131. Emin=-7.54167379, Emax=15.60968979
realization 132 / 300 ... accepted 132. Emin=-8.65559902, Emax=15.06544669
realization 133 / 300 ... accepted 133. Emin=-6.34089626, Emax=17.36999715
realization 134 / 300 ... accepted 134. Emin=-10.68185550, Emax=10.83596286
realization 135 / 300 ... accepted 135. Emin=-12.63067528, Emax=8.26707626
realization 136 / 300 ... accepted 136. Emin=-6.24500283, Emax=16.77051412
realization 137 / 300 ... accepted 137. Emin=-4.57188669, Emax=17.66117218
realization 138 / 300 ... accepted 138. Emin=-12.75828215, Emax=8.30337815
realization 139 / 300 ... accepted 139. Emin=-12.57722066, Emax=8.75961396
realization 140 / 300 ... accepted 140. Emin=-10.68513203, Emax=14.48468969
realization 141 / 300 ... accepted 141. Emin=-14.46380399, Emax=7.69566128
realization 142 / 300 ... accepted 142. Emin=-9.31825637, Emax=14.17125509
realization 143 / 300 ... accepted 143. Emin=-6.72783979, Emax=16.16601986
realization 144 / 300 ... accepted 144. Emin=-9.21803626, Emax=15.76116990
realization 145 / 300 ... accepted 145. Emin=-10.12686699, Emax=12.32457674
realization 146 / 300 ... accepted 146. Emin=-9.86891252, Emax=13.80412572
realization 147 / 300 ... accepted 147. Emin=-12.20214126, Emax=11.60969039
realization 148 / 300 ... accepted 148. Emin=-10.59405477, Emax=10.96601108
realization 149 / 300 ... accepted 149. Emin=-2.59568189, Emax=18.25526681
realization 150 / 300 ... accepted 150. Emin=-7.00746362, Emax=15.21748324
realization 151 / 300 ... accepted 151. Emin=-3.92571995, Emax=18.06384155
realization 152 / 300 ... accepted 152. Emin=-8.42155012, Emax=13.31968918
realization 153 / 300 ... accepted 153. Emin=-2.42284032, Emax=18.87391105
realization 154 / 300 ... accepted 154. Emin=-6.25892800, Emax=17.32366784
realization 155 / 300 ... accepted 155. Emin=-7.28740096, Emax=14.27163058
realization 156 / 300 ... accepted 156. Emin=-7.98295858, Emax=15.03536469
realization 157 / 300 ... accepted 157. Emin=-13.63176514, Emax=7.43878272
realization 158 / 300 ... accepted 158. Emin=-12.98454129, Emax=7.81939824
realization 159 / 300 ... accepted 159. Emin=-6.46639495, Emax=16.76375826
realization 160 / 300 ... accepted 160. Emin=-7.71467202, Emax=14.30921337
realization 161 / 300 ... accepted 161. Emin=-12.49761799, Emax=9.20082532
realization 162 / 300 ... accepted 162. Emin=-8.94074207, Emax=13.94699327
realization 163 / 300 ... accepted 163. Emin=-5.84106548, Emax=16.73299179
realization 164 / 300 ... accepted 164. Emin=-12.13339315, Emax=11.02509826
realization 165 / 300 ... accepted 165. Emin=-12.92452043, Emax=9.68980618
realization 166 / 300 ... accepted 166. Emin=-8.95058516, Emax=12.30084057
realization 167 / 300 ... accepted 167. Emin=-6.49661249, Emax=16.47275904
realization 168 / 300 ... accepted 168. Emin=-10.58568168, Emax=11.47827065
realization 169 / 300 ... accepted 169. Emin=-8.55197435, Emax=15.76983421
realization 170 / 300 ... accepted 170. Emin=-7.00961500, Emax=15.32810098
realization 171 / 300 ... accepted 171. Emin=-11.95921019, Emax=10.04903061
realization 172 / 300 ... accepted 172. Emin=-10.97156158, Emax=12.14154844
realization 173 / 300 ... accepted 173. Emin=-8.66239213, Emax=13.23899013
realization 174 / 300 ... accepted 174. Emin=-7.17503876, Emax=16.00097094
realization 175 / 300 ... accepted 175. Emin=-7.22881437, Emax=16.76710400
realization 176 / 300 ... accepted 176. Emin=-6.81538254, Emax=15.64908117
realization 177 / 300 ... accepted 177. Emin=-10.39757106, Emax=15.20954056
realization 178 / 300 ... accepted 178. Emin=-10.61004163, Emax=13.57913788
realization 179 / 300 ... accepted 179. Emin=-7.49383667, Emax=14.32257426
realization 180 / 300 ... accepted 180. Emin=-7.46160963, Emax=15.21526823
realization 181 / 300 ... accepted 181. Emin=-10.53526586, Emax=13.95459451
realization 182 / 300 ... accepted 182. Emin=-7.07657516, Emax=16.89795831
realization 183 / 300 ... accepted 183. Emin=-11.12523100, Emax=9.96903092
realization 184 / 300 ... accepted 184. Emin=-7.70829606, Emax=14.30672771
realization 185 / 300 ... accepted 185. Emin=-11.34111363, Emax=9.79788751
realization 186 / 300 ... accepted 186. Emin=-7.94126534, Emax=16.05474305
realization 187 / 300 ... accepted 187. Emin=-12.83742425, Emax=9.68152985
realization 188 / 300 ... accepted 188. Emin=-4.71118268, Emax=18.13550271
realization 189 / 300 ... accepted 189. Emin=-6.75176757, Emax=15.68760978
realization 190 / 300 ... accepted 190. Emin=-9.62296350, Emax=13.23323709
realization 191 / 300 ... accepted 191. Emin=-8.26891246, Emax=15.53044640
realization 192 / 300 ... accepted 192. Emin=-8.17321793, Emax=16.82480031
realization 193 / 300 ... accepted 193. Emin=-7.23033725, Emax=14.09578338
realization 194 / 300 ... accepted 194. Emin=-6.09396224, Emax=17.57366330
realization 195 / 300 ... accepted 195. Emin=-7.28974534, Emax=17.91045380
realization 196 / 300 ... accepted 196. Emin=-10.47391163, Emax=13.25356229
realization 197 / 300 ... accepted 197. Emin=-9.69700712, Emax=11.29812048
realization 198 / 300 ... accepted 198. Emin=-3.10438119, Emax=18.47113177
realization 199 / 300 ... accepted 199. Emin=-11.74585629, Emax=12.79468350
realization 200 / 300 ... accepted 200. Emin=-9.34671145, Emax=13.75005374
realization 201 / 300 ... accepted 201. Emin=-10.52737564, Emax=12.86995025
realization 202 / 300 ... accepted 202. Emin=-4.01142191, Emax=18.04766197
realization 203 / 300 ... accepted 203. Emin=-3.69595164, Emax=19.30903765
realization 204 / 300 ... accepted 204. Emin=-5.44105989, Emax=17.71442470
realization 205 / 300 ... accepted 205. Emin=-12.09915172, Emax=11.94795023
realization 206 / 300 ... accepted 206. Emin=-10.84473892, Emax=10.97810615
realization 207 / 300 ... accepted 207. Emin=-4.92925027, Emax=17.99450256
realization 208 / 300 ... accepted 208. Emin=-5.33537277, Emax=16.37065515
realization 209 / 300 ... accepted 209. Emin=-3.89764276, Emax=17.64526887
realization 210 / 300 ... accepted 210. Emin=-8.05637710, Emax=14.76582366
realization 211 / 300 ... accepted 211. Emin=-6.12455212, Emax=16.13688698
realization 212 / 300 ... accepted 212. Emin=-8.94648900, Emax=15.19307633
realization 213 / 300 ... accepted 213. Emin=-6.01646423, Emax=17.02227459
realization 214 / 300 ... accepted 214. Emin=-7.51234013, Emax=14.17732613
realization 215 / 300 ... accepted 215. Emin=-4.38967016, Emax=18.32275008
realization 216 / 300 ... accepted 216. Emin=-11.71678156, Emax=10.15303950
realization 217 / 300 ... accepted 217. Emin=-11.18043674, Emax=11.88283698
realization 218 / 300 ... accepted 218. Emin=-0.57728323, Emax=20.62861643
realization 219 / 300 ... accepted 219. Emin=-7.10413758, Emax=15.02702183
realization 220 / 300 ... accepted 220. Emin=-1.33299805, Emax=19.94671868
realization 221 / 300 ... accepted 221. Emin=-6.03696124, Emax=19.74287189
realization 222 / 300 ... accepted 222. Emin=-12.41376320, Emax=9.23882110
realization 223 / 300 ... accepted 223. Emin=-8.84535567, Emax=14.48452943
realization 224 / 300 ... accepted 224. Emin=-10.71325040, Emax=10.40958215
realization 225 / 300 ... accepted 225. Emin=-9.74479140, Emax=14.35169102
realization 226 / 300 ... accepted 226. Emin=-11.00254658, Emax=13.78457412
realization 227 / 300 ... accepted 227. Emin=-9.47629638, Emax=14.81599505
realization 228 / 300 ... accepted 228. Emin=-9.08659241, Emax=15.90926310
realization 229 / 300 ... accepted 229. Emin=-6.94795161, Emax=16.57463272
realization 230 / 300 ... accepted 230. Emin=-10.62451887, Emax=11.75137541
realization 231 / 300 ... accepted 231. Emin=-7.84809346, Emax=13.98917285
realization 232 / 300 ... accepted 232. Emin=-6.03390290, Emax=18.08278866
realization 233 / 300 ... accepted 233. Emin=-7.87654224, Emax=15.37860213
realization 234 / 300 ... accepted 234. Emin=-4.92539497, Emax=18.44705045
realization 235 / 300 ... accepted 235. Emin=-7.89716299, Emax=14.86247620
realization 236 / 300 ... accepted 236. Emin=-7.02824482, Emax=14.65630567
realization 237 / 300 ... accepted 237. Emin=-10.97535773, Emax=14.51480750
realization 238 / 300 ... accepted 238. Emin=-6.27913710, Emax=15.81862730
realization 239 / 300 ... accepted 239. Emin=-8.39861142, Emax=16.09522164
realization 240 / 300 ... accepted 240. Emin=-9.84732703, Emax=13.47240514
realization 241 / 300 ... accepted 241. Emin=-7.07901343, Emax=16.92136053
realization 242 / 300 ... accepted 242. Emin=-10.76988777, Emax=11.77910906
realization 243 / 300 ... accepted 243. Emin=-12.57671100, Emax=9.00603317
realization 244 / 300 ... accepted 244. Emin=-13.04140410, Emax=10.57351897
realization 245 / 300 ... accepted 245. Emin=-6.19313998, Emax=16.14872613
realization 246 / 300 ... accepted 246. Emin=-5.46954507, Emax=17.51694165
realization 247 / 300 ... accepted 247. Emin=-12.28755583, Emax=10.16343043
realization 248 / 300 ... accepted 248. Emin=-5.82020798, Emax=15.54669260
realization 249 / 300 ... accepted 249. Emin=-11.51336803, Emax=13.21112998
realization 250 / 300 ... accepted 250. Emin=-5.67707813, Emax=15.73400761
realization 251 / 300 ... accepted 251. Emin=-6.93905979, Emax=16.13548382
realization 252 / 300 ... accepted 252. Emin=-9.53725721, Emax=12.62486214
realization 253 / 300 ... accepted 253. Emin=-9.80866218, Emax=13.83891526
realization 254 / 300 ... accepted 254. Emin=-11.51907477, Emax=12.81139183
realization 255 / 300 ... accepted 255. Emin=-8.67166810, Emax=14.22943453
realization 256 / 300 ... accepted 256. Emin=-10.61441509, Emax=12.81410345
realization 257 / 300 ... accepted 257. Emin=-6.26385093, Emax=16.40414757
realization 258 / 300 ... accepted 258. Emin=-8.83866379, Emax=13.88185522
realization 259 / 300 ... accepted 259. Emin=-11.21921840, Emax=13.31439591
realization 260 / 300 ... accepted 260. Emin=-13.68694063, Emax=7.75747056
realization 261 / 300 ... accepted 261. Emin=-7.79141528, Emax=16.24135067
realization 262 / 300 ... accepted 262. Emin=-11.32316811, Emax=11.89952629
realization 263 / 300 ... accepted 263. Emin=-8.34613673, Emax=14.19371331
realization 264 / 300 ... accepted 264. Emin=-15.03590900, Emax=6.83931890
realization 265 / 300 ... accepted 265. Emin=-13.73923742, Emax=7.53379269
realization 266 / 300 ... accepted 266. Emin=-10.46034590, Emax=12.22894053
realization 267 / 300 ... accepted 267. Emin=-11.69565781, Emax=10.27663932
realization 268 / 300 ... accepted 268. Emin=-2.97553490, Emax=18.85539374
realization 269 / 300 ... accepted 269. Emin=-9.10153835, Emax=15.06926661
realization 270 / 300 ... accepted 270. Emin=-10.20362141, Emax=11.11216107
realization 271 / 300 ... accepted 271. Emin=-9.80224116, Emax=13.59221219
realization 272 / 300 ... accepted 272. Emin=-6.44561645, Emax=16.78053593
realization 273 / 300 ... accepted 273. Emin=-7.28367639, Emax=15.84799585
realization 274 / 300 ... accepted 274. Emin=-15.09487856, Emax=5.95568695
realization 275 / 300 ... accepted 275. Emin=-11.46108111, Emax=11.65394186
realization 276 / 300 ... accepted 276. Emin=-7.67313289, Emax=14.23366269
realization 277 / 300 ... accepted 277. Emin=-8.44016877, Emax=15.34503883
realization 278 / 300 ... accepted 278. Emin=-4.72529711, Emax=19.20277751
realization 279 / 300 ... accepted 279. Emin=-9.26942951, Emax=14.21570557
realization 280 / 300 ... accepted 280. Emin=-1.08489547, Emax=21.08066896
realization 281 / 300 ... accepted 281. Emin=-8.11855040, Emax=15.70942995
realization 282 / 300 ... accepted 282. Emin=-8.52645957, Emax=14.21476847
realization 283 / 300 ... accepted 283. Emin=-11.59448746, Emax=9.65569140
realization 284 / 300 ... accepted 284. Emin=-8.53752682, Emax=14.70257546
realization 285 / 300 ... accepted 285. Emin=-10.65511697, Emax=11.31362450
realization 286 / 300 ... accepted 286. Emin=-7.78752339, Emax=17.15465505
realization 287 / 300 ... accepted 287. Emin=-12.77356625, Emax=8.42560566
realization 288 / 300 ... accepted 288. Emin=-5.82440422, Emax=16.23450013
realization 289 / 300 ... accepted 289. Emin=-5.54090603, Emax=17.42929795
realization 290 / 300 ... accepted 290. Emin=-6.27601233, Emax=15.94218483
realization 291 / 300 ... accepted 291. Emin=-9.89503833, Emax=11.99546995
realization 292 / 300 ... accepted 292. Emin=-8.58214929, Emax=13.52606423
realization 293 / 300 ... accepted 293. Emin=-8.35037704, Emax=14.77055991
realization 294 / 300 ... accepted 294. Emin=-11.38142030, Emax=11.27798460
realization 295 / 300 ... accepted 295. Emin=-13.26808218, Emax=9.88383239
realization 296 / 300 ... accepted 296. Emin=-10.51002130, Emax=12.99883729
realization 297 / 300 ... accepted 297. Emin=-8.56835143, Emax=14.83888359
realization 298 / 300 ... accepted 298. Emin=-7.01541952, Emax=14.71431506
realization 299 / 300 ... accepted 299. Emin=-11.27156700, Emax=10.99571704
realization 300 / 300 ... accepted 300. Emin=-1.93748260, Emax=19.91447695
Saved final energies: /home/2/kj405942/POLFED_bosons/pbs_bose_legacy_nmax2_periodic/data/U_1/W_2/L_6/N_6_nmax_2/boundary_periodic/energies_full_U1_L6_N6_nmax2_W2_boundaryperiodic_nreal300.txt
Accepted realizations: 300 / 300
Skipped realizations: 0
Job finished at Sun May 31 16:58:21 UTC 2026
