Job started on w19 at Sun May 31 17:58:53 UTC 2026
PBS_JOBID=7731302.kruk-host.ift-klaster.lan
PBS_O_WORKDIR=/home/2/kj405942/POLFED_bosons
Bose-Hubbard: L=6, N=6, nmax=2, dim=141
t=1, U=1, W=8, nreal=300, boundary=periodic, mode=full
Writing partial results to /home/2/kj405942/POLFED_bosons/pbs_bose_legacy_nmax2_periodic/data/U_1/W_8/L_6/N_6_nmax_2/boundary_periodic/energies_full_U1_L6_N6_nmax2_W8_boundaryperiodic_nreal300_partial.txt
realization 1 / 300 ... accepted 1. Emin=-7.18980490, Emax=23.14765245
realization 2 / 300 ... accepted 2. Emin=-28.20348142, Emax=15.80936971
realization 3 / 300 ... accepted 3. Emin=-19.46749601, Emax=45.52577239
realization 4 / 300 ... accepted 4. Emin=-17.87847041, Emax=22.40370688
realization 5 / 300 ... accepted 5. Emin=-37.46801059, Emax=12.07082738
realization 6 / 300 ... accepted 6. Emin=-20.68017574, Emax=20.39187690
realization 7 / 300 ... accepted 7. Emin=-13.53296855, Emax=24.40207889
realization 8 / 300 ... accepted 8. Emin=-26.37108206, Emax=14.68038639
realization 9 / 300 ... accepted 9. Emin=-14.88882991, Emax=43.46628792
realization 10 / 300 ... accepted 10. Emin=-27.58935652, Emax=36.14108392
realization 11 / 300 ... accepted 11. Emin=-39.22700866, Emax=-3.72238476
realization 12 / 300 ... accepted 12. Emin=-37.53573664, Emax=15.93626541
realization 13 / 300 ... accepted 13. Emin=-36.09235420, Emax=16.47851881
realization 14 / 300 ... accepted 14. Emin=-33.73348828, Emax=23.28478879
realization 15 / 300 ... accepted 15. Emin=-22.25255155, Emax=20.55979611
realization 16 / 300 ... accepted 16. Emin=-22.36057650, Emax=17.32644821
realization 17 / 300 ... accepted 17. Emin=-23.48456861, Emax=24.68417645
realization 18 / 300 ... accepted 18. Emin=-33.02832345, Emax=10.56743462
realization 19 / 300 ... accepted 19. Emin=-3.20434862, Emax=43.58698319
realization 20 / 300 ... accepted 20. Emin=-18.96982621, Emax=25.98867194
realization 21 / 300 ... accepted 21. Emin=-24.25744182, Emax=22.85149688
realization 22 / 300 ... accepted 22. Emin=-7.28791297, Emax=27.06600668
realization 23 / 300 ... accepted 23. Emin=-2.04437539, Emax=40.06523919
realization 24 / 300 ... accepted 24. Emin=-21.42896291, Emax=26.19636397
realization 25 / 300 ... accepted 25. Emin=-12.50675391, Emax=45.35004766
realization 26 / 300 ... accepted 26. Emin=-29.38983946, Emax=12.23013778
realization 27 / 300 ... accepted 27. Emin=-25.96453362, Emax=15.78546107
realization 28 / 300 ... accepted 28. Emin=-6.48281869, Emax=32.55686634
realization 29 / 300 ... accepted 29. Emin=11.97159534, Emax=44.54040030
realization 30 / 300 ... accepted 30. Emin=-19.21496753, Emax=38.82308436
realization 31 / 300 ... accepted 31. Emin=-19.09333752, Emax=25.15902291
realization 32 / 300 ... accepted 32. Emin=-27.58098792, Emax=19.78142277
realization 33 / 300 ... accepted 33. Emin=-33.11877553, Emax=15.54202031
realization 34 / 300 ... accepted 34. Emin=-8.76518561, Emax=38.94745024
realization 35 / 300 ... accepted 35. Emin=-20.12975663, Emax=19.92581284
realization 36 / 300 ... accepted 36. Emin=-6.79475122, Emax=41.35065478
realization 37 / 300 ... accepted 37. Emin=-32.59798678, Emax=29.64135611
realization 38 / 300 ... accepted 38. Emin=-18.47228528, Emax=18.97064280
realization 39 / 300 ... accepted 39. Emin=-9.28008965, Emax=20.98375113
realization 40 / 300 ... accepted 40. Emin=-22.03473441, Emax=19.52530507
realization 41 / 300 ... accepted 41. Emin=-6.23957861, Emax=23.78985877
realization 42 / 300 ... accepted 42. Emin=-19.14281348, Emax=22.10088058
realization 43 / 300 ... accepted 43. Emin=-27.27185861, Emax=28.85100488
realization 44 / 300 ... accepted 44. Emin=-24.32942926, Emax=40.91480818
realization 45 / 300 ... accepted 45. Emin=-33.42682414, Emax=29.48415294
realization 46 / 300 ... accepted 46. Emin=-10.83984536, Emax=48.94457351
realization 47 / 300 ... accepted 47. Emin=-21.55461265, Emax=38.26554907
realization 48 / 300 ... accepted 48. Emin=-24.58415416, Emax=16.48356093
realization 49 / 300 ... accepted 49. Emin=-40.34357422, Emax=-10.78529409
realization 50 / 300 ... accepted 50. Emin=-23.98366508, Emax=11.35070504
realization 51 / 300 ... accepted 51. Emin=-19.58349565, Emax=34.20392411
realization 52 / 300 ... accepted 52. Emin=-29.68373441, Emax=17.96235836
realization 53 / 300 ... accepted 53. Emin=-22.58302939, Emax=15.39899791
realization 54 / 300 ... accepted 54. Emin=-17.52425989, Emax=31.87556185
realization 55 / 300 ... accepted 55. Emin=-24.27630342, Emax=14.14442204
realization 56 / 300 ... accepted 56. Emin=-27.79554198, Emax=22.92076355
realization 57 / 300 ... accepted 57. Emin=-34.14598640, Emax=11.96616802
realization 58 / 300 ... accepted 58. Emin=-15.98190946, Emax=31.72833631
realization 59 / 300 ... accepted 59. Emin=-20.54500942, Emax=21.82065386
realization 60 / 300 ... accepted 60. Emin=-27.76665848, Emax=34.45360996
realization 61 / 300 ... accepted 61. Emin=-16.37807058, Emax=24.26933822
realization 62 / 300 ... accepted 62. Emin=-10.81910845, Emax=35.35333795
realization 63 / 300 ... accepted 63. Emin=20.74624839, Emax=45.63194756
realization 64 / 300 ... accepted 64. Emin=-17.74430717, Emax=17.97369324
realization 65 / 300 ... accepted 65. Emin=3.28594599, Emax=33.43395691
realization 66 / 300 ... accepted 66. Emin=-25.55895867, Emax=19.33314041
realization 67 / 300 ... accepted 67. Emin=-20.61142598, Emax=43.00922612
realization 68 / 300 ... accepted 68. Emin=-36.15868057, Emax=17.74236733
realization 69 / 300 ... accepted 69. Emin=-15.49968733, Emax=26.91639005
realization 70 / 300 ... accepted 70. Emin=-6.62945855, Emax=33.84831350
realization 71 / 300 ... accepted 71. Emin=-29.15390573, Emax=6.26656268
realization 72 / 300 ... accepted 72. Emin=-38.42255380, Emax=-3.04280805
realization 73 / 300 ... accepted 73. Emin=-30.65205437, Emax=18.43988188
realization 74 / 300 ... accepted 74. Emin=-19.54201442, Emax=21.66571870
realization 75 / 300 ... accepted 75. Emin=-10.90313658, Emax=23.08844445
realization 76 / 300 ... accepted 76. Emin=-28.00051512, Emax=17.63791500
realization 77 / 300 ... accepted 77. Emin=-27.97583001, Emax=28.58716380
realization 78 / 300 ... accepted 78. Emin=-23.51362309, Emax=19.82818577
realization 79 / 300 ... accepted 79. Emin=-22.62474367, Emax=34.94878448
realization 80 / 300 ... accepted 80. Emin=-4.98646803, Emax=39.15542978
realization 81 / 300 ... accepted 81. Emin=-19.68574006, Emax=32.85390720
realization 82 / 300 ... accepted 82. Emin=-2.66879137, Emax=34.22730896
realization 83 / 300 ... accepted 83. Emin=-13.48408934, Emax=42.46417317
realization 84 / 300 ... accepted 84. Emin=-6.79681454, Emax=42.60411211
realization 85 / 300 ... accepted 85. Emin=-5.07201025, Emax=33.22897677
realization 86 / 300 ... accepted 86. Emin=-14.72999284, Emax=25.13578155
realization 87 / 300 ... accepted 87. Emin=-15.67080731, Emax=29.86038464
realization 88 / 300 ... accepted 88. Emin=-30.97663587, Emax=35.79017304
realization 89 / 300 ... accepted 89. Emin=-14.77633241, Emax=49.45744827
realization 90 / 300 ... accepted 90. Emin=-18.62792021, Emax=29.76596940
realization 91 / 300 ... accepted 91. Emin=-35.81458928, Emax=20.94952464
realization 92 / 300 ... accepted 92. Emin=-21.74584401, Emax=19.78274862
realization 93 / 300 ... accepted 93. Emin=-18.60363696, Emax=34.98290814
realization 94 / 300 ... accepted 94. Emin=-37.62878654, Emax=17.16071611
realization 95 / 300 ... accepted 95. Emin=-23.45846359, Emax=16.96686506
realization 96 / 300 ... accepted 96. Emin=-30.62551395, Emax=10.24082037
realization 97 / 300 ... accepted 97. Emin=-25.18293864, Emax=20.72795582
realization 98 / 300 ... accepted 98. Emin=-24.25298098, Emax=31.81944888
realization 99 / 300 ... accepted 99. Emin=1.11016059, Emax=40.72877090
realization 100 / 300 ... accepted 100. Emin=-29.52016178, Emax=19.54886469
realization 101 / 300 ... accepted 101. Emin=-29.21638372, Emax=16.67694506
realization 102 / 300 ... accepted 102. Emin=1.11125509, Emax=35.80258069
realization 103 / 300 ... accepted 103. Emin=-39.73605623, Emax=-14.91194061
realization 104 / 300 ... accepted 104. Emin=17.04534626, Emax=51.05314465
realization 105 / 300 ... accepted 105. Emin=-34.78138181, Emax=1.25328440
realization 106 / 300 ... accepted 106. Emin=-13.22270647, Emax=18.44550307
realization 107 / 300 ... accepted 107. Emin=-24.52036991, Emax=19.94451615
realization 108 / 300 ... accepted 108. Emin=-33.16069165, Emax=1.77705362
realization 109 / 300 ... accepted 109. Emin=-27.94898009, Emax=13.77077514
realization 110 / 300 ... accepted 110. Emin=-32.16437660, Emax=34.92037047
realization 111 / 300 ... accepted 111. Emin=-12.75426051, Emax=38.55284315
realization 112 / 300 ... accepted 112. Emin=6.39517533, Emax=41.10399271
realization 113 / 300 ... accepted 113. Emin=-9.56070409, Emax=26.91761017
realization 114 / 300 ... accepted 114. Emin=-8.89006089, Emax=31.89720918
realization 115 / 300 ... accepted 115. Emin=-4.39595280, Emax=42.77305562
realization 116 / 300 ... accepted 116. Emin=-35.05175459, Emax=6.92271217
realization 117 / 300 ... accepted 117. Emin=-25.20392376, Emax=28.50216156
realization 118 / 300 ... accepted 118. Emin=-14.63530935, Emax=30.90447874
realization 119 / 300 ... accepted 119. Emin=-18.27972102, Emax=36.68828233
realization 120 / 300 ... accepted 120. Emin=-11.90490616, Emax=41.65392273
realization 121 / 300 ... accepted 121. Emin=11.59627341, Emax=46.06252716
realization 122 / 300 ... accepted 122. Emin=-42.17899102, Emax=12.58820068
realization 123 / 300 ... accepted 123. Emin=-26.28417289, Emax=10.81332497
realization 124 / 300 ... accepted 124. Emin=-25.13527886, Emax=27.59482907
realization 125 / 300 ... accepted 125. Emin=-33.66533828, Emax=19.28775660
realization 126 / 300 ... accepted 126. Emin=4.71259906, Emax=47.53372813
realization 127 / 300 ... accepted 127. Emin=-23.13871248, Emax=19.16393010
realization 128 / 300 ... accepted 128. Emin=-4.84223315, Emax=43.50609653
realization 129 / 300 ... accepted 129. Emin=-24.54242767, Emax=19.32092729
realization 130 / 300 ... accepted 130. Emin=-17.28462734, Emax=31.97673258
realization 131 / 300 ... accepted 131. Emin=-6.24771370, Emax=32.01892629
realization 132 / 300 ... accepted 132. Emin=-2.32230704, Emax=35.14640463
realization 133 / 300 ... accepted 133. Emin=-2.23846867, Emax=28.90248378
realization 134 / 300 ... accepted 134. Emin=-26.64282274, Emax=20.84183190
realization 135 / 300 ... accepted 135. Emin=-28.77509744, Emax=2.09527080
realization 136 / 300 ... accepted 136. Emin=-42.30785749, Emax=-17.05066036
realization 137 / 300 ... accepted 137. Emin=-20.52806646, Emax=21.28006317
realization 138 / 300 ... accepted 138. Emin=-25.21403645, Emax=22.26085670
realization 139 / 300 ... accepted 139. Emin=-11.59082805, Emax=41.07591244
realization 140 / 300 ... accepted 140. Emin=-15.28067700, Emax=29.34860034
realization 141 / 300 ... accepted 141. Emin=-12.85307147, Emax=28.64819833
realization 142 / 300 ... accepted 142. Emin=-17.86295555, Emax=29.70314812
realization 143 / 300 ... accepted 143. Emin=-23.46964394, Emax=29.55773346
realization 144 / 300 ... accepted 144. Emin=-8.36587625, Emax=37.28663483
realization 145 / 300 ... accepted 145. Emin=-23.29246199, Emax=33.37868553
realization 146 / 300 ... accepted 146. Emin=-21.63148507, Emax=28.07530892
realization 147 / 300 ... accepted 147. Emin=-5.28818566, Emax=36.20516986
realization 148 / 300 ... accepted 148. Emin=-30.21858931, Emax=26.11096375
realization 149 / 300 ... accepted 149. Emin=-21.10296712, Emax=45.35263427
realization 150 / 300 ... accepted 150. Emin=-8.60848146, Emax=27.36050556
realization 151 / 300 ... accepted 151. Emin=-34.16970258, Emax=12.53837945
realization 152 / 300 ... accepted 152. Emin=-8.93513070, Emax=34.37516209
realization 153 / 300 ... accepted 153. Emin=-20.75332784, Emax=19.91030653
realization 154 / 300 ... accepted 154. Emin=-11.64994634, Emax=34.21416015
realization 155 / 300 ... accepted 155. Emin=-22.44300931, Emax=35.08263223
realization 156 / 300 ... accepted 156. Emin=-19.42241654, Emax=25.32324567
realization 157 / 300 ... accepted 157. Emin=-22.85133022, Emax=21.94422873
realization 158 / 300 ... accepted 158. Emin=-37.28702796, Emax=4.94226562
realization 159 / 300 ... accepted 159. Emin=-10.37819408, Emax=35.55930694
realization 160 / 300 ... accepted 160. Emin=-25.10155897, Emax=20.26278182
realization 161 / 300 ... accepted 161. Emin=-34.96250755, Emax=12.32448274
realization 162 / 300 ... accepted 162. Emin=-11.51849093, Emax=22.09015548
realization 163 / 300 ... accepted 163. Emin=-21.74366674, Emax=26.17899229
realization 164 / 300 ... accepted 164. Emin=-14.12311320, Emax=20.35999901
realization 165 / 300 ... accepted 165. Emin=-18.40522048, Emax=45.56941006
realization 166 / 300 ... accepted 166. Emin=-4.34515997, Emax=23.54671623
realization 167 / 300 ... accepted 167. Emin=-30.03125706, Emax=12.97678154
realization 168 / 300 ... accepted 168. Emin=-31.69538705, Emax=13.48662267
realization 169 / 300 ... accepted 169. Emin=-12.69168569, Emax=29.82215819
realization 170 / 300 ... accepted 170. Emin=-13.82445927, Emax=16.03567077
realization 171 / 300 ... accepted 171. Emin=-33.35474131, Emax=16.87173595
realization 172 / 300 ... accepted 172. Emin=-29.66691486, Emax=3.31824110
realization 173 / 300 ... accepted 173. Emin=-15.24376946, Emax=38.43378370
realization 174 / 300 ... accepted 174. Emin=-32.40669092, Emax=12.79390917
realization 175 / 300 ... accepted 175. Emin=-20.75115852, Emax=19.19608321
realization 176 / 300 ... accepted 176. Emin=-18.62324583, Emax=35.31632097
realization 177 / 300 ... accepted 177. Emin=-18.84546802, Emax=32.37794094
realization 178 / 300 ... accepted 178. Emin=-5.12315811, Emax=47.44492091
realization 179 / 300 ... accepted 179. Emin=-32.19292961, Emax=14.98883879
realization 180 / 300 ... accepted 180. Emin=-28.85470132, Emax=15.13902228
realization 181 / 300 ... accepted 181. Emin=-21.67630733, Emax=15.25793300
realization 182 / 300 ... accepted 182. Emin=-21.85660476, Emax=20.54124356
realization 183 / 300 ... accepted 183. Emin=-17.97501841, Emax=26.76004016
realization 184 / 300 ... accepted 184. Emin=-27.94448220, Emax=19.81046520
realization 185 / 300 ... accepted 185. Emin=-12.72989036, Emax=49.36421165
realization 186 / 300 ... accepted 186. Emin=4.12750757, Emax=41.25663659
realization 187 / 300 ... accepted 187. Emin=-21.00601858, Emax=28.06428332
realization 188 / 300 ... accepted 188. Emin=-3.01989992, Emax=28.74936163
realization 189 / 300 ... accepted 189. Emin=-16.70373289, Emax=34.92214542
realization 190 / 300 ... accepted 190. Emin=6.88304842, Emax=43.23536879
realization 191 / 300 ... accepted 191. Emin=-32.79377551, Emax=8.25794641
realization 192 / 300 ... accepted 192. Emin=-15.42168854, Emax=48.73999649
realization 193 / 300 ... accepted 193. Emin=-7.32712017, Emax=33.86282394
realization 194 / 300 ... accepted 194. Emin=-17.37741282, Emax=25.55114723
realization 195 / 300 ... accepted 195. Emin=-22.73180035, Emax=5.91065123
realization 196 / 300 ... accepted 196. Emin=-21.42173523, Emax=43.56400407
realization 197 / 300 ... accepted 197. Emin=-28.79241679, Emax=11.02322145
realization 198 / 300 ... accepted 198. Emin=-25.60162495, Emax=19.74003202
realization 199 / 300 ... accepted 199. Emin=-5.43646299, Emax=43.94588432
realization 200 / 300 ... accepted 200. Emin=-18.72915857, Emax=19.88453858
realization 201 / 300 ... accepted 201. Emin=-8.00418236, Emax=28.61194573
realization 202 / 300 ... accepted 202. Emin=-37.79662731, Emax=18.78532414
realization 203 / 300 ... accepted 203. Emin=13.16724758, Emax=50.92445814
realization 204 / 300 ... accepted 204. Emin=-20.26845971, Emax=32.80382124
realization 205 / 300 ... accepted 205. Emin=-15.16826065, Emax=34.50965440
realization 206 / 300 ... accepted 206. Emin=-6.80342252, Emax=30.52529325
realization 207 / 300 ... accepted 207. Emin=-36.88124273, Emax=24.31043745
realization 208 / 300 ... accepted 208. Emin=6.42140031, Emax=33.88619155
realization 209 / 300 ... accepted 209. Emin=-21.64033785, Emax=29.23237455
realization 210 / 300 ... accepted 210. Emin=-13.62724433, Emax=38.24379365
realization 211 / 300 ... accepted 211. Emin=-39.03689292, Emax=17.63129295
realization 212 / 300 ... accepted 212. Emin=-13.85458758, Emax=30.72022086
realization 213 / 300 ... accepted 213. Emin=-32.28623561, Emax=3.65493059
realization 214 / 300 ... accepted 214. Emin=-17.77809840, Emax=32.40154480
realization 215 / 300 ... accepted 215. Emin=-2.83635810, Emax=48.41554166
realization 216 / 300 ... accepted 216. Emin=-12.93114924, Emax=38.44738661
realization 217 / 300 ... accepted 217. Emin=-28.02962643, Emax=8.79632867
realization 218 / 300 ... accepted 218. Emin=-6.39050519, Emax=38.75364149
realization 219 / 300 ... accepted 219. Emin=-24.07917162, Emax=19.76659524
realization 220 / 300 ... accepted 220. Emin=-13.53138618, Emax=31.64508811
realization 221 / 300 ... accepted 221. Emin=-26.35597507, Emax=33.70553842
realization 222 / 300 ... accepted 222. Emin=-20.56220652, Emax=15.11443188
realization 223 / 300 ... accepted 223. Emin=-20.07290336, Emax=15.88787315
realization 224 / 300 ... accepted 224. Emin=-13.74453708, Emax=25.83520254
realization 225 / 300 ... accepted 225. Emin=-12.76226861, Emax=30.16500321
realization 226 / 300 ... accepted 226. Emin=-2.82566769, Emax=38.93945228
realization 227 / 300 ... accepted 227. Emin=-13.16216723, Emax=39.90013695
realization 228 / 300 ... accepted 228. Emin=-25.17597434, Emax=26.92558794
realization 229 / 300 ... accepted 229. Emin=-33.03915827, Emax=16.83666064
realization 230 / 300 ... accepted 230. Emin=0.66509523, Emax=37.31712921
realization 231 / 300 ... accepted 231. Emin=10.53814338, Emax=38.86919686
realization 232 / 300 ... accepted 232. Emin=1.40294949, Emax=44.09454514
realization 233 / 300 ... accepted 233. Emin=-9.97043483, Emax=43.05702266
realization 234 / 300 ... accepted 234. Emin=-17.53894317, Emax=31.35689764
realization 235 / 300 ... accepted 235. Emin=-10.04332544, Emax=33.90742712
realization 236 / 300 ... accepted 236. Emin=-19.17611912, Emax=29.62694766
realization 237 / 300 ... accepted 237. Emin=-27.20050413, Emax=9.99574810
realization 238 / 300 ... accepted 238. Emin=-40.11073524, Emax=5.49232048
realization 239 / 300 ... accepted 239. Emin=-33.90964215, Emax=2.91398656
realization 240 / 300 ... accepted 240. Emin=-24.49226553, Emax=25.74963267
realization 241 / 300 ... accepted 241. Emin=-25.22025123, Emax=45.20051512
realization 242 / 300 ... accepted 242. Emin=-17.57721021, Emax=21.36506914
realization 243 / 300 ... accepted 243. Emin=-11.86282958, Emax=51.41944748
realization 244 / 300 ... accepted 244. Emin=-34.81164709, Emax=6.54283410
realization 245 / 300 ... accepted 245. Emin=-29.45594833, Emax=18.68446212
realization 246 / 300 ... accepted 246. Emin=-31.74005912, Emax=24.44155976
realization 247 / 300 ... accepted 247. Emin=-31.60996861, Emax=18.21643737
realization 248 / 300 ... accepted 248. Emin=-31.56853200, Emax=25.38686394
realization 249 / 300 ... accepted 249. Emin=-20.43258606, Emax=26.39972758
realization 250 / 300 ... accepted 250. Emin=-26.78805444, Emax=39.71439905
realization 251 / 300 ... accepted 251. Emin=-33.80293662, Emax=8.13273019
realization 252 / 300 ... accepted 252. Emin=-18.46056015, Emax=30.29134180
realization 253 / 300 ... accepted 253. Emin=-28.63766473, Emax=15.05792825
realization 254 / 300 ... accepted 254. Emin=-10.92999909, Emax=26.64061707
realization 255 / 300 ... accepted 255. Emin=-14.22318632, Emax=36.51469570
realization 256 / 300 ... accepted 256. Emin=-1.36260180, Emax=33.88652025
realization 257 / 300 ... accepted 257. Emin=-8.44178154, Emax=48.84164158
realization 258 / 300 ... accepted 258. Emin=-10.60302402, Emax=35.42345140
realization 259 / 300 ... accepted 259. Emin=-22.02605836, Emax=24.78759690
realization 260 / 300 ... accepted 260. Emin=0.32586474, Emax=32.91938134
realization 261 / 300 ... accepted 261. Emin=-20.55771761, Emax=21.93968233
realization 262 / 300 ... accepted 262. Emin=-39.62943962, Emax=21.48114096
realization 263 / 300 ... accepted 263. Emin=-22.79896781, Emax=32.00493740
realization 264 / 300 ... accepted 264. Emin=-12.27793502, Emax=31.00545455
realization 265 / 300 ... accepted 265. Emin=-35.47195518, Emax=25.76437126
realization 266 / 300 ... accepted 266. Emin=-20.29185523, Emax=34.03012400
realization 267 / 300 ... accepted 267. Emin=-19.60219324, Emax=38.38177237
realization 268 / 300 ... accepted 268. Emin=-22.78308797, Emax=26.88930123
realization 269 / 300 ... accepted 269. Emin=-34.97760439, Emax=43.32876332
realization 270 / 300 ... accepted 270. Emin=-19.30263100, Emax=32.97778838
realization 271 / 300 ... accepted 271. Emin=-17.92468721, Emax=44.34713009
realization 272 / 300 ... accepted 272. Emin=4.42780701, Emax=43.58055993
realization 273 / 300 ... accepted 273. Emin=-17.06746349, Emax=37.14452060
realization 274 / 300 ... accepted 274. Emin=5.59872954, Emax=48.02149503
realization 275 / 300 ... accepted 275. Emin=-16.03877390, Emax=36.89896836
realization 276 / 300 ... accepted 276. Emin=-41.33153731, Emax=6.66971604
realization 277 / 300 ... accepted 277. Emin=-14.28799613, Emax=44.29137800
realization 278 / 300 ... accepted 278. Emin=-12.30621325, Emax=47.83339313
realization 279 / 300 ... accepted 279. Emin=-25.59085353, Emax=35.89774894
realization 280 / 300 ... accepted 280. Emin=-12.81105273, Emax=18.69084126
realization 281 / 300 ... accepted 281. Emin=-29.07498579, Emax=-4.13002297
realization 282 / 300 ... accepted 282. Emin=-14.94878489, Emax=47.66563345
realization 283 / 300 ... accepted 283. Emin=1.04778573, Emax=37.67676033
realization 284 / 300 ... accepted 284. Emin=-19.37013718, Emax=32.10051534
realization 285 / 300 ... accepted 285. Emin=-31.54972650, Emax=21.97058683
realization 286 / 300 ... accepted 286. Emin=-31.11163624, Emax=14.61891559
realization 287 / 300 ... accepted 287. Emin=2.34835355, Emax=36.86496058
realization 288 / 300 ... accepted 288. Emin=-18.02615991, Emax=30.08531890
realization 289 / 300 ... accepted 289. Emin=-23.30445734, Emax=12.45252186
realization 290 / 300 ... accepted 290. Emin=-18.44747487, Emax=35.34576210
realization 291 / 300 ... accepted 291. Emin=-27.76479283, Emax=13.01809411
realization 292 / 300 ... accepted 292. Emin=-21.60663643, Emax=34.92205772
realization 293 / 300 ... accepted 293. Emin=-16.07210365, Emax=43.80238802
realization 294 / 300 ... accepted 294. Emin=-9.20074203, Emax=40.20025857
realization 295 / 300 ... accepted 295. Emin=-11.51398265, Emax=27.63416665
realization 296 / 300 ... accepted 296. Emin=-34.37578092, Emax=32.05603591
realization 297 / 300 ... accepted 297. Emin=-23.08124623, Emax=41.02374461
realization 298 / 300 ... accepted 298. Emin=-33.14687676, Emax=28.27900572
realization 299 / 300 ... accepted 299. Emin=-19.31249181, Emax=27.70025764
realization 300 / 300 ... accepted 300. Emin=-12.22253870, Emax=41.40901715
Saved final energies: /home/2/kj405942/POLFED_bosons/pbs_bose_legacy_nmax2_periodic/data/U_1/W_8/L_6/N_6_nmax_2/boundary_periodic/energies_full_U1_L6_N6_nmax2_W8_boundaryperiodic_nreal300.txt
Accepted realizations: 300 / 300
Skipped realizations: 0
Job finished at Sun May 31 18:00:23 UTC 2026
