Job started on w19 at Sun May 31 17:58:54 UTC 2026
PBS_JOBID=7731305.kruk-host.ift-klaster.lan
PBS_O_WORKDIR=/home/2/kj405942/POLFED_bosons
Bose-Hubbard: L=6, N=6, nmax=2, dim=141
t=1, U=1, W=11, nreal=300, boundary=periodic, mode=full
Writing partial results to /home/2/kj405942/POLFED_bosons/pbs_bose_legacy_nmax2_periodic/data/U_1/W_11/L_6/N_6_nmax_2/boundary_periodic/energies_full_U1_L6_N6_nmax2_W11_boundaryperiodic_nreal300_partial.txt
realization 1 / 300 ... accepted 1. Emin=4.75156858, Emax=42.83830133
realization 2 / 300 ... accepted 2. Emin=-44.96260495, Emax=26.76948564
realization 3 / 300 ... accepted 3. Emin=-29.48984274, Emax=43.46878406
realization 4 / 300 ... accepted 4. Emin=-29.81096292, Emax=31.33407658
realization 5 / 300 ... accepted 5. Emin=-36.14070038, Emax=38.54369384
realization 6 / 300 ... accepted 6. Emin=-10.11262043, Emax=30.52302649
realization 7 / 300 ... accepted 7. Emin=-25.83835910, Emax=44.42754373
realization 8 / 300 ... accepted 8. Emin=-34.75071866, Emax=62.78262352
realization 9 / 300 ... accepted 9. Emin=18.69466244, Emax=58.48098194
realization 10 / 300 ... accepted 10. Emin=-22.07995081, Emax=32.47521687
realization 11 / 300 ... accepted 11. Emin=-17.85630971, Emax=54.37644095
realization 12 / 300 ... accepted 12. Emin=-32.06891168, Emax=17.59159778
realization 13 / 300 ... accepted 13. Emin=-37.93865366, Emax=49.33393509
realization 14 / 300 ... accepted 14. Emin=-43.67790447, Emax=6.49151141
realization 15 / 300 ... accepted 15. Emin=-22.80925673, Emax=54.36904724
realization 16 / 300 ... accepted 16. Emin=-39.52657768, Emax=44.24237393
realization 17 / 300 ... accepted 17. Emin=-53.45519333, Emax=-0.41652823
realization 18 / 300 ... accepted 18. Emin=-35.78702044, Emax=28.12195974
realization 19 / 300 ... accepted 19. Emin=-49.51610013, Emax=33.86091592
realization 20 / 300 ... accepted 20. Emin=-32.82814112, Emax=45.57905853
realization 21 / 300 ... accepted 21. Emin=-11.95667464, Emax=39.75969788
realization 22 / 300 ... accepted 22. Emin=-30.20829183, Emax=12.64529906
realization 23 / 300 ... accepted 23. Emin=-21.57999486, Emax=48.30521200
realization 24 / 300 ... accepted 24. Emin=-17.16633883, Emax=23.30467623
realization 25 / 300 ... accepted 25. Emin=11.96025561, Emax=61.36760276
realization 26 / 300 ... accepted 26. Emin=3.61197875, Emax=55.12012893
realization 27 / 300 ... accepted 27. Emin=-47.75445414, Emax=47.17714397
realization 28 / 300 ... accepted 28. Emin=-42.42209386, Emax=11.33374301
realization 29 / 300 ... accepted 29. Emin=-26.51616537, Emax=31.23334750
realization 30 / 300 ... accepted 30. Emin=-53.27229154, Emax=28.01812564
realization 31 / 300 ... accepted 31. Emin=-38.55122162, Emax=11.66361211
realization 32 / 300 ... accepted 32. Emin=-26.43574017, Emax=40.19718737
realization 33 / 300 ... accepted 33. Emin=-12.00664184, Emax=36.35328057
realization 34 / 300 ... accepted 34. Emin=-24.98595889, Emax=54.37300864
realization 35 / 300 ... accepted 35. Emin=-44.24145979, Emax=14.87114935
realization 36 / 300 ... accepted 36. Emin=-5.04766751, Emax=53.50725569
realization 37 / 300 ... accepted 37. Emin=-26.66237024, Emax=21.40466775
realization 38 / 300 ... accepted 38. Emin=-26.29499396, Emax=40.34433976
realization 39 / 300 ... accepted 39. Emin=-32.87379765, Emax=3.20272446
realization 40 / 300 ... accepted 40. Emin=-7.98011378, Emax=47.79039960
realization 41 / 300 ... accepted 41. Emin=-26.52298606, Emax=23.32814755
realization 42 / 300 ... accepted 42. Emin=-17.54525784, Emax=45.58556924
realization 43 / 300 ... accepted 43. Emin=-21.23210118, Emax=50.01367932
realization 44 / 300 ... accepted 44. Emin=-38.18453284, Emax=13.78114488
realization 45 / 300 ... accepted 45. Emin=-29.80418426, Emax=28.49035702
realization 46 / 300 ... accepted 46. Emin=-16.58398164, Emax=45.57916978
realization 47 / 300 ... accepted 47. Emin=-34.05918771, Emax=16.60579300
realization 48 / 300 ... accepted 48. Emin=-35.70282600, Emax=19.67031790
realization 49 / 300 ... accepted 49. Emin=-14.89766190, Emax=47.40699200
realization 50 / 300 ... accepted 50. Emin=-10.39805518, Emax=34.03960784
realization 51 / 300 ... accepted 51. Emin=-38.81953884, Emax=31.36731730
realization 52 / 300 ... accepted 52. Emin=-43.06933714, Emax=-7.63999836
realization 53 / 300 ... accepted 53. Emin=-21.56976907, Emax=21.22120896
realization 54 / 300 ... accepted 54. Emin=-29.62378410, Emax=36.26245377
realization 55 / 300 ... accepted 55. Emin=-14.35481227, Emax=33.02004632
realization 56 / 300 ... accepted 56. Emin=-14.06653256, Emax=58.43637036
realization 57 / 300 ... accepted 57. Emin=-37.46269448, Emax=46.88144341
realization 58 / 300 ... accepted 58. Emin=-32.50548197, Emax=20.26062720
realization 59 / 300 ... accepted 59. Emin=-13.27372564, Emax=60.79729309
realization 60 / 300 ... accepted 60. Emin=-42.02024893, Emax=44.93765158
realization 61 / 300 ... accepted 61. Emin=-46.17570674, Emax=27.86678168
realization 62 / 300 ... accepted 62. Emin=-55.98962130, Emax=3.68547824
realization 63 / 300 ... accepted 63. Emin=-30.77477409, Emax=31.91331868
realization 64 / 300 ... accepted 64. Emin=-21.60769189, Emax=41.71583656
realization 65 / 300 ... accepted 65. Emin=-3.40915279, Emax=43.44621401
realization 66 / 300 ... accepted 66. Emin=-23.63521488, Emax=43.91522211
realization 67 / 300 ... accepted 67. Emin=-19.23302108, Emax=43.39872900
realization 68 / 300 ... accepted 68. Emin=-35.84760514, Emax=39.86164802
realization 69 / 300 ... accepted 69. Emin=-28.19362476, Emax=22.60775555
realization 70 / 300 ... accepted 70. Emin=-18.95126226, Emax=42.70475012
realization 71 / 300 ... accepted 71. Emin=-3.50504364, Emax=49.97805181
realization 72 / 300 ... accepted 72. Emin=-23.77743554, Emax=26.63570036
realization 73 / 300 ... accepted 73. Emin=-51.30737251, Emax=25.19116387
realization 74 / 300 ... accepted 74. Emin=-32.58553548, Emax=32.86230740
realization 75 / 300 ... accepted 75. Emin=-25.96790049, Emax=38.35625937
realization 76 / 300 ... accepted 76. Emin=-11.72751212, Emax=35.93118667
realization 77 / 300 ... accepted 77. Emin=-30.56999960, Emax=22.65785883
realization 78 / 300 ... accepted 78. Emin=-37.34012152, Emax=29.74883981
realization 79 / 300 ... accepted 79. Emin=-2.64161768, Emax=52.81573055
realization 80 / 300 ... accepted 80. Emin=-49.64507624, Emax=23.25192558
realization 81 / 300 ... accepted 81. Emin=-8.96130888, Emax=35.06538956
realization 82 / 300 ... accepted 82. Emin=-45.20533233, Emax=31.56732277
realization 83 / 300 ... accepted 83. Emin=-24.57982231, Emax=46.76099951
realization 84 / 300 ... accepted 84. Emin=-7.14277619, Emax=58.33358443
realization 85 / 300 ... accepted 85. Emin=-39.77607385, Emax=26.76833605
realization 86 / 300 ... accepted 86. Emin=5.11156602, Emax=62.72615758
realization 87 / 300 ... accepted 87. Emin=-21.10597786, Emax=17.61500340
realization 88 / 300 ... accepted 88. Emin=-16.64666036, Emax=36.50957485
realization 89 / 300 ... accepted 89. Emin=-18.48918404, Emax=57.95520286
realization 90 / 300 ... accepted 90. Emin=-31.88053664, Emax=32.36179780
realization 91 / 300 ... accepted 91. Emin=-55.23144930, Emax=-6.09589322
realization 92 / 300 ... accepted 92. Emin=-35.72871987, Emax=46.30250470
realization 93 / 300 ... accepted 93. Emin=-32.53426795, Emax=19.21832000
realization 94 / 300 ... accepted 94. Emin=-14.96550370, Emax=39.57591362
realization 95 / 300 ... accepted 95. Emin=5.99787791, Emax=63.57089208
realization 96 / 300 ... accepted 96. Emin=-48.85983151, Emax=8.35484473
realization 97 / 300 ... accepted 97. Emin=-30.13712014, Emax=34.97548430
realization 98 / 300 ... accepted 98. Emin=-31.09260802, Emax=3.81948562
realization 99 / 300 ... accepted 99. Emin=-35.73524524, Emax=29.89043608
realization 100 / 300 ... accepted 100. Emin=-51.36982245, Emax=40.07448170
realization 101 / 300 ... accepted 101. Emin=-28.23321742, Emax=41.97635040
realization 102 / 300 ... accepted 102. Emin=-29.39897834, Emax=46.97003460
realization 103 / 300 ... accepted 103. Emin=-54.17088334, Emax=-16.77761445
realization 104 / 300 ... accepted 104. Emin=-26.65194290, Emax=9.20258774
realization 105 / 300 ... accepted 105. Emin=-30.02557397, Emax=44.81237997
realization 106 / 300 ... accepted 106. Emin=-18.09676439, Emax=38.80150479
realization 107 / 300 ... accepted 107. Emin=-12.30622620, Emax=16.01486452
realization 108 / 300 ... accepted 108. Emin=-39.41740932, Emax=24.55653539
realization 109 / 300 ... accepted 109. Emin=-33.34647226, Emax=53.04967760
realization 110 / 300 ... accepted 110. Emin=-29.60507908, Emax=22.22197893
realization 111 / 300 ... accepted 111. Emin=-46.99121814, Emax=33.26032770
realization 112 / 300 ... accepted 112. Emin=-40.06297023, Emax=42.55544979
realization 113 / 300 ... accepted 113. Emin=-31.10015124, Emax=54.64037848
realization 114 / 300 ... accepted 114. Emin=-43.32410418, Emax=40.33369495
realization 115 / 300 ... accepted 115. Emin=-25.16508984, Emax=40.13897832
realization 116 / 300 ... accepted 116. Emin=-37.40756680, Emax=43.14523825
realization 117 / 300 ... accepted 117. Emin=-45.39075080, Emax=40.82399198
realization 118 / 300 ... accepted 118. Emin=0.00602798, Emax=36.86373803
realization 119 / 300 ... accepted 119. Emin=-50.13618690, Emax=56.19738819
realization 120 / 300 ... accepted 120. Emin=-40.36485843, Emax=33.43842722
realization 121 / 300 ... accepted 121. Emin=-33.87919207, Emax=31.59668245
realization 122 / 300 ... accepted 122. Emin=-20.33196859, Emax=50.14396909
realization 123 / 300 ... accepted 123. Emin=-45.91629764, Emax=1.89905310
realization 124 / 300 ... accepted 124. Emin=-39.94768564, Emax=22.41932862
realization 125 / 300 ... accepted 125. Emin=-48.27469026, Emax=35.89868193
realization 126 / 300 ... accepted 126. Emin=-26.13871907, Emax=14.22181700
realization 127 / 300 ... accepted 127. Emin=-14.17537838, Emax=34.42145233
realization 128 / 300 ... accepted 128. Emin=-50.38054465, Emax=3.53559232
realization 129 / 300 ... accepted 129. Emin=-53.76460519, Emax=16.79593716
realization 130 / 300 ... accepted 130. Emin=10.18626853, Emax=54.53838483
realization 131 / 300 ... accepted 131. Emin=-20.37952028, Emax=19.95096516
realization 132 / 300 ... accepted 132. Emin=-17.64444108, Emax=33.41164372
realization 133 / 300 ... accepted 133. Emin=-29.60581830, Emax=47.96567684
realization 134 / 300 ... accepted 134. Emin=-23.10880010, Emax=31.05094680
realization 135 / 300 ... accepted 135. Emin=-14.69911627, Emax=47.85801941
realization 136 / 300 ... accepted 136. Emin=-48.53546877, Emax=39.75135761
realization 137 / 300 ... accepted 137. Emin=-41.08113949, Emax=6.58568041
realization 138 / 300 ... accepted 138. Emin=-35.26890426, Emax=24.87329322
realization 139 / 300 ... accepted 139. Emin=-33.79246718, Emax=18.17935462
realization 140 / 300 ... accepted 140. Emin=-24.99001040, Emax=46.96874251
realization 141 / 300 ... accepted 141. Emin=-31.64894054, Emax=38.50409913
realization 142 / 300 ... accepted 142. Emin=7.99788980, Emax=50.68165041
realization 143 / 300 ... accepted 143. Emin=-46.88041965, Emax=37.93911845
realization 144 / 300 ... accepted 144. Emin=-31.04832506, Emax=25.42311604
realization 145 / 300 ... accepted 145. Emin=-37.24290679, Emax=36.89348653
realization 146 / 300 ... accepted 146. Emin=-26.54116301, Emax=37.09905929
realization 147 / 300 ... accepted 147. Emin=-40.20640502, Emax=26.78631349
realization 148 / 300 ... accepted 148. Emin=-21.44191116, Emax=30.26230412
realization 149 / 300 ... accepted 149. Emin=-40.73458894, Emax=22.91619650
realization 150 / 300 ... accepted 150. Emin=-9.21154548, Emax=48.88186585
realization 151 / 300 ... accepted 151. Emin=-18.34547767, Emax=62.71223377
realization 152 / 300 ... accepted 152. Emin=31.99464320, Emax=62.00033506
realization 153 / 300 ... accepted 153. Emin=-41.51223981, Emax=-17.99924193
realization 154 / 300 ... accepted 154. Emin=-37.41821587, Emax=29.84768924
realization 155 / 300 ... accepted 155. Emin=-18.19067810, Emax=24.26808066
realization 156 / 300 ... accepted 156. Emin=-4.19979555, Emax=29.96836934
realization 157 / 300 ... accepted 157. Emin=-18.84219193, Emax=41.55803682
realization 158 / 300 ... accepted 158. Emin=-33.00119317, Emax=36.28026763
realization 159 / 300 ... accepted 159. Emin=1.27035071, Emax=55.04173613
realization 160 / 300 ... accepted 160. Emin=-57.18265584, Emax=4.54478435
realization 161 / 300 ... accepted 161. Emin=-25.50724384, Emax=51.37228320
realization 162 / 300 ... accepted 162. Emin=-58.30170839, Emax=13.31859534
realization 163 / 300 ... accepted 163. Emin=-19.75159223, Emax=44.68593988
realization 164 / 300 ... accepted 164. Emin=-40.43034653, Emax=25.51143603
realization 165 / 300 ... accepted 165. Emin=-2.67944555, Emax=42.29842642
realization 166 / 300 ... accepted 166. Emin=-9.22581750, Emax=67.79780481
realization 167 / 300 ... accepted 167. Emin=-23.53325618, Emax=51.56018131
realization 168 / 300 ... accepted 168. Emin=-23.13948567, Emax=33.73582606
realization 169 / 300 ... accepted 169. Emin=-14.53365190, Emax=60.93381004
realization 170 / 300 ... accepted 170. Emin=-18.77552424, Emax=43.30880456
realization 171 / 300 ... accepted 171. Emin=2.73020397, Emax=54.26839159
realization 172 / 300 ... accepted 172. Emin=-10.85569893, Emax=51.19203617
realization 173 / 300 ... accepted 173. Emin=-20.66924846, Emax=37.54431672
realization 174 / 300 ... accepted 174. Emin=-27.18837331, Emax=56.47265545
realization 175 / 300 ... accepted 175. Emin=-25.62348845, Emax=25.43875800
realization 176 / 300 ... accepted 176. Emin=-22.59789620, Emax=37.74939886
realization 177 / 300 ... accepted 177. Emin=-13.02088432, Emax=56.56421489
realization 178 / 300 ... accepted 178. Emin=-2.87909214, Emax=40.45272437
realization 179 / 300 ... accepted 179. Emin=-44.78497532, Emax=21.34099120
realization 180 / 300 ... accepted 180. Emin=-43.19346261, Emax=47.37001717
realization 181 / 300 ... accepted 181. Emin=-36.62587295, Emax=31.54942386
realization 182 / 300 ... accepted 182. Emin=-40.55944283, Emax=-9.63750767
realization 183 / 300 ... accepted 183. Emin=-30.01290954, Emax=23.52359612
realization 184 / 300 ... accepted 184. Emin=-30.56283760, Emax=42.02151007
realization 185 / 300 ... accepted 185. Emin=-34.56660795, Emax=38.39510298
realization 186 / 300 ... accepted 186. Emin=-49.09319786, Emax=6.05276846
realization 187 / 300 ... accepted 187. Emin=-26.59701833, Emax=47.02714196
realization 188 / 300 ... accepted 188. Emin=-38.80074523, Emax=32.50802203
realization 189 / 300 ... accepted 189. Emin=-57.44805170, Emax=-12.36193997
realization 190 / 300 ... accepted 190. Emin=-5.48376488, Emax=48.03111474
realization 191 / 300 ... accepted 191. Emin=-31.04776477, Emax=52.62326834
realization 192 / 300 ... accepted 192. Emin=-20.62728569, Emax=48.88581754
realization 193 / 300 ... accepted 193. Emin=12.26640423, Emax=63.31615437
realization 194 / 300 ... accepted 194. Emin=-12.82517401, Emax=20.27962965
realization 195 / 300 ... accepted 195. Emin=-33.64811219, Emax=49.27050568
realization 196 / 300 ... accepted 196. Emin=-40.14206783, Emax=10.88970640
realization 197 / 300 ... accepted 197. Emin=-6.65114219, Emax=52.55841621
realization 198 / 300 ... accepted 198. Emin=-18.41930601, Emax=38.98881600
realization 199 / 300 ... accepted 199. Emin=-34.84627827, Emax=33.49478839
realization 200 / 300 ... accepted 200. Emin=-11.73577118, Emax=52.50387144
realization 201 / 300 ... accepted 201. Emin=-44.81616665, Emax=21.79209153
realization 202 / 300 ... accepted 202. Emin=-5.72800806, Emax=58.68579348
realization 203 / 300 ... accepted 203. Emin=-10.37513814, Emax=40.31159771
realization 204 / 300 ... accepted 204. Emin=-34.01590818, Emax=43.33163987
realization 205 / 300 ... accepted 205. Emin=-26.40286116, Emax=24.90131492
realization 206 / 300 ... accepted 206. Emin=-52.08961771, Emax=-2.26536938
realization 207 / 300 ... accepted 207. Emin=-7.77568435, Emax=45.09356635
realization 208 / 300 ... accepted 208. Emin=3.36790810, Emax=65.05804736
realization 209 / 300 ... accepted 209. Emin=-29.39213412, Emax=21.80723676
realization 210 / 300 ... accepted 210. Emin=-22.14668600, Emax=38.99899898
realization 211 / 300 ... accepted 211. Emin=8.46409318, Emax=50.88683715
realization 212 / 300 ... accepted 212. Emin=0.76825019, Emax=33.97600604
realization 213 / 300 ... accepted 213. Emin=-21.01836005, Emax=30.25453698
realization 214 / 300 ... accepted 214. Emin=-28.58516634, Emax=28.70371216
realization 215 / 300 ... accepted 215. Emin=-9.81056369, Emax=50.62552373
realization 216 / 300 ... accepted 216. Emin=-12.24864298, Emax=47.32720501
realization 217 / 300 ... accepted 217. Emin=-36.77846261, Emax=33.11969611
realization 218 / 300 ... accepted 218. Emin=-44.44934091, Emax=41.32511396
realization 219 / 300 ... accepted 219. Emin=-38.59398209, Emax=3.08398980
realization 220 / 300 ... accepted 220. Emin=-8.47384783, Emax=56.77130572
realization 221 / 300 ... accepted 221. Emin=-38.43845778, Emax=-5.29628696
realization 222 / 300 ... accepted 222. Emin=-40.34341381, Emax=6.32650116
realization 223 / 300 ... accepted 223. Emin=-39.08900520, Emax=35.47934986
realization 224 / 300 ... accepted 224. Emin=-37.33427514, Emax=51.83878525
realization 225 / 300 ... accepted 225. Emin=-40.53192526, Emax=16.55649657
realization 226 / 300 ... accepted 226. Emin=-27.92151140, Emax=12.61453245
realization 227 / 300 ... accepted 227. Emin=-2.18034378, Emax=54.02361709
realization 228 / 300 ... accepted 228. Emin=-19.65681787, Emax=24.31952473
realization 229 / 300 ... accepted 229. Emin=-10.86768457, Emax=44.54796084
realization 230 / 300 ... accepted 230. Emin=4.91773536, Emax=43.99681704
realization 231 / 300 ... accepted 231. Emin=-44.73567710, Emax=28.48406292
realization 232 / 300 ... accepted 232. Emin=-3.16105321, Emax=39.01513168
realization 233 / 300 ... accepted 233. Emin=-30.42719382, Emax=55.81266251
realization 234 / 300 ... accepted 234. Emin=-16.91385187, Emax=29.22525342
realization 235 / 300 ... accepted 235. Emin=-40.64433999, Emax=21.06612784
realization 236 / 300 ... accepted 236. Emin=-15.63832737, Emax=27.91048631
realization 237 / 300 ... accepted 237. Emin=-33.98479015, Emax=1.32543998
realization 238 / 300 ... accepted 238. Emin=-59.20514871, Emax=9.58946791
realization 239 / 300 ... accepted 239. Emin=-47.49683429, Emax=33.77229110
realization 240 / 300 ... accepted 240. Emin=-13.66479549, Emax=31.70750037
realization 241 / 300 ... accepted 241. Emin=-12.17350593, Emax=39.28054530
realization 242 / 300 ... accepted 242. Emin=-44.37368615, Emax=21.37823909
realization 243 / 300 ... accepted 243. Emin=-42.60368643, Emax=13.02811673
realization 244 / 300 ... accepted 244. Emin=-24.13806953, Emax=30.34312152
realization 245 / 300 ... accepted 245. Emin=-27.74309585, Emax=35.21791091
realization 246 / 300 ... accepted 246. Emin=-27.31263837, Emax=38.82706484
realization 247 / 300 ... accepted 247. Emin=-39.72826210, Emax=20.80682027
realization 248 / 300 ... accepted 248. Emin=-19.30449134, Emax=32.68247409
realization 249 / 300 ... accepted 249. Emin=-42.15315724, Emax=14.09299234
realization 250 / 300 ... accepted 250. Emin=-49.93885844, Emax=-1.43127625
realization 251 / 300 ... accepted 251. Emin=-30.48849956, Emax=6.29143496
realization 252 / 300 ... accepted 252. Emin=-17.13282942, Emax=36.64548894
realization 253 / 300 ... accepted 253. Emin=-4.07872336, Emax=51.86845158
realization 254 / 300 ... accepted 254. Emin=16.26001390, Emax=43.26182890
realization 255 / 300 ... accepted 255. Emin=-28.59585135, Emax=6.73682511
realization 256 / 300 ... accepted 256. Emin=-37.43529091, Emax=22.30863183
realization 257 / 300 ... accepted 257. Emin=-3.07549342, Emax=50.50302976
realization 258 / 300 ... accepted 258. Emin=-19.88313531, Emax=42.62576242
realization 259 / 300 ... accepted 259. Emin=2.02583364, Emax=44.80764314
realization 260 / 300 ... accepted 260. Emin=9.50292360, Emax=41.53761278
realization 261 / 300 ... accepted 261. Emin=-38.85920060, Emax=27.48884674
realization 262 / 300 ... accepted 262. Emin=-26.09501612, Emax=43.83248760
realization 263 / 300 ... accepted 263. Emin=-12.63084168, Emax=55.05965979
realization 264 / 300 ... accepted 264. Emin=-32.26654009, Emax=49.63345475
realization 265 / 300 ... accepted 265. Emin=-5.17270062, Emax=56.19069209
realization 266 / 300 ... accepted 266. Emin=-23.50312691, Emax=54.53644297
realization 267 / 300 ... accepted 267. Emin=-34.72898403, Emax=36.67550951
realization 268 / 300 ... accepted 268. Emin=-10.60506490, Emax=45.47728220
realization 269 / 300 ... accepted 269. Emin=-57.71623563, Emax=-22.92225661
realization 270 / 300 ... accepted 270. Emin=-40.00596755, Emax=7.02863493
realization 271 / 300 ... accepted 271. Emin=-10.09100770, Emax=38.30336602
realization 272 / 300 ... accepted 272. Emin=-44.93281416, Emax=35.97405141
realization 273 / 300 ... accepted 273. Emin=32.94205164, Emax=60.98470439
realization 274 / 300 ... accepted 274. Emin=-17.10146124, Emax=35.80146511
realization 275 / 300 ... accepted 275. Emin=-15.34697653, Emax=29.28692195
realization 276 / 300 ... accepted 276. Emin=-31.48223069, Emax=40.18019709
realization 277 / 300 ... accepted 277. Emin=-38.64305805, Emax=32.02461940
realization 278 / 300 ... accepted 278. Emin=-51.65459010, Emax=7.13588901
realization 279 / 300 ... accepted 279. Emin=-13.08562539, Emax=46.12793402
realization 280 / 300 ... accepted 280. Emin=-41.75207518, Emax=46.74276808
realization 281 / 300 ... accepted 281. Emin=-34.20217407, Emax=40.84861515
realization 282 / 300 ... accepted 282. Emin=-13.07313872, Emax=53.48981358
realization 283 / 300 ... accepted 283. Emin=-46.17498355, Emax=23.12060760
realization 284 / 300 ... accepted 284. Emin=-7.14704932, Emax=58.42048828
realization 285 / 300 ... accepted 285. Emin=-18.45275148, Emax=37.25831107
realization 286 / 300 ... accepted 286. Emin=-4.98790028, Emax=56.83364634
realization 287 / 300 ... accepted 287. Emin=-24.15713697, Emax=23.61251690
realization 288 / 300 ... accepted 288. Emin=-43.28205818, Emax=15.59686246
realization 289 / 300 ... accepted 289. Emin=-4.48546254, Emax=50.16162407
realization 290 / 300 ... accepted 290. Emin=-24.35029722, Emax=28.18987289
realization 291 / 300 ... accepted 291. Emin=-10.13568289, Emax=58.21082444
realization 292 / 300 ... accepted 292. Emin=-31.57755667, Emax=42.92853261
realization 293 / 300 ... accepted 293. Emin=-45.16338983, Emax=33.01194339
realization 294 / 300 ... accepted 294. Emin=-47.29235263, Emax=13.73131684
realization 295 / 300 ... accepted 295. Emin=-43.69072740, Emax=-0.28784559
realization 296 / 300 ... accepted 296. Emin=-31.24976874, Emax=22.71806703
realization 297 / 300 ... accepted 297. Emin=-32.84203993, Emax=35.93352765
realization 298 / 300 ... accepted 298. Emin=-40.73835064, Emax=30.59271832
realization 299 / 300 ... accepted 299. Emin=14.51670675, Emax=62.30765674
realization 300 / 300 ... accepted 300. Emin=-30.99136653, Emax=18.51701753
Saved final energies: /home/2/kj405942/POLFED_bosons/pbs_bose_legacy_nmax2_periodic/data/U_1/W_11/L_6/N_6_nmax_2/boundary_periodic/energies_full_U1_L6_N6_nmax2_W11_boundaryperiodic_nreal300.txt
Accepted realizations: 300 / 300
Skipped realizations: 0
Job finished at Sun May 31 17:59:50 UTC 2026
