Job started on w19 at Sun May 31 17:58:54 UTC 2026
PBS_JOBID=7731307.kruk-host.ift-klaster.lan
PBS_O_WORKDIR=/home/2/kj405942/POLFED_bosons
Bose-Hubbard: L=6, N=6, nmax=2, dim=141
t=1, U=1, W=13, nreal=300, boundary=periodic, mode=full
Writing partial results to /home/2/kj405942/POLFED_bosons/pbs_bose_legacy_nmax2_periodic/data/U_1/W_13/L_6/N_6_nmax_2/boundary_periodic/energies_full_U1_L6_N6_nmax2_W13_boundaryperiodic_nreal300_partial.txt
realization 1 / 300 ... accepted 1. Emin=-27.97171521, Emax=21.92246812
realization 2 / 300 ... accepted 2. Emin=-55.53114525, Emax=22.08349772
realization 3 / 300 ... accepted 3. Emin=-43.18245621, Emax=45.43226376
realization 4 / 300 ... accepted 4. Emin=-30.57678887, Emax=62.68463156
realization 5 / 300 ... accepted 5. Emin=-36.35550928, Emax=14.19614951
realization 6 / 300 ... accepted 6. Emin=-49.55376683, Emax=22.61231762
realization 7 / 300 ... accepted 7. Emin=-14.92570608, Emax=40.96420387
realization 8 / 300 ... accepted 8. Emin=-28.12535213, Emax=40.98651928
realization 9 / 300 ... accepted 9. Emin=-27.72729587, Emax=30.40911385
realization 10 / 300 ... accepted 10. Emin=-7.16729718, Emax=36.08919004
realization 11 / 300 ... accepted 11. Emin=-41.42073365, Emax=65.45747478
realization 12 / 300 ... accepted 12. Emin=-9.50825099, Emax=55.91146930
realization 13 / 300 ... accepted 13. Emin=-51.66372013, Emax=10.99063918
realization 14 / 300 ... accepted 14. Emin=-27.20860857, Emax=33.76049462
realization 15 / 300 ... accepted 15. Emin=-68.58814532, Emax=28.95946002
realization 16 / 300 ... accepted 16. Emin=-55.97011707, Emax=14.53253600
realization 17 / 300 ... accepted 17. Emin=-38.99077880, Emax=59.53683786
realization 18 / 300 ... accepted 18. Emin=-40.23813800, Emax=41.00921253
realization 19 / 300 ... accepted 19. Emin=-29.32930417, Emax=45.22304291
realization 20 / 300 ... accepted 20. Emin=-18.45417464, Emax=35.54574165
realization 21 / 300 ... accepted 21. Emin=-45.61563862, Emax=45.29704574
realization 22 / 300 ... accepted 22. Emin=-50.73924143, Emax=38.31943348
realization 23 / 300 ... accepted 23. Emin=-33.65629147, Emax=36.16400223
realization 24 / 300 ... accepted 24. Emin=-27.84502586, Emax=49.73258577
realization 25 / 300 ... accepted 25. Emin=-37.19139276, Emax=74.72930524
realization 26 / 300 ... accepted 26. Emin=-22.87338633, Emax=22.88265142
realization 27 / 300 ... accepted 27. Emin=-27.23172326, Emax=68.01640086
realization 28 / 300 ... accepted 28. Emin=-25.35089751, Emax=50.20335451
realization 29 / 300 ... accepted 29. Emin=17.35020411, Emax=64.33575138
realization 30 / 300 ... accepted 30. Emin=-61.16901151, Emax=29.38131173
realization 31 / 300 ... accepted 31. Emin=0.63872932, Emax=61.22656224
realization 32 / 300 ... accepted 32. Emin=-15.35866261, Emax=65.30243623
realization 33 / 300 ... accepted 33. Emin=-20.95338037, Emax=38.54784992
realization 34 / 300 ... accepted 34. Emin=-56.56812866, Emax=-14.10155855
realization 35 / 300 ... accepted 35. Emin=-58.00383368, Emax=20.20720717
realization 36 / 300 ... accepted 36. Emin=-36.46646323, Emax=20.37945310
realization 37 / 300 ... accepted 37. Emin=2.00012464, Emax=49.23557226
realization 38 / 300 ... accepted 38. Emin=-15.28027864, Emax=34.66112501
realization 39 / 300 ... accepted 39. Emin=-19.97739548, Emax=62.58275100
realization 40 / 300 ... accepted 40. Emin=-6.92448720, Emax=64.77076537
realization 41 / 300 ... accepted 41. Emin=-31.46347259, Emax=15.82260312
realization 42 / 300 ... accepted 42. Emin=5.75819972, Emax=49.46821610
realization 43 / 300 ... accepted 43. Emin=11.76727180, Emax=43.75745310
realization 44 / 300 ... accepted 44. Emin=12.38894434, Emax=67.91065450
realization 45 / 300 ... accepted 45. Emin=-51.31379740, Emax=37.03351964
realization 46 / 300 ... accepted 46. Emin=-53.27913897, Emax=69.15065188
realization 47 / 300 ... accepted 47. Emin=-51.98295173, Emax=36.64492329
realization 48 / 300 ... accepted 48. Emin=-52.26118783, Emax=28.41911075
realization 49 / 300 ... accepted 49. Emin=-4.55501394, Emax=59.58084431
realization 50 / 300 ... accepted 50. Emin=-35.26504226, Emax=71.49554910
realization 51 / 300 ... accepted 51. Emin=-38.36968970, Emax=36.57149552
realization 52 / 300 ... accepted 52. Emin=-15.10551642, Emax=58.15858505
realization 53 / 300 ... accepted 53. Emin=-63.20572660, Emax=14.13300386
realization 54 / 300 ... accepted 54. Emin=-12.70512883, Emax=50.00795347
realization 55 / 300 ... accepted 55. Emin=3.44184233, Emax=61.38499936
realization 56 / 300 ... accepted 56. Emin=-4.76436921, Emax=54.83226455
realization 57 / 300 ... accepted 57. Emin=-22.84132907, Emax=71.60698030
realization 58 / 300 ... accepted 58. Emin=-40.61821923, Emax=24.87498059
realization 59 / 300 ... accepted 59. Emin=-42.80916402, Emax=33.06574131
realization 60 / 300 ... accepted 60. Emin=-38.36294910, Emax=11.43064730
realization 61 / 300 ... accepted 61. Emin=0.24614701, Emax=44.57582338
realization 62 / 300 ... accepted 62. Emin=-13.90779053, Emax=67.22990812
realization 63 / 300 ... accepted 63. Emin=0.40571423, Emax=35.56128950
realization 64 / 300 ... accepted 64. Emin=-35.56529856, Emax=62.05360998
realization 65 / 300 ... accepted 65. Emin=-21.55208192, Emax=55.70691124
realization 66 / 300 ... accepted 66. Emin=-56.94945450, Emax=14.10632243
realization 67 / 300 ... accepted 67. Emin=-37.54289084, Emax=11.53815068
realization 68 / 300 ... accepted 68. Emin=-31.95413023, Emax=32.94887778
realization 69 / 300 ... accepted 69. Emin=-26.16313358, Emax=48.24202787
realization 70 / 300 ... accepted 70. Emin=-30.90863394, Emax=52.46810499
realization 71 / 300 ... accepted 71. Emin=-18.17730305, Emax=66.35630864
realization 72 / 300 ... accepted 72. Emin=-25.29212616, Emax=46.18516904
realization 73 / 300 ... accepted 73. Emin=-46.82865224, Emax=9.06263491
realization 74 / 300 ... accepted 74. Emin=-52.07780095, Emax=15.62180581
realization 75 / 300 ... accepted 75. Emin=-39.42315377, Emax=56.79387796
realization 76 / 300 ... accepted 76. Emin=-15.99735372, Emax=40.78618540
realization 77 / 300 ... accepted 77. Emin=-42.63916249, Emax=50.82282523
realization 78 / 300 ... accepted 78. Emin=-12.37183032, Emax=52.84687851
realization 79 / 300 ... accepted 79. Emin=-19.00044249, Emax=51.71775853
realization 80 / 300 ... accepted 80. Emin=-29.07913243, Emax=45.76499932
realization 81 / 300 ... accepted 81. Emin=-26.90340121, Emax=39.42343365
realization 82 / 300 ... accepted 82. Emin=-53.55256710, Emax=8.40455214
realization 83 / 300 ... accepted 83. Emin=-14.61768699, Emax=48.53311840
realization 84 / 300 ... accepted 84. Emin=15.06965379, Emax=58.68592093
realization 85 / 300 ... accepted 85. Emin=-22.22975691, Emax=60.24413262
realization 86 / 300 ... accepted 86. Emin=-31.44289738, Emax=40.02955310
realization 87 / 300 ... accepted 87. Emin=-1.76779724, Emax=55.06368545
realization 88 / 300 ... accepted 88. Emin=-43.74351963, Emax=37.62213209
realization 89 / 300 ... accepted 89. Emin=-63.51250437, Emax=37.56428731
realization 90 / 300 ... accepted 90. Emin=-66.46667495, Emax=49.51089040
realization 91 / 300 ... accepted 91. Emin=-42.21618634, Emax=47.47283173
realization 92 / 300 ... accepted 92. Emin=-51.45338989, Emax=12.60626853
realization 93 / 300 ... accepted 93. Emin=-56.63631567, Emax=23.78073945
realization 94 / 300 ... accepted 94. Emin=1.67104332, Emax=64.81709841
realization 95 / 300 ... accepted 95. Emin=-55.76624964, Emax=50.27295359
realization 96 / 300 ... accepted 96. Emin=-10.82712271, Emax=38.98652824
realization 97 / 300 ... accepted 97. Emin=-17.53100984, Emax=40.97923532
realization 98 / 300 ... accepted 98. Emin=-29.94349439, Emax=48.78829485
realization 99 / 300 ... accepted 99. Emin=-43.92348639, Emax=19.09195828
realization 100 / 300 ... accepted 100. Emin=-30.53861514, Emax=14.23275364
realization 101 / 300 ... accepted 101. Emin=-16.91451382, Emax=59.84121175
realization 102 / 300 ... accepted 102. Emin=-11.44694871, Emax=48.97080834
realization 103 / 300 ... accepted 103. Emin=-31.97534233, Emax=53.09540035
realization 104 / 300 ... accepted 104. Emin=-48.37810979, Emax=30.70081595
realization 105 / 300 ... accepted 105. Emin=-32.36922008, Emax=53.95506069
realization 106 / 300 ... accepted 106. Emin=-34.55057890, Emax=39.54483166
realization 107 / 300 ... accepted 107. Emin=-25.04622221, Emax=54.47926106
realization 108 / 300 ... accepted 108. Emin=-46.75028253, Emax=56.68341575
realization 109 / 300 ... accepted 109. Emin=-58.63711794, Emax=14.77863385
realization 110 / 300 ... accepted 110. Emin=-2.76006588, Emax=60.13297443
realization 111 / 300 ... accepted 111. Emin=-37.53772505, Emax=25.01666318
realization 112 / 300 ... accepted 112. Emin=-40.33815468, Emax=45.50631229
realization 113 / 300 ... accepted 113. Emin=-27.34728619, Emax=27.94120781
realization 114 / 300 ... accepted 114. Emin=11.46523381, Emax=66.06142377
realization 115 / 300 ... accepted 115. Emin=-48.40003427, Emax=16.22791436
realization 116 / 300 ... accepted 116. Emin=-22.96513398, Emax=44.28214638
realization 117 / 300 ... accepted 117. Emin=-56.35781466, Emax=-21.02612501
realization 118 / 300 ... accepted 118. Emin=-0.97651006, Emax=53.50150149
realization 119 / 300 ... accepted 119. Emin=0.80626342, Emax=51.15497721
realization 120 / 300 ... accepted 120. Emin=-12.62451055, Emax=37.71719010
realization 121 / 300 ... accepted 121. Emin=-13.99095935, Emax=41.12357495
realization 122 / 300 ... accepted 122. Emin=-20.36851498, Emax=52.89823268
realization 123 / 300 ... accepted 123. Emin=-34.98422965, Emax=43.21096350
realization 124 / 300 ... accepted 124. Emin=-66.61793213, Emax=43.33184795
realization 125 / 300 ... accepted 125. Emin=-30.62390007, Emax=46.61967514
realization 126 / 300 ... accepted 126. Emin=-46.06490316, Emax=31.11362321
realization 127 / 300 ... accepted 127. Emin=-21.81621608, Emax=38.68012299
realization 128 / 300 ... accepted 128. Emin=-29.83296192, Emax=44.91613853
realization 129 / 300 ... accepted 129. Emin=-39.73174694, Emax=20.26062031
realization 130 / 300 ... accepted 130. Emin=-31.70975828, Emax=18.68805117
realization 131 / 300 ... accepted 131. Emin=-28.23826562, Emax=48.35125788
realization 132 / 300 ... accepted 132. Emin=-45.83571099, Emax=35.83481481
realization 133 / 300 ... accepted 133. Emin=-55.23544666, Emax=13.94926370
realization 134 / 300 ... accepted 134. Emin=-48.95501904, Emax=30.01675645
realization 135 / 300 ... accepted 135. Emin=-62.18994160, Emax=20.54106725
realization 136 / 300 ... accepted 136. Emin=-17.28714443, Emax=49.41196959
realization 137 / 300 ... accepted 137. Emin=-5.54566175, Emax=39.12496598
realization 138 / 300 ... accepted 138. Emin=1.35080417, Emax=51.79970629
realization 139 / 300 ... accepted 139. Emin=-41.87512029, Emax=-6.62768791
realization 140 / 300 ... accepted 140. Emin=-1.96201959, Emax=58.23115175
realization 141 / 300 ... accepted 141. Emin=-6.28182288, Emax=62.33984678
realization 142 / 300 ... accepted 142. Emin=-48.86089317, Emax=9.75137606
realization 143 / 300 ... accepted 143. Emin=-53.18517459, Emax=46.80495188
realization 144 / 300 ... accepted 144. Emin=-11.73010550, Emax=43.72122059
realization 145 / 300 ... accepted 145. Emin=18.50191975, Emax=52.16721357
realization 146 / 300 ... accepted 146. Emin=-28.81665415, Emax=72.11395691
realization 147 / 300 ... accepted 147. Emin=-16.30787675, Emax=56.91326816
realization 148 / 300 ... accepted 148. Emin=-48.55864741, Emax=51.43678819
realization 149 / 300 ... accepted 149. Emin=-2.40503361, Emax=69.01215377
realization 150 / 300 ... accepted 150. Emin=14.79473793, Emax=58.91062661
realization 151 / 300 ... accepted 151. Emin=-28.88554612, Emax=72.82345329
realization 152 / 300 ... accepted 152. Emin=-22.24639724, Emax=28.02206960
realization 153 / 300 ... accepted 153. Emin=-68.10636811, Emax=2.91674268
realization 154 / 300 ... accepted 154. Emin=-15.43049718, Emax=56.92985740
realization 155 / 300 ... accepted 155. Emin=-49.54861338, Emax=20.18184797
realization 156 / 300 ... accepted 156. Emin=-22.26396148, Emax=44.78204226
realization 157 / 300 ... accepted 157. Emin=-36.10047138, Emax=31.56349759
realization 158 / 300 ... accepted 158. Emin=-42.69229000, Emax=8.90996013
realization 159 / 300 ... accepted 159. Emin=-35.89963927, Emax=38.09711548
realization 160 / 300 ... accepted 160. Emin=-25.13599886, Emax=63.15066601
realization 161 / 300 ... accepted 161. Emin=-29.41240286, Emax=48.89078618
realization 162 / 300 ... accepted 162. Emin=-51.88429846, Emax=39.04000394
realization 163 / 300 ... accepted 163. Emin=-41.38353185, Emax=6.97330287
realization 164 / 300 ... accepted 164. Emin=-9.11319570, Emax=45.53278686
realization 165 / 300 ... accepted 165. Emin=-3.33807636, Emax=53.85470589
realization 166 / 300 ... accepted 166. Emin=-26.23792301, Emax=41.26032429
realization 167 / 300 ... accepted 167. Emin=10.87298223, Emax=61.40676608
realization 168 / 300 ... accepted 168. Emin=-3.61584140, Emax=70.54312327
realization 169 / 300 ... accepted 169. Emin=-60.52834693, Emax=35.84013712
realization 170 / 300 ... accepted 170. Emin=-58.01426086, Emax=-3.42489397
realization 171 / 300 ... accepted 171. Emin=-25.39302693, Emax=33.47278542
realization 172 / 300 ... accepted 172. Emin=-3.96184475, Emax=43.62097998
realization 173 / 300 ... accepted 173. Emin=-24.49354128, Emax=42.34360445
realization 174 / 300 ... accepted 174. Emin=-57.94297293, Emax=5.63715839
realization 175 / 300 ... accepted 175. Emin=-3.30088884, Emax=73.55879064
realization 176 / 300 ... accepted 176. Emin=-54.18342908, Emax=38.50808165
realization 177 / 300 ... accepted 177. Emin=-10.40714053, Emax=53.03676783
realization 178 / 300 ... accepted 178. Emin=-27.60359121, Emax=32.56281663
realization 179 / 300 ... accepted 179. Emin=-40.62426503, Emax=42.26953869
realization 180 / 300 ... accepted 180. Emin=-56.87815739, Emax=17.06763167
realization 181 / 300 ... accepted 181. Emin=-20.41266775, Emax=46.57167874
realization 182 / 300 ... accepted 182. Emin=-18.17039071, Emax=48.16881061
realization 183 / 300 ... accepted 183. Emin=-45.89383800, Emax=28.39139510
realization 184 / 300 ... accepted 184. Emin=-46.94680902, Emax=53.33409164
realization 185 / 300 ... accepted 185. Emin=18.31057855, Emax=66.78944103
realization 186 / 300 ... accepted 186. Emin=-13.93554091, Emax=74.44942344
realization 187 / 300 ... accepted 187. Emin=-14.31421279, Emax=52.81621855
realization 188 / 300 ... accepted 188. Emin=-37.00825831, Emax=54.80127100
realization 189 / 300 ... accepted 189. Emin=-47.88001519, Emax=34.95015320
realization 190 / 300 ... accepted 190. Emin=-38.03350487, Emax=8.63669621
realization 191 / 300 ... accepted 191. Emin=-45.88024467, Emax=31.67379883
realization 192 / 300 ... accepted 192. Emin=-48.53115435, Emax=21.68314102
realization 193 / 300 ... accepted 193. Emin=-18.57978728, Emax=36.52519245
realization 194 / 300 ... accepted 194. Emin=-57.91591755, Emax=4.12581328
realization 195 / 300 ... accepted 195. Emin=-30.23440044, Emax=24.20377998
realization 196 / 300 ... accepted 196. Emin=-40.98461112, Emax=26.72560419
realization 197 / 300 ... accepted 197. Emin=-44.73852574, Emax=23.25331106
realization 198 / 300 ... accepted 198. Emin=-59.11484156, Emax=12.93838515
realization 199 / 300 ... accepted 199. Emin=-8.54871947, Emax=66.10813471
realization 200 / 300 ... accepted 200. Emin=-5.37104817, Emax=52.36776530
realization 201 / 300 ... accepted 201. Emin=-17.45501143, Emax=49.85163561
realization 202 / 300 ... accepted 202. Emin=-23.77474815, Emax=48.55989870
realization 203 / 300 ... accepted 203. Emin=-57.21901528, Emax=44.37422345
realization 204 / 300 ... accepted 204. Emin=-1.93871465, Emax=72.09446222
realization 205 / 300 ... accepted 205. Emin=-6.76315059, Emax=53.59295769
realization 206 / 300 ... accepted 206. Emin=-10.05451749, Emax=42.44614364
realization 207 / 300 ... accepted 207. Emin=-43.97720860, Emax=7.63708259
realization 208 / 300 ... accepted 208. Emin=-15.28130602, Emax=21.41136695
realization 209 / 300 ... accepted 209. Emin=-30.43373017, Emax=43.60816040
realization 210 / 300 ... accepted 210. Emin=-47.33364802, Emax=22.79519171
realization 211 / 300 ... accepted 211. Emin=12.22868497, Emax=59.12288171
realization 212 / 300 ... accepted 212. Emin=-30.32805192, Emax=27.25790135
realization 213 / 300 ... accepted 213. Emin=-39.86482462, Emax=49.85421329
realization 214 / 300 ... accepted 214. Emin=-53.68388439, Emax=39.36053295
realization 215 / 300 ... accepted 215. Emin=-49.12650944, Emax=40.55112238
realization 216 / 300 ... accepted 216. Emin=-9.75281288, Emax=52.17720461
realization 217 / 300 ... accepted 217. Emin=21.22903022, Emax=67.45683838
realization 218 / 300 ... accepted 218. Emin=-18.54727917, Emax=34.41643067
realization 219 / 300 ... accepted 219. Emin=-18.14422276, Emax=51.67927770
realization 220 / 300 ... accepted 220. Emin=-37.66742275, Emax=32.32786403
realization 221 / 300 ... accepted 221. Emin=-29.86013144, Emax=30.28163755
realization 222 / 300 ... accepted 222. Emin=-35.05695782, Emax=71.78851222
realization 223 / 300 ... accepted 223. Emin=-19.84119328, Emax=45.88059767
realization 224 / 300 ... accepted 224. Emin=-41.03449020, Emax=35.95198591
realization 225 / 300 ... accepted 225. Emin=-15.80021817, Emax=36.49205368
realization 226 / 300 ... accepted 226. Emin=0.41440075, Emax=57.56713313
realization 227 / 300 ... accepted 227. Emin=-42.59001392, Emax=24.99705422
realization 228 / 300 ... accepted 228. Emin=-26.19164974, Emax=44.01724489
realization 229 / 300 ... accepted 229. Emin=-60.46937860, Emax=-2.55733537
realization 230 / 300 ... accepted 230. Emin=-16.24871207, Emax=43.61164702
realization 231 / 300 ... accepted 231. Emin=-13.89013260, Emax=57.75288065
realization 232 / 300 ... accepted 232. Emin=-41.34556659, Emax=32.00669287
realization 233 / 300 ... accepted 233. Emin=-64.10918555, Emax=37.69828816
realization 234 / 300 ... accepted 234. Emin=6.07143942, Emax=69.38685066
realization 235 / 300 ... accepted 235. Emin=-42.80327512, Emax=22.19195007
realization 236 / 300 ... accepted 236. Emin=-21.52157986, Emax=36.46923319
realization 237 / 300 ... accepted 237. Emin=-40.50963773, Emax=14.23813764
realization 238 / 300 ... accepted 238. Emin=-50.61067548, Emax=27.88494139
realization 239 / 300 ... accepted 239. Emin=-2.95575106, Emax=69.50358673
realization 240 / 300 ... accepted 240. Emin=3.98535360, Emax=39.06791520
realization 241 / 300 ... accepted 241. Emin=-37.96708661, Emax=36.32058234
realization 242 / 300 ... accepted 242. Emin=-23.88375253, Emax=27.77821091
realization 243 / 300 ... accepted 243. Emin=5.84559057, Emax=58.02596836
realization 244 / 300 ... accepted 244. Emin=-61.30601571, Emax=-11.80759995
realization 245 / 300 ... accepted 245. Emin=-2.31552381, Emax=44.49045131
realization 246 / 300 ... accepted 246. Emin=-56.91527740, Emax=57.98386577
realization 247 / 300 ... accepted 247. Emin=-45.31681260, Emax=23.54447334
realization 248 / 300 ... accepted 248. Emin=-31.84838628, Emax=48.62370685
realization 249 / 300 ... accepted 249. Emin=-42.53920226, Emax=57.47795257
realization 250 / 300 ... accepted 250. Emin=-31.82290270, Emax=22.10074137
realization 251 / 300 ... accepted 251. Emin=-3.95847828, Emax=70.45270675
realization 252 / 300 ... accepted 252. Emin=-61.43358915, Emax=-2.99962058
realization 253 / 300 ... accepted 253. Emin=-24.84389610, Emax=50.55440642
realization 254 / 300 ... accepted 254. Emin=-33.50787783, Emax=34.90731968
realization 255 / 300 ... accepted 255. Emin=-42.51021780, Emax=66.85846726
realization 256 / 300 ... accepted 256. Emin=-14.77540842, Emax=63.03401447
realization 257 / 300 ... accepted 257. Emin=8.14115854, Emax=46.15803137
realization 258 / 300 ... accepted 258. Emin=-47.84053854, Emax=40.54701724
realization 259 / 300 ... accepted 259. Emin=4.61327061, Emax=59.99192741
realization 260 / 300 ... accepted 260. Emin=-12.18121016, Emax=45.49577844
realization 261 / 300 ... accepted 261. Emin=-65.41219488, Emax=47.71235327
realization 262 / 300 ... accepted 262. Emin=9.31279689, Emax=35.37986302
realization 263 / 300 ... accepted 263. Emin=-34.78937025, Emax=30.82215058
realization 264 / 300 ... accepted 264. Emin=-49.02376621, Emax=47.25000940
realization 265 / 300 ... accepted 265. Emin=-55.56067038, Emax=53.61606170
realization 266 / 300 ... accepted 266. Emin=-46.16371058, Emax=-0.21493818
realization 267 / 300 ... accepted 267. Emin=-30.52333139, Emax=44.03031793
realization 268 / 300 ... accepted 268. Emin=-38.38384219, Emax=34.88305447
realization 269 / 300 ... accepted 269. Emin=-20.38412298, Emax=48.69908743
realization 270 / 300 ... accepted 270. Emin=-27.31276782, Emax=50.43797631
realization 271 / 300 ... accepted 271. Emin=-45.80516083, Emax=46.50449058
realization 272 / 300 ... accepted 272. Emin=0.61163244, Emax=44.53530159
realization 273 / 300 ... accepted 273. Emin=-36.24597841, Emax=28.78673286
realization 274 / 300 ... accepted 274. Emin=-8.30671038, Emax=53.24319880
realization 275 / 300 ... accepted 275. Emin=-43.10074898, Emax=26.83325170
realization 276 / 300 ... accepted 276. Emin=-47.23276300, Emax=26.15386098
realization 277 / 300 ... accepted 277. Emin=-42.19813805, Emax=20.76360076
realization 278 / 300 ... accepted 278. Emin=-26.80768901, Emax=58.18433066
realization 279 / 300 ... accepted 279. Emin=11.21436221, Emax=67.68590927
realization 280 / 300 ... accepted 280. Emin=-20.24626090, Emax=42.13853168
realization 281 / 300 ... accepted 281. Emin=-27.06880890, Emax=38.93840023
realization 282 / 300 ... accepted 282. Emin=-48.87999218, Emax=18.06157111
realization 283 / 300 ... accepted 283. Emin=-40.96412413, Emax=45.65668194
realization 284 / 300 ... accepted 284. Emin=-54.26460571, Emax=-5.99812731
realization 285 / 300 ... accepted 285. Emin=-10.26243212, Emax=66.34998045
realization 286 / 300 ... accepted 286. Emin=-42.92087650, Emax=26.65882431
realization 287 / 300 ... accepted 287. Emin=-37.98371002, Emax=25.33670325
realization 288 / 300 ... accepted 288. Emin=-53.68650329, Emax=34.47096678
realization 289 / 300 ... accepted 289. Emin=-45.98949362, Emax=43.06528336
realization 290 / 300 ... accepted 290. Emin=-14.61203170, Emax=56.85169486
realization 291 / 300 ... accepted 291. Emin=-34.05192743, Emax=23.44269228
realization 292 / 300 ... accepted 292. Emin=-59.74589346, Emax=20.51516515
realization 293 / 300 ... accepted 293. Emin=-26.36653466, Emax=57.82279625
realization 294 / 300 ... accepted 294. Emin=-18.70669779, Emax=48.76546918
realization 295 / 300 ... accepted 295. Emin=-9.50844868, Emax=49.92327780
realization 296 / 300 ... accepted 296. Emin=-8.01558555, Emax=43.96752280
realization 297 / 300 ... accepted 297. Emin=-24.80148265, Emax=43.79470103
realization 298 / 300 ... accepted 298. Emin=-28.99465903, Emax=63.66912102
realization 299 / 300 ... accepted 299. Emin=-54.83490776, Emax=38.67884277
realization 300 / 300 ... accepted 300. Emin=-30.61669515, Emax=63.53579505
Saved final energies: /home/2/kj405942/POLFED_bosons/pbs_bose_legacy_nmax2_periodic/data/U_1/W_13/L_6/N_6_nmax_2/boundary_periodic/energies_full_U1_L6_N6_nmax2_W13_boundaryperiodic_nreal300.txt
Accepted realizations: 300 / 300
Skipped realizations: 0
Job finished at Sun May 31 17:59:46 UTC 2026
