Job started on w01 at Sun May 31 17:37:26 UTC 2026
PBS_JOBID=7731295.kruk-host.ift-klaster.lan
PBS_O_WORKDIR=/home/2/kj405942/POLFED_bosons
Bose-Hubbard: L=6, N=6, nmax=2, dim=141
t=1, U=1, W=1, nreal=300, boundary=periodic, mode=full
Writing partial results to /home/2/kj405942/POLFED_bosons/pbs_bose_legacy_nmax2_periodic/data/U_1/W_1/L_6/N_6_nmax_2/boundary_periodic/energies_full_U1_L6_N6_nmax2_W1_boundaryperiodic_nreal300_partial.txt
realization 1 / 300 ... accepted 1. Emin=-9.45633086, Emax=11.42525848
realization 2 / 300 ... accepted 2. Emin=-7.41115994, Emax=13.56704153
realization 3 / 300 ... accepted 3. Emin=-5.68010437, Emax=15.54434629
realization 4 / 300 ... accepted 4. Emin=-7.29896894, Emax=13.97860675
realization 5 / 300 ... accepted 5. Emin=-8.10025494, Emax=12.67286949
realization 6 / 300 ... accepted 6. Emin=-9.14969455, Emax=11.82532888
realization 7 / 300 ... accepted 7. Emin=-8.51142354, Emax=12.23867125
realization 8 / 300 ... accepted 8. Emin=-6.32257592, Emax=14.68864193
realization 9 / 300 ... accepted 9. Emin=-8.27993181, Emax=13.05183515
realization 10 / 300 ... accepted 10. Emin=-6.77159968, Emax=14.53355116
realization 11 / 300 ... accepted 11. Emin=-8.08298444, Emax=12.95724254
realization 12 / 300 ... accepted 12. Emin=-8.10950432, Emax=13.83972238
realization 13 / 300 ... accepted 13. Emin=-8.51247055, Emax=12.29109000
realization 14 / 300 ... accepted 14. Emin=-9.44849222, Emax=11.50413957
realization 15 / 300 ... accepted 15. Emin=-5.06835475, Emax=15.56273024
realization 16 / 300 ... accepted 16. Emin=-6.21954113, Emax=15.28366579
realization 17 / 300 ... accepted 17. Emin=-6.79598095, Emax=14.14622772
realization 18 / 300 ... accepted 18. Emin=-10.40673997, Emax=10.34612917
realization 19 / 300 ... accepted 19. Emin=-8.62684373, Emax=12.70210071
realization 20 / 300 ... accepted 20. Emin=-8.48955221, Emax=12.30315007
realization 21 / 300 ... accepted 21. Emin=-9.21752737, Emax=11.72039634
realization 22 / 300 ... accepted 22. Emin=-8.02673135, Emax=12.92477915
realization 23 / 300 ... accepted 23. Emin=-7.21923965, Emax=13.28271097
realization 24 / 300 ... accepted 24. Emin=-7.98188166, Emax=13.20418200
realization 25 / 300 ... accepted 25. Emin=-8.15459392, Emax=13.23148358
realization 26 / 300 ... accepted 26. Emin=-7.79330832, Emax=13.37959437
realization 27 / 300 ... accepted 27. Emin=-7.88608893, Emax=13.62989546
realization 28 / 300 ... accepted 28. Emin=-5.75002142, Emax=15.09418030
realization 29 / 300 ... accepted 29. Emin=-6.18010274, Emax=14.68352856
realization 30 / 300 ... accepted 30. Emin=-7.71616331, Emax=12.96442740
realization 31 / 300 ... accepted 31. Emin=-5.86512423, Emax=15.32246620
realization 32 / 300 ... accepted 32. Emin=-9.34237553, Emax=11.12828674
realization 33 / 300 ... accepted 33. Emin=-6.57211189, Emax=14.11422854
realization 34 / 300 ... accepted 34. Emin=-10.31582532, Emax=10.34638089
realization 35 / 300 ... accepted 35. Emin=-9.99030110, Emax=11.00583496
realization 36 / 300 ... accepted 36. Emin=-6.25883975, Emax=14.89274049
realization 37 / 300 ... accepted 37. Emin=-7.24793447, Emax=13.96010527
realization 38 / 300 ... accepted 38. Emin=-7.02856061, Emax=13.87215299
realization 39 / 300 ... accepted 39. Emin=-7.24280667, Emax=14.43789215
realization 40 / 300 ... accepted 40. Emin=-6.81580573, Emax=14.36639820
realization 41 / 300 ... accepted 41. Emin=-6.90186776, Emax=14.05086856
realization 42 / 300 ... accepted 42. Emin=-6.55271496, Emax=14.83346712
realization 43 / 300 ... accepted 43. Emin=-6.83383078, Emax=13.95715544
realization 44 / 300 ... accepted 44. Emin=-9.03140431, Emax=12.19393818
realization 45 / 300 ... accepted 45. Emin=-5.26261665, Emax=15.43004100
realization 46 / 300 ... accepted 46. Emin=-8.95834845, Emax=12.04607082
realization 47 / 300 ... accepted 47. Emin=-7.34527633, Emax=13.85479136
realization 48 / 300 ... accepted 48. Emin=-6.03569086, Emax=15.12722120
realization 49 / 300 ... accepted 49. Emin=-9.31047260, Emax=11.50059772
realization 50 / 300 ... accepted 50. Emin=-7.86448850, Emax=13.53758981
realization 51 / 300 ... accepted 51. Emin=-8.69472118, Emax=11.98795112
realization 52 / 300 ... accepted 52. Emin=-8.00053957, Emax=13.02690140
realization 53 / 300 ... accepted 53. Emin=-5.83738726, Emax=14.76135707
realization 54 / 300 ... accepted 54. Emin=-5.71558554, Emax=14.93377668
realization 55 / 300 ... accepted 55. Emin=-5.68461151, Emax=15.22008280
realization 56 / 300 ... accepted 56. Emin=-9.88732166, Emax=10.70102449
realization 57 / 300 ... accepted 57. Emin=-9.70449847, Emax=11.29688028
realization 58 / 300 ... accepted 58. Emin=-7.50329786, Emax=12.92928755
realization 59 / 300 ... accepted 59. Emin=-7.56620573, Emax=13.23435071
realization 60 / 300 ... accepted 60. Emin=-7.64640602, Emax=13.47646431
realization 61 / 300 ... accepted 61. Emin=-6.70288789, Emax=14.46022062
realization 62 / 300 ... accepted 62. Emin=-7.58403720, Emax=14.04771899
realization 63 / 300 ... accepted 63. Emin=-4.69598018, Emax=16.04824792
realization 64 / 300 ... accepted 64. Emin=-8.23133422, Emax=12.92322068
realization 65 / 300 ... accepted 65. Emin=-6.19637845, Emax=14.71429561
realization 66 / 300 ... accepted 66. Emin=-6.69836942, Emax=14.27691959
realization 67 / 300 ... accepted 67. Emin=-5.64972503, Emax=15.31793328
realization 68 / 300 ... accepted 68. Emin=-5.96819105, Emax=14.78795676
realization 69 / 300 ... accepted 69. Emin=-8.92486769, Emax=12.39800749
realization 70 / 300 ... accepted 70. Emin=-7.08385240, Emax=13.96960030
realization 71 / 300 ... accepted 71. Emin=-6.87864280, Emax=13.85584669
realization 72 / 300 ... accepted 72. Emin=-9.48274482, Emax=11.27021016
realization 73 / 300 ... accepted 73. Emin=-6.83217644, Emax=14.59476113
realization 74 / 300 ... accepted 74. Emin=-9.04144607, Emax=12.25616069
realization 75 / 300 ... accepted 75. Emin=-4.37045794, Emax=16.18827878
realization 76 / 300 ... accepted 76. Emin=-6.15424838, Emax=14.83149740
realization 77 / 300 ... accepted 77. Emin=-7.53943613, Emax=13.69812933
realization 78 / 300 ... accepted 78. Emin=-7.10168487, Emax=13.74676080
realization 79 / 300 ... accepted 79. Emin=-7.29477983, Emax=14.04043902
realization 80 / 300 ... accepted 80. Emin=-5.47944968, Emax=15.16542294
realization 81 / 300 ... accepted 81. Emin=-7.57622911, Emax=13.55372747
realization 82 / 300 ... accepted 82. Emin=-7.85691605, Emax=12.89766679
realization 83 / 300 ... accepted 83. Emin=-6.51349292, Emax=14.95138275
realization 84 / 300 ... accepted 84. Emin=-5.52898868, Emax=15.54571779
realization 85 / 300 ... accepted 85. Emin=-8.00955425, Emax=12.90051945
realization 86 / 300 ... accepted 86. Emin=-9.03970224, Emax=11.77070253
realization 87 / 300 ... accepted 87. Emin=-6.22109967, Emax=14.83146204
realization 88 / 300 ... accepted 88. Emin=-9.73440505, Emax=10.94414877
realization 89 / 300 ... accepted 89. Emin=-8.98911136, Emax=12.47376578
realization 90 / 300 ... accepted 90. Emin=-8.11882746, Emax=12.69963465
realization 91 / 300 ... accepted 91. Emin=-7.17834967, Emax=13.52563506
realization 92 / 300 ... accepted 92. Emin=-8.70758686, Emax=12.39745360
realization 93 / 300 ... accepted 93. Emin=-8.45486856, Emax=12.68261856
realization 94 / 300 ... accepted 94. Emin=-6.78378777, Emax=14.26909266
realization 95 / 300 ... accepted 95. Emin=-4.53361828, Emax=16.09436517
realization 96 / 300 ... accepted 96. Emin=-7.23457040, Emax=13.83215446
realization 97 / 300 ... accepted 97. Emin=-6.35550557, Emax=14.20677441
realization 98 / 300 ... accepted 98. Emin=-8.08821430, Emax=13.93848113
realization 99 / 300 ... accepted 99. Emin=-7.88130336, Emax=12.91405957
realization 100 / 300 ... accepted 100. Emin=-5.88585468, Emax=14.86369765
realization 101 / 300 ... accepted 101. Emin=-7.40373085, Emax=13.30550252
realization 102 / 300 ... accepted 102. Emin=-6.21868575, Emax=14.87225453
realization 103 / 300 ... accepted 103. Emin=-7.84233990, Emax=13.08376330
realization 104 / 300 ... accepted 104. Emin=-6.72612453, Emax=14.30738528
realization 105 / 300 ... accepted 105. Emin=-7.28279307, Emax=13.42662440
realization 106 / 300 ... accepted 106. Emin=-6.36202926, Emax=14.16108099
realization 107 / 300 ... accepted 107. Emin=-7.03474269, Emax=13.47936130
realization 108 / 300 ... accepted 108. Emin=-7.86918008, Emax=13.35791726
realization 109 / 300 ... accepted 109. Emin=-9.53745609, Emax=11.10170720
realization 110 / 300 ... accepted 110. Emin=-9.34088885, Emax=11.69757265
realization 111 / 300 ... accepted 111. Emin=-8.26220285, Emax=13.13778786
realization 112 / 300 ... accepted 112. Emin=-6.35992012, Emax=14.78599879
realization 113 / 300 ... accepted 113. Emin=-7.09290618, Emax=14.53269390
realization 114 / 300 ... accepted 114. Emin=-7.17962236, Emax=13.64867674
realization 115 / 300 ... accepted 115. Emin=-9.22630003, Emax=11.51730989
realization 116 / 300 ... accepted 116. Emin=-6.22012408, Emax=15.04612631
realization 117 / 300 ... accepted 117. Emin=-9.48388746, Emax=11.49411126
realization 118 / 300 ... accepted 118. Emin=-8.68111566, Emax=12.63844734
realization 119 / 300 ... accepted 119. Emin=-8.49696493, Emax=12.58347179
realization 120 / 300 ... accepted 120. Emin=-6.47398523, Emax=14.62403525
realization 121 / 300 ... accepted 121. Emin=-8.46237108, Emax=12.19013780
realization 122 / 300 ... accepted 122. Emin=-7.25923109, Emax=13.47172281
realization 123 / 300 ... accepted 123. Emin=-7.68778605, Emax=13.09483899
realization 124 / 300 ... accepted 124. Emin=-6.93885352, Emax=14.28326203
realization 125 / 300 ... accepted 125. Emin=-7.16032099, Emax=14.29827373
realization 126 / 300 ... accepted 126. Emin=-7.45358979, Emax=13.87978203
realization 127 / 300 ... accepted 127. Emin=-8.20434578, Emax=12.69100102
realization 128 / 300 ... accepted 128. Emin=-8.06472716, Emax=12.96278220
realization 129 / 300 ... accepted 129. Emin=-8.98417597, Emax=12.76381390
realization 130 / 300 ... accepted 130. Emin=-7.25265866, Emax=13.58177149
realization 131 / 300 ... accepted 131. Emin=-9.67503789, Emax=10.98757506
realization 132 / 300 ... accepted 132. Emin=-7.11976823, Emax=14.03556179
realization 133 / 300 ... accepted 133. Emin=-5.56170336, Emax=14.92483401
realization 134 / 300 ... accepted 134. Emin=-5.66762149, Emax=15.31439226
realization 135 / 300 ... accepted 135. Emin=-9.11539968, Emax=11.73772613
realization 136 / 300 ... accepted 136. Emin=-8.61012035, Emax=12.38554771
realization 137 / 300 ... accepted 137. Emin=-7.84663289, Emax=13.09540928
realization 138 / 300 ... accepted 138. Emin=-4.93639460, Emax=15.92892365
realization 139 / 300 ... accepted 139. Emin=-6.53630563, Emax=14.35739854
realization 140 / 300 ... accepted 140. Emin=-6.53655176, Emax=14.50018489
realization 141 / 300 ... accepted 141. Emin=-7.76376925, Emax=13.17870262
realization 142 / 300 ... accepted 142. Emin=-6.68444530, Emax=14.14193980
realization 143 / 300 ... accepted 143. Emin=-5.31243206, Emax=15.92548759
realization 144 / 300 ... accepted 144. Emin=-8.08138912, Emax=12.63185714
realization 145 / 300 ... accepted 145. Emin=-9.00721976, Emax=11.92384533
realization 146 / 300 ... accepted 146. Emin=-8.01810498, Emax=13.12964650
realization 147 / 300 ... accepted 147. Emin=-8.00583889, Emax=12.72022494
realization 148 / 300 ... accepted 148. Emin=-5.27701127, Emax=15.60793100
realization 149 / 300 ... accepted 149. Emin=-9.33104338, Emax=11.19228611
realization 150 / 300 ... accepted 150. Emin=-6.33602919, Emax=14.55093185
realization 151 / 300 ... accepted 151. Emin=-8.92955122, Emax=12.09861821
realization 152 / 300 ... accepted 152. Emin=-8.01636622, Emax=13.10945163
realization 153 / 300 ... accepted 153. Emin=-9.40650479, Emax=11.53896119
realization 154 / 300 ... accepted 154. Emin=-8.04744953, Emax=13.41801097
realization 155 / 300 ... accepted 155. Emin=-9.88481654, Emax=11.32891059
realization 156 / 300 ... accepted 156. Emin=-5.10584577, Emax=15.53661289
realization 157 / 300 ... accepted 157. Emin=-7.54697038, Emax=13.46385714
realization 158 / 300 ... accepted 158. Emin=-7.09911924, Emax=14.09715925
realization 159 / 300 ... accepted 159. Emin=-5.92934216, Emax=14.92678425
realization 160 / 300 ... accepted 160. Emin=-11.62423528, Emax=8.76423578
realization 161 / 300 ... accepted 161. Emin=-4.89017614, Emax=16.13364675
realization 162 / 300 ... accepted 162. Emin=-8.27163667, Emax=12.69882125
realization 163 / 300 ... accepted 163. Emin=-8.57503082, Emax=12.36153273
realization 164 / 300 ... accepted 164. Emin=-7.01602781, Emax=14.04191799
realization 165 / 300 ... accepted 165. Emin=-8.33073394, Emax=12.85114155
realization 166 / 300 ... accepted 166. Emin=-8.31687867, Emax=12.45447269
realization 167 / 300 ... accepted 167. Emin=-6.73437897, Emax=14.68636925
realization 168 / 300 ... accepted 168. Emin=-8.98573108, Emax=11.83852841
realization 169 / 300 ... accepted 169. Emin=-8.99083307, Emax=12.07211206
realization 170 / 300 ... accepted 170. Emin=-7.14243063, Emax=14.51761965
realization 171 / 300 ... accepted 171. Emin=-6.37196397, Emax=15.14130300
realization 172 / 300 ... accepted 172. Emin=-8.71518861, Emax=12.21567233
realization 173 / 300 ... accepted 173. Emin=-7.76102122, Emax=13.39739947
realization 174 / 300 ... accepted 174. Emin=-6.98355386, Emax=13.98227093
realization 175 / 300 ... accepted 175. Emin=-10.37720912, Emax=10.55086744
realization 176 / 300 ... accepted 176. Emin=-6.98447758, Emax=13.78056472
realization 177 / 300 ... accepted 177. Emin=-6.47230794, Emax=14.63105957
realization 178 / 300 ... accepted 178. Emin=-6.90774735, Emax=14.11958197
realization 179 / 300 ... accepted 179. Emin=-7.62505432, Emax=13.37531885
realization 180 / 300 ... accepted 180. Emin=-7.49619543, Emax=14.04233692
realization 181 / 300 ... accepted 181. Emin=-6.85105357, Emax=14.14987224
realization 182 / 300 ... accepted 182. Emin=-10.34131430, Emax=10.87695027
realization 183 / 300 ... accepted 183. Emin=-7.45437794, Emax=13.34139650
realization 184 / 300 ... accepted 184. Emin=-9.56101965, Emax=11.31302160
realization 185 / 300 ... accepted 185. Emin=-8.01325370, Emax=13.72152388
realization 186 / 300 ... accepted 186. Emin=-4.87120178, Emax=16.34594132
realization 187 / 300 ... accepted 187. Emin=-7.35325578, Emax=13.75528779
realization 188 / 300 ... accepted 188. Emin=-7.00967923, Emax=13.96248689
realization 189 / 300 ... accepted 189. Emin=-6.77528468, Emax=14.15480274
realization 190 / 300 ... accepted 190. Emin=-4.15128663, Emax=16.81633101
realization 191 / 300 ... accepted 191. Emin=-7.39040002, Emax=14.15546612
realization 192 / 300 ... accepted 192. Emin=-10.15196663, Emax=10.59937717
realization 193 / 300 ... accepted 193. Emin=-8.81892254, Emax=11.87729547
realization 194 / 300 ... accepted 194. Emin=-7.08167427, Emax=13.69915680
realization 195 / 300 ... accepted 195. Emin=-6.48311488, Emax=14.55723426
realization 196 / 300 ... accepted 196. Emin=-6.40697816, Emax=14.39277871
realization 197 / 300 ... accepted 197. Emin=-9.33424368, Emax=11.57700434
realization 198 / 300 ... accepted 198. Emin=-8.39392303, Emax=12.38679292
realization 199 / 300 ... accepted 199. Emin=-5.20694491, Emax=15.35055411
realization 200 / 300 ... accepted 200. Emin=-7.80796756, Emax=13.04651784
realization 201 / 300 ... accepted 201. Emin=-6.59036551, Emax=13.98738582
realization 202 / 300 ... accepted 202. Emin=-8.63646010, Emax=12.73997246
realization 203 / 300 ... accepted 203. Emin=-7.69117766, Emax=13.77674316
realization 204 / 300 ... accepted 204. Emin=-7.50720367, Emax=13.81532289
realization 205 / 300 ... accepted 205. Emin=-7.91115505, Emax=13.27573234
realization 206 / 300 ... accepted 206. Emin=-7.68771211, Emax=13.43514547
realization 207 / 300 ... accepted 207. Emin=-7.72182749, Emax=13.52232183
realization 208 / 300 ... accepted 208. Emin=-9.18855466, Emax=11.76646512
realization 209 / 300 ... accepted 209. Emin=-9.12063761, Emax=11.73455909
realization 210 / 300 ... accepted 210. Emin=-10.26725563, Emax=10.61676650
realization 211 / 300 ... accepted 211. Emin=-5.37969633, Emax=15.66294741
realization 212 / 300 ... accepted 212. Emin=-7.50528421, Emax=13.48728711
realization 213 / 300 ... accepted 213. Emin=-9.20329736, Emax=11.32205994
realization 214 / 300 ... accepted 214. Emin=-7.51290677, Emax=13.29611695
realization 215 / 300 ... accepted 215. Emin=-8.50932486, Emax=12.37034046
realization 216 / 300 ... accepted 216. Emin=-5.60418076, Emax=15.20503055
realization 217 / 300 ... accepted 217. Emin=-5.29487656, Emax=15.50977700
realization 218 / 300 ... accepted 218. Emin=-9.49487792, Emax=11.43685996
realization 219 / 300 ... accepted 219. Emin=-6.34063848, Emax=14.19958452
realization 220 / 300 ... accepted 220. Emin=-7.94502144, Emax=12.86756919
realization 221 / 300 ... accepted 221. Emin=-7.94511100, Emax=13.09718559
realization 222 / 300 ... accepted 222. Emin=-8.33039652, Emax=12.51983096
realization 223 / 300 ... accepted 223. Emin=-8.11099769, Emax=12.51672747
realization 224 / 300 ... accepted 224. Emin=-6.44364247, Emax=14.29661910
realization 225 / 300 ... accepted 225. Emin=-9.06882079, Emax=11.65356047
realization 226 / 300 ... accepted 226. Emin=-9.91618907, Emax=10.94838423
realization 227 / 300 ... accepted 227. Emin=-7.93212418, Emax=12.93544740
realization 228 / 300 ... accepted 228. Emin=-8.98409406, Emax=11.63817482
realization 229 / 300 ... accepted 229. Emin=-8.38610466, Emax=12.55355211
realization 230 / 300 ... accepted 230. Emin=-7.07692376, Emax=13.66937536
realization 231 / 300 ... accepted 231. Emin=-5.83161051, Emax=14.85164125
realization 232 / 300 ... accepted 232. Emin=-7.30964998, Emax=13.42394435
realization 233 / 300 ... accepted 233. Emin=-7.78350129, Emax=13.51024579
realization 234 / 300 ... accepted 234. Emin=-6.02747131, Emax=14.67262844
realization 235 / 300 ... accepted 235. Emin=-7.32117701, Emax=13.90446310
realization 236 / 300 ... accepted 236. Emin=-8.13343739, Emax=13.03673261
realization 237 / 300 ... accepted 237. Emin=-7.73841296, Emax=13.99337392
realization 238 / 300 ... accepted 238. Emin=-5.80699924, Emax=14.91313831
realization 239 / 300 ... accepted 239. Emin=-7.07420668, Emax=14.27041962
realization 240 / 300 ... accepted 240. Emin=-6.08252925, Emax=15.04621156
realization 241 / 300 ... accepted 241. Emin=-8.51081550, Emax=12.63785614
realization 242 / 300 ... accepted 242. Emin=-4.88994049, Emax=16.05409815
realization 243 / 300 ... accepted 243. Emin=-6.84379999, Emax=13.75073331
realization 244 / 300 ... accepted 244. Emin=-10.15194569, Emax=11.08869747
realization 245 / 300 ... accepted 245. Emin=-9.27878308, Emax=11.64195882
realization 246 / 300 ... accepted 246. Emin=-5.75663041, Emax=15.07440717
realization 247 / 300 ... accepted 247. Emin=-6.14147368, Emax=15.11068515
realization 248 / 300 ... accepted 248. Emin=-7.64811422, Emax=13.04216407
realization 249 / 300 ... accepted 249. Emin=-6.46416841, Emax=14.55262924
realization 250 / 300 ... accepted 250. Emin=-6.29487963, Emax=14.61615229
realization 251 / 300 ... accepted 251. Emin=-8.08969952, Emax=13.31956239
realization 252 / 300 ... accepted 252. Emin=-7.06286929, Emax=14.22333723
realization 253 / 300 ... accepted 253. Emin=-10.25084893, Emax=10.41712978
realization 254 / 300 ... accepted 254. Emin=-7.62526598, Emax=13.26482843
realization 255 / 300 ... accepted 255. Emin=-7.55205320, Emax=13.27436865
realization 256 / 300 ... accepted 256. Emin=-8.14126719, Emax=13.00116904
realization 257 / 300 ... accepted 257. Emin=-6.29481620, Emax=14.88484814
realization 258 / 300 ... accepted 258. Emin=-9.40948208, Emax=11.24601316
realization 259 / 300 ... accepted 259. Emin=-9.26516392, Emax=11.47264769
realization 260 / 300 ... accepted 260. Emin=-8.43053904, Emax=12.71234866
realization 261 / 300 ... accepted 261. Emin=-8.74677798, Emax=12.11043069
realization 262 / 300 ... accepted 262. Emin=-9.00306880, Emax=11.95883178
realization 263 / 300 ... accepted 263. Emin=-5.28716844, Emax=15.66882469
realization 264 / 300 ... accepted 264. Emin=-7.12358772, Emax=13.62612361
realization 265 / 300 ... accepted 265. Emin=-8.81468168, Emax=12.36089703
realization 266 / 300 ... accepted 266. Emin=-6.00494235, Emax=14.88566929
realization 267 / 300 ... accepted 267. Emin=-7.13965799, Emax=13.68854375
realization 268 / 300 ... accepted 268. Emin=-9.61193921, Emax=11.50886778
realization 269 / 300 ... accepted 269. Emin=-7.06840497, Emax=13.94554493
realization 270 / 300 ... accepted 270. Emin=-4.96483316, Emax=15.60345590
realization 271 / 300 ... accepted 271. Emin=-8.40205579, Emax=12.89847498
realization 272 / 300 ... accepted 272. Emin=-5.28766394, Emax=15.59931429
realization 273 / 300 ... accepted 273. Emin=-6.81301979, Emax=13.94335440
realization 274 / 300 ... accepted 274. Emin=-8.50475126, Emax=12.94863856
realization 275 / 300 ... accepted 275. Emin=-7.25070825, Emax=13.72209195
realization 276 / 300 ... accepted 276. Emin=-7.28984597, Emax=13.42015477
realization 277 / 300 ... accepted 277. Emin=-7.96126195, Emax=12.97872186
realization 278 / 300 ... accepted 278. Emin=-6.91148266, Emax=14.12622532
realization 279 / 300 ... accepted 279. Emin=-10.10199661, Emax=10.63982969
realization 280 / 300 ... accepted 280. Emin=-6.98385707, Emax=14.25343690
realization 281 / 300 ... accepted 281. Emin=-8.38654725, Emax=13.55731751
realization 282 / 300 ... accepted 282. Emin=-8.44425830, Emax=12.24047967
realization 283 / 300 ... accepted 283. Emin=-7.31190378, Emax=13.79955802
realization 284 / 300 ... accepted 284. Emin=-9.05118005, Emax=12.31940296
realization 285 / 300 ... accepted 285. Emin=-6.53458620, Emax=14.33324017
realization 286 / 300 ... accepted 286. Emin=-8.24617735, Emax=12.58716477
realization 287 / 300 ... accepted 287. Emin=-5.99690522, Emax=15.00922307
realization 288 / 300 ... accepted 288. Emin=-5.67908712, Emax=15.02144542
realization 289 / 300 ... accepted 289. Emin=-9.83379782, Emax=11.07348247
realization 290 / 300 ... accepted 290. Emin=-4.90868588, Emax=15.79629627
realization 291 / 300 ... accepted 291. Emin=-4.99991411, Emax=15.55567148
realization 292 / 300 ... accepted 292. Emin=-10.19144006, Emax=11.02331989
realization 293 / 300 ... accepted 293. Emin=-7.95277951, Emax=12.68531944
realization 294 / 300 ... accepted 294. Emin=-8.46896260, Emax=12.45451308
realization 295 / 300 ... accepted 295. Emin=-6.58135969, Emax=15.08064260
realization 296 / 300 ... accepted 296. Emin=-6.02076846, Emax=14.82274124
realization 297 / 300 ... accepted 297. Emin=-8.50780375, Emax=12.42603486
realization 298 / 300 ... accepted 298. Emin=-4.87078333, Emax=15.72651498
realization 299 / 300 ... accepted 299. Emin=-3.57061389, Emax=16.82796377
realization 300 / 300 ... accepted 300. Emin=-9.72576286, Emax=11.68712547
Saved final energies: /home/2/kj405942/POLFED_bosons/pbs_bose_legacy_nmax2_periodic/data/U_1/W_1/L_6/N_6_nmax_2/boundary_periodic/energies_full_U1_L6_N6_nmax2_W1_boundaryperiodic_nreal300.txt
Accepted realizations: 300 / 300
Skipped realizations: 0
Job finished at Sun May 31 17:37:52 UTC 2026
