Job started on w19 at Sun May 31 17:58:53 UTC 2026
PBS_JOBID=7731304.kruk-host.ift-klaster.lan
PBS_O_WORKDIR=/home/2/kj405942/POLFED_bosons
Bose-Hubbard: L=6, N=6, nmax=2, dim=141
t=1, U=1, W=10, nreal=300, boundary=periodic, mode=full
Writing partial results to /home/2/kj405942/POLFED_bosons/pbs_bose_legacy_nmax2_periodic/data/U_1/W_10/L_6/N_6_nmax_2/boundary_periodic/energies_full_U1_L6_N6_nmax2_W10_boundaryperiodic_nreal300_partial.txt
realization 1 / 300 ... accepted 1. Emin=-33.67075444, Emax=13.68818294
realization 2 / 300 ... accepted 2. Emin=-27.20587842, Emax=43.51619179
realization 3 / 300 ... accepted 3. Emin=-15.57782706, Emax=57.15601549
realization 4 / 300 ... accepted 4. Emin=-10.43654998, Emax=31.05431226
realization 5 / 300 ... accepted 5. Emin=-24.02261916, Emax=44.01230595
realization 6 / 300 ... accepted 6. Emin=-37.69793998, Emax=5.20538570
realization 7 / 300 ... accepted 7. Emin=-44.71857062, Emax=2.84290564
realization 8 / 300 ... accepted 8. Emin=-9.97568147, Emax=55.47823863
realization 9 / 300 ... accepted 9. Emin=-27.99404772, Emax=39.32201683
realization 10 / 300 ... accepted 10. Emin=-22.02669310, Emax=22.59146712
realization 11 / 300 ... accepted 11. Emin=-29.12552709, Emax=36.54979235
realization 12 / 300 ... accepted 12. Emin=-49.77573370, Emax=-10.46851653
realization 13 / 300 ... accepted 13. Emin=-47.58031593, Emax=52.02696022
realization 14 / 300 ... accepted 14. Emin=-22.18010575, Emax=28.76193368
realization 15 / 300 ... accepted 15. Emin=-31.63485912, Emax=13.47490392
realization 16 / 300 ... accepted 16. Emin=-17.99858679, Emax=42.73007865
realization 17 / 300 ... accepted 17. Emin=-30.23237460, Emax=41.61431872
realization 18 / 300 ... accepted 18. Emin=-45.66038689, Emax=39.84265591
realization 19 / 300 ... accepted 19. Emin=-33.19270052, Emax=27.43689573
realization 20 / 300 ... accepted 20. Emin=-36.21961297, Emax=33.81358666
realization 21 / 300 ... accepted 21. Emin=-46.79804616, Emax=3.68270750
realization 22 / 300 ... accepted 22. Emin=-18.86681062, Emax=33.69190731
realization 23 / 300 ... accepted 23. Emin=-11.65069123, Emax=49.57959102
realization 24 / 300 ... accepted 24. Emin=0.08038847, Emax=41.47322568
realization 25 / 300 ... accepted 25. Emin=-21.95447037, Emax=22.68772500
realization 26 / 300 ... accepted 26. Emin=-18.65793947, Emax=59.71811518
realization 27 / 300 ... accepted 27. Emin=-4.58731264, Emax=51.58972439
realization 28 / 300 ... accepted 28. Emin=-15.15556561, Emax=49.55992526
realization 29 / 300 ... accepted 29. Emin=-7.47013012, Emax=30.90972372
realization 30 / 300 ... accepted 30. Emin=-1.66550046, Emax=48.90896304
realization 31 / 300 ... accepted 31. Emin=-33.83622355, Emax=-2.34612275
realization 32 / 300 ... accepted 32. Emin=-30.94172547, Emax=30.48923912
realization 33 / 300 ... accepted 33. Emin=-37.46445010, Emax=44.32297916
realization 34 / 300 ... accepted 34. Emin=-18.63894656, Emax=43.84029981
realization 35 / 300 ... accepted 35. Emin=-35.86731065, Emax=16.58569266
realization 36 / 300 ... accepted 36. Emin=-53.65515501, Emax=6.85219828
realization 37 / 300 ... accepted 37. Emin=-39.26821532, Emax=15.77432797
realization 38 / 300 ... accepted 38. Emin=6.41855647, Emax=47.75050589
realization 39 / 300 ... accepted 39. Emin=-37.63499779, Emax=37.67066792
realization 40 / 300 ... accepted 40. Emin=-4.47148904, Emax=47.30377292
realization 41 / 300 ... accepted 41. Emin=18.83539624, Emax=64.35778222
realization 42 / 300 ... accepted 42. Emin=-18.06787422, Emax=31.79681204
realization 43 / 300 ... accepted 43. Emin=-25.59126197, Emax=32.26937302
realization 44 / 300 ... accepted 44. Emin=-19.05881259, Emax=50.19804621
realization 45 / 300 ... accepted 45. Emin=-40.83373235, Emax=7.58301217
realization 46 / 300 ... accepted 46. Emin=-3.57307617, Emax=36.66107585
realization 47 / 300 ... accepted 47. Emin=-5.47316257, Emax=41.47077520
realization 48 / 300 ... accepted 48. Emin=-24.36847233, Emax=34.34408271
realization 49 / 300 ... accepted 49. Emin=-43.01897968, Emax=11.95233192
realization 50 / 300 ... accepted 50. Emin=-48.94103931, Emax=-2.67455510
realization 51 / 300 ... accepted 51. Emin=-17.20871991, Emax=52.99861947
realization 52 / 300 ... accepted 52. Emin=4.80182417, Emax=59.81701088
realization 53 / 300 ... accepted 53. Emin=11.26453658, Emax=60.40390381
realization 54 / 300 ... accepted 54. Emin=-6.09825359, Emax=40.66547837
realization 55 / 300 ... accepted 55. Emin=-12.01260347, Emax=42.57788837
realization 56 / 300 ... accepted 56. Emin=-29.32254374, Emax=20.97455802
realization 57 / 300 ... accepted 57. Emin=14.83807651, Emax=53.59875514
realization 58 / 300 ... accepted 58. Emin=-16.35405660, Emax=43.30519225
realization 59 / 300 ... accepted 59. Emin=-26.71485320, Emax=45.36823262
realization 60 / 300 ... accepted 60. Emin=-20.42013923, Emax=28.25693462
realization 61 / 300 ... accepted 61. Emin=-39.32217072, Emax=38.77193126
realization 62 / 300 ... accepted 62. Emin=-20.10355408, Emax=44.53589026
realization 63 / 300 ... accepted 63. Emin=-34.92025830, Emax=28.62696055
realization 64 / 300 ... accepted 64. Emin=-34.77625283, Emax=1.49785479
realization 65 / 300 ... accepted 65. Emin=-37.18770546, Emax=40.80553158
realization 66 / 300 ... accepted 66. Emin=-14.57337194, Emax=28.82416229
realization 67 / 300 ... accepted 67. Emin=-28.01514238, Emax=26.50513874
realization 68 / 300 ... accepted 68. Emin=-43.59334760, Emax=10.32829123
realization 69 / 300 ... accepted 69. Emin=-26.75917690, Emax=32.96499297
realization 70 / 300 ... accepted 70. Emin=-6.04589102, Emax=50.66051461
realization 71 / 300 ... accepted 71. Emin=-30.93244248, Emax=19.39633163
realization 72 / 300 ... accepted 72. Emin=-48.80410535, Emax=24.96649792
realization 73 / 300 ... accepted 73. Emin=-18.62213031, Emax=33.47892205
realization 74 / 300 ... accepted 74. Emin=-33.85644721, Emax=-3.80493548
realization 75 / 300 ... accepted 75. Emin=-23.34975462, Emax=27.36059426
realization 76 / 300 ... accepted 76. Emin=-39.14818270, Emax=38.77117576
realization 77 / 300 ... accepted 77. Emin=-5.24061374, Emax=36.09995870
realization 78 / 300 ... accepted 78. Emin=-13.30756099, Emax=30.84639319
realization 79 / 300 ... accepted 79. Emin=3.76642686, Emax=56.79920826
realization 80 / 300 ... accepted 80. Emin=-49.02719091, Emax=37.31813912
realization 81 / 300 ... accepted 81. Emin=-16.56226240, Emax=28.59929635
realization 82 / 300 ... accepted 82. Emin=-9.60592565, Emax=34.80006147
realization 83 / 300 ... accepted 83. Emin=-28.85473762, Emax=37.06157369
realization 84 / 300 ... accepted 84. Emin=-16.20765843, Emax=37.94929258
realization 85 / 300 ... accepted 85. Emin=-22.75909803, Emax=33.03225018
realization 86 / 300 ... accepted 86. Emin=-21.02380654, Emax=47.97779229
realization 87 / 300 ... accepted 87. Emin=-44.95440899, Emax=30.32212412
realization 88 / 300 ... accepted 88. Emin=-15.21873832, Emax=43.18647217
realization 89 / 300 ... accepted 89. Emin=-33.75253164, Emax=16.74690283
realization 90 / 300 ... accepted 90. Emin=-31.94478864, Emax=46.47759119
realization 91 / 300 ... accepted 91. Emin=8.15126679, Emax=40.15025159
realization 92 / 300 ... accepted 92. Emin=-21.63220686, Emax=17.11991685
realization 93 / 300 ... accepted 93. Emin=-23.40422886, Emax=60.92745256
realization 94 / 300 ... accepted 94. Emin=1.92003079, Emax=47.11787448
realization 95 / 300 ... accepted 95. Emin=-19.60666068, Emax=46.76350318
realization 96 / 300 ... accepted 96. Emin=24.85989784, Emax=55.33184511
realization 97 / 300 ... accepted 97. Emin=-21.02267675, Emax=39.25808051
realization 98 / 300 ... accepted 98. Emin=-4.91678076, Emax=30.01857404
realization 99 / 300 ... accepted 99. Emin=-13.29032353, Emax=28.93524946
realization 100 / 300 ... accepted 100. Emin=-28.35098206, Emax=26.36075966
realization 101 / 300 ... accepted 101. Emin=-41.24302641, Emax=17.43139078
realization 102 / 300 ... accepted 102. Emin=-21.80476796, Emax=39.12772880
realization 103 / 300 ... accepted 103. Emin=-38.32540026, Emax=25.44674810
realization 104 / 300 ... accepted 104. Emin=8.26616664, Emax=42.97064683
realization 105 / 300 ... accepted 105. Emin=-13.18164146, Emax=37.41352180
realization 106 / 300 ... accepted 106. Emin=-29.59265263, Emax=2.69587281
realization 107 / 300 ... accepted 107. Emin=1.56922644, Emax=42.50916423
realization 108 / 300 ... accepted 108. Emin=14.95311553, Emax=55.45876545
realization 109 / 300 ... accepted 109. Emin=-19.55847759, Emax=42.47185482
realization 110 / 300 ... accepted 110. Emin=-24.59183237, Emax=47.30860644
realization 111 / 300 ... accepted 111. Emin=-27.02045514, Emax=35.05079293
realization 112 / 300 ... accepted 112. Emin=-22.40057888, Emax=33.77679333
realization 113 / 300 ... accepted 113. Emin=-26.29079703, Emax=33.73842739
realization 114 / 300 ... accepted 114. Emin=-24.63152421, Emax=42.98800654
realization 115 / 300 ... accepted 115. Emin=-15.20934418, Emax=16.74214582
realization 116 / 300 ... accepted 116. Emin=-47.09921168, Emax=16.72686683
realization 117 / 300 ... accepted 117. Emin=-38.22474935, Emax=50.62697910
realization 118 / 300 ... accepted 118. Emin=-19.24060525, Emax=57.92078427
realization 119 / 300 ... accepted 119. Emin=-29.70081374, Emax=41.36168400
realization 120 / 300 ... accepted 120. Emin=-22.44252946, Emax=17.65980931
realization 121 / 300 ... accepted 121. Emin=-24.83470415, Emax=13.81284272
realization 122 / 300 ... accepted 122. Emin=-17.62453358, Emax=40.94968723
realization 123 / 300 ... accepted 123. Emin=-26.21476911, Emax=29.71460544
realization 124 / 300 ... accepted 124. Emin=6.23700096, Emax=54.96070404
realization 125 / 300 ... accepted 125. Emin=-53.53459691, Emax=8.66083100
realization 126 / 300 ... accepted 126. Emin=-32.37691446, Emax=31.68740268
realization 127 / 300 ... accepted 127. Emin=-23.41685404, Emax=47.43697820
realization 128 / 300 ... accepted 128. Emin=5.50376140, Emax=35.67145990
realization 129 / 300 ... accepted 129. Emin=-16.52839559, Emax=47.27555899
realization 130 / 300 ... accepted 130. Emin=-11.56485851, Emax=30.92172039
realization 131 / 300 ... accepted 131. Emin=1.33514199, Emax=41.49400468
realization 132 / 300 ... accepted 132. Emin=-31.24256822, Emax=45.16461559
realization 133 / 300 ... accepted 133. Emin=-28.80155188, Emax=28.62042938
realization 134 / 300 ... accepted 134. Emin=-28.57346051, Emax=14.64488830
realization 135 / 300 ... accepted 135. Emin=-28.54227527, Emax=21.78224088
realization 136 / 300 ... accepted 136. Emin=-33.58114317, Emax=33.71440193
realization 137 / 300 ... accepted 137. Emin=-5.00822876, Emax=48.26823062
realization 138 / 300 ... accepted 138. Emin=-16.66414202, Emax=35.67740227
realization 139 / 300 ... accepted 139. Emin=-22.17209791, Emax=45.77028741
realization 140 / 300 ... accepted 140. Emin=-19.25730840, Emax=30.41444357
realization 141 / 300 ... accepted 141. Emin=-20.01659586, Emax=40.71025658
realization 142 / 300 ... accepted 142. Emin=-31.63322884, Emax=32.29153058
realization 143 / 300 ... accepted 143. Emin=-25.22853449, Emax=31.23780108
realization 144 / 300 ... accepted 144. Emin=-24.72361211, Emax=37.18068503
realization 145 / 300 ... accepted 145. Emin=-32.14468148, Emax=33.00330448
realization 146 / 300 ... accepted 146. Emin=-38.00657777, Emax=30.79938946
realization 147 / 300 ... accepted 147. Emin=-14.37664970, Emax=43.87892662
realization 148 / 300 ... accepted 148. Emin=-35.74984583, Emax=40.09914799
realization 149 / 300 ... accepted 149. Emin=-30.49331631, Emax=24.74364430
realization 150 / 300 ... accepted 150. Emin=-46.91980404, Emax=-7.55867029
realization 151 / 300 ... accepted 151. Emin=2.30455752, Emax=56.10265179
realization 152 / 300 ... accepted 152. Emin=-16.50614167, Emax=50.33816116
realization 153 / 300 ... accepted 153. Emin=-40.48781725, Emax=36.32336810
realization 154 / 300 ... accepted 154. Emin=-15.41028714, Emax=43.05544799
realization 155 / 300 ... accepted 155. Emin=-28.14435023, Emax=29.02171190
realization 156 / 300 ... accepted 156. Emin=-24.73910873, Emax=44.64680333
realization 157 / 300 ... accepted 157. Emin=-17.79873035, Emax=45.81724947
realization 158 / 300 ... accepted 158. Emin=18.56254146, Emax=58.53638469
realization 159 / 300 ... accepted 159. Emin=5.67755445, Emax=46.90386635
realization 160 / 300 ... accepted 160. Emin=-17.14865506, Emax=44.77797782
realization 161 / 300 ... accepted 161. Emin=1.55770766, Emax=61.61339979
realization 162 / 300 ... accepted 162. Emin=-34.17221672, Emax=-1.49126433
realization 163 / 300 ... accepted 163. Emin=-7.72247674, Emax=40.31177456
realization 164 / 300 ... accepted 164. Emin=-46.37955856, Emax=14.48708044
realization 165 / 300 ... accepted 165. Emin=-21.00314309, Emax=32.89607262
realization 166 / 300 ... accepted 166. Emin=-31.39554148, Emax=30.57244889
realization 167 / 300 ... accepted 167. Emin=-24.85928800, Emax=29.37793932
realization 168 / 300 ... accepted 168. Emin=-26.61054694, Emax=51.92197768
realization 169 / 300 ... accepted 169. Emin=-37.03614379, Emax=35.89567930
realization 170 / 300 ... accepted 170. Emin=-33.47811899, Emax=7.93923573
realization 171 / 300 ... accepted 171. Emin=-41.36056683, Emax=-2.67824589
realization 172 / 300 ... accepted 172. Emin=8.24358315, Emax=45.34456778
realization 173 / 300 ... accepted 173. Emin=-3.72643949, Emax=56.45541789
realization 174 / 300 ... accepted 174. Emin=-48.52628637, Emax=27.13075596
realization 175 / 300 ... accepted 175. Emin=-14.11196875, Emax=41.60044420
realization 176 / 300 ... accepted 176. Emin=-32.02118016, Emax=26.70657536
realization 177 / 300 ... accepted 177. Emin=5.27716183, Emax=50.00899621
realization 178 / 300 ... accepted 178. Emin=-23.58918118, Emax=34.86116902
realization 179 / 300 ... accepted 179. Emin=-21.52107926, Emax=19.82743595
realization 180 / 300 ... accepted 180. Emin=-30.47270444, Emax=35.64215629
realization 181 / 300 ... accepted 181. Emin=-15.04720071, Emax=44.93322334
realization 182 / 300 ... accepted 182. Emin=-28.44956982, Emax=19.57768569
realization 183 / 300 ... accepted 183. Emin=-40.13831743, Emax=18.30019328
realization 184 / 300 ... accepted 184. Emin=-13.14543319, Emax=56.81064556
realization 185 / 300 ... accepted 185. Emin=-19.35877250, Emax=5.24913957
realization 186 / 300 ... accepted 186. Emin=1.18899390, Emax=62.23052397
realization 187 / 300 ... accepted 187. Emin=-40.18306129, Emax=-0.65008709
realization 188 / 300 ... accepted 188. Emin=-45.10563520, Emax=25.56564937
realization 189 / 300 ... accepted 189. Emin=-5.61821244, Emax=53.75782496
realization 190 / 300 ... accepted 190. Emin=-22.65383134, Emax=40.01059868
realization 191 / 300 ... accepted 191. Emin=-12.65481407, Emax=20.96937042
realization 192 / 300 ... accepted 192. Emin=-33.81069062, Emax=37.26488357
realization 193 / 300 ... accepted 193. Emin=-29.38725852, Emax=32.18759263
realization 194 / 300 ... accepted 194. Emin=-19.69146928, Emax=13.64159989
realization 195 / 300 ... accepted 195. Emin=-49.02618928, Emax=-4.98030768
realization 196 / 300 ... accepted 196. Emin=3.30865415, Emax=62.56209541
realization 197 / 300 ... accepted 197. Emin=-13.89410903, Emax=33.59778540
realization 198 / 300 ... accepted 198. Emin=-27.31469333, Emax=34.29740344
realization 199 / 300 ... accepted 199. Emin=-37.01750570, Emax=32.75728659
realization 200 / 300 ... accepted 200. Emin=-13.56759728, Emax=56.58101475
realization 201 / 300 ... accepted 201. Emin=-12.32307006, Emax=47.67654709
realization 202 / 300 ... accepted 202. Emin=-16.08934057, Emax=35.64711381
realization 203 / 300 ... accepted 203. Emin=-53.31998951, Emax=1.16255604
realization 204 / 300 ... accepted 204. Emin=-43.52476628, Emax=11.45189291
realization 205 / 300 ... accepted 205. Emin=-25.24261254, Emax=52.69849767
realization 206 / 300 ... accepted 206. Emin=-47.38575295, Emax=-3.65151942
realization 207 / 300 ... accepted 207. Emin=-31.80073574, Emax=25.13960263
realization 208 / 300 ... accepted 208. Emin=-40.34039516, Emax=22.01281710
realization 209 / 300 ... accepted 209. Emin=-0.00327097, Emax=34.91694459
realization 210 / 300 ... accepted 210. Emin=-36.74480136, Emax=5.18883797
realization 211 / 300 ... accepted 211. Emin=-45.46798430, Emax=12.59429442
realization 212 / 300 ... accepted 212. Emin=-20.21032459, Emax=24.37019524
realization 213 / 300 ... accepted 213. Emin=-48.55930267, Emax=49.41348468
realization 214 / 300 ... accepted 214. Emin=-31.57336101, Emax=30.00507973
realization 215 / 300 ... accepted 215. Emin=-21.81057011, Emax=56.27147827
realization 216 / 300 ... accepted 216. Emin=-30.12733558, Emax=21.24188392
realization 217 / 300 ... accepted 217. Emin=-27.04925765, Emax=48.10754378
realization 218 / 300 ... accepted 218. Emin=-9.66212204, Emax=40.65784956
realization 219 / 300 ... accepted 219. Emin=-28.14095561, Emax=36.20109415
realization 220 / 300 ... accepted 220. Emin=-39.68502996, Emax=13.76383910
realization 221 / 300 ... accepted 221. Emin=-21.51176067, Emax=31.90584819
realization 222 / 300 ... accepted 222. Emin=-43.61177205, Emax=17.59574966
realization 223 / 300 ... accepted 223. Emin=-47.92250792, Emax=-8.23497292
realization 224 / 300 ... accepted 224. Emin=-28.75177600, Emax=16.15422601
realization 225 / 300 ... accepted 225. Emin=-17.45185477, Emax=37.59539079
realization 226 / 300 ... accepted 226. Emin=-31.68044943, Emax=37.85742541
realization 227 / 300 ... accepted 227. Emin=-15.10756712, Emax=45.72973612
realization 228 / 300 ... accepted 228. Emin=8.07409256, Emax=52.94709480
realization 229 / 300 ... accepted 229. Emin=-27.65698691, Emax=17.97320775
realization 230 / 300 ... accepted 230. Emin=-35.20173080, Emax=49.05809658
realization 231 / 300 ... accepted 231. Emin=-43.38288763, Emax=11.80101104
realization 232 / 300 ... accepted 232. Emin=7.45207329, Emax=54.80123590
realization 233 / 300 ... accepted 233. Emin=-30.68306003, Emax=37.29696881
realization 234 / 300 ... accepted 234. Emin=-2.76482978, Emax=50.62243241
realization 235 / 300 ... accepted 235. Emin=-49.96692222, Emax=-10.81887804
realization 236 / 300 ... accepted 236. Emin=-19.31378621, Emax=34.46980264
realization 237 / 300 ... accepted 237. Emin=-29.37810156, Emax=25.01192307
realization 238 / 300 ... accepted 238. Emin=-11.37274363, Emax=43.38587903
realization 239 / 300 ... accepted 239. Emin=-24.69962060, Emax=51.35081751
realization 240 / 300 ... accepted 240. Emin=2.47427885, Emax=54.41011536
realization 241 / 300 ... accepted 241. Emin=-17.08863809, Emax=53.92710409
realization 242 / 300 ... accepted 242. Emin=-0.93279952, Emax=51.23012364
realization 243 / 300 ... accepted 243. Emin=-38.06751452, Emax=24.83074163
realization 244 / 300 ... accepted 244. Emin=-25.78978542, Emax=28.27643779
realization 245 / 300 ... accepted 245. Emin=-4.22832151, Emax=45.66391337
realization 246 / 300 ... accepted 246. Emin=-10.20880431, Emax=46.01889987
realization 247 / 300 ... accepted 247. Emin=-39.18929562, Emax=-1.27387454
realization 248 / 300 ... accepted 248. Emin=-31.54835037, Emax=43.82083543
realization 249 / 300 ... accepted 249. Emin=-26.37448582, Emax=28.46092068
realization 250 / 300 ... accepted 250. Emin=19.75934770, Emax=50.57025258
realization 251 / 300 ... accepted 251. Emin=-40.49220367, Emax=21.63409050
realization 252 / 300 ... accepted 252. Emin=9.70584045, Emax=51.88327071
realization 253 / 300 ... accepted 253. Emin=14.32157235, Emax=56.04366129
realization 254 / 300 ... accepted 254. Emin=-45.17572420, Emax=-0.05927591
realization 255 / 300 ... accepted 255. Emin=-14.19701113, Emax=34.19506677
realization 256 / 300 ... accepted 256. Emin=-13.46245236, Emax=26.70437356
realization 257 / 300 ... accepted 257. Emin=3.00534210, Emax=54.42783397
realization 258 / 300 ... accepted 258. Emin=-23.31013819, Emax=43.41217566
realization 259 / 300 ... accepted 259. Emin=-18.25388199, Emax=39.90409345
realization 260 / 300 ... accepted 260. Emin=-47.31502107, Emax=-7.41020570
realization 261 / 300 ... accepted 261. Emin=12.13737427, Emax=49.19508968
realization 262 / 300 ... accepted 262. Emin=-1.07703702, Emax=48.26790522
realization 263 / 300 ... accepted 263. Emin=-24.25161624, Emax=37.99629655
realization 264 / 300 ... accepted 264. Emin=-20.22290234, Emax=45.38833353
realization 265 / 300 ... accepted 265. Emin=8.45853023, Emax=47.92172767
realization 266 / 300 ... accepted 266. Emin=-20.97769435, Emax=53.99726511
realization 267 / 300 ... accepted 267. Emin=-35.42326670, Emax=5.89172037
realization 268 / 300 ... accepted 268. Emin=-45.06771790, Emax=15.75095504
realization 269 / 300 ... accepted 269. Emin=-37.84209192, Emax=28.14438554
realization 270 / 300 ... accepted 270. Emin=-44.11163733, Emax=7.31211732
realization 271 / 300 ... accepted 271. Emin=-30.99776916, Emax=33.24374409
realization 272 / 300 ... accepted 272. Emin=-29.89767091, Emax=45.61130615
realization 273 / 300 ... accepted 273. Emin=-25.14016555, Emax=24.22399732
realization 274 / 300 ... accepted 274. Emin=-34.90218332, Emax=12.66287016
realization 275 / 300 ... accepted 275. Emin=-18.34779835, Emax=23.00147181
realization 276 / 300 ... accepted 276. Emin=-36.27109142, Emax=28.80971683
realization 277 / 300 ... accepted 277. Emin=-31.85938852, Emax=25.34449656
realization 278 / 300 ... accepted 278. Emin=-31.37187197, Emax=25.02590881
realization 279 / 300 ... accepted 279. Emin=-32.28480254, Emax=7.07409883
realization 280 / 300 ... accepted 280. Emin=-28.70738750, Emax=24.84704184
realization 281 / 300 ... accepted 281. Emin=-37.13053459, Emax=13.91401561
realization 282 / 300 ... accepted 282. Emin=-24.16782699, Emax=44.43183499
realization 283 / 300 ... accepted 283. Emin=-30.32414552, Emax=36.26642909
realization 284 / 300 ... accepted 284. Emin=-37.81171441, Emax=18.05450246
realization 285 / 300 ... accepted 285. Emin=-37.58664103, Emax=16.17075523
realization 286 / 300 ... accepted 286. Emin=-45.47971457, Emax=-9.36611853
realization 287 / 300 ... accepted 287. Emin=-36.65974718, Emax=47.22836009
realization 288 / 300 ... accepted 288. Emin=-23.05912156, Emax=31.75972955
realization 289 / 300 ... accepted 289. Emin=-41.48291675, Emax=-0.37056746
realization 290 / 300 ... accepted 290. Emin=-25.93264022, Emax=36.53357969
realization 291 / 300 ... accepted 291. Emin=-11.91589416, Emax=58.71669419
realization 292 / 300 ... accepted 292. Emin=-5.04206981, Emax=35.42888039
realization 293 / 300 ... accepted 293. Emin=-36.61566060, Emax=13.56191373
realization 294 / 300 ... accepted 294. Emin=-11.82887790, Emax=53.00058197
realization 295 / 300 ... accepted 295. Emin=-26.25228831, Emax=31.83831990
realization 296 / 300 ... accepted 296. Emin=-43.27598162, Emax=6.54585328
realization 297 / 300 ... accepted 297. Emin=-28.22556264, Emax=25.09250627
realization 298 / 300 ... accepted 298. Emin=-13.99652195, Emax=54.89465821
realization 299 / 300 ... accepted 299. Emin=-28.21826750, Emax=30.72044992
realization 300 / 300 ... accepted 300. Emin=-0.28662181, Emax=41.99683195
Saved final energies: /home/2/kj405942/POLFED_bosons/pbs_bose_legacy_nmax2_periodic/data/U_1/W_10/L_6/N_6_nmax_2/boundary_periodic/energies_full_U1_L6_N6_nmax2_W10_boundaryperiodic_nreal300.txt
Accepted realizations: 300 / 300
Skipped realizations: 0
Job finished at Sun May 31 18:00:03 UTC 2026
