Job started on w08 at Sun May 31 16:57:58 UTC 2026
PBS_JOBID=7731298.kruk-host.ift-klaster.lan
PBS_O_WORKDIR=/home/2/kj405942/POLFED_bosons
Bose-Hubbard: L=6, N=6, nmax=2, dim=141
t=1, U=1, W=4, nreal=300, boundary=periodic, mode=full
Writing partial results to /home/2/kj405942/POLFED_bosons/pbs_bose_legacy_nmax2_periodic/data/U_1/W_4/L_6/N_6_nmax_2/boundary_periodic/energies_full_U1_L6_N6_nmax2_W4_boundaryperiodic_nreal300_partial.txt
realization 1 / 300 ... accepted 1. Emin=-2.63286661, Emax=27.14592551
realization 2 / 300 ... accepted 2. Emin=-7.08960674, Emax=24.23231839
realization 3 / 300 ... accepted 3. Emin=-11.13173951, Emax=17.04416742
realization 4 / 300 ... accepted 4. Emin=-4.67358355, Emax=19.67950808
realization 5 / 300 ... accepted 5. Emin=-10.37647448, Emax=23.53733326
realization 6 / 300 ... accepted 6. Emin=-10.57437103, Emax=19.86040762
realization 7 / 300 ... accepted 7. Emin=-17.49698657, Emax=13.89685042
realization 8 / 300 ... accepted 8. Emin=-21.42471445, Emax=1.17933716
realization 9 / 300 ... accepted 9. Emin=-9.24736434, Emax=19.82335676
realization 10 / 300 ... accepted 10. Emin=-7.20853575, Emax=23.18974906
realization 11 / 300 ... accepted 11. Emin=-10.52694447, Emax=21.48998984
realization 12 / 300 ... accepted 12. Emin=-9.63676711, Emax=20.42168777
realization 13 / 300 ... accepted 13. Emin=-13.75304217, Emax=15.78403859
realization 14 / 300 ... accepted 14. Emin=-9.13104106, Emax=15.35727731
realization 15 / 300 ... accepted 15. Emin=-10.61368092, Emax=23.15753018
realization 16 / 300 ... accepted 16. Emin=-18.77097061, Emax=11.14647409
realization 17 / 300 ... accepted 17. Emin=-15.07041847, Emax=20.86743504
realization 18 / 300 ... accepted 18. Emin=-12.75367952, Emax=17.91397129
realization 19 / 300 ... accepted 19. Emin=-15.99594251, Emax=15.56844989
realization 20 / 300 ... accepted 20. Emin=-14.10690607, Emax=26.23664294
realization 21 / 300 ... accepted 21. Emin=-16.39849532, Emax=11.70895204
realization 22 / 300 ... accepted 22. Emin=-13.07754543, Emax=16.02305471
realization 23 / 300 ... accepted 23. Emin=-8.32798232, Emax=22.63528889
realization 24 / 300 ... accepted 24. Emin=-3.76619455, Emax=26.17586550
realization 25 / 300 ... accepted 25. Emin=-17.71398046, Emax=6.14719743
realization 26 / 300 ... accepted 26. Emin=-13.41604850, Emax=17.23203638
realization 27 / 300 ... accepted 27. Emin=-3.46989882, Emax=23.82749280
realization 28 / 300 ... accepted 28. Emin=-5.25885513, Emax=23.73410758
realization 29 / 300 ... accepted 29. Emin=-17.65425411, Emax=12.86845167
realization 30 / 300 ... accepted 30. Emin=-18.54889945, Emax=11.51832132
realization 31 / 300 ... accepted 31. Emin=-14.25674433, Emax=16.96541925
realization 32 / 300 ... accepted 32. Emin=-2.67054482, Emax=22.72751135
realization 33 / 300 ... accepted 33. Emin=-4.01704830, Emax=18.08476979
realization 34 / 300 ... accepted 34. Emin=-11.62234907, Emax=18.84516106
realization 35 / 300 ... accepted 35. Emin=-10.81771009, Emax=19.14236658
realization 36 / 300 ... accepted 36. Emin=-15.20695466, Emax=8.06774522
realization 37 / 300 ... accepted 37. Emin=-5.69174402, Emax=22.66159602
realization 38 / 300 ... accepted 38. Emin=-11.04518365, Emax=20.57696524
realization 39 / 300 ... accepted 39. Emin=-9.06064035, Emax=16.30959734
realization 40 / 300 ... accepted 40. Emin=-12.66154620, Emax=13.97503203
realization 41 / 300 ... accepted 41. Emin=-8.83667695, Emax=16.45107877
realization 42 / 300 ... accepted 42. Emin=1.19425098, Emax=25.92296950
realization 43 / 300 ... accepted 43. Emin=-20.98054622, Emax=3.17839141
realization 44 / 300 ... accepted 44. Emin=-2.81709582, Emax=28.05055372
realization 45 / 300 ... accepted 45. Emin=-13.33968694, Emax=17.61198493
realization 46 / 300 ... accepted 46. Emin=-4.26513957, Emax=26.14863196
realization 47 / 300 ... accepted 47. Emin=-14.29516475, Emax=18.81709420
realization 48 / 300 ... accepted 48. Emin=-6.38288256, Emax=26.84329348
realization 49 / 300 ... accepted 49. Emin=-20.07868830, Emax=5.06813226
realization 50 / 300 ... accepted 50. Emin=-2.22555952, Emax=26.45372200
realization 51 / 300 ... accepted 51. Emin=-7.10221679, Emax=26.09530749
realization 52 / 300 ... accepted 52. Emin=-11.59467679, Emax=19.65551977
realization 53 / 300 ... accepted 53. Emin=-16.64980071, Emax=17.62497417
realization 54 / 300 ... accepted 54. Emin=-13.34715997, Emax=19.24438325
realization 55 / 300 ... accepted 55. Emin=-8.03533805, Emax=27.58048139
realization 56 / 300 ... accepted 56. Emin=-14.99649136, Emax=18.38433060
realization 57 / 300 ... accepted 57. Emin=-15.19179091, Emax=15.27904409
realization 58 / 300 ... accepted 58. Emin=-14.59549587, Emax=12.49296139
realization 59 / 300 ... accepted 59. Emin=-14.80265502, Emax=12.79940580
realization 60 / 300 ... accepted 60. Emin=-11.01348950, Emax=20.21385897
realization 61 / 300 ... accepted 61. Emin=-16.09439261, Emax=7.18570032
realization 62 / 300 ... accepted 62. Emin=-9.42414698, Emax=21.37977303
realization 63 / 300 ... accepted 63. Emin=-24.47708567, Emax=-1.56304903
realization 64 / 300 ... accepted 64. Emin=-13.58171059, Emax=11.79103846
realization 65 / 300 ... accepted 65. Emin=-9.70223213, Emax=24.11085924
realization 66 / 300 ... accepted 66. Emin=-6.93788794, Emax=19.60468315
realization 67 / 300 ... accepted 67. Emin=-13.09807696, Emax=19.15898217
realization 68 / 300 ... accepted 68. Emin=-7.76508296, Emax=21.40272158
realization 69 / 300 ... accepted 69. Emin=-1.59304040, Emax=25.44541878
realization 70 / 300 ... accepted 70. Emin=-19.76549438, Emax=9.46880199
realization 71 / 300 ... accepted 71. Emin=-0.86379694, Emax=28.15007953
realization 72 / 300 ... accepted 72. Emin=-6.15627587, Emax=22.20606006
realization 73 / 300 ... accepted 73. Emin=-16.85291693, Emax=10.65406230
realization 74 / 300 ... accepted 74. Emin=-12.82157647, Emax=17.91444004
realization 75 / 300 ... accepted 75. Emin=-8.85326763, Emax=23.22986958
realization 76 / 300 ... accepted 76. Emin=-10.25371121, Emax=18.16593341
realization 77 / 300 ... accepted 77. Emin=-15.04629306, Emax=19.35669418
realization 78 / 300 ... accepted 78. Emin=-19.96414542, Emax=14.37601295
realization 79 / 300 ... accepted 79. Emin=-9.44092128, Emax=22.97318957
realization 80 / 300 ... accepted 80. Emin=-9.53257776, Emax=25.14487197
realization 81 / 300 ... accepted 81. Emin=0.15982174, Emax=27.78633219
realization 82 / 300 ... accepted 82. Emin=-13.67726688, Emax=19.55450378
realization 83 / 300 ... accepted 83. Emin=-9.73856508, Emax=20.57897218
realization 84 / 300 ... accepted 84. Emin=-6.87975139, Emax=20.91737118
realization 85 / 300 ... accepted 85. Emin=-19.14307134, Emax=6.20063337
realization 86 / 300 ... accepted 86. Emin=-9.77467117, Emax=21.99629197
realization 87 / 300 ... accepted 87. Emin=-12.70096389, Emax=21.96997960
realization 88 / 300 ... accepted 88. Emin=-2.36090663, Emax=22.17385821
realization 89 / 300 ... accepted 89. Emin=-15.22854461, Emax=13.38494983
realization 90 / 300 ... accepted 90. Emin=-13.21880445, Emax=16.70148045
realization 91 / 300 ... accepted 91. Emin=-17.22642505, Emax=14.74702794
realization 92 / 300 ... accepted 92. Emin=-3.26667043, Emax=26.27546551
realization 93 / 300 ... accepted 93. Emin=-15.25598869, Emax=15.32446270
realization 94 / 300 ... accepted 94. Emin=-7.10347147, Emax=24.25494370
realization 95 / 300 ... accepted 95. Emin=-5.09838468, Emax=24.18487153
realization 96 / 300 ... accepted 96. Emin=-6.49766478, Emax=20.66952913
realization 97 / 300 ... accepted 97. Emin=0.50431438, Emax=23.37285772
realization 98 / 300 ... accepted 98. Emin=-15.23183314, Emax=15.18391586
realization 99 / 300 ... accepted 99. Emin=-17.66865831, Emax=13.63203642
realization 100 / 300 ... accepted 100. Emin=-11.41176094, Emax=19.29912464
realization 101 / 300 ... accepted 101. Emin=-1.52550026, Emax=24.19436369
realization 102 / 300 ... accepted 102. Emin=-14.48878846, Emax=17.06660253
realization 103 / 300 ... accepted 103. Emin=-4.91025967, Emax=19.06835353
realization 104 / 300 ... accepted 104. Emin=-18.32110692, Emax=10.09382392
realization 105 / 300 ... accepted 105. Emin=-12.92777658, Emax=20.20608449
realization 106 / 300 ... accepted 106. Emin=-8.79696290, Emax=19.17861922
realization 107 / 300 ... accepted 107. Emin=-20.60641381, Emax=8.74451358
realization 108 / 300 ... accepted 108. Emin=-7.10196641, Emax=20.59835927
realization 109 / 300 ... accepted 109. Emin=-10.65891072, Emax=16.13206311
realization 110 / 300 ... accepted 110. Emin=10.45282140, Emax=31.92494061
realization 111 / 300 ... accepted 111. Emin=-8.64977809, Emax=20.63822534
realization 112 / 300 ... accepted 112. Emin=-16.91966933, Emax=11.02938059
realization 113 / 300 ... accepted 113. Emin=-13.51799410, Emax=24.68290866
realization 114 / 300 ... accepted 114. Emin=-7.05755692, Emax=22.00615484
realization 115 / 300 ... accepted 115. Emin=-9.35954631, Emax=21.66073075
realization 116 / 300 ... accepted 116. Emin=-14.71529915, Emax=27.22583496
realization 117 / 300 ... accepted 117. Emin=-4.39921261, Emax=26.60623848
realization 118 / 300 ... accepted 118. Emin=-16.66457004, Emax=12.59653389
realization 119 / 300 ... accepted 119. Emin=-9.69162096, Emax=20.95232509
realization 120 / 300 ... accepted 120. Emin=-12.83422418, Emax=24.94264360
realization 121 / 300 ... accepted 121. Emin=-3.33056180, Emax=23.27191792
realization 122 / 300 ... accepted 122. Emin=-9.96928510, Emax=18.00162950
realization 123 / 300 ... accepted 123. Emin=-13.53617081, Emax=9.35497841
realization 124 / 300 ... accepted 124. Emin=-7.83938772, Emax=18.54654578
realization 125 / 300 ... accepted 125. Emin=1.66874786, Emax=28.48781911
realization 126 / 300 ... accepted 126. Emin=-7.31536963, Emax=17.86290441
realization 127 / 300 ... accepted 127. Emin=-15.29855420, Emax=17.06355425
realization 128 / 300 ... accepted 128. Emin=-8.43292486, Emax=23.74434692
realization 129 / 300 ... accepted 129. Emin=-0.08892781, Emax=28.97358527
realization 130 / 300 ... accepted 130. Emin=-10.74890240, Emax=19.49888557
realization 131 / 300 ... accepted 131. Emin=-15.18962099, Emax=24.90602680
realization 132 / 300 ... accepted 132. Emin=-7.48023907, Emax=24.36068130
realization 133 / 300 ... accepted 133. Emin=-14.79050475, Emax=12.32447272
realization 134 / 300 ... accepted 134. Emin=1.31226114, Emax=29.39855562
realization 135 / 300 ... accepted 135. Emin=-4.83808673, Emax=27.13759522
realization 136 / 300 ... accepted 136. Emin=-12.95168569, Emax=11.55916996
realization 137 / 300 ... accepted 137. Emin=-4.88008930, Emax=26.56069606
realization 138 / 300 ... accepted 138. Emin=-14.31550733, Emax=17.52669577
realization 139 / 300 ... accepted 139. Emin=-10.45728517, Emax=21.67603610
realization 140 / 300 ... accepted 140. Emin=2.22090944, Emax=23.74068493
realization 141 / 300 ... accepted 141. Emin=-18.02477602, Emax=11.69119200
realization 142 / 300 ... accepted 142. Emin=-1.19141366, Emax=23.82355373
realization 143 / 300 ... accepted 143. Emin=-14.06847570, Emax=11.19639033
realization 144 / 300 ... accepted 144. Emin=-6.39705991, Emax=23.74208426
realization 145 / 300 ... accepted 145. Emin=-11.95487686, Emax=14.77939682
realization 146 / 300 ... accepted 146. Emin=-7.97825078, Emax=20.63946829
realization 147 / 300 ... accepted 147. Emin=-5.20703761, Emax=24.42303407
realization 148 / 300 ... accepted 148. Emin=-13.61758768, Emax=18.58692317
realization 149 / 300 ... accepted 149. Emin=-14.33249221, Emax=15.25742211
realization 150 / 300 ... accepted 150. Emin=-18.92685827, Emax=10.16288397
realization 151 / 300 ... accepted 151. Emin=-10.03981683, Emax=27.06841620
realization 152 / 300 ... accepted 152. Emin=-2.87410398, Emax=24.37501028
realization 153 / 300 ... accepted 153. Emin=-3.25453704, Emax=23.85985192
realization 154 / 300 ... accepted 154. Emin=-3.48467521, Emax=18.99235780
realization 155 / 300 ... accepted 155. Emin=-7.93922785, Emax=16.94318792
realization 156 / 300 ... accepted 156. Emin=-18.36159726, Emax=18.74724976
realization 157 / 300 ... accepted 157. Emin=-16.31623050, Emax=19.79315860
realization 158 / 300 ... accepted 158. Emin=-8.13015594, Emax=20.82213151
realization 159 / 300 ... accepted 159. Emin=-4.14007581, Emax=24.61293204
realization 160 / 300 ... accepted 160. Emin=-22.54600479, Emax=8.75397368
realization 161 / 300 ... accepted 161. Emin=-11.19229302, Emax=17.32409579
realization 162 / 300 ... accepted 162. Emin=-10.75307256, Emax=21.19574577
realization 163 / 300 ... accepted 163. Emin=-11.67133428, Emax=21.96459677
realization 164 / 300 ... accepted 164. Emin=-4.05092443, Emax=18.64914558
realization 165 / 300 ... accepted 165. Emin=-16.89652440, Emax=16.69925898
realization 166 / 300 ... accepted 166. Emin=-4.13053067, Emax=20.33718644
realization 167 / 300 ... accepted 167. Emin=1.79580041, Emax=26.27472114
realization 168 / 300 ... accepted 168. Emin=2.96339730, Emax=28.53642394
realization 169 / 300 ... accepted 169. Emin=-14.25200421, Emax=17.28700909
realization 170 / 300 ... accepted 170. Emin=-14.03589069, Emax=18.04382606
realization 171 / 300 ... accepted 171. Emin=-8.01649013, Emax=17.80225863
realization 172 / 300 ... accepted 172. Emin=-2.03456474, Emax=26.69463550
realization 173 / 300 ... accepted 173. Emin=-11.70249601, Emax=16.68104612
realization 174 / 300 ... accepted 174. Emin=-3.30417241, Emax=24.55469889
realization 175 / 300 ... accepted 175. Emin=-15.90944010, Emax=12.20835262
realization 176 / 300 ... accepted 176. Emin=-9.97595570, Emax=12.70115969
realization 177 / 300 ... accepted 177. Emin=-17.57113047, Emax=8.86251216
realization 178 / 300 ... accepted 178. Emin=-6.88815845, Emax=20.87333116
realization 179 / 300 ... accepted 179. Emin=-10.28077081, Emax=19.47116048
realization 180 / 300 ... accepted 180. Emin=-4.38679203, Emax=24.12141633
realization 181 / 300 ... accepted 181. Emin=-16.73678284, Emax=14.15352649
realization 182 / 300 ... accepted 182. Emin=-12.55935060, Emax=27.44412737
realization 183 / 300 ... accepted 183. Emin=-2.11244275, Emax=25.40695404
realization 184 / 300 ... accepted 184. Emin=-8.58843562, Emax=20.66453683
realization 185 / 300 ... accepted 185. Emin=-13.66576575, Emax=15.96442258
realization 186 / 300 ... accepted 186. Emin=-6.37967819, Emax=22.59350269
realization 187 / 300 ... accepted 187. Emin=-15.95037775, Emax=12.93659983
realization 188 / 300 ... accepted 188. Emin=-1.81054683, Emax=26.70861186
realization 189 / 300 ... accepted 189. Emin=-21.64629624, Emax=10.46373310
realization 190 / 300 ... accepted 190. Emin=-15.93312895, Emax=9.69692490
realization 191 / 300 ... accepted 191. Emin=-17.77276117, Emax=14.31650950
realization 192 / 300 ... accepted 192. Emin=-14.31847814, Emax=18.84116470
realization 193 / 300 ... accepted 193. Emin=-21.03695195, Emax=10.85511215
realization 194 / 300 ... accepted 194. Emin=-14.20987732, Emax=16.94157361
realization 195 / 300 ... accepted 195. Emin=-21.12398812, Emax=8.52292170
realization 196 / 300 ... accepted 196. Emin=-0.63651391, Emax=23.16423733
realization 197 / 300 ... accepted 197. Emin=-8.95910678, Emax=19.56541145
realization 198 / 300 ... accepted 198. Emin=-11.84283004, Emax=12.88762429
realization 199 / 300 ... accepted 199. Emin=-10.14218870, Emax=22.37585096
realization 200 / 300 ... accepted 200. Emin=-4.98840332, Emax=22.00882943
realization 201 / 300 ... accepted 201. Emin=-11.44999425, Emax=17.79892978
realization 202 / 300 ... accepted 202. Emin=-8.96831669, Emax=16.02629964
realization 203 / 300 ... accepted 203. Emin=-14.22125236, Emax=15.56581231
realization 204 / 300 ... accepted 204. Emin=-16.20187068, Emax=10.52947198
realization 205 / 300 ... accepted 205. Emin=-12.69417205, Emax=18.67851233
realization 206 / 300 ... accepted 206. Emin=-21.40898625, Emax=11.83650992
realization 207 / 300 ... accepted 207. Emin=-3.75123265, Emax=21.87400843
realization 208 / 300 ... accepted 208. Emin=-10.48537366, Emax=26.80386489
realization 209 / 300 ... accepted 209. Emin=-2.94732859, Emax=25.15068555
realization 210 / 300 ... accepted 210. Emin=-9.54534171, Emax=15.73424634
realization 211 / 300 ... accepted 211. Emin=-11.59727835, Emax=23.07713408
realization 212 / 300 ... accepted 212. Emin=-5.68636185, Emax=19.75116252
realization 213 / 300 ... accepted 213. Emin=-8.98498688, Emax=16.20253893
realization 214 / 300 ... accepted 214. Emin=-8.40145544, Emax=13.83521733
realization 215 / 300 ... accepted 215. Emin=-22.64841268, Emax=3.08791912
realization 216 / 300 ... accepted 216. Emin=-9.64317289, Emax=18.21366712
realization 217 / 300 ... accepted 217. Emin=-13.29667943, Emax=10.73022295
realization 218 / 300 ... accepted 218. Emin=-2.73310895, Emax=23.21280032
realization 219 / 300 ... accepted 219. Emin=-2.52104665, Emax=24.90426013
realization 220 / 300 ... accepted 220. Emin=-7.74196333, Emax=17.05356814
realization 221 / 300 ... accepted 221. Emin=-17.46462333, Emax=19.29264074
realization 222 / 300 ... accepted 222. Emin=-12.54414776, Emax=22.61728425
realization 223 / 300 ... accepted 223. Emin=-10.21816932, Emax=20.87534170
realization 224 / 300 ... accepted 224. Emin=-9.83394873, Emax=17.09078000
realization 225 / 300 ... accepted 225. Emin=-10.89050056, Emax=18.14845542
realization 226 / 300 ... accepted 226. Emin=1.41928314, Emax=29.10202415
realization 227 / 300 ... accepted 227. Emin=-11.25997400, Emax=18.74269024
realization 228 / 300 ... accepted 228. Emin=-14.04969325, Emax=16.16493150
realization 229 / 300 ... accepted 229. Emin=-7.50149663, Emax=24.88264782
realization 230 / 300 ... accepted 230. Emin=0.48650792, Emax=26.36135046
realization 231 / 300 ... accepted 231. Emin=-10.38000984, Emax=17.54612080
realization 232 / 300 ... accepted 232. Emin=-4.43866853, Emax=26.03970009
realization 233 / 300 ... accepted 233. Emin=-15.81267925, Emax=8.85962439
realization 234 / 300 ... accepted 234. Emin=-13.18492007, Emax=16.39675696
realization 235 / 300 ... accepted 235. Emin=-8.07309839, Emax=16.92792676
realization 236 / 300 ... accepted 236. Emin=-17.42951695, Emax=14.31486601
realization 237 / 300 ... accepted 237. Emin=-6.40534760, Emax=21.93627489
realization 238 / 300 ... accepted 238. Emin=-4.90984927, Emax=23.49414284
realization 239 / 300 ... accepted 239. Emin=-13.47572982, Emax=14.01063783
realization 240 / 300 ... accepted 240. Emin=-10.00523067, Emax=23.44370144
realization 241 / 300 ... accepted 241. Emin=-12.59028167, Emax=19.96941149
realization 242 / 300 ... accepted 242. Emin=-6.84262014, Emax=23.31943124
realization 243 / 300 ... accepted 243. Emin=-15.13570286, Emax=19.96435981
realization 244 / 300 ... accepted 244. Emin=-17.16983953, Emax=7.78888535
realization 245 / 300 ... accepted 245. Emin=-8.84827455, Emax=19.47135609
realization 246 / 300 ... accepted 246. Emin=3.37454162, Emax=27.22659070
realization 247 / 300 ... accepted 247. Emin=-6.04896788, Emax=20.67024561
realization 248 / 300 ... accepted 248. Emin=-13.12546249, Emax=12.76308854
realization 249 / 300 ... accepted 249. Emin=-17.52800596, Emax=12.34064743
realization 250 / 300 ... accepted 250. Emin=-12.88694476, Emax=13.33999823
realization 251 / 300 ... accepted 251. Emin=-17.66890224, Emax=8.38881149
realization 252 / 300 ... accepted 252. Emin=-4.97414468, Emax=23.20252058
realization 253 / 300 ... accepted 253. Emin=-9.14089487, Emax=16.79612044
realization 254 / 300 ... accepted 254. Emin=-9.77958998, Emax=20.99544504
realization 255 / 300 ... accepted 255. Emin=-9.95173069, Emax=25.23079918
realization 256 / 300 ... accepted 256. Emin=-13.51668706, Emax=20.78245272
realization 257 / 300 ... accepted 257. Emin=-4.37664144, Emax=18.55519743
realization 258 / 300 ... accepted 258. Emin=-9.63367635, Emax=14.44190036
realization 259 / 300 ... accepted 259. Emin=-2.19967428, Emax=25.31909949
realization 260 / 300 ... accepted 260. Emin=-8.56754282, Emax=17.55899707
realization 261 / 300 ... accepted 261. Emin=1.38782436, Emax=27.83168928
realization 262 / 300 ... accepted 262. Emin=-17.28381120, Emax=9.76920535
realization 263 / 300 ... accepted 263. Emin=-19.53043269, Emax=4.63571160
realization 264 / 300 ... accepted 264. Emin=-7.60190006, Emax=18.70116660
realization 265 / 300 ... accepted 265. Emin=-6.63862871, Emax=20.56930907
realization 266 / 300 ... accepted 266. Emin=-12.44830139, Emax=21.83119582
realization 267 / 300 ... accepted 267. Emin=-9.94273882, Emax=17.65095934
realization 268 / 300 ... accepted 268. Emin=-7.33451389, Emax=25.13952447
realization 269 / 300 ... accepted 269. Emin=0.28546152, Emax=25.03127068
realization 270 / 300 ... accepted 270. Emin=2.46888473, Emax=28.92024747
realization 271 / 300 ... accepted 271. Emin=-6.40948673, Emax=17.90157421
realization 272 / 300 ... accepted 272. Emin=-14.11128077, Emax=12.37776875
realization 273 / 300 ... accepted 273. Emin=-10.36402403, Emax=24.70084020
realization 274 / 300 ... accepted 274. Emin=-14.76580624, Emax=19.80409422
realization 275 / 300 ... accepted 275. Emin=-14.61985119, Emax=17.88220674
realization 276 / 300 ... accepted 276. Emin=-23.18221947, Emax=4.77693036
realization 277 / 300 ... accepted 277. Emin=-11.12012568, Emax=21.87817273
realization 278 / 300 ... accepted 278. Emin=-15.69221836, Emax=10.89125657
realization 279 / 300 ... accepted 279. Emin=-9.82637275, Emax=11.61476293
realization 280 / 300 ... accepted 280. Emin=-9.88426034, Emax=17.32889943
realization 281 / 300 ... accepted 281. Emin=-9.81927138, Emax=12.86212644
realization 282 / 300 ... accepted 282. Emin=-6.66527936, Emax=22.71211745
realization 283 / 300 ... accepted 283. Emin=-23.06173119, Emax=2.04133743
realization 284 / 300 ... accepted 284. Emin=-13.82171807, Emax=18.57354887
realization 285 / 300 ... accepted 285. Emin=-4.04980102, Emax=22.22507998
realization 286 / 300 ... accepted 286. Emin=-5.94705475, Emax=22.88525697
realization 287 / 300 ... accepted 287. Emin=-4.61148049, Emax=19.61365333
realization 288 / 300 ... accepted 288. Emin=-8.13803826, Emax=17.73842655
realization 289 / 300 ... accepted 289. Emin=-13.28208157, Emax=21.49845696
realization 290 / 300 ... accepted 290. Emin=-12.64162338, Emax=16.54765753
realization 291 / 300 ... accepted 291. Emin=-11.91600187, Emax=18.15707194
realization 292 / 300 ... accepted 292. Emin=-14.37320890, Emax=20.90756229
realization 293 / 300 ... accepted 293. Emin=-6.27617278, Emax=22.43703028
realization 294 / 300 ... accepted 294. Emin=-12.27235026, Emax=13.84660300
realization 295 / 300 ... accepted 295. Emin=-16.43216878, Emax=11.40468272
realization 296 / 300 ... accepted 296. Emin=-4.95073284, Emax=23.50898996
realization 297 / 300 ... accepted 297. Emin=-18.65332777, Emax=4.62963341
realization 298 / 300 ... accepted 298. Emin=-9.89232281, Emax=19.22559198
realization 299 / 300 ... accepted 299. Emin=-8.40203143, Emax=19.73981557
realization 300 / 300 ... accepted 300. Emin=-9.14444720, Emax=22.85570965
Saved final energies: /home/2/kj405942/POLFED_bosons/pbs_bose_legacy_nmax2_periodic/data/U_1/W_4/L_6/N_6_nmax_2/boundary_periodic/energies_full_U1_L6_N6_nmax2_W4_boundaryperiodic_nreal300.txt
Accepted realizations: 300 / 300
Skipped realizations: 0
Job finished at Sun May 31 16:58:21 UTC 2026
