Job started on w19 at Sun May 31 17:58:53 UTC 2026
PBS_JOBID=7731303.kruk-host.ift-klaster.lan
PBS_O_WORKDIR=/home/2/kj405942/POLFED_bosons
Bose-Hubbard: L=6, N=6, nmax=2, dim=141
t=1, U=1, W=9, nreal=300, boundary=periodic, mode=full
Writing partial results to /home/2/kj405942/POLFED_bosons/pbs_bose_legacy_nmax2_periodic/data/U_1/W_9/L_6/N_6_nmax_2/boundary_periodic/energies_full_U1_L6_N6_nmax2_W9_boundaryperiodic_nreal300_partial.txt
realization 1 / 300 ... accepted 1. Emin=-18.13764661, Emax=31.85206322
realization 2 / 300 ... accepted 2. Emin=16.85992304, Emax=48.49795699
realization 3 / 300 ... accepted 3. Emin=-11.48008399, Emax=40.75872004
realization 4 / 300 ... accepted 4. Emin=-25.73706994, Emax=12.36810239
realization 5 / 300 ... accepted 5. Emin=-26.70653248, Emax=15.02847996
realization 6 / 300 ... accepted 6. Emin=-33.57310176, Emax=12.73200455
realization 7 / 300 ... accepted 7. Emin=-16.03754394, Emax=38.61166759
realization 8 / 300 ... accepted 8. Emin=-25.88764840, Emax=22.09761098
realization 9 / 300 ... accepted 9. Emin=9.62494739, Emax=38.82343973
realization 10 / 300 ... accepted 10. Emin=-2.11613875, Emax=41.98269105
realization 11 / 300 ... accepted 11. Emin=0.79703304, Emax=48.43119776
realization 12 / 300 ... accepted 12. Emin=-7.28797220, Emax=17.01608722
realization 13 / 300 ... accepted 13. Emin=-35.48141302, Emax=1.78054939
realization 14 / 300 ... accepted 14. Emin=-36.63860437, Emax=1.61621617
realization 15 / 300 ... accepted 15. Emin=-11.18416297, Emax=27.55766080
realization 16 / 300 ... accepted 16. Emin=-31.32569889, Emax=28.83668246
realization 17 / 300 ... accepted 17. Emin=-9.56817802, Emax=42.95157069
realization 18 / 300 ... accepted 18. Emin=-23.84125944, Emax=37.51019517
realization 19 / 300 ... accepted 19. Emin=-27.74591943, Emax=12.54240957
realization 20 / 300 ... accepted 20. Emin=-9.84819682, Emax=46.82516802
realization 21 / 300 ... accepted 21. Emin=-34.35150273, Emax=27.20832878
realization 22 / 300 ... accepted 22. Emin=-23.92157025, Emax=33.75872311
realization 23 / 300 ... accepted 23. Emin=-32.46710298, Emax=27.35655556
realization 24 / 300 ... accepted 24. Emin=-16.67397378, Emax=40.57160343
realization 25 / 300 ... accepted 25. Emin=-25.90450449, Emax=35.65915458
realization 26 / 300 ... accepted 26. Emin=-4.32079216, Emax=54.39945737
realization 27 / 300 ... accepted 27. Emin=-5.49883877, Emax=37.70799188
realization 28 / 300 ... accepted 28. Emin=16.97355429, Emax=53.51412916
realization 29 / 300 ... accepted 29. Emin=-42.79427854, Emax=2.92369253
realization 30 / 300 ... accepted 30. Emin=-29.03693351, Emax=12.27622446
realization 31 / 300 ... accepted 31. Emin=-23.91465738, Emax=33.16116583
realization 32 / 300 ... accepted 32. Emin=-5.56939924, Emax=36.89088394
realization 33 / 300 ... accepted 33. Emin=-37.26898300, Emax=26.87687507
realization 34 / 300 ... accepted 34. Emin=-32.17435268, Emax=14.76572481
realization 35 / 300 ... accepted 35. Emin=-38.94048881, Emax=16.96901538
realization 36 / 300 ... accepted 36. Emin=-3.36159509, Emax=43.82844021
realization 37 / 300 ... accepted 37. Emin=-27.30146995, Emax=39.66014165
realization 38 / 300 ... accepted 38. Emin=-11.71490453, Emax=49.87983930
realization 39 / 300 ... accepted 39. Emin=-25.53646996, Emax=20.69745058
realization 40 / 300 ... accepted 40. Emin=-15.13128449, Emax=37.45737167
realization 41 / 300 ... accepted 41. Emin=-41.97685969, Emax=10.73304170
realization 42 / 300 ... accepted 42. Emin=-19.91218637, Emax=37.69977902
realization 43 / 300 ... accepted 43. Emin=-6.36028593, Emax=42.48216613
realization 44 / 300 ... accepted 44. Emin=-34.40450012, Emax=8.19785733
realization 45 / 300 ... accepted 45. Emin=-22.37686616, Emax=42.71288027
realization 46 / 300 ... accepted 46. Emin=-11.54551408, Emax=40.16878882
realization 47 / 300 ... accepted 47. Emin=-24.55468034, Emax=47.11202509
realization 48 / 300 ... accepted 48. Emin=-25.10347388, Emax=17.23391802
realization 49 / 300 ... accepted 49. Emin=-15.75971486, Emax=28.14072451
realization 50 / 300 ... accepted 50. Emin=-22.51375929, Emax=28.30603465
realization 51 / 300 ... accepted 51. Emin=-30.42528794, Emax=12.69869687
realization 52 / 300 ... accepted 52. Emin=-24.12391997, Emax=35.78962003
realization 53 / 300 ... accepted 53. Emin=-25.16828373, Emax=18.22246540
realization 54 / 300 ... accepted 54. Emin=-25.17961496, Emax=33.20517188
realization 55 / 300 ... accepted 55. Emin=-8.84963801, Emax=33.34753653
realization 56 / 300 ... accepted 56. Emin=-24.82853023, Emax=29.09916984
realization 57 / 300 ... accepted 57. Emin=12.04116648, Emax=46.46773915
realization 58 / 300 ... accepted 58. Emin=-25.96917992, Emax=8.72799360
realization 59 / 300 ... accepted 59. Emin=-26.05466369, Emax=31.88838553
realization 60 / 300 ... accepted 60. Emin=-29.62083451, Emax=20.63493227
realization 61 / 300 ... accepted 61. Emin=-37.19556021, Emax=2.57626488
realization 62 / 300 ... accepted 62. Emin=-19.92886361, Emax=20.28301605
realization 63 / 300 ... accepted 63. Emin=-19.36469907, Emax=35.80925016
realization 64 / 300 ... accepted 64. Emin=-22.00447579, Emax=33.16390870
realization 65 / 300 ... accepted 65. Emin=-44.16008959, Emax=-2.09932285
realization 66 / 300 ... accepted 66. Emin=-29.25269639, Emax=44.61544183
realization 67 / 300 ... accepted 67. Emin=-3.66797198, Emax=43.03277666
realization 68 / 300 ... accepted 68. Emin=-23.03143972, Emax=45.58671477
realization 69 / 300 ... accepted 69. Emin=-17.22259850, Emax=19.07041577
realization 70 / 300 ... accepted 70. Emin=-45.32028546, Emax=10.68531648
realization 71 / 300 ... accepted 71. Emin=-9.01841964, Emax=36.06762822
realization 72 / 300 ... accepted 72. Emin=-15.08021327, Emax=46.27007746
realization 73 / 300 ... accepted 73. Emin=-28.92534742, Emax=24.66896510
realization 74 / 300 ... accepted 74. Emin=-18.80797859, Emax=21.81587454
realization 75 / 300 ... accepted 75. Emin=6.18928468, Emax=51.12135990
realization 76 / 300 ... accepted 76. Emin=-20.11780432, Emax=38.08064429
realization 77 / 300 ... accepted 77. Emin=-33.71858292, Emax=33.68579418
realization 78 / 300 ... accepted 78. Emin=-24.80819064, Emax=56.46647839
realization 79 / 300 ... accepted 79. Emin=-10.29072558, Emax=32.74389446
realization 80 / 300 ... accepted 80. Emin=-20.13402351, Emax=38.81561232
realization 81 / 300 ... accepted 81. Emin=-44.01704098, Emax=18.17206309
realization 82 / 300 ... accepted 82. Emin=-9.30548370, Emax=43.10436693
realization 83 / 300 ... accepted 83. Emin=-7.75648901, Emax=33.87786324
realization 84 / 300 ... accepted 84. Emin=-24.50052393, Emax=7.99932469
realization 85 / 300 ... accepted 85. Emin=-23.10475258, Emax=21.31088686
realization 86 / 300 ... accepted 86. Emin=4.81331717, Emax=42.32217521
realization 87 / 300 ... accepted 87. Emin=-38.08219457, Emax=14.80842931
realization 88 / 300 ... accepted 88. Emin=11.16981452, Emax=44.10668373
realization 89 / 300 ... accepted 89. Emin=-26.37598050, Emax=43.39228206
realization 90 / 300 ... accepted 90. Emin=-7.74209584, Emax=39.64512802
realization 91 / 300 ... accepted 91. Emin=-19.69825385, Emax=22.28045974
realization 92 / 300 ... accepted 92. Emin=0.42350896, Emax=35.14429185
realization 93 / 300 ... accepted 93. Emin=-34.43689890, Emax=12.82790889
realization 94 / 300 ... accepted 94. Emin=-14.53370482, Emax=33.33999756
realization 95 / 300 ... accepted 95. Emin=-13.26327539, Emax=42.08806272
realization 96 / 300 ... accepted 96. Emin=-31.63127105, Emax=2.55576815
realization 97 / 300 ... accepted 97. Emin=-22.36707768, Emax=22.13444728
realization 98 / 300 ... accepted 98. Emin=-31.26913426, Emax=28.69936359
realization 99 / 300 ... accepted 99. Emin=-14.26673381, Emax=56.32876544
realization 100 / 300 ... accepted 100. Emin=-1.78093806, Emax=31.62803896
realization 101 / 300 ... accepted 101. Emin=-37.60974573, Emax=11.89065640
realization 102 / 300 ... accepted 102. Emin=-31.42662899, Emax=28.02398330
realization 103 / 300 ... accepted 103. Emin=-22.55527902, Emax=34.20578338
realization 104 / 300 ... accepted 104. Emin=-21.16492622, Emax=28.90652218
realization 105 / 300 ... accepted 105. Emin=-5.84719894, Emax=50.03772546
realization 106 / 300 ... accepted 106. Emin=-45.41256200, Emax=2.04757880
realization 107 / 300 ... accepted 107. Emin=-23.28409026, Emax=41.69418609
realization 108 / 300 ... accepted 108. Emin=-1.33644889, Emax=48.04289990
realization 109 / 300 ... accepted 109. Emin=-9.43099844, Emax=41.34092611
realization 110 / 300 ... accepted 110. Emin=-28.62817579, Emax=33.70974041
realization 111 / 300 ... accepted 111. Emin=2.07366803, Emax=46.62759892
realization 112 / 300 ... accepted 112. Emin=5.42018922, Emax=55.57056331
realization 113 / 300 ... accepted 113. Emin=1.38880238, Emax=44.74148075
realization 114 / 300 ... accepted 114. Emin=-15.17085718, Emax=31.51406965
realization 115 / 300 ... accepted 115. Emin=-16.59181034, Emax=35.22860014
realization 116 / 300 ... accepted 116. Emin=-37.50731552, Emax=7.98236929
realization 117 / 300 ... accepted 117. Emin=-20.19095881, Emax=34.59175858
realization 118 / 300 ... accepted 118. Emin=-16.84133002, Emax=31.47936023
realization 119 / 300 ... accepted 119. Emin=-4.69030669, Emax=21.85756590
realization 120 / 300 ... accepted 120. Emin=-28.76736172, Emax=21.89256430
realization 121 / 300 ... accepted 121. Emin=-45.17170234, Emax=11.08788045
realization 122 / 300 ... accepted 122. Emin=-0.23794576, Emax=52.27374823
realization 123 / 300 ... accepted 123. Emin=-3.98930362, Emax=31.65430274
realization 124 / 300 ... accepted 124. Emin=-17.11938057, Emax=31.69582773
realization 125 / 300 ... accepted 125. Emin=-30.05503849, Emax=-2.20906863
realization 126 / 300 ... accepted 126. Emin=-36.26909178, Emax=28.63543922
realization 127 / 300 ... accepted 127. Emin=-13.46733430, Emax=36.46533794
realization 128 / 300 ... accepted 128. Emin=-24.22353262, Emax=34.11384079
realization 129 / 300 ... accepted 129. Emin=-25.63597055, Emax=26.58563187
realization 130 / 300 ... accepted 130. Emin=5.71519933, Emax=40.10401680
realization 131 / 300 ... accepted 131. Emin=-22.99160251, Emax=29.17752752
realization 132 / 300 ... accepted 132. Emin=-23.72786375, Emax=24.04098238
realization 133 / 300 ... accepted 133. Emin=-8.04218665, Emax=40.37361133
realization 134 / 300 ... accepted 134. Emin=-31.86589230, Emax=28.19202116
realization 135 / 300 ... accepted 135. Emin=-17.44178158, Emax=45.99013265
realization 136 / 300 ... accepted 136. Emin=-17.03666996, Emax=45.81069441
realization 137 / 300 ... accepted 137. Emin=-9.57511778, Emax=48.18467959
realization 138 / 300 ... accepted 138. Emin=-27.76265508, Emax=22.36444409
realization 139 / 300 ... accepted 139. Emin=-13.22788435, Emax=40.86894137
realization 140 / 300 ... accepted 140. Emin=-18.71129138, Emax=32.49351085
realization 141 / 300 ... accepted 141. Emin=-13.60857642, Emax=37.74662053
realization 142 / 300 ... accepted 142. Emin=-27.30207559, Emax=19.79960109
realization 143 / 300 ... accepted 143. Emin=-27.52626123, Emax=37.96603035
realization 144 / 300 ... accepted 144. Emin=-15.56687834, Emax=39.37233120
realization 145 / 300 ... accepted 145. Emin=-40.51216976, Emax=20.05686718
realization 146 / 300 ... accepted 146. Emin=-37.74365326, Emax=-6.57762836
realization 147 / 300 ... accepted 147. Emin=-4.95816539, Emax=33.98373923
realization 148 / 300 ... accepted 148. Emin=1.44681479, Emax=47.17749767
realization 149 / 300 ... accepted 149. Emin=-14.38616746, Emax=23.41086703
realization 150 / 300 ... accepted 150. Emin=-22.15233609, Emax=43.57159525
realization 151 / 300 ... accepted 151. Emin=-24.37775860, Emax=33.14905396
realization 152 / 300 ... accepted 152. Emin=-20.13974810, Emax=26.00028670
realization 153 / 300 ... accepted 153. Emin=-38.29030470, Emax=16.26972287
realization 154 / 300 ... accepted 154. Emin=-5.37769257, Emax=17.02395320
realization 155 / 300 ... accepted 155. Emin=17.28570837, Emax=50.69281171
realization 156 / 300 ... accepted 156. Emin=-12.18823452, Emax=46.41284271
realization 157 / 300 ... accepted 157. Emin=-39.96969370, Emax=1.50527585
realization 158 / 300 ... accepted 158. Emin=-19.92736971, Emax=26.39038080
realization 159 / 300 ... accepted 159. Emin=-15.11091849, Emax=37.48586490
realization 160 / 300 ... accepted 160. Emin=-36.28421178, Emax=16.53541567
realization 161 / 300 ... accepted 161. Emin=14.61014264, Emax=58.37041933
realization 162 / 300 ... accepted 162. Emin=-19.02338786, Emax=24.43575609
realization 163 / 300 ... accepted 163. Emin=-31.50599311, Emax=30.40860675
realization 164 / 300 ... accepted 164. Emin=-12.83670526, Emax=30.65654846
realization 165 / 300 ... accepted 165. Emin=-32.28737255, Emax=35.38411075
realization 166 / 300 ... accepted 166. Emin=-12.10173546, Emax=32.46343717
realization 167 / 300 ... accepted 167. Emin=-31.52579468, Emax=38.71920629
realization 168 / 300 ... accepted 168. Emin=-8.31144679, Emax=32.74306377
realization 169 / 300 ... accepted 169. Emin=-31.25814981, Emax=17.75008271
realization 170 / 300 ... accepted 170. Emin=-28.94197988, Emax=38.63605140
realization 171 / 300 ... accepted 171. Emin=-22.80615195, Emax=34.26389169
realization 172 / 300 ... accepted 172. Emin=-33.84963606, Emax=34.02989289
realization 173 / 300 ... accepted 173. Emin=-26.02378052, Emax=18.76669598
realization 174 / 300 ... accepted 174. Emin=-22.98563997, Emax=30.86900620
realization 175 / 300 ... accepted 175. Emin=-33.75451069, Emax=21.07872444
realization 176 / 300 ... accepted 176. Emin=-28.13799863, Emax=19.16425558
realization 177 / 300 ... accepted 177. Emin=-42.54592398, Emax=16.86619944
realization 178 / 300 ... accepted 178. Emin=1.83837457, Emax=43.53882485
realization 179 / 300 ... accepted 179. Emin=-42.25346537, Emax=6.80133204
realization 180 / 300 ... accepted 180. Emin=-5.18506769, Emax=42.68362225
realization 181 / 300 ... accepted 181. Emin=-39.81984823, Emax=17.42543722
realization 182 / 300 ... accepted 182. Emin=-24.87505559, Emax=50.76638680
realization 183 / 300 ... accepted 183. Emin=-37.86691434, Emax=13.03708725
realization 184 / 300 ... accepted 184. Emin=-22.06529992, Emax=22.60814663
realization 185 / 300 ... accepted 185. Emin=-30.63768058, Emax=9.17707221
realization 186 / 300 ... accepted 186. Emin=-29.79018446, Emax=24.49062468
realization 187 / 300 ... accepted 187. Emin=-33.32560335, Emax=14.45762135
realization 188 / 300 ... accepted 188. Emin=-21.44355816, Emax=19.89927087
realization 189 / 300 ... accepted 189. Emin=-17.76053369, Emax=35.91584107
realization 190 / 300 ... accepted 190. Emin=-27.09123841, Emax=15.17063557
realization 191 / 300 ... accepted 191. Emin=-35.80938716, Emax=5.35412337
realization 192 / 300 ... accepted 192. Emin=-16.36019344, Emax=20.31047748
realization 193 / 300 ... accepted 193. Emin=-18.89612858, Emax=8.37308442
realization 194 / 300 ... accepted 194. Emin=-14.32524713, Emax=24.12122469
realization 195 / 300 ... accepted 195. Emin=-9.32061794, Emax=33.73091606
realization 196 / 300 ... accepted 196. Emin=-7.92407970, Emax=34.66306282
realization 197 / 300 ... accepted 197. Emin=12.71695930, Emax=45.97919411
realization 198 / 300 ... accepted 198. Emin=-26.29988091, Emax=7.39546003
realization 199 / 300 ... accepted 199. Emin=-32.11050517, Emax=16.44722034
realization 200 / 300 ... accepted 200. Emin=-18.08128800, Emax=25.21277556
realization 201 / 300 ... accepted 201. Emin=-33.70335809, Emax=38.92253544
realization 202 / 300 ... accepted 202. Emin=-33.67460961, Emax=30.83128941
realization 203 / 300 ... accepted 203. Emin=-31.94981359, Emax=23.73802347
realization 204 / 300 ... accepted 204. Emin=-22.24480587, Emax=31.10563559
realization 205 / 300 ... accepted 205. Emin=-10.79818381, Emax=40.94139194
realization 206 / 300 ... accepted 206. Emin=-3.65668131, Emax=35.40377960
realization 207 / 300 ... accepted 207. Emin=-31.30949511, Emax=5.20289746
realization 208 / 300 ... accepted 208. Emin=-1.65399643, Emax=35.70732507
realization 209 / 300 ... accepted 209. Emin=-1.17220992, Emax=37.66886635
realization 210 / 300 ... accepted 210. Emin=-38.76426228, Emax=25.10777263
realization 211 / 300 ... accepted 211. Emin=-30.57715472, Emax=2.25399236
realization 212 / 300 ... accepted 212. Emin=-32.99416212, Emax=37.60326023
realization 213 / 300 ... accepted 213. Emin=-4.37004084, Emax=41.45837169
realization 214 / 300 ... accepted 214. Emin=-27.79009521, Emax=21.74575583
realization 215 / 300 ... accepted 215. Emin=-7.14932368, Emax=48.97489789
realization 216 / 300 ... accepted 216. Emin=-14.15445936, Emax=27.07284121
realization 217 / 300 ... accepted 217. Emin=-26.74601637, Emax=21.77281510
realization 218 / 300 ... accepted 218. Emin=-27.22747359, Emax=36.67827538
realization 219 / 300 ... accepted 219. Emin=-35.72463941, Emax=22.70816124
realization 220 / 300 ... accepted 220. Emin=-26.68395482, Emax=35.98485579
realization 221 / 300 ... accepted 221. Emin=-28.81183488, Emax=17.70562592
realization 222 / 300 ... accepted 222. Emin=-18.40838527, Emax=23.79483316
realization 223 / 300 ... accepted 223. Emin=-40.28650328, Emax=10.66069049
realization 224 / 300 ... accepted 224. Emin=-34.54383133, Emax=14.10160574
realization 225 / 300 ... accepted 225. Emin=-38.31674911, Emax=30.99845669
realization 226 / 300 ... accepted 226. Emin=-15.78832884, Emax=36.32799722
realization 227 / 300 ... accepted 227. Emin=-40.59691105, Emax=23.36129910
realization 228 / 300 ... accepted 228. Emin=-43.47522876, Emax=11.20501914
realization 229 / 300 ... accepted 229. Emin=-28.92888289, Emax=-6.99638342
realization 230 / 300 ... accepted 230. Emin=-22.69472236, Emax=27.29344307
realization 231 / 300 ... accepted 231. Emin=-4.55976382, Emax=31.62113346
realization 232 / 300 ... accepted 232. Emin=-19.47670206, Emax=46.06991022
realization 233 / 300 ... accepted 233. Emin=-35.94113227, Emax=14.72031473
realization 234 / 300 ... accepted 234. Emin=-5.73362581, Emax=25.63242290
realization 235 / 300 ... accepted 235. Emin=-29.19502156, Emax=9.43663087
realization 236 / 300 ... accepted 236. Emin=-25.19484627, Emax=20.11279323
realization 237 / 300 ... accepted 237. Emin=-19.80821634, Emax=36.58530105
realization 238 / 300 ... accepted 238. Emin=-46.62848680, Emax=19.02656588
realization 239 / 300 ... accepted 239. Emin=-26.03438751, Emax=42.63988613
realization 240 / 300 ... accepted 240. Emin=-23.03716944, Emax=38.64677791
realization 241 / 300 ... accepted 241. Emin=-37.84938666, Emax=-8.91552751
realization 242 / 300 ... accepted 242. Emin=-34.84301243, Emax=40.11357729
realization 243 / 300 ... accepted 243. Emin=-10.35453962, Emax=40.56838653
realization 244 / 300 ... accepted 244. Emin=-37.82910248, Emax=35.28345585
realization 245 / 300 ... accepted 245. Emin=-8.47473772, Emax=30.99581182
realization 246 / 300 ... accepted 246. Emin=-28.63477594, Emax=31.65513326
realization 247 / 300 ... accepted 247. Emin=-22.95999046, Emax=25.18043286
realization 248 / 300 ... accepted 248. Emin=-24.03230674, Emax=38.07406139
realization 249 / 300 ... accepted 249. Emin=-27.38972330, Emax=33.74277849
realization 250 / 300 ... accepted 250. Emin=-21.43770412, Emax=30.02620829
realization 251 / 300 ... accepted 251. Emin=9.51833266, Emax=44.21353129
realization 252 / 300 ... accepted 252. Emin=-8.72319841, Emax=48.05113131
realization 253 / 300 ... accepted 253. Emin=-14.29242958, Emax=39.00538413
realization 254 / 300 ... accepted 254. Emin=-32.91596477, Emax=25.02034591
realization 255 / 300 ... accepted 255. Emin=-0.52429735, Emax=44.43711654
realization 256 / 300 ... accepted 256. Emin=-19.61120514, Emax=10.71759333
realization 257 / 300 ... accepted 257. Emin=-29.41613321, Emax=20.34013083
realization 258 / 300 ... accepted 258. Emin=-39.62409166, Emax=14.86042879
realization 259 / 300 ... accepted 259. Emin=-35.55484272, Emax=31.84314123
realization 260 / 300 ... accepted 260. Emin=0.14329549, Emax=53.25336748
realization 261 / 300 ... accepted 261. Emin=-16.96678990, Emax=37.19990446
realization 262 / 300 ... accepted 262. Emin=-14.10689935, Emax=43.31425495
realization 263 / 300 ... accepted 263. Emin=-18.58080880, Emax=46.84183377
realization 264 / 300 ... accepted 264. Emin=-31.51343383, Emax=27.20752385
realization 265 / 300 ... accepted 265. Emin=-0.07419527, Emax=55.65035638
realization 266 / 300 ... accepted 266. Emin=-21.35934889, Emax=32.43620813
realization 267 / 300 ... accepted 267. Emin=24.94312424, Emax=55.39892643
realization 268 / 300 ... accepted 268. Emin=-22.48546829, Emax=34.70208366
realization 269 / 300 ... accepted 269. Emin=17.95361782, Emax=42.52008952
realization 270 / 300 ... accepted 270. Emin=-36.31341298, Emax=28.60594366
realization 271 / 300 ... accepted 271. Emin=-21.59259679, Emax=49.20307249
realization 272 / 300 ... accepted 272. Emin=-20.66297060, Emax=15.70092369
realization 273 / 300 ... accepted 273. Emin=-36.38658175, Emax=20.74454871
realization 274 / 300 ... accepted 274. Emin=-14.08130522, Emax=50.27106104
realization 275 / 300 ... accepted 275. Emin=-3.23325572, Emax=46.41545642
realization 276 / 300 ... accepted 276. Emin=-19.57803221, Emax=31.26360733
realization 277 / 300 ... accepted 277. Emin=-30.54134052, Emax=36.75555677
realization 278 / 300 ... accepted 278. Emin=-19.83981553, Emax=9.19767818
realization 279 / 300 ... accepted 279. Emin=-17.18426524, Emax=35.85861171
realization 280 / 300 ... accepted 280. Emin=-29.11769230, Emax=18.83680637
realization 281 / 300 ... accepted 281. Emin=-17.02843503, Emax=29.01612987
realization 282 / 300 ... accepted 282. Emin=-29.92510636, Emax=10.23968009
realization 283 / 300 ... accepted 283. Emin=-5.37553534, Emax=30.19275410
realization 284 / 300 ... accepted 284. Emin=-13.57296881, Emax=24.47954211
realization 285 / 300 ... accepted 285. Emin=-42.98352379, Emax=16.25913524
realization 286 / 300 ... accepted 286. Emin=-40.13993218, Emax=0.35360084
realization 287 / 300 ... accepted 287. Emin=-32.43757904, Emax=26.64966260
realization 288 / 300 ... accepted 288. Emin=-30.45861513, Emax=50.78449205
realization 289 / 300 ... accepted 289. Emin=1.68764513, Emax=47.90929515
realization 290 / 300 ... accepted 290. Emin=-25.40571076, Emax=14.13539059
realization 291 / 300 ... accepted 291. Emin=-13.47338794, Emax=27.00826142
realization 292 / 300 ... accepted 292. Emin=-3.98010581, Emax=35.78768492
realization 293 / 300 ... accepted 293. Emin=-11.88199071, Emax=43.81053821
realization 294 / 300 ... accepted 294. Emin=-22.17951742, Emax=32.35070148
realization 295 / 300 ... accepted 295. Emin=-32.28076084, Emax=30.19496527
realization 296 / 300 ... accepted 296. Emin=-15.00080765, Emax=39.00161167
realization 297 / 300 ... accepted 297. Emin=-33.41799828, Emax=5.74222251
realization 298 / 300 ... accepted 298. Emin=-22.20813392, Emax=28.28895111
realization 299 / 300 ... accepted 299. Emin=-33.70275367, Emax=23.52580915
realization 300 / 300 ... accepted 300. Emin=-26.01578842, Emax=26.91294011
Saved final energies: /home/2/kj405942/POLFED_bosons/pbs_bose_legacy_nmax2_periodic/data/U_1/W_9/L_6/N_6_nmax_2/boundary_periodic/energies_full_U1_L6_N6_nmax2_W9_boundaryperiodic_nreal300.txt
Accepted realizations: 300 / 300
Skipped realizations: 0
Job finished at Sun May 31 18:00:32 UTC 2026
