Job started on w19 at Sun May 31 17:58:54 UTC 2026
PBS_JOBID=7731309.kruk-host.ift-klaster.lan
PBS_O_WORKDIR=/home/2/kj405942/POLFED_bosons
Bose-Hubbard: L=6, N=6, nmax=2, dim=141
t=1, U=1, W=15, nreal=300, boundary=periodic, mode=full
Writing partial results to /home/2/kj405942/POLFED_bosons/pbs_bose_legacy_nmax2_periodic/data/U_1/W_15/L_6/N_6_nmax_2/boundary_periodic/energies_full_U1_L6_N6_nmax2_W15_boundaryperiodic_nreal300_partial.txt
realization 1 / 300 ... accepted 1. Emin=-49.25871958, Emax=16.35572727
realization 2 / 300 ... accepted 2. Emin=-24.19569377, Emax=61.70395940
realization 3 / 300 ... accepted 3. Emin=-53.23915505, Emax=-2.68675561
realization 4 / 300 ... accepted 4. Emin=-22.56608187, Emax=47.74003522
realization 5 / 300 ... accepted 5. Emin=-18.40135175, Emax=79.54053124
realization 6 / 300 ... accepted 6. Emin=-52.37330981, Emax=54.58935861
realization 7 / 300 ... accepted 7. Emin=-13.76241485, Emax=56.35414790
realization 8 / 300 ... accepted 8. Emin=-52.93622036, Emax=46.85725044
realization 9 / 300 ... accepted 9. Emin=-9.07610613, Emax=89.19572412
realization 10 / 300 ... accepted 10. Emin=-40.79798169, Emax=37.51429020
realization 11 / 300 ... accepted 11. Emin=-38.16615239, Emax=37.68092082
realization 12 / 300 ... accepted 12. Emin=-46.33131671, Emax=8.52814776
realization 13 / 300 ... accepted 13. Emin=-53.81835385, Emax=43.16227826
realization 14 / 300 ... accepted 14. Emin=-47.59431012, Emax=23.30878088
realization 15 / 300 ... accepted 15. Emin=-23.16411970, Emax=41.65214144
realization 16 / 300 ... accepted 16. Emin=-47.75165854, Emax=21.65840865
realization 17 / 300 ... accepted 17. Emin=-6.87124653, Emax=28.27306884
realization 18 / 300 ... accepted 18. Emin=-8.81104105, Emax=57.94580618
realization 19 / 300 ... accepted 19. Emin=-35.45445367, Emax=53.37733590
realization 20 / 300 ... accepted 20. Emin=-31.43026554, Emax=44.87157174
realization 21 / 300 ... accepted 21. Emin=-30.16982546, Emax=32.27608224
realization 22 / 300 ... accepted 22. Emin=-64.28517317, Emax=11.47211115
realization 23 / 300 ... accepted 23. Emin=-46.48048805, Emax=7.08321654
realization 24 / 300 ... accepted 24. Emin=-63.79578576, Emax=35.66480368
realization 25 / 300 ... accepted 25. Emin=-21.54828271, Emax=48.71297102
realization 26 / 300 ... accepted 26. Emin=-51.41288671, Emax=35.42883240
realization 27 / 300 ... accepted 27. Emin=-50.69372863, Emax=25.16624752
realization 28 / 300 ... accepted 28. Emin=-38.39705422, Emax=42.65222189
realization 29 / 300 ... accepted 29. Emin=-49.90558146, Emax=6.17378370
realization 30 / 300 ... accepted 30. Emin=-15.02005442, Emax=74.43379140
realization 31 / 300 ... accepted 31. Emin=-26.37135591, Emax=37.11812255
realization 32 / 300 ... accepted 32. Emin=-12.56166050, Emax=69.71071113
realization 33 / 300 ... accepted 33. Emin=-55.86746033, Emax=21.32287620
realization 34 / 300 ... accepted 34. Emin=-65.32892123, Emax=11.92699428
realization 35 / 300 ... accepted 35. Emin=-68.13616596, Emax=-23.17057515
realization 36 / 300 ... accepted 36. Emin=-49.37850436, Emax=26.58127058
realization 37 / 300 ... accepted 37. Emin=-38.77709088, Emax=30.38676840
realization 38 / 300 ... accepted 38. Emin=-4.82245108, Emax=60.43847603
realization 39 / 300 ... accepted 39. Emin=-15.07073614, Emax=47.22052045
realization 40 / 300 ... accepted 40. Emin=-32.65895708, Emax=18.63219648
realization 41 / 300 ... accepted 41. Emin=-56.26207860, Emax=2.18664707
realization 42 / 300 ... accepted 42. Emin=-14.02561840, Emax=57.52517753
realization 43 / 300 ... accepted 43. Emin=-15.42028773, Emax=40.49119558
realization 44 / 300 ... accepted 44. Emin=-67.75341369, Emax=1.67490435
realization 45 / 300 ... accepted 45. Emin=-12.84473607, Emax=69.21007323
realization 46 / 300 ... accepted 46. Emin=-32.74718158, Emax=52.86623146
realization 47 / 300 ... accepted 47. Emin=-20.48386971, Emax=30.81889500
realization 48 / 300 ... accepted 48. Emin=-48.90254863, Emax=32.62480223
realization 49 / 300 ... accepted 49. Emin=-9.65953591, Emax=72.43336001
realization 50 / 300 ... accepted 50. Emin=4.59785794, Emax=84.51015261
realization 51 / 300 ... accepted 51. Emin=17.17193850, Emax=71.01357150
realization 52 / 300 ... accepted 52. Emin=-58.32793175, Emax=61.89593360
realization 53 / 300 ... accepted 53. Emin=-61.29250643, Emax=11.76985767
realization 54 / 300 ... accepted 54. Emin=-42.29261909, Emax=33.00991500
realization 55 / 300 ... accepted 55. Emin=-66.81693537, Emax=20.77487350
realization 56 / 300 ... accepted 56. Emin=0.47102239, Emax=69.66960655
realization 57 / 300 ... accepted 57. Emin=-12.56022779, Emax=79.38605770
realization 58 / 300 ... accepted 58. Emin=-23.53482634, Emax=42.54000165
realization 59 / 300 ... accepted 59. Emin=-33.28735868, Emax=54.80537008
realization 60 / 300 ... accepted 60. Emin=-65.06908896, Emax=14.84802483
realization 61 / 300 ... accepted 61. Emin=-74.19203404, Emax=17.41839670
realization 62 / 300 ... accepted 62. Emin=-49.19156248, Emax=61.99730184
realization 63 / 300 ... accepted 63. Emin=-60.70745181, Emax=50.60933434
realization 64 / 300 ... accepted 64. Emin=2.78465825, Emax=77.30158952
realization 65 / 300 ... accepted 65. Emin=-46.10267086, Emax=32.76267605
realization 66 / 300 ... accepted 66. Emin=-43.50595396, Emax=62.06726691
realization 67 / 300 ... accepted 67. Emin=-35.84886124, Emax=68.73945171
realization 68 / 300 ... accepted 68. Emin=12.59499995, Emax=71.68280141
realization 69 / 300 ... accepted 69. Emin=-59.46601743, Emax=27.11258314
realization 70 / 300 ... accepted 70. Emin=-37.77686717, Emax=38.96458822
realization 71 / 300 ... accepted 71. Emin=-54.54770507, Emax=67.91395695
realization 72 / 300 ... accepted 72. Emin=-28.06486629, Emax=59.08945464
realization 73 / 300 ... accepted 73. Emin=-32.27982179, Emax=43.58686058
realization 74 / 300 ... accepted 74. Emin=-25.47666283, Emax=62.34996134
realization 75 / 300 ... accepted 75. Emin=-70.73574184, Emax=32.13174053
realization 76 / 300 ... accepted 76. Emin=-9.67300920, Emax=21.27018475
realization 77 / 300 ... accepted 77. Emin=-41.96709779, Emax=19.35809290
realization 78 / 300 ... accepted 78. Emin=-32.90293819, Emax=49.27570278
realization 79 / 300 ... accepted 79. Emin=-24.31557650, Emax=53.72738907
realization 80 / 300 ... accepted 80. Emin=-13.41089870, Emax=60.50362041
realization 81 / 300 ... accepted 81. Emin=-35.79514655, Emax=57.09838025
realization 82 / 300 ... accepted 82. Emin=-21.23903415, Emax=66.97149586
realization 83 / 300 ... accepted 83. Emin=-74.40177145, Emax=11.86393356
realization 84 / 300 ... accepted 84. Emin=-5.85499100, Emax=77.71795653
realization 85 / 300 ... accepted 85. Emin=-58.11173575, Emax=24.86667283
realization 86 / 300 ... accepted 86. Emin=-54.69331304, Emax=21.32377571
realization 87 / 300 ... accepted 87. Emin=-67.12706723, Emax=23.54954251
realization 88 / 300 ... accepted 88. Emin=-63.66154771, Emax=40.00492997
realization 89 / 300 ... accepted 89. Emin=-78.01180490, Emax=6.94503465
realization 90 / 300 ... accepted 90. Emin=-49.96646217, Emax=56.09878168
realization 91 / 300 ... accepted 91. Emin=-68.29764257, Emax=9.00244892
realization 92 / 300 ... accepted 92. Emin=-73.04352642, Emax=43.46701712
realization 93 / 300 ... accepted 93. Emin=11.55807885, Emax=73.52296305
realization 94 / 300 ... accepted 94. Emin=-19.98352707, Emax=55.55556192
realization 95 / 300 ... accepted 95. Emin=-35.29703757, Emax=43.77208978
realization 96 / 300 ... accepted 96. Emin=-19.03195574, Emax=29.78280961
realization 97 / 300 ... accepted 97. Emin=-37.78426393, Emax=34.62188255
realization 98 / 300 ... accepted 98. Emin=-32.60286271, Emax=84.74641698
realization 99 / 300 ... accepted 99. Emin=-78.07727882, Emax=64.83223919
realization 100 / 300 ... accepted 100. Emin=-38.77804987, Emax=29.24260208
realization 101 / 300 ... accepted 101. Emin=-24.67112456, Emax=66.69674963
realization 102 / 300 ... accepted 102. Emin=-56.58474464, Emax=14.08676057
realization 103 / 300 ... accepted 103. Emin=-30.22320688, Emax=31.74137868
realization 104 / 300 ... accepted 104. Emin=-30.56698941, Emax=39.22025658
realization 105 / 300 ... accepted 105. Emin=-16.12865862, Emax=40.92718981
realization 106 / 300 ... accepted 106. Emin=-53.94034015, Emax=-3.45548881
realization 107 / 300 ... accepted 107. Emin=1.69762503, Emax=55.11775031
realization 108 / 300 ... accepted 108. Emin=-66.45054244, Emax=-0.87428630
realization 109 / 300 ... accepted 109. Emin=-21.43094897, Emax=76.69040821
realization 110 / 300 ... accepted 110. Emin=-13.34193177, Emax=57.55677453
realization 111 / 300 ... accepted 111. Emin=-53.48331177, Emax=34.63800526
realization 112 / 300 ... accepted 112. Emin=-20.05348783, Emax=66.35768661
realization 113 / 300 ... accepted 113. Emin=-29.37992171, Emax=21.25223107
realization 114 / 300 ... accepted 114. Emin=-6.46002629, Emax=57.72048529
realization 115 / 300 ... accepted 115. Emin=-12.10704768, Emax=52.70858683
realization 116 / 300 ... accepted 116. Emin=50.22910401, Emax=92.78121613
realization 117 / 300 ... accepted 117. Emin=-53.03728432, Emax=35.42941151
realization 118 / 300 ... accepted 118. Emin=-38.55775429, Emax=54.26478235
realization 119 / 300 ... accepted 119. Emin=-48.50345588, Emax=52.25053490
realization 120 / 300 ... accepted 120. Emin=-57.13869928, Emax=29.31215206
realization 121 / 300 ... accepted 121. Emin=-27.35966021, Emax=57.38871104
realization 122 / 300 ... accepted 122. Emin=-5.22908435, Emax=48.53338045
realization 123 / 300 ... accepted 123. Emin=-5.86814672, Emax=77.21763179
realization 124 / 300 ... accepted 124. Emin=16.67338651, Emax=62.14493480
realization 125 / 300 ... accepted 125. Emin=-42.85827158, Emax=27.88306321
realization 126 / 300 ... accepted 126. Emin=-42.56619619, Emax=26.42754073
realization 127 / 300 ... accepted 127. Emin=-55.22210719, Emax=27.05700955
realization 128 / 300 ... accepted 128. Emin=-67.06191500, Emax=16.60117038
realization 129 / 300 ... accepted 129. Emin=-52.94787866, Emax=17.63761786
realization 130 / 300 ... accepted 130. Emin=-20.92061238, Emax=68.75038267
realization 131 / 300 ... accepted 131. Emin=-3.79907034, Emax=49.18018091
realization 132 / 300 ... accepted 132. Emin=-33.27697242, Emax=59.53092518
realization 133 / 300 ... accepted 133. Emin=-58.04449822, Emax=54.18613388
realization 134 / 300 ... accepted 134. Emin=-56.52031054, Emax=29.44286893
realization 135 / 300 ... accepted 135. Emin=-35.23114588, Emax=64.23746245
realization 136 / 300 ... accepted 136. Emin=-3.40135201, Emax=69.77476755
realization 137 / 300 ... accepted 137. Emin=-71.37627796, Emax=11.89859722
realization 138 / 300 ... accepted 138. Emin=-39.86324771, Emax=47.50516150
realization 139 / 300 ... accepted 139. Emin=13.08324642, Emax=56.36792816
realization 140 / 300 ... accepted 140. Emin=-39.27062966, Emax=71.39975490
realization 141 / 300 ... accepted 141. Emin=-77.48395938, Emax=-2.24296415
realization 142 / 300 ... accepted 142. Emin=-49.63532012, Emax=60.56470956
realization 143 / 300 ... accepted 143. Emin=-20.70736066, Emax=54.21236398
realization 144 / 300 ... accepted 144. Emin=-56.25045940, Emax=10.19847902
realization 145 / 300 ... accepted 145. Emin=-77.88351119, Emax=21.12023810
realization 146 / 300 ... accepted 146. Emin=-67.86452153, Emax=13.19132323
realization 147 / 300 ... accepted 147. Emin=-11.58540626, Emax=61.13734592
realization 148 / 300 ... accepted 148. Emin=-41.12138332, Emax=55.96653477
realization 149 / 300 ... accepted 149. Emin=-52.56594908, Emax=77.89633606
realization 150 / 300 ... accepted 150. Emin=-44.07666212, Emax=34.05136756
realization 151 / 300 ... accepted 151. Emin=-23.50649927, Emax=62.50569771
realization 152 / 300 ... accepted 152. Emin=-21.98811429, Emax=50.91710233
realization 153 / 300 ... accepted 153. Emin=-53.92405795, Emax=-15.04238109
realization 154 / 300 ... accepted 154. Emin=-37.92163780, Emax=70.58962218
realization 155 / 300 ... accepted 155. Emin=-29.68246809, Emax=64.94072251
realization 156 / 300 ... accepted 156. Emin=-61.85069751, Emax=55.84386201
realization 157 / 300 ... accepted 157. Emin=-34.86840242, Emax=47.36961358
realization 158 / 300 ... accepted 158. Emin=-69.88506493, Emax=31.11024396
realization 159 / 300 ... accepted 159. Emin=-14.54557970, Emax=76.06619844
realization 160 / 300 ... accepted 160. Emin=-31.41936279, Emax=23.80942620
realization 161 / 300 ... accepted 161. Emin=-26.83552099, Emax=9.28305653
realization 162 / 300 ... accepted 162. Emin=9.06794129, Emax=72.78610272
realization 163 / 300 ... accepted 163. Emin=-5.21861066, Emax=94.42484248
realization 164 / 300 ... accepted 164. Emin=-77.12773646, Emax=25.87832382
realization 165 / 300 ... accepted 165. Emin=-56.35879521, Emax=51.41973154
realization 166 / 300 ... accepted 166. Emin=-25.96298372, Emax=44.19901884
realization 167 / 300 ... accepted 167. Emin=-53.49465768, Emax=-4.50982415
realization 168 / 300 ... accepted 168. Emin=-55.13611510, Emax=57.25567975
realization 169 / 300 ... accepted 169. Emin=0.15297935, Emax=90.91981992
realization 170 / 300 ... accepted 170. Emin=-34.62111126, Emax=61.11773558
realization 171 / 300 ... accepted 171. Emin=-54.19059628, Emax=35.87398614
realization 172 / 300 ... accepted 172. Emin=-46.66111436, Emax=3.23199595
realization 173 / 300 ... accepted 173. Emin=-20.42146947, Emax=56.06131893
realization 174 / 300 ... accepted 174. Emin=-40.46928325, Emax=57.81286919
realization 175 / 300 ... accepted 175. Emin=-11.14651816, Emax=62.23376620
realization 176 / 300 ... accepted 176. Emin=-37.30579150, Emax=47.59084736
realization 177 / 300 ... accepted 177. Emin=-17.37332409, Emax=38.13556235
realization 178 / 300 ... accepted 178. Emin=-39.10340895, Emax=19.75659502
realization 179 / 300 ... accepted 179. Emin=-38.93385554, Emax=40.62624095
realization 180 / 300 ... accepted 180. Emin=-7.96161227, Emax=63.30428777
realization 181 / 300 ... accepted 181. Emin=30.61287818, Emax=77.15394836
realization 182 / 300 ... accepted 182. Emin=-20.07472776, Emax=60.11301559
realization 183 / 300 ... accepted 183. Emin=-31.84028120, Emax=59.91608035
realization 184 / 300 ... accepted 184. Emin=-42.33706553, Emax=63.16024107
realization 185 / 300 ... accepted 185. Emin=-69.47114970, Emax=26.63514080
realization 186 / 300 ... accepted 186. Emin=-32.08285889, Emax=53.96938438
realization 187 / 300 ... accepted 187. Emin=-38.74109712, Emax=68.36506122
realization 188 / 300 ... accepted 188. Emin=-55.58006050, Emax=48.58526756
realization 189 / 300 ... accepted 189. Emin=-15.92069768, Emax=70.95028129
realization 190 / 300 ... accepted 190. Emin=-13.47412799, Emax=34.68572742
realization 191 / 300 ... accepted 191. Emin=-30.62250898, Emax=34.18788506
realization 192 / 300 ... accepted 192. Emin=-53.70897308, Emax=49.76110154
realization 193 / 300 ... accepted 193. Emin=-32.92323959, Emax=20.78884441
realization 194 / 300 ... accepted 194. Emin=-66.61071636, Emax=-14.95053282
realization 195 / 300 ... accepted 195. Emin=-13.05932694, Emax=64.53894057
realization 196 / 300 ... accepted 196. Emin=-55.43105798, Emax=20.52975895
realization 197 / 300 ... accepted 197. Emin=6.64334324, Emax=88.00218836
realization 198 / 300 ... accepted 198. Emin=-39.45071727, Emax=30.99279885
realization 199 / 300 ... accepted 199. Emin=-3.18779181, Emax=61.73319052
realization 200 / 300 ... accepted 200. Emin=-29.85048503, Emax=49.65019450
realization 201 / 300 ... accepted 201. Emin=-8.51045202, Emax=82.31758826
realization 202 / 300 ... accepted 202. Emin=-57.40611035, Emax=42.70657037
realization 203 / 300 ... accepted 203. Emin=-44.58913686, Emax=46.28272813
realization 204 / 300 ... accepted 204. Emin=-12.38826244, Emax=74.46318520
realization 205 / 300 ... accepted 205. Emin=1.60098346, Emax=72.03777781
realization 206 / 300 ... accepted 206. Emin=-55.88429010, Emax=40.02131091
realization 207 / 300 ... accepted 207. Emin=-66.59175301, Emax=-21.50563504
realization 208 / 300 ... accepted 208. Emin=-40.24378768, Emax=18.08818723
realization 209 / 300 ... accepted 209. Emin=-8.79221963, Emax=68.59513090
realization 210 / 300 ... accepted 210. Emin=-43.06576983, Emax=32.34841386
realization 211 / 300 ... accepted 211. Emin=-31.84346229, Emax=59.14185858
realization 212 / 300 ... accepted 212. Emin=-33.54134561, Emax=63.92021335
realization 213 / 300 ... accepted 213. Emin=-12.68628252, Emax=35.27935816
realization 214 / 300 ... accepted 214. Emin=-71.93237964, Emax=-3.91208111
realization 215 / 300 ... accepted 215. Emin=-48.25769957, Emax=61.11638558
realization 216 / 300 ... accepted 216. Emin=-72.36351378, Emax=17.45054887
realization 217 / 300 ... accepted 217. Emin=-54.69734301, Emax=-0.45600970
realization 218 / 300 ... accepted 218. Emin=-15.77988197, Emax=64.76606811
realization 219 / 300 ... accepted 219. Emin=13.77445926, Emax=81.48660123
realization 220 / 300 ... accepted 220. Emin=-43.13712365, Emax=50.55089855
realization 221 / 300 ... accepted 221. Emin=-35.72502964, Emax=49.81967629
realization 222 / 300 ... accepted 222. Emin=-51.73357910, Emax=29.36922770
realization 223 / 300 ... accepted 223. Emin=-49.17960241, Emax=67.63070382
realization 224 / 300 ... accepted 224. Emin=-15.07360357, Emax=68.17861514
realization 225 / 300 ... accepted 225. Emin=-53.24690023, Emax=56.64826515
realization 226 / 300 ... accepted 226. Emin=-41.72640097, Emax=-2.87058502
realization 227 / 300 ... accepted 227. Emin=-71.52726082, Emax=-11.52486525
realization 228 / 300 ... accepted 228. Emin=-32.29062497, Emax=62.04067479
realization 229 / 300 ... accepted 229. Emin=-48.74683289, Emax=35.25966158
realization 230 / 300 ... accepted 230. Emin=-46.00526484, Emax=64.90731795
realization 231 / 300 ... accepted 231. Emin=-30.06063686, Emax=43.89854504
realization 232 / 300 ... accepted 232. Emin=18.89590840, Emax=66.20295367
realization 233 / 300 ... accepted 233. Emin=-15.16496648, Emax=70.53655651
realization 234 / 300 ... accepted 234. Emin=-54.72950729, Emax=25.56255657
realization 235 / 300 ... accepted 235. Emin=4.78209258, Emax=35.97506488
realization 236 / 300 ... accepted 236. Emin=-67.50799907, Emax=7.18026052
realization 237 / 300 ... accepted 237. Emin=-36.27981634, Emax=52.35706193
realization 238 / 300 ... accepted 238. Emin=-43.29089719, Emax=56.13319280
realization 239 / 300 ... accepted 239. Emin=-58.60865899, Emax=53.91050875
realization 240 / 300 ... accepted 240. Emin=-57.71851516, Emax=30.13245210
realization 241 / 300 ... accepted 241. Emin=-35.80611570, Emax=22.41313262
realization 242 / 300 ... accepted 242. Emin=-34.21221280, Emax=29.25543623
realization 243 / 300 ... accepted 243. Emin=-52.40292308, Emax=34.65761926
realization 244 / 300 ... accepted 244. Emin=-55.73066755, Emax=28.48437644
realization 245 / 300 ... accepted 245. Emin=-52.29916963, Emax=34.36323378
realization 246 / 300 ... accepted 246. Emin=-29.71709269, Emax=51.52200052
realization 247 / 300 ... accepted 247. Emin=-8.23659669, Emax=45.92443793
realization 248 / 300 ... accepted 248. Emin=-55.08730810, Emax=60.02588923
realization 249 / 300 ... accepted 249. Emin=-42.90207175, Emax=11.46540273
realization 250 / 300 ... accepted 250. Emin=-53.33593384, Emax=-4.38023840
realization 251 / 300 ... accepted 251. Emin=-60.65648670, Emax=13.37370707
realization 252 / 300 ... accepted 252. Emin=-39.62534055, Emax=32.78389755
realization 253 / 300 ... accepted 253. Emin=-45.49782809, Emax=26.49510929
realization 254 / 300 ... accepted 254. Emin=-54.86622097, Emax=36.33075485
realization 255 / 300 ... accepted 255. Emin=-31.69324915, Emax=77.17918384
realization 256 / 300 ... accepted 256. Emin=-19.78589154, Emax=64.98182069
realization 257 / 300 ... accepted 257. Emin=-41.40729217, Emax=39.85961449
realization 258 / 300 ... accepted 258. Emin=1.06031782, Emax=94.19230323
realization 259 / 300 ... accepted 259. Emin=-49.17361600, Emax=40.91227048
realization 260 / 300 ... accepted 260. Emin=-1.02794520, Emax=62.46302483
realization 261 / 300 ... accepted 261. Emin=-55.30555378, Emax=2.02401391
realization 262 / 300 ... accepted 262. Emin=-56.52481877, Emax=23.67230727
realization 263 / 300 ... accepted 263. Emin=-39.98800817, Emax=27.89501368
realization 264 / 300 ... accepted 264. Emin=-19.07425712, Emax=54.43097685
realization 265 / 300 ... accepted 265. Emin=-60.12822024, Emax=26.11674196
realization 266 / 300 ... accepted 266. Emin=-40.18349180, Emax=28.81600625
realization 267 / 300 ... accepted 267. Emin=-18.48278120, Emax=49.78574488
realization 268 / 300 ... accepted 268. Emin=-64.98487766, Emax=42.60050541
realization 269 / 300 ... accepted 269. Emin=-31.15098723, Emax=64.55976065
realization 270 / 300 ... accepted 270. Emin=-22.09779184, Emax=63.41703476
realization 271 / 300 ... accepted 271. Emin=-58.48472843, Emax=64.89638727
realization 272 / 300 ... accepted 272. Emin=-29.68763885, Emax=55.87380264
realization 273 / 300 ... accepted 273. Emin=-33.17120107, Emax=78.25506434
realization 274 / 300 ... accepted 274. Emin=-53.45047411, Emax=24.55612818
realization 275 / 300 ... accepted 275. Emin=-8.79378595, Emax=64.13677870
realization 276 / 300 ... accepted 276. Emin=-17.35998831, Emax=43.59774418
realization 277 / 300 ... accepted 277. Emin=-6.36320372, Emax=69.55376927
realization 278 / 300 ... accepted 278. Emin=-7.19432217, Emax=56.36122570
realization 279 / 300 ... accepted 279. Emin=-54.06936174, Emax=74.36947572
realization 280 / 300 ... accepted 280. Emin=-3.71308108, Emax=66.00396101
realization 281 / 300 ... accepted 281. Emin=-62.60649611, Emax=-3.85461412
realization 282 / 300 ... accepted 282. Emin=-42.29562607, Emax=45.49752552
realization 283 / 300 ... accepted 283. Emin=-38.18654459, Emax=65.93769559
realization 284 / 300 ... accepted 284. Emin=-27.04944920, Emax=40.22990896
realization 285 / 300 ... accepted 285. Emin=-42.25170857, Emax=12.34072528
realization 286 / 300 ... accepted 286. Emin=4.74197449, Emax=55.50055260
realization 287 / 300 ... accepted 287. Emin=-9.66888079, Emax=24.62440272
realization 288 / 300 ... accepted 288. Emin=-41.21920053, Emax=38.03671568
realization 289 / 300 ... accepted 289. Emin=-26.81483368, Emax=68.75732190
realization 290 / 300 ... accepted 290. Emin=-46.47144568, Emax=74.95016530
realization 291 / 300 ... accepted 291. Emin=-38.07772693, Emax=18.94325055
realization 292 / 300 ... accepted 292. Emin=-63.53031421, Emax=26.65489676
realization 293 / 300 ... accepted 293. Emin=-56.95033747, Emax=27.50221080
realization 294 / 300 ... accepted 294. Emin=-66.29970160, Emax=42.80882053
realization 295 / 300 ... accepted 295. Emin=-24.71595068, Emax=60.41506322
realization 296 / 300 ... accepted 296. Emin=-52.80526075, Emax=38.21519928
realization 297 / 300 ... accepted 297. Emin=-36.18884526, Emax=60.89214231
realization 298 / 300 ... accepted 298. Emin=-16.64086581, Emax=65.82042585
realization 299 / 300 ... accepted 299. Emin=-14.85785442, Emax=37.94514689
realization 300 / 300 ... accepted 300. Emin=-53.13055872, Emax=26.23008748
Saved final energies: /home/2/kj405942/POLFED_bosons/pbs_bose_legacy_nmax2_periodic/data/U_1/W_15/L_6/N_6_nmax_2/boundary_periodic/energies_full_U1_L6_N6_nmax2_W15_boundaryperiodic_nreal300.txt
Accepted realizations: 300 / 300
Skipped realizations: 0
Job finished at Sun May 31 18:00:22 UTC 2026
