Job started on w09 at Sun May 31 17:00:40 UTC 2026
PBS_JOBID=7731299.kruk-host.ift-klaster.lan
PBS_O_WORKDIR=/home/2/kj405942/POLFED_bosons
Bose-Hubbard: L=6, N=6, nmax=2, dim=141
t=1, U=1, W=5, nreal=300, boundary=periodic, mode=full
Writing partial results to /home/2/kj405942/POLFED_bosons/pbs_bose_legacy_nmax2_periodic/data/U_1/W_5/L_6/N_6_nmax_2/boundary_periodic/energies_full_U1_L6_N6_nmax2_W5_boundaryperiodic_nreal300_partial.txt
realization 1 / 300 ... accepted 1. Emin=-4.46658229, Emax=29.96645766
realization 2 / 300 ... accepted 2. Emin=-22.60786183, Emax=24.95445602
realization 3 / 300 ... accepted 3. Emin=1.92267300, Emax=34.50018302
realization 4 / 300 ... accepted 4. Emin=-15.28442154, Emax=15.28525854
realization 5 / 300 ... accepted 5. Emin=-2.64082065, Emax=24.93981139
realization 6 / 300 ... accepted 6. Emin=-12.90725020, Emax=29.25976078
realization 7 / 300 ... accepted 7. Emin=-15.56599401, Emax=11.98268582
realization 8 / 300 ... accepted 8. Emin=-10.44450323, Emax=22.92702415
realization 9 / 300 ... accepted 9. Emin=-21.81451574, Emax=9.38896556
realization 10 / 300 ... accepted 10. Emin=-7.85538858, Emax=18.82160983
realization 11 / 300 ... accepted 11. Emin=-6.09338797, Emax=28.72397992
realization 12 / 300 ... accepted 12. Emin=-13.19788195, Emax=24.64434393
realization 13 / 300 ... accepted 13. Emin=-12.82859402, Emax=32.32493010
realization 14 / 300 ... accepted 14. Emin=-18.51685715, Emax=25.24952706
realization 15 / 300 ... accepted 15. Emin=-7.99547072, Emax=16.71408663
realization 16 / 300 ... accepted 16. Emin=-25.95712495, Emax=-0.15775401
realization 17 / 300 ... accepted 17. Emin=-4.45660767, Emax=20.30295674
realization 18 / 300 ... accepted 18. Emin=-18.82010335, Emax=12.06376972
realization 19 / 300 ... accepted 19. Emin=11.88718054, Emax=32.84714096
realization 20 / 300 ... accepted 20. Emin=-16.80083715, Emax=29.42183932
realization 21 / 300 ... accepted 21. Emin=-19.05561764, Emax=18.36392343
realization 22 / 300 ... accepted 22. Emin=-14.38255121, Emax=16.75082132
realization 23 / 300 ... accepted 23. Emin=-17.90494241, Emax=13.33850900
realization 24 / 300 ... accepted 24. Emin=-4.46627701, Emax=23.57157747
realization 25 / 300 ... accepted 25. Emin=-7.08685682, Emax=29.46854032
realization 26 / 300 ... accepted 26. Emin=-5.86415723, Emax=24.35598197
realization 27 / 300 ... accepted 27. Emin=-2.98665421, Emax=25.51808857
realization 28 / 300 ... accepted 28. Emin=-13.20013374, Emax=26.24496142
realization 29 / 300 ... accepted 29. Emin=-16.15386256, Emax=24.85809027
realization 30 / 300 ... accepted 30. Emin=-1.76706210, Emax=31.12389805
realization 31 / 300 ... accepted 31. Emin=-8.61608293, Emax=29.56152524
realization 32 / 300 ... accepted 32. Emin=-19.83642560, Emax=11.72469210
realization 33 / 300 ... accepted 33. Emin=-19.90241261, Emax=17.26590335
realization 34 / 300 ... accepted 34. Emin=-13.60858376, Emax=20.26791138
realization 35 / 300 ... accepted 35. Emin=-20.19530236, Emax=15.99735652
realization 36 / 300 ... accepted 36. Emin=-19.06227428, Emax=12.59675905
realization 37 / 300 ... accepted 37. Emin=-1.07738557, Emax=32.10144115
realization 38 / 300 ... accepted 38. Emin=-22.62910497, Emax=23.72865304
realization 39 / 300 ... accepted 39. Emin=-24.20381493, Emax=12.45987125
realization 40 / 300 ... accepted 40. Emin=-15.07372088, Emax=20.69636343
realization 41 / 300 ... accepted 41. Emin=-29.07423384, Emax=5.73965679
realization 42 / 300 ... accepted 42. Emin=-9.60203250, Emax=23.35402893
realization 43 / 300 ... accepted 43. Emin=-22.83492331, Emax=11.68462560
realization 44 / 300 ... accepted 44. Emin=-24.14204220, Emax=1.35742926
realization 45 / 300 ... accepted 45. Emin=-4.81415665, Emax=19.90465036
realization 46 / 300 ... accepted 46. Emin=-18.59238919, Emax=8.51794296
realization 47 / 300 ... accepted 47. Emin=-13.56493147, Emax=27.81250306
realization 48 / 300 ... accepted 48. Emin=-19.20878388, Emax=15.06208421
realization 49 / 300 ... accepted 49. Emin=-18.85952956, Emax=12.49528140
realization 50 / 300 ... accepted 50. Emin=-9.85227109, Emax=28.76776176
realization 51 / 300 ... accepted 51. Emin=-7.69589792, Emax=32.01080713
realization 52 / 300 ... accepted 52. Emin=-7.52627627, Emax=27.24130286
realization 53 / 300 ... accepted 53. Emin=-11.62995529, Emax=21.81053536
realization 54 / 300 ... accepted 54. Emin=4.26088497, Emax=35.54706319
realization 55 / 300 ... accepted 55. Emin=-3.27244000, Emax=27.98890149
realization 56 / 300 ... accepted 56. Emin=-11.40355608, Emax=23.96216205
realization 57 / 300 ... accepted 57. Emin=-6.57343606, Emax=20.65717704
realization 58 / 300 ... accepted 58. Emin=-13.30504291, Emax=17.29179681
realization 59 / 300 ... accepted 59. Emin=-6.18858103, Emax=31.13521834
realization 60 / 300 ... accepted 60. Emin=-21.79536871, Emax=11.75874282
realization 61 / 300 ... accepted 61. Emin=-22.53792333, Emax=7.10155219
realization 62 / 300 ... accepted 62. Emin=-13.73412178, Emax=22.78420539
realization 63 / 300 ... accepted 63. Emin=-5.24226088, Emax=25.18779988
realization 64 / 300 ... accepted 64. Emin=-11.80034016, Emax=24.32059910
realization 65 / 300 ... accepted 65. Emin=-10.20805258, Emax=25.20560181
realization 66 / 300 ... accepted 66. Emin=-9.07073370, Emax=28.26377626
realization 67 / 300 ... accepted 67. Emin=-8.70016347, Emax=27.18258089
realization 68 / 300 ... accepted 68. Emin=-25.93696516, Emax=10.67819411
realization 69 / 300 ... accepted 69. Emin=-23.88303582, Emax=4.77436129
realization 70 / 300 ... accepted 70. Emin=-14.32917431, Emax=9.45011759
realization 71 / 300 ... accepted 71. Emin=-12.54071866, Emax=14.67963958
realization 72 / 300 ... accepted 72. Emin=-17.54429153, Emax=25.47444615
realization 73 / 300 ... accepted 73. Emin=-9.13993157, Emax=27.23620852
realization 74 / 300 ... accepted 74. Emin=-19.50664745, Emax=14.10162177
realization 75 / 300 ... accepted 75. Emin=-14.46590182, Emax=15.89491377
realization 76 / 300 ... accepted 76. Emin=2.56958262, Emax=29.00049780
realization 77 / 300 ... accepted 77. Emin=1.54842545, Emax=32.29185264
realization 78 / 300 ... accepted 78. Emin=-19.12663224, Emax=9.57083119
realization 79 / 300 ... accepted 79. Emin=-14.10132987, Emax=22.90329999
realization 80 / 300 ... accepted 80. Emin=-0.19477853, Emax=26.62956078
realization 81 / 300 ... accepted 81. Emin=-15.45866254, Emax=12.60140420
realization 82 / 300 ... accepted 82. Emin=-13.84428229, Emax=28.86338201
realization 83 / 300 ... accepted 83. Emin=-6.84171882, Emax=24.56450744
realization 84 / 300 ... accepted 84. Emin=-19.07691018, Emax=20.42864426
realization 85 / 300 ... accepted 85. Emin=-11.24505167, Emax=21.48029406
realization 86 / 300 ... accepted 86. Emin=-1.47737460, Emax=34.84680766
realization 87 / 300 ... accepted 87. Emin=-9.03844079, Emax=22.49549328
realization 88 / 300 ... accepted 88. Emin=-7.20374065, Emax=22.10595972
realization 89 / 300 ... accepted 89. Emin=-18.38236302, Emax=10.32227506
realization 90 / 300 ... accepted 90. Emin=-16.01423934, Emax=22.47670334
realization 91 / 300 ... accepted 91. Emin=-6.96193775, Emax=22.86505040
realization 92 / 300 ... accepted 92. Emin=-18.99535354, Emax=19.60175125
realization 93 / 300 ... accepted 93. Emin=-0.17745749, Emax=23.41600606
realization 94 / 300 ... accepted 94. Emin=-14.52845435, Emax=9.98572841
realization 95 / 300 ... accepted 95. Emin=-2.16368731, Emax=29.85569482
realization 96 / 300 ... accepted 96. Emin=-10.13059685, Emax=26.91755868
realization 97 / 300 ... accepted 97. Emin=-13.58247846, Emax=20.50473259
realization 98 / 300 ... accepted 98. Emin=-9.03007704, Emax=21.20564673
realization 99 / 300 ... accepted 99. Emin=-9.19730717, Emax=31.56430782
realization 100 / 300 ... accepted 100. Emin=-14.94162012, Emax=12.53920044
realization 101 / 300 ... accepted 101. Emin=-13.46373818, Emax=9.72317525
realization 102 / 300 ... accepted 102. Emin=12.86984016, Emax=36.22906930
realization 103 / 300 ... accepted 103. Emin=-17.96486648, Emax=18.44211563
realization 104 / 300 ... accepted 104. Emin=-18.01331464, Emax=24.04288042
realization 105 / 300 ... accepted 105. Emin=-9.04014125, Emax=33.31490109
realization 106 / 300 ... accepted 106. Emin=-13.18914123, Emax=18.45718689
realization 107 / 300 ... accepted 107. Emin=-9.82319910, Emax=22.28732608
realization 108 / 300 ... accepted 108. Emin=-19.37214927, Emax=17.06942774
realization 109 / 300 ... accepted 109. Emin=-26.28082518, Emax=2.93029544
realization 110 / 300 ... accepted 110. Emin=-6.70435538, Emax=27.77775879
realization 111 / 300 ... accepted 111. Emin=-10.82555455, Emax=24.50523544
realization 112 / 300 ... accepted 112. Emin=-26.10359454, Emax=3.12549142
realization 113 / 300 ... accepted 113. Emin=-20.69556293, Emax=21.96453321
realization 114 / 300 ... accepted 114. Emin=-16.13457649, Emax=15.43291636
realization 115 / 300 ... accepted 115. Emin=-8.75050484, Emax=30.38792349
realization 116 / 300 ... accepted 116. Emin=-18.19173986, Emax=14.62679106
realization 117 / 300 ... accepted 117. Emin=-7.25031955, Emax=25.72444049
realization 118 / 300 ... accepted 118. Emin=-10.29415627, Emax=21.54136448
realization 119 / 300 ... accepted 119. Emin=-21.03675903, Emax=15.54776256
realization 120 / 300 ... accepted 120. Emin=-14.97584929, Emax=27.77099944
realization 121 / 300 ... accepted 121. Emin=-7.29731840, Emax=26.75879631
realization 122 / 300 ... accepted 122. Emin=-12.31684660, Emax=16.89739408
realization 123 / 300 ... accepted 123. Emin=-8.40522375, Emax=19.54245303
realization 124 / 300 ... accepted 124. Emin=-11.36283613, Emax=25.06956811
realization 125 / 300 ... accepted 125. Emin=-14.98859852, Emax=22.64225249
realization 126 / 300 ... accepted 126. Emin=-10.48411011, Emax=18.96678679
realization 127 / 300 ... accepted 127. Emin=-21.87744439, Emax=9.94339735
realization 128 / 300 ... accepted 128. Emin=-24.06742037, Emax=1.53737764
realization 129 / 300 ... accepted 129. Emin=-14.38079234, Emax=26.33576989
realization 130 / 300 ... accepted 130. Emin=-7.70327024, Emax=22.04125846
realization 131 / 300 ... accepted 131. Emin=-6.57447827, Emax=21.80886486
realization 132 / 300 ... accepted 132. Emin=-12.59087991, Emax=24.68843222
realization 133 / 300 ... accepted 133. Emin=-21.95041349, Emax=20.39845248
realization 134 / 300 ... accepted 134. Emin=-20.00515319, Emax=10.77954929
realization 135 / 300 ... accepted 135. Emin=-11.93044853, Emax=14.96325541
realization 136 / 300 ... accepted 136. Emin=-6.76002609, Emax=21.03167172
realization 137 / 300 ... accepted 137. Emin=-15.13195568, Emax=16.33284122
realization 138 / 300 ... accepted 138. Emin=-19.86413088, Emax=18.27564722
realization 139 / 300 ... accepted 139. Emin=-3.42789201, Emax=29.82796668
realization 140 / 300 ... accepted 140. Emin=4.19505185, Emax=30.67291687
realization 141 / 300 ... accepted 141. Emin=-19.22999136, Emax=13.39469398
realization 142 / 300 ... accepted 142. Emin=-15.11530466, Emax=16.37944064
realization 143 / 300 ... accepted 143. Emin=-18.53496087, Emax=13.96357291
realization 144 / 300 ... accepted 144. Emin=-14.10561840, Emax=16.94618677
realization 145 / 300 ... accepted 145. Emin=-2.09290423, Emax=26.93095182
realization 146 / 300 ... accepted 146. Emin=-16.72420939, Emax=19.66594595
realization 147 / 300 ... accepted 147. Emin=-17.85658405, Emax=14.24753894
realization 148 / 300 ... accepted 148. Emin=-22.88767452, Emax=8.99253480
realization 149 / 300 ... accepted 149. Emin=-12.00598648, Emax=23.89119111
realization 150 / 300 ... accepted 150. Emin=-5.20525173, Emax=28.25245933
realization 151 / 300 ... accepted 151. Emin=2.95119566, Emax=29.40620804
realization 152 / 300 ... accepted 152. Emin=-20.85691810, Emax=7.97031570
realization 153 / 300 ... accepted 153. Emin=-9.90129271, Emax=19.65156386
realization 154 / 300 ... accepted 154. Emin=-9.01047614, Emax=22.05573903
realization 155 / 300 ... accepted 155. Emin=1.69524478, Emax=33.98985487
realization 156 / 300 ... accepted 156. Emin=-22.36844817, Emax=16.16759157
realization 157 / 300 ... accepted 157. Emin=8.96541112, Emax=33.03731379
realization 158 / 300 ... accepted 158. Emin=-8.85422109, Emax=24.93864544
realization 159 / 300 ... accepted 159. Emin=-14.75412107, Emax=23.35210311
realization 160 / 300 ... accepted 160. Emin=-11.04463784, Emax=19.94217251
realization 161 / 300 ... accepted 161. Emin=-19.29039577, Emax=9.25116032
realization 162 / 300 ... accepted 162. Emin=-11.35062136, Emax=22.68897025
realization 163 / 300 ... accepted 163. Emin=-3.21950701, Emax=26.21371319
realization 164 / 300 ... accepted 164. Emin=-2.88987101, Emax=33.53449798
realization 165 / 300 ... accepted 165. Emin=-12.02646970, Emax=17.43042892
realization 166 / 300 ... accepted 166. Emin=-6.96833100, Emax=22.00162397
realization 167 / 300 ... accepted 167. Emin=-11.95902882, Emax=28.74232058
realization 168 / 300 ... accepted 168. Emin=-13.08029649, Emax=21.10750392
realization 169 / 300 ... accepted 169. Emin=-14.43151360, Emax=21.70437990
realization 170 / 300 ... accepted 170. Emin=-10.86267526, Emax=22.43645991
realization 171 / 300 ... accepted 171. Emin=-15.31979907, Emax=13.05527033
realization 172 / 300 ... accepted 172. Emin=-4.22585736, Emax=28.56828799
realization 173 / 300 ... accepted 173. Emin=1.16598769, Emax=28.67579474
realization 174 / 300 ... accepted 174. Emin=-12.50934058, Emax=22.97947133
realization 175 / 300 ... accepted 175. Emin=-10.66439803, Emax=13.59817446
realization 176 / 300 ... accepted 176. Emin=-23.53331906, Emax=9.74563218
realization 177 / 300 ... accepted 177. Emin=-12.81722341, Emax=26.19226471
realization 178 / 300 ... accepted 178. Emin=-20.00646990, Emax=18.68881805
realization 179 / 300 ... accepted 179. Emin=-19.67648608, Emax=6.01426968
realization 180 / 300 ... accepted 180. Emin=-2.84397350, Emax=33.84887723
realization 181 / 300 ... accepted 181. Emin=-4.92014790, Emax=30.53711034
realization 182 / 300 ... accepted 182. Emin=-17.04318470, Emax=14.69430642
realization 183 / 300 ... accepted 183. Emin=-15.68274479, Emax=19.87321992
realization 184 / 300 ... accepted 184. Emin=-14.61054092, Emax=23.25869616
realization 185 / 300 ... accepted 185. Emin=-23.96509334, Emax=10.28738278
realization 186 / 300 ... accepted 186. Emin=-16.88869382, Emax=28.22429252
realization 187 / 300 ... accepted 187. Emin=-14.93893598, Emax=18.16954294
realization 188 / 300 ... accepted 188. Emin=4.03169611, Emax=32.47868954
realization 189 / 300 ... accepted 189. Emin=-4.04584705, Emax=22.30957980
realization 190 / 300 ... accepted 190. Emin=-16.62421795, Emax=17.64819519
realization 191 / 300 ... accepted 191. Emin=-15.91269809, Emax=13.19153968
realization 192 / 300 ... accepted 192. Emin=-10.69365829, Emax=27.01744348
realization 193 / 300 ... accepted 193. Emin=-14.29487599, Emax=27.92784487
realization 194 / 300 ... accepted 194. Emin=-20.50838848, Emax=15.99475977
realization 195 / 300 ... accepted 195. Emin=-6.58089080, Emax=28.72599303
realization 196 / 300 ... accepted 196. Emin=-16.80213610, Emax=26.78176651
realization 197 / 300 ... accepted 197. Emin=-13.30997546, Emax=19.80286176
realization 198 / 300 ... accepted 198. Emin=-2.54765117, Emax=21.69406537
realization 199 / 300 ... accepted 199. Emin=-8.54264852, Emax=26.86623705
realization 200 / 300 ... accepted 200. Emin=4.08272778, Emax=32.41173886
realization 201 / 300 ... accepted 201. Emin=-3.07441315, Emax=29.80002614
realization 202 / 300 ... accepted 202. Emin=-1.50515617, Emax=31.34114232
realization 203 / 300 ... accepted 203. Emin=-12.42903606, Emax=10.44663325
realization 204 / 300 ... accepted 204. Emin=-13.14180242, Emax=16.38606099
realization 205 / 300 ... accepted 205. Emin=0.52709137, Emax=30.23805178
realization 206 / 300 ... accepted 206. Emin=-18.05841957, Emax=15.81109300
realization 207 / 300 ... accepted 207. Emin=-18.21785830, Emax=9.32727971
realization 208 / 300 ... accepted 208. Emin=-5.24410982, Emax=28.90905228
realization 209 / 300 ... accepted 209. Emin=-0.96874588, Emax=23.95237431
realization 210 / 300 ... accepted 210. Emin=-6.36625138, Emax=22.68201194
realization 211 / 300 ... accepted 211. Emin=-12.63404225, Emax=22.74147800
realization 212 / 300 ... accepted 212. Emin=-22.14919424, Emax=1.78478875
realization 213 / 300 ... accepted 213. Emin=-16.00823776, Emax=18.52187216
realization 214 / 300 ... accepted 214. Emin=-13.74016307, Emax=16.91998841
realization 215 / 300 ... accepted 215. Emin=-13.00297955, Emax=17.20650822
realization 216 / 300 ... accepted 216. Emin=-26.73625801, Emax=-0.98937534
realization 217 / 300 ... accepted 217. Emin=-2.89688571, Emax=29.29015154
realization 218 / 300 ... accepted 218. Emin=-14.27568769, Emax=17.12609319
realization 219 / 300 ... accepted 219. Emin=-8.41349992, Emax=25.72536365
realization 220 / 300 ... accepted 220. Emin=-11.25800379, Emax=28.97166095
realization 221 / 300 ... accepted 221. Emin=-18.74493770, Emax=16.31892096
realization 222 / 300 ... accepted 222. Emin=-8.37098556, Emax=26.29173016
realization 223 / 300 ... accepted 223. Emin=-9.70097240, Emax=20.20899516
realization 224 / 300 ... accepted 224. Emin=-12.85022146, Emax=22.56684442
realization 225 / 300 ... accepted 225. Emin=-3.39892371, Emax=28.82197072
realization 226 / 300 ... accepted 226. Emin=5.73489811, Emax=31.69406461
realization 227 / 300 ... accepted 227. Emin=-11.67324757, Emax=20.80686686
realization 228 / 300 ... accepted 228. Emin=-7.73130105, Emax=21.77928121
realization 229 / 300 ... accepted 229. Emin=-11.73725857, Emax=28.79738157
realization 230 / 300 ... accepted 230. Emin=-7.67142162, Emax=26.37763970
realization 231 / 300 ... accepted 231. Emin=-19.64944728, Emax=11.31698539
realization 232 / 300 ... accepted 232. Emin=-19.91284155, Emax=10.91471647
realization 233 / 300 ... accepted 233. Emin=-13.22281690, Emax=19.78399528
realization 234 / 300 ... accepted 234. Emin=-11.28799383, Emax=21.25935881
realization 235 / 300 ... accepted 235. Emin=-3.17168340, Emax=22.82230681
realization 236 / 300 ... accepted 236. Emin=-16.52144034, Emax=12.89017993
realization 237 / 300 ... accepted 237. Emin=-16.64812334, Emax=22.11055918
realization 238 / 300 ... accepted 238. Emin=-4.81860714, Emax=27.05267031
realization 239 / 300 ... accepted 239. Emin=-6.42565566, Emax=21.40899197
realization 240 / 300 ... accepted 240. Emin=-17.35920166, Emax=21.62245826
realization 241 / 300 ... accepted 241. Emin=-3.24262890, Emax=24.30130535
realization 242 / 300 ... accepted 242. Emin=-19.56431794, Emax=12.68785020
realization 243 / 300 ... accepted 243. Emin=-20.05880933, Emax=11.67616176
realization 244 / 300 ... accepted 244. Emin=-16.67975650, Emax=24.40079165
realization 245 / 300 ... accepted 245. Emin=-18.42092588, Emax=20.17500465
realization 246 / 300 ... accepted 246. Emin=-3.10098105, Emax=23.49453777
realization 247 / 300 ... accepted 247. Emin=-19.68984912, Emax=10.49425264
realization 248 / 300 ... accepted 248. Emin=-16.76638633, Emax=21.84055409
realization 249 / 300 ... accepted 249. Emin=-15.27451055, Emax=17.74306329
realization 250 / 300 ... accepted 250. Emin=-4.17156930, Emax=28.69333641
realization 251 / 300 ... accepted 251. Emin=-9.85610732, Emax=25.99693721
realization 252 / 300 ... accepted 252. Emin=-9.95489422, Emax=20.10106084
realization 253 / 300 ... accepted 253. Emin=-14.82787377, Emax=24.43169982
realization 254 / 300 ... accepted 254. Emin=-9.93074712, Emax=26.49634391
realization 255 / 300 ... accepted 255. Emin=-14.44305162, Emax=27.49098842
realization 256 / 300 ... accepted 256. Emin=-20.66051056, Emax=17.95925127
realization 257 / 300 ... accepted 257. Emin=-14.17947039, Emax=13.81390256
realization 258 / 300 ... accepted 258. Emin=-15.35505769, Emax=16.02792500
realization 259 / 300 ... accepted 259. Emin=-5.23455681, Emax=25.75923264
realization 260 / 300 ... accepted 260. Emin=-13.43724206, Emax=21.40602255
realization 261 / 300 ... accepted 261. Emin=-20.24725254, Emax=18.15992960
realization 262 / 300 ... accepted 262. Emin=-14.14539058, Emax=19.03710017
realization 263 / 300 ... accepted 263. Emin=12.89774617, Emax=33.77035712
realization 264 / 300 ... accepted 264. Emin=-9.15269366, Emax=25.18559265
realization 265 / 300 ... accepted 265. Emin=-8.87033208, Emax=24.00666149
realization 266 / 300 ... accepted 266. Emin=-19.03972151, Emax=7.00754514
realization 267 / 300 ... accepted 267. Emin=-9.32828543, Emax=19.70018953
realization 268 / 300 ... accepted 268. Emin=-21.49416342, Emax=12.97889656
realization 269 / 300 ... accepted 269. Emin=-12.97941697, Emax=23.06663999
realization 270 / 300 ... accepted 270. Emin=-3.75136653, Emax=22.73098135
realization 271 / 300 ... accepted 271. Emin=-20.87343813, Emax=16.89341517
realization 272 / 300 ... accepted 272. Emin=-19.64507290, Emax=23.17778261
realization 273 / 300 ... accepted 273. Emin=-16.36505518, Emax=15.07691128
realization 274 / 300 ... accepted 274. Emin=-27.27308771, Emax=10.10955572
realization 275 / 300 ... accepted 275. Emin=-15.22510149, Emax=21.46541425
realization 276 / 300 ... accepted 276. Emin=-17.08529897, Emax=32.52792881
realization 277 / 300 ... accepted 277. Emin=-13.31231107, Emax=15.91878239
realization 278 / 300 ... accepted 278. Emin=-17.71441890, Emax=19.90807704
realization 279 / 300 ... accepted 279. Emin=-4.84763536, Emax=28.64986965
realization 280 / 300 ... accepted 280. Emin=-21.24926711, Emax=17.89202136
realization 281 / 300 ... accepted 281. Emin=-6.68745315, Emax=25.00199562
realization 282 / 300 ... accepted 282. Emin=-16.38900271, Emax=20.04792129
realization 283 / 300 ... accepted 283. Emin=-9.18076134, Emax=21.42945270
realization 284 / 300 ... accepted 284. Emin=-10.46715668, Emax=20.55047606
realization 285 / 300 ... accepted 285. Emin=-13.81988914, Emax=27.48092064
realization 286 / 300 ... accepted 286. Emin=5.18202820, Emax=29.01947544
realization 287 / 300 ... accepted 287. Emin=-8.79486475, Emax=20.02563426
realization 288 / 300 ... accepted 288. Emin=-19.19956455, Emax=18.02405241
realization 289 / 300 ... accepted 289. Emin=-7.19758028, Emax=21.49897174
realization 290 / 300 ... accepted 290. Emin=-20.28982264, Emax=20.85942299
realization 291 / 300 ... accepted 291. Emin=-25.61492855, Emax=4.38633393
realization 292 / 300 ... accepted 292. Emin=-16.21512510, Emax=25.81679074
realization 293 / 300 ... accepted 293. Emin=-17.16793385, Emax=16.30849382
realization 294 / 300 ... accepted 294. Emin=-10.34041288, Emax=17.87351034
realization 295 / 300 ... accepted 295. Emin=3.95069743, Emax=34.07884443
realization 296 / 300 ... accepted 296. Emin=-2.03870603, Emax=27.79030579
realization 297 / 300 ... accepted 297. Emin=-15.06311483, Emax=17.53571755
realization 298 / 300 ... accepted 298. Emin=0.26637781, Emax=35.59482559
realization 299 / 300 ... accepted 299. Emin=-8.88628941, Emax=21.12035215
realization 300 / 300 ... accepted 300. Emin=-13.03611802, Emax=18.37868967
Saved final energies: /home/2/kj405942/POLFED_bosons/pbs_bose_legacy_nmax2_periodic/data/U_1/W_5/L_6/N_6_nmax_2/boundary_periodic/energies_full_U1_L6_N6_nmax2_W5_boundaryperiodic_nreal300.txt
Accepted realizations: 300 / 300
Skipped realizations: 0
Job finished at Sun May 31 17:01:01 UTC 2026
