Job started on w30 at Sun May 31 17:10:52 UTC 2026
PBS_JOBID=7731476.kruk-host.ift-klaster.lan
PBS_O_WORKDIR=/home/2/kj405942/POLFED_bosons
Bose-Hubbard: L=6, N=6, nmax=2, dim=141
t=1, U=20, W=2, nreal=300, boundary=periodic, mode=full
Writing partial results to /home/2/kj405942/POLFED_bosons/pbs_bose_legacy_nmax2_periodic/data/U_20/W_2/L_6/N_6_nmax_2/boundary_periodic/energies_full_U20_L6_N6_nmax2_W2_boundaryperiodic_nreal300_partial.txt
realization 1 / 300 ... accepted 1. Emin=3.12730507, Emax=127.50844693
realization 2 / 300 ... accepted 2. Emin=-2.98092885, Emax=126.40945230
realization 3 / 300 ... accepted 3. Emin=-4.66838264, Emax=120.34161310
realization 4 / 300 ... accepted 4. Emin=0.93028935, Emax=124.76693173
realization 5 / 300 ... accepted 5. Emin=6.20928555, Emax=130.71823880
realization 6 / 300 ... accepted 6. Emin=1.26737508, Emax=128.48763577
realization 7 / 300 ... accepted 7. Emin=-3.40480508, Emax=123.53335809
realization 8 / 300 ... accepted 8. Emin=-3.12597818, Emax=123.77175055
realization 9 / 300 ... accepted 9. Emin=-2.82798904, Emax=122.70999597
realization 10 / 300 ... accepted 10. Emin=0.33992614, Emax=126.33663087
realization 11 / 300 ... accepted 11. Emin=0.89500940, Emax=125.48501477
realization 12 / 300 ... accepted 12. Emin=-3.82732859, Emax=120.97448369
realization 13 / 300 ... accepted 13. Emin=-2.30909262, Emax=126.87597111
realization 14 / 300 ... accepted 14. Emin=-6.27356821, Emax=119.19108051
realization 15 / 300 ... accepted 15. Emin=-1.18875250, Emax=128.34426733
realization 16 / 300 ... accepted 16. Emin=2.93940450, Emax=130.80709797
realization 17 / 300 ... accepted 17. Emin=3.94851763, Emax=127.64049298
realization 18 / 300 ... accepted 18. Emin=-4.32424340, Emax=122.50099267
realization 19 / 300 ... accepted 19. Emin=-2.35248366, Emax=123.38433232
realization 20 / 300 ... accepted 20. Emin=-1.09052625, Emax=125.47293855
realization 21 / 300 ... accepted 21. Emin=-1.70564752, Emax=124.12533435
realization 22 / 300 ... accepted 22. Emin=-0.48378552, Emax=125.64524315
realization 23 / 300 ... accepted 23. Emin=-0.66139254, Emax=127.79395952
realization 24 / 300 ... accepted 24. Emin=-1.92542999, Emax=124.81763765
realization 25 / 300 ... accepted 25. Emin=0.40279658, Emax=125.92447902
realization 26 / 300 ... accepted 26. Emin=1.51131121, Emax=127.34882115
realization 27 / 300 ... accepted 27. Emin=1.24930441, Emax=126.65162760
realization 28 / 300 ... accepted 28. Emin=3.06803593, Emax=130.88614705
realization 29 / 300 ... accepted 29. Emin=2.28509778, Emax=127.69246058
realization 30 / 300 ... accepted 30. Emin=0.12268417, Emax=126.04474493
realization 31 / 300 ... accepted 31. Emin=-5.25092608, Emax=122.49675948
realization 32 / 300 ... accepted 32. Emin=-3.38566926, Emax=120.55189798
realization 33 / 300 ... accepted 33. Emin=0.40599754, Emax=125.86551386
realization 34 / 300 ... accepted 34. Emin=1.63532079, Emax=128.76008213
realization 35 / 300 ... accepted 35. Emin=-1.19006579, Emax=125.03329888
realization 36 / 300 ... accepted 36. Emin=0.48496865, Emax=124.09712109
realization 37 / 300 ... accepted 37. Emin=-5.41101167, Emax=119.32762778
realization 38 / 300 ... accepted 38. Emin=1.04278951, Emax=125.57338133
realization 39 / 300 ... accepted 39. Emin=0.74814215, Emax=126.97099548
realization 40 / 300 ... accepted 40. Emin=-0.33897552, Emax=130.40946869
realization 41 / 300 ... accepted 41. Emin=2.38967137, Emax=130.80051763
realization 42 / 300 ... accepted 42. Emin=-1.05967183, Emax=128.60573764
realization 43 / 300 ... accepted 43. Emin=-0.26275398, Emax=125.81588291
realization 44 / 300 ... accepted 44. Emin=4.70324571, Emax=129.27778084
realization 45 / 300 ... accepted 45. Emin=2.05199368, Emax=130.91278294
realization 46 / 300 ... accepted 46. Emin=-1.09343275, Emax=124.77464054
realization 47 / 300 ... accepted 47. Emin=-0.71381459, Emax=124.58430196
realization 48 / 300 ... accepted 48. Emin=-0.01830796, Emax=126.25221314
realization 49 / 300 ... accepted 49. Emin=1.96238534, Emax=130.55643707
realization 50 / 300 ... accepted 50. Emin=4.97194333, Emax=129.27815717
realization 51 / 300 ... accepted 51. Emin=1.61308164, Emax=129.65871529
realization 52 / 300 ... accepted 52. Emin=-3.59846424, Emax=122.15405528
realization 53 / 300 ... accepted 53. Emin=-3.94718920, Emax=122.37128543
realization 54 / 300 ... accepted 54. Emin=6.46951675, Emax=130.60357023
realization 55 / 300 ... accepted 55. Emin=1.70067288, Emax=126.32399668
realization 56 / 300 ... accepted 56. Emin=-3.90294130, Emax=120.94550400
realization 57 / 300 ... accepted 57. Emin=2.02321181, Emax=125.89742195
realization 58 / 300 ... accepted 58. Emin=0.62325555, Emax=126.80138914
realization 59 / 300 ... accepted 59. Emin=6.61792246, Emax=130.61750722
realization 60 / 300 ... accepted 60. Emin=-1.55393373, Emax=123.34303044
realization 61 / 300 ... accepted 61. Emin=3.47443090, Emax=127.20420853
realization 62 / 300 ... accepted 62. Emin=-0.40531883, Emax=124.26542437
realization 63 / 300 ... accepted 63. Emin=-0.49962759, Emax=126.25591453
realization 64 / 300 ... accepted 64. Emin=4.12323073, Emax=129.45594057
realization 65 / 300 ... accepted 65. Emin=-6.57545540, Emax=116.64544115
realization 66 / 300 ... accepted 66. Emin=0.01189319, Emax=127.14703454
realization 67 / 300 ... accepted 67. Emin=-2.52603841, Emax=125.43348172
realization 68 / 300 ... accepted 68. Emin=-1.94799137, Emax=124.31969272
realization 69 / 300 ... accepted 69. Emin=2.58508556, Emax=127.43839429
realization 70 / 300 ... accepted 70. Emin=1.13716844, Emax=127.70263683
realization 71 / 300 ... accepted 71. Emin=-1.28647187, Emax=125.04562680
realization 72 / 300 ... accepted 72. Emin=-1.87120297, Emax=122.61478747
realization 73 / 300 ... accepted 73. Emin=-1.03702833, Emax=125.16860792
realization 74 / 300 ... accepted 74. Emin=0.11034276, Emax=125.70168890
realization 75 / 300 ... accepted 75. Emin=-5.58608356, Emax=118.03678652
realization 76 / 300 ... accepted 76. Emin=-0.85676038, Emax=128.40891593
realization 77 / 300 ... accepted 77. Emin=-3.84914439, Emax=122.10812247
realization 78 / 300 ... accepted 78. Emin=4.52611925, Emax=128.85658249
realization 79 / 300 ... accepted 79. Emin=3.75683610, Emax=130.30887454
realization 80 / 300 ... accepted 80. Emin=-0.38643845, Emax=126.51312496
realization 81 / 300 ... accepted 81. Emin=-2.18570993, Emax=123.32249702
realization 82 / 300 ... accepted 82. Emin=0.01353328, Emax=126.86358015
realization 83 / 300 ... accepted 83. Emin=4.93519508, Emax=128.30225586
realization 84 / 300 ... accepted 84. Emin=-6.73751559, Emax=118.77451683
realization 85 / 300 ... accepted 85. Emin=6.55643289, Emax=130.41043790
realization 86 / 300 ... accepted 86. Emin=-2.91505409, Emax=123.14540469
realization 87 / 300 ... accepted 87. Emin=-0.14570320, Emax=126.80471933
realization 88 / 300 ... accepted 88. Emin=1.81638251, Emax=127.25212406
realization 89 / 300 ... accepted 89. Emin=2.10006691, Emax=127.88147928
realization 90 / 300 ... accepted 90. Emin=0.11293333, Emax=124.51888092
realization 91 / 300 ... accepted 91. Emin=-0.09982093, Emax=125.57219605
realization 92 / 300 ... accepted 92. Emin=-3.37797749, Emax=124.18043613
realization 93 / 300 ... accepted 93. Emin=4.60123127, Emax=131.19305191
realization 94 / 300 ... accepted 94. Emin=-1.90100398, Emax=122.53379090
realization 95 / 300 ... accepted 95. Emin=1.35915524, Emax=124.92685446
realization 96 / 300 ... accepted 96. Emin=-1.41069582, Emax=125.08683877
realization 97 / 300 ... accepted 97. Emin=3.52275168, Emax=128.36062558
realization 98 / 300 ... accepted 98. Emin=-4.40551579, Emax=118.91991147
realization 99 / 300 ... accepted 99. Emin=-1.37040923, Emax=126.04005970
realization 100 / 300 ... accepted 100. Emin=-0.16158582, Emax=126.70414961
realization 101 / 300 ... accepted 101. Emin=-1.88755852, Emax=124.52183751
realization 102 / 300 ... accepted 102. Emin=7.58903173, Emax=130.55192904
realization 103 / 300 ... accepted 103. Emin=1.97800023, Emax=128.56990032
realization 104 / 300 ... accepted 104. Emin=0.81307894, Emax=125.07801840
realization 105 / 300 ... accepted 105. Emin=-2.29312356, Emax=123.72395691
realization 106 / 300 ... accepted 106. Emin=1.63711747, Emax=127.89212325
realization 107 / 300 ... accepted 107. Emin=2.46152583, Emax=125.85486934
realization 108 / 300 ... accepted 108. Emin=1.07299917, Emax=127.55521640
realization 109 / 300 ... accepted 109. Emin=-2.83886686, Emax=123.24285726
realization 110 / 300 ... accepted 110. Emin=6.66873824, Emax=130.51450426
realization 111 / 300 ... accepted 111. Emin=1.77008932, Emax=129.64754957
realization 112 / 300 ... accepted 112. Emin=0.11729007, Emax=124.49517224
realization 113 / 300 ... accepted 113. Emin=-0.55151253, Emax=128.53104445
realization 114 / 300 ... accepted 114. Emin=-0.90768200, Emax=124.34772459
realization 115 / 300 ... accepted 115. Emin=-3.27842437, Emax=123.35240161
realization 116 / 300 ... accepted 116. Emin=1.69534399, Emax=127.40963182
realization 117 / 300 ... accepted 117. Emin=0.51270644, Emax=124.85481107
realization 118 / 300 ... accepted 118. Emin=-5.04762281, Emax=118.40684517
realization 119 / 300 ... accepted 119. Emin=0.85034971, Emax=128.36918502
realization 120 / 300 ... accepted 120. Emin=0.28593806, Emax=126.57571258
realization 121 / 300 ... accepted 121. Emin=-4.12536819, Emax=121.86888074
realization 122 / 300 ... accepted 122. Emin=-2.18341331, Emax=125.88446580
realization 123 / 300 ... accepted 123. Emin=2.02318312, Emax=128.29050731
realization 124 / 300 ... accepted 124. Emin=-1.80753438, Emax=123.99053055
realization 125 / 300 ... accepted 125. Emin=-6.98280158, Emax=116.56451673
realization 126 / 300 ... accepted 126. Emin=-4.37262548, Emax=120.19167065
realization 127 / 300 ... accepted 127. Emin=1.51684860, Emax=128.52592488
realization 128 / 300 ... accepted 128. Emin=-6.34681018, Emax=117.93644051
realization 129 / 300 ... accepted 129. Emin=2.05219348, Emax=126.10750839
realization 130 / 300 ... accepted 130. Emin=4.49593884, Emax=129.15143253
realization 131 / 300 ... accepted 131. Emin=-0.92344996, Emax=125.72937821
realization 132 / 300 ... accepted 132. Emin=-5.99213297, Emax=120.72798083
realization 133 / 300 ... accepted 133. Emin=-1.02429035, Emax=126.13409165
realization 134 / 300 ... accepted 134. Emin=0.28984565, Emax=124.98607490
realization 135 / 300 ... accepted 135. Emin=1.19118332, Emax=126.33244922
realization 136 / 300 ... accepted 136. Emin=0.68418012, Emax=126.25225149
realization 137 / 300 ... accepted 137. Emin=0.16160210, Emax=125.49662986
realization 138 / 300 ... accepted 138. Emin=1.70434842, Emax=127.43646522
realization 139 / 300 ... accepted 139. Emin=-2.49989089, Emax=127.19313454
realization 140 / 300 ... accepted 140. Emin=0.16169292, Emax=129.41736493
realization 141 / 300 ... accepted 141. Emin=-2.53748511, Emax=126.01312789
realization 142 / 300 ... accepted 142. Emin=-0.10372185, Emax=128.85699525
realization 143 / 300 ... accepted 143. Emin=-0.10283599, Emax=123.93961711
realization 144 / 300 ... accepted 144. Emin=2.40369797, Emax=127.51209281
realization 145 / 300 ... accepted 145. Emin=1.47948925, Emax=127.67534464
realization 146 / 300 ... accepted 146. Emin=-7.83680999, Emax=116.61193070
realization 147 / 300 ... accepted 147. Emin=0.65798947, Emax=124.57390149
realization 148 / 300 ... accepted 148. Emin=-6.24107784, Emax=117.18019975
realization 149 / 300 ... accepted 149. Emin=3.80404498, Emax=129.51476975
realization 150 / 300 ... accepted 150. Emin=2.99951699, Emax=128.65047706
realization 151 / 300 ... accepted 151. Emin=-0.70302918, Emax=126.17481463
realization 152 / 300 ... accepted 152. Emin=3.72562848, Emax=128.81518841
realization 153 / 300 ... accepted 153. Emin=2.50366430, Emax=130.18555207
realization 154 / 300 ... accepted 154. Emin=0.69191223, Emax=127.76433391
realization 155 / 300 ... accepted 155. Emin=-2.36317428, Emax=122.42067307
realization 156 / 300 ... accepted 156. Emin=-4.36873263, Emax=122.09583857
realization 157 / 300 ... accepted 157. Emin=0.02216923, Emax=128.15014838
realization 158 / 300 ... accepted 158. Emin=-6.31150065, Emax=117.05710369
realization 159 / 300 ... accepted 159. Emin=-4.17710078, Emax=120.09521641
realization 160 / 300 ... accepted 160. Emin=-0.43255474, Emax=125.97901660
realization 161 / 300 ... accepted 161. Emin=-0.63819882, Emax=124.28000791
realization 162 / 300 ... accepted 162. Emin=-2.22057879, Emax=123.48646809
realization 163 / 300 ... accepted 163. Emin=0.54695321, Emax=126.67276206
realization 164 / 300 ... accepted 164. Emin=1.35484693, Emax=126.94347516
realization 165 / 300 ... accepted 165. Emin=-1.66840556, Emax=124.35153131
realization 166 / 300 ... accepted 166. Emin=-3.30386869, Emax=122.94013230
realization 167 / 300 ... accepted 167. Emin=3.69789993, Emax=129.26154662
realization 168 / 300 ... accepted 168. Emin=2.01004874, Emax=128.03460069
realization 169 / 300 ... accepted 169. Emin=3.48800733, Emax=130.52792517
realization 170 / 300 ... accepted 170. Emin=-4.01527165, Emax=122.68844289
realization 171 / 300 ... accepted 171. Emin=0.34724893, Emax=126.24119753
realization 172 / 300 ... accepted 172. Emin=0.54764691, Emax=129.30364471
realization 173 / 300 ... accepted 173. Emin=-0.50095935, Emax=125.71996868
realization 174 / 300 ... accepted 174. Emin=-1.30728846, Emax=126.54595487
realization 175 / 300 ... accepted 175. Emin=1.43960019, Emax=129.98327158
realization 176 / 300 ... accepted 176. Emin=-3.31271258, Emax=122.31953181
realization 177 / 300 ... accepted 177. Emin=-2.45029660, Emax=123.30263242
realization 178 / 300 ... accepted 178. Emin=-1.57782426, Emax=124.29547713
realization 179 / 300 ... accepted 179. Emin=-1.67445355, Emax=123.72412518
realization 180 / 300 ... accepted 180. Emin=-4.78040250, Emax=120.86484072
realization 181 / 300 ... accepted 181. Emin=2.43040290, Emax=128.87113841
realization 182 / 300 ... accepted 182. Emin=2.81122847, Emax=128.32232629
realization 183 / 300 ... accepted 183. Emin=1.24379066, Emax=127.52912060
realization 184 / 300 ... accepted 184. Emin=0.26174645, Emax=128.95993072
realization 185 / 300 ... accepted 185. Emin=1.07202895, Emax=129.07514694
realization 186 / 300 ... accepted 186. Emin=-4.37674740, Emax=121.76768698
realization 187 / 300 ... accepted 187. Emin=-1.93630285, Emax=125.29410640
realization 188 / 300 ... accepted 188. Emin=0.34961170, Emax=127.19907240
realization 189 / 300 ... accepted 189. Emin=-3.44908241, Emax=124.01919539
realization 190 / 300 ... accepted 190. Emin=-0.46516055, Emax=126.87623699
realization 191 / 300 ... accepted 191. Emin=-3.02661328, Emax=124.40219773
realization 192 / 300 ... accepted 192. Emin=1.38883218, Emax=129.70590004
realization 193 / 300 ... accepted 193. Emin=-1.57433992, Emax=123.88562023
realization 194 / 300 ... accepted 194. Emin=-4.41721520, Emax=120.88726516
realization 195 / 300 ... accepted 195. Emin=-7.56102612, Emax=117.68822380
realization 196 / 300 ... accepted 196. Emin=-0.43361474, Emax=125.79977116
realization 197 / 300 ... accepted 197. Emin=0.69546320, Emax=125.47021600
realization 198 / 300 ... accepted 198. Emin=-4.42486082, Emax=123.49292802
realization 199 / 300 ... accepted 199. Emin=1.56997410, Emax=129.12210875
realization 200 / 300 ... accepted 200. Emin=-3.52468803, Emax=121.16646644
realization 201 / 300 ... accepted 201. Emin=-0.69806708, Emax=124.05475013
realization 202 / 300 ... accepted 202. Emin=-4.07763418, Emax=121.61734223
realization 203 / 300 ... accepted 203. Emin=3.31598467, Emax=128.92438378
realization 204 / 300 ... accepted 204. Emin=3.36620147, Emax=129.73712385
realization 205 / 300 ... accepted 205. Emin=0.27872240, Emax=127.36757791
realization 206 / 300 ... accepted 206. Emin=-2.34259046, Emax=122.21325445
realization 207 / 300 ... accepted 207. Emin=3.92140203, Emax=130.76973995
realization 208 / 300 ... accepted 208. Emin=-0.92938336, Emax=125.09980266
realization 209 / 300 ... accepted 209. Emin=-11.33732051, Emax=110.17740956
realization 210 / 300 ... accepted 210. Emin=0.54996972, Emax=126.26492867
realization 211 / 300 ... accepted 211. Emin=0.61942945, Emax=127.99151736
realization 212 / 300 ... accepted 212. Emin=0.34514334, Emax=124.58427941
realization 213 / 300 ... accepted 213. Emin=-5.25140533, Emax=119.33244462
realization 214 / 300 ... accepted 214. Emin=1.09978576, Emax=127.88872715
realization 215 / 300 ... accepted 215. Emin=-2.04259094, Emax=121.65003422
realization 216 / 300 ... accepted 216. Emin=2.87667761, Emax=127.45537649
realization 217 / 300 ... accepted 217. Emin=-1.60620687, Emax=123.28387487
realization 218 / 300 ... accepted 218. Emin=-1.31633940, Emax=123.07302086
realization 219 / 300 ... accepted 219. Emin=3.08927812, Emax=128.88584675
realization 220 / 300 ... accepted 220. Emin=0.31854872, Emax=128.09664374
realization 221 / 300 ... accepted 221. Emin=-2.37006293, Emax=120.93644894
realization 222 / 300 ... accepted 222. Emin=3.21086001, Emax=127.65078667
realization 223 / 300 ... accepted 223. Emin=2.18385893, Emax=129.15003193
realization 224 / 300 ... accepted 224. Emin=-3.84433092, Emax=120.37212997
realization 225 / 300 ... accepted 225. Emin=-5.83078729, Emax=119.35491896
realization 226 / 300 ... accepted 226. Emin=-6.98757934, Emax=116.25674838
realization 227 / 300 ... accepted 227. Emin=-0.11499695, Emax=124.57465719
realization 228 / 300 ... accepted 228. Emin=1.46765810, Emax=128.19075752
realization 229 / 300 ... accepted 229. Emin=-1.09508275, Emax=126.16157747
realization 230 / 300 ... accepted 230. Emin=-1.20066792, Emax=124.93000678
realization 231 / 300 ... accepted 231. Emin=2.72177222, Emax=125.83869593
realization 232 / 300 ... accepted 232. Emin=2.00427098, Emax=128.10896496
realization 233 / 300 ... accepted 233. Emin=-6.51463410, Emax=116.09847981
realization 234 / 300 ... accepted 234. Emin=0.64187846, Emax=127.86750231
realization 235 / 300 ... accepted 235. Emin=0.41888265, Emax=125.84340527
realization 236 / 300 ... accepted 236. Emin=-4.46285224, Emax=122.19858194
realization 237 / 300 ... accepted 237. Emin=-3.51385736, Emax=122.17963294
realization 238 / 300 ... accepted 238. Emin=0.12565537, Emax=126.67139642
realization 239 / 300 ... accepted 239. Emin=-4.91306660, Emax=119.38692800
realization 240 / 300 ... accepted 240. Emin=0.25057267, Emax=124.38169160
realization 241 / 300 ... accepted 241. Emin=-3.06740540, Emax=120.01580550
realization 242 / 300 ... accepted 242. Emin=-1.16664479, Emax=125.42420974
realization 243 / 300 ... accepted 243. Emin=0.38113869, Emax=126.50853288
realization 244 / 300 ... accepted 244. Emin=-1.39158706, Emax=123.04607544
realization 245 / 300 ... accepted 245. Emin=-3.54880267, Emax=120.92717324
realization 246 / 300 ... accepted 246. Emin=4.13041441, Emax=128.36188202
realization 247 / 300 ... accepted 247. Emin=1.74766915, Emax=128.99305134
realization 248 / 300 ... accepted 248. Emin=-0.12109854, Emax=124.07494384
realization 249 / 300 ... accepted 249. Emin=-1.57739099, Emax=125.09862822
realization 250 / 300 ... accepted 250. Emin=2.43448469, Emax=127.86752575
realization 251 / 300 ... accepted 251. Emin=-5.19349495, Emax=120.24531167
realization 252 / 300 ... accepted 252. Emin=3.76455779, Emax=128.60990490
realization 253 / 300 ... accepted 253. Emin=3.42499766, Emax=128.96454258
realization 254 / 300 ... accepted 254. Emin=-4.11624217, Emax=120.36354667
realization 255 / 300 ... accepted 255. Emin=-0.32577124, Emax=126.79390271
realization 256 / 300 ... accepted 256. Emin=1.38088343, Emax=127.07599195
realization 257 / 300 ... accepted 257. Emin=-3.28898992, Emax=122.57139113
realization 258 / 300 ... accepted 258. Emin=-3.34892597, Emax=123.74361734
realization 259 / 300 ... accepted 259. Emin=-2.60907391, Emax=124.84165482
realization 260 / 300 ... accepted 260. Emin=-2.21786463, Emax=127.14037237
realization 261 / 300 ... accepted 261. Emin=1.23318114, Emax=126.38211719
realization 262 / 300 ... accepted 262. Emin=-2.68185888, Emax=123.36338951
realization 263 / 300 ... accepted 263. Emin=0.27004161, Emax=125.20413942
realization 264 / 300 ... accepted 264. Emin=-5.60281395, Emax=118.51902063
realization 265 / 300 ... accepted 265. Emin=-0.97537086, Emax=124.59762390
realization 266 / 300 ... accepted 266. Emin=2.09541037, Emax=126.18366666
realization 267 / 300 ... accepted 267. Emin=3.15362673, Emax=127.31566923
realization 268 / 300 ... accepted 268. Emin=3.19130973, Emax=128.83973199
realization 269 / 300 ... accepted 269. Emin=1.44374700, Emax=127.89029302
realization 270 / 300 ... accepted 270. Emin=-1.37128455, Emax=123.50455045
realization 271 / 300 ... accepted 271. Emin=1.61545436, Emax=128.33841528
realization 272 / 300 ... accepted 272. Emin=2.90761316, Emax=126.32669871
realization 273 / 300 ... accepted 273. Emin=2.07437527, Emax=128.97625039
realization 274 / 300 ... accepted 274. Emin=-0.55968799, Emax=125.93782333
realization 275 / 300 ... accepted 275. Emin=-1.72441622, Emax=124.77233110
realization 276 / 300 ... accepted 276. Emin=-3.33582208, Emax=120.25246277
realization 277 / 300 ... accepted 277. Emin=-1.15894716, Emax=125.27924254
realization 278 / 300 ... accepted 278. Emin=-2.17063478, Emax=122.98763665
realization 279 / 300 ... accepted 279. Emin=1.45429692, Emax=129.89252664
realization 280 / 300 ... accepted 280. Emin=-1.68546120, Emax=122.85343396
realization 281 / 300 ... accepted 281. Emin=-5.60400681, Emax=120.54229898
realization 282 / 300 ... accepted 282. Emin=8.86504148, Emax=130.90694035
realization 283 / 300 ... accepted 283. Emin=-1.78301058, Emax=124.18123869
realization 284 / 300 ... accepted 284. Emin=-2.55643378, Emax=124.60661101
realization 285 / 300 ... accepted 285. Emin=-2.59887259, Emax=123.94784303
realization 286 / 300 ... accepted 286. Emin=3.08757848, Emax=130.48381079
realization 287 / 300 ... accepted 287. Emin=-3.22011656, Emax=120.13645280
realization 288 / 300 ... accepted 288. Emin=-1.90796817, Emax=121.16630838
realization 289 / 300 ... accepted 289. Emin=0.89219179, Emax=127.52368732
realization 290 / 300 ... accepted 290. Emin=-4.69792162, Emax=119.40494520
realization 291 / 300 ... accepted 291. Emin=-0.02394003, Emax=125.66612294
realization 292 / 300 ... accepted 292. Emin=0.86867231, Emax=127.99589432
realization 293 / 300 ... accepted 293. Emin=1.36267962, Emax=126.23949691
realization 294 / 300 ... accepted 294. Emin=6.64484329, Emax=129.33708759
realization 295 / 300 ... accepted 295. Emin=-1.40397127, Emax=126.74311769
realization 296 / 300 ... accepted 296. Emin=-2.19389316, Emax=125.90434707
realization 297 / 300 ... accepted 297. Emin=0.85651302, Emax=130.51074045
realization 298 / 300 ... accepted 298. Emin=-3.69097564, Emax=123.22513534
realization 299 / 300 ... accepted 299. Emin=-0.56921073, Emax=126.88228807
realization 300 / 300 ... accepted 300. Emin=-5.07073262, Emax=117.71933942
Saved final energies: /home/2/kj405942/POLFED_bosons/pbs_bose_legacy_nmax2_periodic/data/U_20/W_2/L_6/N_6_nmax_2/boundary_periodic/energies_full_U20_L6_N6_nmax2_W2_boundaryperiodic_nreal300.txt
Accepted realizations: 300 / 300
Skipped realizations: 0
Job finished at Sun May 31 17:12:37 UTC 2026
