Job started on w30 at Sun May 31 17:10:57 UTC 2026
PBS_JOBID=7731484.kruk-host.ift-klaster.lan
PBS_O_WORKDIR=/home/2/kj405942/POLFED_bosons
Bose-Hubbard: L=6, N=6, nmax=2, dim=141
t=1, U=20, W=10, nreal=300, boundary=periodic, mode=full
Writing partial results to /home/2/kj405942/POLFED_bosons/pbs_bose_legacy_nmax2_periodic/data/U_20/W_10/L_6/N_6_nmax_2/boundary_periodic/energies_full_U20_L6_N6_nmax2_W10_boundaryperiodic_nreal300_partial.txt
realization 1 / 300 ... accepted 1. Emin=-9.31356010, Emax=137.18572917
realization 2 / 300 ... accepted 2. Emin=10.91859119, Emax=162.37193667
realization 3 / 300 ... accepted 3. Emin=2.56418971, Emax=152.48969460
realization 4 / 300 ... accepted 4. Emin=-8.36840481, Emax=132.45264118
realization 5 / 300 ... accepted 5. Emin=7.14671132, Emax=164.72251517
realization 6 / 300 ... accepted 6. Emin=5.01482596, Emax=151.44648543
realization 7 / 300 ... accepted 7. Emin=-11.81151760, Emax=128.87600780
realization 8 / 300 ... accepted 8. Emin=-2.02739241, Emax=145.24572456
realization 9 / 300 ... accepted 9. Emin=0.57119958, Emax=149.55109724
realization 10 / 300 ... accepted 10. Emin=-8.01460175, Emax=134.81887167
realization 11 / 300 ... accepted 11. Emin=0.16798909, Emax=146.43859091
realization 12 / 300 ... accepted 12. Emin=-4.97727598, Emax=150.34992700
realization 13 / 300 ... accepted 13. Emin=18.85787805, Emax=153.95195979
realization 14 / 300 ... accepted 14. Emin=-14.11743497, Emax=133.16529008
realization 15 / 300 ... accepted 15. Emin=-1.20612443, Emax=135.30904996
realization 16 / 300 ... accepted 16. Emin=2.54604848, Emax=150.48910769
realization 17 / 300 ... accepted 17. Emin=-10.88688415, Emax=140.47551895
realization 18 / 300 ... accepted 18. Emin=-1.98118248, Emax=145.94035336
realization 19 / 300 ... accepted 19. Emin=-0.62641353, Emax=150.55871819
realization 20 / 300 ... accepted 20. Emin=-0.48617869, Emax=144.07196236
realization 21 / 300 ... accepted 21. Emin=25.54813959, Emax=168.68493289
realization 22 / 300 ... accepted 22. Emin=8.16215340, Emax=149.76012373
realization 23 / 300 ... accepted 23. Emin=14.20856929, Emax=150.32014261
realization 24 / 300 ... accepted 24. Emin=-2.08518229, Emax=153.45099962
realization 25 / 300 ... accepted 25. Emin=-0.24693500, Emax=160.78889489
realization 26 / 300 ... accepted 26. Emin=3.16728019, Emax=157.53427766
realization 27 / 300 ... accepted 27. Emin=-14.04939915, Emax=118.91664751
realization 28 / 300 ... accepted 28. Emin=-17.47942884, Emax=127.69082576
realization 29 / 300 ... accepted 29. Emin=-5.02249732, Emax=150.99282223
realization 30 / 300 ... accepted 30. Emin=-3.86814443, Emax=146.68891478
realization 31 / 300 ... accepted 31. Emin=20.59428553, Emax=172.88596703
realization 32 / 300 ... accepted 32. Emin=-15.12468489, Emax=131.83485046
realization 33 / 300 ... accepted 33. Emin=7.26692798, Emax=161.93363055
realization 34 / 300 ... accepted 34. Emin=-18.51124938, Emax=131.53967941
realization 35 / 300 ... accepted 35. Emin=3.19769186, Emax=152.37611990
realization 36 / 300 ... accepted 36. Emin=-2.39433564, Emax=144.96719598
realization 37 / 300 ... accepted 37. Emin=5.02098575, Emax=156.62320810
realization 38 / 300 ... accepted 38. Emin=-7.38845024, Emax=142.46953186
realization 39 / 300 ... accepted 39. Emin=3.61354406, Emax=144.66361917
realization 40 / 300 ... accepted 40. Emin=27.23916931, Emax=160.02486947
realization 41 / 300 ... accepted 41. Emin=-20.86094807, Emax=114.98761080
realization 42 / 300 ... accepted 42. Emin=-2.83846736, Emax=142.53245952
realization 43 / 300 ... accepted 43. Emin=-17.21795193, Emax=125.93052570
realization 44 / 300 ... accepted 44. Emin=4.19320850, Emax=149.06937083
realization 45 / 300 ... accepted 45. Emin=5.28127498, Emax=160.50633003
realization 46 / 300 ... accepted 46. Emin=-5.56548677, Emax=141.39739612
realization 47 / 300 ... accepted 47. Emin=4.16482816, Emax=165.40888477
realization 48 / 300 ... accepted 48. Emin=-11.75161531, Emax=128.98269891
realization 49 / 300 ... accepted 49. Emin=-5.04545728, Emax=127.10165421
realization 50 / 300 ... accepted 50. Emin=-0.64782358, Emax=153.17278913
realization 51 / 300 ... accepted 51. Emin=0.95515209, Emax=142.92226455
realization 52 / 300 ... accepted 52. Emin=-2.34997459, Emax=148.19595315
realization 53 / 300 ... accepted 53. Emin=6.33659229, Emax=148.00798118
realization 54 / 300 ... accepted 54. Emin=-28.86121520, Emax=102.00282105
realization 55 / 300 ... accepted 55. Emin=-5.24511084, Emax=142.70087111
realization 56 / 300 ... accepted 56. Emin=16.46354930, Emax=162.44287682
realization 57 / 300 ... accepted 57. Emin=-8.57932279, Emax=131.16105014
realization 58 / 300 ... accepted 58. Emin=26.89839049, Emax=167.31175281
realization 59 / 300 ... accepted 59. Emin=-6.33632491, Emax=139.44646768
realization 60 / 300 ... accepted 60. Emin=25.24326689, Emax=160.54557751
realization 61 / 300 ... accepted 61. Emin=-2.01909596, Emax=148.01627763
realization 62 / 300 ... accepted 62. Emin=9.87867459, Emax=155.66284081
realization 63 / 300 ... accepted 63. Emin=-16.04378929, Emax=129.89215579
realization 64 / 300 ... accepted 64. Emin=-1.38678922, Emax=160.92709479
realization 65 / 300 ... accepted 65. Emin=11.98890812, Emax=156.30495935
realization 66 / 300 ... accepted 66. Emin=-20.72085226, Emax=125.80558889
realization 67 / 300 ... accepted 67. Emin=-11.77414101, Emax=156.19789342
realization 68 / 300 ... accepted 68. Emin=-34.04041313, Emax=105.85688971
realization 69 / 300 ... accepted 69. Emin=-2.23555434, Emax=148.50273808
realization 70 / 300 ... accepted 70. Emin=10.44613859, Emax=153.33926161
realization 71 / 300 ... accepted 71. Emin=-23.08334102, Emax=122.34709493
realization 72 / 300 ... accepted 72. Emin=-8.80597977, Emax=132.30227443
realization 73 / 300 ... accepted 73. Emin=7.37969833, Emax=153.50097864
realization 74 / 300 ... accepted 74. Emin=-27.49125247, Emax=115.93339540
realization 75 / 300 ... accepted 75. Emin=-6.52335883, Emax=158.04065832
realization 76 / 300 ... accepted 76. Emin=-29.35953099, Emax=111.82662959
realization 77 / 300 ... accepted 77. Emin=-10.13013329, Emax=138.65204277
realization 78 / 300 ... accepted 78. Emin=-16.85906749, Emax=138.06923156
realization 79 / 300 ... accepted 79. Emin=4.87423536, Emax=157.85869320
realization 80 / 300 ... accepted 80. Emin=21.80098472, Emax=163.94246989
realization 81 / 300 ... accepted 81. Emin=4.55314888, Emax=146.68505156
realization 82 / 300 ... accepted 82. Emin=-12.00587734, Emax=134.75317379
realization 83 / 300 ... accepted 83. Emin=-7.68728728, Emax=138.98907506
realization 84 / 300 ... accepted 84. Emin=-21.05590254, Emax=121.54236735
realization 85 / 300 ... accepted 85. Emin=10.78017386, Emax=165.27675924
realization 86 / 300 ... accepted 86. Emin=35.83106747, Emax=165.04304973
realization 87 / 300 ... accepted 87. Emin=-5.19476267, Emax=151.87099244
realization 88 / 300 ... accepted 88. Emin=18.98563083, Emax=163.07382525
realization 89 / 300 ... accepted 89. Emin=27.89124620, Emax=166.00432239
realization 90 / 300 ... accepted 90. Emin=-6.87485263, Emax=142.33503532
realization 91 / 300 ... accepted 91. Emin=-0.40618611, Emax=138.89299191
realization 92 / 300 ... accepted 92. Emin=4.65824005, Emax=150.13671768
realization 93 / 300 ... accepted 93. Emin=-39.32789173, Emax=89.24296292
realization 94 / 300 ... accepted 94. Emin=-8.17415387, Emax=142.91041142
realization 95 / 300 ... accepted 95. Emin=1.67414873, Emax=143.44161841
realization 96 / 300 ... accepted 96. Emin=3.72148256, Emax=158.80435536
realization 97 / 300 ... accepted 97. Emin=4.32810408, Emax=151.84613949
realization 98 / 300 ... accepted 98. Emin=-10.34312493, Emax=132.74662675
realization 99 / 300 ... accepted 99. Emin=-6.87209469, Emax=146.68085070
realization 100 / 300 ... accepted 100. Emin=11.55630021, Emax=160.78939634
realization 101 / 300 ... accepted 101. Emin=19.17587752, Emax=165.38412744
realization 102 / 300 ... accepted 102. Emin=6.74025615, Emax=166.87285759
realization 103 / 300 ... accepted 103. Emin=-5.57026777, Emax=143.47335773
realization 104 / 300 ... accepted 104. Emin=-21.76430127, Emax=133.15239259
realization 105 / 300 ... accepted 105. Emin=-15.76670154, Emax=123.35016546
realization 106 / 300 ... accepted 106. Emin=-11.44919177, Emax=129.02260806
realization 107 / 300 ... accepted 107. Emin=-4.56545147, Emax=144.18821789
realization 108 / 300 ... accepted 108. Emin=26.08806043, Emax=172.92863005
realization 109 / 300 ... accepted 109. Emin=-5.82902504, Emax=144.09191957
realization 110 / 300 ... accepted 110. Emin=-4.24097657, Emax=147.51726622
realization 111 / 300 ... accepted 111. Emin=-10.69435522, Emax=141.04882814
realization 112 / 300 ... accepted 112. Emin=20.81709063, Emax=148.62151255
realization 113 / 300 ... accepted 113. Emin=-14.76072357, Emax=124.65146569
realization 114 / 300 ... accepted 114. Emin=30.35280114, Emax=171.52867590
realization 115 / 300 ... accepted 115. Emin=4.49794426, Emax=151.28563731
realization 116 / 300 ... accepted 116. Emin=7.63553495, Emax=144.65769509
realization 117 / 300 ... accepted 117. Emin=7.56151080, Emax=162.05664290
realization 118 / 300 ... accepted 118. Emin=11.33085370, Emax=149.08241550
realization 119 / 300 ... accepted 119. Emin=-14.48509821, Emax=128.75344122
realization 120 / 300 ... accepted 120. Emin=-0.99543027, Emax=154.60317496
realization 121 / 300 ... accepted 121. Emin=7.59850977, Emax=160.16011668
realization 122 / 300 ... accepted 122. Emin=-29.30798107, Emax=110.04266367
realization 123 / 300 ... accepted 123. Emin=-9.87368069, Emax=139.37919600
realization 124 / 300 ... accepted 124. Emin=-17.92226366, Emax=126.37148906
realization 125 / 300 ... accepted 125. Emin=0.76538495, Emax=150.11582655
realization 126 / 300 ... accepted 126. Emin=6.07261043, Emax=148.36804270
realization 127 / 300 ... accepted 127. Emin=-0.17034607, Emax=159.66288056
realization 128 / 300 ... accepted 128. Emin=7.07437045, Emax=162.99576315
realization 129 / 300 ... accepted 129. Emin=-7.39041758, Emax=149.25756820
realization 130 / 300 ... accepted 130. Emin=-11.83432999, Emax=145.58045464
realization 131 / 300 ... accepted 131. Emin=9.68503014, Emax=167.67713707
realization 132 / 300 ... accepted 132. Emin=37.03490737, Emax=172.66679131
realization 133 / 300 ... accepted 133. Emin=-11.09824721, Emax=146.08432568
realization 134 / 300 ... accepted 134. Emin=0.57495904, Emax=137.49660742
realization 135 / 300 ... accepted 135. Emin=-15.48481016, Emax=128.69187184
realization 136 / 300 ... accepted 136. Emin=-9.81779518, Emax=136.63961615
realization 137 / 300 ... accepted 137. Emin=13.48120259, Emax=154.27725046
realization 138 / 300 ... accepted 138. Emin=20.19383533, Emax=161.55787594
realization 139 / 300 ... accepted 139. Emin=-16.65224676, Emax=131.83737877
realization 140 / 300 ... accepted 140. Emin=0.21499904, Emax=137.69359942
realization 141 / 300 ... accepted 141. Emin=-5.53923719, Emax=147.30143123
realization 142 / 300 ... accepted 142. Emin=0.71497921, Emax=157.42031001
realization 143 / 300 ... accepted 143. Emin=8.99961972, Emax=158.74266896
realization 144 / 300 ... accepted 144. Emin=7.66809425, Emax=141.26528557
realization 145 / 300 ... accepted 145. Emin=21.03475933, Emax=151.12112112
realization 146 / 300 ... accepted 146. Emin=-16.93014585, Emax=132.59362580
realization 147 / 300 ... accepted 147. Emin=6.32337520, Emax=146.88710406
realization 148 / 300 ... accepted 148. Emin=23.46263519, Emax=163.13298463
realization 149 / 300 ... accepted 149. Emin=-5.37179439, Emax=141.03356223
realization 150 / 300 ... accepted 150. Emin=7.79021145, Emax=159.53908808
realization 151 / 300 ... accepted 151. Emin=3.58007179, Emax=143.85004689
realization 152 / 300 ... accepted 152. Emin=1.67728354, Emax=153.89545602
realization 153 / 300 ... accepted 153. Emin=-18.43411945, Emax=119.93206943
realization 154 / 300 ... accepted 154. Emin=-36.65141703, Emax=99.52899116
realization 155 / 300 ... accepted 155. Emin=0.99693668, Emax=152.28531243
realization 156 / 300 ... accepted 156. Emin=1.74382346, Emax=138.98627319
realization 157 / 300 ... accepted 157. Emin=-17.48207059, Emax=123.43477036
realization 158 / 300 ... accepted 158. Emin=-38.80896606, Emax=94.49780375
realization 159 / 300 ... accepted 159. Emin=4.20713531, Emax=166.24426984
realization 160 / 300 ... accepted 160. Emin=-15.73034488, Emax=123.59681952
realization 161 / 300 ... accepted 161. Emin=-9.58504750, Emax=138.45023223
realization 162 / 300 ... accepted 162. Emin=-6.12749157, Emax=143.63225727
realization 163 / 300 ... accepted 163. Emin=-6.17288251, Emax=137.12474984
realization 164 / 300 ... accepted 164. Emin=-7.65241054, Emax=150.02968956
realization 165 / 300 ... accepted 165. Emin=19.17606849, Emax=152.59148433
realization 166 / 300 ... accepted 166. Emin=-3.03973520, Emax=140.08778727
realization 167 / 300 ... accepted 167. Emin=-21.44461286, Emax=120.94632009
realization 168 / 300 ... accepted 168. Emin=-17.03858271, Emax=119.92798545
realization 169 / 300 ... accepted 169. Emin=-11.44316537, Emax=130.17381425
realization 170 / 300 ... accepted 170. Emin=6.85929057, Emax=148.82217976
realization 171 / 300 ... accepted 171. Emin=-19.32936007, Emax=124.77581255
realization 172 / 300 ... accepted 172. Emin=-10.37284410, Emax=131.68677310
realization 173 / 300 ... accepted 173. Emin=5.59468640, Emax=158.11078784
realization 174 / 300 ... accepted 174. Emin=28.97678138, Emax=173.42613686
realization 175 / 300 ... accepted 175. Emin=40.99134667, Emax=176.97864269
realization 176 / 300 ... accepted 176. Emin=-13.29150809, Emax=129.34607174
realization 177 / 300 ... accepted 177. Emin=-6.89895860, Emax=141.47349296
realization 178 / 300 ... accepted 178. Emin=13.24861508, Emax=152.93429351
realization 179 / 300 ... accepted 179. Emin=-13.45895834, Emax=141.94244276
realization 180 / 300 ... accepted 180. Emin=-19.72188584, Emax=122.61748486
realization 181 / 300 ... accepted 181. Emin=13.45913402, Emax=151.45600304
realization 182 / 300 ... accepted 182. Emin=6.93395546, Emax=139.26023742
realization 183 / 300 ... accepted 183. Emin=-20.38030186, Emax=120.34133967
realization 184 / 300 ... accepted 184. Emin=-13.62398121, Emax=134.82802847
realization 185 / 300 ... accepted 185. Emin=-40.35711926, Emax=90.46380307
realization 186 / 300 ... accepted 186. Emin=-12.22206191, Emax=140.36529212
realization 187 / 300 ... accepted 187. Emin=-14.98554971, Emax=118.03119891
realization 188 / 300 ... accepted 188. Emin=-8.13972690, Emax=135.80313599
realization 189 / 300 ... accepted 189. Emin=-8.83244331, Emax=139.41900810
realization 190 / 300 ... accepted 190. Emin=7.90025982, Emax=149.60439982
realization 191 / 300 ... accepted 191. Emin=-1.15511328, Emax=141.03205247
realization 192 / 300 ... accepted 192. Emin=-7.78823350, Emax=132.26214183
realization 193 / 300 ... accepted 193. Emin=-17.40955490, Emax=132.11543333
realization 194 / 300 ... accepted 194. Emin=-5.30619985, Emax=143.77347200
realization 195 / 300 ... accepted 195. Emin=-15.73320702, Emax=125.68602903
realization 196 / 300 ... accepted 196. Emin=-3.81181249, Emax=149.95986188
realization 197 / 300 ... accepted 197. Emin=-5.46554380, Emax=155.00842457
realization 198 / 300 ... accepted 198. Emin=9.29698195, Emax=158.66803301
realization 199 / 300 ... accepted 199. Emin=-15.44086966, Emax=124.26297079
realization 200 / 300 ... accepted 200. Emin=-9.05247852, Emax=147.44459856
realization 201 / 300 ... accepted 201. Emin=2.63492063, Emax=147.39510022
realization 202 / 300 ... accepted 202. Emin=3.09720567, Emax=157.07285630
realization 203 / 300 ... accepted 203. Emin=1.72850015, Emax=150.05868661
realization 204 / 300 ... accepted 204. Emin=-3.91389419, Emax=138.08864359
realization 205 / 300 ... accepted 205. Emin=-28.05196211, Emax=110.49345024
realization 206 / 300 ... accepted 206. Emin=-10.66740619, Emax=142.80417739
realization 207 / 300 ... accepted 207. Emin=5.57834607, Emax=158.00352117
realization 208 / 300 ... accepted 208. Emin=-5.20640702, Emax=158.43937339
realization 209 / 300 ... accepted 209. Emin=19.01701593, Emax=173.73726985
realization 210 / 300 ... accepted 210. Emin=-9.84780696, Emax=134.49251169
realization 211 / 300 ... accepted 211. Emin=-2.62780882, Emax=143.16536402
realization 212 / 300 ... accepted 212. Emin=-5.67724672, Emax=143.65754930
realization 213 / 300 ... accepted 213. Emin=-11.34352122, Emax=131.72094430
realization 214 / 300 ... accepted 214. Emin=0.58659903, Emax=160.26578007
realization 215 / 300 ... accepted 215. Emin=18.37003454, Emax=159.47630062
realization 216 / 300 ... accepted 216. Emin=3.10214844, Emax=152.62049123
realization 217 / 300 ... accepted 217. Emin=-1.39838363, Emax=152.38208449
realization 218 / 300 ... accepted 218. Emin=-5.83935760, Emax=140.28332180
realization 219 / 300 ... accepted 219. Emin=-3.91613458, Emax=163.30731916
realization 220 / 300 ... accepted 220. Emin=-3.68044973, Emax=151.26489330
realization 221 / 300 ... accepted 221. Emin=-2.57385905, Emax=139.11890126
realization 222 / 300 ... accepted 222. Emin=11.44865421, Emax=164.03224735
realization 223 / 300 ... accepted 223. Emin=-2.34542453, Emax=139.63982363
realization 224 / 300 ... accepted 224. Emin=-22.48203079, Emax=123.45533462
realization 225 / 300 ... accepted 225. Emin=-14.03932517, Emax=137.48811817
realization 226 / 300 ... accepted 226. Emin=-20.55968302, Emax=129.40214017
realization 227 / 300 ... accepted 227. Emin=11.57156758, Emax=153.04219459
realization 228 / 300 ... accepted 228. Emin=5.58861704, Emax=153.46168512
realization 229 / 300 ... accepted 229. Emin=-8.08306412, Emax=141.58727720
realization 230 / 300 ... accepted 230. Emin=15.47460564, Emax=167.08013357
realization 231 / 300 ... accepted 231. Emin=-7.99305844, Emax=138.35797395
realization 232 / 300 ... accepted 232. Emin=17.29704197, Emax=161.71769113
realization 233 / 300 ... accepted 233. Emin=8.43345945, Emax=150.71320226
realization 234 / 300 ... accepted 234. Emin=-11.66891841, Emax=133.21474891
realization 235 / 300 ... accepted 235. Emin=8.04800996, Emax=156.52485681
realization 236 / 300 ... accepted 236. Emin=8.53566313, Emax=150.46507703
realization 237 / 300 ... accepted 237. Emin=-32.86677469, Emax=102.49284679
realization 238 / 300 ... accepted 238. Emin=-39.50243070, Emax=100.55965862
realization 239 / 300 ... accepted 239. Emin=6.64673159, Emax=149.15696960
realization 240 / 300 ... accepted 240. Emin=7.00291409, Emax=152.20064833
realization 241 / 300 ... accepted 241. Emin=-3.92948107, Emax=150.05293945
realization 242 / 300 ... accepted 242. Emin=1.33461918, Emax=151.71645945
realization 243 / 300 ... accepted 243. Emin=-17.96033226, Emax=119.65724364
realization 244 / 300 ... accepted 244. Emin=9.82718837, Emax=153.81581732
realization 245 / 300 ... accepted 245. Emin=-0.31671888, Emax=150.87272394
realization 246 / 300 ... accepted 246. Emin=-1.83697084, Emax=149.71399630
realization 247 / 300 ... accepted 247. Emin=23.83625680, Emax=166.18238102
realization 248 / 300 ... accepted 248. Emin=8.44143723, Emax=151.93265731
realization 249 / 300 ... accepted 249. Emin=-6.55453237, Emax=141.50839097
realization 250 / 300 ... accepted 250. Emin=-2.89206032, Emax=156.23849007
realization 251 / 300 ... accepted 251. Emin=-9.56775241, Emax=130.07069478
realization 252 / 300 ... accepted 252. Emin=6.45704647, Emax=166.02808361
realization 253 / 300 ... accepted 253. Emin=14.60433606, Emax=166.92880404
realization 254 / 300 ... accepted 254. Emin=7.50796771, Emax=158.53262107
realization 255 / 300 ... accepted 255. Emin=-13.43487961, Emax=148.46259764
realization 256 / 300 ... accepted 256. Emin=23.47515914, Emax=164.67112944
realization 257 / 300 ... accepted 257. Emin=-17.72267030, Emax=129.61382237
realization 258 / 300 ... accepted 258. Emin=15.15871070, Emax=157.29241015
realization 259 / 300 ... accepted 259. Emin=16.34982141, Emax=159.34301571
realization 260 / 300 ... accepted 260. Emin=11.69774503, Emax=150.85982495
realization 261 / 300 ... accepted 261. Emin=-15.88188885, Emax=128.73917351
realization 262 / 300 ... accepted 262. Emin=16.69587067, Emax=165.04023923
realization 263 / 300 ... accepted 263. Emin=13.16638645, Emax=149.11065602
realization 264 / 300 ... accepted 264. Emin=-36.46100566, Emax=94.31972235
realization 265 / 300 ... accepted 265. Emin=14.17533304, Emax=156.26619611
realization 266 / 300 ... accepted 266. Emin=-1.90404865, Emax=150.40160246
realization 267 / 300 ... accepted 267. Emin=12.29585323, Emax=164.88821753
realization 268 / 300 ... accepted 268. Emin=-0.40716742, Emax=153.02845104
realization 269 / 300 ... accepted 269. Emin=-10.06745686, Emax=138.81739944
realization 270 / 300 ... accepted 270. Emin=-3.49490020, Emax=150.32805381
realization 271 / 300 ... accepted 271. Emin=-12.29927218, Emax=133.34996749
realization 272 / 300 ... accepted 272. Emin=-0.57982040, Emax=147.52063330
realization 273 / 300 ... accepted 273. Emin=-20.86604779, Emax=122.00310899
realization 274 / 300 ... accepted 274. Emin=5.29731485, Emax=159.94420712
realization 275 / 300 ... accepted 275. Emin=12.99211204, Emax=155.59392899
realization 276 / 300 ... accepted 276. Emin=-3.08047220, Emax=132.54231144
realization 277 / 300 ... accepted 277. Emin=-14.95751579, Emax=123.05433399
realization 278 / 300 ... accepted 278. Emin=-4.40133196, Emax=134.77993100
realization 279 / 300 ... accepted 279. Emin=-14.46350904, Emax=136.42196456
realization 280 / 300 ... accepted 280. Emin=10.79855780, Emax=154.02506525
realization 281 / 300 ... accepted 281. Emin=-6.10087804, Emax=133.84256932
realization 282 / 300 ... accepted 282. Emin=28.87325594, Emax=171.93649097
realization 283 / 300 ... accepted 283. Emin=-21.73387787, Emax=118.88714756
realization 284 / 300 ... accepted 284. Emin=3.29850957, Emax=163.69550032
realization 285 / 300 ... accepted 285. Emin=-25.55634656, Emax=124.12938226
realization 286 / 300 ... accepted 286. Emin=23.92628567, Emax=161.16206406
realization 287 / 300 ... accepted 287. Emin=-16.06210045, Emax=123.17194199
realization 288 / 300 ... accepted 288. Emin=13.40846128, Emax=145.36120805
realization 289 / 300 ... accepted 289. Emin=-14.86755296, Emax=142.31247767
realization 290 / 300 ... accepted 290. Emin=-12.56866931, Emax=140.79269467
realization 291 / 300 ... accepted 291. Emin=5.27308704, Emax=149.34333030
realization 292 / 300 ... accepted 292. Emin=15.90936228, Emax=145.44654677
realization 293 / 300 ... accepted 293. Emin=-29.03472316, Emax=108.58856580
realization 294 / 300 ... accepted 294. Emin=0.53859753, Emax=148.72281271
realization 295 / 300 ... accepted 295. Emin=13.53255302, Emax=151.28460536
realization 296 / 300 ... accepted 296. Emin=0.18737155, Emax=140.88541142
realization 297 / 300 ... accepted 297. Emin=15.78120803, Emax=162.21876962
realization 298 / 300 ... accepted 298. Emin=-2.99390869, Emax=143.27791492
realization 299 / 300 ... accepted 299. Emin=-12.39863299, Emax=137.03382732
realization 300 / 300 ... accepted 300. Emin=-9.74312072, Emax=134.59492601
Saved final energies: /home/2/kj405942/POLFED_bosons/pbs_bose_legacy_nmax2_periodic/data/U_20/W_10/L_6/N_6_nmax_2/boundary_periodic/energies_full_U20_L6_N6_nmax2_W10_boundaryperiodic_nreal300.txt
Accepted realizations: 300 / 300
Skipped realizations: 0
Job finished at Sun May 31 17:12:43 UTC 2026
