Job started on w30 at Sun May 31 17:10:52 UTC 2026
PBS_JOBID=7731478.kruk-host.ift-klaster.lan
PBS_O_WORKDIR=/home/2/kj405942/POLFED_bosons
Bose-Hubbard: L=6, N=6, nmax=2, dim=141
t=1, U=20, W=4, nreal=300, boundary=periodic, mode=full
Writing partial results to /home/2/kj405942/POLFED_bosons/pbs_bose_legacy_nmax2_periodic/data/U_20/W_4/L_6/N_6_nmax_2/boundary_periodic/energies_full_U20_L6_N6_nmax2_W4_boundaryperiodic_nreal300_partial.txt
realization 1 / 300 ... accepted 1. Emin=1.77352221, Emax=133.57600060
realization 2 / 300 ... accepted 2. Emin=0.52051631, Emax=133.49967673
realization 3 / 300 ... accepted 3. Emin=-7.81500456, Emax=120.63299975
realization 4 / 300 ... accepted 4. Emin=6.62384966, Emax=135.21863052
realization 5 / 300 ... accepted 5. Emin=-3.87916394, Emax=125.96685893
realization 6 / 300 ... accepted 6. Emin=-5.74391206, Emax=128.45471972
realization 7 / 300 ... accepted 7. Emin=0.05729748, Emax=129.37325661
realization 8 / 300 ... accepted 8. Emin=0.90341240, Emax=133.64609268
realization 9 / 300 ... accepted 9. Emin=-5.27028244, Emax=131.42315044
realization 10 / 300 ... accepted 10. Emin=-0.47100526, Emax=131.03664677
realization 11 / 300 ... accepted 11. Emin=-5.47995657, Emax=132.01417795
realization 12 / 300 ... accepted 12. Emin=2.66358509, Emax=134.89069084
realization 13 / 300 ... accepted 13. Emin=9.75977816, Emax=138.11930650
realization 14 / 300 ... accepted 14. Emin=-5.62307698, Emax=125.28718232
realization 15 / 300 ... accepted 15. Emin=-0.58001820, Emax=129.99592974
realization 16 / 300 ... accepted 16. Emin=-3.28861757, Emax=126.40117661
realization 17 / 300 ... accepted 17. Emin=-5.68380952, Emax=122.07606607
realization 18 / 300 ... accepted 18. Emin=2.11702923, Emax=136.38499770
realization 19 / 300 ... accepted 19. Emin=1.14022275, Emax=131.07673082
realization 20 / 300 ... accepted 20. Emin=1.11757054, Emax=133.78877904
realization 21 / 300 ... accepted 21. Emin=-9.35142966, Emax=123.27484302
realization 22 / 300 ... accepted 22. Emin=-2.53145003, Emax=132.42931540
realization 23 / 300 ... accepted 23. Emin=-9.34166942, Emax=120.61600146
realization 24 / 300 ... accepted 24. Emin=-7.54530514, Emax=120.01135162
realization 25 / 300 ... accepted 25. Emin=4.22713339, Emax=136.63644433
realization 26 / 300 ... accepted 26. Emin=6.89522614, Emax=135.92938089
realization 27 / 300 ... accepted 27. Emin=-3.25149695, Emax=130.19806718
realization 28 / 300 ... accepted 28. Emin=6.71341894, Emax=136.57363572
realization 29 / 300 ... accepted 29. Emin=-9.01975060, Emax=121.06496037
realization 30 / 300 ... accepted 30. Emin=10.41914875, Emax=140.73915809
realization 31 / 300 ... accepted 31. Emin=-6.43587822, Emax=123.05186352
realization 32 / 300 ... accepted 32. Emin=-1.54522005, Emax=134.74736167
realization 33 / 300 ... accepted 33. Emin=6.03530841, Emax=140.20631984
realization 34 / 300 ... accepted 34. Emin=-8.56905357, Emax=119.74445692
realization 35 / 300 ... accepted 35. Emin=0.69647281, Emax=133.39649463
realization 36 / 300 ... accepted 36. Emin=2.56936762, Emax=132.89638492
realization 37 / 300 ... accepted 37. Emin=-9.35172802, Emax=122.55064984
realization 38 / 300 ... accepted 38. Emin=2.62635188, Emax=131.45165134
realization 39 / 300 ... accepted 39. Emin=-7.50372444, Emax=123.52925739
realization 40 / 300 ... accepted 40. Emin=1.29075374, Emax=130.41343385
realization 41 / 300 ... accepted 41. Emin=0.30073440, Emax=133.88335463
realization 42 / 300 ... accepted 42. Emin=-7.49225761, Emax=124.38477956
realization 43 / 300 ... accepted 43. Emin=-3.81681513, Emax=131.18998935
realization 44 / 300 ... accepted 44. Emin=2.92353397, Emax=134.94831787
realization 45 / 300 ... accepted 45. Emin=0.97983794, Emax=133.77611642
realization 46 / 300 ... accepted 46. Emin=3.16770941, Emax=134.28658465
realization 47 / 300 ... accepted 47. Emin=1.18160990, Emax=135.21297781
realization 48 / 300 ... accepted 48. Emin=-9.15762935, Emax=117.06625254
realization 49 / 300 ... accepted 49. Emin=-7.91116871, Emax=122.32267944
realization 50 / 300 ... accepted 50. Emin=-3.23719439, Emax=126.48889189
realization 51 / 300 ... accepted 51. Emin=-3.43129957, Emax=124.42905336
realization 52 / 300 ... accepted 52. Emin=-5.05684092, Emax=124.39421106
realization 53 / 300 ... accepted 53. Emin=-4.13429616, Emax=131.13506266
realization 54 / 300 ... accepted 54. Emin=6.79144121, Emax=135.29528164
realization 55 / 300 ... accepted 55. Emin=0.58741926, Emax=125.96976781
realization 56 / 300 ... accepted 56. Emin=2.17352017, Emax=130.13132151
realization 57 / 300 ... accepted 57. Emin=1.67075739, Emax=128.24077421
realization 58 / 300 ... accepted 58. Emin=-4.99725466, Emax=126.40162468
realization 59 / 300 ... accepted 59. Emin=-2.66835884, Emax=130.36015076
realization 60 / 300 ... accepted 60. Emin=-0.37338734, Emax=128.03088764
realization 61 / 300 ... accepted 61. Emin=-3.85391189, Emax=128.38300983
realization 62 / 300 ... accepted 62. Emin=-3.44087212, Emax=125.82963080
realization 63 / 300 ... accepted 63. Emin=3.37100592, Emax=137.53363411
realization 64 / 300 ... accepted 64. Emin=2.58323699, Emax=134.85924273
realization 65 / 300 ... accepted 65. Emin=4.20874229, Emax=136.23688451
realization 66 / 300 ... accepted 66. Emin=1.72709847, Emax=134.68222024
realization 67 / 300 ... accepted 67. Emin=3.76809733, Emax=136.78835898
realization 68 / 300 ... accepted 68. Emin=-6.97689976, Emax=130.20146222
realization 69 / 300 ... accepted 69. Emin=1.86404804, Emax=135.93943109
realization 70 / 300 ... accepted 70. Emin=1.22459513, Emax=132.31879493
realization 71 / 300 ... accepted 71. Emin=-5.51661348, Emax=126.94616762
realization 72 / 300 ... accepted 72. Emin=2.25778955, Emax=129.73721923
realization 73 / 300 ... accepted 73. Emin=-6.75049193, Emax=123.66212302
realization 74 / 300 ... accepted 74. Emin=2.43108919, Emax=136.38054144
realization 75 / 300 ... accepted 75. Emin=-0.82872289, Emax=131.41000628
realization 76 / 300 ... accepted 76. Emin=-10.26551779, Emax=118.74994190
realization 77 / 300 ... accepted 77. Emin=4.02786493, Emax=135.58357668
realization 78 / 300 ... accepted 78. Emin=-2.55595729, Emax=130.51166140
realization 79 / 300 ... accepted 79. Emin=4.92556899, Emax=139.14979581
realization 80 / 300 ... accepted 80. Emin=2.74628525, Emax=135.12141064
realization 81 / 300 ... accepted 81. Emin=-3.02240645, Emax=130.48690688
realization 82 / 300 ... accepted 82. Emin=0.08257452, Emax=127.64307293
realization 83 / 300 ... accepted 83. Emin=-2.36165535, Emax=125.13873958
realization 84 / 300 ... accepted 84. Emin=11.93533055, Emax=140.25891595
realization 85 / 300 ... accepted 85. Emin=-1.52885498, Emax=132.16100594
realization 86 / 300 ... accepted 86. Emin=-3.47423660, Emax=125.24696710
realization 87 / 300 ... accepted 87. Emin=0.22723075, Emax=128.30659501
realization 88 / 300 ... accepted 88. Emin=4.75196458, Emax=137.25034636
realization 89 / 300 ... accepted 89. Emin=-5.50389171, Emax=123.45255647
realization 90 / 300 ... accepted 90. Emin=-11.89670860, Emax=115.51176671
realization 91 / 300 ... accepted 91. Emin=-6.15789664, Emax=124.57810650
realization 92 / 300 ... accepted 92. Emin=-1.48441411, Emax=128.22647953
realization 93 / 300 ... accepted 93. Emin=-13.28038877, Emax=114.90566099
realization 94 / 300 ... accepted 94. Emin=-11.68691379, Emax=117.82821846
realization 95 / 300 ... accepted 95. Emin=8.06178091, Emax=138.37039978
realization 96 / 300 ... accepted 96. Emin=-3.01967538, Emax=130.73913039
realization 97 / 300 ... accepted 97. Emin=-3.55913241, Emax=125.13938187
realization 98 / 300 ... accepted 98. Emin=5.96779540, Emax=134.22648812
realization 99 / 300 ... accepted 99. Emin=7.95841964, Emax=139.52572529
realization 100 / 300 ... accepted 100. Emin=-0.11990108, Emax=129.59585967
realization 101 / 300 ... accepted 101. Emin=-10.41888269, Emax=121.41039485
realization 102 / 300 ... accepted 102. Emin=-6.91752318, Emax=122.33332707
realization 103 / 300 ... accepted 103. Emin=-6.38358756, Emax=122.25576443
realization 104 / 300 ... accepted 104. Emin=3.64693083, Emax=136.03431533
realization 105 / 300 ... accepted 105. Emin=-1.56864545, Emax=133.29512235
realization 106 / 300 ... accepted 106. Emin=-8.12833293, Emax=123.82997910
realization 107 / 300 ... accepted 107. Emin=-7.87403254, Emax=122.83763614
realization 108 / 300 ... accepted 108. Emin=-0.99868474, Emax=125.10123003
realization 109 / 300 ... accepted 109. Emin=-0.65005595, Emax=133.06087090
realization 110 / 300 ... accepted 110. Emin=-1.20364221, Emax=127.41545594
realization 111 / 300 ... accepted 111. Emin=4.62346238, Emax=133.34817161
realization 112 / 300 ... accepted 112. Emin=6.60690586, Emax=137.64751885
realization 113 / 300 ... accepted 113. Emin=0.99802330, Emax=132.91660328
realization 114 / 300 ... accepted 114. Emin=-8.65380422, Emax=120.31926509
realization 115 / 300 ... accepted 115. Emin=2.72423093, Emax=137.27683849
realization 116 / 300 ... accepted 116. Emin=-3.05048713, Emax=132.96554798
realization 117 / 300 ... accepted 117. Emin=-2.92921914, Emax=127.46397277
realization 118 / 300 ... accepted 118. Emin=9.37101935, Emax=138.50971127
realization 119 / 300 ... accepted 119. Emin=6.87458189, Emax=134.22625718
realization 120 / 300 ... accepted 120. Emin=-4.54298398, Emax=125.28237787
realization 121 / 300 ... accepted 121. Emin=-0.42117188, Emax=134.51403374
realization 122 / 300 ... accepted 122. Emin=-8.17550007, Emax=122.47634137
realization 123 / 300 ... accepted 123. Emin=3.09842175, Emax=139.32304872
realization 124 / 300 ... accepted 124. Emin=2.25069034, Emax=132.45340673
realization 125 / 300 ... accepted 125. Emin=2.35633902, Emax=137.99980084
realization 126 / 300 ... accepted 126. Emin=5.42859232, Emax=140.02796912
realization 127 / 300 ... accepted 127. Emin=-2.04729072, Emax=130.83632674
realization 128 / 300 ... accepted 128. Emin=4.69275982, Emax=134.73114734
realization 129 / 300 ... accepted 129. Emin=-0.83277932, Emax=132.58015005
realization 130 / 300 ... accepted 130. Emin=-3.65371338, Emax=123.90164108
realization 131 / 300 ... accepted 131. Emin=-1.73371538, Emax=130.33581917
realization 132 / 300 ... accepted 132. Emin=-2.24194993, Emax=126.96286831
realization 133 / 300 ... accepted 133. Emin=3.01347400, Emax=138.44674025
realization 134 / 300 ... accepted 134. Emin=-11.55886137, Emax=117.18599356
realization 135 / 300 ... accepted 135. Emin=-6.10243030, Emax=122.56721938
realization 136 / 300 ... accepted 136. Emin=-2.77472882, Emax=128.43984807
realization 137 / 300 ... accepted 137. Emin=-0.86509787, Emax=127.10363320
realization 138 / 300 ... accepted 138. Emin=-6.66487386, Emax=124.19412504
realization 139 / 300 ... accepted 139. Emin=5.71119363, Emax=137.44335450
realization 140 / 300 ... accepted 140. Emin=-9.03709100, Emax=120.52262005
realization 141 / 300 ... accepted 141. Emin=2.49661902, Emax=135.91012432
realization 142 / 300 ... accepted 142. Emin=5.43295483, Emax=141.13051542
realization 143 / 300 ... accepted 143. Emin=2.02147395, Emax=133.52048547
realization 144 / 300 ... accepted 144. Emin=3.19360834, Emax=136.47466039
realization 145 / 300 ... accepted 145. Emin=-3.93318683, Emax=127.96884669
realization 146 / 300 ... accepted 146. Emin=-10.45174956, Emax=120.07570463
realization 147 / 300 ... accepted 147. Emin=3.21943315, Emax=131.76061818
realization 148 / 300 ... accepted 148. Emin=-0.92777441, Emax=132.30900076
realization 149 / 300 ... accepted 149. Emin=-4.06863263, Emax=125.21843976
realization 150 / 300 ... accepted 150. Emin=-0.96895318, Emax=130.64485226
realization 151 / 300 ... accepted 151. Emin=9.54540518, Emax=141.37977178
realization 152 / 300 ... accepted 152. Emin=12.06520723, Emax=142.47667686
realization 153 / 300 ... accepted 153. Emin=1.44241395, Emax=135.93391418
realization 154 / 300 ... accepted 154. Emin=-3.64686164, Emax=127.53101627
realization 155 / 300 ... accepted 155. Emin=-6.60540408, Emax=120.82937568
realization 156 / 300 ... accepted 156. Emin=-1.95931547, Emax=129.81712550
realization 157 / 300 ... accepted 157. Emin=-4.81256135, Emax=127.66364257
realization 158 / 300 ... accepted 158. Emin=2.28604369, Emax=130.88247062
realization 159 / 300 ... accepted 159. Emin=9.68010352, Emax=137.00528455
realization 160 / 300 ... accepted 160. Emin=-7.22576747, Emax=118.94836834
realization 161 / 300 ... accepted 161. Emin=-4.92247168, Emax=123.02775282
realization 162 / 300 ... accepted 162. Emin=5.82963208, Emax=134.86636406
realization 163 / 300 ... accepted 163. Emin=-10.74751624, Emax=116.35892613
realization 164 / 300 ... accepted 164. Emin=5.89967797, Emax=138.50563068
realization 165 / 300 ... accepted 165. Emin=-4.86971940, Emax=125.24556887
realization 166 / 300 ... accepted 166. Emin=-8.67202380, Emax=116.04276083
realization 167 / 300 ... accepted 167. Emin=10.76005295, Emax=142.07195799
realization 168 / 300 ... accepted 168. Emin=-0.17684199, Emax=127.02298051
realization 169 / 300 ... accepted 169. Emin=-1.98680355, Emax=124.11105002
realization 170 / 300 ... accepted 170. Emin=4.11086498, Emax=133.54599550
realization 171 / 300 ... accepted 171. Emin=-0.49575823, Emax=126.90962753
realization 172 / 300 ... accepted 172. Emin=0.04475070, Emax=129.45800776
realization 173 / 300 ... accepted 173. Emin=-11.50503174, Emax=118.84820217
realization 174 / 300 ... accepted 174. Emin=-1.55839469, Emax=134.79191666
realization 175 / 300 ... accepted 175. Emin=5.10453724, Emax=133.48034566
realization 176 / 300 ... accepted 176. Emin=5.93889749, Emax=140.09081991
realization 177 / 300 ... accepted 177. Emin=5.79173206, Emax=135.50789520
realization 178 / 300 ... accepted 178. Emin=3.26005274, Emax=140.46552434
realization 179 / 300 ... accepted 179. Emin=-6.66012522, Emax=126.22342522
realization 180 / 300 ... accepted 180. Emin=-0.09991551, Emax=132.11007475
realization 181 / 300 ... accepted 181. Emin=-1.88998543, Emax=133.79670349
realization 182 / 300 ... accepted 182. Emin=2.32793676, Emax=131.34713624
realization 183 / 300 ... accepted 183. Emin=-4.52706124, Emax=127.18193890
realization 184 / 300 ... accepted 184. Emin=-3.50584254, Emax=127.50813249
realization 185 / 300 ... accepted 185. Emin=2.49847498, Emax=137.94886653
realization 186 / 300 ... accepted 186. Emin=-2.53030100, Emax=130.02119074
realization 187 / 300 ... accepted 187. Emin=-0.79423184, Emax=131.42430829
realization 188 / 300 ... accepted 188. Emin=-8.35061443, Emax=127.76477621
realization 189 / 300 ... accepted 189. Emin=4.10861847, Emax=129.32966923
realization 190 / 300 ... accepted 190. Emin=0.83282114, Emax=132.29089185
realization 191 / 300 ... accepted 191. Emin=0.12138476, Emax=129.96264966
realization 192 / 300 ... accepted 192. Emin=4.58257098, Emax=132.04537002
realization 193 / 300 ... accepted 193. Emin=4.35699643, Emax=134.72045704
realization 194 / 300 ... accepted 194. Emin=-6.73765909, Emax=126.32134223
realization 195 / 300 ... accepted 195. Emin=-4.37130544, Emax=127.15821607
realization 196 / 300 ... accepted 196. Emin=-2.41758115, Emax=131.16884802
realization 197 / 300 ... accepted 197. Emin=-9.27411443, Emax=123.68003513
realization 198 / 300 ... accepted 198. Emin=4.64530571, Emax=137.68413888
realization 199 / 300 ... accepted 199. Emin=-6.86820850, Emax=120.77651053
realization 200 / 300 ... accepted 200. Emin=-4.60239833, Emax=122.55003725
realization 201 / 300 ... accepted 201. Emin=-8.22077114, Emax=120.33740770
realization 202 / 300 ... accepted 202. Emin=-4.76699684, Emax=129.25829077
realization 203 / 300 ... accepted 203. Emin=2.09357458, Emax=132.19640751
realization 204 / 300 ... accepted 204. Emin=0.81699572, Emax=134.45690500
realization 205 / 300 ... accepted 205. Emin=-11.79227091, Emax=113.18381808
realization 206 / 300 ... accepted 206. Emin=-4.63991336, Emax=124.64744733
realization 207 / 300 ... accepted 207. Emin=-0.78386546, Emax=130.12837285
realization 208 / 300 ... accepted 208. Emin=-1.47780438, Emax=132.54058361
realization 209 / 300 ... accepted 209. Emin=1.31037225, Emax=126.44496630
realization 210 / 300 ... accepted 210. Emin=4.42832922, Emax=134.35764378
realization 211 / 300 ... accepted 211. Emin=-6.59773515, Emax=121.80970152
realization 212 / 300 ... accepted 212. Emin=-2.14281845, Emax=131.39080245
realization 213 / 300 ... accepted 213. Emin=-2.58666305, Emax=122.01163207
realization 214 / 300 ... accepted 214. Emin=-7.29312468, Emax=126.04361054
realization 215 / 300 ... accepted 215. Emin=-1.25717620, Emax=124.74154609
realization 216 / 300 ... accepted 216. Emin=3.94095431, Emax=135.06105811
realization 217 / 300 ... accepted 217. Emin=-2.93063236, Emax=130.93173045
realization 218 / 300 ... accepted 218. Emin=-2.53895591, Emax=127.62269984
realization 219 / 300 ... accepted 219. Emin=1.89247421, Emax=128.87160228
realization 220 / 300 ... accepted 220. Emin=-5.80719913, Emax=124.02519076
realization 221 / 300 ... accepted 221. Emin=-10.93185194, Emax=114.62239050
realization 222 / 300 ... accepted 222. Emin=0.72005933, Emax=130.17655742
realization 223 / 300 ... accepted 223. Emin=-0.11849886, Emax=131.76440197
realization 224 / 300 ... accepted 224. Emin=-8.23907933, Emax=121.20880356
realization 225 / 300 ... accepted 225. Emin=6.51979393, Emax=141.27181725
realization 226 / 300 ... accepted 226. Emin=5.17253210, Emax=132.54493499
realization 227 / 300 ... accepted 227. Emin=5.59824302, Emax=141.13653707
realization 228 / 300 ... accepted 228. Emin=-3.31475691, Emax=133.68939361
realization 229 / 300 ... accepted 229. Emin=2.60366678, Emax=132.50351015
realization 230 / 300 ... accepted 230. Emin=-0.15440392, Emax=127.41393998
realization 231 / 300 ... accepted 231. Emin=-2.32679420, Emax=126.45238923
realization 232 / 300 ... accepted 232. Emin=8.84781315, Emax=140.06860246
realization 233 / 300 ... accepted 233. Emin=-2.00751680, Emax=135.64220099
realization 234 / 300 ... accepted 234. Emin=-2.07770172, Emax=129.55073818
realization 235 / 300 ... accepted 235. Emin=1.69460472, Emax=135.93128846
realization 236 / 300 ... accepted 236. Emin=8.14974799, Emax=138.92865093
realization 237 / 300 ... accepted 237. Emin=-3.40525324, Emax=128.33632596
realization 238 / 300 ... accepted 238. Emin=6.46635074, Emax=135.42499478
realization 239 / 300 ... accepted 239. Emin=6.50177055, Emax=136.96186523
realization 240 / 300 ... accepted 240. Emin=0.80702844, Emax=131.58603087
realization 241 / 300 ... accepted 241. Emin=-7.71568544, Emax=118.02850547
realization 242 / 300 ... accepted 242. Emin=-7.74869305, Emax=118.55999195
realization 243 / 300 ... accepted 243. Emin=-5.56528424, Emax=125.17270908
realization 244 / 300 ... accepted 244. Emin=-5.03033562, Emax=123.90552763
realization 245 / 300 ... accepted 245. Emin=4.56344996, Emax=137.15126449
realization 246 / 300 ... accepted 246. Emin=-6.41482554, Emax=128.79554080
realization 247 / 300 ... accepted 247. Emin=-0.54595279, Emax=129.45993455
realization 248 / 300 ... accepted 248. Emin=6.35583006, Emax=137.21133828
realization 249 / 300 ... accepted 249. Emin=-4.71109378, Emax=124.30502728
realization 250 / 300 ... accepted 250. Emin=-5.20782606, Emax=127.71338973
realization 251 / 300 ... accepted 251. Emin=-1.79609126, Emax=129.77405543
realization 252 / 300 ... accepted 252. Emin=2.45228999, Emax=131.50142626
realization 253 / 300 ... accepted 253. Emin=5.35454244, Emax=134.80411889
realization 254 / 300 ... accepted 254. Emin=4.50972152, Emax=133.95764989
realization 255 / 300 ... accepted 255. Emin=0.88540426, Emax=132.39644872
realization 256 / 300 ... accepted 256. Emin=-4.99897429, Emax=130.55078777
realization 257 / 300 ... accepted 257. Emin=4.16397267, Emax=135.08708433
realization 258 / 300 ... accepted 258. Emin=3.45657986, Emax=137.10217989
realization 259 / 300 ... accepted 259. Emin=0.16391038, Emax=132.20901906
realization 260 / 300 ... accepted 260. Emin=5.49671174, Emax=140.10283729
realization 261 / 300 ... accepted 261. Emin=-9.56058137, Emax=119.92261940
realization 262 / 300 ... accepted 262. Emin=-5.64899332, Emax=121.99680279
realization 263 / 300 ... accepted 263. Emin=-0.19177687, Emax=133.75464968
realization 264 / 300 ... accepted 264. Emin=8.85884696, Emax=139.93499325
realization 265 / 300 ... accepted 265. Emin=-5.17653898, Emax=124.21422824
realization 266 / 300 ... accepted 266. Emin=6.70672576, Emax=135.79981315
realization 267 / 300 ... accepted 267. Emin=-3.54192326, Emax=126.27396852
realization 268 / 300 ... accepted 268. Emin=1.06320622, Emax=135.77552025
realization 269 / 300 ... accepted 269. Emin=8.09366733, Emax=140.65067397
realization 270 / 300 ... accepted 270. Emin=-3.25768344, Emax=128.46948912
realization 271 / 300 ... accepted 271. Emin=-2.96169707, Emax=127.93355137
realization 272 / 300 ... accepted 272. Emin=-5.47893924, Emax=126.23920800
realization 273 / 300 ... accepted 273. Emin=-12.43080590, Emax=116.07755168
realization 274 / 300 ... accepted 274. Emin=-8.02555672, Emax=122.52599501
realization 275 / 300 ... accepted 275. Emin=-6.68746102, Emax=120.57789614
realization 276 / 300 ... accepted 276. Emin=-1.93402921, Emax=127.42319547
realization 277 / 300 ... accepted 277. Emin=2.24192500, Emax=132.11615634
realization 278 / 300 ... accepted 278. Emin=1.39257189, Emax=134.95433067
realization 279 / 300 ... accepted 279. Emin=-4.37016392, Emax=129.78491903
realization 280 / 300 ... accepted 280. Emin=-3.35293802, Emax=128.17322523
realization 281 / 300 ... accepted 281. Emin=10.16133343, Emax=141.85346761
realization 282 / 300 ... accepted 282. Emin=-0.53298239, Emax=130.88565403
realization 283 / 300 ... accepted 283. Emin=-1.34823918, Emax=132.79537566
realization 284 / 300 ... accepted 284. Emin=5.64060256, Emax=131.93604981
realization 285 / 300 ... accepted 285. Emin=0.99594394, Emax=135.52109053
realization 286 / 300 ... accepted 286. Emin=3.07598458, Emax=130.79659932
realization 287 / 300 ... accepted 287. Emin=2.62455228, Emax=134.73636016
realization 288 / 300 ... accepted 288. Emin=-1.59864629, Emax=131.29134627
realization 289 / 300 ... accepted 289. Emin=8.76225948, Emax=135.73843493
realization 290 / 300 ... accepted 290. Emin=2.53251762, Emax=137.40066290
realization 291 / 300 ... accepted 291. Emin=0.11794662, Emax=129.97163051
realization 292 / 300 ... accepted 292. Emin=1.84715148, Emax=127.72217980
realization 293 / 300 ... accepted 293. Emin=9.38379626, Emax=140.67378775
realization 294 / 300 ... accepted 294. Emin=-6.73806302, Emax=123.18325130
realization 295 / 300 ... accepted 295. Emin=10.98769897, Emax=136.69274029
realization 296 / 300 ... accepted 296. Emin=-15.81208021, Emax=111.64509960
realization 297 / 300 ... accepted 297. Emin=-3.87169707, Emax=129.96039186
realization 298 / 300 ... accepted 298. Emin=9.03023631, Emax=138.69172460
realization 299 / 300 ... accepted 299. Emin=-4.56808754, Emax=123.15271431
realization 300 / 300 ... accepted 300. Emin=-0.55526325, Emax=131.60446007
Saved final energies: /home/2/kj405942/POLFED_bosons/pbs_bose_legacy_nmax2_periodic/data/U_20/W_4/L_6/N_6_nmax_2/boundary_periodic/energies_full_U20_L6_N6_nmax2_W4_boundaryperiodic_nreal300.txt
Accepted realizations: 300 / 300
Skipped realizations: 0
Job finished at Sun May 31 17:12:39 UTC 2026
