Job started on w30 at Sun May 31 17:10:55 UTC 2026
PBS_JOBID=7731482.kruk-host.ift-klaster.lan
PBS_O_WORKDIR=/home/2/kj405942/POLFED_bosons
Bose-Hubbard: L=6, N=6, nmax=2, dim=141
t=1, U=20, W=8, nreal=300, boundary=periodic, mode=full
Writing partial results to /home/2/kj405942/POLFED_bosons/pbs_bose_legacy_nmax2_periodic/data/U_20/W_8/L_6/N_6_nmax_2/boundary_periodic/energies_full_U20_L6_N6_nmax2_W8_boundaryperiodic_nreal300_partial.txt
realization 1 / 300 ... accepted 1. Emin=-2.59979420, Emax=152.00438722
realization 2 / 300 ... accepted 2. Emin=-6.04239412, Emax=135.39058571
realization 3 / 300 ... accepted 3. Emin=-6.78567186, Emax=133.96013397
realization 4 / 300 ... accepted 4. Emin=-4.33535603, Emax=142.57118870
realization 5 / 300 ... accepted 5. Emin=7.40821947, Emax=157.50299872
realization 6 / 300 ... accepted 6. Emin=20.60703600, Emax=152.71936124
realization 7 / 300 ... accepted 7. Emin=1.06929794, Emax=146.06527957
realization 8 / 300 ... accepted 8. Emin=18.94494953, Emax=158.89327527
realization 9 / 300 ... accepted 9. Emin=1.14460655, Emax=141.25485330
realization 10 / 300 ... accepted 10. Emin=10.45368640, Emax=153.99101058
realization 11 / 300 ... accepted 11. Emin=10.73978151, Emax=154.66573366
realization 12 / 300 ... accepted 12. Emin=-12.68036220, Emax=121.56529873
realization 13 / 300 ... accepted 13. Emin=-2.35706816, Emax=141.20165549
realization 14 / 300 ... accepted 14. Emin=-21.83410645, Emax=122.29837479
realization 15 / 300 ... accepted 15. Emin=15.17465290, Emax=156.46939937
realization 16 / 300 ... accepted 16. Emin=13.76359600, Emax=161.38386362
realization 17 / 300 ... accepted 17. Emin=14.72751449, Emax=155.79260470
realization 18 / 300 ... accepted 18. Emin=-12.21454442, Emax=135.85739722
realization 19 / 300 ... accepted 19. Emin=13.79448706, Emax=149.44178466
realization 20 / 300 ... accepted 20. Emin=4.59345340, Emax=143.59763502
realization 21 / 300 ... accepted 21. Emin=-0.71581175, Emax=139.73584027
realization 22 / 300 ... accepted 22. Emin=2.20972224, Emax=142.66374462
realization 23 / 300 ... accepted 23. Emin=-9.73146793, Emax=125.96486342
realization 24 / 300 ... accepted 24. Emin=-7.09599718, Emax=139.53240283
realization 25 / 300 ... accepted 25. Emin=3.16149995, Emax=147.19218007
realization 26 / 300 ... accepted 26. Emin=-1.77730863, Emax=143.01489748
realization 27 / 300 ... accepted 27. Emin=6.07348811, Emax=147.18874160
realization 28 / 300 ... accepted 28. Emin=-21.59226724, Emax=109.54375675
realization 29 / 300 ... accepted 29. Emin=12.13553275, Emax=160.14276646
realization 30 / 300 ... accepted 30. Emin=5.08119154, Emax=142.60902864
realization 31 / 300 ... accepted 31. Emin=17.80912156, Emax=146.52993787
realization 32 / 300 ... accepted 32. Emin=17.10596097, Emax=146.69394039
realization 33 / 300 ... accepted 33. Emin=10.92762804, Emax=144.88155587
realization 34 / 300 ... accepted 34. Emin=8.66240074, Emax=147.28511184
realization 35 / 300 ... accepted 35. Emin=-12.28902466, Emax=128.27385093
realization 36 / 300 ... accepted 36. Emin=-2.42140016, Emax=143.66045002
realization 37 / 300 ... accepted 37. Emin=10.44035858, Emax=150.25524848
realization 38 / 300 ... accepted 38. Emin=2.54083545, Emax=143.34336082
realization 39 / 300 ... accepted 39. Emin=-13.56452885, Emax=127.21980944
realization 40 / 300 ... accepted 40. Emin=-10.76092196, Emax=124.57940591
realization 41 / 300 ... accepted 41. Emin=2.67259578, Emax=148.57809686
realization 42 / 300 ... accepted 42. Emin=28.50097273, Emax=163.51598915
realization 43 / 300 ... accepted 43. Emin=-10.24730189, Emax=130.27516551
realization 44 / 300 ... accepted 44. Emin=-10.79072427, Emax=137.94752988
realization 45 / 300 ... accepted 45. Emin=-6.99101900, Emax=137.82161060
realization 46 / 300 ... accepted 46. Emin=9.11575689, Emax=151.40807840
realization 47 / 300 ... accepted 47. Emin=1.75732470, Emax=138.24863477
realization 48 / 300 ... accepted 48. Emin=4.74661704, Emax=144.36097742
realization 49 / 300 ... accepted 49. Emin=-4.71668204, Emax=140.88556983
realization 50 / 300 ... accepted 50. Emin=10.63901299, Emax=143.58355136
realization 51 / 300 ... accepted 51. Emin=20.74217013, Emax=151.63843628
realization 52 / 300 ... accepted 52. Emin=-0.55775130, Emax=142.27682466
realization 53 / 300 ... accepted 53. Emin=6.04472961, Emax=151.38798940
realization 54 / 300 ... accepted 54. Emin=-0.05791093, Emax=137.18455708
realization 55 / 300 ... accepted 55. Emin=-0.76990464, Emax=138.64056984
realization 56 / 300 ... accepted 56. Emin=6.14634453, Emax=134.03024859
realization 57 / 300 ... accepted 57. Emin=7.14996406, Emax=147.53900194
realization 58 / 300 ... accepted 58. Emin=32.06419801, Emax=159.02939696
realization 59 / 300 ... accepted 59. Emin=-5.20151012, Emax=129.93306987
realization 60 / 300 ... accepted 60. Emin=-3.57801225, Emax=136.30164938
realization 61 / 300 ... accepted 61. Emin=-0.47446225, Emax=136.51527532
realization 62 / 300 ... accepted 62. Emin=17.63178323, Emax=157.36356476
realization 63 / 300 ... accepted 63. Emin=-16.82150359, Emax=125.12808133
realization 64 / 300 ... accepted 64. Emin=11.51403870, Emax=158.92963916
realization 65 / 300 ... accepted 65. Emin=8.62107232, Emax=146.03422441
realization 66 / 300 ... accepted 66. Emin=-4.86559409, Emax=140.21284849
realization 67 / 300 ... accepted 67. Emin=-6.37352275, Emax=135.70357548
realization 68 / 300 ... accepted 68. Emin=12.97621931, Emax=145.08642749
realization 69 / 300 ... accepted 69. Emin=-24.49313306, Emax=112.90992172
realization 70 / 300 ... accepted 70. Emin=-2.15238226, Emax=142.55437249
realization 71 / 300 ... accepted 71. Emin=25.15201384, Emax=164.16334840
realization 72 / 300 ... accepted 72. Emin=-22.54972964, Emax=116.59668761
realization 73 / 300 ... accepted 73. Emin=7.36011328, Emax=142.19930238
realization 74 / 300 ... accepted 74. Emin=12.03098366, Emax=158.36459816
realization 75 / 300 ... accepted 75. Emin=-12.62956213, Emax=131.67115741
realization 76 / 300 ... accepted 76. Emin=6.36556407, Emax=144.77072992
realization 77 / 300 ... accepted 77. Emin=9.56249250, Emax=148.17211974
realization 78 / 300 ... accepted 78. Emin=5.71434968, Emax=138.26658362
realization 79 / 300 ... accepted 79. Emin=10.93873343, Emax=148.36381016
realization 80 / 300 ... accepted 80. Emin=-7.94684730, Emax=134.37148296
realization 81 / 300 ... accepted 81. Emin=3.71519641, Emax=162.17923194
realization 82 / 300 ... accepted 82. Emin=-7.49971680, Emax=128.51881719
realization 83 / 300 ... accepted 83. Emin=-3.03341577, Emax=144.38193714
realization 84 / 300 ... accepted 84. Emin=-15.70822628, Emax=130.84456023
realization 85 / 300 ... accepted 85. Emin=3.13983600, Emax=149.34261165
realization 86 / 300 ... accepted 86. Emin=-12.72390339, Emax=133.90784762
realization 87 / 300 ... accepted 87. Emin=8.88106359, Emax=154.74618151
realization 88 / 300 ... accepted 88. Emin=1.00941465, Emax=154.07517416
realization 89 / 300 ... accepted 89. Emin=-7.51298735, Emax=133.54136855
realization 90 / 300 ... accepted 90. Emin=9.42232243, Emax=150.21466040
realization 91 / 300 ... accepted 91. Emin=-13.73266511, Emax=118.06268888
realization 92 / 300 ... accepted 92. Emin=13.02323493, Emax=154.51361676
realization 93 / 300 ... accepted 93. Emin=-7.65336728, Emax=125.92731846
realization 94 / 300 ... accepted 94. Emin=-6.98114564, Emax=137.90910596
realization 95 / 300 ... accepted 95. Emin=-31.37411164, Emax=98.88478271
realization 96 / 300 ... accepted 96. Emin=5.10645470, Emax=146.03409593
realization 97 / 300 ... accepted 97. Emin=-5.01247488, Emax=127.41241025
realization 98 / 300 ... accepted 98. Emin=17.58187447, Emax=158.21434116
realization 99 / 300 ... accepted 99. Emin=-1.84788705, Emax=142.83886347
realization 100 / 300 ... accepted 100. Emin=8.66079392, Emax=144.52033017
realization 101 / 300 ... accepted 101. Emin=11.11562061, Emax=156.47721661
realization 102 / 300 ... accepted 102. Emin=-0.28453532, Emax=149.97244343
realization 103 / 300 ... accepted 103. Emin=-9.78225987, Emax=120.08967406
realization 104 / 300 ... accepted 104. Emin=-14.85491130, Emax=115.31290237
realization 105 / 300 ... accepted 105. Emin=-6.47195446, Emax=138.88304265
realization 106 / 300 ... accepted 106. Emin=22.09723770, Emax=161.11474338
realization 107 / 300 ... accepted 107. Emin=9.25895628, Emax=158.64221477
realization 108 / 300 ... accepted 108. Emin=7.84022142, Emax=157.01980722
realization 109 / 300 ... accepted 109. Emin=-12.71543754, Emax=124.44845306
realization 110 / 300 ... accepted 110. Emin=14.26956819, Emax=143.79705352
realization 111 / 300 ... accepted 111. Emin=0.15234327, Emax=141.21680109
realization 112 / 300 ... accepted 112. Emin=2.07079521, Emax=151.74189638
realization 113 / 300 ... accepted 113. Emin=0.75779935, Emax=155.74886183
realization 114 / 300 ... accepted 114. Emin=-9.60228974, Emax=133.43292575
realization 115 / 300 ... accepted 115. Emin=-6.27381106, Emax=125.11958247
realization 116 / 300 ... accepted 116. Emin=13.36444835, Emax=154.15671974
realization 117 / 300 ... accepted 117. Emin=-1.62900810, Emax=145.96893798
realization 118 / 300 ... accepted 118. Emin=2.38298786, Emax=144.34565246
realization 119 / 300 ... accepted 119. Emin=-2.74504687, Emax=134.65768947
realization 120 / 300 ... accepted 120. Emin=-15.48920099, Emax=120.60951254
realization 121 / 300 ... accepted 121. Emin=29.81029172, Emax=163.74835912
realization 122 / 300 ... accepted 122. Emin=8.41791943, Emax=147.96899479
realization 123 / 300 ... accepted 123. Emin=-6.44840865, Emax=129.34910330
realization 124 / 300 ... accepted 124. Emin=21.72260355, Emax=159.47963601
realization 125 / 300 ... accepted 125. Emin=7.48493607, Emax=152.82307536
realization 126 / 300 ... accepted 126. Emin=-17.27108102, Emax=121.48719689
realization 127 / 300 ... accepted 127. Emin=8.49947051, Emax=152.40114682
realization 128 / 300 ... accepted 128. Emin=-4.62323001, Emax=141.67544162
realization 129 / 300 ... accepted 129. Emin=-3.67962462, Emax=143.03277389
realization 130 / 300 ... accepted 130. Emin=-28.43413293, Emax=107.11184237
realization 131 / 300 ... accepted 131. Emin=-13.91555255, Emax=122.29489490
realization 132 / 300 ... accepted 132. Emin=20.66349705, Emax=158.23496501
realization 133 / 300 ... accepted 133. Emin=-0.72961079, Emax=141.13205390
realization 134 / 300 ... accepted 134. Emin=-4.30383668, Emax=144.00491669
realization 135 / 300 ... accepted 135. Emin=0.08992686, Emax=145.17335541
realization 136 / 300 ... accepted 136. Emin=-0.87161170, Emax=143.83210971
realization 137 / 300 ... accepted 137. Emin=-17.22284894, Emax=126.80854695
realization 138 / 300 ... accepted 138. Emin=-4.44628299, Emax=143.73795370
realization 139 / 300 ... accepted 139. Emin=1.29317294, Emax=141.35592570
realization 140 / 300 ... accepted 140. Emin=4.60945923, Emax=150.71755946
realization 141 / 300 ... accepted 141. Emin=6.40232044, Emax=150.86490714
realization 142 / 300 ... accepted 142. Emin=-19.36507896, Emax=125.49001665
realization 143 / 300 ... accepted 143. Emin=-9.38019157, Emax=134.29729008
realization 144 / 300 ... accepted 144. Emin=11.92758607, Emax=158.35610227
realization 145 / 300 ... accepted 145. Emin=12.05280919, Emax=152.96688053
realization 146 / 300 ... accepted 146. Emin=-27.24363868, Emax=108.15334803
realization 147 / 300 ... accepted 147. Emin=6.26949063, Emax=145.33777061
realization 148 / 300 ... accepted 148. Emin=-7.41841314, Emax=139.45851626
realization 149 / 300 ... accepted 149. Emin=7.82408659, Emax=151.34763551
realization 150 / 300 ... accepted 150. Emin=13.60700964, Emax=150.99665493
realization 151 / 300 ... accepted 151. Emin=24.70036521, Emax=154.67428470
realization 152 / 300 ... accepted 152. Emin=3.68123764, Emax=154.31288799
realization 153 / 300 ... accepted 153. Emin=-9.18673004, Emax=136.08736144
realization 154 / 300 ... accepted 154. Emin=12.30766842, Emax=156.61657991
realization 155 / 300 ... accepted 155. Emin=-27.16607089, Emax=107.86999483
realization 156 / 300 ... accepted 156. Emin=-11.73938764, Emax=137.86168916
realization 157 / 300 ... accepted 157. Emin=8.68515731, Emax=146.41427679
realization 158 / 300 ... accepted 158. Emin=0.21686479, Emax=144.79831531
realization 159 / 300 ... accepted 159. Emin=12.45203079, Emax=151.62085477
realization 160 / 300 ... accepted 160. Emin=8.61658939, Emax=160.43288702
realization 161 / 300 ... accepted 161. Emin=-0.14106062, Emax=140.00011341
realization 162 / 300 ... accepted 162. Emin=-0.58451523, Emax=148.38102383
realization 163 / 300 ... accepted 163. Emin=-11.60706471, Emax=117.88048207
realization 164 / 300 ... accepted 164. Emin=-2.56237589, Emax=142.87034059
realization 165 / 300 ... accepted 165. Emin=-0.24178096, Emax=141.74628150
realization 166 / 300 ... accepted 166. Emin=12.63267553, Emax=152.08433408
realization 167 / 300 ... accepted 167. Emin=-8.75524870, Emax=131.91795309
realization 168 / 300 ... accepted 168. Emin=9.09508681, Emax=147.96630609
realization 169 / 300 ... accepted 169. Emin=-10.21429546, Emax=122.40938983
realization 170 / 300 ... accepted 170. Emin=6.97030270, Emax=149.15448039
realization 171 / 300 ... accepted 171. Emin=-18.67494083, Emax=121.01786847
realization 172 / 300 ... accepted 172. Emin=6.77864375, Emax=147.69053228
realization 173 / 300 ... accepted 173. Emin=4.92781163, Emax=146.94118940
realization 174 / 300 ... accepted 174. Emin=-1.90388260, Emax=132.40076025
realization 175 / 300 ... accepted 175. Emin=-0.63132363, Emax=143.41429918
realization 176 / 300 ... accepted 176. Emin=-16.20847544, Emax=119.93471489
realization 177 / 300 ... accepted 177. Emin=11.37889101, Emax=156.11562429
realization 178 / 300 ... accepted 178. Emin=-8.45584729, Emax=130.25943586
realization 179 / 300 ... accepted 179. Emin=4.29585037, Emax=146.58162612
realization 180 / 300 ... accepted 180. Emin=5.02503937, Emax=157.15581430
realization 181 / 300 ... accepted 181. Emin=11.16969933, Emax=158.95862697
realization 182 / 300 ... accepted 182. Emin=-3.18260223, Emax=141.31291715
realization 183 / 300 ... accepted 183. Emin=-4.43056890, Emax=131.23473997
realization 184 / 300 ... accepted 184. Emin=-2.02303870, Emax=143.80300535
realization 185 / 300 ... accepted 185. Emin=20.49374439, Emax=156.39109184
realization 186 / 300 ... accepted 186. Emin=9.37204033, Emax=149.51871527
realization 187 / 300 ... accepted 187. Emin=-16.02885142, Emax=111.33536496
realization 188 / 300 ... accepted 188. Emin=4.74072309, Emax=153.49031929
realization 189 / 300 ... accepted 189. Emin=-8.96453530, Emax=138.94110692
realization 190 / 300 ... accepted 190. Emin=-15.08869881, Emax=125.59021422
realization 191 / 300 ... accepted 191. Emin=5.63646748, Emax=152.78475433
realization 192 / 300 ... accepted 192. Emin=-3.93434543, Emax=144.59270226
realization 193 / 300 ... accepted 193. Emin=-7.82074750, Emax=136.08906524
realization 194 / 300 ... accepted 194. Emin=-2.63538924, Emax=136.26539517
realization 195 / 300 ... accepted 195. Emin=-10.72587228, Emax=134.93585439
realization 196 / 300 ... accepted 196. Emin=-3.04079642, Emax=135.36590264
realization 197 / 300 ... accepted 197. Emin=4.65841911, Emax=156.70315610
realization 198 / 300 ... accepted 198. Emin=2.05515432, Emax=156.07056935
realization 199 / 300 ... accepted 199. Emin=-3.26970495, Emax=134.90913557
realization 200 / 300 ... accepted 200. Emin=-6.43032888, Emax=144.29555562
realization 201 / 300 ... accepted 201. Emin=-10.94289321, Emax=129.07417245
realization 202 / 300 ... accepted 202. Emin=-9.18344224, Emax=128.65684183
realization 203 / 300 ... accepted 203. Emin=2.81486062, Emax=138.77820553
realization 204 / 300 ... accepted 204. Emin=-0.34917627, Emax=141.08736012
realization 205 / 300 ... accepted 205. Emin=-20.68253113, Emax=114.46709300
realization 206 / 300 ... accepted 206. Emin=-9.36157327, Emax=132.95889114
realization 207 / 300 ... accepted 207. Emin=8.54229059, Emax=151.78539658
realization 208 / 300 ... accepted 208. Emin=7.37975064, Emax=149.36648249
realization 209 / 300 ... accepted 209. Emin=-8.70745874, Emax=127.92224287
realization 210 / 300 ... accepted 210. Emin=-0.41692386, Emax=148.95974900
realization 211 / 300 ... accepted 211. Emin=1.91638158, Emax=149.17558662
realization 212 / 300 ... accepted 212. Emin=-2.25556144, Emax=143.27513837
realization 213 / 300 ... accepted 213. Emin=0.38095512, Emax=148.23554041
realization 214 / 300 ... accepted 214. Emin=2.15305681, Emax=144.97610363
realization 215 / 300 ... accepted 215. Emin=4.71396655, Emax=145.29049823
realization 216 / 300 ... accepted 216. Emin=-16.70406703, Emax=131.02399693
realization 217 / 300 ... accepted 217. Emin=-11.13144225, Emax=132.16425174
realization 218 / 300 ... accepted 218. Emin=11.05909986, Emax=148.90339872
realization 219 / 300 ... accepted 219. Emin=9.12603522, Emax=140.41016108
realization 220 / 300 ... accepted 220. Emin=13.74772653, Emax=155.59987939
realization 221 / 300 ... accepted 221. Emin=-1.70761570, Emax=154.34497117
realization 222 / 300 ... accepted 222. Emin=-12.52677066, Emax=136.13037345
realization 223 / 300 ... accepted 223. Emin=8.39363189, Emax=151.25917750
realization 224 / 300 ... accepted 224. Emin=5.39522962, Emax=148.30252626
realization 225 / 300 ... accepted 225. Emin=-6.30809568, Emax=131.41803721
realization 226 / 300 ... accepted 226. Emin=7.91750223, Emax=150.43843291
realization 227 / 300 ... accepted 227. Emin=-2.26928140, Emax=136.59162376
realization 228 / 300 ... accepted 228. Emin=-27.12062290, Emax=104.74750076
realization 229 / 300 ... accepted 229. Emin=12.32768190, Emax=149.96065245
realization 230 / 300 ... accepted 230. Emin=12.29237384, Emax=150.65596272
realization 231 / 300 ... accepted 231. Emin=14.71053117, Emax=152.79065887
realization 232 / 300 ... accepted 232. Emin=28.71068090, Emax=161.70562990
realization 233 / 300 ... accepted 233. Emin=-31.38386377, Emax=97.66495735
realization 234 / 300 ... accepted 234. Emin=-3.37654809, Emax=137.84098487
realization 235 / 300 ... accepted 235. Emin=22.02735726, Emax=163.11905636
realization 236 / 300 ... accepted 236. Emin=7.33612494, Emax=144.38098659
realization 237 / 300 ... accepted 237. Emin=-3.58388778, Emax=134.71701938
realization 238 / 300 ... accepted 238. Emin=-2.74783913, Emax=142.17324586
realization 239 / 300 ... accepted 239. Emin=-4.62088339, Emax=135.00672005
realization 240 / 300 ... accepted 240. Emin=4.93089820, Emax=147.11770954
realization 241 / 300 ... accepted 241. Emin=-22.86762952, Emax=108.94049567
realization 242 / 300 ... accepted 242. Emin=-3.79935970, Emax=145.56201430
realization 243 / 300 ... accepted 243. Emin=11.47910080, Emax=161.89757146
realization 244 / 300 ... accepted 244. Emin=-4.63802914, Emax=133.81150839
realization 245 / 300 ... accepted 245. Emin=28.90642509, Emax=160.57619045
realization 246 / 300 ... accepted 246. Emin=6.83350664, Emax=156.75947934
realization 247 / 300 ... accepted 247. Emin=-8.45414260, Emax=140.41885010
realization 248 / 300 ... accepted 248. Emin=5.65072134, Emax=145.51122991
realization 249 / 300 ... accepted 249. Emin=2.88674297, Emax=149.71334789
realization 250 / 300 ... accepted 250. Emin=-19.72862811, Emax=125.58936599
realization 251 / 300 ... accepted 251. Emin=9.88723951, Emax=155.51737879
realization 252 / 300 ... accepted 252. Emin=-4.16985326, Emax=140.38108681
realization 253 / 300 ... accepted 253. Emin=-11.18017938, Emax=125.79213151
realization 254 / 300 ... accepted 254. Emin=1.03302418, Emax=143.09082932
realization 255 / 300 ... accepted 255. Emin=13.89559842, Emax=155.91387989
realization 256 / 300 ... accepted 256. Emin=-7.07296802, Emax=135.47387932
realization 257 / 300 ... accepted 257. Emin=-1.34415552, Emax=134.73579057
realization 258 / 300 ... accepted 258. Emin=5.21589905, Emax=150.75536794
realization 259 / 300 ... accepted 259. Emin=-5.10848532, Emax=138.43165448
realization 260 / 300 ... accepted 260. Emin=18.78343023, Emax=159.86435743
realization 261 / 300 ... accepted 261. Emin=-11.68502998, Emax=127.31270409
realization 262 / 300 ... accepted 262. Emin=12.16959980, Emax=150.43096130
realization 263 / 300 ... accepted 263. Emin=-13.94147900, Emax=134.13907412
realization 264 / 300 ... accepted 264. Emin=-7.91837285, Emax=133.27092455
realization 265 / 300 ... accepted 265. Emin=5.91914502, Emax=140.13030465
realization 266 / 300 ... accepted 266. Emin=8.10085327, Emax=155.50044595
realization 267 / 300 ... accepted 267. Emin=-6.61242036, Emax=141.44352203
realization 268 / 300 ... accepted 268. Emin=-2.83894221, Emax=146.74709274
realization 269 / 300 ... accepted 269. Emin=17.42457765, Emax=159.80650397
realization 270 / 300 ... accepted 270. Emin=-10.88132071, Emax=128.89500443
realization 271 / 300 ... accepted 271. Emin=-8.40004455, Emax=139.74180968
realization 272 / 300 ... accepted 272. Emin=14.40508332, Emax=158.81875703
realization 273 / 300 ... accepted 273. Emin=13.27071279, Emax=145.46973498
realization 274 / 300 ... accepted 274. Emin=-12.71447940, Emax=133.46732725
realization 275 / 300 ... accepted 275. Emin=-8.03652259, Emax=140.29219626
realization 276 / 300 ... accepted 276. Emin=-17.90149343, Emax=125.54797702
realization 277 / 300 ... accepted 277. Emin=-4.93384176, Emax=136.47287734
realization 278 / 300 ... accepted 278. Emin=-18.18594083, Emax=121.58574805
realization 279 / 300 ... accepted 279. Emin=2.63283201, Emax=147.44167109
realization 280 / 300 ... accepted 280. Emin=-8.52285571, Emax=136.03333074
realization 281 / 300 ... accepted 281. Emin=9.86527562, Emax=139.34639201
realization 282 / 300 ... accepted 282. Emin=1.68790379, Emax=151.33259120
realization 283 / 300 ... accepted 283. Emin=9.71849944, Emax=151.66909315
realization 284 / 300 ... accepted 284. Emin=-7.57034943, Emax=137.96023666
realization 285 / 300 ... accepted 285. Emin=14.89550072, Emax=161.12389558
realization 286 / 300 ... accepted 286. Emin=12.15757092, Emax=151.08339371
realization 287 / 300 ... accepted 287. Emin=-10.47238958, Emax=136.77688701
realization 288 / 300 ... accepted 288. Emin=0.10449255, Emax=155.97728853
realization 289 / 300 ... accepted 289. Emin=-8.14099924, Emax=142.80943584
realization 290 / 300 ... accepted 290. Emin=1.02198713, Emax=151.36571719
realization 291 / 300 ... accepted 291. Emin=8.23096653, Emax=146.01011776
realization 292 / 300 ... accepted 292. Emin=16.24559095, Emax=153.36253620
realization 293 / 300 ... accepted 293. Emin=-9.77427120, Emax=129.57741146
realization 294 / 300 ... accepted 294. Emin=8.84971323, Emax=153.60194019
realization 295 / 300 ... accepted 295. Emin=5.18796084, Emax=145.42689257
realization 296 / 300 ... accepted 296. Emin=0.69522933, Emax=129.20238610
realization 297 / 300 ... accepted 297. Emin=6.84865191, Emax=156.60626536
realization 298 / 300 ... accepted 298. Emin=10.40504715, Emax=152.24622178
realization 299 / 300 ... accepted 299. Emin=-5.43836297, Emax=136.46762696
realization 300 / 300 ... accepted 300. Emin=3.45948293, Emax=150.74260141
Saved final energies: /home/2/kj405942/POLFED_bosons/pbs_bose_legacy_nmax2_periodic/data/U_20/W_8/L_6/N_6_nmax_2/boundary_periodic/energies_full_U20_L6_N6_nmax2_W8_boundaryperiodic_nreal300.txt
Accepted realizations: 300 / 300
Skipped realizations: 0
Job finished at Sun May 31 17:12:44 UTC 2026
