Job started on w30 at Sun May 31 17:10:53 UTC 2026
PBS_JOBID=7731480.kruk-host.ift-klaster.lan
PBS_O_WORKDIR=/home/2/kj405942/POLFED_bosons
Bose-Hubbard: L=6, N=6, nmax=2, dim=141
t=1, U=20, W=6, nreal=300, boundary=periodic, mode=full
Writing partial results to /home/2/kj405942/POLFED_bosons/pbs_bose_legacy_nmax2_periodic/data/U_20/W_6/L_6/N_6_nmax_2/boundary_periodic/energies_full_U20_L6_N6_nmax2_W6_boundaryperiodic_nreal300_partial.txt
realization 1 / 300 ... accepted 1. Emin=-4.17445512, Emax=131.05482818
realization 2 / 300 ... accepted 2. Emin=-9.90771740, Emax=127.65226567
realization 3 / 300 ... accepted 3. Emin=-11.80741564, Emax=125.45395263
realization 4 / 300 ... accepted 4. Emin=11.21586300, Emax=139.48649178
realization 5 / 300 ... accepted 5. Emin=-12.90465919, Emax=121.99075296
realization 6 / 300 ... accepted 6. Emin=1.57688587, Emax=147.44917816
realization 7 / 300 ... accepted 7. Emin=5.56389078, Emax=147.95645298
realization 8 / 300 ... accepted 8. Emin=0.62357514, Emax=135.70511822
realization 9 / 300 ... accepted 9. Emin=2.84076551, Emax=141.27290566
realization 10 / 300 ... accepted 10. Emin=-6.64511537, Emax=124.86898608
realization 11 / 300 ... accepted 11. Emin=19.52034006, Emax=151.92441596
realization 12 / 300 ... accepted 12. Emin=-0.78030650, Emax=136.64010944
realization 13 / 300 ... accepted 13. Emin=18.53100335, Emax=148.79924402
realization 14 / 300 ... accepted 14. Emin=0.84659491, Emax=141.90491711
realization 15 / 300 ... accepted 15. Emin=5.88884641, Emax=142.47727516
realization 16 / 300 ... accepted 16. Emin=5.90487623, Emax=147.59330021
realization 17 / 300 ... accepted 17. Emin=-2.12006531, Emax=139.40169546
realization 18 / 300 ... accepted 18. Emin=1.27282903, Emax=137.97674007
realization 19 / 300 ... accepted 19. Emin=9.29996278, Emax=139.71388379
realization 20 / 300 ... accepted 20. Emin=-4.01248479, Emax=131.84027574
realization 21 / 300 ... accepted 21. Emin=3.77989335, Emax=133.13846036
realization 22 / 300 ... accepted 22. Emin=-8.46700306, Emax=121.24523751
realization 23 / 300 ... accepted 23. Emin=-12.62966421, Emax=122.59650528
realization 24 / 300 ... accepted 24. Emin=1.22586554, Emax=130.37306098
realization 25 / 300 ... accepted 25. Emin=-12.43840030, Emax=122.10019793
realization 26 / 300 ... accepted 26. Emin=-12.30218337, Emax=120.28034901
realization 27 / 300 ... accepted 27. Emin=-8.22553153, Emax=128.79949895
realization 28 / 300 ... accepted 28. Emin=9.31272074, Emax=141.91448895
realization 29 / 300 ... accepted 29. Emin=7.70988243, Emax=142.26304503
realization 30 / 300 ... accepted 30. Emin=-10.46056097, Emax=123.70044794
realization 31 / 300 ... accepted 31. Emin=-17.19468983, Emax=114.49354495
realization 32 / 300 ... accepted 32. Emin=3.70632278, Emax=148.89562392
realization 33 / 300 ... accepted 33. Emin=-5.75161588, Emax=135.79388023
realization 34 / 300 ... accepted 34. Emin=0.05612069, Emax=141.97151288
realization 35 / 300 ... accepted 35. Emin=-2.65121294, Emax=138.12827689
realization 36 / 300 ... accepted 36. Emin=11.90447241, Emax=147.10225784
realization 37 / 300 ... accepted 37. Emin=8.13331147, Emax=137.75813756
realization 38 / 300 ... accepted 38. Emin=4.95221206, Emax=143.45609069
realization 39 / 300 ... accepted 39. Emin=-9.65723169, Emax=125.24304940
realization 40 / 300 ... accepted 40. Emin=-6.52771647, Emax=135.80304050
realization 41 / 300 ... accepted 41. Emin=15.99950011, Emax=150.34987491
realization 42 / 300 ... accepted 42. Emin=-6.04756389, Emax=126.31894864
realization 43 / 300 ... accepted 43. Emin=2.13608835, Emax=140.25835877
realization 44 / 300 ... accepted 44. Emin=-2.97796475, Emax=138.42049973
realization 45 / 300 ... accepted 45. Emin=-4.63010107, Emax=135.04878512
realization 46 / 300 ... accepted 46. Emin=9.67112678, Emax=145.56379814
realization 47 / 300 ... accepted 47. Emin=-8.39826546, Emax=124.67682946
realization 48 / 300 ... accepted 48. Emin=8.91333358, Emax=139.42622025
realization 49 / 300 ... accepted 49. Emin=0.19193439, Emax=148.22463667
realization 50 / 300 ... accepted 50. Emin=17.05476611, Emax=148.10464269
realization 51 / 300 ... accepted 51. Emin=4.75316196, Emax=136.58036375
realization 52 / 300 ... accepted 52. Emin=11.37511901, Emax=146.48270152
realization 53 / 300 ... accepted 53. Emin=-8.84290817, Emax=133.30134051
realization 54 / 300 ... accepted 54. Emin=-6.77277733, Emax=131.98851682
realization 55 / 300 ... accepted 55. Emin=-13.42368830, Emax=118.98285497
realization 56 / 300 ... accepted 56. Emin=-6.76742483, Emax=129.96631482
realization 57 / 300 ... accepted 57. Emin=-2.98760124, Emax=140.22565537
realization 58 / 300 ... accepted 58. Emin=-15.01352014, Emax=115.65296796
realization 59 / 300 ... accepted 59. Emin=-0.52668267, Emax=137.84078031
realization 60 / 300 ... accepted 60. Emin=6.58540565, Emax=135.53441747
realization 61 / 300 ... accepted 61. Emin=0.88320792, Emax=133.54801419
realization 62 / 300 ... accepted 62. Emin=-7.37168988, Emax=123.19616925
realization 63 / 300 ... accepted 63. Emin=13.09966308, Emax=148.42974313
realization 64 / 300 ... accepted 64. Emin=1.53795860, Emax=135.17432217
realization 65 / 300 ... accepted 65. Emin=-10.48969509, Emax=128.96120215
realization 66 / 300 ... accepted 66. Emin=10.70719382, Emax=143.98145434
realization 67 / 300 ... accepted 67. Emin=-7.48875501, Emax=131.57452811
realization 68 / 300 ... accepted 68. Emin=-4.76958113, Emax=131.61962697
realization 69 / 300 ... accepted 69. Emin=-3.03893761, Emax=134.34662332
realization 70 / 300 ... accepted 70. Emin=1.73624450, Emax=143.81561372
realization 71 / 300 ... accepted 71. Emin=-4.15424748, Emax=143.59499279
realization 72 / 300 ... accepted 72. Emin=-9.92860906, Emax=123.48280476
realization 73 / 300 ... accepted 73. Emin=2.62915092, Emax=143.10872789
realization 74 / 300 ... accepted 74. Emin=8.02980866, Emax=150.21919705
realization 75 / 300 ... accepted 75. Emin=-17.73958170, Emax=115.74104835
realization 76 / 300 ... accepted 76. Emin=4.60395213, Emax=146.25347617
realization 77 / 300 ... accepted 77. Emin=0.45908279, Emax=140.41066533
realization 78 / 300 ... accepted 78. Emin=8.53829714, Emax=152.12105848
realization 79 / 300 ... accepted 79. Emin=-15.46600681, Emax=124.77189428
realization 80 / 300 ... accepted 80. Emin=3.42916389, Emax=138.24018463
realization 81 / 300 ... accepted 81. Emin=-9.41899289, Emax=127.99395015
realization 82 / 300 ... accepted 82. Emin=-9.70487485, Emax=131.51279676
realization 83 / 300 ... accepted 83. Emin=3.59604340, Emax=140.23540402
realization 84 / 300 ... accepted 84. Emin=-8.52266655, Emax=119.05001875
realization 85 / 300 ... accepted 85. Emin=2.85406918, Emax=150.38010844
realization 86 / 300 ... accepted 86. Emin=2.45671916, Emax=130.98908235
realization 87 / 300 ... accepted 87. Emin=3.99785606, Emax=142.54701756
realization 88 / 300 ... accepted 88. Emin=3.96988142, Emax=140.07035868
realization 89 / 300 ... accepted 89. Emin=7.87989529, Emax=138.45270999
realization 90 / 300 ... accepted 90. Emin=-6.30528788, Emax=129.15875540
realization 91 / 300 ... accepted 91. Emin=12.28120768, Emax=152.12277922
realization 92 / 300 ... accepted 92. Emin=-1.60169928, Emax=139.75922918
realization 93 / 300 ... accepted 93. Emin=10.36916572, Emax=143.14955569
realization 94 / 300 ... accepted 94. Emin=-1.54888381, Emax=136.45254567
realization 95 / 300 ... accepted 95. Emin=-5.86466610, Emax=131.90968779
realization 96 / 300 ... accepted 96. Emin=7.34876529, Emax=148.44886737
realization 97 / 300 ... accepted 97. Emin=-0.69329722, Emax=140.96976077
realization 98 / 300 ... accepted 98. Emin=-7.25187853, Emax=119.77157752
realization 99 / 300 ... accepted 99. Emin=-4.04270440, Emax=132.16546659
realization 100 / 300 ... accepted 100. Emin=-3.11414023, Emax=133.55301655
realization 101 / 300 ... accepted 101. Emin=-0.60352717, Emax=137.38769113
realization 102 / 300 ... accepted 102. Emin=-4.56140290, Emax=127.21495951
realization 103 / 300 ... accepted 103. Emin=-17.30006962, Emax=120.22099282
realization 104 / 300 ... accepted 104. Emin=-15.36840673, Emax=118.71520382
realization 105 / 300 ... accepted 105. Emin=-0.56477732, Emax=135.47412924
realization 106 / 300 ... accepted 106. Emin=-13.29585759, Emax=124.52471831
realization 107 / 300 ... accepted 107. Emin=-1.60004929, Emax=130.81822675
realization 108 / 300 ... accepted 108. Emin=3.41595116, Emax=135.57656777
realization 109 / 300 ... accepted 109. Emin=-12.56744121, Emax=114.06366329
realization 110 / 300 ... accepted 110. Emin=6.19292188, Emax=147.70037991
realization 111 / 300 ... accepted 111. Emin=-9.45711675, Emax=125.89354260
realization 112 / 300 ... accepted 112. Emin=10.43195185, Emax=142.34599361
realization 113 / 300 ... accepted 113. Emin=10.71056586, Emax=140.93730984
realization 114 / 300 ... accepted 114. Emin=-13.84817108, Emax=119.83443445
realization 115 / 300 ... accepted 115. Emin=-9.83944009, Emax=121.74167256
realization 116 / 300 ... accepted 116. Emin=-5.53537566, Emax=126.67885258
realization 117 / 300 ... accepted 117. Emin=-9.06182233, Emax=131.49932678
realization 118 / 300 ... accepted 118. Emin=-2.73810593, Emax=135.87264191
realization 119 / 300 ... accepted 119. Emin=-1.38355153, Emax=142.90914942
realization 120 / 300 ... accepted 120. Emin=-3.78672276, Emax=135.61268991
realization 121 / 300 ... accepted 121. Emin=6.80552410, Emax=138.68399327
realization 122 / 300 ... accepted 122. Emin=-8.73699353, Emax=128.54343970
realization 123 / 300 ... accepted 123. Emin=-4.27207635, Emax=127.44012762
realization 124 / 300 ... accepted 124. Emin=4.61332228, Emax=142.31157025
realization 125 / 300 ... accepted 125. Emin=-6.59486797, Emax=127.06431717
realization 126 / 300 ... accepted 126. Emin=5.71315866, Emax=142.64368938
realization 127 / 300 ... accepted 127. Emin=9.38400923, Emax=146.62609221
realization 128 / 300 ... accepted 128. Emin=4.54824530, Emax=142.91905098
realization 129 / 300 ... accepted 129. Emin=10.30022682, Emax=152.73581677
realization 130 / 300 ... accepted 130. Emin=-10.61387368, Emax=127.16213418
realization 131 / 300 ... accepted 131. Emin=-3.06817313, Emax=131.10885069
realization 132 / 300 ... accepted 132. Emin=-20.53674920, Emax=109.75404287
realization 133 / 300 ... accepted 133. Emin=1.97253987, Emax=143.03438154
realization 134 / 300 ... accepted 134. Emin=-2.40046921, Emax=133.34540393
realization 135 / 300 ... accepted 135. Emin=7.99535335, Emax=150.37109808
realization 136 / 300 ... accepted 136. Emin=-1.43567402, Emax=126.32601941
realization 137 / 300 ... accepted 137. Emin=-10.29206166, Emax=120.85974519
realization 138 / 300 ... accepted 138. Emin=-1.97454823, Emax=125.59805137
realization 139 / 300 ... accepted 139. Emin=0.81931223, Emax=137.90597084
realization 140 / 300 ... accepted 140. Emin=-0.09815215, Emax=140.61732717
realization 141 / 300 ... accepted 141. Emin=4.61312214, Emax=143.89595253
realization 142 / 300 ... accepted 142. Emin=-18.80562861, Emax=108.59472475
realization 143 / 300 ... accepted 143. Emin=-6.77636380, Emax=139.30511871
realization 144 / 300 ... accepted 144. Emin=3.84599367, Emax=150.07474187
realization 145 / 300 ... accepted 145. Emin=-1.52080495, Emax=134.88338216
realization 146 / 300 ... accepted 146. Emin=-16.65560301, Emax=113.27032568
realization 147 / 300 ... accepted 147. Emin=-1.91187561, Emax=134.57711123
realization 148 / 300 ... accepted 148. Emin=5.51277537, Emax=140.24287606
realization 149 / 300 ... accepted 149. Emin=-21.17940625, Emax=110.06900962
realization 150 / 300 ... accepted 150. Emin=-1.20587822, Emax=130.61654428
realization 151 / 300 ... accepted 151. Emin=0.06369174, Emax=139.85945544
realization 152 / 300 ... accepted 152. Emin=11.42632797, Emax=145.57641828
realization 153 / 300 ... accepted 153. Emin=-4.66668687, Emax=127.09275481
realization 154 / 300 ... accepted 154. Emin=11.31880787, Emax=145.00739885
realization 155 / 300 ... accepted 155. Emin=13.10817100, Emax=140.43074583
realization 156 / 300 ... accepted 156. Emin=-10.14006238, Emax=134.74402719
realization 157 / 300 ... accepted 157. Emin=-9.46844359, Emax=123.41553120
realization 158 / 300 ... accepted 158. Emin=1.74100988, Emax=141.68344600
realization 159 / 300 ... accepted 159. Emin=-1.58829157, Emax=140.62712745
realization 160 / 300 ... accepted 160. Emin=10.99446189, Emax=147.59551033
realization 161 / 300 ... accepted 161. Emin=-9.86291495, Emax=132.77845067
realization 162 / 300 ... accepted 162. Emin=-6.57991581, Emax=125.21222832
realization 163 / 300 ... accepted 163. Emin=16.17196619, Emax=145.34930226
realization 164 / 300 ... accepted 164. Emin=10.80224157, Emax=145.40150627
realization 165 / 300 ... accepted 165. Emin=12.79472018, Emax=143.80296522
realization 166 / 300 ... accepted 166. Emin=2.34581175, Emax=139.31117593
realization 167 / 300 ... accepted 167. Emin=12.53331611, Emax=145.79052173
realization 168 / 300 ... accepted 168. Emin=3.98353365, Emax=145.91722391
realization 169 / 300 ... accepted 169. Emin=-2.61188862, Emax=133.83489824
realization 170 / 300 ... accepted 170. Emin=-3.78753361, Emax=131.18919505
realization 171 / 300 ... accepted 171. Emin=-5.46611157, Emax=139.26137622
realization 172 / 300 ... accepted 172. Emin=-2.14707634, Emax=143.80443932
realization 173 / 300 ... accepted 173. Emin=-9.15483980, Emax=120.42400018
realization 174 / 300 ... accepted 174. Emin=-14.36266739, Emax=119.46376009
realization 175 / 300 ... accepted 175. Emin=-11.82771225, Emax=120.32470608
realization 176 / 300 ... accepted 176. Emin=0.79748255, Emax=128.57804940
realization 177 / 300 ... accepted 177. Emin=-2.29589037, Emax=139.51264361
realization 178 / 300 ... accepted 178. Emin=-8.04989496, Emax=133.89419945
realization 179 / 300 ... accepted 179. Emin=18.38551702, Emax=150.06967007
realization 180 / 300 ... accepted 180. Emin=9.43750834, Emax=135.34506814
realization 181 / 300 ... accepted 181. Emin=11.43179440, Emax=150.14137578
realization 182 / 300 ... accepted 182. Emin=-2.92229643, Emax=130.19259835
realization 183 / 300 ... accepted 183. Emin=-21.44394995, Emax=110.57113802
realization 184 / 300 ... accepted 184. Emin=0.02540649, Emax=139.79152195
realization 185 / 300 ... accepted 185. Emin=7.14726913, Emax=150.66010997
realization 186 / 300 ... accepted 186. Emin=-13.04073239, Emax=123.40257891
realization 187 / 300 ... accepted 187. Emin=13.65077791, Emax=148.47304934
realization 188 / 300 ... accepted 188. Emin=-14.85677565, Emax=115.16066435
realization 189 / 300 ... accepted 189. Emin=-3.92968417, Emax=134.98451712
realization 190 / 300 ... accepted 190. Emin=2.94150530, Emax=141.09576151
realization 191 / 300 ... accepted 191. Emin=5.45680911, Emax=147.81365974
realization 192 / 300 ... accepted 192. Emin=-3.80763732, Emax=124.04429526
realization 193 / 300 ... accepted 193. Emin=1.78174990, Emax=138.94436881
realization 194 / 300 ... accepted 194. Emin=-14.04110589, Emax=115.12111139
realization 195 / 300 ... accepted 195. Emin=-13.17402159, Emax=122.28656325
realization 196 / 300 ... accepted 196. Emin=9.73031569, Emax=147.21523419
realization 197 / 300 ... accepted 197. Emin=-7.59281780, Emax=134.16417655
realization 198 / 300 ... accepted 198. Emin=-5.44465078, Emax=134.00528064
realization 199 / 300 ... accepted 199. Emin=3.37384631, Emax=138.14239515
realization 200 / 300 ... accepted 200. Emin=7.67452575, Emax=147.16885949
realization 201 / 300 ... accepted 201. Emin=0.67342645, Emax=135.06507367
realization 202 / 300 ... accepted 202. Emin=12.86127314, Emax=141.60133166
realization 203 / 300 ... accepted 203. Emin=7.07101854, Emax=144.11958040
realization 204 / 300 ... accepted 204. Emin=-1.51771607, Emax=140.32077610
realization 205 / 300 ... accepted 205. Emin=-7.22188058, Emax=128.19709963
realization 206 / 300 ... accepted 206. Emin=-3.13471993, Emax=130.27494477
realization 207 / 300 ... accepted 207. Emin=3.30555085, Emax=132.33688381
realization 208 / 300 ... accepted 208. Emin=-6.89987821, Emax=125.54609338
realization 209 / 300 ... accepted 209. Emin=4.73416750, Emax=144.96861556
realization 210 / 300 ... accepted 210. Emin=-2.62180868, Emax=136.27682911
realization 211 / 300 ... accepted 211. Emin=2.55080446, Emax=141.48998549
realization 212 / 300 ... accepted 212. Emin=13.20319700, Emax=142.77737649
realization 213 / 300 ... accepted 213. Emin=-1.45182276, Emax=131.14451806
realization 214 / 300 ... accepted 214. Emin=-7.93354107, Emax=128.14418331
realization 215 / 300 ... accepted 215. Emin=-4.72140883, Emax=128.99476699
realization 216 / 300 ... accepted 216. Emin=1.94097041, Emax=139.24676518
realization 217 / 300 ... accepted 217. Emin=6.65456829, Emax=148.46970810
realization 218 / 300 ... accepted 218. Emin=-7.72613167, Emax=129.26759406
realization 219 / 300 ... accepted 219. Emin=4.00251350, Emax=142.34960121
realization 220 / 300 ... accepted 220. Emin=-13.71893187, Emax=121.52978512
realization 221 / 300 ... accepted 221. Emin=-2.07884837, Emax=133.88515731
realization 222 / 300 ... accepted 222. Emin=13.79814758, Emax=145.88456319
realization 223 / 300 ... accepted 223. Emin=-6.41127592, Emax=131.57971387
realization 224 / 300 ... accepted 224. Emin=-4.50056442, Emax=127.32164177
realization 225 / 300 ... accepted 225. Emin=13.04103328, Emax=146.01741335
realization 226 / 300 ... accepted 226. Emin=-9.03168602, Emax=127.78559229
realization 227 / 300 ... accepted 227. Emin=13.36932505, Emax=143.29136734
realization 228 / 300 ... accepted 228. Emin=8.04667995, Emax=142.89476200
realization 229 / 300 ... accepted 229. Emin=2.06376285, Emax=142.59052754
realization 230 / 300 ... accepted 230. Emin=1.84633062, Emax=136.42748327
realization 231 / 300 ... accepted 231. Emin=8.15505551, Emax=138.49358952
realization 232 / 300 ... accepted 232. Emin=-6.17955682, Emax=130.72193492
realization 233 / 300 ... accepted 233. Emin=10.07758168, Emax=144.60249989
realization 234 / 300 ... accepted 234. Emin=6.23555664, Emax=137.00049041
realization 235 / 300 ... accepted 235. Emin=9.18303093, Emax=145.54575694
realization 236 / 300 ... accepted 236. Emin=0.19897168, Emax=132.51842638
realization 237 / 300 ... accepted 237. Emin=14.17105328, Emax=152.74927410
realization 238 / 300 ... accepted 238. Emin=-7.92305768, Emax=128.57983745
realization 239 / 300 ... accepted 239. Emin=5.90786215, Emax=139.70869442
realization 240 / 300 ... accepted 240. Emin=-9.69807740, Emax=127.55620078
realization 241 / 300 ... accepted 241. Emin=8.77958160, Emax=146.48596386
realization 242 / 300 ... accepted 242. Emin=0.20809014, Emax=136.61257922
realization 243 / 300 ... accepted 243. Emin=6.18585253, Emax=143.64490582
realization 244 / 300 ... accepted 244. Emin=3.96919813, Emax=149.01685450
realization 245 / 300 ... accepted 245. Emin=-4.69396076, Emax=132.52040870
realization 246 / 300 ... accepted 246. Emin=-11.98966450, Emax=125.69416543
realization 247 / 300 ... accepted 247. Emin=8.88413762, Emax=143.42458649
realization 248 / 300 ... accepted 248. Emin=-5.68359238, Emax=138.96899750
realization 249 / 300 ... accepted 249. Emin=-13.00817142, Emax=124.98765825
realization 250 / 300 ... accepted 250. Emin=-6.06422953, Emax=126.63541637
realization 251 / 300 ... accepted 251. Emin=-2.28148913, Emax=128.39824938
realization 252 / 300 ... accepted 252. Emin=17.32114392, Emax=149.54179128
realization 253 / 300 ... accepted 253. Emin=2.59338206, Emax=135.88387622
realization 254 / 300 ... accepted 254. Emin=-15.84128757, Emax=121.63941060
realization 255 / 300 ... accepted 255. Emin=0.47235183, Emax=139.53358329
realization 256 / 300 ... accepted 256. Emin=6.34667688, Emax=147.46607793
realization 257 / 300 ... accepted 257. Emin=3.71775010, Emax=144.78334781
realization 258 / 300 ... accepted 258. Emin=-11.29271723, Emax=126.07708648
realization 259 / 300 ... accepted 259. Emin=-6.56274799, Emax=132.16541492
realization 260 / 300 ... accepted 260. Emin=1.50771897, Emax=131.71351523
realization 261 / 300 ... accepted 261. Emin=10.79002634, Emax=141.54490922
realization 262 / 300 ... accepted 262. Emin=-12.48816671, Emax=126.19164566
realization 263 / 300 ... accepted 263. Emin=-23.74379238, Emax=103.53977543
realization 264 / 300 ... accepted 264. Emin=8.22393082, Emax=149.58924026
realization 265 / 300 ... accepted 265. Emin=-11.63032808, Emax=124.29140831
realization 266 / 300 ... accepted 266. Emin=11.20154458, Emax=142.03615791
realization 267 / 300 ... accepted 267. Emin=-6.60604188, Emax=124.91206347
realization 268 / 300 ... accepted 268. Emin=-0.29113061, Emax=142.73760330
realization 269 / 300 ... accepted 269. Emin=-15.35022789, Emax=112.01275356
realization 270 / 300 ... accepted 270. Emin=5.24873598, Emax=146.04282874
realization 271 / 300 ... accepted 271. Emin=9.80047726, Emax=152.99796560
realization 272 / 300 ... accepted 272. Emin=2.62179890, Emax=146.07102055
realization 273 / 300 ... accepted 273. Emin=-6.50261514, Emax=128.56267163
realization 274 / 300 ... accepted 274. Emin=-4.88085206, Emax=133.66934540
realization 275 / 300 ... accepted 275. Emin=-7.72403693, Emax=127.30556114
realization 276 / 300 ... accepted 276. Emin=4.11253717, Emax=139.33280826
realization 277 / 300 ... accepted 277. Emin=-9.15813666, Emax=128.13736727
realization 278 / 300 ... accepted 278. Emin=-6.49579647, Emax=128.07870397
realization 279 / 300 ... accepted 279. Emin=13.08118752, Emax=139.64548586
realization 280 / 300 ... accepted 280. Emin=-19.38676451, Emax=109.91031041
realization 281 / 300 ... accepted 281. Emin=-7.03160126, Emax=132.63872255
realization 282 / 300 ... accepted 282. Emin=2.70880520, Emax=139.88072311
realization 283 / 300 ... accepted 283. Emin=1.09971603, Emax=135.32896694
realization 284 / 300 ... accepted 284. Emin=5.41511071, Emax=143.49879820
realization 285 / 300 ... accepted 285. Emin=-3.62803693, Emax=131.58687119
realization 286 / 300 ... accepted 286. Emin=-12.41335513, Emax=119.63620106
realization 287 / 300 ... accepted 287. Emin=5.94342000, Emax=140.99230648
realization 288 / 300 ... accepted 288. Emin=8.44161086, Emax=144.28756956
realization 289 / 300 ... accepted 289. Emin=-3.49651561, Emax=135.54423706
realization 290 / 300 ... accepted 290. Emin=3.05841684, Emax=151.31291913
realization 291 / 300 ... accepted 291. Emin=13.21696093, Emax=145.89107463
realization 292 / 300 ... accepted 292. Emin=3.64545038, Emax=147.65873623
realization 293 / 300 ... accepted 293. Emin=-2.37715377, Emax=135.38704093
realization 294 / 300 ... accepted 294. Emin=9.27292727, Emax=145.39914091
realization 295 / 300 ... accepted 295. Emin=-1.73389007, Emax=146.15028130
realization 296 / 300 ... accepted 296. Emin=-0.88853222, Emax=137.10093234
realization 297 / 300 ... accepted 297. Emin=15.16757994, Emax=152.68240304
realization 298 / 300 ... accepted 298. Emin=-18.92520181, Emax=112.71584334
realization 299 / 300 ... accepted 299. Emin=-1.99834121, Emax=141.79601774
realization 300 / 300 ... accepted 300. Emin=-1.43174688, Emax=136.37379119
Saved final energies: /home/2/kj405942/POLFED_bosons/pbs_bose_legacy_nmax2_periodic/data/U_20/W_6/L_6/N_6_nmax_2/boundary_periodic/energies_full_U20_L6_N6_nmax2_W6_boundaryperiodic_nreal300.txt
Accepted realizations: 300 / 300
Skipped realizations: 0
Job finished at Sun May 31 17:12:40 UTC 2026
