Job started on w30 at Sun May 31 17:10:57 UTC 2026
PBS_JOBID=7731485.kruk-host.ift-klaster.lan
PBS_O_WORKDIR=/home/2/kj405942/POLFED_bosons
Bose-Hubbard: L=6, N=6, nmax=2, dim=141
t=1, U=20, W=11, nreal=300, boundary=periodic, mode=full
Writing partial results to /home/2/kj405942/POLFED_bosons/pbs_bose_legacy_nmax2_periodic/data/U_20/W_11/L_6/N_6_nmax_2/boundary_periodic/energies_full_U20_L6_N6_nmax2_W11_boundaryperiodic_nreal300_partial.txt
realization 1 / 300 ... accepted 1. Emin=2.01525894, Emax=161.20982902
realization 2 / 300 ... accepted 2. Emin=-2.74187387, Emax=142.61027760
realization 3 / 300 ... accepted 3. Emin=26.67101361, Emax=175.14657738
realization 4 / 300 ... accepted 4. Emin=-17.18069008, Emax=127.07802485
realization 5 / 300 ... accepted 5. Emin=5.78302178, Emax=155.66845044
realization 6 / 300 ... accepted 6. Emin=-11.84097177, Emax=138.96919661
realization 7 / 300 ... accepted 7. Emin=-12.10354202, Emax=138.86587924
realization 8 / 300 ... accepted 8. Emin=1.76166114, Emax=159.62471082
realization 9 / 300 ... accepted 9. Emin=5.41289524, Emax=148.96256053
realization 10 / 300 ... accepted 10. Emin=-0.62646261, Emax=155.45756535
realization 11 / 300 ... accepted 11. Emin=-6.14888276, Emax=139.93730708
realization 12 / 300 ... accepted 12. Emin=-8.58272375, Emax=140.51557196
realization 13 / 300 ... accepted 13. Emin=16.57880093, Emax=163.19619591
realization 14 / 300 ... accepted 14. Emin=-2.49335705, Emax=167.55773349
realization 15 / 300 ... accepted 15. Emin=-2.57494885, Emax=155.02099938
realization 16 / 300 ... accepted 16. Emin=4.32659475, Emax=175.80157055
realization 17 / 300 ... accepted 17. Emin=-13.49863203, Emax=139.72967602
realization 18 / 300 ... accepted 18. Emin=-9.31554146, Emax=139.37651846
realization 19 / 300 ... accepted 19. Emin=12.35243230, Emax=162.98351994
realization 20 / 300 ... accepted 20. Emin=12.16437243, Emax=151.11619782
realization 21 / 300 ... accepted 21. Emin=-12.84668513, Emax=138.55546546
realization 22 / 300 ... accepted 22. Emin=-9.18403354, Emax=131.90822588
realization 23 / 300 ... accepted 23. Emin=-6.46504052, Emax=137.56885276
realization 24 / 300 ... accepted 24. Emin=13.82364947, Emax=158.63025715
realization 25 / 300 ... accepted 25. Emin=-21.35395935, Emax=130.65972472
realization 26 / 300 ... accepted 26. Emin=-8.81535432, Emax=137.69024036
realization 27 / 300 ... accepted 27. Emin=-34.97801616, Emax=112.68797003
realization 28 / 300 ... accepted 28. Emin=-6.18338988, Emax=146.91781477
realization 29 / 300 ... accepted 29. Emin=-6.16586449, Emax=141.04085564
realization 30 / 300 ... accepted 30. Emin=-4.06549045, Emax=150.17045431
realization 31 / 300 ... accepted 31. Emin=3.46164149, Emax=145.25503400
realization 32 / 300 ... accepted 32. Emin=0.32071132, Emax=143.98355658
realization 33 / 300 ... accepted 33. Emin=-14.93002112, Emax=145.40808911
realization 34 / 300 ... accepted 34. Emin=-1.39609376, Emax=154.45908715
realization 35 / 300 ... accepted 35. Emin=-17.85942747, Emax=132.18893397
realization 36 / 300 ... accepted 36. Emin=-0.31946545, Emax=162.31460108
realization 37 / 300 ... accepted 37. Emin=41.47345784, Emax=181.39723093
realization 38 / 300 ... accepted 38. Emin=-29.71023051, Emax=105.58470051
realization 39 / 300 ... accepted 39. Emin=12.89997061, Emax=153.19879030
realization 40 / 300 ... accepted 40. Emin=-5.72794778, Emax=125.61925535
realization 41 / 300 ... accepted 41. Emin=6.37557251, Emax=145.78132486
realization 42 / 300 ... accepted 42. Emin=30.33088859, Emax=171.33779018
realization 43 / 300 ... accepted 43. Emin=6.01017531, Emax=157.95855898
realization 44 / 300 ... accepted 44. Emin=5.03512333, Emax=150.22424072
realization 45 / 300 ... accepted 45. Emin=-12.04215352, Emax=134.18710112
realization 46 / 300 ... accepted 46. Emin=25.71218896, Emax=181.70790833
realization 47 / 300 ... accepted 47. Emin=-2.17987130, Emax=136.77491593
realization 48 / 300 ... accepted 48. Emin=-7.22636827, Emax=143.14450510
realization 49 / 300 ... accepted 49. Emin=1.52779489, Emax=155.52163122
realization 50 / 300 ... accepted 50. Emin=-21.92225821, Emax=119.12727897
realization 51 / 300 ... accepted 51. Emin=-2.05065750, Emax=150.13435003
realization 52 / 300 ... accepted 52. Emin=-20.09896857, Emax=123.16641174
realization 53 / 300 ... accepted 53. Emin=1.69313218, Emax=143.86279701
realization 54 / 300 ... accepted 54. Emin=3.11736539, Emax=159.43876200
realization 55 / 300 ... accepted 55. Emin=15.01377650, Emax=167.16106789
realization 56 / 300 ... accepted 56. Emin=-1.51911943, Emax=144.64476023
realization 57 / 300 ... accepted 57. Emin=-24.99404339, Emax=123.16356857
realization 58 / 300 ... accepted 58. Emin=39.08059128, Emax=178.83835106
realization 59 / 300 ... accepted 59. Emin=27.59083185, Emax=181.54284165
realization 60 / 300 ... accepted 60. Emin=-8.59096771, Emax=144.19113660
realization 61 / 300 ... accepted 61. Emin=5.88927485, Emax=151.76346200
realization 62 / 300 ... accepted 62. Emin=11.07639257, Emax=154.02521238
realization 63 / 300 ... accepted 63. Emin=-12.55588778, Emax=134.62461935
realization 64 / 300 ... accepted 64. Emin=4.56521224, Emax=153.37626946
realization 65 / 300 ... accepted 65. Emin=-9.96557342, Emax=139.12876298
realization 66 / 300 ... accepted 66. Emin=-12.41993691, Emax=133.56807949
realization 67 / 300 ... accepted 67. Emin=-11.08395699, Emax=152.39144940
realization 68 / 300 ... accepted 68. Emin=-14.26011542, Emax=148.19559534
realization 69 / 300 ... accepted 69. Emin=13.03309666, Emax=170.96631120
realization 70 / 300 ... accepted 70. Emin=-18.33258229, Emax=133.60034764
realization 71 / 300 ... accepted 71. Emin=-14.58651906, Emax=123.27361788
realization 72 / 300 ... accepted 72. Emin=4.26915264, Emax=159.12063580
realization 73 / 300 ... accepted 73. Emin=11.71129986, Emax=156.02970494
realization 74 / 300 ... accepted 74. Emin=2.27809563, Emax=148.39291465
realization 75 / 300 ... accepted 75. Emin=5.76516663, Emax=158.67408326
realization 76 / 300 ... accepted 76. Emin=-0.22625469, Emax=155.77946329
realization 77 / 300 ... accepted 77. Emin=-14.73631133, Emax=128.73553680
realization 78 / 300 ... accepted 78. Emin=29.72489240, Emax=170.74571329
realization 79 / 300 ... accepted 79. Emin=24.32506537, Emax=164.22568485
realization 80 / 300 ... accepted 80. Emin=-21.10288469, Emax=126.95026533
realization 81 / 300 ... accepted 81. Emin=7.76350894, Emax=160.57165190
realization 82 / 300 ... accepted 82. Emin=-16.58078666, Emax=132.36928433
realization 83 / 300 ... accepted 83. Emin=0.47207185, Emax=155.53525925
realization 84 / 300 ... accepted 84. Emin=-9.28165678, Emax=149.63107061
realization 85 / 300 ... accepted 85. Emin=-18.63732378, Emax=118.60987503
realization 86 / 300 ... accepted 86. Emin=6.83332940, Emax=155.92873955
realization 87 / 300 ... accepted 87. Emin=25.08885429, Emax=176.10369623
realization 88 / 300 ... accepted 88. Emin=-15.73101277, Emax=134.80886481
realization 89 / 300 ... accepted 89. Emin=-23.50185938, Emax=117.00897493
realization 90 / 300 ... accepted 90. Emin=2.28234827, Emax=157.98374144
realization 91 / 300 ... accepted 91. Emin=-7.13101895, Emax=140.11550548
realization 92 / 300 ... accepted 92. Emin=5.87900469, Emax=139.26826723
realization 93 / 300 ... accepted 93. Emin=-4.21599960, Emax=151.24668519
realization 94 / 300 ... accepted 94. Emin=13.54006820, Emax=160.22625595
realization 95 / 300 ... accepted 95. Emin=4.27737975, Emax=154.89038705
realization 96 / 300 ... accepted 96. Emin=-3.35121189, Emax=146.03800085
realization 97 / 300 ... accepted 97. Emin=-11.75886304, Emax=141.07842546
realization 98 / 300 ... accepted 98. Emin=16.13654223, Emax=163.20191034
realization 99 / 300 ... accepted 99. Emin=4.46421795, Emax=154.88401866
realization 100 / 300 ... accepted 100. Emin=-10.86949356, Emax=136.56870514
realization 101 / 300 ... accepted 101. Emin=-14.92913674, Emax=138.29874916
realization 102 / 300 ... accepted 102. Emin=32.25248931, Emax=170.90331201
realization 103 / 300 ... accepted 103. Emin=9.76126134, Emax=159.95118687
realization 104 / 300 ... accepted 104. Emin=-13.82860086, Emax=137.23199136
realization 105 / 300 ... accepted 105. Emin=-5.51235995, Emax=148.87185006
realization 106 / 300 ... accepted 106. Emin=5.85422937, Emax=171.76132514
realization 107 / 300 ... accepted 107. Emin=10.18457247, Emax=159.56435196
realization 108 / 300 ... accepted 108. Emin=4.49407103, Emax=163.45581504
realization 109 / 300 ... accepted 109. Emin=1.83086482, Emax=166.96547011
realization 110 / 300 ... accepted 110. Emin=-13.18690290, Emax=125.52768474
realization 111 / 300 ... accepted 111. Emin=15.60817443, Emax=158.15381053
realization 112 / 300 ... accepted 112. Emin=-25.50169521, Emax=123.14004937
realization 113 / 300 ... accepted 113. Emin=-6.85714882, Emax=140.16090359
realization 114 / 300 ... accepted 114. Emin=-29.24410741, Emax=112.29155149
realization 115 / 300 ... accepted 115. Emin=-8.98138835, Emax=137.74512061
realization 116 / 300 ... accepted 116. Emin=3.90800355, Emax=158.32890043
realization 117 / 300 ... accepted 117. Emin=-7.02932435, Emax=132.04435410
realization 118 / 300 ... accepted 118. Emin=-19.82274301, Emax=136.97203802
realization 119 / 300 ... accepted 119. Emin=0.14616791, Emax=144.11625222
realization 120 / 300 ... accepted 120. Emin=3.14113098, Emax=155.51294888
realization 121 / 300 ... accepted 121. Emin=-37.94109746, Emax=103.17522999
realization 122 / 300 ... accepted 122. Emin=-9.81871048, Emax=132.62862936
realization 123 / 300 ... accepted 123. Emin=34.59659062, Emax=181.58906691
realization 124 / 300 ... accepted 124. Emin=2.24441313, Emax=148.18274897
realization 125 / 300 ... accepted 125. Emin=-11.30060105, Emax=148.49948364
realization 126 / 300 ... accepted 126. Emin=-24.67703816, Emax=126.46324978
realization 127 / 300 ... accepted 127. Emin=0.02359727, Emax=163.13374813
realization 128 / 300 ... accepted 128. Emin=25.14981364, Emax=170.35906960
realization 129 / 300 ... accepted 129. Emin=-13.11126458, Emax=147.12734816
realization 130 / 300 ... accepted 130. Emin=-4.93080747, Emax=139.14614728
realization 131 / 300 ... accepted 131. Emin=23.29414121, Emax=166.72300961
realization 132 / 300 ... accepted 132. Emin=-8.95792836, Emax=137.64379870
realization 133 / 300 ... accepted 133. Emin=-23.50767052, Emax=124.29705770
realization 134 / 300 ... accepted 134. Emin=22.55083831, Emax=166.67226161
realization 135 / 300 ... accepted 135. Emin=19.02662716, Emax=161.23339367
realization 136 / 300 ... accepted 136. Emin=-20.41197996, Emax=129.36667781
realization 137 / 300 ... accepted 137. Emin=9.71258502, Emax=146.96540532
realization 138 / 300 ... accepted 138. Emin=-4.41866097, Emax=148.53662678
realization 139 / 300 ... accepted 139. Emin=16.14092588, Emax=147.70775467
realization 140 / 300 ... accepted 140. Emin=4.48471113, Emax=169.95663844
realization 141 / 300 ... accepted 141. Emin=4.54596344, Emax=160.37137070
realization 142 / 300 ... accepted 142. Emin=-12.96976744, Emax=145.78735454
realization 143 / 300 ... accepted 143. Emin=5.13156092, Emax=152.49680656
realization 144 / 300 ... accepted 144. Emin=8.54443018, Emax=170.92482766
realization 145 / 300 ... accepted 145. Emin=-27.04168481, Emax=107.88762300
realization 146 / 300 ... accepted 146. Emin=-0.40147474, Emax=152.88725472
realization 147 / 300 ... accepted 147. Emin=23.40921932, Emax=171.85273249
realization 148 / 300 ... accepted 148. Emin=-5.56913884, Emax=143.59407852
realization 149 / 300 ... accepted 149. Emin=21.57922795, Emax=161.11140569
realization 150 / 300 ... accepted 150. Emin=-5.59777166, Emax=130.63636975
realization 151 / 300 ... accepted 151. Emin=21.93415431, Emax=155.49474721
realization 152 / 300 ... accepted 152. Emin=21.65420357, Emax=168.37603989
realization 153 / 300 ... accepted 153. Emin=-4.60514351, Emax=136.17329077
realization 154 / 300 ... accepted 154. Emin=-24.79215673, Emax=119.83099471
realization 155 / 300 ... accepted 155. Emin=-21.90538924, Emax=126.19813208
realization 156 / 300 ... accepted 156. Emin=-2.92096221, Emax=150.33670633
realization 157 / 300 ... accepted 157. Emin=7.47354776, Emax=153.77046405
realization 158 / 300 ... accepted 158. Emin=9.21502942, Emax=152.31768749
realization 159 / 300 ... accepted 159. Emin=19.64401778, Emax=166.52926795
realization 160 / 300 ... accepted 160. Emin=-11.17270261, Emax=128.02144487
realization 161 / 300 ... accepted 161. Emin=33.72459006, Emax=172.24461285
realization 162 / 300 ... accepted 162. Emin=-16.09825818, Emax=134.85447531
realization 163 / 300 ... accepted 163. Emin=7.41644507, Emax=163.83320799
realization 164 / 300 ... accepted 164. Emin=12.79648371, Emax=175.86401981
realization 165 / 300 ... accepted 165. Emin=-33.21982437, Emax=108.18794707
realization 166 / 300 ... accepted 166. Emin=-5.00682718, Emax=131.37261093
realization 167 / 300 ... accepted 167. Emin=-20.46003128, Emax=118.43518473
realization 168 / 300 ... accepted 168. Emin=9.62979009, Emax=168.08395405
realization 169 / 300 ... accepted 169. Emin=4.16200634, Emax=159.53085651
realization 170 / 300 ... accepted 170. Emin=12.71999334, Emax=170.50934592
realization 171 / 300 ... accepted 171. Emin=-9.24078503, Emax=155.27020397
realization 172 / 300 ... accepted 172. Emin=18.49713272, Emax=164.65092187
realization 173 / 300 ... accepted 173. Emin=5.77936248, Emax=151.05889319
realization 174 / 300 ... accepted 174. Emin=-3.57995118, Emax=160.45737166
realization 175 / 300 ... accepted 175. Emin=2.93320351, Emax=150.27310591
realization 176 / 300 ... accepted 176. Emin=-8.39822423, Emax=163.49186902
realization 177 / 300 ... accepted 177. Emin=-12.72389780, Emax=134.36230923
realization 178 / 300 ... accepted 178. Emin=-8.69639910, Emax=133.92766195
realization 179 / 300 ... accepted 179. Emin=0.56353249, Emax=147.97829342
realization 180 / 300 ... accepted 180. Emin=6.89122887, Emax=146.57885960
realization 181 / 300 ... accepted 181. Emin=-0.05664060, Emax=154.72416173
realization 182 / 300 ... accepted 182. Emin=-18.27876437, Emax=129.08667449
realization 183 / 300 ... accepted 183. Emin=-28.38890161, Emax=127.62814936
realization 184 / 300 ... accepted 184. Emin=-15.67191008, Emax=137.64587403
realization 185 / 300 ... accepted 185. Emin=-1.48885578, Emax=153.44996943
realization 186 / 300 ... accepted 186. Emin=7.65395026, Emax=150.97600808
realization 187 / 300 ... accepted 187. Emin=14.32188513, Emax=164.21570490
realization 188 / 300 ... accepted 188. Emin=7.25082935, Emax=158.99576125
realization 189 / 300 ... accepted 189. Emin=-4.96685357, Emax=151.12741483
realization 190 / 300 ... accepted 190. Emin=-31.85506980, Emax=116.12638509
realization 191 / 300 ... accepted 191. Emin=6.18374257, Emax=150.88471415
realization 192 / 300 ... accepted 192. Emin=-5.20253298, Emax=150.37839956
realization 193 / 300 ... accepted 193. Emin=5.45289190, Emax=173.15468766
realization 194 / 300 ... accepted 194. Emin=1.55637076, Emax=151.21695728
realization 195 / 300 ... accepted 195. Emin=2.98369655, Emax=162.04410443
realization 196 / 300 ... accepted 196. Emin=-14.94919902, Emax=140.66008785
realization 197 / 300 ... accepted 197. Emin=34.10009265, Emax=181.34145796
realization 198 / 300 ... accepted 198. Emin=-9.98570418, Emax=131.36256652
realization 199 / 300 ... accepted 199. Emin=7.20312479, Emax=161.72217914
realization 200 / 300 ... accepted 200. Emin=-6.06006238, Emax=146.89524147
realization 201 / 300 ... accepted 201. Emin=-8.11962432, Emax=147.72718128
realization 202 / 300 ... accepted 202. Emin=-27.35722067, Emax=113.50334932
realization 203 / 300 ... accepted 203. Emin=-24.06862124, Emax=118.04864530
realization 204 / 300 ... accepted 204. Emin=-11.18962084, Emax=144.18593094
realization 205 / 300 ... accepted 205. Emin=-1.31908990, Emax=152.87663512
realization 206 / 300 ... accepted 206. Emin=-31.77574129, Emax=109.49493329
realization 207 / 300 ... accepted 207. Emin=3.08558224, Emax=156.66015734
realization 208 / 300 ... accepted 208. Emin=21.41375508, Emax=167.40332685
realization 209 / 300 ... accepted 209. Emin=0.30600745, Emax=137.15263119
realization 210 / 300 ... accepted 210. Emin=15.68129272, Emax=162.40377511
realization 211 / 300 ... accepted 211. Emin=36.41357247, Emax=171.71268703
realization 212 / 300 ... accepted 212. Emin=31.82465217, Emax=168.75851818
realization 213 / 300 ... accepted 213. Emin=-14.62324619, Emax=128.07879582
realization 214 / 300 ... accepted 214. Emin=-0.26813169, Emax=163.96590077
realization 215 / 300 ... accepted 215. Emin=-19.02039356, Emax=143.41350078
realization 216 / 300 ... accepted 216. Emin=3.22131108, Emax=153.22951305
realization 217 / 300 ... accepted 217. Emin=30.21055275, Emax=180.46809895
realization 218 / 300 ... accepted 218. Emin=31.64200279, Emax=171.32718555
realization 219 / 300 ... accepted 219. Emin=-2.39229296, Emax=150.48616322
realization 220 / 300 ... accepted 220. Emin=-0.82216407, Emax=152.48774871
realization 221 / 300 ... accepted 221. Emin=-18.63664256, Emax=138.05709756
realization 222 / 300 ... accepted 222. Emin=-1.31417686, Emax=163.67398651
realization 223 / 300 ... accepted 223. Emin=-20.88535422, Emax=111.82540336
realization 224 / 300 ... accepted 224. Emin=0.58772912, Emax=144.61708732
realization 225 / 300 ... accepted 225. Emin=1.03355841, Emax=143.21711616
realization 226 / 300 ... accepted 226. Emin=-1.54678053, Emax=149.45452542
realization 227 / 300 ... accepted 227. Emin=-9.65358097, Emax=155.54318639
realization 228 / 300 ... accepted 228. Emin=28.83687982, Emax=172.66250774
realization 229 / 300 ... accepted 229. Emin=19.39492115, Emax=159.04714967
realization 230 / 300 ... accepted 230. Emin=3.80537254, Emax=163.66633324
realization 231 / 300 ... accepted 231. Emin=7.45098379, Emax=148.03785701
realization 232 / 300 ... accepted 232. Emin=-3.15629239, Emax=146.82844800
realization 233 / 300 ... accepted 233. Emin=1.02544391, Emax=155.80461811
realization 234 / 300 ... accepted 234. Emin=-11.41390276, Emax=141.94291633
realization 235 / 300 ... accepted 235. Emin=5.76864514, Emax=164.42844975
realization 236 / 300 ... accepted 236. Emin=-9.50607786, Emax=140.37949226
realization 237 / 300 ... accepted 237. Emin=5.33836176, Emax=147.88696267
realization 238 / 300 ... accepted 238. Emin=-2.79651598, Emax=140.16045874
realization 239 / 300 ... accepted 239. Emin=-9.94828967, Emax=136.94118104
realization 240 / 300 ... accepted 240. Emin=3.67058586, Emax=160.81090765
realization 241 / 300 ... accepted 241. Emin=20.29666372, Emax=175.11785048
realization 242 / 300 ... accepted 242. Emin=6.34827753, Emax=163.68089951
realization 243 / 300 ... accepted 243. Emin=-10.00200745, Emax=127.62126615
realization 244 / 300 ... accepted 244. Emin=23.06673372, Emax=160.28766262
realization 245 / 300 ... accepted 245. Emin=6.91366485, Emax=157.79483251
realization 246 / 300 ... accepted 246. Emin=20.22534831, Emax=174.55523341
realization 247 / 300 ... accepted 247. Emin=6.59990847, Emax=153.59932755
realization 248 / 300 ... accepted 248. Emin=-22.33294574, Emax=131.35967495
realization 249 / 300 ... accepted 249. Emin=-14.17705156, Emax=144.33113377
realization 250 / 300 ... accepted 250. Emin=19.19758686, Emax=168.21860369
realization 251 / 300 ... accepted 251. Emin=-17.63925598, Emax=130.87761336
realization 252 / 300 ... accepted 252. Emin=12.39023791, Emax=166.16184430
realization 253 / 300 ... accepted 253. Emin=8.92959611, Emax=158.35178178
realization 254 / 300 ... accepted 254. Emin=-6.22433298, Emax=138.42471209
realization 255 / 300 ... accepted 255. Emin=4.94285800, Emax=151.06700058
realization 256 / 300 ... accepted 256. Emin=-11.78046663, Emax=137.76672393
realization 257 / 300 ... accepted 257. Emin=-15.43129261, Emax=144.33324087
realization 258 / 300 ... accepted 258. Emin=12.73161405, Emax=147.22494560
realization 259 / 300 ... accepted 259. Emin=-21.11857880, Emax=124.47058512
realization 260 / 300 ... accepted 260. Emin=29.54915674, Emax=168.77738263
realization 261 / 300 ... accepted 261. Emin=15.81948669, Emax=168.98770104
realization 262 / 300 ... accepted 262. Emin=19.26249407, Emax=180.82236054
realization 263 / 300 ... accepted 263. Emin=-11.08456450, Emax=136.58959315
realization 264 / 300 ... accepted 264. Emin=3.13629852, Emax=150.88964312
realization 265 / 300 ... accepted 265. Emin=9.22200066, Emax=170.26789653
realization 266 / 300 ... accepted 266. Emin=-11.61642731, Emax=143.28392632
realization 267 / 300 ... accepted 267. Emin=-14.77171954, Emax=133.51158276
realization 268 / 300 ... accepted 268. Emin=18.63869934, Emax=175.55855224
realization 269 / 300 ... accepted 269. Emin=9.90802507, Emax=169.34619502
realization 270 / 300 ... accepted 270. Emin=-3.96981792, Emax=137.99109170
realization 271 / 300 ... accepted 271. Emin=11.26048217, Emax=166.60881353
realization 272 / 300 ... accepted 272. Emin=1.79622218, Emax=151.88379964
realization 273 / 300 ... accepted 273. Emin=1.72263682, Emax=160.13393765
realization 274 / 300 ... accepted 274. Emin=27.02224810, Emax=170.19697519
realization 275 / 300 ... accepted 275. Emin=14.04509079, Emax=166.33678255
realization 276 / 300 ... accepted 276. Emin=26.32890841, Emax=176.42144003
realization 277 / 300 ... accepted 277. Emin=-31.98354627, Emax=120.99366375
realization 278 / 300 ... accepted 278. Emin=0.69210046, Emax=143.07563190
realization 279 / 300 ... accepted 279. Emin=12.84239230, Emax=167.73480014
realization 280 / 300 ... accepted 280. Emin=-22.56482054, Emax=128.21239229
realization 281 / 300 ... accepted 281. Emin=5.56648509, Emax=156.33810183
realization 282 / 300 ... accepted 282. Emin=25.07231732, Emax=185.02925449
realization 283 / 300 ... accepted 283. Emin=-4.98405842, Emax=144.61464579
realization 284 / 300 ... accepted 284. Emin=-30.28139493, Emax=117.84638451
realization 285 / 300 ... accepted 285. Emin=-3.15760663, Emax=143.25139314
realization 286 / 300 ... accepted 286. Emin=-22.42999935, Emax=132.20141413
realization 287 / 300 ... accepted 287. Emin=25.19917145, Emax=165.68484889
realization 288 / 300 ... accepted 288. Emin=-1.24381149, Emax=141.86273361
realization 289 / 300 ... accepted 289. Emin=-10.58306826, Emax=133.84895868
realization 290 / 300 ... accepted 290. Emin=-11.53721976, Emax=127.95676716
realization 291 / 300 ... accepted 291. Emin=14.41690521, Emax=170.11389895
realization 292 / 300 ... accepted 292. Emin=3.50908316, Emax=171.24539378
realization 293 / 300 ... accepted 293. Emin=31.27640823, Emax=178.97926146
realization 294 / 300 ... accepted 294. Emin=11.62768746, Emax=146.58363242
realization 295 / 300 ... accepted 295. Emin=14.40538387, Emax=164.73435891
realization 296 / 300 ... accepted 296. Emin=-1.64951817, Emax=152.06997327
realization 297 / 300 ... accepted 297. Emin=-22.83166651, Emax=119.39878752
realization 298 / 300 ... accepted 298. Emin=21.64583475, Emax=159.62751081
realization 299 / 300 ... accepted 299. Emin=-24.11588355, Emax=122.74388246
realization 300 / 300 ... accepted 300. Emin=-3.38167030, Emax=159.63257625
Saved final energies: /home/2/kj405942/POLFED_bosons/pbs_bose_legacy_nmax2_periodic/data/U_20/W_11/L_6/N_6_nmax_2/boundary_periodic/energies_full_U20_L6_N6_nmax2_W11_boundaryperiodic_nreal300.txt
Accepted realizations: 300 / 300
Skipped realizations: 0
Job finished at Sun May 31 17:12:44 UTC 2026
