Job started on w30 at Sun May 31 17:10:58 UTC 2026
PBS_JOBID=7731486.kruk-host.ift-klaster.lan
PBS_O_WORKDIR=/home/2/kj405942/POLFED_bosons
Bose-Hubbard: L=6, N=6, nmax=2, dim=141
t=1, U=20, W=12, nreal=300, boundary=periodic, mode=full
Writing partial results to /home/2/kj405942/POLFED_bosons/pbs_bose_legacy_nmax2_periodic/data/U_20/W_12/L_6/N_6_nmax_2/boundary_periodic/energies_full_U20_L6_N6_nmax2_W12_boundaryperiodic_nreal300_partial.txt
realization 1 / 300 ... accepted 1. Emin=-14.36173824, Emax=136.17467511
realization 2 / 300 ... accepted 2. Emin=25.82883762, Emax=170.09434116
realization 3 / 300 ... accepted 3. Emin=-9.50225781, Emax=138.81988889
realization 4 / 300 ... accepted 4. Emin=-10.01889480, Emax=150.21834659
realization 5 / 300 ... accepted 5. Emin=-42.66923768, Emax=95.35492454
realization 6 / 300 ... accepted 6. Emin=-15.17662937, Emax=154.99577920
realization 7 / 300 ... accepted 7. Emin=2.65395481, Emax=169.65199405
realization 8 / 300 ... accepted 8. Emin=-44.44480753, Emax=94.37957300
realization 9 / 300 ... accepted 9. Emin=-17.19667976, Emax=139.89896170
realization 10 / 300 ... accepted 10. Emin=-12.58662365, Emax=143.97186807
realization 11 / 300 ... accepted 11. Emin=1.48123692, Emax=143.68456205
realization 12 / 300 ... accepted 12. Emin=-19.42927860, Emax=136.47287892
realization 13 / 300 ... accepted 13. Emin=20.22198268, Emax=164.87099027
realization 14 / 300 ... accepted 14. Emin=-11.67049755, Emax=133.36294436
realization 15 / 300 ... accepted 15. Emin=6.16440808, Emax=146.90521061
realization 16 / 300 ... accepted 16. Emin=-0.26957532, Emax=154.61996666
realization 17 / 300 ... accepted 17. Emin=-20.85040864, Emax=131.75974649
realization 18 / 300 ... accepted 18. Emin=17.37863735, Emax=167.77421922
realization 19 / 300 ... accepted 19. Emin=17.35781335, Emax=161.39004587
realization 20 / 300 ... accepted 20. Emin=6.17174871, Emax=161.68684089
realization 21 / 300 ... accepted 21. Emin=-8.91513354, Emax=149.06454858
realization 22 / 300 ... accepted 22. Emin=27.10617025, Emax=174.86783009
realization 23 / 300 ... accepted 23. Emin=-0.18517128, Emax=137.24121397
realization 24 / 300 ... accepted 24. Emin=-25.58982503, Emax=120.81033598
realization 25 / 300 ... accepted 25. Emin=-9.81932965, Emax=134.03639720
realization 26 / 300 ... accepted 26. Emin=18.10779531, Emax=169.14836254
realization 27 / 300 ... accepted 27. Emin=10.80391266, Emax=168.67826657
realization 28 / 300 ... accepted 28. Emin=3.53334610, Emax=155.56278752
realization 29 / 300 ... accepted 29. Emin=12.98199037, Emax=172.37489345
realization 30 / 300 ... accepted 30. Emin=-2.00711104, Emax=162.66188760
realization 31 / 300 ... accepted 31. Emin=-5.41963879, Emax=149.13573137
realization 32 / 300 ... accepted 32. Emin=10.32036823, Emax=178.09495783
realization 33 / 300 ... accepted 33. Emin=-14.60981781, Emax=144.25912527
realization 34 / 300 ... accepted 34. Emin=11.54988910, Emax=163.67795568
realization 35 / 300 ... accepted 35. Emin=25.63594018, Emax=174.23791036
realization 36 / 300 ... accepted 36. Emin=-16.70540052, Emax=133.98704530
realization 37 / 300 ... accepted 37. Emin=21.34331119, Emax=168.23024702
realization 38 / 300 ... accepted 38. Emin=-13.59225087, Emax=131.19585597
realization 39 / 300 ... accepted 39. Emin=-10.67855767, Emax=155.43822747
realization 40 / 300 ... accepted 40. Emin=10.41062255, Emax=165.64917128
realization 41 / 300 ... accepted 41. Emin=12.47109893, Emax=162.83904331
realization 42 / 300 ... accepted 42. Emin=-0.15141128, Emax=150.72466537
realization 43 / 300 ... accepted 43. Emin=-22.67936418, Emax=128.83746038
realization 44 / 300 ... accepted 44. Emin=29.99574634, Emax=176.83441852
realization 45 / 300 ... accepted 45. Emin=-40.54113455, Emax=96.81371287
realization 46 / 300 ... accepted 46. Emin=29.54303849, Emax=180.11565661
realization 47 / 300 ... accepted 47. Emin=24.73191995, Emax=176.55047840
realization 48 / 300 ... accepted 48. Emin=15.01771928, Emax=162.98847218
realization 49 / 300 ... accepted 49. Emin=-6.93352646, Emax=153.77149273
realization 50 / 300 ... accepted 50. Emin=-28.43045586, Emax=120.61642838
realization 51 / 300 ... accepted 51. Emin=-2.93165896, Emax=164.08400835
realization 52 / 300 ... accepted 52. Emin=-6.71613518, Emax=137.53563731
realization 53 / 300 ... accepted 53. Emin=-6.05891993, Emax=145.12429542
realization 54 / 300 ... accepted 54. Emin=-13.37522932, Emax=144.97199625
realization 55 / 300 ... accepted 55. Emin=-4.36210176, Emax=143.44404364
realization 56 / 300 ... accepted 56. Emin=3.94259324, Emax=150.16548816
realization 57 / 300 ... accepted 57. Emin=-4.06705934, Emax=167.71804783
realization 58 / 300 ... accepted 58. Emin=12.74804632, Emax=167.07789035
realization 59 / 300 ... accepted 59. Emin=-11.94428955, Emax=146.39336089
realization 60 / 300 ... accepted 60. Emin=24.37765716, Emax=180.65502081
realization 61 / 300 ... accepted 61. Emin=-22.23860378, Emax=135.90213640
realization 62 / 300 ... accepted 62. Emin=-1.25086551, Emax=151.66309526
realization 63 / 300 ... accepted 63. Emin=17.02174262, Emax=160.44275956
realization 64 / 300 ... accepted 64. Emin=-30.77593825, Emax=113.49280969
realization 65 / 300 ... accepted 65. Emin=-6.08664631, Emax=151.04820037
realization 66 / 300 ... accepted 66. Emin=-4.03880737, Emax=137.99287839
realization 67 / 300 ... accepted 67. Emin=-2.45683847, Emax=149.40823576
realization 68 / 300 ... accepted 68. Emin=23.10654802, Emax=174.16919260
realization 69 / 300 ... accepted 69. Emin=17.34749282, Emax=168.98480185
realization 70 / 300 ... accepted 70. Emin=15.07496163, Emax=175.82066229
realization 71 / 300 ... accepted 71. Emin=-6.10852425, Emax=155.37970907
realization 72 / 300 ... accepted 72. Emin=-6.48498493, Emax=144.48081076
realization 73 / 300 ... accepted 73. Emin=13.24998993, Emax=165.98838647
realization 74 / 300 ... accepted 74. Emin=3.50099929, Emax=150.89795298
realization 75 / 300 ... accepted 75. Emin=-0.69347381, Emax=154.17250019
realization 76 / 300 ... accepted 76. Emin=-0.70699017, Emax=151.00221006
realization 77 / 300 ... accepted 77. Emin=24.94454877, Emax=163.85488894
realization 78 / 300 ... accepted 78. Emin=6.54565473, Emax=158.65200667
realization 79 / 300 ... accepted 79. Emin=-24.15665814, Emax=124.07196646
realization 80 / 300 ... accepted 80. Emin=0.68939873, Emax=139.94177491
realization 81 / 300 ... accepted 81. Emin=11.65126534, Emax=162.40314409
realization 82 / 300 ... accepted 82. Emin=-0.45749138, Emax=157.40704216
realization 83 / 300 ... accepted 83. Emin=-28.42724584, Emax=110.01813641
realization 84 / 300 ... accepted 84. Emin=0.48939317, Emax=164.68288998
realization 85 / 300 ... accepted 85. Emin=-19.53631958, Emax=129.85502103
realization 86 / 300 ... accepted 86. Emin=-5.41512385, Emax=144.09603271
realization 87 / 300 ... accepted 87. Emin=-3.28307916, Emax=156.18377344
realization 88 / 300 ... accepted 88. Emin=-33.99880586, Emax=122.77067944
realization 89 / 300 ... accepted 89. Emin=2.65493056, Emax=155.82495276
realization 90 / 300 ... accepted 90. Emin=-15.75598848, Emax=127.10900148
realization 91 / 300 ... accepted 91. Emin=-10.10356395, Emax=139.56699214
realization 92 / 300 ... accepted 92. Emin=7.70830413, Emax=173.00837280
realization 93 / 300 ... accepted 93. Emin=-27.82552399, Emax=123.87652402
realization 94 / 300 ... accepted 94. Emin=6.01815507, Emax=169.07072540
realization 95 / 300 ... accepted 95. Emin=9.73352121, Emax=171.79763804
realization 96 / 300 ... accepted 96. Emin=-36.25707689, Emax=111.44292111
realization 97 / 300 ... accepted 97. Emin=18.47404665, Emax=156.27668983
realization 98 / 300 ... accepted 98. Emin=4.21627728, Emax=149.71817841
realization 99 / 300 ... accepted 99. Emin=2.01961494, Emax=147.50596025
realization 100 / 300 ... accepted 100. Emin=5.43644332, Emax=162.85446731
realization 101 / 300 ... accepted 101. Emin=17.75098649, Emax=170.68691357
realization 102 / 300 ... accepted 102. Emin=21.27512659, Emax=179.66027368
realization 103 / 300 ... accepted 103. Emin=-4.25131876, Emax=136.05693298
realization 104 / 300 ... accepted 104. Emin=-16.33190914, Emax=126.90719728
realization 105 / 300 ... accepted 105. Emin=20.24975689, Emax=173.70720773
realization 106 / 300 ... accepted 106. Emin=-16.48964266, Emax=142.92697790
realization 107 / 300 ... accepted 107. Emin=-2.10229722, Emax=158.57239593
realization 108 / 300 ... accepted 108. Emin=-6.03070374, Emax=162.62213297
realization 109 / 300 ... accepted 109. Emin=11.97028539, Emax=160.21107203
realization 110 / 300 ... accepted 110. Emin=7.48723715, Emax=145.23927320
realization 111 / 300 ... accepted 111. Emin=21.61747892, Emax=170.61947284
realization 112 / 300 ... accepted 112. Emin=-35.98515684, Emax=103.42670738
realization 113 / 300 ... accepted 113. Emin=-29.57304091, Emax=108.28801247
realization 114 / 300 ... accepted 114. Emin=7.13817141, Emax=154.07283707
realization 115 / 300 ... accepted 115. Emin=1.11038302, Emax=162.04676679
realization 116 / 300 ... accepted 116. Emin=13.28991640, Emax=184.59630465
realization 117 / 300 ... accepted 117. Emin=-10.40104160, Emax=140.09947276
realization 118 / 300 ... accepted 118. Emin=-14.08660579, Emax=151.77114757
realization 119 / 300 ... accepted 119. Emin=-32.81791787, Emax=113.13966229
realization 120 / 300 ... accepted 120. Emin=9.34912040, Emax=164.87411023
realization 121 / 300 ... accepted 121. Emin=-1.51884355, Emax=158.89328012
realization 122 / 300 ... accepted 122. Emin=-5.14606400, Emax=159.37875783
realization 123 / 300 ... accepted 123. Emin=11.63385630, Emax=155.79708368
realization 124 / 300 ... accepted 124. Emin=-5.47096435, Emax=155.93203417
realization 125 / 300 ... accepted 125. Emin=14.35676982, Emax=168.80266941
realization 126 / 300 ... accepted 126. Emin=-3.01751820, Emax=151.20250880
realization 127 / 300 ... accepted 127. Emin=8.54607085, Emax=151.86963090
realization 128 / 300 ... accepted 128. Emin=12.29721839, Emax=161.94099988
realization 129 / 300 ... accepted 129. Emin=-26.20852541, Emax=127.83789848
realization 130 / 300 ... accepted 130. Emin=9.57712453, Emax=171.39109647
realization 131 / 300 ... accepted 131. Emin=27.64629148, Emax=170.81767254
realization 132 / 300 ... accepted 132. Emin=29.33210111, Emax=175.87236207
realization 133 / 300 ... accepted 133. Emin=4.03168746, Emax=156.07491846
realization 134 / 300 ... accepted 134. Emin=26.29758313, Emax=185.95337296
realization 135 / 300 ... accepted 135. Emin=-15.50758338, Emax=124.01555294
realization 136 / 300 ... accepted 136. Emin=27.85802684, Emax=181.31589452
realization 137 / 300 ... accepted 137. Emin=-3.05729420, Emax=148.92911556
realization 138 / 300 ... accepted 138. Emin=14.77823382, Emax=165.11415142
realization 139 / 300 ... accepted 139. Emin=-15.69301737, Emax=125.55352822
realization 140 / 300 ... accepted 140. Emin=7.47752104, Emax=152.17507216
realization 141 / 300 ... accepted 141. Emin=-32.83694751, Emax=114.93908479
realization 142 / 300 ... accepted 142. Emin=-30.50164863, Emax=118.60436757
realization 143 / 300 ... accepted 143. Emin=23.10618006, Emax=171.31347794
realization 144 / 300 ... accepted 144. Emin=-36.09598348, Emax=115.70214958
realization 145 / 300 ... accepted 145. Emin=-29.28275576, Emax=122.12887066
realization 146 / 300 ... accepted 146. Emin=21.45418234, Emax=153.57921225
realization 147 / 300 ... accepted 147. Emin=10.05197772, Emax=178.73184463
realization 148 / 300 ... accepted 148. Emin=1.64173623, Emax=149.28031644
realization 149 / 300 ... accepted 149. Emin=-8.97450873, Emax=149.98892029
realization 150 / 300 ... accepted 150. Emin=-22.16658981, Emax=126.59433032
realization 151 / 300 ... accepted 151. Emin=-18.19280858, Emax=133.84998812
realization 152 / 300 ... accepted 152. Emin=-9.99633531, Emax=143.42435415
realization 153 / 300 ... accepted 153. Emin=24.67273514, Emax=175.38134943
realization 154 / 300 ... accepted 154. Emin=-10.09456989, Emax=148.18243792
realization 155 / 300 ... accepted 155. Emin=-10.47089611, Emax=147.63598370
realization 156 / 300 ... accepted 156. Emin=-40.65438004, Emax=99.79835127
realization 157 / 300 ... accepted 157. Emin=-12.36652341, Emax=149.05267959
realization 158 / 300 ... accepted 158. Emin=31.30647862, Emax=182.82583034
realization 159 / 300 ... accepted 159. Emin=-2.06329552, Emax=156.46266561
realization 160 / 300 ... accepted 160. Emin=36.00360933, Emax=181.27331880
realization 161 / 300 ... accepted 161. Emin=-7.59332488, Emax=147.42130024
realization 162 / 300 ... accepted 162. Emin=10.98050731, Emax=151.59998926
realization 163 / 300 ... accepted 163. Emin=-2.13471306, Emax=157.61653116
realization 164 / 300 ... accepted 164. Emin=21.27781191, Emax=167.80736966
realization 165 / 300 ... accepted 165. Emin=13.17362640, Emax=163.09316579
realization 166 / 300 ... accepted 166. Emin=2.54262652, Emax=162.87095449
realization 167 / 300 ... accepted 167. Emin=13.61779431, Emax=177.89153926
realization 168 / 300 ... accepted 168. Emin=22.10843008, Emax=168.28842054
realization 169 / 300 ... accepted 169. Emin=-1.97862501, Emax=157.82086400
realization 170 / 300 ... accepted 170. Emin=10.23967797, Emax=170.17831135
realization 171 / 300 ... accepted 171. Emin=-0.30427905, Emax=151.05401845
realization 172 / 300 ... accepted 172. Emin=7.23186799, Emax=172.32640832
realization 173 / 300 ... accepted 173. Emin=-7.17934643, Emax=152.72932748
realization 174 / 300 ... accepted 174. Emin=3.31697819, Emax=153.92910391
realization 175 / 300 ... accepted 175. Emin=11.71113252, Emax=158.19517303
realization 176 / 300 ... accepted 176. Emin=-10.24354241, Emax=140.34242631
realization 177 / 300 ... accepted 177. Emin=4.38830120, Emax=145.61638895
realization 178 / 300 ... accepted 178. Emin=-22.03163780, Emax=126.66655473
realization 179 / 300 ... accepted 179. Emin=-5.69516535, Emax=151.81996414
realization 180 / 300 ... accepted 180. Emin=-23.78285704, Emax=116.16823208
realization 181 / 300 ... accepted 181. Emin=-5.28240257, Emax=151.54607558
realization 182 / 300 ... accepted 182. Emin=1.10662342, Emax=151.27864646
realization 183 / 300 ... accepted 183. Emin=-4.05567400, Emax=141.06575493
realization 184 / 300 ... accepted 184. Emin=-32.67622501, Emax=109.81565401
realization 185 / 300 ... accepted 185. Emin=17.79313149, Emax=167.13136499
realization 186 / 300 ... accepted 186. Emin=-20.70267355, Emax=117.25101828
realization 187 / 300 ... accepted 187. Emin=19.59869276, Emax=161.39078009
realization 188 / 300 ... accepted 188. Emin=7.69249657, Emax=149.22014611
realization 189 / 300 ... accepted 189. Emin=-2.45826582, Emax=155.03827253
realization 190 / 300 ... accepted 190. Emin=-3.48663102, Emax=147.39938212
realization 191 / 300 ... accepted 191. Emin=-1.49732298, Emax=160.39049249
realization 192 / 300 ... accepted 192. Emin=-15.44562484, Emax=137.92621539
realization 193 / 300 ... accepted 193. Emin=3.83493478, Emax=146.58784586
realization 194 / 300 ... accepted 194. Emin=2.84574921, Emax=159.10322252
realization 195 / 300 ... accepted 195. Emin=0.37573965, Emax=146.74329603
realization 196 / 300 ... accepted 196. Emin=11.53171896, Emax=176.65547507
realization 197 / 300 ... accepted 197. Emin=-19.31274168, Emax=130.95831991
realization 198 / 300 ... accepted 198. Emin=-6.97845890, Emax=133.56661637
realization 199 / 300 ... accepted 199. Emin=-35.32673993, Emax=106.06443886
realization 200 / 300 ... accepted 200. Emin=-14.43906218, Emax=136.23410699
realization 201 / 300 ... accepted 201. Emin=-2.38955415, Emax=143.67191333
realization 202 / 300 ... accepted 202. Emin=-13.05637176, Emax=125.58965269
realization 203 / 300 ... accepted 203. Emin=-27.84334497, Emax=115.59576524
realization 204 / 300 ... accepted 204. Emin=-8.83179708, Emax=130.01354794
realization 205 / 300 ... accepted 205. Emin=29.70774188, Emax=181.55754795
realization 206 / 300 ... accepted 206. Emin=7.57245535, Emax=165.82260669
realization 207 / 300 ... accepted 207. Emin=16.36074091, Emax=167.50255100
realization 208 / 300 ... accepted 208. Emin=3.86846864, Emax=152.92404456
realization 209 / 300 ... accepted 209. Emin=22.59832089, Emax=177.93104034
realization 210 / 300 ... accepted 210. Emin=-20.97640018, Emax=141.78692457
realization 211 / 300 ... accepted 211. Emin=-6.18323141, Emax=137.69674302
realization 212 / 300 ... accepted 212. Emin=27.91808190, Emax=190.00989933
realization 213 / 300 ... accepted 213. Emin=16.20445391, Emax=172.71819799
realization 214 / 300 ... accepted 214. Emin=11.19321086, Emax=166.25851244
realization 215 / 300 ... accepted 215. Emin=-6.21048513, Emax=140.82400482
realization 216 / 300 ... accepted 216. Emin=28.69011531, Emax=169.38786748
realization 217 / 300 ... accepted 217. Emin=17.25821523, Emax=160.36050412
realization 218 / 300 ... accepted 218. Emin=3.08927308, Emax=150.53977485
realization 219 / 300 ... accepted 219. Emin=-18.25398961, Emax=128.81254081
realization 220 / 300 ... accepted 220. Emin=9.70303183, Emax=165.58818445
realization 221 / 300 ... accepted 221. Emin=16.63249057, Emax=170.29140991
realization 222 / 300 ... accepted 222. Emin=-3.68893911, Emax=160.14399991
realization 223 / 300 ... accepted 223. Emin=-26.47134454, Emax=127.82292059
realization 224 / 300 ... accepted 224. Emin=3.36538537, Emax=153.35905583
realization 225 / 300 ... accepted 225. Emin=1.44056416, Emax=145.61650376
realization 226 / 300 ... accepted 226. Emin=44.09357233, Emax=180.87180646
realization 227 / 300 ... accepted 227. Emin=-32.97666278, Emax=114.65499763
realization 228 / 300 ... accepted 228. Emin=-34.81630724, Emax=103.89153883
realization 229 / 300 ... accepted 229. Emin=-30.47193732, Emax=116.45542963
realization 230 / 300 ... accepted 230. Emin=2.73100582, Emax=163.00491180
realization 231 / 300 ... accepted 231. Emin=13.63765877, Emax=165.09301155
realization 232 / 300 ... accepted 232. Emin=-16.31086288, Emax=135.10754211
realization 233 / 300 ... accepted 233. Emin=6.41090700, Emax=182.09125590
realization 234 / 300 ... accepted 234. Emin=-18.38854095, Emax=127.97866767
realization 235 / 300 ... accepted 235. Emin=17.79675610, Emax=174.97481944
realization 236 / 300 ... accepted 236. Emin=14.52787786, Emax=156.77594315
realization 237 / 300 ... accepted 237. Emin=-26.53120426, Emax=120.89413233
realization 238 / 300 ... accepted 238. Emin=14.59923011, Emax=163.48453724
realization 239 / 300 ... accepted 239. Emin=-8.39918606, Emax=153.52128902
realization 240 / 300 ... accepted 240. Emin=-26.78061887, Emax=116.55650665
realization 241 / 300 ... accepted 241. Emin=22.62115353, Emax=174.24391989
realization 242 / 300 ... accepted 242. Emin=15.71531759, Emax=164.12105694
realization 243 / 300 ... accepted 243. Emin=4.17214464, Emax=159.18587443
realization 244 / 300 ... accepted 244. Emin=-38.72799742, Emax=99.72984469
realization 245 / 300 ... accepted 245. Emin=0.78151284, Emax=154.50990767
realization 246 / 300 ... accepted 246. Emin=14.99020022, Emax=170.70771096
realization 247 / 300 ... accepted 247. Emin=5.68629223, Emax=166.71806715
realization 248 / 300 ... accepted 248. Emin=-39.19639952, Emax=103.57408773
realization 249 / 300 ... accepted 249. Emin=-24.01115128, Emax=124.89376209
realization 250 / 300 ... accepted 250. Emin=1.14131014, Emax=163.90727490
realization 251 / 300 ... accepted 251. Emin=12.03893329, Emax=174.87546337
realization 252 / 300 ... accepted 252. Emin=4.72907468, Emax=170.08650453
realization 253 / 300 ... accepted 253. Emin=6.44590058, Emax=148.34430399
realization 254 / 300 ... accepted 254. Emin=-12.67420532, Emax=146.95963133
realization 255 / 300 ... accepted 255. Emin=23.25825600, Emax=168.26730171
realization 256 / 300 ... accepted 256. Emin=-44.40197616, Emax=93.27083682
realization 257 / 300 ... accepted 257. Emin=19.37251709, Emax=173.61961084
realization 258 / 300 ... accepted 258. Emin=12.07506317, Emax=172.61331890
realization 259 / 300 ... accepted 259. Emin=-2.47318739, Emax=150.51961413
realization 260 / 300 ... accepted 260. Emin=-7.12091942, Emax=148.57372140
realization 261 / 300 ... accepted 261. Emin=8.50518908, Emax=165.00271370
realization 262 / 300 ... accepted 262. Emin=3.17420730, Emax=169.42567375
realization 263 / 300 ... accepted 263. Emin=-5.20100525, Emax=138.27093485
realization 264 / 300 ... accepted 264. Emin=24.03437388, Emax=170.41629176
realization 265 / 300 ... accepted 265. Emin=-11.99216623, Emax=159.06660689
realization 266 / 300 ... accepted 266. Emin=13.99803044, Emax=183.76935369
realization 267 / 300 ... accepted 267. Emin=14.76027821, Emax=165.38299431
realization 268 / 300 ... accepted 268. Emin=-12.03544175, Emax=139.33177011
realization 269 / 300 ... accepted 269. Emin=-13.93620529, Emax=150.09018071
realization 270 / 300 ... accepted 270. Emin=28.24800416, Emax=174.16628261
realization 271 / 300 ... accepted 271. Emin=15.77503920, Emax=164.81138000
realization 272 / 300 ... accepted 272. Emin=0.63620878, Emax=157.43267303
realization 273 / 300 ... accepted 273. Emin=-14.69274190, Emax=121.57344455
realization 274 / 300 ... accepted 274. Emin=11.41109228, Emax=163.99942401
realization 275 / 300 ... accepted 275. Emin=-9.10411113, Emax=147.60678802
realization 276 / 300 ... accepted 276. Emin=24.10960784, Emax=185.14812140
realization 277 / 300 ... accepted 277. Emin=-7.65544066, Emax=147.59493796
realization 278 / 300 ... accepted 278. Emin=-9.24827310, Emax=146.52468233
realization 279 / 300 ... accepted 279. Emin=15.13702419, Emax=162.88873342
realization 280 / 300 ... accepted 280. Emin=-24.80263305, Emax=121.18958797
realization 281 / 300 ... accepted 281. Emin=4.12647228, Emax=145.04611600
realization 282 / 300 ... accepted 282. Emin=-8.47816424, Emax=142.18027639
realization 283 / 300 ... accepted 283. Emin=-3.61720387, Emax=158.68912925
realization 284 / 300 ... accepted 284. Emin=-11.69993424, Emax=146.49190839
realization 285 / 300 ... accepted 285. Emin=-21.11441626, Emax=119.63084752
realization 286 / 300 ... accepted 286. Emin=9.39765062, Emax=168.40181525
realization 287 / 300 ... accepted 287. Emin=18.98002996, Emax=168.79619567
realization 288 / 300 ... accepted 288. Emin=39.29118888, Emax=178.52421455
realization 289 / 300 ... accepted 289. Emin=31.95977227, Emax=179.41553332
realization 290 / 300 ... accepted 290. Emin=0.37463863, Emax=141.52318612
realization 291 / 300 ... accepted 291. Emin=-13.74189068, Emax=146.28186072
realization 292 / 300 ... accepted 292. Emin=-25.94719447, Emax=126.35681924
realization 293 / 300 ... accepted 293. Emin=16.42218215, Emax=169.00507578
realization 294 / 300 ... accepted 294. Emin=14.91915536, Emax=166.05066445
realization 295 / 300 ... accepted 295. Emin=-7.79925088, Emax=153.66276858
realization 296 / 300 ... accepted 296. Emin=7.61965709, Emax=166.38055647
realization 297 / 300 ... accepted 297. Emin=-2.48133172, Emax=156.55362485
realization 298 / 300 ... accepted 298. Emin=12.97172024, Emax=177.68365075
realization 299 / 300 ... accepted 299. Emin=-2.98885666, Emax=145.24330891
realization 300 / 300 ... accepted 300. Emin=0.77381000, Emax=148.24749450
Saved final energies: /home/2/kj405942/POLFED_bosons/pbs_bose_legacy_nmax2_periodic/data/U_20/W_12/L_6/N_6_nmax_2/boundary_periodic/energies_full_U20_L6_N6_nmax2_W12_boundaryperiodic_nreal300.txt
Accepted realizations: 300 / 300
Skipped realizations: 0
Job finished at Sun May 31 17:12:44 UTC 2026
