Job started on w30 at Sun May 31 17:11:00 UTC 2026
PBS_JOBID=7731489.kruk-host.ift-klaster.lan
PBS_O_WORKDIR=/home/2/kj405942/POLFED_bosons
Bose-Hubbard: L=6, N=6, nmax=2, dim=141
t=1, U=20, W=15, nreal=300, boundary=periodic, mode=full
Writing partial results to /home/2/kj405942/POLFED_bosons/pbs_bose_legacy_nmax2_periodic/data/U_20/W_15/L_6/N_6_nmax_2/boundary_periodic/energies_full_U20_L6_N6_nmax2_W15_boundaryperiodic_nreal300_partial.txt
realization 1 / 300 ... accepted 1. Emin=-2.22580215, Emax=144.66158737
realization 2 / 300 ... accepted 2. Emin=28.55820351, Emax=166.68042359
realization 3 / 300 ... accepted 3. Emin=1.43303720, Emax=163.52807908
realization 4 / 300 ... accepted 4. Emin=13.67620454, Emax=160.27090635
realization 5 / 300 ... accepted 5. Emin=-23.34730099, Emax=129.97531282
realization 6 / 300 ... accepted 6. Emin=-4.42094606, Emax=158.89643287
realization 7 / 300 ... accepted 7. Emin=-5.52810070, Emax=152.99081499
realization 8 / 300 ... accepted 8. Emin=17.83096806, Emax=187.80260319
realization 9 / 300 ... accepted 9. Emin=-9.35262942, Emax=158.55722509
realization 10 / 300 ... accepted 10. Emin=-20.10550177, Emax=134.37782805
realization 11 / 300 ... accepted 11. Emin=8.13793710, Emax=151.19031330
realization 12 / 300 ... accepted 12. Emin=25.79227320, Emax=201.17056874
realization 13 / 300 ... accepted 13. Emin=33.82469568, Emax=176.77214380
realization 14 / 300 ... accepted 14. Emin=4.78079233, Emax=159.30992832
realization 15 / 300 ... accepted 15. Emin=36.62574516, Emax=195.19422129
realization 16 / 300 ... accepted 16. Emin=-12.31922335, Emax=127.15258372
realization 17 / 300 ... accepted 17. Emin=-16.83912092, Emax=146.13681323
realization 18 / 300 ... accepted 18. Emin=-12.10759234, Emax=140.67416459
realization 19 / 300 ... accepted 19. Emin=8.41582663, Emax=175.17589151
realization 20 / 300 ... accepted 20. Emin=24.33835384, Emax=172.68689054
realization 21 / 300 ... accepted 21. Emin=-4.03513879, Emax=136.00554775
realization 22 / 300 ... accepted 22. Emin=-28.25697551, Emax=125.88098743
realization 23 / 300 ... accepted 23. Emin=29.76097780, Emax=187.27926462
realization 24 / 300 ... accepted 24. Emin=7.29677563, Emax=156.98098768
realization 25 / 300 ... accepted 25. Emin=-22.40504349, Emax=147.45422300
realization 26 / 300 ... accepted 26. Emin=-20.71913773, Emax=134.98819927
realization 27 / 300 ... accepted 27. Emin=23.74779827, Emax=168.46110808
realization 28 / 300 ... accepted 28. Emin=17.61349173, Emax=179.80608600
realization 29 / 300 ... accepted 29. Emin=-54.56886741, Emax=84.65530771
realization 30 / 300 ... accepted 30. Emin=-29.13845841, Emax=128.38763653
realization 31 / 300 ... accepted 31. Emin=2.51643865, Emax=157.38079939
realization 32 / 300 ... accepted 32. Emin=18.44921187, Emax=171.09703543
realization 33 / 300 ... accepted 33. Emin=-10.17228293, Emax=143.36148485
realization 34 / 300 ... accepted 34. Emin=32.90518593, Emax=184.26456627
realization 35 / 300 ... accepted 35. Emin=-22.75059495, Emax=133.48247101
realization 36 / 300 ... accepted 36. Emin=17.83393965, Emax=182.11721309
realization 37 / 300 ... accepted 37. Emin=-25.29299186, Emax=131.69042660
realization 38 / 300 ... accepted 38. Emin=-2.93960876, Emax=151.68050682
realization 39 / 300 ... accepted 39. Emin=11.65201966, Emax=186.35323847
realization 40 / 300 ... accepted 40. Emin=4.22279199, Emax=159.59678391
realization 41 / 300 ... accepted 41. Emin=37.41524878, Emax=196.43268303
realization 42 / 300 ... accepted 42. Emin=6.52540646, Emax=168.96473446
realization 43 / 300 ... accepted 43. Emin=-29.47089627, Emax=131.40302069
realization 44 / 300 ... accepted 44. Emin=-1.12228333, Emax=149.22074041
realization 45 / 300 ... accepted 45. Emin=-10.49750497, Emax=148.40502253
realization 46 / 300 ... accepted 46. Emin=0.50638124, Emax=156.60156119
realization 47 / 300 ... accepted 47. Emin=-25.41183103, Emax=109.00154461
realization 48 / 300 ... accepted 48. Emin=26.83590946, Emax=180.61622576
realization 49 / 300 ... accepted 49. Emin=-28.31820776, Emax=119.33806200
realization 50 / 300 ... accepted 50. Emin=40.55779392, Emax=195.00265163
realization 51 / 300 ... accepted 51. Emin=-24.56707097, Emax=141.51931967
realization 52 / 300 ... accepted 52. Emin=8.75584527, Emax=156.37436840
realization 53 / 300 ... accepted 53. Emin=-7.87223182, Emax=159.35987226
realization 54 / 300 ... accepted 54. Emin=0.93022771, Emax=150.05581709
realization 55 / 300 ... accepted 55. Emin=-0.61124865, Emax=165.66901613
realization 56 / 300 ... accepted 56. Emin=0.22270815, Emax=159.21221616
realization 57 / 300 ... accepted 57. Emin=1.52961349, Emax=180.06988145
realization 58 / 300 ... accepted 58. Emin=-13.78951101, Emax=154.33592121
realization 59 / 300 ... accepted 59. Emin=-8.37734065, Emax=140.62707376
realization 60 / 300 ... accepted 60. Emin=11.33482516, Emax=158.16409233
realization 61 / 300 ... accepted 61. Emin=-24.16684451, Emax=136.94286133
realization 62 / 300 ... accepted 62. Emin=-25.31915265, Emax=119.68785195
realization 63 / 300 ... accepted 63. Emin=12.12493785, Emax=164.35527609
realization 64 / 300 ... accepted 64. Emin=33.04066932, Emax=184.49734339
realization 65 / 300 ... accepted 65. Emin=28.92055801, Emax=192.79780416
realization 66 / 300 ... accepted 66. Emin=31.47110073, Emax=181.10381933
realization 67 / 300 ... accepted 67. Emin=5.52021269, Emax=154.75736722
realization 68 / 300 ... accepted 68. Emin=9.94003643, Emax=176.25138805
realization 69 / 300 ... accepted 69. Emin=-22.23620957, Emax=142.52065514
realization 70 / 300 ... accepted 70. Emin=-20.48991714, Emax=130.31989594
realization 71 / 300 ... accepted 71. Emin=-16.20582503, Emax=117.43908025
realization 72 / 300 ... accepted 72. Emin=-1.38395143, Emax=165.66827120
realization 73 / 300 ... accepted 73. Emin=-1.83272902, Emax=161.43092084
realization 74 / 300 ... accepted 74. Emin=-5.95600652, Emax=137.72393802
realization 75 / 300 ... accepted 75. Emin=46.60975190, Emax=187.73977766
realization 76 / 300 ... accepted 76. Emin=-32.39474769, Emax=132.06911314
realization 77 / 300 ... accepted 77. Emin=-2.19897907, Emax=159.17195130
realization 78 / 300 ... accepted 78. Emin=-39.27701858, Emax=110.05375670
realization 79 / 300 ... accepted 79. Emin=-26.41686521, Emax=132.70358746
realization 80 / 300 ... accepted 80. Emin=4.64537371, Emax=162.34149680
realization 81 / 300 ... accepted 81. Emin=6.90639456, Emax=187.87803556
realization 82 / 300 ... accepted 82. Emin=-6.71831177, Emax=164.53976458
realization 83 / 300 ... accepted 83. Emin=-22.67107795, Emax=143.63945695
realization 84 / 300 ... accepted 84. Emin=-5.78044052, Emax=149.62014187
realization 85 / 300 ... accepted 85. Emin=-16.81336420, Emax=151.68065725
realization 86 / 300 ... accepted 86. Emin=11.41544423, Emax=166.90422991
realization 87 / 300 ... accepted 87. Emin=-37.33600734, Emax=122.53458571
realization 88 / 300 ... accepted 88. Emin=-7.28698247, Emax=149.47049323
realization 89 / 300 ... accepted 89. Emin=22.96103457, Emax=173.81982400
realization 90 / 300 ... accepted 90. Emin=-2.11432917, Emax=157.41957847
realization 91 / 300 ... accepted 91. Emin=-7.81852874, Emax=157.12383155
realization 92 / 300 ... accepted 92. Emin=50.83680228, Emax=189.03591366
realization 93 / 300 ... accepted 93. Emin=-0.43186739, Emax=175.64643783
realization 94 / 300 ... accepted 94. Emin=-11.62671493, Emax=149.83920581
realization 95 / 300 ... accepted 95. Emin=31.41098855, Emax=195.85410876
realization 96 / 300 ... accepted 96. Emin=-5.68360037, Emax=145.98783088
realization 97 / 300 ... accepted 97. Emin=-25.85313429, Emax=133.45071660
realization 98 / 300 ... accepted 98. Emin=-0.28076820, Emax=184.41435796
realization 99 / 300 ... accepted 99. Emin=-3.55254011, Emax=158.32934263
realization 100 / 300 ... accepted 100. Emin=1.35075011, Emax=154.60089533
realization 101 / 300 ... accepted 101. Emin=19.31037150, Emax=191.73588043
realization 102 / 300 ... accepted 102. Emin=7.23289733, Emax=162.98517123
realization 103 / 300 ... accepted 103. Emin=51.62793074, Emax=193.19358768
realization 104 / 300 ... accepted 104. Emin=4.95507564, Emax=168.13614245
realization 105 / 300 ... accepted 105. Emin=-2.60820928, Emax=140.50491029
realization 106 / 300 ... accepted 106. Emin=-7.76668686, Emax=124.11860225
realization 107 / 300 ... accepted 107. Emin=5.53160704, Emax=155.03893820
realization 108 / 300 ... accepted 108. Emin=6.20820199, Emax=159.69227419
realization 109 / 300 ... accepted 109. Emin=19.29201530, Emax=192.70596578
realization 110 / 300 ... accepted 110. Emin=67.44977297, Emax=199.83071883
realization 111 / 300 ... accepted 111. Emin=-7.91278546, Emax=170.07027440
realization 112 / 300 ... accepted 112. Emin=-50.46853789, Emax=97.86472682
realization 113 / 300 ... accepted 113. Emin=-13.56198571, Emax=137.69915688
realization 114 / 300 ... accepted 114. Emin=10.91280697, Emax=164.18960071
realization 115 / 300 ... accepted 115. Emin=38.60606617, Emax=197.09061440
realization 116 / 300 ... accepted 116. Emin=-20.67649502, Emax=122.50955314
realization 117 / 300 ... accepted 117. Emin=-6.87708088, Emax=156.06384608
realization 118 / 300 ... accepted 118. Emin=3.90164836, Emax=167.03307171
realization 119 / 300 ... accepted 119. Emin=-7.52753310, Emax=137.39946938
realization 120 / 300 ... accepted 120. Emin=-1.97372126, Emax=152.38909099
realization 121 / 300 ... accepted 121. Emin=7.10729626, Emax=171.86662869
realization 122 / 300 ... accepted 122. Emin=35.85236853, Emax=200.84880659
realization 123 / 300 ... accepted 123. Emin=-7.21258292, Emax=147.71000802
realization 124 / 300 ... accepted 124. Emin=6.72574539, Emax=153.51088261
realization 125 / 300 ... accepted 125. Emin=-0.49932175, Emax=158.70988512
realization 126 / 300 ... accepted 126. Emin=-5.05242604, Emax=148.75526404
realization 127 / 300 ... accepted 127. Emin=0.17772561, Emax=168.97947028
realization 128 / 300 ... accepted 128. Emin=13.14704260, Emax=154.71791059
realization 129 / 300 ... accepted 129. Emin=-21.97047655, Emax=119.60498491
realization 130 / 300 ... accepted 130. Emin=8.25509607, Emax=170.72431632
realization 131 / 300 ... accepted 131. Emin=29.96249185, Emax=188.32997588
realization 132 / 300 ... accepted 132. Emin=-24.14718913, Emax=142.61725869
realization 133 / 300 ... accepted 133. Emin=-9.85067204, Emax=138.40244354
realization 134 / 300 ... accepted 134. Emin=-32.33960950, Emax=124.87859269
realization 135 / 300 ... accepted 135. Emin=7.27338904, Emax=163.99333489
realization 136 / 300 ... accepted 136. Emin=8.73475899, Emax=165.61927716
realization 137 / 300 ... accepted 137. Emin=-44.48174070, Emax=102.57105481
realization 138 / 300 ... accepted 138. Emin=-26.10815096, Emax=126.98690029
realization 139 / 300 ... accepted 139. Emin=5.08850606, Emax=173.82088597
realization 140 / 300 ... accepted 140. Emin=13.39960726, Emax=166.87125618
realization 141 / 300 ... accepted 141. Emin=-13.90996889, Emax=144.30075304
realization 142 / 300 ... accepted 142. Emin=-7.09751929, Emax=162.65845815
realization 143 / 300 ... accepted 143. Emin=-19.68698858, Emax=150.49337205
realization 144 / 300 ... accepted 144. Emin=-27.42594942, Emax=128.75748293
realization 145 / 300 ... accepted 145. Emin=5.24756720, Emax=178.10948816
realization 146 / 300 ... accepted 146. Emin=-4.39012594, Emax=155.75013248
realization 147 / 300 ... accepted 147. Emin=32.07002994, Emax=179.62332472
realization 148 / 300 ... accepted 148. Emin=4.52885791, Emax=152.67867867
realization 149 / 300 ... accepted 149. Emin=35.24586235, Emax=189.47742436
realization 150 / 300 ... accepted 150. Emin=19.28654590, Emax=195.22381836
realization 151 / 300 ... accepted 151. Emin=-3.87686817, Emax=163.43743650
realization 152 / 300 ... accepted 152. Emin=-17.76135018, Emax=148.27341520
realization 153 / 300 ... accepted 153. Emin=-16.52416907, Emax=139.06631191
realization 154 / 300 ... accepted 154. Emin=-17.69761981, Emax=145.78608489
realization 155 / 300 ... accepted 155. Emin=-39.78324740, Emax=122.04928162
realization 156 / 300 ... accepted 156. Emin=21.79631783, Emax=163.70278819
realization 157 / 300 ... accepted 157. Emin=-2.04653462, Emax=180.66169070
realization 158 / 300 ... accepted 158. Emin=15.73154151, Emax=166.00242133
realization 159 / 300 ... accepted 159. Emin=7.26169695, Emax=154.32057780
realization 160 / 300 ... accepted 160. Emin=-6.53309590, Emax=162.46372602
realization 161 / 300 ... accepted 161. Emin=27.34266360, Emax=177.00205288
realization 162 / 300 ... accepted 162. Emin=-6.31949169, Emax=167.69684275
realization 163 / 300 ... accepted 163. Emin=15.64422076, Emax=187.42311091
realization 164 / 300 ... accepted 164. Emin=-14.99396857, Emax=163.69536179
realization 165 / 300 ... accepted 165. Emin=-27.94813391, Emax=123.82714578
realization 166 / 300 ... accepted 166. Emin=-12.72132121, Emax=125.00220346
realization 167 / 300 ... accepted 167. Emin=-12.15820696, Emax=126.74009357
realization 168 / 300 ... accepted 168. Emin=2.93603030, Emax=171.96374615
realization 169 / 300 ... accepted 169. Emin=3.38770272, Emax=164.98792971
realization 170 / 300 ... accepted 170. Emin=12.75645874, Emax=165.30136910
realization 171 / 300 ... accepted 171. Emin=10.00073733, Emax=159.24237215
realization 172 / 300 ... accepted 172. Emin=-9.57895177, Emax=157.99180688
realization 173 / 300 ... accepted 173. Emin=22.94386116, Emax=184.03534777
realization 174 / 300 ... accepted 174. Emin=-16.83638258, Emax=150.92892366
realization 175 / 300 ... accepted 175. Emin=-22.55328609, Emax=128.99096003
realization 176 / 300 ... accepted 176. Emin=-29.08984607, Emax=120.62333735
realization 177 / 300 ... accepted 177. Emin=-35.70298579, Emax=112.79565569
realization 178 / 300 ... accepted 178. Emin=11.41165352, Emax=159.28093122
realization 179 / 300 ... accepted 179. Emin=-5.50309431, Emax=168.34520283
realization 180 / 300 ... accepted 180. Emin=19.72734984, Emax=193.13836639
realization 181 / 300 ... accepted 181. Emin=-13.24398652, Emax=141.02902884
realization 182 / 300 ... accepted 182. Emin=23.15632892, Emax=188.23969957
realization 183 / 300 ... accepted 183. Emin=-17.30765223, Emax=145.58982757
realization 184 / 300 ... accepted 184. Emin=4.45091843, Emax=191.92370013
realization 185 / 300 ... accepted 185. Emin=0.05515627, Emax=162.74022778
realization 186 / 300 ... accepted 186. Emin=7.44346001, Emax=156.21837322
realization 187 / 300 ... accepted 187. Emin=8.00946055, Emax=153.31253455
realization 188 / 300 ... accepted 188. Emin=6.63603269, Emax=168.02284046
realization 189 / 300 ... accepted 189. Emin=-16.31020661, Emax=136.57566890
realization 190 / 300 ... accepted 190. Emin=-21.34644255, Emax=145.74097332
realization 191 / 300 ... accepted 191. Emin=-10.39649653, Emax=157.83210327
realization 192 / 300 ... accepted 192. Emin=-38.21214487, Emax=119.12404514
realization 193 / 300 ... accepted 193. Emin=2.66280885, Emax=167.85726179
realization 194 / 300 ... accepted 194. Emin=11.08094472, Emax=165.00402015
realization 195 / 300 ... accepted 195. Emin=9.39175759, Emax=172.91993830
realization 196 / 300 ... accepted 196. Emin=35.25441966, Emax=195.38859120
realization 197 / 300 ... accepted 197. Emin=8.85225657, Emax=199.33575576
realization 198 / 300 ... accepted 198. Emin=-12.57654494, Emax=147.59969203
realization 199 / 300 ... accepted 199. Emin=40.66944830, Emax=186.51852149
realization 200 / 300 ... accepted 200. Emin=41.92020187, Emax=180.54026300
realization 201 / 300 ... accepted 201. Emin=9.47143241, Emax=177.68474324
realization 202 / 300 ... accepted 202. Emin=-9.06256553, Emax=159.41692213
realization 203 / 300 ... accepted 203. Emin=36.83453344, Emax=182.91395281
realization 204 / 300 ... accepted 204. Emin=-7.45697488, Emax=168.64059664
realization 205 / 300 ... accepted 205. Emin=12.64667867, Emax=158.75560847
realization 206 / 300 ... accepted 206. Emin=-0.45890699, Emax=161.80165293
realization 207 / 300 ... accepted 207. Emin=21.12353646, Emax=177.61573162
realization 208 / 300 ... accepted 208. Emin=14.91606311, Emax=175.95576613
realization 209 / 300 ... accepted 209. Emin=19.11793675, Emax=181.68252872
realization 210 / 300 ... accepted 210. Emin=-7.54845365, Emax=159.99648877
realization 211 / 300 ... accepted 211. Emin=-19.05915476, Emax=139.22645618
realization 212 / 300 ... accepted 212. Emin=4.82584934, Emax=181.63541277
realization 213 / 300 ... accepted 213. Emin=-11.46737561, Emax=144.53909682
realization 214 / 300 ... accepted 214. Emin=-20.33813303, Emax=146.39868709
realization 215 / 300 ... accepted 215. Emin=2.77281053, Emax=153.11500577
realization 216 / 300 ... accepted 216. Emin=-5.35348945, Emax=161.88202419
realization 217 / 300 ... accepted 217. Emin=2.63700434, Emax=140.56306301
realization 218 / 300 ... accepted 218. Emin=10.33301536, Emax=189.72766388
realization 219 / 300 ... accepted 219. Emin=23.74580906, Emax=156.58431747
realization 220 / 300 ... accepted 220. Emin=22.71251977, Emax=172.01904704
realization 221 / 300 ... accepted 221. Emin=-14.74275197, Emax=140.11805173
realization 222 / 300 ... accepted 222. Emin=18.92133292, Emax=197.84924600
realization 223 / 300 ... accepted 223. Emin=10.41718490, Emax=151.63506761
realization 224 / 300 ... accepted 224. Emin=-27.64005571, Emax=141.17708765
realization 225 / 300 ... accepted 225. Emin=5.40006948, Emax=155.95563315
realization 226 / 300 ... accepted 226. Emin=42.33920484, Emax=186.43011416
realization 227 / 300 ... accepted 227. Emin=-32.55102013, Emax=120.81354352
realization 228 / 300 ... accepted 228. Emin=-24.97547023, Emax=134.06631078
realization 229 / 300 ... accepted 229. Emin=-6.30603519, Emax=165.28534202
realization 230 / 300 ... accepted 230. Emin=16.89016157, Emax=166.04699695
realization 231 / 300 ... accepted 231. Emin=23.46104683, Emax=170.02579168
realization 232 / 300 ... accepted 232. Emin=-23.13526295, Emax=125.70902181
realization 233 / 300 ... accepted 233. Emin=-4.71524848, Emax=152.54304013
realization 234 / 300 ... accepted 234. Emin=-41.59438343, Emax=106.09993697
realization 235 / 300 ... accepted 235. Emin=5.85168953, Emax=183.93082995
realization 236 / 300 ... accepted 236. Emin=8.95417088, Emax=172.56851857
realization 237 / 300 ... accepted 237. Emin=16.78961229, Emax=178.39891824
realization 238 / 300 ... accepted 238. Emin=38.15139132, Emax=194.11830087
realization 239 / 300 ... accepted 239. Emin=-2.42115657, Emax=152.22830276
realization 240 / 300 ... accepted 240. Emin=-16.65139794, Emax=134.25441911
realization 241 / 300 ... accepted 241. Emin=-7.37977387, Emax=143.83116138
realization 242 / 300 ... accepted 242. Emin=-3.43512871, Emax=163.97358245
realization 243 / 300 ... accepted 243. Emin=1.27511896, Emax=156.09819195
realization 244 / 300 ... accepted 244. Emin=16.40402582, Emax=188.30168827
realization 245 / 300 ... accepted 245. Emin=-7.27506631, Emax=144.89455506
realization 246 / 300 ... accepted 246. Emin=34.98225921, Emax=193.78028198
realization 247 / 300 ... accepted 247. Emin=-25.77730953, Emax=122.90510696
realization 248 / 300 ... accepted 248. Emin=24.67317342, Emax=181.90967519
realization 249 / 300 ... accepted 249. Emin=-2.84949198, Emax=158.93003083
realization 250 / 300 ... accepted 250. Emin=-0.46959542, Emax=159.11383636
realization 251 / 300 ... accepted 251. Emin=-10.32931888, Emax=149.05589744
realization 252 / 300 ... accepted 252. Emin=25.06752756, Emax=180.12071751
realization 253 / 300 ... accepted 253. Emin=17.82293753, Emax=188.43355808
realization 254 / 300 ... accepted 254. Emin=-2.57498460, Emax=165.64324929
realization 255 / 300 ... accepted 255. Emin=1.17719818, Emax=157.94552578
realization 256 / 300 ... accepted 256. Emin=7.58895938, Emax=165.60440537
realization 257 / 300 ... accepted 257. Emin=0.20218025, Emax=176.68345353
realization 258 / 300 ... accepted 258. Emin=16.97033278, Emax=174.64425842
realization 259 / 300 ... accepted 259. Emin=-6.33051055, Emax=148.01619291
realization 260 / 300 ... accepted 260. Emin=24.51942602, Emax=178.88309284
realization 261 / 300 ... accepted 261. Emin=25.45903769, Emax=187.11163833
realization 262 / 300 ... accepted 262. Emin=-4.01477058, Emax=176.46752606
realization 263 / 300 ... accepted 263. Emin=-39.40706078, Emax=118.05767537
realization 264 / 300 ... accepted 264. Emin=-21.24764117, Emax=136.35219164
realization 265 / 300 ... accepted 265. Emin=14.64141659, Emax=173.70705389
realization 266 / 300 ... accepted 266. Emin=-0.56466163, Emax=166.06944266
realization 267 / 300 ... accepted 267. Emin=-41.94968647, Emax=91.32373713
realization 268 / 300 ... accepted 268. Emin=17.09636307, Emax=192.43771047
realization 269 / 300 ... accepted 269. Emin=-39.97607233, Emax=100.58205829
realization 270 / 300 ... accepted 270. Emin=-8.16741151, Emax=153.99737485
realization 271 / 300 ... accepted 271. Emin=7.03938789, Emax=179.49356656
realization 272 / 300 ... accepted 272. Emin=-12.79859009, Emax=143.15490257
realization 273 / 300 ... accepted 273. Emin=25.38813441, Emax=166.80504416
realization 274 / 300 ... accepted 274. Emin=7.27276036, Emax=167.73356260
realization 275 / 300 ... accepted 275. Emin=-52.23481808, Emax=97.16701470
realization 276 / 300 ... accepted 276. Emin=-54.38081095, Emax=88.53641770
realization 277 / 300 ... accepted 277. Emin=-2.75552243, Emax=154.27013505
realization 278 / 300 ... accepted 278. Emin=2.05817219, Emax=147.33822329
realization 279 / 300 ... accepted 279. Emin=7.95310229, Emax=180.16680310
realization 280 / 300 ... accepted 280. Emin=-2.35906836, Emax=169.58096105
realization 281 / 300 ... accepted 281. Emin=-20.43336923, Emax=142.09022083
realization 282 / 300 ... accepted 282. Emin=12.62332212, Emax=172.81198884
realization 283 / 300 ... accepted 283. Emin=-13.50726455, Emax=136.26338213
realization 284 / 300 ... accepted 284. Emin=-6.31238763, Emax=154.81357723
realization 285 / 300 ... accepted 285. Emin=4.75155366, Emax=177.84336788
realization 286 / 300 ... accepted 286. Emin=29.58788377, Emax=193.96540456
realization 287 / 300 ... accepted 287. Emin=-2.34010472, Emax=143.98859299
realization 288 / 300 ... accepted 288. Emin=9.33133422, Emax=160.97431509
realization 289 / 300 ... accepted 289. Emin=16.32245764, Emax=172.87399918
realization 290 / 300 ... accepted 290. Emin=17.19393774, Emax=183.31454775
realization 291 / 300 ... accepted 291. Emin=36.62446030, Emax=193.65232010
realization 292 / 300 ... accepted 292. Emin=23.54321948, Emax=181.59358845
realization 293 / 300 ... accepted 293. Emin=-27.81025500, Emax=134.53350268
realization 294 / 300 ... accepted 294. Emin=-26.44454472, Emax=141.10847142
realization 295 / 300 ... accepted 295. Emin=-15.31406972, Emax=143.29859698
realization 296 / 300 ... accepted 296. Emin=-9.28137678, Emax=155.37660603
realization 297 / 300 ... accepted 297. Emin=-13.52842000, Emax=156.32747100
realization 298 / 300 ... accepted 298. Emin=-26.05243998, Emax=112.56768511
realization 299 / 300 ... accepted 299. Emin=-26.97693882, Emax=143.01229768
realization 300 / 300 ... accepted 300. Emin=24.95398447, Emax=165.93537055
Saved final energies: /home/2/kj405942/POLFED_bosons/pbs_bose_legacy_nmax2_periodic/data/U_20/W_15/L_6/N_6_nmax_2/boundary_periodic/energies_full_U20_L6_N6_nmax2_W15_boundaryperiodic_nreal300.txt
Accepted realizations: 300 / 300
Skipped realizations: 0
Job finished at Sun May 31 17:12:42 UTC 2026
