Job started on w30 at Sun May 31 17:10:59 UTC 2026
PBS_JOBID=7731487.kruk-host.ift-klaster.lan
PBS_O_WORKDIR=/home/2/kj405942/POLFED_bosons
Bose-Hubbard: L=6, N=6, nmax=2, dim=141
t=1, U=20, W=13, nreal=300, boundary=periodic, mode=full
Writing partial results to /home/2/kj405942/POLFED_bosons/pbs_bose_legacy_nmax2_periodic/data/U_20/W_13/L_6/N_6_nmax_2/boundary_periodic/energies_full_U20_L6_N6_nmax2_W13_boundaryperiodic_nreal300_partial.txt
realization 1 / 300 ... accepted 1. Emin=-14.92235385, Emax=134.23660608
realization 2 / 300 ... accepted 2. Emin=-19.15357300, Emax=138.14647276
realization 3 / 300 ... accepted 3. Emin=36.36763441, Emax=168.50069204
realization 4 / 300 ... accepted 4. Emin=20.05922865, Emax=160.73749799
realization 5 / 300 ... accepted 5. Emin=22.75612695, Emax=172.08169062
realization 6 / 300 ... accepted 6. Emin=4.10906124, Emax=155.59434906
realization 7 / 300 ... accepted 7. Emin=-18.17005377, Emax=145.98285857
realization 8 / 300 ... accepted 8. Emin=13.59188635, Emax=169.60294873
realization 9 / 300 ... accepted 9. Emin=-6.07855104, Emax=166.62249676
realization 10 / 300 ... accepted 10. Emin=16.89000335, Emax=167.37164937
realization 11 / 300 ... accepted 11. Emin=23.81323866, Emax=168.46192061
realization 12 / 300 ... accepted 12. Emin=0.59347422, Emax=152.99974162
realization 13 / 300 ... accepted 13. Emin=18.41156335, Emax=172.58342233
realization 14 / 300 ... accepted 14. Emin=-63.95622821, Emax=65.51030757
realization 15 / 300 ... accepted 15. Emin=0.11356912, Emax=142.40014319
realization 16 / 300 ... accepted 16. Emin=11.15313086, Emax=177.23817635
realization 17 / 300 ... accepted 17. Emin=-0.63206308, Emax=149.83245326
realization 18 / 300 ... accepted 18. Emin=-14.43472475, Emax=139.48995513
realization 19 / 300 ... accepted 19. Emin=9.30249305, Emax=166.88520551
realization 20 / 300 ... accepted 20. Emin=18.06674273, Emax=157.58171951
realization 21 / 300 ... accepted 21. Emin=-11.77842186, Emax=139.37333366
realization 22 / 300 ... accepted 22. Emin=-36.41868288, Emax=102.10675393
realization 23 / 300 ... accepted 23. Emin=-15.22325106, Emax=137.18883531
realization 24 / 300 ... accepted 24. Emin=-26.53121771, Emax=117.64090139
realization 25 / 300 ... accepted 25. Emin=-10.75005228, Emax=151.31185525
realization 26 / 300 ... accepted 26. Emin=12.52490796, Emax=171.80402693
realization 27 / 300 ... accepted 27. Emin=0.02428772, Emax=157.89658321
realization 28 / 300 ... accepted 28. Emin=3.80166598, Emax=168.08111902
realization 29 / 300 ... accepted 29. Emin=-5.93825121, Emax=144.40407382
realization 30 / 300 ... accepted 30. Emin=1.81432735, Emax=151.55555931
realization 31 / 300 ... accepted 31. Emin=-23.66730354, Emax=133.38635881
realization 32 / 300 ... accepted 32. Emin=-14.52624120, Emax=146.94078626
realization 33 / 300 ... accepted 33. Emin=1.23846710, Emax=162.70050847
realization 34 / 300 ... accepted 34. Emin=6.88108159, Emax=148.58028837
realization 35 / 300 ... accepted 35. Emin=31.93603033, Emax=186.76043393
realization 36 / 300 ... accepted 36. Emin=-21.55443309, Emax=142.35134383
realization 37 / 300 ... accepted 37. Emin=12.49352741, Emax=174.78070841
realization 38 / 300 ... accepted 38. Emin=8.32025732, Emax=176.98178891
realization 39 / 300 ... accepted 39. Emin=1.13354131, Emax=165.33187177
realization 40 / 300 ... accepted 40. Emin=-12.54588763, Emax=129.06291173
realization 41 / 300 ... accepted 41. Emin=-13.81116448, Emax=144.44790667
realization 42 / 300 ... accepted 42. Emin=-0.37899502, Emax=160.33427475
realization 43 / 300 ... accepted 43. Emin=-13.58052715, Emax=136.47150013
realization 44 / 300 ... accepted 44. Emin=-29.97082540, Emax=127.21759078
realization 45 / 300 ... accepted 45. Emin=4.95898522, Emax=149.69131551
realization 46 / 300 ... accepted 46. Emin=-16.62033039, Emax=143.86895831
realization 47 / 300 ... accepted 47. Emin=-26.57539468, Emax=112.85586347
realization 48 / 300 ... accepted 48. Emin=4.13452023, Emax=148.57747008
realization 49 / 300 ... accepted 49. Emin=-19.63047640, Emax=151.25321159
realization 50 / 300 ... accepted 50. Emin=-19.31589707, Emax=124.77339307
realization 51 / 300 ... accepted 51. Emin=-15.59382885, Emax=143.49456704
realization 52 / 300 ... accepted 52. Emin=33.43305277, Emax=186.72888332
realization 53 / 300 ... accepted 53. Emin=-19.28821984, Emax=130.05231690
realization 54 / 300 ... accepted 54. Emin=-19.59314603, Emax=135.57745252
realization 55 / 300 ... accepted 55. Emin=-23.49081670, Emax=120.96907065
realization 56 / 300 ... accepted 56. Emin=-4.12548651, Emax=142.20447050
realization 57 / 300 ... accepted 57. Emin=23.87141766, Emax=177.93835225
realization 58 / 300 ... accepted 58. Emin=8.42418717, Emax=162.99959385
realization 59 / 300 ... accepted 59. Emin=8.53647552, Emax=162.98639688
realization 60 / 300 ... accepted 60. Emin=12.17439373, Emax=160.10919002
realization 61 / 300 ... accepted 61. Emin=9.58111861, Emax=174.92067402
realization 62 / 300 ... accepted 62. Emin=6.97612329, Emax=168.65025234
realization 63 / 300 ... accepted 63. Emin=-1.43197947, Emax=171.31503569
realization 64 / 300 ... accepted 64. Emin=17.99763578, Emax=177.01320763
realization 65 / 300 ... accepted 65. Emin=2.99009353, Emax=153.80745567
realization 66 / 300 ... accepted 66. Emin=-15.77864412, Emax=130.39313416
realization 67 / 300 ... accepted 67. Emin=-25.28565203, Emax=108.62175717
realization 68 / 300 ... accepted 68. Emin=-11.65024025, Emax=140.84252785
realization 69 / 300 ... accepted 69. Emin=7.71859186, Emax=175.35556767
realization 70 / 300 ... accepted 70. Emin=6.38729793, Emax=165.16984306
realization 71 / 300 ... accepted 71. Emin=9.39580063, Emax=166.02758758
realization 72 / 300 ... accepted 72. Emin=-56.59379827, Emax=76.88883219
realization 73 / 300 ... accepted 73. Emin=-3.10323347, Emax=155.99266692
realization 74 / 300 ... accepted 74. Emin=-28.42260250, Emax=121.31459115
realization 75 / 300 ... accepted 75. Emin=-4.30541601, Emax=151.58630931
realization 76 / 300 ... accepted 76. Emin=-21.79831860, Emax=118.73425285
realization 77 / 300 ... accepted 77. Emin=-28.56719903, Emax=119.00493731
realization 78 / 300 ... accepted 78. Emin=5.48103132, Emax=178.10707530
realization 79 / 300 ... accepted 79. Emin=-4.84090119, Emax=151.49431050
realization 80 / 300 ... accepted 80. Emin=1.86967066, Emax=179.14945025
realization 81 / 300 ... accepted 81. Emin=-33.91463111, Emax=118.96109698
realization 82 / 300 ... accepted 82. Emin=-0.11018821, Emax=166.39894646
realization 83 / 300 ... accepted 83. Emin=-10.13458860, Emax=135.82399514
realization 84 / 300 ... accepted 84. Emin=-21.94138415, Emax=139.83104704
realization 85 / 300 ... accepted 85. Emin=-27.39205016, Emax=124.78742258
realization 86 / 300 ... accepted 86. Emin=-15.64492953, Emax=138.43428561
realization 87 / 300 ... accepted 87. Emin=1.87399834, Emax=137.03951298
realization 88 / 300 ... accepted 88. Emin=11.72898953, Emax=162.53346129
realization 89 / 300 ... accepted 89. Emin=-17.11848590, Emax=157.06929084
realization 90 / 300 ... accepted 90. Emin=0.07294738, Emax=182.58431897
realization 91 / 300 ... accepted 91. Emin=-16.43159194, Emax=143.05313337
realization 92 / 300 ... accepted 92. Emin=0.51863267, Emax=157.39341407
realization 93 / 300 ... accepted 93. Emin=13.29429468, Emax=173.51211477
realization 94 / 300 ... accepted 94. Emin=-24.84794827, Emax=112.54158483
realization 95 / 300 ... accepted 95. Emin=-2.42393282, Emax=148.58002122
realization 96 / 300 ... accepted 96. Emin=7.18349223, Emax=153.93749280
realization 97 / 300 ... accepted 97. Emin=-30.87921642, Emax=123.18305689
realization 98 / 300 ... accepted 98. Emin=-13.13157825, Emax=153.75144297
realization 99 / 300 ... accepted 99. Emin=-14.20553594, Emax=143.48910747
realization 100 / 300 ... accepted 100. Emin=5.08158383, Emax=162.73139301
realization 101 / 300 ... accepted 101. Emin=3.51959570, Emax=169.41518167
realization 102 / 300 ... accepted 102. Emin=-28.91831623, Emax=119.94438013
realization 103 / 300 ... accepted 103. Emin=42.48662178, Emax=181.85003649
realization 104 / 300 ... accepted 104. Emin=-2.28623120, Emax=157.64999269
realization 105 / 300 ... accepted 105. Emin=43.14243215, Emax=180.50214843
realization 106 / 300 ... accepted 106. Emin=24.21208037, Emax=172.90096215
realization 107 / 300 ... accepted 107. Emin=14.85398800, Emax=165.33913612
realization 108 / 300 ... accepted 108. Emin=50.85575651, Emax=186.13775068
realization 109 / 300 ... accepted 109. Emin=20.02403991, Emax=165.20348023
realization 110 / 300 ... accepted 110. Emin=48.97364368, Emax=184.96593774
realization 111 / 300 ... accepted 111. Emin=27.88506762, Emax=177.73408113
realization 112 / 300 ... accepted 112. Emin=-0.45441184, Emax=145.68158690
realization 113 / 300 ... accepted 113. Emin=14.20568525, Emax=168.28975046
realization 114 / 300 ... accepted 114. Emin=12.73057818, Emax=170.11249454
realization 115 / 300 ... accepted 115. Emin=16.99698605, Emax=172.84378405
realization 116 / 300 ... accepted 116. Emin=9.58784979, Emax=166.27010338
realization 117 / 300 ... accepted 117. Emin=-12.10439447, Emax=155.24976484
realization 118 / 300 ... accepted 118. Emin=-37.57087001, Emax=118.40751733
realization 119 / 300 ... accepted 119. Emin=-13.22989415, Emax=134.90362615
realization 120 / 300 ... accepted 120. Emin=-22.62298423, Emax=126.54389409
realization 121 / 300 ... accepted 121. Emin=-0.63001594, Emax=159.96462368
realization 122 / 300 ... accepted 122. Emin=4.07666860, Emax=139.43725370
realization 123 / 300 ... accepted 123. Emin=11.80273885, Emax=167.91265840
realization 124 / 300 ... accepted 124. Emin=11.46363737, Emax=168.38512041
realization 125 / 300 ... accepted 125. Emin=25.02840819, Emax=171.00078552
realization 126 / 300 ... accepted 126. Emin=31.14155993, Emax=185.03460856
realization 127 / 300 ... accepted 127. Emin=20.52394938, Emax=177.94205909
realization 128 / 300 ... accepted 128. Emin=13.33987902, Emax=174.44245529
realization 129 / 300 ... accepted 129. Emin=18.00009331, Emax=175.89476828
realization 130 / 300 ... accepted 130. Emin=8.23136540, Emax=154.78567539
realization 131 / 300 ... accepted 131. Emin=21.98741605, Emax=172.69297528
realization 132 / 300 ... accepted 132. Emin=18.99304140, Emax=173.99025726
realization 133 / 300 ... accepted 133. Emin=0.51749894, Emax=155.89150174
realization 134 / 300 ... accepted 134. Emin=23.79170894, Emax=166.36774304
realization 135 / 300 ... accepted 135. Emin=-13.33266906, Emax=151.18240879
realization 136 / 300 ... accepted 136. Emin=12.45161323, Emax=175.97996464
realization 137 / 300 ... accepted 137. Emin=4.02043026, Emax=162.57740284
realization 138 / 300 ... accepted 138. Emin=-0.81882402, Emax=152.50009661
realization 139 / 300 ... accepted 139. Emin=-13.86139793, Emax=133.23366997
realization 140 / 300 ... accepted 140. Emin=0.08659516, Emax=153.01936150
realization 141 / 300 ... accepted 141. Emin=9.21589225, Emax=152.60748209
realization 142 / 300 ... accepted 142. Emin=8.43226741, Emax=174.74681317
realization 143 / 300 ... accepted 143. Emin=-15.18607952, Emax=120.32016972
realization 144 / 300 ... accepted 144. Emin=9.05580210, Emax=166.47964907
realization 145 / 300 ... accepted 145. Emin=17.85749578, Emax=164.50302664
realization 146 / 300 ... accepted 146. Emin=19.20416484, Emax=171.80085279
realization 147 / 300 ... accepted 147. Emin=17.07454391, Emax=168.58841948
realization 148 / 300 ... accepted 148. Emin=-7.81971384, Emax=164.39090112
realization 149 / 300 ... accepted 149. Emin=4.24046932, Emax=168.77659710
realization 150 / 300 ... accepted 150. Emin=-11.30003185, Emax=138.14452690
realization 151 / 300 ... accepted 151. Emin=-2.19308849, Emax=147.79061080
realization 152 / 300 ... accepted 152. Emin=23.44319792, Emax=182.11114614
realization 153 / 300 ... accepted 153. Emin=2.72409013, Emax=161.02923839
realization 154 / 300 ... accepted 154. Emin=39.75720376, Emax=190.39771763
realization 155 / 300 ... accepted 155. Emin=-1.22832743, Emax=154.25860397
realization 156 / 300 ... accepted 156. Emin=22.59839745, Emax=186.26291182
realization 157 / 300 ... accepted 157. Emin=13.06898774, Emax=175.28880748
realization 158 / 300 ... accepted 158. Emin=-0.37173434, Emax=147.84517377
realization 159 / 300 ... accepted 159. Emin=15.15837588, Emax=171.80323706
realization 160 / 300 ... accepted 160. Emin=-19.04698973, Emax=129.30028896
realization 161 / 300 ... accepted 161. Emin=42.54520353, Emax=191.64815354
realization 162 / 300 ... accepted 162. Emin=-53.65393335, Emax=76.98857115
realization 163 / 300 ... accepted 163. Emin=-12.85381491, Emax=137.82605604
realization 164 / 300 ... accepted 164. Emin=34.25033813, Emax=183.09473991
realization 165 / 300 ... accepted 165. Emin=21.76219490, Emax=160.15310560
realization 166 / 300 ... accepted 166. Emin=-20.28162696, Emax=132.53083089
realization 167 / 300 ... accepted 167. Emin=-10.33469452, Emax=124.88927146
realization 168 / 300 ... accepted 168. Emin=8.69324746, Emax=159.97308235
realization 169 / 300 ... accepted 169. Emin=-16.35502525, Emax=135.85732532
realization 170 / 300 ... accepted 170. Emin=40.07340526, Emax=182.81275273
realization 171 / 300 ... accepted 171. Emin=1.82842239, Emax=134.63876338
realization 172 / 300 ... accepted 172. Emin=22.02838479, Emax=176.26951967
realization 173 / 300 ... accepted 173. Emin=-14.35527922, Emax=138.96664543
realization 174 / 300 ... accepted 174. Emin=27.88984615, Emax=172.32132923
realization 175 / 300 ... accepted 175. Emin=-7.82602934, Emax=149.97072053
realization 176 / 300 ... accepted 176. Emin=25.44784941, Emax=174.45010622
realization 177 / 300 ... accepted 177. Emin=19.56723794, Emax=183.48694321
realization 178 / 300 ... accepted 178. Emin=-31.39636685, Emax=106.71423886
realization 179 / 300 ... accepted 179. Emin=1.35947984, Emax=143.36617313
realization 180 / 300 ... accepted 180. Emin=-1.96726664, Emax=160.15370508
realization 181 / 300 ... accepted 181. Emin=-14.38570401, Emax=146.57306320
realization 182 / 300 ... accepted 182. Emin=-1.96118356, Emax=173.04223762
realization 183 / 300 ... accepted 183. Emin=4.67281817, Emax=165.52056435
realization 184 / 300 ... accepted 184. Emin=-0.06942667, Emax=151.57116971
realization 185 / 300 ... accepted 185. Emin=-0.85805658, Emax=152.15721397
realization 186 / 300 ... accepted 186. Emin=42.63799433, Emax=187.00087138
realization 187 / 300 ... accepted 187. Emin=7.28933879, Emax=159.85133896
realization 188 / 300 ... accepted 188. Emin=42.02466731, Emax=180.78082477
realization 189 / 300 ... accepted 189. Emin=10.15508065, Emax=170.91640151
realization 190 / 300 ... accepted 190. Emin=16.07446556, Emax=171.78340836
realization 191 / 300 ... accepted 191. Emin=-1.70073341, Emax=151.42677184
realization 192 / 300 ... accepted 192. Emin=-24.96127403, Emax=130.12177677
realization 193 / 300 ... accepted 193. Emin=2.31258955, Emax=156.77688242
realization 194 / 300 ... accepted 194. Emin=-13.43492391, Emax=150.25739539
realization 195 / 300 ... accepted 195. Emin=6.97674553, Emax=164.72879953
realization 196 / 300 ... accepted 196. Emin=9.39245749, Emax=169.66906207
realization 197 / 300 ... accepted 197. Emin=16.43069558, Emax=180.45463378
realization 198 / 300 ... accepted 198. Emin=-0.59617479, Emax=156.49163237
realization 199 / 300 ... accepted 199. Emin=11.96443764, Emax=164.73719845
realization 200 / 300 ... accepted 200. Emin=24.35819695, Emax=187.24195303
realization 201 / 300 ... accepted 201. Emin=1.50291310, Emax=151.81634651
realization 202 / 300 ... accepted 202. Emin=-22.09442800, Emax=140.86031493
realization 203 / 300 ... accepted 203. Emin=-5.03155553, Emax=142.50774502
realization 204 / 300 ... accepted 204. Emin=-8.92876902, Emax=151.43657320
realization 205 / 300 ... accepted 205. Emin=3.01601718, Emax=164.35857947
realization 206 / 300 ... accepted 206. Emin=16.46538473, Emax=181.04854672
realization 207 / 300 ... accepted 207. Emin=-1.01136936, Emax=141.77394558
realization 208 / 300 ... accepted 208. Emin=4.28551542, Emax=162.44894522
realization 209 / 300 ... accepted 209. Emin=-14.78525634, Emax=140.77293323
realization 210 / 300 ... accepted 210. Emin=6.93706458, Emax=159.36968267
realization 211 / 300 ... accepted 211. Emin=36.49883993, Emax=168.62947724
realization 212 / 300 ... accepted 212. Emin=-33.34733361, Emax=119.61193662
realization 213 / 300 ... accepted 213. Emin=-25.18650870, Emax=131.07397600
realization 214 / 300 ... accepted 214. Emin=18.40467340, Emax=169.97218272
realization 215 / 300 ... accepted 215. Emin=29.67191020, Emax=186.66901878
realization 216 / 300 ... accepted 216. Emin=5.99530203, Emax=161.90784344
realization 217 / 300 ... accepted 217. Emin=17.84300527, Emax=157.14154690
realization 218 / 300 ... accepted 218. Emin=-23.31591391, Emax=143.96092129
realization 219 / 300 ... accepted 219. Emin=-24.46051248, Emax=144.99424304
realization 220 / 300 ... accepted 220. Emin=4.83889301, Emax=173.21973947
realization 221 / 300 ... accepted 221. Emin=3.72848171, Emax=171.40667241
realization 222 / 300 ... accepted 222. Emin=-23.83304001, Emax=124.97720381
realization 223 / 300 ... accepted 223. Emin=-8.82858113, Emax=151.92192053
realization 224 / 300 ... accepted 224. Emin=-11.88782809, Emax=138.24694299
realization 225 / 300 ... accepted 225. Emin=5.59322484, Emax=171.18464085
realization 226 / 300 ... accepted 226. Emin=-9.10380179, Emax=136.29367368
realization 227 / 300 ... accepted 227. Emin=-39.47976484, Emax=95.10103534
realization 228 / 300 ... accepted 228. Emin=-11.86548094, Emax=142.35356565
realization 229 / 300 ... accepted 229. Emin=-23.90449018, Emax=120.71170999
realization 230 / 300 ... accepted 230. Emin=-2.23984239, Emax=157.34268588
realization 231 / 300 ... accepted 231. Emin=-5.78327467, Emax=151.62172932
realization 232 / 300 ... accepted 232. Emin=-1.14884262, Emax=144.19056380
realization 233 / 300 ... accepted 233. Emin=36.78319741, Emax=175.74582627
realization 234 / 300 ... accepted 234. Emin=-11.69394906, Emax=143.96309176
realization 235 / 300 ... accepted 235. Emin=13.02513687, Emax=161.20428916
realization 236 / 300 ... accepted 236. Emin=-4.26524957, Emax=159.88463779
realization 237 / 300 ... accepted 237. Emin=15.13907307, Emax=175.58409762
realization 238 / 300 ... accepted 238. Emin=0.13009539, Emax=168.80410036
realization 239 / 300 ... accepted 239. Emin=-8.53357562, Emax=149.45429465
realization 240 / 300 ... accepted 240. Emin=13.63159253, Emax=167.17470986
realization 241 / 300 ... accepted 241. Emin=-4.96189214, Emax=142.39995804
realization 242 / 300 ... accepted 242. Emin=15.48434626, Emax=179.57489018
realization 243 / 300 ... accepted 243. Emin=4.90214509, Emax=170.29311742
realization 244 / 300 ... accepted 244. Emin=8.20663048, Emax=162.98624965
realization 245 / 300 ... accepted 245. Emin=38.97988179, Emax=184.05997332
realization 246 / 300 ... accepted 246. Emin=-29.38294240, Emax=111.38897561
realization 247 / 300 ... accepted 247. Emin=-5.70582353, Emax=159.50285399
realization 248 / 300 ... accepted 248. Emin=22.18978467, Emax=173.36936876
realization 249 / 300 ... accepted 249. Emin=20.92954609, Emax=181.41421864
realization 250 / 300 ... accepted 250. Emin=-2.21818378, Emax=164.88324286
realization 251 / 300 ... accepted 251. Emin=-37.04136293, Emax=108.52466341
realization 252 / 300 ... accepted 252. Emin=-7.57084759, Emax=157.51455264
realization 253 / 300 ... accepted 253. Emin=-10.32898829, Emax=153.17280068
realization 254 / 300 ... accepted 254. Emin=-30.50257373, Emax=109.93749065
realization 255 / 300 ... accepted 255. Emin=-40.47085062, Emax=106.28799554
realization 256 / 300 ... accepted 256. Emin=-6.63954759, Emax=156.50878254
realization 257 / 300 ... accepted 257. Emin=33.03511092, Emax=185.53033862
realization 258 / 300 ... accepted 258. Emin=-9.34556415, Emax=163.75849121
realization 259 / 300 ... accepted 259. Emin=-5.84162383, Emax=164.80492652
realization 260 / 300 ... accepted 260. Emin=-20.10608364, Emax=152.25873063
realization 261 / 300 ... accepted 261. Emin=47.53665697, Emax=183.45318802
realization 262 / 300 ... accepted 262. Emin=-36.73594053, Emax=119.96104384
realization 263 / 300 ... accepted 263. Emin=8.19062289, Emax=158.29089328
realization 264 / 300 ... accepted 264. Emin=-17.91359603, Emax=136.18104583
realization 265 / 300 ... accepted 265. Emin=-18.08725041, Emax=127.83751591
realization 266 / 300 ... accepted 266. Emin=-5.27294323, Emax=145.99005524
realization 267 / 300 ... accepted 267. Emin=-18.85026540, Emax=146.92388841
realization 268 / 300 ... accepted 268. Emin=7.34238635, Emax=152.59747518
realization 269 / 300 ... accepted 269. Emin=-41.65411411, Emax=112.04017591
realization 270 / 300 ... accepted 270. Emin=10.38208884, Emax=157.42475055
realization 271 / 300 ... accepted 271. Emin=22.41520314, Emax=174.61474466
realization 272 / 300 ... accepted 272. Emin=-5.60776897, Emax=137.86536288
realization 273 / 300 ... accepted 273. Emin=-9.53714712, Emax=160.55024216
realization 274 / 300 ... accepted 274. Emin=36.56738430, Emax=180.03606660
realization 275 / 300 ... accepted 275. Emin=4.04107291, Emax=156.64694426
realization 276 / 300 ... accepted 276. Emin=-32.85121047, Emax=113.36201031
realization 277 / 300 ... accepted 277. Emin=-18.88291500, Emax=132.25856178
realization 278 / 300 ... accepted 278. Emin=2.25949772, Emax=156.17533026
realization 279 / 300 ... accepted 279. Emin=9.00842941, Emax=159.89736894
realization 280 / 300 ... accepted 280. Emin=8.11005415, Emax=161.74908737
realization 281 / 300 ... accepted 281. Emin=-12.79421414, Emax=136.86268374
realization 282 / 300 ... accepted 282. Emin=-8.10017078, Emax=157.62860356
realization 283 / 300 ... accepted 283. Emin=-16.89809811, Emax=136.36192014
realization 284 / 300 ... accepted 284. Emin=7.34975667, Emax=182.37715023
realization 285 / 300 ... accepted 285. Emin=-14.34336655, Emax=137.98256571
realization 286 / 300 ... accepted 286. Emin=2.73424591, Emax=164.25861818
realization 287 / 300 ... accepted 287. Emin=-12.25083749, Emax=142.59877795
realization 288 / 300 ... accepted 288. Emin=-9.98690922, Emax=132.12968614
realization 289 / 300 ... accepted 289. Emin=14.77090873, Emax=176.96912970
realization 290 / 300 ... accepted 290. Emin=-18.67759477, Emax=153.30272924
realization 291 / 300 ... accepted 291. Emin=26.35123404, Emax=191.56235253
realization 292 / 300 ... accepted 292. Emin=7.08967768, Emax=160.18588905
realization 293 / 300 ... accepted 293. Emin=-24.11029718, Emax=131.22521611
realization 294 / 300 ... accepted 294. Emin=-32.08702711, Emax=114.47803267
realization 295 / 300 ... accepted 295. Emin=-9.86667764, Emax=168.17157529
realization 296 / 300 ... accepted 296. Emin=-39.58584288, Emax=107.39398981
realization 297 / 300 ... accepted 297. Emin=-16.77677676, Emax=135.65835875
realization 298 / 300 ... accepted 298. Emin=-6.73124764, Emax=148.19203389
realization 299 / 300 ... accepted 299. Emin=-24.85924409, Emax=114.32537777
realization 300 / 300 ... accepted 300. Emin=23.94680029, Emax=182.95986278
Saved final energies: /home/2/kj405942/POLFED_bosons/pbs_bose_legacy_nmax2_periodic/data/U_20/W_13/L_6/N_6_nmax_2/boundary_periodic/energies_full_U20_L6_N6_nmax2_W13_boundaryperiodic_nreal300.txt
Accepted realizations: 300 / 300
Skipped realizations: 0
Job finished at Sun May 31 17:12:44 UTC 2026
