Job started on w30 at Sun May 31 17:11:02 UTC 2026
PBS_JOBID=7731491.kruk-host.ift-klaster.lan
PBS_O_WORKDIR=/home/2/kj405942/POLFED_bosons
Bose-Hubbard: L=6, N=6, nmax=2, dim=141
t=1, U=25, W=2, nreal=300, boundary=periodic, mode=full
Writing partial results to /home/2/kj405942/POLFED_bosons/pbs_bose_legacy_nmax2_periodic/data/U_25/W_2/L_6/N_6_nmax_2/boundary_periodic/energies_full_U25_L6_N6_nmax2_W2_boundaryperiodic_nreal300_partial.txt
realization 1 / 300 ... accepted 1. Emin=-3.33267067, Emax=151.74705479
realization 2 / 300 ... accepted 2. Emin=2.87093456, Emax=158.48468585
realization 3 / 300 ... accepted 3. Emin=0.55637863, Emax=156.50153977
realization 4 / 300 ... accepted 4. Emin=1.05662937, Emax=156.50062523
realization 5 / 300 ... accepted 5. Emin=-1.62534789, Emax=154.74306237
realization 6 / 300 ... accepted 6. Emin=-5.22859437, Emax=150.06116431
realization 7 / 300 ... accepted 7. Emin=5.13099124, Emax=158.76189144
realization 8 / 300 ... accepted 8. Emin=-2.60881592, Emax=151.34708599
realization 9 / 300 ... accepted 9. Emin=1.99289207, Emax=159.15641126
realization 10 / 300 ... accepted 10. Emin=-4.49590909, Emax=150.08854392
realization 11 / 300 ... accepted 11. Emin=-3.39510270, Emax=151.35404901
realization 12 / 300 ... accepted 12. Emin=4.70272254, Emax=159.08008546
realization 13 / 300 ... accepted 13. Emin=-1.82268048, Emax=157.15190451
realization 14 / 300 ... accepted 14. Emin=2.65730452, Emax=160.05833943
realization 15 / 300 ... accepted 15. Emin=4.13677695, Emax=159.41650615
realization 16 / 300 ... accepted 16. Emin=-3.13629000, Emax=153.54543540
realization 17 / 300 ... accepted 17. Emin=-3.08473324, Emax=152.45756796
realization 18 / 300 ... accepted 18. Emin=-3.16491224, Emax=153.44513328
realization 19 / 300 ... accepted 19. Emin=0.33936119, Emax=155.43542354
realization 20 / 300 ... accepted 20. Emin=6.47743444, Emax=160.74539851
realization 21 / 300 ... accepted 21. Emin=-0.82984972, Emax=152.67023431
realization 22 / 300 ... accepted 22. Emin=-1.79830765, Emax=155.22441023
realization 23 / 300 ... accepted 23. Emin=1.17103720, Emax=159.67808198
realization 24 / 300 ... accepted 24. Emin=-5.56555795, Emax=149.84657114
realization 25 / 300 ... accepted 25. Emin=0.11129248, Emax=157.47073096
realization 26 / 300 ... accepted 26. Emin=1.28163649, Emax=157.26760528
realization 27 / 300 ... accepted 27. Emin=0.78204395, Emax=156.48942841
realization 28 / 300 ... accepted 28. Emin=5.27804873, Emax=159.91876071
realization 29 / 300 ... accepted 29. Emin=-3.90289139, Emax=150.18983187
realization 30 / 300 ... accepted 30. Emin=-2.84936133, Emax=151.13398746
realization 31 / 300 ... accepted 31. Emin=5.07726053, Emax=159.24520781
realization 32 / 300 ... accepted 32. Emin=-1.02779544, Emax=154.83415533
realization 33 / 300 ... accepted 33. Emin=1.41956170, Emax=157.05987976
realization 34 / 300 ... accepted 34. Emin=-1.50943740, Emax=156.11085422
realization 35 / 300 ... accepted 35. Emin=-4.51985206, Emax=150.59373110
realization 36 / 300 ... accepted 36. Emin=5.98929805, Emax=158.83796881
realization 37 / 300 ... accepted 37. Emin=-0.79000609, Emax=152.58589598
realization 38 / 300 ... accepted 38. Emin=3.17282640, Emax=159.07731534
realization 39 / 300 ... accepted 39. Emin=0.11462931, Emax=154.98381143
realization 40 / 300 ... accepted 40. Emin=-1.73483698, Emax=155.42028164
realization 41 / 300 ... accepted 41. Emin=-3.44023342, Emax=153.03040336
realization 42 / 300 ... accepted 42. Emin=1.58419005, Emax=158.48461878
realization 43 / 300 ... accepted 43. Emin=-4.81302852, Emax=149.68065408
realization 44 / 300 ... accepted 44. Emin=0.96019235, Emax=157.50658810
realization 45 / 300 ... accepted 45. Emin=-2.22338236, Emax=154.33910881
realization 46 / 300 ... accepted 46. Emin=2.43262336, Emax=158.03304048
realization 47 / 300 ... accepted 47. Emin=1.37794921, Emax=157.50256902
realization 48 / 300 ... accepted 48. Emin=2.57764327, Emax=157.13637128
realization 49 / 300 ... accepted 49. Emin=1.63741890, Emax=158.82728450
realization 50 / 300 ... accepted 50. Emin=-0.38234881, Emax=157.47103198
realization 51 / 300 ... accepted 51. Emin=-3.29819288, Emax=152.18534494
realization 52 / 300 ... accepted 52. Emin=2.77234123, Emax=157.82789819
realization 53 / 300 ... accepted 53. Emin=-4.58632194, Emax=149.97010158
realization 54 / 300 ... accepted 54. Emin=-0.46956945, Emax=155.04585852
realization 55 / 300 ... accepted 55. Emin=2.41763538, Emax=159.51258945
realization 56 / 300 ... accepted 56. Emin=-5.80616276, Emax=149.79975509
realization 57 / 300 ... accepted 57. Emin=1.59984781, Emax=156.57538781
realization 58 / 300 ... accepted 58. Emin=-3.55588227, Emax=152.29701236
realization 59 / 300 ... accepted 59. Emin=1.44868867, Emax=157.67506642
realization 60 / 300 ... accepted 60. Emin=0.06872129, Emax=156.62257451
realization 61 / 300 ... accepted 61. Emin=-0.45054348, Emax=155.28765806
realization 62 / 300 ... accepted 62. Emin=-2.91816425, Emax=153.38354124
realization 63 / 300 ... accepted 63. Emin=-5.35946626, Emax=150.67725489
realization 64 / 300 ... accepted 64. Emin=3.60372402, Emax=158.20951161
realization 65 / 300 ... accepted 65. Emin=3.06443857, Emax=158.51100448
realization 66 / 300 ... accepted 66. Emin=-2.50229791, Emax=153.48104215
realization 67 / 300 ... accepted 67. Emin=-2.13658561, Emax=151.58403671
realization 68 / 300 ... accepted 68. Emin=2.00295868, Emax=157.59414590
realization 69 / 300 ... accepted 69. Emin=0.53132641, Emax=157.94901559
realization 70 / 300 ... accepted 70. Emin=-0.23521473, Emax=156.40401647
realization 71 / 300 ... accepted 71. Emin=1.93553241, Emax=158.65502096
realization 72 / 300 ... accepted 72. Emin=0.28491109, Emax=156.29304567
realization 73 / 300 ... accepted 73. Emin=-9.62214337, Emax=143.00405796
realization 74 / 300 ... accepted 74. Emin=-0.13814953, Emax=157.21052775
realization 75 / 300 ... accepted 75. Emin=-1.18600536, Emax=156.58893583
realization 76 / 300 ... accepted 76. Emin=-0.59800791, Emax=154.63381907
realization 77 / 300 ... accepted 77. Emin=-1.24974662, Emax=153.75909999
realization 78 / 300 ... accepted 78. Emin=5.56393448, Emax=159.32324299
realization 79 / 300 ... accepted 79. Emin=-5.18784349, Emax=148.86206301
realization 80 / 300 ... accepted 80. Emin=-0.56022157, Emax=153.95861432
realization 81 / 300 ... accepted 81. Emin=0.26632531, Emax=158.81922785
realization 82 / 300 ... accepted 82. Emin=-5.21987434, Emax=149.92274799
realization 83 / 300 ... accepted 83. Emin=-1.62747789, Emax=155.51380308
realization 84 / 300 ... accepted 84. Emin=-1.24976238, Emax=154.87584146
realization 85 / 300 ... accepted 85. Emin=2.23617746, Emax=158.44222234
realization 86 / 300 ... accepted 86. Emin=2.90518722, Emax=155.75734791
realization 87 / 300 ... accepted 87. Emin=2.52391638, Emax=158.50572441
realization 88 / 300 ... accepted 88. Emin=0.85842112, Emax=156.93660171
realization 89 / 300 ... accepted 89. Emin=-2.17607704, Emax=151.62223233
realization 90 / 300 ... accepted 90. Emin=-5.89543530, Emax=149.60807938
realization 91 / 300 ... accepted 91. Emin=-4.06351482, Emax=148.61603481
realization 92 / 300 ... accepted 92. Emin=2.77910841, Emax=155.31331174
realization 93 / 300 ... accepted 93. Emin=1.53904708, Emax=157.57277131
realization 94 / 300 ... accepted 94. Emin=-2.71658609, Emax=150.91404225
realization 95 / 300 ... accepted 95. Emin=-5.68630417, Emax=149.13484318
realization 96 / 300 ... accepted 96. Emin=0.17723762, Emax=156.00558298
realization 97 / 300 ... accepted 97. Emin=0.45941325, Emax=158.13779284
realization 98 / 300 ... accepted 98. Emin=-3.49388565, Emax=151.24578091
realization 99 / 300 ... accepted 99. Emin=-0.32301295, Emax=158.86612885
realization 100 / 300 ... accepted 100. Emin=-3.50599658, Emax=152.67052640
realization 101 / 300 ... accepted 101. Emin=1.94964102, Emax=157.57853468
realization 102 / 300 ... accepted 102. Emin=5.66713324, Emax=160.01088406
realization 103 / 300 ... accepted 103. Emin=-1.85440545, Emax=154.91989390
realization 104 / 300 ... accepted 104. Emin=-4.08113888, Emax=151.31350013
realization 105 / 300 ... accepted 105. Emin=2.02939840, Emax=158.97795538
realization 106 / 300 ... accepted 106. Emin=1.54653565, Emax=157.81532022
realization 107 / 300 ... accepted 107. Emin=-4.78218198, Emax=148.96741089
realization 108 / 300 ... accepted 108. Emin=-1.12852528, Emax=152.59386637
realization 109 / 300 ... accepted 109. Emin=-4.86375304, Emax=150.20165658
realization 110 / 300 ... accepted 110. Emin=-2.58268997, Emax=153.29650315
realization 111 / 300 ... accepted 111. Emin=1.11142275, Emax=156.01241874
realization 112 / 300 ... accepted 112. Emin=1.36458717, Emax=154.76266164
realization 113 / 300 ... accepted 113. Emin=-6.99533476, Emax=146.06397601
realization 114 / 300 ... accepted 114. Emin=-4.54869385, Emax=150.66074643
realization 115 / 300 ... accepted 115. Emin=0.70600190, Emax=158.33535860
realization 116 / 300 ... accepted 116. Emin=2.50749145, Emax=158.44585234
realization 117 / 300 ... accepted 117. Emin=-1.98652679, Emax=153.12610654
realization 118 / 300 ... accepted 118. Emin=-0.88549832, Emax=155.54975138
realization 119 / 300 ... accepted 119. Emin=-2.49875997, Emax=151.04020839
realization 120 / 300 ... accepted 120. Emin=-0.69828030, Emax=156.44375577
realization 121 / 300 ... accepted 121. Emin=-3.38859466, Emax=152.02101843
realization 122 / 300 ... accepted 122. Emin=-4.58011045, Emax=150.79023031
realization 123 / 300 ... accepted 123. Emin=0.83370600, Emax=155.83660263
realization 124 / 300 ... accepted 124. Emin=-1.58082548, Emax=154.63674785
realization 125 / 300 ... accepted 125. Emin=5.84851737, Emax=159.44897820
realization 126 / 300 ... accepted 126. Emin=2.68386701, Emax=158.38278823
realization 127 / 300 ... accepted 127. Emin=-0.13309606, Emax=155.27606278
realization 128 / 300 ... accepted 128. Emin=-4.52070791, Emax=152.08400920
realization 129 / 300 ... accepted 129. Emin=-1.16793704, Emax=157.10958190
realization 130 / 300 ... accepted 130. Emin=-0.77768085, Emax=153.72582147
realization 131 / 300 ... accepted 131. Emin=-1.33364251, Emax=155.33781885
realization 132 / 300 ... accepted 132. Emin=-2.26367385, Emax=154.24315046
realization 133 / 300 ... accepted 133. Emin=1.37731020, Emax=157.42836146
realization 134 / 300 ... accepted 134. Emin=-1.55729771, Emax=154.24382271
realization 135 / 300 ... accepted 135. Emin=-2.33078072, Emax=154.88614380
realization 136 / 300 ... accepted 136. Emin=-1.44159733, Emax=154.89799842
realization 137 / 300 ... accepted 137. Emin=0.88454779, Emax=157.16037573
realization 138 / 300 ... accepted 138. Emin=-3.75259538, Emax=153.56971373
realization 139 / 300 ... accepted 139. Emin=2.60342348, Emax=157.15503970
realization 140 / 300 ... accepted 140. Emin=-0.61892777, Emax=157.37674385
realization 141 / 300 ... accepted 141. Emin=-3.50568584, Emax=153.41684291
realization 142 / 300 ... accepted 142. Emin=2.06813405, Emax=157.47630771
realization 143 / 300 ... accepted 143. Emin=-3.75859143, Emax=152.37532024
realization 144 / 300 ... accepted 144. Emin=-1.79326175, Emax=154.02657881
realization 145 / 300 ... accepted 145. Emin=1.26552605, Emax=159.38230881
realization 146 / 300 ... accepted 146. Emin=0.13316800, Emax=154.33199407
realization 147 / 300 ... accepted 147. Emin=-1.74209141, Emax=153.95128500
realization 148 / 300 ... accepted 148. Emin=0.23759862, Emax=155.63764238
realization 149 / 300 ... accepted 149. Emin=-1.35164464, Emax=152.39291400
realization 150 / 300 ... accepted 150. Emin=-4.72418878, Emax=148.39472355
realization 151 / 300 ... accepted 151. Emin=-0.37142622, Emax=156.12286953
realization 152 / 300 ... accepted 152. Emin=2.53038150, Emax=158.94374848
realization 153 / 300 ... accepted 153. Emin=-0.77494668, Emax=156.70252865
realization 154 / 300 ... accepted 154. Emin=0.43721433, Emax=153.63782952
realization 155 / 300 ... accepted 155. Emin=2.08885595, Emax=158.98694169
realization 156 / 300 ... accepted 156. Emin=-2.81873437, Emax=150.96041312
realization 157 / 300 ... accepted 157. Emin=2.63270102, Emax=159.20129764
realization 158 / 300 ... accepted 158. Emin=4.31126760, Emax=157.65405187
realization 159 / 300 ... accepted 159. Emin=4.09442074, Emax=157.67901341
realization 160 / 300 ... accepted 160. Emin=-1.95508924, Emax=152.27101658
realization 161 / 300 ... accepted 161. Emin=-6.37178222, Emax=146.96232008
realization 162 / 300 ... accepted 162. Emin=-0.97112225, Emax=156.91065698
realization 163 / 300 ... accepted 163. Emin=-4.35624973, Emax=150.28297540
realization 164 / 300 ... accepted 164. Emin=-2.66922318, Emax=153.49478307
realization 165 / 300 ... accepted 165. Emin=3.51512647, Emax=160.05890733
realization 166 / 300 ... accepted 166. Emin=-2.82721392, Emax=154.41283644
realization 167 / 300 ... accepted 167. Emin=0.52008225, Emax=158.00006403
realization 168 / 300 ... accepted 168. Emin=0.68130613, Emax=155.61484440
realization 169 / 300 ... accepted 169. Emin=3.21839153, Emax=156.29460287
realization 170 / 300 ... accepted 170. Emin=-4.22812499, Emax=151.34218294
realization 171 / 300 ... accepted 171. Emin=-2.00722463, Emax=153.02429950
realization 172 / 300 ... accepted 172. Emin=1.03145156, Emax=157.14755721
realization 173 / 300 ... accepted 173. Emin=1.19274201, Emax=156.69058014
realization 174 / 300 ... accepted 174. Emin=-6.97638135, Emax=148.47632912
realization 175 / 300 ... accepted 175. Emin=0.92802284, Emax=158.01615652
realization 176 / 300 ... accepted 176. Emin=-1.13357751, Emax=156.81091117
realization 177 / 300 ... accepted 177. Emin=2.69584947, Emax=156.15648829
realization 178 / 300 ... accepted 178. Emin=0.68560547, Emax=157.61774588
realization 179 / 300 ... accepted 179. Emin=2.57707074, Emax=157.56791343
realization 180 / 300 ... accepted 180. Emin=-4.18966827, Emax=150.73305074
realization 181 / 300 ... accepted 181. Emin=-2.73175633, Emax=152.11621135
realization 182 / 300 ... accepted 182. Emin=-1.97064599, Emax=154.61590327
realization 183 / 300 ... accepted 183. Emin=0.32899925, Emax=158.64485997
realization 184 / 300 ... accepted 184. Emin=-1.44041985, Emax=156.92622530
realization 185 / 300 ... accepted 185. Emin=-2.76232034, Emax=153.24378335
realization 186 / 300 ... accepted 186. Emin=0.89637521, Emax=156.70704421
realization 187 / 300 ... accepted 187. Emin=-3.37479505, Emax=152.09849419
realization 188 / 300 ... accepted 188. Emin=-2.59887457, Emax=153.73956882
realization 189 / 300 ... accepted 189. Emin=-4.06856551, Emax=152.39243184
realization 190 / 300 ... accepted 190. Emin=-0.25438254, Emax=154.51171622
realization 191 / 300 ... accepted 191. Emin=0.48130750, Emax=155.64083731
realization 192 / 300 ... accepted 192. Emin=-4.81726447, Emax=150.12947170
realization 193 / 300 ... accepted 193. Emin=4.58138957, Emax=158.03866158
realization 194 / 300 ... accepted 194. Emin=-5.18238620, Emax=151.54840619
realization 195 / 300 ... accepted 195. Emin=-0.43873255, Emax=155.99905845
realization 196 / 300 ... accepted 196. Emin=0.50880420, Emax=157.02006586
realization 197 / 300 ... accepted 197. Emin=-0.36244339, Emax=154.95561702
realization 198 / 300 ... accepted 198. Emin=0.98581967, Emax=156.12566028
realization 199 / 300 ... accepted 199. Emin=2.47874463, Emax=160.47519581
realization 200 / 300 ... accepted 200. Emin=-2.20766452, Emax=153.82213715
realization 201 / 300 ... accepted 201. Emin=-1.49320923, Emax=154.45253249
realization 202 / 300 ... accepted 202. Emin=-2.52136927, Emax=153.87967161
realization 203 / 300 ... accepted 203. Emin=-3.42731607, Emax=152.13032374
realization 204 / 300 ... accepted 204. Emin=-1.25473010, Emax=154.77505251
realization 205 / 300 ... accepted 205. Emin=-0.93004262, Emax=152.58314588
realization 206 / 300 ... accepted 206. Emin=3.02652364, Emax=158.39484741
realization 207 / 300 ... accepted 207. Emin=-0.38036714, Emax=157.00294608
realization 208 / 300 ... accepted 208. Emin=0.66025034, Emax=159.39873075
realization 209 / 300 ... accepted 209. Emin=-1.97682482, Emax=153.86740913
realization 210 / 300 ... accepted 210. Emin=3.13954819, Emax=158.58138494
realization 211 / 300 ... accepted 211. Emin=1.93562247, Emax=156.36294887
realization 212 / 300 ... accepted 212. Emin=-0.15112629, Emax=153.80784332
realization 213 / 300 ... accepted 213. Emin=2.27917498, Emax=161.23929608
realization 214 / 300 ... accepted 214. Emin=1.20169696, Emax=159.44787079
realization 215 / 300 ... accepted 215. Emin=3.68534956, Emax=158.60582517
realization 216 / 300 ... accepted 216. Emin=1.13525930, Emax=157.05442927
realization 217 / 300 ... accepted 217. Emin=-2.13364657, Emax=154.27221369
realization 218 / 300 ... accepted 218. Emin=-6.01077594, Emax=150.48224500
realization 219 / 300 ... accepted 219. Emin=1.36970064, Emax=157.25476148
realization 220 / 300 ... accepted 220. Emin=0.29203544, Emax=153.79183532
realization 221 / 300 ... accepted 221. Emin=0.04443615, Emax=157.68845452
realization 222 / 300 ... accepted 222. Emin=-5.06971763, Emax=149.91929352
realization 223 / 300 ... accepted 223. Emin=4.12926168, Emax=158.84689972
realization 224 / 300 ... accepted 224. Emin=-0.54490659, Emax=155.65194143
realization 225 / 300 ... accepted 225. Emin=-0.41995067, Emax=152.92235487
realization 226 / 300 ... accepted 226. Emin=-2.86478949, Emax=155.14656197
realization 227 / 300 ... accepted 227. Emin=3.53923890, Emax=159.02353970
realization 228 / 300 ... accepted 228. Emin=-2.09057679, Emax=152.64786507
realization 229 / 300 ... accepted 229. Emin=3.67251409, Emax=158.85440766
realization 230 / 300 ... accepted 230. Emin=4.26639430, Emax=158.36722844
realization 231 / 300 ... accepted 231. Emin=1.98680458, Emax=157.70273973
realization 232 / 300 ... accepted 232. Emin=-0.64356944, Emax=156.04734843
realization 233 / 300 ... accepted 233. Emin=4.65286660, Emax=157.94505966
realization 234 / 300 ... accepted 234. Emin=-1.63860231, Emax=152.18618609
realization 235 / 300 ... accepted 235. Emin=-9.60274120, Emax=142.62107125
realization 236 / 300 ... accepted 236. Emin=2.22358045, Emax=157.17284038
realization 237 / 300 ... accepted 237. Emin=-0.33174970, Emax=154.98123895
realization 238 / 300 ... accepted 238. Emin=1.37810478, Emax=155.84966427
realization 239 / 300 ... accepted 239. Emin=5.88893298, Emax=160.41512410
realization 240 / 300 ... accepted 240. Emin=1.22195703, Emax=158.49159745
realization 241 / 300 ... accepted 241. Emin=1.13892060, Emax=156.80946733
realization 242 / 300 ... accepted 242. Emin=-2.42017639, Emax=155.99448935
realization 243 / 300 ... accepted 243. Emin=-8.40932242, Emax=145.70944609
realization 244 / 300 ... accepted 244. Emin=-2.95163855, Emax=154.09043254
realization 245 / 300 ... accepted 245. Emin=-5.88614109, Emax=149.62521127
realization 246 / 300 ... accepted 246. Emin=-0.44482030, Emax=156.47185299
realization 247 / 300 ... accepted 247. Emin=1.19485723, Emax=156.57268807
realization 248 / 300 ... accepted 248. Emin=-0.96669655, Emax=156.71523657
realization 249 / 300 ... accepted 249. Emin=-4.71648532, Emax=150.27165961
realization 250 / 300 ... accepted 250. Emin=1.79866354, Emax=155.73748563
realization 251 / 300 ... accepted 251. Emin=-1.56666313, Emax=154.88782313
realization 252 / 300 ... accepted 252. Emin=-3.29836960, Emax=152.08317517
realization 253 / 300 ... accepted 253. Emin=-0.80256362, Emax=155.89496225
realization 254 / 300 ... accepted 254. Emin=0.09541640, Emax=159.62184235
realization 255 / 300 ... accepted 255. Emin=-4.04883223, Emax=152.69542043
realization 256 / 300 ... accepted 256. Emin=-1.71948176, Emax=154.22129201
realization 257 / 300 ... accepted 257. Emin=1.93101908, Emax=157.68416631
realization 258 / 300 ... accepted 258. Emin=2.88963908, Emax=156.60382978
realization 259 / 300 ... accepted 259. Emin=-2.39883590, Emax=154.31014377
realization 260 / 300 ... accepted 260. Emin=0.20884514, Emax=158.87298130
realization 261 / 300 ... accepted 261. Emin=-6.10408012, Emax=149.49444290
realization 262 / 300 ... accepted 262. Emin=-1.42555148, Emax=155.73429446
realization 263 / 300 ... accepted 263. Emin=-3.06065630, Emax=152.91560195
realization 264 / 300 ... accepted 264. Emin=-2.84725705, Emax=153.18287766
realization 265 / 300 ... accepted 265. Emin=6.75183607, Emax=160.59577600
realization 266 / 300 ... accepted 266. Emin=-1.19879599, Emax=156.14592685
realization 267 / 300 ... accepted 267. Emin=-2.51195400, Emax=152.82409932
realization 268 / 300 ... accepted 268. Emin=0.96985580, Emax=158.79500051
realization 269 / 300 ... accepted 269. Emin=0.75161742, Emax=159.82830989
realization 270 / 300 ... accepted 270. Emin=4.15538687, Emax=157.83474472
realization 271 / 300 ... accepted 271. Emin=0.34896076, Emax=156.10996606
realization 272 / 300 ... accepted 272. Emin=-0.25426506, Emax=155.84400485
realization 273 / 300 ... accepted 273. Emin=-1.55271455, Emax=152.26368076
realization 274 / 300 ... accepted 274. Emin=-3.92726159, Emax=151.52209396
realization 275 / 300 ... accepted 275. Emin=0.07647343, Emax=157.50500963
realization 276 / 300 ... accepted 276. Emin=-5.60198638, Emax=149.16883134
realization 277 / 300 ... accepted 277. Emin=1.61734722, Emax=159.30112790
realization 278 / 300 ... accepted 278. Emin=-6.13214705, Emax=149.49367449
realization 279 / 300 ... accepted 279. Emin=4.29142523, Emax=159.80569669
realization 280 / 300 ... accepted 280. Emin=-2.98693290, Emax=151.61955437
realization 281 / 300 ... accepted 281. Emin=0.65900705, Emax=157.45490165
realization 282 / 300 ... accepted 282. Emin=-0.61667723, Emax=159.72892870
realization 283 / 300 ... accepted 283. Emin=-1.10211413, Emax=153.87342527
realization 284 / 300 ... accepted 284. Emin=6.26542589, Emax=160.75966788
realization 285 / 300 ... accepted 285. Emin=-6.16605703, Emax=149.05415375
realization 286 / 300 ... accepted 286. Emin=-0.58145669, Emax=154.59741424
realization 287 / 300 ... accepted 287. Emin=-0.61467416, Emax=153.46227651
realization 288 / 300 ... accepted 288. Emin=-2.96360291, Emax=154.51629926
realization 289 / 300 ... accepted 289. Emin=-1.73620762, Emax=154.68465324
realization 290 / 300 ... accepted 290. Emin=-5.53804203, Emax=150.29943570
realization 291 / 300 ... accepted 291. Emin=2.45851773, Emax=157.60308182
realization 292 / 300 ... accepted 292. Emin=-0.01967532, Emax=158.87270967
realization 293 / 300 ... accepted 293. Emin=-1.65212915, Emax=156.36174550
realization 294 / 300 ... accepted 294. Emin=-0.43801590, Emax=154.87372119
realization 295 / 300 ... accepted 295. Emin=-2.82903963, Emax=155.34092340
realization 296 / 300 ... accepted 296. Emin=0.24625369, Emax=155.23559629
realization 297 / 300 ... accepted 297. Emin=8.10415551, Emax=160.90640918
realization 298 / 300 ... accepted 298. Emin=-2.85444048, Emax=153.41285650
realization 299 / 300 ... accepted 299. Emin=0.24523341, Emax=157.80234337
realization 300 / 300 ... accepted 300. Emin=-1.04578814, Emax=154.91248375
Saved final energies: /home/2/kj405942/POLFED_bosons/pbs_bose_legacy_nmax2_periodic/data/U_25/W_2/L_6/N_6_nmax_2/boundary_periodic/energies_full_U25_L6_N6_nmax2_W2_boundaryperiodic_nreal300.txt
Accepted realizations: 300 / 300
Skipped realizations: 0
Job finished at Sun May 31 17:12:45 UTC 2026
