Job started on w30 at Sun May 31 17:11:03 UTC 2026
PBS_JOBID=7731493.kruk-host.ift-klaster.lan
PBS_O_WORKDIR=/home/2/kj405942/POLFED_bosons
Bose-Hubbard: L=6, N=6, nmax=2, dim=141
t=1, U=25, W=4, nreal=300, boundary=periodic, mode=full
Writing partial results to /home/2/kj405942/POLFED_bosons/pbs_bose_legacy_nmax2_periodic/data/U_25/W_4/L_6/N_6_nmax_2/boundary_periodic/energies_full_U25_L6_N6_nmax2_W4_boundaryperiodic_nreal300_partial.txt
realization 1 / 300 ... accepted 1. Emin=-5.99951432, Emax=159.22458345
realization 2 / 300 ... accepted 2. Emin=0.96313315, Emax=159.73199054
realization 3 / 300 ... accepted 3. Emin=-5.73215352, Emax=161.19970590
realization 4 / 300 ... accepted 4. Emin=-5.73570156, Emax=151.34710749
realization 5 / 300 ... accepted 5. Emin=1.27059817, Emax=164.58192723
realization 6 / 300 ... accepted 6. Emin=-5.76137270, Emax=153.42893330
realization 7 / 300 ... accepted 7. Emin=-5.50607917, Emax=156.21054217
realization 8 / 300 ... accepted 8. Emin=6.75640425, Emax=169.89793660
realization 9 / 300 ... accepted 9. Emin=-5.19353596, Emax=159.53596483
realization 10 / 300 ... accepted 10. Emin=-6.67583334, Emax=151.37185200
realization 11 / 300 ... accepted 11. Emin=-1.29543855, Emax=163.30075032
realization 12 / 300 ... accepted 12. Emin=1.02065254, Emax=162.15032981
realization 13 / 300 ... accepted 13. Emin=-0.36286041, Emax=157.86539485
realization 14 / 300 ... accepted 14. Emin=-8.15415134, Emax=151.23753116
realization 15 / 300 ... accepted 15. Emin=4.62861648, Emax=170.52313637
realization 16 / 300 ... accepted 16. Emin=-4.29064408, Emax=155.38315259
realization 17 / 300 ... accepted 17. Emin=-1.39605614, Emax=161.92160687
realization 18 / 300 ... accepted 18. Emin=-3.46482630, Emax=159.60406230
realization 19 / 300 ... accepted 19. Emin=-2.22941203, Emax=161.15163109
realization 20 / 300 ... accepted 20. Emin=4.51523520, Emax=169.50879020
realization 21 / 300 ... accepted 21. Emin=3.70736126, Emax=162.51187193
realization 22 / 300 ... accepted 22. Emin=1.94830508, Emax=162.40943620
realization 23 / 300 ... accepted 23. Emin=3.47716239, Emax=162.80387296
realization 24 / 300 ... accepted 24. Emin=-3.36222406, Emax=154.68759011
realization 25 / 300 ... accepted 25. Emin=8.19697061, Emax=168.46043295
realization 26 / 300 ... accepted 26. Emin=-5.10688517, Emax=159.88371830
realization 27 / 300 ... accepted 27. Emin=8.61891823, Emax=169.12730555
realization 28 / 300 ... accepted 28. Emin=2.17522933, Emax=160.16897507
realization 29 / 300 ... accepted 29. Emin=-7.79678420, Emax=156.45546721
realization 30 / 300 ... accepted 30. Emin=-8.49629359, Emax=149.56989976
realization 31 / 300 ... accepted 31. Emin=-3.61358040, Emax=155.06687054
realization 32 / 300 ... accepted 32. Emin=1.13485804, Emax=160.77422085
realization 33 / 300 ... accepted 33. Emin=4.14152110, Emax=161.33192644
realization 34 / 300 ... accepted 34. Emin=2.89616376, Emax=163.31831682
realization 35 / 300 ... accepted 35. Emin=-1.78994265, Emax=165.42981814
realization 36 / 300 ... accepted 36. Emin=5.23956672, Emax=161.12919272
realization 37 / 300 ... accepted 37. Emin=0.77907189, Emax=165.35610267
realization 38 / 300 ... accepted 38. Emin=0.43365019, Emax=162.23308789
realization 39 / 300 ... accepted 39. Emin=-3.97908900, Emax=162.21793689
realization 40 / 300 ... accepted 40. Emin=-3.25264134, Emax=157.59062902
realization 41 / 300 ... accepted 41. Emin=-1.57406980, Emax=156.89648317
realization 42 / 300 ... accepted 42. Emin=-3.29631413, Emax=157.88965271
realization 43 / 300 ... accepted 43. Emin=10.40601606, Emax=164.45806182
realization 44 / 300 ... accepted 44. Emin=-0.38942664, Emax=157.04140877
realization 45 / 300 ... accepted 45. Emin=-3.46613714, Emax=156.70028587
realization 46 / 300 ... accepted 46. Emin=9.89987111, Emax=164.60326498
realization 47 / 300 ... accepted 47. Emin=-4.72252367, Emax=154.25187712
realization 48 / 300 ... accepted 48. Emin=-3.66355473, Emax=154.59574001
realization 49 / 300 ... accepted 49. Emin=-7.81978637, Emax=148.72296923
realization 50 / 300 ... accepted 50. Emin=-0.56483048, Emax=161.77599479
realization 51 / 300 ... accepted 51. Emin=-5.20623247, Emax=158.25427140
realization 52 / 300 ... accepted 52. Emin=-1.57329788, Emax=159.82952800
realization 53 / 300 ... accepted 53. Emin=-6.10478119, Emax=151.25411325
realization 54 / 300 ... accepted 54. Emin=-5.64165754, Emax=156.42681425
realization 55 / 300 ... accepted 55. Emin=-6.85340135, Emax=153.56805304
realization 56 / 300 ... accepted 56. Emin=-7.94566278, Emax=156.79777197
realization 57 / 300 ... accepted 57. Emin=1.44644454, Emax=165.11586881
realization 58 / 300 ... accepted 58. Emin=2.96870451, Emax=165.26243988
realization 59 / 300 ... accepted 59. Emin=-9.15973390, Emax=155.64301738
realization 60 / 300 ... accepted 60. Emin=-5.31182957, Emax=156.21203124
realization 61 / 300 ... accepted 61. Emin=-0.50392263, Emax=160.73995896
realization 62 / 300 ... accepted 62. Emin=-0.04925886, Emax=162.07499822
realization 63 / 300 ... accepted 63. Emin=4.64393419, Emax=164.41371697
realization 64 / 300 ... accepted 64. Emin=-7.71877739, Emax=153.31833587
realization 65 / 300 ... accepted 65. Emin=8.78234883, Emax=167.33987233
realization 66 / 300 ... accepted 66. Emin=0.03196142, Emax=159.42170276
realization 67 / 300 ... accepted 67. Emin=6.32935587, Emax=164.12635604
realization 68 / 300 ... accepted 68. Emin=2.79718431, Emax=163.32392945
realization 69 / 300 ... accepted 69. Emin=0.12136398, Emax=164.26457498
realization 70 / 300 ... accepted 70. Emin=-3.48312874, Emax=155.41190285
realization 71 / 300 ... accepted 71. Emin=-5.34452773, Emax=152.72026056
realization 72 / 300 ... accepted 72. Emin=-1.03240784, Emax=160.77977776
realization 73 / 300 ... accepted 73. Emin=-2.05990094, Emax=155.46436677
realization 74 / 300 ... accepted 74. Emin=0.38607410, Emax=157.09402642
realization 75 / 300 ... accepted 75. Emin=-1.08953150, Emax=160.43542118
realization 76 / 300 ... accepted 76. Emin=-9.18464116, Emax=149.19028500
realization 77 / 300 ... accepted 77. Emin=5.16450754, Emax=167.90348497
realization 78 / 300 ... accepted 78. Emin=-1.00580657, Emax=158.35228058
realization 79 / 300 ... accepted 79. Emin=-1.13525291, Emax=162.45091437
realization 80 / 300 ... accepted 80. Emin=0.56578162, Emax=161.78146920
realization 81 / 300 ... accepted 81. Emin=-2.22314241, Emax=163.23936821
realization 82 / 300 ... accepted 82. Emin=7.14715113, Emax=168.84242673
realization 83 / 300 ... accepted 83. Emin=-1.73909105, Emax=153.35441778
realization 84 / 300 ... accepted 84. Emin=15.53259503, Emax=170.67859248
realization 85 / 300 ... accepted 85. Emin=3.98179301, Emax=161.23500844
realization 86 / 300 ... accepted 86. Emin=-0.78219404, Emax=154.25625379
realization 87 / 300 ... accepted 87. Emin=1.29825172, Emax=167.03946941
realization 88 / 300 ... accepted 88. Emin=13.85388604, Emax=170.17412143
realization 89 / 300 ... accepted 89. Emin=-12.99450193, Emax=145.77195049
realization 90 / 300 ... accepted 90. Emin=0.11328904, Emax=162.26902099
realization 91 / 300 ... accepted 91. Emin=2.99009006, Emax=164.25794435
realization 92 / 300 ... accepted 92. Emin=-5.08161373, Emax=157.11371069
realization 93 / 300 ... accepted 93. Emin=8.85290587, Emax=169.48543966
realization 94 / 300 ... accepted 94. Emin=-6.57866392, Emax=154.98718500
realization 95 / 300 ... accepted 95. Emin=3.08629857, Emax=159.53542496
realization 96 / 300 ... accepted 96. Emin=1.98408196, Emax=164.20450572
realization 97 / 300 ... accepted 97. Emin=1.20729105, Emax=166.79497962
realization 98 / 300 ... accepted 98. Emin=-2.26249686, Emax=153.00587160
realization 99 / 300 ... accepted 99. Emin=-6.81960366, Emax=154.32198446
realization 100 / 300 ... accepted 100. Emin=-2.20344307, Emax=159.06771911
realization 101 / 300 ... accepted 101. Emin=-3.32134651, Emax=159.43313523
realization 102 / 300 ... accepted 102. Emin=-4.35286599, Emax=155.80178145
realization 103 / 300 ... accepted 103. Emin=-1.58906026, Emax=156.46313759
realization 104 / 300 ... accepted 104. Emin=3.82434092, Emax=167.23100303
realization 105 / 300 ... accepted 105. Emin=5.52540148, Emax=166.44856577
realization 106 / 300 ... accepted 106. Emin=-4.31328800, Emax=158.54600283
realization 107 / 300 ... accepted 107. Emin=1.14309215, Emax=161.92888761
realization 108 / 300 ... accepted 108. Emin=4.44960089, Emax=165.85742719
realization 109 / 300 ... accepted 109. Emin=-1.45686314, Emax=164.20220944
realization 110 / 300 ... accepted 110. Emin=16.20006674, Emax=172.87185240
realization 111 / 300 ... accepted 111. Emin=1.61186865, Emax=160.27310724
realization 112 / 300 ... accepted 112. Emin=-0.90363671, Emax=160.25716484
realization 113 / 300 ... accepted 113. Emin=-1.60733392, Emax=159.14518815
realization 114 / 300 ... accepted 114. Emin=-7.06512656, Emax=153.39918270
realization 115 / 300 ... accepted 115. Emin=4.83126914, Emax=167.21446745
realization 116 / 300 ... accepted 116. Emin=2.01051769, Emax=163.71848227
realization 117 / 300 ... accepted 117. Emin=1.06538167, Emax=159.23685002
realization 118 / 300 ... accepted 118. Emin=1.20565806, Emax=159.65983390
realization 119 / 300 ... accepted 119. Emin=0.46997877, Emax=162.12406171
realization 120 / 300 ... accepted 120. Emin=-8.75702007, Emax=150.17677208
realization 121 / 300 ... accepted 121. Emin=-6.83403932, Emax=153.38286943
realization 122 / 300 ... accepted 122. Emin=8.35103615, Emax=169.67967200
realization 123 / 300 ... accepted 123. Emin=0.83999807, Emax=157.29658525
realization 124 / 300 ... accepted 124. Emin=-5.46851351, Emax=154.76009591
realization 125 / 300 ... accepted 125. Emin=5.14376052, Emax=162.49523373
realization 126 / 300 ... accepted 126. Emin=-4.19860592, Emax=156.25186142
realization 127 / 300 ... accepted 127. Emin=4.75194964, Emax=167.43377201
realization 128 / 300 ... accepted 128. Emin=-5.45880673, Emax=151.28467081
realization 129 / 300 ... accepted 129. Emin=9.39004036, Emax=167.25694889
realization 130 / 300 ... accepted 130. Emin=6.37545352, Emax=163.27198715
realization 131 / 300 ... accepted 131. Emin=5.18826586, Emax=167.18076532
realization 132 / 300 ... accepted 132. Emin=-1.80513105, Emax=158.07161587
realization 133 / 300 ... accepted 133. Emin=-3.02420266, Emax=155.61373945
realization 134 / 300 ... accepted 134. Emin=6.54785679, Emax=165.85635612
realization 135 / 300 ... accepted 135. Emin=-7.00322250, Emax=151.14210395
realization 136 / 300 ... accepted 136. Emin=-1.13016562, Emax=159.79494905
realization 137 / 300 ... accepted 137. Emin=-2.76485178, Emax=158.28362063
realization 138 / 300 ... accepted 138. Emin=3.95546148, Emax=166.39668078
realization 139 / 300 ... accepted 139. Emin=-9.39204413, Emax=152.66098973
realization 140 / 300 ... accepted 140. Emin=5.88324555, Emax=169.41996050
realization 141 / 300 ... accepted 141. Emin=5.00643073, Emax=161.08701123
realization 142 / 300 ... accepted 142. Emin=-10.03785025, Emax=145.96853885
realization 143 / 300 ... accepted 143. Emin=4.41824228, Emax=164.58366130
realization 144 / 300 ... accepted 144. Emin=-7.94142458, Emax=152.49758566
realization 145 / 300 ... accepted 145. Emin=2.65316939, Emax=166.79373332
realization 146 / 300 ... accepted 146. Emin=4.62825640, Emax=165.84942851
realization 147 / 300 ... accepted 147. Emin=-5.51538841, Emax=152.99613698
realization 148 / 300 ... accepted 148. Emin=0.51159468, Emax=164.83930726
realization 149 / 300 ... accepted 149. Emin=4.14012553, Emax=162.38183029
realization 150 / 300 ... accepted 150. Emin=-6.82856379, Emax=155.81100465
realization 151 / 300 ... accepted 151. Emin=-1.55282834, Emax=154.90578713
realization 152 / 300 ... accepted 152. Emin=0.05386691, Emax=164.84900787
realization 153 / 300 ... accepted 153. Emin=1.05468185, Emax=161.65574178
realization 154 / 300 ... accepted 154. Emin=5.83574519, Emax=162.28692057
realization 155 / 300 ... accepted 155. Emin=2.14223264, Emax=164.40277738
realization 156 / 300 ... accepted 156. Emin=2.96534076, Emax=166.21312190
realization 157 / 300 ... accepted 157. Emin=-0.92512210, Emax=161.46239259
realization 158 / 300 ... accepted 158. Emin=-2.48710626, Emax=157.75558999
realization 159 / 300 ... accepted 159. Emin=-7.30711066, Emax=153.08285190
realization 160 / 300 ... accepted 160. Emin=-6.00092310, Emax=153.05852299
realization 161 / 300 ... accepted 161. Emin=-4.39934820, Emax=162.19898419
realization 162 / 300 ... accepted 162. Emin=6.21246254, Emax=162.24022972
realization 163 / 300 ... accepted 163. Emin=-0.51106643, Emax=163.86099276
realization 164 / 300 ... accepted 164. Emin=0.56113220, Emax=163.17362600
realization 165 / 300 ... accepted 165. Emin=-14.10169679, Emax=144.03800194
realization 166 / 300 ... accepted 166. Emin=0.48588006, Emax=162.48072835
realization 167 / 300 ... accepted 167. Emin=-6.73991609, Emax=155.83789867
realization 168 / 300 ... accepted 168. Emin=3.09011322, Emax=165.16376357
realization 169 / 300 ... accepted 169. Emin=-11.22266607, Emax=146.26478416
realization 170 / 300 ... accepted 170. Emin=-1.03825427, Emax=162.01120377
realization 171 / 300 ... accepted 171. Emin=-7.94708733, Emax=152.54134239
realization 172 / 300 ... accepted 172. Emin=-3.34121201, Emax=156.39422301
realization 173 / 300 ... accepted 173. Emin=2.74905060, Emax=162.81620786
realization 174 / 300 ... accepted 174. Emin=-5.53220318, Emax=152.42551320
realization 175 / 300 ... accepted 175. Emin=2.29235670, Emax=162.46477060
realization 176 / 300 ... accepted 176. Emin=-2.49858989, Emax=155.32076379
realization 177 / 300 ... accepted 177. Emin=-0.33415729, Emax=160.33831490
realization 178 / 300 ... accepted 178. Emin=13.42106769, Emax=168.85948399
realization 179 / 300 ... accepted 179. Emin=-17.85652086, Emax=136.09504505
realization 180 / 300 ... accepted 180. Emin=-1.78850684, Emax=157.24927951
realization 181 / 300 ... accepted 181. Emin=-3.09666334, Emax=160.16978960
realization 182 / 300 ... accepted 182. Emin=-6.57863592, Emax=151.60116977
realization 183 / 300 ... accepted 183. Emin=1.31213832, Emax=165.92018794
realization 184 / 300 ... accepted 184. Emin=0.75328410, Emax=157.45560974
realization 185 / 300 ... accepted 185. Emin=-1.23825736, Emax=157.98988205
realization 186 / 300 ... accepted 186. Emin=0.00586222, Emax=157.64905208
realization 187 / 300 ... accepted 187. Emin=4.02225763, Emax=169.42330585
realization 188 / 300 ... accepted 188. Emin=4.06882683, Emax=163.00359830
realization 189 / 300 ... accepted 189. Emin=-3.69445767, Emax=156.54317778
realization 190 / 300 ... accepted 190. Emin=-0.56053539, Emax=156.34276502
realization 191 / 300 ... accepted 191. Emin=2.16913141, Emax=165.10330718
realization 192 / 300 ... accepted 192. Emin=6.84368024, Emax=165.01760552
realization 193 / 300 ... accepted 193. Emin=2.71844940, Emax=165.57928298
realization 194 / 300 ... accepted 194. Emin=3.60329099, Emax=165.39042113
realization 195 / 300 ... accepted 195. Emin=-4.38454753, Emax=151.86142986
realization 196 / 300 ... accepted 196. Emin=-0.78839106, Emax=162.96658030
realization 197 / 300 ... accepted 197. Emin=-1.01379915, Emax=156.80612239
realization 198 / 300 ... accepted 198. Emin=-5.25883739, Emax=155.73485134
realization 199 / 300 ... accepted 199. Emin=-8.31092280, Emax=148.90949575
realization 200 / 300 ... accepted 200. Emin=3.06720543, Emax=162.51230466
realization 201 / 300 ... accepted 201. Emin=-7.95151776, Emax=152.48021062
realization 202 / 300 ... accepted 202. Emin=3.68149191, Emax=164.08212986
realization 203 / 300 ... accepted 203. Emin=-3.09861213, Emax=156.24960761
realization 204 / 300 ... accepted 204. Emin=-10.10622043, Emax=146.60924740
realization 205 / 300 ... accepted 205. Emin=0.71987423, Emax=168.15767569
realization 206 / 300 ... accepted 206. Emin=4.83336748, Emax=163.19223495
realization 207 / 300 ... accepted 207. Emin=-4.87582985, Emax=158.71300881
realization 208 / 300 ... accepted 208. Emin=-5.45350743, Emax=157.08402085
realization 209 / 300 ... accepted 209. Emin=3.10425592, Emax=163.63574586
realization 210 / 300 ... accepted 210. Emin=0.19702310, Emax=161.42749251
realization 211 / 300 ... accepted 211. Emin=-2.27150968, Emax=159.70277688
realization 212 / 300 ... accepted 212. Emin=4.80012537, Emax=166.54663459
realization 213 / 300 ... accepted 213. Emin=5.43204095, Emax=163.86043935
realization 214 / 300 ... accepted 214. Emin=2.33713919, Emax=161.77400135
realization 215 / 300 ... accepted 215. Emin=-5.80884758, Emax=154.76392335
realization 216 / 300 ... accepted 216. Emin=3.30732109, Emax=166.01545640
realization 217 / 300 ... accepted 217. Emin=4.17846749, Emax=165.68256550
realization 218 / 300 ... accepted 218. Emin=7.23969133, Emax=165.38298386
realization 219 / 300 ... accepted 219. Emin=-0.68936372, Emax=161.65165376
realization 220 / 300 ... accepted 220. Emin=-2.71338234, Emax=157.29996965
realization 221 / 300 ... accepted 221. Emin=-7.37752478, Emax=147.46225722
realization 222 / 300 ... accepted 222. Emin=6.03081081, Emax=170.02446163
realization 223 / 300 ... accepted 223. Emin=-2.90518697, Emax=154.65678021
realization 224 / 300 ... accepted 224. Emin=-1.03213954, Emax=162.00292719
realization 225 / 300 ... accepted 225. Emin=4.26095051, Emax=167.90850579
realization 226 / 300 ... accepted 226. Emin=-5.24298888, Emax=153.82646201
realization 227 / 300 ... accepted 227. Emin=-2.68498737, Emax=157.52367943
realization 228 / 300 ... accepted 228. Emin=2.49776887, Emax=163.25000596
realization 229 / 300 ... accepted 229. Emin=-0.14731957, Emax=167.80857914
realization 230 / 300 ... accepted 230. Emin=6.77809931, Emax=164.95833881
realization 231 / 300 ... accepted 231. Emin=3.54932373, Emax=161.15134659
realization 232 / 300 ... accepted 232. Emin=-1.76648240, Emax=156.85291900
realization 233 / 300 ... accepted 233. Emin=-4.44735654, Emax=156.05738332
realization 234 / 300 ... accepted 234. Emin=-5.70188404, Emax=159.99464241
realization 235 / 300 ... accepted 235. Emin=-2.22491269, Emax=157.58065652
realization 236 / 300 ... accepted 236. Emin=2.22359664, Emax=163.92424532
realization 237 / 300 ... accepted 237. Emin=3.55084100, Emax=166.35692150
realization 238 / 300 ... accepted 238. Emin=-2.88485985, Emax=162.80128991
realization 239 / 300 ... accepted 239. Emin=-0.52088510, Emax=159.65300824
realization 240 / 300 ... accepted 240. Emin=-5.13903585, Emax=155.59365267
realization 241 / 300 ... accepted 241. Emin=1.97735505, Emax=164.34310111
realization 242 / 300 ... accepted 242. Emin=-0.33153846, Emax=164.90407875
realization 243 / 300 ... accepted 243. Emin=-2.37996949, Emax=158.75779998
realization 244 / 300 ... accepted 244. Emin=10.88923239, Emax=171.73203062
realization 245 / 300 ... accepted 245. Emin=3.35840269, Emax=163.64679774
realization 246 / 300 ... accepted 246. Emin=4.10659504, Emax=161.74440606
realization 247 / 300 ... accepted 247. Emin=2.73613172, Emax=168.16644376
realization 248 / 300 ... accepted 248. Emin=1.49371025, Emax=168.22746122
realization 249 / 300 ... accepted 249. Emin=-1.78229418, Emax=160.92999514
realization 250 / 300 ... accepted 250. Emin=-1.09226930, Emax=160.11446871
realization 251 / 300 ... accepted 251. Emin=-3.15442657, Emax=156.46430089
realization 252 / 300 ... accepted 252. Emin=0.69684801, Emax=160.03390180
realization 253 / 300 ... accepted 253. Emin=1.52583668, Emax=162.71384804
realization 254 / 300 ... accepted 254. Emin=9.70239476, Emax=166.10988286
realization 255 / 300 ... accepted 255. Emin=3.65501272, Emax=168.28432334
realization 256 / 300 ... accepted 256. Emin=-3.93356162, Emax=152.31702415
realization 257 / 300 ... accepted 257. Emin=2.77141035, Emax=161.61298400
realization 258 / 300 ... accepted 258. Emin=-1.93638752, Emax=158.88216132
realization 259 / 300 ... accepted 259. Emin=-3.77837523, Emax=159.69658873
realization 260 / 300 ... accepted 260. Emin=-12.03934665, Emax=142.99102209
realization 261 / 300 ... accepted 261. Emin=-2.75072027, Emax=156.23236851
realization 262 / 300 ... accepted 262. Emin=-10.74378687, Emax=147.42935025
realization 263 / 300 ... accepted 263. Emin=0.31653961, Emax=160.19618910
realization 264 / 300 ... accepted 264. Emin=-4.15650809, Emax=159.32977768
realization 265 / 300 ... accepted 265. Emin=-7.81051518, Emax=155.65337593
realization 266 / 300 ... accepted 266. Emin=5.74284345, Emax=169.58067309
realization 267 / 300 ... accepted 267. Emin=10.64357038, Emax=169.35090459
realization 268 / 300 ... accepted 268. Emin=3.35513867, Emax=166.94435242
realization 269 / 300 ... accepted 269. Emin=-7.72413088, Emax=151.62320631
realization 270 / 300 ... accepted 270. Emin=2.02496389, Emax=162.68054868
realization 271 / 300 ... accepted 271. Emin=-1.85549397, Emax=159.63518143
realization 272 / 300 ... accepted 272. Emin=-4.00856593, Emax=152.68574350
realization 273 / 300 ... accepted 273. Emin=-6.39414575, Emax=151.63239539
realization 274 / 300 ... accepted 274. Emin=3.95454617, Emax=163.64437630
realization 275 / 300 ... accepted 275. Emin=10.32420464, Emax=171.63284635
realization 276 / 300 ... accepted 276. Emin=0.20831945, Emax=164.31104837
realization 277 / 300 ... accepted 277. Emin=6.98793176, Emax=164.68384892
realization 278 / 300 ... accepted 278. Emin=-2.07998747, Emax=161.44037989
realization 279 / 300 ... accepted 279. Emin=-9.33972214, Emax=146.18320184
realization 280 / 300 ... accepted 280. Emin=-13.56492439, Emax=142.26454826
realization 281 / 300 ... accepted 281. Emin=3.07832464, Emax=163.89720685
realization 282 / 300 ... accepted 282. Emin=1.72223694, Emax=163.28970182
realization 283 / 300 ... accepted 283. Emin=-4.01818794, Emax=159.36984896
realization 284 / 300 ... accepted 284. Emin=2.15108964, Emax=166.69617895
realization 285 / 300 ... accepted 285. Emin=1.25296879, Emax=161.92032617
realization 286 / 300 ... accepted 286. Emin=-5.49821720, Emax=154.17973820
realization 287 / 300 ... accepted 287. Emin=4.25457791, Emax=170.03048526
realization 288 / 300 ... accepted 288. Emin=2.11786391, Emax=163.52323835
realization 289 / 300 ... accepted 289. Emin=10.52251947, Emax=167.81912033
realization 290 / 300 ... accepted 290. Emin=1.34525884, Emax=164.71711843
realization 291 / 300 ... accepted 291. Emin=3.67896135, Emax=161.08223212
realization 292 / 300 ... accepted 292. Emin=3.81476041, Emax=163.55154447
realization 293 / 300 ... accepted 293. Emin=6.68791486, Emax=161.82450374
realization 294 / 300 ... accepted 294. Emin=-1.05352689, Emax=160.38138079
realization 295 / 300 ... accepted 295. Emin=-2.48632553, Emax=160.67408667
realization 296 / 300 ... accepted 296. Emin=-2.62611168, Emax=151.51802021
realization 297 / 300 ... accepted 297. Emin=0.10104181, Emax=163.70494647
realization 298 / 300 ... accepted 298. Emin=2.26639697, Emax=162.37375341
realization 299 / 300 ... accepted 299. Emin=5.28140967, Emax=170.03394026
realization 300 / 300 ... accepted 300. Emin=-4.79554618, Emax=154.93295888
Saved final energies: /home/2/kj405942/POLFED_bosons/pbs_bose_legacy_nmax2_periodic/data/U_25/W_4/L_6/N_6_nmax_2/boundary_periodic/energies_full_U25_L6_N6_nmax2_W4_boundaryperiodic_nreal300.txt
Accepted realizations: 300 / 300
Skipped realizations: 0
Job finished at Sun May 31 17:12:45 UTC 2026
