Job started on w30 at Sun May 31 17:11:04 UTC 2026
PBS_JOBID=7731496.kruk-host.ift-klaster.lan
PBS_O_WORKDIR=/home/2/kj405942/POLFED_bosons
Bose-Hubbard: L=6, N=6, nmax=2, dim=141
t=1, U=25, W=7, nreal=300, boundary=periodic, mode=full
Writing partial results to /home/2/kj405942/POLFED_bosons/pbs_bose_legacy_nmax2_periodic/data/U_25/W_7/L_6/N_6_nmax_2/boundary_periodic/energies_full_U25_L6_N6_nmax2_W7_boundaryperiodic_nreal300_partial.txt
realization 1 / 300 ... accepted 1. Emin=19.12317582, Emax=184.76178554
realization 2 / 300 ... accepted 2. Emin=-1.41037875, Emax=160.34939275
realization 3 / 300 ... accepted 3. Emin=-1.95825796, Emax=176.06205536
realization 4 / 300 ... accepted 4. Emin=-18.90892548, Emax=146.97451506
realization 5 / 300 ... accepted 5. Emin=-24.24100580, Emax=139.14921121
realization 6 / 300 ... accepted 6. Emin=23.01954740, Emax=187.52286756
realization 7 / 300 ... accepted 7. Emin=3.39427938, Emax=174.36899554
realization 8 / 300 ... accepted 8. Emin=-13.29443153, Emax=159.15471346
realization 9 / 300 ... accepted 9. Emin=-9.42039321, Emax=160.83101719
realization 10 / 300 ... accepted 10. Emin=-6.77523165, Emax=166.23646602
realization 11 / 300 ... accepted 11. Emin=-4.58831086, Emax=163.92069517
realization 12 / 300 ... accepted 12. Emin=-4.96136857, Emax=170.52536568
realization 13 / 300 ... accepted 13. Emin=4.45890652, Emax=173.18435257
realization 14 / 300 ... accepted 14. Emin=-10.00041911, Emax=159.32237573
realization 15 / 300 ... accepted 15. Emin=12.97861014, Emax=183.23742981
realization 16 / 300 ... accepted 16. Emin=10.10955967, Emax=186.09290608
realization 17 / 300 ... accepted 17. Emin=0.79449632, Emax=168.65724102
realization 18 / 300 ... accepted 18. Emin=-8.46722497, Emax=164.93410342
realization 19 / 300 ... accepted 19. Emin=-15.09956643, Emax=154.99868086
realization 20 / 300 ... accepted 20. Emin=-1.20776253, Emax=174.21830986
realization 21 / 300 ... accepted 21. Emin=12.28998801, Emax=180.42241664
realization 22 / 300 ... accepted 22. Emin=8.34835654, Emax=173.29769360
realization 23 / 300 ... accepted 23. Emin=15.21186466, Emax=183.13610359
realization 24 / 300 ... accepted 24. Emin=1.50435441, Emax=164.83627917
realization 25 / 300 ... accepted 25. Emin=-4.16411927, Emax=168.00341307
realization 26 / 300 ... accepted 26. Emin=1.04165649, Emax=165.66927643
realization 27 / 300 ... accepted 27. Emin=2.47628504, Emax=166.13434007
realization 28 / 300 ... accepted 28. Emin=7.70451660, Emax=171.91567948
realization 29 / 300 ... accepted 29. Emin=4.54477236, Emax=168.06344813
realization 30 / 300 ... accepted 30. Emin=-5.18959689, Emax=157.93348937
realization 31 / 300 ... accepted 31. Emin=-12.24063802, Emax=155.68835192
realization 32 / 300 ... accepted 32. Emin=21.37153039, Emax=186.94807874
realization 33 / 300 ... accepted 33. Emin=-19.47137531, Emax=142.28479468
realization 34 / 300 ... accepted 34. Emin=21.72196767, Emax=180.01350416
realization 35 / 300 ... accepted 35. Emin=-4.21665351, Emax=170.25229465
realization 36 / 300 ... accepted 36. Emin=17.95656224, Emax=181.69259774
realization 37 / 300 ... accepted 37. Emin=-12.19483585, Emax=157.08192765
realization 38 / 300 ... accepted 38. Emin=0.12923731, Emax=170.90642137
realization 39 / 300 ... accepted 39. Emin=0.00254499, Emax=170.26541782
realization 40 / 300 ... accepted 40. Emin=-10.70856759, Emax=162.47652258
realization 41 / 300 ... accepted 41. Emin=5.57072068, Emax=177.51494933
realization 42 / 300 ... accepted 42. Emin=-6.47704358, Emax=159.19198745
realization 43 / 300 ... accepted 43. Emin=-5.62521395, Emax=163.01258134
realization 44 / 300 ... accepted 44. Emin=3.70860602, Emax=181.21310274
realization 45 / 300 ... accepted 45. Emin=7.24787319, Emax=172.47774129
realization 46 / 300 ... accepted 46. Emin=3.88329783, Emax=173.71593861
realization 47 / 300 ... accepted 47. Emin=-2.69766684, Emax=165.30953110
realization 48 / 300 ... accepted 48. Emin=7.13922216, Emax=171.43734857
realization 49 / 300 ... accepted 49. Emin=1.24298877, Emax=168.12287908
realization 50 / 300 ... accepted 50. Emin=-13.47470688, Emax=150.57727519
realization 51 / 300 ... accepted 51. Emin=2.45089951, Emax=174.01568121
realization 52 / 300 ... accepted 52. Emin=-6.75648451, Emax=156.15796114
realization 53 / 300 ... accepted 53. Emin=-7.33077687, Emax=162.25226693
realization 54 / 300 ... accepted 54. Emin=-12.47156673, Emax=156.03740945
realization 55 / 300 ... accepted 55. Emin=5.08879048, Emax=170.39707852
realization 56 / 300 ... accepted 56. Emin=-21.97347407, Emax=147.35405818
realization 57 / 300 ... accepted 57. Emin=-1.22728540, Emax=167.14701428
realization 58 / 300 ... accepted 58. Emin=-16.86913762, Emax=154.30066396
realization 59 / 300 ... accepted 59. Emin=-7.52896081, Emax=161.08674671
realization 60 / 300 ... accepted 60. Emin=-14.96949743, Emax=154.58296314
realization 61 / 300 ... accepted 61. Emin=4.36115635, Emax=176.10959471
realization 62 / 300 ... accepted 62. Emin=2.11987655, Emax=176.43456303
realization 63 / 300 ... accepted 63. Emin=-14.61961202, Emax=151.41362403
realization 64 / 300 ... accepted 64. Emin=8.43501831, Emax=177.89789208
realization 65 / 300 ... accepted 65. Emin=2.26342336, Emax=178.42975988
realization 66 / 300 ... accepted 66. Emin=-6.23439487, Emax=158.87993483
realization 67 / 300 ... accepted 67. Emin=11.70031954, Emax=182.08278090
realization 68 / 300 ... accepted 68. Emin=-7.99451397, Emax=155.30730461
realization 69 / 300 ... accepted 69. Emin=-0.42781779, Emax=170.13040618
realization 70 / 300 ... accepted 70. Emin=-18.32242770, Emax=142.77525549
realization 71 / 300 ... accepted 71. Emin=-1.72797920, Emax=163.21223326
realization 72 / 300 ... accepted 72. Emin=-2.53762941, Emax=165.77186548
realization 73 / 300 ... accepted 73. Emin=-2.77826260, Emax=169.76784875
realization 74 / 300 ... accepted 74. Emin=9.00157186, Emax=181.81958214
realization 75 / 300 ... accepted 75. Emin=-12.56920863, Emax=154.87027299
realization 76 / 300 ... accepted 76. Emin=-0.91705107, Emax=167.49042187
realization 77 / 300 ... accepted 77. Emin=-4.40266898, Emax=164.20237809
realization 78 / 300 ... accepted 78. Emin=-18.86724136, Emax=149.66838202
realization 79 / 300 ... accepted 79. Emin=-3.17847315, Emax=164.98318977
realization 80 / 300 ... accepted 80. Emin=-5.85872222, Emax=169.28267332
realization 81 / 300 ... accepted 81. Emin=10.60739526, Emax=184.54722913
realization 82 / 300 ... accepted 82. Emin=12.73738893, Emax=179.41346391
realization 83 / 300 ... accepted 83. Emin=11.31308629, Emax=178.05701400
realization 84 / 300 ... accepted 84. Emin=-8.72029640, Emax=171.69314463
realization 85 / 300 ... accepted 85. Emin=-9.44056027, Emax=157.69122540
realization 86 / 300 ... accepted 86. Emin=-13.75939653, Emax=157.01803666
realization 87 / 300 ... accepted 87. Emin=-19.79793485, Emax=142.29842603
realization 88 / 300 ... accepted 88. Emin=5.17888007, Emax=174.95017275
realization 89 / 300 ... accepted 89. Emin=-17.77750608, Emax=151.00093645
realization 90 / 300 ... accepted 90. Emin=9.10413669, Emax=176.27175694
realization 91 / 300 ... accepted 91. Emin=12.94791642, Emax=172.28182784
realization 92 / 300 ... accepted 92. Emin=8.42043439, Emax=180.00194244
realization 93 / 300 ... accepted 93. Emin=2.71305401, Emax=180.04703572
realization 94 / 300 ... accepted 94. Emin=-4.66850955, Emax=168.54227266
realization 95 / 300 ... accepted 95. Emin=-14.92894488, Emax=151.90995909
realization 96 / 300 ... accepted 96. Emin=-3.23582318, Emax=166.17251167
realization 97 / 300 ... accepted 97. Emin=8.23634739, Emax=177.95123819
realization 98 / 300 ... accepted 98. Emin=3.94133761, Emax=178.85645228
realization 99 / 300 ... accepted 99. Emin=-8.95751342, Emax=153.95870905
realization 100 / 300 ... accepted 100. Emin=-10.63600661, Emax=152.64398160
realization 101 / 300 ... accepted 101. Emin=6.13424423, Emax=172.96326860
realization 102 / 300 ... accepted 102. Emin=-4.58097549, Emax=155.85562265
realization 103 / 300 ... accepted 103. Emin=3.88469345, Emax=170.66190654
realization 104 / 300 ... accepted 104. Emin=6.53036360, Emax=175.81866223
realization 105 / 300 ... accepted 105. Emin=6.87268472, Emax=171.46673241
realization 106 / 300 ... accepted 106. Emin=5.20209324, Emax=175.87404415
realization 107 / 300 ... accepted 107. Emin=10.46033519, Emax=177.52606154
realization 108 / 300 ... accepted 108. Emin=9.27511491, Emax=173.60799095
realization 109 / 300 ... accepted 109. Emin=-15.25302914, Emax=152.38432895
realization 110 / 300 ... accepted 110. Emin=-2.34211709, Emax=162.12437437
realization 111 / 300 ... accepted 111. Emin=-0.98301852, Emax=161.83585652
realization 112 / 300 ... accepted 112. Emin=-10.53028717, Emax=158.42726992
realization 113 / 300 ... accepted 113. Emin=-3.36026544, Emax=163.25351069
realization 114 / 300 ... accepted 114. Emin=-10.82707217, Emax=156.59465571
realization 115 / 300 ... accepted 115. Emin=-4.48905494, Emax=157.80658968
realization 116 / 300 ... accepted 116. Emin=6.49631300, Emax=174.92475856
realization 117 / 300 ... accepted 117. Emin=-0.29078807, Emax=172.74929036
realization 118 / 300 ... accepted 118. Emin=-4.57797623, Emax=173.91384080
realization 119 / 300 ... accepted 119. Emin=4.40988270, Emax=179.95016572
realization 120 / 300 ... accepted 120. Emin=-16.90693118, Emax=149.44124375
realization 121 / 300 ... accepted 121. Emin=-8.90887064, Emax=150.75094291
realization 122 / 300 ... accepted 122. Emin=5.92041462, Emax=181.18615028
realization 123 / 300 ... accepted 123. Emin=-8.94023710, Emax=164.83970431
realization 124 / 300 ... accepted 124. Emin=3.09963530, Emax=164.53554819
realization 125 / 300 ... accepted 125. Emin=-3.62053954, Emax=168.27642037
realization 126 / 300 ... accepted 126. Emin=-11.96475095, Emax=148.60471116
realization 127 / 300 ... accepted 127. Emin=-1.96924398, Emax=159.42857231
realization 128 / 300 ... accepted 128. Emin=-1.73989954, Emax=169.03191285
realization 129 / 300 ... accepted 129. Emin=-10.38063858, Emax=155.96380789
realization 130 / 300 ... accepted 130. Emin=-0.62807956, Emax=174.78230082
realization 131 / 300 ... accepted 131. Emin=6.87693555, Emax=190.54256103
realization 132 / 300 ... accepted 132. Emin=2.10635696, Emax=173.33095020
realization 133 / 300 ... accepted 133. Emin=7.65041063, Emax=179.88764942
realization 134 / 300 ... accepted 134. Emin=6.13076116, Emax=170.64934132
realization 135 / 300 ... accepted 135. Emin=-12.80047583, Emax=156.94303267
realization 136 / 300 ... accepted 136. Emin=14.02121790, Emax=180.52831114
realization 137 / 300 ... accepted 137. Emin=4.26423236, Emax=175.27129153
realization 138 / 300 ... accepted 138. Emin=-17.29442654, Emax=147.10038280
realization 139 / 300 ... accepted 139. Emin=8.60870697, Emax=173.22263246
realization 140 / 300 ... accepted 140. Emin=-14.89954928, Emax=155.16067363
realization 141 / 300 ... accepted 141. Emin=9.65843962, Emax=184.81383631
realization 142 / 300 ... accepted 142. Emin=0.14958634, Emax=165.96399454
realization 143 / 300 ... accepted 143. Emin=-2.83511823, Emax=165.56595992
realization 144 / 300 ... accepted 144. Emin=-13.64717525, Emax=155.82905371
realization 145 / 300 ... accepted 145. Emin=13.77319771, Emax=173.69659742
realization 146 / 300 ... accepted 146. Emin=-14.49372184, Emax=154.61598621
realization 147 / 300 ... accepted 147. Emin=-3.34257029, Emax=165.20128786
realization 148 / 300 ... accepted 148. Emin=7.71429561, Emax=172.98144755
realization 149 / 300 ... accepted 149. Emin=12.80388476, Emax=181.72390049
realization 150 / 300 ... accepted 150. Emin=1.76951335, Emax=179.02846845
realization 151 / 300 ... accepted 151. Emin=-2.50021354, Emax=170.36575760
realization 152 / 300 ... accepted 152. Emin=0.63417341, Emax=163.95047594
realization 153 / 300 ... accepted 153. Emin=-10.08462383, Emax=159.26874533
realization 154 / 300 ... accepted 154. Emin=0.93759699, Emax=165.89857501
realization 155 / 300 ... accepted 155. Emin=6.02975124, Emax=177.35371099
realization 156 / 300 ... accepted 156. Emin=-10.85408544, Emax=158.04352477
realization 157 / 300 ... accepted 157. Emin=3.61967040, Emax=175.03812582
realization 158 / 300 ... accepted 158. Emin=-2.33460338, Emax=168.54700418
realization 159 / 300 ... accepted 159. Emin=17.75053233, Emax=187.28022210
realization 160 / 300 ... accepted 160. Emin=-0.07064767, Emax=175.79473696
realization 161 / 300 ... accepted 161. Emin=-1.19884753, Emax=173.08069360
realization 162 / 300 ... accepted 162. Emin=7.91256297, Emax=174.62361798
realization 163 / 300 ... accepted 163. Emin=9.89036078, Emax=186.62996854
realization 164 / 300 ... accepted 164. Emin=9.20453284, Emax=176.17157208
realization 165 / 300 ... accepted 165. Emin=4.33548349, Emax=170.62168156
realization 166 / 300 ... accepted 166. Emin=-20.91584328, Emax=141.16310128
realization 167 / 300 ... accepted 167. Emin=-10.81073166, Emax=158.91951265
realization 168 / 300 ... accepted 168. Emin=-0.15464869, Emax=166.48512276
realization 169 / 300 ... accepted 169. Emin=-12.65962979, Emax=153.11812939
realization 170 / 300 ... accepted 170. Emin=-4.90451904, Emax=160.98537351
realization 171 / 300 ... accepted 171. Emin=14.18050178, Emax=180.51195519
realization 172 / 300 ... accepted 172. Emin=13.70603287, Emax=182.64028432
realization 173 / 300 ... accepted 173. Emin=-20.41402991, Emax=147.80619193
realization 174 / 300 ... accepted 174. Emin=-2.59627613, Emax=165.23781753
realization 175 / 300 ... accepted 175. Emin=4.93072239, Emax=172.94872535
realization 176 / 300 ... accepted 176. Emin=-20.24168309, Emax=139.71189139
realization 177 / 300 ... accepted 177. Emin=1.99271497, Emax=171.49243501
realization 178 / 300 ... accepted 178. Emin=4.88288421, Emax=186.25400777
realization 179 / 300 ... accepted 179. Emin=14.41275444, Emax=180.95841703
realization 180 / 300 ... accepted 180. Emin=6.79046605, Emax=181.63756421
realization 181 / 300 ... accepted 181. Emin=5.83963389, Emax=172.50176297
realization 182 / 300 ... accepted 182. Emin=-4.48170040, Emax=172.84082158
realization 183 / 300 ... accepted 183. Emin=-11.94337970, Emax=149.23746197
realization 184 / 300 ... accepted 184. Emin=6.43252145, Emax=186.92078103
realization 185 / 300 ... accepted 185. Emin=-5.41268333, Emax=160.11527475
realization 186 / 300 ... accepted 186. Emin=13.72935098, Emax=178.99948368
realization 187 / 300 ... accepted 187. Emin=-6.35386853, Emax=165.37899837
realization 188 / 300 ... accepted 188. Emin=-1.11455025, Emax=179.95774375
realization 189 / 300 ... accepted 189. Emin=16.82530942, Emax=186.21260296
realization 190 / 300 ... accepted 190. Emin=-21.79163962, Emax=141.53807510
realization 191 / 300 ... accepted 191. Emin=-2.15903920, Emax=164.92792529
realization 192 / 300 ... accepted 192. Emin=17.89886488, Emax=180.85266036
realization 193 / 300 ... accepted 193. Emin=-18.49449854, Emax=143.77841687
realization 194 / 300 ... accepted 194. Emin=-14.02867750, Emax=153.47715157
realization 195 / 300 ... accepted 195. Emin=16.20655941, Emax=179.49683864
realization 196 / 300 ... accepted 196. Emin=0.06371053, Emax=166.56076135
realization 197 / 300 ... accepted 197. Emin=4.10726120, Emax=181.47852114
realization 198 / 300 ... accepted 198. Emin=10.25338805, Emax=173.71275934
realization 199 / 300 ... accepted 199. Emin=-24.47399140, Emax=141.38908547
realization 200 / 300 ... accepted 200. Emin=10.03982833, Emax=180.78887453
realization 201 / 300 ... accepted 201. Emin=-3.21879007, Emax=177.21972010
realization 202 / 300 ... accepted 202. Emin=9.21183646, Emax=181.39134439
realization 203 / 300 ... accepted 203. Emin=4.95492338, Emax=177.98468498
realization 204 / 300 ... accepted 204. Emin=3.72384922, Emax=171.09287543
realization 205 / 300 ... accepted 205. Emin=-11.31189707, Emax=164.29977327
realization 206 / 300 ... accepted 206. Emin=-2.98622115, Emax=173.67025239
realization 207 / 300 ... accepted 207. Emin=-2.36664646, Emax=167.71103988
realization 208 / 300 ... accepted 208. Emin=-11.67875577, Emax=162.66910905
realization 209 / 300 ... accepted 209. Emin=6.88988439, Emax=180.46881128
realization 210 / 300 ... accepted 210. Emin=17.84278041, Emax=181.22539695
realization 211 / 300 ... accepted 211. Emin=-1.92751248, Emax=168.68238337
realization 212 / 300 ... accepted 212. Emin=-5.71373412, Emax=156.95881115
realization 213 / 300 ... accepted 213. Emin=-0.38994414, Emax=173.48841888
realization 214 / 300 ... accepted 214. Emin=-11.36433423, Emax=157.10609288
realization 215 / 300 ... accepted 215. Emin=3.21241549, Emax=165.93043099
realization 216 / 300 ... accepted 216. Emin=0.68002530, Emax=172.64990693
realization 217 / 300 ... accepted 217. Emin=9.34380015, Emax=181.42822104
realization 218 / 300 ... accepted 218. Emin=-2.68190334, Emax=159.37605235
realization 219 / 300 ... accepted 219. Emin=-2.54634969, Emax=174.51624206
realization 220 / 300 ... accepted 220. Emin=1.10568501, Emax=185.46960442
realization 221 / 300 ... accepted 221. Emin=5.05687703, Emax=173.46631855
realization 222 / 300 ... accepted 222. Emin=-5.20723829, Emax=160.47939165
realization 223 / 300 ... accepted 223. Emin=5.96557051, Emax=176.93516241
realization 224 / 300 ... accepted 224. Emin=3.23210467, Emax=169.53790297
realization 225 / 300 ... accepted 225. Emin=3.56344768, Emax=172.09768376
realization 226 / 300 ... accepted 226. Emin=15.03398259, Emax=183.59974008
realization 227 / 300 ... accepted 227. Emin=4.92484758, Emax=180.55069364
realization 228 / 300 ... accepted 228. Emin=4.51654680, Emax=171.45991123
realization 229 / 300 ... accepted 229. Emin=6.52984222, Emax=179.72440318
realization 230 / 300 ... accepted 230. Emin=6.84199393, Emax=181.75453675
realization 231 / 300 ... accepted 231. Emin=2.87854608, Emax=173.52000966
realization 232 / 300 ... accepted 232. Emin=2.92181906, Emax=175.67302565
realization 233 / 300 ... accepted 233. Emin=-7.07914780, Emax=156.38892453
realization 234 / 300 ... accepted 234. Emin=10.91196935, Emax=178.66916493
realization 235 / 300 ... accepted 235. Emin=-16.87473748, Emax=148.18590825
realization 236 / 300 ... accepted 236. Emin=-3.70546576, Emax=157.74479952
realization 237 / 300 ... accepted 237. Emin=2.26338140, Emax=176.31315343
realization 238 / 300 ... accepted 238. Emin=14.53936433, Emax=182.63779548
realization 239 / 300 ... accepted 239. Emin=7.03668605, Emax=174.75643444
realization 240 / 300 ... accepted 240. Emin=6.28216665, Emax=176.44639708
realization 241 / 300 ... accepted 241. Emin=-8.97424272, Emax=156.56387232
realization 242 / 300 ... accepted 242. Emin=-5.50712820, Emax=166.79598466
realization 243 / 300 ... accepted 243. Emin=-2.50263632, Emax=167.30825840
realization 244 / 300 ... accepted 244. Emin=-6.63331688, Emax=161.71246209
realization 245 / 300 ... accepted 245. Emin=-7.78244299, Emax=159.51035446
realization 246 / 300 ... accepted 246. Emin=8.86709116, Emax=180.25977914
realization 247 / 300 ... accepted 247. Emin=-2.42638873, Emax=163.71653339
realization 248 / 300 ... accepted 248. Emin=10.02900148, Emax=173.08648492
realization 249 / 300 ... accepted 249. Emin=18.54386243, Emax=177.08841581
realization 250 / 300 ... accepted 250. Emin=3.84170762, Emax=161.23097297
realization 251 / 300 ... accepted 251. Emin=13.05952284, Emax=181.23756338
realization 252 / 300 ... accepted 252. Emin=-9.86678764, Emax=160.23044072
realization 253 / 300 ... accepted 253. Emin=13.01133552, Emax=179.19175120
realization 254 / 300 ... accepted 254. Emin=-10.73148040, Emax=152.63637094
realization 255 / 300 ... accepted 255. Emin=-1.90250020, Emax=181.79454495
realization 256 / 300 ... accepted 256. Emin=9.78899061, Emax=174.66883046
realization 257 / 300 ... accepted 257. Emin=-11.64089005, Emax=167.79177677
realization 258 / 300 ... accepted 258. Emin=3.60575930, Emax=176.01643777
realization 259 / 300 ... accepted 259. Emin=-4.03672557, Emax=163.13667858
realization 260 / 300 ... accepted 260. Emin=-7.40023241, Emax=169.24475955
realization 261 / 300 ... accepted 261. Emin=7.07925210, Emax=175.77735955
realization 262 / 300 ... accepted 262. Emin=4.57650927, Emax=175.82530772
realization 263 / 300 ... accepted 263. Emin=-1.82413356, Emax=168.34696479
realization 264 / 300 ... accepted 264. Emin=7.57523160, Emax=179.87478124
realization 265 / 300 ... accepted 265. Emin=-14.63452678, Emax=156.10205864
realization 266 / 300 ... accepted 266. Emin=-5.54501935, Emax=169.10384857
realization 267 / 300 ... accepted 267. Emin=11.64067290, Emax=183.49259034
realization 268 / 300 ... accepted 268. Emin=10.05187242, Emax=188.74468081
realization 269 / 300 ... accepted 269. Emin=-2.06679424, Emax=168.67865364
realization 270 / 300 ... accepted 270. Emin=1.67115685, Emax=172.86307949
realization 271 / 300 ... accepted 271. Emin=5.47637806, Emax=177.89837005
realization 272 / 300 ... accepted 272. Emin=-8.33726152, Emax=163.74730237
realization 273 / 300 ... accepted 273. Emin=-15.73554417, Emax=154.32561228
realization 274 / 300 ... accepted 274. Emin=-6.55051454, Emax=164.70279037
realization 275 / 300 ... accepted 275. Emin=-10.38382184, Emax=152.52515687
realization 276 / 300 ... accepted 276. Emin=-6.49753527, Emax=170.36486989
realization 277 / 300 ... accepted 277. Emin=6.82851968, Emax=175.95227265
realization 278 / 300 ... accepted 278. Emin=-17.00725250, Emax=143.48396925
realization 279 / 300 ... accepted 279. Emin=-11.24886725, Emax=159.98911647
realization 280 / 300 ... accepted 280. Emin=-1.70970062, Emax=166.47984899
realization 281 / 300 ... accepted 281. Emin=-14.11968031, Emax=152.26738858
realization 282 / 300 ... accepted 282. Emin=9.12862200, Emax=171.00912867
realization 283 / 300 ... accepted 283. Emin=-1.89333051, Emax=172.92882693
realization 284 / 300 ... accepted 284. Emin=-11.06719998, Emax=152.80293928
realization 285 / 300 ... accepted 285. Emin=-7.76756759, Emax=162.40395520
realization 286 / 300 ... accepted 286. Emin=-18.68314285, Emax=146.63789547
realization 287 / 300 ... accepted 287. Emin=-2.93049854, Emax=165.38936907
realization 288 / 300 ... accepted 288. Emin=-3.43824052, Emax=161.29264249
realization 289 / 300 ... accepted 289. Emin=9.04840140, Emax=179.76115914
realization 290 / 300 ... accepted 290. Emin=-4.52877888, Emax=163.87813509
realization 291 / 300 ... accepted 291. Emin=1.77486405, Emax=168.09581849
realization 292 / 300 ... accepted 292. Emin=3.72598175, Emax=173.44724952
realization 293 / 300 ... accepted 293. Emin=-17.19612695, Emax=143.69607425
realization 294 / 300 ... accepted 294. Emin=-10.14153042, Emax=151.18221381
realization 295 / 300 ... accepted 295. Emin=-0.65678025, Emax=166.62782342
realization 296 / 300 ... accepted 296. Emin=2.03243628, Emax=180.22433934
realization 297 / 300 ... accepted 297. Emin=-17.69859192, Emax=151.27568258
realization 298 / 300 ... accepted 298. Emin=-3.67692489, Emax=164.58856310
realization 299 / 300 ... accepted 299. Emin=11.66318593, Emax=179.88518499
realization 300 / 300 ... accepted 300. Emin=5.64664951, Emax=173.88962525
Saved final energies: /home/2/kj405942/POLFED_bosons/pbs_bose_legacy_nmax2_periodic/data/U_25/W_7/L_6/N_6_nmax_2/boundary_periodic/energies_full_U25_L6_N6_nmax2_W7_boundaryperiodic_nreal300.txt
Accepted realizations: 300 / 300
Skipped realizations: 0
Job finished at Sun May 31 17:12:46 UTC 2026
