Job started on w30 at Sun May 31 17:11:05 UTC 2026
PBS_JOBID=7731495.kruk-host.ift-klaster.lan
PBS_O_WORKDIR=/home/2/kj405942/POLFED_bosons
Bose-Hubbard: L=6, N=6, nmax=2, dim=141
t=1, U=25, W=6, nreal=300, boundary=periodic, mode=full
Writing partial results to /home/2/kj405942/POLFED_bosons/pbs_bose_legacy_nmax2_periodic/data/U_25/W_6/L_6/N_6_nmax_2/boundary_periodic/energies_full_U25_L6_N6_nmax2_W6_boundaryperiodic_nreal300_partial.txt
realization 1 / 300 ... accepted 1. Emin=-13.53115726, Emax=150.81009639
realization 2 / 300 ... accepted 2. Emin=-3.72264064, Emax=165.46247498
realization 3 / 300 ... accepted 3. Emin=4.80781642, Emax=171.65791210
realization 4 / 300 ... accepted 4. Emin=-21.45211861, Emax=136.98326237
realization 5 / 300 ... accepted 5. Emin=-6.05458226, Emax=156.46218816
realization 6 / 300 ... accepted 6. Emin=27.06319379, Emax=181.97755441
realization 7 / 300 ... accepted 7. Emin=-1.13119148, Emax=167.99009199
realization 8 / 300 ... accepted 8. Emin=12.23671425, Emax=173.22984670
realization 9 / 300 ... accepted 9. Emin=-10.96423056, Emax=150.95375645
realization 10 / 300 ... accepted 10. Emin=-2.07084932, Emax=159.02575089
realization 11 / 300 ... accepted 11. Emin=-8.57544034, Emax=162.67401886
realization 12 / 300 ... accepted 12. Emin=7.77158787, Emax=178.46344415
realization 13 / 300 ... accepted 13. Emin=-0.84409102, Emax=169.05815541
realization 14 / 300 ... accepted 14. Emin=3.51830401, Emax=169.01481282
realization 15 / 300 ... accepted 15. Emin=-5.72288866, Emax=157.50467791
realization 16 / 300 ... accepted 16. Emin=8.86086444, Emax=178.23191696
realization 17 / 300 ... accepted 17. Emin=-1.07363771, Emax=164.60956467
realization 18 / 300 ... accepted 18. Emin=12.04728849, Emax=178.51356175
realization 19 / 300 ... accepted 19. Emin=-7.38764555, Emax=156.78032227
realization 20 / 300 ... accepted 20. Emin=2.45451129, Emax=158.71828423
realization 21 / 300 ... accepted 21. Emin=14.66830708, Emax=177.76625648
realization 22 / 300 ... accepted 22. Emin=12.73848489, Emax=170.60746737
realization 23 / 300 ... accepted 23. Emin=3.69032316, Emax=163.02121968
realization 24 / 300 ... accepted 24. Emin=17.67287004, Emax=180.64326393
realization 25 / 300 ... accepted 25. Emin=-1.57363093, Emax=169.07043536
realization 26 / 300 ... accepted 26. Emin=-3.88443502, Emax=163.16763994
realization 27 / 300 ... accepted 27. Emin=-7.96862983, Emax=155.01264321
realization 28 / 300 ... accepted 28. Emin=17.86705701, Emax=175.36043008
realization 29 / 300 ... accepted 29. Emin=3.75354408, Emax=161.58863406
realization 30 / 300 ... accepted 30. Emin=7.30782640, Emax=170.19259325
realization 31 / 300 ... accepted 31. Emin=7.55169933, Emax=175.95927483
realization 32 / 300 ... accepted 32. Emin=-9.94829802, Emax=156.60538596
realization 33 / 300 ... accepted 33. Emin=-3.47987478, Emax=161.90629036
realization 34 / 300 ... accepted 34. Emin=-0.19469240, Emax=177.88880943
realization 35 / 300 ... accepted 35. Emin=-19.41492422, Emax=141.83627613
realization 36 / 300 ... accepted 36. Emin=12.46735779, Emax=175.67098611
realization 37 / 300 ... accepted 37. Emin=-10.32659121, Emax=148.44185847
realization 38 / 300 ... accepted 38. Emin=-2.67082601, Emax=171.11330947
realization 39 / 300 ... accepted 39. Emin=4.69732355, Emax=175.53522424
realization 40 / 300 ... accepted 40. Emin=-1.12604519, Emax=162.85751585
realization 41 / 300 ... accepted 41. Emin=7.36433481, Emax=168.43153873
realization 42 / 300 ... accepted 42. Emin=7.07685161, Emax=169.01766603
realization 43 / 300 ... accepted 43. Emin=-8.05842818, Emax=156.13399699
realization 44 / 300 ... accepted 44. Emin=-15.54015338, Emax=148.98677772
realization 45 / 300 ... accepted 45. Emin=10.70657572, Emax=178.08824180
realization 46 / 300 ... accepted 46. Emin=13.63359030, Emax=178.06593170
realization 47 / 300 ... accepted 47. Emin=3.69011604, Emax=168.72111339
realization 48 / 300 ... accepted 48. Emin=6.14584264, Emax=164.53391148
realization 49 / 300 ... accepted 49. Emin=-4.77254480, Emax=162.92703924
realization 50 / 300 ... accepted 50. Emin=5.00353382, Emax=172.90951263
realization 51 / 300 ... accepted 51. Emin=-9.92267291, Emax=150.67419140
realization 52 / 300 ... accepted 52. Emin=-4.58822780, Emax=158.54486221
realization 53 / 300 ... accepted 53. Emin=-12.36595684, Emax=152.04403291
realization 54 / 300 ... accepted 54. Emin=-3.57557730, Emax=163.05306068
realization 55 / 300 ... accepted 55. Emin=-4.54756229, Emax=160.20800176
realization 56 / 300 ... accepted 56. Emin=-10.57489988, Emax=155.31762316
realization 57 / 300 ... accepted 57. Emin=2.31361320, Emax=176.15079681
realization 58 / 300 ... accepted 58. Emin=-4.48352762, Emax=166.30048140
realization 59 / 300 ... accepted 59. Emin=8.39469421, Emax=174.67638097
realization 60 / 300 ... accepted 60. Emin=-15.25983017, Emax=144.32224256
realization 61 / 300 ... accepted 61. Emin=-15.29419675, Emax=151.54087319
realization 62 / 300 ... accepted 62. Emin=11.02270194, Emax=176.83912630
realization 63 / 300 ... accepted 63. Emin=-0.64607509, Emax=163.32466474
realization 64 / 300 ... accepted 64. Emin=-22.28225331, Emax=134.26716287
realization 65 / 300 ... accepted 65. Emin=2.75948141, Emax=178.04801982
realization 66 / 300 ... accepted 66. Emin=4.01802457, Emax=171.31900643
realization 67 / 300 ... accepted 67. Emin=8.49736557, Emax=172.07668922
realization 68 / 300 ... accepted 68. Emin=-2.98909034, Emax=162.61165476
realization 69 / 300 ... accepted 69. Emin=-8.66814133, Emax=146.71307423
realization 70 / 300 ... accepted 70. Emin=-3.24989220, Emax=160.22772066
realization 71 / 300 ... accepted 71. Emin=9.93285304, Emax=172.14094661
realization 72 / 300 ... accepted 72. Emin=11.94384187, Emax=180.13689812
realization 73 / 300 ... accepted 73. Emin=6.67637505, Emax=175.94452753
realization 74 / 300 ... accepted 74. Emin=-12.05737387, Emax=154.29692407
realization 75 / 300 ... accepted 75. Emin=5.57466314, Emax=179.66839853
realization 76 / 300 ... accepted 76. Emin=-6.94614202, Emax=151.79324096
realization 77 / 300 ... accepted 77. Emin=-2.91852905, Emax=163.92084110
realization 78 / 300 ... accepted 78. Emin=0.77421856, Emax=172.04302850
realization 79 / 300 ... accepted 79. Emin=-4.67189154, Emax=162.61459123
realization 80 / 300 ... accepted 80. Emin=16.80144111, Emax=179.71877773
realization 81 / 300 ... accepted 81. Emin=2.69428273, Emax=174.87899395
realization 82 / 300 ... accepted 82. Emin=-1.32858658, Emax=162.14077004
realization 83 / 300 ... accepted 83. Emin=-11.80124400, Emax=154.12633990
realization 84 / 300 ... accepted 84. Emin=-0.15754454, Emax=161.87403773
realization 85 / 300 ... accepted 85. Emin=17.74228002, Emax=176.30944891
realization 86 / 300 ... accepted 86. Emin=15.56205628, Emax=182.97300306
realization 87 / 300 ... accepted 87. Emin=-12.13681453, Emax=155.27004467
realization 88 / 300 ... accepted 88. Emin=7.42851769, Emax=174.71670655
realization 89 / 300 ... accepted 89. Emin=5.80303073, Emax=174.19779692
realization 90 / 300 ... accepted 90. Emin=9.75207075, Emax=176.84789796
realization 91 / 300 ... accepted 91. Emin=-5.69400104, Emax=160.24336639
realization 92 / 300 ... accepted 92. Emin=1.72426946, Emax=171.05220416
realization 93 / 300 ... accepted 93. Emin=9.85397251, Emax=182.52088532
realization 94 / 300 ... accepted 94. Emin=7.36338235, Emax=169.52753800
realization 95 / 300 ... accepted 95. Emin=-2.72655572, Emax=156.71353115
realization 96 / 300 ... accepted 96. Emin=11.02419134, Emax=180.78107190
realization 97 / 300 ... accepted 97. Emin=-9.68203934, Emax=151.24016101
realization 98 / 300 ... accepted 98. Emin=11.37104741, Emax=172.27730944
realization 99 / 300 ... accepted 99. Emin=11.64347062, Emax=178.92389032
realization 100 / 300 ... accepted 100. Emin=-15.81747908, Emax=147.46885692
realization 101 / 300 ... accepted 101. Emin=-10.78099685, Emax=157.42026026
realization 102 / 300 ... accepted 102. Emin=-2.86837879, Emax=164.41614561
realization 103 / 300 ... accepted 103. Emin=11.41476051, Emax=174.34450686
realization 104 / 300 ... accepted 104. Emin=2.00670935, Emax=168.63890706
realization 105 / 300 ... accepted 105. Emin=2.40827814, Emax=160.35204104
realization 106 / 300 ... accepted 106. Emin=8.83252657, Emax=173.55639191
realization 107 / 300 ... accepted 107. Emin=1.57412832, Emax=163.02987410
realization 108 / 300 ... accepted 108. Emin=-18.92349604, Emax=142.45450881
realization 109 / 300 ... accepted 109. Emin=-9.24162628, Emax=156.01609027
realization 110 / 300 ... accepted 110. Emin=5.48088347, Emax=174.83470681
realization 111 / 300 ... accepted 111. Emin=3.34326895, Emax=174.38598354
realization 112 / 300 ... accepted 112. Emin=12.50027421, Emax=175.29199746
realization 113 / 300 ... accepted 113. Emin=1.98488286, Emax=163.88892885
realization 114 / 300 ... accepted 114. Emin=4.10147943, Emax=172.76970096
realization 115 / 300 ... accepted 115. Emin=3.58056147, Emax=170.25070502
realization 116 / 300 ... accepted 116. Emin=-7.33272592, Emax=167.52202179
realization 117 / 300 ... accepted 117. Emin=-12.46530074, Emax=150.64283701
realization 118 / 300 ... accepted 118. Emin=13.41467148, Emax=176.53818768
realization 119 / 300 ... accepted 119. Emin=-2.05567569, Emax=172.53175246
realization 120 / 300 ... accepted 120. Emin=-21.52203608, Emax=136.99999604
realization 121 / 300 ... accepted 121. Emin=-6.02354110, Emax=160.02727423
realization 122 / 300 ... accepted 122. Emin=-1.93735756, Emax=172.09650578
realization 123 / 300 ... accepted 123. Emin=3.73602883, Emax=173.56854046
realization 124 / 300 ... accepted 124. Emin=6.52996143, Emax=177.73880361
realization 125 / 300 ... accepted 125. Emin=-0.90323951, Emax=163.78482215
realization 126 / 300 ... accepted 126. Emin=-1.30776630, Emax=159.38398456
realization 127 / 300 ... accepted 127. Emin=-1.51255963, Emax=163.23899335
realization 128 / 300 ... accepted 128. Emin=-0.27872833, Emax=160.41184541
realization 129 / 300 ... accepted 129. Emin=-3.86378174, Emax=160.24671449
realization 130 / 300 ... accepted 130. Emin=2.90385587, Emax=170.17760644
realization 131 / 300 ... accepted 131. Emin=-2.50778827, Emax=174.45729801
realization 132 / 300 ... accepted 132. Emin=13.44517262, Emax=174.75677484
realization 133 / 300 ... accepted 133. Emin=6.14253131, Emax=175.73994538
realization 134 / 300 ... accepted 134. Emin=-1.23250538, Emax=164.58053714
realization 135 / 300 ... accepted 135. Emin=15.82960741, Emax=179.29962085
realization 136 / 300 ... accepted 136. Emin=-4.04674525, Emax=164.25637385
realization 137 / 300 ... accepted 137. Emin=2.51681345, Emax=169.78249218
realization 138 / 300 ... accepted 138. Emin=1.86399433, Emax=178.36682889
realization 139 / 300 ... accepted 139. Emin=-2.20028161, Emax=162.90790392
realization 140 / 300 ... accepted 140. Emin=0.24403051, Emax=173.10709834
realization 141 / 300 ... accepted 141. Emin=5.81538161, Emax=171.19981946
realization 142 / 300 ... accepted 142. Emin=18.27428639, Emax=181.42726666
realization 143 / 300 ... accepted 143. Emin=7.49366124, Emax=167.94735735
realization 144 / 300 ... accepted 144. Emin=-7.01924329, Emax=157.30186526
realization 145 / 300 ... accepted 145. Emin=-7.93092584, Emax=154.00402076
realization 146 / 300 ... accepted 146. Emin=13.82984608, Emax=174.41003222
realization 147 / 300 ... accepted 147. Emin=-10.43924394, Emax=150.06248126
realization 148 / 300 ... accepted 148. Emin=-0.93157532, Emax=167.23059483
realization 149 / 300 ... accepted 149. Emin=9.61881179, Emax=170.25786522
realization 150 / 300 ... accepted 150. Emin=4.40118791, Emax=175.51112110
realization 151 / 300 ... accepted 151. Emin=-3.92808494, Emax=160.62665720
realization 152 / 300 ... accepted 152. Emin=0.27566678, Emax=167.55346089
realization 153 / 300 ... accepted 153. Emin=5.64851787, Emax=178.00666209
realization 154 / 300 ... accepted 154. Emin=-4.27233662, Emax=162.75886746
realization 155 / 300 ... accepted 155. Emin=-3.49443600, Emax=164.33585920
realization 156 / 300 ... accepted 156. Emin=-1.26969820, Emax=163.96167917
realization 157 / 300 ... accepted 157. Emin=-0.75346568, Emax=166.29081026
realization 158 / 300 ... accepted 158. Emin=10.90424758, Emax=176.65469564
realization 159 / 300 ... accepted 159. Emin=4.93778519, Emax=169.31860718
realization 160 / 300 ... accepted 160. Emin=-5.58119280, Emax=164.68432270
realization 161 / 300 ... accepted 161. Emin=-15.95592540, Emax=148.53393838
realization 162 / 300 ... accepted 162. Emin=-5.05706412, Emax=166.94214198
realization 163 / 300 ... accepted 163. Emin=-11.97396177, Emax=147.92847116
realization 164 / 300 ... accepted 164. Emin=-1.54170927, Emax=168.43301276
realization 165 / 300 ... accepted 165. Emin=-7.63134163, Emax=155.21447777
realization 166 / 300 ... accepted 166. Emin=18.72300805, Emax=180.22192870
realization 167 / 300 ... accepted 167. Emin=0.84280766, Emax=171.45924654
realization 168 / 300 ... accepted 168. Emin=-4.09635402, Emax=156.85900939
realization 169 / 300 ... accepted 169. Emin=-3.67410059, Emax=159.53670427
realization 170 / 300 ... accepted 170. Emin=-3.37656500, Emax=159.97572211
realization 171 / 300 ... accepted 171. Emin=-15.85091690, Emax=141.63043429
realization 172 / 300 ... accepted 172. Emin=0.98319805, Emax=165.87247932
realization 173 / 300 ... accepted 173. Emin=-10.68330082, Emax=156.57355503
realization 174 / 300 ... accepted 174. Emin=-0.83027999, Emax=165.21142730
realization 175 / 300 ... accepted 175. Emin=5.28817664, Emax=167.42062835
realization 176 / 300 ... accepted 176. Emin=13.46948541, Emax=177.83720812
realization 177 / 300 ... accepted 177. Emin=-15.45392537, Emax=152.12290179
realization 178 / 300 ... accepted 178. Emin=-0.72670799, Emax=162.20969680
realization 179 / 300 ... accepted 179. Emin=-1.40409955, Emax=165.33232241
realization 180 / 300 ... accepted 180. Emin=-10.42776286, Emax=156.65197530
realization 181 / 300 ... accepted 181. Emin=-0.86482917, Emax=170.69060097
realization 182 / 300 ... accepted 182. Emin=16.89947578, Emax=174.16496463
realization 183 / 300 ... accepted 183. Emin=-0.95121355, Emax=171.11690361
realization 184 / 300 ... accepted 184. Emin=10.73479768, Emax=173.70788159
realization 185 / 300 ... accepted 185. Emin=4.26683634, Emax=168.53638838
realization 186 / 300 ... accepted 186. Emin=1.01284529, Emax=161.98100386
realization 187 / 300 ... accepted 187. Emin=4.56191146, Emax=171.04482785
realization 188 / 300 ... accepted 188. Emin=15.28650980, Emax=175.82944543
realization 189 / 300 ... accepted 189. Emin=1.94838519, Emax=171.90461031
realization 190 / 300 ... accepted 190. Emin=15.42562959, Emax=179.50115247
realization 191 / 300 ... accepted 191. Emin=-5.90251983, Emax=165.62800142
realization 192 / 300 ... accepted 192. Emin=3.08507040, Emax=171.46359756
realization 193 / 300 ... accepted 193. Emin=-2.05747192, Emax=162.34041893
realization 194 / 300 ... accepted 194. Emin=4.20974540, Emax=169.08915316
realization 195 / 300 ... accepted 195. Emin=12.12437204, Emax=175.83459960
realization 196 / 300 ... accepted 196. Emin=16.28147206, Emax=176.20458065
realization 197 / 300 ... accepted 197. Emin=-10.74290969, Emax=151.09263796
realization 198 / 300 ... accepted 198. Emin=1.66539904, Emax=169.24378606
realization 199 / 300 ... accepted 199. Emin=-3.76619504, Emax=155.62543369
realization 200 / 300 ... accepted 200. Emin=-5.80652099, Emax=161.11587502
realization 201 / 300 ... accepted 201. Emin=-11.15665599, Emax=160.03990547
realization 202 / 300 ... accepted 202. Emin=20.82538332, Emax=181.43202284
realization 203 / 300 ... accepted 203. Emin=-10.85951891, Emax=153.16678900
realization 204 / 300 ... accepted 204. Emin=9.94835266, Emax=175.53262196
realization 205 / 300 ... accepted 205. Emin=-2.80847975, Emax=163.83452500
realization 206 / 300 ... accepted 206. Emin=3.31695669, Emax=172.74649663
realization 207 / 300 ... accepted 207. Emin=3.12807380, Emax=174.54221004
realization 208 / 300 ... accepted 208. Emin=-0.37719705, Emax=160.00817981
realization 209 / 300 ... accepted 209. Emin=-13.85031303, Emax=150.22127462
realization 210 / 300 ... accepted 210. Emin=-12.17879864, Emax=146.94456214
realization 211 / 300 ... accepted 211. Emin=14.83923627, Emax=177.56493308
realization 212 / 300 ... accepted 212. Emin=-4.23931819, Emax=167.76669163
realization 213 / 300 ... accepted 213. Emin=-0.05597285, Emax=159.47451649
realization 214 / 300 ... accepted 214. Emin=-19.75691199, Emax=137.88154723
realization 215 / 300 ... accepted 215. Emin=-2.64222252, Emax=155.69860463
realization 216 / 300 ... accepted 216. Emin=23.81294210, Emax=182.34271075
realization 217 / 300 ... accepted 217. Emin=0.71547057, Emax=167.61020114
realization 218 / 300 ... accepted 218. Emin=5.85021757, Emax=174.65406906
realization 219 / 300 ... accepted 219. Emin=-1.03431766, Emax=161.95118815
realization 220 / 300 ... accepted 220. Emin=3.04287962, Emax=168.17603338
realization 221 / 300 ... accepted 221. Emin=-10.44111251, Emax=154.99110299
realization 222 / 300 ... accepted 222. Emin=-7.65392559, Emax=165.44219721
realization 223 / 300 ... accepted 223. Emin=-12.02321644, Emax=156.93700899
realization 224 / 300 ... accepted 224. Emin=-2.14149656, Emax=167.72856600
realization 225 / 300 ... accepted 225. Emin=-4.37712980, Emax=165.31480428
realization 226 / 300 ... accepted 226. Emin=-13.45601345, Emax=154.32621210
realization 227 / 300 ... accepted 227. Emin=-7.28671255, Emax=160.07432013
realization 228 / 300 ... accepted 228. Emin=-10.02761791, Emax=154.76303744
realization 229 / 300 ... accepted 229. Emin=3.97190993, Emax=169.04528900
realization 230 / 300 ... accepted 230. Emin=-5.61503569, Emax=161.35664804
realization 231 / 300 ... accepted 231. Emin=5.33040133, Emax=169.28011197
realization 232 / 300 ... accepted 232. Emin=3.32733577, Emax=171.41356674
realization 233 / 300 ... accepted 233. Emin=4.56564563, Emax=168.12081062
realization 234 / 300 ... accepted 234. Emin=9.04120824, Emax=178.22365739
realization 235 / 300 ... accepted 235. Emin=4.84367220, Emax=176.17217815
realization 236 / 300 ... accepted 236. Emin=17.20366023, Emax=178.65195329
realization 237 / 300 ... accepted 237. Emin=9.49973196, Emax=182.56296464
realization 238 / 300 ... accepted 238. Emin=-4.57048749, Emax=162.66886215
realization 239 / 300 ... accepted 239. Emin=0.95527272, Emax=165.21582981
realization 240 / 300 ... accepted 240. Emin=-1.80969573, Emax=168.41386349
realization 241 / 300 ... accepted 241. Emin=7.88849496, Emax=174.97734560
realization 242 / 300 ... accepted 242. Emin=8.17819185, Emax=169.16970945
realization 243 / 300 ... accepted 243. Emin=2.83504340, Emax=172.42999167
realization 244 / 300 ... accepted 244. Emin=-4.51753118, Emax=165.85186940
realization 245 / 300 ... accepted 245. Emin=6.01573212, Emax=167.30477642
realization 246 / 300 ... accepted 246. Emin=-8.51894536, Emax=163.49542273
realization 247 / 300 ... accepted 247. Emin=-3.41247605, Emax=163.27986593
realization 248 / 300 ... accepted 248. Emin=4.57321859, Emax=171.01161734
realization 249 / 300 ... accepted 249. Emin=-12.94112989, Emax=150.84418809
realization 250 / 300 ... accepted 250. Emin=-4.29411803, Emax=158.29068023
realization 251 / 300 ... accepted 251. Emin=5.50450880, Emax=176.70348861
realization 252 / 300 ... accepted 252. Emin=-4.59145048, Emax=163.47463592
realization 253 / 300 ... accepted 253. Emin=-13.00426482, Emax=146.34116928
realization 254 / 300 ... accepted 254. Emin=7.84773684, Emax=173.83352415
realization 255 / 300 ... accepted 255. Emin=5.29155709, Emax=164.34862269
realization 256 / 300 ... accepted 256. Emin=0.90584184, Emax=164.93493368
realization 257 / 300 ... accepted 257. Emin=-0.09521401, Emax=175.13799237
realization 258 / 300 ... accepted 258. Emin=-2.12089873, Emax=168.30675449
realization 259 / 300 ... accepted 259. Emin=5.35857912, Emax=173.67247051
realization 260 / 300 ... accepted 260. Emin=12.30365833, Emax=183.33075586
realization 261 / 300 ... accepted 261. Emin=9.47255536, Emax=177.53466868
realization 262 / 300 ... accepted 262. Emin=1.27368002, Emax=167.05645822
realization 263 / 300 ... accepted 263. Emin=8.44833274, Emax=170.87285094
realization 264 / 300 ... accepted 264. Emin=10.49526339, Emax=176.02492675
realization 265 / 300 ... accepted 265. Emin=-9.14247185, Emax=162.23801215
realization 266 / 300 ... accepted 266. Emin=-0.99471644, Emax=164.13121311
realization 267 / 300 ... accepted 267. Emin=-6.19221418, Emax=155.81546313
realization 268 / 300 ... accepted 268. Emin=-14.14992439, Emax=152.25022076
realization 269 / 300 ... accepted 269. Emin=-4.55274812, Emax=164.38280130
realization 270 / 300 ... accepted 270. Emin=1.39307268, Emax=169.11146246
realization 271 / 300 ... accepted 271. Emin=-1.21083120, Emax=173.62484801
realization 272 / 300 ... accepted 272. Emin=-2.63142381, Emax=165.39604871
realization 273 / 300 ... accepted 273. Emin=-3.59150206, Emax=162.58156272
realization 274 / 300 ... accepted 274. Emin=13.35443869, Emax=172.65703702
realization 275 / 300 ... accepted 275. Emin=-13.52748996, Emax=152.83680252
realization 276 / 300 ... accepted 276. Emin=-7.03424442, Emax=159.88108376
realization 277 / 300 ... accepted 277. Emin=7.22603591, Emax=178.55501581
realization 278 / 300 ... accepted 278. Emin=11.01207630, Emax=176.52721499
realization 279 / 300 ... accepted 279. Emin=6.66889388, Emax=180.63757776
realization 280 / 300 ... accepted 280. Emin=-14.54900275, Emax=150.31025262
realization 281 / 300 ... accepted 281. Emin=-13.11744619, Emax=155.51492701
realization 282 / 300 ... accepted 282. Emin=12.35574581, Emax=176.68754233
realization 283 / 300 ... accepted 283. Emin=8.83482879, Emax=176.29241612
realization 284 / 300 ... accepted 284. Emin=-4.29779315, Emax=164.08438100
realization 285 / 300 ... accepted 285. Emin=-17.43853491, Emax=138.49154285
realization 286 / 300 ... accepted 286. Emin=1.47765480, Emax=175.76661425
realization 287 / 300 ... accepted 287. Emin=-1.37513165, Emax=161.78751289
realization 288 / 300 ... accepted 288. Emin=-16.88261988, Emax=147.73415910
realization 289 / 300 ... accepted 289. Emin=3.96441631, Emax=166.10864371
realization 290 / 300 ... accepted 290. Emin=-0.71211371, Emax=157.68739230
realization 291 / 300 ... accepted 291. Emin=10.90803407, Emax=180.79192774
realization 292 / 300 ... accepted 292. Emin=-5.79811101, Emax=162.74671913
realization 293 / 300 ... accepted 293. Emin=5.37866355, Emax=169.81165259
realization 294 / 300 ... accepted 294. Emin=-7.44198167, Emax=156.61524341
realization 295 / 300 ... accepted 295. Emin=-6.86016174, Emax=160.22782837
realization 296 / 300 ... accepted 296. Emin=-7.75363121, Emax=157.50883343
realization 297 / 300 ... accepted 297. Emin=-4.38223133, Emax=166.49853932
realization 298 / 300 ... accepted 298. Emin=-1.12343545, Emax=170.69483899
realization 299 / 300 ... accepted 299. Emin=-1.26513384, Emax=162.65524103
realization 300 / 300 ... accepted 300. Emin=-16.96163710, Emax=147.04788154
Saved final energies: /home/2/kj405942/POLFED_bosons/pbs_bose_legacy_nmax2_periodic/data/U_25/W_6/L_6/N_6_nmax_2/boundary_periodic/energies_full_U25_L6_N6_nmax2_W6_boundaryperiodic_nreal300.txt
Accepted realizations: 300 / 300
Skipped realizations: 0
Job finished at Sun May 31 17:12:48 UTC 2026
