Job started on w30 at Sun May 31 17:11:03 UTC 2026
PBS_JOBID=7731494.kruk-host.ift-klaster.lan
PBS_O_WORKDIR=/home/2/kj405942/POLFED_bosons
Bose-Hubbard: L=6, N=6, nmax=2, dim=141
t=1, U=25, W=5, nreal=300, boundary=periodic, mode=full
Writing partial results to /home/2/kj405942/POLFED_bosons/pbs_bose_legacy_nmax2_periodic/data/U_25/W_5/L_6/N_6_nmax_2/boundary_periodic/energies_full_U25_L6_N6_nmax2_W5_boundaryperiodic_nreal300_partial.txt
realization 1 / 300 ... accepted 1. Emin=-4.31805420, Emax=158.62404360
realization 2 / 300 ... accepted 2. Emin=0.02763787, Emax=171.50544718
realization 3 / 300 ... accepted 3. Emin=-0.69251876, Emax=157.28863112
realization 4 / 300 ... accepted 4. Emin=1.27791047, Emax=160.20643730
realization 5 / 300 ... accepted 5. Emin=-3.00044174, Emax=162.80342020
realization 6 / 300 ... accepted 6. Emin=8.84446660, Emax=172.47074161
realization 7 / 300 ... accepted 7. Emin=-15.12447813, Emax=141.86089728
realization 8 / 300 ... accepted 8. Emin=-4.03637885, Emax=156.45869454
realization 9 / 300 ... accepted 9. Emin=-1.02298038, Emax=165.12528608
realization 10 / 300 ... accepted 10. Emin=1.89256402, Emax=163.90456982
realization 11 / 300 ... accepted 11. Emin=2.91934717, Emax=173.82781362
realization 12 / 300 ... accepted 12. Emin=1.83207063, Emax=165.69884843
realization 13 / 300 ... accepted 13. Emin=-2.16415876, Emax=160.97646247
realization 14 / 300 ... accepted 14. Emin=-9.36839815, Emax=149.36227198
realization 15 / 300 ... accepted 15. Emin=0.24654055, Emax=163.82203347
realization 16 / 300 ... accepted 16. Emin=7.82925685, Emax=167.32431738
realization 17 / 300 ... accepted 17. Emin=1.45288443, Emax=168.24187956
realization 18 / 300 ... accepted 18. Emin=-6.98934775, Emax=152.64661954
realization 19 / 300 ... accepted 19. Emin=1.79087229, Emax=161.86731315
realization 20 / 300 ... accepted 20. Emin=-1.57149260, Emax=163.82071844
realization 21 / 300 ... accepted 21. Emin=-0.69088316, Emax=160.74314881
realization 22 / 300 ... accepted 22. Emin=5.49824336, Emax=171.93470768
realization 23 / 300 ... accepted 23. Emin=-0.24043417, Emax=162.22990188
realization 24 / 300 ... accepted 24. Emin=12.61839336, Emax=172.81744803
realization 25 / 300 ... accepted 25. Emin=0.53996901, Emax=167.42608897
realization 26 / 300 ... accepted 26. Emin=-19.50411297, Emax=137.90335802
realization 27 / 300 ... accepted 27. Emin=-5.01322507, Emax=152.45734405
realization 28 / 300 ... accepted 28. Emin=-1.25536716, Emax=165.44034151
realization 29 / 300 ... accepted 29. Emin=7.18991520, Emax=167.66839048
realization 30 / 300 ... accepted 30. Emin=-1.71561211, Emax=166.66253877
realization 31 / 300 ... accepted 31. Emin=3.27963142, Emax=168.52415815
realization 32 / 300 ... accepted 32. Emin=-5.55182820, Emax=163.50933422
realization 33 / 300 ... accepted 33. Emin=-2.61026870, Emax=165.21146566
realization 34 / 300 ... accepted 34. Emin=12.14271482, Emax=171.33517173
realization 35 / 300 ... accepted 35. Emin=0.09403819, Emax=166.65502874
realization 36 / 300 ... accepted 36. Emin=2.48303070, Emax=169.51724758
realization 37 / 300 ... accepted 37. Emin=0.75924983, Emax=163.05831856
realization 38 / 300 ... accepted 38. Emin=-3.02149173, Emax=164.09925591
realization 39 / 300 ... accepted 39. Emin=3.97272662, Emax=165.65661884
realization 40 / 300 ... accepted 40. Emin=-3.58185937, Emax=163.37831501
realization 41 / 300 ... accepted 41. Emin=1.10903573, Emax=166.07704409
realization 42 / 300 ... accepted 42. Emin=0.81228202, Emax=164.11477059
realization 43 / 300 ... accepted 43. Emin=16.41353438, Emax=176.17302942
realization 44 / 300 ... accepted 44. Emin=-4.85443555, Emax=157.10839775
realization 45 / 300 ... accepted 45. Emin=-5.72498039, Emax=157.62052668
realization 46 / 300 ... accepted 46. Emin=-9.66557122, Emax=153.74677032
realization 47 / 300 ... accepted 47. Emin=-5.28682332, Emax=157.49232864
realization 48 / 300 ... accepted 48. Emin=6.92548794, Emax=170.75048842
realization 49 / 300 ... accepted 49. Emin=1.84220652, Emax=165.35508708
realization 50 / 300 ... accepted 50. Emin=3.40659860, Emax=170.48596293
realization 51 / 300 ... accepted 51. Emin=-8.51595073, Emax=155.12955093
realization 52 / 300 ... accepted 52. Emin=2.25551054, Emax=168.44488562
realization 53 / 300 ... accepted 53. Emin=-1.44132349, Emax=165.61937276
realization 54 / 300 ... accepted 54. Emin=3.89740789, Emax=171.36238076
realization 55 / 300 ... accepted 55. Emin=6.79136262, Emax=167.69934904
realization 56 / 300 ... accepted 56. Emin=-7.09834333, Emax=154.32441571
realization 57 / 300 ... accepted 57. Emin=4.91171116, Emax=166.31924237
realization 58 / 300 ... accepted 58. Emin=-3.27826777, Emax=163.53682613
realization 59 / 300 ... accepted 59. Emin=-2.95968025, Emax=159.29931511
realization 60 / 300 ... accepted 60. Emin=1.98707965, Emax=163.67336702
realization 61 / 300 ... accepted 61. Emin=-8.17967779, Emax=154.38002986
realization 62 / 300 ... accepted 62. Emin=2.55020046, Emax=163.64903658
realization 63 / 300 ... accepted 63. Emin=2.89754133, Emax=161.72835064
realization 64 / 300 ... accepted 64. Emin=-2.58150502, Emax=162.66012957
realization 65 / 300 ... accepted 65. Emin=2.63931249, Emax=166.30379276
realization 66 / 300 ... accepted 66. Emin=-1.86827494, Emax=160.07945141
realization 67 / 300 ... accepted 67. Emin=4.43196067, Emax=166.79989188
realization 68 / 300 ... accepted 68. Emin=-7.76987406, Emax=156.58483603
realization 69 / 300 ... accepted 69. Emin=-4.09662636, Emax=160.25487313
realization 70 / 300 ... accepted 70. Emin=-1.10155996, Emax=172.47091485
realization 71 / 300 ... accepted 71. Emin=-0.19905178, Emax=163.85906038
realization 72 / 300 ... accepted 72. Emin=-6.48864486, Emax=157.65978309
realization 73 / 300 ... accepted 73. Emin=-14.43064648, Emax=147.65694392
realization 74 / 300 ... accepted 74. Emin=-15.65752617, Emax=147.05108739
realization 75 / 300 ... accepted 75. Emin=-9.68143728, Emax=156.39116621
realization 76 / 300 ... accepted 76. Emin=1.02998573, Emax=171.54673306
realization 77 / 300 ... accepted 77. Emin=-1.70019238, Emax=162.60786648
realization 78 / 300 ... accepted 78. Emin=-17.52095417, Emax=139.05593204
realization 79 / 300 ... accepted 79. Emin=-4.64628766, Emax=165.44797881
realization 80 / 300 ... accepted 80. Emin=-9.09705624, Emax=148.29018441
realization 81 / 300 ... accepted 81. Emin=-8.56235629, Emax=156.39989447
realization 82 / 300 ... accepted 82. Emin=-2.94943027, Emax=166.27005842
realization 83 / 300 ... accepted 83. Emin=2.46135368, Emax=158.04025077
realization 84 / 300 ... accepted 84. Emin=-1.77779932, Emax=161.66345805
realization 85 / 300 ... accepted 85. Emin=5.72219980, Emax=165.15068627
realization 86 / 300 ... accepted 86. Emin=-9.16053421, Emax=149.70730120
realization 87 / 300 ... accepted 87. Emin=10.25381085, Emax=169.85779096
realization 88 / 300 ... accepted 88. Emin=-5.27431935, Emax=157.72648619
realization 89 / 300 ... accepted 89. Emin=-7.57488460, Emax=160.80291429
realization 90 / 300 ... accepted 90. Emin=3.22742539, Emax=161.99803802
realization 91 / 300 ... accepted 91. Emin=7.11177549, Emax=174.13015363
realization 92 / 300 ... accepted 92. Emin=-0.08896301, Emax=169.98392503
realization 93 / 300 ... accepted 93. Emin=-2.96255275, Emax=160.64759764
realization 94 / 300 ... accepted 94. Emin=-9.40412521, Emax=152.28800922
realization 95 / 300 ... accepted 95. Emin=6.02518716, Emax=170.99020857
realization 96 / 300 ... accepted 96. Emin=-8.42934969, Emax=154.20228204
realization 97 / 300 ... accepted 97. Emin=-8.14301752, Emax=152.63539091
realization 98 / 300 ... accepted 98. Emin=1.79307721, Emax=166.60620135
realization 99 / 300 ... accepted 99. Emin=-4.79295183, Emax=158.73137832
realization 100 / 300 ... accepted 100. Emin=-10.53275123, Emax=148.19989113
realization 101 / 300 ... accepted 101. Emin=5.88415282, Emax=172.65535779
realization 102 / 300 ... accepted 102. Emin=-2.62428651, Emax=161.75338163
realization 103 / 300 ... accepted 103. Emin=12.14594507, Emax=175.41598788
realization 104 / 300 ... accepted 104. Emin=4.48668188, Emax=173.28452756
realization 105 / 300 ... accepted 105. Emin=-1.37345252, Emax=166.85706086
realization 106 / 300 ... accepted 106. Emin=0.87654327, Emax=166.02073530
realization 107 / 300 ... accepted 107. Emin=-0.40691787, Emax=165.18086393
realization 108 / 300 ... accepted 108. Emin=-5.64470025, Emax=160.40938025
realization 109 / 300 ... accepted 109. Emin=7.78433899, Emax=173.78973647
realization 110 / 300 ... accepted 110. Emin=0.87797497, Emax=164.25906894
realization 111 / 300 ... accepted 111. Emin=6.40068653, Emax=169.32156327
realization 112 / 300 ... accepted 112. Emin=4.75418146, Emax=166.94155899
realization 113 / 300 ... accepted 113. Emin=-3.34264774, Emax=163.04498792
realization 114 / 300 ... accepted 114. Emin=-1.39753746, Emax=165.75093932
realization 115 / 300 ... accepted 115. Emin=0.29382357, Emax=162.83670378
realization 116 / 300 ... accepted 116. Emin=-0.39367283, Emax=160.31882062
realization 117 / 300 ... accepted 117. Emin=-1.59840228, Emax=166.94412550
realization 118 / 300 ... accepted 118. Emin=3.80420074, Emax=170.68468157
realization 119 / 300 ... accepted 119. Emin=1.16138470, Emax=173.17945087
realization 120 / 300 ... accepted 120. Emin=-12.08297438, Emax=151.63602832
realization 121 / 300 ... accepted 121. Emin=-4.19979260, Emax=164.75468305
realization 122 / 300 ... accepted 122. Emin=2.05681394, Emax=167.92032314
realization 123 / 300 ... accepted 123. Emin=2.54496555, Emax=164.91116937
realization 124 / 300 ... accepted 124. Emin=2.21325166, Emax=171.27632722
realization 125 / 300 ... accepted 125. Emin=-20.46167885, Emax=135.60531204
realization 126 / 300 ... accepted 126. Emin=1.30528524, Emax=170.89159238
realization 127 / 300 ... accepted 127. Emin=-1.89485250, Emax=154.32362994
realization 128 / 300 ... accepted 128. Emin=-0.12395054, Emax=168.41709021
realization 129 / 300 ... accepted 129. Emin=-0.11207194, Emax=168.18307926
realization 130 / 300 ... accepted 130. Emin=0.58040676, Emax=164.57030205
realization 131 / 300 ... accepted 131. Emin=-1.84592244, Emax=165.23729356
realization 132 / 300 ... accepted 132. Emin=-4.07171210, Emax=152.33093827
realization 133 / 300 ... accepted 133. Emin=1.21383858, Emax=159.23337202
realization 134 / 300 ... accepted 134. Emin=14.90421394, Emax=174.70223302
realization 135 / 300 ... accepted 135. Emin=-2.98005147, Emax=161.93781876
realization 136 / 300 ... accepted 136. Emin=-2.84998021, Emax=157.84630180
realization 137 / 300 ... accepted 137. Emin=3.33970324, Emax=172.05422772
realization 138 / 300 ... accepted 138. Emin=2.97756664, Emax=164.19979273
realization 139 / 300 ... accepted 139. Emin=12.73176075, Emax=169.52969287
realization 140 / 300 ... accepted 140. Emin=-3.65234024, Emax=162.15506108
realization 141 / 300 ... accepted 141. Emin=9.04952996, Emax=175.05157836
realization 142 / 300 ... accepted 142. Emin=3.14977828, Emax=169.38536934
realization 143 / 300 ... accepted 143. Emin=-3.98655675, Emax=163.13392503
realization 144 / 300 ... accepted 144. Emin=-11.87431527, Emax=152.08392823
realization 145 / 300 ... accepted 145. Emin=7.92431942, Emax=170.09734069
realization 146 / 300 ... accepted 146. Emin=1.98603813, Emax=160.05382712
realization 147 / 300 ... accepted 147. Emin=3.05418286, Emax=158.96696882
realization 148 / 300 ... accepted 148. Emin=8.96610079, Emax=170.26156490
realization 149 / 300 ... accepted 149. Emin=10.66039092, Emax=171.84412920
realization 150 / 300 ... accepted 150. Emin=6.89872659, Emax=171.32710666
realization 151 / 300 ... accepted 151. Emin=2.71355852, Emax=169.85626764
realization 152 / 300 ... accepted 152. Emin=9.41521247, Emax=171.06975890
realization 153 / 300 ... accepted 153. Emin=-2.11634294, Emax=162.71886977
realization 154 / 300 ... accepted 154. Emin=-11.91976667, Emax=149.42303713
realization 155 / 300 ... accepted 155. Emin=5.69708894, Emax=174.54861609
realization 156 / 300 ... accepted 156. Emin=-2.40616905, Emax=168.97694820
realization 157 / 300 ... accepted 157. Emin=5.45493588, Emax=172.55131372
realization 158 / 300 ... accepted 158. Emin=2.27728891, Emax=163.27228917
realization 159 / 300 ... accepted 159. Emin=7.51036990, Emax=165.43978459
realization 160 / 300 ... accepted 160. Emin=-1.16799111, Emax=160.32840482
realization 161 / 300 ... accepted 161. Emin=-6.53605830, Emax=158.17636361
realization 162 / 300 ... accepted 162. Emin=5.42805807, Emax=164.86089287
realization 163 / 300 ... accepted 163. Emin=-1.38027399, Emax=160.39646115
realization 164 / 300 ... accepted 164. Emin=10.48269703, Emax=174.66975136
realization 165 / 300 ... accepted 165. Emin=-3.93306687, Emax=163.33463634
realization 166 / 300 ... accepted 166. Emin=4.79609475, Emax=175.92795262
realization 167 / 300 ... accepted 167. Emin=-4.99135572, Emax=160.84763616
realization 168 / 300 ... accepted 168. Emin=-2.01434659, Emax=154.82797854
realization 169 / 300 ... accepted 169. Emin=-0.43154426, Emax=159.85720401
realization 170 / 300 ... accepted 170. Emin=-2.49820624, Emax=155.29352161
realization 171 / 300 ... accepted 171. Emin=-4.20937349, Emax=162.62574776
realization 172 / 300 ... accepted 172. Emin=-9.47060816, Emax=157.67206231
realization 173 / 300 ... accepted 173. Emin=4.97336744, Emax=168.16623701
realization 174 / 300 ... accepted 174. Emin=8.46167921, Emax=173.22065772
realization 175 / 300 ... accepted 175. Emin=-1.79447441, Emax=159.36480936
realization 176 / 300 ... accepted 176. Emin=-7.01496140, Emax=159.38881668
realization 177 / 300 ... accepted 177. Emin=-1.19547062, Emax=166.10234580
realization 178 / 300 ... accepted 178. Emin=-8.79899405, Emax=158.75563378
realization 179 / 300 ... accepted 179. Emin=1.83964842, Emax=168.05892977
realization 180 / 300 ... accepted 180. Emin=4.96557050, Emax=172.77094873
realization 181 / 300 ... accepted 181. Emin=8.25418840, Emax=172.99969812
realization 182 / 300 ... accepted 182. Emin=1.96498336, Emax=167.25491677
realization 183 / 300 ... accepted 183. Emin=1.96828324, Emax=161.25879725
realization 184 / 300 ... accepted 184. Emin=-4.09831296, Emax=155.53149579
realization 185 / 300 ... accepted 185. Emin=7.71466204, Emax=168.19491958
realization 186 / 300 ... accepted 186. Emin=4.95591819, Emax=174.44923301
realization 187 / 300 ... accepted 187. Emin=-4.39591500, Emax=157.25503434
realization 188 / 300 ... accepted 188. Emin=-2.55957830, Emax=164.41921924
realization 189 / 300 ... accepted 189. Emin=4.15909616, Emax=168.17150282
realization 190 / 300 ... accepted 190. Emin=-1.62229339, Emax=167.14924527
realization 191 / 300 ... accepted 191. Emin=0.63009189, Emax=168.60304305
realization 192 / 300 ... accepted 192. Emin=-3.67471381, Emax=155.18951263
realization 193 / 300 ... accepted 193. Emin=-12.01873643, Emax=153.45739660
realization 194 / 300 ... accepted 194. Emin=-6.64238619, Emax=160.26199482
realization 195 / 300 ... accepted 195. Emin=10.81744401, Emax=174.32892591
realization 196 / 300 ... accepted 196. Emin=-0.30581437, Emax=162.76622216
realization 197 / 300 ... accepted 197. Emin=1.88704015, Emax=166.07469990
realization 198 / 300 ... accepted 198. Emin=5.20894510, Emax=168.80546296
realization 199 / 300 ... accepted 199. Emin=1.69169644, Emax=171.69700857
realization 200 / 300 ... accepted 200. Emin=1.44190426, Emax=160.65009452
realization 201 / 300 ... accepted 201. Emin=-1.80369246, Emax=158.20176667
realization 202 / 300 ... accepted 202. Emin=-6.76653183, Emax=161.31092603
realization 203 / 300 ... accepted 203. Emin=-4.60614705, Emax=154.30038780
realization 204 / 300 ... accepted 204. Emin=3.03688306, Emax=166.00908368
realization 205 / 300 ... accepted 205. Emin=1.41159622, Emax=163.40600667
realization 206 / 300 ... accepted 206. Emin=-10.63368045, Emax=148.86402968
realization 207 / 300 ... accepted 207. Emin=0.25101006, Emax=161.54927808
realization 208 / 300 ... accepted 208. Emin=5.92408427, Emax=164.84200980
realization 209 / 300 ... accepted 209. Emin=1.02826086, Emax=166.88734465
realization 210 / 300 ... accepted 210. Emin=4.16355750, Emax=172.56702866
realization 211 / 300 ... accepted 211. Emin=-5.29942708, Emax=157.20582582
realization 212 / 300 ... accepted 212. Emin=16.35573250, Emax=175.11307785
realization 213 / 300 ... accepted 213. Emin=7.18743199, Emax=168.49176939
realization 214 / 300 ... accepted 214. Emin=8.30543650, Emax=170.07341213
realization 215 / 300 ... accepted 215. Emin=-6.47969106, Emax=155.97993059
realization 216 / 300 ... accepted 216. Emin=-6.59322130, Emax=156.69504379
realization 217 / 300 ... accepted 217. Emin=3.83218018, Emax=165.17270514
realization 218 / 300 ... accepted 218. Emin=-3.76808865, Emax=159.15543714
realization 219 / 300 ... accepted 219. Emin=5.11258435, Emax=171.23951254
realization 220 / 300 ... accepted 220. Emin=-11.25475100, Emax=150.83554994
realization 221 / 300 ... accepted 221. Emin=0.32861112, Emax=160.63527316
realization 222 / 300 ... accepted 222. Emin=6.45702715, Emax=167.22483639
realization 223 / 300 ... accepted 223. Emin=0.83767638, Emax=168.05416665
realization 224 / 300 ... accepted 224. Emin=0.30872764, Emax=162.38955627
realization 225 / 300 ... accepted 225. Emin=2.11458943, Emax=169.06496026
realization 226 / 300 ... accepted 226. Emin=-9.58407900, Emax=155.10359131
realization 227 / 300 ... accepted 227. Emin=0.18787998, Emax=170.17316083
realization 228 / 300 ... accepted 228. Emin=-0.95989325, Emax=164.43881576
realization 229 / 300 ... accepted 229. Emin=2.99283737, Emax=159.07277085
realization 230 / 300 ... accepted 230. Emin=4.86302275, Emax=177.83546786
realization 231 / 300 ... accepted 231. Emin=1.38525367, Emax=167.43287067
realization 232 / 300 ... accepted 232. Emin=-1.66650668, Emax=167.55019825
realization 233 / 300 ... accepted 233. Emin=-0.71566385, Emax=164.33131610
realization 234 / 300 ... accepted 234. Emin=0.65103078, Emax=162.60446925
realization 235 / 300 ... accepted 235. Emin=1.48541859, Emax=158.29966148
realization 236 / 300 ... accepted 236. Emin=-7.54620490, Emax=160.43414371
realization 237 / 300 ... accepted 237. Emin=-2.23967579, Emax=161.59418458
realization 238 / 300 ... accepted 238. Emin=5.37974670, Emax=169.21744660
realization 239 / 300 ... accepted 239. Emin=-22.91533320, Emax=131.18880715
realization 240 / 300 ... accepted 240. Emin=1.68815335, Emax=165.59764440
realization 241 / 300 ... accepted 241. Emin=0.21333523, Emax=163.90053876
realization 242 / 300 ... accepted 242. Emin=1.27047360, Emax=163.40645902
realization 243 / 300 ... accepted 243. Emin=1.70939941, Emax=164.26268072
realization 244 / 300 ... accepted 244. Emin=0.87538325, Emax=166.83764506
realization 245 / 300 ... accepted 245. Emin=-1.56213580, Emax=161.87588701
realization 246 / 300 ... accepted 246. Emin=-2.66788800, Emax=163.15872475
realization 247 / 300 ... accepted 247. Emin=4.49964518, Emax=165.77776900
realization 248 / 300 ... accepted 248. Emin=-3.39296696, Emax=163.88134088
realization 249 / 300 ... accepted 249. Emin=-10.27794021, Emax=151.70991160
realization 250 / 300 ... accepted 250. Emin=-3.40740344, Emax=161.82416242
realization 251 / 300 ... accepted 251. Emin=-3.31652929, Emax=169.52141792
realization 252 / 300 ... accepted 252. Emin=4.87472200, Emax=171.44281282
realization 253 / 300 ... accepted 253. Emin=-9.89239789, Emax=150.96894344
realization 254 / 300 ... accepted 254. Emin=-4.20188690, Emax=157.71403029
realization 255 / 300 ... accepted 255. Emin=4.18423406, Emax=161.99736158
realization 256 / 300 ... accepted 256. Emin=6.04754557, Emax=170.02525857
realization 257 / 300 ... accepted 257. Emin=-0.23204022, Emax=165.19961757
realization 258 / 300 ... accepted 258. Emin=-5.02939590, Emax=158.71574612
realization 259 / 300 ... accepted 259. Emin=-4.21080098, Emax=157.41465956
realization 260 / 300 ... accepted 260. Emin=1.77343181, Emax=167.84930259
realization 261 / 300 ... accepted 261. Emin=2.94437512, Emax=166.54574734
realization 262 / 300 ... accepted 262. Emin=4.11204421, Emax=167.44287291
realization 263 / 300 ... accepted 263. Emin=2.76827796, Emax=163.86279089
realization 264 / 300 ... accepted 264. Emin=13.96730651, Emax=172.97999565
realization 265 / 300 ... accepted 265. Emin=-8.11561465, Emax=157.90683022
realization 266 / 300 ... accepted 266. Emin=-8.82953732, Emax=152.97892312
realization 267 / 300 ... accepted 267. Emin=14.92474475, Emax=175.47957259
realization 268 / 300 ... accepted 268. Emin=-10.79099570, Emax=147.52441813
realization 269 / 300 ... accepted 269. Emin=-6.15693999, Emax=157.66468957
realization 270 / 300 ... accepted 270. Emin=-11.80136692, Emax=147.30741875
realization 271 / 300 ... accepted 271. Emin=1.59850747, Emax=162.08046298
realization 272 / 300 ... accepted 272. Emin=-1.90364181, Emax=157.25634654
realization 273 / 300 ... accepted 273. Emin=-3.16176167, Emax=160.68603847
realization 274 / 300 ... accepted 274. Emin=2.69165502, Emax=165.11406572
realization 275 / 300 ... accepted 275. Emin=0.67944627, Emax=168.43993803
realization 276 / 300 ... accepted 276. Emin=-3.39467617, Emax=167.71644608
realization 277 / 300 ... accepted 277. Emin=-6.52198527, Emax=156.04133719
realization 278 / 300 ... accepted 278. Emin=-8.40160577, Emax=158.49700173
realization 279 / 300 ... accepted 279. Emin=-6.13818512, Emax=157.76928308
realization 280 / 300 ... accepted 280. Emin=3.41222221, Emax=164.52754491
realization 281 / 300 ... accepted 281. Emin=1.41873020, Emax=168.95729593
realization 282 / 300 ... accepted 282. Emin=-7.37827756, Emax=151.90865825
realization 283 / 300 ... accepted 283. Emin=13.27485801, Emax=173.51410401
realization 284 / 300 ... accepted 284. Emin=-1.21605228, Emax=163.36828750
realization 285 / 300 ... accepted 285. Emin=-6.91880911, Emax=150.68257501
realization 286 / 300 ... accepted 286. Emin=-6.98836450, Emax=160.57849063
realization 287 / 300 ... accepted 287. Emin=3.57078870, Emax=169.03677659
realization 288 / 300 ... accepted 288. Emin=-5.02587505, Emax=157.11767430
realization 289 / 300 ... accepted 289. Emin=-2.57936031, Emax=161.79041819
realization 290 / 300 ... accepted 290. Emin=-3.33219965, Emax=163.27978008
realization 291 / 300 ... accepted 291. Emin=4.85564983, Emax=172.33443300
realization 292 / 300 ... accepted 292. Emin=10.63651496, Emax=168.61242054
realization 293 / 300 ... accepted 293. Emin=3.23074595, Emax=157.94362402
realization 294 / 300 ... accepted 294. Emin=0.10480591, Emax=158.90839115
realization 295 / 300 ... accepted 295. Emin=-5.98468719, Emax=152.00502740
realization 296 / 300 ... accepted 296. Emin=-3.31025746, Emax=159.63070752
realization 297 / 300 ... accepted 297. Emin=-11.82676620, Emax=154.42394596
realization 298 / 300 ... accepted 298. Emin=-6.16835373, Emax=153.25751775
realization 299 / 300 ... accepted 299. Emin=0.72475993, Emax=168.97345175
realization 300 / 300 ... accepted 300. Emin=-8.75876945, Emax=149.93769915
Saved final energies: /home/2/kj405942/POLFED_bosons/pbs_bose_legacy_nmax2_periodic/data/U_25/W_5/L_6/N_6_nmax_2/boundary_periodic/energies_full_U25_L6_N6_nmax2_W5_boundaryperiodic_nreal300.txt
Accepted realizations: 300 / 300
Skipped realizations: 0
Job finished at Sun May 31 17:12:45 UTC 2026
