Job started on w30 at Sun May 31 17:11:05 UTC 2026
PBS_JOBID=7731497.kruk-host.ift-klaster.lan
PBS_O_WORKDIR=/home/2/kj405942/POLFED_bosons
Bose-Hubbard: L=6, N=6, nmax=2, dim=141
t=1, U=25, W=8, nreal=300, boundary=periodic, mode=full
Writing partial results to /home/2/kj405942/POLFED_bosons/pbs_bose_legacy_nmax2_periodic/data/U_25/W_8/L_6/N_6_nmax_2/boundary_periodic/energies_full_U25_L6_N6_nmax2_W8_boundaryperiodic_nreal300_partial.txt
realization 1 / 300 ... accepted 1. Emin=-5.57245080, Emax=171.73445865
realization 2 / 300 ... accepted 2. Emin=-4.30423315, Emax=163.38585313
realization 3 / 300 ... accepted 3. Emin=-2.07913683, Emax=173.31610618
realization 4 / 300 ... accepted 4. Emin=28.01696117, Emax=192.16143642
realization 5 / 300 ... accepted 5. Emin=-8.16001104, Emax=165.29431348
realization 6 / 300 ... accepted 6. Emin=-0.62820033, Emax=175.75169859
realization 7 / 300 ... accepted 7. Emin=8.24997131, Emax=182.77119555
realization 8 / 300 ... accepted 8. Emin=-0.48807164, Emax=170.14200181
realization 9 / 300 ... accepted 9. Emin=4.33158230, Emax=177.92828062
realization 10 / 300 ... accepted 10. Emin=-4.79779794, Emax=163.34480088
realization 11 / 300 ... accepted 11. Emin=-13.22847127, Emax=165.72241959
realization 12 / 300 ... accepted 12. Emin=2.16916793, Emax=178.45592152
realization 13 / 300 ... accepted 13. Emin=-1.56183357, Emax=168.06527664
realization 14 / 300 ... accepted 14. Emin=-5.68441330, Emax=170.35649343
realization 15 / 300 ... accepted 15. Emin=13.19823284, Emax=177.89093642
realization 16 / 300 ... accepted 16. Emin=2.37257345, Emax=175.55010099
realization 17 / 300 ... accepted 17. Emin=-19.87927498, Emax=147.72759142
realization 18 / 300 ... accepted 18. Emin=-11.20443507, Emax=165.17350668
realization 19 / 300 ... accepted 19. Emin=-4.71410431, Emax=175.96799939
realization 20 / 300 ... accepted 20. Emin=-3.67682984, Emax=167.98427518
realization 21 / 300 ... accepted 21. Emin=3.92761812, Emax=176.96367433
realization 22 / 300 ... accepted 22. Emin=-12.98264984, Emax=161.38126231
realization 23 / 300 ... accepted 23. Emin=-14.48649927, Emax=155.10019169
realization 24 / 300 ... accepted 24. Emin=-3.34663187, Emax=163.06482755
realization 25 / 300 ... accepted 25. Emin=-5.44891359, Emax=172.43403708
realization 26 / 300 ... accepted 26. Emin=7.85330400, Emax=171.17828665
realization 27 / 300 ... accepted 27. Emin=4.23342848, Emax=174.89530778
realization 28 / 300 ... accepted 28. Emin=-15.41219088, Emax=154.34517431
realization 29 / 300 ... accepted 29. Emin=16.87932817, Emax=183.79166348
realization 30 / 300 ... accepted 30. Emin=0.36132592, Emax=167.72184565
realization 31 / 300 ... accepted 31. Emin=-7.02487883, Emax=167.41685942
realization 32 / 300 ... accepted 32. Emin=4.62411420, Emax=177.39712178
realization 33 / 300 ... accepted 33. Emin=-3.21162762, Emax=181.34020973
realization 34 / 300 ... accepted 34. Emin=12.84627239, Emax=179.57881971
realization 35 / 300 ... accepted 35. Emin=2.94381600, Emax=185.89753842
realization 36 / 300 ... accepted 36. Emin=0.28004008, Emax=178.12110690
realization 37 / 300 ... accepted 37. Emin=0.61038499, Emax=170.09153276
realization 38 / 300 ... accepted 38. Emin=-2.29765859, Emax=171.98429814
realization 39 / 300 ... accepted 39. Emin=-5.35484796, Emax=164.77811623
realization 40 / 300 ... accepted 40. Emin=12.24234899, Emax=176.73315997
realization 41 / 300 ... accepted 41. Emin=-12.25825077, Emax=158.55297845
realization 42 / 300 ... accepted 42. Emin=4.61176692, Emax=180.27939638
realization 43 / 300 ... accepted 43. Emin=-13.33454290, Emax=156.79839944
realization 44 / 300 ... accepted 44. Emin=15.04229937, Emax=181.96555758
realization 45 / 300 ... accepted 45. Emin=-0.08477051, Emax=173.60608583
realization 46 / 300 ... accepted 46. Emin=16.43072858, Emax=184.82068033
realization 47 / 300 ... accepted 47. Emin=-2.28463471, Emax=167.72562401
realization 48 / 300 ... accepted 48. Emin=-5.47343476, Emax=157.13199339
realization 49 / 300 ... accepted 49. Emin=4.93011375, Emax=175.02271007
realization 50 / 300 ... accepted 50. Emin=0.61763961, Emax=183.36912768
realization 51 / 300 ... accepted 51. Emin=4.65497875, Emax=169.95413771
realization 52 / 300 ... accepted 52. Emin=2.68460867, Emax=164.99014025
realization 53 / 300 ... accepted 53. Emin=-8.98009904, Emax=171.29844124
realization 54 / 300 ... accepted 54. Emin=10.29584861, Emax=180.49315740
realization 55 / 300 ... accepted 55. Emin=-6.98580073, Emax=170.77088054
realization 56 / 300 ... accepted 56. Emin=2.97161999, Emax=175.33769554
realization 57 / 300 ... accepted 57. Emin=-3.62433820, Emax=163.37513968
realization 58 / 300 ... accepted 58. Emin=8.55182709, Emax=185.80098779
realization 59 / 300 ... accepted 59. Emin=-21.37618142, Emax=146.13695152
realization 60 / 300 ... accepted 60. Emin=10.44784537, Emax=180.93645896
realization 61 / 300 ... accepted 61. Emin=-3.84977929, Emax=170.00387287
realization 62 / 300 ... accepted 62. Emin=-0.61978061, Emax=178.44472560
realization 63 / 300 ... accepted 63. Emin=-9.89252346, Emax=158.16208347
realization 64 / 300 ... accepted 64. Emin=5.04184741, Emax=182.24178560
realization 65 / 300 ... accepted 65. Emin=-3.68807379, Emax=162.50080552
realization 66 / 300 ... accepted 66. Emin=-4.36906936, Emax=161.59859899
realization 67 / 300 ... accepted 67. Emin=-22.35720479, Emax=146.17872960
realization 68 / 300 ... accepted 68. Emin=-0.15645409, Emax=172.73697344
realization 69 / 300 ... accepted 69. Emin=-16.48636127, Emax=157.28048997
realization 70 / 300 ... accepted 70. Emin=-1.96964890, Emax=170.05975485
realization 71 / 300 ... accepted 71. Emin=-5.91375653, Emax=168.39987619
realization 72 / 300 ... accepted 72. Emin=-4.93330682, Emax=160.22982528
realization 73 / 300 ... accepted 73. Emin=-14.12738838, Emax=152.71972531
realization 74 / 300 ... accepted 74. Emin=-7.89723384, Emax=159.39392403
realization 75 / 300 ... accepted 75. Emin=-7.15795959, Emax=174.35734846
realization 76 / 300 ... accepted 76. Emin=-2.84513137, Emax=169.35091653
realization 77 / 300 ... accepted 77. Emin=-13.73999569, Emax=159.84198152
realization 78 / 300 ... accepted 78. Emin=-3.26584558, Emax=171.17785114
realization 79 / 300 ... accepted 79. Emin=12.38290586, Emax=186.79174999
realization 80 / 300 ... accepted 80. Emin=11.30637653, Emax=184.24406975
realization 81 / 300 ... accepted 81. Emin=-12.51377918, Emax=161.08268518
realization 82 / 300 ... accepted 82. Emin=-7.72131163, Emax=175.20173429
realization 83 / 300 ... accepted 83. Emin=-3.84534239, Emax=172.18100999
realization 84 / 300 ... accepted 84. Emin=1.27166196, Emax=174.04991579
realization 85 / 300 ... accepted 85. Emin=0.06889821, Emax=169.76886206
realization 86 / 300 ... accepted 86. Emin=7.52478852, Emax=178.58346566
realization 87 / 300 ... accepted 87. Emin=10.91790151, Emax=189.90066175
realization 88 / 300 ... accepted 88. Emin=-5.29833803, Emax=172.19498184
realization 89 / 300 ... accepted 89. Emin=13.21983862, Emax=187.32628935
realization 90 / 300 ... accepted 90. Emin=12.54569600, Emax=184.72206258
realization 91 / 300 ... accepted 91. Emin=-26.05603033, Emax=139.76930152
realization 92 / 300 ... accepted 92. Emin=-11.84187466, Emax=154.79934098
realization 93 / 300 ... accepted 93. Emin=-5.60846690, Emax=176.37058537
realization 94 / 300 ... accepted 94. Emin=23.39169673, Emax=192.12201959
realization 95 / 300 ... accepted 95. Emin=-8.60385722, Emax=160.26565961
realization 96 / 300 ... accepted 96. Emin=32.69535605, Emax=196.64750773
realization 97 / 300 ... accepted 97. Emin=20.13998436, Emax=187.15529752
realization 98 / 300 ... accepted 98. Emin=-3.97284590, Emax=170.05321307
realization 99 / 300 ... accepted 99. Emin=8.44567279, Emax=181.24240376
realization 100 / 300 ... accepted 100. Emin=-28.07833418, Emax=131.19588090
realization 101 / 300 ... accepted 101. Emin=-10.02636911, Emax=162.42340653
realization 102 / 300 ... accepted 102. Emin=9.92385733, Emax=182.83070909
realization 103 / 300 ... accepted 103. Emin=-3.37600658, Emax=165.03958892
realization 104 / 300 ... accepted 104. Emin=7.01684087, Emax=182.24668541
realization 105 / 300 ... accepted 105. Emin=-1.56239167, Emax=165.47662156
realization 106 / 300 ... accepted 106. Emin=-12.32028125, Emax=153.46864908
realization 107 / 300 ... accepted 107. Emin=-9.08293495, Emax=165.72419624
realization 108 / 300 ... accepted 108. Emin=-10.36206139, Emax=164.72897579
realization 109 / 300 ... accepted 109. Emin=24.76148610, Emax=193.77863459
realization 110 / 300 ... accepted 110. Emin=21.96622865, Emax=187.02919967
realization 111 / 300 ... accepted 111. Emin=-8.40490185, Emax=172.10625169
realization 112 / 300 ... accepted 112. Emin=27.22848903, Emax=193.97248548
realization 113 / 300 ... accepted 113. Emin=12.77035381, Emax=186.48169719
realization 114 / 300 ... accepted 114. Emin=19.61879697, Emax=189.19382373
realization 115 / 300 ... accepted 115. Emin=-18.34210059, Emax=151.84255508
realization 116 / 300 ... accepted 116. Emin=12.50979383, Emax=180.04394516
realization 117 / 300 ... accepted 117. Emin=-2.72001063, Emax=165.84921695
realization 118 / 300 ... accepted 118. Emin=7.27400947, Emax=190.36141075
realization 119 / 300 ... accepted 119. Emin=-0.48180238, Emax=168.51583563
realization 120 / 300 ... accepted 120. Emin=-10.49590916, Emax=167.09133566
realization 121 / 300 ... accepted 121. Emin=-3.04163766, Emax=177.68113265
realization 122 / 300 ... accepted 122. Emin=-1.86740520, Emax=172.26601739
realization 123 / 300 ... accepted 123. Emin=-10.13550549, Emax=163.84788362
realization 124 / 300 ... accepted 124. Emin=0.93627806, Emax=178.49908898
realization 125 / 300 ... accepted 125. Emin=11.87432392, Emax=181.78111596
realization 126 / 300 ... accepted 126. Emin=-6.81122975, Emax=161.67151330
realization 127 / 300 ... accepted 127. Emin=1.93879528, Emax=177.04069768
realization 128 / 300 ... accepted 128. Emin=-20.58929697, Emax=146.27643388
realization 129 / 300 ... accepted 129. Emin=-18.06603350, Emax=150.19270791
realization 130 / 300 ... accepted 130. Emin=-13.97104048, Emax=161.68978959
realization 131 / 300 ... accepted 131. Emin=7.07250829, Emax=179.08104425
realization 132 / 300 ... accepted 132. Emin=-1.26285207, Emax=177.91439401
realization 133 / 300 ... accepted 133. Emin=-4.44286458, Emax=157.40445158
realization 134 / 300 ... accepted 134. Emin=-10.93725439, Emax=151.76341657
realization 135 / 300 ... accepted 135. Emin=14.00842633, Emax=188.69210216
realization 136 / 300 ... accepted 136. Emin=19.84574935, Emax=184.55502369
realization 137 / 300 ... accepted 137. Emin=6.16242336, Emax=163.44963587
realization 138 / 300 ... accepted 138. Emin=-7.34136040, Emax=160.10547453
realization 139 / 300 ... accepted 139. Emin=15.48365866, Emax=183.00241578
realization 140 / 300 ... accepted 140. Emin=4.99971694, Emax=181.21435606
realization 141 / 300 ... accepted 141. Emin=5.97616051, Emax=181.87629487
realization 142 / 300 ... accepted 142. Emin=-2.80741707, Emax=166.17438411
realization 143 / 300 ... accepted 143. Emin=-15.91115821, Emax=157.94146990
realization 144 / 300 ... accepted 144. Emin=-1.35765189, Emax=176.57044762
realization 145 / 300 ... accepted 145. Emin=3.37723959, Emax=176.38504367
realization 146 / 300 ... accepted 146. Emin=-0.36916263, Emax=175.65049521
realization 147 / 300 ... accepted 147. Emin=-9.90101651, Emax=154.23019551
realization 148 / 300 ... accepted 148. Emin=-10.38694747, Emax=160.26985781
realization 149 / 300 ... accepted 149. Emin=9.41857677, Emax=175.04744533
realization 150 / 300 ... accepted 150. Emin=-4.54559486, Emax=167.71546733
realization 151 / 300 ... accepted 151. Emin=7.84802018, Emax=181.21005652
realization 152 / 300 ... accepted 152. Emin=-0.13218187, Emax=168.72958466
realization 153 / 300 ... accepted 153. Emin=8.30598273, Emax=171.99214943
realization 154 / 300 ... accepted 154. Emin=-5.62340235, Emax=170.97240218
realization 155 / 300 ... accepted 155. Emin=-13.03015199, Emax=164.48661637
realization 156 / 300 ... accepted 156. Emin=11.22384736, Emax=186.57388582
realization 157 / 300 ... accepted 157. Emin=-4.52208965, Emax=163.79560063
realization 158 / 300 ... accepted 158. Emin=-10.97071951, Emax=156.48597286
realization 159 / 300 ... accepted 159. Emin=-4.59107556, Emax=177.10803582
realization 160 / 300 ... accepted 160. Emin=6.30474076, Emax=177.31103460
realization 161 / 300 ... accepted 161. Emin=-16.51563090, Emax=159.46193390
realization 162 / 300 ... accepted 162. Emin=22.92173800, Emax=183.25602641
realization 163 / 300 ... accepted 163. Emin=-4.90423787, Emax=168.33458428
realization 164 / 300 ... accepted 164. Emin=-11.43901625, Emax=160.32786135
realization 165 / 300 ... accepted 165. Emin=-3.02101199, Emax=179.37773398
realization 166 / 300 ... accepted 166. Emin=16.12130708, Emax=180.28739058
realization 167 / 300 ... accepted 167. Emin=12.97868627, Emax=186.25624764
realization 168 / 300 ... accepted 168. Emin=3.95986764, Emax=179.83189300
realization 169 / 300 ... accepted 169. Emin=-11.71484747, Emax=166.30992591
realization 170 / 300 ... accepted 170. Emin=-9.08812898, Emax=152.79390828
realization 171 / 300 ... accepted 171. Emin=13.49766486, Emax=185.86916964
realization 172 / 300 ... accepted 172. Emin=-25.79525865, Emax=137.97202098
realization 173 / 300 ... accepted 173. Emin=-4.64735078, Emax=161.64331208
realization 174 / 300 ... accepted 174. Emin=-14.01594426, Emax=151.45349308
realization 175 / 300 ... accepted 175. Emin=2.57923203, Emax=171.78612314
realization 176 / 300 ... accepted 176. Emin=18.60012884, Emax=188.94877766
realization 177 / 300 ... accepted 177. Emin=9.83596167, Emax=179.88144204
realization 178 / 300 ... accepted 178. Emin=3.99145514, Emax=180.45491368
realization 179 / 300 ... accepted 179. Emin=9.40739128, Emax=188.98246433
realization 180 / 300 ... accepted 180. Emin=15.75501129, Emax=181.70838757
realization 181 / 300 ... accepted 181. Emin=-8.71171387, Emax=166.72608713
realization 182 / 300 ... accepted 182. Emin=9.66251639, Emax=177.72393773
realization 183 / 300 ... accepted 183. Emin=-4.50285804, Emax=169.91539318
realization 184 / 300 ... accepted 184. Emin=-11.86161453, Emax=159.91227527
realization 185 / 300 ... accepted 185. Emin=-1.72989338, Emax=180.32423889
realization 186 / 300 ... accepted 186. Emin=-6.07047780, Emax=179.49763229
realization 187 / 300 ... accepted 187. Emin=-1.49699768, Emax=179.20306093
realization 188 / 300 ... accepted 188. Emin=-5.14788655, Emax=173.07100318
realization 189 / 300 ... accepted 189. Emin=-8.29057896, Emax=168.35253578
realization 190 / 300 ... accepted 190. Emin=16.20028425, Emax=188.04070344
realization 191 / 300 ... accepted 191. Emin=11.90711087, Emax=185.83248764
realization 192 / 300 ... accepted 192. Emin=1.77363715, Emax=183.06804589
realization 193 / 300 ... accepted 193. Emin=-11.06208600, Emax=155.70403267
realization 194 / 300 ... accepted 194. Emin=-0.32515521, Emax=183.22852075
realization 195 / 300 ... accepted 195. Emin=19.31268872, Emax=181.26289773
realization 196 / 300 ... accepted 196. Emin=-9.81049917, Emax=157.60029682
realization 197 / 300 ... accepted 197. Emin=2.31512363, Emax=176.38981925
realization 198 / 300 ... accepted 198. Emin=6.67355153, Emax=189.41051427
realization 199 / 300 ... accepted 199. Emin=-8.44898953, Emax=169.06456647
realization 200 / 300 ... accepted 200. Emin=-9.72920650, Emax=160.86697907
realization 201 / 300 ... accepted 201. Emin=-18.32228197, Emax=154.28909898
realization 202 / 300 ... accepted 202. Emin=-29.13934337, Emax=135.48012725
realization 203 / 300 ... accepted 203. Emin=5.10125532, Emax=177.26563538
realization 204 / 300 ... accepted 204. Emin=-22.15081499, Emax=142.01144494
realization 205 / 300 ... accepted 205. Emin=-11.48176766, Emax=164.90691651
realization 206 / 300 ... accepted 206. Emin=10.76878432, Emax=176.12577000
realization 207 / 300 ... accepted 207. Emin=4.86651242, Emax=176.25293776
realization 208 / 300 ... accepted 208. Emin=12.46746892, Emax=179.43008596
realization 209 / 300 ... accepted 209. Emin=-19.26059236, Emax=146.09781050
realization 210 / 300 ... accepted 210. Emin=2.19185009, Emax=181.03079360
realization 211 / 300 ... accepted 211. Emin=3.54052541, Emax=171.01070831
realization 212 / 300 ... accepted 212. Emin=-6.26174437, Emax=158.03404511
realization 213 / 300 ... accepted 213. Emin=-10.06396925, Emax=157.40240190
realization 214 / 300 ... accepted 214. Emin=5.55680389, Emax=181.33722455
realization 215 / 300 ... accepted 215. Emin=3.90135049, Emax=173.53870086
realization 216 / 300 ... accepted 216. Emin=10.98717139, Emax=183.31662198
realization 217 / 300 ... accepted 217. Emin=20.48897464, Emax=189.89879782
realization 218 / 300 ... accepted 218. Emin=1.61907050, Emax=173.92594082
realization 219 / 300 ... accepted 219. Emin=-10.24778669, Emax=159.86114035
realization 220 / 300 ... accepted 220. Emin=-1.29678658, Emax=168.18198945
realization 221 / 300 ... accepted 221. Emin=23.43792936, Emax=189.04185465
realization 222 / 300 ... accepted 222. Emin=1.06597939, Emax=167.22160842
realization 223 / 300 ... accepted 223. Emin=12.28082765, Emax=185.60844601
realization 224 / 300 ... accepted 224. Emin=14.21765040, Emax=181.30240772
realization 225 / 300 ... accepted 225. Emin=23.17947962, Emax=187.26939372
realization 226 / 300 ... accepted 226. Emin=-23.52538941, Emax=143.79729687
realization 227 / 300 ... accepted 227. Emin=-7.41720447, Emax=161.26891592
realization 228 / 300 ... accepted 228. Emin=-13.23312045, Emax=156.76463950
realization 229 / 300 ... accepted 229. Emin=17.46145009, Emax=190.13594578
realization 230 / 300 ... accepted 230. Emin=-14.43528910, Emax=149.27997355
realization 231 / 300 ... accepted 231. Emin=-7.84697412, Emax=171.35150249
realization 232 / 300 ... accepted 232. Emin=-13.03072560, Emax=158.96225849
realization 233 / 300 ... accepted 233. Emin=-16.33631335, Emax=149.32050454
realization 234 / 300 ... accepted 234. Emin=-12.51551022, Emax=165.24919343
realization 235 / 300 ... accepted 235. Emin=9.71375732, Emax=171.23450286
realization 236 / 300 ... accepted 236. Emin=-7.45905616, Emax=171.74174870
realization 237 / 300 ... accepted 237. Emin=-12.42595674, Emax=155.45677719
realization 238 / 300 ... accepted 238. Emin=15.61152607, Emax=184.59164490
realization 239 / 300 ... accepted 239. Emin=-3.29162675, Emax=171.47967983
realization 240 / 300 ... accepted 240. Emin=-4.16870813, Emax=174.39914394
realization 241 / 300 ... accepted 241. Emin=-11.76477580, Emax=162.94231874
realization 242 / 300 ... accepted 242. Emin=4.80601112, Emax=163.99378281
realization 243 / 300 ... accepted 243. Emin=3.68719596, Emax=173.99570569
realization 244 / 300 ... accepted 244. Emin=-1.55671748, Emax=170.04983816
realization 245 / 300 ... accepted 245. Emin=2.47118279, Emax=169.85394113
realization 246 / 300 ... accepted 246. Emin=-23.42400555, Emax=141.47447655
realization 247 / 300 ... accepted 247. Emin=3.46005651, Emax=175.16645296
realization 248 / 300 ... accepted 248. Emin=-2.48633160, Emax=177.58509900
realization 249 / 300 ... accepted 249. Emin=-4.49635398, Emax=164.06438349
realization 250 / 300 ... accepted 250. Emin=-1.42329808, Emax=179.52288204
realization 251 / 300 ... accepted 251. Emin=-4.61144988, Emax=165.56950379
realization 252 / 300 ... accepted 252. Emin=6.22137954, Emax=166.69816700
realization 253 / 300 ... accepted 253. Emin=6.94395437, Emax=187.15487441
realization 254 / 300 ... accepted 254. Emin=-13.12131796, Emax=152.38373753
realization 255 / 300 ... accepted 255. Emin=-7.34582430, Emax=161.34830941
realization 256 / 300 ... accepted 256. Emin=-6.71093169, Emax=173.66537048
realization 257 / 300 ... accepted 257. Emin=-4.13736539, Emax=175.30137820
realization 258 / 300 ... accepted 258. Emin=0.83356026, Emax=166.96315369
realization 259 / 300 ... accepted 259. Emin=-14.51683733, Emax=158.24772076
realization 260 / 300 ... accepted 260. Emin=11.26143571, Emax=180.45005523
realization 261 / 300 ... accepted 261. Emin=-4.81087766, Emax=170.45029028
realization 262 / 300 ... accepted 262. Emin=0.91604758, Emax=173.08581085
realization 263 / 300 ... accepted 263. Emin=5.54321269, Emax=177.82538502
realization 264 / 300 ... accepted 264. Emin=-3.55887117, Emax=160.42877124
realization 265 / 300 ... accepted 265. Emin=4.07104347, Emax=177.59998893
realization 266 / 300 ... accepted 266. Emin=-9.08339410, Emax=154.07076730
realization 267 / 300 ... accepted 267. Emin=-3.47921035, Emax=159.82113048
realization 268 / 300 ... accepted 268. Emin=1.07186617, Emax=176.98444786
realization 269 / 300 ... accepted 269. Emin=-21.13188515, Emax=145.28868183
realization 270 / 300 ... accepted 270. Emin=14.49631496, Emax=180.48407360
realization 271 / 300 ... accepted 271. Emin=10.61726242, Emax=183.12748450
realization 272 / 300 ... accepted 272. Emin=0.04312649, Emax=188.54566434
realization 273 / 300 ... accepted 273. Emin=-12.69315905, Emax=168.74781990
realization 274 / 300 ... accepted 274. Emin=-12.73534199, Emax=155.62602367
realization 275 / 300 ... accepted 275. Emin=-3.30210501, Emax=174.55893559
realization 276 / 300 ... accepted 276. Emin=-16.42524174, Emax=157.85382920
realization 277 / 300 ... accepted 277. Emin=6.53328598, Emax=183.12365592
realization 278 / 300 ... accepted 278. Emin=-1.28065898, Emax=174.66942826
realization 279 / 300 ... accepted 279. Emin=12.35709447, Emax=187.87048950
realization 280 / 300 ... accepted 280. Emin=3.72357123, Emax=173.22327412
realization 281 / 300 ... accepted 281. Emin=15.97604870, Emax=193.21169387
realization 282 / 300 ... accepted 282. Emin=26.19485880, Emax=193.74427229
realization 283 / 300 ... accepted 283. Emin=12.03505608, Emax=184.95003719
realization 284 / 300 ... accepted 284. Emin=8.26268866, Emax=181.80305575
realization 285 / 300 ... accepted 285. Emin=-12.04600938, Emax=164.93910465
realization 286 / 300 ... accepted 286. Emin=-2.48041176, Emax=170.93539219
realization 287 / 300 ... accepted 287. Emin=5.19142289, Emax=175.08214786
realization 288 / 300 ... accepted 288. Emin=-6.58844798, Emax=163.57746609
realization 289 / 300 ... accepted 289. Emin=-22.70567086, Emax=144.00681102
realization 290 / 300 ... accepted 290. Emin=-3.02803696, Emax=167.07898645
realization 291 / 300 ... accepted 291. Emin=-15.70706525, Emax=160.95111632
realization 292 / 300 ... accepted 292. Emin=10.87715730, Emax=184.16672829
realization 293 / 300 ... accepted 293. Emin=-8.88569448, Emax=161.49145112
realization 294 / 300 ... accepted 294. Emin=-33.31334248, Emax=126.77581316
realization 295 / 300 ... accepted 295. Emin=5.64965138, Emax=173.26058548
realization 296 / 300 ... accepted 296. Emin=1.59584971, Emax=170.52613751
realization 297 / 300 ... accepted 297. Emin=7.97413162, Emax=180.25336893
realization 298 / 300 ... accepted 298. Emin=-9.12314080, Emax=163.93608306
realization 299 / 300 ... accepted 299. Emin=10.74922267, Emax=178.35149159
realization 300 / 300 ... accepted 300. Emin=-3.23780852, Emax=161.04352530
Saved final energies: /home/2/kj405942/POLFED_bosons/pbs_bose_legacy_nmax2_periodic/data/U_25/W_8/L_6/N_6_nmax_2/boundary_periodic/energies_full_U25_L6_N6_nmax2_W8_boundaryperiodic_nreal300.txt
Accepted realizations: 300 / 300
Skipped realizations: 0
Job finished at Sun May 31 17:12:47 UTC 2026
