Job started on w30 at Sun May 31 17:11:03 UTC 2026
PBS_JOBID=7731492.kruk-host.ift-klaster.lan
PBS_O_WORKDIR=/home/2/kj405942/POLFED_bosons
Bose-Hubbard: L=6, N=6, nmax=2, dim=141
t=1, U=25, W=3, nreal=300, boundary=periodic, mode=full
Writing partial results to /home/2/kj405942/POLFED_bosons/pbs_bose_legacy_nmax2_periodic/data/U_25/W_3/L_6/N_6_nmax_2/boundary_periodic/energies_full_U25_L6_N6_nmax2_W3_boundaryperiodic_nreal300_partial.txt
realization 1 / 300 ... accepted 1. Emin=-0.98438312, Emax=154.95137561
realization 2 / 300 ... accepted 2. Emin=-3.80900753, Emax=156.08595921
realization 3 / 300 ... accepted 3. Emin=-2.26213977, Emax=155.45358431
realization 4 / 300 ... accepted 4. Emin=1.61800651, Emax=159.83378856
realization 5 / 300 ... accepted 5. Emin=5.07061044, Emax=161.06514226
realization 6 / 300 ... accepted 6. Emin=6.24377513, Emax=164.69788210
realization 7 / 300 ... accepted 7. Emin=-6.96846192, Emax=147.72739701
realization 8 / 300 ... accepted 8. Emin=-2.74555711, Emax=160.26411332
realization 9 / 300 ... accepted 9. Emin=-2.40501890, Emax=157.96824042
realization 10 / 300 ... accepted 10. Emin=5.85270973, Emax=161.51832031
realization 11 / 300 ... accepted 11. Emin=-3.54377396, Emax=152.89055797
realization 12 / 300 ... accepted 12. Emin=3.21145159, Emax=159.43699128
realization 13 / 300 ... accepted 13. Emin=1.38814691, Emax=157.84825290
realization 14 / 300 ... accepted 14. Emin=-8.39897730, Emax=145.69764545
realization 15 / 300 ... accepted 15. Emin=-0.04209815, Emax=157.27992325
realization 16 / 300 ... accepted 16. Emin=1.92852340, Emax=157.21988085
realization 17 / 300 ... accepted 17. Emin=-0.00397385, Emax=155.28518280
realization 18 / 300 ... accepted 18. Emin=-3.06596253, Emax=156.63171363
realization 19 / 300 ... accepted 19. Emin=4.39077637, Emax=161.12421082
realization 20 / 300 ... accepted 20. Emin=1.40799719, Emax=160.03163155
realization 21 / 300 ... accepted 21. Emin=1.09386847, Emax=159.88208127
realization 22 / 300 ... accepted 22. Emin=-2.54301668, Emax=156.61950754
realization 23 / 300 ... accepted 23. Emin=2.26113685, Emax=160.49826884
realization 24 / 300 ... accepted 24. Emin=-3.88059099, Emax=155.13532210
realization 25 / 300 ... accepted 25. Emin=5.76945491, Emax=163.65381607
realization 26 / 300 ... accepted 26. Emin=2.97352140, Emax=161.53499640
realization 27 / 300 ... accepted 27. Emin=4.84663701, Emax=164.57649821
realization 28 / 300 ... accepted 28. Emin=1.55883433, Emax=160.98247128
realization 29 / 300 ... accepted 29. Emin=3.68267619, Emax=160.59076991
realization 30 / 300 ... accepted 30. Emin=-4.00514112, Emax=154.51765512
realization 31 / 300 ... accepted 31. Emin=5.48110437, Emax=162.62250490
realization 32 / 300 ... accepted 32. Emin=2.78839323, Emax=162.85738206
realization 33 / 300 ... accepted 33. Emin=-2.97826151, Emax=158.22262135
realization 34 / 300 ... accepted 34. Emin=-1.94161948, Emax=159.25036290
realization 35 / 300 ... accepted 35. Emin=0.50481903, Emax=162.68862745
realization 36 / 300 ... accepted 36. Emin=5.12155282, Emax=160.87657627
realization 37 / 300 ... accepted 37. Emin=-0.94847849, Emax=160.43609078
realization 38 / 300 ... accepted 38. Emin=1.27882959, Emax=161.02607409
realization 39 / 300 ... accepted 39. Emin=4.77310445, Emax=160.50492502
realization 40 / 300 ... accepted 40. Emin=2.11562613, Emax=158.62895242
realization 41 / 300 ... accepted 41. Emin=-9.19343149, Emax=147.78914093
realization 42 / 300 ... accepted 42. Emin=4.97122770, Emax=164.21196861
realization 43 / 300 ... accepted 43. Emin=1.09200734, Emax=164.32796665
realization 44 / 300 ... accepted 44. Emin=4.69927938, Emax=162.24418141
realization 45 / 300 ... accepted 45. Emin=-2.03896695, Emax=155.24199468
realization 46 / 300 ... accepted 46. Emin=-1.78894562, Emax=157.65513191
realization 47 / 300 ... accepted 47. Emin=-4.50436029, Emax=151.59831831
realization 48 / 300 ... accepted 48. Emin=0.19545621, Emax=155.56051622
realization 49 / 300 ... accepted 49. Emin=6.89142805, Emax=163.87690836
realization 50 / 300 ... accepted 50. Emin=-5.69652050, Emax=152.14450788
realization 51 / 300 ... accepted 51. Emin=0.94786462, Emax=159.66297236
realization 52 / 300 ... accepted 52. Emin=-3.32806138, Emax=151.12650642
realization 53 / 300 ... accepted 53. Emin=0.98159499, Emax=159.59554044
realization 54 / 300 ... accepted 54. Emin=-6.38557960, Emax=152.09055868
realization 55 / 300 ... accepted 55. Emin=2.37634342, Emax=161.35699188
realization 56 / 300 ... accepted 56. Emin=4.77896998, Emax=159.71378707
realization 57 / 300 ... accepted 57. Emin=0.92770913, Emax=157.66931690
realization 58 / 300 ... accepted 58. Emin=1.75249236, Emax=161.28804851
realization 59 / 300 ... accepted 59. Emin=0.66195910, Emax=156.96882464
realization 60 / 300 ... accepted 60. Emin=-1.09361540, Emax=155.14635647
realization 61 / 300 ... accepted 61. Emin=5.62933271, Emax=163.19378946
realization 62 / 300 ... accepted 62. Emin=-2.89040781, Emax=151.76972665
realization 63 / 300 ... accepted 63. Emin=-5.31737198, Emax=153.41097842
realization 64 / 300 ... accepted 64. Emin=1.46449229, Emax=161.08330115
realization 65 / 300 ... accepted 65. Emin=-5.08850330, Emax=152.23165546
realization 66 / 300 ... accepted 66. Emin=-3.51996931, Emax=156.03873610
realization 67 / 300 ... accepted 67. Emin=0.09868707, Emax=160.10394354
realization 68 / 300 ... accepted 68. Emin=-0.39429108, Emax=158.34567351
realization 69 / 300 ... accepted 69. Emin=1.39779075, Emax=161.52709961
realization 70 / 300 ... accepted 70. Emin=5.22549219, Emax=164.47652250
realization 71 / 300 ... accepted 71. Emin=-0.10291399, Emax=163.83811389
realization 72 / 300 ... accepted 72. Emin=1.38417960, Emax=161.01747194
realization 73 / 300 ... accepted 73. Emin=-0.65675014, Emax=160.11239852
realization 74 / 300 ... accepted 74. Emin=-0.81222609, Emax=161.94907636
realization 75 / 300 ... accepted 75. Emin=-9.21493427, Emax=147.39826628
realization 76 / 300 ... accepted 76. Emin=-4.39283972, Emax=155.76263094
realization 77 / 300 ... accepted 77. Emin=2.92912188, Emax=159.02574309
realization 78 / 300 ... accepted 78. Emin=2.68173220, Emax=162.80050093
realization 79 / 300 ... accepted 79. Emin=7.87456917, Emax=162.57134423
realization 80 / 300 ... accepted 80. Emin=-1.25284410, Emax=156.56808305
realization 81 / 300 ... accepted 81. Emin=-2.05463254, Emax=157.63034146
realization 82 / 300 ... accepted 82. Emin=11.18341504, Emax=166.78392531
realization 83 / 300 ... accepted 83. Emin=7.58249702, Emax=164.66848599
realization 84 / 300 ... accepted 84. Emin=-3.59605103, Emax=155.34208977
realization 85 / 300 ... accepted 85. Emin=0.24389817, Emax=153.95293311
realization 86 / 300 ... accepted 86. Emin=3.62875294, Emax=163.70892581
realization 87 / 300 ... accepted 87. Emin=0.17485487, Emax=160.96255115
realization 88 / 300 ... accepted 88. Emin=-1.77130058, Emax=158.12083452
realization 89 / 300 ... accepted 89. Emin=-0.23958439, Emax=162.57013301
realization 90 / 300 ... accepted 90. Emin=-0.52024860, Emax=159.52509695
realization 91 / 300 ... accepted 91. Emin=-3.42399545, Emax=155.08727379
realization 92 / 300 ... accepted 92. Emin=0.50816466, Emax=162.27938409
realization 93 / 300 ... accepted 93. Emin=-3.76166974, Emax=154.97307340
realization 94 / 300 ... accepted 94. Emin=-0.44587321, Emax=160.96996077
realization 95 / 300 ... accepted 95. Emin=-0.66426501, Emax=156.38013746
realization 96 / 300 ... accepted 96. Emin=1.00635612, Emax=163.03668383
realization 97 / 300 ... accepted 97. Emin=3.14773683, Emax=165.00285745
realization 98 / 300 ... accepted 98. Emin=-5.22659489, Emax=150.08306839
realization 99 / 300 ... accepted 99. Emin=5.68796486, Emax=163.30716493
realization 100 / 300 ... accepted 100. Emin=2.08690031, Emax=160.41383504
realization 101 / 300 ... accepted 101. Emin=0.08108860, Emax=161.86956434
realization 102 / 300 ... accepted 102. Emin=-7.14739993, Emax=152.67860767
realization 103 / 300 ... accepted 103. Emin=0.68362204, Emax=157.12096168
realization 104 / 300 ... accepted 104. Emin=0.94105829, Emax=159.89028350
realization 105 / 300 ... accepted 105. Emin=5.94474198, Emax=164.06397405
realization 106 / 300 ... accepted 106. Emin=-0.53806046, Emax=158.82544072
realization 107 / 300 ... accepted 107. Emin=-2.84877782, Emax=155.16035952
realization 108 / 300 ... accepted 108. Emin=1.94763694, Emax=161.25732308
realization 109 / 300 ... accepted 109. Emin=3.05800048, Emax=163.69553176
realization 110 / 300 ... accepted 110. Emin=5.96896818, Emax=162.90818790
realization 111 / 300 ... accepted 111. Emin=2.49942291, Emax=163.80763263
realization 112 / 300 ... accepted 112. Emin=5.94156069, Emax=160.63075735
realization 113 / 300 ... accepted 113. Emin=-5.29058655, Emax=153.87976889
realization 114 / 300 ... accepted 114. Emin=0.89038378, Emax=158.83356418
realization 115 / 300 ... accepted 115. Emin=2.14748696, Emax=160.51289989
realization 116 / 300 ... accepted 116. Emin=-8.71167260, Emax=145.64081673
realization 117 / 300 ... accepted 117. Emin=4.14631486, Emax=159.37448422
realization 118 / 300 ... accepted 118. Emin=-7.73082824, Emax=149.90952874
realization 119 / 300 ... accepted 119. Emin=2.77373073, Emax=161.70019045
realization 120 / 300 ... accepted 120. Emin=1.42915530, Emax=159.13715234
realization 121 / 300 ... accepted 121. Emin=3.29563333, Emax=161.66532391
realization 122 / 300 ... accepted 122. Emin=-2.94837097, Emax=156.17398696
realization 123 / 300 ... accepted 123. Emin=3.23973264, Emax=164.46505796
realization 124 / 300 ... accepted 124. Emin=-6.71068292, Emax=150.44953172
realization 125 / 300 ... accepted 125. Emin=4.87030489, Emax=162.99433141
realization 126 / 300 ... accepted 126. Emin=7.87499366, Emax=163.32921880
realization 127 / 300 ... accepted 127. Emin=-0.12603037, Emax=157.37220541
realization 128 / 300 ... accepted 128. Emin=3.43951946, Emax=161.41780656
realization 129 / 300 ... accepted 129. Emin=4.01579101, Emax=165.26831370
realization 130 / 300 ... accepted 130. Emin=-0.66055661, Emax=156.73611123
realization 131 / 300 ... accepted 131. Emin=1.62698273, Emax=160.33701945
realization 132 / 300 ... accepted 132. Emin=2.22662388, Emax=159.24315110
realization 133 / 300 ... accepted 133. Emin=-10.29434216, Emax=145.74747662
realization 134 / 300 ... accepted 134. Emin=-2.68244542, Emax=156.28824566
realization 135 / 300 ... accepted 135. Emin=2.92692106, Emax=158.81163830
realization 136 / 300 ... accepted 136. Emin=2.80689219, Emax=162.90442499
realization 137 / 300 ... accepted 137. Emin=-4.21111869, Emax=151.62505510
realization 138 / 300 ... accepted 138. Emin=-3.18676652, Emax=153.73625616
realization 139 / 300 ... accepted 139. Emin=-2.02489443, Emax=160.41090876
realization 140 / 300 ... accepted 140. Emin=-10.77840709, Emax=143.99528249
realization 141 / 300 ... accepted 141. Emin=-6.34298729, Emax=151.88266035
realization 142 / 300 ... accepted 142. Emin=-2.67353804, Emax=157.33858137
realization 143 / 300 ... accepted 143. Emin=1.42936548, Emax=161.08451753
realization 144 / 300 ... accepted 144. Emin=-2.47757827, Emax=155.06604626
realization 145 / 300 ... accepted 145. Emin=-4.90504233, Emax=154.91454108
realization 146 / 300 ... accepted 146. Emin=4.78048383, Emax=165.61244228
realization 147 / 300 ... accepted 147. Emin=-5.91599184, Emax=151.75916899
realization 148 / 300 ... accepted 148. Emin=-5.09107264, Emax=154.74758042
realization 149 / 300 ... accepted 149. Emin=-2.08650911, Emax=157.23690287
realization 150 / 300 ... accepted 150. Emin=-5.58017956, Emax=151.74788763
realization 151 / 300 ... accepted 151. Emin=-1.22354152, Emax=159.15510696
realization 152 / 300 ... accepted 152. Emin=10.40152914, Emax=166.34177772
realization 153 / 300 ... accepted 153. Emin=-1.68059138, Emax=156.80065872
realization 154 / 300 ... accepted 154. Emin=-0.43126268, Emax=161.74347539
realization 155 / 300 ... accepted 155. Emin=4.27095398, Emax=164.44239408
realization 156 / 300 ... accepted 156. Emin=-0.13586572, Emax=159.16521229
realization 157 / 300 ... accepted 157. Emin=-3.93550256, Emax=154.16062200
realization 158 / 300 ... accepted 158. Emin=4.93509203, Emax=162.56902090
realization 159 / 300 ... accepted 159. Emin=0.66673163, Emax=154.69957704
realization 160 / 300 ... accepted 160. Emin=-5.85789146, Emax=149.36630769
realization 161 / 300 ... accepted 161. Emin=0.31686298, Emax=162.22651648
realization 162 / 300 ... accepted 162. Emin=-1.81577493, Emax=156.79974671
realization 163 / 300 ... accepted 163. Emin=1.53425091, Emax=159.10141258
realization 164 / 300 ... accepted 164. Emin=-3.38527912, Emax=154.88670658
realization 165 / 300 ... accepted 165. Emin=-6.56635268, Emax=149.48649666
realization 166 / 300 ... accepted 166. Emin=-7.87412436, Emax=152.29347910
realization 167 / 300 ... accepted 167. Emin=4.34618883, Emax=161.09871139
realization 168 / 300 ... accepted 168. Emin=-6.70893473, Emax=150.65207886
realization 169 / 300 ... accepted 169. Emin=-4.83361241, Emax=152.85484877
realization 170 / 300 ... accepted 170. Emin=1.28607956, Emax=162.79023752
realization 171 / 300 ... accepted 171. Emin=6.98072917, Emax=162.37187240
realization 172 / 300 ... accepted 172. Emin=-1.69248179, Emax=158.69204840
realization 173 / 300 ... accepted 173. Emin=-5.18296333, Emax=153.42549960
realization 174 / 300 ... accepted 174. Emin=-1.64893482, Emax=153.92940550
realization 175 / 300 ... accepted 175. Emin=-3.37649477, Emax=154.91346233
realization 176 / 300 ... accepted 176. Emin=5.27930119, Emax=163.27201968
realization 177 / 300 ... accepted 177. Emin=-4.13259728, Emax=154.18076562
realization 178 / 300 ... accepted 178. Emin=1.82277426, Emax=164.12760986
realization 179 / 300 ... accepted 179. Emin=2.54294523, Emax=162.50112428
realization 180 / 300 ... accepted 180. Emin=9.91866254, Emax=163.58399652
realization 181 / 300 ... accepted 181. Emin=-1.46567075, Emax=157.43671989
realization 182 / 300 ... accepted 182. Emin=-10.38971272, Emax=147.02659116
realization 183 / 300 ... accepted 183. Emin=0.30783627, Emax=159.09119308
realization 184 / 300 ... accepted 184. Emin=-7.09537238, Emax=149.84803718
realization 185 / 300 ... accepted 185. Emin=-8.36506460, Emax=146.76669720
realization 186 / 300 ... accepted 186. Emin=-8.80642677, Emax=147.08873711
realization 187 / 300 ... accepted 187. Emin=-3.50041370, Emax=153.46471656
realization 188 / 300 ... accepted 188. Emin=3.40644344, Emax=162.56998993
realization 189 / 300 ... accepted 189. Emin=-4.29203941, Emax=150.56708772
realization 190 / 300 ... accepted 190. Emin=3.56118664, Emax=160.82167164
realization 191 / 300 ... accepted 191. Emin=-1.92738663, Emax=159.13076538
realization 192 / 300 ... accepted 192. Emin=5.65795546, Emax=165.20634748
realization 193 / 300 ... accepted 193. Emin=-1.53957271, Emax=158.32792679
realization 194 / 300 ... accepted 194. Emin=0.22198230, Emax=156.24281520
realization 195 / 300 ... accepted 195. Emin=0.17521415, Emax=155.78753379
realization 196 / 300 ... accepted 196. Emin=0.72193253, Emax=158.43351501
realization 197 / 300 ... accepted 197. Emin=-1.05368455, Emax=157.50236774
realization 198 / 300 ... accepted 198. Emin=-1.78418496, Emax=156.68627322
realization 199 / 300 ... accepted 199. Emin=-1.54952394, Emax=157.52011491
realization 200 / 300 ... accepted 200. Emin=-1.10653073, Emax=157.25015625
realization 201 / 300 ... accepted 201. Emin=-3.84588854, Emax=157.53300510
realization 202 / 300 ... accepted 202. Emin=-4.23536787, Emax=155.03146559
realization 203 / 300 ... accepted 203. Emin=0.34560173, Emax=157.42749680
realization 204 / 300 ... accepted 204. Emin=-5.61477989, Emax=153.01942136
realization 205 / 300 ... accepted 205. Emin=-5.59289982, Emax=155.13570568
realization 206 / 300 ... accepted 206. Emin=1.71850657, Emax=159.52259191
realization 207 / 300 ... accepted 207. Emin=-3.01469231, Emax=160.32196233
realization 208 / 300 ... accepted 208. Emin=-5.73693323, Emax=154.40125097
realization 209 / 300 ... accepted 209. Emin=-2.05634989, Emax=159.03853105
realization 210 / 300 ... accepted 210. Emin=3.49638663, Emax=158.87345638
realization 211 / 300 ... accepted 211. Emin=3.81649762, Emax=163.76252364
realization 212 / 300 ... accepted 212. Emin=-3.45371315, Emax=153.49830093
realization 213 / 300 ... accepted 213. Emin=2.36608738, Emax=162.83763334
realization 214 / 300 ... accepted 214. Emin=-5.03698990, Emax=151.15180443
realization 215 / 300 ... accepted 215. Emin=-4.70799805, Emax=152.27486217
realization 216 / 300 ... accepted 216. Emin=0.44708067, Emax=155.66400198
realization 217 / 300 ... accepted 217. Emin=3.07511974, Emax=161.24069186
realization 218 / 300 ... accepted 218. Emin=1.45766496, Emax=158.33640155
realization 219 / 300 ... accepted 219. Emin=-4.98321489, Emax=153.88303679
realization 220 / 300 ... accepted 220. Emin=1.67246295, Emax=159.65756985
realization 221 / 300 ... accepted 221. Emin=-1.77175575, Emax=157.52015080
realization 222 / 300 ... accepted 222. Emin=-1.76212971, Emax=157.10247043
realization 223 / 300 ... accepted 223. Emin=7.95707149, Emax=163.48155258
realization 224 / 300 ... accepted 224. Emin=-3.99861600, Emax=155.05028339
realization 225 / 300 ... accepted 225. Emin=5.42309867, Emax=162.72986883
realization 226 / 300 ... accepted 226. Emin=-2.68297906, Emax=158.50807692
realization 227 / 300 ... accepted 227. Emin=2.60002493, Emax=159.94508587
realization 228 / 300 ... accepted 228. Emin=-3.60112841, Emax=157.76375566
realization 229 / 300 ... accepted 229. Emin=8.94921060, Emax=166.22136439
realization 230 / 300 ... accepted 230. Emin=-11.88995452, Emax=140.70303251
realization 231 / 300 ... accepted 231. Emin=1.80885322, Emax=160.88852549
realization 232 / 300 ... accepted 232. Emin=-9.99455781, Emax=144.36006807
realization 233 / 300 ... accepted 233. Emin=3.53003402, Emax=162.96228502
realization 234 / 300 ... accepted 234. Emin=2.13585484, Emax=161.76033351
realization 235 / 300 ... accepted 235. Emin=-1.32928358, Emax=160.98151373
realization 236 / 300 ... accepted 236. Emin=4.76885990, Emax=161.07351733
realization 237 / 300 ... accepted 237. Emin=3.13176480, Emax=161.88890250
realization 238 / 300 ... accepted 238. Emin=1.33504643, Emax=157.85018151
realization 239 / 300 ... accepted 239. Emin=-3.55205299, Emax=154.89752667
realization 240 / 300 ... accepted 240. Emin=-5.08355733, Emax=151.55866464
realization 241 / 300 ... accepted 241. Emin=6.11232134, Emax=163.33338847
realization 242 / 300 ... accepted 242. Emin=0.78405394, Emax=160.57219186
realization 243 / 300 ... accepted 243. Emin=6.24059543, Emax=165.96322293
realization 244 / 300 ... accepted 244. Emin=-1.73307187, Emax=158.00480878
realization 245 / 300 ... accepted 245. Emin=-1.54692373, Emax=156.45765272
realization 246 / 300 ... accepted 246. Emin=0.85079097, Emax=162.35167586
realization 247 / 300 ... accepted 247. Emin=0.15521729, Emax=155.49184736
realization 248 / 300 ... accepted 248. Emin=0.05107782, Emax=154.96733693
realization 249 / 300 ... accepted 249. Emin=-4.93802020, Emax=149.12769390
realization 250 / 300 ... accepted 250. Emin=-4.42020994, Emax=153.24021244
realization 251 / 300 ... accepted 251. Emin=-6.88446583, Emax=151.16811188
realization 252 / 300 ... accepted 252. Emin=-2.01915070, Emax=157.30838137
realization 253 / 300 ... accepted 253. Emin=-4.84798205, Emax=153.81416515
realization 254 / 300 ... accepted 254. Emin=-0.68010636, Emax=158.29646359
realization 255 / 300 ... accepted 255. Emin=2.33405509, Emax=159.85372857
realization 256 / 300 ... accepted 256. Emin=-2.39596999, Emax=161.70701031
realization 257 / 300 ... accepted 257. Emin=-1.52697450, Emax=160.12925672
realization 258 / 300 ... accepted 258. Emin=4.53308254, Emax=162.08893025
realization 259 / 300 ... accepted 259. Emin=6.58264892, Emax=165.99134390
realization 260 / 300 ... accepted 260. Emin=-2.24559308, Emax=156.33333017
realization 261 / 300 ... accepted 261. Emin=-2.05861861, Emax=158.09742986
realization 262 / 300 ... accepted 262. Emin=2.42352072, Emax=159.42419230
realization 263 / 300 ... accepted 263. Emin=-6.92032716, Emax=148.54580572
realization 264 / 300 ... accepted 264. Emin=0.70056638, Emax=157.00851724
realization 265 / 300 ... accepted 265. Emin=3.20053261, Emax=160.36136591
realization 266 / 300 ... accepted 266. Emin=-2.07888605, Emax=152.45114042
realization 267 / 300 ... accepted 267. Emin=2.79269629, Emax=163.05518991
realization 268 / 300 ... accepted 268. Emin=-1.81016128, Emax=158.47623054
realization 269 / 300 ... accepted 269. Emin=-1.40488388, Emax=158.30792714
realization 270 / 300 ... accepted 270. Emin=-5.42118639, Emax=154.47980973
realization 271 / 300 ... accepted 271. Emin=0.10214929, Emax=161.02600665
realization 272 / 300 ... accepted 272. Emin=-4.27708134, Emax=154.53563566
realization 273 / 300 ... accepted 273. Emin=-7.44604484, Emax=151.02724477
realization 274 / 300 ... accepted 274. Emin=5.74614661, Emax=164.55269262
realization 275 / 300 ... accepted 275. Emin=2.62003073, Emax=161.06376720
realization 276 / 300 ... accepted 276. Emin=-1.67926013, Emax=154.51347400
realization 277 / 300 ... accepted 277. Emin=1.46537452, Emax=157.50889242
realization 278 / 300 ... accepted 278. Emin=3.78264837, Emax=161.06756392
realization 279 / 300 ... accepted 279. Emin=3.15788678, Emax=161.43026053
realization 280 / 300 ... accepted 280. Emin=5.24775861, Emax=160.48989626
realization 281 / 300 ... accepted 281. Emin=-4.21152418, Emax=154.38700706
realization 282 / 300 ... accepted 282. Emin=2.01709872, Emax=159.51828432
realization 283 / 300 ... accepted 283. Emin=-5.16562873, Emax=150.87720940
realization 284 / 300 ... accepted 284. Emin=-4.56042195, Emax=155.10618791
realization 285 / 300 ... accepted 285. Emin=-4.06585714, Emax=150.65243116
realization 286 / 300 ... accepted 286. Emin=-0.57898421, Emax=159.50441594
realization 287 / 300 ... accepted 287. Emin=2.67674513, Emax=160.10334405
realization 288 / 300 ... accepted 288. Emin=0.11792756, Emax=163.44940032
realization 289 / 300 ... accepted 289. Emin=1.11935028, Emax=160.97379875
realization 290 / 300 ... accepted 290. Emin=-0.39966466, Emax=156.28431529
realization 291 / 300 ... accepted 291. Emin=5.40194761, Emax=164.27186701
realization 292 / 300 ... accepted 292. Emin=-5.70755110, Emax=151.98803613
realization 293 / 300 ... accepted 293. Emin=-1.18909802, Emax=162.24326682
realization 294 / 300 ... accepted 294. Emin=-5.68360672, Emax=153.08690653
realization 295 / 300 ... accepted 295. Emin=-7.05159960, Emax=148.00300047
realization 296 / 300 ... accepted 296. Emin=-4.79223023, Emax=154.67536560
realization 297 / 300 ... accepted 297. Emin=-3.86480935, Emax=153.16682978
realization 298 / 300 ... accepted 298. Emin=-7.31222540, Emax=148.56245930
realization 299 / 300 ... accepted 299. Emin=2.49322813, Emax=163.25169397
realization 300 / 300 ... accepted 300. Emin=-1.60265358, Emax=155.42862869
Saved final energies: /home/2/kj405942/POLFED_bosons/pbs_bose_legacy_nmax2_periodic/data/U_25/W_3/L_6/N_6_nmax_2/boundary_periodic/energies_full_U25_L6_N6_nmax2_W3_boundaryperiodic_nreal300.txt
Accepted realizations: 300 / 300
Skipped realizations: 0
Job finished at Sun May 31 17:12:47 UTC 2026
