Job started on w30 at Sun May 31 17:11:07 UTC 2026
PBS_JOBID=7731499.kruk-host.ift-klaster.lan
PBS_O_WORKDIR=/home/2/kj405942/POLFED_bosons
Bose-Hubbard: L=6, N=6, nmax=2, dim=141
t=1, U=25, W=10, nreal=300, boundary=periodic, mode=full
Writing partial results to /home/2/kj405942/POLFED_bosons/pbs_bose_legacy_nmax2_periodic/data/U_25/W_10/L_6/N_6_nmax_2/boundary_periodic/energies_full_U25_L6_N6_nmax2_W10_boundaryperiodic_nreal300_partial.txt
realization 1 / 300 ... accepted 1. Emin=-12.70473033, Emax=161.58229829
realization 2 / 300 ... accepted 2. Emin=18.20495470, Emax=190.56534507
realization 3 / 300 ... accepted 3. Emin=-13.49629947, Emax=159.63640728
realization 4 / 300 ... accepted 4. Emin=6.80502005, Emax=197.21213857
realization 5 / 300 ... accepted 5. Emin=19.94004443, Emax=199.00334745
realization 6 / 300 ... accepted 6. Emin=3.03109915, Emax=169.61547092
realization 7 / 300 ... accepted 7. Emin=2.29691919, Emax=174.38438846
realization 8 / 300 ... accepted 8. Emin=6.18464930, Emax=196.18969400
realization 9 / 300 ... accepted 9. Emin=-6.58573473, Emax=178.39492126
realization 10 / 300 ... accepted 10. Emin=23.40233144, Emax=187.56931653
realization 11 / 300 ... accepted 11. Emin=8.38321068, Emax=197.29525840
realization 12 / 300 ... accepted 12. Emin=-10.02695655, Emax=154.31877951
realization 13 / 300 ... accepted 13. Emin=-38.33022400, Emax=126.52072369
realization 14 / 300 ... accepted 14. Emin=38.12666970, Emax=202.40152895
realization 15 / 300 ... accepted 15. Emin=-10.70568178, Emax=158.59684238
realization 16 / 300 ... accepted 16. Emin=-19.85896435, Emax=161.86641205
realization 17 / 300 ... accepted 17. Emin=7.32947480, Emax=180.53023414
realization 18 / 300 ... accepted 18. Emin=18.18147341, Emax=196.24513402
realization 19 / 300 ... accepted 19. Emin=2.61234163, Emax=180.31845364
realization 20 / 300 ... accepted 20. Emin=1.12327934, Emax=203.83602465
realization 21 / 300 ... accepted 21. Emin=-18.40940732, Emax=143.64057437
realization 22 / 300 ... accepted 22. Emin=-2.92219645, Emax=176.31249828
realization 23 / 300 ... accepted 23. Emin=3.85297443, Emax=170.25814489
realization 24 / 300 ... accepted 24. Emin=-8.11169911, Emax=174.06432884
realization 25 / 300 ... accepted 25. Emin=1.92563519, Emax=177.31052808
realization 26 / 300 ... accepted 26. Emin=-24.63861300, Emax=145.15006318
realization 27 / 300 ... accepted 27. Emin=-21.94022398, Emax=156.60823013
realization 28 / 300 ... accepted 28. Emin=-0.26957563, Emax=174.09147429
realization 29 / 300 ... accepted 29. Emin=19.98948928, Emax=191.96729519
realization 30 / 300 ... accepted 30. Emin=-25.62639564, Emax=138.52729188
realization 31 / 300 ... accepted 31. Emin=-8.48150307, Emax=165.44272574
realization 32 / 300 ... accepted 32. Emin=15.17813543, Emax=185.68342757
realization 33 / 300 ... accepted 33. Emin=-18.52214379, Emax=168.73072522
realization 34 / 300 ... accepted 34. Emin=-9.34135187, Emax=173.18085766
realization 35 / 300 ... accepted 35. Emin=8.62590549, Emax=189.44879726
realization 36 / 300 ... accepted 36. Emin=-5.11960174, Emax=183.83165076
realization 37 / 300 ... accepted 37. Emin=-7.69493982, Emax=160.66077685
realization 38 / 300 ... accepted 38. Emin=14.92802199, Emax=190.48067516
realization 39 / 300 ... accepted 39. Emin=-11.97294046, Emax=172.59426226
realization 40 / 300 ... accepted 40. Emin=1.06970572, Emax=196.69631062
realization 41 / 300 ... accepted 41. Emin=11.51711182, Emax=186.11024207
realization 42 / 300 ... accepted 42. Emin=-0.69703372, Emax=165.11052319
realization 43 / 300 ... accepted 43. Emin=12.14560152, Emax=187.77988296
realization 44 / 300 ... accepted 44. Emin=-10.34838094, Emax=171.88156317
realization 45 / 300 ... accepted 45. Emin=12.84151501, Emax=190.39195461
realization 46 / 300 ... accepted 46. Emin=6.22301094, Emax=178.21697509
realization 47 / 300 ... accepted 47. Emin=-11.28900545, Emax=154.13810402
realization 48 / 300 ... accepted 48. Emin=10.71512457, Emax=196.38476028
realization 49 / 300 ... accepted 49. Emin=21.75088553, Emax=204.88319457
realization 50 / 300 ... accepted 50. Emin=8.48841627, Emax=198.70756054
realization 51 / 300 ... accepted 51. Emin=2.52917184, Emax=174.92235685
realization 52 / 300 ... accepted 52. Emin=7.10288945, Emax=188.86639473
realization 53 / 300 ... accepted 53. Emin=1.95793134, Emax=184.21288029
realization 54 / 300 ... accepted 54. Emin=-10.01928422, Emax=171.71469343
realization 55 / 300 ... accepted 55. Emin=12.02518438, Emax=189.87278684
realization 56 / 300 ... accepted 56. Emin=-5.10332105, Emax=159.35641840
realization 57 / 300 ... accepted 57. Emin=-20.56736347, Emax=153.01292822
realization 58 / 300 ... accepted 58. Emin=-1.52989449, Emax=181.41850243
realization 59 / 300 ... accepted 59. Emin=-7.37424946, Emax=169.20501702
realization 60 / 300 ... accepted 60. Emin=-26.82297994, Emax=143.67928409
realization 61 / 300 ... accepted 61. Emin=0.92413876, Emax=173.31373456
realization 62 / 300 ... accepted 62. Emin=17.44975576, Emax=189.88902166
realization 63 / 300 ... accepted 63. Emin=-20.63866387, Emax=153.08310102
realization 64 / 300 ... accepted 64. Emin=-22.42809499, Emax=152.28362974
realization 65 / 300 ... accepted 65. Emin=12.99800880, Emax=178.88214751
realization 66 / 300 ... accepted 66. Emin=-8.90253750, Emax=174.12624668
realization 67 / 300 ... accepted 67. Emin=25.02102196, Emax=204.78058667
realization 68 / 300 ... accepted 68. Emin=30.86756401, Emax=201.75221238
realization 69 / 300 ... accepted 69. Emin=-38.53688933, Emax=124.12818549
realization 70 / 300 ... accepted 70. Emin=-16.44202093, Emax=168.85285991
realization 71 / 300 ... accepted 71. Emin=13.58402971, Emax=185.27522222
realization 72 / 300 ... accepted 72. Emin=3.26438837, Emax=191.96815966
realization 73 / 300 ... accepted 73. Emin=-8.64556416, Emax=169.17435824
realization 74 / 300 ... accepted 74. Emin=2.18971218, Emax=184.65605528
realization 75 / 300 ... accepted 75. Emin=-12.16389649, Emax=168.04657622
realization 76 / 300 ... accepted 76. Emin=-10.73898106, Emax=163.83913743
realization 77 / 300 ... accepted 77. Emin=14.18408019, Emax=189.72496500
realization 78 / 300 ... accepted 78. Emin=13.74291771, Emax=195.33146373
realization 79 / 300 ... accepted 79. Emin=-21.70731513, Emax=158.38237410
realization 80 / 300 ... accepted 80. Emin=13.94067818, Emax=192.91384857
realization 81 / 300 ... accepted 81. Emin=6.97968956, Emax=203.56508037
realization 82 / 300 ... accepted 82. Emin=2.96814122, Emax=184.08253634
realization 83 / 300 ... accepted 83. Emin=8.94565108, Emax=180.99072008
realization 84 / 300 ... accepted 84. Emin=-0.16614965, Emax=182.11466247
realization 85 / 300 ... accepted 85. Emin=12.50609101, Emax=187.52632302
realization 86 / 300 ... accepted 86. Emin=9.27842516, Emax=182.46931094
realization 87 / 300 ... accepted 87. Emin=6.28044994, Emax=180.78676384
realization 88 / 300 ... accepted 88. Emin=-10.34484059, Emax=172.24011450
realization 89 / 300 ... accepted 89. Emin=-13.34303049, Emax=151.15560150
realization 90 / 300 ... accepted 90. Emin=22.74353484, Emax=196.56154536
realization 91 / 300 ... accepted 91. Emin=-3.43497707, Emax=169.96426811
realization 92 / 300 ... accepted 92. Emin=-11.81921128, Emax=161.34194807
realization 93 / 300 ... accepted 93. Emin=-20.68672501, Emax=155.01191762
realization 94 / 300 ... accepted 94. Emin=12.72527962, Emax=187.36950705
realization 95 / 300 ... accepted 95. Emin=-18.87512543, Emax=160.72608705
realization 96 / 300 ... accepted 96. Emin=45.13360723, Emax=204.78950480
realization 97 / 300 ... accepted 97. Emin=-4.49199549, Emax=174.86443816
realization 98 / 300 ... accepted 98. Emin=-10.10210020, Emax=170.69550177
realization 99 / 300 ... accepted 99. Emin=18.69775256, Emax=192.04405498
realization 100 / 300 ... accepted 100. Emin=-11.47814188, Emax=171.09488881
realization 101 / 300 ... accepted 101. Emin=-10.27384399, Emax=177.60701604
realization 102 / 300 ... accepted 102. Emin=12.15425845, Emax=181.44906402
realization 103 / 300 ... accepted 103. Emin=2.71652083, Emax=169.54671658
realization 104 / 300 ... accepted 104. Emin=13.39203010, Emax=182.49174437
realization 105 / 300 ... accepted 105. Emin=18.88970906, Emax=189.61312802
realization 106 / 300 ... accepted 106. Emin=7.72576919, Emax=186.11592329
realization 107 / 300 ... accepted 107. Emin=25.47022724, Emax=198.98134376
realization 108 / 300 ... accepted 108. Emin=-21.73151686, Emax=164.40449363
realization 109 / 300 ... accepted 109. Emin=-13.97594328, Emax=146.85470027
realization 110 / 300 ... accepted 110. Emin=-5.28104757, Emax=176.92445926
realization 111 / 300 ... accepted 111. Emin=9.59351775, Emax=193.15367658
realization 112 / 300 ... accepted 112. Emin=-3.44157203, Emax=164.91648742
realization 113 / 300 ... accepted 113. Emin=8.41344950, Emax=200.94184213
realization 114 / 300 ... accepted 114. Emin=10.81287246, Emax=190.73864713
realization 115 / 300 ... accepted 115. Emin=15.74921353, Emax=192.64865613
realization 116 / 300 ... accepted 116. Emin=7.44046872, Emax=198.77684755
realization 117 / 300 ... accepted 117. Emin=-16.89103164, Emax=170.25633868
realization 118 / 300 ... accepted 118. Emin=3.04789441, Emax=177.77822731
realization 119 / 300 ... accepted 119. Emin=12.78452071, Emax=179.67550628
realization 120 / 300 ... accepted 120. Emin=-12.62543413, Emax=152.26362432
realization 121 / 300 ... accepted 121. Emin=0.90364726, Emax=186.30819663
realization 122 / 300 ... accepted 122. Emin=0.44458545, Emax=183.08084165
realization 123 / 300 ... accepted 123. Emin=-1.88177744, Emax=176.37467188
realization 124 / 300 ... accepted 124. Emin=-7.06109384, Emax=182.10758951
realization 125 / 300 ... accepted 125. Emin=-32.03893246, Emax=136.36837315
realization 126 / 300 ... accepted 126. Emin=-26.09989114, Emax=145.56057640
realization 127 / 300 ... accepted 127. Emin=11.06818931, Emax=179.23503611
realization 128 / 300 ... accepted 128. Emin=9.56852864, Emax=182.60643418
realization 129 / 300 ... accepted 129. Emin=11.48963608, Emax=199.35668174
realization 130 / 300 ... accepted 130. Emin=2.53158703, Emax=171.52646422
realization 131 / 300 ... accepted 131. Emin=10.20260999, Emax=184.98908506
realization 132 / 300 ... accepted 132. Emin=8.36016143, Emax=179.59181325
realization 133 / 300 ... accepted 133. Emin=-17.69223910, Emax=163.72303510
realization 134 / 300 ... accepted 134. Emin=-27.55826744, Emax=147.66545156
realization 135 / 300 ... accepted 135. Emin=9.89149161, Emax=173.19465376
realization 136 / 300 ... accepted 136. Emin=-10.22253496, Emax=164.75170592
realization 137 / 300 ... accepted 137. Emin=17.08557114, Emax=179.21272875
realization 138 / 300 ... accepted 138. Emin=-8.53394781, Emax=158.88585535
realization 139 / 300 ... accepted 139. Emin=8.90891217, Emax=179.99555797
realization 140 / 300 ... accepted 140. Emin=11.94338518, Emax=184.93205953
realization 141 / 300 ... accepted 141. Emin=7.61708337, Emax=191.03190147
realization 142 / 300 ... accepted 142. Emin=5.47022201, Emax=175.97633668
realization 143 / 300 ... accepted 143. Emin=13.10665147, Emax=186.06389995
realization 144 / 300 ... accepted 144. Emin=-12.05980241, Emax=162.97030913
realization 145 / 300 ... accepted 145. Emin=3.65371155, Emax=191.56960025
realization 146 / 300 ... accepted 146. Emin=20.80059675, Emax=194.81472485
realization 147 / 300 ... accepted 147. Emin=3.83419276, Emax=177.24902657
realization 148 / 300 ... accepted 148. Emin=-15.34716824, Emax=161.98762862
realization 149 / 300 ... accepted 149. Emin=6.93639091, Emax=185.21197153
realization 150 / 300 ... accepted 150. Emin=20.16584538, Emax=197.62229603
realization 151 / 300 ... accepted 151. Emin=18.63420014, Emax=192.56136303
realization 152 / 300 ... accepted 152. Emin=-6.32484934, Emax=188.38301455
realization 153 / 300 ... accepted 153. Emin=-5.05915042, Emax=180.09109613
realization 154 / 300 ... accepted 154. Emin=15.01012003, Emax=172.18052027
realization 155 / 300 ... accepted 155. Emin=-26.88582733, Emax=138.06572807
realization 156 / 300 ... accepted 156. Emin=-8.21630231, Emax=166.29228645
realization 157 / 300 ... accepted 157. Emin=5.23752100, Emax=174.45399859
realization 158 / 300 ... accepted 158. Emin=23.22510053, Emax=195.76190031
realization 159 / 300 ... accepted 159. Emin=-12.55362713, Emax=170.85689621
realization 160 / 300 ... accepted 160. Emin=-17.60466450, Emax=161.76603522
realization 161 / 300 ... accepted 161. Emin=-25.72238069, Emax=152.49117126
realization 162 / 300 ... accepted 162. Emin=32.01849964, Emax=196.85839298
realization 163 / 300 ... accepted 163. Emin=-28.64933413, Emax=141.02051944
realization 164 / 300 ... accepted 164. Emin=22.87254496, Emax=188.38355658
realization 165 / 300 ... accepted 165. Emin=-3.38769348, Emax=177.34020571
realization 166 / 300 ... accepted 166. Emin=-16.51470214, Emax=157.36599629
realization 167 / 300 ... accepted 167. Emin=-22.30030948, Emax=143.89720780
realization 168 / 300 ... accepted 168. Emin=0.51061970, Emax=176.31165282
realization 169 / 300 ... accepted 169. Emin=8.84760075, Emax=181.01929071
realization 170 / 300 ... accepted 170. Emin=5.67759853, Emax=171.65610577
realization 171 / 300 ... accepted 171. Emin=-0.31317444, Emax=176.79180969
realization 172 / 300 ... accepted 172. Emin=-7.31593283, Emax=174.81266927
realization 173 / 300 ... accepted 173. Emin=0.67038938, Emax=171.34797746
realization 174 / 300 ... accepted 174. Emin=25.90506563, Emax=199.55930350
realization 175 / 300 ... accepted 175. Emin=5.43486250, Emax=180.61452935
realization 176 / 300 ... accepted 176. Emin=3.43131887, Emax=171.02264926
realization 177 / 300 ... accepted 177. Emin=-12.73660898, Emax=163.42036537
realization 178 / 300 ... accepted 178. Emin=-6.69618420, Emax=171.19262829
realization 179 / 300 ... accepted 179. Emin=5.19387187, Emax=174.71405181
realization 180 / 300 ... accepted 180. Emin=-19.87043487, Emax=155.04929643
realization 181 / 300 ... accepted 181. Emin=9.03795394, Emax=194.90410517
realization 182 / 300 ... accepted 182. Emin=6.66396532, Emax=182.16631792
realization 183 / 300 ... accepted 183. Emin=13.26067813, Emax=194.53223512
realization 184 / 300 ... accepted 184. Emin=1.58960656, Emax=180.35919021
realization 185 / 300 ... accepted 185. Emin=6.49808502, Emax=190.55199069
realization 186 / 300 ... accepted 186. Emin=-2.30180565, Emax=169.03061008
realization 187 / 300 ... accepted 187. Emin=-30.18319197, Emax=136.57797396
realization 188 / 300 ... accepted 188. Emin=-19.63566294, Emax=148.52427999
realization 189 / 300 ... accepted 189. Emin=-23.77491681, Emax=142.72053131
realization 190 / 300 ... accepted 190. Emin=1.08051638, Emax=179.97893170
realization 191 / 300 ... accepted 191. Emin=-16.00257602, Emax=155.83254815
realization 192 / 300 ... accepted 192. Emin=-12.79288994, Emax=168.63317346
realization 193 / 300 ... accepted 193. Emin=-11.97922184, Emax=167.16734137
realization 194 / 300 ... accepted 194. Emin=-26.28839225, Emax=149.85271745
realization 195 / 300 ... accepted 195. Emin=-2.21137428, Emax=178.57838832
realization 196 / 300 ... accepted 196. Emin=6.68943905, Emax=179.51491867
realization 197 / 300 ... accepted 197. Emin=0.60386607, Emax=177.41391749
realization 198 / 300 ... accepted 198. Emin=-8.11802542, Emax=176.40496293
realization 199 / 300 ... accepted 199. Emin=7.69732848, Emax=181.90964010
realization 200 / 300 ... accepted 200. Emin=7.01643938, Emax=176.74803949
realization 201 / 300 ... accepted 201. Emin=12.76274256, Emax=186.85064784
realization 202 / 300 ... accepted 202. Emin=0.46029177, Emax=183.51648100
realization 203 / 300 ... accepted 203. Emin=-8.60712572, Emax=173.59954384
realization 204 / 300 ... accepted 204. Emin=-16.00996829, Emax=169.99078644
realization 205 / 300 ... accepted 205. Emin=9.29999710, Emax=196.27921135
realization 206 / 300 ... accepted 206. Emin=-25.17572379, Emax=141.07363710
realization 207 / 300 ... accepted 207. Emin=9.67383206, Emax=179.78914424
realization 208 / 300 ... accepted 208. Emin=-4.07107924, Emax=174.82952071
realization 209 / 300 ... accepted 209. Emin=-7.55400327, Emax=164.77797640
realization 210 / 300 ... accepted 210. Emin=6.06488468, Emax=184.52226531
realization 211 / 300 ... accepted 211. Emin=3.83136090, Emax=185.64631854
realization 212 / 300 ... accepted 212. Emin=-4.02327585, Emax=184.34299145
realization 213 / 300 ... accepted 213. Emin=9.29413431, Emax=182.40401330
realization 214 / 300 ... accepted 214. Emin=9.94023569, Emax=191.54754608
realization 215 / 300 ... accepted 215. Emin=-24.80834145, Emax=158.61924544
realization 216 / 300 ... accepted 216. Emin=9.47418364, Emax=198.16064945
realization 217 / 300 ... accepted 217. Emin=-3.96503664, Emax=174.58352794
realization 218 / 300 ... accepted 218. Emin=-0.97273527, Emax=181.64427281
realization 219 / 300 ... accepted 219. Emin=13.24725013, Emax=195.20441714
realization 220 / 300 ... accepted 220. Emin=-6.51717020, Emax=168.24573784
realization 221 / 300 ... accepted 221. Emin=0.97033652, Emax=168.35266660
realization 222 / 300 ... accepted 222. Emin=2.33040155, Emax=182.04816623
realization 223 / 300 ... accepted 223. Emin=9.32964170, Emax=185.97707457
realization 224 / 300 ... accepted 224. Emin=-28.60578746, Emax=138.76383129
realization 225 / 300 ... accepted 225. Emin=-18.70319701, Emax=158.67297768
realization 226 / 300 ... accepted 226. Emin=-7.43721324, Emax=162.19393446
realization 227 / 300 ... accepted 227. Emin=-3.64896477, Emax=180.92199972
realization 228 / 300 ... accepted 228. Emin=-1.28155508, Emax=187.24583211
realization 229 / 300 ... accepted 229. Emin=23.57637519, Emax=190.71437727
realization 230 / 300 ... accepted 230. Emin=-1.72585139, Emax=170.37616472
realization 231 / 300 ... accepted 231. Emin=23.61262561, Emax=189.38164439
realization 232 / 300 ... accepted 232. Emin=20.80231339, Emax=190.32422668
realization 233 / 300 ... accepted 233. Emin=0.88784806, Emax=163.65842948
realization 234 / 300 ... accepted 234. Emin=-0.08685984, Emax=175.50563865
realization 235 / 300 ... accepted 235. Emin=-6.40504943, Emax=167.59470221
realization 236 / 300 ... accepted 236. Emin=34.12528270, Emax=197.89336449
realization 237 / 300 ... accepted 237. Emin=1.05075007, Emax=179.55099203
realization 238 / 300 ... accepted 238. Emin=8.48534517, Emax=173.99173380
realization 239 / 300 ... accepted 239. Emin=-0.29862113, Emax=187.26599024
realization 240 / 300 ... accepted 240. Emin=-22.68278438, Emax=158.45611845
realization 241 / 300 ... accepted 241. Emin=23.97460541, Emax=194.51069885
realization 242 / 300 ... accepted 242. Emin=-23.16854549, Emax=150.00313040
realization 243 / 300 ... accepted 243. Emin=21.67257530, Emax=195.74374678
realization 244 / 300 ... accepted 244. Emin=-16.68777161, Emax=162.39135644
realization 245 / 300 ... accepted 245. Emin=16.38053593, Emax=182.86949788
realization 246 / 300 ... accepted 246. Emin=18.83441945, Emax=177.42456208
realization 247 / 300 ... accepted 247. Emin=3.89529772, Emax=178.06673941
realization 248 / 300 ... accepted 248. Emin=-2.54011348, Emax=177.46314062
realization 249 / 300 ... accepted 249. Emin=5.67491129, Emax=175.41190568
realization 250 / 300 ... accepted 250. Emin=8.90312780, Emax=176.40352934
realization 251 / 300 ... accepted 251. Emin=10.07894627, Emax=180.85970732
realization 252 / 300 ... accepted 252. Emin=21.83976650, Emax=199.83999593
realization 253 / 300 ... accepted 253. Emin=-7.26359366, Emax=173.98434594
realization 254 / 300 ... accepted 254. Emin=-37.70925558, Emax=130.86960434
realization 255 / 300 ... accepted 255. Emin=-3.14801544, Emax=167.88962674
realization 256 / 300 ... accepted 256. Emin=7.75020788, Emax=184.49736984
realization 257 / 300 ... accepted 257. Emin=-11.24932833, Emax=168.94648137
realization 258 / 300 ... accepted 258. Emin=-5.39882794, Emax=168.14564903
realization 259 / 300 ... accepted 259. Emin=-4.27569799, Emax=171.26993795
realization 260 / 300 ... accepted 260. Emin=-10.27441683, Emax=166.22254052
realization 261 / 300 ... accepted 261. Emin=15.80631408, Emax=197.14549463
realization 262 / 300 ... accepted 262. Emin=-4.78357964, Emax=167.67941442
realization 263 / 300 ... accepted 263. Emin=1.08023744, Emax=181.41242458
realization 264 / 300 ... accepted 264. Emin=-24.82985736, Emax=145.00187249
realization 265 / 300 ... accepted 265. Emin=-8.68854767, Emax=164.83143367
realization 266 / 300 ... accepted 266. Emin=-16.32015942, Emax=166.15438257
realization 267 / 300 ... accepted 267. Emin=-3.31050814, Emax=173.09466754
realization 268 / 300 ... accepted 268. Emin=20.96670903, Emax=187.26110764
realization 269 / 300 ... accepted 269. Emin=6.54848824, Emax=180.64322736
realization 270 / 300 ... accepted 270. Emin=-6.27894146, Emax=173.31208778
realization 271 / 300 ... accepted 271. Emin=4.23690765, Emax=183.55593749
realization 272 / 300 ... accepted 272. Emin=0.67171975, Emax=181.13805101
realization 273 / 300 ... accepted 273. Emin=-4.57859418, Emax=181.74377240
realization 274 / 300 ... accepted 274. Emin=20.10956349, Emax=190.25238182
realization 275 / 300 ... accepted 275. Emin=-0.22083518, Emax=182.01419393
realization 276 / 300 ... accepted 276. Emin=4.78408919, Emax=179.58487258
realization 277 / 300 ... accepted 277. Emin=-15.36310249, Emax=160.36968494
realization 278 / 300 ... accepted 278. Emin=24.82434490, Emax=206.79298223
realization 279 / 300 ... accepted 279. Emin=14.78427700, Emax=192.92808973
realization 280 / 300 ... accepted 280. Emin=-8.98066575, Emax=168.28096655
realization 281 / 300 ... accepted 281. Emin=12.16651726, Emax=182.44640470
realization 282 / 300 ... accepted 282. Emin=-2.64280354, Emax=159.55576999
realization 283 / 300 ... accepted 283. Emin=10.81092416, Emax=188.08932072
realization 284 / 300 ... accepted 284. Emin=-1.37292641, Emax=174.39478693
realization 285 / 300 ... accepted 285. Emin=-28.74574007, Emax=135.31200384
realization 286 / 300 ... accepted 286. Emin=-25.28675954, Emax=151.57298572
realization 287 / 300 ... accepted 287. Emin=-13.87483120, Emax=180.59469143
realization 288 / 300 ... accepted 288. Emin=13.45869690, Emax=195.19357006
realization 289 / 300 ... accepted 289. Emin=-13.92955616, Emax=161.36673845
realization 290 / 300 ... accepted 290. Emin=-9.68635994, Emax=166.66067585
realization 291 / 300 ... accepted 291. Emin=0.02537460, Emax=168.71751358
realization 292 / 300 ... accepted 292. Emin=-24.53303567, Emax=148.49547788
realization 293 / 300 ... accepted 293. Emin=8.40154659, Emax=194.14364215
realization 294 / 300 ... accepted 294. Emin=19.32862168, Emax=198.97484253
realization 295 / 300 ... accepted 295. Emin=-21.71121764, Emax=153.69738468
realization 296 / 300 ... accepted 296. Emin=-16.48419396, Emax=155.60504146
realization 297 / 300 ... accepted 297. Emin=3.50768640, Emax=196.28890334
realization 298 / 300 ... accepted 298. Emin=16.22659802, Emax=187.70164547
realization 299 / 300 ... accepted 299. Emin=-5.82904349, Emax=170.09130714
realization 300 / 300 ... accepted 300. Emin=-27.05092954, Emax=136.01794895
Saved final energies: /home/2/kj405942/POLFED_bosons/pbs_bose_legacy_nmax2_periodic/data/U_25/W_10/L_6/N_6_nmax_2/boundary_periodic/energies_full_U25_L6_N6_nmax2_W10_boundaryperiodic_nreal300.txt
Accepted realizations: 300 / 300
Skipped realizations: 0
Job finished at Sun May 31 17:12:48 UTC 2026
