Job started on w30 at Sun May 31 17:11:08 UTC 2026
PBS_JOBID=7731500.kruk-host.ift-klaster.lan
PBS_O_WORKDIR=/home/2/kj405942/POLFED_bosons
Bose-Hubbard: L=6, N=6, nmax=2, dim=141
t=1, U=25, W=11, nreal=300, boundary=periodic, mode=full
Writing partial results to /home/2/kj405942/POLFED_bosons/pbs_bose_legacy_nmax2_periodic/data/U_25/W_11/L_6/N_6_nmax_2/boundary_periodic/energies_full_U25_L6_N6_nmax2_W11_boundaryperiodic_nreal300_partial.txt
realization 1 / 300 ... accepted 1. Emin=9.58391135, Emax=179.23622682
realization 2 / 300 ... accepted 2. Emin=-9.38635246, Emax=167.14349646
realization 3 / 300 ... accepted 3. Emin=-6.43725441, Emax=171.14663266
realization 4 / 300 ... accepted 4. Emin=-2.07368132, Emax=179.88187255
realization 5 / 300 ... accepted 5. Emin=-3.11572135, Emax=174.58985539
realization 6 / 300 ... accepted 6. Emin=9.71750317, Emax=187.40699252
realization 7 / 300 ... accepted 7. Emin=-15.96391366, Emax=166.09568945
realization 8 / 300 ... accepted 8. Emin=-3.90912522, Emax=176.50686318
realization 9 / 300 ... accepted 9. Emin=-13.22847659, Emax=167.09595383
realization 10 / 300 ... accepted 10. Emin=-16.92015482, Emax=155.15414863
realization 11 / 300 ... accepted 11. Emin=5.70638062, Emax=194.70490288
realization 12 / 300 ... accepted 12. Emin=32.54214113, Emax=203.85414091
realization 13 / 300 ... accepted 13. Emin=10.96499029, Emax=198.95837238
realization 14 / 300 ... accepted 14. Emin=-23.51000951, Emax=157.06591900
realization 15 / 300 ... accepted 15. Emin=-0.02492984, Emax=177.30586820
realization 16 / 300 ... accepted 16. Emin=4.27024253, Emax=194.25870002
realization 17 / 300 ... accepted 17. Emin=15.96285860, Emax=195.60328828
realization 18 / 300 ... accepted 18. Emin=24.33313849, Emax=193.09190069
realization 19 / 300 ... accepted 19. Emin=-10.48596817, Emax=171.03630576
realization 20 / 300 ... accepted 20. Emin=-8.82316495, Emax=183.28684046
realization 21 / 300 ... accepted 21. Emin=-16.13020572, Emax=159.74748385
realization 22 / 300 ... accepted 22. Emin=17.20743026, Emax=198.51599639
realization 23 / 300 ... accepted 23. Emin=28.56561144, Emax=206.51047657
realization 24 / 300 ... accepted 24. Emin=-5.72078363, Emax=178.21517561
realization 25 / 300 ... accepted 25. Emin=6.34256602, Emax=180.05972280
realization 26 / 300 ... accepted 26. Emin=5.99099736, Emax=181.51277983
realization 27 / 300 ... accepted 27. Emin=0.91514012, Emax=178.46202479
realization 28 / 300 ... accepted 28. Emin=-15.90530767, Emax=174.47585575
realization 29 / 300 ... accepted 29. Emin=-3.83384801, Emax=177.83113084
realization 30 / 300 ... accepted 30. Emin=11.85211170, Emax=191.75604560
realization 31 / 300 ... accepted 31. Emin=-31.65676432, Emax=146.05725138
realization 32 / 300 ... accepted 32. Emin=-0.41191586, Emax=172.33418078
realization 33 / 300 ... accepted 33. Emin=2.68144070, Emax=185.41158627
realization 34 / 300 ... accepted 34. Emin=-15.46257574, Emax=169.18872231
realization 35 / 300 ... accepted 35. Emin=-14.57083658, Emax=165.70602399
realization 36 / 300 ... accepted 36. Emin=0.93040285, Emax=178.09541458
realization 37 / 300 ... accepted 37. Emin=10.57291724, Emax=199.17010374
realization 38 / 300 ... accepted 38. Emin=-9.16976613, Emax=176.50128143
realization 39 / 300 ... accepted 39. Emin=-7.11446337, Emax=174.99481975
realization 40 / 300 ... accepted 40. Emin=12.40008296, Emax=186.47886531
realization 41 / 300 ... accepted 41. Emin=15.21835780, Emax=191.66384852
realization 42 / 300 ... accepted 42. Emin=3.24621545, Emax=182.89564310
realization 43 / 300 ... accepted 43. Emin=1.95123683, Emax=176.68463441
realization 44 / 300 ... accepted 44. Emin=8.53721168, Emax=207.82666715
realization 45 / 300 ... accepted 45. Emin=25.84444628, Emax=205.39249641
realization 46 / 300 ... accepted 46. Emin=5.88574548, Emax=188.95946921
realization 47 / 300 ... accepted 47. Emin=3.06360323, Emax=186.95473902
realization 48 / 300 ... accepted 48. Emin=-3.82499096, Emax=165.44540625
realization 49 / 300 ... accepted 49. Emin=7.82552506, Emax=190.77219527
realization 50 / 300 ... accepted 50. Emin=-13.55592774, Emax=159.09656363
realization 51 / 300 ... accepted 51. Emin=-23.90649379, Emax=147.39976888
realization 52 / 300 ... accepted 52. Emin=6.55860226, Emax=176.76881931
realization 53 / 300 ... accepted 53. Emin=-12.12204353, Emax=171.62453319
realization 54 / 300 ... accepted 54. Emin=11.83559102, Emax=193.78572465
realization 55 / 300 ... accepted 55. Emin=-6.11521716, Emax=172.70414250
realization 56 / 300 ... accepted 56. Emin=3.65712015, Emax=187.40563503
realization 57 / 300 ... accepted 57. Emin=7.18725238, Emax=188.56027250
realization 58 / 300 ... accepted 58. Emin=21.11166041, Emax=193.09599409
realization 59 / 300 ... accepted 59. Emin=17.36563638, Emax=205.38784453
realization 60 / 300 ... accepted 60. Emin=-26.12844562, Emax=148.68661060
realization 61 / 300 ... accepted 61. Emin=-30.16382455, Emax=131.17945592
realization 62 / 300 ... accepted 62. Emin=-1.49966244, Emax=170.06745066
realization 63 / 300 ... accepted 63. Emin=-11.78522182, Emax=173.28690665
realization 64 / 300 ... accepted 64. Emin=-2.61209148, Emax=185.64289162
realization 65 / 300 ... accepted 65. Emin=-0.34107758, Emax=176.94478064
realization 66 / 300 ... accepted 66. Emin=3.38115447, Emax=178.33450304
realization 67 / 300 ... accepted 67. Emin=-6.14220342, Emax=169.40547321
realization 68 / 300 ... accepted 68. Emin=25.67404952, Emax=199.16641704
realization 69 / 300 ... accepted 69. Emin=-24.38641693, Emax=155.07819238
realization 70 / 300 ... accepted 70. Emin=-17.96553903, Emax=159.86662405
realization 71 / 300 ... accepted 71. Emin=-2.73559743, Emax=178.72818823
realization 72 / 300 ... accepted 72. Emin=11.51007241, Emax=195.13370679
realization 73 / 300 ... accepted 73. Emin=22.82853025, Emax=194.92063766
realization 74 / 300 ... accepted 74. Emin=6.79076422, Emax=194.69659955
realization 75 / 300 ... accepted 75. Emin=18.14629057, Emax=184.23926343
realization 76 / 300 ... accepted 76. Emin=16.41921811, Emax=191.10514910
realization 77 / 300 ... accepted 77. Emin=-5.78732521, Emax=181.73840152
realization 78 / 300 ... accepted 78. Emin=-22.50317324, Emax=145.71713317
realization 79 / 300 ... accepted 79. Emin=44.38425122, Emax=205.86291104
realization 80 / 300 ... accepted 80. Emin=4.81400862, Emax=185.79122222
realization 81 / 300 ... accepted 81. Emin=2.06856542, Emax=181.88332015
realization 82 / 300 ... accepted 82. Emin=13.90257038, Emax=184.92524795
realization 83 / 300 ... accepted 83. Emin=-29.69524718, Emax=150.91436005
realization 84 / 300 ... accepted 84. Emin=-21.05334061, Emax=155.66631048
realization 85 / 300 ... accepted 85. Emin=-17.58551792, Emax=161.08715778
realization 86 / 300 ... accepted 86. Emin=-41.50118256, Emax=132.09276963
realization 87 / 300 ... accepted 87. Emin=24.71805710, Emax=198.03098477
realization 88 / 300 ... accepted 88. Emin=-4.94794543, Emax=170.51488635
realization 89 / 300 ... accepted 89. Emin=17.38888713, Emax=194.55229219
realization 90 / 300 ... accepted 90. Emin=22.61770528, Emax=206.47665375
realization 91 / 300 ... accepted 91. Emin=14.09870014, Emax=190.70825248
realization 92 / 300 ... accepted 92. Emin=-12.35290312, Emax=163.87274772
realization 93 / 300 ... accepted 93. Emin=-12.02742419, Emax=171.99518602
realization 94 / 300 ... accepted 94. Emin=24.77390808, Emax=190.75530059
realization 95 / 300 ... accepted 95. Emin=-1.76257101, Emax=178.06934337
realization 96 / 300 ... accepted 96. Emin=25.81160148, Emax=201.64322560
realization 97 / 300 ... accepted 97. Emin=23.36530385, Emax=194.36288536
realization 98 / 300 ... accepted 98. Emin=-9.29111241, Emax=173.67899045
realization 99 / 300 ... accepted 99. Emin=0.77583011, Emax=198.40142537
realization 100 / 300 ... accepted 100. Emin=4.37654019, Emax=195.87743361
realization 101 / 300 ... accepted 101. Emin=-25.45190980, Emax=150.51050673
realization 102 / 300 ... accepted 102. Emin=28.58543375, Emax=194.04125018
realization 103 / 300 ... accepted 103. Emin=-7.94988180, Emax=171.71543299
realization 104 / 300 ... accepted 104. Emin=-21.57383392, Emax=155.21898077
realization 105 / 300 ... accepted 105. Emin=-13.57865367, Emax=167.12609159
realization 106 / 300 ... accepted 106. Emin=-26.40919031, Emax=154.33092968
realization 107 / 300 ... accepted 107. Emin=2.52431414, Emax=184.89416514
realization 108 / 300 ... accepted 108. Emin=9.40248380, Emax=192.00029752
realization 109 / 300 ... accepted 109. Emin=1.39223528, Emax=190.48640389
realization 110 / 300 ... accepted 110. Emin=-0.38223045, Emax=188.87457894
realization 111 / 300 ... accepted 111. Emin=-11.38176660, Emax=171.61617739
realization 112 / 300 ... accepted 112. Emin=-15.09529993, Emax=152.81172609
realization 113 / 300 ... accepted 113. Emin=0.03474261, Emax=190.45893345
realization 114 / 300 ... accepted 114. Emin=13.26132796, Emax=196.19493286
realization 115 / 300 ... accepted 115. Emin=10.10227177, Emax=191.03332710
realization 116 / 300 ... accepted 116. Emin=-9.93682254, Emax=173.68040463
realization 117 / 300 ... accepted 117. Emin=26.56359877, Emax=193.86616063
realization 118 / 300 ... accepted 118. Emin=-0.87914447, Emax=184.91382117
realization 119 / 300 ... accepted 119. Emin=-27.20675670, Emax=144.65835237
realization 120 / 300 ... accepted 120. Emin=20.91606754, Emax=200.44757369
realization 121 / 300 ... accepted 121. Emin=-21.83953623, Emax=153.94178576
realization 122 / 300 ... accepted 122. Emin=7.56976636, Emax=188.52241385
realization 123 / 300 ... accepted 123. Emin=12.59775803, Emax=197.46918474
realization 124 / 300 ... accepted 124. Emin=0.41213628, Emax=177.16535002
realization 125 / 300 ... accepted 125. Emin=-10.05707469, Emax=165.01328069
realization 126 / 300 ... accepted 126. Emin=14.03083268, Emax=196.73676519
realization 127 / 300 ... accepted 127. Emin=-7.72114534, Emax=186.43164080
realization 128 / 300 ... accepted 128. Emin=13.43381218, Emax=185.96233499
realization 129 / 300 ... accepted 129. Emin=-24.41060225, Emax=150.13018582
realization 130 / 300 ... accepted 130. Emin=-6.74072395, Emax=171.65249216
realization 131 / 300 ... accepted 131. Emin=16.46709003, Emax=196.20744079
realization 132 / 300 ... accepted 132. Emin=1.56384707, Emax=175.42434915
realization 133 / 300 ... accepted 133. Emin=-26.65528389, Emax=157.10330985
realization 134 / 300 ... accepted 134. Emin=2.93555720, Emax=177.20741025
realization 135 / 300 ... accepted 135. Emin=-20.65456300, Emax=167.36703969
realization 136 / 300 ... accepted 136. Emin=2.70304776, Emax=184.71330475
realization 137 / 300 ... accepted 137. Emin=-5.87635942, Emax=177.93797374
realization 138 / 300 ... accepted 138. Emin=-11.80935795, Emax=158.10422308
realization 139 / 300 ... accepted 139. Emin=-7.14706267, Emax=167.40113289
realization 140 / 300 ... accepted 140. Emin=-15.24050127, Emax=147.18757234
realization 141 / 300 ... accepted 141. Emin=-2.24654608, Emax=191.70435113
realization 142 / 300 ... accepted 142. Emin=-6.89440398, Emax=174.15085036
realization 143 / 300 ... accepted 143. Emin=-14.71551939, Emax=160.52788784
realization 144 / 300 ... accepted 144. Emin=4.45606912, Emax=197.26780956
realization 145 / 300 ... accepted 145. Emin=2.34684395, Emax=181.56204347
realization 146 / 300 ... accepted 146. Emin=-15.33659439, Emax=169.43362934
realization 147 / 300 ... accepted 147. Emin=23.68975261, Emax=192.82897266
realization 148 / 300 ... accepted 148. Emin=22.58497989, Emax=196.70514449
realization 149 / 300 ... accepted 149. Emin=-2.67412959, Emax=172.33685186
realization 150 / 300 ... accepted 150. Emin=16.83205404, Emax=198.64531961
realization 151 / 300 ... accepted 151. Emin=3.32047551, Emax=195.75945211
realization 152 / 300 ... accepted 152. Emin=6.77993494, Emax=179.22365570
realization 153 / 300 ... accepted 153. Emin=-3.35760878, Emax=173.23687335
realization 154 / 300 ... accepted 154. Emin=15.45126330, Emax=175.11867061
realization 155 / 300 ... accepted 155. Emin=-9.98705300, Emax=165.46346515
realization 156 / 300 ... accepted 156. Emin=0.50538867, Emax=176.97855185
realization 157 / 300 ... accepted 157. Emin=-14.41907307, Emax=154.42629578
realization 158 / 300 ... accepted 158. Emin=11.64973236, Emax=194.73007587
realization 159 / 300 ... accepted 159. Emin=2.98146139, Emax=180.23611062
realization 160 / 300 ... accepted 160. Emin=20.09526397, Emax=194.55781151
realization 161 / 300 ... accepted 161. Emin=-2.21757122, Emax=174.11817005
realization 162 / 300 ... accepted 162. Emin=-13.90335209, Emax=159.80622811
realization 163 / 300 ... accepted 163. Emin=16.73263739, Emax=196.70156621
realization 164 / 300 ... accepted 164. Emin=6.59140958, Emax=175.69470536
realization 165 / 300 ... accepted 165. Emin=28.91617811, Emax=207.81655526
realization 166 / 300 ... accepted 166. Emin=11.71334664, Emax=192.88171308
realization 167 / 300 ... accepted 167. Emin=18.46055317, Emax=198.27108647
realization 168 / 300 ... accepted 168. Emin=-12.51936006, Emax=160.46097773
realization 169 / 300 ... accepted 169. Emin=4.73756783, Emax=175.60916796
realization 170 / 300 ... accepted 170. Emin=-20.85291957, Emax=143.96946105
realization 171 / 300 ... accepted 171. Emin=3.16640746, Emax=186.77199694
realization 172 / 300 ... accepted 172. Emin=3.96096527, Emax=186.67202570
realization 173 / 300 ... accepted 173. Emin=-7.03212627, Emax=176.74769615
realization 174 / 300 ... accepted 174. Emin=20.45006628, Emax=208.32140055
realization 175 / 300 ... accepted 175. Emin=-8.83112095, Emax=165.54433265
realization 176 / 300 ... accepted 176. Emin=-7.18808555, Emax=155.38660005
realization 177 / 300 ... accepted 177. Emin=-14.06696526, Emax=151.43662824
realization 178 / 300 ... accepted 178. Emin=-3.77085854, Emax=178.29368191
realization 179 / 300 ... accepted 179. Emin=-7.98251118, Emax=169.84957647
realization 180 / 300 ... accepted 180. Emin=-1.14824208, Emax=180.47585190
realization 181 / 300 ... accepted 181. Emin=-8.37670929, Emax=173.36541715
realization 182 / 300 ... accepted 182. Emin=22.64818664, Emax=201.83888366
realization 183 / 300 ... accepted 183. Emin=17.72129734, Emax=199.41163841
realization 184 / 300 ... accepted 184. Emin=7.33890890, Emax=185.12713653
realization 185 / 300 ... accepted 185. Emin=0.87741647, Emax=183.67501594
realization 186 / 300 ... accepted 186. Emin=-9.74490888, Emax=182.50496498
realization 187 / 300 ... accepted 187. Emin=-5.54794179, Emax=186.14911718
realization 188 / 300 ... accepted 188. Emin=3.71024672, Emax=196.68870935
realization 189 / 300 ... accepted 189. Emin=12.83640323, Emax=194.67877586
realization 190 / 300 ... accepted 190. Emin=-10.95112916, Emax=181.68400678
realization 191 / 300 ... accepted 191. Emin=-4.09797991, Emax=187.15907075
realization 192 / 300 ... accepted 192. Emin=-13.16719889, Emax=179.95850822
realization 193 / 300 ... accepted 193. Emin=-15.78617771, Emax=163.66720626
realization 194 / 300 ... accepted 194. Emin=4.43236622, Emax=175.70876715
realization 195 / 300 ... accepted 195. Emin=-10.09095513, Emax=170.71446557
realization 196 / 300 ... accepted 196. Emin=-18.51778158, Emax=165.27347392
realization 197 / 300 ... accepted 197. Emin=0.88173772, Emax=194.08090185
realization 198 / 300 ... accepted 198. Emin=-0.82379575, Emax=175.38415111
realization 199 / 300 ... accepted 199. Emin=16.69114844, Emax=185.72482030
realization 200 / 300 ... accepted 200. Emin=-4.87444410, Emax=155.63657865
realization 201 / 300 ... accepted 201. Emin=3.52491391, Emax=169.60471940
realization 202 / 300 ... accepted 202. Emin=-7.39213685, Emax=163.83775038
realization 203 / 300 ... accepted 203. Emin=-9.93844287, Emax=181.81873866
realization 204 / 300 ... accepted 204. Emin=-5.21309322, Emax=181.37155554
realization 205 / 300 ... accepted 205. Emin=-6.67140572, Emax=176.76130702
realization 206 / 300 ... accepted 206. Emin=-22.22735326, Emax=151.69438850
realization 207 / 300 ... accepted 207. Emin=4.14357905, Emax=190.48977322
realization 208 / 300 ... accepted 208. Emin=-3.44409238, Emax=175.85562403
realization 209 / 300 ... accepted 209. Emin=-5.11502570, Emax=162.02852961
realization 210 / 300 ... accepted 210. Emin=13.81547100, Emax=191.04798497
realization 211 / 300 ... accepted 211. Emin=2.93361165, Emax=185.98760934
realization 212 / 300 ... accepted 212. Emin=-21.65705581, Emax=151.17902759
realization 213 / 300 ... accepted 213. Emin=13.37567385, Emax=198.41313960
realization 214 / 300 ... accepted 214. Emin=-32.55283361, Emax=136.23747551
realization 215 / 300 ... accepted 215. Emin=35.28507406, Emax=201.97840985
realization 216 / 300 ... accepted 216. Emin=-28.62574292, Emax=148.96892690
realization 217 / 300 ... accepted 217. Emin=21.13225590, Emax=205.47473007
realization 218 / 300 ... accepted 218. Emin=-12.59275890, Emax=165.64361842
realization 219 / 300 ... accepted 219. Emin=18.29652528, Emax=195.19691325
realization 220 / 300 ... accepted 220. Emin=14.50050705, Emax=193.79262537
realization 221 / 300 ... accepted 221. Emin=-5.20352985, Emax=173.14760727
realization 222 / 300 ... accepted 222. Emin=-12.98467010, Emax=168.67003621
realization 223 / 300 ... accepted 223. Emin=0.29437301, Emax=183.85457050
realization 224 / 300 ... accepted 224. Emin=-5.95399239, Emax=178.19898765
realization 225 / 300 ... accepted 225. Emin=-24.73349000, Emax=148.15623903
realization 226 / 300 ... accepted 226. Emin=2.77022218, Emax=173.29693936
realization 227 / 300 ... accepted 227. Emin=-28.55053041, Emax=144.36986924
realization 228 / 300 ... accepted 228. Emin=23.16491455, Emax=191.31836017
realization 229 / 300 ... accepted 229. Emin=-13.36759899, Emax=165.55432877
realization 230 / 300 ... accepted 230. Emin=12.80472710, Emax=188.06159689
realization 231 / 300 ... accepted 231. Emin=0.60282694, Emax=171.72133865
realization 232 / 300 ... accepted 232. Emin=-10.24841338, Emax=164.41064427
realization 233 / 300 ... accepted 233. Emin=-13.84406436, Emax=169.14820564
realization 234 / 300 ... accepted 234. Emin=-16.44562222, Emax=175.74633983
realization 235 / 300 ... accepted 235. Emin=-8.78246781, Emax=171.56487296
realization 236 / 300 ... accepted 236. Emin=10.33509655, Emax=193.11977042
realization 237 / 300 ... accepted 237. Emin=18.69467843, Emax=178.10867627
realization 238 / 300 ... accepted 238. Emin=-36.37436318, Emax=130.46357153
realization 239 / 300 ... accepted 239. Emin=-35.70567864, Emax=140.39568172
realization 240 / 300 ... accepted 240. Emin=-9.27849396, Emax=177.29950106
realization 241 / 300 ... accepted 241. Emin=-7.23348049, Emax=182.06371912
realization 242 / 300 ... accepted 242. Emin=2.76637960, Emax=188.76444020
realization 243 / 300 ... accepted 243. Emin=5.36167034, Emax=177.49698219
realization 244 / 300 ... accepted 244. Emin=0.11830942, Emax=179.47035436
realization 245 / 300 ... accepted 245. Emin=0.55052787, Emax=164.42276435
realization 246 / 300 ... accepted 246. Emin=-14.96339347, Emax=172.38320283
realization 247 / 300 ... accepted 247. Emin=0.05979960, Emax=187.18938857
realization 248 / 300 ... accepted 248. Emin=-16.73002270, Emax=167.74004736
realization 249 / 300 ... accepted 249. Emin=25.10374568, Emax=204.78048720
realization 250 / 300 ... accepted 250. Emin=23.71968290, Emax=199.59542804
realization 251 / 300 ... accepted 251. Emin=-0.06396506, Emax=192.38541936
realization 252 / 300 ... accepted 252. Emin=1.25589949, Emax=173.93617951
realization 253 / 300 ... accepted 253. Emin=-16.31231058, Emax=163.39108298
realization 254 / 300 ... accepted 254. Emin=-15.16729276, Emax=148.63457697
realization 255 / 300 ... accepted 255. Emin=36.61111742, Emax=206.26519019
realization 256 / 300 ... accepted 256. Emin=-6.72218929, Emax=172.27872548
realization 257 / 300 ... accepted 257. Emin=9.69591813, Emax=194.87668223
realization 258 / 300 ... accepted 258. Emin=23.50965561, Emax=202.79692424
realization 259 / 300 ... accepted 259. Emin=0.79611609, Emax=184.15539762
realization 260 / 300 ... accepted 260. Emin=-25.34930703, Emax=152.59619207
realization 261 / 300 ... accepted 261. Emin=10.38366499, Emax=192.39848978
realization 262 / 300 ... accepted 262. Emin=-5.49762865, Emax=159.71600802
realization 263 / 300 ... accepted 263. Emin=13.57103321, Emax=200.54667093
realization 264 / 300 ... accepted 264. Emin=3.55410946, Emax=206.17640903
realization 265 / 300 ... accepted 265. Emin=5.26733254, Emax=193.78587243
realization 266 / 300 ... accepted 266. Emin=19.57937969, Emax=194.56889686
realization 267 / 300 ... accepted 267. Emin=-1.45343583, Emax=175.52280391
realization 268 / 300 ... accepted 268. Emin=22.95903231, Emax=187.19809097
realization 269 / 300 ... accepted 269. Emin=-9.60535285, Emax=177.25701839
realization 270 / 300 ... accepted 270. Emin=10.46002841, Emax=192.79034145
realization 271 / 300 ... accepted 271. Emin=-13.97044609, Emax=161.39803995
realization 272 / 300 ... accepted 272. Emin=-0.91256577, Emax=180.60016554
realization 273 / 300 ... accepted 273. Emin=11.30940122, Emax=207.05803644
realization 274 / 300 ... accepted 274. Emin=13.64915699, Emax=183.52668912
realization 275 / 300 ... accepted 275. Emin=3.95412057, Emax=182.14387004
realization 276 / 300 ... accepted 276. Emin=23.56902288, Emax=213.16250322
realization 277 / 300 ... accepted 277. Emin=3.37050249, Emax=178.77237996
realization 278 / 300 ... accepted 278. Emin=6.56618792, Emax=194.34716472
realization 279 / 300 ... accepted 279. Emin=-10.79764866, Emax=177.27360396
realization 280 / 300 ... accepted 280. Emin=-7.83536111, Emax=172.92248451
realization 281 / 300 ... accepted 281. Emin=27.01892423, Emax=192.01127353
realization 282 / 300 ... accepted 282. Emin=4.15627789, Emax=197.38318060
realization 283 / 300 ... accepted 283. Emin=4.09451410, Emax=189.58620049
realization 284 / 300 ... accepted 284. Emin=-19.61688240, Emax=162.32634722
realization 285 / 300 ... accepted 285. Emin=3.88135610, Emax=188.33998338
realization 286 / 300 ... accepted 286. Emin=-1.81913848, Emax=185.18846713
realization 287 / 300 ... accepted 287. Emin=-0.75060020, Emax=194.94697021
realization 288 / 300 ... accepted 288. Emin=-6.65071172, Emax=180.52348334
realization 289 / 300 ... accepted 289. Emin=-1.97580241, Emax=184.86675287
realization 290 / 300 ... accepted 290. Emin=-2.58276523, Emax=167.82633653
realization 291 / 300 ... accepted 291. Emin=17.94648460, Emax=196.22876701
realization 292 / 300 ... accepted 292. Emin=9.32599580, Emax=202.17852753
realization 293 / 300 ... accepted 293. Emin=-16.94632062, Emax=167.44897344
realization 294 / 300 ... accepted 294. Emin=-5.08902343, Emax=172.83363081
realization 295 / 300 ... accepted 295. Emin=9.32695992, Emax=190.68233054
realization 296 / 300 ... accepted 296. Emin=-20.65968294, Emax=169.84033234
realization 297 / 300 ... accepted 297. Emin=7.35647996, Emax=196.55368718
realization 298 / 300 ... accepted 298. Emin=-14.05057062, Emax=160.82841795
realization 299 / 300 ... accepted 299. Emin=-1.51717713, Emax=191.82860456
realization 300 / 300 ... accepted 300. Emin=-9.21395704, Emax=177.24027016
Saved final energies: /home/2/kj405942/POLFED_bosons/pbs_bose_legacy_nmax2_periodic/data/U_25/W_11/L_6/N_6_nmax_2/boundary_periodic/energies_full_U25_L6_N6_nmax2_W11_boundaryperiodic_nreal300.txt
Accepted realizations: 300 / 300
Skipped realizations: 0
Job finished at Sun May 31 17:12:47 UTC 2026
