Job started on w19 at Sun May 31 17:58:54 UTC 2026
PBS_JOBID=7731310.kruk-host.ift-klaster.lan
PBS_O_WORKDIR=/home/2/kj405942/POLFED_bosons
Bose-Hubbard: L=6, N=6, nmax=2, dim=141
t=1, U=2, W=1, nreal=300, boundary=periodic, mode=full
Writing partial results to /home/2/kj405942/POLFED_bosons/pbs_bose_legacy_nmax2_periodic/data/U_2/W_1/L_6/N_6_nmax_2/boundary_periodic/energies_full_U2_L6_N6_nmax2_W1_boundaryperiodic_nreal300_partial.txt
realization 1 / 300 ... accepted 1. Emin=-5.45950772, Emax=17.51293839
realization 2 / 300 ... accepted 2. Emin=-3.61094989, Emax=19.51787988
realization 3 / 300 ... accepted 3. Emin=-3.46031080, Emax=19.60222637
realization 4 / 300 ... accepted 4. Emin=-6.79039326, Emax=16.33458119
realization 5 / 300 ... accepted 5. Emin=-6.53648538, Emax=16.97269380
realization 6 / 300 ... accepted 6. Emin=-8.01933340, Emax=15.02164605
realization 7 / 300 ... accepted 7. Emin=-3.35582455, Emax=19.23375434
realization 8 / 300 ... accepted 8. Emin=-4.77774393, Emax=17.93830192
realization 9 / 300 ... accepted 9. Emin=-3.97010545, Emax=18.28249558
realization 10 / 300 ... accepted 10. Emin=-6.94604213, Emax=15.47525950
realization 11 / 300 ... accepted 11. Emin=-5.58759845, Emax=17.53788459
realization 12 / 300 ... accepted 12. Emin=-5.30910895, Emax=17.97249391
realization 13 / 300 ... accepted 13. Emin=-5.64514266, Emax=17.06311125
realization 14 / 300 ... accepted 14. Emin=-2.45958156, Emax=19.70113834
realization 15 / 300 ... accepted 15. Emin=-4.85082668, Emax=18.46195202
realization 16 / 300 ... accepted 16. Emin=-5.89802720, Emax=17.09650799
realization 17 / 300 ... accepted 17. Emin=-6.86460845, Emax=17.14987749
realization 18 / 300 ... accepted 18. Emin=-7.75768446, Emax=14.48998055
realization 19 / 300 ... accepted 19. Emin=-5.17894490, Emax=17.86767270
realization 20 / 300 ... accepted 20. Emin=-3.17640350, Emax=19.92694223
realization 21 / 300 ... accepted 21. Emin=-3.18762099, Emax=19.02013327
realization 22 / 300 ... accepted 22. Emin=-2.58154790, Emax=20.23702299
realization 23 / 300 ... accepted 23. Emin=-5.85217885, Emax=17.61490551
realization 24 / 300 ... accepted 24. Emin=-3.33934724, Emax=19.85679556
realization 25 / 300 ... accepted 25. Emin=-6.67135781, Emax=16.07341484
realization 26 / 300 ... accepted 26. Emin=-4.23224130, Emax=18.71344791
realization 27 / 300 ... accepted 27. Emin=-3.71213446, Emax=19.62650038
realization 28 / 300 ... accepted 28. Emin=-4.11297753, Emax=19.58339124
realization 29 / 300 ... accepted 29. Emin=-5.96940886, Emax=16.54482483
realization 30 / 300 ... accepted 30. Emin=-5.46242829, Emax=17.69994221
realization 31 / 300 ... accepted 31. Emin=-4.10958048, Emax=18.92580118
realization 32 / 300 ... accepted 32. Emin=-4.19936120, Emax=18.47857747
realization 33 / 300 ... accepted 33. Emin=-6.01683623, Emax=16.89570253
realization 34 / 300 ... accepted 34. Emin=-5.94104551, Emax=17.11676644
realization 35 / 300 ... accepted 35. Emin=-6.18650764, Emax=16.64982509
realization 36 / 300 ... accepted 36. Emin=-3.96092054, Emax=18.94544221
realization 37 / 300 ... accepted 37. Emin=-4.66498862, Emax=17.68252314
realization 38 / 300 ... accepted 38. Emin=-3.56232277, Emax=19.20741810
realization 39 / 300 ... accepted 39. Emin=-6.97265328, Emax=15.46146342
realization 40 / 300 ... accepted 40. Emin=-5.57175092, Emax=17.99104999
realization 41 / 300 ... accepted 41. Emin=-4.87372843, Emax=18.30582657
realization 42 / 300 ... accepted 42. Emin=-5.78920024, Emax=17.14221312
realization 43 / 300 ... accepted 43. Emin=-4.81138648, Emax=18.55303841
realization 44 / 300 ... accepted 44. Emin=-6.03692024, Emax=16.52939806
realization 45 / 300 ... accepted 45. Emin=-5.96013746, Emax=16.87618424
realization 46 / 300 ... accepted 46. Emin=-6.46376311, Emax=15.96632783
realization 47 / 300 ... accepted 47. Emin=-2.51948750, Emax=20.26324395
realization 48 / 300 ... accepted 48. Emin=-6.17420225, Emax=16.45610135
realization 49 / 300 ... accepted 49. Emin=-5.97004704, Emax=16.53505736
realization 50 / 300 ... accepted 50. Emin=-5.21484680, Emax=18.10545566
realization 51 / 300 ... accepted 51. Emin=-7.48546887, Emax=15.37045522
realization 52 / 300 ... accepted 52. Emin=-3.79938147, Emax=18.98432852
realization 53 / 300 ... accepted 53. Emin=-5.79191723, Emax=16.87447660
realization 54 / 300 ... accepted 54. Emin=-3.15802329, Emax=19.82056186
realization 55 / 300 ... accepted 55. Emin=-6.72060109, Emax=16.25048809
realization 56 / 300 ... accepted 56. Emin=-5.38840985, Emax=17.13398316
realization 57 / 300 ... accepted 57. Emin=-5.06622419, Emax=18.10826723
realization 58 / 300 ... accepted 58. Emin=-5.58112362, Emax=17.57557302
realization 59 / 300 ... accepted 59. Emin=-5.22348070, Emax=18.62170136
realization 60 / 300 ... accepted 60. Emin=-5.55841348, Emax=17.46614536
realization 61 / 300 ... accepted 61. Emin=-3.89288420, Emax=18.43171441
realization 62 / 300 ... accepted 62. Emin=-7.07429500, Emax=15.70083842
realization 63 / 300 ... accepted 63. Emin=-5.29855469, Emax=18.07955488
realization 64 / 300 ... accepted 64. Emin=-3.53629421, Emax=18.83744178
realization 65 / 300 ... accepted 65. Emin=-6.42739389, Emax=16.14542733
realization 66 / 300 ... accepted 66. Emin=-7.53350399, Emax=15.14923730
realization 67 / 300 ... accepted 67. Emin=-4.47218732, Emax=18.00826791
realization 68 / 300 ... accepted 68. Emin=-4.51354661, Emax=18.60203854
realization 69 / 300 ... accepted 69. Emin=-6.75321003, Emax=16.55618141
realization 70 / 300 ... accepted 70. Emin=-5.62301743, Emax=17.46202848
realization 71 / 300 ... accepted 71. Emin=-5.02119213, Emax=17.06653930
realization 72 / 300 ... accepted 72. Emin=-7.68305269, Emax=15.16756045
realization 73 / 300 ... accepted 73. Emin=-5.69881944, Emax=17.65235014
realization 74 / 300 ... accepted 74. Emin=-2.76753469, Emax=19.85343672
realization 75 / 300 ... accepted 75. Emin=-6.68311967, Emax=16.00812058
realization 76 / 300 ... accepted 76. Emin=-5.96396096, Emax=17.16616642
realization 77 / 300 ... accepted 77. Emin=-5.53181827, Emax=17.93108230
realization 78 / 300 ... accepted 78. Emin=-4.44781514, Emax=19.07407634
realization 79 / 300 ... accepted 79. Emin=-3.69639566, Emax=19.42113647
realization 80 / 300 ... accepted 80. Emin=-7.49367431, Emax=15.28952127
realization 81 / 300 ... accepted 81. Emin=-2.70289794, Emax=20.00157703
realization 82 / 300 ... accepted 82. Emin=-2.59025763, Emax=19.66090380
realization 83 / 300 ... accepted 83. Emin=-4.03758705, Emax=18.41562751
realization 84 / 300 ... accepted 84. Emin=-4.42470896, Emax=18.07790671
realization 85 / 300 ... accepted 85. Emin=-3.97928050, Emax=18.88139546
realization 86 / 300 ... accepted 86. Emin=-6.71535041, Emax=16.70340204
realization 87 / 300 ... accepted 87. Emin=-2.28949726, Emax=20.01352281
realization 88 / 300 ... accepted 88. Emin=-4.17609607, Emax=18.37276534
realization 89 / 300 ... accepted 89. Emin=-5.27409740, Emax=17.96989326
realization 90 / 300 ... accepted 90. Emin=-6.48397856, Emax=16.32529097
realization 91 / 300 ... accepted 91. Emin=-5.22389696, Emax=17.93378109
realization 92 / 300 ... accepted 92. Emin=-4.33205144, Emax=18.14905410
realization 93 / 300 ... accepted 93. Emin=-5.52457767, Emax=17.24443054
realization 94 / 300 ... accepted 94. Emin=-3.50468051, Emax=18.87590606
realization 95 / 300 ... accepted 95. Emin=-4.46161525, Emax=18.06008937
realization 96 / 300 ... accepted 96. Emin=-5.23118536, Emax=17.72635651
realization 97 / 300 ... accepted 97. Emin=-6.41495994, Emax=17.00599859
realization 98 / 300 ... accepted 98. Emin=-7.16390479, Emax=15.73997981
realization 99 / 300 ... accepted 99. Emin=-8.46463465, Emax=14.28613684
realization 100 / 300 ... accepted 100. Emin=-5.88065614, Emax=16.91258225
realization 101 / 300 ... accepted 101. Emin=-3.79381334, Emax=18.97180189
realization 102 / 300 ... accepted 102. Emin=-5.53184162, Emax=17.00591891
realization 103 / 300 ... accepted 103. Emin=-4.87174222, Emax=18.26120244
realization 104 / 300 ... accepted 104. Emin=-7.68632469, Emax=14.71350870
realization 105 / 300 ... accepted 105. Emin=-4.81230781, Emax=19.20440692
realization 106 / 300 ... accepted 106. Emin=-4.40025254, Emax=19.59256854
realization 107 / 300 ... accepted 107. Emin=-5.77448304, Emax=17.84491585
realization 108 / 300 ... accepted 108. Emin=-5.75015852, Emax=17.38325629
realization 109 / 300 ... accepted 109. Emin=-6.45607411, Emax=16.45847538
realization 110 / 300 ... accepted 110. Emin=-7.58612144, Emax=15.10921665
realization 111 / 300 ... accepted 111. Emin=-4.61516066, Emax=19.68522981
realization 112 / 300 ... accepted 112. Emin=-5.97619723, Emax=16.44993222
realization 113 / 300 ... accepted 113. Emin=-5.69693103, Emax=17.05173831
realization 114 / 300 ... accepted 114. Emin=-6.99221079, Emax=15.90776424
realization 115 / 300 ... accepted 115. Emin=-3.15699692, Emax=19.88477078
realization 116 / 300 ... accepted 116. Emin=-5.22756798, Emax=18.03801538
realization 117 / 300 ... accepted 117. Emin=-7.27213521, Emax=15.34931795
realization 118 / 300 ... accepted 118. Emin=-7.57951674, Emax=15.67953103
realization 119 / 300 ... accepted 119. Emin=-6.30389515, Emax=16.15662933
realization 120 / 300 ... accepted 120. Emin=-6.04144754, Emax=17.10758292
realization 121 / 300 ... accepted 121. Emin=-5.38350552, Emax=16.89905791
realization 122 / 300 ... accepted 122. Emin=-5.20141254, Emax=18.43067529
realization 123 / 300 ... accepted 123. Emin=-5.06025409, Emax=17.59378629
realization 124 / 300 ... accepted 124. Emin=-5.41646723, Emax=17.47120736
realization 125 / 300 ... accepted 125. Emin=-6.58450073, Emax=16.12110337
realization 126 / 300 ... accepted 126. Emin=-6.75101124, Emax=16.16897842
realization 127 / 300 ... accepted 127. Emin=-5.39066462, Emax=17.89177525
realization 128 / 300 ... accepted 128. Emin=-3.99472955, Emax=19.81036277
realization 129 / 300 ... accepted 129. Emin=-5.77791041, Emax=17.17131012
realization 130 / 300 ... accepted 130. Emin=-7.27086647, Emax=15.90380392
realization 131 / 300 ... accepted 131. Emin=-2.42587456, Emax=20.21572874
realization 132 / 300 ... accepted 132. Emin=-5.13113012, Emax=18.01297854
realization 133 / 300 ... accepted 133. Emin=-3.93090228, Emax=19.59155858
realization 134 / 300 ... accepted 134. Emin=-6.41390707, Emax=16.15365006
realization 135 / 300 ... accepted 135. Emin=-5.32065579, Emax=17.64491745
realization 136 / 300 ... accepted 136. Emin=-2.78301085, Emax=19.62605096
realization 137 / 300 ... accepted 137. Emin=-2.88158373, Emax=19.31014284
realization 138 / 300 ... accepted 138. Emin=-5.11004131, Emax=17.77138027
realization 139 / 300 ... accepted 139. Emin=-5.80523490, Emax=17.15819658
realization 140 / 300 ... accepted 140. Emin=-5.57846631, Emax=16.92318045
realization 141 / 300 ... accepted 141. Emin=-4.18688839, Emax=19.11544770
realization 142 / 300 ... accepted 142. Emin=-4.91009207, Emax=17.32934290
realization 143 / 300 ... accepted 143. Emin=-6.13018302, Emax=16.98843637
realization 144 / 300 ... accepted 144. Emin=-7.12239304, Emax=15.40132966
realization 145 / 300 ... accepted 145. Emin=-4.53705720, Emax=18.29917194
realization 146 / 300 ... accepted 146. Emin=-6.18549059, Emax=16.60747879
realization 147 / 300 ... accepted 147. Emin=-5.01597671, Emax=17.39565107
realization 148 / 300 ... accepted 148. Emin=-4.12355119, Emax=19.20741654
realization 149 / 300 ... accepted 149. Emin=-3.04434468, Emax=19.79806953
realization 150 / 300 ... accepted 150. Emin=-4.53983216, Emax=18.54534878
realization 151 / 300 ... accepted 151. Emin=-6.75375138, Emax=16.61422210
realization 152 / 300 ... accepted 152. Emin=-5.81824669, Emax=17.08753123
realization 153 / 300 ... accepted 153. Emin=-3.23232024, Emax=19.43575049
realization 154 / 300 ... accepted 154. Emin=-5.34050078, Emax=17.88569205
realization 155 / 300 ... accepted 155. Emin=-6.13308377, Emax=16.62657644
realization 156 / 300 ... accepted 156. Emin=-8.02980538, Emax=14.23770363
realization 157 / 300 ... accepted 157. Emin=-3.82145962, Emax=18.89969642
realization 158 / 300 ... accepted 158. Emin=-8.94267022, Emax=13.25230147
realization 159 / 300 ... accepted 159. Emin=-5.70449832, Emax=16.70969281
realization 160 / 300 ... accepted 160. Emin=-5.93140062, Emax=17.53764242
realization 161 / 300 ... accepted 161. Emin=-5.31794742, Emax=17.03078194
realization 162 / 300 ... accepted 162. Emin=-7.22373139, Emax=15.73616108
realization 163 / 300 ... accepted 163. Emin=-5.45180752, Emax=17.43124740
realization 164 / 300 ... accepted 164. Emin=-6.13844247, Emax=16.94553755
realization 165 / 300 ... accepted 165. Emin=-4.75631205, Emax=17.60417123
realization 166 / 300 ... accepted 166. Emin=-5.04549333, Emax=18.55214007
realization 167 / 300 ... accepted 167. Emin=-5.58677263, Emax=17.06188441
realization 168 / 300 ... accepted 168. Emin=-6.18201733, Emax=16.94047481
realization 169 / 300 ... accepted 169. Emin=-7.62974737, Emax=14.71999290
realization 170 / 300 ... accepted 170. Emin=-2.99643260, Emax=19.61827470
realization 171 / 300 ... accepted 171. Emin=-5.95135791, Emax=16.97548805
realization 172 / 300 ... accepted 172. Emin=-6.96720015, Emax=16.53799287
realization 173 / 300 ... accepted 173. Emin=-5.01698027, Emax=17.81882344
realization 174 / 300 ... accepted 174. Emin=-6.41536927, Emax=16.07910562
realization 175 / 300 ... accepted 175. Emin=-4.20356292, Emax=18.28684751
realization 176 / 300 ... accepted 176. Emin=-6.28181829, Emax=16.93106786
realization 177 / 300 ... accepted 177. Emin=-5.67093542, Emax=16.79389776
realization 178 / 300 ... accepted 178. Emin=-7.25985734, Emax=15.96948359
realization 179 / 300 ... accepted 179. Emin=-1.52657501, Emax=20.71444776
realization 180 / 300 ... accepted 180. Emin=-3.74039906, Emax=18.96712426
realization 181 / 300 ... accepted 181. Emin=-5.38451716, Emax=17.70949928
realization 182 / 300 ... accepted 182. Emin=-6.21828333, Emax=16.20200166
realization 183 / 300 ... accepted 183. Emin=-6.12614851, Emax=16.88485182
realization 184 / 300 ... accepted 184. Emin=-4.52699537, Emax=18.24941801
realization 185 / 300 ... accepted 185. Emin=-6.09601115, Emax=17.15072190
realization 186 / 300 ... accepted 186. Emin=-5.36562646, Emax=17.75484350
realization 187 / 300 ... accepted 187. Emin=-4.14439846, Emax=18.58244523
realization 188 / 300 ... accepted 188. Emin=-4.95869846, Emax=18.13695555
realization 189 / 300 ... accepted 189. Emin=-4.87416747, Emax=17.84388268
realization 190 / 300 ... accepted 190. Emin=-5.68070017, Emax=17.08702097
realization 191 / 300 ... accepted 191. Emin=-2.32303632, Emax=20.77076939
realization 192 / 300 ... accepted 192. Emin=-5.13295473, Emax=17.72546964
realization 193 / 300 ... accepted 193. Emin=-4.23154376, Emax=18.83581399
realization 194 / 300 ... accepted 194. Emin=-6.07628966, Emax=16.26405907
realization 195 / 300 ... accepted 195. Emin=-5.44987221, Emax=17.35991457
realization 196 / 300 ... accepted 196. Emin=-6.11158971, Emax=16.59747114
realization 197 / 300 ... accepted 197. Emin=-5.83517105, Emax=17.40790329
realization 198 / 300 ... accepted 198. Emin=-5.29777215, Emax=18.43081003
realization 199 / 300 ... accepted 199. Emin=-4.13134185, Emax=18.95617135
realization 200 / 300 ... accepted 200. Emin=-6.51516174, Emax=16.16540913
realization 201 / 300 ... accepted 201. Emin=-6.59919796, Emax=16.13372576
realization 202 / 300 ... accepted 202. Emin=-5.22731601, Emax=17.74062290
realization 203 / 300 ... accepted 203. Emin=-6.78314753, Emax=15.57245094
realization 204 / 300 ... accepted 204. Emin=-5.34011746, Emax=17.62089672
realization 205 / 300 ... accepted 205. Emin=-5.90827446, Emax=17.10323469
realization 206 / 300 ... accepted 206. Emin=-4.91786997, Emax=17.65201613
realization 207 / 300 ... accepted 207. Emin=-4.47878450, Emax=19.03056473
realization 208 / 300 ... accepted 208. Emin=-4.38235586, Emax=18.43182315
realization 209 / 300 ... accepted 209. Emin=-7.68537730, Emax=14.61404763
realization 210 / 300 ... accepted 210. Emin=-6.33780036, Emax=16.17115858
realization 211 / 300 ... accepted 211. Emin=-6.47219753, Emax=16.45914007
realization 212 / 300 ... accepted 212. Emin=-7.32478479, Emax=15.83817705
realization 213 / 300 ... accepted 213. Emin=-4.60025097, Emax=17.77959625
realization 214 / 300 ... accepted 214. Emin=-5.04304528, Emax=18.61390292
realization 215 / 300 ... accepted 215. Emin=-5.94860568, Emax=16.55827751
realization 216 / 300 ... accepted 216. Emin=-4.81804794, Emax=18.52886549
realization 217 / 300 ... accepted 217. Emin=-5.45867415, Emax=17.06451241
realization 218 / 300 ... accepted 218. Emin=-7.20404132, Emax=15.28170095
realization 219 / 300 ... accepted 219. Emin=-5.10761846, Emax=17.48844085
realization 220 / 300 ... accepted 220. Emin=-9.07493033, Emax=13.14865000
realization 221 / 300 ... accepted 221. Emin=-6.46213069, Emax=16.23109198
realization 222 / 300 ... accepted 222. Emin=-7.55587787, Emax=15.43007372
realization 223 / 300 ... accepted 223. Emin=-6.79177564, Emax=16.40417748
realization 224 / 300 ... accepted 224. Emin=-6.39263717, Emax=16.55031050
realization 225 / 300 ... accepted 225. Emin=-3.93536878, Emax=19.02148851
realization 226 / 300 ... accepted 226. Emin=-6.74066828, Emax=15.80333806
realization 227 / 300 ... accepted 227. Emin=-7.63502448, Emax=15.43876073
realization 228 / 300 ... accepted 228. Emin=-6.26726174, Emax=17.77391270
realization 229 / 300 ... accepted 229. Emin=-3.75276223, Emax=19.33065027
realization 230 / 300 ... accepted 230. Emin=-6.05591403, Emax=16.03289892
realization 231 / 300 ... accepted 231. Emin=-6.82261857, Emax=16.23731005
realization 232 / 300 ... accepted 232. Emin=-5.12822559, Emax=18.02607836
realization 233 / 300 ... accepted 233. Emin=-5.22267651, Emax=17.37463084
realization 234 / 300 ... accepted 234. Emin=-6.54757466, Emax=16.08543067
realization 235 / 300 ... accepted 235. Emin=-4.29982707, Emax=18.51485362
realization 236 / 300 ... accepted 236. Emin=-6.04228983, Emax=16.17090239
realization 237 / 300 ... accepted 237. Emin=-7.09375925, Emax=15.47284270
realization 238 / 300 ... accepted 238. Emin=-6.13743486, Emax=16.86293478
realization 239 / 300 ... accepted 239. Emin=-6.23156028, Emax=16.38929783
realization 240 / 300 ... accepted 240. Emin=-6.17618394, Emax=16.33578156
realization 241 / 300 ... accepted 241. Emin=-6.52900351, Emax=15.79748187
realization 242 / 300 ... accepted 242. Emin=-5.07338492, Emax=17.15578023
realization 243 / 300 ... accepted 243. Emin=-5.14044535, Emax=17.81932761
realization 244 / 300 ... accepted 244. Emin=-4.42754036, Emax=19.27363255
realization 245 / 300 ... accepted 245. Emin=-4.44513590, Emax=17.96917605
realization 246 / 300 ... accepted 246. Emin=-5.54340254, Emax=16.92818809
realization 247 / 300 ... accepted 247. Emin=-2.58106027, Emax=19.89513647
realization 248 / 300 ... accepted 248. Emin=-5.95319357, Emax=17.12725321
realization 249 / 300 ... accepted 249. Emin=-4.11969909, Emax=18.87921755
realization 250 / 300 ... accepted 250. Emin=-4.74080049, Emax=18.19312972
realization 251 / 300 ... accepted 251. Emin=-6.38967686, Emax=16.38746873
realization 252 / 300 ... accepted 252. Emin=-5.96036754, Emax=17.15851885
realization 253 / 300 ... accepted 253. Emin=-5.31411485, Emax=17.41411279
realization 254 / 300 ... accepted 254. Emin=-4.40589769, Emax=18.66078678
realization 255 / 300 ... accepted 255. Emin=-3.98442720, Emax=19.26721326
realization 256 / 300 ... accepted 256. Emin=-6.52902024, Emax=16.26433908
realization 257 / 300 ... accepted 257. Emin=-4.19639711, Emax=18.88914916
realization 258 / 300 ... accepted 258. Emin=-7.39119807, Emax=15.32680279
realization 259 / 300 ... accepted 259. Emin=-5.46378980, Emax=16.80000374
realization 260 / 300 ... accepted 260. Emin=-2.23461212, Emax=19.95287331
realization 261 / 300 ... accepted 261. Emin=-2.85235994, Emax=19.52841660
realization 262 / 300 ... accepted 262. Emin=-5.50962918, Emax=17.66601649
realization 263 / 300 ... accepted 263. Emin=-7.13034107, Emax=15.11012385
realization 264 / 300 ... accepted 264. Emin=-7.61585816, Emax=14.96236414
realization 265 / 300 ... accepted 265. Emin=-6.06366272, Emax=17.39802632
realization 266 / 300 ... accepted 266. Emin=-6.03519426, Emax=16.62888076
realization 267 / 300 ... accepted 267. Emin=-5.35339179, Emax=18.25728368
realization 268 / 300 ... accepted 268. Emin=-5.80893841, Emax=17.28663008
realization 269 / 300 ... accepted 269. Emin=-5.54586221, Emax=18.20527757
realization 270 / 300 ... accepted 270. Emin=-6.75232281, Emax=16.35129915
realization 271 / 300 ... accepted 271. Emin=-6.98838103, Emax=15.75251934
realization 272 / 300 ... accepted 272. Emin=-6.71376256, Emax=15.55537164
realization 273 / 300 ... accepted 273. Emin=-3.45499700, Emax=19.44350545
realization 274 / 300 ... accepted 274. Emin=-6.14301718, Emax=16.79755658
realization 275 / 300 ... accepted 275. Emin=-5.66127796, Emax=17.33976988
realization 276 / 300 ... accepted 276. Emin=-5.17561195, Emax=17.54351313
realization 277 / 300 ... accepted 277. Emin=-4.57732624, Emax=17.68827751
realization 278 / 300 ... accepted 278. Emin=-4.44788628, Emax=19.01638613
realization 279 / 300 ... accepted 279. Emin=-1.45728471, Emax=20.73510200
realization 280 / 300 ... accepted 280. Emin=-4.42519878, Emax=18.20132732
realization 281 / 300 ... accepted 281. Emin=-5.08671167, Emax=17.95941602
realization 282 / 300 ... accepted 282. Emin=-3.95881312, Emax=18.29085112
realization 283 / 300 ... accepted 283. Emin=-7.17210426, Emax=15.50380449
realization 284 / 300 ... accepted 284. Emin=-7.19716242, Emax=15.41685084
realization 285 / 300 ... accepted 285. Emin=-3.47988362, Emax=19.34690810
realization 286 / 300 ... accepted 286. Emin=-5.83781295, Emax=16.79641503
realization 287 / 300 ... accepted 287. Emin=-4.33605731, Emax=18.87745576
realization 288 / 300 ... accepted 288. Emin=-5.55064691, Emax=16.94558312
realization 289 / 300 ... accepted 289. Emin=-4.02401315, Emax=19.13316743
realization 290 / 300 ... accepted 290. Emin=-6.34731434, Emax=16.25664820
realization 291 / 300 ... accepted 291. Emin=-5.31411222, Emax=18.36720426
realization 292 / 300 ... accepted 292. Emin=-6.89061380, Emax=15.53831732
realization 293 / 300 ... accepted 293. Emin=-4.50639907, Emax=17.94752802
realization 294 / 300 ... accepted 294. Emin=-6.50362317, Emax=16.37033174
realization 295 / 300 ... accepted 295. Emin=-5.62070944, Emax=17.64110442
realization 296 / 300 ... accepted 296. Emin=-4.73137995, Emax=18.04058450
realization 297 / 300 ... accepted 297. Emin=-8.11003629, Emax=14.51760977
realization 298 / 300 ... accepted 298. Emin=-7.38542407, Emax=14.94385506
realization 299 / 300 ... accepted 299. Emin=-3.91664256, Emax=18.95670622
realization 300 / 300 ... accepted 300. Emin=-6.72263945, Emax=16.16015728
Saved final energies: /home/2/kj405942/POLFED_bosons/pbs_bose_legacy_nmax2_periodic/data/U_2/W_1/L_6/N_6_nmax_2/boundary_periodic/energies_full_U2_L6_N6_nmax2_W1_boundaryperiodic_nreal300.txt
Accepted realizations: 300 / 300
Skipped realizations: 0
Job finished at Sun May 31 18:00:06 UTC 2026
