Job started on w19 at Sun May 31 17:58:56 UTC 2026
PBS_JOBID=7731319.kruk-host.ift-klaster.lan
PBS_O_WORKDIR=/home/2/kj405942/POLFED_bosons
Bose-Hubbard: L=6, N=6, nmax=2, dim=141
t=1, U=2, W=10, nreal=300, boundary=periodic, mode=full
Writing partial results to /home/2/kj405942/POLFED_bosons/pbs_bose_legacy_nmax2_periodic/data/U_2/W_10/L_6/N_6_nmax_2/boundary_periodic/energies_full_U2_L6_N6_nmax2_W10_boundaryperiodic_nreal300_partial.txt
realization 1 / 300 ... accepted 1. Emin=-5.91793054, Emax=28.92204707
realization 2 / 300 ... accepted 2. Emin=-6.96443387, Emax=44.21094970
realization 3 / 300 ... accepted 3. Emin=-35.69532609, Emax=19.40581167
realization 4 / 300 ... accepted 4. Emin=-40.88503591, Emax=35.68900407
realization 5 / 300 ... accepted 5. Emin=-10.82049987, Emax=53.84720148
realization 6 / 300 ... accepted 6. Emin=-12.32076378, Emax=24.80302676
realization 7 / 300 ... accepted 7. Emin=-29.29420436, Emax=23.19278211
realization 8 / 300 ... accepted 8. Emin=-12.25202087, Emax=45.20743473
realization 9 / 300 ... accepted 9. Emin=-2.23652598, Emax=56.54999409
realization 10 / 300 ... accepted 10. Emin=-3.48294422, Emax=38.40670662
realization 11 / 300 ... accepted 11. Emin=-22.63095272, Emax=19.51932538
realization 12 / 300 ... accepted 12. Emin=-42.33738164, Emax=41.83385449
realization 13 / 300 ... accepted 13. Emin=-32.03918163, Emax=22.17665667
realization 14 / 300 ... accepted 14. Emin=-25.36964223, Emax=41.14687423
realization 15 / 300 ... accepted 15. Emin=-23.20090701, Emax=27.52793534
realization 16 / 300 ... accepted 16. Emin=-35.61836783, Emax=29.28065354
realization 17 / 300 ... accepted 17. Emin=-24.68973533, Emax=26.65193580
realization 18 / 300 ... accepted 18. Emin=-19.42326373, Emax=49.76321920
realization 19 / 300 ... accepted 19. Emin=-3.28845817, Emax=32.49129279
realization 20 / 300 ... accepted 20. Emin=-7.24776176, Emax=36.48159099
realization 21 / 300 ... accepted 21. Emin=-19.12326682, Emax=34.01694592
realization 22 / 300 ... accepted 22. Emin=-5.21730021, Emax=36.88631383
realization 23 / 300 ... accepted 23. Emin=-20.25581689, Emax=51.42723519
realization 24 / 300 ... accepted 24. Emin=-27.76901901, Emax=5.49200824
realization 25 / 300 ... accepted 25. Emin=-9.71781620, Emax=18.19090343
realization 26 / 300 ... accepted 26. Emin=-16.51025597, Emax=39.07025823
realization 27 / 300 ... accepted 27. Emin=-14.91621970, Emax=52.83022057
realization 28 / 300 ... accepted 28. Emin=-18.20540353, Emax=58.18854875
realization 29 / 300 ... accepted 29. Emin=-15.12716926, Emax=29.32674443
realization 30 / 300 ... accepted 30. Emin=-32.99766569, Emax=31.99289224
realization 31 / 300 ... accepted 31. Emin=-37.99889688, Emax=40.32267353
realization 32 / 300 ... accepted 32. Emin=-27.55040144, Emax=29.77466069
realization 33 / 300 ... accepted 33. Emin=-33.29469600, Emax=37.31108963
realization 34 / 300 ... accepted 34. Emin=-23.08952953, Emax=17.82951510
realization 35 / 300 ... accepted 35. Emin=-27.59983980, Emax=38.74762660
realization 36 / 300 ... accepted 36. Emin=-33.99875219, Emax=23.43114839
realization 37 / 300 ... accepted 37. Emin=-43.87302859, Emax=21.86322450
realization 38 / 300 ... accepted 38. Emin=-12.20321103, Emax=40.06345521
realization 39 / 300 ... accepted 39. Emin=0.71972143, Emax=56.64613849
realization 40 / 300 ... accepted 40. Emin=-34.69895836, Emax=46.34529127
realization 41 / 300 ... accepted 41. Emin=-24.87880204, Emax=31.65949439
realization 42 / 300 ... accepted 42. Emin=3.20220060, Emax=60.20076110
realization 43 / 300 ... accepted 43. Emin=-19.39767394, Emax=43.39718574
realization 44 / 300 ... accepted 44. Emin=-41.07724640, Emax=26.74790405
realization 45 / 300 ... accepted 45. Emin=-20.40394980, Emax=47.06240032
realization 46 / 300 ... accepted 46. Emin=-26.39788920, Emax=21.22280386
realization 47 / 300 ... accepted 47. Emin=-20.38998850, Emax=35.31077808
realization 48 / 300 ... accepted 48. Emin=-21.43775223, Emax=45.05421146
realization 49 / 300 ... accepted 49. Emin=-20.44382807, Emax=36.80199177
realization 50 / 300 ... accepted 50. Emin=8.35517140, Emax=64.03190039
realization 51 / 300 ... accepted 51. Emin=-31.71828104, Emax=22.32702155
realization 52 / 300 ... accepted 52. Emin=-45.16600958, Emax=30.18426783
realization 53 / 300 ... accepted 53. Emin=-24.09618831, Emax=59.60583064
realization 54 / 300 ... accepted 54. Emin=-30.72870048, Emax=30.27173799
realization 55 / 300 ... accepted 55. Emin=-20.55419558, Emax=37.98615535
realization 56 / 300 ... accepted 56. Emin=-28.43534064, Emax=47.05222473
realization 57 / 300 ... accepted 57. Emin=-25.45586913, Emax=20.79107499
realization 58 / 300 ... accepted 58. Emin=-31.22230068, Emax=35.69926495
realization 59 / 300 ... accepted 59. Emin=-18.70339619, Emax=57.47553041
realization 60 / 300 ... accepted 60. Emin=-16.37452093, Emax=49.35860370
realization 61 / 300 ... accepted 61. Emin=-15.09409721, Emax=26.71800399
realization 62 / 300 ... accepted 62. Emin=-12.97828070, Emax=33.04516854
realization 63 / 300 ... accepted 63. Emin=-13.03386174, Emax=43.41892944
realization 64 / 300 ... accepted 64. Emin=-24.44400044, Emax=15.53414204
realization 65 / 300 ... accepted 65. Emin=-23.45910912, Emax=51.16566572
realization 66 / 300 ... accepted 66. Emin=1.57438075, Emax=50.74876003
realization 67 / 300 ... accepted 67. Emin=7.77767573, Emax=65.13838858
realization 68 / 300 ... accepted 68. Emin=-38.17334032, Emax=34.71733335
realization 69 / 300 ... accepted 69. Emin=-43.43277517, Emax=13.10440806
realization 70 / 300 ... accepted 70. Emin=-53.20345907, Emax=-8.63144311
realization 71 / 300 ... accepted 71. Emin=-22.60660685, Emax=30.48412191
realization 72 / 300 ... accepted 72. Emin=-41.54680495, Emax=9.01131843
realization 73 / 300 ... accepted 73. Emin=-16.84584440, Emax=40.42287800
realization 74 / 300 ... accepted 74. Emin=-38.24555020, Emax=14.51135514
realization 75 / 300 ... accepted 75. Emin=-30.97901983, Emax=50.03955385
realization 76 / 300 ... accepted 76. Emin=3.44996599, Emax=60.29661010
realization 77 / 300 ... accepted 77. Emin=6.78428773, Emax=64.99724454
realization 78 / 300 ... accepted 78. Emin=-28.59791374, Emax=10.44466268
realization 79 / 300 ... accepted 79. Emin=-14.04559494, Emax=23.73374632
realization 80 / 300 ... accepted 80. Emin=-14.30474439, Emax=43.80510198
realization 81 / 300 ... accepted 81. Emin=-1.48299325, Emax=54.75983132
realization 82 / 300 ... accepted 82. Emin=-42.15136129, Emax=46.10584737
realization 83 / 300 ... accepted 83. Emin=-12.68373922, Emax=65.43021454
realization 84 / 300 ... accepted 84. Emin=-18.69933272, Emax=32.69459558
realization 85 / 300 ... accepted 85. Emin=-25.88260235, Emax=48.93160823
realization 86 / 300 ... accepted 86. Emin=-11.00007984, Emax=41.22450672
realization 87 / 300 ... accepted 87. Emin=-11.98408289, Emax=40.38907304
realization 88 / 300 ... accepted 88. Emin=-19.71720537, Emax=23.93233023
realization 89 / 300 ... accepted 89. Emin=-22.09322219, Emax=36.02409490
realization 90 / 300 ... accepted 90. Emin=-15.85744083, Emax=58.92218774
realization 91 / 300 ... accepted 91. Emin=-34.05229168, Emax=7.46657920
realization 92 / 300 ... accepted 92. Emin=-2.07670383, Emax=49.90733106
realization 93 / 300 ... accepted 93. Emin=1.79210440, Emax=45.65179710
realization 94 / 300 ... accepted 94. Emin=-14.76036526, Emax=46.46960937
realization 95 / 300 ... accepted 95. Emin=6.83591559, Emax=56.12791412
realization 96 / 300 ... accepted 96. Emin=-21.55309139, Emax=32.21629595
realization 97 / 300 ... accepted 97. Emin=-31.08697584, Emax=34.85468020
realization 98 / 300 ... accepted 98. Emin=-20.14711406, Emax=41.10124666
realization 99 / 300 ... accepted 99. Emin=1.08319089, Emax=41.06380961
realization 100 / 300 ... accepted 100. Emin=-27.04339388, Emax=22.32356360
realization 101 / 300 ... accepted 101. Emin=3.08616000, Emax=30.93709344
realization 102 / 300 ... accepted 102. Emin=-8.90712846, Emax=61.09549946
realization 103 / 300 ... accepted 103. Emin=-31.71884980, Emax=45.36779464
realization 104 / 300 ... accepted 104. Emin=-18.16517058, Emax=51.18988057
realization 105 / 300 ... accepted 105. Emin=-23.41540537, Emax=32.12541491
realization 106 / 300 ... accepted 106. Emin=-12.60293620, Emax=42.67330709
realization 107 / 300 ... accepted 107. Emin=-28.27394710, Emax=46.02607699
realization 108 / 300 ... accepted 108. Emin=-7.43471783, Emax=59.18724875
realization 109 / 300 ... accepted 109. Emin=-3.54033876, Emax=35.61092991
realization 110 / 300 ... accepted 110. Emin=-12.66268685, Emax=23.24684678
realization 111 / 300 ... accepted 111. Emin=-27.05275001, Emax=36.36201774
realization 112 / 300 ... accepted 112. Emin=-23.47496581, Emax=43.58976383
realization 113 / 300 ... accepted 113. Emin=-8.77691816, Emax=51.81874478
realization 114 / 300 ... accepted 114. Emin=-8.67051529, Emax=34.70821723
realization 115 / 300 ... accepted 115. Emin=-11.38049391, Emax=55.95804758
realization 116 / 300 ... accepted 116. Emin=9.00409804, Emax=57.61774822
realization 117 / 300 ... accepted 117. Emin=-41.91522149, Emax=3.91852122
realization 118 / 300 ... accepted 118. Emin=-39.51417014, Emax=28.72121985
realization 119 / 300 ... accepted 119. Emin=-22.67004581, Emax=30.21465594
realization 120 / 300 ... accepted 120. Emin=-16.36788601, Emax=40.99568521
realization 121 / 300 ... accepted 121. Emin=-2.82963774, Emax=41.91849950
realization 122 / 300 ... accepted 122. Emin=-21.22173592, Emax=36.79959778
realization 123 / 300 ... accepted 123. Emin=-25.98344945, Emax=18.14153083
realization 124 / 300 ... accepted 124. Emin=-18.13809262, Emax=51.77571351
realization 125 / 300 ... accepted 125. Emin=-36.78295660, Emax=58.47241301
realization 126 / 300 ... accepted 126. Emin=-28.15984102, Emax=31.60866745
realization 127 / 300 ... accepted 127. Emin=-20.41202139, Emax=39.26773012
realization 128 / 300 ... accepted 128. Emin=-28.15660513, Emax=38.32226487
realization 129 / 300 ... accepted 129. Emin=-1.14680952, Emax=58.63171185
realization 130 / 300 ... accepted 130. Emin=-34.91511109, Emax=44.39548038
realization 131 / 300 ... accepted 131. Emin=-5.71564635, Emax=48.81991425
realization 132 / 300 ... accepted 132. Emin=-31.76654744, Emax=34.52014266
realization 133 / 300 ... accepted 133. Emin=-2.75967900, Emax=50.31058065
realization 134 / 300 ... accepted 134. Emin=15.74798646, Emax=60.20273387
realization 135 / 300 ... accepted 135. Emin=7.89794409, Emax=44.56656506
realization 136 / 300 ... accepted 136. Emin=-20.17234680, Emax=51.57944786
realization 137 / 300 ... accepted 137. Emin=-31.22417065, Emax=38.96771936
realization 138 / 300 ... accepted 138. Emin=-41.74043454, Emax=21.20738803
realization 139 / 300 ... accepted 139. Emin=-32.59935519, Emax=31.42444606
realization 140 / 300 ... accepted 140. Emin=-14.61903487, Emax=39.87499291
realization 141 / 300 ... accepted 141. Emin=-4.03633820, Emax=34.96999153
realization 142 / 300 ... accepted 142. Emin=-22.91917923, Emax=3.39578869
realization 143 / 300 ... accepted 143. Emin=-16.43940659, Emax=52.58093015
realization 144 / 300 ... accepted 144. Emin=-12.20879804, Emax=43.66123196
realization 145 / 300 ... accepted 145. Emin=-26.05709160, Emax=28.72541902
realization 146 / 300 ... accepted 146. Emin=15.37123468, Emax=67.96671829
realization 147 / 300 ... accepted 147. Emin=9.22884732, Emax=41.80672311
realization 148 / 300 ... accepted 148. Emin=11.50860839, Emax=63.46504327
realization 149 / 300 ... accepted 149. Emin=-18.66102564, Emax=36.59979358
realization 150 / 300 ... accepted 150. Emin=-18.27783038, Emax=44.84964262
realization 151 / 300 ... accepted 151. Emin=0.12977584, Emax=61.98950941
realization 152 / 300 ... accepted 152. Emin=-11.88908657, Emax=38.94225388
realization 153 / 300 ... accepted 153. Emin=-36.85986368, Emax=31.07802961
realization 154 / 300 ... accepted 154. Emin=-11.37045486, Emax=44.74068923
realization 155 / 300 ... accepted 155. Emin=-30.29364928, Emax=22.16792076
realization 156 / 300 ... accepted 156. Emin=-46.67000976, Emax=43.99630514
realization 157 / 300 ... accepted 157. Emin=-17.42546107, Emax=43.39610173
realization 158 / 300 ... accepted 158. Emin=-18.46130001, Emax=28.94415658
realization 159 / 300 ... accepted 159. Emin=-22.89823202, Emax=31.49658118
realization 160 / 300 ... accepted 160. Emin=-33.44433369, Emax=20.91963570
realization 161 / 300 ... accepted 161. Emin=-14.86459251, Emax=40.33473800
realization 162 / 300 ... accepted 162. Emin=32.60327625, Emax=61.14555577
realization 163 / 300 ... accepted 163. Emin=-47.30086470, Emax=14.19510291
realization 164 / 300 ... accepted 164. Emin=-14.92814552, Emax=48.66307987
realization 165 / 300 ... accepted 165. Emin=-7.60722877, Emax=48.13404608
realization 166 / 300 ... accepted 166. Emin=-20.10977300, Emax=42.43690777
realization 167 / 300 ... accepted 167. Emin=-42.46779353, Emax=13.69807388
realization 168 / 300 ... accepted 168. Emin=-24.40119997, Emax=36.11725777
realization 169 / 300 ... accepted 169. Emin=-25.46723054, Emax=33.29069844
realization 170 / 300 ... accepted 170. Emin=-28.24581999, Emax=30.69613351
realization 171 / 300 ... accepted 171. Emin=-33.54402017, Emax=57.01478092
realization 172 / 300 ... accepted 172. Emin=-10.97917860, Emax=46.66091652
realization 173 / 300 ... accepted 173. Emin=-27.10038696, Emax=30.93850611
realization 174 / 300 ... accepted 174. Emin=-24.34236337, Emax=44.94666032
realization 175 / 300 ... accepted 175. Emin=-4.16261171, Emax=43.90309300
realization 176 / 300 ... accepted 176. Emin=-19.56135794, Emax=46.42892081
realization 177 / 300 ... accepted 177. Emin=-10.81270497, Emax=28.73893238
realization 178 / 300 ... accepted 178. Emin=-36.66211659, Emax=25.17900680
realization 179 / 300 ... accepted 179. Emin=-13.01918430, Emax=42.55482799
realization 180 / 300 ... accepted 180. Emin=-18.65158116, Emax=30.86026976
realization 181 / 300 ... accepted 181. Emin=-0.95664400, Emax=39.20543647
realization 182 / 300 ... accepted 182. Emin=-21.84126142, Emax=30.50573552
realization 183 / 300 ... accepted 183. Emin=-40.48914875, Emax=13.03023126
realization 184 / 300 ... accepted 184. Emin=-10.31194015, Emax=43.38173824
realization 185 / 300 ... accepted 185. Emin=19.08061778, Emax=59.50412226
realization 186 / 300 ... accepted 186. Emin=-33.28880167, Emax=20.64385633
realization 187 / 300 ... accepted 187. Emin=-12.56597441, Emax=36.66848558
realization 188 / 300 ... accepted 188. Emin=-17.05501049, Emax=53.74591252
realization 189 / 300 ... accepted 189. Emin=-25.73859311, Emax=31.08362481
realization 190 / 300 ... accepted 190. Emin=-22.51612358, Emax=39.95385473
realization 191 / 300 ... accepted 191. Emin=-17.54724899, Emax=51.91917913
realization 192 / 300 ... accepted 192. Emin=-14.98775121, Emax=59.40187423
realization 193 / 300 ... accepted 193. Emin=-31.82957832, Emax=27.39348902
realization 194 / 300 ... accepted 194. Emin=-7.08795456, Emax=59.30621779
realization 195 / 300 ... accepted 195. Emin=-29.11088501, Emax=14.47276988
realization 196 / 300 ... accepted 196. Emin=-0.98965603, Emax=54.50553340
realization 197 / 300 ... accepted 197. Emin=-7.05459007, Emax=25.55813243
realization 198 / 300 ... accepted 198. Emin=-14.33689211, Emax=54.12117492
realization 199 / 300 ... accepted 199. Emin=24.92315841, Emax=67.76952923
realization 200 / 300 ... accepted 200. Emin=-18.28447622, Emax=31.81697646
realization 201 / 300 ... accepted 201. Emin=-30.10845119, Emax=51.01730422
realization 202 / 300 ... accepted 202. Emin=-3.69101221, Emax=44.45299353
realization 203 / 300 ... accepted 203. Emin=11.78446380, Emax=48.45178459
realization 204 / 300 ... accepted 204. Emin=5.16693138, Emax=60.17576978
realization 205 / 300 ... accepted 205. Emin=-9.63443775, Emax=38.68846853
realization 206 / 300 ... accepted 206. Emin=-19.16592524, Emax=50.45253273
realization 207 / 300 ... accepted 207. Emin=9.44521028, Emax=61.96012676
realization 208 / 300 ... accepted 208. Emin=-16.92115390, Emax=33.95705958
realization 209 / 300 ... accepted 209. Emin=-26.11569072, Emax=42.69797187
realization 210 / 300 ... accepted 210. Emin=-44.27753012, Emax=-2.13352238
realization 211 / 300 ... accepted 211. Emin=-2.95479708, Emax=36.95273243
realization 212 / 300 ... accepted 212. Emin=-29.70191269, Emax=6.95927507
realization 213 / 300 ... accepted 213. Emin=-3.17939528, Emax=54.86198715
realization 214 / 300 ... accepted 214. Emin=15.57429221, Emax=64.89244007
realization 215 / 300 ... accepted 215. Emin=-12.73448317, Emax=41.75020024
realization 216 / 300 ... accepted 216. Emin=-46.53419247, Emax=-4.03656959
realization 217 / 300 ... accepted 217. Emin=-23.35280938, Emax=35.21774796
realization 218 / 300 ... accepted 218. Emin=-6.89410162, Emax=48.88802598
realization 219 / 300 ... accepted 219. Emin=-11.63354360, Emax=59.19803235
realization 220 / 300 ... accepted 220. Emin=0.50138621, Emax=41.74149587
realization 221 / 300 ... accepted 221. Emin=-29.44557350, Emax=48.20719827
realization 222 / 300 ... accepted 222. Emin=-11.83344769, Emax=53.29819475
realization 223 / 300 ... accepted 223. Emin=-17.13175870, Emax=56.06514454
realization 224 / 300 ... accepted 224. Emin=11.41729972, Emax=63.83881976
realization 225 / 300 ... accepted 225. Emin=8.94625750, Emax=55.77632129
realization 226 / 300 ... accepted 226. Emin=-16.77608290, Emax=19.65115439
realization 227 / 300 ... accepted 227. Emin=0.68837261, Emax=54.67820221
realization 228 / 300 ... accepted 228. Emin=-5.87505568, Emax=37.04500877
realization 229 / 300 ... accepted 229. Emin=-47.19502747, Emax=19.80533570
realization 230 / 300 ... accepted 230. Emin=20.98030652, Emax=65.54491573
realization 231 / 300 ... accepted 231. Emin=-15.14389310, Emax=52.69040813
realization 232 / 300 ... accepted 232. Emin=-33.21292012, Emax=21.50577086
realization 233 / 300 ... accepted 233. Emin=-29.34540613, Emax=44.64075090
realization 234 / 300 ... accepted 234. Emin=6.56424665, Emax=58.76227698
realization 235 / 300 ... accepted 235. Emin=-34.28001663, Emax=6.37130198
realization 236 / 300 ... accepted 236. Emin=-29.34466847, Emax=19.32147379
realization 237 / 300 ... accepted 237. Emin=-20.50974507, Emax=29.82707065
realization 238 / 300 ... accepted 238. Emin=-27.37416126, Emax=46.99835312
realization 239 / 300 ... accepted 239. Emin=-24.98090287, Emax=46.00077037
realization 240 / 300 ... accepted 240. Emin=-4.19602117, Emax=57.73552660
realization 241 / 300 ... accepted 241. Emin=-33.91799558, Emax=31.98918395
realization 242 / 300 ... accepted 242. Emin=-6.16444345, Emax=40.25855845
realization 243 / 300 ... accepted 243. Emin=-24.92259565, Emax=43.87669570
realization 244 / 300 ... accepted 244. Emin=2.73498247, Emax=64.18573020
realization 245 / 300 ... accepted 245. Emin=-9.20496473, Emax=52.42283663
realization 246 / 300 ... accepted 246. Emin=-28.83990349, Emax=22.32469597
realization 247 / 300 ... accepted 247. Emin=-28.15883659, Emax=29.75659555
realization 248 / 300 ... accepted 248. Emin=-14.64292200, Emax=30.57427350
realization 249 / 300 ... accepted 249. Emin=-13.96130133, Emax=38.30000781
realization 250 / 300 ... accepted 250. Emin=-2.61591298, Emax=44.44652885
realization 251 / 300 ... accepted 251. Emin=-6.28398259, Emax=44.89445131
realization 252 / 300 ... accepted 252. Emin=-26.39222266, Emax=25.87201012
realization 253 / 300 ... accepted 253. Emin=-7.41881856, Emax=60.11330776
realization 254 / 300 ... accepted 254. Emin=-30.49112680, Emax=34.12804291
realization 255 / 300 ... accepted 255. Emin=-33.51988394, Emax=43.58465183
realization 256 / 300 ... accepted 256. Emin=-31.30226001, Emax=38.72628025
realization 257 / 300 ... accepted 257. Emin=12.53301930, Emax=67.00111197
realization 258 / 300 ... accepted 258. Emin=-3.76518062, Emax=33.27971916
realization 259 / 300 ... accepted 259. Emin=-12.90826376, Emax=62.51827421
realization 260 / 300 ... accepted 260. Emin=-30.71810404, Emax=31.08664227
realization 261 / 300 ... accepted 261. Emin=-2.62587955, Emax=60.88664240
realization 262 / 300 ... accepted 262. Emin=-23.76044645, Emax=40.99799346
realization 263 / 300 ... accepted 263. Emin=-36.02002861, Emax=13.70514308
realization 264 / 300 ... accepted 264. Emin=-3.49400965, Emax=51.94385116
realization 265 / 300 ... accepted 265. Emin=-27.06070813, Emax=11.39298095
realization 266 / 300 ... accepted 266. Emin=-17.96311657, Emax=47.77970567
realization 267 / 300 ... accepted 267. Emin=-15.15451272, Emax=48.36340451
realization 268 / 300 ... accepted 268. Emin=-0.40281200, Emax=54.44537809
realization 269 / 300 ... accepted 269. Emin=-22.76089529, Emax=23.35419588
realization 270 / 300 ... accepted 270. Emin=-14.27829690, Emax=26.27802646
realization 271 / 300 ... accepted 271. Emin=-26.55657883, Emax=41.93609750
realization 272 / 300 ... accepted 272. Emin=-13.21879465, Emax=34.36073436
realization 273 / 300 ... accepted 273. Emin=4.69881000, Emax=59.27807331
realization 274 / 300 ... accepted 274. Emin=-27.82188673, Emax=17.53031596
realization 275 / 300 ... accepted 275. Emin=-35.26941155, Emax=31.25509356
realization 276 / 300 ... accepted 276. Emin=-22.85703715, Emax=32.28786379
realization 277 / 300 ... accepted 277. Emin=20.76379457, Emax=56.39357696
realization 278 / 300 ... accepted 278. Emin=-32.85038002, Emax=36.18671049
realization 279 / 300 ... accepted 279. Emin=-19.81284268, Emax=56.62367147
realization 280 / 300 ... accepted 280. Emin=3.31471487, Emax=63.21695278
realization 281 / 300 ... accepted 281. Emin=-5.78497894, Emax=44.09148561
realization 282 / 300 ... accepted 282. Emin=-19.51042067, Emax=30.80310453
realization 283 / 300 ... accepted 283. Emin=10.07735513, Emax=52.35144904
realization 284 / 300 ... accepted 284. Emin=16.87812005, Emax=64.25590310
realization 285 / 300 ... accepted 285. Emin=-31.18112245, Emax=31.67113254
realization 286 / 300 ... accepted 286. Emin=-19.61832794, Emax=50.34237177
realization 287 / 300 ... accepted 287. Emin=-17.63610699, Emax=51.03714928
realization 288 / 300 ... accepted 288. Emin=-19.95578998, Emax=52.95243941
realization 289 / 300 ... accepted 289. Emin=-32.33770475, Emax=13.75285141
realization 290 / 300 ... accepted 290. Emin=1.30718659, Emax=57.70893125
realization 291 / 300 ... accepted 291. Emin=-0.77137376, Emax=44.46886895
realization 292 / 300 ... accepted 292. Emin=-5.08679593, Emax=44.08581678
realization 293 / 300 ... accepted 293. Emin=16.38884961, Emax=57.28795147
realization 294 / 300 ... accepted 294. Emin=-12.74446397, Emax=28.71658182
realization 295 / 300 ... accepted 295. Emin=-38.80809739, Emax=30.41883661
realization 296 / 300 ... accepted 296. Emin=-25.11102931, Emax=52.90257321
realization 297 / 300 ... accepted 297. Emin=-36.01840199, Emax=30.46827149
realization 298 / 300 ... accepted 298. Emin=-24.97139104, Emax=49.44525840
realization 299 / 300 ... accepted 299. Emin=-25.18122512, Emax=33.71958845
realization 300 / 300 ... accepted 300. Emin=5.39062840, Emax=48.36495042
Saved final energies: /home/2/kj405942/POLFED_bosons/pbs_bose_legacy_nmax2_periodic/data/U_2/W_10/L_6/N_6_nmax_2/boundary_periodic/energies_full_U2_L6_N6_nmax2_W10_boundaryperiodic_nreal300.txt
Accepted realizations: 300 / 300
Skipped realizations: 0
Job finished at Sun May 31 18:00:17 UTC 2026
