Job started on w19 at Sun May 31 17:58:57 UTC 2026
PBS_JOBID=7731323.kruk-host.ift-klaster.lan
PBS_O_WORKDIR=/home/2/kj405942/POLFED_bosons
Bose-Hubbard: L=6, N=6, nmax=2, dim=141
t=1, U=2, W=14, nreal=300, boundary=periodic, mode=full
Writing partial results to /home/2/kj405942/POLFED_bosons/pbs_bose_legacy_nmax2_periodic/data/U_2/W_14/L_6/N_6_nmax_2/boundary_periodic/energies_full_U2_L6_N6_nmax2_W14_boundaryperiodic_nreal300_partial.txt
realization 1 / 300 ... accepted 1. Emin=-40.15222118, Emax=51.28500551
realization 2 / 300 ... accepted 2. Emin=-18.34954905, Emax=70.43084652
realization 3 / 300 ... accepted 3. Emin=-22.12327307, Emax=80.31574287
realization 4 / 300 ... accepted 4. Emin=-4.35068667, Emax=47.02287281
realization 5 / 300 ... accepted 5. Emin=0.55416701, Emax=78.40263255
realization 6 / 300 ... accepted 6. Emin=-0.92270364, Emax=63.65067202
realization 7 / 300 ... accepted 7. Emin=-61.74085183, Emax=21.87896873
realization 8 / 300 ... accepted 8. Emin=-38.62175176, Emax=58.30785592
realization 9 / 300 ... accepted 9. Emin=-36.29113611, Emax=26.88239653
realization 10 / 300 ... accepted 10. Emin=-35.06590819, Emax=80.94866359
realization 11 / 300 ... accepted 11. Emin=-0.32686919, Emax=76.23571958
realization 12 / 300 ... accepted 12. Emin=-9.80348435, Emax=62.60312111
realization 13 / 300 ... accepted 13. Emin=-38.24385987, Emax=53.57095411
realization 14 / 300 ... accepted 14. Emin=-52.62460376, Emax=46.77417379
realization 15 / 300 ... accepted 15. Emin=-52.20515220, Emax=32.32849391
realization 16 / 300 ... accepted 16. Emin=-34.50823729, Emax=61.99026773
realization 17 / 300 ... accepted 17. Emin=-29.07279309, Emax=51.63995138
realization 18 / 300 ... accepted 18. Emin=-48.50947437, Emax=17.09032928
realization 19 / 300 ... accepted 19. Emin=8.84005037, Emax=77.65529975
realization 20 / 300 ... accepted 20. Emin=-31.20589109, Emax=58.71062594
realization 21 / 300 ... accepted 21. Emin=-47.42622886, Emax=36.86677567
realization 22 / 300 ... accepted 22. Emin=-29.56886118, Emax=37.37976409
realization 23 / 300 ... accepted 23. Emin=-34.49074348, Emax=58.15206117
realization 24 / 300 ... accepted 24. Emin=-12.35133960, Emax=72.92376628
realization 25 / 300 ... accepted 25. Emin=-25.63780732, Emax=34.47787299
realization 26 / 300 ... accepted 26. Emin=25.81794228, Emax=64.82181127
realization 27 / 300 ... accepted 27. Emin=-12.83472975, Emax=59.44238324
realization 28 / 300 ... accepted 28. Emin=-45.26409978, Emax=51.95901184
realization 29 / 300 ... accepted 29. Emin=-59.12578999, Emax=46.15590013
realization 30 / 300 ... accepted 30. Emin=-10.81104473, Emax=77.10439747
realization 31 / 300 ... accepted 31. Emin=-57.18690447, Emax=53.37195006
realization 32 / 300 ... accepted 32. Emin=-50.60397943, Emax=31.20923748
realization 33 / 300 ... accepted 33. Emin=-27.33464970, Emax=54.17642634
realization 34 / 300 ... accepted 34. Emin=-44.69174691, Emax=37.53134964
realization 35 / 300 ... accepted 35. Emin=-40.30297994, Emax=62.94695020
realization 36 / 300 ... accepted 36. Emin=-37.65735818, Emax=16.87286521
realization 37 / 300 ... accepted 37. Emin=-8.79861275, Emax=62.62960959
realization 38 / 300 ... accepted 38. Emin=-45.51189185, Emax=36.58912941
realization 39 / 300 ... accepted 39. Emin=-55.65292198, Emax=2.60158221
realization 40 / 300 ... accepted 40. Emin=-36.82881933, Emax=41.82363641
realization 41 / 300 ... accepted 41. Emin=-31.41701376, Emax=57.41480896
realization 42 / 300 ... accepted 42. Emin=-35.38424409, Emax=78.10679531
realization 43 / 300 ... accepted 43. Emin=-32.24744326, Emax=42.15140653
realization 44 / 300 ... accepted 44. Emin=-32.85361961, Emax=18.82976879
realization 45 / 300 ... accepted 45. Emin=-32.71106590, Emax=60.32778504
realization 46 / 300 ... accepted 46. Emin=-44.63024323, Emax=57.48901294
realization 47 / 300 ... accepted 47. Emin=-21.33691829, Emax=64.34447047
realization 48 / 300 ... accepted 48. Emin=-61.88740106, Emax=37.90443787
realization 49 / 300 ... accepted 49. Emin=-38.74980999, Emax=37.85025801
realization 50 / 300 ... accepted 50. Emin=-20.01765984, Emax=43.47839822
realization 51 / 300 ... accepted 51. Emin=-45.56939491, Emax=40.00633859
realization 52 / 300 ... accepted 52. Emin=-3.18344583, Emax=57.91318918
realization 53 / 300 ... accepted 53. Emin=-42.02952116, Emax=7.69819325
realization 54 / 300 ... accepted 54. Emin=-17.27355031, Emax=44.71814854
realization 55 / 300 ... accepted 55. Emin=-28.60502055, Emax=28.31196812
realization 56 / 300 ... accepted 56. Emin=-42.52661101, Emax=30.95474487
realization 57 / 300 ... accepted 57. Emin=-47.50559512, Emax=52.50599665
realization 58 / 300 ... accepted 58. Emin=-44.49733493, Emax=34.97601601
realization 59 / 300 ... accepted 59. Emin=-2.81982963, Emax=74.44189061
realization 60 / 300 ... accepted 60. Emin=-36.79073473, Emax=83.18461523
realization 61 / 300 ... accepted 61. Emin=-32.19812306, Emax=27.31252217
realization 62 / 300 ... accepted 62. Emin=-45.18389982, Emax=62.07025555
realization 63 / 300 ... accepted 63. Emin=-8.76261807, Emax=55.30719333
realization 64 / 300 ... accepted 64. Emin=23.27854349, Emax=82.99754878
realization 65 / 300 ... accepted 65. Emin=-21.17285910, Emax=62.48733784
realization 66 / 300 ... accepted 66. Emin=-35.27089187, Emax=38.94583237
realization 67 / 300 ... accepted 67. Emin=-37.03226827, Emax=16.75353322
realization 68 / 300 ... accepted 68. Emin=-33.53526730, Emax=52.04611593
realization 69 / 300 ... accepted 69. Emin=-4.00485626, Emax=76.46494814
realization 70 / 300 ... accepted 70. Emin=-29.30528740, Emax=60.20038339
realization 71 / 300 ... accepted 71. Emin=-44.71204247, Emax=72.91767228
realization 72 / 300 ... accepted 72. Emin=-8.81694069, Emax=61.18723865
realization 73 / 300 ... accepted 73. Emin=-45.89009114, Emax=51.18674871
realization 74 / 300 ... accepted 74. Emin=-16.78641905, Emax=58.19825829
realization 75 / 300 ... accepted 75. Emin=-39.00286048, Emax=52.30304862
realization 76 / 300 ... accepted 76. Emin=-50.98555104, Emax=42.40655685
realization 77 / 300 ... accepted 77. Emin=-38.53595188, Emax=58.49206651
realization 78 / 300 ... accepted 78. Emin=-42.55922995, Emax=10.45604164
realization 79 / 300 ... accepted 79. Emin=-16.68176308, Emax=45.86729393
realization 80 / 300 ... accepted 80. Emin=-25.59075322, Emax=57.63235768
realization 81 / 300 ... accepted 81. Emin=-43.42749303, Emax=42.08212240
realization 82 / 300 ... accepted 82. Emin=15.38642034, Emax=85.34554978
realization 83 / 300 ... accepted 83. Emin=-43.13674830, Emax=36.48441889
realization 84 / 300 ... accepted 84. Emin=-41.58318004, Emax=39.36241630
realization 85 / 300 ... accepted 85. Emin=-62.19593946, Emax=67.89482487
realization 86 / 300 ... accepted 86. Emin=-9.67226750, Emax=50.36882255
realization 87 / 300 ... accepted 87. Emin=-35.83677629, Emax=39.65959013
realization 88 / 300 ... accepted 88. Emin=2.12143555, Emax=74.09142523
realization 89 / 300 ... accepted 89. Emin=-39.00617333, Emax=51.03773024
realization 90 / 300 ... accepted 90. Emin=-22.07907838, Emax=46.72049619
realization 91 / 300 ... accepted 91. Emin=-63.77483714, Emax=66.78051260
realization 92 / 300 ... accepted 92. Emin=-61.65131234, Emax=13.85592127
realization 93 / 300 ... accepted 93. Emin=-44.39671068, Emax=78.34623768
realization 94 / 300 ... accepted 94. Emin=-32.73317223, Emax=46.56297729
realization 95 / 300 ... accepted 95. Emin=0.96389407, Emax=57.12233714
realization 96 / 300 ... accepted 96. Emin=-50.51936572, Emax=33.73255931
realization 97 / 300 ... accepted 97. Emin=-36.55283723, Emax=31.85555815
realization 98 / 300 ... accepted 98. Emin=6.62173633, Emax=63.04071454
realization 99 / 300 ... accepted 99. Emin=-33.99575548, Emax=38.91449320
realization 100 / 300 ... accepted 100. Emin=-38.73279108, Emax=24.62677196
realization 101 / 300 ... accepted 101. Emin=6.22366273, Emax=43.07033492
realization 102 / 300 ... accepted 102. Emin=-41.67826862, Emax=47.19067393
realization 103 / 300 ... accepted 103. Emin=-23.16448085, Emax=38.94943531
realization 104 / 300 ... accepted 104. Emin=5.71805125, Emax=83.89314502
realization 105 / 300 ... accepted 105. Emin=23.88151463, Emax=80.36377893
realization 106 / 300 ... accepted 106. Emin=-38.64652403, Emax=36.67356182
realization 107 / 300 ... accepted 107. Emin=-11.70167344, Emax=76.97586403
realization 108 / 300 ... accepted 108. Emin=-11.35776390, Emax=81.87696942
realization 109 / 300 ... accepted 109. Emin=-5.92690996, Emax=69.77547759
realization 110 / 300 ... accepted 110. Emin=-21.64496888, Emax=60.84610814
realization 111 / 300 ... accepted 111. Emin=-57.72300943, Emax=7.28976255
realization 112 / 300 ... accepted 112. Emin=-7.68620418, Emax=81.12462427
realization 113 / 300 ... accepted 113. Emin=-44.89482892, Emax=43.42185688
realization 114 / 300 ... accepted 114. Emin=-27.95637684, Emax=40.73690542
realization 115 / 300 ... accepted 115. Emin=-54.38395975, Emax=12.84385514
realization 116 / 300 ... accepted 116. Emin=-33.17187159, Emax=52.45636392
realization 117 / 300 ... accepted 117. Emin=-50.11271934, Emax=63.79001269
realization 118 / 300 ... accepted 118. Emin=-36.42641978, Emax=72.25828445
realization 119 / 300 ... accepted 119. Emin=-33.16216183, Emax=61.72418477
realization 120 / 300 ... accepted 120. Emin=-28.74761395, Emax=53.04787463
realization 121 / 300 ... accepted 121. Emin=-47.80584276, Emax=45.03388992
realization 122 / 300 ... accepted 122. Emin=-43.89755714, Emax=28.12882630
realization 123 / 300 ... accepted 123. Emin=-5.25096331, Emax=35.58600261
realization 124 / 300 ... accepted 124. Emin=-27.06997132, Emax=71.79625099
realization 125 / 300 ... accepted 125. Emin=-7.56835831, Emax=80.11780950
realization 126 / 300 ... accepted 126. Emin=16.89300687, Emax=76.55447953
realization 127 / 300 ... accepted 127. Emin=-39.81606770, Emax=35.78483561
realization 128 / 300 ... accepted 128. Emin=-49.46830771, Emax=36.06983277
realization 129 / 300 ... accepted 129. Emin=-11.96650609, Emax=65.00305066
realization 130 / 300 ... accepted 130. Emin=-28.43941798, Emax=29.36578322
realization 131 / 300 ... accepted 131. Emin=-17.10172555, Emax=54.92666267
realization 132 / 300 ... accepted 132. Emin=-53.38837891, Emax=42.42776110
realization 133 / 300 ... accepted 133. Emin=-53.62608530, Emax=36.77505374
realization 134 / 300 ... accepted 134. Emin=-6.55976093, Emax=47.00723037
realization 135 / 300 ... accepted 135. Emin=8.77451969, Emax=58.21961114
realization 136 / 300 ... accepted 136. Emin=-36.50161587, Emax=35.58329034
realization 137 / 300 ... accepted 137. Emin=-9.69798849, Emax=71.82000345
realization 138 / 300 ... accepted 138. Emin=-42.29246660, Emax=51.07840631
realization 139 / 300 ... accepted 139. Emin=-59.70848576, Emax=10.32496980
realization 140 / 300 ... accepted 140. Emin=-23.96299496, Emax=53.36800492
realization 141 / 300 ... accepted 141. Emin=-19.76155458, Emax=63.13191381
realization 142 / 300 ... accepted 142. Emin=-35.89592681, Emax=20.71725776
realization 143 / 300 ... accepted 143. Emin=-47.78949728, Emax=60.56525344
realization 144 / 300 ... accepted 144. Emin=-40.32397000, Emax=41.82478694
realization 145 / 300 ... accepted 145. Emin=-32.48176503, Emax=57.95673690
realization 146 / 300 ... accepted 146. Emin=-12.58109482, Emax=59.43073734
realization 147 / 300 ... accepted 147. Emin=-49.71509369, Emax=53.96104428
realization 148 / 300 ... accepted 148. Emin=-36.79247045, Emax=56.31006805
realization 149 / 300 ... accepted 149. Emin=-31.09825536, Emax=41.13636421
realization 150 / 300 ... accepted 150. Emin=-16.69851020, Emax=83.04069847
realization 151 / 300 ... accepted 151. Emin=-35.58983425, Emax=69.51924597
realization 152 / 300 ... accepted 152. Emin=-46.84726161, Emax=44.95008673
realization 153 / 300 ... accepted 153. Emin=-34.28285229, Emax=77.05931924
realization 154 / 300 ... accepted 154. Emin=-62.89387114, Emax=7.51702792
realization 155 / 300 ... accepted 155. Emin=-56.44266946, Emax=32.08841283
realization 156 / 300 ... accepted 156. Emin=-42.71444060, Emax=20.30316925
realization 157 / 300 ... accepted 157. Emin=-23.36744874, Emax=41.25402053
realization 158 / 300 ... accepted 158. Emin=-18.51332053, Emax=57.79754729
realization 159 / 300 ... accepted 159. Emin=-46.61825310, Emax=34.88970111
realization 160 / 300 ... accepted 160. Emin=-43.78760761, Emax=28.61362988
realization 161 / 300 ... accepted 161. Emin=-57.08390071, Emax=63.58948003
realization 162 / 300 ... accepted 162. Emin=-7.83633150, Emax=69.64894611
realization 163 / 300 ... accepted 163. Emin=-38.18439208, Emax=58.77476994
realization 164 / 300 ... accepted 164. Emin=-35.50707541, Emax=45.20338143
realization 165 / 300 ... accepted 165. Emin=6.07580069, Emax=87.17507725
realization 166 / 300 ... accepted 166. Emin=-20.94378987, Emax=58.28866599
realization 167 / 300 ... accepted 167. Emin=-65.03674788, Emax=-5.38892213
realization 168 / 300 ... accepted 168. Emin=-51.96533266, Emax=41.96786310
realization 169 / 300 ... accepted 169. Emin=-28.21730655, Emax=29.16470291
realization 170 / 300 ... accepted 170. Emin=-53.94806413, Emax=38.33761023
realization 171 / 300 ... accepted 171. Emin=-62.34699212, Emax=32.97333484
realization 172 / 300 ... accepted 172. Emin=-38.33931511, Emax=38.82516733
realization 173 / 300 ... accepted 173. Emin=-36.21180025, Emax=62.02355520
realization 174 / 300 ... accepted 174. Emin=13.98145407, Emax=61.86910081
realization 175 / 300 ... accepted 175. Emin=-24.16467427, Emax=64.53350371
realization 176 / 300 ... accepted 176. Emin=-14.02746272, Emax=48.53737392
realization 177 / 300 ... accepted 177. Emin=-5.00192853, Emax=78.70953437
realization 178 / 300 ... accepted 178. Emin=-43.27058959, Emax=65.96932090
realization 179 / 300 ... accepted 179. Emin=-18.23856757, Emax=66.90170824
realization 180 / 300 ... accepted 180. Emin=-8.45602975, Emax=63.84389991
realization 181 / 300 ... accepted 181. Emin=-12.69795482, Emax=38.08547985
realization 182 / 300 ... accepted 182. Emin=-44.13763154, Emax=64.72344544
realization 183 / 300 ... accepted 183. Emin=-47.69738777, Emax=13.60559555
realization 184 / 300 ... accepted 184. Emin=-42.82728107, Emax=25.81816733
realization 185 / 300 ... accepted 185. Emin=-33.45043821, Emax=50.46174695
realization 186 / 300 ... accepted 186. Emin=-19.00414545, Emax=69.28604538
realization 187 / 300 ... accepted 187. Emin=-47.19215003, Emax=72.34112743
realization 188 / 300 ... accepted 188. Emin=-11.42179996, Emax=74.01400317
realization 189 / 300 ... accepted 189. Emin=-61.08652510, Emax=28.58192325
realization 190 / 300 ... accepted 190. Emin=-42.45088897, Emax=21.01203075
realization 191 / 300 ... accepted 191. Emin=-12.66174511, Emax=45.45434205
realization 192 / 300 ... accepted 192. Emin=-31.49312072, Emax=71.38014569
realization 193 / 300 ... accepted 193. Emin=-37.05468323, Emax=76.86189481
realization 194 / 300 ... accepted 194. Emin=-38.31764689, Emax=54.07979168
realization 195 / 300 ... accepted 195. Emin=-18.08820689, Emax=36.37137437
realization 196 / 300 ... accepted 196. Emin=3.10733587, Emax=82.02291664
realization 197 / 300 ... accepted 197. Emin=0.65640453, Emax=73.84534798
realization 198 / 300 ... accepted 198. Emin=-46.69068488, Emax=47.86900495
realization 199 / 300 ... accepted 199. Emin=-57.05733393, Emax=29.78755548
realization 200 / 300 ... accepted 200. Emin=-26.53761424, Emax=61.32962697
realization 201 / 300 ... accepted 201. Emin=-29.49264188, Emax=36.09982783
realization 202 / 300 ... accepted 202. Emin=-64.44480759, Emax=20.23823207
realization 203 / 300 ... accepted 203. Emin=-41.58759773, Emax=38.10570547
realization 204 / 300 ... accepted 204. Emin=-36.01689790, Emax=67.74442056
realization 205 / 300 ... accepted 205. Emin=-40.66303157, Emax=62.68761621
realization 206 / 300 ... accepted 206. Emin=-49.50958727, Emax=-8.01735951
realization 207 / 300 ... accepted 207. Emin=-41.65072083, Emax=90.72407260
realization 208 / 300 ... accepted 208. Emin=0.01542788, Emax=69.93714961
realization 209 / 300 ... accepted 209. Emin=-13.49577591, Emax=42.28238081
realization 210 / 300 ... accepted 210. Emin=-26.75604731, Emax=35.02269323
realization 211 / 300 ... accepted 211. Emin=-15.94923882, Emax=60.95902564
realization 212 / 300 ... accepted 212. Emin=-50.36918803, Emax=55.72831795
realization 213 / 300 ... accepted 213. Emin=-57.84539573, Emax=25.11990090
realization 214 / 300 ... accepted 214. Emin=-17.49414120, Emax=81.21886977
realization 215 / 300 ... accepted 215. Emin=-47.62539943, Emax=23.93394745
realization 216 / 300 ... accepted 216. Emin=-60.91221986, Emax=40.42096874
realization 217 / 300 ... accepted 217. Emin=-24.29654193, Emax=66.73144374
realization 218 / 300 ... accepted 218. Emin=14.93074334, Emax=79.98943703
realization 219 / 300 ... accepted 219. Emin=-38.09868404, Emax=73.97882917
realization 220 / 300 ... accepted 220. Emin=40.06780625, Emax=81.56304945
realization 221 / 300 ... accepted 221. Emin=34.19053023, Emax=78.57251303
realization 222 / 300 ... accepted 222. Emin=3.15685344, Emax=81.68327914
realization 223 / 300 ... accepted 223. Emin=-49.30120587, Emax=-6.88035616
realization 224 / 300 ... accepted 224. Emin=-39.69425660, Emax=22.09772931
realization 225 / 300 ... accepted 225. Emin=-42.46988103, Emax=17.37910336
realization 226 / 300 ... accepted 226. Emin=4.79237349, Emax=76.46359436
realization 227 / 300 ... accepted 227. Emin=-39.69139287, Emax=42.19326794
realization 228 / 300 ... accepted 228. Emin=-23.22551292, Emax=33.94045769
realization 229 / 300 ... accepted 229. Emin=-3.23164075, Emax=73.70533821
realization 230 / 300 ... accepted 230. Emin=-35.40221775, Emax=22.36126527
realization 231 / 300 ... accepted 231. Emin=-34.02588373, Emax=43.50437037
realization 232 / 300 ... accepted 232. Emin=3.67314863, Emax=79.09800909
realization 233 / 300 ... accepted 233. Emin=-17.97522306, Emax=62.76819384
realization 234 / 300 ... accepted 234. Emin=-33.61995360, Emax=36.76956946
realization 235 / 300 ... accepted 235. Emin=-9.76940423, Emax=71.18402379
realization 236 / 300 ... accepted 236. Emin=-66.32145076, Emax=-6.99497310
realization 237 / 300 ... accepted 237. Emin=-25.78395202, Emax=61.87879887
realization 238 / 300 ... accepted 238. Emin=-50.63478361, Emax=31.88971608
realization 239 / 300 ... accepted 239. Emin=-62.20801052, Emax=14.17064375
realization 240 / 300 ... accepted 240. Emin=-60.14485213, Emax=-23.76749062
realization 241 / 300 ... accepted 241. Emin=-31.63708462, Emax=56.32631441
realization 242 / 300 ... accepted 242. Emin=-26.88234145, Emax=44.33903237
realization 243 / 300 ... accepted 243. Emin=-51.81247287, Emax=55.14048859
realization 244 / 300 ... accepted 244. Emin=-32.79960592, Emax=76.06253940
realization 245 / 300 ... accepted 245. Emin=-39.07182488, Emax=34.03250529
realization 246 / 300 ... accepted 246. Emin=-8.38515802, Emax=81.42571707
realization 247 / 300 ... accepted 247. Emin=-52.25472211, Emax=39.28620704
realization 248 / 300 ... accepted 248. Emin=-54.99337229, Emax=3.09355003
realization 249 / 300 ... accepted 249. Emin=-52.64827716, Emax=69.25284398
realization 250 / 300 ... accepted 250. Emin=-28.88805285, Emax=34.87973984
realization 251 / 300 ... accepted 251. Emin=-29.19354396, Emax=25.85571993
realization 252 / 300 ... accepted 252. Emin=18.32471261, Emax=74.10856311
realization 253 / 300 ... accepted 253. Emin=-48.87870330, Emax=68.29248433
realization 254 / 300 ... accepted 254. Emin=-32.14182057, Emax=68.12601673
realization 255 / 300 ... accepted 255. Emin=-44.36989790, Emax=-2.51308291
realization 256 / 300 ... accepted 256. Emin=-14.72908448, Emax=73.02557384
realization 257 / 300 ... accepted 257. Emin=-20.37400962, Emax=60.16510093
realization 258 / 300 ... accepted 258. Emin=-30.85901935, Emax=66.62742464
realization 259 / 300 ... accepted 259. Emin=-58.03471180, Emax=7.40745473
realization 260 / 300 ... accepted 260. Emin=-5.59506827, Emax=61.86676743
realization 261 / 300 ... accepted 261. Emin=-12.79666741, Emax=65.17223232
realization 262 / 300 ... accepted 262. Emin=4.27202273, Emax=46.03107385
realization 263 / 300 ... accepted 263. Emin=-0.99402115, Emax=48.10551903
realization 264 / 300 ... accepted 264. Emin=-4.23860423, Emax=44.91225486
realization 265 / 300 ... accepted 265. Emin=0.34046692, Emax=63.67586739
realization 266 / 300 ... accepted 266. Emin=-44.84140471, Emax=48.95161754
realization 267 / 300 ... accepted 267. Emin=-31.81042413, Emax=45.83064337
realization 268 / 300 ... accepted 268. Emin=-22.26254096, Emax=63.34723767
realization 269 / 300 ... accepted 269. Emin=-59.93659867, Emax=4.48365683
realization 270 / 300 ... accepted 270. Emin=-45.57701776, Emax=36.84710078
realization 271 / 300 ... accepted 271. Emin=-12.10234456, Emax=72.20029323
realization 272 / 300 ... accepted 272. Emin=-65.47183578, Emax=23.37398695
realization 273 / 300 ... accepted 273. Emin=-5.98015820, Emax=69.47628041
realization 274 / 300 ... accepted 274. Emin=1.25952696, Emax=79.43468509
realization 275 / 300 ... accepted 275. Emin=-2.60847554, Emax=59.93898525
realization 276 / 300 ... accepted 276. Emin=-13.60218439, Emax=66.50565570
realization 277 / 300 ... accepted 277. Emin=-6.50355098, Emax=86.68823648
realization 278 / 300 ... accepted 278. Emin=-43.58612508, Emax=54.29183362
realization 279 / 300 ... accepted 279. Emin=-62.33138795, Emax=3.19315984
realization 280 / 300 ... accepted 280. Emin=-3.04800352, Emax=59.19691513
realization 281 / 300 ... accepted 281. Emin=7.38379454, Emax=68.26728241
realization 282 / 300 ... accepted 282. Emin=-31.89516118, Emax=42.90179201
realization 283 / 300 ... accepted 283. Emin=-27.83282992, Emax=35.23608614
realization 284 / 300 ... accepted 284. Emin=-33.96912879, Emax=53.62128986
realization 285 / 300 ... accepted 285. Emin=-27.59404266, Emax=63.99646920
realization 286 / 300 ... accepted 286. Emin=-56.88188123, Emax=-21.78101523
realization 287 / 300 ... accepted 287. Emin=-37.25131463, Emax=45.29600489
realization 288 / 300 ... accepted 288. Emin=-33.89747015, Emax=60.24276980
realization 289 / 300 ... accepted 289. Emin=-38.20908924, Emax=50.23211999
realization 290 / 300 ... accepted 290. Emin=-30.22551269, Emax=42.11047802
realization 291 / 300 ... accepted 291. Emin=-14.60429387, Emax=59.31544502
realization 292 / 300 ... accepted 292. Emin=-43.07916570, Emax=26.38624656
realization 293 / 300 ... accepted 293. Emin=29.48828464, Emax=79.70806739
realization 294 / 300 ... accepted 294. Emin=-7.33565693, Emax=64.50537984
realization 295 / 300 ... accepted 295. Emin=-5.37060845, Emax=53.75391235
realization 296 / 300 ... accepted 296. Emin=-8.83061717, Emax=65.90356816
realization 297 / 300 ... accepted 297. Emin=-27.75932307, Emax=75.11595739
realization 298 / 300 ... accepted 298. Emin=-45.16456971, Emax=28.87017235
realization 299 / 300 ... accepted 299. Emin=-22.52492803, Emax=70.19036893
realization 300 / 300 ... accepted 300. Emin=-21.17166584, Emax=68.60008689
Saved final energies: /home/2/kj405942/POLFED_bosons/pbs_bose_legacy_nmax2_periodic/data/U_2/W_14/L_6/N_6_nmax_2/boundary_periodic/energies_full_U2_L6_N6_nmax2_W14_boundaryperiodic_nreal300.txt
Accepted realizations: 300 / 300
Skipped realizations: 0
Job finished at Sun May 31 18:00:35 UTC 2026
