Job started on w19 at Sun May 31 17:58:56 UTC 2026
PBS_JOBID=7731320.kruk-host.ift-klaster.lan
PBS_O_WORKDIR=/home/2/kj405942/POLFED_bosons
Bose-Hubbard: L=6, N=6, nmax=2, dim=141
t=1, U=2, W=11, nreal=300, boundary=periodic, mode=full
Writing partial results to /home/2/kj405942/POLFED_bosons/pbs_bose_legacy_nmax2_periodic/data/U_2/W_11/L_6/N_6_nmax_2/boundary_periodic/energies_full_U2_L6_N6_nmax2_W11_boundaryperiodic_nreal300_partial.txt
realization 1 / 300 ... accepted 1. Emin=1.21332387, Emax=62.15358912
realization 2 / 300 ... accepted 2. Emin=-36.85508659, Emax=4.78444997
realization 3 / 300 ... accepted 3. Emin=-18.53026755, Emax=57.56312782
realization 4 / 300 ... accepted 4. Emin=-23.05296102, Emax=56.52157067
realization 5 / 300 ... accepted 5. Emin=4.43111966, Emax=52.68782860
realization 6 / 300 ... accepted 6. Emin=-19.23003189, Emax=55.37311691
realization 7 / 300 ... accepted 7. Emin=-31.53358230, Emax=36.63668541
realization 8 / 300 ... accepted 8. Emin=1.36836901, Emax=62.37241633
realization 9 / 300 ... accepted 9. Emin=-10.68262872, Emax=42.42922501
realization 10 / 300 ... accepted 10. Emin=-3.81064204, Emax=52.38488299
realization 11 / 300 ... accepted 11. Emin=12.19982594, Emax=55.29093177
realization 12 / 300 ... accepted 12. Emin=0.13797953, Emax=56.10662683
realization 13 / 300 ... accepted 13. Emin=-19.71841776, Emax=38.43648166
realization 14 / 300 ... accepted 14. Emin=-24.73635323, Emax=47.77797825
realization 15 / 300 ... accepted 15. Emin=3.96690093, Emax=61.83571013
realization 16 / 300 ... accepted 16. Emin=20.19065006, Emax=67.11904949
realization 17 / 300 ... accepted 17. Emin=-20.84735861, Emax=59.47202270
realization 18 / 300 ... accepted 18. Emin=-17.72510743, Emax=38.45007189
realization 19 / 300 ... accepted 19. Emin=-15.80051605, Emax=37.97948041
realization 20 / 300 ... accepted 20. Emin=-48.88888285, Emax=2.24519418
realization 21 / 300 ... accepted 21. Emin=-45.90808997, Emax=15.89844831
realization 22 / 300 ... accepted 22. Emin=-1.87031503, Emax=36.39441508
realization 23 / 300 ... accepted 23. Emin=-26.05683269, Emax=54.11806324
realization 24 / 300 ... accepted 24. Emin=-31.35838753, Emax=19.89535084
realization 25 / 300 ... accepted 25. Emin=-38.32451507, Emax=39.39212937
realization 26 / 300 ... accepted 26. Emin=-11.33129267, Emax=43.84719024
realization 27 / 300 ... accepted 27. Emin=-26.88049293, Emax=17.05806885
realization 28 / 300 ... accepted 28. Emin=-21.61915666, Emax=55.41545501
realization 29 / 300 ... accepted 29. Emin=-32.95447189, Emax=14.04345787
realization 30 / 300 ... accepted 30. Emin=-30.44723610, Emax=47.31343720
realization 31 / 300 ... accepted 31. Emin=-38.16439922, Emax=-2.97366059
realization 32 / 300 ... accepted 32. Emin=-37.64246829, Emax=28.47354546
realization 33 / 300 ... accepted 33. Emin=-16.64509837, Emax=56.96283683
realization 34 / 300 ... accepted 34. Emin=-24.38312402, Emax=51.12917351
realization 35 / 300 ... accepted 35. Emin=-30.91751864, Emax=25.64678601
realization 36 / 300 ... accepted 36. Emin=-30.13895718, Emax=47.64617165
realization 37 / 300 ... accepted 37. Emin=-31.86234961, Emax=40.86130365
realization 38 / 300 ... accepted 38. Emin=0.99435877, Emax=49.51935025
realization 39 / 300 ... accepted 39. Emin=-30.96983582, Emax=41.28769643
realization 40 / 300 ... accepted 40. Emin=-8.39305016, Emax=41.86273540
realization 41 / 300 ... accepted 41. Emin=8.09883770, Emax=52.99641607
realization 42 / 300 ... accepted 42. Emin=-18.78835703, Emax=50.47758512
realization 43 / 300 ... accepted 43. Emin=-24.04135937, Emax=62.37693041
realization 44 / 300 ... accepted 44. Emin=-29.59932685, Emax=36.31916547
realization 45 / 300 ... accepted 45. Emin=-31.10782901, Emax=17.95377645
realization 46 / 300 ... accepted 46. Emin=-16.31058040, Emax=57.90696313
realization 47 / 300 ... accepted 47. Emin=-2.38663588, Emax=29.89126074
realization 48 / 300 ... accepted 48. Emin=-30.58551803, Emax=50.67320486
realization 49 / 300 ... accepted 49. Emin=-8.46230283, Emax=69.76123324
realization 50 / 300 ... accepted 50. Emin=-37.72635208, Emax=28.80640900
realization 51 / 300 ... accepted 51. Emin=-26.94110888, Emax=47.79297468
realization 52 / 300 ... accepted 52. Emin=-29.78643465, Emax=72.60892492
realization 53 / 300 ... accepted 53. Emin=-22.03983667, Emax=18.39974110
realization 54 / 300 ... accepted 54. Emin=8.63988278, Emax=58.61076139
realization 55 / 300 ... accepted 55. Emin=-26.22820019, Emax=40.23363750
realization 56 / 300 ... accepted 56. Emin=-25.18081355, Emax=52.42970674
realization 57 / 300 ... accepted 57. Emin=-28.38833098, Emax=36.81516525
realization 58 / 300 ... accepted 58. Emin=-10.83923661, Emax=34.66427266
realization 59 / 300 ... accepted 59. Emin=-4.58006672, Emax=40.09685515
realization 60 / 300 ... accepted 60. Emin=-24.20962317, Emax=35.14203354
realization 61 / 300 ... accepted 61. Emin=-24.38511512, Emax=66.99552722
realization 62 / 300 ... accepted 62. Emin=-48.04182883, Emax=9.53555492
realization 63 / 300 ... accepted 63. Emin=-43.82508585, Emax=17.88802193
realization 64 / 300 ... accepted 64. Emin=-18.21794882, Emax=52.84701431
realization 65 / 300 ... accepted 65. Emin=-12.62065600, Emax=40.12321787
realization 66 / 300 ... accepted 66. Emin=-40.65512187, Emax=13.45497812
realization 67 / 300 ... accepted 67. Emin=-45.06288388, Emax=8.59221291
realization 68 / 300 ... accepted 68. Emin=-13.11049852, Emax=59.08100070
realization 69 / 300 ... accepted 69. Emin=-5.33090574, Emax=62.15025720
realization 70 / 300 ... accepted 70. Emin=-5.61553801, Emax=32.38224506
realization 71 / 300 ... accepted 71. Emin=-22.67807126, Emax=28.86706447
realization 72 / 300 ... accepted 72. Emin=-30.25130460, Emax=29.06295748
realization 73 / 300 ... accepted 73. Emin=11.88217681, Emax=67.86895685
realization 74 / 300 ... accepted 74. Emin=-20.98388716, Emax=32.77037175
realization 75 / 300 ... accepted 75. Emin=10.38158191, Emax=55.85883455
realization 76 / 300 ... accepted 76. Emin=-55.24996033, Emax=7.10423888
realization 77 / 300 ... accepted 77. Emin=-14.75848039, Emax=50.22775611
realization 78 / 300 ... accepted 78. Emin=-16.47871430, Emax=35.58436496
realization 79 / 300 ... accepted 79. Emin=8.47022057, Emax=66.94470366
realization 80 / 300 ... accepted 80. Emin=6.78416543, Emax=63.74186319
realization 81 / 300 ... accepted 81. Emin=-18.45102593, Emax=30.02386020
realization 82 / 300 ... accepted 82. Emin=-39.20910060, Emax=15.47484026
realization 83 / 300 ... accepted 83. Emin=-20.54613898, Emax=44.79336844
realization 84 / 300 ... accepted 84. Emin=2.37886951, Emax=63.29781729
realization 85 / 300 ... accepted 85. Emin=-34.62780563, Emax=35.85261337
realization 86 / 300 ... accepted 86. Emin=9.61957459, Emax=71.46058783
realization 87 / 300 ... accepted 87. Emin=-30.14523274, Emax=33.00171247
realization 88 / 300 ... accepted 88. Emin=-23.30078314, Emax=23.42858766
realization 89 / 300 ... accepted 89. Emin=5.89257030, Emax=62.98557305
realization 90 / 300 ... accepted 90. Emin=-36.99152116, Emax=26.36938164
realization 91 / 300 ... accepted 91. Emin=-32.72463453, Emax=44.79734759
realization 92 / 300 ... accepted 92. Emin=-12.28741863, Emax=40.79138699
realization 93 / 300 ... accepted 93. Emin=-47.47363529, Emax=16.03864140
realization 94 / 300 ... accepted 94. Emin=-0.78963723, Emax=46.63949169
realization 95 / 300 ... accepted 95. Emin=-22.26881069, Emax=47.81093293
realization 96 / 300 ... accepted 96. Emin=-8.35501299, Emax=67.73569700
realization 97 / 300 ... accepted 97. Emin=-50.53279452, Emax=31.04080588
realization 98 / 300 ... accepted 98. Emin=-21.03297183, Emax=53.18319640
realization 99 / 300 ... accepted 99. Emin=-7.84641471, Emax=46.34466027
realization 100 / 300 ... accepted 100. Emin=-20.11536758, Emax=45.71782328
realization 101 / 300 ... accepted 101. Emin=-33.49257110, Emax=55.16197478
realization 102 / 300 ... accepted 102. Emin=5.25850427, Emax=66.38773709
realization 103 / 300 ... accepted 103. Emin=-42.13305108, Emax=27.70989290
realization 104 / 300 ... accepted 104. Emin=-16.62224990, Emax=26.51231740
realization 105 / 300 ... accepted 105. Emin=-41.66025319, Emax=32.61161916
realization 106 / 300 ... accepted 106. Emin=2.77619751, Emax=54.95908650
realization 107 / 300 ... accepted 107. Emin=-13.00456763, Emax=41.98224529
realization 108 / 300 ... accepted 108. Emin=-44.63007189, Emax=21.71744688
realization 109 / 300 ... accepted 109. Emin=-45.31499391, Emax=16.66151196
realization 110 / 300 ... accepted 110. Emin=-46.22062084, Emax=21.10660297
realization 111 / 300 ... accepted 111. Emin=-17.53410072, Emax=25.79339573
realization 112 / 300 ... accepted 112. Emin=-44.21874395, Emax=4.36821250
realization 113 / 300 ... accepted 113. Emin=-23.75336887, Emax=43.73217755
realization 114 / 300 ... accepted 114. Emin=-20.04210358, Emax=30.04352151
realization 115 / 300 ... accepted 115. Emin=-30.34653828, Emax=48.47810469
realization 116 / 300 ... accepted 116. Emin=-40.41550571, Emax=32.72357665
realization 117 / 300 ... accepted 117. Emin=-23.31613351, Emax=57.80980615
realization 118 / 300 ... accepted 118. Emin=-41.79073285, Emax=39.42196907
realization 119 / 300 ... accepted 119. Emin=-32.22617933, Emax=38.25273444
realization 120 / 300 ... accepted 120. Emin=-22.62898268, Emax=55.17399696
realization 121 / 300 ... accepted 121. Emin=-16.13135404, Emax=32.52498643
realization 122 / 300 ... accepted 122. Emin=-2.63481939, Emax=28.20578798
realization 123 / 300 ... accepted 123. Emin=-9.50070036, Emax=59.20406616
realization 124 / 300 ... accepted 124. Emin=-30.74274913, Emax=24.01382376
realization 125 / 300 ... accepted 125. Emin=-29.14437480, Emax=50.32895870
realization 126 / 300 ... accepted 126. Emin=-32.20820608, Emax=27.03455732
realization 127 / 300 ... accepted 127. Emin=-23.51530360, Emax=51.52385736
realization 128 / 300 ... accepted 128. Emin=-23.92336033, Emax=70.61421553
realization 129 / 300 ... accepted 129. Emin=-30.93967233, Emax=25.83510005
realization 130 / 300 ... accepted 130. Emin=-33.48005970, Emax=27.11577173
realization 131 / 300 ... accepted 131. Emin=-2.08531672, Emax=50.27545215
realization 132 / 300 ... accepted 132. Emin=-29.83291601, Emax=17.45179114
realization 133 / 300 ... accepted 133. Emin=-25.58017204, Emax=43.16950306
realization 134 / 300 ... accepted 134. Emin=-43.70564457, Emax=46.07231431
realization 135 / 300 ... accepted 135. Emin=-33.04186469, Emax=47.77005193
realization 136 / 300 ... accepted 136. Emin=-42.60109061, Emax=40.14330466
realization 137 / 300 ... accepted 137. Emin=-46.97482336, Emax=14.70535328
realization 138 / 300 ... accepted 138. Emin=-25.87727585, Emax=32.67682057
realization 139 / 300 ... accepted 139. Emin=-29.01166517, Emax=46.15316563
realization 140 / 300 ... accepted 140. Emin=-10.52086549, Emax=46.59978705
realization 141 / 300 ... accepted 141. Emin=-15.93499365, Emax=41.20423343
realization 142 / 300 ... accepted 142. Emin=-37.38975775, Emax=42.56041599
realization 143 / 300 ... accepted 143. Emin=-35.18165714, Emax=33.12911168
realization 144 / 300 ... accepted 144. Emin=45.51108317, Emax=73.28463115
realization 145 / 300 ... accepted 145. Emin=-33.10223692, Emax=31.14668332
realization 146 / 300 ... accepted 146. Emin=1.52996213, Emax=41.92918236
realization 147 / 300 ... accepted 147. Emin=-30.83579434, Emax=37.85252216
realization 148 / 300 ... accepted 148. Emin=-5.87675041, Emax=63.85527221
realization 149 / 300 ... accepted 149. Emin=-8.53710257, Emax=59.00233632
realization 150 / 300 ... accepted 150. Emin=8.70952881, Emax=60.87347098
realization 151 / 300 ... accepted 151. Emin=-30.64367829, Emax=50.43051395
realization 152 / 300 ... accepted 152. Emin=13.01654774, Emax=61.24298831
realization 153 / 300 ... accepted 153. Emin=-27.23901565, Emax=19.83002280
realization 154 / 300 ... accepted 154. Emin=-36.17518467, Emax=51.07687833
realization 155 / 300 ... accepted 155. Emin=-41.80875855, Emax=-10.46890415
realization 156 / 300 ... accepted 156. Emin=-20.12645984, Emax=40.91096480
realization 157 / 300 ... accepted 157. Emin=18.69929750, Emax=63.25852023
realization 158 / 300 ... accepted 158. Emin=-40.82253610, Emax=2.57141589
realization 159 / 300 ... accepted 159. Emin=-20.86336925, Emax=41.53324888
realization 160 / 300 ... accepted 160. Emin=-23.76879062, Emax=52.18736488
realization 161 / 300 ... accepted 161. Emin=-41.15800144, Emax=8.26442258
realization 162 / 300 ... accepted 162. Emin=-11.87079214, Emax=57.05021332
realization 163 / 300 ... accepted 163. Emin=-18.83712774, Emax=35.10999181
realization 164 / 300 ... accepted 164. Emin=-8.39593525, Emax=24.03974122
realization 165 / 300 ... accepted 165. Emin=-43.36810498, Emax=30.67963079
realization 166 / 300 ... accepted 166. Emin=-35.59474272, Emax=26.77965971
realization 167 / 300 ... accepted 167. Emin=4.68127286, Emax=60.16354470
realization 168 / 300 ... accepted 168. Emin=-16.18548229, Emax=58.63999107
realization 169 / 300 ... accepted 169. Emin=-9.65636289, Emax=49.96464562
realization 170 / 300 ... accepted 170. Emin=-25.96953767, Emax=48.73311574
realization 171 / 300 ... accepted 171. Emin=-54.04609207, Emax=-2.45808853
realization 172 / 300 ... accepted 172. Emin=-14.17376764, Emax=61.09110961
realization 173 / 300 ... accepted 173. Emin=7.41037468, Emax=59.85776116
realization 174 / 300 ... accepted 174. Emin=-23.38493405, Emax=50.58389646
realization 175 / 300 ... accepted 175. Emin=17.53666170, Emax=56.00328056
realization 176 / 300 ... accepted 176. Emin=-18.63060855, Emax=46.69149584
realization 177 / 300 ... accepted 177. Emin=-25.54181617, Emax=25.47949882
realization 178 / 300 ... accepted 178. Emin=-36.04561659, Emax=43.71115185
realization 179 / 300 ... accepted 179. Emin=-23.47052511, Emax=10.65459383
realization 180 / 300 ... accepted 180. Emin=-30.82973820, Emax=48.78365226
realization 181 / 300 ... accepted 181. Emin=-9.96391211, Emax=44.77214357
realization 182 / 300 ... accepted 182. Emin=-5.60866154, Emax=63.70607822
realization 183 / 300 ... accepted 183. Emin=-25.83441860, Emax=55.64412244
realization 184 / 300 ... accepted 184. Emin=-26.51783619, Emax=52.64555286
realization 185 / 300 ... accepted 185. Emin=-45.13681118, Emax=17.60037397
realization 186 / 300 ... accepted 186. Emin=-33.34230414, Emax=16.63617514
realization 187 / 300 ... accepted 187. Emin=-41.02407683, Emax=19.07955460
realization 188 / 300 ... accepted 188. Emin=-13.60129903, Emax=58.29880844
realization 189 / 300 ... accepted 189. Emin=-33.47332204, Emax=48.12530745
realization 190 / 300 ... accepted 190. Emin=-1.67589981, Emax=60.53294740
realization 191 / 300 ... accepted 191. Emin=-13.30785892, Emax=40.51378527
realization 192 / 300 ... accepted 192. Emin=-19.32952827, Emax=33.32050912
realization 193 / 300 ... accepted 193. Emin=-23.85909059, Emax=59.89956613
realization 194 / 300 ... accepted 194. Emin=-2.42891139, Emax=62.46723584
realization 195 / 300 ... accepted 195. Emin=-31.00183274, Emax=12.50341739
realization 196 / 300 ... accepted 196. Emin=-36.61744867, Emax=28.78969706
realization 197 / 300 ... accepted 197. Emin=-46.29287433, Emax=13.48400794
realization 198 / 300 ... accepted 198. Emin=-23.32800966, Emax=41.19061619
realization 199 / 300 ... accepted 199. Emin=-7.47591246, Emax=64.10021472
realization 200 / 300 ... accepted 200. Emin=-33.82144051, Emax=33.14899121
realization 201 / 300 ... accepted 201. Emin=12.45287976, Emax=44.56614406
realization 202 / 300 ... accepted 202. Emin=-2.14098194, Emax=43.93024980
realization 203 / 300 ... accepted 203. Emin=3.61743768, Emax=72.94846545
realization 204 / 300 ... accepted 204. Emin=-24.71571023, Emax=46.23291474
realization 205 / 300 ... accepted 205. Emin=-26.28504203, Emax=23.99897373
realization 206 / 300 ... accepted 206. Emin=-18.93286601, Emax=46.09097828
realization 207 / 300 ... accepted 207. Emin=-11.69955657, Emax=59.78715191
realization 208 / 300 ... accepted 208. Emin=-19.75264323, Emax=43.73258693
realization 209 / 300 ... accepted 209. Emin=-19.84267047, Emax=44.60706486
realization 210 / 300 ... accepted 210. Emin=-6.26406544, Emax=56.89149057
realization 211 / 300 ... accepted 211. Emin=-26.61080754, Emax=28.02217794
realization 212 / 300 ... accepted 212. Emin=-45.85542001, Emax=48.37890807
realization 213 / 300 ... accepted 213. Emin=-14.69141070, Emax=34.35989367
realization 214 / 300 ... accepted 214. Emin=-32.20081099, Emax=30.81794195
realization 215 / 300 ... accepted 215. Emin=-6.92994940, Emax=46.93011556
realization 216 / 300 ... accepted 216. Emin=-28.52160137, Emax=53.05872197
realization 217 / 300 ... accepted 217. Emin=-29.95347333, Emax=52.86099796
realization 218 / 300 ... accepted 218. Emin=-42.47344339, Emax=15.45167616
realization 219 / 300 ... accepted 219. Emin=14.67955309, Emax=60.30310833
realization 220 / 300 ... accepted 220. Emin=-27.73033211, Emax=23.79511684
realization 221 / 300 ... accepted 221. Emin=-11.77353445, Emax=55.05712934
realization 222 / 300 ... accepted 222. Emin=4.82380888, Emax=59.77325608
realization 223 / 300 ... accepted 223. Emin=-9.22777538, Emax=38.51128095
realization 224 / 300 ... accepted 224. Emin=-48.29226751, Emax=15.32004880
realization 225 / 300 ... accepted 225. Emin=-4.72946745, Emax=58.29193438
realization 226 / 300 ... accepted 226. Emin=-39.43506534, Emax=69.31080421
realization 227 / 300 ... accepted 227. Emin=-17.49690557, Emax=53.07160369
realization 228 / 300 ... accepted 228. Emin=-28.64199749, Emax=38.85826203
realization 229 / 300 ... accepted 229. Emin=-34.24752677, Emax=53.31746837
realization 230 / 300 ... accepted 230. Emin=-33.64468417, Emax=10.46516049
realization 231 / 300 ... accepted 231. Emin=-42.06747789, Emax=22.55413333
realization 232 / 300 ... accepted 232. Emin=-39.19292953, Emax=44.24061635
realization 233 / 300 ... accepted 233. Emin=-14.94520675, Emax=35.60968132
realization 234 / 300 ... accepted 234. Emin=-30.87293275, Emax=30.54415571
realization 235 / 300 ... accepted 235. Emin=-25.78865910, Emax=25.15924189
realization 236 / 300 ... accepted 236. Emin=2.64172024, Emax=51.12645888
realization 237 / 300 ... accepted 237. Emin=-1.94581462, Emax=58.08071622
realization 238 / 300 ... accepted 238. Emin=-24.00379396, Emax=27.68736290
realization 239 / 300 ... accepted 239. Emin=-1.21487452, Emax=58.06245232
realization 240 / 300 ... accepted 240. Emin=15.65727192, Emax=73.36997813
realization 241 / 300 ... accepted 241. Emin=-32.53951501, Emax=16.66076727
realization 242 / 300 ... accepted 242. Emin=-11.74296757, Emax=55.53737685
realization 243 / 300 ... accepted 243. Emin=-37.21101758, Emax=58.73802301
realization 244 / 300 ... accepted 244. Emin=-15.71890715, Emax=49.52747255
realization 245 / 300 ... accepted 245. Emin=-6.07478799, Emax=64.00373856
realization 246 / 300 ... accepted 246. Emin=-25.68636711, Emax=16.72551078
realization 247 / 300 ... accepted 247. Emin=-24.05955203, Emax=36.11710806
realization 248 / 300 ... accepted 248. Emin=-11.89939397, Emax=45.82633029
realization 249 / 300 ... accepted 249. Emin=-21.76929879, Emax=59.49295543
realization 250 / 300 ... accepted 250. Emin=0.75408855, Emax=67.88851679
realization 251 / 300 ... accepted 251. Emin=-6.83655786, Emax=52.00737927
realization 252 / 300 ... accepted 252. Emin=-11.30392313, Emax=40.31065490
realization 253 / 300 ... accepted 253. Emin=-20.67989941, Emax=40.28261774
realization 254 / 300 ... accepted 254. Emin=-20.63329908, Emax=50.97012441
realization 255 / 300 ... accepted 255. Emin=-9.81832519, Emax=58.12455839
realization 256 / 300 ... accepted 256. Emin=-18.63074170, Emax=34.36432475
realization 257 / 300 ... accepted 257. Emin=-42.43901459, Emax=19.12226159
realization 258 / 300 ... accepted 258. Emin=-32.11592123, Emax=32.60382235
realization 259 / 300 ... accepted 259. Emin=3.62191485, Emax=50.51840781
realization 260 / 300 ... accepted 260. Emin=-30.42877538, Emax=42.02315835
realization 261 / 300 ... accepted 261. Emin=-29.56021202, Emax=47.95411243
realization 262 / 300 ... accepted 262. Emin=-41.58926296, Emax=19.85260739
realization 263 / 300 ... accepted 263. Emin=12.85214760, Emax=58.20005040
realization 264 / 300 ... accepted 264. Emin=-19.87138479, Emax=27.44296701
realization 265 / 300 ... accepted 265. Emin=-45.50568970, Emax=-4.17324862
realization 266 / 300 ... accepted 266. Emin=-17.89575627, Emax=25.61445527
realization 267 / 300 ... accepted 267. Emin=-32.09112441, Emax=15.89539570
realization 268 / 300 ... accepted 268. Emin=-24.57919415, Emax=37.65347263
realization 269 / 300 ... accepted 269. Emin=-24.32492963, Emax=39.44883283
realization 270 / 300 ... accepted 270. Emin=-7.78952300, Emax=31.35084744
realization 271 / 300 ... accepted 271. Emin=-17.45669864, Emax=47.47121498
realization 272 / 300 ... accepted 272. Emin=-20.64549868, Emax=33.57942017
realization 273 / 300 ... accepted 273. Emin=-14.27490387, Emax=43.46632109
realization 274 / 300 ... accepted 274. Emin=28.55757900, Emax=74.17654192
realization 275 / 300 ... accepted 275. Emin=18.51209392, Emax=73.85629343
realization 276 / 300 ... accepted 276. Emin=-31.15656896, Emax=42.67222000
realization 277 / 300 ... accepted 277. Emin=-13.56271663, Emax=48.49076957
realization 278 / 300 ... accepted 278. Emin=8.15820237, Emax=55.10867172
realization 279 / 300 ... accepted 279. Emin=-38.80577815, Emax=22.56493086
realization 280 / 300 ... accepted 280. Emin=-15.27209721, Emax=35.27145412
realization 281 / 300 ... accepted 281. Emin=-0.85593677, Emax=66.00289429
realization 282 / 300 ... accepted 282. Emin=-40.12676013, Emax=32.89902943
realization 283 / 300 ... accepted 283. Emin=-19.36328318, Emax=45.31627531
realization 284 / 300 ... accepted 284. Emin=-21.89276464, Emax=32.63884855
realization 285 / 300 ... accepted 285. Emin=-36.98208542, Emax=39.05440437
realization 286 / 300 ... accepted 286. Emin=-1.68424336, Emax=32.81730699
realization 287 / 300 ... accepted 287. Emin=-29.33468845, Emax=45.04315467
realization 288 / 300 ... accepted 288. Emin=-24.19451406, Emax=26.39898054
realization 289 / 300 ... accepted 289. Emin=-22.11482179, Emax=32.46152738
realization 290 / 300 ... accepted 290. Emin=-16.86234418, Emax=53.25680385
realization 291 / 300 ... accepted 291. Emin=-2.58940650, Emax=51.23232396
realization 292 / 300 ... accepted 292. Emin=-1.70524565, Emax=67.13677200
realization 293 / 300 ... accepted 293. Emin=-23.14613891, Emax=44.14818950
realization 294 / 300 ... accepted 294. Emin=15.59696157, Emax=64.05578516
realization 295 / 300 ... accepted 295. Emin=-3.61972994, Emax=48.98675878
realization 296 / 300 ... accepted 296. Emin=-31.89018223, Emax=25.40644489
realization 297 / 300 ... accepted 297. Emin=9.67605456, Emax=57.81039209
realization 298 / 300 ... accepted 298. Emin=-32.48114896, Emax=44.95925595
realization 299 / 300 ... accepted 299. Emin=-7.35059971, Emax=45.95021352
realization 300 / 300 ... accepted 300. Emin=-34.21783806, Emax=27.55041561
Saved final energies: /home/2/kj405942/POLFED_bosons/pbs_bose_legacy_nmax2_periodic/data/U_2/W_11/L_6/N_6_nmax_2/boundary_periodic/energies_full_U2_L6_N6_nmax2_W11_boundaryperiodic_nreal300.txt
Accepted realizations: 300 / 300
Skipped realizations: 0
Job finished at Sun May 31 18:00:36 UTC 2026
