Job started on w19 at Sun May 31 17:58:54 UTC 2026
PBS_JOBID=7731311.kruk-host.ift-klaster.lan
PBS_O_WORKDIR=/home/2/kj405942/POLFED_bosons
Bose-Hubbard: L=6, N=6, nmax=2, dim=141
t=1, U=2, W=2, nreal=300, boundary=periodic, mode=full
Writing partial results to /home/2/kj405942/POLFED_bosons/pbs_bose_legacy_nmax2_periodic/data/U_2/W_2/L_6/N_6_nmax_2/boundary_periodic/energies_full_U2_L6_N6_nmax2_W2_boundaryperiodic_nreal300_partial.txt
realization 1 / 300 ... accepted 1. Emin=-8.65337521, Emax=17.76257829
realization 2 / 300 ... accepted 2. Emin=-8.38088609, Emax=15.99778598
realization 3 / 300 ... accepted 3. Emin=-9.30286750, Emax=16.29894630
realization 4 / 300 ... accepted 4. Emin=-1.70439976, Emax=21.58598554
realization 5 / 300 ... accepted 5. Emin=-7.05781767, Emax=18.99521546
realization 6 / 300 ... accepted 6. Emin=-2.68515001, Emax=21.38572214
realization 7 / 300 ... accepted 7. Emin=-4.86473698, Emax=21.25503176
realization 8 / 300 ... accepted 8. Emin=-2.94034452, Emax=21.52287248
realization 9 / 300 ... accepted 9. Emin=-4.84440225, Emax=22.49452191
realization 10 / 300 ... accepted 10. Emin=-4.17760991, Emax=19.70588203
realization 11 / 300 ... accepted 11. Emin=-5.06432922, Emax=20.19132499
realization 12 / 300 ... accepted 12. Emin=-9.62305039, Emax=14.93697710
realization 13 / 300 ... accepted 13. Emin=-6.06254156, Emax=17.28863758
realization 14 / 300 ... accepted 14. Emin=-5.63334216, Emax=17.49584988
realization 15 / 300 ... accepted 15. Emin=-5.03360035, Emax=19.45042908
realization 16 / 300 ... accepted 16. Emin=-5.61432340, Emax=20.25931492
realization 17 / 300 ... accepted 17. Emin=-4.11181648, Emax=22.39223815
realization 18 / 300 ... accepted 18. Emin=-7.75996826, Emax=15.63756608
realization 19 / 300 ... accepted 19. Emin=-4.45169533, Emax=21.10469728
realization 20 / 300 ... accepted 20. Emin=-6.50788525, Emax=19.66511167
realization 21 / 300 ... accepted 21. Emin=-8.16398931, Emax=18.28341223
realization 22 / 300 ... accepted 22. Emin=-10.06044951, Emax=13.52337074
realization 23 / 300 ... accepted 23. Emin=-4.04914141, Emax=19.81420304
realization 24 / 300 ... accepted 24. Emin=-6.43262879, Emax=16.52972982
realization 25 / 300 ... accepted 25. Emin=-6.52524196, Emax=20.15233792
realization 26 / 300 ... accepted 26. Emin=-7.28318395, Emax=16.49786234
realization 27 / 300 ... accepted 27. Emin=-9.39136450, Emax=13.93598599
realization 28 / 300 ... accepted 28. Emin=-9.29472026, Emax=17.35939920
realization 29 / 300 ... accepted 29. Emin=-5.18377966, Emax=18.56335806
realization 30 / 300 ... accepted 30. Emin=-8.12091319, Emax=18.35787707
realization 31 / 300 ... accepted 31. Emin=-1.53084935, Emax=20.86903624
realization 32 / 300 ... accepted 32. Emin=-9.08260476, Emax=13.88695425
realization 33 / 300 ... accepted 33. Emin=-7.13113077, Emax=21.58273391
realization 34 / 300 ... accepted 34. Emin=-5.50233356, Emax=20.44460496
realization 35 / 300 ... accepted 35. Emin=-8.26050721, Emax=17.58470453
realization 36 / 300 ... accepted 36. Emin=-3.55760323, Emax=21.29903630
realization 37 / 300 ... accepted 37. Emin=-4.41496310, Emax=21.06244121
realization 38 / 300 ... accepted 38. Emin=-3.93695484, Emax=19.15022092
realization 39 / 300 ... accepted 39. Emin=-2.36615410, Emax=22.22147375
realization 40 / 300 ... accepted 40. Emin=-4.76877687, Emax=20.43138097
realization 41 / 300 ... accepted 41. Emin=-7.22377831, Emax=19.78711711
realization 42 / 300 ... accepted 42. Emin=-5.20823880, Emax=18.37264798
realization 43 / 300 ... accepted 43. Emin=-7.20908571, Emax=17.62797555
realization 44 / 300 ... accepted 44. Emin=-6.33597013, Emax=17.61744656
realization 45 / 300 ... accepted 45. Emin=-10.12758860, Emax=14.55032435
realization 46 / 300 ... accepted 46. Emin=-5.38303820, Emax=20.53786760
realization 47 / 300 ... accepted 47. Emin=-7.56199283, Emax=17.43141161
realization 48 / 300 ... accepted 48. Emin=-9.26045223, Emax=15.92287975
realization 49 / 300 ... accepted 49. Emin=-7.50382415, Emax=16.38666641
realization 50 / 300 ... accepted 50. Emin=-3.63093598, Emax=22.43914066
realization 51 / 300 ... accepted 51. Emin=-11.79173697, Emax=11.66497989
realization 52 / 300 ... accepted 52. Emin=-6.40834283, Emax=18.02142875
realization 53 / 300 ... accepted 53. Emin=-0.98547065, Emax=23.58466263
realization 54 / 300 ... accepted 54. Emin=-5.76729951, Emax=16.68299891
realization 55 / 300 ... accepted 55. Emin=-4.30904933, Emax=19.98573446
realization 56 / 300 ... accepted 56. Emin=-9.27747175, Emax=13.89189481
realization 57 / 300 ... accepted 57. Emin=-9.69777561, Emax=16.11125286
realization 58 / 300 ... accepted 58. Emin=-6.91076253, Emax=19.99234551
realization 59 / 300 ... accepted 59. Emin=-4.71798985, Emax=20.28681596
realization 60 / 300 ... accepted 60. Emin=-8.42898087, Emax=15.12831130
realization 61 / 300 ... accepted 61. Emin=-4.61418702, Emax=22.14058632
realization 62 / 300 ... accepted 62. Emin=-6.25429614, Emax=19.64564551
realization 63 / 300 ... accepted 63. Emin=-0.04944497, Emax=23.94687934
realization 64 / 300 ... accepted 64. Emin=-1.05531977, Emax=23.23328136
realization 65 / 300 ... accepted 65. Emin=-3.77971439, Emax=21.45334070
realization 66 / 300 ... accepted 66. Emin=-3.57773142, Emax=21.06913849
realization 67 / 300 ... accepted 67. Emin=-8.21800052, Emax=16.93798336
realization 68 / 300 ... accepted 68. Emin=-12.90797086, Emax=9.95004705
realization 69 / 300 ... accepted 69. Emin=-3.34544875, Emax=22.61201370
realization 70 / 300 ... accepted 70. Emin=-2.45670436, Emax=21.49635634
realization 71 / 300 ... accepted 71. Emin=-6.04134043, Emax=20.97386327
realization 72 / 300 ... accepted 72. Emin=-8.24183680, Emax=17.94532552
realization 73 / 300 ... accepted 73. Emin=-1.47192915, Emax=22.21884630
realization 74 / 300 ... accepted 74. Emin=-7.27900884, Emax=16.58921278
realization 75 / 300 ... accepted 75. Emin=-7.79644110, Emax=17.19901084
realization 76 / 300 ... accepted 76. Emin=-3.99547058, Emax=22.04016584
realization 77 / 300 ... accepted 77. Emin=-8.26790051, Emax=15.99176146
realization 78 / 300 ... accepted 78. Emin=-2.71856411, Emax=22.01585617
realization 79 / 300 ... accepted 79. Emin=-3.53012191, Emax=20.13472552
realization 80 / 300 ... accepted 80. Emin=-5.74006488, Emax=20.99676844
realization 81 / 300 ... accepted 81. Emin=-3.66528530, Emax=23.30756109
realization 82 / 300 ... accepted 82. Emin=-7.84171578, Emax=20.90261610
realization 83 / 300 ... accepted 83. Emin=-2.59946544, Emax=19.91013924
realization 84 / 300 ... accepted 84. Emin=-7.86430817, Emax=16.35832166
realization 85 / 300 ... accepted 85. Emin=-4.97452874, Emax=18.28246977
realization 86 / 300 ... accepted 86. Emin=-10.45317654, Emax=13.21954044
realization 87 / 300 ... accepted 87. Emin=-3.69125973, Emax=19.99402678
realization 88 / 300 ... accepted 88. Emin=-7.84106351, Emax=16.50204195
realization 89 / 300 ... accepted 89. Emin=-3.68986173, Emax=20.74449861
realization 90 / 300 ... accepted 90. Emin=-4.90843506, Emax=19.15587151
realization 91 / 300 ... accepted 91. Emin=-6.91033482, Emax=19.17748812
realization 92 / 300 ... accepted 92. Emin=-8.52977206, Emax=16.12719636
realization 93 / 300 ... accepted 93. Emin=-14.69830031, Emax=7.96365465
realization 94 / 300 ... accepted 94. Emin=-6.39606174, Emax=19.27649287
realization 95 / 300 ... accepted 95. Emin=-2.74375919, Emax=19.93538900
realization 96 / 300 ... accepted 96. Emin=-2.56815387, Emax=22.79955904
realization 97 / 300 ... accepted 97. Emin=-4.73248640, Emax=21.41435469
realization 98 / 300 ... accepted 98. Emin=-4.89910348, Emax=18.39331016
realization 99 / 300 ... accepted 99. Emin=-8.24422940, Emax=18.02928951
realization 100 / 300 ... accepted 100. Emin=-8.31082660, Emax=16.75962806
realization 101 / 300 ... accepted 101. Emin=1.77775499, Emax=24.75423698
realization 102 / 300 ... accepted 102. Emin=-10.06102187, Emax=12.51712894
realization 103 / 300 ... accepted 103. Emin=-4.00297956, Emax=20.70590875
realization 104 / 300 ... accepted 104. Emin=-3.21995876, Emax=20.51092598
realization 105 / 300 ... accepted 105. Emin=-4.89351143, Emax=17.83779335
realization 106 / 300 ... accepted 106. Emin=-2.79359558, Emax=22.27051843
realization 107 / 300 ... accepted 107. Emin=-9.86158908, Emax=17.26541528
realization 108 / 300 ... accepted 108. Emin=-6.62661936, Emax=17.81187024
realization 109 / 300 ... accepted 109. Emin=-4.79747140, Emax=21.32489941
realization 110 / 300 ... accepted 110. Emin=-3.63348215, Emax=22.01237758
realization 111 / 300 ... accepted 111. Emin=-8.71602068, Emax=19.31992630
realization 112 / 300 ... accepted 112. Emin=-9.95115193, Emax=14.76272962
realization 113 / 300 ... accepted 113. Emin=1.11566828, Emax=24.25123101
realization 114 / 300 ... accepted 114. Emin=-8.06882181, Emax=15.93978473
realization 115 / 300 ... accepted 115. Emin=-6.85020204, Emax=17.24406229
realization 116 / 300 ... accepted 116. Emin=-5.21669885, Emax=19.34718836
realization 117 / 300 ... accepted 117. Emin=-6.96349325, Emax=18.58118804
realization 118 / 300 ... accepted 118. Emin=-3.41393439, Emax=21.66655565
realization 119 / 300 ... accepted 119. Emin=-8.72763722, Emax=16.19527788
realization 120 / 300 ... accepted 120. Emin=0.37215685, Emax=24.96733985
realization 121 / 300 ... accepted 121. Emin=-3.73500020, Emax=20.92458738
realization 122 / 300 ... accepted 122. Emin=-9.41676773, Emax=15.82639655
realization 123 / 300 ... accepted 123. Emin=-5.03950380, Emax=19.87506888
realization 124 / 300 ... accepted 124. Emin=-9.93208425, Emax=15.30107878
realization 125 / 300 ... accepted 125. Emin=1.61338091, Emax=25.79651673
realization 126 / 300 ... accepted 126. Emin=-8.54611378, Emax=17.59191930
realization 127 / 300 ... accepted 127. Emin=-3.67400052, Emax=20.06709938
realization 128 / 300 ... accepted 128. Emin=-8.45509627, Emax=15.68728118
realization 129 / 300 ... accepted 129. Emin=-6.29308603, Emax=17.54199096
realization 130 / 300 ... accepted 130. Emin=-2.59358975, Emax=23.32197112
realization 131 / 300 ... accepted 131. Emin=-6.43539973, Emax=18.77568795
realization 132 / 300 ... accepted 132. Emin=-3.18684770, Emax=23.30963023
realization 133 / 300 ... accepted 133. Emin=-6.10357221, Emax=17.91240577
realization 134 / 300 ... accepted 134. Emin=-5.90623682, Emax=17.52886881
realization 135 / 300 ... accepted 135. Emin=-2.78376324, Emax=24.19532637
realization 136 / 300 ... accepted 136. Emin=-11.92800945, Emax=10.70131783
realization 137 / 300 ... accepted 137. Emin=-3.99432035, Emax=21.62681965
realization 138 / 300 ... accepted 138. Emin=1.18930322, Emax=24.72796592
realization 139 / 300 ... accepted 139. Emin=-2.40869843, Emax=22.75965757
realization 140 / 300 ... accepted 140. Emin=-3.23527200, Emax=22.55456527
realization 141 / 300 ... accepted 141. Emin=-3.96485904, Emax=20.35990390
realization 142 / 300 ... accepted 142. Emin=-3.98564009, Emax=20.33145549
realization 143 / 300 ... accepted 143. Emin=-8.43493693, Emax=18.07547203
realization 144 / 300 ... accepted 144. Emin=-5.06159705, Emax=19.99330549
realization 145 / 300 ... accepted 145. Emin=-7.79516995, Emax=17.35205626
realization 146 / 300 ... accepted 146. Emin=-6.76818191, Emax=18.48406521
realization 147 / 300 ... accepted 147. Emin=-8.04260657, Emax=16.40466407
realization 148 / 300 ... accepted 148. Emin=-8.65200241, Emax=16.78890869
realization 149 / 300 ... accepted 149. Emin=-4.43342590, Emax=20.62829126
realization 150 / 300 ... accepted 150. Emin=-5.23282139, Emax=20.81439817
realization 151 / 300 ... accepted 151. Emin=-4.30739305, Emax=19.61326315
realization 152 / 300 ... accepted 152. Emin=-10.46159286, Emax=12.92672263
realization 153 / 300 ... accepted 153. Emin=-6.74546162, Emax=18.79090432
realization 154 / 300 ... accepted 154. Emin=-6.29993049, Emax=18.62180063
realization 155 / 300 ... accepted 155. Emin=-8.09428653, Emax=16.28634395
realization 156 / 300 ... accepted 156. Emin=-13.23709219, Emax=9.36364759
realization 157 / 300 ... accepted 157. Emin=-5.99259820, Emax=20.21275866
realization 158 / 300 ... accepted 158. Emin=-9.55606762, Emax=13.91378506
realization 159 / 300 ... accepted 159. Emin=-8.71760299, Emax=14.58436371
realization 160 / 300 ... accepted 160. Emin=-11.29496210, Emax=12.97407278
realization 161 / 300 ... accepted 161. Emin=-4.49946004, Emax=20.99631542
realization 162 / 300 ... accepted 162. Emin=-6.68065711, Emax=17.65965822
realization 163 / 300 ... accepted 163. Emin=-6.27250794, Emax=17.62998582
realization 164 / 300 ... accepted 164. Emin=-1.10818625, Emax=25.99426695
realization 165 / 300 ... accepted 165. Emin=-7.53950407, Emax=16.24686758
realization 166 / 300 ... accepted 166. Emin=-6.96787433, Emax=19.21671047
realization 167 / 300 ... accepted 167. Emin=-3.06353823, Emax=19.97829162
realization 168 / 300 ... accepted 168. Emin=-9.95978566, Emax=13.49932456
realization 169 / 300 ... accepted 169. Emin=-4.71089207, Emax=20.55079018
realization 170 / 300 ... accepted 170. Emin=-4.05736544, Emax=23.57256176
realization 171 / 300 ... accepted 171. Emin=-8.49675462, Emax=16.74138463
realization 172 / 300 ... accepted 172. Emin=-8.36972958, Emax=18.01370398
realization 173 / 300 ... accepted 173. Emin=-9.87758309, Emax=15.56733831
realization 174 / 300 ... accepted 174. Emin=-6.28440284, Emax=18.77650351
realization 175 / 300 ... accepted 175. Emin=-3.72726102, Emax=21.00607907
realization 176 / 300 ... accepted 176. Emin=-1.77133981, Emax=21.08603788
realization 177 / 300 ... accepted 177. Emin=-4.82396400, Emax=21.06839543
realization 178 / 300 ... accepted 178. Emin=-6.98645651, Emax=16.90704855
realization 179 / 300 ... accepted 179. Emin=-1.19408566, Emax=24.49225884
realization 180 / 300 ... accepted 180. Emin=-7.08489079, Emax=18.79826493
realization 181 / 300 ... accepted 181. Emin=-1.43991301, Emax=25.48088995
realization 182 / 300 ... accepted 182. Emin=-3.46901536, Emax=19.90331525
realization 183 / 300 ... accepted 183. Emin=-5.61715659, Emax=19.20870915
realization 184 / 300 ... accepted 184. Emin=-5.86196156, Emax=18.55261411
realization 185 / 300 ... accepted 185. Emin=-2.40875413, Emax=23.34669093
realization 186 / 300 ... accepted 186. Emin=-6.94490017, Emax=18.12048940
realization 187 / 300 ... accepted 187. Emin=-11.38111668, Emax=10.93138184
realization 188 / 300 ... accepted 188. Emin=-2.23216641, Emax=22.82591223
realization 189 / 300 ... accepted 189. Emin=-6.36094966, Emax=18.40722522
realization 190 / 300 ... accepted 190. Emin=-4.68594897, Emax=18.77316138
realization 191 / 300 ... accepted 191. Emin=-9.94696542, Emax=14.79524824
realization 192 / 300 ... accepted 192. Emin=-5.26373272, Emax=19.12850089
realization 193 / 300 ... accepted 193. Emin=-7.22707636, Emax=20.05707818
realization 194 / 300 ... accepted 194. Emin=-5.79944600, Emax=19.92602291
realization 195 / 300 ... accepted 195. Emin=-4.81508375, Emax=19.59581455
realization 196 / 300 ... accepted 196. Emin=-7.30305725, Emax=18.79587355
realization 197 / 300 ... accepted 197. Emin=-4.01428630, Emax=20.64128953
realization 198 / 300 ... accepted 198. Emin=-4.01563551, Emax=21.69767542
realization 199 / 300 ... accepted 199. Emin=-7.10464033, Emax=17.32093976
realization 200 / 300 ... accepted 200. Emin=-11.32498118, Emax=13.16119976
realization 201 / 300 ... accepted 201. Emin=-6.90922116, Emax=17.18984527
realization 202 / 300 ... accepted 202. Emin=-9.17711222, Emax=16.49828317
realization 203 / 300 ... accepted 203. Emin=-6.18003878, Emax=18.14809594
realization 204 / 300 ... accepted 204. Emin=-4.40487567, Emax=23.38195153
realization 205 / 300 ... accepted 205. Emin=-6.55724990, Emax=17.64062892
realization 206 / 300 ... accepted 206. Emin=-7.07427268, Emax=21.56397222
realization 207 / 300 ... accepted 207. Emin=-8.18652778, Emax=17.58135226
realization 208 / 300 ... accepted 208. Emin=-7.45376490, Emax=17.29561811
realization 209 / 300 ... accepted 209. Emin=-7.09142794, Emax=17.41647923
realization 210 / 300 ... accepted 210. Emin=-8.40963326, Emax=14.12813642
realization 211 / 300 ... accepted 211. Emin=-6.70787734, Emax=20.68144414
realization 212 / 300 ... accepted 212. Emin=-7.29604994, Emax=19.59433844
realization 213 / 300 ... accepted 213. Emin=-2.57345311, Emax=21.55513035
realization 214 / 300 ... accepted 214. Emin=-3.11724848, Emax=21.35332686
realization 215 / 300 ... accepted 215. Emin=-4.46479692, Emax=19.98791073
realization 216 / 300 ... accepted 216. Emin=-7.50135508, Emax=18.45296966
realization 217 / 300 ... accepted 217. Emin=-5.17689887, Emax=20.79396015
realization 218 / 300 ... accepted 218. Emin=-6.44635327, Emax=19.59186334
realization 219 / 300 ... accepted 219. Emin=-7.46434294, Emax=16.95717834
realization 220 / 300 ... accepted 220. Emin=-3.36128375, Emax=24.00371622
realization 221 / 300 ... accepted 221. Emin=-1.55340983, Emax=22.45015688
realization 222 / 300 ... accepted 222. Emin=-7.02795598, Emax=19.16206931
realization 223 / 300 ... accepted 223. Emin=-6.96952404, Emax=17.73583202
realization 224 / 300 ... accepted 224. Emin=-9.34187412, Emax=15.16993092
realization 225 / 300 ... accepted 225. Emin=-3.35919417, Emax=22.04587925
realization 226 / 300 ... accepted 226. Emin=-8.64150938, Emax=14.26296594
realization 227 / 300 ... accepted 227. Emin=-6.81526027, Emax=19.52243887
realization 228 / 300 ... accepted 228. Emin=-3.07740856, Emax=19.56643684
realization 229 / 300 ... accepted 229. Emin=-10.05629957, Emax=16.21214890
realization 230 / 300 ... accepted 230. Emin=-2.90243836, Emax=20.87380864
realization 231 / 300 ... accepted 231. Emin=-3.62003947, Emax=18.64891634
realization 232 / 300 ... accepted 232. Emin=-11.05070614, Emax=12.19004928
realization 233 / 300 ... accepted 233. Emin=-10.73055872, Emax=14.91329442
realization 234 / 300 ... accepted 234. Emin=-5.94247021, Emax=18.18560849
realization 235 / 300 ... accepted 235. Emin=-8.71336423, Emax=15.51904514
realization 236 / 300 ... accepted 236. Emin=-8.52755300, Emax=17.25141821
realization 237 / 300 ... accepted 237. Emin=-10.76732866, Emax=13.82165036
realization 238 / 300 ... accepted 238. Emin=-6.78416753, Emax=18.43842718
realization 239 / 300 ... accepted 239. Emin=-10.57893490, Emax=12.77424207
realization 240 / 300 ... accepted 240. Emin=-2.51328309, Emax=22.42765430
realization 241 / 300 ... accepted 241. Emin=-2.92439883, Emax=20.61477382
realization 242 / 300 ... accepted 242. Emin=-7.84283573, Emax=15.78990384
realization 243 / 300 ... accepted 243. Emin=-7.41089736, Emax=16.12981783
realization 244 / 300 ... accepted 244. Emin=-8.05025231, Emax=15.74261253
realization 245 / 300 ... accepted 245. Emin=-9.77076593, Emax=14.54042116
realization 246 / 300 ... accepted 246. Emin=-4.25611981, Emax=21.74264908
realization 247 / 300 ... accepted 247. Emin=-6.67235639, Emax=18.01748389
realization 248 / 300 ... accepted 248. Emin=-6.88105649, Emax=18.06025604
realization 249 / 300 ... accepted 249. Emin=-4.01828193, Emax=19.61945901
realization 250 / 300 ... accepted 250. Emin=-5.81519893, Emax=20.51931704
realization 251 / 300 ... accepted 251. Emin=-3.56002144, Emax=22.64265971
realization 252 / 300 ... accepted 252. Emin=-1.09701642, Emax=24.12861821
realization 253 / 300 ... accepted 253. Emin=-5.72382850, Emax=20.41411403
realization 254 / 300 ... accepted 254. Emin=-5.94203246, Emax=20.91178286
realization 255 / 300 ... accepted 255. Emin=-9.72247096, Emax=14.29148784
realization 256 / 300 ... accepted 256. Emin=-2.73042828, Emax=21.83214544
realization 257 / 300 ... accepted 257. Emin=-8.84830831, Emax=16.85103500
realization 258 / 300 ... accepted 258. Emin=-6.51787279, Emax=20.34055252
realization 259 / 300 ... accepted 259. Emin=-3.34720742, Emax=21.93429141
realization 260 / 300 ... accepted 260. Emin=-1.74990011, Emax=23.11411893
realization 261 / 300 ... accepted 261. Emin=-9.13251080, Emax=14.78481201
realization 262 / 300 ... accepted 262. Emin=-7.81691181, Emax=16.77321387
realization 263 / 300 ... accepted 263. Emin=-0.51316365, Emax=25.69603458
realization 264 / 300 ... accepted 264. Emin=-4.35267702, Emax=22.14071112
realization 265 / 300 ... accepted 265. Emin=-4.90402438, Emax=19.74208795
realization 266 / 300 ... accepted 266. Emin=-1.90389949, Emax=22.70697359
realization 267 / 300 ... accepted 267. Emin=-5.79179910, Emax=20.58647550
realization 268 / 300 ... accepted 268. Emin=-6.18515603, Emax=18.68882331
realization 269 / 300 ... accepted 269. Emin=-9.45959267, Emax=14.17838157
realization 270 / 300 ... accepted 270. Emin=-4.97187290, Emax=21.25019491
realization 271 / 300 ... accepted 271. Emin=-8.66775628, Emax=16.58009716
realization 272 / 300 ... accepted 272. Emin=-5.30489939, Emax=18.37967471
realization 273 / 300 ... accepted 273. Emin=-6.05076078, Emax=17.09456355
realization 274 / 300 ... accepted 274. Emin=-1.73497117, Emax=23.74436231
realization 275 / 300 ... accepted 275. Emin=-3.33750217, Emax=22.32386607
realization 276 / 300 ... accepted 276. Emin=-3.39323249, Emax=21.66546482
realization 277 / 300 ... accepted 277. Emin=-9.45685144, Emax=14.37580869
realization 278 / 300 ... accepted 278. Emin=-10.35744760, Emax=12.65386184
realization 279 / 300 ... accepted 279. Emin=-6.51710757, Emax=18.28139276
realization 280 / 300 ... accepted 280. Emin=-6.41292654, Emax=20.20415984
realization 281 / 300 ... accepted 281. Emin=-5.77347353, Emax=20.99692133
realization 282 / 300 ... accepted 282. Emin=-5.95642366, Emax=19.23315123
realization 283 / 300 ... accepted 283. Emin=-9.31077072, Emax=17.64922581
realization 284 / 300 ... accepted 284. Emin=0.88578638, Emax=24.34703454
realization 285 / 300 ... accepted 285. Emin=-9.79022786, Emax=14.46075502
realization 286 / 300 ... accepted 286. Emin=-7.85746387, Emax=19.60793196
realization 287 / 300 ... accepted 287. Emin=0.35083501, Emax=25.66731800
realization 288 / 300 ... accepted 288. Emin=-2.79128391, Emax=21.08991489
realization 289 / 300 ... accepted 289. Emin=-8.44965954, Emax=18.01054922
realization 290 / 300 ... accepted 290. Emin=-8.85550211, Emax=15.67377245
realization 291 / 300 ... accepted 291. Emin=0.64043783, Emax=22.91947298
realization 292 / 300 ... accepted 292. Emin=-5.53036953, Emax=23.42022076
realization 293 / 300 ... accepted 293. Emin=-2.73878868, Emax=24.32450574
realization 294 / 300 ... accepted 294. Emin=-6.72831454, Emax=20.27604228
realization 295 / 300 ... accepted 295. Emin=-2.19691302, Emax=21.41349941
realization 296 / 300 ... accepted 296. Emin=-7.13655275, Emax=18.30950215
realization 297 / 300 ... accepted 297. Emin=-7.05937656, Emax=18.97683220
realization 298 / 300 ... accepted 298. Emin=-10.13040029, Emax=13.10307905
realization 299 / 300 ... accepted 299. Emin=1.41064493, Emax=25.46564315
realization 300 / 300 ... accepted 300. Emin=-6.89573912, Emax=18.33931814
Saved final energies: /home/2/kj405942/POLFED_bosons/pbs_bose_legacy_nmax2_periodic/data/U_2/W_2/L_6/N_6_nmax_2/boundary_periodic/energies_full_U2_L6_N6_nmax2_W2_boundaryperiodic_nreal300.txt
Accepted realizations: 300 / 300
Skipped realizations: 0
Job finished at Sun May 31 18:00:12 UTC 2026
