Job started on w19 at Sun May 31 17:58:56 UTC 2026
PBS_JOBID=7731321.kruk-host.ift-klaster.lan
PBS_O_WORKDIR=/home/2/kj405942/POLFED_bosons
Bose-Hubbard: L=6, N=6, nmax=2, dim=141
t=1, U=2, W=12, nreal=300, boundary=periodic, mode=full
Writing partial results to /home/2/kj405942/POLFED_bosons/pbs_bose_legacy_nmax2_periodic/data/U_2/W_12/L_6/N_6_nmax_2/boundary_periodic/energies_full_U2_L6_N6_nmax2_W12_boundaryperiodic_nreal300_partial.txt
realization 1 / 300 ... accepted 1. Emin=-2.86944266, Emax=57.68065317
realization 2 / 300 ... accepted 2. Emin=-10.92652031, Emax=50.32772920
realization 3 / 300 ... accepted 3. Emin=-5.95231595, Emax=45.34518814
realization 4 / 300 ... accepted 4. Emin=-5.88032230, Emax=57.47164524
realization 5 / 300 ... accepted 5. Emin=-34.13403134, Emax=44.15941366
realization 6 / 300 ... accepted 6. Emin=-57.17111741, Emax=14.60056826
realization 7 / 300 ... accepted 7. Emin=11.82734392, Emax=57.82606504
realization 8 / 300 ... accepted 8. Emin=-31.84496624, Emax=48.69938567
realization 9 / 300 ... accepted 9. Emin=-40.31289336, Emax=28.16345320
realization 10 / 300 ... accepted 10. Emin=-24.85021189, Emax=47.73240330
realization 11 / 300 ... accepted 11. Emin=-38.30250122, Emax=45.02462251
realization 12 / 300 ... accepted 12. Emin=18.65807997, Emax=64.11712637
realization 13 / 300 ... accepted 13. Emin=-29.77199742, Emax=35.58316093
realization 14 / 300 ... accepted 14. Emin=-30.16644605, Emax=29.51489790
realization 15 / 300 ... accepted 15. Emin=-13.76249601, Emax=67.90494365
realization 16 / 300 ... accepted 16. Emin=-22.70101246, Emax=29.72293634
realization 17 / 300 ... accepted 17. Emin=-25.06996630, Emax=66.38505676
realization 18 / 300 ... accepted 18. Emin=25.22705906, Emax=76.70030362
realization 19 / 300 ... accepted 19. Emin=-36.51749490, Emax=56.61793711
realization 20 / 300 ... accepted 20. Emin=8.64675240, Emax=61.23780352
realization 21 / 300 ... accepted 21. Emin=-32.36055847, Emax=63.00989621
realization 22 / 300 ... accepted 22. Emin=-28.52041916, Emax=21.90148416
realization 23 / 300 ... accepted 23. Emin=-36.00153179, Emax=28.58347885
realization 24 / 300 ... accepted 24. Emin=-35.15981703, Emax=21.27214603
realization 25 / 300 ... accepted 25. Emin=-40.83973209, Emax=16.58672157
realization 26 / 300 ... accepted 26. Emin=-20.77955011, Emax=32.25578413
realization 27 / 300 ... accepted 27. Emin=0.43574852, Emax=52.10872163
realization 28 / 300 ... accepted 28. Emin=-51.31412528, Emax=54.67113784
realization 29 / 300 ... accepted 29. Emin=-25.31154548, Emax=25.26945846
realization 30 / 300 ... accepted 30. Emin=-15.50982909, Emax=35.36946024
realization 31 / 300 ... accepted 31. Emin=-25.86846847, Emax=25.86300323
realization 32 / 300 ... accepted 32. Emin=3.02965126, Emax=63.50778491
realization 33 / 300 ... accepted 33. Emin=-9.75106048, Emax=57.26036059
realization 34 / 300 ... accepted 34. Emin=35.14671039, Emax=66.37267141
realization 35 / 300 ... accepted 35. Emin=-26.52834341, Emax=54.49874325
realization 36 / 300 ... accepted 36. Emin=-51.19971362, Emax=31.88118423
realization 37 / 300 ... accepted 37. Emin=-14.46234855, Emax=52.78994394
realization 38 / 300 ... accepted 38. Emin=-25.41546570, Emax=39.34052342
realization 39 / 300 ... accepted 39. Emin=-57.64379967, Emax=15.32548620
realization 40 / 300 ... accepted 40. Emin=-48.63138445, Emax=42.08310820
realization 41 / 300 ... accepted 41. Emin=-40.89837357, Emax=31.01947966
realization 42 / 300 ... accepted 42. Emin=-24.17328011, Emax=25.65056167
realization 43 / 300 ... accepted 43. Emin=-50.38473235, Emax=18.00607711
realization 44 / 300 ... accepted 44. Emin=-30.56104481, Emax=48.90778576
realization 45 / 300 ... accepted 45. Emin=-44.15790887, Emax=28.50050914
realization 46 / 300 ... accepted 46. Emin=-34.64224380, Emax=36.75317498
realization 47 / 300 ... accepted 47. Emin=-32.53108377, Emax=32.82557844
realization 48 / 300 ... accepted 48. Emin=-47.91313291, Emax=37.53833470
realization 49 / 300 ... accepted 49. Emin=-49.08465125, Emax=38.60289828
realization 50 / 300 ... accepted 50. Emin=-21.65180632, Emax=47.95704088
realization 51 / 300 ... accepted 51. Emin=-23.79445081, Emax=42.45006829
realization 52 / 300 ... accepted 52. Emin=-10.81025941, Emax=67.90874445
realization 53 / 300 ... accepted 53. Emin=-2.27689617, Emax=47.45778883
realization 54 / 300 ... accepted 54. Emin=-54.35143131, Emax=16.37439663
realization 55 / 300 ... accepted 55. Emin=-39.53676785, Emax=3.88753674
realization 56 / 300 ... accepted 56. Emin=-33.53846282, Emax=34.63475685
realization 57 / 300 ... accepted 57. Emin=-15.17943998, Emax=11.01175123
realization 58 / 300 ... accepted 58. Emin=-50.08828931, Emax=58.20039056
realization 59 / 300 ... accepted 59. Emin=-19.08235889, Emax=22.00175707
realization 60 / 300 ... accepted 60. Emin=-6.52122101, Emax=54.91517305
realization 61 / 300 ... accepted 61. Emin=-23.73263617, Emax=59.42728171
realization 62 / 300 ... accepted 62. Emin=-44.17737844, Emax=54.70201949
realization 63 / 300 ... accepted 63. Emin=17.82058019, Emax=66.94411930
realization 64 / 300 ... accepted 64. Emin=-28.60002466, Emax=37.08170852
realization 65 / 300 ... accepted 65. Emin=-11.51564579, Emax=53.99127935
realization 66 / 300 ... accepted 66. Emin=-35.04926783, Emax=17.48921835
realization 67 / 300 ... accepted 67. Emin=-34.72184481, Emax=55.29029479
realization 68 / 300 ... accepted 68. Emin=-8.28294183, Emax=52.17856238
realization 69 / 300 ... accepted 69. Emin=-38.69941722, Emax=61.76689718
realization 70 / 300 ... accepted 70. Emin=-15.30316131, Emax=55.17475223
realization 71 / 300 ... accepted 71. Emin=-16.81050618, Emax=69.04770363
realization 72 / 300 ... accepted 72. Emin=-12.83152045, Emax=20.90757413
realization 73 / 300 ... accepted 73. Emin=-11.39054826, Emax=30.20256545
realization 74 / 300 ... accepted 74. Emin=-31.41261676, Emax=24.41872552
realization 75 / 300 ... accepted 75. Emin=-26.33220981, Emax=44.45075130
realization 76 / 300 ... accepted 76. Emin=-22.12197180, Emax=26.66124730
realization 77 / 300 ... accepted 77. Emin=-34.99661024, Emax=27.52182107
realization 78 / 300 ... accepted 78. Emin=10.32513205, Emax=63.77927178
realization 79 / 300 ... accepted 79. Emin=9.17108163, Emax=61.40834901
realization 80 / 300 ... accepted 80. Emin=-26.39258991, Emax=60.81351689
realization 81 / 300 ... accepted 81. Emin=-12.30342961, Emax=53.56446803
realization 82 / 300 ... accepted 82. Emin=9.56168068, Emax=56.28089738
realization 83 / 300 ... accepted 83. Emin=-37.08785421, Emax=35.91903239
realization 84 / 300 ... accepted 84. Emin=10.78814053, Emax=61.64607826
realization 85 / 300 ... accepted 85. Emin=-21.57178114, Emax=32.25365184
realization 86 / 300 ... accepted 86. Emin=-29.02396965, Emax=38.88108167
realization 87 / 300 ... accepted 87. Emin=45.41435940, Emax=80.85807431
realization 88 / 300 ... accepted 88. Emin=-25.56725880, Emax=57.42742959
realization 89 / 300 ... accepted 89. Emin=-37.59759256, Emax=23.80959599
realization 90 / 300 ... accepted 90. Emin=-18.14706786, Emax=66.06532595
realization 91 / 300 ... accepted 91. Emin=-3.10571689, Emax=79.62935556
realization 92 / 300 ... accepted 92. Emin=-30.48837973, Emax=47.13684866
realization 93 / 300 ... accepted 93. Emin=-45.68366851, Emax=36.51131587
realization 94 / 300 ... accepted 94. Emin=11.65628027, Emax=71.28754669
realization 95 / 300 ... accepted 95. Emin=-28.57971945, Emax=49.49612289
realization 96 / 300 ... accepted 96. Emin=-2.84035942, Emax=55.53632697
realization 97 / 300 ... accepted 97. Emin=-36.55609854, Emax=48.05526500
realization 98 / 300 ... accepted 98. Emin=-23.53363461, Emax=37.19597905
realization 99 / 300 ... accepted 99. Emin=-35.22902055, Emax=43.15853137
realization 100 / 300 ... accepted 100. Emin=-16.41971787, Emax=31.22689318
realization 101 / 300 ... accepted 101. Emin=-8.46718056, Emax=74.00027073
realization 102 / 300 ... accepted 102. Emin=-39.64131574, Emax=23.80370749
realization 103 / 300 ... accepted 103. Emin=-49.42966614, Emax=22.80898484
realization 104 / 300 ... accepted 104. Emin=-36.11841710, Emax=16.47056351
realization 105 / 300 ... accepted 105. Emin=-16.79755243, Emax=75.76248339
realization 106 / 300 ... accepted 106. Emin=-57.13037000, Emax=27.22233322
realization 107 / 300 ... accepted 107. Emin=-23.89443597, Emax=47.83669816
realization 108 / 300 ... accepted 108. Emin=-7.30833448, Emax=63.55215431
realization 109 / 300 ... accepted 109. Emin=-34.63820645, Emax=62.16124242
realization 110 / 300 ... accepted 110. Emin=-44.69001583, Emax=48.06993564
realization 111 / 300 ... accepted 111. Emin=-24.29003969, Emax=49.13950439
realization 112 / 300 ... accepted 112. Emin=-30.31323441, Emax=59.86507085
realization 113 / 300 ... accepted 113. Emin=-13.84974384, Emax=42.60220602
realization 114 / 300 ... accepted 114. Emin=1.08476450, Emax=60.64259981
realization 115 / 300 ... accepted 115. Emin=-39.39066500, Emax=29.13380572
realization 116 / 300 ... accepted 116. Emin=-25.25892301, Emax=38.57987428
realization 117 / 300 ... accepted 117. Emin=4.34643230, Emax=61.17658316
realization 118 / 300 ... accepted 118. Emin=-33.37486532, Emax=25.14399524
realization 119 / 300 ... accepted 119. Emin=-25.25993864, Emax=24.13104784
realization 120 / 300 ... accepted 120. Emin=-38.88312526, Emax=12.30014217
realization 121 / 300 ... accepted 121. Emin=-11.86770246, Emax=33.52204191
realization 122 / 300 ... accepted 122. Emin=-35.45699048, Emax=10.83220586
realization 123 / 300 ... accepted 123. Emin=-28.96171295, Emax=28.61257524
realization 124 / 300 ... accepted 124. Emin=-36.35536331, Emax=22.65728099
realization 125 / 300 ... accepted 125. Emin=-58.37683347, Emax=-12.59096446
realization 126 / 300 ... accepted 126. Emin=-54.48480847, Emax=15.28200611
realization 127 / 300 ... accepted 127. Emin=2.91203041, Emax=55.24359613
realization 128 / 300 ... accepted 128. Emin=-3.19396225, Emax=59.97789432
realization 129 / 300 ... accepted 129. Emin=-22.30267710, Emax=49.74706904
realization 130 / 300 ... accepted 130. Emin=-6.34663749, Emax=54.48206498
realization 131 / 300 ... accepted 131. Emin=18.84087148, Emax=66.23557430
realization 132 / 300 ... accepted 132. Emin=-38.37934918, Emax=35.91568432
realization 133 / 300 ... accepted 133. Emin=-33.54571185, Emax=39.38960572
realization 134 / 300 ... accepted 134. Emin=-35.18839529, Emax=13.25002071
realization 135 / 300 ... accepted 135. Emin=-21.09152939, Emax=40.89099758
realization 136 / 300 ... accepted 136. Emin=-37.21410086, Emax=1.18137290
realization 137 / 300 ... accepted 137. Emin=1.73734639, Emax=66.23190345
realization 138 / 300 ... accepted 138. Emin=5.79994393, Emax=64.56850186
realization 139 / 300 ... accepted 139. Emin=11.45534723, Emax=78.52235057
realization 140 / 300 ... accepted 140. Emin=-43.46123420, Emax=37.21241674
realization 141 / 300 ... accepted 141. Emin=-40.06992168, Emax=56.33497323
realization 142 / 300 ... accepted 142. Emin=-44.43979237, Emax=50.34139535
realization 143 / 300 ... accepted 143. Emin=-16.34098662, Emax=40.01776948
realization 144 / 300 ... accepted 144. Emin=-50.40856541, Emax=23.33551237
realization 145 / 300 ... accepted 145. Emin=-4.87875873, Emax=71.79376751
realization 146 / 300 ... accepted 146. Emin=-19.12774552, Emax=46.04627167
realization 147 / 300 ... accepted 147. Emin=-47.66006419, Emax=11.24994964
realization 148 / 300 ... accepted 148. Emin=2.32043026, Emax=58.47758371
realization 149 / 300 ... accepted 149. Emin=-14.34177310, Emax=37.40236172
realization 150 / 300 ... accepted 150. Emin=-53.84695754, Emax=15.99282239
realization 151 / 300 ... accepted 151. Emin=-47.98790750, Emax=23.76608299
realization 152 / 300 ... accepted 152. Emin=-22.21622335, Emax=38.05351936
realization 153 / 300 ... accepted 153. Emin=-24.42551732, Emax=39.67076298
realization 154 / 300 ... accepted 154. Emin=-45.58720410, Emax=35.59580014
realization 155 / 300 ... accepted 155. Emin=-5.65548406, Emax=64.01246010
realization 156 / 300 ... accepted 156. Emin=-32.32765751, Emax=26.21429442
realization 157 / 300 ... accepted 157. Emin=-32.74662294, Emax=25.84901466
realization 158 / 300 ... accepted 158. Emin=-24.35198545, Emax=37.07710212
realization 159 / 300 ... accepted 159. Emin=-52.78210488, Emax=22.84599944
realization 160 / 300 ... accepted 160. Emin=-23.13306403, Emax=50.71356839
realization 161 / 300 ... accepted 161. Emin=17.62106832, Emax=64.52121347
realization 162 / 300 ... accepted 162. Emin=4.41147341, Emax=61.98180333
realization 163 / 300 ... accepted 163. Emin=-36.59518722, Emax=59.82480620
realization 164 / 300 ... accepted 164. Emin=-25.98976244, Emax=46.41315048
realization 165 / 300 ... accepted 165. Emin=-27.36523888, Emax=48.84671244
realization 166 / 300 ... accepted 166. Emin=-21.76179743, Emax=33.76236100
realization 167 / 300 ... accepted 167. Emin=-35.19903191, Emax=48.28014835
realization 168 / 300 ... accepted 168. Emin=-16.01857855, Emax=68.14124190
realization 169 / 300 ... accepted 169. Emin=-17.71725631, Emax=51.04943702
realization 170 / 300 ... accepted 170. Emin=-37.76814376, Emax=35.77997067
realization 171 / 300 ... accepted 171. Emin=-16.47912957, Emax=21.74858695
realization 172 / 300 ... accepted 172. Emin=-31.17192400, Emax=7.44016944
realization 173 / 300 ... accepted 173. Emin=5.44166646, Emax=63.19424317
realization 174 / 300 ... accepted 174. Emin=25.85956066, Emax=63.70271743
realization 175 / 300 ... accepted 175. Emin=-25.42275404, Emax=26.58432831
realization 176 / 300 ... accepted 176. Emin=-18.35604425, Emax=61.64135370
realization 177 / 300 ... accepted 177. Emin=-41.23044451, Emax=29.31836498
realization 178 / 300 ... accepted 178. Emin=-13.44231075, Emax=55.86747701
realization 179 / 300 ... accepted 179. Emin=-18.04144014, Emax=40.56242256
realization 180 / 300 ... accepted 180. Emin=-43.18553035, Emax=-7.48513389
realization 181 / 300 ... accepted 181. Emin=-28.13667548, Emax=45.93131069
realization 182 / 300 ... accepted 182. Emin=-24.62157790, Emax=51.10643050
realization 183 / 300 ... accepted 183. Emin=5.17940689, Emax=63.52409054
realization 184 / 300 ... accepted 184. Emin=-26.55225147, Emax=46.47015980
realization 185 / 300 ... accepted 185. Emin=-37.46677184, Emax=65.05836975
realization 186 / 300 ... accepted 186. Emin=-36.16282715, Emax=61.39414198
realization 187 / 300 ... accepted 187. Emin=-12.45840961, Emax=58.27974530
realization 188 / 300 ... accepted 188. Emin=-24.05968089, Emax=27.17292102
realization 189 / 300 ... accepted 189. Emin=-20.57444362, Emax=52.69077020
realization 190 / 300 ... accepted 190. Emin=-34.02097512, Emax=64.22028880
realization 191 / 300 ... accepted 191. Emin=-39.48107690, Emax=40.04971675
realization 192 / 300 ... accepted 192. Emin=-5.91996006, Emax=62.63665681
realization 193 / 300 ... accepted 193. Emin=10.23514237, Emax=64.96488010
realization 194 / 300 ... accepted 194. Emin=-41.05419054, Emax=23.30456560
realization 195 / 300 ... accepted 195. Emin=-10.52689991, Emax=40.53015453
realization 196 / 300 ... accepted 196. Emin=-26.71188842, Emax=37.88336822
realization 197 / 300 ... accepted 197. Emin=6.23276676, Emax=50.75787833
realization 198 / 300 ... accepted 198. Emin=13.11431910, Emax=69.76577299
realization 199 / 300 ... accepted 199. Emin=-31.74553982, Emax=41.25666556
realization 200 / 300 ... accepted 200. Emin=-30.26087851, Emax=27.73180292
realization 201 / 300 ... accepted 201. Emin=11.77613437, Emax=61.09553827
realization 202 / 300 ... accepted 202. Emin=-28.74000797, Emax=53.83976338
realization 203 / 300 ... accepted 203. Emin=-1.51858578, Emax=45.01895781
realization 204 / 300 ... accepted 204. Emin=-30.64220140, Emax=0.41574262
realization 205 / 300 ... accepted 205. Emin=-15.12357875, Emax=32.01724274
realization 206 / 300 ... accepted 206. Emin=-37.03408598, Emax=25.50850662
realization 207 / 300 ... accepted 207. Emin=14.06934583, Emax=69.84608699
realization 208 / 300 ... accepted 208. Emin=-31.00056851, Emax=54.86374749
realization 209 / 300 ... accepted 209. Emin=-27.84967953, Emax=55.62902477
realization 210 / 300 ... accepted 210. Emin=0.69163952, Emax=60.86567794
realization 211 / 300 ... accepted 211. Emin=-52.78120163, Emax=7.35991812
realization 212 / 300 ... accepted 212. Emin=-20.83441735, Emax=38.34312932
realization 213 / 300 ... accepted 213. Emin=-6.74581823, Emax=43.62967189
realization 214 / 300 ... accepted 214. Emin=0.82065733, Emax=81.46091498
realization 215 / 300 ... accepted 215. Emin=-25.21717257, Emax=36.96685798
realization 216 / 300 ... accepted 216. Emin=-20.01797980, Emax=34.83658147
realization 217 / 300 ... accepted 217. Emin=-32.69943239, Emax=14.20500930
realization 218 / 300 ... accepted 218. Emin=-18.26276565, Emax=41.95082064
realization 219 / 300 ... accepted 219. Emin=-23.33977012, Emax=31.20919867
realization 220 / 300 ... accepted 220. Emin=-34.24524446, Emax=37.59119647
realization 221 / 300 ... accepted 221. Emin=-47.91424446, Emax=16.28709175
realization 222 / 300 ... accepted 222. Emin=-18.78821197, Emax=56.80421946
realization 223 / 300 ... accepted 223. Emin=-39.71493485, Emax=28.22608383
realization 224 / 300 ... accepted 224. Emin=-11.95445117, Emax=53.97904076
realization 225 / 300 ... accepted 225. Emin=-21.66562152, Emax=37.73875965
realization 226 / 300 ... accepted 226. Emin=-24.45680227, Emax=30.36366882
realization 227 / 300 ... accepted 227. Emin=-34.65600096, Emax=60.87810134
realization 228 / 300 ... accepted 228. Emin=-5.13716926, Emax=44.78346565
realization 229 / 300 ... accepted 229. Emin=-55.30417222, Emax=15.07394022
realization 230 / 300 ... accepted 230. Emin=2.76861860, Emax=56.42229831
realization 231 / 300 ... accepted 231. Emin=-23.34105257, Emax=49.82069196
realization 232 / 300 ... accepted 232. Emin=-12.63009362, Emax=54.32345998
realization 233 / 300 ... accepted 233. Emin=-5.40350744, Emax=55.13998941
realization 234 / 300 ... accepted 234. Emin=-32.93392712, Emax=44.28722277
realization 235 / 300 ... accepted 235. Emin=-27.59800497, Emax=60.10598746
realization 236 / 300 ... accepted 236. Emin=-7.75929505, Emax=48.53782363
realization 237 / 300 ... accepted 237. Emin=-32.48465640, Emax=55.28276389
realization 238 / 300 ... accepted 238. Emin=-20.69475922, Emax=44.80962529
realization 239 / 300 ... accepted 239. Emin=17.61563631, Emax=63.02231538
realization 240 / 300 ... accepted 240. Emin=-14.75445979, Emax=51.62530826
realization 241 / 300 ... accepted 241. Emin=-34.68914429, Emax=53.04191611
realization 242 / 300 ... accepted 242. Emin=-11.88167040, Emax=52.85299436
realization 243 / 300 ... accepted 243. Emin=-26.00721014, Emax=29.27032075
realization 244 / 300 ... accepted 244. Emin=-31.31602152, Emax=42.37620391
realization 245 / 300 ... accepted 245. Emin=-15.64419011, Emax=68.98865018
realization 246 / 300 ... accepted 246. Emin=-43.52821984, Emax=20.96677767
realization 247 / 300 ... accepted 247. Emin=-50.33753515, Emax=2.34593658
realization 248 / 300 ... accepted 248. Emin=6.39434443, Emax=63.08629125
realization 249 / 300 ... accepted 249. Emin=-20.98860600, Emax=59.13215358
realization 250 / 300 ... accepted 250. Emin=-39.60291301, Emax=64.07789159
realization 251 / 300 ... accepted 251. Emin=13.31314898, Emax=54.91220649
realization 252 / 300 ... accepted 252. Emin=-44.85734753, Emax=53.02211010
realization 253 / 300 ... accepted 253. Emin=-13.25463913, Emax=29.54922688
realization 254 / 300 ... accepted 254. Emin=-40.52021627, Emax=25.11286172
realization 255 / 300 ... accepted 255. Emin=-39.20309723, Emax=31.26274577
realization 256 / 300 ... accepted 256. Emin=-33.69591396, Emax=63.49006175
realization 257 / 300 ... accepted 257. Emin=-35.36849898, Emax=44.37281454
realization 258 / 300 ... accepted 258. Emin=-26.06962293, Emax=37.29240387
realization 259 / 300 ... accepted 259. Emin=-52.27781772, Emax=11.83411375
realization 260 / 300 ... accepted 260. Emin=-34.59638346, Emax=36.94493207
realization 261 / 300 ... accepted 261. Emin=14.99451729, Emax=77.10997236
realization 262 / 300 ... accepted 262. Emin=-27.72702897, Emax=47.73273767
realization 263 / 300 ... accepted 263. Emin=-44.99911424, Emax=39.03900976
realization 264 / 300 ... accepted 264. Emin=-58.85294159, Emax=-23.66217987
realization 265 / 300 ... accepted 265. Emin=-20.82227154, Emax=30.68087189
realization 266 / 300 ... accepted 266. Emin=-34.80983168, Emax=48.34238493
realization 267 / 300 ... accepted 267. Emin=-4.17710302, Emax=45.93436591
realization 268 / 300 ... accepted 268. Emin=-13.67770529, Emax=40.02267762
realization 269 / 300 ... accepted 269. Emin=-30.10144213, Emax=52.68134820
realization 270 / 300 ... accepted 270. Emin=-11.72007758, Emax=49.39241100
realization 271 / 300 ... accepted 271. Emin=-18.03668865, Emax=34.50286751
realization 272 / 300 ... accepted 272. Emin=-9.66463221, Emax=60.43373051
realization 273 / 300 ... accepted 273. Emin=-37.85841058, Emax=16.02618085
realization 274 / 300 ... accepted 274. Emin=-33.37470403, Emax=34.13227511
realization 275 / 300 ... accepted 275. Emin=-24.03966076, Emax=30.30263007
realization 276 / 300 ... accepted 276. Emin=31.00163201, Emax=80.15066485
realization 277 / 300 ... accepted 277. Emin=-31.32408930, Emax=29.54207338
realization 278 / 300 ... accepted 278. Emin=-23.67767952, Emax=42.34932553
realization 279 / 300 ... accepted 279. Emin=37.53395324, Emax=71.88140506
realization 280 / 300 ... accepted 280. Emin=-45.51806322, Emax=17.50766515
realization 281 / 300 ... accepted 281. Emin=-8.43986334, Emax=79.56108796
realization 282 / 300 ... accepted 282. Emin=-15.79398343, Emax=56.83642403
realization 283 / 300 ... accepted 283. Emin=-0.53062427, Emax=53.87720755
realization 284 / 300 ... accepted 284. Emin=-23.34753958, Emax=38.40474256
realization 285 / 300 ... accepted 285. Emin=-34.99312836, Emax=33.53022176
realization 286 / 300 ... accepted 286. Emin=-17.36461107, Emax=56.21271058
realization 287 / 300 ... accepted 287. Emin=-14.89958002, Emax=42.66044667
realization 288 / 300 ... accepted 288. Emin=-45.71416125, Emax=22.71019896
realization 289 / 300 ... accepted 289. Emin=-28.61712771, Emax=16.30364019
realization 290 / 300 ... accepted 290. Emin=-45.45543376, Emax=21.51582884
realization 291 / 300 ... accepted 291. Emin=-8.17374725, Emax=64.14114413
realization 292 / 300 ... accepted 292. Emin=-14.60536284, Emax=39.26516517
realization 293 / 300 ... accepted 293. Emin=13.28655735, Emax=48.01181932
realization 294 / 300 ... accepted 294. Emin=-8.68744701, Emax=45.98424589
realization 295 / 300 ... accepted 295. Emin=-0.17264764, Emax=44.12373118
realization 296 / 300 ... accepted 296. Emin=-24.49323574, Emax=47.87879087
realization 297 / 300 ... accepted 297. Emin=-35.87850093, Emax=39.16703758
realization 298 / 300 ... accepted 298. Emin=-40.42686916, Emax=10.68378457
realization 299 / 300 ... accepted 299. Emin=-25.83322226, Emax=46.03045776
realization 300 / 300 ... accepted 300. Emin=-9.69811531, Emax=16.52711121
Saved final energies: /home/2/kj405942/POLFED_bosons/pbs_bose_legacy_nmax2_periodic/data/U_2/W_12/L_6/N_6_nmax_2/boundary_periodic/energies_full_U2_L6_N6_nmax2_W12_boundaryperiodic_nreal300.txt
Accepted realizations: 300 / 300
Skipped realizations: 0
Job finished at Sun May 31 18:00:26 UTC 2026
