Job started on w19 at Sun May 31 17:58:57 UTC 2026
PBS_JOBID=7731324.kruk-host.ift-klaster.lan
PBS_O_WORKDIR=/home/2/kj405942/POLFED_bosons
Bose-Hubbard: L=6, N=6, nmax=2, dim=141
t=1, U=2, W=15, nreal=300, boundary=periodic, mode=full
Writing partial results to /home/2/kj405942/POLFED_bosons/pbs_bose_legacy_nmax2_periodic/data/U_2/W_15/L_6/N_6_nmax_2/boundary_periodic/energies_full_U2_L6_N6_nmax2_W15_boundaryperiodic_nreal300_partial.txt
realization 1 / 300 ... accepted 1. Emin=-58.47968555, Emax=30.81734034
realization 2 / 300 ... accepted 2. Emin=-6.45331054, Emax=91.21097541
realization 3 / 300 ... accepted 3. Emin=-47.28153357, Emax=26.68052061
realization 4 / 300 ... accepted 4. Emin=-20.51464034, Emax=77.82168075
realization 5 / 300 ... accepted 5. Emin=-39.51121801, Emax=44.55455167
realization 6 / 300 ... accepted 6. Emin=-21.30827327, Emax=46.49415796
realization 7 / 300 ... accepted 7. Emin=-35.23144979, Emax=33.43589546
realization 8 / 300 ... accepted 8. Emin=-62.45896745, Emax=23.05293609
realization 9 / 300 ... accepted 9. Emin=-39.46506851, Emax=67.36462976
realization 10 / 300 ... accepted 10. Emin=-7.34455659, Emax=89.63327431
realization 11 / 300 ... accepted 11. Emin=7.74190435, Emax=53.62929572
realization 12 / 300 ... accepted 12. Emin=-48.12525403, Emax=32.28450573
realization 13 / 300 ... accepted 13. Emin=-57.76443732, Emax=65.68568534
realization 14 / 300 ... accepted 14. Emin=-38.21875534, Emax=40.71667441
realization 15 / 300 ... accepted 15. Emin=-47.29784365, Emax=39.57098390
realization 16 / 300 ... accepted 16. Emin=0.81656754, Emax=80.82991653
realization 17 / 300 ... accepted 17. Emin=-49.49354346, Emax=63.93366053
realization 18 / 300 ... accepted 18. Emin=21.12816614, Emax=69.17352568
realization 19 / 300 ... accepted 19. Emin=-15.85339818, Emax=69.12032380
realization 20 / 300 ... accepted 20. Emin=-50.95728079, Emax=27.13080510
realization 21 / 300 ... accepted 21. Emin=-51.94946798, Emax=30.79648238
realization 22 / 300 ... accepted 22. Emin=-27.87132856, Emax=44.96501890
realization 23 / 300 ... accepted 23. Emin=-28.60482902, Emax=64.72348166
realization 24 / 300 ... accepted 24. Emin=-36.62659441, Emax=66.48927289
realization 25 / 300 ... accepted 25. Emin=-31.02970244, Emax=44.13028969
realization 26 / 300 ... accepted 26. Emin=0.02229990, Emax=68.07589179
realization 27 / 300 ... accepted 27. Emin=-57.40178788, Emax=-15.77633615
realization 28 / 300 ... accepted 28. Emin=-43.36503469, Emax=14.53011990
realization 29 / 300 ... accepted 29. Emin=-20.44432737, Emax=58.10234607
realization 30 / 300 ... accepted 30. Emin=-65.39993076, Emax=16.63906858
realization 31 / 300 ... accepted 31. Emin=-54.86555410, Emax=30.24991749
realization 32 / 300 ... accepted 32. Emin=-5.69145589, Emax=77.62438535
realization 33 / 300 ... accepted 33. Emin=-73.62224842, Emax=71.42639345
realization 34 / 300 ... accepted 34. Emin=-65.37199339, Emax=11.91362481
realization 35 / 300 ... accepted 35. Emin=-5.74022045, Emax=78.27157153
realization 36 / 300 ... accepted 36. Emin=-51.27707690, Emax=71.49999342
realization 37 / 300 ... accepted 37. Emin=-45.91360148, Emax=24.60508164
realization 38 / 300 ... accepted 38. Emin=-30.67032511, Emax=21.83317677
realization 39 / 300 ... accepted 39. Emin=-33.01468411, Emax=53.75738847
realization 40 / 300 ... accepted 40. Emin=-63.67753431, Emax=8.26617302
realization 41 / 300 ... accepted 41. Emin=8.80131946, Emax=54.23526296
realization 42 / 300 ... accepted 42. Emin=20.25635370, Emax=85.57416736
realization 43 / 300 ... accepted 43. Emin=-25.54029702, Emax=56.12903799
realization 44 / 300 ... accepted 44. Emin=-5.44579109, Emax=83.80044475
realization 45 / 300 ... accepted 45. Emin=13.38483596, Emax=88.40400591
realization 46 / 300 ... accepted 46. Emin=-14.22605337, Emax=58.49046981
realization 47 / 300 ... accepted 47. Emin=-26.98186932, Emax=61.64425544
realization 48 / 300 ... accepted 48. Emin=-44.08996545, Emax=57.23038162
realization 49 / 300 ... accepted 49. Emin=20.99573725, Emax=73.51245712
realization 50 / 300 ... accepted 50. Emin=43.65423762, Emax=86.14021323
realization 51 / 300 ... accepted 51. Emin=-16.37660873, Emax=66.30227883
realization 52 / 300 ... accepted 52. Emin=-40.78869011, Emax=32.23814161
realization 53 / 300 ... accepted 53. Emin=-38.36113096, Emax=67.74890329
realization 54 / 300 ... accepted 54. Emin=-36.13282083, Emax=57.32811202
realization 55 / 300 ... accepted 55. Emin=-46.77102318, Emax=29.55877207
realization 56 / 300 ... accepted 56. Emin=2.73243240, Emax=87.94576965
realization 57 / 300 ... accepted 57. Emin=-29.02533074, Emax=57.80800253
realization 58 / 300 ... accepted 58. Emin=-3.64594404, Emax=64.76704998
realization 59 / 300 ... accepted 59. Emin=-46.73493142, Emax=65.53873916
realization 60 / 300 ... accepted 60. Emin=-27.64116631, Emax=37.59199345
realization 61 / 300 ... accepted 61. Emin=43.21526962, Emax=85.35235899
realization 62 / 300 ... accepted 62. Emin=-36.32352024, Emax=52.79311697
realization 63 / 300 ... accepted 63. Emin=-14.27495527, Emax=46.32543379
realization 64 / 300 ... accepted 64. Emin=2.12807062, Emax=70.62600538
realization 65 / 300 ... accepted 65. Emin=-45.82775240, Emax=69.38254845
realization 66 / 300 ... accepted 66. Emin=-25.20192971, Emax=53.14590166
realization 67 / 300 ... accepted 67. Emin=-41.29659455, Emax=51.32654645
realization 68 / 300 ... accepted 68. Emin=-53.22496134, Emax=74.63651129
realization 69 / 300 ... accepted 69. Emin=-23.32322974, Emax=30.48548761
realization 70 / 300 ... accepted 70. Emin=-28.47726742, Emax=64.72471811
realization 71 / 300 ... accepted 71. Emin=-0.19448642, Emax=81.50297809
realization 72 / 300 ... accepted 72. Emin=-62.99116409, Emax=34.47051563
realization 73 / 300 ... accepted 73. Emin=-17.97882277, Emax=48.23919350
realization 74 / 300 ... accepted 74. Emin=-43.40596634, Emax=44.08668765
realization 75 / 300 ... accepted 75. Emin=-19.59083127, Emax=51.33483984
realization 76 / 300 ... accepted 76. Emin=-0.56500227, Emax=84.49854520
realization 77 / 300 ... accepted 77. Emin=-66.64698362, Emax=-6.31087681
realization 78 / 300 ... accepted 78. Emin=-33.07988269, Emax=44.73201159
realization 79 / 300 ... accepted 79. Emin=-33.17567276, Emax=31.54441092
realization 80 / 300 ... accepted 80. Emin=3.89467682, Emax=58.46601959
realization 81 / 300 ... accepted 81. Emin=5.07232251, Emax=62.60355510
realization 82 / 300 ... accepted 82. Emin=-51.45162773, Emax=60.18305439
realization 83 / 300 ... accepted 83. Emin=-68.35585498, Emax=35.47691343
realization 84 / 300 ... accepted 84. Emin=-47.47417813, Emax=1.37179297
realization 85 / 300 ... accepted 85. Emin=-51.01457134, Emax=15.28655587
realization 86 / 300 ... accepted 86. Emin=-3.84710047, Emax=45.86903827
realization 87 / 300 ... accepted 87. Emin=-23.96874774, Emax=62.77188854
realization 88 / 300 ... accepted 88. Emin=-28.16175125, Emax=70.52610751
realization 89 / 300 ... accepted 89. Emin=-19.25457668, Emax=41.54267105
realization 90 / 300 ... accepted 90. Emin=-31.71778227, Emax=25.05685008
realization 91 / 300 ... accepted 91. Emin=-7.69974553, Emax=46.17704618
realization 92 / 300 ... accepted 92. Emin=-18.92594636, Emax=62.53373362
realization 93 / 300 ... accepted 93. Emin=20.26578295, Emax=77.06118469
realization 94 / 300 ... accepted 94. Emin=-34.85042242, Emax=59.67193914
realization 95 / 300 ... accepted 95. Emin=-51.22685548, Emax=11.58005345
realization 96 / 300 ... accepted 96. Emin=26.53952483, Emax=77.61726369
realization 97 / 300 ... accepted 97. Emin=-7.65631105, Emax=79.17748865
realization 98 / 300 ... accepted 98. Emin=-23.11056222, Emax=73.43083677
realization 99 / 300 ... accepted 99. Emin=-42.01099181, Emax=55.76548197
realization 100 / 300 ... accepted 100. Emin=-7.12447459, Emax=45.85622360
realization 101 / 300 ... accepted 101. Emin=-26.22716082, Emax=43.35840160
realization 102 / 300 ... accepted 102. Emin=-4.50972827, Emax=57.84075970
realization 103 / 300 ... accepted 103. Emin=-34.42705017, Emax=63.77611667
realization 104 / 300 ... accepted 104. Emin=-17.47946562, Emax=49.18114204
realization 105 / 300 ... accepted 105. Emin=10.59948869, Emax=69.00159207
realization 106 / 300 ... accepted 106. Emin=-60.17063352, Emax=32.71436845
realization 107 / 300 ... accepted 107. Emin=-46.85968884, Emax=52.07139992
realization 108 / 300 ... accepted 108. Emin=-16.83381763, Emax=62.17375824
realization 109 / 300 ... accepted 109. Emin=-53.45754503, Emax=28.86715999
realization 110 / 300 ... accepted 110. Emin=-7.89489665, Emax=49.25793503
realization 111 / 300 ... accepted 111. Emin=-19.00095352, Emax=84.65460930
realization 112 / 300 ... accepted 112. Emin=-50.91483567, Emax=22.92936290
realization 113 / 300 ... accepted 113. Emin=-53.35405575, Emax=11.46812329
realization 114 / 300 ... accepted 114. Emin=-23.18479053, Emax=80.83268574
realization 115 / 300 ... accepted 115. Emin=-28.28842846, Emax=22.41862306
realization 116 / 300 ... accepted 116. Emin=-40.39687337, Emax=57.54158415
realization 117 / 300 ... accepted 117. Emin=-54.14123723, Emax=29.58098776
realization 118 / 300 ... accepted 118. Emin=-60.80057554, Emax=33.40695841
realization 119 / 300 ... accepted 119. Emin=2.47537975, Emax=84.20201072
realization 120 / 300 ... accepted 120. Emin=-41.20941137, Emax=10.07747039
realization 121 / 300 ... accepted 121. Emin=-75.98447159, Emax=67.49826498
realization 122 / 300 ... accepted 122. Emin=-33.37952043, Emax=78.46273906
realization 123 / 300 ... accepted 123. Emin=7.70793100, Emax=73.21530201
realization 124 / 300 ... accepted 124. Emin=-43.95025861, Emax=7.82311993
realization 125 / 300 ... accepted 125. Emin=-60.61246970, Emax=63.17931070
realization 126 / 300 ... accepted 126. Emin=-21.05080102, Emax=32.69946392
realization 127 / 300 ... accepted 127. Emin=-37.38033922, Emax=43.63991076
realization 128 / 300 ... accepted 128. Emin=-18.15695599, Emax=71.89431589
realization 129 / 300 ... accepted 129. Emin=-40.56760685, Emax=47.63040186
realization 130 / 300 ... accepted 130. Emin=-61.60020897, Emax=4.97835435
realization 131 / 300 ... accepted 131. Emin=-48.29412173, Emax=79.52144110
realization 132 / 300 ... accepted 132. Emin=-12.61533124, Emax=71.93452914
realization 133 / 300 ... accepted 133. Emin=-18.35116533, Emax=65.05203913
realization 134 / 300 ... accepted 134. Emin=-4.61080397, Emax=81.86312084
realization 135 / 300 ... accepted 135. Emin=-71.63822392, Emax=21.78370553
realization 136 / 300 ... accepted 136. Emin=-21.53985816, Emax=47.23588781
realization 137 / 300 ... accepted 137. Emin=-37.35336195, Emax=89.85079771
realization 138 / 300 ... accepted 138. Emin=-31.71112633, Emax=50.84801608
realization 139 / 300 ... accepted 139. Emin=-28.30088689, Emax=50.71263757
realization 140 / 300 ... accepted 140. Emin=-57.93916179, Emax=41.02478769
realization 141 / 300 ... accepted 141. Emin=-17.01810964, Emax=60.13225321
realization 142 / 300 ... accepted 142. Emin=20.36340571, Emax=87.21385367
realization 143 / 300 ... accepted 143. Emin=-27.01551213, Emax=45.49410890
realization 144 / 300 ... accepted 144. Emin=-18.62723297, Emax=66.62794594
realization 145 / 300 ... accepted 145. Emin=-20.00900005, Emax=62.58836737
realization 146 / 300 ... accepted 146. Emin=-24.97740871, Emax=45.18174420
realization 147 / 300 ... accepted 147. Emin=-50.97960190, Emax=17.52724048
realization 148 / 300 ... accepted 148. Emin=-8.80522466, Emax=68.38894747
realization 149 / 300 ... accepted 149. Emin=-40.50578105, Emax=78.19220027
realization 150 / 300 ... accepted 150. Emin=0.90728308, Emax=80.54462175
realization 151 / 300 ... accepted 151. Emin=-45.34875386, Emax=24.75152679
realization 152 / 300 ... accepted 152. Emin=-32.09595622, Emax=53.79609583
realization 153 / 300 ... accepted 153. Emin=-2.22751010, Emax=59.62308892
realization 154 / 300 ... accepted 154. Emin=-17.80137503, Emax=51.92215681
realization 155 / 300 ... accepted 155. Emin=-13.25855181, Emax=60.52363236
realization 156 / 300 ... accepted 156. Emin=-4.79496019, Emax=56.10522890
realization 157 / 300 ... accepted 157. Emin=-63.06984799, Emax=27.80656559
realization 158 / 300 ... accepted 158. Emin=-3.25077461, Emax=81.81724866
realization 159 / 300 ... accepted 159. Emin=-22.07423860, Emax=74.72942811
realization 160 / 300 ... accepted 160. Emin=-38.28859133, Emax=56.04864218
realization 161 / 300 ... accepted 161. Emin=-16.39625313, Emax=36.68799926
realization 162 / 300 ... accepted 162. Emin=-62.60594541, Emax=12.71464537
realization 163 / 300 ... accepted 163. Emin=13.69750160, Emax=92.91684824
realization 164 / 300 ... accepted 164. Emin=-34.64249323, Emax=76.44270543
realization 165 / 300 ... accepted 165. Emin=-30.63526484, Emax=48.35620985
realization 166 / 300 ... accepted 166. Emin=-37.63941374, Emax=58.23056072
realization 167 / 300 ... accepted 167. Emin=-60.70889511, Emax=28.37789958
realization 168 / 300 ... accepted 168. Emin=-44.88728530, Emax=26.20291577
realization 169 / 300 ... accepted 169. Emin=-8.17179620, Emax=74.24240638
realization 170 / 300 ... accepted 170. Emin=-59.85802662, Emax=47.05918624
realization 171 / 300 ... accepted 171. Emin=-41.96758378, Emax=53.00084888
realization 172 / 300 ... accepted 172. Emin=-72.13626629, Emax=-9.18928798
realization 173 / 300 ... accepted 173. Emin=-33.74419695, Emax=44.51996907
realization 174 / 300 ... accepted 174. Emin=22.30502661, Emax=88.39923600
realization 175 / 300 ... accepted 175. Emin=-37.96479103, Emax=66.25227582
realization 176 / 300 ... accepted 176. Emin=-35.68048131, Emax=83.89904778
realization 177 / 300 ... accepted 177. Emin=13.24486536, Emax=70.26941141
realization 178 / 300 ... accepted 178. Emin=17.67084056, Emax=78.34422070
realization 179 / 300 ... accepted 179. Emin=-31.68419177, Emax=56.93691888
realization 180 / 300 ... accepted 180. Emin=-41.25076581, Emax=62.52672840
realization 181 / 300 ... accepted 181. Emin=-71.33565071, Emax=21.12286956
realization 182 / 300 ... accepted 182. Emin=-10.04610404, Emax=70.36860413
realization 183 / 300 ... accepted 183. Emin=13.76131281, Emax=67.97164680
realization 184 / 300 ... accepted 184. Emin=-53.04815169, Emax=59.67208329
realization 185 / 300 ... accepted 185. Emin=-54.32023854, Emax=30.24960149
realization 186 / 300 ... accepted 186. Emin=-41.79532520, Emax=44.29040458
realization 187 / 300 ... accepted 187. Emin=-7.54234215, Emax=75.02339954
realization 188 / 300 ... accepted 188. Emin=2.05864381, Emax=68.74204663
realization 189 / 300 ... accepted 189. Emin=-3.40385867, Emax=88.69703031
realization 190 / 300 ... accepted 190. Emin=-44.92400299, Emax=71.37370955
realization 191 / 300 ... accepted 191. Emin=-16.80211067, Emax=52.53127142
realization 192 / 300 ... accepted 192. Emin=-52.16950353, Emax=26.62018737
realization 193 / 300 ... accepted 193. Emin=-11.75617118, Emax=82.40047951
realization 194 / 300 ... accepted 194. Emin=-60.83421932, Emax=40.32703315
realization 195 / 300 ... accepted 195. Emin=-36.13180613, Emax=84.07951624
realization 196 / 300 ... accepted 196. Emin=-62.88377946, Emax=31.34313036
realization 197 / 300 ... accepted 197. Emin=-58.84473199, Emax=73.12672640
realization 198 / 300 ... accepted 198. Emin=-54.71885182, Emax=50.32712473
realization 199 / 300 ... accepted 199. Emin=-46.21738855, Emax=73.96288702
realization 200 / 300 ... accepted 200. Emin=-63.95539826, Emax=36.08188239
realization 201 / 300 ... accepted 201. Emin=-36.63810138, Emax=81.38222808
realization 202 / 300 ... accepted 202. Emin=-30.56705526, Emax=48.96052589
realization 203 / 300 ... accepted 203. Emin=13.90323238, Emax=77.87407427
realization 204 / 300 ... accepted 204. Emin=-30.72176566, Emax=34.58167010
realization 205 / 300 ... accepted 205. Emin=-51.65433785, Emax=17.23993315
realization 206 / 300 ... accepted 206. Emin=-17.15522551, Emax=62.35622262
realization 207 / 300 ... accepted 207. Emin=-15.74743661, Emax=56.81399092
realization 208 / 300 ... accepted 208. Emin=-56.57405158, Emax=11.27471860
realization 209 / 300 ... accepted 209. Emin=-0.50356145, Emax=48.92090658
realization 210 / 300 ... accepted 210. Emin=-41.51167358, Emax=12.71135295
realization 211 / 300 ... accepted 211. Emin=-56.53410329, Emax=51.58079029
realization 212 / 300 ... accepted 212. Emin=-42.13308934, Emax=35.75031108
realization 213 / 300 ... accepted 213. Emin=-42.13262916, Emax=41.91942968
realization 214 / 300 ... accepted 214. Emin=-15.03291241, Emax=34.73217371
realization 215 / 300 ... accepted 215. Emin=-28.34997415, Emax=23.18594560
realization 216 / 300 ... accepted 216. Emin=-31.10691974, Emax=63.98523677
realization 217 / 300 ... accepted 217. Emin=-32.51662056, Emax=44.34834384
realization 218 / 300 ... accepted 218. Emin=-44.60816904, Emax=11.67368722
realization 219 / 300 ... accepted 219. Emin=-35.47548056, Emax=63.66452283
realization 220 / 300 ... accepted 220. Emin=-8.45297229, Emax=61.06531564
realization 221 / 300 ... accepted 221. Emin=-40.89858799, Emax=35.02894226
realization 222 / 300 ... accepted 222. Emin=-31.95064093, Emax=47.84833244
realization 223 / 300 ... accepted 223. Emin=-32.07322465, Emax=56.21228332
realization 224 / 300 ... accepted 224. Emin=-60.26197199, Emax=40.77739178
realization 225 / 300 ... accepted 225. Emin=-56.80235402, Emax=18.81489706
realization 226 / 300 ... accepted 226. Emin=-39.95054556, Emax=45.02737607
realization 227 / 300 ... accepted 227. Emin=-38.77541185, Emax=54.17318683
realization 228 / 300 ... accepted 228. Emin=-40.15075758, Emax=71.50229603
realization 229 / 300 ... accepted 229. Emin=-0.72059939, Emax=69.35178459
realization 230 / 300 ... accepted 230. Emin=-37.21882294, Emax=26.95686476
realization 231 / 300 ... accepted 231. Emin=-27.10429007, Emax=86.13299284
realization 232 / 300 ... accepted 232. Emin=-23.06471439, Emax=63.87586539
realization 233 / 300 ... accepted 233. Emin=-32.01434578, Emax=38.78422060
realization 234 / 300 ... accepted 234. Emin=-46.42552665, Emax=56.63079330
realization 235 / 300 ... accepted 235. Emin=-34.00043823, Emax=52.13164788
realization 236 / 300 ... accepted 236. Emin=-6.57768360, Emax=83.88715271
realization 237 / 300 ... accepted 237. Emin=-19.67502117, Emax=20.45408935
realization 238 / 300 ... accepted 238. Emin=-35.36095984, Emax=24.47863941
realization 239 / 300 ... accepted 239. Emin=-9.16501160, Emax=66.56160868
realization 240 / 300 ... accepted 240. Emin=-48.60219419, Emax=20.09436189
realization 241 / 300 ... accepted 241. Emin=-56.60910323, Emax=10.08746785
realization 242 / 300 ... accepted 242. Emin=-30.65651768, Emax=65.79652720
realization 243 / 300 ... accepted 243. Emin=-38.46922813, Emax=90.92880238
realization 244 / 300 ... accepted 244. Emin=-36.34877802, Emax=50.01109867
realization 245 / 300 ... accepted 245. Emin=-52.25485387, Emax=36.00720202
realization 246 / 300 ... accepted 246. Emin=-46.57821056, Emax=2.17298770
realization 247 / 300 ... accepted 247. Emin=17.20799128, Emax=68.56615017
realization 248 / 300 ... accepted 248. Emin=-69.06114417, Emax=26.15611422
realization 249 / 300 ... accepted 249. Emin=-19.27967337, Emax=79.09348704
realization 250 / 300 ... accepted 250. Emin=-14.57441627, Emax=38.50085664
realization 251 / 300 ... accepted 251. Emin=-37.50182881, Emax=29.24564145
realization 252 / 300 ... accepted 252. Emin=-46.62032046, Emax=35.30274828
realization 253 / 300 ... accepted 253. Emin=-8.75765569, Emax=34.56556148
realization 254 / 300 ... accepted 254. Emin=-32.75224414, Emax=22.93749694
realization 255 / 300 ... accepted 255. Emin=-42.97684790, Emax=56.43931670
realization 256 / 300 ... accepted 256. Emin=-29.33636717, Emax=47.89516729
realization 257 / 300 ... accepted 257. Emin=-53.47699463, Emax=27.75278541
realization 258 / 300 ... accepted 258. Emin=-57.92575802, Emax=35.72343451
realization 259 / 300 ... accepted 259. Emin=7.45785901, Emax=56.43150205
realization 260 / 300 ... accepted 260. Emin=-43.93223203, Emax=81.74820139
realization 261 / 300 ... accepted 261. Emin=-29.56087068, Emax=35.15102847
realization 262 / 300 ... accepted 262. Emin=-3.18209231, Emax=69.73780133
realization 263 / 300 ... accepted 263. Emin=-4.09049682, Emax=77.31084303
realization 264 / 300 ... accepted 264. Emin=-20.26672627, Emax=83.83588203
realization 265 / 300 ... accepted 265. Emin=-67.68310453, Emax=-14.51189797
realization 266 / 300 ... accepted 266. Emin=6.16584027, Emax=70.38290003
realization 267 / 300 ... accepted 267. Emin=8.84947643, Emax=53.44794561
realization 268 / 300 ... accepted 268. Emin=-24.31327918, Emax=17.37646226
realization 269 / 300 ... accepted 269. Emin=-11.57160743, Emax=48.96359478
realization 270 / 300 ... accepted 270. Emin=-45.65528798, Emax=20.31150827
realization 271 / 300 ... accepted 271. Emin=-35.62751096, Emax=76.02133172
realization 272 / 300 ... accepted 272. Emin=-15.88938177, Emax=68.35419350
realization 273 / 300 ... accepted 273. Emin=-26.54490918, Emax=25.15045073
realization 274 / 300 ... accepted 274. Emin=-11.50164586, Emax=86.14463713
realization 275 / 300 ... accepted 275. Emin=-34.08866383, Emax=57.78471034
realization 276 / 300 ... accepted 276. Emin=-5.75279392, Emax=53.06692366
realization 277 / 300 ... accepted 277. Emin=-13.04095724, Emax=57.00764570
realization 278 / 300 ... accepted 278. Emin=-33.29832811, Emax=67.36765729
realization 279 / 300 ... accepted 279. Emin=-58.49296028, Emax=26.16079840
realization 280 / 300 ... accepted 280. Emin=-47.77721508, Emax=53.69775127
realization 281 / 300 ... accepted 281. Emin=-35.16536651, Emax=34.48916622
realization 282 / 300 ... accepted 282. Emin=-14.31001690, Emax=45.56352460
realization 283 / 300 ... accepted 283. Emin=-11.67631833, Emax=63.02879874
realization 284 / 300 ... accepted 284. Emin=-35.26752515, Emax=55.97941151
realization 285 / 300 ... accepted 285. Emin=-40.95515911, Emax=50.94200046
realization 286 / 300 ... accepted 286. Emin=-10.96023899, Emax=66.92829433
realization 287 / 300 ... accepted 287. Emin=-32.77898315, Emax=58.48151949
realization 288 / 300 ... accepted 288. Emin=-33.65453677, Emax=48.71969884
realization 289 / 300 ... accepted 289. Emin=38.07221830, Emax=86.79165479
realization 290 / 300 ... accepted 290. Emin=-21.47058333, Emax=69.26416328
realization 291 / 300 ... accepted 291. Emin=-7.80781902, Emax=58.08637859
realization 292 / 300 ... accepted 292. Emin=-22.07036089, Emax=63.03695830
realization 293 / 300 ... accepted 293. Emin=-51.44602553, Emax=44.50945136
realization 294 / 300 ... accepted 294. Emin=-59.91926357, Emax=22.61883792
realization 295 / 300 ... accepted 295. Emin=-42.55382902, Emax=54.19964498
realization 296 / 300 ... accepted 296. Emin=-16.99067715, Emax=75.20133776
realization 297 / 300 ... accepted 297. Emin=-14.85728687, Emax=45.75278903
realization 298 / 300 ... accepted 298. Emin=-36.90203114, Emax=25.02812519
realization 299 / 300 ... accepted 299. Emin=-33.15226669, Emax=56.59856145
realization 300 / 300 ... accepted 300. Emin=-8.49510896, Emax=67.57291314
Saved final energies: /home/2/kj405942/POLFED_bosons/pbs_bose_legacy_nmax2_periodic/data/U_2/W_15/L_6/N_6_nmax_2/boundary_periodic/energies_full_U2_L6_N6_nmax2_W15_boundaryperiodic_nreal300.txt
Accepted realizations: 300 / 300
Skipped realizations: 0
Job finished at Sun May 31 18:00:27 UTC 2026
