Job started on w19 at Sun May 31 17:58:56 UTC 2026
PBS_JOBID=7731322.kruk-host.ift-klaster.lan
PBS_O_WORKDIR=/home/2/kj405942/POLFED_bosons
Bose-Hubbard: L=6, N=6, nmax=2, dim=141
t=1, U=2, W=13, nreal=300, boundary=periodic, mode=full
Writing partial results to /home/2/kj405942/POLFED_bosons/pbs_bose_legacy_nmax2_periodic/data/U_2/W_13/L_6/N_6_nmax_2/boundary_periodic/energies_full_U2_L6_N6_nmax2_W13_boundaryperiodic_nreal300_partial.txt
realization 1 / 300 ... accepted 1. Emin=-36.06997600, Emax=57.07883575
realization 2 / 300 ... accepted 2. Emin=2.26553594, Emax=43.95209349
realization 3 / 300 ... accepted 3. Emin=-42.74042690, Emax=47.60713729
realization 4 / 300 ... accepted 4. Emin=26.00399247, Emax=84.69795580
realization 5 / 300 ... accepted 5. Emin=-22.38975787, Emax=68.58644853
realization 6 / 300 ... accepted 6. Emin=0.27833959, Emax=42.18619941
realization 7 / 300 ... accepted 7. Emin=-11.27971361, Emax=66.15678328
realization 8 / 300 ... accepted 8. Emin=4.10086926, Emax=63.99434674
realization 9 / 300 ... accepted 9. Emin=-42.92610478, Emax=28.02929721
realization 10 / 300 ... accepted 10. Emin=-50.36884004, Emax=52.53716147
realization 11 / 300 ... accepted 11. Emin=-26.57750487, Emax=41.69623061
realization 12 / 300 ... accepted 12. Emin=-46.25675683, Emax=20.52615729
realization 13 / 300 ... accepted 13. Emin=-12.32082112, Emax=36.02075589
realization 14 / 300 ... accepted 14. Emin=-38.78431853, Emax=44.41089755
realization 15 / 300 ... accepted 15. Emin=-37.12855104, Emax=44.85672446
realization 16 / 300 ... accepted 16. Emin=-28.59634018, Emax=65.17767080
realization 17 / 300 ... accepted 17. Emin=-13.55275511, Emax=56.42571256
realization 18 / 300 ... accepted 18. Emin=-16.32879643, Emax=44.47610344
realization 19 / 300 ... accepted 19. Emin=1.10105224, Emax=62.25686036
realization 20 / 300 ... accepted 20. Emin=-8.15863028, Emax=42.82288400
realization 21 / 300 ... accepted 21. Emin=-39.19038451, Emax=-3.17156954
realization 22 / 300 ... accepted 22. Emin=-29.53986051, Emax=36.44146940
realization 23 / 300 ... accepted 23. Emin=-18.36972463, Emax=29.85793621
realization 24 / 300 ... accepted 24. Emin=-15.42909518, Emax=47.88243834
realization 25 / 300 ... accepted 25. Emin=-50.95435500, Emax=22.18702553
realization 26 / 300 ... accepted 26. Emin=-24.67206432, Emax=61.54480990
realization 27 / 300 ... accepted 27. Emin=-19.32038224, Emax=63.14070106
realization 28 / 300 ... accepted 28. Emin=-14.77847747, Emax=50.24156995
realization 29 / 300 ... accepted 29. Emin=14.60167134, Emax=67.77425530
realization 30 / 300 ... accepted 30. Emin=-24.87433709, Emax=54.48281121
realization 31 / 300 ... accepted 31. Emin=2.63864605, Emax=35.72310454
realization 32 / 300 ... accepted 32. Emin=-48.46912629, Emax=34.08124080
realization 33 / 300 ... accepted 33. Emin=-25.67955823, Emax=55.06634445
realization 34 / 300 ... accepted 34. Emin=-20.01706230, Emax=57.97007253
realization 35 / 300 ... accepted 35. Emin=-34.25782679, Emax=5.55092995
realization 36 / 300 ... accepted 36. Emin=-42.37045790, Emax=44.68952391
realization 37 / 300 ... accepted 37. Emin=-32.75295324, Emax=51.44848361
realization 38 / 300 ... accepted 38. Emin=-53.03023545, Emax=7.80114754
realization 39 / 300 ... accepted 39. Emin=15.29767256, Emax=54.86654033
realization 40 / 300 ... accepted 40. Emin=-18.60211683, Emax=76.02634796
realization 41 / 300 ... accepted 41. Emin=-0.95545493, Emax=57.26249586
realization 42 / 300 ... accepted 42. Emin=-19.70929535, Emax=79.72634756
realization 43 / 300 ... accepted 43. Emin=-39.86963664, Emax=61.08326062
realization 44 / 300 ... accepted 44. Emin=27.72955763, Emax=83.40688161
realization 45 / 300 ... accepted 45. Emin=-21.85267145, Emax=85.35842296
realization 46 / 300 ... accepted 46. Emin=-54.30018244, Emax=18.82718843
realization 47 / 300 ... accepted 47. Emin=-38.48482010, Emax=41.22557102
realization 48 / 300 ... accepted 48. Emin=-10.53722873, Emax=42.04455998
realization 49 / 300 ... accepted 49. Emin=-50.70257324, Emax=34.55613656
realization 50 / 300 ... accepted 50. Emin=-28.39310525, Emax=66.70047958
realization 51 / 300 ... accepted 51. Emin=-37.45079382, Emax=43.07380995
realization 52 / 300 ... accepted 52. Emin=-30.31277576, Emax=63.84655404
realization 53 / 300 ... accepted 53. Emin=-32.85926760, Emax=20.17470066
realization 54 / 300 ... accepted 54. Emin=-22.88207219, Emax=37.94291154
realization 55 / 300 ... accepted 55. Emin=-8.05795589, Emax=48.46584520
realization 56 / 300 ... accepted 56. Emin=-19.96013920, Emax=43.74519411
realization 57 / 300 ... accepted 57. Emin=-49.34497043, Emax=15.89591664
realization 58 / 300 ... accepted 58. Emin=-3.33191779, Emax=62.46322572
realization 59 / 300 ... accepted 59. Emin=-16.69629807, Emax=42.91773604
realization 60 / 300 ... accepted 60. Emin=-51.08165315, Emax=19.86216530
realization 61 / 300 ... accepted 61. Emin=-15.09722255, Emax=43.85038563
realization 62 / 300 ... accepted 62. Emin=12.86663516, Emax=78.07799487
realization 63 / 300 ... accepted 63. Emin=-1.48001088, Emax=67.24355458
realization 64 / 300 ... accepted 64. Emin=-37.48428891, Emax=20.94410495
realization 65 / 300 ... accepted 65. Emin=7.97660924, Emax=69.67220114
realization 66 / 300 ... accepted 66. Emin=-21.09662682, Emax=52.10228997
realization 67 / 300 ... accepted 67. Emin=-0.75221158, Emax=48.21312156
realization 68 / 300 ... accepted 68. Emin=-11.72945886, Emax=43.50575573
realization 69 / 300 ... accepted 69. Emin=-37.04554523, Emax=27.02003468
realization 70 / 300 ... accepted 70. Emin=-5.49828701, Emax=70.79817118
realization 71 / 300 ... accepted 71. Emin=-45.85872113, Emax=23.31965000
realization 72 / 300 ... accepted 72. Emin=-14.86850371, Emax=46.33123005
realization 73 / 300 ... accepted 73. Emin=-41.56030667, Emax=22.18836316
realization 74 / 300 ... accepted 74. Emin=22.15416118, Emax=89.34971998
realization 75 / 300 ... accepted 75. Emin=-46.57276844, Emax=76.40768739
realization 76 / 300 ... accepted 76. Emin=-1.04795075, Emax=73.49199367
realization 77 / 300 ... accepted 77. Emin=-57.99035256, Emax=27.06410310
realization 78 / 300 ... accepted 78. Emin=-37.40589109, Emax=51.39706518
realization 79 / 300 ... accepted 79. Emin=-38.90788686, Emax=41.67476301
realization 80 / 300 ... accepted 80. Emin=-23.67575647, Emax=53.04094627
realization 81 / 300 ... accepted 81. Emin=-15.21057528, Emax=65.72504688
realization 82 / 300 ... accepted 82. Emin=-4.92683525, Emax=55.51380549
realization 83 / 300 ... accepted 83. Emin=-44.02555199, Emax=32.42391232
realization 84 / 300 ... accepted 84. Emin=-25.69533424, Emax=32.89056191
realization 85 / 300 ... accepted 85. Emin=-31.98447272, Emax=52.94002832
realization 86 / 300 ... accepted 86. Emin=-41.63170029, Emax=30.93978606
realization 87 / 300 ... accepted 87. Emin=-23.57059247, Emax=39.95316093
realization 88 / 300 ... accepted 88. Emin=-44.41049674, Emax=53.00326536
realization 89 / 300 ... accepted 89. Emin=-17.27335587, Emax=21.22080119
realization 90 / 300 ... accepted 90. Emin=-8.07600462, Emax=66.07131947
realization 91 / 300 ... accepted 91. Emin=-36.00455264, Emax=52.89943065
realization 92 / 300 ... accepted 92. Emin=-28.49957089, Emax=19.16822116
realization 93 / 300 ... accepted 93. Emin=-38.09286303, Emax=24.54938363
realization 94 / 300 ... accepted 94. Emin=-22.31487938, Emax=33.69150176
realization 95 / 300 ... accepted 95. Emin=6.72272602, Emax=61.72299095
realization 96 / 300 ... accepted 96. Emin=-41.30972533, Emax=11.21868791
realization 97 / 300 ... accepted 97. Emin=-20.12663249, Emax=58.73491894
realization 98 / 300 ... accepted 98. Emin=-28.35312341, Emax=17.24720437
realization 99 / 300 ... accepted 99. Emin=-45.48239258, Emax=-3.33084481
realization 100 / 300 ... accepted 100. Emin=-27.53032758, Emax=76.68752023
realization 101 / 300 ... accepted 101. Emin=-12.30214606, Emax=32.64787612
realization 102 / 300 ... accepted 102. Emin=-53.61929001, Emax=10.55489673
realization 103 / 300 ... accepted 103. Emin=-32.02730909, Emax=51.30271729
realization 104 / 300 ... accepted 104. Emin=-29.56897361, Emax=28.67921339
realization 105 / 300 ... accepted 105. Emin=22.73657262, Emax=73.09527437
realization 106 / 300 ... accepted 106. Emin=0.03251678, Emax=64.88553626
realization 107 / 300 ... accepted 107. Emin=9.29379946, Emax=84.23320338
realization 108 / 300 ... accepted 108. Emin=-15.77273738, Emax=30.23638571
realization 109 / 300 ... accepted 109. Emin=-0.81632985, Emax=55.66240525
realization 110 / 300 ... accepted 110. Emin=3.78872272, Emax=69.36970758
realization 111 / 300 ... accepted 111. Emin=-52.38048661, Emax=-14.80441483
realization 112 / 300 ... accepted 112. Emin=-40.23824653, Emax=40.03523516
realization 113 / 300 ... accepted 113. Emin=3.67892020, Emax=76.93802547
realization 114 / 300 ... accepted 114. Emin=-8.33890352, Emax=68.14207622
realization 115 / 300 ... accepted 115. Emin=-41.24876758, Emax=46.16924623
realization 116 / 300 ... accepted 116. Emin=-46.51965011, Emax=28.00204488
realization 117 / 300 ... accepted 117. Emin=-35.73605855, Emax=25.59034656
realization 118 / 300 ... accepted 118. Emin=-43.86526049, Emax=26.81854072
realization 119 / 300 ... accepted 119. Emin=-0.78992473, Emax=59.85819832
realization 120 / 300 ... accepted 120. Emin=-44.78597530, Emax=23.04089964
realization 121 / 300 ... accepted 121. Emin=-49.73615167, Emax=13.40463748
realization 122 / 300 ... accepted 122. Emin=-47.12875306, Emax=12.32792889
realization 123 / 300 ... accepted 123. Emin=-6.08202333, Emax=66.48973927
realization 124 / 300 ... accepted 124. Emin=-63.16863913, Emax=0.82118565
realization 125 / 300 ... accepted 125. Emin=-55.40004556, Emax=35.48604591
realization 126 / 300 ... accepted 126. Emin=-19.97276562, Emax=40.49311130
realization 127 / 300 ... accepted 127. Emin=-48.31548331, Emax=29.45991263
realization 128 / 300 ... accepted 128. Emin=6.11918466, Emax=74.77490094
realization 129 / 300 ... accepted 129. Emin=-34.24557209, Emax=48.70609866
realization 130 / 300 ... accepted 130. Emin=-12.53892845, Emax=70.45013798
realization 131 / 300 ... accepted 131. Emin=0.03435466, Emax=70.94266651
realization 132 / 300 ... accepted 132. Emin=-32.92162737, Emax=56.32996689
realization 133 / 300 ... accepted 133. Emin=-41.51185635, Emax=40.56955448
realization 134 / 300 ... accepted 134. Emin=-49.61390258, Emax=22.20189509
realization 135 / 300 ... accepted 135. Emin=-26.55112555, Emax=69.88218877
realization 136 / 300 ... accepted 136. Emin=-3.25253019, Emax=64.43673077
realization 137 / 300 ... accepted 137. Emin=-33.28278158, Emax=27.80063510
realization 138 / 300 ... accepted 138. Emin=-9.07582637, Emax=72.66954925
realization 139 / 300 ... accepted 139. Emin=-1.42876636, Emax=47.19229722
realization 140 / 300 ... accepted 140. Emin=-51.47804946, Emax=-1.93218839
realization 141 / 300 ... accepted 141. Emin=-29.84827138, Emax=60.84625082
realization 142 / 300 ... accepted 142. Emin=-7.30330297, Emax=69.78090803
realization 143 / 300 ... accepted 143. Emin=-34.11118467, Emax=52.31704892
realization 144 / 300 ... accepted 144. Emin=29.72762437, Emax=75.95107869
realization 145 / 300 ... accepted 145. Emin=-17.55645214, Emax=46.19076911
realization 146 / 300 ... accepted 146. Emin=-41.05373585, Emax=56.26428811
realization 147 / 300 ... accepted 147. Emin=-27.95413134, Emax=41.16612822
realization 148 / 300 ... accepted 148. Emin=-54.49023462, Emax=43.31281197
realization 149 / 300 ... accepted 149. Emin=-30.94068059, Emax=54.19720925
realization 150 / 300 ... accepted 150. Emin=-43.65859869, Emax=43.55999228
realization 151 / 300 ... accepted 151. Emin=-28.05390824, Emax=27.44403587
realization 152 / 300 ... accepted 152. Emin=-40.66851218, Emax=28.82258523
realization 153 / 300 ... accepted 153. Emin=11.34094813, Emax=55.01576702
realization 154 / 300 ... accepted 154. Emin=-39.08011059, Emax=47.45832548
realization 155 / 300 ... accepted 155. Emin=-32.21743036, Emax=42.91319459
realization 156 / 300 ... accepted 156. Emin=-25.46191575, Emax=55.27924595
realization 157 / 300 ... accepted 157. Emin=-42.67509355, Emax=-5.59401106
realization 158 / 300 ... accepted 158. Emin=-17.37629970, Emax=45.98167413
realization 159 / 300 ... accepted 159. Emin=-32.65894653, Emax=36.42181860
realization 160 / 300 ... accepted 160. Emin=-23.96467037, Emax=85.66922071
realization 161 / 300 ... accepted 161. Emin=-23.30406090, Emax=29.53596663
realization 162 / 300 ... accepted 162. Emin=-50.53801302, Emax=5.61930773
realization 163 / 300 ... accepted 163. Emin=-35.90287682, Emax=25.12933598
realization 164 / 300 ... accepted 164. Emin=4.09449759, Emax=56.92427964
realization 165 / 300 ... accepted 165. Emin=-29.05968854, Emax=23.74327399
realization 166 / 300 ... accepted 166. Emin=-26.87284603, Emax=38.68240091
realization 167 / 300 ... accepted 167. Emin=-25.61969608, Emax=30.40400985
realization 168 / 300 ... accepted 168. Emin=-19.98785430, Emax=66.39129811
realization 169 / 300 ... accepted 169. Emin=-46.04894642, Emax=50.00183299
realization 170 / 300 ... accepted 170. Emin=-32.72611734, Emax=46.14506392
realization 171 / 300 ... accepted 171. Emin=-51.04871052, Emax=73.76053980
realization 172 / 300 ... accepted 172. Emin=-36.23402701, Emax=35.15897989
realization 173 / 300 ... accepted 173. Emin=-1.21312199, Emax=64.10889961
realization 174 / 300 ... accepted 174. Emin=-7.30826821, Emax=62.82885907
realization 175 / 300 ... accepted 175. Emin=38.99835840, Emax=70.96083433
realization 176 / 300 ... accepted 176. Emin=-49.26528409, Emax=40.42476821
realization 177 / 300 ... accepted 177. Emin=-29.02934995, Emax=29.30656491
realization 178 / 300 ... accepted 178. Emin=-15.49905241, Emax=55.07460124
realization 179 / 300 ... accepted 179. Emin=-55.03693231, Emax=1.10644793
realization 180 / 300 ... accepted 180. Emin=-8.48370557, Emax=48.15341167
realization 181 / 300 ... accepted 181. Emin=-44.14906527, Emax=44.70475087
realization 182 / 300 ... accepted 182. Emin=-37.32157273, Emax=64.08460461
realization 183 / 300 ... accepted 183. Emin=-45.76399981, Emax=26.82480058
realization 184 / 300 ... accepted 184. Emin=-1.73339337, Emax=79.66910051
realization 185 / 300 ... accepted 185. Emin=-37.18262549, Emax=17.60140402
realization 186 / 300 ... accepted 186. Emin=-50.76486217, Emax=26.27026185
realization 187 / 300 ... accepted 187. Emin=-23.69420941, Emax=49.05053561
realization 188 / 300 ... accepted 188. Emin=-10.40507698, Emax=50.64666029
realization 189 / 300 ... accepted 189. Emin=10.68095374, Emax=72.43050355
realization 190 / 300 ... accepted 190. Emin=-14.96343732, Emax=58.03947080
realization 191 / 300 ... accepted 191. Emin=-45.33807544, Emax=27.19415001
realization 192 / 300 ... accepted 192. Emin=-42.23063805, Emax=17.00006400
realization 193 / 300 ... accepted 193. Emin=-35.16112189, Emax=24.20073179
realization 194 / 300 ... accepted 194. Emin=-17.44115578, Emax=55.02006698
realization 195 / 300 ... accepted 195. Emin=-0.71619883, Emax=70.76548147
realization 196 / 300 ... accepted 196. Emin=-9.63971942, Emax=51.80771080
realization 197 / 300 ... accepted 197. Emin=-10.48867950, Emax=76.44195288
realization 198 / 300 ... accepted 198. Emin=-27.27684426, Emax=50.55197670
realization 199 / 300 ... accepted 199. Emin=-40.87122747, Emax=47.75333646
realization 200 / 300 ... accepted 200. Emin=3.93557250, Emax=75.01780492
realization 201 / 300 ... accepted 201. Emin=-39.29434671, Emax=61.39601052
realization 202 / 300 ... accepted 202. Emin=-15.29835518, Emax=53.63407677
realization 203 / 300 ... accepted 203. Emin=-27.59450216, Emax=52.16081900
realization 204 / 300 ... accepted 204. Emin=-42.70947584, Emax=44.18430351
realization 205 / 300 ... accepted 205. Emin=-26.97450097, Emax=42.75512069
realization 206 / 300 ... accepted 206. Emin=-43.73330018, Emax=41.18870988
realization 207 / 300 ... accepted 207. Emin=-48.78109794, Emax=9.95791211
realization 208 / 300 ... accepted 208. Emin=-32.54630784, Emax=31.25612421
realization 209 / 300 ... accepted 209. Emin=-6.93755193, Emax=62.49956380
realization 210 / 300 ... accepted 210. Emin=10.70808317, Emax=67.81667528
realization 211 / 300 ... accepted 211. Emin=-35.05367209, Emax=70.95261327
realization 212 / 300 ... accepted 212. Emin=-32.64386019, Emax=61.59264579
realization 213 / 300 ... accepted 213. Emin=-47.85771664, Emax=70.40726278
realization 214 / 300 ... accepted 214. Emin=-37.96481399, Emax=45.83869411
realization 215 / 300 ... accepted 215. Emin=-53.73187010, Emax=-13.78769065
realization 216 / 300 ... accepted 216. Emin=-35.75025343, Emax=22.68135335
realization 217 / 300 ... accepted 217. Emin=-14.30847148, Emax=76.37471368
realization 218 / 300 ... accepted 218. Emin=-20.60046266, Emax=43.47193744
realization 219 / 300 ... accepted 219. Emin=-22.78425434, Emax=46.18411008
realization 220 / 300 ... accepted 220. Emin=-5.87684817, Emax=76.62503428
realization 221 / 300 ... accepted 221. Emin=-42.90377500, Emax=2.74960712
realization 222 / 300 ... accepted 222. Emin=-17.73440578, Emax=69.04660158
realization 223 / 300 ... accepted 223. Emin=-29.28390332, Emax=15.74820095
realization 224 / 300 ... accepted 224. Emin=-50.12694578, Emax=47.77542641
realization 225 / 300 ... accepted 225. Emin=-20.03195188, Emax=50.83922414
realization 226 / 300 ... accepted 226. Emin=-39.40011773, Emax=7.31138546
realization 227 / 300 ... accepted 227. Emin=-2.40050185, Emax=82.80297830
realization 228 / 300 ... accepted 228. Emin=-26.41419944, Emax=47.88549419
realization 229 / 300 ... accepted 229. Emin=-22.37788964, Emax=29.62321599
realization 230 / 300 ... accepted 230. Emin=-32.12794094, Emax=39.54939233
realization 231 / 300 ... accepted 231. Emin=-36.10399644, Emax=34.10709991
realization 232 / 300 ... accepted 232. Emin=0.38742385, Emax=66.84588691
realization 233 / 300 ... accepted 233. Emin=-38.09595848, Emax=42.83311182
realization 234 / 300 ... accepted 234. Emin=20.01378116, Emax=71.46231584
realization 235 / 300 ... accepted 235. Emin=-43.89078894, Emax=20.66302832
realization 236 / 300 ... accepted 236. Emin=-29.95062710, Emax=24.36601804
realization 237 / 300 ... accepted 237. Emin=-11.96508035, Emax=62.93228689
realization 238 / 300 ... accepted 238. Emin=11.61625942, Emax=68.34135561
realization 239 / 300 ... accepted 239. Emin=-43.49675409, Emax=-5.75535433
realization 240 / 300 ... accepted 240. Emin=20.80681161, Emax=78.40062657
realization 241 / 300 ... accepted 241. Emin=-10.76538979, Emax=21.00435176
realization 242 / 300 ... accepted 242. Emin=-21.46291186, Emax=40.69345696
realization 243 / 300 ... accepted 243. Emin=-52.08625118, Emax=-16.37865337
realization 244 / 300 ... accepted 244. Emin=-27.59089897, Emax=62.99422689
realization 245 / 300 ... accepted 245. Emin=-6.30761934, Emax=47.50968298
realization 246 / 300 ... accepted 246. Emin=-36.96336436, Emax=26.29340097
realization 247 / 300 ... accepted 247. Emin=-18.67540851, Emax=36.90970919
realization 248 / 300 ... accepted 248. Emin=-40.73139057, Emax=65.32514244
realization 249 / 300 ... accepted 249. Emin=-33.54713626, Emax=59.29328750
realization 250 / 300 ... accepted 250. Emin=-16.49889047, Emax=75.65163036
realization 251 / 300 ... accepted 251. Emin=-28.98277461, Emax=50.70187120
realization 252 / 300 ... accepted 252. Emin=-23.96319496, Emax=44.89692937
realization 253 / 300 ... accepted 253. Emin=-24.31335376, Emax=42.71995873
realization 254 / 300 ... accepted 254. Emin=-29.47155567, Emax=27.72178513
realization 255 / 300 ... accepted 255. Emin=-31.82921124, Emax=48.42034354
realization 256 / 300 ... accepted 256. Emin=-18.00719407, Emax=67.64364401
realization 257 / 300 ... accepted 257. Emin=-33.43451964, Emax=16.99229675
realization 258 / 300 ... accepted 258. Emin=-28.05995744, Emax=14.95196651
realization 259 / 300 ... accepted 259. Emin=-56.09403949, Emax=11.89148580
realization 260 / 300 ... accepted 260. Emin=-36.25861211, Emax=55.42100038
realization 261 / 300 ... accepted 261. Emin=-18.34442455, Emax=43.88403018
realization 262 / 300 ... accepted 262. Emin=-13.48796580, Emax=40.13080435
realization 263 / 300 ... accepted 263. Emin=12.31653759, Emax=59.45313487
realization 264 / 300 ... accepted 264. Emin=-49.67566348, Emax=-3.83299330
realization 265 / 300 ... accepted 265. Emin=-26.85149439, Emax=57.94542576
realization 266 / 300 ... accepted 266. Emin=-17.81542546, Emax=38.16358672
realization 267 / 300 ... accepted 267. Emin=-1.09846405, Emax=68.75807635
realization 268 / 300 ... accepted 268. Emin=-45.42797626, Emax=71.70309805
realization 269 / 300 ... accepted 269. Emin=-2.61863537, Emax=68.50053004
realization 270 / 300 ... accepted 270. Emin=-15.09223581, Emax=48.59949137
realization 271 / 300 ... accepted 271. Emin=0.74314879, Emax=47.93498348
realization 272 / 300 ... accepted 272. Emin=-41.56335914, Emax=25.74421237
realization 273 / 300 ... accepted 273. Emin=-0.23643041, Emax=63.78274752
realization 274 / 300 ... accepted 274. Emin=-54.23247216, Emax=36.94024034
realization 275 / 300 ... accepted 275. Emin=-42.06798489, Emax=18.56989520
realization 276 / 300 ... accepted 276. Emin=20.76947218, Emax=80.86637628
realization 277 / 300 ... accepted 277. Emin=-46.74155045, Emax=32.30915483
realization 278 / 300 ... accepted 278. Emin=-45.44665818, Emax=44.34709368
realization 279 / 300 ... accepted 279. Emin=-46.29477888, Emax=69.68040485
realization 280 / 300 ... accepted 280. Emin=-47.03997840, Emax=31.57718381
realization 281 / 300 ... accepted 281. Emin=-42.30080895, Emax=32.49481604
realization 282 / 300 ... accepted 282. Emin=-29.35587529, Emax=20.29246153
realization 283 / 300 ... accepted 283. Emin=-21.49504703, Emax=47.79821080
realization 284 / 300 ... accepted 284. Emin=-64.50340732, Emax=11.26483894
realization 285 / 300 ... accepted 285. Emin=-50.46753518, Emax=22.32746923
realization 286 / 300 ... accepted 286. Emin=-17.65421776, Emax=66.31442778
realization 287 / 300 ... accepted 287. Emin=-24.85026459, Emax=76.91182187
realization 288 / 300 ... accepted 288. Emin=-24.28853773, Emax=43.03930706
realization 289 / 300 ... accepted 289. Emin=-34.56769203, Emax=59.18071152
realization 290 / 300 ... accepted 290. Emin=-33.92981227, Emax=10.96662447
realization 291 / 300 ... accepted 291. Emin=-8.79018366, Emax=60.50074958
realization 292 / 300 ... accepted 292. Emin=-23.91030044, Emax=25.62809655
realization 293 / 300 ... accepted 293. Emin=-23.72943633, Emax=47.43089011
realization 294 / 300 ... accepted 294. Emin=-23.36137368, Emax=43.92058926
realization 295 / 300 ... accepted 295. Emin=-27.20029059, Emax=35.73295034
realization 296 / 300 ... accepted 296. Emin=-25.95206406, Emax=31.89054417
realization 297 / 300 ... accepted 297. Emin=9.15129141, Emax=58.04279878
realization 298 / 300 ... accepted 298. Emin=-33.39970772, Emax=24.71522074
realization 299 / 300 ... accepted 299. Emin=-25.56851300, Emax=62.90148301
realization 300 / 300 ... accepted 300. Emin=-31.89576566, Emax=57.28290444
Saved final energies: /home/2/kj405942/POLFED_bosons/pbs_bose_legacy_nmax2_periodic/data/U_2/W_13/L_6/N_6_nmax_2/boundary_periodic/energies_full_U2_L6_N6_nmax2_W13_boundaryperiodic_nreal300.txt
Accepted realizations: 300 / 300
Skipped realizations: 0
Job finished at Sun May 31 18:00:35 UTC 2026
