Job started on w19 at Sun May 31 17:58:55 UTC 2026
PBS_JOBID=7731313.kruk-host.ift-klaster.lan
PBS_O_WORKDIR=/home/2/kj405942/POLFED_bosons
Bose-Hubbard: L=6, N=6, nmax=2, dim=141
t=1, U=2, W=4, nreal=300, boundary=periodic, mode=full
Writing partial results to /home/2/kj405942/POLFED_bosons/pbs_bose_legacy_nmax2_periodic/data/U_2/W_4/L_6/N_6_nmax_2/boundary_periodic/energies_full_U2_L6_N6_nmax2_W4_boundaryperiodic_nreal300_partial.txt
realization 1 / 300 ... accepted 1. Emin=-5.60402700, Emax=30.86531999
realization 2 / 300 ... accepted 2. Emin=-6.42942189, Emax=24.48032286
realization 3 / 300 ... accepted 3. Emin=-9.41183905, Emax=19.97069866
realization 4 / 300 ... accepted 4. Emin=-9.29230674, Emax=23.01988750
realization 5 / 300 ... accepted 5. Emin=-8.66929276, Emax=17.69692794
realization 6 / 300 ... accepted 6. Emin=-12.20005808, Emax=26.54174115
realization 7 / 300 ... accepted 7. Emin=-9.59812213, Emax=30.50859138
realization 8 / 300 ... accepted 8. Emin=-2.85191038, Emax=31.10251280
realization 9 / 300 ... accepted 9. Emin=3.70565330, Emax=31.18931223
realization 10 / 300 ... accepted 10. Emin=-17.56665106, Emax=15.85861586
realization 11 / 300 ... accepted 11. Emin=-1.68223473, Emax=30.20949861
realization 12 / 300 ... accepted 12. Emin=-11.44932141, Emax=20.02948585
realization 13 / 300 ... accepted 13. Emin=-12.83450839, Emax=14.11623539
realization 14 / 300 ... accepted 14. Emin=-1.16143968, Emax=28.38735496
realization 15 / 300 ... accepted 15. Emin=-2.09169087, Emax=31.52035216
realization 16 / 300 ... accepted 16. Emin=-2.77144170, Emax=29.23117692
realization 17 / 300 ... accepted 17. Emin=-15.39999394, Emax=9.66353341
realization 18 / 300 ... accepted 18. Emin=-9.79989395, Emax=18.36479917
realization 19 / 300 ... accepted 19. Emin=0.65705576, Emax=32.00263058
realization 20 / 300 ... accepted 20. Emin=-16.92917594, Emax=13.87534917
realization 21 / 300 ... accepted 21. Emin=-14.32430970, Emax=22.70167205
realization 22 / 300 ... accepted 22. Emin=-15.26940867, Emax=10.98663602
realization 23 / 300 ... accepted 23. Emin=-3.26197526, Emax=23.41954971
realization 24 / 300 ... accepted 24. Emin=-11.71594176, Emax=18.13591938
realization 25 / 300 ... accepted 25. Emin=-10.33547935, Emax=28.85441427
realization 26 / 300 ... accepted 26. Emin=-2.07714486, Emax=33.24638346
realization 27 / 300 ... accepted 27. Emin=-7.59698351, Emax=27.32502861
realization 28 / 300 ... accepted 28. Emin=-14.35709321, Emax=20.11520874
realization 29 / 300 ... accepted 29. Emin=-7.70643294, Emax=25.41089134
realization 30 / 300 ... accepted 30. Emin=-13.99955393, Emax=24.16251374
realization 31 / 300 ... accepted 31. Emin=1.36708449, Emax=25.77797872
realization 32 / 300 ... accepted 32. Emin=-1.05888992, Emax=27.49651041
realization 33 / 300 ... accepted 33. Emin=4.29877480, Emax=33.26368887
realization 34 / 300 ... accepted 34. Emin=-5.90394771, Emax=30.76556000
realization 35 / 300 ... accepted 35. Emin=-5.70130059, Emax=29.39858861
realization 36 / 300 ... accepted 36. Emin=-5.27496856, Emax=28.46283204
realization 37 / 300 ... accepted 37. Emin=-8.43521337, Emax=24.34808998
realization 38 / 300 ... accepted 38. Emin=-12.11228072, Emax=17.22928356
realization 39 / 300 ... accepted 39. Emin=-4.64844571, Emax=27.45716742
realization 40 / 300 ... accepted 40. Emin=-3.61577543, Emax=29.95138042
realization 41 / 300 ... accepted 41. Emin=-11.04052416, Emax=18.10389112
realization 42 / 300 ... accepted 42. Emin=-17.21541666, Emax=10.59619241
realization 43 / 300 ... accepted 43. Emin=-14.75809232, Emax=21.15696103
realization 44 / 300 ... accepted 44. Emin=-8.18512762, Emax=26.55113559
realization 45 / 300 ... accepted 45. Emin=-9.71445894, Emax=28.86696301
realization 46 / 300 ... accepted 46. Emin=6.75279148, Emax=32.64451072
realization 47 / 300 ... accepted 47. Emin=-10.66044177, Emax=20.85994914
realization 48 / 300 ... accepted 48. Emin=-12.29028939, Emax=23.30186469
realization 49 / 300 ... accepted 49. Emin=-10.80081239, Emax=25.84192594
realization 50 / 300 ... accepted 50. Emin=-9.34262137, Emax=24.34613565
realization 51 / 300 ... accepted 51. Emin=-13.84771427, Emax=25.74340442
realization 52 / 300 ... accepted 52. Emin=-17.09777933, Emax=13.43898055
realization 53 / 300 ... accepted 53. Emin=6.51478206, Emax=33.75512607
realization 54 / 300 ... accepted 54. Emin=2.93728476, Emax=29.23198366
realization 55 / 300 ... accepted 55. Emin=1.17979437, Emax=26.65244686
realization 56 / 300 ... accepted 56. Emin=-10.49358502, Emax=17.49076573
realization 57 / 300 ... accepted 57. Emin=-10.49972049, Emax=22.86104592
realization 58 / 300 ... accepted 58. Emin=-4.66281105, Emax=26.68815158
realization 59 / 300 ... accepted 59. Emin=-15.72025563, Emax=12.69474483
realization 60 / 300 ... accepted 60. Emin=-1.45560738, Emax=35.45721494
realization 61 / 300 ... accepted 61. Emin=-1.33464214, Emax=30.63853776
realization 62 / 300 ... accepted 62. Emin=-7.53872822, Emax=21.07101801
realization 63 / 300 ... accepted 63. Emin=-13.17321097, Emax=12.75019341
realization 64 / 300 ... accepted 64. Emin=-7.60710659, Emax=23.35851586
realization 65 / 300 ... accepted 65. Emin=1.28509028, Emax=27.00528433
realization 66 / 300 ... accepted 66. Emin=-14.63983899, Emax=11.06693318
realization 67 / 300 ... accepted 67. Emin=-12.61729456, Emax=19.24420267
realization 68 / 300 ... accepted 68. Emin=-16.68383178, Emax=11.03307621
realization 69 / 300 ... accepted 69. Emin=-9.01735635, Emax=19.85671409
realization 70 / 300 ... accepted 70. Emin=-10.20799517, Emax=20.87177510
realization 71 / 300 ... accepted 71. Emin=-12.92514402, Emax=18.94124745
realization 72 / 300 ... accepted 72. Emin=0.81223650, Emax=27.87763903
realization 73 / 300 ... accepted 73. Emin=-5.23190885, Emax=24.33203945
realization 74 / 300 ... accepted 74. Emin=-20.52626970, Emax=4.55621595
realization 75 / 300 ... accepted 75. Emin=-10.05237928, Emax=16.52613297
realization 76 / 300 ... accepted 76. Emin=-11.21235176, Emax=20.18541479
realization 77 / 300 ... accepted 77. Emin=-12.23652749, Emax=23.03646514
realization 78 / 300 ... accepted 78. Emin=-13.07026380, Emax=24.84499675
realization 79 / 300 ... accepted 79. Emin=-4.59721359, Emax=30.34969492
realization 80 / 300 ... accepted 80. Emin=-7.90109584, Emax=23.48889188
realization 81 / 300 ... accepted 81. Emin=-18.25244560, Emax=12.29793958
realization 82 / 300 ... accepted 82. Emin=-14.11969249, Emax=20.49501771
realization 83 / 300 ... accepted 83. Emin=9.46279636, Emax=34.60800091
realization 84 / 300 ... accepted 84. Emin=-1.99454349, Emax=28.46330953
realization 85 / 300 ... accepted 85. Emin=-18.05959373, Emax=14.57942435
realization 86 / 300 ... accepted 86. Emin=-6.25255017, Emax=28.80438067
realization 87 / 300 ... accepted 87. Emin=-4.11464018, Emax=22.59254323
realization 88 / 300 ... accepted 88. Emin=2.12764899, Emax=29.70011615
realization 89 / 300 ... accepted 89. Emin=-1.94097470, Emax=23.70001093
realization 90 / 300 ... accepted 90. Emin=-14.94652596, Emax=16.14456010
realization 91 / 300 ... accepted 91. Emin=-16.94503166, Emax=7.97317121
realization 92 / 300 ... accepted 92. Emin=-7.34007798, Emax=28.49907531
realization 93 / 300 ... accepted 93. Emin=0.26348196, Emax=27.05144728
realization 94 / 300 ... accepted 94. Emin=-7.72064675, Emax=20.69319325
realization 95 / 300 ... accepted 95. Emin=-17.04643555, Emax=12.92624883
realization 96 / 300 ... accepted 96. Emin=-9.90871846, Emax=19.34154278
realization 97 / 300 ... accepted 97. Emin=-5.58122242, Emax=32.01250081
realization 98 / 300 ... accepted 98. Emin=-2.31496526, Emax=31.63641131
realization 99 / 300 ... accepted 99. Emin=1.53397672, Emax=28.35916427
realization 100 / 300 ... accepted 100. Emin=-12.94043933, Emax=21.67753211
realization 101 / 300 ... accepted 101. Emin=-2.18983477, Emax=24.14383157
realization 102 / 300 ... accepted 102. Emin=-6.73760264, Emax=19.68823122
realization 103 / 300 ... accepted 103. Emin=-1.33589986, Emax=26.07556118
realization 104 / 300 ... accepted 104. Emin=-5.55820691, Emax=28.07911823
realization 105 / 300 ... accepted 105. Emin=-8.34085459, Emax=19.62512118
realization 106 / 300 ... accepted 106. Emin=-9.46377765, Emax=19.83506156
realization 107 / 300 ... accepted 107. Emin=-17.66787173, Emax=11.02799190
realization 108 / 300 ... accepted 108. Emin=-10.34069647, Emax=24.94749495
realization 109 / 300 ... accepted 109. Emin=-14.90970171, Emax=14.31907369
realization 110 / 300 ... accepted 110. Emin=-3.85112337, Emax=22.71597000
realization 111 / 300 ... accepted 111. Emin=-1.21918618, Emax=25.75105891
realization 112 / 300 ... accepted 112. Emin=6.27988654, Emax=33.03872442
realization 113 / 300 ... accepted 113. Emin=0.72803654, Emax=30.19354860
realization 114 / 300 ... accepted 114. Emin=-8.82702874, Emax=20.41042493
realization 115 / 300 ... accepted 115. Emin=-9.67560866, Emax=26.04354315
realization 116 / 300 ... accepted 116. Emin=-5.78459672, Emax=29.67488547
realization 117 / 300 ... accepted 117. Emin=-8.54277726, Emax=18.22294326
realization 118 / 300 ... accepted 118. Emin=-6.66763413, Emax=25.13497883
realization 119 / 300 ... accepted 119. Emin=-15.39477812, Emax=14.56805517
realization 120 / 300 ... accepted 120. Emin=-16.05903800, Emax=19.50773305
realization 121 / 300 ... accepted 121. Emin=-6.11510887, Emax=22.41609529
realization 122 / 300 ... accepted 122. Emin=-10.75831719, Emax=15.21520742
realization 123 / 300 ... accepted 123. Emin=-3.58982463, Emax=28.40097212
realization 124 / 300 ... accepted 124. Emin=-13.88342489, Emax=17.71107975
realization 125 / 300 ... accepted 125. Emin=9.83083494, Emax=33.37785853
realization 126 / 300 ... accepted 126. Emin=-4.44641853, Emax=28.62779333
realization 127 / 300 ... accepted 127. Emin=-8.09287845, Emax=30.57671912
realization 128 / 300 ... accepted 128. Emin=-1.67829824, Emax=30.74965695
realization 129 / 300 ... accepted 129. Emin=-3.29785236, Emax=25.00553253
realization 130 / 300 ... accepted 130. Emin=-11.29326856, Emax=27.37715057
realization 131 / 300 ... accepted 131. Emin=4.09693436, Emax=29.13864560
realization 132 / 300 ... accepted 132. Emin=-0.76698922, Emax=30.96607186
realization 133 / 300 ... accepted 133. Emin=-13.59122501, Emax=29.38523082
realization 134 / 300 ... accepted 134. Emin=-5.82029056, Emax=26.71747740
realization 135 / 300 ... accepted 135. Emin=-5.92297512, Emax=27.62012351
realization 136 / 300 ... accepted 136. Emin=-1.68238759, Emax=23.94344189
realization 137 / 300 ... accepted 137. Emin=-6.84716899, Emax=27.21676656
realization 138 / 300 ... accepted 138. Emin=-11.38825719, Emax=17.53899925
realization 139 / 300 ... accepted 139. Emin=-4.94251323, Emax=24.13386578
realization 140 / 300 ... accepted 140. Emin=-10.53453514, Emax=19.43320084
realization 141 / 300 ... accepted 141. Emin=-9.55540218, Emax=16.80593025
realization 142 / 300 ... accepted 142. Emin=0.48838543, Emax=26.27072888
realization 143 / 300 ... accepted 143. Emin=-8.35240210, Emax=26.48434975
realization 144 / 300 ... accepted 144. Emin=-9.99535536, Emax=25.53079757
realization 145 / 300 ... accepted 145. Emin=-0.07002068, Emax=27.44999295
realization 146 / 300 ... accepted 146. Emin=-8.80246071, Emax=31.06624209
realization 147 / 300 ... accepted 147. Emin=0.63472755, Emax=25.44316676
realization 148 / 300 ... accepted 148. Emin=-12.30797566, Emax=18.99390366
realization 149 / 300 ... accepted 149. Emin=-13.97112147, Emax=11.49572805
realization 150 / 300 ... accepted 150. Emin=0.32948982, Emax=23.84684712
realization 151 / 300 ... accepted 151. Emin=-9.42606703, Emax=24.73521385
realization 152 / 300 ... accepted 152. Emin=-7.18925054, Emax=24.93344944
realization 153 / 300 ... accepted 153. Emin=1.68120906, Emax=32.86285826
realization 154 / 300 ... accepted 154. Emin=-18.83389440, Emax=8.93885453
realization 155 / 300 ... accepted 155. Emin=-9.78354145, Emax=26.67387101
realization 156 / 300 ... accepted 156. Emin=-7.34065114, Emax=23.08853372
realization 157 / 300 ... accepted 157. Emin=-10.15829181, Emax=23.29209129
realization 158 / 300 ... accepted 158. Emin=-7.95696588, Emax=24.35143143
realization 159 / 300 ... accepted 159. Emin=-8.57250239, Emax=23.33734958
realization 160 / 300 ... accepted 160. Emin=-4.96825348, Emax=24.06109709
realization 161 / 300 ... accepted 161. Emin=-3.88270512, Emax=30.05618173
realization 162 / 300 ... accepted 162. Emin=-13.84992729, Emax=14.83078564
realization 163 / 300 ... accepted 163. Emin=-8.04834790, Emax=27.45330547
realization 164 / 300 ... accepted 164. Emin=-8.34084996, Emax=24.09552576
realization 165 / 300 ... accepted 165. Emin=-3.46704227, Emax=23.06634634
realization 166 / 300 ... accepted 166. Emin=-10.50894568, Emax=21.16938997
realization 167 / 300 ... accepted 167. Emin=-4.47257535, Emax=21.76500740
realization 168 / 300 ... accepted 168. Emin=0.11941899, Emax=31.83637807
realization 169 / 300 ... accepted 169. Emin=1.74456234, Emax=34.24812952
realization 170 / 300 ... accepted 170. Emin=-14.43399873, Emax=21.18807986
realization 171 / 300 ... accepted 171. Emin=-1.35157279, Emax=34.80929628
realization 172 / 300 ... accepted 172. Emin=-12.37139638, Emax=24.47809095
realization 173 / 300 ... accepted 173. Emin=2.95155896, Emax=31.68978057
realization 174 / 300 ... accepted 174. Emin=-0.50198526, Emax=29.46572761
realization 175 / 300 ... accepted 175. Emin=-12.14738551, Emax=19.85228773
realization 176 / 300 ... accepted 176. Emin=-0.27447305, Emax=28.61033195
realization 177 / 300 ... accepted 177. Emin=-6.21860884, Emax=27.17923455
realization 178 / 300 ... accepted 178. Emin=-17.34651116, Emax=11.32926405
realization 179 / 300 ... accepted 179. Emin=-20.06292827, Emax=3.99190973
realization 180 / 300 ... accepted 180. Emin=-2.01210570, Emax=32.30113407
realization 181 / 300 ... accepted 181. Emin=-7.39587291, Emax=22.62855649
realization 182 / 300 ... accepted 182. Emin=-5.21284517, Emax=29.71377117
realization 183 / 300 ... accepted 183. Emin=-19.44141773, Emax=7.12334028
realization 184 / 300 ... accepted 184. Emin=-15.95876457, Emax=15.96084159
realization 185 / 300 ... accepted 185. Emin=-11.66630980, Emax=19.48121183
realization 186 / 300 ... accepted 186. Emin=-8.36212034, Emax=20.16929277
realization 187 / 300 ... accepted 187. Emin=-9.85889755, Emax=21.50736750
realization 188 / 300 ... accepted 188. Emin=-5.24721508, Emax=25.83943230
realization 189 / 300 ... accepted 189. Emin=-10.45452862, Emax=20.17918238
realization 190 / 300 ... accepted 190. Emin=-2.07773390, Emax=30.63791142
realization 191 / 300 ... accepted 191. Emin=-10.34381450, Emax=27.08460189
realization 192 / 300 ... accepted 192. Emin=-18.11605733, Emax=11.96297329
realization 193 / 300 ... accepted 193. Emin=-13.44262932, Emax=15.75322320
realization 194 / 300 ... accepted 194. Emin=-6.95217684, Emax=27.62249338
realization 195 / 300 ... accepted 195. Emin=-7.38750416, Emax=19.96370090
realization 196 / 300 ... accepted 196. Emin=-7.03998980, Emax=24.05325142
realization 197 / 300 ... accepted 197. Emin=-13.36441873, Emax=18.07183904
realization 198 / 300 ... accepted 198. Emin=1.03298931, Emax=35.18378626
realization 199 / 300 ... accepted 199. Emin=-1.02799633, Emax=27.99228229
realization 200 / 300 ... accepted 200. Emin=-3.40386359, Emax=26.61603080
realization 201 / 300 ... accepted 201. Emin=-17.76546664, Emax=5.24895521
realization 202 / 300 ... accepted 202. Emin=-2.85244473, Emax=25.72999208
realization 203 / 300 ... accepted 203. Emin=-6.32317802, Emax=24.10503205
realization 204 / 300 ... accepted 204. Emin=-13.95731897, Emax=17.51323507
realization 205 / 300 ... accepted 205. Emin=-10.81913809, Emax=14.83376771
realization 206 / 300 ... accepted 206. Emin=-2.03113819, Emax=28.05989498
realization 207 / 300 ... accepted 207. Emin=-3.04116979, Emax=30.92458332
realization 208 / 300 ... accepted 208. Emin=5.12039248, Emax=31.27069461
realization 209 / 300 ... accepted 209. Emin=-8.23376539, Emax=27.03020869
realization 210 / 300 ... accepted 210. Emin=-5.94269700, Emax=23.74022461
realization 211 / 300 ... accepted 211. Emin=-17.93611068, Emax=12.24689404
realization 212 / 300 ... accepted 212. Emin=-13.63596564, Emax=19.48551295
realization 213 / 300 ... accepted 213. Emin=-0.52933897, Emax=30.91291130
realization 214 / 300 ... accepted 214. Emin=-11.67371950, Emax=22.92920567
realization 215 / 300 ... accepted 215. Emin=-17.63480136, Emax=5.66860170
realization 216 / 300 ... accepted 216. Emin=-5.82250955, Emax=23.62397427
realization 217 / 300 ... accepted 217. Emin=1.37816758, Emax=30.99866136
realization 218 / 300 ... accepted 218. Emin=-15.14840163, Emax=16.98531326
realization 219 / 300 ... accepted 219. Emin=-4.94680762, Emax=29.98170813
realization 220 / 300 ... accepted 220. Emin=-17.22919583, Emax=14.27648787
realization 221 / 300 ... accepted 221. Emin=-7.12195069, Emax=23.57004469
realization 222 / 300 ... accepted 222. Emin=-8.04481161, Emax=30.54987630
realization 223 / 300 ... accepted 223. Emin=0.23827060, Emax=28.69826647
realization 224 / 300 ... accepted 224. Emin=-0.29602074, Emax=25.27393969
realization 225 / 300 ... accepted 225. Emin=3.50508463, Emax=33.33151344
realization 226 / 300 ... accepted 226. Emin=-16.21142033, Emax=12.62564915
realization 227 / 300 ... accepted 227. Emin=-10.02276101, Emax=20.14208116
realization 228 / 300 ... accepted 228. Emin=-15.37153065, Emax=18.57334283
realization 229 / 300 ... accepted 229. Emin=-16.52248164, Emax=7.79314601
realization 230 / 300 ... accepted 230. Emin=-11.24486736, Emax=12.36839050
realization 231 / 300 ... accepted 231. Emin=-1.90235591, Emax=31.60135153
realization 232 / 300 ... accepted 232. Emin=-8.97729166, Emax=18.78010913
realization 233 / 300 ... accepted 233. Emin=-1.19140564, Emax=31.65859750
realization 234 / 300 ... accepted 234. Emin=-10.38420345, Emax=23.78873201
realization 235 / 300 ... accepted 235. Emin=3.73112489, Emax=32.36510541
realization 236 / 300 ... accepted 236. Emin=-3.60983901, Emax=27.50863648
realization 237 / 300 ... accepted 237. Emin=-8.49473060, Emax=17.72996400
realization 238 / 300 ... accepted 238. Emin=-11.38328621, Emax=18.97296400
realization 239 / 300 ... accepted 239. Emin=-16.41280759, Emax=8.88912502
realization 240 / 300 ... accepted 240. Emin=-6.43282656, Emax=23.29044270
realization 241 / 300 ... accepted 241. Emin=-6.15203236, Emax=25.91328335
realization 242 / 300 ... accepted 242. Emin=-6.22150538, Emax=25.76274803
realization 243 / 300 ... accepted 243. Emin=-0.11328635, Emax=29.16261640
realization 244 / 300 ... accepted 244. Emin=2.82261738, Emax=30.98119861
realization 245 / 300 ... accepted 245. Emin=-9.54802665, Emax=28.32642404
realization 246 / 300 ... accepted 246. Emin=-9.73510164, Emax=20.95972510
realization 247 / 300 ... accepted 247. Emin=-14.39665078, Emax=14.77009218
realization 248 / 300 ... accepted 248. Emin=-6.84486687, Emax=23.07027619
realization 249 / 300 ... accepted 249. Emin=-4.05515926, Emax=28.82029796
realization 250 / 300 ... accepted 250. Emin=-2.82565750, Emax=25.21518584
realization 251 / 300 ... accepted 251. Emin=4.54195026, Emax=29.89204523
realization 252 / 300 ... accepted 252. Emin=-14.83428943, Emax=16.41176547
realization 253 / 300 ... accepted 253. Emin=-10.15121524, Emax=25.96722076
realization 254 / 300 ... accepted 254. Emin=-11.01994793, Emax=18.69159060
realization 255 / 300 ... accepted 255. Emin=-7.31775653, Emax=29.85979828
realization 256 / 300 ... accepted 256. Emin=-5.15249186, Emax=22.27405507
realization 257 / 300 ... accepted 257. Emin=-13.81484117, Emax=11.02459783
realization 258 / 300 ... accepted 258. Emin=-13.47545344, Emax=21.17054272
realization 259 / 300 ... accepted 259. Emin=-15.04150002, Emax=19.69892623
realization 260 / 300 ... accepted 260. Emin=-2.53381226, Emax=27.06909776
realization 261 / 300 ... accepted 261. Emin=6.21893644, Emax=35.39916269
realization 262 / 300 ... accepted 262. Emin=2.03232599, Emax=31.98770930
realization 263 / 300 ... accepted 263. Emin=-13.15634053, Emax=27.44071830
realization 264 / 300 ... accepted 264. Emin=-16.65988612, Emax=16.69562808
realization 265 / 300 ... accepted 265. Emin=-7.07425466, Emax=26.44859507
realization 266 / 300 ... accepted 266. Emin=-13.76154067, Emax=18.80786695
realization 267 / 300 ... accepted 267. Emin=-1.74969833, Emax=29.91148757
realization 268 / 300 ... accepted 268. Emin=-9.38727830, Emax=27.65318138
realization 269 / 300 ... accepted 269. Emin=-6.33257714, Emax=23.48313493
realization 270 / 300 ... accepted 270. Emin=-5.71245544, Emax=21.94212303
realization 271 / 300 ... accepted 271. Emin=-11.73978493, Emax=23.31322362
realization 272 / 300 ... accepted 272. Emin=-13.90900399, Emax=15.89736405
realization 273 / 300 ... accepted 273. Emin=-12.59110033, Emax=25.11327233
realization 274 / 300 ... accepted 274. Emin=0.03710185, Emax=31.87304001
realization 275 / 300 ... accepted 275. Emin=-3.07010948, Emax=28.65265370
realization 276 / 300 ... accepted 276. Emin=-14.35874712, Emax=13.16782956
realization 277 / 300 ... accepted 277. Emin=-5.51149594, Emax=21.13633029
realization 278 / 300 ... accepted 278. Emin=-7.77428835, Emax=20.35554031
realization 279 / 300 ... accepted 279. Emin=-3.71768727, Emax=29.79128448
realization 280 / 300 ... accepted 280. Emin=-7.21077654, Emax=24.66871927
realization 281 / 300 ... accepted 281. Emin=-1.75166691, Emax=26.15178670
realization 282 / 300 ... accepted 282. Emin=-10.87689799, Emax=18.60461857
realization 283 / 300 ... accepted 283. Emin=-10.70317907, Emax=24.18988723
realization 284 / 300 ... accepted 284. Emin=-0.69749353, Emax=28.42823771
realization 285 / 300 ... accepted 285. Emin=-10.70589932, Emax=26.96344879
realization 286 / 300 ... accepted 286. Emin=-16.50445779, Emax=19.11233503
realization 287 / 300 ... accepted 287. Emin=-2.51854407, Emax=27.03003371
realization 288 / 300 ... accepted 288. Emin=-3.01189489, Emax=28.29463791
realization 289 / 300 ... accepted 289. Emin=-5.27574801, Emax=27.12992441
realization 290 / 300 ... accepted 290. Emin=7.64522824, Emax=33.43491802
realization 291 / 300 ... accepted 291. Emin=-11.44386457, Emax=16.96888585
realization 292 / 300 ... accepted 292. Emin=-14.03121883, Emax=15.91003343
realization 293 / 300 ... accepted 293. Emin=-15.86429439, Emax=18.44201944
realization 294 / 300 ... accepted 294. Emin=-13.18444477, Emax=13.77475476
realization 295 / 300 ... accepted 295. Emin=-8.92051466, Emax=28.36996260
realization 296 / 300 ... accepted 296. Emin=-3.13860358, Emax=30.48972817
realization 297 / 300 ... accepted 297. Emin=-10.12558416, Emax=23.54047117
realization 298 / 300 ... accepted 298. Emin=-2.27670713, Emax=23.78017604
realization 299 / 300 ... accepted 299. Emin=-9.82467101, Emax=18.76258864
realization 300 / 300 ... accepted 300. Emin=-5.82990141, Emax=29.65688368
Saved final energies: /home/2/kj405942/POLFED_bosons/pbs_bose_legacy_nmax2_periodic/data/U_2/W_4/L_6/N_6_nmax_2/boundary_periodic/energies_full_U2_L6_N6_nmax2_W4_boundaryperiodic_nreal300.txt
Accepted realizations: 300 / 300
Skipped realizations: 0
Job finished at Sun May 31 18:00:14 UTC 2026
