Job started on w30 at Sun May 31 17:11:18 UTC 2026
PBS_JOBID=7731516.kruk-host.ift-klaster.lan
PBS_O_WORKDIR=/home/2/kj405942/POLFED_bosons
Bose-Hubbard: L=6, N=6, nmax=2, dim=141
t=1, U=30, W=12, nreal=300, boundary=periodic, mode=full
Writing partial results to /home/2/kj405942/POLFED_bosons/pbs_bose_legacy_nmax2_periodic/data/U_30/W_12/L_6/N_6_nmax_2/boundary_periodic/energies_full_U30_L6_N6_nmax2_W12_boundaryperiodic_nreal300_partial.txt
realization 1 / 300 ... accepted 1. Emin=-6.46708598, Emax=204.34554584
realization 2 / 300 ... accepted 2. Emin=9.19476120, Emax=225.25952209
realization 3 / 300 ... accepted 3. Emin=-26.03906228, Emax=189.01396770
realization 4 / 300 ... accepted 4. Emin=-15.36896012, Emax=192.05470993
realization 5 / 300 ... accepted 5. Emin=-3.97811852, Emax=205.34195598
realization 6 / 300 ... accepted 6. Emin=6.34851450, Emax=225.35788538
realization 7 / 300 ... accepted 7. Emin=-49.90062556, Emax=149.15870391
realization 8 / 300 ... accepted 8. Emin=26.21438642, Emax=235.37726777
realization 9 / 300 ... accepted 9. Emin=-2.69628816, Emax=229.28452533
realization 10 / 300 ... accepted 10. Emin=14.48416632, Emax=231.57719591
realization 11 / 300 ... accepted 11. Emin=-28.00666278, Emax=182.05585667
realization 12 / 300 ... accepted 12. Emin=-19.94189951, Emax=205.14840752
realization 13 / 300 ... accepted 13. Emin=-8.81617432, Emax=208.02829817
realization 14 / 300 ... accepted 14. Emin=-11.52565161, Emax=214.95621196
realization 15 / 300 ... accepted 15. Emin=-14.32873560, Emax=208.96018570
realization 16 / 300 ... accepted 16. Emin=-39.95518795, Emax=160.39781849
realization 17 / 300 ... accepted 17. Emin=11.43914517, Emax=223.72207083
realization 18 / 300 ... accepted 18. Emin=-19.52037310, Emax=192.85339276
realization 19 / 300 ... accepted 19. Emin=1.22850020, Emax=198.00971389
realization 20 / 300 ... accepted 20. Emin=18.18239260, Emax=236.32630108
realization 21 / 300 ... accepted 21. Emin=18.29417284, Emax=236.31609069
realization 22 / 300 ... accepted 22. Emin=0.41573657, Emax=212.11293827
realization 23 / 300 ... accepted 23. Emin=12.20414130, Emax=226.99185609
realization 24 / 300 ... accepted 24. Emin=-17.58775196, Emax=196.54859197
realization 25 / 300 ... accepted 25. Emin=12.62541756, Emax=225.13474269
realization 26 / 300 ... accepted 26. Emin=-4.97117574, Emax=204.00930740
realization 27 / 300 ... accepted 27. Emin=17.59113109, Emax=225.37186940
realization 28 / 300 ... accepted 28. Emin=-2.05937200, Emax=207.62889240
realization 29 / 300 ... accepted 29. Emin=-12.16477457, Emax=205.00273961
realization 30 / 300 ... accepted 30. Emin=-11.24396525, Emax=198.57378993
realization 31 / 300 ... accepted 31. Emin=-9.49152317, Emax=190.86004306
realization 32 / 300 ... accepted 32. Emin=14.76266891, Emax=230.59210160
realization 33 / 300 ... accepted 33. Emin=-9.99174502, Emax=193.26166551
realization 34 / 300 ... accepted 34. Emin=-2.17409124, Emax=220.02280876
realization 35 / 300 ... accepted 35. Emin=-20.72884498, Emax=203.80739062
realization 36 / 300 ... accepted 36. Emin=28.10243523, Emax=229.03722889
realization 37 / 300 ... accepted 37. Emin=-7.55655138, Emax=199.82103728
realization 38 / 300 ... accepted 38. Emin=-15.73770573, Emax=196.46116130
realization 39 / 300 ... accepted 39. Emin=-25.76799956, Emax=186.62339208
realization 40 / 300 ... accepted 40. Emin=14.01480195, Emax=227.49906596
realization 41 / 300 ... accepted 41. Emin=0.22373826, Emax=213.59363584
realization 42 / 300 ... accepted 42. Emin=24.17534599, Emax=232.36911148
realization 43 / 300 ... accepted 43. Emin=-9.99724055, Emax=211.98349101
realization 44 / 300 ... accepted 44. Emin=-2.93483410, Emax=224.06559633
realization 45 / 300 ... accepted 45. Emin=12.20739537, Emax=232.84797854
realization 46 / 300 ... accepted 46. Emin=-17.32601541, Emax=182.91914111
realization 47 / 300 ... accepted 47. Emin=-3.38938477, Emax=217.54711796
realization 48 / 300 ... accepted 48. Emin=16.51936347, Emax=223.57879167
realization 49 / 300 ... accepted 49. Emin=-27.15483349, Emax=178.09117930
realization 50 / 300 ... accepted 50. Emin=-23.15516505, Emax=196.39639567
realization 51 / 300 ... accepted 51. Emin=-11.65005340, Emax=198.64029527
realization 52 / 300 ... accepted 52. Emin=-7.90094036, Emax=210.08713240
realization 53 / 300 ... accepted 53. Emin=-2.60256022, Emax=212.24528231
realization 54 / 300 ... accepted 54. Emin=14.56436094, Emax=224.03680104
realization 55 / 300 ... accepted 55. Emin=-31.25522559, Emax=179.07545897
realization 56 / 300 ... accepted 56. Emin=-10.54426076, Emax=206.32996026
realization 57 / 300 ... accepted 57. Emin=-3.21443203, Emax=208.64935041
realization 58 / 300 ... accepted 58. Emin=-12.14673825, Emax=196.95954669
realization 59 / 300 ... accepted 59. Emin=-2.58014710, Emax=202.21615440
realization 60 / 300 ... accepted 60. Emin=-18.29440996, Emax=187.94755392
realization 61 / 300 ... accepted 61. Emin=-11.47968834, Emax=201.70991549
realization 62 / 300 ... accepted 62. Emin=-15.25996746, Emax=192.50310419
realization 63 / 300 ... accepted 63. Emin=-18.80130578, Emax=182.57135435
realization 64 / 300 ... accepted 64. Emin=-1.58010491, Emax=220.00254359
realization 65 / 300 ... accepted 65. Emin=3.87186075, Emax=207.53829264
realization 66 / 300 ... accepted 66. Emin=-5.52581179, Emax=200.86823564
realization 67 / 300 ... accepted 67. Emin=29.70628837, Emax=239.68243575
realization 68 / 300 ... accepted 68. Emin=27.08330303, Emax=225.24610880
realization 69 / 300 ... accepted 69. Emin=-11.74712309, Emax=207.27512510
realization 70 / 300 ... accepted 70. Emin=2.90521849, Emax=212.54635606
realization 71 / 300 ... accepted 71. Emin=29.83773459, Emax=234.19281055
realization 72 / 300 ... accepted 72. Emin=23.68496777, Emax=229.47281219
realization 73 / 300 ... accepted 73. Emin=-21.53501772, Emax=185.34326062
realization 74 / 300 ... accepted 74. Emin=-12.16687246, Emax=192.78962334
realization 75 / 300 ... accepted 75. Emin=16.46058987, Emax=221.06481662
realization 76 / 300 ... accepted 76. Emin=3.45743570, Emax=220.88994774
realization 77 / 300 ... accepted 77. Emin=-14.92209165, Emax=202.00715844
realization 78 / 300 ... accepted 78. Emin=-4.18595390, Emax=214.16926061
realization 79 / 300 ... accepted 79. Emin=-17.53698089, Emax=184.55907384
realization 80 / 300 ... accepted 80. Emin=-7.72269901, Emax=203.11022751
realization 81 / 300 ... accepted 81. Emin=-46.98470535, Emax=148.86061896
realization 82 / 300 ... accepted 82. Emin=4.85520658, Emax=232.29974130
realization 83 / 300 ... accepted 83. Emin=-20.69012661, Emax=180.99761642
realization 84 / 300 ... accepted 84. Emin=14.62868654, Emax=220.40205019
realization 85 / 300 ... accepted 85. Emin=6.39608935, Emax=212.14945415
realization 86 / 300 ... accepted 86. Emin=-0.17408762, Emax=224.52595033
realization 87 / 300 ... accepted 87. Emin=17.40261511, Emax=230.07155355
realization 88 / 300 ... accepted 88. Emin=12.93443702, Emax=231.45230459
realization 89 / 300 ... accepted 89. Emin=11.13017129, Emax=230.77081294
realization 90 / 300 ... accepted 90. Emin=-29.09547431, Emax=185.05942514
realization 91 / 300 ... accepted 91. Emin=-12.43152927, Emax=200.99118137
realization 92 / 300 ... accepted 92. Emin=-8.01454067, Emax=187.30442073
realization 93 / 300 ... accepted 93. Emin=-24.33988738, Emax=180.41643677
realization 94 / 300 ... accepted 94. Emin=33.06793312, Emax=241.42441247
realization 95 / 300 ... accepted 95. Emin=13.04729709, Emax=229.90854202
realization 96 / 300 ... accepted 96. Emin=-30.56619450, Emax=179.16726140
realization 97 / 300 ... accepted 97. Emin=-23.73618162, Emax=193.74928656
realization 98 / 300 ... accepted 98. Emin=-2.07733769, Emax=217.26822029
realization 99 / 300 ... accepted 99. Emin=-18.26499108, Emax=197.30327877
realization 100 / 300 ... accepted 100. Emin=-12.75133948, Emax=198.40375899
realization 101 / 300 ... accepted 101. Emin=0.14729967, Emax=221.18818325
realization 102 / 300 ... accepted 102. Emin=-2.53665342, Emax=222.66229755
realization 103 / 300 ... accepted 103. Emin=3.64080385, Emax=218.09871495
realization 104 / 300 ... accepted 104. Emin=-2.14164886, Emax=216.98614916
realization 105 / 300 ... accepted 105. Emin=26.59920921, Emax=232.47037104
realization 106 / 300 ... accepted 106. Emin=-3.35205239, Emax=213.94477094
realization 107 / 300 ... accepted 107. Emin=-6.76464896, Emax=199.32224919
realization 108 / 300 ... accepted 108. Emin=4.29569370, Emax=224.15660633
realization 109 / 300 ... accepted 109. Emin=-4.24166365, Emax=205.52902491
realization 110 / 300 ... accepted 110. Emin=7.24067824, Emax=213.24312496
realization 111 / 300 ... accepted 111. Emin=-10.91237509, Emax=204.82850528
realization 112 / 300 ... accepted 112. Emin=-4.55777027, Emax=203.96965043
realization 113 / 300 ... accepted 113. Emin=32.27649899, Emax=230.93587458
realization 114 / 300 ... accepted 114. Emin=13.60124142, Emax=211.80452964
realization 115 / 300 ... accepted 115. Emin=1.15760379, Emax=213.96587002
realization 116 / 300 ... accepted 116. Emin=-11.63205513, Emax=209.37645603
realization 117 / 300 ... accepted 117. Emin=-29.97823370, Emax=170.04762220
realization 118 / 300 ... accepted 118. Emin=-22.01815305, Emax=189.44868292
realization 119 / 300 ... accepted 119. Emin=17.55138026, Emax=223.66024722
realization 120 / 300 ... accepted 120. Emin=-7.14644260, Emax=209.17924339
realization 121 / 300 ... accepted 121. Emin=5.06844846, Emax=231.13620175
realization 122 / 300 ... accepted 122. Emin=38.71753353, Emax=238.27654273
realization 123 / 300 ... accepted 123. Emin=11.24432884, Emax=216.48790253
realization 124 / 300 ... accepted 124. Emin=-11.18271879, Emax=209.82643808
realization 125 / 300 ... accepted 125. Emin=-21.45550645, Emax=197.54041312
realization 126 / 300 ... accepted 126. Emin=-9.93860064, Emax=215.19249139
realization 127 / 300 ... accepted 127. Emin=3.35809004, Emax=195.39337558
realization 128 / 300 ... accepted 128. Emin=-16.79455474, Emax=199.51529785
realization 129 / 300 ... accepted 129. Emin=15.06743908, Emax=215.41260967
realization 130 / 300 ... accepted 130. Emin=-11.41854939, Emax=202.88182341
realization 131 / 300 ... accepted 131. Emin=36.47308170, Emax=234.67380628
realization 132 / 300 ... accepted 132. Emin=9.52396647, Emax=223.36544590
realization 133 / 300 ... accepted 133. Emin=-15.64998065, Emax=193.41834464
realization 134 / 300 ... accepted 134. Emin=3.73192408, Emax=207.36366567
realization 135 / 300 ... accepted 135. Emin=-3.89392102, Emax=219.58092519
realization 136 / 300 ... accepted 136. Emin=1.79227776, Emax=223.30355331
realization 137 / 300 ... accepted 137. Emin=4.74990304, Emax=221.26802210
realization 138 / 300 ... accepted 138. Emin=13.86406129, Emax=228.82681911
realization 139 / 300 ... accepted 139. Emin=18.58934677, Emax=233.96933420
realization 140 / 300 ... accepted 140. Emin=-5.66622093, Emax=197.13616186
realization 141 / 300 ... accepted 141. Emin=-0.81376042, Emax=217.40384112
realization 142 / 300 ... accepted 142. Emin=6.19166916, Emax=221.69434252
realization 143 / 300 ... accepted 143. Emin=6.01856877, Emax=210.91101404
realization 144 / 300 ... accepted 144. Emin=-12.70569435, Emax=199.28820968
realization 145 / 300 ... accepted 145. Emin=16.56162336, Emax=221.72625024
realization 146 / 300 ... accepted 146. Emin=7.66314009, Emax=206.47251975
realization 147 / 300 ... accepted 147. Emin=-11.82035387, Emax=196.28843842
realization 148 / 300 ... accepted 148. Emin=-29.91490398, Emax=163.53528089
realization 149 / 300 ... accepted 149. Emin=11.54907512, Emax=223.69372625
realization 150 / 300 ... accepted 150. Emin=13.04513961, Emax=216.31566886
realization 151 / 300 ... accepted 151. Emin=8.63527934, Emax=211.82827450
realization 152 / 300 ... accepted 152. Emin=-18.38689353, Emax=200.77314681
realization 153 / 300 ... accepted 153. Emin=11.42548424, Emax=210.92436870
realization 154 / 300 ... accepted 154. Emin=15.63385603, Emax=226.75584423
realization 155 / 300 ... accepted 155. Emin=-2.43546526, Emax=208.23230564
realization 156 / 300 ... accepted 156. Emin=26.97154205, Emax=232.83616225
realization 157 / 300 ... accepted 157. Emin=7.55853315, Emax=212.00721328
realization 158 / 300 ... accepted 158. Emin=-4.28181843, Emax=230.03372244
realization 159 / 300 ... accepted 159. Emin=-1.06311522, Emax=205.27464255
realization 160 / 300 ... accepted 160. Emin=5.65562449, Emax=227.46101377
realization 161 / 300 ... accepted 161. Emin=-15.73104900, Emax=196.88251731
realization 162 / 300 ... accepted 162. Emin=-48.89692375, Emax=148.18316908
realization 163 / 300 ... accepted 163. Emin=4.98361540, Emax=215.91599006
realization 164 / 300 ... accepted 164. Emin=-0.29157250, Emax=217.40603005
realization 165 / 300 ... accepted 165. Emin=-16.41147343, Emax=193.87593378
realization 166 / 300 ... accepted 166. Emin=10.68891250, Emax=235.51860560
realization 167 / 300 ... accepted 167. Emin=4.10627321, Emax=213.94857561
realization 168 / 300 ... accepted 168. Emin=46.57373888, Emax=245.93610993
realization 169 / 300 ... accepted 169. Emin=-13.68798246, Emax=186.63426455
realization 170 / 300 ... accepted 170. Emin=-5.00376881, Emax=210.51607806
realization 171 / 300 ... accepted 171. Emin=30.97922969, Emax=241.00002662
realization 172 / 300 ... accepted 172. Emin=1.53363762, Emax=225.46456589
realization 173 / 300 ... accepted 173. Emin=1.26214031, Emax=211.06781434
realization 174 / 300 ... accepted 174. Emin=-2.12336063, Emax=204.97860630
realization 175 / 300 ... accepted 175. Emin=4.26163769, Emax=215.63346074
realization 176 / 300 ... accepted 176. Emin=18.58670686, Emax=240.71845291
realization 177 / 300 ... accepted 177. Emin=18.01639360, Emax=223.74873990
realization 178 / 300 ... accepted 178. Emin=12.87537218, Emax=227.24500283
realization 179 / 300 ... accepted 179. Emin=-5.43145482, Emax=214.59362171
realization 180 / 300 ... accepted 180. Emin=21.70151724, Emax=229.61931475
realization 181 / 300 ... accepted 181. Emin=14.20294536, Emax=229.11423362
realization 182 / 300 ... accepted 182. Emin=10.91963014, Emax=222.01460119
realization 183 / 300 ... accepted 183. Emin=15.17849458, Emax=229.05569775
realization 184 / 300 ... accepted 184. Emin=-1.53602325, Emax=229.82586408
realization 185 / 300 ... accepted 185. Emin=19.95154056, Emax=222.31256769
realization 186 / 300 ... accepted 186. Emin=-2.52988652, Emax=224.58123208
realization 187 / 300 ... accepted 187. Emin=-1.99436623, Emax=190.85083785
realization 188 / 300 ... accepted 188. Emin=9.37688094, Emax=231.25057875
realization 189 / 300 ... accepted 189. Emin=-6.15436296, Emax=212.88075427
realization 190 / 300 ... accepted 190. Emin=-7.81601931, Emax=199.63089215
realization 191 / 300 ... accepted 191. Emin=17.37653242, Emax=232.67187563
realization 192 / 300 ... accepted 192. Emin=-4.14247515, Emax=223.89172344
realization 193 / 300 ... accepted 193. Emin=22.28862382, Emax=234.78948093
realization 194 / 300 ... accepted 194. Emin=-10.16427411, Emax=198.82771152
realization 195 / 300 ... accepted 195. Emin=-23.26770711, Emax=180.43052584
realization 196 / 300 ... accepted 196. Emin=7.25070810, Emax=212.03279330
realization 197 / 300 ... accepted 197. Emin=5.89354463, Emax=227.15595724
realization 198 / 300 ... accepted 198. Emin=11.36426679, Emax=221.55760338
realization 199 / 300 ... accepted 199. Emin=31.65353796, Emax=245.68446953
realization 200 / 300 ... accepted 200. Emin=3.50764016, Emax=220.64920129
realization 201 / 300 ... accepted 201. Emin=35.71809655, Emax=231.73345428
realization 202 / 300 ... accepted 202. Emin=0.76433452, Emax=214.66896783
realization 203 / 300 ... accepted 203. Emin=-1.05006350, Emax=216.64724946
realization 204 / 300 ... accepted 204. Emin=24.89375903, Emax=231.31630929
realization 205 / 300 ... accepted 205. Emin=-16.66707909, Emax=179.80496153
realization 206 / 300 ... accepted 206. Emin=32.66153745, Emax=240.26963090
realization 207 / 300 ... accepted 207. Emin=-9.83551358, Emax=212.52639982
realization 208 / 300 ... accepted 208. Emin=25.67507236, Emax=235.65919288
realization 209 / 300 ... accepted 209. Emin=1.39195190, Emax=221.21965937
realization 210 / 300 ... accepted 210. Emin=-29.68503925, Emax=176.96894304
realization 211 / 300 ... accepted 211. Emin=-9.79119698, Emax=190.10430107
realization 212 / 300 ... accepted 212. Emin=1.32635763, Emax=232.11238944
realization 213 / 300 ... accepted 213. Emin=-24.65526720, Emax=175.13850259
realization 214 / 300 ... accepted 214. Emin=1.79352177, Emax=211.62518549
realization 215 / 300 ... accepted 215. Emin=23.40711309, Emax=230.12638812
realization 216 / 300 ... accepted 216. Emin=-41.83131731, Emax=160.13927151
realization 217 / 300 ... accepted 217. Emin=15.59073955, Emax=227.01919490
realization 218 / 300 ... accepted 218. Emin=2.40280327, Emax=223.62250354
realization 219 / 300 ... accepted 219. Emin=27.08073446, Emax=226.28656184
realization 220 / 300 ... accepted 220. Emin=8.89803107, Emax=227.04167210
realization 221 / 300 ... accepted 221. Emin=-4.89846802, Emax=205.76310201
realization 222 / 300 ... accepted 222. Emin=2.29199337, Emax=213.00071815
realization 223 / 300 ... accepted 223. Emin=3.51400827, Emax=216.80199783
realization 224 / 300 ... accepted 224. Emin=3.18719881, Emax=222.34796519
realization 225 / 300 ... accepted 225. Emin=-45.63219342, Emax=150.11230351
realization 226 / 300 ... accepted 226. Emin=-29.59200227, Emax=190.64088680
realization 227 / 300 ... accepted 227. Emin=-3.68618656, Emax=214.35323386
realization 228 / 300 ... accepted 228. Emin=9.55432497, Emax=215.64244688
realization 229 / 300 ... accepted 229. Emin=-8.88285869, Emax=208.63361254
realization 230 / 300 ... accepted 230. Emin=22.23085842, Emax=218.54888498
realization 231 / 300 ... accepted 231. Emin=15.22553694, Emax=228.93456269
realization 232 / 300 ... accepted 232. Emin=-15.00994780, Emax=195.33246726
realization 233 / 300 ... accepted 233. Emin=9.93431016, Emax=225.85766537
realization 234 / 300 ... accepted 234. Emin=3.60687108, Emax=218.08752231
realization 235 / 300 ... accepted 235. Emin=-15.72427128, Emax=184.83666882
realization 236 / 300 ... accepted 236. Emin=4.57918515, Emax=228.26435742
realization 237 / 300 ... accepted 237. Emin=16.13979260, Emax=229.33607921
realization 238 / 300 ... accepted 238. Emin=14.07176107, Emax=227.35738472
realization 239 / 300 ... accepted 239. Emin=16.00217516, Emax=213.92608532
realization 240 / 300 ... accepted 240. Emin=-18.75720094, Emax=189.59628917
realization 241 / 300 ... accepted 241. Emin=13.85949564, Emax=224.63467869
realization 242 / 300 ... accepted 242. Emin=5.74007600, Emax=227.59659413
realization 243 / 300 ... accepted 243. Emin=15.66509362, Emax=224.18074142
realization 244 / 300 ... accepted 244. Emin=-4.21636153, Emax=218.80401857
realization 245 / 300 ... accepted 245. Emin=-4.38195596, Emax=196.71439752
realization 246 / 300 ... accepted 246. Emin=4.90438009, Emax=210.89854302
realization 247 / 300 ... accepted 247. Emin=13.65562771, Emax=226.90393838
realization 248 / 300 ... accepted 248. Emin=-1.64074875, Emax=217.35793695
realization 249 / 300 ... accepted 249. Emin=6.75304007, Emax=222.23617754
realization 250 / 300 ... accepted 250. Emin=20.13178334, Emax=223.19010435
realization 251 / 300 ... accepted 251. Emin=5.40507157, Emax=228.02735736
realization 252 / 300 ... accepted 252. Emin=4.44155611, Emax=235.09985047
realization 253 / 300 ... accepted 253. Emin=-6.81569570, Emax=201.31873224
realization 254 / 300 ... accepted 254. Emin=-23.26868227, Emax=193.56916382
realization 255 / 300 ... accepted 255. Emin=21.08842278, Emax=214.36191917
realization 256 / 300 ... accepted 256. Emin=-14.53750036, Emax=190.13400505
realization 257 / 300 ... accepted 257. Emin=-13.73632426, Emax=213.79347747
realization 258 / 300 ... accepted 258. Emin=-17.93508700, Emax=192.91704315
realization 259 / 300 ... accepted 259. Emin=4.84998766, Emax=221.78636902
realization 260 / 300 ... accepted 260. Emin=8.23084958, Emax=236.22829059
realization 261 / 300 ... accepted 261. Emin=3.82556099, Emax=229.04903546
realization 262 / 300 ... accepted 262. Emin=34.90784662, Emax=232.67601992
realization 263 / 300 ... accepted 263. Emin=-17.69519119, Emax=192.88059299
realization 264 / 300 ... accepted 264. Emin=11.89050551, Emax=220.16341674
realization 265 / 300 ... accepted 265. Emin=-11.12337419, Emax=196.43004232
realization 266 / 300 ... accepted 266. Emin=14.45169171, Emax=239.87417939
realization 267 / 300 ... accepted 267. Emin=13.70919430, Emax=214.35312875
realization 268 / 300 ... accepted 268. Emin=8.14933754, Emax=228.18643043
realization 269 / 300 ... accepted 269. Emin=-9.09898918, Emax=205.73704987
realization 270 / 300 ... accepted 270. Emin=-7.99781932, Emax=199.34697564
realization 271 / 300 ... accepted 271. Emin=-4.39287171, Emax=210.85000117
realization 272 / 300 ... accepted 272. Emin=-7.32953831, Emax=198.84840435
realization 273 / 300 ... accepted 273. Emin=-9.27200980, Emax=209.24551823
realization 274 / 300 ... accepted 274. Emin=1.70904766, Emax=220.99164212
realization 275 / 300 ... accepted 275. Emin=11.43130303, Emax=223.11040923
realization 276 / 300 ... accepted 276. Emin=-12.28766324, Emax=201.33289568
realization 277 / 300 ... accepted 277. Emin=14.49535294, Emax=230.06735880
realization 278 / 300 ... accepted 278. Emin=-33.10690875, Emax=168.76054562
realization 279 / 300 ... accepted 279. Emin=-8.50640023, Emax=199.32420148
realization 280 / 300 ... accepted 280. Emin=-12.30217809, Emax=210.15393837
realization 281 / 300 ... accepted 281. Emin=-3.94828202, Emax=199.65089638
realization 282 / 300 ... accepted 282. Emin=-28.95288467, Emax=177.11106288
realization 283 / 300 ... accepted 283. Emin=-43.31617391, Emax=150.52331267
realization 284 / 300 ... accepted 284. Emin=20.83277835, Emax=241.87174871
realization 285 / 300 ... accepted 285. Emin=21.43218180, Emax=221.24922204
realization 286 / 300 ... accepted 286. Emin=15.11032715, Emax=226.87117593
realization 287 / 300 ... accepted 287. Emin=-16.40857245, Emax=202.39929233
realization 288 / 300 ... accepted 288. Emin=-2.82490998, Emax=212.14561944
realization 289 / 300 ... accepted 289. Emin=17.74136529, Emax=247.43993077
realization 290 / 300 ... accepted 290. Emin=20.11735099, Emax=217.90551776
realization 291 / 300 ... accepted 291. Emin=-0.30325368, Emax=199.47463982
realization 292 / 300 ... accepted 292. Emin=26.79303810, Emax=232.96683827
realization 293 / 300 ... accepted 293. Emin=-13.55854341, Emax=203.82236145
realization 294 / 300 ... accepted 294. Emin=-18.55518136, Emax=193.15051178
realization 295 / 300 ... accepted 295. Emin=-7.92311153, Emax=190.79659019
realization 296 / 300 ... accepted 296. Emin=-30.24431671, Emax=181.43723454
realization 297 / 300 ... accepted 297. Emin=-4.49871690, Emax=193.35304564
realization 298 / 300 ... accepted 298. Emin=-13.18388767, Emax=205.50944052
realization 299 / 300 ... accepted 299. Emin=-12.70366581, Emax=198.31216728
realization 300 / 300 ... accepted 300. Emin=34.00984103, Emax=239.65976620
Saved final energies: /home/2/kj405942/POLFED_bosons/pbs_bose_legacy_nmax2_periodic/data/U_30/W_12/L_6/N_6_nmax_2/boundary_periodic/energies_full_U30_L6_N6_nmax2_W12_boundaryperiodic_nreal300.txt
Accepted realizations: 300 / 300
Skipped realizations: 0
Job finished at Sun May 31 17:12:50 UTC 2026
