Job started on w31 at Sun May 31 17:11:40 UTC 2026
PBS_JOBID=7731517.kruk-host.ift-klaster.lan
PBS_O_WORKDIR=/home/2/kj405942/POLFED_bosons
Bose-Hubbard: L=6, N=6, nmax=2, dim=141
t=1, U=30, W=13, nreal=300, boundary=periodic, mode=full
Writing partial results to /home/2/kj405942/POLFED_bosons/pbs_bose_legacy_nmax2_periodic/data/U_30/W_13/L_6/N_6_nmax_2/boundary_periodic/energies_full_U30_L6_N6_nmax2_W13_boundaryperiodic_nreal300_partial.txt
realization 1 / 300 ... accepted 1. Emin=16.03613770, Emax=254.31609553
realization 2 / 300 ... accepted 2. Emin=-13.13544923, Emax=197.21891173
realization 3 / 300 ... accepted 3. Emin=-21.23167270, Emax=200.65124969
realization 4 / 300 ... accepted 4. Emin=12.02362224, Emax=238.87230491
realization 5 / 300 ... accepted 5. Emin=27.09658255, Emax=232.62465976
realization 6 / 300 ... accepted 6. Emin=-17.72199320, Emax=201.22601641
realization 7 / 300 ... accepted 7. Emin=28.10300553, Emax=236.87884186
realization 8 / 300 ... accepted 8. Emin=17.58917746, Emax=225.70115019
realization 9 / 300 ... accepted 9. Emin=-9.89414126, Emax=209.53744040
realization 10 / 300 ... accepted 10. Emin=-20.78219277, Emax=198.08835603
realization 11 / 300 ... accepted 11. Emin=-11.39116932, Emax=201.43183221
realization 12 / 300 ... accepted 12. Emin=13.51032327, Emax=231.81089482
realization 13 / 300 ... accepted 13. Emin=13.64152156, Emax=216.76053388
realization 14 / 300 ... accepted 14. Emin=-7.76634704, Emax=222.66054726
realization 15 / 300 ... accepted 15. Emin=12.20473694, Emax=229.24928881
realization 16 / 300 ... accepted 16. Emin=10.48729608, Emax=229.90147062
realization 17 / 300 ... accepted 17. Emin=14.73200209, Emax=218.74409389
realization 18 / 300 ... accepted 18. Emin=6.66338810, Emax=234.24110739
realization 19 / 300 ... accepted 19. Emin=7.72593264, Emax=237.96939086
realization 20 / 300 ... accepted 20. Emin=6.75067909, Emax=205.69937547
realization 21 / 300 ... accepted 21. Emin=-1.34314701, Emax=212.57829765
realization 22 / 300 ... accepted 22. Emin=17.54379404, Emax=227.27744538
realization 23 / 300 ... accepted 23. Emin=7.98147610, Emax=229.34630954
realization 24 / 300 ... accepted 24. Emin=31.60839558, Emax=242.77559925
realization 25 / 300 ... accepted 25. Emin=-3.77065471, Emax=209.51167566
realization 26 / 300 ... accepted 26. Emin=15.03241623, Emax=203.27678008
realization 27 / 300 ... accepted 27. Emin=-0.89475212, Emax=198.19984679
realization 28 / 300 ... accepted 28. Emin=-12.98369650, Emax=192.74262906
realization 29 / 300 ... accepted 29. Emin=-31.79305901, Emax=174.57835839
realization 30 / 300 ... accepted 30. Emin=2.88255098, Emax=215.55056405
realization 31 / 300 ... accepted 31. Emin=9.22876449, Emax=221.42784937
realization 32 / 300 ... accepted 32. Emin=-25.05972003, Emax=193.25919475
realization 33 / 300 ... accepted 33. Emin=20.31636113, Emax=235.89073979
realization 34 / 300 ... accepted 34. Emin=-3.26753618, Emax=206.64169942
realization 35 / 300 ... accepted 35. Emin=-5.82858897, Emax=208.39879115
realization 36 / 300 ... accepted 36. Emin=30.23047333, Emax=235.31113832
realization 37 / 300 ... accepted 37. Emin=5.62960198, Emax=219.04997688
realization 38 / 300 ... accepted 38. Emin=29.15892844, Emax=237.27104484
realization 39 / 300 ... accepted 39. Emin=-5.06130717, Emax=222.32317795
realization 40 / 300 ... accepted 40. Emin=-21.20579339, Emax=186.14561463
realization 41 / 300 ... accepted 41. Emin=-17.76727313, Emax=204.52629951
realization 42 / 300 ... accepted 42. Emin=-10.96536157, Emax=218.20842482
realization 43 / 300 ... accepted 43. Emin=-20.08776430, Emax=201.15345619
realization 44 / 300 ... accepted 44. Emin=-12.49915223, Emax=202.94100647
realization 45 / 300 ... accepted 45. Emin=0.28110110, Emax=198.62477657
realization 46 / 300 ... accepted 46. Emin=11.79806749, Emax=210.12837748
realization 47 / 300 ... accepted 47. Emin=-0.76490709, Emax=226.69329527
realization 48 / 300 ... accepted 48. Emin=23.92524593, Emax=221.85094476
realization 49 / 300 ... accepted 49. Emin=-2.76249602, Emax=222.23585522
realization 50 / 300 ... accepted 50. Emin=20.74604255, Emax=221.61998562
realization 51 / 300 ... accepted 51. Emin=-6.47191872, Emax=201.39958434
realization 52 / 300 ... accepted 52. Emin=-20.42505581, Emax=205.21358616
realization 53 / 300 ... accepted 53. Emin=6.75292462, Emax=234.32814969
realization 54 / 300 ... accepted 54. Emin=-39.66965499, Emax=163.67742609
realization 55 / 300 ... accepted 55. Emin=24.21775185, Emax=243.77423427
realization 56 / 300 ... accepted 56. Emin=9.81529295, Emax=223.72131257
realization 57 / 300 ... accepted 57. Emin=-6.56480360, Emax=196.20724443
realization 58 / 300 ... accepted 58. Emin=-19.66527078, Emax=195.39001049
realization 59 / 300 ... accepted 59. Emin=-29.96864467, Emax=181.66765212
realization 60 / 300 ... accepted 60. Emin=25.79401162, Emax=235.60183814
realization 61 / 300 ... accepted 61. Emin=-20.81211190, Emax=182.04417924
realization 62 / 300 ... accepted 62. Emin=15.93171442, Emax=240.75114680
realization 63 / 300 ... accepted 63. Emin=-3.57428122, Emax=200.32274361
realization 64 / 300 ... accepted 64. Emin=-10.33524769, Emax=203.83143589
realization 65 / 300 ... accepted 65. Emin=5.17086583, Emax=221.33064356
realization 66 / 300 ... accepted 66. Emin=18.21631152, Emax=225.46025844
realization 67 / 300 ... accepted 67. Emin=0.25561079, Emax=214.65883689
realization 68 / 300 ... accepted 68. Emin=-8.99493669, Emax=199.92407172
realization 69 / 300 ... accepted 69. Emin=-2.18092754, Emax=214.77989351
realization 70 / 300 ... accepted 70. Emin=8.11275505, Emax=235.71636693
realization 71 / 300 ... accepted 71. Emin=13.45001810, Emax=214.59488933
realization 72 / 300 ... accepted 72. Emin=-22.69970255, Emax=196.93900653
realization 73 / 300 ... accepted 73. Emin=13.54615288, Emax=238.58368386
realization 74 / 300 ... accepted 74. Emin=-29.68808238, Emax=174.39018759
realization 75 / 300 ... accepted 75. Emin=-5.16484165, Emax=208.44360628
realization 76 / 300 ... accepted 76. Emin=9.20832345, Emax=226.27892160
realization 77 / 300 ... accepted 77. Emin=-16.67741231, Emax=191.39655827
realization 78 / 300 ... accepted 78. Emin=19.93194549, Emax=235.25841665
realization 79 / 300 ... accepted 79. Emin=15.81150733, Emax=233.69477347
realization 80 / 300 ... accepted 80. Emin=15.35206794, Emax=242.73490109
realization 81 / 300 ... accepted 81. Emin=-10.15150335, Emax=210.19187080
realization 82 / 300 ... accepted 82. Emin=18.36303272, Emax=229.81076360
realization 83 / 300 ... accepted 83. Emin=-37.33406519, Emax=163.36795629
realization 84 / 300 ... accepted 84. Emin=-29.41982692, Emax=169.64865425
realization 85 / 300 ... accepted 85. Emin=42.22182698, Emax=238.77262771
realization 86 / 300 ... accepted 86. Emin=5.49526395, Emax=249.10569594
realization 87 / 300 ... accepted 87. Emin=-44.04441409, Emax=158.10864840
realization 88 / 300 ... accepted 88. Emin=3.45957880, Emax=230.51372908
realization 89 / 300 ... accepted 89. Emin=-5.26236346, Emax=206.02242104
realization 90 / 300 ... accepted 90. Emin=13.22947188, Emax=230.59210846
realization 91 / 300 ... accepted 91. Emin=-8.95010308, Emax=215.32463330
realization 92 / 300 ... accepted 92. Emin=-24.80035468, Emax=179.29296925
realization 93 / 300 ... accepted 93. Emin=12.73094317, Emax=226.39196232
realization 94 / 300 ... accepted 94. Emin=-17.45416023, Emax=206.46987075
realization 95 / 300 ... accepted 95. Emin=39.01942783, Emax=236.64012702
realization 96 / 300 ... accepted 96. Emin=-20.88591675, Emax=191.64167186
realization 97 / 300 ... accepted 97. Emin=-21.17150220, Emax=200.99410141
realization 98 / 300 ... accepted 98. Emin=-7.43948292, Emax=198.19180227
realization 99 / 300 ... accepted 99. Emin=-23.34815364, Emax=192.77281282
realization 100 / 300 ... accepted 100. Emin=15.41219116, Emax=233.05293585
realization 101 / 300 ... accepted 101. Emin=17.76611392, Emax=244.71644587
realization 102 / 300 ... accepted 102. Emin=15.85977963, Emax=237.33048401
realization 103 / 300 ... accepted 103. Emin=20.16708301, Emax=233.57698288
realization 104 / 300 ... accepted 104. Emin=31.27277374, Emax=241.68250511
realization 105 / 300 ... accepted 105. Emin=-8.12653799, Emax=198.54022917
realization 106 / 300 ... accepted 106. Emin=-15.85853246, Emax=208.92351637
realization 107 / 300 ... accepted 107. Emin=-8.58297616, Emax=220.74518426
realization 108 / 300 ... accepted 108. Emin=6.38208382, Emax=211.63178842
realization 109 / 300 ... accepted 109. Emin=13.36078034, Emax=215.86269108
realization 110 / 300 ... accepted 110. Emin=0.16356720, Emax=211.05772979
realization 111 / 300 ... accepted 111. Emin=0.14428390, Emax=215.77968672
realization 112 / 300 ... accepted 112. Emin=6.57243957, Emax=243.66311754
realization 113 / 300 ... accepted 113. Emin=13.75084212, Emax=234.75938150
realization 114 / 300 ... accepted 114. Emin=-15.79125149, Emax=203.88890169
realization 115 / 300 ... accepted 115. Emin=-54.91441380, Emax=142.42288336
realization 116 / 300 ... accepted 116. Emin=25.51935734, Emax=233.99675409
realization 117 / 300 ... accepted 117. Emin=17.88460301, Emax=239.65690955
realization 118 / 300 ... accepted 118. Emin=-21.89177035, Emax=209.42034515
realization 119 / 300 ... accepted 119. Emin=4.30366173, Emax=220.07803526
realization 120 / 300 ... accepted 120. Emin=1.87908624, Emax=229.03976095
realization 121 / 300 ... accepted 121. Emin=2.58009499, Emax=233.49601068
realization 122 / 300 ... accepted 122. Emin=8.66774947, Emax=219.09498549
realization 123 / 300 ... accepted 123. Emin=6.52923625, Emax=220.12155957
realization 124 / 300 ... accepted 124. Emin=0.97142327, Emax=206.00300901
realization 125 / 300 ... accepted 125. Emin=10.89702536, Emax=204.70199314
realization 126 / 300 ... accepted 126. Emin=4.06903707, Emax=222.63734322
realization 127 / 300 ... accepted 127. Emin=-16.03602913, Emax=199.38253576
realization 128 / 300 ... accepted 128. Emin=10.81881143, Emax=231.86979339
realization 129 / 300 ... accepted 129. Emin=30.82536333, Emax=245.15916771
realization 130 / 300 ... accepted 130. Emin=8.83050451, Emax=227.41090701
realization 131 / 300 ... accepted 131. Emin=21.93614424, Emax=230.12056431
realization 132 / 300 ... accepted 132. Emin=-9.09049204, Emax=220.10749757
realization 133 / 300 ... accepted 133. Emin=11.75055668, Emax=218.04615597
realization 134 / 300 ... accepted 134. Emin=10.56755786, Emax=227.79145457
realization 135 / 300 ... accepted 135. Emin=4.44289821, Emax=210.26846161
realization 136 / 300 ... accepted 136. Emin=-1.88448941, Emax=216.42408753
realization 137 / 300 ... accepted 137. Emin=27.34001066, Emax=230.90136817
realization 138 / 300 ... accepted 138. Emin=12.78028975, Emax=222.42409862
realization 139 / 300 ... accepted 139. Emin=35.89237124, Emax=248.75031593
realization 140 / 300 ... accepted 140. Emin=10.22500705, Emax=229.19903133
realization 141 / 300 ... accepted 141. Emin=3.54688088, Emax=229.26808806
realization 142 / 300 ... accepted 142. Emin=34.15889432, Emax=249.15995983
realization 143 / 300 ... accepted 143. Emin=8.95594029, Emax=210.49705883
realization 144 / 300 ... accepted 144. Emin=3.98427747, Emax=240.57818866
realization 145 / 300 ... accepted 145. Emin=34.85264790, Emax=242.57702355
realization 146 / 300 ... accepted 146. Emin=3.10844973, Emax=218.26771426
realization 147 / 300 ... accepted 147. Emin=34.33755767, Emax=239.46309334
realization 148 / 300 ... accepted 148. Emin=3.71992699, Emax=225.05742065
realization 149 / 300 ... accepted 149. Emin=-2.10439416, Emax=218.81295014
realization 150 / 300 ... accepted 150. Emin=-0.73223651, Emax=205.48079921
realization 151 / 300 ... accepted 151. Emin=-8.00006745, Emax=199.59213524
realization 152 / 300 ... accepted 152. Emin=-2.76096682, Emax=221.19213428
realization 153 / 300 ... accepted 153. Emin=37.90351147, Emax=235.64561021
realization 154 / 300 ... accepted 154. Emin=-12.60603390, Emax=193.26962105
realization 155 / 300 ... accepted 155. Emin=-21.11806706, Emax=205.11535481
realization 156 / 300 ... accepted 156. Emin=23.94194361, Emax=239.77308630
realization 157 / 300 ... accepted 157. Emin=18.24120323, Emax=237.74914275
realization 158 / 300 ... accepted 158. Emin=37.54950265, Emax=236.38141445
realization 159 / 300 ... accepted 159. Emin=4.09691489, Emax=224.89244784
realization 160 / 300 ... accepted 160. Emin=39.00554279, Emax=250.06254497
realization 161 / 300 ... accepted 161. Emin=-28.53355880, Emax=181.33881550
realization 162 / 300 ... accepted 162. Emin=-32.02696654, Emax=169.36708639
realization 163 / 300 ... accepted 163. Emin=-22.33122223, Emax=209.16547379
realization 164 / 300 ... accepted 164. Emin=4.41017065, Emax=218.51999664
realization 165 / 300 ... accepted 165. Emin=18.63448114, Emax=232.60011500
realization 166 / 300 ... accepted 166. Emin=-19.19839040, Emax=198.87120297
realization 167 / 300 ... accepted 167. Emin=7.12204608, Emax=221.08985928
realization 168 / 300 ... accepted 168. Emin=-9.16663319, Emax=195.56679594
realization 169 / 300 ... accepted 169. Emin=16.50603555, Emax=214.71504284
realization 170 / 300 ... accepted 170. Emin=-3.20380216, Emax=217.01230335
realization 171 / 300 ... accepted 171. Emin=-36.75043452, Emax=167.75756779
realization 172 / 300 ... accepted 172. Emin=1.74307236, Emax=223.94190285
realization 173 / 300 ... accepted 173. Emin=-50.50082980, Emax=149.10028301
realization 174 / 300 ... accepted 174. Emin=-4.70095401, Emax=219.87954013
realization 175 / 300 ... accepted 175. Emin=-21.71659591, Emax=200.00140471
realization 176 / 300 ... accepted 176. Emin=-4.92849093, Emax=209.07948432
realization 177 / 300 ... accepted 177. Emin=-32.29526035, Emax=180.75795517
realization 178 / 300 ... accepted 178. Emin=-19.67726888, Emax=199.51226057
realization 179 / 300 ... accepted 179. Emin=11.70967145, Emax=233.02613537
realization 180 / 300 ... accepted 180. Emin=30.86582937, Emax=247.97675162
realization 181 / 300 ... accepted 181. Emin=-19.21667478, Emax=193.13030744
realization 182 / 300 ... accepted 182. Emin=-9.67745732, Emax=221.10980410
realization 183 / 300 ... accepted 183. Emin=-4.51028834, Emax=213.11364763
realization 184 / 300 ... accepted 184. Emin=41.08756334, Emax=246.52164465
realization 185 / 300 ... accepted 185. Emin=-7.65645504, Emax=201.22481870
realization 186 / 300 ... accepted 186. Emin=-18.34176714, Emax=206.61759150
realization 187 / 300 ... accepted 187. Emin=-3.35041629, Emax=207.77548986
realization 188 / 300 ... accepted 188. Emin=-17.85638477, Emax=191.25295707
realization 189 / 300 ... accepted 189. Emin=2.98940165, Emax=224.44085985
realization 190 / 300 ... accepted 190. Emin=3.18609836, Emax=233.55673818
realization 191 / 300 ... accepted 191. Emin=6.93339199, Emax=204.97424688
realization 192 / 300 ... accepted 192. Emin=29.06406981, Emax=239.97355137
realization 193 / 300 ... accepted 193. Emin=-7.72982207, Emax=223.89091913
realization 194 / 300 ... accepted 194. Emin=-14.89264920, Emax=207.62700986
realization 195 / 300 ... accepted 195. Emin=-9.45741137, Emax=220.96422742
realization 196 / 300 ... accepted 196. Emin=13.54313116, Emax=235.54933145
realization 197 / 300 ... accepted 197. Emin=0.96655772, Emax=230.20714645
realization 198 / 300 ... accepted 198. Emin=-15.06420108, Emax=213.60136688
realization 199 / 300 ... accepted 199. Emin=-3.74717133, Emax=215.49563764
realization 200 / 300 ... accepted 200. Emin=-8.67560921, Emax=208.33329343
realization 201 / 300 ... accepted 201. Emin=26.33445626, Emax=243.50211099
realization 202 / 300 ... accepted 202. Emin=1.69316281, Emax=196.30392399
realization 203 / 300 ... accepted 203. Emin=-31.72147181, Emax=161.98778237
realization 204 / 300 ... accepted 204. Emin=4.00152285, Emax=231.52749632
realization 205 / 300 ... accepted 205. Emin=1.43636175, Emax=227.69459502
realization 206 / 300 ... accepted 206. Emin=15.80741463, Emax=232.07030044
realization 207 / 300 ... accepted 207. Emin=-22.03623854, Emax=184.29352656
realization 208 / 300 ... accepted 208. Emin=-27.17099546, Emax=189.00162147
realization 209 / 300 ... accepted 209. Emin=-19.25347896, Emax=189.69216274
realization 210 / 300 ... accepted 210. Emin=3.57142686, Emax=230.17007257
realization 211 / 300 ... accepted 211. Emin=1.61608902, Emax=207.46293578
realization 212 / 300 ... accepted 212. Emin=15.16764828, Emax=213.84789577
realization 213 / 300 ... accepted 213. Emin=10.89366218, Emax=225.28141798
realization 214 / 300 ... accepted 214. Emin=7.84689556, Emax=225.98331058
realization 215 / 300 ... accepted 215. Emin=16.08430754, Emax=227.20281025
realization 216 / 300 ... accepted 216. Emin=-4.67549006, Emax=216.19426666
realization 217 / 300 ... accepted 217. Emin=1.52015949, Emax=211.15941163
realization 218 / 300 ... accepted 218. Emin=-11.33295758, Emax=196.83326288
realization 219 / 300 ... accepted 219. Emin=14.82347734, Emax=221.22956752
realization 220 / 300 ... accepted 220. Emin=-31.24575294, Emax=175.03036867
realization 221 / 300 ... accepted 221. Emin=2.47156580, Emax=231.21488796
realization 222 / 300 ... accepted 222. Emin=-6.55536320, Emax=222.34951053
realization 223 / 300 ... accepted 223. Emin=20.24189789, Emax=227.06630869
realization 224 / 300 ... accepted 224. Emin=-24.18219250, Emax=191.32835206
realization 225 / 300 ... accepted 225. Emin=16.73497670, Emax=229.57637762
realization 226 / 300 ... accepted 226. Emin=-27.59400358, Emax=186.01860396
realization 227 / 300 ... accepted 227. Emin=-0.94151976, Emax=227.20641348
realization 228 / 300 ... accepted 228. Emin=-19.72880822, Emax=185.44949722
realization 229 / 300 ... accepted 229. Emin=-6.13336637, Emax=216.49152524
realization 230 / 300 ... accepted 230. Emin=8.68743042, Emax=234.98165806
realization 231 / 300 ... accepted 231. Emin=-20.86873259, Emax=186.77140673
realization 232 / 300 ... accepted 232. Emin=0.40327348, Emax=230.13766962
realization 233 / 300 ... accepted 233. Emin=-13.84069680, Emax=191.74385099
realization 234 / 300 ... accepted 234. Emin=20.90112816, Emax=216.28032045
realization 235 / 300 ... accepted 235. Emin=-27.88908556, Emax=178.91311509
realization 236 / 300 ... accepted 236. Emin=23.82055120, Emax=226.97049284
realization 237 / 300 ... accepted 237. Emin=-5.25160628, Emax=214.20044540
realization 238 / 300 ... accepted 238. Emin=13.10195737, Emax=235.45621571
realization 239 / 300 ... accepted 239. Emin=-5.47768115, Emax=207.86327787
realization 240 / 300 ... accepted 240. Emin=-23.76551865, Emax=193.67782058
realization 241 / 300 ... accepted 241. Emin=-2.01642637, Emax=222.21322284
realization 242 / 300 ... accepted 242. Emin=36.01592277, Emax=245.43414040
realization 243 / 300 ... accepted 243. Emin=-7.43522548, Emax=223.59331527
realization 244 / 300 ... accepted 244. Emin=-30.03472769, Emax=177.29581843
realization 245 / 300 ... accepted 245. Emin=9.67609179, Emax=223.97889909
realization 246 / 300 ... accepted 246. Emin=-16.39244255, Emax=212.63836440
realization 247 / 300 ... accepted 247. Emin=-14.20596049, Emax=208.27494279
realization 248 / 300 ... accepted 248. Emin=-15.37582765, Emax=202.75565910
realization 249 / 300 ... accepted 249. Emin=-21.94586027, Emax=188.09046904
realization 250 / 300 ... accepted 250. Emin=-57.93714898, Emax=128.73414310
realization 251 / 300 ... accepted 251. Emin=25.10627017, Emax=232.84219510
realization 252 / 300 ... accepted 252. Emin=1.19352827, Emax=224.65988754
realization 253 / 300 ... accepted 253. Emin=-0.72140094, Emax=217.21643606
realization 254 / 300 ... accepted 254. Emin=3.27524203, Emax=205.07153330
realization 255 / 300 ... accepted 255. Emin=28.92768419, Emax=233.63729903
realization 256 / 300 ... accepted 256. Emin=5.10815442, Emax=222.61646067
realization 257 / 300 ... accepted 257. Emin=36.89583454, Emax=247.57159008
realization 258 / 300 ... accepted 258. Emin=-15.24230027, Emax=206.65079881
realization 259 / 300 ... accepted 259. Emin=6.15339230, Emax=240.58984638
realization 260 / 300 ... accepted 260. Emin=-46.83865821, Emax=150.52718681
realization 261 / 300 ... accepted 261. Emin=9.03257035, Emax=232.68445281
realization 262 / 300 ... accepted 262. Emin=-1.37100143, Emax=214.41978138
realization 263 / 300 ... accepted 263. Emin=10.52064961, Emax=229.33195319
realization 264 / 300 ... accepted 264. Emin=7.80981098, Emax=216.83193759
realization 265 / 300 ... accepted 265. Emin=-4.03696559, Emax=216.98590538
realization 266 / 300 ... accepted 266. Emin=-38.66431984, Emax=166.19943030
realization 267 / 300 ... accepted 267. Emin=10.57887999, Emax=226.37402029
realization 268 / 300 ... accepted 268. Emin=20.46564459, Emax=230.19096577
realization 269 / 300 ... accepted 269. Emin=-12.80638389, Emax=202.52368833
realization 270 / 300 ... accepted 270. Emin=-8.94285771, Emax=212.99812127
realization 271 / 300 ... accepted 271. Emin=10.42866134, Emax=222.74468758
realization 272 / 300 ... accepted 272. Emin=36.84313485, Emax=250.89738852
realization 273 / 300 ... accepted 273. Emin=-10.79679676, Emax=209.88336229
realization 274 / 300 ... accepted 274. Emin=-27.22852984, Emax=180.70152717
realization 275 / 300 ... accepted 275. Emin=-20.67921114, Emax=192.04201971
realization 276 / 300 ... accepted 276. Emin=-0.65000553, Emax=214.38526335
realization 277 / 300 ... accepted 277. Emin=9.08179620, Emax=233.43994430
realization 278 / 300 ... accepted 278. Emin=-7.86506369, Emax=188.88232142
realization 279 / 300 ... accepted 279. Emin=-7.20627624, Emax=213.50873427
realization 280 / 300 ... accepted 280. Emin=-0.01853722, Emax=230.90032396
realization 281 / 300 ... accepted 281. Emin=-4.20753474, Emax=209.71537512
realization 282 / 300 ... accepted 282. Emin=-11.19793391, Emax=204.26565815
realization 283 / 300 ... accepted 283. Emin=-19.34437370, Emax=195.36289484
realization 284 / 300 ... accepted 284. Emin=36.24453085, Emax=233.04996407
realization 285 / 300 ... accepted 285. Emin=11.49846227, Emax=252.78588066
realization 286 / 300 ... accepted 286. Emin=42.32851026, Emax=248.49721502
realization 287 / 300 ... accepted 287. Emin=-13.08916472, Emax=214.89855523
realization 288 / 300 ... accepted 288. Emin=-30.49835195, Emax=172.32057097
realization 289 / 300 ... accepted 289. Emin=-21.89563813, Emax=187.86728050
realization 290 / 300 ... accepted 290. Emin=-13.01662977, Emax=208.20890537
realization 291 / 300 ... accepted 291. Emin=16.96300027, Emax=240.43766874
realization 292 / 300 ... accepted 292. Emin=6.81179340, Emax=230.73651896
realization 293 / 300 ... accepted 293. Emin=-12.11701721, Emax=202.03630979
realization 294 / 300 ... accepted 294. Emin=7.50294689, Emax=247.57523529
realization 295 / 300 ... accepted 295. Emin=25.54261667, Emax=243.72787252
realization 296 / 300 ... accepted 296. Emin=32.97523300, Emax=237.42853882
realization 297 / 300 ... accepted 297. Emin=36.18970329, Emax=245.04880079
realization 298 / 300 ... accepted 298. Emin=11.55559887, Emax=224.17692942
realization 299 / 300 ... accepted 299. Emin=-17.73825654, Emax=185.95398502
realization 300 / 300 ... accepted 300. Emin=-23.21664911, Emax=193.99662208
Saved final energies: /home/2/kj405942/POLFED_bosons/pbs_bose_legacy_nmax2_periodic/data/U_30/W_13/L_6/N_6_nmax_2/boundary_periodic/energies_full_U30_L6_N6_nmax2_W13_boundaryperiodic_nreal300.txt
Accepted realizations: 300 / 300
Skipped realizations: 0
Job finished at Sun May 31 17:14:02 UTC 2026
