Job started on w31 at Sun May 31 17:11:40 UTC 2026
PBS_JOBID=7731518.kruk-host.ift-klaster.lan
PBS_O_WORKDIR=/home/2/kj405942/POLFED_bosons
Bose-Hubbard: L=6, N=6, nmax=2, dim=141
t=1, U=30, W=14, nreal=300, boundary=periodic, mode=full
Writing partial results to /home/2/kj405942/POLFED_bosons/pbs_bose_legacy_nmax2_periodic/data/U_30/W_14/L_6/N_6_nmax_2/boundary_periodic/energies_full_U30_L6_N6_nmax2_W14_boundaryperiodic_nreal300_partial.txt
realization 1 / 300 ... accepted 1. Emin=-8.31589527, Emax=232.79458608
realization 2 / 300 ... accepted 2. Emin=-19.65434576, Emax=191.99864257
realization 3 / 300 ... accepted 3. Emin=-19.83348010, Emax=197.06221688
realization 4 / 300 ... accepted 4. Emin=17.31047662, Emax=217.88024381
realization 5 / 300 ... accepted 5. Emin=9.83069572, Emax=215.14446757
realization 6 / 300 ... accepted 6. Emin=21.92696093, Emax=237.23878421
realization 7 / 300 ... accepted 7. Emin=2.21287036, Emax=230.43752131
realization 8 / 300 ... accepted 8. Emin=-12.01085997, Emax=207.02483453
realization 9 / 300 ... accepted 9. Emin=37.00331911, Emax=243.30904218
realization 10 / 300 ... accepted 10. Emin=25.67707355, Emax=237.07565908
realization 11 / 300 ... accepted 11. Emin=4.21150015, Emax=223.16658906
realization 12 / 300 ... accepted 12. Emin=-10.18367505, Emax=197.65377501
realization 13 / 300 ... accepted 13. Emin=-10.97382794, Emax=208.72716219
realization 14 / 300 ... accepted 14. Emin=-23.05826530, Emax=183.81004893
realization 15 / 300 ... accepted 15. Emin=-13.12469372, Emax=209.09938188
realization 16 / 300 ... accepted 16. Emin=12.75413928, Emax=228.08175461
realization 17 / 300 ... accepted 17. Emin=10.81508457, Emax=223.29311129
realization 18 / 300 ... accepted 18. Emin=39.96597841, Emax=253.52000401
realization 19 / 300 ... accepted 19. Emin=-18.63971700, Emax=205.65047575
realization 20 / 300 ... accepted 20. Emin=-31.27989846, Emax=181.01357325
realization 21 / 300 ... accepted 21. Emin=6.05655650, Emax=232.18519907
realization 22 / 300 ... accepted 22. Emin=17.75401184, Emax=230.69351222
realization 23 / 300 ... accepted 23. Emin=11.02427405, Emax=232.58252542
realization 24 / 300 ... accepted 24. Emin=-2.54641396, Emax=219.45167236
realization 25 / 300 ... accepted 25. Emin=9.62927217, Emax=225.95669088
realization 26 / 300 ... accepted 26. Emin=-11.20856134, Emax=226.18911450
realization 27 / 300 ... accepted 27. Emin=39.14340788, Emax=243.79144225
realization 28 / 300 ... accepted 28. Emin=-3.93844998, Emax=218.98068532
realization 29 / 300 ... accepted 29. Emin=-1.70539923, Emax=216.67078250
realization 30 / 300 ... accepted 30. Emin=32.15797576, Emax=242.96574541
realization 31 / 300 ... accepted 31. Emin=-4.71595833, Emax=216.01260963
realization 32 / 300 ... accepted 32. Emin=28.48862971, Emax=242.15637574
realization 33 / 300 ... accepted 33. Emin=35.54974851, Emax=251.94677360
realization 34 / 300 ... accepted 34. Emin=22.08605523, Emax=231.52658890
realization 35 / 300 ... accepted 35. Emin=-8.04502067, Emax=206.29920000
realization 36 / 300 ... accepted 36. Emin=-4.34060413, Emax=217.14868277
realization 37 / 300 ... accepted 37. Emin=-29.19675593, Emax=182.72431190
realization 38 / 300 ... accepted 38. Emin=-20.96289833, Emax=177.99130414
realization 39 / 300 ... accepted 39. Emin=8.99746690, Emax=234.62367335
realization 40 / 300 ... accepted 40. Emin=-23.20660381, Emax=203.76446651
realization 41 / 300 ... accepted 41. Emin=-8.56047495, Emax=196.66170979
realization 42 / 300 ... accepted 42. Emin=-7.39563808, Emax=208.82020455
realization 43 / 300 ... accepted 43. Emin=17.75685414, Emax=216.44434097
realization 44 / 300 ... accepted 44. Emin=-13.80803504, Emax=213.76377909
realization 45 / 300 ... accepted 45. Emin=-13.70373035, Emax=223.47132203
realization 46 / 300 ... accepted 46. Emin=26.27505352, Emax=233.14826670
realization 47 / 300 ... accepted 47. Emin=-18.78271668, Emax=218.15296950
realization 48 / 300 ... accepted 48. Emin=24.93796576, Emax=234.32333175
realization 49 / 300 ... accepted 49. Emin=1.33567354, Emax=216.10797203
realization 50 / 300 ... accepted 50. Emin=5.30978430, Emax=220.94770852
realization 51 / 300 ... accepted 51. Emin=-34.62696380, Emax=177.82079704
realization 52 / 300 ... accepted 52. Emin=-6.65486197, Emax=226.29767844
realization 53 / 300 ... accepted 53. Emin=-40.31016819, Emax=164.57383832
realization 54 / 300 ... accepted 54. Emin=-5.32237699, Emax=209.22421538
realization 55 / 300 ... accepted 55. Emin=-30.21534498, Emax=185.62533736
realization 56 / 300 ... accepted 56. Emin=5.07060636, Emax=218.18650454
realization 57 / 300 ... accepted 57. Emin=-27.96553608, Emax=180.81637610
realization 58 / 300 ... accepted 58. Emin=39.60481629, Emax=247.17824401
realization 59 / 300 ... accepted 59. Emin=-1.37491019, Emax=244.25090450
realization 60 / 300 ... accepted 60. Emin=10.78765502, Emax=249.81417850
realization 61 / 300 ... accepted 61. Emin=4.79890797, Emax=236.87039089
realization 62 / 300 ... accepted 62. Emin=56.24201521, Emax=250.69580602
realization 63 / 300 ... accepted 63. Emin=-12.53062826, Emax=201.24159329
realization 64 / 300 ... accepted 64. Emin=4.24629484, Emax=225.38720245
realization 65 / 300 ... accepted 65. Emin=3.10737914, Emax=213.20105698
realization 66 / 300 ... accepted 66. Emin=-35.10999046, Emax=170.26780326
realization 67 / 300 ... accepted 67. Emin=-15.32148104, Emax=212.52834317
realization 68 / 300 ... accepted 68. Emin=19.06066546, Emax=216.70004918
realization 69 / 300 ... accepted 69. Emin=-6.84288585, Emax=204.55025084
realization 70 / 300 ... accepted 70. Emin=10.43721025, Emax=218.16292847
realization 71 / 300 ... accepted 71. Emin=-6.15563511, Emax=199.12584298
realization 72 / 300 ... accepted 72. Emin=36.04088522, Emax=246.00252093
realization 73 / 300 ... accepted 73. Emin=48.36109958, Emax=247.31709684
realization 74 / 300 ... accepted 74. Emin=23.11967516, Emax=238.92910571
realization 75 / 300 ... accepted 75. Emin=-10.66372255, Emax=204.29085123
realization 76 / 300 ... accepted 76. Emin=-17.56002776, Emax=198.97209354
realization 77 / 300 ... accepted 77. Emin=-31.40608820, Emax=175.66192662
realization 78 / 300 ... accepted 78. Emin=7.85279065, Emax=233.89418672
realization 79 / 300 ... accepted 79. Emin=-10.42872580, Emax=220.87312589
realization 80 / 300 ... accepted 80. Emin=26.08389733, Emax=231.59283261
realization 81 / 300 ... accepted 81. Emin=40.62373781, Emax=249.81949593
realization 82 / 300 ... accepted 82. Emin=-40.64526267, Emax=162.15676760
realization 83 / 300 ... accepted 83. Emin=15.55816221, Emax=228.24870438
realization 84 / 300 ... accepted 84. Emin=10.68176128, Emax=236.80796654
realization 85 / 300 ... accepted 85. Emin=19.48055285, Emax=237.01416501
realization 86 / 300 ... accepted 86. Emin=-4.14546065, Emax=211.59888254
realization 87 / 300 ... accepted 87. Emin=12.24255796, Emax=228.66340692
realization 88 / 300 ... accepted 88. Emin=12.36628163, Emax=237.47655229
realization 89 / 300 ... accepted 89. Emin=-14.65174316, Emax=211.77600401
realization 90 / 300 ... accepted 90. Emin=1.61388741, Emax=244.50026774
realization 91 / 300 ... accepted 91. Emin=31.57467659, Emax=252.89776754
realization 92 / 300 ... accepted 92. Emin=-10.61027223, Emax=197.90379278
realization 93 / 300 ... accepted 93. Emin=21.20646044, Emax=225.60428719
realization 94 / 300 ... accepted 94. Emin=30.20201447, Emax=244.80483797
realization 95 / 300 ... accepted 95. Emin=16.54509787, Emax=211.05711054
realization 96 / 300 ... accepted 96. Emin=-2.71256107, Emax=222.00489741
realization 97 / 300 ... accepted 97. Emin=-26.91953331, Emax=198.05260178
realization 98 / 300 ... accepted 98. Emin=1.13803710, Emax=225.59021092
realization 99 / 300 ... accepted 99. Emin=2.42387692, Emax=222.94039304
realization 100 / 300 ... accepted 100. Emin=13.53895640, Emax=210.23722922
realization 101 / 300 ... accepted 101. Emin=-28.73970768, Emax=179.51601430
realization 102 / 300 ... accepted 102. Emin=-36.19346137, Emax=185.01325900
realization 103 / 300 ... accepted 103. Emin=1.62823029, Emax=221.59658652
realization 104 / 300 ... accepted 104. Emin=-11.42450603, Emax=205.23199745
realization 105 / 300 ... accepted 105. Emin=-37.25310042, Emax=171.22645115
realization 106 / 300 ... accepted 106. Emin=0.95415621, Emax=228.35764440
realization 107 / 300 ... accepted 107. Emin=-18.92117096, Emax=190.11103574
realization 108 / 300 ... accepted 108. Emin=23.96704192, Emax=231.10438713
realization 109 / 300 ... accepted 109. Emin=1.52323023, Emax=215.34295642
realization 110 / 300 ... accepted 110. Emin=-0.36164398, Emax=228.73288671
realization 111 / 300 ... accepted 111. Emin=20.18478557, Emax=236.69749536
realization 112 / 300 ... accepted 112. Emin=7.40407554, Emax=224.80295470
realization 113 / 300 ... accepted 113. Emin=15.76372415, Emax=234.69024159
realization 114 / 300 ... accepted 114. Emin=15.12710119, Emax=210.68858926
realization 115 / 300 ... accepted 115. Emin=2.63960510, Emax=208.74171837
realization 116 / 300 ... accepted 116. Emin=-12.97406376, Emax=209.11441045
realization 117 / 300 ... accepted 117. Emin=-10.68770224, Emax=195.73407732
realization 118 / 300 ... accepted 118. Emin=-19.26299033, Emax=193.52215659
realization 119 / 300 ... accepted 119. Emin=10.40531399, Emax=237.47348763
realization 120 / 300 ... accepted 120. Emin=-13.02134004, Emax=210.68637097
realization 121 / 300 ... accepted 121. Emin=-7.80209791, Emax=222.91953239
realization 122 / 300 ... accepted 122. Emin=45.31902251, Emax=246.74431375
realization 123 / 300 ... accepted 123. Emin=12.16263758, Emax=215.17315408
realization 124 / 300 ... accepted 124. Emin=5.59165352, Emax=212.92317195
realization 125 / 300 ... accepted 125. Emin=1.39178826, Emax=210.31906280
realization 126 / 300 ... accepted 126. Emin=-2.64069513, Emax=203.48076885
realization 127 / 300 ... accepted 127. Emin=-19.82569357, Emax=195.75073269
realization 128 / 300 ... accepted 128. Emin=0.18015826, Emax=222.53819813
realization 129 / 300 ... accepted 129. Emin=-6.32444356, Emax=229.28550342
realization 130 / 300 ... accepted 130. Emin=12.23174188, Emax=237.17682070
realization 131 / 300 ... accepted 131. Emin=-22.03081034, Emax=206.43349293
realization 132 / 300 ... accepted 132. Emin=-3.94967519, Emax=217.95828757
realization 133 / 300 ... accepted 133. Emin=2.55499749, Emax=210.25545505
realization 134 / 300 ... accepted 134. Emin=-0.39312331, Emax=224.97162905
realization 135 / 300 ... accepted 135. Emin=4.56995020, Emax=221.73282544
realization 136 / 300 ... accepted 136. Emin=-3.82218989, Emax=217.18294905
realization 137 / 300 ... accepted 137. Emin=28.28872939, Emax=247.63159379
realization 138 / 300 ... accepted 138. Emin=45.26407369, Emax=245.47024546
realization 139 / 300 ... accepted 139. Emin=-13.29682352, Emax=209.16991277
realization 140 / 300 ... accepted 140. Emin=-5.96883234, Emax=205.26748499
realization 141 / 300 ... accepted 141. Emin=-2.01464439, Emax=210.18850600
realization 142 / 300 ... accepted 142. Emin=-14.76631640, Emax=216.85152595
realization 143 / 300 ... accepted 143. Emin=-48.41816461, Emax=155.78315574
realization 144 / 300 ... accepted 144. Emin=12.07684854, Emax=229.79632108
realization 145 / 300 ... accepted 145. Emin=27.02398148, Emax=246.78053797
realization 146 / 300 ... accepted 146. Emin=27.83130500, Emax=240.71056253
realization 147 / 300 ... accepted 147. Emin=1.36140855, Emax=238.97921087
realization 148 / 300 ... accepted 148. Emin=-8.18972425, Emax=209.52406811
realization 149 / 300 ... accepted 149. Emin=9.91730445, Emax=225.95520343
realization 150 / 300 ... accepted 150. Emin=1.59497209, Emax=235.74211042
realization 151 / 300 ... accepted 151. Emin=-6.92897449, Emax=211.04261250
realization 152 / 300 ... accepted 152. Emin=1.04187778, Emax=217.33251857
realization 153 / 300 ... accepted 153. Emin=28.63389540, Emax=245.43113373
realization 154 / 300 ... accepted 154. Emin=-14.80399593, Emax=212.39603811
realization 155 / 300 ... accepted 155. Emin=-0.29960800, Emax=216.56551630
realization 156 / 300 ... accepted 156. Emin=6.38332580, Emax=220.51397077
realization 157 / 300 ... accepted 157. Emin=-12.15557923, Emax=195.64658727
realization 158 / 300 ... accepted 158. Emin=-23.21518831, Emax=189.31336085
realization 159 / 300 ... accepted 159. Emin=20.24922883, Emax=245.31479705
realization 160 / 300 ... accepted 160. Emin=-8.39155069, Emax=214.28648938
realization 161 / 300 ... accepted 161. Emin=-3.13546048, Emax=195.48507612
realization 162 / 300 ... accepted 162. Emin=-1.07074664, Emax=221.66869107
realization 163 / 300 ... accepted 163. Emin=12.31730388, Emax=223.66820289
realization 164 / 300 ... accepted 164. Emin=-6.07921515, Emax=198.82116986
realization 165 / 300 ... accepted 165. Emin=-16.87841598, Emax=207.90365061
realization 166 / 300 ... accepted 166. Emin=10.60856928, Emax=222.69397342
realization 167 / 300 ... accepted 167. Emin=-33.66681147, Emax=176.28600076
realization 168 / 300 ... accepted 168. Emin=-11.21907877, Emax=202.91196837
realization 169 / 300 ... accepted 169. Emin=7.99347189, Emax=244.89425158
realization 170 / 300 ... accepted 170. Emin=3.48272069, Emax=220.96297740
realization 171 / 300 ... accepted 171. Emin=15.81552813, Emax=230.36878765
realization 172 / 300 ... accepted 172. Emin=-45.06426020, Emax=153.12357570
realization 173 / 300 ... accepted 173. Emin=40.31283532, Emax=257.60043001
realization 174 / 300 ... accepted 174. Emin=6.08389418, Emax=220.11389835
realization 175 / 300 ... accepted 175. Emin=-3.75871159, Emax=225.38939158
realization 176 / 300 ... accepted 176. Emin=-5.83662108, Emax=215.94244069
realization 177 / 300 ... accepted 177. Emin=30.20303632, Emax=238.92827377
realization 178 / 300 ... accepted 178. Emin=-4.30276539, Emax=216.97239398
realization 179 / 300 ... accepted 179. Emin=-7.66534518, Emax=207.74334565
realization 180 / 300 ... accepted 180. Emin=16.40058906, Emax=228.26632276
realization 181 / 300 ... accepted 181. Emin=16.40739545, Emax=212.49533596
realization 182 / 300 ... accepted 182. Emin=-18.52287308, Emax=196.90302103
realization 183 / 300 ... accepted 183. Emin=-5.36819836, Emax=205.62474222
realization 184 / 300 ... accepted 184. Emin=13.62928191, Emax=233.83565447
realization 185 / 300 ... accepted 185. Emin=-28.45140105, Emax=185.04427206
realization 186 / 300 ... accepted 186. Emin=0.65645841, Emax=240.77890714
realization 187 / 300 ... accepted 187. Emin=-19.45413076, Emax=190.54055211
realization 188 / 300 ... accepted 188. Emin=-29.21372202, Emax=179.56040246
realization 189 / 300 ... accepted 189. Emin=-17.72525320, Emax=202.33879089
realization 190 / 300 ... accepted 190. Emin=-19.56535900, Emax=194.58463311
realization 191 / 300 ... accepted 191. Emin=6.86970810, Emax=214.63381785
realization 192 / 300 ... accepted 192. Emin=39.12917327, Emax=254.63761068
realization 193 / 300 ... accepted 193. Emin=13.52523294, Emax=222.45492012
realization 194 / 300 ... accepted 194. Emin=-24.86395741, Emax=179.47426895
realization 195 / 300 ... accepted 195. Emin=-10.51322219, Emax=199.78123415
realization 196 / 300 ... accepted 196. Emin=-24.02063522, Emax=177.13597571
realization 197 / 300 ... accepted 197. Emin=-5.44226376, Emax=232.15176387
realization 198 / 300 ... accepted 198. Emin=-7.71900912, Emax=220.79484512
realization 199 / 300 ... accepted 199. Emin=-5.26769878, Emax=213.68524384
realization 200 / 300 ... accepted 200. Emin=6.72310521, Emax=222.14475121
realization 201 / 300 ... accepted 201. Emin=0.59784910, Emax=204.67441213
realization 202 / 300 ... accepted 202. Emin=21.01776370, Emax=240.29623767
realization 203 / 300 ... accepted 203. Emin=25.12828437, Emax=239.34519465
realization 204 / 300 ... accepted 204. Emin=-5.83883165, Emax=230.66843947
realization 205 / 300 ... accepted 205. Emin=-22.13326614, Emax=189.45247586
realization 206 / 300 ... accepted 206. Emin=2.47942395, Emax=217.23555291
realization 207 / 300 ... accepted 207. Emin=-1.09935008, Emax=221.12416675
realization 208 / 300 ... accepted 208. Emin=-2.90969755, Emax=192.17755101
realization 209 / 300 ... accepted 209. Emin=16.62070003, Emax=246.04518780
realization 210 / 300 ... accepted 210. Emin=46.25625907, Emax=256.70722748
realization 211 / 300 ... accepted 211. Emin=21.81936834, Emax=240.76239379
realization 212 / 300 ... accepted 212. Emin=13.98999600, Emax=233.92216135
realization 213 / 300 ... accepted 213. Emin=25.68227101, Emax=224.36129024
realization 214 / 300 ... accepted 214. Emin=-30.24722350, Emax=173.64984922
realization 215 / 300 ... accepted 215. Emin=-0.42476146, Emax=198.72938531
realization 216 / 300 ... accepted 216. Emin=-4.30192635, Emax=213.10236816
realization 217 / 300 ... accepted 217. Emin=14.83258237, Emax=239.23909437
realization 218 / 300 ... accepted 218. Emin=-6.99880195, Emax=222.31474692
realization 219 / 300 ... accepted 219. Emin=33.34662079, Emax=234.89123730
realization 220 / 300 ... accepted 220. Emin=-0.05910151, Emax=200.27826976
realization 221 / 300 ... accepted 221. Emin=-2.81471981, Emax=203.07700658
realization 222 / 300 ... accepted 222. Emin=-24.25668562, Emax=189.71616273
realization 223 / 300 ... accepted 223. Emin=19.30561695, Emax=253.36998772
realization 224 / 300 ... accepted 224. Emin=16.06888941, Emax=229.59146778
realization 225 / 300 ... accepted 225. Emin=-23.52280726, Emax=188.35068077
realization 226 / 300 ... accepted 226. Emin=35.15484757, Emax=236.88230860
realization 227 / 300 ... accepted 227. Emin=-20.21698457, Emax=197.19910389
realization 228 / 300 ... accepted 228. Emin=-11.50564197, Emax=211.64988285
realization 229 / 300 ... accepted 229. Emin=-5.88030681, Emax=233.04411697
realization 230 / 300 ... accepted 230. Emin=34.19106935, Emax=250.82417841
realization 231 / 300 ... accepted 231. Emin=-7.28407451, Emax=226.35945635
realization 232 / 300 ... accepted 232. Emin=11.71731270, Emax=233.07057788
realization 233 / 300 ... accepted 233. Emin=-19.92005425, Emax=190.67535114
realization 234 / 300 ... accepted 234. Emin=30.79930627, Emax=242.87314429
realization 235 / 300 ... accepted 235. Emin=14.81964304, Emax=244.21047990
realization 236 / 300 ... accepted 236. Emin=14.53068918, Emax=227.36830747
realization 237 / 300 ... accepted 237. Emin=41.97530936, Emax=254.53572809
realization 238 / 300 ... accepted 238. Emin=-2.72787590, Emax=209.76711459
realization 239 / 300 ... accepted 239. Emin=-3.28689171, Emax=216.96524751
realization 240 / 300 ... accepted 240. Emin=-9.15751310, Emax=199.97448663
realization 241 / 300 ... accepted 241. Emin=-13.21087281, Emax=206.75426585
realization 242 / 300 ... accepted 242. Emin=-6.92165655, Emax=200.15529126
realization 243 / 300 ... accepted 243. Emin=-15.87425884, Emax=221.83939454
realization 244 / 300 ... accepted 244. Emin=18.49600795, Emax=235.08033074
realization 245 / 300 ... accepted 245. Emin=9.58431479, Emax=240.09909346
realization 246 / 300 ... accepted 246. Emin=-28.87114272, Emax=201.07774280
realization 247 / 300 ... accepted 247. Emin=-13.65011028, Emax=217.81830181
realization 248 / 300 ... accepted 248. Emin=0.64523348, Emax=220.57400188
realization 249 / 300 ... accepted 249. Emin=48.32643072, Emax=250.18491323
realization 250 / 300 ... accepted 250. Emin=1.76964166, Emax=230.54612966
realization 251 / 300 ... accepted 251. Emin=-6.07072958, Emax=207.14055905
realization 252 / 300 ... accepted 252. Emin=4.62220336, Emax=212.20810684
realization 253 / 300 ... accepted 253. Emin=37.42983095, Emax=250.33345464
realization 254 / 300 ... accepted 254. Emin=3.01668674, Emax=227.75778750
realization 255 / 300 ... accepted 255. Emin=26.69730643, Emax=236.83393853
realization 256 / 300 ... accepted 256. Emin=17.03064887, Emax=230.92306709
realization 257 / 300 ... accepted 257. Emin=-23.17584101, Emax=195.43141598
realization 258 / 300 ... accepted 258. Emin=-22.26921644, Emax=203.46229925
realization 259 / 300 ... accepted 259. Emin=0.82532419, Emax=225.06103295
realization 260 / 300 ... accepted 260. Emin=-24.21992085, Emax=204.52972252
realization 261 / 300 ... accepted 261. Emin=-11.43287018, Emax=214.97460757
realization 262 / 300 ... accepted 262. Emin=-6.53894147, Emax=215.76603494
realization 263 / 300 ... accepted 263. Emin=-29.49847478, Emax=191.06398491
realization 264 / 300 ... accepted 264. Emin=5.91624609, Emax=220.80453278
realization 265 / 300 ... accepted 265. Emin=-27.77214863, Emax=179.18117907
realization 266 / 300 ... accepted 266. Emin=36.79573571, Emax=241.71047186
realization 267 / 300 ... accepted 267. Emin=10.52183003, Emax=227.63226841
realization 268 / 300 ... accepted 268. Emin=23.64167382, Emax=239.92247499
realization 269 / 300 ... accepted 269. Emin=3.56731505, Emax=248.35894631
realization 270 / 300 ... accepted 270. Emin=3.66156158, Emax=207.00920559
realization 271 / 300 ... accepted 271. Emin=-40.39160404, Emax=169.79813426
realization 272 / 300 ... accepted 272. Emin=31.67142494, Emax=250.61226831
realization 273 / 300 ... accepted 273. Emin=-35.41287794, Emax=173.71151879
realization 274 / 300 ... accepted 274. Emin=7.53817201, Emax=210.93014314
realization 275 / 300 ... accepted 275. Emin=24.19584789, Emax=229.98047225
realization 276 / 300 ... accepted 276. Emin=-46.90274370, Emax=155.09681187
realization 277 / 300 ... accepted 277. Emin=10.78955442, Emax=230.96548992
realization 278 / 300 ... accepted 278. Emin=-15.07813303, Emax=215.88660918
realization 279 / 300 ... accepted 279. Emin=-1.39161254, Emax=222.29109890
realization 280 / 300 ... accepted 280. Emin=-4.48143672, Emax=201.86099360
realization 281 / 300 ... accepted 281. Emin=-19.95196655, Emax=196.17768258
realization 282 / 300 ... accepted 282. Emin=-4.08398708, Emax=200.79561632
realization 283 / 300 ... accepted 283. Emin=28.43558852, Emax=246.73510073
realization 284 / 300 ... accepted 284. Emin=7.99139611, Emax=213.26443469
realization 285 / 300 ... accepted 285. Emin=20.57641254, Emax=242.30276818
realization 286 / 300 ... accepted 286. Emin=17.58305202, Emax=223.69502120
realization 287 / 300 ... accepted 287. Emin=9.21698252, Emax=232.00115340
realization 288 / 300 ... accepted 288. Emin=-20.88470048, Emax=198.29233411
realization 289 / 300 ... accepted 289. Emin=-12.17695728, Emax=207.25139814
realization 290 / 300 ... accepted 290. Emin=-18.01956826, Emax=189.78475099
realization 291 / 300 ... accepted 291. Emin=-8.72518986, Emax=206.20988392
realization 292 / 300 ... accepted 292. Emin=15.44296713, Emax=233.27549506
realization 293 / 300 ... accepted 293. Emin=-13.46957846, Emax=183.40155290
realization 294 / 300 ... accepted 294. Emin=6.45882972, Emax=226.45595433
realization 295 / 300 ... accepted 295. Emin=3.50718872, Emax=228.01365814
realization 296 / 300 ... accepted 296. Emin=1.28430365, Emax=246.55591438
realization 297 / 300 ... accepted 297. Emin=-11.79612441, Emax=199.97211343
realization 298 / 300 ... accepted 298. Emin=3.06986634, Emax=218.07488744
realization 299 / 300 ... accepted 299. Emin=10.17321392, Emax=208.83072535
realization 300 / 300 ... accepted 300. Emin=-12.05219917, Emax=199.60423020
Saved final energies: /home/2/kj405942/POLFED_bosons/pbs_bose_legacy_nmax2_periodic/data/U_30/W_14/L_6/N_6_nmax_2/boundary_periodic/energies_full_U30_L6_N6_nmax2_W14_boundaryperiodic_nreal300.txt
Accepted realizations: 300 / 300
Skipped realizations: 0
Job finished at Sun May 31 17:14:02 UTC 2026
