Job started on w30 at Sun May 31 17:11:16 UTC 2026
PBS_JOBID=7731511.kruk-host.ift-klaster.lan
PBS_O_WORKDIR=/home/2/kj405942/POLFED_bosons
Bose-Hubbard: L=6, N=6, nmax=2, dim=141
t=1, U=30, W=7, nreal=300, boundary=periodic, mode=full
Writing partial results to /home/2/kj405942/POLFED_bosons/pbs_bose_legacy_nmax2_periodic/data/U_30/W_7/L_6/N_6_nmax_2/boundary_periodic/energies_full_U30_L6_N6_nmax2_W7_boundaryperiodic_nreal300_partial.txt
realization 1 / 300 ... accepted 1. Emin=-2.29934162, Emax=188.16591900
realization 2 / 300 ... accepted 2. Emin=-11.68573336, Emax=190.60196641
realization 3 / 300 ... accepted 3. Emin=-1.32645541, Emax=202.93021179
realization 4 / 300 ... accepted 4. Emin=9.02113098, Emax=211.38194921
realization 5 / 300 ... accepted 5. Emin=-0.44341798, Emax=196.44110166
realization 6 / 300 ... accepted 6. Emin=-12.37790057, Emax=193.27574077
realization 7 / 300 ... accepted 7. Emin=0.02410315, Emax=199.41858922
realization 8 / 300 ... accepted 8. Emin=-9.26189359, Emax=192.21660193
realization 9 / 300 ... accepted 9. Emin=10.70887564, Emax=206.56475374
realization 10 / 300 ... accepted 10. Emin=-8.04079332, Emax=197.69152340
realization 11 / 300 ... accepted 11. Emin=-2.40526655, Emax=191.65990163
realization 12 / 300 ... accepted 12. Emin=-0.77351933, Emax=206.11051804
realization 13 / 300 ... accepted 13. Emin=-0.42515265, Emax=195.10748998
realization 14 / 300 ... accepted 14. Emin=4.92281574, Emax=201.16934512
realization 15 / 300 ... accepted 15. Emin=-14.58463983, Emax=183.57854865
realization 16 / 300 ... accepted 16. Emin=4.39679659, Emax=203.06335045
realization 17 / 300 ... accepted 17. Emin=-6.78870060, Emax=186.13473854
realization 18 / 300 ... accepted 18. Emin=-19.36929279, Emax=179.75597862
realization 19 / 300 ... accepted 19. Emin=2.20740317, Emax=206.20031905
realization 20 / 300 ... accepted 20. Emin=-1.25068829, Emax=206.82772099
realization 21 / 300 ... accepted 21. Emin=2.33741405, Emax=204.33027229
realization 22 / 300 ... accepted 22. Emin=11.61667982, Emax=216.07501531
realization 23 / 300 ... accepted 23. Emin=13.32797839, Emax=208.88708626
realization 24 / 300 ... accepted 24. Emin=-7.59408597, Emax=184.29843538
realization 25 / 300 ... accepted 25. Emin=-4.84499922, Emax=193.09066874
realization 26 / 300 ... accepted 26. Emin=-16.88363851, Emax=174.40033069
realization 27 / 300 ... accepted 27. Emin=-9.93640475, Emax=183.64623879
realization 28 / 300 ... accepted 28. Emin=1.17470995, Emax=206.20200212
realization 29 / 300 ... accepted 29. Emin=5.13839100, Emax=208.31465266
realization 30 / 300 ... accepted 30. Emin=5.45453872, Emax=203.01399492
realization 31 / 300 ... accepted 31. Emin=5.00425431, Emax=207.60346021
realization 32 / 300 ... accepted 32. Emin=3.59454227, Emax=206.59952745
realization 33 / 300 ... accepted 33. Emin=-4.27215262, Emax=183.38529725
realization 34 / 300 ... accepted 34. Emin=1.66433593, Emax=205.98753706
realization 35 / 300 ... accepted 35. Emin=-14.45535831, Emax=181.47132599
realization 36 / 300 ... accepted 36. Emin=7.62184585, Emax=200.76350875
realization 37 / 300 ... accepted 37. Emin=-8.47665034, Emax=192.41227702
realization 38 / 300 ... accepted 38. Emin=-5.29675336, Emax=191.89816648
realization 39 / 300 ... accepted 39. Emin=5.51930430, Emax=207.00308508
realization 40 / 300 ... accepted 40. Emin=-16.27478737, Emax=172.91387639
realization 41 / 300 ... accepted 41. Emin=0.03926589, Emax=195.73111555
realization 42 / 300 ... accepted 42. Emin=3.59146042, Emax=203.88410702
realization 43 / 300 ... accepted 43. Emin=-6.66676823, Emax=191.59861929
realization 44 / 300 ... accepted 44. Emin=-0.70566516, Emax=193.93674061
realization 45 / 300 ... accepted 45. Emin=-16.19927621, Emax=179.12033473
realization 46 / 300 ... accepted 46. Emin=4.73385938, Emax=202.29016635
realization 47 / 300 ... accepted 47. Emin=-3.15577700, Emax=197.29731803
realization 48 / 300 ... accepted 48. Emin=-17.49333110, Emax=179.31248080
realization 49 / 300 ... accepted 49. Emin=-5.31501231, Emax=192.17626293
realization 50 / 300 ... accepted 50. Emin=3.12200253, Emax=201.20962434
realization 51 / 300 ... accepted 51. Emin=-1.14382248, Emax=201.10846237
realization 52 / 300 ... accepted 52. Emin=7.34995185, Emax=204.62094650
realization 53 / 300 ... accepted 53. Emin=-13.70297735, Emax=183.69254929
realization 54 / 300 ... accepted 54. Emin=-0.88406162, Emax=196.45113712
realization 55 / 300 ... accepted 55. Emin=-7.02240626, Emax=190.07542682
realization 56 / 300 ... accepted 56. Emin=-22.33831590, Emax=169.04611282
realization 57 / 300 ... accepted 57. Emin=10.01014351, Emax=211.90032399
realization 58 / 300 ... accepted 58. Emin=-4.49112052, Emax=195.03722951
realization 59 / 300 ... accepted 59. Emin=-11.27848529, Emax=186.34318492
realization 60 / 300 ... accepted 60. Emin=10.21700995, Emax=205.32185920
realization 61 / 300 ... accepted 61. Emin=-3.43648374, Emax=191.02386103
realization 62 / 300 ... accepted 62. Emin=-8.46962721, Emax=189.11497840
realization 63 / 300 ... accepted 63. Emin=7.38867280, Emax=210.67471374
realization 64 / 300 ... accepted 64. Emin=7.51584886, Emax=207.87975167
realization 65 / 300 ... accepted 65. Emin=-0.05284932, Emax=209.72546250
realization 66 / 300 ... accepted 66. Emin=-2.26251716, Emax=204.23945639
realization 67 / 300 ... accepted 67. Emin=-11.54885916, Emax=179.98155021
realization 68 / 300 ... accepted 68. Emin=-3.99973720, Emax=194.97701841
realization 69 / 300 ... accepted 69. Emin=-3.31662907, Emax=199.52706457
realization 70 / 300 ... accepted 70. Emin=0.21566912, Emax=206.54469415
realization 71 / 300 ... accepted 71. Emin=7.66818689, Emax=206.59412114
realization 72 / 300 ... accepted 72. Emin=-5.23187716, Emax=187.62011235
realization 73 / 300 ... accepted 73. Emin=-0.18309038, Emax=200.77377779
realization 74 / 300 ... accepted 74. Emin=10.96978524, Emax=212.32490487
realization 75 / 300 ... accepted 75. Emin=-2.88110743, Emax=198.46296329
realization 76 / 300 ... accepted 76. Emin=-1.06107556, Emax=196.87083803
realization 77 / 300 ... accepted 77. Emin=-3.60995459, Emax=206.28148242
realization 78 / 300 ... accepted 78. Emin=-1.69532146, Emax=199.61834929
realization 79 / 300 ... accepted 79. Emin=12.71334473, Emax=216.35747317
realization 80 / 300 ... accepted 80. Emin=1.65183813, Emax=208.03278651
realization 81 / 300 ... accepted 81. Emin=-1.61046816, Emax=193.07004329
realization 82 / 300 ... accepted 82. Emin=-2.30916493, Emax=198.56885575
realization 83 / 300 ... accepted 83. Emin=-4.89998101, Emax=196.02095622
realization 84 / 300 ... accepted 84. Emin=13.86536783, Emax=199.87773570
realization 85 / 300 ... accepted 85. Emin=-3.71604094, Emax=195.53913894
realization 86 / 300 ... accepted 86. Emin=5.86399706, Emax=199.63653975
realization 87 / 300 ... accepted 87. Emin=-22.02904346, Emax=173.83340339
realization 88 / 300 ... accepted 88. Emin=-3.57577964, Emax=203.83817597
realization 89 / 300 ... accepted 89. Emin=-5.30279994, Emax=196.21144948
realization 90 / 300 ... accepted 90. Emin=2.87558374, Emax=208.01446108
realization 91 / 300 ... accepted 91. Emin=1.49261139, Emax=202.69933515
realization 92 / 300 ... accepted 92. Emin=7.86842454, Emax=204.61079825
realization 93 / 300 ... accepted 93. Emin=12.24162102, Emax=205.76707420
realization 94 / 300 ... accepted 94. Emin=3.40075815, Emax=202.97339100
realization 95 / 300 ... accepted 95. Emin=5.87127804, Emax=203.68963346
realization 96 / 300 ... accepted 96. Emin=4.80087117, Emax=204.38970472
realization 97 / 300 ... accepted 97. Emin=5.23559163, Emax=198.22779205
realization 98 / 300 ... accepted 98. Emin=-5.22057673, Emax=197.55144052
realization 99 / 300 ... accepted 99. Emin=4.46151829, Emax=207.75927461
realization 100 / 300 ... accepted 100. Emin=-6.69672748, Emax=200.28831697
realization 101 / 300 ... accepted 101. Emin=-6.20357249, Emax=186.79942121
realization 102 / 300 ... accepted 102. Emin=0.82460010, Emax=200.96052896
realization 103 / 300 ... accepted 103. Emin=-9.69792944, Emax=186.50689493
realization 104 / 300 ... accepted 104. Emin=13.60108028, Emax=208.43911287
realization 105 / 300 ... accepted 105. Emin=7.07017293, Emax=204.63859025
realization 106 / 300 ... accepted 106. Emin=12.59897013, Emax=199.44720240
realization 107 / 300 ... accepted 107. Emin=-10.95798444, Emax=185.73488763
realization 108 / 300 ... accepted 108. Emin=-8.33295005, Emax=197.64370813
realization 109 / 300 ... accepted 109. Emin=1.65425198, Emax=199.95897014
realization 110 / 300 ... accepted 110. Emin=8.75934852, Emax=211.80700255
realization 111 / 300 ... accepted 111. Emin=-10.50254039, Emax=194.34953100
realization 112 / 300 ... accepted 112. Emin=12.42642136, Emax=210.21278392
realization 113 / 300 ... accepted 113. Emin=2.79851706, Emax=198.67605740
realization 114 / 300 ... accepted 114. Emin=-10.32559422, Emax=190.71963730
realization 115 / 300 ... accepted 115. Emin=7.65620684, Emax=207.34580390
realization 116 / 300 ... accepted 116. Emin=0.84852042, Emax=199.40895928
realization 117 / 300 ... accepted 117. Emin=-11.53103600, Emax=187.37154412
realization 118 / 300 ... accepted 118. Emin=-10.60530430, Emax=195.14298528
realization 119 / 300 ... accepted 119. Emin=3.99726497, Emax=203.99577686
realization 120 / 300 ... accepted 120. Emin=2.55574848, Emax=209.83761114
realization 121 / 300 ... accepted 121. Emin=-12.10113042, Emax=175.79412631
realization 122 / 300 ... accepted 122. Emin=-10.47921074, Emax=180.55503940
realization 123 / 300 ... accepted 123. Emin=4.53089821, Emax=200.05562440
realization 124 / 300 ... accepted 124. Emin=9.23101842, Emax=208.75219185
realization 125 / 300 ... accepted 125. Emin=-23.61875151, Emax=163.87563674
realization 126 / 300 ... accepted 126. Emin=-2.28865258, Emax=196.88912419
realization 127 / 300 ... accepted 127. Emin=1.35596441, Emax=210.89497020
realization 128 / 300 ... accepted 128. Emin=10.52953927, Emax=207.27767170
realization 129 / 300 ... accepted 129. Emin=-1.82062173, Emax=194.67974062
realization 130 / 300 ... accepted 130. Emin=6.37629305, Emax=202.21629361
realization 131 / 300 ... accepted 131. Emin=-6.92943957, Emax=189.23331770
realization 132 / 300 ... accepted 132. Emin=1.90641298, Emax=197.22378463
realization 133 / 300 ... accepted 133. Emin=-7.09985262, Emax=195.80837117
realization 134 / 300 ... accepted 134. Emin=-1.81362497, Emax=196.19873672
realization 135 / 300 ... accepted 135. Emin=12.92405038, Emax=205.70792280
realization 136 / 300 ... accepted 136. Emin=-9.44735493, Emax=197.20979887
realization 137 / 300 ... accepted 137. Emin=1.37491368, Emax=201.94063814
realization 138 / 300 ... accepted 138. Emin=6.74153334, Emax=203.08215492
realization 139 / 300 ... accepted 139. Emin=26.50737390, Emax=214.22368822
realization 140 / 300 ... accepted 140. Emin=8.79678753, Emax=210.64541670
realization 141 / 300 ... accepted 141. Emin=-0.23431272, Emax=208.40636085
realization 142 / 300 ... accepted 142. Emin=3.64093275, Emax=200.03137221
realization 143 / 300 ... accepted 143. Emin=2.94904148, Emax=210.35369084
realization 144 / 300 ... accepted 144. Emin=-8.76184598, Emax=193.73937765
realization 145 / 300 ... accepted 145. Emin=3.35575319, Emax=198.00755108
realization 146 / 300 ... accepted 146. Emin=-16.16458576, Emax=183.83215543
realization 147 / 300 ... accepted 147. Emin=4.47882305, Emax=212.87341761
realization 148 / 300 ... accepted 148. Emin=6.91012055, Emax=202.09455578
realization 149 / 300 ... accepted 149. Emin=-10.23438445, Emax=190.02194442
realization 150 / 300 ... accepted 150. Emin=-5.36899682, Emax=193.67328684
realization 151 / 300 ... accepted 151. Emin=11.81868030, Emax=209.94220668
realization 152 / 300 ... accepted 152. Emin=-12.93923276, Emax=184.26695145
realization 153 / 300 ... accepted 153. Emin=-8.48119364, Emax=188.78125638
realization 154 / 300 ... accepted 154. Emin=4.62200163, Emax=213.52136771
realization 155 / 300 ... accepted 155. Emin=-17.36877385, Emax=172.77336103
realization 156 / 300 ... accepted 156. Emin=-3.49522559, Emax=182.60607751
realization 157 / 300 ... accepted 157. Emin=3.45439329, Emax=195.52470314
realization 158 / 300 ... accepted 158. Emin=-14.86893854, Emax=180.83863213
realization 159 / 300 ... accepted 159. Emin=-4.13396381, Emax=193.73917792
realization 160 / 300 ... accepted 160. Emin=12.64743086, Emax=208.59579009
realization 161 / 300 ... accepted 161. Emin=-12.66130895, Emax=195.26356014
realization 162 / 300 ... accepted 162. Emin=6.23784774, Emax=203.59972152
realization 163 / 300 ... accepted 163. Emin=4.18462191, Emax=208.74540129
realization 164 / 300 ... accepted 164. Emin=2.70373546, Emax=207.07008204
realization 165 / 300 ... accepted 165. Emin=-1.18914519, Emax=197.64977088
realization 166 / 300 ... accepted 166. Emin=-2.80717473, Emax=203.63046850
realization 167 / 300 ... accepted 167. Emin=-9.38734259, Emax=194.82021405
realization 168 / 300 ... accepted 168. Emin=-0.74475762, Emax=198.94453669
realization 169 / 300 ... accepted 169. Emin=-2.28236229, Emax=188.93423435
realization 170 / 300 ... accepted 170. Emin=0.11323899, Emax=198.93445045
realization 171 / 300 ... accepted 171. Emin=-0.82902880, Emax=205.78841371
realization 172 / 300 ... accepted 172. Emin=13.75161522, Emax=216.34283008
realization 173 / 300 ... accepted 173. Emin=8.12126492, Emax=201.73060174
realization 174 / 300 ... accepted 174. Emin=-1.09214026, Emax=195.49175478
realization 175 / 300 ... accepted 175. Emin=4.21387152, Emax=207.87206414
realization 176 / 300 ... accepted 176. Emin=0.03697867, Emax=205.73653141
realization 177 / 300 ... accepted 177. Emin=16.06281077, Emax=210.42511042
realization 178 / 300 ... accepted 178. Emin=5.73561846, Emax=205.49519401
realization 179 / 300 ... accepted 179. Emin=-13.11966040, Emax=178.06536771
realization 180 / 300 ... accepted 180. Emin=0.60659889, Emax=213.66903523
realization 181 / 300 ... accepted 181. Emin=-1.83256999, Emax=197.11857550
realization 182 / 300 ... accepted 182. Emin=9.28510840, Emax=211.91578776
realization 183 / 300 ... accepted 183. Emin=-8.24794641, Emax=188.05764249
realization 184 / 300 ... accepted 184. Emin=4.29336228, Emax=202.48264146
realization 185 / 300 ... accepted 185. Emin=-6.67031406, Emax=195.12246555
realization 186 / 300 ... accepted 186. Emin=1.79193106, Emax=195.65531561
realization 187 / 300 ... accepted 187. Emin=7.09474997, Emax=205.06463915
realization 188 / 300 ... accepted 188. Emin=-2.24552208, Emax=190.56231595
realization 189 / 300 ... accepted 189. Emin=11.87914561, Emax=208.67045632
realization 190 / 300 ... accepted 190. Emin=-1.88119531, Emax=198.37169078
realization 191 / 300 ... accepted 191. Emin=4.79423560, Emax=208.21012434
realization 192 / 300 ... accepted 192. Emin=2.69309884, Emax=200.50612081
realization 193 / 300 ... accepted 193. Emin=12.18209767, Emax=203.62244195
realization 194 / 300 ... accepted 194. Emin=-13.09269559, Emax=184.18436008
realization 195 / 300 ... accepted 195. Emin=-7.55615677, Emax=195.16985038
realization 196 / 300 ... accepted 196. Emin=-6.92849143, Emax=201.97113412
realization 197 / 300 ... accepted 197. Emin=4.67991404, Emax=197.30793421
realization 198 / 300 ... accepted 198. Emin=-5.21984962, Emax=195.19507072
realization 199 / 300 ... accepted 199. Emin=-6.14707094, Emax=200.01756641
realization 200 / 300 ... accepted 200. Emin=3.21414393, Emax=199.76055647
realization 201 / 300 ... accepted 201. Emin=-5.33408939, Emax=196.18473702
realization 202 / 300 ... accepted 202. Emin=-6.34341713, Emax=187.75601872
realization 203 / 300 ... accepted 203. Emin=2.85930564, Emax=206.35917215
realization 204 / 300 ... accepted 204. Emin=8.70321330, Emax=199.55419915
realization 205 / 300 ... accepted 205. Emin=3.92134829, Emax=196.72382892
realization 206 / 300 ... accepted 206. Emin=8.00528738, Emax=209.70835905
realization 207 / 300 ... accepted 207. Emin=-0.29425253, Emax=203.04875239
realization 208 / 300 ... accepted 208. Emin=0.55248771, Emax=206.19610187
realization 209 / 300 ... accepted 209. Emin=8.69828524, Emax=200.70429980
realization 210 / 300 ... accepted 210. Emin=-2.30388258, Emax=202.41403324
realization 211 / 300 ... accepted 211. Emin=4.01243671, Emax=203.74302842
realization 212 / 300 ... accepted 212. Emin=3.44704278, Emax=205.56583717
realization 213 / 300 ... accepted 213. Emin=-12.27064660, Emax=185.52770498
realization 214 / 300 ... accepted 214. Emin=-20.01653227, Emax=171.14263149
realization 215 / 300 ... accepted 215. Emin=13.27622948, Emax=203.53942190
realization 216 / 300 ... accepted 216. Emin=11.25204090, Emax=214.73398510
realization 217 / 300 ... accepted 217. Emin=-3.75521560, Emax=192.62511004
realization 218 / 300 ... accepted 218. Emin=10.00312979, Emax=201.82841197
realization 219 / 300 ... accepted 219. Emin=1.02468704, Emax=205.28464044
realization 220 / 300 ... accepted 220. Emin=8.22413800, Emax=209.92645654
realization 221 / 300 ... accepted 221. Emin=-5.79225247, Emax=195.58827319
realization 222 / 300 ... accepted 222. Emin=-2.23951100, Emax=205.09033117
realization 223 / 300 ... accepted 223. Emin=11.65329645, Emax=214.96524252
realization 224 / 300 ... accepted 224. Emin=6.73792648, Emax=208.20426801
realization 225 / 300 ... accepted 225. Emin=2.60027732, Emax=207.76039426
realization 226 / 300 ... accepted 226. Emin=-18.07858173, Emax=181.76689833
realization 227 / 300 ... accepted 227. Emin=1.86110141, Emax=205.65029651
realization 228 / 300 ... accepted 228. Emin=-12.81960463, Emax=189.37910313
realization 229 / 300 ... accepted 229. Emin=-19.89086621, Emax=166.40683643
realization 230 / 300 ... accepted 230. Emin=-3.48250488, Emax=191.36649919
realization 231 / 300 ... accepted 231. Emin=-7.57005087, Emax=193.43036222
realization 232 / 300 ... accepted 232. Emin=3.86810031, Emax=206.43649671
realization 233 / 300 ... accepted 233. Emin=-12.83529809, Emax=188.80408688
realization 234 / 300 ... accepted 234. Emin=-1.77569316, Emax=199.43634452
realization 235 / 300 ... accepted 235. Emin=-17.09681095, Emax=177.40693650
realization 236 / 300 ... accepted 236. Emin=-7.60676290, Emax=196.90988635
realization 237 / 300 ... accepted 237. Emin=8.14280704, Emax=209.66148051
realization 238 / 300 ... accepted 238. Emin=7.14919068, Emax=196.51023080
realization 239 / 300 ... accepted 239. Emin=-9.82378502, Emax=186.81713696
realization 240 / 300 ... accepted 240. Emin=12.95261856, Emax=212.70214902
realization 241 / 300 ... accepted 241. Emin=-9.87694867, Emax=190.48609691
realization 242 / 300 ... accepted 242. Emin=-7.73810221, Emax=192.81007769
realization 243 / 300 ... accepted 243. Emin=-7.09434572, Emax=195.59224227
realization 244 / 300 ... accepted 244. Emin=2.63307646, Emax=199.73383570
realization 245 / 300 ... accepted 245. Emin=-8.55813459, Emax=187.29706091
realization 246 / 300 ... accepted 246. Emin=5.97125442, Emax=211.60868583
realization 247 / 300 ... accepted 247. Emin=-2.89769551, Emax=195.80501459
realization 248 / 300 ... accepted 248. Emin=-0.87005466, Emax=197.53877833
realization 249 / 300 ... accepted 249. Emin=-3.04637387, Emax=194.02681031
realization 250 / 300 ... accepted 250. Emin=-9.35041720, Emax=192.74043738
realization 251 / 300 ... accepted 251. Emin=7.34016397, Emax=209.49804910
realization 252 / 300 ... accepted 252. Emin=15.77248889, Emax=213.75547347
realization 253 / 300 ... accepted 253. Emin=-23.09544457, Emax=174.20953342
realization 254 / 300 ... accepted 254. Emin=0.42169433, Emax=200.84994740
realization 255 / 300 ... accepted 255. Emin=14.88314135, Emax=210.85726335
realization 256 / 300 ... accepted 256. Emin=-7.15956834, Emax=190.16318624
realization 257 / 300 ... accepted 257. Emin=10.75961526, Emax=202.11230765
realization 258 / 300 ... accepted 258. Emin=-6.42609602, Emax=195.12827879
realization 259 / 300 ... accepted 259. Emin=3.98080116, Emax=200.23934237
realization 260 / 300 ... accepted 260. Emin=-19.98771479, Emax=170.64983085
realization 261 / 300 ... accepted 261. Emin=-1.89083332, Emax=204.43398979
realization 262 / 300 ... accepted 262. Emin=-4.33368657, Emax=191.61544152
realization 263 / 300 ... accepted 263. Emin=4.22699372, Emax=198.36188145
realization 264 / 300 ... accepted 264. Emin=-2.37354579, Emax=199.88654415
realization 265 / 300 ... accepted 265. Emin=-2.55736355, Emax=197.98917018
realization 266 / 300 ... accepted 266. Emin=-4.80760484, Emax=193.81732357
realization 267 / 300 ... accepted 267. Emin=-10.94503005, Emax=190.86292692
realization 268 / 300 ... accepted 268. Emin=0.13928735, Emax=203.39762288
realization 269 / 300 ... accepted 269. Emin=-21.68328364, Emax=167.60364690
realization 270 / 300 ... accepted 270. Emin=-17.72284444, Emax=180.03253161
realization 271 / 300 ... accepted 271. Emin=-0.19063547, Emax=196.61134476
realization 272 / 300 ... accepted 272. Emin=5.03669477, Emax=203.38166853
realization 273 / 300 ... accepted 273. Emin=10.92364647, Emax=212.01584085
realization 274 / 300 ... accepted 274. Emin=2.17473577, Emax=198.72024469
realization 275 / 300 ... accepted 275. Emin=7.62855251, Emax=216.72587549
realization 276 / 300 ... accepted 276. Emin=-14.97994863, Emax=191.38046867
realization 277 / 300 ... accepted 277. Emin=-5.96155926, Emax=183.03428058
realization 278 / 300 ... accepted 278. Emin=-5.77090205, Emax=189.30446194
realization 279 / 300 ... accepted 279. Emin=-9.34406909, Emax=195.92662551
realization 280 / 300 ... accepted 280. Emin=16.31163309, Emax=209.47400405
realization 281 / 300 ... accepted 281. Emin=15.29644091, Emax=218.17082758
realization 282 / 300 ... accepted 282. Emin=-12.07066610, Emax=181.34885022
realization 283 / 300 ... accepted 283. Emin=-5.42626255, Emax=196.65601787
realization 284 / 300 ... accepted 284. Emin=0.46138647, Emax=194.41351860
realization 285 / 300 ... accepted 285. Emin=-11.18315540, Emax=187.70432618
realization 286 / 300 ... accepted 286. Emin=-0.03496485, Emax=198.36440072
realization 287 / 300 ... accepted 287. Emin=-9.51676257, Emax=187.34813606
realization 288 / 300 ... accepted 288. Emin=1.39338393, Emax=197.35529428
realization 289 / 300 ... accepted 289. Emin=1.86317653, Emax=212.48382937
realization 290 / 300 ... accepted 290. Emin=16.50861560, Emax=216.00906377
realization 291 / 300 ... accepted 291. Emin=2.44275443, Emax=207.95534216
realization 292 / 300 ... accepted 292. Emin=-2.28563736, Emax=194.01715579
realization 293 / 300 ... accepted 293. Emin=-3.72348089, Emax=187.83192382
realization 294 / 300 ... accepted 294. Emin=20.98047054, Emax=218.77779813
realization 295 / 300 ... accepted 295. Emin=-8.54512993, Emax=184.29598464
realization 296 / 300 ... accepted 296. Emin=-7.47623768, Emax=182.45880189
realization 297 / 300 ... accepted 297. Emin=24.09018099, Emax=218.13743736
realization 298 / 300 ... accepted 298. Emin=4.53252487, Emax=206.29571292
realization 299 / 300 ... accepted 299. Emin=19.01545814, Emax=207.28377710
realization 300 / 300 ... accepted 300. Emin=-7.10130523, Emax=187.19809570
Saved final energies: /home/2/kj405942/POLFED_bosons/pbs_bose_legacy_nmax2_periodic/data/U_30/W_7/L_6/N_6_nmax_2/boundary_periodic/energies_full_U30_L6_N6_nmax2_W7_boundaryperiodic_nreal300.txt
Accepted realizations: 300 / 300
Skipped realizations: 0
Job finished at Sun May 31 17:12:50 UTC 2026
