Job started on w30 at Sun May 31 17:11:13 UTC 2026
PBS_JOBID=7731507.kruk-host.ift-klaster.lan
PBS_O_WORKDIR=/home/2/kj405942/POLFED_bosons
Bose-Hubbard: L=6, N=6, nmax=2, dim=141
t=1, U=30, W=3, nreal=300, boundary=periodic, mode=full
Writing partial results to /home/2/kj405942/POLFED_bosons/pbs_bose_legacy_nmax2_periodic/data/U_30/W_3/L_6/N_6_nmax_2/boundary_periodic/energies_full_U30_L6_N6_nmax2_W3_boundaryperiodic_nreal300_partial.txt
realization 1 / 300 ... accepted 1. Emin=-1.89874766, Emax=188.22454334
realization 2 / 300 ... accepted 2. Emin=-5.74028671, Emax=180.71032811
realization 3 / 300 ... accepted 3. Emin=-5.97833891, Emax=180.84173770
realization 4 / 300 ... accepted 4. Emin=-7.08197668, Emax=182.51877537
realization 5 / 300 ... accepted 5. Emin=-1.14902008, Emax=187.10455976
realization 6 / 300 ... accepted 6. Emin=0.13472928, Emax=186.86399568
realization 7 / 300 ... accepted 7. Emin=-2.13051560, Emax=187.69351223
realization 8 / 300 ... accepted 8. Emin=7.38054380, Emax=195.99513215
realization 9 / 300 ... accepted 9. Emin=3.99709496, Emax=194.06085159
realization 10 / 300 ... accepted 10. Emin=4.09068744, Emax=192.62827211
realization 11 / 300 ... accepted 11. Emin=-5.92889639, Emax=181.08534984
realization 12 / 300 ... accepted 12. Emin=-0.00827431, Emax=186.69691409
realization 13 / 300 ... accepted 13. Emin=0.37933968, Emax=191.53777682
realization 14 / 300 ... accepted 14. Emin=-0.77273376, Emax=186.71504845
realization 15 / 300 ... accepted 15. Emin=2.41548016, Emax=189.61134101
realization 16 / 300 ... accepted 16. Emin=-4.73470103, Emax=184.83690974
realization 17 / 300 ... accepted 17. Emin=-2.38919203, Emax=188.11971997
realization 18 / 300 ... accepted 18. Emin=-0.63455017, Emax=192.80516036
realization 19 / 300 ... accepted 19. Emin=3.42292417, Emax=192.08754027
realization 20 / 300 ... accepted 20. Emin=3.09322962, Emax=194.84400146
realization 21 / 300 ... accepted 21. Emin=1.60811862, Emax=189.19389474
realization 22 / 300 ... accepted 22. Emin=4.09366802, Emax=191.72523250
realization 23 / 300 ... accepted 23. Emin=-1.08036512, Emax=188.50027560
realization 24 / 300 ... accepted 24. Emin=0.20291250, Emax=187.51974839
realization 25 / 300 ... accepted 25. Emin=-2.00813606, Emax=188.92094005
realization 26 / 300 ... accepted 26. Emin=4.39943905, Emax=189.54700105
realization 27 / 300 ... accepted 27. Emin=1.83189032, Emax=189.21773554
realization 28 / 300 ... accepted 28. Emin=-6.28284576, Emax=178.91404860
realization 29 / 300 ... accepted 29. Emin=-6.56880712, Emax=177.53053212
realization 30 / 300 ... accepted 30. Emin=0.74568882, Emax=190.25058672
realization 31 / 300 ... accepted 31. Emin=4.74854665, Emax=194.05633625
realization 32 / 300 ... accepted 32. Emin=3.23676365, Emax=192.06358546
realization 33 / 300 ... accepted 33. Emin=-0.78184389, Emax=187.47961044
realization 34 / 300 ... accepted 34. Emin=2.04484161, Emax=190.71018947
realization 35 / 300 ... accepted 35. Emin=-4.44392963, Emax=184.06971386
realization 36 / 300 ... accepted 36. Emin=3.20597514, Emax=190.15250547
realization 37 / 300 ... accepted 37. Emin=2.16884373, Emax=193.45753966
realization 38 / 300 ... accepted 38. Emin=-5.17781645, Emax=184.73860633
realization 39 / 300 ... accepted 39. Emin=1.08909246, Emax=192.44785389
realization 40 / 300 ... accepted 40. Emin=-3.11908007, Emax=188.09215150
realization 41 / 300 ... accepted 41. Emin=7.02905474, Emax=195.30312071
realization 42 / 300 ... accepted 42. Emin=2.41825869, Emax=188.39386860
realization 43 / 300 ... accepted 43. Emin=-7.19647848, Emax=177.42084269
realization 44 / 300 ... accepted 44. Emin=-1.53831711, Emax=186.76921464
realization 45 / 300 ... accepted 45. Emin=3.83015528, Emax=192.36613778
realization 46 / 300 ... accepted 46. Emin=-2.54732064, Emax=183.44203970
realization 47 / 300 ... accepted 47. Emin=1.02984668, Emax=187.04795642
realization 48 / 300 ... accepted 48. Emin=3.95807164, Emax=192.14046182
realization 49 / 300 ... accepted 49. Emin=6.46500925, Emax=193.09366254
realization 50 / 300 ... accepted 50. Emin=-8.68191117, Emax=176.00362890
realization 51 / 300 ... accepted 51. Emin=-2.73753560, Emax=184.72256609
realization 52 / 300 ... accepted 52. Emin=-10.30287481, Emax=175.18520440
realization 53 / 300 ... accepted 53. Emin=-0.27300792, Emax=187.43442692
realization 54 / 300 ... accepted 54. Emin=-1.17415426, Emax=188.97001745
realization 55 / 300 ... accepted 55. Emin=2.96355453, Emax=191.95731701
realization 56 / 300 ... accepted 56. Emin=-4.24747883, Emax=187.40870153
realization 57 / 300 ... accepted 57. Emin=-1.50595320, Emax=190.91245231
realization 58 / 300 ... accepted 58. Emin=1.07105319, Emax=189.63818201
realization 59 / 300 ... accepted 59. Emin=-3.64055197, Emax=189.14250194
realization 60 / 300 ... accepted 60. Emin=0.37990488, Emax=191.61999457
realization 61 / 300 ... accepted 61. Emin=-4.62220801, Emax=186.24665979
realization 62 / 300 ... accepted 62. Emin=-3.98566162, Emax=185.08493880
realization 63 / 300 ... accepted 63. Emin=-1.16759868, Emax=188.25416491
realization 64 / 300 ... accepted 64. Emin=1.07657679, Emax=194.68883562
realization 65 / 300 ... accepted 65. Emin=1.39372113, Emax=189.38790223
realization 66 / 300 ... accepted 66. Emin=-3.73956391, Emax=181.63457278
realization 67 / 300 ... accepted 67. Emin=-4.69771112, Emax=186.91058126
realization 68 / 300 ... accepted 68. Emin=-5.57917375, Emax=182.37748283
realization 69 / 300 ... accepted 69. Emin=-1.13029051, Emax=191.00428468
realization 70 / 300 ... accepted 70. Emin=3.17642114, Emax=191.69720203
realization 71 / 300 ... accepted 71. Emin=9.80833247, Emax=193.83850429
realization 72 / 300 ... accepted 72. Emin=-0.61725224, Emax=187.75295766
realization 73 / 300 ... accepted 73. Emin=1.08438052, Emax=190.45287800
realization 74 / 300 ... accepted 74. Emin=1.08323798, Emax=190.81609586
realization 75 / 300 ... accepted 75. Emin=2.91142347, Emax=191.25646636
realization 76 / 300 ... accepted 76. Emin=0.48827104, Emax=192.55673636
realization 77 / 300 ... accepted 77. Emin=3.58125157, Emax=191.87439992
realization 78 / 300 ... accepted 78. Emin=-2.73322055, Emax=188.78596448
realization 79 / 300 ... accepted 79. Emin=1.85405082, Emax=189.00016200
realization 80 / 300 ... accepted 80. Emin=2.75535831, Emax=186.11824314
realization 81 / 300 ... accepted 81. Emin=-0.83551466, Emax=187.66416059
realization 82 / 300 ... accepted 82. Emin=-0.90569417, Emax=191.59152529
realization 83 / 300 ... accepted 83. Emin=-8.37978655, Emax=178.44036895
realization 84 / 300 ... accepted 84. Emin=-4.20122079, Emax=182.27244708
realization 85 / 300 ... accepted 85. Emin=3.71391857, Emax=192.44048419
realization 86 / 300 ... accepted 86. Emin=5.61881320, Emax=191.33299500
realization 87 / 300 ... accepted 87. Emin=0.96646313, Emax=191.02466263
realization 88 / 300 ... accepted 88. Emin=0.02146057, Emax=187.52375594
realization 89 / 300 ... accepted 89. Emin=-4.99677760, Emax=183.62773731
realization 90 / 300 ... accepted 90. Emin=-8.90394584, Emax=175.82555182
realization 91 / 300 ... accepted 91. Emin=-1.15885082, Emax=190.50793175
realization 92 / 300 ... accepted 92. Emin=-0.34716866, Emax=186.28168209
realization 93 / 300 ... accepted 93. Emin=1.16937192, Emax=187.14374208
realization 94 / 300 ... accepted 94. Emin=2.32733892, Emax=191.58635913
realization 95 / 300 ... accepted 95. Emin=-7.71734504, Emax=174.56217422
realization 96 / 300 ... accepted 96. Emin=3.57477891, Emax=191.25116209
realization 97 / 300 ... accepted 97. Emin=-0.04438983, Emax=185.05021926
realization 98 / 300 ... accepted 98. Emin=-4.86419093, Emax=184.95884689
realization 99 / 300 ... accepted 99. Emin=-10.18298004, Emax=176.54002614
realization 100 / 300 ... accepted 100. Emin=-0.75966480, Emax=189.31643248
realization 101 / 300 ... accepted 101. Emin=2.51512163, Emax=192.04087428
realization 102 / 300 ... accepted 102. Emin=1.20656695, Emax=190.37382680
realization 103 / 300 ... accepted 103. Emin=0.12275097, Emax=190.62009010
realization 104 / 300 ... accepted 104. Emin=-7.14019166, Emax=178.37966331
realization 105 / 300 ... accepted 105. Emin=-2.09575140, Emax=187.01576248
realization 106 / 300 ... accepted 106. Emin=9.23865054, Emax=195.06050173
realization 107 / 300 ... accepted 107. Emin=-5.23464550, Emax=181.31825229
realization 108 / 300 ... accepted 108. Emin=3.21624136, Emax=191.08912933
realization 109 / 300 ... accepted 109. Emin=2.21468126, Emax=189.50317820
realization 110 / 300 ... accepted 110. Emin=6.94358962, Emax=192.91155059
realization 111 / 300 ... accepted 111. Emin=-0.17766969, Emax=188.86368674
realization 112 / 300 ... accepted 112. Emin=-0.02855471, Emax=190.89318277
realization 113 / 300 ... accepted 113. Emin=-11.41451093, Emax=173.54222983
realization 114 / 300 ... accepted 114. Emin=-0.82550029, Emax=185.47576192
realization 115 / 300 ... accepted 115. Emin=-6.10659504, Emax=179.79693421
realization 116 / 300 ... accepted 116. Emin=2.82550332, Emax=189.59703717
realization 117 / 300 ... accepted 117. Emin=-2.26477341, Emax=180.29495609
realization 118 / 300 ... accepted 118. Emin=0.56501364, Emax=189.16404110
realization 119 / 300 ... accepted 119. Emin=6.35809753, Emax=192.39957761
realization 120 / 300 ... accepted 120. Emin=-2.17329587, Emax=185.04421153
realization 121 / 300 ... accepted 121. Emin=2.49479272, Emax=189.56069541
realization 122 / 300 ... accepted 122. Emin=3.48552323, Emax=187.44681937
realization 123 / 300 ... accepted 123. Emin=-4.70587331, Emax=183.98815508
realization 124 / 300 ... accepted 124. Emin=-5.18370653, Emax=180.94766060
realization 125 / 300 ... accepted 125. Emin=0.48111592, Emax=189.72999971
realization 126 / 300 ... accepted 126. Emin=1.63104968, Emax=186.00716556
realization 127 / 300 ... accepted 127. Emin=2.04868382, Emax=192.39916282
realization 128 / 300 ... accepted 128. Emin=2.54759009, Emax=192.46468991
realization 129 / 300 ... accepted 129. Emin=-8.15273710, Emax=180.71752160
realization 130 / 300 ... accepted 130. Emin=-7.02302309, Emax=180.82739872
realization 131 / 300 ... accepted 131. Emin=-2.11938420, Emax=184.43217044
realization 132 / 300 ... accepted 132. Emin=1.99633519, Emax=193.96078205
realization 133 / 300 ... accepted 133. Emin=-5.32835756, Emax=180.42402061
realization 134 / 300 ... accepted 134. Emin=6.02140502, Emax=192.59087184
realization 135 / 300 ... accepted 135. Emin=2.71565021, Emax=188.02769838
realization 136 / 300 ... accepted 136. Emin=-0.22436557, Emax=185.22293900
realization 137 / 300 ... accepted 137. Emin=-10.13315279, Emax=175.81022909
realization 138 / 300 ... accepted 138. Emin=5.61558219, Emax=191.16090262
realization 139 / 300 ... accepted 139. Emin=0.31211153, Emax=188.02022754
realization 140 / 300 ... accepted 140. Emin=5.93711931, Emax=193.01132277
realization 141 / 300 ... accepted 141. Emin=7.85292200, Emax=194.49262430
realization 142 / 300 ... accepted 142. Emin=-4.80798660, Emax=186.23279736
realization 143 / 300 ... accepted 143. Emin=-0.20563622, Emax=187.18557302
realization 144 / 300 ... accepted 144. Emin=-3.06089045, Emax=187.67952726
realization 145 / 300 ... accepted 145. Emin=4.46330234, Emax=193.10818065
realization 146 / 300 ... accepted 146. Emin=-2.28172450, Emax=186.73861725
realization 147 / 300 ... accepted 147. Emin=0.52613932, Emax=190.83730716
realization 148 / 300 ... accepted 148. Emin=0.00100900, Emax=190.03051791
realization 149 / 300 ... accepted 149. Emin=2.03673318, Emax=194.60384933
realization 150 / 300 ... accepted 150. Emin=5.82467236, Emax=195.09429643
realization 151 / 300 ... accepted 151. Emin=-1.28346240, Emax=190.45204522
realization 152 / 300 ... accepted 152. Emin=-6.97864379, Emax=180.47551127
realization 153 / 300 ... accepted 153. Emin=1.14429425, Emax=191.50138031
realization 154 / 300 ... accepted 154. Emin=-1.86401127, Emax=185.69653754
realization 155 / 300 ... accepted 155. Emin=-2.43731320, Emax=187.51027556
realization 156 / 300 ... accepted 156. Emin=-3.63055415, Emax=183.66637891
realization 157 / 300 ... accepted 157. Emin=-3.75777652, Emax=182.62055534
realization 158 / 300 ... accepted 158. Emin=-2.08969989, Emax=185.55146306
realization 159 / 300 ... accepted 159. Emin=0.27708277, Emax=189.85096638
realization 160 / 300 ... accepted 160. Emin=-3.97012243, Emax=185.90407136
realization 161 / 300 ... accepted 161. Emin=4.44886535, Emax=188.57329336
realization 162 / 300 ... accepted 162. Emin=1.81200560, Emax=191.89823213
realization 163 / 300 ... accepted 163. Emin=0.71848551, Emax=188.68419860
realization 164 / 300 ... accepted 164. Emin=4.08146489, Emax=191.35257634
realization 165 / 300 ... accepted 165. Emin=2.19426047, Emax=190.38701240
realization 166 / 300 ... accepted 166. Emin=2.72503831, Emax=192.16463529
realization 167 / 300 ... accepted 167. Emin=-1.11696702, Emax=188.48974575
realization 168 / 300 ... accepted 168. Emin=-0.04267204, Emax=188.50714146
realization 169 / 300 ... accepted 169. Emin=-1.70915215, Emax=184.26695058
realization 170 / 300 ... accepted 170. Emin=0.25510033, Emax=191.11371566
realization 171 / 300 ... accepted 171. Emin=-3.57036518, Emax=190.21013972
realization 172 / 300 ... accepted 172. Emin=-0.54774446, Emax=193.32066430
realization 173 / 300 ... accepted 173. Emin=-10.89035614, Emax=172.77116597
realization 174 / 300 ... accepted 174. Emin=-5.01581475, Emax=186.46368850
realization 175 / 300 ... accepted 175. Emin=4.92853395, Emax=195.06618356
realization 176 / 300 ... accepted 176. Emin=-7.50290539, Emax=179.56706261
realization 177 / 300 ... accepted 177. Emin=1.34935151, Emax=188.26826364
realization 178 / 300 ... accepted 178. Emin=1.38591540, Emax=189.74107416
realization 179 / 300 ... accepted 179. Emin=5.18097093, Emax=195.32075279
realization 180 / 300 ... accepted 180. Emin=-3.47824831, Emax=185.23772170
realization 181 / 300 ... accepted 181. Emin=-3.39154714, Emax=188.30697027
realization 182 / 300 ... accepted 182. Emin=0.85068110, Emax=186.85535850
realization 183 / 300 ... accepted 183. Emin=-0.75389279, Emax=185.76595137
realization 184 / 300 ... accepted 184. Emin=0.24207197, Emax=186.12646989
realization 185 / 300 ... accepted 185. Emin=1.63868560, Emax=190.28710033
realization 186 / 300 ... accepted 186. Emin=-4.40468971, Emax=181.62459110
realization 187 / 300 ... accepted 187. Emin=-1.85604419, Emax=189.75815096
realization 188 / 300 ... accepted 188. Emin=-1.06314723, Emax=186.09740589
realization 189 / 300 ... accepted 189. Emin=-4.15114955, Emax=182.55096506
realization 190 / 300 ... accepted 190. Emin=4.43936803, Emax=194.42962371
realization 191 / 300 ... accepted 191. Emin=-6.52251565, Emax=181.63742668
realization 192 / 300 ... accepted 192. Emin=-5.34318939, Emax=181.43641236
realization 193 / 300 ... accepted 193. Emin=0.08931667, Emax=190.27613120
realization 194 / 300 ... accepted 194. Emin=-1.93129835, Emax=184.94454229
realization 195 / 300 ... accepted 195. Emin=-0.90146901, Emax=184.98141459
realization 196 / 300 ... accepted 196. Emin=-3.53845578, Emax=185.68543803
realization 197 / 300 ... accepted 197. Emin=-7.09328390, Emax=179.21147602
realization 198 / 300 ... accepted 198. Emin=2.95093164, Emax=189.36254009
realization 199 / 300 ... accepted 199. Emin=1.29853302, Emax=192.07795551
realization 200 / 300 ... accepted 200. Emin=-1.89477762, Emax=185.65564948
realization 201 / 300 ... accepted 201. Emin=-2.46783295, Emax=187.18122830
realization 202 / 300 ... accepted 202. Emin=1.51753748, Emax=190.55866774
realization 203 / 300 ... accepted 203. Emin=4.40376828, Emax=189.46100602
realization 204 / 300 ... accepted 204. Emin=4.03970900, Emax=192.39891025
realization 205 / 300 ... accepted 205. Emin=-3.58959160, Emax=183.28058825
realization 206 / 300 ... accepted 206. Emin=5.29768551, Emax=196.28950166
realization 207 / 300 ... accepted 207. Emin=-4.97539810, Emax=183.51849781
realization 208 / 300 ... accepted 208. Emin=8.36063560, Emax=194.09834849
realization 209 / 300 ... accepted 209. Emin=2.93313395, Emax=194.25109001
realization 210 / 300 ... accepted 210. Emin=9.40785175, Emax=194.05071059
realization 211 / 300 ... accepted 211. Emin=-1.57729640, Emax=186.29560024
realization 212 / 300 ... accepted 212. Emin=5.04253094, Emax=194.90907868
realization 213 / 300 ... accepted 213. Emin=-0.48513038, Emax=184.61402026
realization 214 / 300 ... accepted 214. Emin=-2.55746080, Emax=187.98808637
realization 215 / 300 ... accepted 215. Emin=-2.20720199, Emax=183.34646867
realization 216 / 300 ... accepted 216. Emin=2.52606598, Emax=187.09663067
realization 217 / 300 ... accepted 217. Emin=4.28737727, Emax=192.33484180
realization 218 / 300 ... accepted 218. Emin=-3.31798153, Emax=190.84078302
realization 219 / 300 ... accepted 219. Emin=4.48693255, Emax=191.61977344
realization 220 / 300 ... accepted 220. Emin=-1.49648918, Emax=188.03948070
realization 221 / 300 ... accepted 221. Emin=3.19960600, Emax=185.57407077
realization 222 / 300 ... accepted 222. Emin=-0.15530749, Emax=186.57202870
realization 223 / 300 ... accepted 223. Emin=2.65283216, Emax=186.84539813
realization 224 / 300 ... accepted 224. Emin=-7.15760291, Emax=181.46664958
realization 225 / 300 ... accepted 225. Emin=5.03257877, Emax=193.40062354
realization 226 / 300 ... accepted 226. Emin=-6.07596430, Emax=184.08648997
realization 227 / 300 ... accepted 227. Emin=2.33049523, Emax=189.15981418
realization 228 / 300 ... accepted 228. Emin=-1.54844459, Emax=188.60084246
realization 229 / 300 ... accepted 229. Emin=2.76576103, Emax=191.58066956
realization 230 / 300 ... accepted 230. Emin=-5.68133568, Emax=182.11224210
realization 231 / 300 ... accepted 231. Emin=5.57870693, Emax=189.89516137
realization 232 / 300 ... accepted 232. Emin=-0.45578017, Emax=187.77704520
realization 233 / 300 ... accepted 233. Emin=7.26218616, Emax=192.54897546
realization 234 / 300 ... accepted 234. Emin=2.59142572, Emax=189.44371028
realization 235 / 300 ... accepted 235. Emin=-0.55061008, Emax=192.41793951
realization 236 / 300 ... accepted 236. Emin=-7.75426562, Emax=177.15574844
realization 237 / 300 ... accepted 237. Emin=6.38441860, Emax=193.92090706
realization 238 / 300 ... accepted 238. Emin=-7.13902891, Emax=179.75986595
realization 239 / 300 ... accepted 239. Emin=9.23117379, Emax=191.79962786
realization 240 / 300 ... accepted 240. Emin=-3.36543389, Emax=185.36391134
realization 241 / 300 ... accepted 241. Emin=-6.58958426, Emax=181.10714904
realization 242 / 300 ... accepted 242. Emin=7.35421221, Emax=194.31034037
realization 243 / 300 ... accepted 243. Emin=-5.95409826, Emax=180.50453650
realization 244 / 300 ... accepted 244. Emin=1.10388790, Emax=189.71073229
realization 245 / 300 ... accepted 245. Emin=-3.17655632, Emax=184.31190114
realization 246 / 300 ... accepted 246. Emin=7.94798204, Emax=194.83222529
realization 247 / 300 ... accepted 247. Emin=0.15016853, Emax=188.55579556
realization 248 / 300 ... accepted 248. Emin=-3.73878903, Emax=180.55660413
realization 249 / 300 ... accepted 249. Emin=2.57414154, Emax=191.29687425
realization 250 / 300 ... accepted 250. Emin=-2.52676062, Emax=185.68339103
realization 251 / 300 ... accepted 251. Emin=0.56534131, Emax=190.01259973
realization 252 / 300 ... accepted 252. Emin=-1.34515536, Emax=187.46163054
realization 253 / 300 ... accepted 253. Emin=-1.05932296, Emax=187.17703649
realization 254 / 300 ... accepted 254. Emin=-3.12120341, Emax=189.86500864
realization 255 / 300 ... accepted 255. Emin=4.99556457, Emax=191.92868637
realization 256 / 300 ... accepted 256. Emin=1.04530545, Emax=194.69132153
realization 257 / 300 ... accepted 257. Emin=0.12924721, Emax=187.36618402
realization 258 / 300 ... accepted 258. Emin=8.54877662, Emax=191.47446839
realization 259 / 300 ... accepted 259. Emin=-1.84087649, Emax=188.50441237
realization 260 / 300 ... accepted 260. Emin=-9.61243172, Emax=177.66564532
realization 261 / 300 ... accepted 261. Emin=0.52698899, Emax=188.48547245
realization 262 / 300 ... accepted 262. Emin=3.89804054, Emax=196.67778027
realization 263 / 300 ... accepted 263. Emin=4.91245580, Emax=191.43907743
realization 264 / 300 ... accepted 264. Emin=-7.52372820, Emax=180.45369688
realization 265 / 300 ... accepted 265. Emin=-2.25173252, Emax=184.48885264
realization 266 / 300 ... accepted 266. Emin=6.74242422, Emax=194.82855263
realization 267 / 300 ... accepted 267. Emin=-0.75172830, Emax=187.97317455
realization 268 / 300 ... accepted 268. Emin=-3.40758270, Emax=188.67083888
realization 269 / 300 ... accepted 269. Emin=0.91341999, Emax=190.36237428
realization 270 / 300 ... accepted 270. Emin=3.77180281, Emax=192.97134609
realization 271 / 300 ... accepted 271. Emin=-0.97159267, Emax=192.12096368
realization 272 / 300 ... accepted 272. Emin=-7.03555176, Emax=182.75383189
realization 273 / 300 ... accepted 273. Emin=-4.37015067, Emax=187.00978776
realization 274 / 300 ... accepted 274. Emin=2.12023497, Emax=195.26153256
realization 275 / 300 ... accepted 275. Emin=-1.11011294, Emax=183.11078210
realization 276 / 300 ... accepted 276. Emin=-2.90961173, Emax=183.66156787
realization 277 / 300 ... accepted 277. Emin=1.25891042, Emax=187.21593578
realization 278 / 300 ... accepted 278. Emin=-0.88913458, Emax=190.42836302
realization 279 / 300 ... accepted 279. Emin=-3.74412601, Emax=185.08675974
realization 280 / 300 ... accepted 280. Emin=4.80678726, Emax=194.43487227
realization 281 / 300 ... accepted 281. Emin=-1.03588136, Emax=188.95003437
realization 282 / 300 ... accepted 282. Emin=-0.67885089, Emax=186.20630272
realization 283 / 300 ... accepted 283. Emin=-5.92216688, Emax=181.62271628
realization 284 / 300 ... accepted 284. Emin=-0.91506837, Emax=189.45048485
realization 285 / 300 ... accepted 285. Emin=2.37326165, Emax=192.09398344
realization 286 / 300 ... accepted 286. Emin=-12.79580844, Emax=171.24099528
realization 287 / 300 ... accepted 287. Emin=-5.40434918, Emax=182.83422938
realization 288 / 300 ... accepted 288. Emin=-3.69870761, Emax=186.20122778
realization 289 / 300 ... accepted 289. Emin=-0.07818266, Emax=190.46489911
realization 290 / 300 ... accepted 290. Emin=6.72948291, Emax=193.04129934
realization 291 / 300 ... accepted 291. Emin=-5.40218892, Emax=181.14399427
realization 292 / 300 ... accepted 292. Emin=-0.08696210, Emax=190.48738796
realization 293 / 300 ... accepted 293. Emin=-7.79031136, Emax=178.49731058
realization 294 / 300 ... accepted 294. Emin=-0.32283549, Emax=184.34917052
realization 295 / 300 ... accepted 295. Emin=-5.64582607, Emax=180.34798532
realization 296 / 300 ... accepted 296. Emin=-2.64785121, Emax=188.44540722
realization 297 / 300 ... accepted 297. Emin=-3.35910899, Emax=188.57488552
realization 298 / 300 ... accepted 298. Emin=0.83304697, Emax=187.39508236
realization 299 / 300 ... accepted 299. Emin=-5.57949857, Emax=182.17451968
realization 300 / 300 ... accepted 300. Emin=3.45845884, Emax=192.29870546
Saved final energies: /home/2/kj405942/POLFED_bosons/pbs_bose_legacy_nmax2_periodic/data/U_30/W_3/L_6/N_6_nmax_2/boundary_periodic/energies_full_U30_L6_N6_nmax2_W3_boundaryperiodic_nreal300.txt
Accepted realizations: 300 / 300
Skipped realizations: 0
Job finished at Sun May 31 17:12:49 UTC 2026
