Job started on w30 at Sun May 31 17:11:16 UTC 2026
PBS_JOBID=7731508.kruk-host.ift-klaster.lan
PBS_O_WORKDIR=/home/2/kj405942/POLFED_bosons
Bose-Hubbard: L=6, N=6, nmax=2, dim=141
t=1, U=30, W=4, nreal=300, boundary=periodic, mode=full
Writing partial results to /home/2/kj405942/POLFED_bosons/pbs_bose_legacy_nmax2_periodic/data/U_30/W_4/L_6/N_6_nmax_2/boundary_periodic/energies_full_U30_L6_N6_nmax2_W4_boundaryperiodic_nreal300_partial.txt
realization 1 / 300 ... accepted 1. Emin=11.75346582, Emax=197.39017118
realization 2 / 300 ... accepted 2. Emin=0.35006428, Emax=195.05038532
realization 3 / 300 ... accepted 3. Emin=1.02361736, Emax=195.01301792
realization 4 / 300 ... accepted 4. Emin=0.81289942, Emax=193.89017821
realization 5 / 300 ... accepted 5. Emin=-0.28622942, Emax=200.36087768
realization 6 / 300 ... accepted 6. Emin=6.92693608, Emax=194.27503257
realization 7 / 300 ... accepted 7. Emin=1.21731150, Emax=195.29706826
realization 8 / 300 ... accepted 8. Emin=0.70036564, Emax=194.65038866
realization 9 / 300 ... accepted 9. Emin=3.12054073, Emax=202.13563567
realization 10 / 300 ... accepted 10. Emin=-5.15985835, Emax=184.35975004
realization 11 / 300 ... accepted 11. Emin=8.22310488, Emax=196.92638297
realization 12 / 300 ... accepted 12. Emin=-5.33967456, Emax=184.29006500
realization 13 / 300 ... accepted 13. Emin=8.11832970, Emax=197.38844438
realization 14 / 300 ... accepted 14. Emin=0.47047260, Emax=192.98088164
realization 15 / 300 ... accepted 15. Emin=-11.00656850, Emax=177.50926726
realization 16 / 300 ... accepted 16. Emin=-2.65996739, Emax=185.91123543
realization 17 / 300 ... accepted 17. Emin=4.48904226, Emax=195.83082057
realization 18 / 300 ... accepted 18. Emin=-4.75369654, Emax=180.68737859
realization 19 / 300 ... accepted 19. Emin=-5.02099976, Emax=186.15906736
realization 20 / 300 ... accepted 20. Emin=2.98457323, Emax=195.90285316
realization 21 / 300 ... accepted 21. Emin=10.00743245, Emax=199.55633355
realization 22 / 300 ... accepted 22. Emin=5.06590100, Emax=189.44295810
realization 23 / 300 ... accepted 23. Emin=-3.54445927, Emax=188.73237966
realization 24 / 300 ... accepted 24. Emin=-11.24844367, Emax=175.97339046
realization 25 / 300 ... accepted 25. Emin=5.30219131, Emax=194.90602723
realization 26 / 300 ... accepted 26. Emin=-4.10471991, Emax=184.99614570
realization 27 / 300 ... accepted 27. Emin=0.17883332, Emax=190.71957633
realization 28 / 300 ... accepted 28. Emin=3.00171063, Emax=194.88510171
realization 29 / 300 ... accepted 29. Emin=-0.79600937, Emax=197.00388736
realization 30 / 300 ... accepted 30. Emin=-7.75088323, Emax=182.54356118
realization 31 / 300 ... accepted 31. Emin=2.08298577, Emax=193.65446782
realization 32 / 300 ... accepted 32. Emin=-4.53161619, Emax=183.19871340
realization 33 / 300 ... accepted 33. Emin=-0.31758512, Emax=188.64414372
realization 34 / 300 ... accepted 34. Emin=0.07030683, Emax=193.01027703
realization 35 / 300 ... accepted 35. Emin=3.97929848, Emax=193.80680431
realization 36 / 300 ... accepted 36. Emin=-4.95649018, Emax=185.21031459
realization 37 / 300 ... accepted 37. Emin=-3.23403988, Emax=192.09837077
realization 38 / 300 ... accepted 38. Emin=3.88742727, Emax=192.57972288
realization 39 / 300 ... accepted 39. Emin=11.98445855, Emax=199.94974175
realization 40 / 300 ... accepted 40. Emin=-6.01200041, Emax=185.15311778
realization 41 / 300 ... accepted 41. Emin=-2.92240740, Emax=187.24483961
realization 42 / 300 ... accepted 42. Emin=-4.03585910, Emax=185.52625075
realization 43 / 300 ... accepted 43. Emin=-1.78224260, Emax=187.65342198
realization 44 / 300 ... accepted 44. Emin=-1.34961490, Emax=191.12421263
realization 45 / 300 ... accepted 45. Emin=-3.55136455, Emax=187.08866903
realization 46 / 300 ... accepted 46. Emin=3.35314082, Emax=199.92469921
realization 47 / 300 ... accepted 47. Emin=-0.58108368, Emax=196.20913710
realization 48 / 300 ... accepted 48. Emin=-3.70391828, Emax=190.31178791
realization 49 / 300 ... accepted 49. Emin=-1.97346114, Emax=192.49401667
realization 50 / 300 ... accepted 50. Emin=9.73967106, Emax=199.43754647
realization 51 / 300 ... accepted 51. Emin=-3.32761775, Emax=187.56846069
realization 52 / 300 ... accepted 52. Emin=-3.26662333, Emax=191.00160484
realization 53 / 300 ... accepted 53. Emin=6.14975166, Emax=195.68042283
realization 54 / 300 ... accepted 54. Emin=-6.69554340, Emax=183.35946879
realization 55 / 300 ... accepted 55. Emin=8.13727880, Emax=196.71658603
realization 56 / 300 ... accepted 56. Emin=2.31778759, Emax=201.61798142
realization 57 / 300 ... accepted 57. Emin=2.03330004, Emax=188.82127259
realization 58 / 300 ... accepted 58. Emin=-3.45647328, Emax=190.51137353
realization 59 / 300 ... accepted 59. Emin=-3.22985166, Emax=186.75739665
realization 60 / 300 ... accepted 60. Emin=-7.05872805, Emax=185.32880671
realization 61 / 300 ... accepted 61. Emin=-11.45562682, Emax=177.21149545
realization 62 / 300 ... accepted 62. Emin=4.94438753, Emax=193.69427535
realization 63 / 300 ... accepted 63. Emin=-5.36039626, Emax=192.11820394
realization 64 / 300 ... accepted 64. Emin=1.21113787, Emax=193.14326798
realization 65 / 300 ... accepted 65. Emin=-9.91337523, Emax=177.93641568
realization 66 / 300 ... accepted 66. Emin=-1.86242100, Emax=185.52942477
realization 67 / 300 ... accepted 67. Emin=3.63760718, Emax=193.38907715
realization 68 / 300 ... accepted 68. Emin=5.98118950, Emax=192.12395000
realization 69 / 300 ... accepted 69. Emin=3.64638913, Emax=199.10284151
realization 70 / 300 ... accepted 70. Emin=8.21800185, Emax=197.99013263
realization 71 / 300 ... accepted 71. Emin=3.51220902, Emax=193.10156440
realization 72 / 300 ... accepted 72. Emin=-8.19860539, Emax=182.74987876
realization 73 / 300 ... accepted 73. Emin=-7.73141840, Emax=181.76747957
realization 74 / 300 ... accepted 74. Emin=-13.64755894, Emax=172.44226412
realization 75 / 300 ... accepted 75. Emin=-3.48179272, Emax=191.32950523
realization 76 / 300 ... accepted 76. Emin=-0.76532227, Emax=194.84457592
realization 77 / 300 ... accepted 77. Emin=0.13631774, Emax=193.90091403
realization 78 / 300 ... accepted 78. Emin=-1.95707314, Emax=190.42865822
realization 79 / 300 ... accepted 79. Emin=-2.66066153, Emax=190.55903807
realization 80 / 300 ... accepted 80. Emin=-7.01298455, Emax=187.64203966
realization 81 / 300 ... accepted 81. Emin=-9.27631565, Emax=179.88674259
realization 82 / 300 ... accepted 82. Emin=3.21341077, Emax=195.68587818
realization 83 / 300 ... accepted 83. Emin=6.69076097, Emax=200.79562617
realization 84 / 300 ... accepted 84. Emin=-13.65170439, Emax=174.54327111
realization 85 / 300 ... accepted 85. Emin=-6.05739843, Emax=181.91727110
realization 86 / 300 ... accepted 86. Emin=-4.99787952, Emax=186.74621726
realization 87 / 300 ... accepted 87. Emin=-2.69472940, Emax=188.70596274
realization 88 / 300 ... accepted 88. Emin=-3.04565371, Emax=188.35657769
realization 89 / 300 ... accepted 89. Emin=7.17866521, Emax=190.95760348
realization 90 / 300 ... accepted 90. Emin=-3.42892642, Emax=183.33981032
realization 91 / 300 ... accepted 91. Emin=1.68139795, Emax=194.58539936
realization 92 / 300 ... accepted 92. Emin=-6.92120732, Emax=184.43887678
realization 93 / 300 ... accepted 93. Emin=0.71985369, Emax=195.15175180
realization 94 / 300 ... accepted 94. Emin=2.49204887, Emax=198.91231723
realization 95 / 300 ... accepted 95. Emin=-3.87172733, Emax=184.24840270
realization 96 / 300 ... accepted 96. Emin=5.61679714, Emax=197.31059637
realization 97 / 300 ... accepted 97. Emin=1.13804675, Emax=192.43502184
realization 98 / 300 ... accepted 98. Emin=0.55883398, Emax=191.03666668
realization 99 / 300 ... accepted 99. Emin=9.17620449, Emax=201.52209590
realization 100 / 300 ... accepted 100. Emin=-4.68363624, Emax=187.21824140
realization 101 / 300 ... accepted 101. Emin=-0.21573217, Emax=192.18228391
realization 102 / 300 ... accepted 102. Emin=-7.41860696, Emax=185.85567707
realization 103 / 300 ... accepted 103. Emin=-3.75059846, Emax=184.63458750
realization 104 / 300 ... accepted 104. Emin=-4.78465024, Emax=190.24702427
realization 105 / 300 ... accepted 105. Emin=1.43604716, Emax=190.08197013
realization 106 / 300 ... accepted 106. Emin=-4.55706537, Emax=183.68961740
realization 107 / 300 ... accepted 107. Emin=11.67267556, Emax=200.22704011
realization 108 / 300 ... accepted 108. Emin=-7.69761494, Emax=186.05170889
realization 109 / 300 ... accepted 109. Emin=-1.20990935, Emax=192.91075356
realization 110 / 300 ... accepted 110. Emin=5.80160634, Emax=198.80507480
realization 111 / 300 ... accepted 111. Emin=-9.15210121, Emax=182.81021456
realization 112 / 300 ... accepted 112. Emin=1.24955658, Emax=190.26106229
realization 113 / 300 ... accepted 113. Emin=8.13798834, Emax=198.77025703
realization 114 / 300 ... accepted 114. Emin=10.36512547, Emax=199.56098952
realization 115 / 300 ... accepted 115. Emin=-2.90550953, Emax=188.08714392
realization 116 / 300 ... accepted 116. Emin=-5.95291862, Emax=184.89488184
realization 117 / 300 ... accepted 117. Emin=-2.36369300, Emax=186.90904066
realization 118 / 300 ... accepted 118. Emin=6.46940884, Emax=196.96780171
realization 119 / 300 ... accepted 119. Emin=-3.11218174, Emax=186.94608387
realization 120 / 300 ... accepted 120. Emin=6.67448560, Emax=201.92316937
realization 121 / 300 ... accepted 121. Emin=2.26357943, Emax=195.09594711
realization 122 / 300 ... accepted 122. Emin=-3.41341101, Emax=190.83691045
realization 123 / 300 ... accepted 123. Emin=-11.04764082, Emax=178.07565166
realization 124 / 300 ... accepted 124. Emin=-5.53516730, Emax=185.36859893
realization 125 / 300 ... accepted 125. Emin=-0.78952722, Emax=187.53753718
realization 126 / 300 ... accepted 126. Emin=0.21257106, Emax=192.13907498
realization 127 / 300 ... accepted 127. Emin=0.89929634, Emax=190.01694121
realization 128 / 300 ... accepted 128. Emin=-8.72630531, Emax=179.24376777
realization 129 / 300 ... accepted 129. Emin=-2.19569022, Emax=190.58098804
realization 130 / 300 ... accepted 130. Emin=3.25415937, Emax=191.16477168
realization 131 / 300 ... accepted 131. Emin=-3.15613284, Emax=187.34140903
realization 132 / 300 ... accepted 132. Emin=5.64626120, Emax=198.32033879
realization 133 / 300 ... accepted 133. Emin=-3.18526436, Emax=188.16523945
realization 134 / 300 ... accepted 134. Emin=3.98430791, Emax=196.22671656
realization 135 / 300 ... accepted 135. Emin=-10.83895027, Emax=178.35380902
realization 136 / 300 ... accepted 136. Emin=0.97030906, Emax=189.18190845
realization 137 / 300 ... accepted 137. Emin=9.36063916, Emax=200.07468825
realization 138 / 300 ... accepted 138. Emin=5.28975927, Emax=194.42420692
realization 139 / 300 ... accepted 139. Emin=3.66986424, Emax=190.87427424
realization 140 / 300 ... accepted 140. Emin=4.31303953, Emax=193.72814395
realization 141 / 300 ... accepted 141. Emin=0.63804613, Emax=191.64982629
realization 142 / 300 ... accepted 142. Emin=-10.98862829, Emax=178.04332393
realization 143 / 300 ... accepted 143. Emin=-5.16053561, Emax=185.98316236
realization 144 / 300 ... accepted 144. Emin=-2.64968069, Emax=191.17737977
realization 145 / 300 ... accepted 145. Emin=-2.59849842, Emax=193.44394028
realization 146 / 300 ... accepted 146. Emin=-0.64818857, Emax=188.10840301
realization 147 / 300 ... accepted 147. Emin=-2.63093209, Emax=191.59279819
realization 148 / 300 ... accepted 148. Emin=0.41264836, Emax=190.65113417
realization 149 / 300 ... accepted 149. Emin=-3.76544836, Emax=186.85607452
realization 150 / 300 ... accepted 150. Emin=0.00474233, Emax=190.64753161
realization 151 / 300 ... accepted 151. Emin=-4.63971666, Emax=184.51637122
realization 152 / 300 ... accepted 152. Emin=2.45691512, Emax=194.08274615
realization 153 / 300 ... accepted 153. Emin=-11.17370910, Emax=176.60979848
realization 154 / 300 ... accepted 154. Emin=7.83705824, Emax=196.59731165
realization 155 / 300 ... accepted 155. Emin=2.93629657, Emax=192.83331669
realization 156 / 300 ... accepted 156. Emin=-5.98687926, Emax=184.40458472
realization 157 / 300 ... accepted 157. Emin=-2.46410892, Emax=193.61432718
realization 158 / 300 ... accepted 158. Emin=14.91676049, Emax=200.15482620
realization 159 / 300 ... accepted 159. Emin=-5.30894496, Emax=186.10640246
realization 160 / 300 ... accepted 160. Emin=4.56788349, Emax=199.62883331
realization 161 / 300 ... accepted 161. Emin=10.03231666, Emax=201.08130821
realization 162 / 300 ... accepted 162. Emin=4.91834141, Emax=194.75037803
realization 163 / 300 ... accepted 163. Emin=7.74068873, Emax=193.83022478
realization 164 / 300 ... accepted 164. Emin=1.15087427, Emax=193.07573765
realization 165 / 300 ... accepted 165. Emin=0.09299301, Emax=192.81633317
realization 166 / 300 ... accepted 166. Emin=-2.09252921, Emax=187.07241216
realization 167 / 300 ... accepted 167. Emin=1.47858166, Emax=191.93912594
realization 168 / 300 ... accepted 168. Emin=7.60321109, Emax=199.86068635
realization 169 / 300 ... accepted 169. Emin=1.38219102, Emax=191.75193399
realization 170 / 300 ... accepted 170. Emin=4.30946893, Emax=194.74172688
realization 171 / 300 ... accepted 171. Emin=-2.92865165, Emax=185.46638251
realization 172 / 300 ... accepted 172. Emin=0.25706224, Emax=194.58792268
realization 173 / 300 ... accepted 173. Emin=-8.06251223, Emax=180.68351246
realization 174 / 300 ... accepted 174. Emin=1.25111267, Emax=191.07517536
realization 175 / 300 ... accepted 175. Emin=1.99860945, Emax=198.82327460
realization 176 / 300 ... accepted 176. Emin=0.13748930, Emax=191.26691328
realization 177 / 300 ... accepted 177. Emin=5.70136436, Emax=195.43659781
realization 178 / 300 ... accepted 178. Emin=1.66176867, Emax=198.33884361
realization 179 / 300 ... accepted 179. Emin=10.17464672, Emax=195.81914786
realization 180 / 300 ... accepted 180. Emin=-3.04217688, Emax=191.80707736
realization 181 / 300 ... accepted 181. Emin=-5.89015789, Emax=186.39564733
realization 182 / 300 ... accepted 182. Emin=-8.52338135, Emax=182.76378669
realization 183 / 300 ... accepted 183. Emin=10.62103888, Emax=199.18028461
realization 184 / 300 ... accepted 184. Emin=12.45112303, Emax=203.35302212
realization 185 / 300 ... accepted 185. Emin=0.18239247, Emax=189.51613703
realization 186 / 300 ... accepted 186. Emin=9.00523556, Emax=200.57989372
realization 187 / 300 ... accepted 187. Emin=-0.94578785, Emax=197.48939898
realization 188 / 300 ... accepted 188. Emin=-9.11083300, Emax=182.29416790
realization 189 / 300 ... accepted 189. Emin=9.20462648, Emax=193.97813017
realization 190 / 300 ... accepted 190. Emin=-0.65895561, Emax=192.20045563
realization 191 / 300 ... accepted 191. Emin=2.66764425, Emax=188.25925135
realization 192 / 300 ... accepted 192. Emin=9.72356527, Emax=201.66445406
realization 193 / 300 ... accepted 193. Emin=4.71605141, Emax=194.44810891
realization 194 / 300 ... accepted 194. Emin=-0.21616815, Emax=194.84356510
realization 195 / 300 ... accepted 195. Emin=2.10645902, Emax=191.81347805
realization 196 / 300 ... accepted 196. Emin=-8.86752576, Emax=179.81997889
realization 197 / 300 ... accepted 197. Emin=2.33446678, Emax=194.89812008
realization 198 / 300 ... accepted 198. Emin=-1.78925129, Emax=190.17011706
realization 199 / 300 ... accepted 199. Emin=-10.60580817, Emax=176.07427752
realization 200 / 300 ... accepted 200. Emin=2.60120793, Emax=191.94145408
realization 201 / 300 ... accepted 201. Emin=1.66710412, Emax=188.64969609
realization 202 / 300 ... accepted 202. Emin=-0.54942236, Emax=192.90684753
realization 203 / 300 ... accepted 203. Emin=-0.51017955, Emax=191.62403515
realization 204 / 300 ... accepted 204. Emin=-1.59774046, Emax=187.47286132
realization 205 / 300 ... accepted 205. Emin=-7.85275818, Emax=183.42387249
realization 206 / 300 ... accepted 206. Emin=7.24121275, Emax=194.95957619
realization 207 / 300 ... accepted 207. Emin=-3.08133392, Emax=190.64300314
realization 208 / 300 ... accepted 208. Emin=11.05523168, Emax=197.91946764
realization 209 / 300 ... accepted 209. Emin=8.10711173, Emax=193.55760082
realization 210 / 300 ... accepted 210. Emin=-8.82058947, Emax=180.54015042
realization 211 / 300 ... accepted 211. Emin=-2.10811222, Emax=186.14450780
realization 212 / 300 ... accepted 212. Emin=8.43773926, Emax=199.59363332
realization 213 / 300 ... accepted 213. Emin=-1.74024878, Emax=193.59399418
realization 214 / 300 ... accepted 214. Emin=-6.39939259, Emax=185.62357267
realization 215 / 300 ... accepted 215. Emin=2.31300620, Emax=196.25563847
realization 216 / 300 ... accepted 216. Emin=0.18267786, Emax=193.09500317
realization 217 / 300 ... accepted 217. Emin=-1.90856484, Emax=188.06097561
realization 218 / 300 ... accepted 218. Emin=5.59809948, Emax=195.89523679
realization 219 / 300 ... accepted 219. Emin=1.84582510, Emax=196.37348656
realization 220 / 300 ... accepted 220. Emin=0.74792368, Emax=189.30534053
realization 221 / 300 ... accepted 221. Emin=-8.36035462, Emax=182.64734371
realization 222 / 300 ... accepted 222. Emin=-8.38534138, Emax=181.79677937
realization 223 / 300 ... accepted 223. Emin=-7.78636840, Emax=179.75905485
realization 224 / 300 ... accepted 224. Emin=-3.87406013, Emax=189.71193126
realization 225 / 300 ... accepted 225. Emin=10.53178373, Emax=195.97227836
realization 226 / 300 ... accepted 226. Emin=1.55163689, Emax=194.01065555
realization 227 / 300 ... accepted 227. Emin=-0.13103547, Emax=191.58917761
realization 228 / 300 ... accepted 228. Emin=6.13663279, Emax=201.20642479
realization 229 / 300 ... accepted 229. Emin=-5.52180801, Emax=188.71879603
realization 230 / 300 ... accepted 230. Emin=-4.73923836, Emax=187.79703278
realization 231 / 300 ... accepted 231. Emin=-2.16477895, Emax=189.88946530
realization 232 / 300 ... accepted 232. Emin=7.65349228, Emax=197.81014701
realization 233 / 300 ... accepted 233. Emin=-8.88083031, Emax=182.48700691
realization 234 / 300 ... accepted 234. Emin=-0.43748608, Emax=198.00977198
realization 235 / 300 ... accepted 235. Emin=3.90035636, Emax=197.61351396
realization 236 / 300 ... accepted 236. Emin=3.14267125, Emax=197.18880817
realization 237 / 300 ... accepted 237. Emin=2.80993992, Emax=190.11616700
realization 238 / 300 ... accepted 238. Emin=-5.13189551, Emax=188.36718691
realization 239 / 300 ... accepted 239. Emin=-4.58367610, Emax=189.63364435
realization 240 / 300 ... accepted 240. Emin=4.35638055, Emax=191.89073647
realization 241 / 300 ... accepted 241. Emin=5.50724543, Emax=195.32361371
realization 242 / 300 ... accepted 242. Emin=-0.05920086, Emax=185.93518999
realization 243 / 300 ... accepted 243. Emin=-3.80053454, Emax=189.92383076
realization 244 / 300 ... accepted 244. Emin=3.27845810, Emax=193.58289569
realization 245 / 300 ... accepted 245. Emin=3.26540515, Emax=195.56437734
realization 246 / 300 ... accepted 246. Emin=-3.00849420, Emax=184.78721688
realization 247 / 300 ... accepted 247. Emin=2.05566549, Emax=189.54028024
realization 248 / 300 ... accepted 248. Emin=-8.38697333, Emax=182.41384556
realization 249 / 300 ... accepted 249. Emin=-12.35425733, Emax=175.75951592
realization 250 / 300 ... accepted 250. Emin=-3.08906525, Emax=187.80639003
realization 251 / 300 ... accepted 251. Emin=-7.37681247, Emax=180.75406557
realization 252 / 300 ... accepted 252. Emin=-0.26048269, Emax=196.70149739
realization 253 / 300 ... accepted 253. Emin=1.07281869, Emax=191.42041626
realization 254 / 300 ... accepted 254. Emin=2.76292393, Emax=191.49456909
realization 255 / 300 ... accepted 255. Emin=-1.47162873, Emax=191.13404330
realization 256 / 300 ... accepted 256. Emin=0.78974973, Emax=189.49276472
realization 257 / 300 ... accepted 257. Emin=1.59331584, Emax=192.64912235
realization 258 / 300 ... accepted 258. Emin=-1.77127636, Emax=186.87986945
realization 259 / 300 ... accepted 259. Emin=-1.80237862, Emax=194.95568165
realization 260 / 300 ... accepted 260. Emin=-9.28986785, Emax=180.13731393
realization 261 / 300 ... accepted 261. Emin=-7.25344256, Emax=186.87359717
realization 262 / 300 ... accepted 262. Emin=-1.96810857, Emax=186.79285107
realization 263 / 300 ... accepted 263. Emin=-4.70200018, Emax=186.85798108
realization 264 / 300 ... accepted 264. Emin=-6.34548159, Emax=183.47759868
realization 265 / 300 ... accepted 265. Emin=1.72389426, Emax=192.76011334
realization 266 / 300 ... accepted 266. Emin=9.29472089, Emax=201.65975722
realization 267 / 300 ... accepted 267. Emin=2.35355931, Emax=197.50034985
realization 268 / 300 ... accepted 268. Emin=12.84471395, Emax=198.99715201
realization 269 / 300 ... accepted 269. Emin=3.41150589, Emax=196.26273799
realization 270 / 300 ... accepted 270. Emin=-3.69021477, Emax=193.17628993
realization 271 / 300 ... accepted 271. Emin=-1.36779489, Emax=191.18924029
realization 272 / 300 ... accepted 272. Emin=-4.62401247, Emax=182.31539522
realization 273 / 300 ... accepted 273. Emin=4.93714455, Emax=192.53616938
realization 274 / 300 ... accepted 274. Emin=-11.34238819, Emax=175.69195901
realization 275 / 300 ... accepted 275. Emin=1.95073644, Emax=192.13658241
realization 276 / 300 ... accepted 276. Emin=-9.74047312, Emax=179.95203951
realization 277 / 300 ... accepted 277. Emin=10.36039747, Emax=200.40004691
realization 278 / 300 ... accepted 278. Emin=-7.25095991, Emax=180.88812938
realization 279 / 300 ... accepted 279. Emin=2.59414619, Emax=195.40631629
realization 280 / 300 ... accepted 280. Emin=9.48048883, Emax=198.43818157
realization 281 / 300 ... accepted 281. Emin=1.65956449, Emax=191.60925584
realization 282 / 300 ... accepted 282. Emin=-9.62933522, Emax=179.68866100
realization 283 / 300 ... accepted 283. Emin=1.90704958, Emax=194.31540220
realization 284 / 300 ... accepted 284. Emin=-6.86456068, Emax=187.43588101
realization 285 / 300 ... accepted 285. Emin=10.15181268, Emax=198.39689017
realization 286 / 300 ... accepted 286. Emin=-4.38464678, Emax=183.32155050
realization 287 / 300 ... accepted 287. Emin=-4.53632454, Emax=186.40941750
realization 288 / 300 ... accepted 288. Emin=15.31200196, Emax=200.83911374
realization 289 / 300 ... accepted 289. Emin=-10.41847415, Emax=179.74936091
realization 290 / 300 ... accepted 290. Emin=5.80650534, Emax=193.57158464
realization 291 / 300 ... accepted 291. Emin=6.45501661, Emax=197.54799880
realization 292 / 300 ... accepted 292. Emin=11.64243561, Emax=198.55025831
realization 293 / 300 ... accepted 293. Emin=-2.42952672, Emax=187.60873501
realization 294 / 300 ... accepted 294. Emin=1.67654183, Emax=191.76286115
realization 295 / 300 ... accepted 295. Emin=-8.79005012, Emax=184.50726411
realization 296 / 300 ... accepted 296. Emin=2.60548993, Emax=191.86354137
realization 297 / 300 ... accepted 297. Emin=-2.72971509, Emax=186.17619365
realization 298 / 300 ... accepted 298. Emin=9.44292721, Emax=199.20934897
realization 299 / 300 ... accepted 299. Emin=-4.76845500, Emax=183.98673714
realization 300 / 300 ... accepted 300. Emin=-8.75126877, Emax=178.27119683
Saved final energies: /home/2/kj405942/POLFED_bosons/pbs_bose_legacy_nmax2_periodic/data/U_30/W_4/L_6/N_6_nmax_2/boundary_periodic/energies_full_U30_L6_N6_nmax2_W4_boundaryperiodic_nreal300.txt
Accepted realizations: 300 / 300
Skipped realizations: 0
Job finished at Sun May 31 17:12:50 UTC 2026
