Job started on w30 at Sun May 31 17:11:12 UTC 2026
PBS_JOBID=7731506.kruk-host.ift-klaster.lan
PBS_O_WORKDIR=/home/2/kj405942/POLFED_bosons
Bose-Hubbard: L=6, N=6, nmax=2, dim=141
t=1, U=30, W=2, nreal=300, boundary=periodic, mode=full
Writing partial results to /home/2/kj405942/POLFED_bosons/pbs_bose_legacy_nmax2_periodic/data/U_30/W_2/L_6/N_6_nmax_2/boundary_periodic/energies_full_U30_L6_N6_nmax2_W2_boundaryperiodic_nreal300_partial.txt
realization 1 / 300 ... accepted 1. Emin=-4.18810490, Emax=180.77221324
realization 2 / 300 ... accepted 2. Emin=4.26947499, Emax=188.82302808
realization 3 / 300 ... accepted 3. Emin=-0.54045079, Emax=188.27490327
realization 4 / 300 ... accepted 4. Emin=-2.21364173, Emax=184.27787500
realization 5 / 300 ... accepted 5. Emin=-3.39084399, Emax=182.52660109
realization 6 / 300 ... accepted 6. Emin=4.00054743, Emax=189.46720381
realization 7 / 300 ... accepted 7. Emin=-0.47077864, Emax=186.10507947
realization 8 / 300 ... accepted 8. Emin=1.38765213, Emax=185.17253573
realization 9 / 300 ... accepted 9. Emin=-2.11441427, Emax=183.63346874
realization 10 / 300 ... accepted 10. Emin=3.42187265, Emax=186.76264942
realization 11 / 300 ... accepted 11. Emin=-2.40590769, Emax=182.92749494
realization 12 / 300 ... accepted 12. Emin=0.89587646, Emax=188.61660923
realization 13 / 300 ... accepted 13. Emin=-9.68084218, Emax=172.29652480
realization 14 / 300 ... accepted 14. Emin=2.46638931, Emax=189.39146757
realization 15 / 300 ... accepted 15. Emin=-4.40161615, Emax=179.33676879
realization 16 / 300 ... accepted 16. Emin=1.34365548, Emax=187.89580076
realization 17 / 300 ... accepted 17. Emin=-0.52719752, Emax=186.44848970
realization 18 / 300 ... accepted 18. Emin=0.74129928, Emax=184.23976613
realization 19 / 300 ... accepted 19. Emin=-4.85335523, Emax=181.67094548
realization 20 / 300 ... accepted 20. Emin=-2.94969777, Emax=184.11573013
realization 21 / 300 ... accepted 21. Emin=-5.18316176, Emax=179.60089095
realization 22 / 300 ... accepted 22. Emin=0.83238537, Emax=184.17331746
realization 23 / 300 ... accepted 23. Emin=0.94480672, Emax=187.78120612
realization 24 / 300 ... accepted 24. Emin=-4.17806372, Emax=180.48463904
realization 25 / 300 ... accepted 25. Emin=-0.62132299, Emax=186.31742332
realization 26 / 300 ... accepted 26. Emin=-1.46486760, Emax=182.91113919
realization 27 / 300 ... accepted 27. Emin=-3.63941298, Emax=182.90532755
realization 28 / 300 ... accepted 28. Emin=-2.64584469, Emax=183.32855951
realization 29 / 300 ... accepted 29. Emin=-3.70536654, Emax=179.92616094
realization 30 / 300 ... accepted 30. Emin=-0.23145707, Emax=185.52041606
realization 31 / 300 ... accepted 31. Emin=2.09078539, Emax=187.24437411
realization 32 / 300 ... accepted 32. Emin=-0.48831988, Emax=186.89180106
realization 33 / 300 ... accepted 33. Emin=1.70202593, Emax=187.76875732
realization 34 / 300 ... accepted 34. Emin=-7.36855832, Emax=177.76968138
realization 35 / 300 ... accepted 35. Emin=-1.45902990, Emax=182.23689211
realization 36 / 300 ... accepted 36. Emin=-0.96221359, Emax=187.10515834
realization 37 / 300 ... accepted 37. Emin=-1.46800458, Emax=186.07905817
realization 38 / 300 ... accepted 38. Emin=0.49460899, Emax=188.12622547
realization 39 / 300 ... accepted 39. Emin=1.49534524, Emax=188.63399906
realization 40 / 300 ... accepted 40. Emin=4.54097950, Emax=187.81130101
realization 41 / 300 ... accepted 41. Emin=0.43082662, Emax=183.96744006
realization 42 / 300 ... accepted 42. Emin=3.92037866, Emax=188.46330683
realization 43 / 300 ... accepted 43. Emin=1.46558159, Emax=187.45895243
realization 44 / 300 ... accepted 44. Emin=-2.76048360, Emax=184.34318623
realization 45 / 300 ... accepted 45. Emin=-2.02172406, Emax=183.74216934
realization 46 / 300 ... accepted 46. Emin=3.46080857, Emax=184.71396835
realization 47 / 300 ... accepted 47. Emin=-1.23262438, Emax=182.39690826
realization 48 / 300 ... accepted 48. Emin=-2.21298853, Emax=184.14650432
realization 49 / 300 ... accepted 49. Emin=2.74400021, Emax=187.22308427
realization 50 / 300 ... accepted 50. Emin=-2.90500293, Emax=180.53924243
realization 51 / 300 ... accepted 51. Emin=0.92578901, Emax=185.69250461
realization 52 / 300 ... accepted 52. Emin=-3.06208723, Emax=181.73449639
realization 53 / 300 ... accepted 53. Emin=-2.75200089, Emax=180.83138661
realization 54 / 300 ... accepted 54. Emin=-6.28526585, Emax=178.23942865
realization 55 / 300 ... accepted 55. Emin=2.33184075, Emax=188.87486696
realization 56 / 300 ... accepted 56. Emin=-2.31064322, Emax=181.30022784
realization 57 / 300 ... accepted 57. Emin=1.31336372, Emax=187.42669198
realization 58 / 300 ... accepted 58. Emin=-1.13523608, Emax=185.60721903
realization 59 / 300 ... accepted 59. Emin=-2.41501619, Emax=184.29879129
realization 60 / 300 ... accepted 60. Emin=0.00909706, Emax=185.72456118
realization 61 / 300 ... accepted 61. Emin=0.18899731, Emax=187.58068917
realization 62 / 300 ... accepted 62. Emin=5.06443228, Emax=190.96123314
realization 63 / 300 ... accepted 63. Emin=-5.12112292, Emax=178.87621017
realization 64 / 300 ... accepted 64. Emin=-3.09838393, Emax=183.99602970
realization 65 / 300 ... accepted 65. Emin=-0.35293160, Emax=185.30757342
realization 66 / 300 ... accepted 66. Emin=-3.11245474, Emax=183.66806505
realization 67 / 300 ... accepted 67. Emin=-1.96209171, Emax=186.22467893
realization 68 / 300 ... accepted 68. Emin=-3.55995256, Emax=183.18662339
realization 69 / 300 ... accepted 69. Emin=3.18781724, Emax=186.29801424
realization 70 / 300 ... accepted 70. Emin=2.95048372, Emax=185.88402814
realization 71 / 300 ... accepted 71. Emin=2.23591414, Emax=190.36222589
realization 72 / 300 ... accepted 72. Emin=-6.10877995, Emax=176.36084695
realization 73 / 300 ... accepted 73. Emin=2.14392212, Emax=187.14644569
realization 74 / 300 ... accepted 74. Emin=-4.55424347, Emax=181.52651198
realization 75 / 300 ... accepted 75. Emin=2.09002115, Emax=187.70805415
realization 76 / 300 ... accepted 76. Emin=-0.59227471, Emax=184.27827997
realization 77 / 300 ... accepted 77. Emin=1.52894097, Emax=186.41148601
realization 78 / 300 ... accepted 78. Emin=-1.89857261, Emax=182.19950564
realization 79 / 300 ... accepted 79. Emin=1.63667985, Emax=186.20984746
realization 80 / 300 ... accepted 80. Emin=0.27091967, Emax=185.64869749
realization 81 / 300 ... accepted 81. Emin=2.95840538, Emax=188.42933818
realization 82 / 300 ... accepted 82. Emin=-3.07770392, Emax=184.07792007
realization 83 / 300 ... accepted 83. Emin=-1.44757156, Emax=184.62822491
realization 84 / 300 ... accepted 84. Emin=-1.45222884, Emax=181.51711886
realization 85 / 300 ... accepted 85. Emin=-2.84982050, Emax=180.69244923
realization 86 / 300 ... accepted 86. Emin=-4.73197536, Emax=179.07866772
realization 87 / 300 ... accepted 87. Emin=0.69636244, Emax=188.32838945
realization 88 / 300 ... accepted 88. Emin=-3.14197900, Emax=179.03423863
realization 89 / 300 ... accepted 89. Emin=-1.59968258, Emax=184.58089286
realization 90 / 300 ... accepted 90. Emin=-5.08348222, Emax=179.95095866
realization 91 / 300 ... accepted 91. Emin=-4.98859790, Emax=181.09151095
realization 92 / 300 ... accepted 92. Emin=-2.41767486, Emax=183.55321383
realization 93 / 300 ... accepted 93. Emin=-2.56462349, Emax=182.68423377
realization 94 / 300 ... accepted 94. Emin=2.35080966, Emax=188.83360247
realization 95 / 300 ... accepted 95. Emin=-1.94500521, Emax=185.45773048
realization 96 / 300 ... accepted 96. Emin=-1.41157170, Emax=185.54890050
realization 97 / 300 ... accepted 97. Emin=2.84518213, Emax=189.17684256
realization 98 / 300 ... accepted 98. Emin=-6.38463497, Emax=177.47776299
realization 99 / 300 ... accepted 99. Emin=-5.65343302, Emax=179.90837114
realization 100 / 300 ... accepted 100. Emin=-3.03335826, Emax=181.96738617
realization 101 / 300 ... accepted 101. Emin=3.60511758, Emax=187.46747325
realization 102 / 300 ... accepted 102. Emin=4.11349702, Emax=189.41532149
realization 103 / 300 ... accepted 103. Emin=1.31500961, Emax=189.41313579
realization 104 / 300 ... accepted 104. Emin=-1.60087845, Emax=184.78205072
realization 105 / 300 ... accepted 105. Emin=1.21487816, Emax=185.03648927
realization 106 / 300 ... accepted 106. Emin=3.40562514, Emax=186.87154377
realization 107 / 300 ... accepted 107. Emin=-0.51293026, Emax=185.57907655
realization 108 / 300 ... accepted 108. Emin=-4.26270491, Emax=181.86678843
realization 109 / 300 ... accepted 109. Emin=-0.79589310, Emax=183.51219989
realization 110 / 300 ... accepted 110. Emin=1.83577339, Emax=187.97516423
realization 111 / 300 ... accepted 111. Emin=-1.17706451, Emax=187.51907277
realization 112 / 300 ... accepted 112. Emin=0.48428209, Emax=185.40284532
realization 113 / 300 ... accepted 113. Emin=-3.93846744, Emax=181.91662181
realization 114 / 300 ... accepted 114. Emin=-1.22331033, Emax=182.95011824
realization 115 / 300 ... accepted 115. Emin=4.98077695, Emax=189.54265549
realization 116 / 300 ... accepted 116. Emin=1.86299393, Emax=186.77821551
realization 117 / 300 ... accepted 117. Emin=1.17459983, Emax=188.35519875
realization 118 / 300 ... accepted 118. Emin=-1.36554356, Emax=185.26116554
realization 119 / 300 ... accepted 119. Emin=-3.02753177, Emax=180.97421299
realization 120 / 300 ... accepted 120. Emin=1.42714926, Emax=186.43201272
realization 121 / 300 ... accepted 121. Emin=0.84346558, Emax=187.09387657
realization 122 / 300 ... accepted 122. Emin=6.31334315, Emax=188.48322013
realization 123 / 300 ... accepted 123. Emin=-1.17372874, Emax=182.38936415
realization 124 / 300 ... accepted 124. Emin=-1.21949798, Emax=189.06941175
realization 125 / 300 ... accepted 125. Emin=-6.07612065, Emax=178.43511559
realization 126 / 300 ... accepted 126. Emin=-2.57088322, Emax=184.27618074
realization 127 / 300 ... accepted 127. Emin=-0.49133950, Emax=186.09472948
realization 128 / 300 ... accepted 128. Emin=2.69408107, Emax=189.73856248
realization 129 / 300 ... accepted 129. Emin=0.94470257, Emax=187.39342214
realization 130 / 300 ... accepted 130. Emin=-2.61251956, Emax=184.93108571
realization 131 / 300 ... accepted 131. Emin=-0.05612215, Emax=185.45880862
realization 132 / 300 ... accepted 132. Emin=0.86988466, Emax=188.64044164
realization 133 / 300 ... accepted 133. Emin=-1.76529433, Emax=184.92184495
realization 134 / 300 ... accepted 134. Emin=3.02850043, Emax=187.50888195
realization 135 / 300 ... accepted 135. Emin=-6.33196278, Emax=178.24766577
realization 136 / 300 ... accepted 136. Emin=-3.16435421, Emax=180.98787397
realization 137 / 300 ... accepted 137. Emin=4.33311345, Emax=191.01913021
realization 138 / 300 ... accepted 138. Emin=1.08653373, Emax=187.95941372
realization 139 / 300 ... accepted 139. Emin=-3.51019808, Emax=182.36033877
realization 140 / 300 ... accepted 140. Emin=-2.34376649, Emax=180.88994922
realization 141 / 300 ... accepted 141. Emin=-1.48183782, Emax=187.81237924
realization 142 / 300 ... accepted 142. Emin=-1.05652983, Emax=185.36050579
realization 143 / 300 ... accepted 143. Emin=1.46639150, Emax=190.34115046
realization 144 / 300 ... accepted 144. Emin=-2.64436555, Emax=186.04387603
realization 145 / 300 ... accepted 145. Emin=1.47808720, Emax=187.98718961
realization 146 / 300 ... accepted 146. Emin=-1.82698181, Emax=183.41944587
realization 147 / 300 ... accepted 147. Emin=0.56771929, Emax=187.27252350
realization 148 / 300 ... accepted 148. Emin=2.17306123, Emax=186.68738613
realization 149 / 300 ... accepted 149. Emin=0.80027433, Emax=187.40014850
realization 150 / 300 ... accepted 150. Emin=1.53141736, Emax=185.21544849
realization 151 / 300 ... accepted 151. Emin=-1.93537848, Emax=181.37704159
realization 152 / 300 ... accepted 152. Emin=-0.60201541, Emax=182.51017000
realization 153 / 300 ... accepted 153. Emin=-3.92002406, Emax=182.63802214
realization 154 / 300 ... accepted 154. Emin=-0.47485257, Emax=187.97816467
realization 155 / 300 ... accepted 155. Emin=-2.69213548, Emax=182.37204084
realization 156 / 300 ... accepted 156. Emin=-5.00774365, Emax=178.18616303
realization 157 / 300 ... accepted 157. Emin=0.14757449, Emax=185.63796697
realization 158 / 300 ... accepted 158. Emin=5.99344611, Emax=190.92599673
realization 159 / 300 ... accepted 159. Emin=5.22349334, Emax=189.41482989
realization 160 / 300 ... accepted 160. Emin=-5.25694075, Emax=179.60251701
realization 161 / 300 ... accepted 161. Emin=0.56931365, Emax=184.48660286
realization 162 / 300 ... accepted 162. Emin=-1.89817318, Emax=183.25021617
realization 163 / 300 ... accepted 163. Emin=-1.17554756, Emax=185.77925968
realization 164 / 300 ... accepted 164. Emin=1.74299807, Emax=187.39217678
realization 165 / 300 ... accepted 165. Emin=-0.48722850, Emax=182.98899024
realization 166 / 300 ... accepted 166. Emin=0.26742423, Emax=187.92589031
realization 167 / 300 ... accepted 167. Emin=-2.37899740, Emax=184.16555152
realization 168 / 300 ... accepted 168. Emin=1.69742863, Emax=189.85879971
realization 169 / 300 ... accepted 169. Emin=-3.15755529, Emax=181.45023628
realization 170 / 300 ... accepted 170. Emin=2.03405422, Emax=188.67388718
realization 171 / 300 ... accepted 171. Emin=0.31357286, Emax=184.56917903
realization 172 / 300 ... accepted 172. Emin=1.96607976, Emax=188.45012562
realization 173 / 300 ... accepted 173. Emin=2.29906172, Emax=186.51676708
realization 174 / 300 ... accepted 174. Emin=-1.29539641, Emax=185.44498872
realization 175 / 300 ... accepted 175. Emin=-4.59837831, Emax=178.06581074
realization 176 / 300 ... accepted 176. Emin=4.54933150, Emax=188.76096954
realization 177 / 300 ... accepted 177. Emin=0.32681831, Emax=187.49264783
realization 178 / 300 ... accepted 178. Emin=-1.88699989, Emax=183.29685543
realization 179 / 300 ... accepted 179. Emin=2.09898773, Emax=187.79087602
realization 180 / 300 ... accepted 180. Emin=2.98445674, Emax=187.89498522
realization 181 / 300 ... accepted 181. Emin=6.12969363, Emax=190.75321391
realization 182 / 300 ... accepted 182. Emin=-0.10649980, Emax=186.66146178
realization 183 / 300 ... accepted 183. Emin=-4.52776016, Emax=180.87522132
realization 184 / 300 ... accepted 184. Emin=-2.25552258, Emax=183.33614647
realization 185 / 300 ... accepted 185. Emin=1.03601149, Emax=188.25461067
realization 186 / 300 ... accepted 186. Emin=5.20139499, Emax=190.54256430
realization 187 / 300 ... accepted 187. Emin=2.10020202, Emax=187.40866310
realization 188 / 300 ... accepted 188. Emin=-1.24409593, Emax=184.26568849
realization 189 / 300 ... accepted 189. Emin=-1.89715228, Emax=184.40567694
realization 190 / 300 ... accepted 190. Emin=-0.02167441, Emax=186.31284594
realization 191 / 300 ... accepted 191. Emin=0.19451404, Emax=186.08713052
realization 192 / 300 ... accepted 192. Emin=-1.60499475, Emax=184.81801322
realization 193 / 300 ... accepted 193. Emin=-0.69709794, Emax=184.50718390
realization 194 / 300 ... accepted 194. Emin=-1.91327074, Emax=185.15344883
realization 195 / 300 ... accepted 195. Emin=-1.59796149, Emax=184.60089699
realization 196 / 300 ... accepted 196. Emin=0.37022802, Emax=188.08684988
realization 197 / 300 ... accepted 197. Emin=1.04122476, Emax=185.90244520
realization 198 / 300 ... accepted 198. Emin=-4.47100318, Emax=180.30223678
realization 199 / 300 ... accepted 199. Emin=0.54590941, Emax=185.35742561
realization 200 / 300 ... accepted 200. Emin=4.32727028, Emax=190.87719966
realization 201 / 300 ... accepted 201. Emin=-1.69969821, Emax=185.50206042
realization 202 / 300 ... accepted 202. Emin=1.62552241, Emax=186.25752042
realization 203 / 300 ... accepted 203. Emin=1.76428814, Emax=185.97633857
realization 204 / 300 ... accepted 204. Emin=-2.22602923, Emax=184.95170192
realization 205 / 300 ... accepted 205. Emin=0.38843625, Emax=186.87765004
realization 206 / 300 ... accepted 206. Emin=2.23013345, Emax=191.17181869
realization 207 / 300 ... accepted 207. Emin=1.13628825, Emax=185.74572422
realization 208 / 300 ... accepted 208. Emin=1.71782377, Emax=185.03911885
realization 209 / 300 ... accepted 209. Emin=2.67229882, Emax=187.17727122
realization 210 / 300 ... accepted 210. Emin=-2.38093602, Emax=182.22378645
realization 211 / 300 ... accepted 211. Emin=1.50879223, Emax=189.26511167
realization 212 / 300 ... accepted 212. Emin=-3.56438935, Emax=183.81745255
realization 213 / 300 ... accepted 213. Emin=-0.80129112, Emax=184.07642823
realization 214 / 300 ... accepted 214. Emin=-1.93112046, Emax=186.68241231
realization 215 / 300 ... accepted 215. Emin=-2.33463525, Emax=183.57253148
realization 216 / 300 ... accepted 216. Emin=2.80815393, Emax=188.25352312
realization 217 / 300 ... accepted 217. Emin=-3.27596913, Emax=184.43677402
realization 218 / 300 ... accepted 218. Emin=-6.53622792, Emax=177.62138607
realization 219 / 300 ... accepted 219. Emin=-1.78309749, Emax=187.17964489
realization 220 / 300 ... accepted 220. Emin=-0.88893997, Emax=183.99468697
realization 221 / 300 ... accepted 221. Emin=1.95238375, Emax=187.24603084
realization 222 / 300 ... accepted 222. Emin=4.33683493, Emax=189.36028504
realization 223 / 300 ... accepted 223. Emin=3.09536058, Emax=188.52006777
realization 224 / 300 ... accepted 224. Emin=-0.77554841, Emax=186.94925467
realization 225 / 300 ... accepted 225. Emin=1.05763206, Emax=186.67255455
realization 226 / 300 ... accepted 226. Emin=-1.33944753, Emax=185.49395908
realization 227 / 300 ... accepted 227. Emin=-1.94000238, Emax=183.16156038
realization 228 / 300 ... accepted 228. Emin=-4.52948650, Emax=182.50385555
realization 229 / 300 ... accepted 229. Emin=-1.07960493, Emax=184.47388200
realization 230 / 300 ... accepted 230. Emin=-5.94866627, Emax=175.70415289
realization 231 / 300 ... accepted 231. Emin=-1.86154309, Emax=183.52620485
realization 232 / 300 ... accepted 232. Emin=2.18171700, Emax=188.86776436
realization 233 / 300 ... accepted 233. Emin=2.71571682, Emax=188.64608379
realization 234 / 300 ... accepted 234. Emin=-0.45897656, Emax=188.72681574
realization 235 / 300 ... accepted 235. Emin=-1.99191371, Emax=182.51586185
realization 236 / 300 ... accepted 236. Emin=-2.11831805, Emax=182.93928324
realization 237 / 300 ... accepted 237. Emin=-0.02492273, Emax=184.74008734
realization 238 / 300 ... accepted 238. Emin=-2.06425249, Emax=181.75856546
realization 239 / 300 ... accepted 239. Emin=-0.79740433, Emax=187.77009528
realization 240 / 300 ... accepted 240. Emin=6.34740100, Emax=188.81061326
realization 241 / 300 ... accepted 241. Emin=0.53845696, Emax=187.01542608
realization 242 / 300 ... accepted 242. Emin=-1.80088172, Emax=182.73003048
realization 243 / 300 ... accepted 243. Emin=-1.93522809, Emax=183.26526014
realization 244 / 300 ... accepted 244. Emin=-1.83116634, Emax=186.09022181
realization 245 / 300 ... accepted 245. Emin=-0.50137474, Emax=184.18066617
realization 246 / 300 ... accepted 246. Emin=5.82093551, Emax=189.95739876
realization 247 / 300 ... accepted 247. Emin=-3.63557633, Emax=184.97576158
realization 248 / 300 ... accepted 248. Emin=0.98180686, Emax=187.36640798
realization 249 / 300 ... accepted 249. Emin=2.62983549, Emax=190.18377740
realization 250 / 300 ... accepted 250. Emin=-3.17232549, Emax=180.64137072
realization 251 / 300 ... accepted 251. Emin=-1.26973519, Emax=186.35413569
realization 252 / 300 ... accepted 252. Emin=-1.81748683, Emax=184.39245080
realization 253 / 300 ... accepted 253. Emin=3.68993095, Emax=187.87954366
realization 254 / 300 ... accepted 254. Emin=-0.16113348, Emax=188.81492451
realization 255 / 300 ... accepted 255. Emin=2.10163788, Emax=190.17007527
realization 256 / 300 ... accepted 256. Emin=-3.29194282, Emax=183.07588824
realization 257 / 300 ... accepted 257. Emin=-0.86569995, Emax=185.59390876
realization 258 / 300 ... accepted 258. Emin=-0.55666273, Emax=183.74738571
realization 259 / 300 ... accepted 259. Emin=-7.88534594, Emax=173.50359946
realization 260 / 300 ... accepted 260. Emin=-5.61068270, Emax=178.38121728
realization 261 / 300 ... accepted 261. Emin=-2.09815962, Emax=183.69228444
realization 262 / 300 ... accepted 262. Emin=-1.35871378, Emax=186.63113877
realization 263 / 300 ... accepted 263. Emin=-2.35976788, Emax=181.55845817
realization 264 / 300 ... accepted 264. Emin=-2.26439941, Emax=184.64403843
realization 265 / 300 ... accepted 265. Emin=1.75785839, Emax=188.52029758
realization 266 / 300 ... accepted 266. Emin=1.46786229, Emax=187.13423016
realization 267 / 300 ... accepted 267. Emin=4.43577901, Emax=189.59935656
realization 268 / 300 ... accepted 268. Emin=-0.76470211, Emax=183.17151872
realization 269 / 300 ... accepted 269. Emin=-4.49808246, Emax=181.15092478
realization 270 / 300 ... accepted 270. Emin=-3.80141284, Emax=183.47790830
realization 271 / 300 ... accepted 271. Emin=1.51155214, Emax=187.84550129
realization 272 / 300 ... accepted 272. Emin=-0.96436565, Emax=188.23397315
realization 273 / 300 ... accepted 273. Emin=1.86384149, Emax=188.42343308
realization 274 / 300 ... accepted 274. Emin=3.33744881, Emax=189.11710874
realization 275 / 300 ... accepted 275. Emin=0.31232160, Emax=183.80297133
realization 276 / 300 ... accepted 276. Emin=1.12750245, Emax=185.73666495
realization 277 / 300 ... accepted 277. Emin=-1.72089898, Emax=181.89196123
realization 278 / 300 ... accepted 278. Emin=2.01889776, Emax=186.36910398
realization 279 / 300 ... accepted 279. Emin=1.30314588, Emax=187.68672477
realization 280 / 300 ... accepted 280. Emin=-1.54210345, Emax=184.74618516
realization 281 / 300 ... accepted 281. Emin=-0.45448455, Emax=188.88234455
realization 282 / 300 ... accepted 282. Emin=-3.33639624, Emax=182.84618929
realization 283 / 300 ... accepted 283. Emin=-1.63682992, Emax=185.50541302
realization 284 / 300 ... accepted 284. Emin=1.46370110, Emax=187.70420209
realization 285 / 300 ... accepted 285. Emin=-0.73113446, Emax=184.88377658
realization 286 / 300 ... accepted 286. Emin=-3.69487816, Emax=183.90275446
realization 287 / 300 ... accepted 287. Emin=2.37446165, Emax=187.08224217
realization 288 / 300 ... accepted 288. Emin=-0.89247190, Emax=187.42422995
realization 289 / 300 ... accepted 289. Emin=1.19291514, Emax=189.68542253
realization 290 / 300 ... accepted 290. Emin=0.36007955, Emax=189.68875331
realization 291 / 300 ... accepted 291. Emin=-1.88966749, Emax=183.23830592
realization 292 / 300 ... accepted 292. Emin=0.46692882, Emax=187.01750967
realization 293 / 300 ... accepted 293. Emin=-2.66150539, Emax=184.71984915
realization 294 / 300 ... accepted 294. Emin=-1.03512443, Emax=185.51166275
realization 295 / 300 ... accepted 295. Emin=2.71530804, Emax=189.43756142
realization 296 / 300 ... accepted 296. Emin=3.37867533, Emax=188.46801756
realization 297 / 300 ... accepted 297. Emin=0.42866862, Emax=188.72671561
realization 298 / 300 ... accepted 298. Emin=-2.94364643, Emax=182.83869361
realization 299 / 300 ... accepted 299. Emin=2.24429124, Emax=190.49686499
realization 300 / 300 ... accepted 300. Emin=1.43380946, Emax=188.59341309
Saved final energies: /home/2/kj405942/POLFED_bosons/pbs_bose_legacy_nmax2_periodic/data/U_30/W_2/L_6/N_6_nmax_2/boundary_periodic/energies_full_U30_L6_N6_nmax2_W2_boundaryperiodic_nreal300.txt
Accepted realizations: 300 / 300
Skipped realizations: 0
Job finished at Sun May 31 17:12:50 UTC 2026
