Job started on w30 at Sun May 31 17:11:17 UTC 2026
PBS_JOBID=7731513.kruk-host.ift-klaster.lan
PBS_O_WORKDIR=/home/2/kj405942/POLFED_bosons
Bose-Hubbard: L=6, N=6, nmax=2, dim=141
t=1, U=30, W=9, nreal=300, boundary=periodic, mode=full
Writing partial results to /home/2/kj405942/POLFED_bosons/pbs_bose_legacy_nmax2_periodic/data/U_30/W_9/L_6/N_6_nmax_2/boundary_periodic/energies_full_U30_L6_N6_nmax2_W9_boundaryperiodic_nreal300_partial.txt
realization 1 / 300 ... accepted 1. Emin=22.69222020, Emax=221.40170249
realization 2 / 300 ... accepted 2. Emin=13.24432411, Emax=214.67058552
realization 3 / 300 ... accepted 3. Emin=-2.09134252, Emax=195.48761896
realization 4 / 300 ... accepted 4. Emin=-1.56706994, Emax=211.05934851
realization 5 / 300 ... accepted 5. Emin=-14.74473651, Emax=191.69140886
realization 6 / 300 ... accepted 6. Emin=14.41705928, Emax=216.80608976
realization 7 / 300 ... accepted 7. Emin=-10.96111537, Emax=188.71617041
realization 8 / 300 ... accepted 8. Emin=-7.47257225, Emax=193.88797126
realization 9 / 300 ... accepted 9. Emin=7.53781573, Emax=204.27181632
realization 10 / 300 ... accepted 10. Emin=0.63975324, Emax=201.25156905
realization 11 / 300 ... accepted 11. Emin=-16.43956885, Emax=174.31913596
realization 12 / 300 ... accepted 12. Emin=-7.20331062, Emax=191.22415673
realization 13 / 300 ... accepted 13. Emin=9.48188752, Emax=212.85283103
realization 14 / 300 ... accepted 14. Emin=8.14263635, Emax=194.87419747
realization 15 / 300 ... accepted 15. Emin=-4.65111137, Emax=205.91860016
realization 16 / 300 ... accepted 16. Emin=25.63536776, Emax=223.35929954
realization 17 / 300 ... accepted 17. Emin=7.44515728, Emax=208.16773562
realization 18 / 300 ... accepted 18. Emin=-7.40710937, Emax=193.00126306
realization 19 / 300 ... accepted 19. Emin=-6.75936731, Emax=203.16434886
realization 20 / 300 ... accepted 20. Emin=-5.30160332, Emax=207.88348003
realization 21 / 300 ... accepted 21. Emin=14.26006925, Emax=217.30998309
realization 22 / 300 ... accepted 22. Emin=13.78953223, Emax=216.90668103
realization 23 / 300 ... accepted 23. Emin=-16.28521554, Emax=186.30820759
realization 24 / 300 ... accepted 24. Emin=18.38405815, Emax=226.64347326
realization 25 / 300 ... accepted 25. Emin=-3.39282287, Emax=197.49651882
realization 26 / 300 ... accepted 26. Emin=-14.34082167, Emax=186.17985594
realization 27 / 300 ... accepted 27. Emin=6.99834166, Emax=206.26837029
realization 28 / 300 ... accepted 28. Emin=-6.93350220, Emax=198.36191775
realization 29 / 300 ... accepted 29. Emin=-3.76877477, Emax=200.35821936
realization 30 / 300 ... accepted 30. Emin=-5.82547292, Emax=196.29745878
realization 31 / 300 ... accepted 31. Emin=-1.20513334, Emax=204.19777207
realization 32 / 300 ... accepted 32. Emin=-1.53494138, Emax=206.02926922
realization 33 / 300 ... accepted 33. Emin=15.95798553, Emax=223.09766024
realization 34 / 300 ... accepted 34. Emin=7.28770040, Emax=213.65093106
realization 35 / 300 ... accepted 35. Emin=-23.34263295, Emax=169.63708591
realization 36 / 300 ... accepted 36. Emin=-21.85631124, Emax=179.17655288
realization 37 / 300 ... accepted 37. Emin=-5.40955223, Emax=198.04935459
realization 38 / 300 ... accepted 38. Emin=1.04133483, Emax=190.82041325
realization 39 / 300 ... accepted 39. Emin=-4.95457070, Emax=196.77116776
realization 40 / 300 ... accepted 40. Emin=11.26017281, Emax=217.48516002
realization 41 / 300 ... accepted 41. Emin=-5.73970907, Emax=204.23753803
realization 42 / 300 ... accepted 42. Emin=7.62649493, Emax=218.68404932
realization 43 / 300 ... accepted 43. Emin=20.43344070, Emax=217.39462242
realization 44 / 300 ... accepted 44. Emin=7.08028847, Emax=212.92507297
realization 45 / 300 ... accepted 45. Emin=-13.47532460, Emax=195.80567076
realization 46 / 300 ... accepted 46. Emin=7.99576519, Emax=210.09369474
realization 47 / 300 ... accepted 47. Emin=-1.52842222, Emax=206.34578477
realization 48 / 300 ... accepted 48. Emin=21.16052813, Emax=227.52414392
realization 49 / 300 ... accepted 49. Emin=-15.87811938, Emax=195.68370476
realization 50 / 300 ... accepted 50. Emin=1.74834153, Emax=212.69767149
realization 51 / 300 ... accepted 51. Emin=2.43256213, Emax=205.87357660
realization 52 / 300 ... accepted 52. Emin=-2.73785758, Emax=206.12148416
realization 53 / 300 ... accepted 53. Emin=9.34694430, Emax=214.34553745
realization 54 / 300 ... accepted 54. Emin=19.80800527, Emax=206.02711798
realization 55 / 300 ... accepted 55. Emin=5.98000536, Emax=202.29332506
realization 56 / 300 ... accepted 56. Emin=-7.37573180, Emax=195.17263278
realization 57 / 300 ... accepted 57. Emin=5.95087680, Emax=213.97876361
realization 58 / 300 ... accepted 58. Emin=2.17003241, Emax=218.99795425
realization 59 / 300 ... accepted 59. Emin=22.35068525, Emax=219.65181825
realization 60 / 300 ... accepted 60. Emin=-6.52350774, Emax=215.22445746
realization 61 / 300 ... accepted 61. Emin=-16.43027247, Emax=189.57694214
realization 62 / 300 ... accepted 62. Emin=23.39299051, Emax=212.13069622
realization 63 / 300 ... accepted 63. Emin=1.08347939, Emax=211.47998121
realization 64 / 300 ... accepted 64. Emin=12.36358852, Emax=211.73925004
realization 65 / 300 ... accepted 65. Emin=12.10881067, Emax=208.58935947
realization 66 / 300 ... accepted 66. Emin=-7.02405067, Emax=200.75098392
realization 67 / 300 ... accepted 67. Emin=-16.97454663, Emax=194.30839376
realization 68 / 300 ... accepted 68. Emin=3.37079870, Emax=208.61130234
realization 69 / 300 ... accepted 69. Emin=9.23513378, Emax=210.00248747
realization 70 / 300 ... accepted 70. Emin=-14.82491986, Emax=192.78556946
realization 71 / 300 ... accepted 71. Emin=7.13679020, Emax=213.16235316
realization 72 / 300 ... accepted 72. Emin=-2.25974634, Emax=201.86064709
realization 73 / 300 ... accepted 73. Emin=-0.08651551, Emax=192.64252396
realization 74 / 300 ... accepted 74. Emin=-6.17883559, Emax=198.25190742
realization 75 / 300 ... accepted 75. Emin=-7.43638158, Emax=191.00185797
realization 76 / 300 ... accepted 76. Emin=-12.73680168, Emax=196.08805159
realization 77 / 300 ... accepted 77. Emin=26.69784500, Emax=218.14953046
realization 78 / 300 ... accepted 78. Emin=13.43167308, Emax=213.28556595
realization 79 / 300 ... accepted 79. Emin=-16.46196708, Emax=184.74629410
realization 80 / 300 ... accepted 80. Emin=-5.53502057, Emax=207.56701484
realization 81 / 300 ... accepted 81. Emin=-12.73748406, Emax=190.64753655
realization 82 / 300 ... accepted 82. Emin=-13.20690442, Emax=185.18957214
realization 83 / 300 ... accepted 83. Emin=-5.51490436, Emax=197.77381726
realization 84 / 300 ... accepted 84. Emin=3.71398763, Emax=200.03336518
realization 85 / 300 ... accepted 85. Emin=2.60273480, Emax=208.73676591
realization 86 / 300 ... accepted 86. Emin=-1.99736301, Emax=192.92518830
realization 87 / 300 ... accepted 87. Emin=-14.27392123, Emax=188.44258397
realization 88 / 300 ... accepted 88. Emin=-7.02503510, Emax=194.21765066
realization 89 / 300 ... accepted 89. Emin=0.16239877, Emax=209.50423317
realization 90 / 300 ... accepted 90. Emin=-2.56545957, Emax=195.83778075
realization 91 / 300 ... accepted 91. Emin=18.95269670, Emax=223.27444640
realization 92 / 300 ... accepted 92. Emin=-8.02282000, Emax=198.77156022
realization 93 / 300 ... accepted 93. Emin=2.08787762, Emax=208.95368782
realization 94 / 300 ... accepted 94. Emin=-5.36804902, Emax=196.56553615
realization 95 / 300 ... accepted 95. Emin=-6.12114082, Emax=186.01386074
realization 96 / 300 ... accepted 96. Emin=4.34900938, Emax=205.84831007
realization 97 / 300 ... accepted 97. Emin=12.27272350, Emax=231.79364051
realization 98 / 300 ... accepted 98. Emin=2.23721896, Emax=208.06260287
realization 99 / 300 ... accepted 99. Emin=-21.68194732, Emax=180.14670539
realization 100 / 300 ... accepted 100. Emin=-6.78267538, Emax=200.24509248
realization 101 / 300 ... accepted 101. Emin=-6.73516334, Emax=194.26291749
realization 102 / 300 ... accepted 102. Emin=-22.70232737, Emax=180.05672112
realization 103 / 300 ... accepted 103. Emin=10.20882484, Emax=214.91333957
realization 104 / 300 ... accepted 104. Emin=-3.93788818, Emax=208.42611280
realization 105 / 300 ... accepted 105. Emin=-8.48139702, Emax=189.63812609
realization 106 / 300 ... accepted 106. Emin=-12.24705972, Emax=193.35591241
realization 107 / 300 ... accepted 107. Emin=1.34858614, Emax=214.60635702
realization 108 / 300 ... accepted 108. Emin=-9.55586642, Emax=201.35542519
realization 109 / 300 ... accepted 109. Emin=-13.96415370, Emax=175.77864651
realization 110 / 300 ... accepted 110. Emin=-22.41874450, Emax=174.14473967
realization 111 / 300 ... accepted 111. Emin=-2.67306855, Emax=209.73318543
realization 112 / 300 ... accepted 112. Emin=5.02765614, Emax=208.10582740
realization 113 / 300 ... accepted 113. Emin=14.47644435, Emax=213.71509128
realization 114 / 300 ... accepted 114. Emin=-1.06760435, Emax=204.66804456
realization 115 / 300 ... accepted 115. Emin=-2.40353545, Emax=207.81136634
realization 116 / 300 ... accepted 116. Emin=1.79678755, Emax=195.14738383
realization 117 / 300 ... accepted 117. Emin=6.09267377, Emax=210.17668962
realization 118 / 300 ... accepted 118. Emin=-13.35643387, Emax=197.72563535
realization 119 / 300 ... accepted 119. Emin=7.92788934, Emax=205.01700752
realization 120 / 300 ... accepted 120. Emin=22.15270914, Emax=227.37400427
realization 121 / 300 ... accepted 121. Emin=-19.42656648, Emax=185.63121353
realization 122 / 300 ... accepted 122. Emin=6.18838060, Emax=215.19253253
realization 123 / 300 ... accepted 123. Emin=18.17797898, Emax=223.91235389
realization 124 / 300 ... accepted 124. Emin=6.22211283, Emax=215.23160452
realization 125 / 300 ... accepted 125. Emin=-40.00718936, Emax=149.55224422
realization 126 / 300 ... accepted 126. Emin=13.02085486, Emax=208.68078094
realization 127 / 300 ... accepted 127. Emin=7.57192886, Emax=212.60827530
realization 128 / 300 ... accepted 128. Emin=3.57845116, Emax=199.89333368
realization 129 / 300 ... accepted 129. Emin=-13.26340676, Emax=182.72872598
realization 130 / 300 ... accepted 130. Emin=-15.18891343, Emax=188.04831154
realization 131 / 300 ... accepted 131. Emin=8.39231871, Emax=215.48571432
realization 132 / 300 ... accepted 132. Emin=3.60034299, Emax=207.70810819
realization 133 / 300 ... accepted 133. Emin=17.16173811, Emax=218.25851828
realization 134 / 300 ... accepted 134. Emin=1.87825566, Emax=204.75275301
realization 135 / 300 ... accepted 135. Emin=-29.04055642, Emax=162.74327027
realization 136 / 300 ... accepted 136. Emin=16.66880955, Emax=228.24837284
realization 137 / 300 ... accepted 137. Emin=-14.16465040, Emax=189.56113440
realization 138 / 300 ... accepted 138. Emin=-9.66376807, Emax=193.38847353
realization 139 / 300 ... accepted 139. Emin=12.68809435, Emax=216.72722506
realization 140 / 300 ... accepted 140. Emin=2.54108031, Emax=210.38787663
realization 141 / 300 ... accepted 141. Emin=0.39900805, Emax=216.58392161
realization 142 / 300 ... accepted 142. Emin=6.67221219, Emax=213.74466452
realization 143 / 300 ... accepted 143. Emin=-6.42126311, Emax=201.52197161
realization 144 / 300 ... accepted 144. Emin=5.99215203, Emax=224.02453121
realization 145 / 300 ... accepted 145. Emin=0.62873442, Emax=211.57469899
realization 146 / 300 ... accepted 146. Emin=23.87983338, Emax=224.26259072
realization 147 / 300 ... accepted 147. Emin=9.69008354, Emax=210.42926002
realization 148 / 300 ... accepted 148. Emin=-10.54564831, Emax=182.49325780
realization 149 / 300 ... accepted 149. Emin=4.68428771, Emax=206.99225762
realization 150 / 300 ... accepted 150. Emin=-17.27622468, Emax=184.74411716
realization 151 / 300 ... accepted 151. Emin=10.14266021, Emax=222.01480928
realization 152 / 300 ... accepted 152. Emin=-15.40271555, Emax=180.88169216
realization 153 / 300 ... accepted 153. Emin=-9.30997590, Emax=197.05779085
realization 154 / 300 ... accepted 154. Emin=-14.21098967, Emax=193.34804317
realization 155 / 300 ... accepted 155. Emin=-0.58810004, Emax=207.27563801
realization 156 / 300 ... accepted 156. Emin=-3.79463394, Emax=207.54024953
realization 157 / 300 ... accepted 157. Emin=-5.94957003, Emax=194.47568035
realization 158 / 300 ... accepted 158. Emin=-10.51070217, Emax=193.59579219
realization 159 / 300 ... accepted 159. Emin=-2.41683609, Emax=196.66443745
realization 160 / 300 ... accepted 160. Emin=-16.21592592, Emax=180.49108182
realization 161 / 300 ... accepted 161. Emin=19.38397255, Emax=220.88539678
realization 162 / 300 ... accepted 162. Emin=10.96448651, Emax=205.32984754
realization 163 / 300 ... accepted 163. Emin=-29.18057691, Emax=167.40304728
realization 164 / 300 ... accepted 164. Emin=-0.49864213, Emax=213.52889422
realization 165 / 300 ... accepted 165. Emin=20.44486969, Emax=229.16023623
realization 166 / 300 ... accepted 166. Emin=17.40169637, Emax=213.55674407
realization 167 / 300 ... accepted 167. Emin=-11.28464884, Emax=193.05796150
realization 168 / 300 ... accepted 168. Emin=-4.80910808, Emax=212.18977830
realization 169 / 300 ... accepted 169. Emin=21.51091718, Emax=218.40071306
realization 170 / 300 ... accepted 170. Emin=8.80502329, Emax=224.49114919
realization 171 / 300 ... accepted 171. Emin=10.69871655, Emax=210.43095668
realization 172 / 300 ... accepted 172. Emin=-12.72975774, Emax=197.08428826
realization 173 / 300 ... accepted 173. Emin=-21.58651038, Emax=170.19461561
realization 174 / 300 ... accepted 174. Emin=14.62791993, Emax=227.63777324
realization 175 / 300 ... accepted 175. Emin=-8.80028814, Emax=202.66825340
realization 176 / 300 ... accepted 176. Emin=0.45556269, Emax=202.13078897
realization 177 / 300 ... accepted 177. Emin=-5.43220136, Emax=204.30361388
realization 178 / 300 ... accepted 178. Emin=-17.79593428, Emax=184.43003814
realization 179 / 300 ... accepted 179. Emin=-8.49312768, Emax=188.97042549
realization 180 / 300 ... accepted 180. Emin=0.28881302, Emax=202.94892918
realization 181 / 300 ... accepted 181. Emin=4.40295003, Emax=211.69537950
realization 182 / 300 ... accepted 182. Emin=28.81185060, Emax=228.66426433
realization 183 / 300 ... accepted 183. Emin=11.27475780, Emax=220.31556752
realization 184 / 300 ... accepted 184. Emin=12.17052418, Emax=211.17100455
realization 185 / 300 ... accepted 185. Emin=15.43622576, Emax=225.41895001
realization 186 / 300 ... accepted 186. Emin=-3.96584262, Emax=206.29648729
realization 187 / 300 ... accepted 187. Emin=-9.75639521, Emax=197.97435631
realization 188 / 300 ... accepted 188. Emin=-11.28680643, Emax=187.32008145
realization 189 / 300 ... accepted 189. Emin=-0.51489746, Emax=202.37688122
realization 190 / 300 ... accepted 190. Emin=-7.90759225, Emax=211.31323680
realization 191 / 300 ... accepted 191. Emin=-18.50556398, Emax=177.80810419
realization 192 / 300 ... accepted 192. Emin=-10.75652516, Emax=188.51452193
realization 193 / 300 ... accepted 193. Emin=-2.58918474, Emax=190.79788203
realization 194 / 300 ... accepted 194. Emin=-20.46951332, Emax=184.13114102
realization 195 / 300 ... accepted 195. Emin=2.58223289, Emax=208.66909642
realization 196 / 300 ... accepted 196. Emin=-2.63444437, Emax=206.04434420
realization 197 / 300 ... accepted 197. Emin=10.85435057, Emax=215.14536038
realization 198 / 300 ... accepted 198. Emin=13.22429254, Emax=215.30733765
realization 199 / 300 ... accepted 199. Emin=0.76419769, Emax=222.52932599
realization 200 / 300 ... accepted 200. Emin=11.03088907, Emax=214.76015295
realization 201 / 300 ... accepted 201. Emin=-8.98628165, Emax=186.01072791
realization 202 / 300 ... accepted 202. Emin=2.33694077, Emax=209.36584391
realization 203 / 300 ... accepted 203. Emin=8.71187107, Emax=201.72501973
realization 204 / 300 ... accepted 204. Emin=-4.79200019, Emax=201.91649489
realization 205 / 300 ... accepted 205. Emin=-7.54831730, Emax=198.84135216
realization 206 / 300 ... accepted 206. Emin=-2.08026078, Emax=203.14316158
realization 207 / 300 ... accepted 207. Emin=-1.14319961, Emax=207.39060820
realization 208 / 300 ... accepted 208. Emin=-24.41097378, Emax=171.27544993
realization 209 / 300 ... accepted 209. Emin=-43.37283444, Emax=142.97824617
realization 210 / 300 ... accepted 210. Emin=-4.41076035, Emax=194.10593983
realization 211 / 300 ... accepted 211. Emin=-8.85060152, Emax=201.97593015
realization 212 / 300 ... accepted 212. Emin=-12.65024466, Emax=186.87765411
realization 213 / 300 ... accepted 213. Emin=3.23760121, Emax=216.24139031
realization 214 / 300 ... accepted 214. Emin=-6.45184080, Emax=202.75939060
realization 215 / 300 ... accepted 215. Emin=-6.80721273, Emax=192.47504480
realization 216 / 300 ... accepted 216. Emin=-1.55554350, Emax=198.12753613
realization 217 / 300 ... accepted 217. Emin=1.94230592, Emax=214.43021740
realization 218 / 300 ... accepted 218. Emin=-6.85029350, Emax=188.30483105
realization 219 / 300 ... accepted 219. Emin=28.19101278, Emax=227.40229916
realization 220 / 300 ... accepted 220. Emin=-1.48291492, Emax=199.70445641
realization 221 / 300 ... accepted 221. Emin=4.36366125, Emax=212.32650303
realization 222 / 300 ... accepted 222. Emin=-9.69755653, Emax=182.70099488
realization 223 / 300 ... accepted 223. Emin=5.51151797, Emax=206.30412376
realization 224 / 300 ... accepted 224. Emin=1.54246261, Emax=207.39915332
realization 225 / 300 ... accepted 225. Emin=14.86089521, Emax=220.53443494
realization 226 / 300 ... accepted 226. Emin=-12.39267225, Emax=194.96526419
realization 227 / 300 ... accepted 227. Emin=-31.35820108, Emax=164.56228836
realization 228 / 300 ... accepted 228. Emin=1.71312213, Emax=198.83864661
realization 229 / 300 ... accepted 229. Emin=-8.85243353, Emax=193.58666589
realization 230 / 300 ... accepted 230. Emin=-2.70056073, Emax=212.48524664
realization 231 / 300 ... accepted 231. Emin=-27.24963383, Emax=173.56046667
realization 232 / 300 ... accepted 232. Emin=-12.15921526, Emax=192.99330373
realization 233 / 300 ... accepted 233. Emin=-13.00268733, Emax=180.75462884
realization 234 / 300 ... accepted 234. Emin=-12.34078415, Emax=193.28702769
realization 235 / 300 ... accepted 235. Emin=-16.36625154, Emax=194.41276052
realization 236 / 300 ... accepted 236. Emin=2.64042818, Emax=201.15666112
realization 237 / 300 ... accepted 237. Emin=4.62028997, Emax=215.93504097
realization 238 / 300 ... accepted 238. Emin=-14.17780926, Emax=185.55204505
realization 239 / 300 ... accepted 239. Emin=-17.16313284, Emax=178.96541059
realization 240 / 300 ... accepted 240. Emin=11.49373803, Emax=205.08711290
realization 241 / 300 ... accepted 241. Emin=-26.91510462, Emax=173.92175128
realization 242 / 300 ... accepted 242. Emin=11.85621428, Emax=215.00607410
realization 243 / 300 ... accepted 243. Emin=0.80332852, Emax=197.03065266
realization 244 / 300 ... accepted 244. Emin=-20.36067521, Emax=182.34079329
realization 245 / 300 ... accepted 245. Emin=3.84796527, Emax=203.76745402
realization 246 / 300 ... accepted 246. Emin=-14.73855544, Emax=200.44875992
realization 247 / 300 ... accepted 247. Emin=4.02336494, Emax=212.55068159
realization 248 / 300 ... accepted 248. Emin=-4.93911873, Emax=195.02927324
realization 249 / 300 ... accepted 249. Emin=-8.21882370, Emax=205.44307468
realization 250 / 300 ... accepted 250. Emin=-7.34437578, Emax=198.59944934
realization 251 / 300 ... accepted 251. Emin=12.49171293, Emax=219.79034425
realization 252 / 300 ... accepted 252. Emin=-19.42900288, Emax=181.80520931
realization 253 / 300 ... accepted 253. Emin=13.47532990, Emax=223.04128206
realization 254 / 300 ... accepted 254. Emin=-17.11024461, Emax=188.26114250
realization 255 / 300 ... accepted 255. Emin=-2.07909565, Emax=208.36322597
realization 256 / 300 ... accepted 256. Emin=12.11834978, Emax=216.57649045
realization 257 / 300 ... accepted 257. Emin=-3.73141797, Emax=201.86383313
realization 258 / 300 ... accepted 258. Emin=-8.03255527, Emax=194.02743395
realization 259 / 300 ... accepted 259. Emin=13.32766416, Emax=219.24874257
realization 260 / 300 ... accepted 260. Emin=-12.36955236, Emax=188.60002059
realization 261 / 300 ... accepted 261. Emin=12.23288600, Emax=206.27225634
realization 262 / 300 ... accepted 262. Emin=-2.48588699, Emax=205.49661827
realization 263 / 300 ... accepted 263. Emin=-15.53180051, Emax=186.69921616
realization 264 / 300 ... accepted 264. Emin=-8.69851797, Emax=197.84376213
realization 265 / 300 ... accepted 265. Emin=-20.51179618, Emax=186.50488593
realization 266 / 300 ... accepted 266. Emin=-10.64239464, Emax=187.04555905
realization 267 / 300 ... accepted 267. Emin=6.37266085, Emax=208.77895946
realization 268 / 300 ... accepted 268. Emin=-5.33531731, Emax=195.08905134
realization 269 / 300 ... accepted 269. Emin=10.31600885, Emax=210.00912676
realization 270 / 300 ... accepted 270. Emin=-1.17742972, Emax=196.96513802
realization 271 / 300 ... accepted 271. Emin=15.22785340, Emax=220.73247691
realization 272 / 300 ... accepted 272. Emin=-13.70535318, Emax=189.58363960
realization 273 / 300 ... accepted 273. Emin=-5.32018080, Emax=197.68985401
realization 274 / 300 ... accepted 274. Emin=-0.80422125, Emax=202.92685268
realization 275 / 300 ... accepted 275. Emin=-3.87367380, Emax=206.20500241
realization 276 / 300 ... accepted 276. Emin=16.94232923, Emax=213.58149891
realization 277 / 300 ... accepted 277. Emin=10.43733365, Emax=215.82760930
realization 278 / 300 ... accepted 278. Emin=-8.35479337, Emax=203.44246062
realization 279 / 300 ... accepted 279. Emin=-11.54188318, Emax=183.67137365
realization 280 / 300 ... accepted 280. Emin=5.04769824, Emax=213.49174605
realization 281 / 300 ... accepted 281. Emin=0.13293949, Emax=205.13732651
realization 282 / 300 ... accepted 282. Emin=15.07934626, Emax=214.23062352
realization 283 / 300 ... accepted 283. Emin=-15.47998688, Emax=177.90007969
realization 284 / 300 ... accepted 284. Emin=10.55250007, Emax=209.28238269
realization 285 / 300 ... accepted 285. Emin=7.33010775, Emax=206.67396816
realization 286 / 300 ... accepted 286. Emin=-18.10114669, Emax=175.12830131
realization 287 / 300 ... accepted 287. Emin=11.93371430, Emax=223.70898984
realization 288 / 300 ... accepted 288. Emin=-12.23561796, Emax=192.24577439
realization 289 / 300 ... accepted 289. Emin=-4.47942597, Emax=193.82972336
realization 290 / 300 ... accepted 290. Emin=22.46092764, Emax=224.55796164
realization 291 / 300 ... accepted 291. Emin=-7.13042372, Emax=199.26854697
realization 292 / 300 ... accepted 292. Emin=1.58164492, Emax=206.99346701
realization 293 / 300 ... accepted 293. Emin=7.76048518, Emax=217.95073351
realization 294 / 300 ... accepted 294. Emin=-17.09379373, Emax=187.34715870
realization 295 / 300 ... accepted 295. Emin=15.41025934, Emax=206.75582526
realization 296 / 300 ... accepted 296. Emin=-5.74909689, Emax=208.67875975
realization 297 / 300 ... accepted 297. Emin=20.53153148, Emax=220.06385085
realization 298 / 300 ... accepted 298. Emin=-21.27716539, Emax=177.53816557
realization 299 / 300 ... accepted 299. Emin=26.67324440, Emax=220.71499871
realization 300 / 300 ... accepted 300. Emin=12.93626222, Emax=227.89264860
Saved final energies: /home/2/kj405942/POLFED_bosons/pbs_bose_legacy_nmax2_periodic/data/U_30/W_9/L_6/N_6_nmax_2/boundary_periodic/energies_full_U30_L6_N6_nmax2_W9_boundaryperiodic_nreal300.txt
Accepted realizations: 300 / 300
Skipped realizations: 0
Job finished at Sun May 31 17:12:50 UTC 2026
