Job started on w30 at Sun May 31 17:11:14 UTC 2026
PBS_JOBID=7731510.kruk-host.ift-klaster.lan
PBS_O_WORKDIR=/home/2/kj405942/POLFED_bosons
Bose-Hubbard: L=6, N=6, nmax=2, dim=141
t=1, U=30, W=6, nreal=300, boundary=periodic, mode=full
Writing partial results to /home/2/kj405942/POLFED_bosons/pbs_bose_legacy_nmax2_periodic/data/U_30/W_6/L_6/N_6_nmax_2/boundary_periodic/energies_full_U30_L6_N6_nmax2_W6_boundaryperiodic_nreal300_partial.txt
realization 1 / 300 ... accepted 1. Emin=-5.93799511, Emax=187.81930072
realization 2 / 300 ... accepted 2. Emin=0.13001606, Emax=196.72491104
realization 3 / 300 ... accepted 3. Emin=17.00153125, Emax=213.09593629
realization 4 / 300 ... accepted 4. Emin=4.46260242, Emax=196.58557224
realization 5 / 300 ... accepted 5. Emin=-9.95014197, Emax=191.40223137
realization 6 / 300 ... accepted 6. Emin=-11.14417252, Emax=179.39157803
realization 7 / 300 ... accepted 7. Emin=-6.51449193, Emax=189.30282746
realization 8 / 300 ... accepted 8. Emin=-8.86826395, Emax=185.98285533
realization 9 / 300 ... accepted 9. Emin=-3.10092119, Emax=196.82058390
realization 10 / 300 ... accepted 10. Emin=-12.37396364, Emax=183.00267620
realization 11 / 300 ... accepted 11. Emin=14.56449548, Emax=207.51018775
realization 12 / 300 ... accepted 12. Emin=8.21407078, Emax=198.78304577
realization 13 / 300 ... accepted 13. Emin=-4.62647102, Emax=188.30579008
realization 14 / 300 ... accepted 14. Emin=-4.58321673, Emax=200.86295327
realization 15 / 300 ... accepted 15. Emin=12.06963626, Emax=210.01899482
realization 16 / 300 ... accepted 16. Emin=-5.06631363, Emax=195.75886345
realization 17 / 300 ... accepted 17. Emin=2.92016681, Emax=199.51432153
realization 18 / 300 ... accepted 18. Emin=-0.63991840, Emax=198.05232866
realization 19 / 300 ... accepted 19. Emin=1.68270441, Emax=191.29844614
realization 20 / 300 ... accepted 20. Emin=-0.51246344, Emax=194.93034279
realization 21 / 300 ... accepted 21. Emin=-5.18208371, Emax=193.23217658
realization 22 / 300 ... accepted 22. Emin=2.72974701, Emax=194.32840947
realization 23 / 300 ... accepted 23. Emin=-12.13855077, Emax=182.45363444
realization 24 / 300 ... accepted 24. Emin=-11.94500494, Emax=182.60962415
realization 25 / 300 ... accepted 25. Emin=3.75162217, Emax=202.51319048
realization 26 / 300 ... accepted 26. Emin=4.05171214, Emax=198.24968478
realization 27 / 300 ... accepted 27. Emin=-6.05720151, Emax=193.07596116
realization 28 / 300 ... accepted 28. Emin=-5.83356603, Emax=196.13596296
realization 29 / 300 ... accepted 29. Emin=0.05228126, Emax=198.85962016
realization 30 / 300 ... accepted 30. Emin=8.00624236, Emax=208.78422908
realization 31 / 300 ... accepted 31. Emin=-0.84803987, Emax=199.38024217
realization 32 / 300 ... accepted 32. Emin=-7.06602167, Emax=183.27385345
realization 33 / 300 ... accepted 33. Emin=-6.40487886, Emax=187.86771716
realization 34 / 300 ... accepted 34. Emin=5.78822536, Emax=202.56616368
realization 35 / 300 ... accepted 35. Emin=1.12742424, Emax=204.52330080
realization 36 / 300 ... accepted 36. Emin=-8.18886567, Emax=191.92184679
realization 37 / 300 ... accepted 37. Emin=10.39414759, Emax=204.46010918
realization 38 / 300 ... accepted 38. Emin=-7.06502600, Emax=186.52316619
realization 39 / 300 ... accepted 39. Emin=10.13371895, Emax=206.42922066
realization 40 / 300 ... accepted 40. Emin=0.58152887, Emax=198.55113712
realization 41 / 300 ... accepted 41. Emin=-9.10669559, Emax=184.31125106
realization 42 / 300 ... accepted 42. Emin=-0.57861478, Emax=195.52609842
realization 43 / 300 ... accepted 43. Emin=3.81965314, Emax=205.33504540
realization 44 / 300 ... accepted 44. Emin=-22.74240880, Emax=166.33966955
realization 45 / 300 ... accepted 45. Emin=-5.18189653, Emax=185.47078685
realization 46 / 300 ... accepted 46. Emin=1.13865103, Emax=186.96912750
realization 47 / 300 ... accepted 47. Emin=-11.60027520, Emax=180.38478846
realization 48 / 300 ... accepted 48. Emin=13.29858832, Emax=205.10374585
realization 49 / 300 ... accepted 49. Emin=-7.62430869, Emax=188.67057072
realization 50 / 300 ... accepted 50. Emin=-3.46064635, Emax=191.26702834
realization 51 / 300 ... accepted 51. Emin=3.76949065, Emax=199.96623785
realization 52 / 300 ... accepted 52. Emin=2.53299736, Emax=208.22865670
realization 53 / 300 ... accepted 53. Emin=-11.22472137, Emax=188.46819541
realization 54 / 300 ... accepted 54. Emin=-0.72354023, Emax=188.50820850
realization 55 / 300 ... accepted 55. Emin=-14.81185374, Emax=180.40514535
realization 56 / 300 ... accepted 56. Emin=-1.25706889, Emax=193.36375069
realization 57 / 300 ... accepted 57. Emin=-10.62156719, Emax=179.27529338
realization 58 / 300 ... accepted 58. Emin=-3.76778816, Emax=199.26133238
realization 59 / 300 ... accepted 59. Emin=7.52948622, Emax=204.47421288
realization 60 / 300 ... accepted 60. Emin=-15.43798385, Emax=176.63556578
realization 61 / 300 ... accepted 61. Emin=-6.52069911, Emax=191.24395067
realization 62 / 300 ... accepted 62. Emin=-3.97707646, Emax=194.72657488
realization 63 / 300 ... accepted 63. Emin=-7.13248641, Emax=189.45623002
realization 64 / 300 ... accepted 64. Emin=-9.09101443, Emax=183.76787443
realization 65 / 300 ... accepted 65. Emin=3.62196532, Emax=203.70835976
realization 66 / 300 ... accepted 66. Emin=4.91947728, Emax=201.26498519
realization 67 / 300 ... accepted 67. Emin=-12.76480962, Emax=184.80330462
realization 68 / 300 ... accepted 68. Emin=14.26644610, Emax=205.68911518
realization 69 / 300 ... accepted 69. Emin=-4.04684541, Emax=192.22823401
realization 70 / 300 ... accepted 70. Emin=1.09380415, Emax=205.09887866
realization 71 / 300 ... accepted 71. Emin=3.73730096, Emax=194.62704548
realization 72 / 300 ... accepted 72. Emin=-0.69851212, Emax=187.34038584
realization 73 / 300 ... accepted 73. Emin=15.35441299, Emax=206.69988550
realization 74 / 300 ... accepted 74. Emin=-11.06538204, Emax=187.80226723
realization 75 / 300 ... accepted 75. Emin=-0.50722225, Emax=197.20859688
realization 76 / 300 ... accepted 76. Emin=-3.36555291, Emax=191.60409653
realization 77 / 300 ... accepted 77. Emin=-14.34344394, Emax=175.76607794
realization 78 / 300 ... accepted 78. Emin=6.40297543, Emax=200.98613108
realization 79 / 300 ... accepted 79. Emin=7.30588727, Emax=204.85220010
realization 80 / 300 ... accepted 80. Emin=-2.29340151, Emax=185.69815923
realization 81 / 300 ... accepted 81. Emin=7.79677933, Emax=198.83369591
realization 82 / 300 ... accepted 82. Emin=12.96906483, Emax=210.43038113
realization 83 / 300 ... accepted 83. Emin=-3.96426217, Emax=193.47796986
realization 84 / 300 ... accepted 84. Emin=1.89789840, Emax=195.72232431
realization 85 / 300 ... accepted 85. Emin=5.35505692, Emax=200.96190132
realization 86 / 300 ... accepted 86. Emin=-9.74827949, Emax=185.81423709
realization 87 / 300 ... accepted 87. Emin=-5.67473956, Emax=187.74389492
realization 88 / 300 ... accepted 88. Emin=6.82728169, Emax=198.21466034
realization 89 / 300 ... accepted 89. Emin=-9.67514102, Emax=186.18121886
realization 90 / 300 ... accepted 90. Emin=-10.37729812, Emax=186.48131292
realization 91 / 300 ... accepted 91. Emin=-9.73145608, Emax=189.74582880
realization 92 / 300 ... accepted 92. Emin=2.13386561, Emax=195.62595126
realization 93 / 300 ... accepted 93. Emin=1.99913213, Emax=194.08951426
realization 94 / 300 ... accepted 94. Emin=4.17801058, Emax=209.12448284
realization 95 / 300 ... accepted 95. Emin=6.12484167, Emax=210.06719168
realization 96 / 300 ... accepted 96. Emin=-3.95343300, Emax=192.50023663
realization 97 / 300 ... accepted 97. Emin=12.67752043, Emax=197.65470486
realization 98 / 300 ... accepted 98. Emin=14.84215653, Emax=208.56540746
realization 99 / 300 ... accepted 99. Emin=-5.08999983, Emax=192.68062172
realization 100 / 300 ... accepted 100. Emin=1.27155378, Emax=198.70612129
realization 101 / 300 ... accepted 101. Emin=-12.59672021, Emax=178.05566364
realization 102 / 300 ... accepted 102. Emin=-7.27959271, Emax=192.63324507
realization 103 / 300 ... accepted 103. Emin=6.33791962, Emax=207.58766939
realization 104 / 300 ... accepted 104. Emin=-1.90855506, Emax=199.55077351
realization 105 / 300 ... accepted 105. Emin=3.13371142, Emax=202.60327563
realization 106 / 300 ... accepted 106. Emin=6.18431052, Emax=208.52744577
realization 107 / 300 ... accepted 107. Emin=-3.86600266, Emax=194.96726244
realization 108 / 300 ... accepted 108. Emin=2.17662232, Emax=198.39553157
realization 109 / 300 ... accepted 109. Emin=6.43602754, Emax=199.99484643
realization 110 / 300 ... accepted 110. Emin=-3.85692827, Emax=187.71887315
realization 111 / 300 ... accepted 111. Emin=4.40271098, Emax=201.43380080
realization 112 / 300 ... accepted 112. Emin=-9.57627966, Emax=188.01457999
realization 113 / 300 ... accepted 113. Emin=-13.30194180, Emax=179.87756507
realization 114 / 300 ... accepted 114. Emin=2.33073120, Emax=197.84602457
realization 115 / 300 ... accepted 115. Emin=5.35534893, Emax=191.65336892
realization 116 / 300 ... accepted 116. Emin=1.04541949, Emax=189.29910303
realization 117 / 300 ... accepted 117. Emin=2.24280631, Emax=193.39670184
realization 118 / 300 ... accepted 118. Emin=-7.06259506, Emax=185.56524036
realization 119 / 300 ... accepted 119. Emin=-8.59898880, Emax=184.49113675
realization 120 / 300 ... accepted 120. Emin=10.38143301, Emax=205.95390173
realization 121 / 300 ... accepted 121. Emin=-0.17222716, Emax=192.27142667
realization 122 / 300 ... accepted 122. Emin=6.22233060, Emax=205.62931166
realization 123 / 300 ... accepted 123. Emin=-12.92701543, Emax=185.25523246
realization 124 / 300 ... accepted 124. Emin=10.12893604, Emax=201.59938152
realization 125 / 300 ... accepted 125. Emin=-1.60562731, Emax=195.33630529
realization 126 / 300 ... accepted 126. Emin=-25.82203862, Emax=162.45685598
realization 127 / 300 ... accepted 127. Emin=4.28555061, Emax=203.75653939
realization 128 / 300 ... accepted 128. Emin=4.76641132, Emax=205.93838856
realization 129 / 300 ... accepted 129. Emin=4.20315183, Emax=201.74415124
realization 130 / 300 ... accepted 130. Emin=4.02537295, Emax=196.04256953
realization 131 / 300 ... accepted 131. Emin=-4.27794537, Emax=188.59626936
realization 132 / 300 ... accepted 132. Emin=-1.08861624, Emax=204.23003892
realization 133 / 300 ... accepted 133. Emin=3.23351977, Emax=196.47232139
realization 134 / 300 ... accepted 134. Emin=-5.09290394, Emax=201.61723328
realization 135 / 300 ... accepted 135. Emin=7.91966542, Emax=201.44765544
realization 136 / 300 ... accepted 136. Emin=-3.45495019, Emax=199.44834297
realization 137 / 300 ... accepted 137. Emin=1.57654087, Emax=199.72879407
realization 138 / 300 ... accepted 138. Emin=-7.49652132, Emax=192.00992727
realization 139 / 300 ... accepted 139. Emin=19.44269079, Emax=202.25309274
realization 140 / 300 ... accepted 140. Emin=9.03756657, Emax=201.09394283
realization 141 / 300 ... accepted 141. Emin=5.72342342, Emax=205.58723648
realization 142 / 300 ... accepted 142. Emin=7.14322328, Emax=196.38025134
realization 143 / 300 ... accepted 143. Emin=-4.92122837, Emax=189.99447307
realization 144 / 300 ... accepted 144. Emin=-16.31733699, Emax=178.30297680
realization 145 / 300 ... accepted 145. Emin=9.34004897, Emax=199.76367886
realization 146 / 300 ... accepted 146. Emin=6.27644102, Emax=196.49355768
realization 147 / 300 ... accepted 147. Emin=-12.54182812, Emax=186.64401929
realization 148 / 300 ... accepted 148. Emin=-7.63268871, Emax=191.07698857
realization 149 / 300 ... accepted 149. Emin=8.05492633, Emax=205.66783868
realization 150 / 300 ... accepted 150. Emin=11.81456508, Emax=206.75520988
realization 151 / 300 ... accepted 151. Emin=-0.19103852, Emax=193.01138782
realization 152 / 300 ... accepted 152. Emin=-3.69759471, Emax=189.37985148
realization 153 / 300 ... accepted 153. Emin=11.97310858, Emax=207.53387777
realization 154 / 300 ... accepted 154. Emin=5.11694076, Emax=208.10054665
realization 155 / 300 ... accepted 155. Emin=0.38153515, Emax=191.35307728
realization 156 / 300 ... accepted 156. Emin=-5.58485138, Emax=183.09376328
realization 157 / 300 ... accepted 157. Emin=5.23337131, Emax=199.74366233
realization 158 / 300 ... accepted 158. Emin=1.90360191, Emax=191.26844375
realization 159 / 300 ... accepted 159. Emin=-3.08117916, Emax=198.46565887
realization 160 / 300 ... accepted 160. Emin=4.30009273, Emax=205.60466723
realization 161 / 300 ... accepted 161. Emin=-6.89471977, Emax=190.98627106
realization 162 / 300 ... accepted 162. Emin=5.42512330, Emax=206.81889121
realization 163 / 300 ... accepted 163. Emin=2.70312716, Emax=190.59868301
realization 164 / 300 ... accepted 164. Emin=-10.48783673, Emax=184.58456234
realization 165 / 300 ... accepted 165. Emin=-0.95948975, Emax=200.24834860
realization 166 / 300 ... accepted 166. Emin=-9.37382727, Emax=182.45793481
realization 167 / 300 ... accepted 167. Emin=-14.90546501, Emax=176.05882962
realization 168 / 300 ... accepted 168. Emin=9.75065181, Emax=205.19720042
realization 169 / 300 ... accepted 169. Emin=2.07575116, Emax=199.77361491
realization 170 / 300 ... accepted 170. Emin=-7.15552157, Emax=187.42829614
realization 171 / 300 ... accepted 171. Emin=5.30657207, Emax=198.75633335
realization 172 / 300 ... accepted 172. Emin=-16.42064630, Emax=174.57887122
realization 173 / 300 ... accepted 173. Emin=7.33920655, Emax=201.08274446
realization 174 / 300 ... accepted 174. Emin=1.23500622, Emax=200.13830554
realization 175 / 300 ... accepted 175. Emin=4.99418513, Emax=199.41969609
realization 176 / 300 ... accepted 176. Emin=-2.74367816, Emax=189.92571776
realization 177 / 300 ... accepted 177. Emin=1.24568089, Emax=205.02347689
realization 178 / 300 ... accepted 178. Emin=-0.13525628, Emax=208.24926856
realization 179 / 300 ... accepted 179. Emin=9.83716576, Emax=196.14662668
realization 180 / 300 ... accepted 180. Emin=20.00384686, Emax=208.19584542
realization 181 / 300 ... accepted 181. Emin=-2.54906146, Emax=194.10757743
realization 182 / 300 ... accepted 182. Emin=8.68261668, Emax=205.01878879
realization 183 / 300 ... accepted 183. Emin=-1.94109305, Emax=203.87692090
realization 184 / 300 ... accepted 184. Emin=-13.21410574, Emax=180.67208844
realization 185 / 300 ... accepted 185. Emin=7.63248859, Emax=201.83295355
realization 186 / 300 ... accepted 186. Emin=-8.22162993, Emax=191.45199111
realization 187 / 300 ... accepted 187. Emin=6.03138272, Emax=201.12701902
realization 188 / 300 ... accepted 188. Emin=-6.12462438, Emax=189.93011562
realization 189 / 300 ... accepted 189. Emin=2.15249263, Emax=198.31334344
realization 190 / 300 ... accepted 190. Emin=0.76076712, Emax=188.11354074
realization 191 / 300 ... accepted 191. Emin=-2.63633357, Emax=197.82181417
realization 192 / 300 ... accepted 192. Emin=16.22736020, Emax=206.53744188
realization 193 / 300 ... accepted 193. Emin=3.27694819, Emax=196.80003212
realization 194 / 300 ... accepted 194. Emin=4.44990836, Emax=202.19469133
realization 195 / 300 ... accepted 195. Emin=-2.23968993, Emax=201.95077954
realization 196 / 300 ... accepted 196. Emin=4.62645044, Emax=196.85891204
realization 197 / 300 ... accepted 197. Emin=-0.48278388, Emax=200.07457900
realization 198 / 300 ... accepted 198. Emin=6.43791298, Emax=207.72296146
realization 199 / 300 ... accepted 199. Emin=8.22792352, Emax=210.33310012
realization 200 / 300 ... accepted 200. Emin=-8.96885973, Emax=184.73163174
realization 201 / 300 ... accepted 201. Emin=6.32357204, Emax=201.11367406
realization 202 / 300 ... accepted 202. Emin=-6.77966740, Emax=196.94881182
realization 203 / 300 ... accepted 203. Emin=-1.32108593, Emax=196.01788530
realization 204 / 300 ... accepted 204. Emin=6.18648688, Emax=204.06703092
realization 205 / 300 ... accepted 205. Emin=-14.95915408, Emax=172.98705464
realization 206 / 300 ... accepted 206. Emin=-2.01327589, Emax=198.35032306
realization 207 / 300 ... accepted 207. Emin=-1.12299757, Emax=199.99895530
realization 208 / 300 ... accepted 208. Emin=13.63965435, Emax=210.64052579
realization 209 / 300 ... accepted 209. Emin=-14.21869866, Emax=180.37449266
realization 210 / 300 ... accepted 210. Emin=-2.54492382, Emax=194.39441932
realization 211 / 300 ... accepted 211. Emin=-3.08587700, Emax=203.68997358
realization 212 / 300 ... accepted 212. Emin=-6.34870979, Emax=193.61916443
realization 213 / 300 ... accepted 213. Emin=-8.97899464, Emax=190.84698196
realization 214 / 300 ... accepted 214. Emin=-0.68406830, Emax=195.89994766
realization 215 / 300 ... accepted 215. Emin=-4.39383747, Emax=193.71339416
realization 216 / 300 ... accepted 216. Emin=8.25924202, Emax=198.84317437
realization 217 / 300 ... accepted 217. Emin=19.00293326, Emax=208.72463433
realization 218 / 300 ... accepted 218. Emin=5.31094724, Emax=199.63782016
realization 219 / 300 ... accepted 219. Emin=10.47385680, Emax=211.12041574
realization 220 / 300 ... accepted 220. Emin=5.60902598, Emax=208.29379087
realization 221 / 300 ... accepted 221. Emin=-10.32856000, Emax=186.28832340
realization 222 / 300 ... accepted 222. Emin=-7.13125333, Emax=195.59200259
realization 223 / 300 ... accepted 223. Emin=0.76043828, Emax=203.67735687
realization 224 / 300 ... accepted 224. Emin=5.93055464, Emax=199.86096527
realization 225 / 300 ... accepted 225. Emin=0.01352815, Emax=198.80996786
realization 226 / 300 ... accepted 226. Emin=2.30103442, Emax=205.12001213
realization 227 / 300 ... accepted 227. Emin=3.77238500, Emax=205.03631929
realization 228 / 300 ... accepted 228. Emin=1.36861560, Emax=200.12700862
realization 229 / 300 ... accepted 229. Emin=0.22435344, Emax=194.37957121
realization 230 / 300 ... accepted 230. Emin=-5.64462356, Emax=194.64413935
realization 231 / 300 ... accepted 231. Emin=5.28697815, Emax=200.46265745
realization 232 / 300 ... accepted 232. Emin=8.27509736, Emax=199.43325490
realization 233 / 300 ... accepted 233. Emin=-9.48320811, Emax=183.36995510
realization 234 / 300 ... accepted 234. Emin=3.62536613, Emax=209.90449574
realization 235 / 300 ... accepted 235. Emin=9.32637250, Emax=204.71012763
realization 236 / 300 ... accepted 236. Emin=-11.28261670, Emax=184.83179945
realization 237 / 300 ... accepted 237. Emin=3.32437311, Emax=203.21543138
realization 238 / 300 ... accepted 238. Emin=11.36635288, Emax=207.93494439
realization 239 / 300 ... accepted 239. Emin=9.84933994, Emax=209.63403916
realization 240 / 300 ... accepted 240. Emin=-2.60962623, Emax=193.08325690
realization 241 / 300 ... accepted 241. Emin=-19.17182770, Emax=167.99250153
realization 242 / 300 ... accepted 242. Emin=2.55692217, Emax=190.51890302
realization 243 / 300 ... accepted 243. Emin=-1.59680533, Emax=195.04113508
realization 244 / 300 ... accepted 244. Emin=5.44803826, Emax=200.39746028
realization 245 / 300 ... accepted 245. Emin=4.01875285, Emax=203.58072680
realization 246 / 300 ... accepted 246. Emin=-3.16234139, Emax=196.78081378
realization 247 / 300 ... accepted 247. Emin=10.94323988, Emax=203.07026296
realization 248 / 300 ... accepted 248. Emin=-11.65028673, Emax=187.17477882
realization 249 / 300 ... accepted 249. Emin=-3.73989484, Emax=192.68433901
realization 250 / 300 ... accepted 250. Emin=-2.02064443, Emax=194.68006291
realization 251 / 300 ... accepted 251. Emin=-3.37417242, Emax=194.58576759
realization 252 / 300 ... accepted 252. Emin=-5.27775571, Emax=189.95996117
realization 253 / 300 ... accepted 253. Emin=1.32059606, Emax=201.28237610
realization 254 / 300 ... accepted 254. Emin=-14.27143016, Emax=174.33887943
realization 255 / 300 ... accepted 255. Emin=-0.20760001, Emax=202.41152448
realization 256 / 300 ... accepted 256. Emin=8.65410925, Emax=211.12184554
realization 257 / 300 ... accepted 257. Emin=5.65681132, Emax=203.95963693
realization 258 / 300 ... accepted 258. Emin=-2.73493890, Emax=186.99745071
realization 259 / 300 ... accepted 259. Emin=16.66590177, Emax=206.07225175
realization 260 / 300 ... accepted 260. Emin=14.53400134, Emax=212.82852820
realization 261 / 300 ... accepted 261. Emin=-15.65766849, Emax=177.61436009
realization 262 / 300 ... accepted 262. Emin=3.87941419, Emax=205.63890098
realization 263 / 300 ... accepted 263. Emin=14.01186376, Emax=212.73272510
realization 264 / 300 ... accepted 264. Emin=-4.34821805, Emax=190.57764986
realization 265 / 300 ... accepted 265. Emin=1.07281926, Emax=194.20477698
realization 266 / 300 ... accepted 266. Emin=4.60228564, Emax=204.51803777
realization 267 / 300 ... accepted 267. Emin=12.13949028, Emax=201.22779639
realization 268 / 300 ... accepted 268. Emin=10.72205899, Emax=204.07664203
realization 269 / 300 ... accepted 269. Emin=1.04929407, Emax=202.24009618
realization 270 / 300 ... accepted 270. Emin=-5.64815149, Emax=196.29369070
realization 271 / 300 ... accepted 271. Emin=15.04729516, Emax=208.48675021
realization 272 / 300 ... accepted 272. Emin=4.89947184, Emax=202.87579330
realization 273 / 300 ... accepted 273. Emin=-8.09484163, Emax=187.13474775
realization 274 / 300 ... accepted 274. Emin=6.65529397, Emax=205.20690938
realization 275 / 300 ... accepted 275. Emin=2.05805773, Emax=198.07221399
realization 276 / 300 ... accepted 276. Emin=6.52823205, Emax=199.39030855
realization 277 / 300 ... accepted 277. Emin=-5.43671642, Emax=186.27579248
realization 278 / 300 ... accepted 278. Emin=9.04111024, Emax=208.36610143
realization 279 / 300 ... accepted 279. Emin=-4.06240499, Emax=193.31937994
realization 280 / 300 ... accepted 280. Emin=-15.40778095, Emax=176.15979700
realization 281 / 300 ... accepted 281. Emin=-10.59477862, Emax=184.61620951
realization 282 / 300 ... accepted 282. Emin=6.97566076, Emax=202.35517612
realization 283 / 300 ... accepted 283. Emin=-0.86801607, Emax=193.92257868
realization 284 / 300 ... accepted 284. Emin=-11.29689112, Emax=177.33535363
realization 285 / 300 ... accepted 285. Emin=0.55194168, Emax=196.86529204
realization 286 / 300 ... accepted 286. Emin=-0.56012294, Emax=199.54087005
realization 287 / 300 ... accepted 287. Emin=-1.34884728, Emax=189.84910589
realization 288 / 300 ... accepted 288. Emin=8.34916500, Emax=199.00421778
realization 289 / 300 ... accepted 289. Emin=0.82489701, Emax=192.68380851
realization 290 / 300 ... accepted 290. Emin=9.59146140, Emax=207.02937800
realization 291 / 300 ... accepted 291. Emin=-0.78976036, Emax=193.10040954
realization 292 / 300 ... accepted 292. Emin=4.29870901, Emax=200.15793488
realization 293 / 300 ... accepted 293. Emin=-9.97480628, Emax=188.30889562
realization 294 / 300 ... accepted 294. Emin=10.02567385, Emax=206.66965789
realization 295 / 300 ... accepted 295. Emin=-7.17251342, Emax=192.54804327
realization 296 / 300 ... accepted 296. Emin=-4.94088251, Emax=192.22012150
realization 297 / 300 ... accepted 297. Emin=1.30876368, Emax=196.01794303
realization 298 / 300 ... accepted 298. Emin=-4.68248812, Emax=194.25515541
realization 299 / 300 ... accepted 299. Emin=14.76064793, Emax=201.06673704
realization 300 / 300 ... accepted 300. Emin=-1.14988602, Emax=194.70283367
Saved final energies: /home/2/kj405942/POLFED_bosons/pbs_bose_legacy_nmax2_periodic/data/U_30/W_6/L_6/N_6_nmax_2/boundary_periodic/energies_full_U30_L6_N6_nmax2_W6_boundaryperiodic_nreal300.txt
Accepted realizations: 300 / 300
Skipped realizations: 0
Job finished at Sun May 31 17:12:49 UTC 2026
