Job started on w30 at Sun May 31 17:11:13 UTC 2026
PBS_JOBID=7731509.kruk-host.ift-klaster.lan
PBS_O_WORKDIR=/home/2/kj405942/POLFED_bosons
Bose-Hubbard: L=6, N=6, nmax=2, dim=141
t=1, U=30, W=5, nreal=300, boundary=periodic, mode=full
Writing partial results to /home/2/kj405942/POLFED_bosons/pbs_bose_legacy_nmax2_periodic/data/U_30/W_5/L_6/N_6_nmax_2/boundary_periodic/energies_full_U30_L6_N6_nmax2_W5_boundaryperiodic_nreal300_partial.txt
realization 1 / 300 ... accepted 1. Emin=1.34227288, Emax=185.50643043
realization 2 / 300 ... accepted 2. Emin=4.20776665, Emax=196.84737854
realization 3 / 300 ... accepted 3. Emin=-3.02852149, Emax=191.33538725
realization 4 / 300 ... accepted 4. Emin=-2.09062250, Emax=195.26693270
realization 5 / 300 ... accepted 5. Emin=3.25849822, Emax=193.65917379
realization 6 / 300 ... accepted 6. Emin=-10.34722410, Emax=183.43240743
realization 7 / 300 ... accepted 7. Emin=-5.87843841, Emax=189.64105579
realization 8 / 300 ... accepted 8. Emin=7.94813390, Emax=199.06739091
realization 9 / 300 ... accepted 9. Emin=4.72741226, Emax=199.65061395
realization 10 / 300 ... accepted 10. Emin=6.52810694, Emax=193.26667931
realization 11 / 300 ... accepted 11. Emin=3.40639557, Emax=200.18710289
realization 12 / 300 ... accepted 12. Emin=7.47532546, Emax=198.59315795
realization 13 / 300 ... accepted 13. Emin=-11.68864799, Emax=183.29469862
realization 14 / 300 ... accepted 14. Emin=8.30114658, Emax=200.56253188
realization 15 / 300 ... accepted 15. Emin=-0.84011459, Emax=188.51386553
realization 16 / 300 ... accepted 16. Emin=0.18517817, Emax=198.87131682
realization 17 / 300 ... accepted 17. Emin=-6.08967397, Emax=182.68193174
realization 18 / 300 ... accepted 18. Emin=-6.41346637, Emax=179.81392119
realization 19 / 300 ... accepted 19. Emin=7.28309955, Emax=202.37849226
realization 20 / 300 ... accepted 20. Emin=-8.81628376, Emax=184.45128937
realization 21 / 300 ... accepted 21. Emin=-14.05669676, Emax=172.76095401
realization 22 / 300 ... accepted 22. Emin=7.47298128, Emax=203.12313466
realization 23 / 300 ... accepted 23. Emin=3.87613969, Emax=193.97409796
realization 24 / 300 ... accepted 24. Emin=-0.54164305, Emax=192.90051760
realization 25 / 300 ... accepted 25. Emin=0.67422041, Emax=191.37740443
realization 26 / 300 ... accepted 26. Emin=-8.86868009, Emax=190.33805189
realization 27 / 300 ... accepted 27. Emin=5.41379902, Emax=204.00731617
realization 28 / 300 ... accepted 28. Emin=-16.11400088, Emax=172.74858995
realization 29 / 300 ... accepted 29. Emin=-9.12100700, Emax=177.44500320
realization 30 / 300 ... accepted 30. Emin=-10.93146949, Emax=178.79488313
realization 31 / 300 ... accepted 31. Emin=-1.41811851, Emax=198.25953201
realization 32 / 300 ... accepted 32. Emin=-7.81190761, Emax=191.14170795
realization 33 / 300 ... accepted 33. Emin=-3.37449407, Emax=184.92166937
realization 34 / 300 ... accepted 34. Emin=7.33228299, Emax=198.24526197
realization 35 / 300 ... accepted 35. Emin=-12.54491306, Emax=175.90316097
realization 36 / 300 ... accepted 36. Emin=1.20446347, Emax=197.66466650
realization 37 / 300 ... accepted 37. Emin=-0.29538560, Emax=195.56918398
realization 38 / 300 ... accepted 38. Emin=5.95729280, Emax=200.95129060
realization 39 / 300 ... accepted 39. Emin=2.38045862, Emax=192.43717583
realization 40 / 300 ... accepted 40. Emin=-12.66344421, Emax=178.22078174
realization 41 / 300 ... accepted 41. Emin=-5.51406346, Emax=187.25836882
realization 42 / 300 ... accepted 42. Emin=-6.25067868, Emax=188.87219294
realization 43 / 300 ... accepted 43. Emin=-6.01787231, Emax=187.62627070
realization 44 / 300 ... accepted 44. Emin=-11.21030604, Emax=183.35729024
realization 45 / 300 ... accepted 45. Emin=2.01543712, Emax=196.84412280
realization 46 / 300 ... accepted 46. Emin=2.96588190, Emax=191.44765867
realization 47 / 300 ... accepted 47. Emin=0.19781608, Emax=189.52341597
realization 48 / 300 ... accepted 48. Emin=-0.69455768, Emax=200.61741632
realization 49 / 300 ... accepted 49. Emin=7.90742489, Emax=199.92834058
realization 50 / 300 ... accepted 50. Emin=-11.81558706, Emax=181.51370713
realization 51 / 300 ... accepted 51. Emin=-1.04374923, Emax=191.48780033
realization 52 / 300 ... accepted 52. Emin=6.77719494, Emax=196.63184932
realization 53 / 300 ... accepted 53. Emin=-7.64401511, Emax=180.88396479
realization 54 / 300 ... accepted 54. Emin=3.91886184, Emax=202.38933364
realization 55 / 300 ... accepted 55. Emin=6.60099561, Emax=199.71445751
realization 56 / 300 ... accepted 56. Emin=6.74415098, Emax=202.82852879
realization 57 / 300 ... accepted 57. Emin=-4.11775094, Emax=188.10205975
realization 58 / 300 ... accepted 58. Emin=-3.55365703, Emax=194.49666555
realization 59 / 300 ... accepted 59. Emin=-3.52009496, Emax=194.05534886
realization 60 / 300 ... accepted 60. Emin=-8.03641405, Emax=189.27753642
realization 61 / 300 ... accepted 61. Emin=-4.30938530, Emax=190.92121258
realization 62 / 300 ... accepted 62. Emin=-0.91775589, Emax=185.68910524
realization 63 / 300 ... accepted 63. Emin=-5.25809386, Emax=184.82184423
realization 64 / 300 ... accepted 64. Emin=-8.89242829, Emax=180.07761119
realization 65 / 300 ... accepted 65. Emin=7.36246720, Emax=196.37153651
realization 66 / 300 ... accepted 66. Emin=1.28746585, Emax=189.17464874
realization 67 / 300 ... accepted 67. Emin=1.69321915, Emax=194.82732786
realization 68 / 300 ... accepted 68. Emin=-3.57592152, Emax=194.97174831
realization 69 / 300 ... accepted 69. Emin=11.22053309, Emax=200.66749588
realization 70 / 300 ... accepted 70. Emin=-1.44082409, Emax=194.60175177
realization 71 / 300 ... accepted 71. Emin=-0.49576020, Emax=192.78093554
realization 72 / 300 ... accepted 72. Emin=-6.88829077, Emax=189.25835829
realization 73 / 300 ... accepted 73. Emin=2.22576963, Emax=194.96361451
realization 74 / 300 ... accepted 74. Emin=10.43363296, Emax=203.37131370
realization 75 / 300 ... accepted 75. Emin=1.42397767, Emax=195.16228688
realization 76 / 300 ... accepted 76. Emin=2.34404210, Emax=192.90723425
realization 77 / 300 ... accepted 77. Emin=-11.67632309, Emax=180.00746411
realization 78 / 300 ... accepted 78. Emin=-3.65474601, Emax=187.99171866
realization 79 / 300 ... accepted 79. Emin=-2.24839481, Emax=188.09915352
realization 80 / 300 ... accepted 80. Emin=1.50920299, Emax=193.97176374
realization 81 / 300 ... accepted 81. Emin=5.33151011, Emax=198.63391973
realization 82 / 300 ... accepted 82. Emin=2.26856757, Emax=198.83626806
realization 83 / 300 ... accepted 83. Emin=6.10222555, Emax=197.45802124
realization 84 / 300 ... accepted 84. Emin=-9.49847332, Emax=180.41692409
realization 85 / 300 ... accepted 85. Emin=8.87558211, Emax=200.54396142
realization 86 / 300 ... accepted 86. Emin=0.15842747, Emax=194.22137935
realization 87 / 300 ... accepted 87. Emin=10.26954302, Emax=204.74753324
realization 88 / 300 ... accepted 88. Emin=-11.06967388, Emax=176.41901817
realization 89 / 300 ... accepted 89. Emin=0.43345213, Emax=202.04083415
realization 90 / 300 ... accepted 90. Emin=5.31434213, Emax=203.42804567
realization 91 / 300 ... accepted 91. Emin=-6.55466329, Emax=185.49529906
realization 92 / 300 ... accepted 92. Emin=-8.06725801, Emax=180.12001173
realization 93 / 300 ... accepted 93. Emin=-4.22143916, Emax=189.46609178
realization 94 / 300 ... accepted 94. Emin=10.53451398, Emax=204.31567830
realization 95 / 300 ... accepted 95. Emin=12.03963981, Emax=203.62149845
realization 96 / 300 ... accepted 96. Emin=-3.21230032, Emax=198.47968565
realization 97 / 300 ... accepted 97. Emin=5.05381904, Emax=187.51854593
realization 98 / 300 ... accepted 98. Emin=-1.58454810, Emax=190.54035969
realization 99 / 300 ... accepted 99. Emin=8.49869675, Emax=199.93092421
realization 100 / 300 ... accepted 100. Emin=0.90004431, Emax=196.70034456
realization 101 / 300 ... accepted 101. Emin=8.70529111, Emax=198.51195985
realization 102 / 300 ... accepted 102. Emin=-7.16887819, Emax=193.20533628
realization 103 / 300 ... accepted 103. Emin=1.89929264, Emax=193.73760520
realization 104 / 300 ... accepted 104. Emin=6.97542840, Emax=197.42902727
realization 105 / 300 ... accepted 105. Emin=-8.29987162, Emax=188.08627884
realization 106 / 300 ... accepted 106. Emin=-0.73904088, Emax=194.96009791
realization 107 / 300 ... accepted 107. Emin=-0.11061618, Emax=188.29996500
realization 108 / 300 ... accepted 108. Emin=-6.73070889, Emax=183.43974163
realization 109 / 300 ... accepted 109. Emin=-3.92918696, Emax=190.84066595
realization 110 / 300 ... accepted 110. Emin=-9.63119179, Emax=188.07984291
realization 111 / 300 ... accepted 111. Emin=7.62165089, Emax=198.69303889
realization 112 / 300 ... accepted 112. Emin=2.45593858, Emax=197.18674947
realization 113 / 300 ... accepted 113. Emin=5.81727338, Emax=199.70648542
realization 114 / 300 ... accepted 114. Emin=-4.63505479, Emax=189.34006677
realization 115 / 300 ... accepted 115. Emin=6.84892693, Emax=200.73686860
realization 116 / 300 ... accepted 116. Emin=-15.20641994, Emax=174.00162470
realization 117 / 300 ... accepted 117. Emin=-0.11765619, Emax=195.18172576
realization 118 / 300 ... accepted 118. Emin=-0.37466391, Emax=194.78139536
realization 119 / 300 ... accepted 119. Emin=14.47021212, Emax=205.56392718
realization 120 / 300 ... accepted 120. Emin=-5.15108557, Emax=182.65845341
realization 121 / 300 ... accepted 121. Emin=2.73804240, Emax=200.83906240
realization 122 / 300 ... accepted 122. Emin=-8.01768509, Emax=185.64146006
realization 123 / 300 ... accepted 123. Emin=0.24775180, Emax=195.06791169
realization 124 / 300 ... accepted 124. Emin=4.36434331, Emax=194.76965556
realization 125 / 300 ... accepted 125. Emin=-0.80983664, Emax=190.54399612
realization 126 / 300 ... accepted 126. Emin=-5.07231861, Emax=193.08490913
realization 127 / 300 ... accepted 127. Emin=-6.71026612, Emax=183.56986190
realization 128 / 300 ... accepted 128. Emin=2.92791187, Emax=188.45218845
realization 129 / 300 ... accepted 129. Emin=18.34103800, Emax=205.61066788
realization 130 / 300 ... accepted 130. Emin=-10.95326644, Emax=181.88751500
realization 131 / 300 ... accepted 131. Emin=1.51353782, Emax=193.11973570
realization 132 / 300 ... accepted 132. Emin=-8.37038276, Emax=183.95169905
realization 133 / 300 ... accepted 133. Emin=7.20190830, Emax=199.24755986
realization 134 / 300 ... accepted 134. Emin=2.28150473, Emax=199.43554783
realization 135 / 300 ... accepted 135. Emin=11.54696672, Emax=205.65089600
realization 136 / 300 ... accepted 136. Emin=5.46166527, Emax=203.12865939
realization 137 / 300 ... accepted 137. Emin=1.91207160, Emax=199.86558790
realization 138 / 300 ... accepted 138. Emin=1.71814278, Emax=198.02922387
realization 139 / 300 ... accepted 139. Emin=-4.66507597, Emax=192.29877979
realization 140 / 300 ... accepted 140. Emin=12.99793171, Emax=206.04293333
realization 141 / 300 ... accepted 141. Emin=-5.61266295, Emax=192.15194650
realization 142 / 300 ... accepted 142. Emin=-21.93709332, Emax=164.36876635
realization 143 / 300 ... accepted 143. Emin=3.01082587, Emax=194.10551555
realization 144 / 300 ... accepted 144. Emin=7.52368367, Emax=197.91209117
realization 145 / 300 ... accepted 145. Emin=-5.81568803, Emax=184.96009103
realization 146 / 300 ... accepted 146. Emin=-0.24917014, Emax=194.45843025
realization 147 / 300 ... accepted 147. Emin=2.87683309, Emax=198.98511563
realization 148 / 300 ... accepted 148. Emin=4.40744912, Emax=199.07106395
realization 149 / 300 ... accepted 149. Emin=-5.19164165, Emax=188.15857588
realization 150 / 300 ... accepted 150. Emin=3.29076192, Emax=194.97352559
realization 151 / 300 ... accepted 151. Emin=-1.74471989, Emax=191.10439946
realization 152 / 300 ... accepted 152. Emin=-0.09376014, Emax=199.04223383
realization 153 / 300 ... accepted 153. Emin=-6.06018014, Emax=190.06896495
realization 154 / 300 ... accepted 154. Emin=-1.69284217, Emax=194.00610071
realization 155 / 300 ... accepted 155. Emin=-5.14305459, Emax=190.57645738
realization 156 / 300 ... accepted 156. Emin=0.35389493, Emax=194.09218176
realization 157 / 300 ... accepted 157. Emin=-4.11772803, Emax=189.75157564
realization 158 / 300 ... accepted 158. Emin=-2.62719441, Emax=190.70198371
realization 159 / 300 ... accepted 159. Emin=-4.43361534, Emax=197.29059665
realization 160 / 300 ... accepted 160. Emin=-0.42833710, Emax=193.02711147
realization 161 / 300 ... accepted 161. Emin=-0.15785697, Emax=195.24019649
realization 162 / 300 ... accepted 162. Emin=10.81860661, Emax=203.28348309
realization 163 / 300 ... accepted 163. Emin=-14.75781916, Emax=173.72481859
realization 164 / 300 ... accepted 164. Emin=-1.46228023, Emax=194.91967178
realization 165 / 300 ... accepted 165. Emin=0.50854315, Emax=200.23547387
realization 166 / 300 ... accepted 166. Emin=9.54889727, Emax=200.08612465
realization 167 / 300 ... accepted 167. Emin=12.45430071, Emax=203.19215603
realization 168 / 300 ... accepted 168. Emin=9.83213366, Emax=207.05495681
realization 169 / 300 ... accepted 169. Emin=-10.58615999, Emax=182.60170752
realization 170 / 300 ... accepted 170. Emin=-3.29702851, Emax=193.83219681
realization 171 / 300 ... accepted 171. Emin=3.15522756, Emax=196.94806654
realization 172 / 300 ... accepted 172. Emin=6.91173775, Emax=196.90104123
realization 173 / 300 ... accepted 173. Emin=6.59045816, Emax=202.33999398
realization 174 / 300 ... accepted 174. Emin=7.36707146, Emax=193.94462201
realization 175 / 300 ... accepted 175. Emin=-9.25344641, Emax=181.24376641
realization 176 / 300 ... accepted 176. Emin=9.03074527, Emax=203.18756021
realization 177 / 300 ... accepted 177. Emin=-8.31849192, Emax=183.83370096
realization 178 / 300 ... accepted 178. Emin=-10.69265283, Emax=182.47824602
realization 179 / 300 ... accepted 179. Emin=-7.46229456, Emax=183.72526147
realization 180 / 300 ... accepted 180. Emin=-1.99695437, Emax=193.94388571
realization 181 / 300 ... accepted 181. Emin=1.00471666, Emax=195.27896942
realization 182 / 300 ... accepted 182. Emin=-2.08388101, Emax=192.87118695
realization 183 / 300 ... accepted 183. Emin=7.71889628, Emax=198.52027007
realization 184 / 300 ... accepted 184. Emin=-0.67366767, Emax=196.32995784
realization 185 / 300 ... accepted 185. Emin=-10.11158039, Emax=186.90451963
realization 186 / 300 ... accepted 186. Emin=-1.19627493, Emax=195.70039909
realization 187 / 300 ... accepted 187. Emin=5.39095718, Emax=197.09221667
realization 188 / 300 ... accepted 188. Emin=-1.29836494, Emax=190.01124869
realization 189 / 300 ... accepted 189. Emin=-2.68226366, Emax=198.45993529
realization 190 / 300 ... accepted 190. Emin=-4.02410473, Emax=188.88031545
realization 191 / 300 ... accepted 191. Emin=-2.87155371, Emax=195.27754731
realization 192 / 300 ... accepted 192. Emin=-7.16754919, Emax=184.91942862
realization 193 / 300 ... accepted 193. Emin=1.37779299, Emax=189.76714510
realization 194 / 300 ... accepted 194. Emin=-2.16324461, Emax=196.43647788
realization 195 / 300 ... accepted 195. Emin=13.02235528, Emax=203.38285309
realization 196 / 300 ... accepted 196. Emin=-3.80666557, Emax=185.89329974
realization 197 / 300 ... accepted 197. Emin=3.18938121, Emax=197.19152121
realization 198 / 300 ... accepted 198. Emin=3.46917825, Emax=196.87031161
realization 199 / 300 ... accepted 199. Emin=8.61139619, Emax=198.74908850
realization 200 / 300 ... accepted 200. Emin=6.07836519, Emax=202.24841681
realization 201 / 300 ... accepted 201. Emin=5.43151163, Emax=196.97532374
realization 202 / 300 ... accepted 202. Emin=-6.30080645, Emax=193.24261503
realization 203 / 300 ... accepted 203. Emin=-5.36565330, Emax=190.21238273
realization 204 / 300 ... accepted 204. Emin=-3.75955680, Emax=196.66915096
realization 205 / 300 ... accepted 205. Emin=-2.59578698, Emax=184.56984643
realization 206 / 300 ... accepted 206. Emin=-4.50303889, Emax=198.59957531
realization 207 / 300 ... accepted 207. Emin=2.25432364, Emax=199.04506999
realization 208 / 300 ... accepted 208. Emin=13.01890092, Emax=201.86005840
realization 209 / 300 ... accepted 209. Emin=-5.67928144, Emax=180.17924074
realization 210 / 300 ... accepted 210. Emin=2.28271909, Emax=192.97448951
realization 211 / 300 ... accepted 211. Emin=9.65394319, Emax=204.10521777
realization 212 / 300 ... accepted 212. Emin=4.31225488, Emax=197.65640189
realization 213 / 300 ... accepted 213. Emin=-0.08374267, Emax=200.27889492
realization 214 / 300 ... accepted 214. Emin=-5.13084300, Emax=188.89850112
realization 215 / 300 ... accepted 215. Emin=-1.40769706, Emax=191.44081690
realization 216 / 300 ... accepted 216. Emin=-2.31792341, Emax=185.91985296
realization 217 / 300 ... accepted 217. Emin=-5.82627155, Emax=188.09863898
realization 218 / 300 ... accepted 218. Emin=-12.85837118, Emax=179.20237897
realization 219 / 300 ... accepted 219. Emin=-4.04244591, Emax=188.89003611
realization 220 / 300 ... accepted 220. Emin=11.77943594, Emax=199.63281499
realization 221 / 300 ... accepted 221. Emin=10.77828574, Emax=197.73889665
realization 222 / 300 ... accepted 222. Emin=2.13504174, Emax=197.18037569
realization 223 / 300 ... accepted 223. Emin=2.64014495, Emax=192.12546150
realization 224 / 300 ... accepted 224. Emin=15.01611504, Emax=209.84319202
realization 225 / 300 ... accepted 225. Emin=14.32947287, Emax=200.76970991
realization 226 / 300 ... accepted 226. Emin=3.87447619, Emax=199.28265450
realization 227 / 300 ... accepted 227. Emin=5.76626023, Emax=201.12221875
realization 228 / 300 ... accepted 228. Emin=-5.08550756, Emax=187.61693628
realization 229 / 300 ... accepted 229. Emin=6.11416164, Emax=198.51062908
realization 230 / 300 ... accepted 230. Emin=-4.81176781, Emax=181.37420160
realization 231 / 300 ... accepted 231. Emin=-7.23592064, Emax=182.31595799
realization 232 / 300 ... accepted 232. Emin=-3.00673617, Emax=190.82373724
realization 233 / 300 ... accepted 233. Emin=-14.08483585, Emax=177.76553655
realization 234 / 300 ... accepted 234. Emin=-4.90836876, Emax=189.72332562
realization 235 / 300 ... accepted 235. Emin=-10.71904466, Emax=180.84646461
realization 236 / 300 ... accepted 236. Emin=-1.89320841, Emax=194.69243380
realization 237 / 300 ... accepted 237. Emin=-0.05731666, Emax=191.96936081
realization 238 / 300 ... accepted 238. Emin=-2.51907077, Emax=196.74119086
realization 239 / 300 ... accepted 239. Emin=-2.44320724, Emax=192.10917529
realization 240 / 300 ... accepted 240. Emin=-4.15580617, Emax=187.52270243
realization 241 / 300 ... accepted 241. Emin=-9.51106817, Emax=183.26131045
realization 242 / 300 ... accepted 242. Emin=3.93962864, Emax=193.58565006
realization 243 / 300 ... accepted 243. Emin=-2.49296415, Emax=187.98769445
realization 244 / 300 ... accepted 244. Emin=5.88287433, Emax=193.85892329
realization 245 / 300 ... accepted 245. Emin=-8.61659421, Emax=182.33388079
realization 246 / 300 ... accepted 246. Emin=10.16892543, Emax=203.60921348
realization 247 / 300 ... accepted 247. Emin=7.87618228, Emax=205.16375617
realization 248 / 300 ... accepted 248. Emin=1.12153255, Emax=196.06262646
realization 249 / 300 ... accepted 249. Emin=3.89275031, Emax=197.82149751
realization 250 / 300 ... accepted 250. Emin=-6.14391899, Emax=181.80503298
realization 251 / 300 ... accepted 251. Emin=7.88349977, Emax=203.85611281
realization 252 / 300 ... accepted 252. Emin=5.28525816, Emax=195.08127221
realization 253 / 300 ... accepted 253. Emin=7.72028795, Emax=200.23776919
realization 254 / 300 ... accepted 254. Emin=6.17329371, Emax=198.71910089
realization 255 / 300 ... accepted 255. Emin=-4.78824008, Emax=192.23811574
realization 256 / 300 ... accepted 256. Emin=-1.68750413, Emax=187.06843950
realization 257 / 300 ... accepted 257. Emin=7.69207349, Emax=206.32063060
realization 258 / 300 ... accepted 258. Emin=-0.30751102, Emax=197.19825199
realization 259 / 300 ... accepted 259. Emin=0.28391398, Emax=195.68409353
realization 260 / 300 ... accepted 260. Emin=-0.99476177, Emax=187.10458969
realization 261 / 300 ... accepted 261. Emin=-12.40501132, Emax=176.08619616
realization 262 / 300 ... accepted 262. Emin=0.06227754, Emax=193.35051317
realization 263 / 300 ... accepted 263. Emin=4.31916414, Emax=198.78360558
realization 264 / 300 ... accepted 264. Emin=-8.97402744, Emax=184.26199562
realization 265 / 300 ... accepted 265. Emin=1.13184055, Emax=194.77557193
realization 266 / 300 ... accepted 266. Emin=-0.86298874, Emax=197.98649340
realization 267 / 300 ... accepted 267. Emin=0.19763934, Emax=187.43598321
realization 268 / 300 ... accepted 268. Emin=-4.78644162, Emax=190.29602397
realization 269 / 300 ... accepted 269. Emin=7.04180696, Emax=203.43093525
realization 270 / 300 ... accepted 270. Emin=3.42808944, Emax=201.81781100
realization 271 / 300 ... accepted 271. Emin=7.04711681, Emax=203.34018209
realization 272 / 300 ... accepted 272. Emin=-16.37409392, Emax=170.75592259
realization 273 / 300 ... accepted 273. Emin=-5.31914344, Emax=185.55194632
realization 274 / 300 ... accepted 274. Emin=4.19569399, Emax=200.59451314
realization 275 / 300 ... accepted 275. Emin=-5.57982644, Emax=191.86844015
realization 276 / 300 ... accepted 276. Emin=0.49299950, Emax=194.43057480
realization 277 / 300 ... accepted 277. Emin=3.30731091, Emax=198.17553283
realization 278 / 300 ... accepted 278. Emin=0.87827350, Emax=191.43912211
realization 279 / 300 ... accepted 279. Emin=13.47472799, Emax=205.60108165
realization 280 / 300 ... accepted 280. Emin=-5.24967562, Emax=192.25069775
realization 281 / 300 ... accepted 281. Emin=-0.21117629, Emax=188.86409155
realization 282 / 300 ... accepted 282. Emin=13.29038015, Emax=208.48317783
realization 283 / 300 ... accepted 283. Emin=0.89318075, Emax=192.94210249
realization 284 / 300 ... accepted 284. Emin=-0.56405488, Emax=199.35084980
realization 285 / 300 ... accepted 285. Emin=-2.09904665, Emax=187.25944468
realization 286 / 300 ... accepted 286. Emin=-10.09404198, Emax=182.11588966
realization 287 / 300 ... accepted 287. Emin=-4.33526732, Emax=186.92472324
realization 288 / 300 ... accepted 288. Emin=1.93331159, Emax=197.23141448
realization 289 / 300 ... accepted 289. Emin=11.28007755, Emax=206.35823990
realization 290 / 300 ... accepted 290. Emin=-5.88826879, Emax=185.97948383
realization 291 / 300 ... accepted 291. Emin=-5.26356223, Emax=192.74745067
realization 292 / 300 ... accepted 292. Emin=10.48695960, Emax=204.53133758
realization 293 / 300 ... accepted 293. Emin=-2.46556117, Emax=190.34772864
realization 294 / 300 ... accepted 294. Emin=3.55922697, Emax=192.33472195
realization 295 / 300 ... accepted 295. Emin=5.61043397, Emax=197.97375039
realization 296 / 300 ... accepted 296. Emin=-11.47619407, Emax=178.24384664
realization 297 / 300 ... accepted 297. Emin=-3.27436376, Emax=197.81857838
realization 298 / 300 ... accepted 298. Emin=1.97631112, Emax=195.03454510
realization 299 / 300 ... accepted 299. Emin=0.37168104, Emax=193.88052396
realization 300 / 300 ... accepted 300. Emin=1.54014388, Emax=196.99836675
Saved final energies: /home/2/kj405942/POLFED_bosons/pbs_bose_legacy_nmax2_periodic/data/U_30/W_5/L_6/N_6_nmax_2/boundary_periodic/energies_full_U30_L6_N6_nmax2_W5_boundaryperiodic_nreal300.txt
Accepted realizations: 300 / 300
Skipped realizations: 0
Job finished at Sun May 31 17:12:50 UTC 2026
