Job started on w20 at Sun May 31 17:56:42 UTC 2026
PBS_JOBID=7731334.kruk-host.ift-klaster.lan
PBS_O_WORKDIR=/home/2/kj405942/POLFED_bosons
Bose-Hubbard: L=6, N=6, nmax=2, dim=141
t=1, U=3, W=10, nreal=300, boundary=periodic, mode=full
Writing partial results to /home/2/kj405942/POLFED_bosons/pbs_bose_legacy_nmax2_periodic/data/U_3/W_10/L_6/N_6_nmax_2/boundary_periodic/energies_full_U3_L6_N6_nmax2_W10_boundaryperiodic_nreal300_partial.txt
realization 1 / 300 ... accepted 1. Emin=-39.11599167, Emax=16.98237690
realization 2 / 300 ... accepted 2. Emin=5.96439509, Emax=67.77333666
realization 3 / 300 ... accepted 3. Emin=-38.47405233, Emax=32.64369049
realization 4 / 300 ... accepted 4. Emin=-25.37437012, Emax=30.10921577
realization 5 / 300 ... accepted 5. Emin=-26.69560519, Emax=38.25718446
realization 6 / 300 ... accepted 6. Emin=-31.56888287, Emax=15.25401636
realization 7 / 300 ... accepted 7. Emin=-12.69947539, Emax=54.24448579
realization 8 / 300 ... accepted 8. Emin=-20.72221803, Emax=45.00911022
realization 9 / 300 ... accepted 9. Emin=8.10562995, Emax=64.46083033
realization 10 / 300 ... accepted 10. Emin=-14.85072441, Emax=50.61022440
realization 11 / 300 ... accepted 11. Emin=-7.44589855, Emax=46.84283164
realization 12 / 300 ... accepted 12. Emin=18.41009905, Emax=59.75484085
realization 13 / 300 ... accepted 13. Emin=-16.59357605, Emax=54.27042382
realization 14 / 300 ... accepted 14. Emin=-27.27275841, Emax=56.36333077
realization 15 / 300 ... accepted 15. Emin=-25.38885435, Emax=47.75621188
realization 16 / 300 ... accepted 16. Emin=-29.64501869, Emax=19.76852167
realization 17 / 300 ... accepted 17. Emin=3.90479354, Emax=49.94095377
realization 18 / 300 ... accepted 18. Emin=-34.06949306, Emax=29.89095714
realization 19 / 300 ... accepted 19. Emin=-18.47830746, Emax=65.71373821
realization 20 / 300 ... accepted 20. Emin=-6.38322098, Emax=56.11655635
realization 21 / 300 ... accepted 21. Emin=-21.25857078, Emax=35.34643147
realization 22 / 300 ... accepted 22. Emin=-28.58997131, Emax=22.50745059
realization 23 / 300 ... accepted 23. Emin=-16.63557178, Emax=55.37131120
realization 24 / 300 ... accepted 24. Emin=-17.93171424, Emax=40.00412377
realization 25 / 300 ... accepted 25. Emin=9.17727027, Emax=59.87850732
realization 26 / 300 ... accepted 26. Emin=-27.17401583, Emax=17.43706772
realization 27 / 300 ... accepted 27. Emin=-10.09018334, Emax=41.57786627
realization 28 / 300 ... accepted 28. Emin=-28.38400102, Emax=15.16935311
realization 29 / 300 ... accepted 29. Emin=-46.95125828, Emax=2.69792870
realization 30 / 300 ... accepted 30. Emin=-15.12716082, Emax=42.30039552
realization 31 / 300 ... accepted 31. Emin=-21.12602991, Emax=58.73529586
realization 32 / 300 ... accepted 32. Emin=6.69844651, Emax=61.83608872
realization 33 / 300 ... accepted 33. Emin=-17.85371982, Emax=31.54322913
realization 34 / 300 ... accepted 34. Emin=-19.21290445, Emax=65.28464359
realization 35 / 300 ... accepted 35. Emin=-31.86815220, Emax=28.90322999
realization 36 / 300 ... accepted 36. Emin=-6.42363895, Emax=55.89009986
realization 37 / 300 ... accepted 37. Emin=-42.37806648, Emax=17.10630745
realization 38 / 300 ... accepted 38. Emin=-22.69431920, Emax=31.66347357
realization 39 / 300 ... accepted 39. Emin=-19.71411359, Emax=35.35320398
realization 40 / 300 ... accepted 40. Emin=-19.77543335, Emax=31.83525967
realization 41 / 300 ... accepted 41. Emin=-4.71908184, Emax=57.91233587
realization 42 / 300 ... accepted 42. Emin=-6.06365535, Emax=42.93650289
realization 43 / 300 ... accepted 43. Emin=-16.89431167, Emax=25.42382808
realization 44 / 300 ... accepted 44. Emin=-16.95738166, Emax=48.97102415
realization 45 / 300 ... accepted 45. Emin=-6.79279469, Emax=60.36215334
realization 46 / 300 ... accepted 46. Emin=-10.19608022, Emax=59.58212094
realization 47 / 300 ... accepted 47. Emin=3.34654749, Emax=54.17809860
realization 48 / 300 ... accepted 48. Emin=0.85153630, Emax=58.14006880
realization 49 / 300 ... accepted 49. Emin=-0.62956442, Emax=50.23679122
realization 50 / 300 ... accepted 50. Emin=-30.63979433, Emax=27.94150435
realization 51 / 300 ... accepted 51. Emin=-3.34299614, Emax=42.86209306
realization 52 / 300 ... accepted 52. Emin=-14.57598493, Emax=53.12951845
realization 53 / 300 ... accepted 53. Emin=-25.71373689, Emax=35.92455262
realization 54 / 300 ... accepted 54. Emin=-12.21819604, Emax=55.72168135
realization 55 / 300 ... accepted 55. Emin=-16.51718628, Emax=48.01598876
realization 56 / 300 ... accepted 56. Emin=2.55755865, Emax=58.83566869
realization 57 / 300 ... accepted 57. Emin=-54.09325684, Emax=-0.22771689
realization 58 / 300 ... accepted 58. Emin=-1.32666445, Emax=60.19952423
realization 59 / 300 ... accepted 59. Emin=15.82801212, Emax=49.03728225
realization 60 / 300 ... accepted 60. Emin=-16.19029390, Emax=58.27005552
realization 61 / 300 ... accepted 61. Emin=-26.27503703, Emax=39.47805864
realization 62 / 300 ... accepted 62. Emin=-12.64712339, Emax=54.17671294
realization 63 / 300 ... accepted 63. Emin=-17.96224698, Emax=37.81800950
realization 64 / 300 ... accepted 64. Emin=-18.66636394, Emax=34.44434693
realization 65 / 300 ... accepted 65. Emin=-32.70980846, Emax=21.30488226
realization 66 / 300 ... accepted 66. Emin=-0.62879903, Emax=62.71797306
realization 67 / 300 ... accepted 67. Emin=-0.12004355, Emax=59.12936253
realization 68 / 300 ... accepted 68. Emin=-23.80805847, Emax=46.97952848
realization 69 / 300 ... accepted 69. Emin=-26.39488797, Emax=44.33007256
realization 70 / 300 ... accepted 70. Emin=-17.92416884, Emax=45.78971761
realization 71 / 300 ... accepted 71. Emin=6.55672547, Emax=61.29413790
realization 72 / 300 ... accepted 72. Emin=-2.12714197, Emax=38.76914017
realization 73 / 300 ... accepted 73. Emin=-13.66507162, Emax=46.46882311
realization 74 / 300 ... accepted 74. Emin=-16.27338126, Emax=43.19972251
realization 75 / 300 ... accepted 75. Emin=-8.87768273, Emax=59.93087483
realization 76 / 300 ... accepted 76. Emin=-0.93166441, Emax=50.27226415
realization 77 / 300 ... accepted 77. Emin=5.37921188, Emax=72.90557633
realization 78 / 300 ... accepted 78. Emin=-8.73646756, Emax=43.29625231
realization 79 / 300 ... accepted 79. Emin=-18.74835762, Emax=35.41204520
realization 80 / 300 ... accepted 80. Emin=1.94253818, Emax=49.09100695
realization 81 / 300 ... accepted 81. Emin=0.02331462, Emax=46.96373979
realization 82 / 300 ... accepted 82. Emin=-2.55306711, Emax=62.85019589
realization 83 / 300 ... accepted 83. Emin=-10.69645385, Emax=58.99379715
realization 84 / 300 ... accepted 84. Emin=-0.44386869, Emax=54.41317860
realization 85 / 300 ... accepted 85. Emin=-26.04320221, Emax=50.16793726
realization 86 / 300 ... accepted 86. Emin=-20.87142290, Emax=63.60593779
realization 87 / 300 ... accepted 87. Emin=-0.54078887, Emax=49.26055660
realization 88 / 300 ... accepted 88. Emin=-34.04570390, Emax=13.06330235
realization 89 / 300 ... accepted 89. Emin=-30.84980527, Emax=14.12306651
realization 90 / 300 ... accepted 90. Emin=-30.07124739, Emax=39.32623747
realization 91 / 300 ... accepted 91. Emin=-20.23673225, Emax=58.25286019
realization 92 / 300 ... accepted 92. Emin=-15.66357536, Emax=35.20649700
realization 93 / 300 ... accepted 93. Emin=-26.38067999, Emax=19.83819381
realization 94 / 300 ... accepted 94. Emin=-27.35053283, Emax=23.57534746
realization 95 / 300 ... accepted 95. Emin=-16.68441328, Emax=41.03364379
realization 96 / 300 ... accepted 96. Emin=-10.28518228, Emax=70.82944233
realization 97 / 300 ... accepted 97. Emin=-13.49995024, Emax=58.33290265
realization 98 / 300 ... accepted 98. Emin=-2.01379789, Emax=44.81434751
realization 99 / 300 ... accepted 99. Emin=13.07555006, Emax=62.37135967
realization 100 / 300 ... accepted 100. Emin=-29.71268780, Emax=24.75700774
realization 101 / 300 ... accepted 101. Emin=-16.98061966, Emax=40.79773294
realization 102 / 300 ... accepted 102. Emin=-29.55673304, Emax=16.69370332
realization 103 / 300 ... accepted 103. Emin=-39.75362883, Emax=18.34681062
realization 104 / 300 ... accepted 104. Emin=-14.54312658, Emax=38.78250294
realization 105 / 300 ... accepted 105. Emin=-4.65637705, Emax=43.09412786
realization 106 / 300 ... accepted 106. Emin=-24.72409152, Emax=15.22236422
realization 107 / 300 ... accepted 107. Emin=0.23891375, Emax=59.08728335
realization 108 / 300 ... accepted 108. Emin=-4.51284167, Emax=54.63925509
realization 109 / 300 ... accepted 109. Emin=-16.64693109, Emax=40.54186480
realization 110 / 300 ... accepted 110. Emin=6.68243744, Emax=59.80302421
realization 111 / 300 ... accepted 111. Emin=-5.29683077, Emax=51.09834658
realization 112 / 300 ... accepted 112. Emin=-18.81095495, Emax=59.28069705
realization 113 / 300 ... accepted 113. Emin=-15.93914533, Emax=29.49894405
realization 114 / 300 ... accepted 114. Emin=-20.16309783, Emax=44.42238577
realization 115 / 300 ... accepted 115. Emin=20.23981025, Emax=65.15867361
realization 116 / 300 ... accepted 116. Emin=2.35695368, Emax=57.32114040
realization 117 / 300 ... accepted 117. Emin=-28.43955231, Emax=41.25808342
realization 118 / 300 ... accepted 118. Emin=-35.07033013, Emax=35.71206936
realization 119 / 300 ... accepted 119. Emin=-16.60581135, Emax=45.76517147
realization 120 / 300 ... accepted 120. Emin=-25.36172886, Emax=32.31034819
realization 121 / 300 ... accepted 121. Emin=-30.44741110, Emax=36.36364106
realization 122 / 300 ... accepted 122. Emin=-24.24294784, Emax=38.32527048
realization 123 / 300 ... accepted 123. Emin=-14.76936001, Emax=65.45001505
realization 124 / 300 ... accepted 124. Emin=5.21386246, Emax=58.40011246
realization 125 / 300 ... accepted 125. Emin=-22.37627319, Emax=25.14418588
realization 126 / 300 ... accepted 126. Emin=-17.03599496, Emax=58.74499289
realization 127 / 300 ... accepted 127. Emin=-12.90588460, Emax=44.38434238
realization 128 / 300 ... accepted 128. Emin=7.07417925, Emax=53.93428651
realization 129 / 300 ... accepted 129. Emin=-18.95798191, Emax=51.59304483
realization 130 / 300 ... accepted 130. Emin=-25.96916708, Emax=52.49605901
realization 131 / 300 ... accepted 131. Emin=-7.01382899, Emax=57.18140810
realization 132 / 300 ... accepted 132. Emin=-5.97417200, Emax=62.50256119
realization 133 / 300 ... accepted 133. Emin=-45.83161449, Emax=12.87506943
realization 134 / 300 ... accepted 134. Emin=-22.58068658, Emax=43.41289897
realization 135 / 300 ... accepted 135. Emin=-20.78579448, Emax=58.78064025
realization 136 / 300 ... accepted 136. Emin=10.29408607, Emax=51.66333454
realization 137 / 300 ... accepted 137. Emin=-20.47476189, Emax=53.48693880
realization 138 / 300 ... accepted 138. Emin=0.96748532, Emax=42.64497593
realization 139 / 300 ... accepted 139. Emin=-28.77033773, Emax=40.77384820
realization 140 / 300 ... accepted 140. Emin=-11.15622802, Emax=56.59345086
realization 141 / 300 ... accepted 141. Emin=-40.79187482, Emax=19.24465697
realization 142 / 300 ... accepted 142. Emin=7.91776644, Emax=54.86361482
realization 143 / 300 ... accepted 143. Emin=-20.77004797, Emax=55.39708677
realization 144 / 300 ... accepted 144. Emin=11.41332426, Emax=65.91015166
realization 145 / 300 ... accepted 145. Emin=2.30075424, Emax=52.90841232
realization 146 / 300 ... accepted 146. Emin=-2.60833843, Emax=30.56394597
realization 147 / 300 ... accepted 147. Emin=-5.50232946, Emax=50.20249310
realization 148 / 300 ... accepted 148. Emin=0.80696316, Emax=66.90161373
realization 149 / 300 ... accepted 149. Emin=10.73099554, Emax=65.56992925
realization 150 / 300 ... accepted 150. Emin=-10.90439640, Emax=46.45475967
realization 151 / 300 ... accepted 151. Emin=-2.41029195, Emax=36.85926084
realization 152 / 300 ... accepted 152. Emin=-17.54928614, Emax=28.21647973
realization 153 / 300 ... accepted 153. Emin=-2.79860209, Emax=53.01727164
realization 154 / 300 ... accepted 154. Emin=-25.32429845, Emax=31.14744956
realization 155 / 300 ... accepted 155. Emin=-15.79720777, Emax=53.41382882
realization 156 / 300 ... accepted 156. Emin=-42.70649016, Emax=-1.37939518
realization 157 / 300 ... accepted 157. Emin=-13.47823437, Emax=32.90475156
realization 158 / 300 ... accepted 158. Emin=2.44072913, Emax=65.60140832
realization 159 / 300 ... accepted 159. Emin=-34.19428915, Emax=14.03624576
realization 160 / 300 ... accepted 160. Emin=6.46802894, Emax=54.23169595
realization 161 / 300 ... accepted 161. Emin=-11.26587437, Emax=57.25277647
realization 162 / 300 ... accepted 162. Emin=-15.85420714, Emax=27.66051836
realization 163 / 300 ... accepted 163. Emin=3.93952094, Emax=37.35893741
realization 164 / 300 ... accepted 164. Emin=-12.09239317, Emax=56.34730806
realization 165 / 300 ... accepted 165. Emin=-27.18441838, Emax=37.63102888
realization 166 / 300 ... accepted 166. Emin=-13.11368783, Emax=62.62521991
realization 167 / 300 ... accepted 167. Emin=-31.97696446, Emax=23.65514477
realization 168 / 300 ... accepted 168. Emin=-33.44860495, Emax=9.35292836
realization 169 / 300 ... accepted 169. Emin=-15.95717574, Emax=57.54024883
realization 170 / 300 ... accepted 170. Emin=-8.50990612, Emax=60.27672850
realization 171 / 300 ... accepted 171. Emin=-5.19408281, Emax=49.02179787
realization 172 / 300 ... accepted 172. Emin=-11.93492032, Emax=48.00094416
realization 173 / 300 ... accepted 173. Emin=-5.40250882, Emax=42.70491850
realization 174 / 300 ... accepted 174. Emin=-13.39734261, Emax=34.26988768
realization 175 / 300 ... accepted 175. Emin=-5.32165480, Emax=56.26566009
realization 176 / 300 ... accepted 176. Emin=-19.10643929, Emax=40.56249466
realization 177 / 300 ... accepted 177. Emin=-20.10401449, Emax=20.39951985
realization 178 / 300 ... accepted 178. Emin=-14.75278826, Emax=46.37779451
realization 179 / 300 ... accepted 179. Emin=-17.08653389, Emax=37.42528527
realization 180 / 300 ... accepted 180. Emin=6.29166278, Emax=60.88427404
realization 181 / 300 ... accepted 181. Emin=10.51507478, Emax=74.37928971
realization 182 / 300 ... accepted 182. Emin=-16.31149335, Emax=23.73849549
realization 183 / 300 ... accepted 183. Emin=-15.54908546, Emax=64.35640526
realization 184 / 300 ... accepted 184. Emin=-33.97545320, Emax=46.76754109
realization 185 / 300 ... accepted 185. Emin=-3.12209850, Emax=52.32461646
realization 186 / 300 ... accepted 186. Emin=-8.26996161, Emax=44.21106975
realization 187 / 300 ... accepted 187. Emin=-0.23792423, Emax=60.92618157
realization 188 / 300 ... accepted 188. Emin=-6.74984292, Emax=66.69358559
realization 189 / 300 ... accepted 189. Emin=-26.15514629, Emax=60.11336745
realization 190 / 300 ... accepted 190. Emin=-17.99112679, Emax=59.56247143
realization 191 / 300 ... accepted 191. Emin=-28.69445419, Emax=43.10451436
realization 192 / 300 ... accepted 192. Emin=-11.89888500, Emax=39.01524169
realization 193 / 300 ... accepted 193. Emin=-16.08185456, Emax=65.70207468
realization 194 / 300 ... accepted 194. Emin=-19.73430400, Emax=48.70997967
realization 195 / 300 ... accepted 195. Emin=24.11340020, Emax=60.04656056
realization 196 / 300 ... accepted 196. Emin=4.02265161, Emax=51.81308303
realization 197 / 300 ... accepted 197. Emin=-0.69989908, Emax=32.63618776
realization 198 / 300 ... accepted 198. Emin=1.30307551, Emax=69.89602700
realization 199 / 300 ... accepted 199. Emin=-10.90302764, Emax=26.17115482
realization 200 / 300 ... accepted 200. Emin=-30.05711871, Emax=41.23572565
realization 201 / 300 ... accepted 201. Emin=-12.66373240, Emax=51.22486237
realization 202 / 300 ... accepted 202. Emin=-12.39326328, Emax=37.20060316
realization 203 / 300 ... accepted 203. Emin=7.79229338, Emax=61.13682741
realization 204 / 300 ... accepted 204. Emin=-28.01453872, Emax=32.77754904
realization 205 / 300 ... accepted 205. Emin=-36.64698846, Emax=19.75562247
realization 206 / 300 ... accepted 206. Emin=3.59533190, Emax=52.05393434
realization 207 / 300 ... accepted 207. Emin=-16.11855402, Emax=52.53927045
realization 208 / 300 ... accepted 208. Emin=5.01480493, Emax=58.12744666
realization 209 / 300 ... accepted 209. Emin=-24.96123896, Emax=26.90174506
realization 210 / 300 ... accepted 210. Emin=-22.17735041, Emax=40.48630373
realization 211 / 300 ... accepted 211. Emin=5.75703482, Emax=47.43115584
realization 212 / 300 ... accepted 212. Emin=-10.94661972, Emax=41.55264488
realization 213 / 300 ... accepted 213. Emin=16.61991428, Emax=62.76380853
realization 214 / 300 ... accepted 214. Emin=4.61301710, Emax=55.90802582
realization 215 / 300 ... accepted 215. Emin=-25.03504255, Emax=34.51332708
realization 216 / 300 ... accepted 216. Emin=15.07166747, Emax=53.27686048
realization 217 / 300 ... accepted 217. Emin=8.49735431, Emax=45.83453095
realization 218 / 300 ... accepted 218. Emin=-6.64261553, Emax=63.60224117
realization 219 / 300 ... accepted 219. Emin=-33.35438593, Emax=38.56888220
realization 220 / 300 ... accepted 220. Emin=-36.71148532, Emax=44.49642943
realization 221 / 300 ... accepted 221. Emin=-9.10977164, Emax=40.79664299
realization 222 / 300 ... accepted 222. Emin=-4.28968210, Emax=40.15543541
realization 223 / 300 ... accepted 223. Emin=-16.22987604, Emax=53.47273232
realization 224 / 300 ... accepted 224. Emin=5.35783340, Emax=65.61408718
realization 225 / 300 ... accepted 225. Emin=-22.18775327, Emax=34.50714782
realization 226 / 300 ... accepted 226. Emin=-35.92177066, Emax=29.01306711
realization 227 / 300 ... accepted 227. Emin=-2.85660598, Emax=60.12182675
realization 228 / 300 ... accepted 228. Emin=-9.74377299, Emax=45.81331754
realization 229 / 300 ... accepted 229. Emin=-30.20741983, Emax=8.28749448
realization 230 / 300 ... accepted 230. Emin=-5.83947711, Emax=72.83874397
realization 231 / 300 ... accepted 231. Emin=-6.73933792, Emax=48.60859745
realization 232 / 300 ... accepted 232. Emin=-22.89112683, Emax=38.01395263
realization 233 / 300 ... accepted 233. Emin=-5.18888118, Emax=45.70447898
realization 234 / 300 ... accepted 234. Emin=-29.24857777, Emax=55.49420431
realization 235 / 300 ... accepted 235. Emin=-3.19081392, Emax=57.26257863
realization 236 / 300 ... accepted 236. Emin=-32.00443959, Emax=34.33675533
realization 237 / 300 ... accepted 237. Emin=-33.64232275, Emax=38.70100194
realization 238 / 300 ... accepted 238. Emin=-3.68302803, Emax=46.91314216
realization 239 / 300 ... accepted 239. Emin=-15.03460877, Emax=29.28416527
realization 240 / 300 ... accepted 240. Emin=-29.38624691, Emax=21.82434296
realization 241 / 300 ... accepted 241. Emin=-39.24259666, Emax=28.81443875
realization 242 / 300 ... accepted 242. Emin=-28.20428225, Emax=22.69145050
realization 243 / 300 ... accepted 243. Emin=20.24627308, Emax=68.76097817
realization 244 / 300 ... accepted 244. Emin=-6.47088482, Emax=59.55060015
realization 245 / 300 ... accepted 245. Emin=-5.27739537, Emax=51.37459265
realization 246 / 300 ... accepted 246. Emin=-9.66771611, Emax=49.56807756
realization 247 / 300 ... accepted 247. Emin=-7.22963941, Emax=53.45152186
realization 248 / 300 ... accepted 248. Emin=-13.38003262, Emax=60.92647826
realization 249 / 300 ... accepted 249. Emin=-1.42276506, Emax=51.20720909
realization 250 / 300 ... accepted 250. Emin=-15.54570799, Emax=46.98269787
realization 251 / 300 ... accepted 251. Emin=-35.38686619, Emax=15.46078763
realization 252 / 300 ... accepted 252. Emin=-12.21030467, Emax=31.50647878
realization 253 / 300 ... accepted 253. Emin=-11.25790555, Emax=59.36459361
realization 254 / 300 ... accepted 254. Emin=-28.28531753, Emax=31.49550635
realization 255 / 300 ... accepted 255. Emin=-7.61781943, Emax=64.40175407
realization 256 / 300 ... accepted 256. Emin=-8.02796481, Emax=59.41398232
realization 257 / 300 ... accepted 257. Emin=-13.81513562, Emax=50.75102258
realization 258 / 300 ... accepted 258. Emin=-22.37084527, Emax=30.13792764
realization 259 / 300 ... accepted 259. Emin=-29.86180567, Emax=32.26847654
realization 260 / 300 ... accepted 260. Emin=-29.22808949, Emax=25.09438469
realization 261 / 300 ... accepted 261. Emin=5.88154676, Emax=70.52733976
realization 262 / 300 ... accepted 262. Emin=-7.12424134, Emax=52.31343010
realization 263 / 300 ... accepted 263. Emin=3.35501298, Emax=55.91284343
realization 264 / 300 ... accepted 264. Emin=-27.35548443, Emax=27.15992820
realization 265 / 300 ... accepted 265. Emin=-13.53271853, Emax=40.44402281
realization 266 / 300 ... accepted 266. Emin=-26.55176501, Emax=37.40152291
realization 267 / 300 ... accepted 267. Emin=-16.71740271, Emax=49.52827144
realization 268 / 300 ... accepted 268. Emin=-0.91117503, Emax=57.48528884
realization 269 / 300 ... accepted 269. Emin=8.39456512, Emax=58.77539405
realization 270 / 300 ... accepted 270. Emin=-33.47197829, Emax=3.16342998
realization 271 / 300 ... accepted 271. Emin=-11.52919789, Emax=45.90480852
realization 272 / 300 ... accepted 272. Emin=1.54227926, Emax=55.08334842
realization 273 / 300 ... accepted 273. Emin=-30.23401082, Emax=25.42787109
realization 274 / 300 ... accepted 274. Emin=-28.52641838, Emax=54.79059562
realization 275 / 300 ... accepted 275. Emin=-19.63934797, Emax=31.27675553
realization 276 / 300 ... accepted 276. Emin=-21.04255621, Emax=27.49662374
realization 277 / 300 ... accepted 277. Emin=-22.46462773, Emax=25.94178208
realization 278 / 300 ... accepted 278. Emin=-16.84396503, Emax=41.78093542
realization 279 / 300 ... accepted 279. Emin=-11.16987420, Emax=58.34932853
realization 280 / 300 ... accepted 280. Emin=-11.17765881, Emax=50.29521196
realization 281 / 300 ... accepted 281. Emin=-12.16970616, Emax=39.17687643
realization 282 / 300 ... accepted 282. Emin=-18.49018690, Emax=42.20249319
realization 283 / 300 ... accepted 283. Emin=-9.01133357, Emax=73.06073458
realization 284 / 300 ... accepted 284. Emin=12.54308532, Emax=63.07147269
realization 285 / 300 ... accepted 285. Emin=-28.11177118, Emax=35.24072019
realization 286 / 300 ... accepted 286. Emin=-29.58068681, Emax=67.88417540
realization 287 / 300 ... accepted 287. Emin=-22.96519938, Emax=34.08100931
realization 288 / 300 ... accepted 288. Emin=-14.91556737, Emax=41.94593281
realization 289 / 300 ... accepted 289. Emin=-19.17003372, Emax=23.00689433
realization 290 / 300 ... accepted 290. Emin=-34.31950843, Emax=13.88635700
realization 291 / 300 ... accepted 291. Emin=-15.79597190, Emax=26.86995105
realization 292 / 300 ... accepted 292. Emin=-19.67155049, Emax=33.53328161
realization 293 / 300 ... accepted 293. Emin=-25.78237383, Emax=45.38125807
realization 294 / 300 ... accepted 294. Emin=14.14830119, Emax=66.54880650
realization 295 / 300 ... accepted 295. Emin=-31.86432900, Emax=4.63277888
realization 296 / 300 ... accepted 296. Emin=-19.11413601, Emax=36.02765742
realization 297 / 300 ... accepted 297. Emin=-30.15156591, Emax=12.67372846
realization 298 / 300 ... accepted 298. Emin=-28.02301624, Emax=63.03523910
realization 299 / 300 ... accepted 299. Emin=-42.96831203, Emax=-2.12881057
realization 300 / 300 ... accepted 300. Emin=-5.19479345, Emax=46.75332575
Saved final energies: /home/2/kj405942/POLFED_bosons/pbs_bose_legacy_nmax2_periodic/data/U_3/W_10/L_6/N_6_nmax_2/boundary_periodic/energies_full_U3_L6_N6_nmax2_W10_boundaryperiodic_nreal300.txt
Accepted realizations: 300 / 300
Skipped realizations: 0
Job finished at Sun May 31 17:58:21 UTC 2026
