Job started on w19 at Sun May 31 17:58:57 UTC 2026
PBS_JOBID=7731327.kruk-host.ift-klaster.lan
PBS_O_WORKDIR=/home/2/kj405942/POLFED_bosons
Bose-Hubbard: L=6, N=6, nmax=2, dim=141
t=1, U=3, W=3, nreal=300, boundary=periodic, mode=full
Writing partial results to /home/2/kj405942/POLFED_bosons/pbs_bose_legacy_nmax2_periodic/data/U_3/W_3/L_6/N_6_nmax_2/boundary_periodic/energies_full_U3_L6_N6_nmax2_W3_boundaryperiodic_nreal300_partial.txt
realization 1 / 300 ... accepted 1. Emin=-11.00129972, Emax=24.38283470
realization 2 / 300 ... accepted 2. Emin=-4.83862185, Emax=26.36688348
realization 3 / 300 ... accepted 3. Emin=-0.59964666, Emax=33.45368079
realization 4 / 300 ... accepted 4. Emin=-3.85710612, Emax=24.82532026
realization 5 / 300 ... accepted 5. Emin=-7.80477331, Emax=23.28787041
realization 6 / 300 ... accepted 6. Emin=-10.91689476, Emax=20.81243949
realization 7 / 300 ... accepted 7. Emin=-10.07979541, Emax=18.43597824
realization 8 / 300 ... accepted 8. Emin=0.08798693, Emax=32.93421079
realization 9 / 300 ... accepted 9. Emin=3.10054048, Emax=31.39598506
realization 10 / 300 ... accepted 10. Emin=2.86195006, Emax=30.09009887
realization 11 / 300 ... accepted 11. Emin=-2.22958444, Emax=30.07402230
realization 12 / 300 ... accepted 12. Emin=-4.98935955, Emax=26.35623551
realization 13 / 300 ... accepted 13. Emin=-1.59603701, Emax=31.23497419
realization 14 / 300 ... accepted 14. Emin=-5.57168759, Emax=27.29540250
realization 15 / 300 ... accepted 15. Emin=-5.13326712, Emax=29.38358974
realization 16 / 300 ... accepted 16. Emin=-2.67877990, Emax=28.79046335
realization 17 / 300 ... accepted 17. Emin=-7.88499360, Emax=22.60540124
realization 18 / 300 ... accepted 18. Emin=-1.34650017, Emax=29.75709240
realization 19 / 300 ... accepted 19. Emin=-0.69368062, Emax=33.51840601
realization 20 / 300 ... accepted 20. Emin=-7.04035631, Emax=23.41156721
realization 21 / 300 ... accepted 21. Emin=-1.96172259, Emax=29.41399580
realization 22 / 300 ... accepted 22. Emin=3.30061935, Emax=33.86391191
realization 23 / 300 ... accepted 23. Emin=-12.92123496, Emax=17.03453264
realization 24 / 300 ... accepted 24. Emin=-0.75104388, Emax=29.41791427
realization 25 / 300 ... accepted 25. Emin=-6.04899736, Emax=26.70625729
realization 26 / 300 ... accepted 26. Emin=-1.34846856, Emax=27.66826100
realization 27 / 300 ... accepted 27. Emin=-13.92238959, Emax=15.70324347
realization 28 / 300 ... accepted 28. Emin=0.50857396, Emax=30.67467729
realization 29 / 300 ... accepted 29. Emin=-12.26883990, Emax=15.38810927
realization 30 / 300 ... accepted 30. Emin=-7.98969160, Emax=24.33785049
realization 31 / 300 ... accepted 31. Emin=1.14851092, Emax=30.26163646
realization 32 / 300 ... accepted 32. Emin=1.75888352, Emax=33.10638608
realization 33 / 300 ... accepted 33. Emin=-5.59216737, Emax=22.54820713
realization 34 / 300 ... accepted 34. Emin=-2.12432054, Emax=27.58899097
realization 35 / 300 ... accepted 35. Emin=-3.07685901, Emax=22.69201596
realization 36 / 300 ... accepted 36. Emin=-2.12580467, Emax=24.65737122
realization 37 / 300 ... accepted 37. Emin=-1.60576863, Emax=30.17799708
realization 38 / 300 ... accepted 38. Emin=-10.72588459, Emax=20.87632853
realization 39 / 300 ... accepted 39. Emin=-7.52451290, Emax=27.15386525
realization 40 / 300 ... accepted 40. Emin=-1.76419302, Emax=30.61708513
realization 41 / 300 ... accepted 41. Emin=0.92354342, Emax=32.77464812
realization 42 / 300 ... accepted 42. Emin=-0.91644609, Emax=26.68026074
realization 43 / 300 ... accepted 43. Emin=-7.05690902, Emax=25.97514679
realization 44 / 300 ... accepted 44. Emin=-3.31642665, Emax=25.06385395
realization 45 / 300 ... accepted 45. Emin=-6.46863035, Emax=27.42463960
realization 46 / 300 ... accepted 46. Emin=-2.77464598, Emax=32.13193652
realization 47 / 300 ... accepted 47. Emin=-3.46918677, Emax=30.86868390
realization 48 / 300 ... accepted 48. Emin=-8.04986945, Emax=19.83715798
realization 49 / 300 ... accepted 49. Emin=-5.93064953, Emax=23.84083868
realization 50 / 300 ... accepted 50. Emin=0.27785373, Emax=33.78808326
realization 51 / 300 ... accepted 51. Emin=-0.28825255, Emax=33.86754760
realization 52 / 300 ... accepted 52. Emin=-3.75487187, Emax=26.43542930
realization 53 / 300 ... accepted 53. Emin=0.65206203, Emax=35.51941007
realization 54 / 300 ... accepted 54. Emin=-8.88582950, Emax=28.01626104
realization 55 / 300 ... accepted 55. Emin=-5.51910654, Emax=30.65208241
realization 56 / 300 ... accepted 56. Emin=-7.44652830, Emax=25.90760557
realization 57 / 300 ... accepted 57. Emin=-0.23331264, Emax=29.60488314
realization 58 / 300 ... accepted 58. Emin=-2.34788236, Emax=29.85801861
realization 59 / 300 ... accepted 59. Emin=-2.13982011, Emax=27.96473906
realization 60 / 300 ... accepted 60. Emin=-9.33307702, Emax=20.98252975
realization 61 / 300 ... accepted 61. Emin=-0.44304777, Emax=27.31854619
realization 62 / 300 ... accepted 62. Emin=0.86255575, Emax=32.58242654
realization 63 / 300 ... accepted 63. Emin=-5.52497032, Emax=26.56982961
realization 64 / 300 ... accepted 64. Emin=-6.86566214, Emax=24.67215938
realization 65 / 300 ... accepted 65. Emin=-13.43850606, Emax=18.55045766
realization 66 / 300 ... accepted 66. Emin=-3.96203547, Emax=27.68054244
realization 67 / 300 ... accepted 67. Emin=-11.39842151, Emax=19.95152131
realization 68 / 300 ... accepted 68. Emin=-3.38332704, Emax=30.05445367
realization 69 / 300 ... accepted 69. Emin=2.57154708, Emax=32.25348810
realization 70 / 300 ... accepted 70. Emin=-11.91414873, Emax=17.76208214
realization 71 / 300 ... accepted 71. Emin=-11.61554595, Emax=20.42790062
realization 72 / 300 ... accepted 72. Emin=-2.49686726, Emax=29.54363761
realization 73 / 300 ... accepted 73. Emin=0.72394374, Emax=30.69689510
realization 74 / 300 ... accepted 74. Emin=-5.90609825, Emax=28.13320440
realization 75 / 300 ... accepted 75. Emin=-7.18286029, Emax=27.93774443
realization 76 / 300 ... accepted 76. Emin=2.04903721, Emax=32.13590502
realization 77 / 300 ... accepted 77. Emin=-7.53047349, Emax=24.89652679
realization 78 / 300 ... accepted 78. Emin=-3.28882441, Emax=30.31683628
realization 79 / 300 ... accepted 79. Emin=-8.67655077, Emax=25.64678529
realization 80 / 300 ... accepted 80. Emin=-9.29983510, Emax=21.26057378
realization 81 / 300 ... accepted 81. Emin=-1.35238417, Emax=28.52612863
realization 82 / 300 ... accepted 82. Emin=-4.39576677, Emax=26.98184075
realization 83 / 300 ... accepted 83. Emin=-8.09050366, Emax=24.61085380
realization 84 / 300 ... accepted 84. Emin=-3.89441700, Emax=28.11657307
realization 85 / 300 ... accepted 85. Emin=-3.36036178, Emax=28.61352493
realization 86 / 300 ... accepted 86. Emin=-1.49508128, Emax=29.84094602
realization 87 / 300 ... accepted 87. Emin=-1.03637448, Emax=29.70883851
realization 88 / 300 ... accepted 88. Emin=-3.78154322, Emax=26.39464348
realization 89 / 300 ... accepted 89. Emin=-4.43547743, Emax=25.42805094
realization 90 / 300 ... accepted 90. Emin=-6.47653086, Emax=26.72303589
realization 91 / 300 ... accepted 91. Emin=-9.27203690, Emax=16.68524414
realization 92 / 300 ... accepted 92. Emin=-7.90331258, Emax=27.02790456
realization 93 / 300 ... accepted 93. Emin=-4.34771905, Emax=26.41931141
realization 94 / 300 ... accepted 94. Emin=-3.57361778, Emax=32.66590197
realization 95 / 300 ... accepted 95. Emin=-5.74166267, Emax=23.77276442
realization 96 / 300 ... accepted 96. Emin=-3.71746452, Emax=26.62564855
realization 97 / 300 ... accepted 97. Emin=-5.44333450, Emax=24.73286583
realization 98 / 300 ... accepted 98. Emin=-13.06817037, Emax=16.04627704
realization 99 / 300 ... accepted 99. Emin=-2.81923806, Emax=29.30179707
realization 100 / 300 ... accepted 100. Emin=-1.29619114, Emax=31.51916845
realization 101 / 300 ... accepted 101. Emin=-7.34950628, Emax=24.16880775
realization 102 / 300 ... accepted 102. Emin=-3.81222753, Emax=26.07731972
realization 103 / 300 ... accepted 103. Emin=-6.72138046, Emax=24.81358363
realization 104 / 300 ... accepted 104. Emin=-2.68501226, Emax=28.19133972
realization 105 / 300 ... accepted 105. Emin=-2.43192856, Emax=28.62206965
realization 106 / 300 ... accepted 106. Emin=-6.26751958, Emax=21.86085313
realization 107 / 300 ... accepted 107. Emin=-6.03454098, Emax=23.34282969
realization 108 / 300 ... accepted 108. Emin=-2.45871953, Emax=28.66864350
realization 109 / 300 ... accepted 109. Emin=-9.76362878, Emax=20.25691238
realization 110 / 300 ... accepted 110. Emin=-2.25223477, Emax=28.02304123
realization 111 / 300 ... accepted 111. Emin=-12.60860696, Emax=17.19827110
realization 112 / 300 ... accepted 112. Emin=-7.62063105, Emax=25.23233483
realization 113 / 300 ... accepted 113. Emin=-2.32362177, Emax=31.00621328
realization 114 / 300 ... accepted 114. Emin=-11.38334192, Emax=18.62326689
realization 115 / 300 ... accepted 115. Emin=-10.21618497, Emax=18.70767911
realization 116 / 300 ... accepted 116. Emin=-5.81268509, Emax=26.62982957
realization 117 / 300 ... accepted 117. Emin=-8.06598932, Emax=25.02034753
realization 118 / 300 ... accepted 118. Emin=-5.10065675, Emax=24.46883734
realization 119 / 300 ... accepted 119. Emin=3.70574478, Emax=32.01686732
realization 120 / 300 ... accepted 120. Emin=-5.42050036, Emax=28.14742681
realization 121 / 300 ... accepted 121. Emin=-2.37222532, Emax=27.84823395
realization 122 / 300 ... accepted 122. Emin=-10.10615532, Emax=23.62446184
realization 123 / 300 ... accepted 123. Emin=-3.94199173, Emax=28.44228402
realization 124 / 300 ... accepted 124. Emin=1.55034601, Emax=35.30187813
realization 125 / 300 ... accepted 125. Emin=-4.09905628, Emax=26.81704104
realization 126 / 300 ... accepted 126. Emin=-4.36147485, Emax=27.99745476
realization 127 / 300 ... accepted 127. Emin=-1.41702782, Emax=34.03059374
realization 128 / 300 ... accepted 128. Emin=-0.31213792, Emax=32.42622698
realization 129 / 300 ... accepted 129. Emin=-1.04546550, Emax=32.23506654
realization 130 / 300 ... accepted 130. Emin=-5.20446048, Emax=26.69901795
realization 131 / 300 ... accepted 131. Emin=2.04767630, Emax=33.32221479
realization 132 / 300 ... accepted 132. Emin=-9.85802660, Emax=22.76125879
realization 133 / 300 ... accepted 133. Emin=2.98216096, Emax=34.28259206
realization 134 / 300 ... accepted 134. Emin=-4.68486703, Emax=25.70978363
realization 135 / 300 ... accepted 135. Emin=-10.01858632, Emax=18.45472914
realization 136 / 300 ... accepted 136. Emin=1.29501374, Emax=31.58431552
realization 137 / 300 ... accepted 137. Emin=-9.57985707, Emax=19.76283885
realization 138 / 300 ... accepted 138. Emin=-3.75173710, Emax=31.06076166
realization 139 / 300 ... accepted 139. Emin=-10.75420464, Emax=23.22345776
realization 140 / 300 ... accepted 140. Emin=-3.69863959, Emax=22.22488629
realization 141 / 300 ... accepted 141. Emin=-11.68409408, Emax=20.73218283
realization 142 / 300 ... accepted 142. Emin=-3.46905844, Emax=26.08950794
realization 143 / 300 ... accepted 143. Emin=-5.18036779, Emax=25.86858868
realization 144 / 300 ... accepted 144. Emin=-8.15269739, Emax=22.38276141
realization 145 / 300 ... accepted 145. Emin=-8.25458700, Emax=22.88882265
realization 146 / 300 ... accepted 146. Emin=-8.00974995, Emax=21.71052533
realization 147 / 300 ... accepted 147. Emin=-2.48256936, Emax=29.68051592
realization 148 / 300 ... accepted 148. Emin=-1.80422083, Emax=30.86492593
realization 149 / 300 ... accepted 149. Emin=-7.55707123, Emax=24.95486570
realization 150 / 300 ... accepted 150. Emin=-3.71188789, Emax=30.71992490
realization 151 / 300 ... accepted 151. Emin=-3.71681083, Emax=27.57077532
realization 152 / 300 ... accepted 152. Emin=-3.29470773, Emax=31.98895346
realization 153 / 300 ... accepted 153. Emin=4.00474348, Emax=33.30683700
realization 154 / 300 ... accepted 154. Emin=-2.27545582, Emax=31.11810510
realization 155 / 300 ... accepted 155. Emin=-1.73817494, Emax=33.22294692
realization 156 / 300 ... accepted 156. Emin=-1.50707714, Emax=28.52546647
realization 157 / 300 ... accepted 157. Emin=-4.43312568, Emax=25.83128339
realization 158 / 300 ... accepted 158. Emin=-10.00298514, Emax=21.23271252
realization 159 / 300 ... accepted 159. Emin=4.81691450, Emax=34.17633150
realization 160 / 300 ... accepted 160. Emin=-7.30092415, Emax=24.29072615
realization 161 / 300 ... accepted 161. Emin=-0.94258803, Emax=33.41700621
realization 162 / 300 ... accepted 162. Emin=-2.95364304, Emax=25.77411939
realization 163 / 300 ... accepted 163. Emin=-0.55158743, Emax=29.20147824
realization 164 / 300 ... accepted 164. Emin=5.29990712, Emax=35.41790536
realization 165 / 300 ... accepted 165. Emin=-7.31720499, Emax=32.15383571
realization 166 / 300 ... accepted 166. Emin=3.02301788, Emax=31.27006984
realization 167 / 300 ... accepted 167. Emin=7.85073232, Emax=34.30283580
realization 168 / 300 ... accepted 168. Emin=-2.62545782, Emax=28.07597097
realization 169 / 300 ... accepted 169. Emin=2.05697388, Emax=30.53461012
realization 170 / 300 ... accepted 170. Emin=1.94705185, Emax=34.21294567
realization 171 / 300 ... accepted 171. Emin=-0.22236748, Emax=34.58325413
realization 172 / 300 ... accepted 172. Emin=-8.31286975, Emax=20.77847751
realization 173 / 300 ... accepted 173. Emin=-8.20749368, Emax=25.27545264
realization 174 / 300 ... accepted 174. Emin=-1.76247034, Emax=29.66471915
realization 175 / 300 ... accepted 175. Emin=3.24414642, Emax=32.26713385
realization 176 / 300 ... accepted 176. Emin=-1.52136400, Emax=28.74013817
realization 177 / 300 ... accepted 177. Emin=-4.19349899, Emax=29.12043743
realization 178 / 300 ... accepted 178. Emin=1.57729519, Emax=31.96332906
realization 179 / 300 ... accepted 179. Emin=-8.67512247, Emax=25.15670175
realization 180 / 300 ... accepted 180. Emin=-6.40067240, Emax=26.65188487
realization 181 / 300 ... accepted 181. Emin=-7.86401886, Emax=21.61644668
realization 182 / 300 ... accepted 182. Emin=-2.02030163, Emax=28.92116094
realization 183 / 300 ... accepted 183. Emin=-2.01555614, Emax=33.24856744
realization 184 / 300 ... accepted 184. Emin=-1.95010613, Emax=33.63909673
realization 185 / 300 ... accepted 185. Emin=-5.96356539, Emax=23.69049052
realization 186 / 300 ... accepted 186. Emin=-7.75929126, Emax=25.07628726
realization 187 / 300 ... accepted 187. Emin=-0.87502796, Emax=30.17919882
realization 188 / 300 ... accepted 188. Emin=-5.92540847, Emax=25.45981031
realization 189 / 300 ... accepted 189. Emin=-4.68891793, Emax=23.79540028
realization 190 / 300 ... accepted 190. Emin=-2.83609760, Emax=30.53370242
realization 191 / 300 ... accepted 191. Emin=-1.99161893, Emax=29.80882485
realization 192 / 300 ... accepted 192. Emin=-1.57232247, Emax=30.68682846
realization 193 / 300 ... accepted 193. Emin=-6.02616537, Emax=30.37617777
realization 194 / 300 ... accepted 194. Emin=-12.24426493, Emax=16.88590348
realization 195 / 300 ... accepted 195. Emin=-3.81912133, Emax=26.92595186
realization 196 / 300 ... accepted 196. Emin=-1.58274634, Emax=29.64728611
realization 197 / 300 ... accepted 197. Emin=0.42810468, Emax=32.03613661
realization 198 / 300 ... accepted 198. Emin=-8.31704584, Emax=25.83228562
realization 199 / 300 ... accepted 199. Emin=-5.64970774, Emax=26.99939316
realization 200 / 300 ... accepted 200. Emin=-4.72883203, Emax=32.77882207
realization 201 / 300 ... accepted 201. Emin=-5.83894129, Emax=23.72992719
realization 202 / 300 ... accepted 202. Emin=-8.91555351, Emax=25.83558441
realization 203 / 300 ... accepted 203. Emin=1.85548139, Emax=34.19279823
realization 204 / 300 ... accepted 204. Emin=-1.55409376, Emax=33.23983012
realization 205 / 300 ... accepted 205. Emin=-6.27216258, Emax=28.95267012
realization 206 / 300 ... accepted 206. Emin=-1.17292802, Emax=29.60191907
realization 207 / 300 ... accepted 207. Emin=-7.75064156, Emax=19.62555470
realization 208 / 300 ... accepted 208. Emin=-1.67818829, Emax=27.25581491
realization 209 / 300 ... accepted 209. Emin=-12.67691301, Emax=19.10623653
realization 210 / 300 ... accepted 210. Emin=-11.26037011, Emax=17.52401598
realization 211 / 300 ... accepted 211. Emin=-3.62885010, Emax=30.11990516
realization 212 / 300 ... accepted 212. Emin=-4.78764541, Emax=26.81111364
realization 213 / 300 ... accepted 213. Emin=-1.17349702, Emax=28.13635678
realization 214 / 300 ... accepted 214. Emin=-3.95341808, Emax=22.46485761
realization 215 / 300 ... accepted 215. Emin=-2.43779462, Emax=26.71132818
realization 216 / 300 ... accepted 216. Emin=0.39748775, Emax=32.25446963
realization 217 / 300 ... accepted 217. Emin=-0.67102710, Emax=31.93292417
realization 218 / 300 ... accepted 218. Emin=-3.13012999, Emax=30.20961177
realization 219 / 300 ... accepted 219. Emin=-6.92535272, Emax=29.79129169
realization 220 / 300 ... accepted 220. Emin=-0.71913259, Emax=31.19679651
realization 221 / 300 ... accepted 221. Emin=-6.94490724, Emax=27.98576295
realization 222 / 300 ... accepted 222. Emin=-2.30036551, Emax=27.24402803
realization 223 / 300 ... accepted 223. Emin=-4.30583643, Emax=31.81833174
realization 224 / 300 ... accepted 224. Emin=-0.77690256, Emax=31.79437105
realization 225 / 300 ... accepted 225. Emin=-9.44819178, Emax=24.67084468
realization 226 / 300 ... accepted 226. Emin=-8.60118425, Emax=21.54017613
realization 227 / 300 ... accepted 227. Emin=-2.76629953, Emax=34.58005514
realization 228 / 300 ... accepted 228. Emin=-5.47982221, Emax=28.84399114
realization 229 / 300 ... accepted 229. Emin=-10.61402298, Emax=23.48436290
realization 230 / 300 ... accepted 230. Emin=-1.25446824, Emax=31.14955126
realization 231 / 300 ... accepted 231. Emin=-5.00006299, Emax=25.09552867
realization 232 / 300 ... accepted 232. Emin=-10.75462887, Emax=22.32007400
realization 233 / 300 ... accepted 233. Emin=-5.20922852, Emax=23.06119329
realization 234 / 300 ... accepted 234. Emin=3.09705151, Emax=31.64556317
realization 235 / 300 ... accepted 235. Emin=-5.90432767, Emax=23.32322336
realization 236 / 300 ... accepted 236. Emin=-2.79729778, Emax=26.08053186
realization 237 / 300 ... accepted 237. Emin=-11.51813731, Emax=19.88941279
realization 238 / 300 ... accepted 238. Emin=-6.59822368, Emax=27.92016286
realization 239 / 300 ... accepted 239. Emin=-8.55803207, Emax=21.84142468
realization 240 / 300 ... accepted 240. Emin=-7.06180259, Emax=25.49009059
realization 241 / 300 ... accepted 241. Emin=-2.27048246, Emax=29.14010833
realization 242 / 300 ... accepted 242. Emin=3.36498143, Emax=29.96278118
realization 243 / 300 ... accepted 243. Emin=-10.84878122, Emax=22.85061808
realization 244 / 300 ... accepted 244. Emin=-8.16438306, Emax=21.99584945
realization 245 / 300 ... accepted 245. Emin=-9.94318331, Emax=22.99806330
realization 246 / 300 ... accepted 246. Emin=-0.52281772, Emax=32.43462821
realization 247 / 300 ... accepted 247. Emin=-7.94940313, Emax=23.57826087
realization 248 / 300 ... accepted 248. Emin=-4.51468289, Emax=29.58244401
realization 249 / 300 ... accepted 249. Emin=-6.10419443, Emax=25.57649403
realization 250 / 300 ... accepted 250. Emin=-3.66582559, Emax=34.88877353
realization 251 / 300 ... accepted 251. Emin=-6.65166982, Emax=23.08823970
realization 252 / 300 ... accepted 252. Emin=-5.38203333, Emax=24.59761408
realization 253 / 300 ... accepted 253. Emin=-5.15875412, Emax=28.44560399
realization 254 / 300 ... accepted 254. Emin=-2.36212610, Emax=26.00841820
realization 255 / 300 ... accepted 255. Emin=-0.32662606, Emax=30.06822402
realization 256 / 300 ... accepted 256. Emin=-0.92824295, Emax=32.04985909
realization 257 / 300 ... accepted 257. Emin=-5.46594930, Emax=23.00197499
realization 258 / 300 ... accepted 258. Emin=-6.74151602, Emax=23.74526514
realization 259 / 300 ... accepted 259. Emin=-3.77652562, Emax=30.87376527
realization 260 / 300 ... accepted 260. Emin=-2.23018865, Emax=31.68787758
realization 261 / 300 ... accepted 261. Emin=-3.34269192, Emax=29.04908592
realization 262 / 300 ... accepted 262. Emin=-9.37770124, Emax=21.08318291
realization 263 / 300 ... accepted 263. Emin=-2.01690585, Emax=28.42844426
realization 264 / 300 ... accepted 264. Emin=-8.05164144, Emax=22.73704790
realization 265 / 300 ... accepted 265. Emin=-4.27879243, Emax=27.86534296
realization 266 / 300 ... accepted 266. Emin=-2.68801175, Emax=30.11950675
realization 267 / 300 ... accepted 267. Emin=-2.97381011, Emax=28.26264668
realization 268 / 300 ... accepted 268. Emin=-9.41926164, Emax=22.60171247
realization 269 / 300 ... accepted 269. Emin=-8.46116927, Emax=27.97171371
realization 270 / 300 ... accepted 270. Emin=-0.40411735, Emax=33.86756646
realization 271 / 300 ... accepted 271. Emin=-5.49002875, Emax=24.87855054
realization 272 / 300 ... accepted 272. Emin=1.60920109, Emax=31.87786205
realization 273 / 300 ... accepted 273. Emin=-7.16809583, Emax=26.48979946
realization 274 / 300 ... accepted 274. Emin=-6.30708544, Emax=24.06878981
realization 275 / 300 ... accepted 275. Emin=2.87832451, Emax=31.98105478
realization 276 / 300 ... accepted 276. Emin=5.23209194, Emax=34.22559240
realization 277 / 300 ... accepted 277. Emin=-3.32370297, Emax=27.82559659
realization 278 / 300 ... accepted 278. Emin=-4.30864724, Emax=32.98677606
realization 279 / 300 ... accepted 279. Emin=-2.87216825, Emax=30.59629923
realization 280 / 300 ... accepted 280. Emin=-8.97789305, Emax=21.08288095
realization 281 / 300 ... accepted 281. Emin=-3.73538534, Emax=27.84692590
realization 282 / 300 ... accepted 282. Emin=-3.30921612, Emax=27.78781520
realization 283 / 300 ... accepted 283. Emin=-4.80796792, Emax=24.58112202
realization 284 / 300 ... accepted 284. Emin=-9.02337108, Emax=20.99440326
realization 285 / 300 ... accepted 285. Emin=-6.27591101, Emax=25.26083893
realization 286 / 300 ... accepted 286. Emin=-9.80911383, Emax=26.96999368
realization 287 / 300 ... accepted 287. Emin=-6.16390518, Emax=23.36341926
realization 288 / 300 ... accepted 288. Emin=-0.58367164, Emax=28.74759390
realization 289 / 300 ... accepted 289. Emin=-5.40435526, Emax=25.70313383
realization 290 / 300 ... accepted 290. Emin=-8.16480775, Emax=25.29733688
realization 291 / 300 ... accepted 291. Emin=-10.72732108, Emax=23.63667424
realization 292 / 300 ... accepted 292. Emin=-4.85959208, Emax=26.71883539
realization 293 / 300 ... accepted 293. Emin=-13.05367194, Emax=15.65912781
realization 294 / 300 ... accepted 294. Emin=0.39915098, Emax=29.60317527
realization 295 / 300 ... accepted 295. Emin=-8.17014540, Emax=23.45279626
realization 296 / 300 ... accepted 296. Emin=-6.99615399, Emax=25.03267584
realization 297 / 300 ... accepted 297. Emin=-4.87639825, Emax=32.63883693
realization 298 / 300 ... accepted 298. Emin=3.47359715, Emax=33.95215303
realization 299 / 300 ... accepted 299. Emin=-3.04200445, Emax=29.10160358
realization 300 / 300 ... accepted 300. Emin=1.12602081, Emax=29.86208448
Saved final energies: /home/2/kj405942/POLFED_bosons/pbs_bose_legacy_nmax2_periodic/data/U_3/W_3/L_6/N_6_nmax_2/boundary_periodic/energies_full_U3_L6_N6_nmax2_W3_boundaryperiodic_nreal300.txt
Accepted realizations: 300 / 300
Skipped realizations: 0
Job finished at Sun May 31 18:00:38 UTC 2026
