Job started on w19 at Sun May 31 17:58:58 UTC 2026
PBS_JOBID=7731330.kruk-host.ift-klaster.lan
PBS_O_WORKDIR=/home/2/kj405942/POLFED_bosons
Bose-Hubbard: L=6, N=6, nmax=2, dim=141
t=1, U=3, W=6, nreal=300, boundary=periodic, mode=full
Writing partial results to /home/2/kj405942/POLFED_bosons/pbs_bose_legacy_nmax2_periodic/data/U_3/W_6/L_6/N_6_nmax_2/boundary_periodic/energies_full_U3_L6_N6_nmax2_W6_boundaryperiodic_nreal300_partial.txt
realization 1 / 300 ... accepted 1. Emin=0.52140818, Emax=31.59396813
realization 2 / 300 ... accepted 2. Emin=-5.50951682, Emax=44.75745547
realization 3 / 300 ... accepted 3. Emin=-3.47568353, Emax=35.07285682
realization 4 / 300 ... accepted 4. Emin=-12.47824054, Emax=32.36385705
realization 5 / 300 ... accepted 5. Emin=-19.61829238, Emax=17.50816257
realization 6 / 300 ... accepted 6. Emin=-22.14064331, Emax=18.00656309
realization 7 / 300 ... accepted 7. Emin=-11.28592608, Emax=24.11177204
realization 8 / 300 ... accepted 8. Emin=-3.95626846, Emax=42.98096309
realization 9 / 300 ... accepted 9. Emin=-21.99993161, Emax=15.21142437
realization 10 / 300 ... accepted 10. Emin=-7.32137520, Emax=32.32079928
realization 11 / 300 ... accepted 11. Emin=-14.77085171, Emax=25.81727910
realization 12 / 300 ... accepted 12. Emin=-7.53336077, Emax=29.01386466
realization 13 / 300 ... accepted 13. Emin=-21.05454652, Emax=28.45590036
realization 14 / 300 ... accepted 14. Emin=-13.23315350, Emax=25.67551091
realization 15 / 300 ... accepted 15. Emin=-13.67683911, Emax=23.57412543
realization 16 / 300 ... accepted 16. Emin=-5.19804543, Emax=38.81059815
realization 17 / 300 ... accepted 17. Emin=-11.05871138, Emax=37.45087679
realization 18 / 300 ... accepted 18. Emin=-7.61119129, Emax=33.93587494
realization 19 / 300 ... accepted 19. Emin=1.97417165, Emax=47.92122401
realization 20 / 300 ... accepted 20. Emin=-4.59219309, Emax=43.96841448
realization 21 / 300 ... accepted 21. Emin=7.00343477, Emax=45.91225090
realization 22 / 300 ... accepted 22. Emin=3.18617420, Emax=40.96723423
realization 23 / 300 ... accepted 23. Emin=6.62275280, Emax=48.39468912
realization 24 / 300 ... accepted 24. Emin=-9.76495511, Emax=34.23013266
realization 25 / 300 ... accepted 25. Emin=4.34233591, Emax=44.55671739
realization 26 / 300 ... accepted 26. Emin=-9.75867049, Emax=32.03030042
realization 27 / 300 ... accepted 27. Emin=-23.70536462, Emax=10.72618583
realization 28 / 300 ... accepted 28. Emin=-10.01678009, Emax=36.09342274
realization 29 / 300 ... accepted 29. Emin=-14.36113654, Emax=34.03779718
realization 30 / 300 ... accepted 30. Emin=-5.12215041, Emax=42.54098999
realization 31 / 300 ... accepted 31. Emin=-0.00414231, Emax=46.24727409
realization 32 / 300 ... accepted 32. Emin=-10.73020645, Emax=38.08733833
realization 33 / 300 ... accepted 33. Emin=3.73347790, Emax=43.69435022
realization 34 / 300 ... accepted 34. Emin=-8.23464842, Emax=32.00340780
realization 35 / 300 ... accepted 35. Emin=-7.87288936, Emax=38.61799328
realization 36 / 300 ... accepted 36. Emin=-6.83321802, Emax=35.09929856
realization 37 / 300 ... accepted 37. Emin=13.63061584, Emax=42.91317945
realization 38 / 300 ... accepted 38. Emin=-7.38127321, Emax=31.01173215
realization 39 / 300 ... accepted 39. Emin=3.52252856, Emax=41.37329085
realization 40 / 300 ... accepted 40. Emin=-8.25647541, Emax=25.96096413
realization 41 / 300 ... accepted 41. Emin=-12.23194745, Emax=31.61962096
realization 42 / 300 ... accepted 42. Emin=-19.87569854, Emax=16.83771009
realization 43 / 300 ... accepted 43. Emin=6.77075902, Emax=41.42936463
realization 44 / 300 ... accepted 44. Emin=2.45784276, Emax=47.68240819
realization 45 / 300 ... accepted 45. Emin=-24.61618246, Emax=9.66873100
realization 46 / 300 ... accepted 46. Emin=-6.60027616, Emax=36.20487468
realization 47 / 300 ... accepted 47. Emin=-14.53017793, Emax=40.75759433
realization 48 / 300 ... accepted 48. Emin=-0.09116681, Emax=38.74225090
realization 49 / 300 ... accepted 49. Emin=-7.07559115, Emax=36.17560461
realization 50 / 300 ... accepted 50. Emin=-19.15723010, Emax=18.20558795
realization 51 / 300 ... accepted 51. Emin=-8.65663166, Emax=25.50296271
realization 52 / 300 ... accepted 52. Emin=-9.70235044, Emax=29.23320644
realization 53 / 300 ... accepted 53. Emin=-4.55978215, Emax=42.58557162
realization 54 / 300 ... accepted 54. Emin=-8.76994533, Emax=44.27837407
realization 55 / 300 ... accepted 55. Emin=-12.05976816, Emax=22.41052486
realization 56 / 300 ... accepted 56. Emin=-5.42714402, Emax=38.18854908
realization 57 / 300 ... accepted 57. Emin=-14.44459375, Emax=25.36145356
realization 58 / 300 ... accepted 58. Emin=11.94763724, Emax=45.24219343
realization 59 / 300 ... accepted 59. Emin=-11.02002527, Emax=32.93427262
realization 60 / 300 ... accepted 60. Emin=-1.40660865, Emax=47.38626926
realization 61 / 300 ... accepted 61. Emin=-10.06502791, Emax=34.84907616
realization 62 / 300 ... accepted 62. Emin=-14.18587432, Emax=22.40251793
realization 63 / 300 ... accepted 63. Emin=-4.58760457, Emax=33.87935497
realization 64 / 300 ... accepted 64. Emin=-12.33943092, Emax=25.76909214
realization 65 / 300 ... accepted 65. Emin=-9.77782431, Emax=29.62897517
realization 66 / 300 ... accepted 66. Emin=-5.81293302, Emax=36.99552236
realization 67 / 300 ... accepted 67. Emin=-3.65614390, Emax=34.49018726
realization 68 / 300 ... accepted 68. Emin=-11.71105326, Emax=39.02912743
realization 69 / 300 ... accepted 69. Emin=2.22546174, Emax=40.84949157
realization 70 / 300 ... accepted 70. Emin=5.07949359, Emax=41.87784509
realization 71 / 300 ... accepted 71. Emin=-9.21084141, Emax=27.44537964
realization 72 / 300 ... accepted 72. Emin=-11.45111286, Emax=28.28548446
realization 73 / 300 ... accepted 73. Emin=-6.25427036, Emax=49.12183794
realization 74 / 300 ... accepted 74. Emin=-2.64693410, Emax=39.92840820
realization 75 / 300 ... accepted 75. Emin=-18.43305207, Emax=38.94687199
realization 76 / 300 ... accepted 76. Emin=-1.26940370, Emax=40.35549570
realization 77 / 300 ... accepted 77. Emin=3.83073905, Emax=45.80946756
realization 78 / 300 ... accepted 78. Emin=-14.76612199, Emax=34.53047983
realization 79 / 300 ... accepted 79. Emin=-8.89682792, Emax=31.42356263
realization 80 / 300 ... accepted 80. Emin=12.49463239, Emax=44.77889397
realization 81 / 300 ... accepted 81. Emin=-12.22078299, Emax=23.44796496
realization 82 / 300 ... accepted 82. Emin=11.28880345, Emax=48.49004422
realization 83 / 300 ... accepted 83. Emin=3.25844769, Emax=43.49816250
realization 84 / 300 ... accepted 84. Emin=-4.09441734, Emax=32.79950412
realization 85 / 300 ... accepted 85. Emin=-17.29100563, Emax=43.11155554
realization 86 / 300 ... accepted 86. Emin=-2.39071534, Emax=34.01037507
realization 87 / 300 ... accepted 87. Emin=-19.33085564, Emax=23.19548592
realization 88 / 300 ... accepted 88. Emin=-2.16910446, Emax=42.04163349
realization 89 / 300 ... accepted 89. Emin=-4.19020130, Emax=33.98892787
realization 90 / 300 ... accepted 90. Emin=7.81570707, Emax=43.60453677
realization 91 / 300 ... accepted 91. Emin=-6.57523278, Emax=36.08243910
realization 92 / 300 ... accepted 92. Emin=-10.72061437, Emax=46.37376185
realization 93 / 300 ... accepted 93. Emin=3.16518183, Emax=38.40850229
realization 94 / 300 ... accepted 94. Emin=-16.92945655, Emax=38.84953901
realization 95 / 300 ... accepted 95. Emin=11.12968914, Emax=43.89144523
realization 96 / 300 ... accepted 96. Emin=-22.60217659, Emax=21.95982669
realization 97 / 300 ... accepted 97. Emin=-18.94563722, Emax=28.74885438
realization 98 / 300 ... accepted 98. Emin=-11.19499111, Emax=34.63373335
realization 99 / 300 ... accepted 99. Emin=-11.65720375, Emax=31.92193529
realization 100 / 300 ... accepted 100. Emin=-8.15669675, Emax=38.55049127
realization 101 / 300 ... accepted 101. Emin=-4.31273891, Emax=27.11451238
realization 102 / 300 ... accepted 102. Emin=-3.66841430, Emax=42.58140694
realization 103 / 300 ... accepted 103. Emin=-9.07788112, Emax=25.68435746
realization 104 / 300 ... accepted 104. Emin=-11.22040716, Emax=28.58575128
realization 105 / 300 ... accepted 105. Emin=-13.28240693, Emax=34.26315478
realization 106 / 300 ... accepted 106. Emin=-11.71421689, Emax=36.40762602
realization 107 / 300 ... accepted 107. Emin=-7.83373478, Emax=36.04216776
realization 108 / 300 ... accepted 108. Emin=-16.40963067, Emax=24.83289343
realization 109 / 300 ... accepted 109. Emin=11.46091113, Emax=49.42730577
realization 110 / 300 ... accepted 110. Emin=-12.35703805, Emax=32.93713944
realization 111 / 300 ... accepted 111. Emin=-9.85289819, Emax=30.30511863
realization 112 / 300 ... accepted 112. Emin=2.06054871, Emax=49.53866098
realization 113 / 300 ... accepted 113. Emin=-19.67562338, Emax=24.43460136
realization 114 / 300 ... accepted 114. Emin=7.55735999, Emax=45.58010081
realization 115 / 300 ... accepted 115. Emin=-6.87955750, Emax=39.06390847
realization 116 / 300 ... accepted 116. Emin=12.85348900, Emax=45.64188115
realization 117 / 300 ... accepted 117. Emin=-5.10388130, Emax=41.18384159
realization 118 / 300 ... accepted 118. Emin=-7.30147026, Emax=28.58705576
realization 119 / 300 ... accepted 119. Emin=-2.94576078, Emax=37.80134956
realization 120 / 300 ... accepted 120. Emin=20.68920799, Emax=50.56903105
realization 121 / 300 ... accepted 121. Emin=-10.34840544, Emax=25.62314567
realization 122 / 300 ... accepted 122. Emin=-2.73121361, Emax=31.30011060
realization 123 / 300 ... accepted 123. Emin=-13.55240776, Emax=26.88982207
realization 124 / 300 ... accepted 124. Emin=-1.11536152, Emax=35.79054855
realization 125 / 300 ... accepted 125. Emin=-10.29840047, Emax=29.02918303
realization 126 / 300 ... accepted 126. Emin=-12.34944443, Emax=30.43646539
realization 127 / 300 ... accepted 127. Emin=-6.84925596, Emax=42.38266171
realization 128 / 300 ... accepted 128. Emin=-4.16966690, Emax=44.43493176
realization 129 / 300 ... accepted 129. Emin=9.65451020, Emax=44.73285834
realization 130 / 300 ... accepted 130. Emin=-6.17158195, Emax=39.11624186
realization 131 / 300 ... accepted 131. Emin=-15.18229500, Emax=20.97126496
realization 132 / 300 ... accepted 132. Emin=-6.41720240, Emax=33.31892945
realization 133 / 300 ... accepted 133. Emin=-12.04020121, Emax=35.06052781
realization 134 / 300 ... accepted 134. Emin=-13.50236821, Emax=26.23585629
realization 135 / 300 ... accepted 135. Emin=-3.84861984, Emax=37.40589840
realization 136 / 300 ... accepted 136. Emin=-7.12783377, Emax=33.72464052
realization 137 / 300 ... accepted 137. Emin=-6.00441525, Emax=43.69654663
realization 138 / 300 ... accepted 138. Emin=-1.26018616, Emax=34.11098722
realization 139 / 300 ... accepted 139. Emin=-12.32566362, Emax=19.66922729
realization 140 / 300 ... accepted 140. Emin=-10.98106429, Emax=22.94547606
realization 141 / 300 ... accepted 141. Emin=-9.52419215, Emax=30.17330265
realization 142 / 300 ... accepted 142. Emin=-8.93882366, Emax=38.16674708
realization 143 / 300 ... accepted 143. Emin=-14.01975605, Emax=35.19383579
realization 144 / 300 ... accepted 144. Emin=-13.81224953, Emax=26.57769754
realization 145 / 300 ... accepted 145. Emin=3.20768741, Emax=40.89533393
realization 146 / 300 ... accepted 146. Emin=3.63512311, Emax=42.60277919
realization 147 / 300 ... accepted 147. Emin=-4.33767771, Emax=36.74606819
realization 148 / 300 ... accepted 148. Emin=-8.51721581, Emax=28.85063649
realization 149 / 300 ... accepted 149. Emin=-12.64759232, Emax=28.40851429
realization 150 / 300 ... accepted 150. Emin=-7.06077315, Emax=38.79741336
realization 151 / 300 ... accepted 151. Emin=-9.33786728, Emax=28.41120279
realization 152 / 300 ... accepted 152. Emin=-16.08174919, Emax=27.08653147
realization 153 / 300 ... accepted 153. Emin=2.72528913, Emax=40.51264446
realization 154 / 300 ... accepted 154. Emin=-16.17025449, Emax=37.87038372
realization 155 / 300 ... accepted 155. Emin=-14.05212062, Emax=36.16040267
realization 156 / 300 ... accepted 156. Emin=-9.77153562, Emax=33.70908344
realization 157 / 300 ... accepted 157. Emin=-17.71195306, Emax=17.78419905
realization 158 / 300 ... accepted 158. Emin=-18.51984625, Emax=20.81517601
realization 159 / 300 ... accepted 159. Emin=-0.40672820, Emax=42.97039314
realization 160 / 300 ... accepted 160. Emin=10.71387604, Emax=50.27258282
realization 161 / 300 ... accepted 161. Emin=-3.58911303, Emax=37.82810778
realization 162 / 300 ... accepted 162. Emin=-0.26843934, Emax=42.00949019
realization 163 / 300 ... accepted 163. Emin=1.38696315, Emax=48.01055886
realization 164 / 300 ... accepted 164. Emin=-8.48357500, Emax=43.21478597
realization 165 / 300 ... accepted 165. Emin=0.06001226, Emax=34.12741156
realization 166 / 300 ... accepted 166. Emin=-0.70271564, Emax=41.44399334
realization 167 / 300 ... accepted 167. Emin=-8.26774027, Emax=30.74509191
realization 168 / 300 ... accepted 168. Emin=-22.21639189, Emax=11.97201623
realization 169 / 300 ... accepted 169. Emin=-16.25847604, Emax=32.83006675
realization 170 / 300 ... accepted 170. Emin=-22.65483432, Emax=19.88556917
realization 171 / 300 ... accepted 171. Emin=-9.01582939, Emax=26.49384322
realization 172 / 300 ... accepted 172. Emin=-10.19784640, Emax=31.96162923
realization 173 / 300 ... accepted 173. Emin=-9.35498779, Emax=30.12428224
realization 174 / 300 ... accepted 174. Emin=-7.47818161, Emax=33.20288727
realization 175 / 300 ... accepted 175. Emin=-15.28173456, Emax=34.42459065
realization 176 / 300 ... accepted 176. Emin=-16.34653011, Emax=19.56628861
realization 177 / 300 ... accepted 177. Emin=-1.83062807, Emax=36.55535733
realization 178 / 300 ... accepted 178. Emin=-1.81004876, Emax=27.57068389
realization 179 / 300 ... accepted 179. Emin=-8.96522168, Emax=38.44215371
realization 180 / 300 ... accepted 180. Emin=-17.49004407, Emax=20.53217727
realization 181 / 300 ... accepted 181. Emin=1.82559232, Emax=43.09654945
realization 182 / 300 ... accepted 182. Emin=-12.68813544, Emax=42.10901941
realization 183 / 300 ... accepted 183. Emin=0.82576136, Emax=40.23207143
realization 184 / 300 ... accepted 184. Emin=-16.81724596, Emax=25.88329952
realization 185 / 300 ... accepted 185. Emin=-9.41661109, Emax=30.46528655
realization 186 / 300 ... accepted 186. Emin=-12.77686127, Emax=31.03294014
realization 187 / 300 ... accepted 187. Emin=-9.56899833, Emax=35.10688052
realization 188 / 300 ... accepted 188. Emin=-17.84280194, Emax=24.48409305
realization 189 / 300 ... accepted 189. Emin=4.26539568, Emax=47.47406793
realization 190 / 300 ... accepted 190. Emin=-9.95806797, Emax=33.31088287
realization 191 / 300 ... accepted 191. Emin=2.53886436, Emax=42.66900863
realization 192 / 300 ... accepted 192. Emin=-18.07522150, Emax=30.16634948
realization 193 / 300 ... accepted 193. Emin=6.16507566, Emax=46.10828829
realization 194 / 300 ... accepted 194. Emin=0.38009202, Emax=39.77845906
realization 195 / 300 ... accepted 195. Emin=-6.84776119, Emax=39.51358942
realization 196 / 300 ... accepted 196. Emin=1.04019437, Emax=42.51518260
realization 197 / 300 ... accepted 197. Emin=-6.97691100, Emax=40.16832817
realization 198 / 300 ... accepted 198. Emin=-8.42204081, Emax=38.60712567
realization 199 / 300 ... accepted 199. Emin=-2.31654062, Emax=44.68546605
realization 200 / 300 ... accepted 200. Emin=-8.07328230, Emax=25.18459855
realization 201 / 300 ... accepted 201. Emin=-7.71383851, Emax=28.18634931
realization 202 / 300 ... accepted 202. Emin=-4.30700567, Emax=43.67505324
realization 203 / 300 ... accepted 203. Emin=-7.38963585, Emax=45.51138618
realization 204 / 300 ... accepted 204. Emin=-12.93376966, Emax=37.73688018
realization 205 / 300 ... accepted 205. Emin=-6.56970214, Emax=40.12781012
realization 206 / 300 ... accepted 206. Emin=-10.19455528, Emax=33.06245553
realization 207 / 300 ... accepted 207. Emin=-16.25447111, Emax=38.88908330
realization 208 / 300 ... accepted 208. Emin=-4.58087212, Emax=35.03993760
realization 209 / 300 ... accepted 209. Emin=-10.24386391, Emax=22.06625028
realization 210 / 300 ... accepted 210. Emin=-22.26484876, Emax=26.07151748
realization 211 / 300 ... accepted 211. Emin=-9.41620255, Emax=35.74138888
realization 212 / 300 ... accepted 212. Emin=-5.52919759, Emax=41.78991065
realization 213 / 300 ... accepted 213. Emin=-3.77900702, Emax=38.66358222
realization 214 / 300 ... accepted 214. Emin=-9.99220068, Emax=22.69885118
realization 215 / 300 ... accepted 215. Emin=10.37687458, Emax=44.81941255
realization 216 / 300 ... accepted 216. Emin=12.09226276, Emax=48.71351708
realization 217 / 300 ... accepted 217. Emin=-17.15690814, Emax=25.24166232
realization 218 / 300 ... accepted 218. Emin=-16.26554812, Emax=27.13712940
realization 219 / 300 ... accepted 219. Emin=-11.95158964, Emax=40.42581264
realization 220 / 300 ... accepted 220. Emin=-4.98949522, Emax=34.96925211
realization 221 / 300 ... accepted 221. Emin=5.23793295, Emax=40.49723021
realization 222 / 300 ... accepted 222. Emin=-5.28873918, Emax=33.34737561
realization 223 / 300 ... accepted 223. Emin=-15.97539265, Emax=23.75767531
realization 224 / 300 ... accepted 224. Emin=-15.02611198, Emax=21.64133799
realization 225 / 300 ... accepted 225. Emin=-12.44342410, Emax=29.60696417
realization 226 / 300 ... accepted 226. Emin=5.12945223, Emax=49.27857890
realization 227 / 300 ... accepted 227. Emin=-25.50129191, Emax=12.76309957
realization 228 / 300 ... accepted 228. Emin=-13.38813951, Emax=16.73105114
realization 229 / 300 ... accepted 229. Emin=-5.29976526, Emax=33.71447832
realization 230 / 300 ... accepted 230. Emin=-25.57311908, Emax=16.35957736
realization 231 / 300 ... accepted 231. Emin=-13.00084359, Emax=29.72545106
realization 232 / 300 ... accepted 232. Emin=-12.83409956, Emax=29.91701376
realization 233 / 300 ... accepted 233. Emin=9.11737375, Emax=47.96277345
realization 234 / 300 ... accepted 234. Emin=-14.21196904, Emax=17.28932256
realization 235 / 300 ... accepted 235. Emin=-5.43346587, Emax=37.11243848
realization 236 / 300 ... accepted 236. Emin=-5.32958930, Emax=44.06905374
realization 237 / 300 ... accepted 237. Emin=-11.45531117, Emax=28.80559764
realization 238 / 300 ... accepted 238. Emin=-15.79192493, Emax=37.29733745
realization 239 / 300 ... accepted 239. Emin=-1.13824971, Emax=29.78422160
realization 240 / 300 ... accepted 240. Emin=4.28343426, Emax=42.65973797
realization 241 / 300 ... accepted 241. Emin=-0.07123186, Emax=35.16082111
realization 242 / 300 ... accepted 242. Emin=-21.87199237, Emax=27.49896588
realization 243 / 300 ... accepted 243. Emin=1.63960587, Emax=44.66977202
realization 244 / 300 ... accepted 244. Emin=0.25687341, Emax=51.98021525
realization 245 / 300 ... accepted 245. Emin=5.67878492, Emax=44.49900142
realization 246 / 300 ... accepted 246. Emin=7.87906626, Emax=44.26117728
realization 247 / 300 ... accepted 247. Emin=-17.79857777, Emax=23.22924953
realization 248 / 300 ... accepted 248. Emin=8.91484245, Emax=46.36194379
realization 249 / 300 ... accepted 249. Emin=-6.15861729, Emax=38.46376875
realization 250 / 300 ... accepted 250. Emin=-1.35323579, Emax=30.66761991
realization 251 / 300 ... accepted 251. Emin=-2.61544367, Emax=43.05080149
realization 252 / 300 ... accepted 252. Emin=-20.88437215, Emax=17.64373578
realization 253 / 300 ... accepted 253. Emin=-14.34017217, Emax=33.60629965
realization 254 / 300 ... accepted 254. Emin=-19.43761869, Emax=26.82958361
realization 255 / 300 ... accepted 255. Emin=-6.00053405, Emax=38.69931530
realization 256 / 300 ... accepted 256. Emin=-12.90910299, Emax=26.36553594
realization 257 / 300 ... accepted 257. Emin=-2.01598348, Emax=32.18845098
realization 258 / 300 ... accepted 258. Emin=-2.36209292, Emax=35.76911112
realization 259 / 300 ... accepted 259. Emin=-3.02581407, Emax=37.59643825
realization 260 / 300 ... accepted 260. Emin=-5.31930340, Emax=39.48873268
realization 261 / 300 ... accepted 261. Emin=-4.55052670, Emax=36.92849079
realization 262 / 300 ... accepted 262. Emin=-8.67978689, Emax=29.40332469
realization 263 / 300 ... accepted 263. Emin=-11.83092819, Emax=29.62366914
realization 264 / 300 ... accepted 264. Emin=-14.20012391, Emax=26.96944634
realization 265 / 300 ... accepted 265. Emin=-17.27968062, Emax=26.27632949
realization 266 / 300 ... accepted 266. Emin=4.36057167, Emax=48.59599818
realization 267 / 300 ... accepted 267. Emin=-16.96785992, Emax=23.71616333
realization 268 / 300 ... accepted 268. Emin=-5.81686143, Emax=35.70629458
realization 269 / 300 ... accepted 269. Emin=-9.20891005, Emax=31.89724354
realization 270 / 300 ... accepted 270. Emin=-22.65448254, Emax=14.88320303
realization 271 / 300 ... accepted 271. Emin=-10.50812228, Emax=34.88736153
realization 272 / 300 ... accepted 272. Emin=-15.77468813, Emax=27.20876026
realization 273 / 300 ... accepted 273. Emin=-20.22753123, Emax=19.83334441
realization 274 / 300 ... accepted 274. Emin=-11.00022604, Emax=36.59323733
realization 275 / 300 ... accepted 275. Emin=-5.88485328, Emax=37.81567640
realization 276 / 300 ... accepted 276. Emin=-20.88716936, Emax=28.54717405
realization 277 / 300 ... accepted 277. Emin=-7.79309652, Emax=38.81137442
realization 278 / 300 ... accepted 278. Emin=-10.26304667, Emax=40.33394091
realization 279 / 300 ... accepted 279. Emin=-14.38960313, Emax=24.06624662
realization 280 / 300 ... accepted 280. Emin=-11.64387649, Emax=34.39204612
realization 281 / 300 ... accepted 281. Emin=-1.44863101, Emax=41.37630493
realization 282 / 300 ... accepted 282. Emin=-3.94201059, Emax=47.20303548
realization 283 / 300 ... accepted 283. Emin=-5.81771774, Emax=40.45779033
realization 284 / 300 ... accepted 284. Emin=-14.28860650, Emax=22.40318227
realization 285 / 300 ... accepted 285. Emin=-9.87133949, Emax=29.40160839
realization 286 / 300 ... accepted 286. Emin=-24.92010153, Emax=5.98661275
realization 287 / 300 ... accepted 287. Emin=-9.04516293, Emax=34.22975970
realization 288 / 300 ... accepted 288. Emin=-15.56529825, Emax=27.94696831
realization 289 / 300 ... accepted 289. Emin=-12.39008653, Emax=24.91497703
realization 290 / 300 ... accepted 290. Emin=-22.15024997, Emax=9.89226581
realization 291 / 300 ... accepted 291. Emin=-14.94172079, Emax=20.72490896
realization 292 / 300 ... accepted 292. Emin=-9.97027209, Emax=24.28876941
realization 293 / 300 ... accepted 293. Emin=-0.45685841, Emax=41.60642270
realization 294 / 300 ... accepted 294. Emin=2.50742135, Emax=41.18176766
realization 295 / 300 ... accepted 295. Emin=1.21669103, Emax=35.50315269
realization 296 / 300 ... accepted 296. Emin=-12.23120311, Emax=26.56376950
realization 297 / 300 ... accepted 297. Emin=-12.07021090, Emax=22.52441378
realization 298 / 300 ... accepted 298. Emin=-1.63900517, Emax=40.87965703
realization 299 / 300 ... accepted 299. Emin=-17.94126829, Emax=17.46360822
realization 300 / 300 ... accepted 300. Emin=-11.74069626, Emax=32.40832103
Saved final energies: /home/2/kj405942/POLFED_bosons/pbs_bose_legacy_nmax2_periodic/data/U_3/W_6/L_6/N_6_nmax_2/boundary_periodic/energies_full_U3_L6_N6_nmax2_W6_boundaryperiodic_nreal300.txt
Accepted realizations: 300 / 300
Skipped realizations: 0
Job finished at Sun May 31 18:00:37 UTC 2026
