Job started on w20 at Sun May 31 17:56:43 UTC 2026
PBS_JOBID=7731339.kruk-host.ift-klaster.lan
PBS_O_WORKDIR=/home/2/kj405942/POLFED_bosons
Bose-Hubbard: L=6, N=6, nmax=2, dim=141
t=1, U=3, W=15, nreal=300, boundary=periodic, mode=full
Writing partial results to /home/2/kj405942/POLFED_bosons/pbs_bose_legacy_nmax2_periodic/data/U_3/W_15/L_6/N_6_nmax_2/boundary_periodic/energies_full_U3_L6_N6_nmax2_W15_boundaryperiodic_nreal300_partial.txt
realization 1 / 300 ... accepted 1. Emin=-8.12344307, Emax=91.13537453
realization 2 / 300 ... accepted 2. Emin=-49.04859026, Emax=34.35576252
realization 3 / 300 ... accepted 3. Emin=-50.99422917, Emax=27.51238878
realization 4 / 300 ... accepted 4. Emin=-42.83724188, Emax=31.86037117
realization 5 / 300 ... accepted 5. Emin=-12.26968653, Emax=85.08897124
realization 6 / 300 ... accepted 6. Emin=-10.70316092, Emax=61.57557280
realization 7 / 300 ... accepted 7. Emin=-42.27280217, Emax=47.29092385
realization 8 / 300 ... accepted 8. Emin=-44.35071935, Emax=38.15050146
realization 9 / 300 ... accepted 9. Emin=-31.90555332, Emax=61.28289965
realization 10 / 300 ... accepted 10. Emin=-16.54071078, Emax=72.96424465
realization 11 / 300 ... accepted 11. Emin=-33.57394117, Emax=83.94123052
realization 12 / 300 ... accepted 12. Emin=-36.42181524, Emax=19.49819361
realization 13 / 300 ... accepted 13. Emin=-51.93816788, Emax=33.07995439
realization 14 / 300 ... accepted 14. Emin=-8.38451246, Emax=64.33844476
realization 15 / 300 ... accepted 15. Emin=-34.24312870, Emax=46.40540924
realization 16 / 300 ... accepted 16. Emin=-48.63169633, Emax=-2.11736375
realization 17 / 300 ... accepted 17. Emin=-57.91128089, Emax=31.35880536
realization 18 / 300 ... accepted 18. Emin=-17.83845557, Emax=37.53718218
realization 19 / 300 ... accepted 19. Emin=-58.07778158, Emax=47.60724862
realization 20 / 300 ... accepted 20. Emin=15.49769916, Emax=82.60026363
realization 21 / 300 ... accepted 21. Emin=-29.33067489, Emax=53.50564262
realization 22 / 300 ... accepted 22. Emin=-5.55431774, Emax=62.89773515
realization 23 / 300 ... accepted 23. Emin=-45.94611497, Emax=47.94127852
realization 24 / 300 ... accepted 24. Emin=30.01236083, Emax=78.96252701
realization 25 / 300 ... accepted 25. Emin=0.52000993, Emax=57.41750867
realization 26 / 300 ... accepted 26. Emin=-22.18185659, Emax=55.14094535
realization 27 / 300 ... accepted 27. Emin=-26.22602853, Emax=79.72722473
realization 28 / 300 ... accepted 28. Emin=-32.60056745, Emax=50.52680987
realization 29 / 300 ... accepted 29. Emin=-10.58228325, Emax=45.86891555
realization 30 / 300 ... accepted 30. Emin=-25.39482820, Emax=81.71269790
realization 31 / 300 ... accepted 31. Emin=-51.40722541, Emax=16.60857249
realization 32 / 300 ... accepted 32. Emin=-12.83544505, Emax=40.93010730
realization 33 / 300 ... accepted 33. Emin=-16.21935748, Emax=69.92599382
realization 34 / 300 ... accepted 34. Emin=-47.28352452, Emax=25.63780566
realization 35 / 300 ... accepted 35. Emin=-17.42454794, Emax=66.14230729
realization 36 / 300 ... accepted 36. Emin=-42.29424982, Emax=36.91938514
realization 37 / 300 ... accepted 37. Emin=-43.45011804, Emax=65.60809948
realization 38 / 300 ... accepted 38. Emin=-47.36350242, Emax=52.25802801
realization 39 / 300 ... accepted 39. Emin=-65.31588321, Emax=24.43980965
realization 40 / 300 ... accepted 40. Emin=-3.12226531, Emax=71.16970656
realization 41 / 300 ... accepted 41. Emin=-15.60286421, Emax=78.45365545
realization 42 / 300 ... accepted 42. Emin=-26.20394548, Emax=30.10524176
realization 43 / 300 ... accepted 43. Emin=-56.08293037, Emax=79.36824862
realization 44 / 300 ... accepted 44. Emin=-46.33180238, Emax=42.76221341
realization 45 / 300 ... accepted 45. Emin=-48.09332105, Emax=15.88840016
realization 46 / 300 ... accepted 46. Emin=-47.04193358, Emax=0.48875636
realization 47 / 300 ... accepted 47. Emin=-31.09734438, Emax=62.28450511
realization 48 / 300 ... accepted 48. Emin=-60.79685499, Emax=51.66428458
realization 49 / 300 ... accepted 49. Emin=-34.27265878, Emax=24.32800031
realization 50 / 300 ... accepted 50. Emin=-23.71134910, Emax=50.21825662
realization 51 / 300 ... accepted 51. Emin=-52.47740149, Emax=24.53540170
realization 52 / 300 ... accepted 52. Emin=-28.51944411, Emax=54.55150502
realization 53 / 300 ... accepted 53. Emin=-76.23808018, Emax=-7.61356806
realization 54 / 300 ... accepted 54. Emin=0.99625769, Emax=75.18913489
realization 55 / 300 ... accepted 55. Emin=-28.33925399, Emax=63.45835675
realization 56 / 300 ... accepted 56. Emin=-14.10882903, Emax=47.99903814
realization 57 / 300 ... accepted 57. Emin=-21.17135492, Emax=42.25413573
realization 58 / 300 ... accepted 58. Emin=-50.70874538, Emax=44.52682836
realization 59 / 300 ... accepted 59. Emin=-20.86273015, Emax=36.91693565
realization 60 / 300 ... accepted 60. Emin=-22.28477551, Emax=55.59508910
realization 61 / 300 ... accepted 61. Emin=-9.53570711, Emax=63.20303737
realization 62 / 300 ... accepted 62. Emin=-12.69460698, Emax=42.63442495
realization 63 / 300 ... accepted 63. Emin=-46.47798776, Emax=15.45826739
realization 64 / 300 ... accepted 64. Emin=-40.32942141, Emax=93.34201284
realization 65 / 300 ... accepted 65. Emin=-31.23966935, Emax=62.44315582
realization 66 / 300 ... accepted 66. Emin=-26.87205127, Emax=62.98428842
realization 67 / 300 ... accepted 67. Emin=1.63670989, Emax=73.85095196
realization 68 / 300 ... accepted 68. Emin=-53.28967285, Emax=11.11545356
realization 69 / 300 ... accepted 69. Emin=8.66687679, Emax=98.03497568
realization 70 / 300 ... accepted 70. Emin=-23.09495826, Emax=20.59267495
realization 71 / 300 ... accepted 71. Emin=-16.63365892, Emax=69.56800555
realization 72 / 300 ... accepted 72. Emin=-58.36726337, Emax=31.67592250
realization 73 / 300 ... accepted 73. Emin=-21.55560045, Emax=49.59276782
realization 74 / 300 ... accepted 74. Emin=4.57041533, Emax=78.31724602
realization 75 / 300 ... accepted 75. Emin=-6.01755671, Emax=74.96868734
realization 76 / 300 ... accepted 76. Emin=-42.71418187, Emax=58.32586481
realization 77 / 300 ... accepted 77. Emin=-18.57798839, Emax=103.63295006
realization 78 / 300 ... accepted 78. Emin=-44.17035765, Emax=52.89825520
realization 79 / 300 ... accepted 79. Emin=-56.24034812, Emax=54.57887575
realization 80 / 300 ... accepted 80. Emin=-23.11018837, Emax=65.29723835
realization 81 / 300 ... accepted 81. Emin=-54.95988278, Emax=30.66225063
realization 82 / 300 ... accepted 82. Emin=-33.01903538, Emax=50.54833080
realization 83 / 300 ... accepted 83. Emin=-10.39263286, Emax=78.36646538
realization 84 / 300 ... accepted 84. Emin=-69.49599090, Emax=10.35173474
realization 85 / 300 ... accepted 85. Emin=-41.61586029, Emax=56.00624073
realization 86 / 300 ... accepted 86. Emin=-19.26083869, Emax=53.13999727
realization 87 / 300 ... accepted 87. Emin=-42.09147716, Emax=42.00878604
realization 88 / 300 ... accepted 88. Emin=-22.58952434, Emax=55.64405182
realization 89 / 300 ... accepted 89. Emin=-36.02228116, Emax=9.57426300
realization 90 / 300 ... accepted 90. Emin=-13.58826291, Emax=39.80379735
realization 91 / 300 ... accepted 91. Emin=11.60863315, Emax=95.74752163
realization 92 / 300 ... accepted 92. Emin=-10.28431924, Emax=76.71185544
realization 93 / 300 ... accepted 93. Emin=-42.17138804, Emax=36.39822998
realization 94 / 300 ... accepted 94. Emin=-38.31186315, Emax=33.42261667
realization 95 / 300 ... accepted 95. Emin=-15.99629061, Emax=83.66731708
realization 96 / 300 ... accepted 96. Emin=-63.03945559, Emax=22.18687007
realization 97 / 300 ... accepted 97. Emin=-30.60775501, Emax=40.70337495
realization 98 / 300 ... accepted 98. Emin=-34.82008439, Emax=100.03391159
realization 99 / 300 ... accepted 99. Emin=-6.50720547, Emax=53.26001420
realization 100 / 300 ... accepted 100. Emin=-24.22562936, Emax=82.74652449
realization 101 / 300 ... accepted 101. Emin=-28.06263477, Emax=44.33512337
realization 102 / 300 ... accepted 102. Emin=-19.71223985, Emax=66.60761147
realization 103 / 300 ... accepted 103. Emin=13.89018737, Emax=92.90573025
realization 104 / 300 ... accepted 104. Emin=-5.23922654, Emax=45.63483219
realization 105 / 300 ... accepted 105. Emin=-20.54600781, Emax=55.55453650
realization 106 / 300 ... accepted 106. Emin=-56.39065742, Emax=42.68028053
realization 107 / 300 ... accepted 107. Emin=-38.13658365, Emax=42.13757178
realization 108 / 300 ... accepted 108. Emin=-29.37758291, Emax=57.26878750
realization 109 / 300 ... accepted 109. Emin=-19.88783669, Emax=68.89971235
realization 110 / 300 ... accepted 110. Emin=2.17405707, Emax=70.21143077
realization 111 / 300 ... accepted 111. Emin=-57.26604814, Emax=24.87912403
realization 112 / 300 ... accepted 112. Emin=-9.80464694, Emax=79.03917970
realization 113 / 300 ... accepted 113. Emin=-21.66229503, Emax=61.34558062
realization 114 / 300 ... accepted 114. Emin=-41.14251279, Emax=44.92051589
realization 115 / 300 ... accepted 115. Emin=-32.06330304, Emax=70.94302824
realization 116 / 300 ... accepted 116. Emin=-52.63719721, Emax=2.18277895
realization 117 / 300 ... accepted 117. Emin=-62.85578788, Emax=44.11766653
realization 118 / 300 ... accepted 118. Emin=-27.12774533, Emax=35.86554298
realization 119 / 300 ... accepted 119. Emin=-14.65234111, Emax=54.12764619
realization 120 / 300 ... accepted 120. Emin=-59.38660548, Emax=34.02440694
realization 121 / 300 ... accepted 121. Emin=-52.36557130, Emax=93.47205782
realization 122 / 300 ... accepted 122. Emin=-10.50878259, Emax=70.85278148
realization 123 / 300 ... accepted 123. Emin=-24.92792092, Emax=68.97641950
realization 124 / 300 ... accepted 124. Emin=-46.19541065, Emax=43.76686938
realization 125 / 300 ... accepted 125. Emin=-8.35597069, Emax=65.52312521
realization 126 / 300 ... accepted 126. Emin=-13.36512530, Emax=41.19878650
realization 127 / 300 ... accepted 127. Emin=-10.94059317, Emax=88.98657635
realization 128 / 300 ... accepted 128. Emin=-54.71962939, Emax=5.82676995
realization 129 / 300 ... accepted 129. Emin=-2.51018150, Emax=77.76493385
realization 130 / 300 ... accepted 130. Emin=5.01096031, Emax=86.47925086
realization 131 / 300 ... accepted 131. Emin=9.53718664, Emax=73.56455396
realization 132 / 300 ... accepted 132. Emin=1.55808569, Emax=76.83765578
realization 133 / 300 ... accepted 133. Emin=-31.26002914, Emax=21.63819051
realization 134 / 300 ... accepted 134. Emin=-17.80270905, Emax=81.71880572
realization 135 / 300 ... accepted 135. Emin=-63.41992571, Emax=-8.06947218
realization 136 / 300 ... accepted 136. Emin=-44.93574778, Emax=61.31273870
realization 137 / 300 ... accepted 137. Emin=-48.43192734, Emax=47.04438748
realization 138 / 300 ... accepted 138. Emin=-41.43851371, Emax=42.84598052
realization 139 / 300 ... accepted 139. Emin=-20.14200194, Emax=43.91852905
realization 140 / 300 ... accepted 140. Emin=-54.30564713, Emax=51.52897837
realization 141 / 300 ... accepted 141. Emin=-40.14206432, Emax=70.96762487
realization 142 / 300 ... accepted 142. Emin=-7.36768946, Emax=84.86006896
realization 143 / 300 ... accepted 143. Emin=-40.15282097, Emax=44.04742808
realization 144 / 300 ... accepted 144. Emin=-59.41577232, Emax=31.49699395
realization 145 / 300 ... accepted 145. Emin=-51.76149492, Emax=37.71856804
realization 146 / 300 ... accepted 146. Emin=-34.96097755, Emax=28.86612122
realization 147 / 300 ... accepted 147. Emin=-44.67965182, Emax=104.08690365
realization 148 / 300 ... accepted 148. Emin=-51.99657211, Emax=54.58851886
realization 149 / 300 ... accepted 149. Emin=-34.05522724, Emax=61.67625958
realization 150 / 300 ... accepted 150. Emin=2.45512973, Emax=97.67621715
realization 151 / 300 ... accepted 151. Emin=-13.96721382, Emax=49.22014681
realization 152 / 300 ... accepted 152. Emin=-17.67561273, Emax=35.09991428
realization 153 / 300 ... accepted 153. Emin=-6.07203278, Emax=92.74653979
realization 154 / 300 ... accepted 154. Emin=-29.60317250, Emax=65.14523110
realization 155 / 300 ... accepted 155. Emin=-6.93279339, Emax=85.27016024
realization 156 / 300 ... accepted 156. Emin=-7.38922222, Emax=54.08583423
realization 157 / 300 ... accepted 157. Emin=-30.08055833, Emax=59.38948441
realization 158 / 300 ... accepted 158. Emin=16.47163581, Emax=87.95186788
realization 159 / 300 ... accepted 159. Emin=42.28312220, Emax=97.41754086
realization 160 / 300 ... accepted 160. Emin=17.04492815, Emax=55.16630583
realization 161 / 300 ... accepted 161. Emin=-8.66745319, Emax=79.50056878
realization 162 / 300 ... accepted 162. Emin=-35.04045698, Emax=77.45137819
realization 163 / 300 ... accepted 163. Emin=-50.88354612, Emax=39.69811985
realization 164 / 300 ... accepted 164. Emin=-19.56080771, Emax=61.34343642
realization 165 / 300 ... accepted 165. Emin=-18.41553606, Emax=66.20972645
realization 166 / 300 ... accepted 166. Emin=0.50543147, Emax=70.08961186
realization 167 / 300 ... accepted 167. Emin=-31.94509453, Emax=71.10042439
realization 168 / 300 ... accepted 168. Emin=-27.97472286, Emax=73.98197537
realization 169 / 300 ... accepted 169. Emin=-21.57123740, Emax=78.13505769
realization 170 / 300 ... accepted 170. Emin=-41.81887720, Emax=52.52792923
realization 171 / 300 ... accepted 171. Emin=-35.28194762, Emax=66.29608595
realization 172 / 300 ... accepted 172. Emin=-17.25201055, Emax=48.84229791
realization 173 / 300 ... accepted 173. Emin=2.81740881, Emax=103.91882508
realization 174 / 300 ... accepted 174. Emin=-51.74052740, Emax=-0.26623401
realization 175 / 300 ... accepted 175. Emin=-7.46897089, Emax=38.09944004
realization 176 / 300 ... accepted 176. Emin=-26.76715235, Emax=52.94690598
realization 177 / 300 ... accepted 177. Emin=-31.66380417, Emax=80.42018024
realization 178 / 300 ... accepted 178. Emin=-38.19919714, Emax=81.47536267
realization 179 / 300 ... accepted 179. Emin=-29.79390349, Emax=55.85519702
realization 180 / 300 ... accepted 180. Emin=-22.51376700, Emax=87.73030116
realization 181 / 300 ... accepted 181. Emin=-64.86755289, Emax=-3.52958714
realization 182 / 300 ... accepted 182. Emin=-8.61999450, Emax=90.43602888
realization 183 / 300 ... accepted 183. Emin=-57.62876804, Emax=15.36010541
realization 184 / 300 ... accepted 184. Emin=-26.42887991, Emax=47.50539627
realization 185 / 300 ... accepted 185. Emin=-17.67780612, Emax=41.83862179
realization 186 / 300 ... accepted 186. Emin=-32.05968300, Emax=75.90438358
realization 187 / 300 ... accepted 187. Emin=-48.75979423, Emax=45.07583092
realization 188 / 300 ... accepted 188. Emin=-23.84944681, Emax=55.59141068
realization 189 / 300 ... accepted 189. Emin=0.04455260, Emax=78.72451312
realization 190 / 300 ... accepted 190. Emin=-25.53384508, Emax=81.21048646
realization 191 / 300 ... accepted 191. Emin=-46.83948922, Emax=41.32178033
realization 192 / 300 ... accepted 192. Emin=-20.13445181, Emax=86.49161775
realization 193 / 300 ... accepted 193. Emin=-22.98782514, Emax=47.99666547
realization 194 / 300 ... accepted 194. Emin=-48.93123289, Emax=30.45925127
realization 195 / 300 ... accepted 195. Emin=-29.02207873, Emax=45.81644071
realization 196 / 300 ... accepted 196. Emin=-2.13714074, Emax=68.12987785
realization 197 / 300 ... accepted 197. Emin=7.37335362, Emax=66.63615507
realization 198 / 300 ... accepted 198. Emin=-3.60060030, Emax=63.56363156
realization 199 / 300 ... accepted 199. Emin=-49.94960369, Emax=34.40066414
realization 200 / 300 ... accepted 200. Emin=45.49533298, Emax=90.57724271
realization 201 / 300 ... accepted 201. Emin=0.94090516, Emax=63.90564400
realization 202 / 300 ... accepted 202. Emin=-13.18637301, Emax=78.59430938
realization 203 / 300 ... accepted 203. Emin=-16.36806452, Emax=75.95896218
realization 204 / 300 ... accepted 204. Emin=-1.79764650, Emax=73.30605612
realization 205 / 300 ... accepted 205. Emin=-22.98937731, Emax=58.28770160
realization 206 / 300 ... accepted 206. Emin=-45.71556537, Emax=4.37448592
realization 207 / 300 ... accepted 207. Emin=-29.27439551, Emax=57.45001791
realization 208 / 300 ... accepted 208. Emin=-3.91611330, Emax=82.60543243
realization 209 / 300 ... accepted 209. Emin=-47.48288157, Emax=38.46587120
realization 210 / 300 ... accepted 210. Emin=-46.72686914, Emax=42.00716594
realization 211 / 300 ... accepted 211. Emin=-54.20008975, Emax=64.33055161
realization 212 / 300 ... accepted 212. Emin=-52.19432158, Emax=15.55263943
realization 213 / 300 ... accepted 213. Emin=-18.17257297, Emax=67.88002612
realization 214 / 300 ... accepted 214. Emin=-14.57805714, Emax=72.26339887
realization 215 / 300 ... accepted 215. Emin=-34.62547292, Emax=27.55658061
realization 216 / 300 ... accepted 216. Emin=-30.63596909, Emax=35.61344348
realization 217 / 300 ... accepted 217. Emin=-63.28903847, Emax=17.06466154
realization 218 / 300 ... accepted 218. Emin=-41.96450266, Emax=39.40400291
realization 219 / 300 ... accepted 219. Emin=-48.47033105, Emax=26.20313552
realization 220 / 300 ... accepted 220. Emin=-29.87146015, Emax=53.00794746
realization 221 / 300 ... accepted 221. Emin=-49.34647031, Emax=50.22857642
realization 222 / 300 ... accepted 222. Emin=-45.15828027, Emax=34.48000961
realization 223 / 300 ... accepted 223. Emin=-53.50059105, Emax=33.53085009
realization 224 / 300 ... accepted 224. Emin=-45.30836673, Emax=64.43051979
realization 225 / 300 ... accepted 225. Emin=-9.49575809, Emax=45.07234822
realization 226 / 300 ... accepted 226. Emin=-31.47729757, Emax=73.23424638
realization 227 / 300 ... accepted 227. Emin=-2.57091958, Emax=89.28893640
realization 228 / 300 ... accepted 228. Emin=4.01783953, Emax=96.47932223
realization 229 / 300 ... accepted 229. Emin=-8.56379603, Emax=65.66292477
realization 230 / 300 ... accepted 230. Emin=-52.60315987, Emax=35.96023515
realization 231 / 300 ... accepted 231. Emin=-36.47031837, Emax=68.39851384
realization 232 / 300 ... accepted 232. Emin=5.40555491, Emax=95.52622506
realization 233 / 300 ... accepted 233. Emin=-42.44613251, Emax=10.02079273
realization 234 / 300 ... accepted 234. Emin=-19.78072757, Emax=52.80621704
realization 235 / 300 ... accepted 235. Emin=-47.95015899, Emax=30.48892524
realization 236 / 300 ... accepted 236. Emin=-43.70453504, Emax=69.65692894
realization 237 / 300 ... accepted 237. Emin=-56.56773687, Emax=10.68403161
realization 238 / 300 ... accepted 238. Emin=1.54633059, Emax=69.45547375
realization 239 / 300 ... accepted 239. Emin=-63.20520732, Emax=29.79621502
realization 240 / 300 ... accepted 240. Emin=-52.09112616, Emax=41.19071333
realization 241 / 300 ... accepted 241. Emin=-61.50537351, Emax=80.32955691
realization 242 / 300 ... accepted 242. Emin=-53.19873317, Emax=14.44201449
realization 243 / 300 ... accepted 243. Emin=-40.89258484, Emax=56.70736279
realization 244 / 300 ... accepted 244. Emin=-58.39225762, Emax=49.44927208
realization 245 / 300 ... accepted 245. Emin=13.44097662, Emax=77.51477751
realization 246 / 300 ... accepted 246. Emin=-60.25385112, Emax=49.50949461
realization 247 / 300 ... accepted 247. Emin=-30.49005581, Emax=78.21483182
realization 248 / 300 ... accepted 248. Emin=-28.31380333, Emax=67.40206714
realization 249 / 300 ... accepted 249. Emin=-32.87788330, Emax=39.89895270
realization 250 / 300 ... accepted 250. Emin=-14.94461495, Emax=84.30538006
realization 251 / 300 ... accepted 251. Emin=2.50882664, Emax=88.17515146
realization 252 / 300 ... accepted 252. Emin=-27.04398410, Emax=35.34655312
realization 253 / 300 ... accepted 253. Emin=0.12019312, Emax=89.03813023
realization 254 / 300 ... accepted 254. Emin=-55.01737969, Emax=24.13509102
realization 255 / 300 ... accepted 255. Emin=-44.28748224, Emax=32.87548893
realization 256 / 300 ... accepted 256. Emin=-18.59714628, Emax=54.29824803
realization 257 / 300 ... accepted 257. Emin=-45.98595836, Emax=47.88847630
realization 258 / 300 ... accepted 258. Emin=4.92559820, Emax=80.69824994
realization 259 / 300 ... accepted 259. Emin=6.75104448, Emax=86.25688855
realization 260 / 300 ... accepted 260. Emin=-26.85153005, Emax=44.46439896
realization 261 / 300 ... accepted 261. Emin=-49.94035232, Emax=10.34693367
realization 262 / 300 ... accepted 262. Emin=-16.69940881, Emax=70.14225932
realization 263 / 300 ... accepted 263. Emin=-49.61089285, Emax=43.02926224
realization 264 / 300 ... accepted 264. Emin=-25.84826883, Emax=75.15136761
realization 265 / 300 ... accepted 265. Emin=-36.56056992, Emax=42.62831672
realization 266 / 300 ... accepted 266. Emin=-24.59018523, Emax=40.81641245
realization 267 / 300 ... accepted 267. Emin=-15.44908670, Emax=90.66610414
realization 268 / 300 ... accepted 268. Emin=-58.58703643, Emax=25.68460088
realization 269 / 300 ... accepted 269. Emin=14.16175240, Emax=80.48216111
realization 270 / 300 ... accepted 270. Emin=-23.19039824, Emax=78.01037930
realization 271 / 300 ... accepted 271. Emin=-41.03063663, Emax=102.82619391
realization 272 / 300 ... accepted 272. Emin=-16.05491916, Emax=79.00809615
realization 273 / 300 ... accepted 273. Emin=-49.23401266, Emax=37.20811428
realization 274 / 300 ... accepted 274. Emin=-5.34398982, Emax=68.42134015
realization 275 / 300 ... accepted 275. Emin=-20.28987302, Emax=85.42227365
realization 276 / 300 ... accepted 276. Emin=-50.68235443, Emax=3.76034553
realization 277 / 300 ... accepted 277. Emin=-64.12996983, Emax=37.69284178
realization 278 / 300 ... accepted 278. Emin=-50.73731841, Emax=38.35168091
realization 279 / 300 ... accepted 279. Emin=-31.41925604, Emax=43.01154723
realization 280 / 300 ... accepted 280. Emin=-28.35773099, Emax=50.57487133
realization 281 / 300 ... accepted 281. Emin=-19.88406974, Emax=56.61563648
realization 282 / 300 ... accepted 282. Emin=-2.16532743, Emax=60.82789737
realization 283 / 300 ... accepted 283. Emin=-18.74123968, Emax=44.20552326
realization 284 / 300 ... accepted 284. Emin=-36.31929279, Emax=33.97175047
realization 285 / 300 ... accepted 285. Emin=-24.27499386, Emax=81.70042257
realization 286 / 300 ... accepted 286. Emin=-28.82551307, Emax=35.20637840
realization 287 / 300 ... accepted 287. Emin=5.32455844, Emax=89.11023410
realization 288 / 300 ... accepted 288. Emin=-40.55882740, Emax=62.33730585
realization 289 / 300 ... accepted 289. Emin=19.13880231, Emax=85.79840515
realization 290 / 300 ... accepted 290. Emin=-29.04945671, Emax=23.70666806
realization 291 / 300 ... accepted 291. Emin=8.57437327, Emax=93.04812881
realization 292 / 300 ... accepted 292. Emin=-52.17671550, Emax=41.21078241
realization 293 / 300 ... accepted 293. Emin=-28.46584909, Emax=69.60198458
realization 294 / 300 ... accepted 294. Emin=-8.70329414, Emax=60.88183931
realization 295 / 300 ... accepted 295. Emin=-9.23684341, Emax=44.04118938
realization 296 / 300 ... accepted 296. Emin=-1.79916311, Emax=70.48171277
realization 297 / 300 ... accepted 297. Emin=-22.61336700, Emax=71.11541980
realization 298 / 300 ... accepted 298. Emin=-23.69038695, Emax=76.06918618
realization 299 / 300 ... accepted 299. Emin=-50.39143893, Emax=63.86201253
realization 300 / 300 ... accepted 300. Emin=-35.39692445, Emax=52.36929235
Saved final energies: /home/2/kj405942/POLFED_bosons/pbs_bose_legacy_nmax2_periodic/data/U_3/W_15/L_6/N_6_nmax_2/boundary_periodic/energies_full_U3_L6_N6_nmax2_W15_boundaryperiodic_nreal300.txt
Accepted realizations: 300 / 300
Skipped realizations: 0
Job finished at Sun May 31 17:58:19 UTC 2026
