Job started on w19 at Sun May 31 17:58:57 UTC 2026
PBS_JOBID=7731326.kruk-host.ift-klaster.lan
PBS_O_WORKDIR=/home/2/kj405942/POLFED_bosons
Bose-Hubbard: L=6, N=6, nmax=2, dim=141
t=1, U=3, W=2, nreal=300, boundary=periodic, mode=full
Writing partial results to /home/2/kj405942/POLFED_bosons/pbs_bose_legacy_nmax2_periodic/data/U_3/W_2/L_6/N_6_nmax_2/boundary_periodic/energies_full_U3_L6_N6_nmax2_W2_boundaryperiodic_nreal300_partial.txt
realization 1 / 300 ... accepted 1. Emin=-2.68118933, Emax=27.99945660
realization 2 / 300 ... accepted 2. Emin=-4.90145419, Emax=23.80451378
realization 3 / 300 ... accepted 3. Emin=-3.74221131, Emax=23.92553169
realization 4 / 300 ... accepted 4. Emin=-3.19555811, Emax=26.69399024
realization 5 / 300 ... accepted 5. Emin=-0.45454055, Emax=26.83294404
realization 6 / 300 ... accepted 6. Emin=-9.59173919, Emax=16.96922810
realization 7 / 300 ... accepted 7. Emin=-5.59766155, Emax=23.56872949
realization 8 / 300 ... accepted 8. Emin=-0.20000243, Emax=27.39314305
realization 9 / 300 ... accepted 9. Emin=-9.18012058, Emax=18.18679861
realization 10 / 300 ... accepted 10. Emin=-3.57419627, Emax=27.43684311
realization 11 / 300 ... accepted 11. Emin=-2.73492964, Emax=23.49828952
realization 12 / 300 ... accepted 12. Emin=0.62833426, Emax=27.91366290
realization 13 / 300 ... accepted 13. Emin=-9.43662941, Emax=17.29484251
realization 14 / 300 ... accepted 14. Emin=2.97329698, Emax=29.09169822
realization 15 / 300 ... accepted 15. Emin=-5.18242923, Emax=23.60365344
realization 16 / 300 ... accepted 16. Emin=-2.66201730, Emax=27.47861339
realization 17 / 300 ... accepted 17. Emin=-2.05404661, Emax=26.82539448
realization 18 / 300 ... accepted 18. Emin=-4.57081159, Emax=23.67549464
realization 19 / 300 ... accepted 19. Emin=-5.55780952, Emax=22.35084383
realization 20 / 300 ... accepted 20. Emin=-4.04201658, Emax=24.43901194
realization 21 / 300 ... accepted 21. Emin=-0.02791107, Emax=30.20501456
realization 22 / 300 ... accepted 22. Emin=-2.60610557, Emax=28.94090183
realization 23 / 300 ... accepted 23. Emin=-6.81587394, Emax=22.85755797
realization 24 / 300 ... accepted 24. Emin=-5.49451196, Emax=24.06581316
realization 25 / 300 ... accepted 25. Emin=-5.02045033, Emax=22.62578227
realization 26 / 300 ... accepted 26. Emin=-1.32060282, Emax=26.17234164
realization 27 / 300 ... accepted 27. Emin=-1.74812371, Emax=25.75258388
realization 28 / 300 ... accepted 28. Emin=-4.58223696, Emax=23.92826138
realization 29 / 300 ... accepted 29. Emin=-8.67565256, Emax=18.27004420
realization 30 / 300 ... accepted 30. Emin=-6.57293031, Emax=22.16724154
realization 31 / 300 ... accepted 31. Emin=-3.89641870, Emax=22.52392228
realization 32 / 300 ... accepted 32. Emin=-9.29863740, Emax=17.03653882
realization 33 / 300 ... accepted 33. Emin=-3.64955155, Emax=24.50640774
realization 34 / 300 ... accepted 34. Emin=-0.35803406, Emax=29.15441251
realization 35 / 300 ... accepted 35. Emin=-2.04586763, Emax=29.14556107
realization 36 / 300 ... accepted 36. Emin=-8.82428041, Emax=20.24175860
realization 37 / 300 ... accepted 37. Emin=-3.72320380, Emax=28.24572882
realization 38 / 300 ... accepted 38. Emin=-1.71391257, Emax=27.73410076
realization 39 / 300 ... accepted 39. Emin=0.94878440, Emax=28.36939983
realization 40 / 300 ... accepted 40. Emin=-1.31999801, Emax=26.11446815
realization 41 / 300 ... accepted 41. Emin=-5.62599914, Emax=23.62474839
realization 42 / 300 ... accepted 42. Emin=-2.55150753, Emax=27.71169076
realization 43 / 300 ... accepted 43. Emin=-5.68591610, Emax=24.50908475
realization 44 / 300 ... accepted 44. Emin=-5.76915844, Emax=24.49936884
realization 45 / 300 ... accepted 45. Emin=-4.96217577, Emax=22.22776389
realization 46 / 300 ... accepted 46. Emin=0.91355591, Emax=29.23584036
realization 47 / 300 ... accepted 47. Emin=-8.06718471, Emax=19.56830332
realization 48 / 300 ... accepted 48. Emin=-5.16690543, Emax=22.70542932
realization 49 / 300 ... accepted 49. Emin=-1.91989955, Emax=26.80502907
realization 50 / 300 ... accepted 50. Emin=2.92154856, Emax=30.79629058
realization 51 / 300 ... accepted 51. Emin=-5.34241087, Emax=22.62131576
realization 52 / 300 ... accepted 52. Emin=-4.10387536, Emax=22.76234281
realization 53 / 300 ... accepted 53. Emin=-1.37728212, Emax=26.65328109
realization 54 / 300 ... accepted 54. Emin=-2.90299907, Emax=24.56701432
realization 55 / 300 ... accepted 55. Emin=-4.22813617, Emax=23.34540483
realization 56 / 300 ... accepted 56. Emin=-0.09031332, Emax=29.44752995
realization 57 / 300 ... accepted 57. Emin=-2.89632746, Emax=22.76215803
realization 58 / 300 ... accepted 58. Emin=-1.69476813, Emax=28.68431451
realization 59 / 300 ... accepted 59. Emin=-6.50923194, Emax=22.88188207
realization 60 / 300 ... accepted 60. Emin=-5.28045508, Emax=23.04899839
realization 61 / 300 ... accepted 61. Emin=1.66957906, Emax=28.78636934
realization 62 / 300 ... accepted 62. Emin=-2.08555059, Emax=26.89298356
realization 63 / 300 ... accepted 63. Emin=-3.30817233, Emax=27.82808702
realization 64 / 300 ... accepted 64. Emin=0.01029307, Emax=28.00634130
realization 65 / 300 ... accepted 65. Emin=-7.05933775, Emax=19.77453096
realization 66 / 300 ... accepted 66. Emin=-1.56567103, Emax=25.56384624
realization 67 / 300 ... accepted 67. Emin=-4.78149311, Emax=22.93127960
realization 68 / 300 ... accepted 68. Emin=-5.87539671, Emax=24.80232483
realization 69 / 300 ... accepted 69. Emin=-2.08220031, Emax=25.77613009
realization 70 / 300 ... accepted 70. Emin=0.93563469, Emax=28.89146527
realization 71 / 300 ... accepted 71. Emin=-2.02312954, Emax=28.98995409
realization 72 / 300 ... accepted 72. Emin=-4.79495482, Emax=21.62109510
realization 73 / 300 ... accepted 73. Emin=-0.08769881, Emax=26.33750239
realization 74 / 300 ... accepted 74. Emin=-3.09203340, Emax=25.87441447
realization 75 / 300 ... accepted 75. Emin=-5.38640802, Emax=21.62909409
realization 76 / 300 ... accepted 76. Emin=-1.80213150, Emax=27.11392472
realization 77 / 300 ... accepted 77. Emin=-3.93445188, Emax=25.88736217
realization 78 / 300 ... accepted 78. Emin=-2.45046629, Emax=28.60595691
realization 79 / 300 ... accepted 79. Emin=-0.88581533, Emax=29.72302968
realization 80 / 300 ... accepted 80. Emin=-2.81194297, Emax=26.48563640
realization 81 / 300 ... accepted 81. Emin=-6.64281051, Emax=20.47505672
realization 82 / 300 ... accepted 82. Emin=-3.74093368, Emax=26.87091617
realization 83 / 300 ... accepted 83. Emin=-9.11240150, Emax=17.12228628
realization 84 / 300 ... accepted 84. Emin=-6.89221740, Emax=21.10205810
realization 85 / 300 ... accepted 85. Emin=-6.04309173, Emax=21.18948944
realization 86 / 300 ... accepted 86. Emin=-0.44574715, Emax=28.46635377
realization 87 / 300 ... accepted 87. Emin=-5.04339064, Emax=22.99216872
realization 88 / 300 ... accepted 88. Emin=-5.07472814, Emax=25.13739420
realization 89 / 300 ... accepted 89. Emin=-3.58494150, Emax=26.47158322
realization 90 / 300 ... accepted 90. Emin=-3.80616676, Emax=27.90716949
realization 91 / 300 ... accepted 91. Emin=-4.83568052, Emax=26.56506426
realization 92 / 300 ... accepted 92. Emin=-1.52901958, Emax=27.52001352
realization 93 / 300 ... accepted 93. Emin=-8.58748727, Emax=18.86007962
realization 94 / 300 ... accepted 94. Emin=-0.28710484, Emax=25.70301304
realization 95 / 300 ... accepted 95. Emin=-3.95402538, Emax=26.25634195
realization 96 / 300 ... accepted 96. Emin=-3.95809215, Emax=22.66421932
realization 97 / 300 ... accepted 97. Emin=-3.58395492, Emax=25.31804122
realization 98 / 300 ... accepted 98. Emin=-6.75838733, Emax=18.96783183
realization 99 / 300 ... accepted 99. Emin=-9.72976308, Emax=18.40728783
realization 100 / 300 ... accepted 100. Emin=-5.53118977, Emax=24.17107095
realization 101 / 300 ... accepted 101. Emin=-4.80011086, Emax=25.50616867
realization 102 / 300 ... accepted 102. Emin=-5.91145633, Emax=21.78880628
realization 103 / 300 ... accepted 103. Emin=1.05762156, Emax=27.29061277
realization 104 / 300 ... accepted 104. Emin=-6.34280576, Emax=21.96648331
realization 105 / 300 ... accepted 105. Emin=-6.63439084, Emax=23.76139588
realization 106 / 300 ... accepted 106. Emin=-7.62519554, Emax=19.02107171
realization 107 / 300 ... accepted 107. Emin=-6.82661477, Emax=24.25871142
realization 108 / 300 ... accepted 108. Emin=-4.01849141, Emax=26.56608892
realization 109 / 300 ... accepted 109. Emin=0.75583309, Emax=29.22411758
realization 110 / 300 ... accepted 110. Emin=-6.50582480, Emax=22.80946031
realization 111 / 300 ... accepted 111. Emin=-2.08777409, Emax=23.20547420
realization 112 / 300 ... accepted 112. Emin=0.04254490, Emax=26.98217352
realization 113 / 300 ... accepted 113. Emin=-1.83889714, Emax=27.32281290
realization 114 / 300 ... accepted 114. Emin=-2.47997853, Emax=24.58367565
realization 115 / 300 ... accepted 115. Emin=-6.52683133, Emax=24.95986064
realization 116 / 300 ... accepted 116. Emin=-1.76207054, Emax=24.00787187
realization 117 / 300 ... accepted 117. Emin=-6.44663832, Emax=24.69798619
realization 118 / 300 ... accepted 118. Emin=-3.22626837, Emax=27.88426876
realization 119 / 300 ... accepted 119. Emin=-0.84171395, Emax=27.50600558
realization 120 / 300 ... accepted 120. Emin=-0.55082480, Emax=27.06559150
realization 121 / 300 ... accepted 121. Emin=-6.31867973, Emax=22.19827288
realization 122 / 300 ... accepted 122. Emin=2.29856370, Emax=28.56575896
realization 123 / 300 ... accepted 123. Emin=-2.33373861, Emax=29.05714110
realization 124 / 300 ... accepted 124. Emin=-5.75513118, Emax=23.19441285
realization 125 / 300 ... accepted 125. Emin=-8.15721074, Emax=21.78759328
realization 126 / 300 ... accepted 126. Emin=-4.64521145, Emax=25.44739021
realization 127 / 300 ... accepted 127. Emin=-0.96109534, Emax=28.01816750
realization 128 / 300 ... accepted 128. Emin=-4.32092410, Emax=27.92227763
realization 129 / 300 ... accepted 129. Emin=-9.29872613, Emax=18.89291739
realization 130 / 300 ... accepted 130. Emin=-5.81687873, Emax=24.42912185
realization 131 / 300 ... accepted 131. Emin=-4.61111873, Emax=23.93832898
realization 132 / 300 ... accepted 132. Emin=-2.64628857, Emax=24.58213440
realization 133 / 300 ... accepted 133. Emin=-6.97195651, Emax=21.88428051
realization 134 / 300 ... accepted 134. Emin=-9.29754010, Emax=18.16405366
realization 135 / 300 ... accepted 135. Emin=2.89414034, Emax=28.69080918
realization 136 / 300 ... accepted 136. Emin=-2.91756409, Emax=25.88061758
realization 137 / 300 ... accepted 137. Emin=-4.74218129, Emax=22.16180070
realization 138 / 300 ... accepted 138. Emin=-0.30964084, Emax=27.04853412
realization 139 / 300 ... accepted 139. Emin=-1.68450330, Emax=26.69314138
realization 140 / 300 ... accepted 140. Emin=-2.27088020, Emax=26.82407239
realization 141 / 300 ... accepted 141. Emin=-1.43372245, Emax=28.32168384
realization 142 / 300 ... accepted 142. Emin=-1.65495936, Emax=25.94602342
realization 143 / 300 ... accepted 143. Emin=-7.14080454, Emax=22.72973364
realization 144 / 300 ... accepted 144. Emin=-11.41555152, Emax=15.06808978
realization 145 / 300 ... accepted 145. Emin=-7.88754979, Emax=20.79848350
realization 146 / 300 ... accepted 146. Emin=-6.28665993, Emax=23.99830990
realization 147 / 300 ... accepted 147. Emin=-5.86625098, Emax=21.67327576
realization 148 / 300 ... accepted 148. Emin=-5.73902634, Emax=21.36581460
realization 149 / 300 ... accepted 149. Emin=-5.56920345, Emax=22.77810676
realization 150 / 300 ... accepted 150. Emin=-6.30980238, Emax=24.26252311
realization 151 / 300 ... accepted 151. Emin=-7.97031471, Emax=21.23089967
realization 152 / 300 ... accepted 152. Emin=-0.41389566, Emax=26.71372696
realization 153 / 300 ... accepted 153. Emin=-6.68431584, Emax=22.67637484
realization 154 / 300 ... accepted 154. Emin=0.94838312, Emax=30.06086243
realization 155 / 300 ... accepted 155. Emin=-2.10108134, Emax=25.52109395
realization 156 / 300 ... accepted 156. Emin=-2.72323636, Emax=24.48881965
realization 157 / 300 ... accepted 157. Emin=-4.96686980, Emax=22.09938432
realization 158 / 300 ... accepted 158. Emin=-3.13323425, Emax=29.13798221
realization 159 / 300 ... accepted 159. Emin=-5.68168645, Emax=21.07774436
realization 160 / 300 ... accepted 160. Emin=-7.56760808, Emax=20.72606487
realization 161 / 300 ... accepted 161. Emin=-8.23891435, Emax=21.90387001
realization 162 / 300 ... accepted 162. Emin=-4.98970377, Emax=26.50142759
realization 163 / 300 ... accepted 163. Emin=1.01039126, Emax=29.44749388
realization 164 / 300 ... accepted 164. Emin=4.37738589, Emax=29.92696315
realization 165 / 300 ... accepted 165. Emin=-3.93434046, Emax=24.66870563
realization 166 / 300 ... accepted 166. Emin=-2.77142415, Emax=25.13053389
realization 167 / 300 ... accepted 167. Emin=-7.18239518, Emax=22.93143713
realization 168 / 300 ... accepted 168. Emin=-7.32290945, Emax=20.66240189
realization 169 / 300 ... accepted 169. Emin=-4.10947934, Emax=25.32438447
realization 170 / 300 ... accepted 170. Emin=-1.41373740, Emax=28.51809564
realization 171 / 300 ... accepted 171. Emin=-3.28134640, Emax=26.04870524
realization 172 / 300 ... accepted 172. Emin=1.39060369, Emax=28.20602188
realization 173 / 300 ... accepted 173. Emin=-10.30210184, Emax=17.13499507
realization 174 / 300 ... accepted 174. Emin=-8.42612624, Emax=19.75712279
realization 175 / 300 ... accepted 175. Emin=0.03515422, Emax=26.01096982
realization 176 / 300 ... accepted 176. Emin=-7.17120027, Emax=23.43426016
realization 177 / 300 ... accepted 177. Emin=-4.79142739, Emax=25.13501909
realization 178 / 300 ... accepted 178. Emin=-2.62007859, Emax=25.86631324
realization 179 / 300 ... accepted 179. Emin=-1.02306795, Emax=26.58842166
realization 180 / 300 ... accepted 180. Emin=-3.78384897, Emax=23.98510872
realization 181 / 300 ... accepted 181. Emin=1.24788695, Emax=27.96867839
realization 182 / 300 ... accepted 182. Emin=-2.00741674, Emax=25.50742315
realization 183 / 300 ... accepted 183. Emin=-7.18912759, Emax=20.17870809
realization 184 / 300 ... accepted 184. Emin=-3.48434601, Emax=23.61159250
realization 185 / 300 ... accepted 185. Emin=-6.65928614, Emax=22.96854214
realization 186 / 300 ... accepted 186. Emin=-2.36769349, Emax=24.53371286
realization 187 / 300 ... accepted 187. Emin=-1.18349439, Emax=25.61419295
realization 188 / 300 ... accepted 188. Emin=-3.34852993, Emax=26.73287681
realization 189 / 300 ... accepted 189. Emin=-1.63980819, Emax=26.89481149
realization 190 / 300 ... accepted 190. Emin=-3.07279702, Emax=27.90268534
realization 191 / 300 ... accepted 191. Emin=-1.59582618, Emax=25.00972889
realization 192 / 300 ... accepted 192. Emin=-4.05672002, Emax=25.47589442
realization 193 / 300 ... accepted 193. Emin=-1.42800396, Emax=27.15857529
realization 194 / 300 ... accepted 194. Emin=-4.84094009, Emax=25.60814124
realization 195 / 300 ... accepted 195. Emin=-5.37853835, Emax=22.73503014
realization 196 / 300 ... accepted 196. Emin=-3.52240712, Emax=23.47245966
realization 197 / 300 ... accepted 197. Emin=-4.35600579, Emax=25.87407389
realization 198 / 300 ... accepted 198. Emin=-4.36770116, Emax=24.37720717
realization 199 / 300 ... accepted 199. Emin=-6.12085017, Emax=23.82291117
realization 200 / 300 ... accepted 200. Emin=-5.71134539, Emax=25.93265983
realization 201 / 300 ... accepted 201. Emin=-9.08069788, Emax=19.26859268
realization 202 / 300 ... accepted 202. Emin=-5.58703916, Emax=23.08019335
realization 203 / 300 ... accepted 203. Emin=-8.90813852, Emax=18.34703489
realization 204 / 300 ... accepted 204. Emin=-2.91368444, Emax=26.00144589
realization 205 / 300 ... accepted 205. Emin=-1.18047235, Emax=25.36339391
realization 206 / 300 ... accepted 206. Emin=-2.07326804, Emax=26.76243907
realization 207 / 300 ... accepted 207. Emin=-1.45174849, Emax=26.76786508
realization 208 / 300 ... accepted 208. Emin=-4.72807706, Emax=23.66915161
realization 209 / 300 ... accepted 209. Emin=-3.91767308, Emax=23.89298875
realization 210 / 300 ... accepted 210. Emin=-5.05204805, Emax=24.74856725
realization 211 / 300 ... accepted 211. Emin=-5.23233935, Emax=22.61101133
realization 212 / 300 ... accepted 212. Emin=-11.35417386, Emax=16.53007479
realization 213 / 300 ... accepted 213. Emin=-1.43634697, Emax=29.17000671
realization 214 / 300 ... accepted 214. Emin=-2.44860126, Emax=24.85955643
realization 215 / 300 ... accepted 215. Emin=-3.50753021, Emax=22.57686691
realization 216 / 300 ... accepted 216. Emin=-0.90519523, Emax=26.50896366
realization 217 / 300 ... accepted 217. Emin=-0.77900765, Emax=26.28017077
realization 218 / 300 ... accepted 218. Emin=-2.44795889, Emax=27.96044128
realization 219 / 300 ... accepted 219. Emin=-9.37645479, Emax=17.32228071
realization 220 / 300 ... accepted 220. Emin=-5.71180321, Emax=22.44257558
realization 221 / 300 ... accepted 221. Emin=-4.70021856, Emax=22.62094430
realization 222 / 300 ... accepted 222. Emin=-4.95919386, Emax=24.53910100
realization 223 / 300 ... accepted 223. Emin=-2.78756930, Emax=26.12684306
realization 224 / 300 ... accepted 224. Emin=-3.52349568, Emax=26.48772854
realization 225 / 300 ... accepted 225. Emin=-3.04362484, Emax=25.85283529
realization 226 / 300 ... accepted 226. Emin=-4.26894183, Emax=25.15876124
realization 227 / 300 ... accepted 227. Emin=-3.45905597, Emax=25.08534549
realization 228 / 300 ... accepted 228. Emin=-0.27457782, Emax=28.05381101
realization 229 / 300 ... accepted 229. Emin=-2.35068322, Emax=25.00825098
realization 230 / 300 ... accepted 230. Emin=-3.05843190, Emax=27.07488108
realization 231 / 300 ... accepted 231. Emin=-0.26771925, Emax=28.72452587
realization 232 / 300 ... accepted 232. Emin=-6.22857488, Emax=21.48187151
realization 233 / 300 ... accepted 233. Emin=-6.19941731, Emax=22.43256852
realization 234 / 300 ... accepted 234. Emin=-2.71140605, Emax=24.40221957
realization 235 / 300 ... accepted 235. Emin=-1.58861364, Emax=26.75184115
realization 236 / 300 ... accepted 236. Emin=-4.45679203, Emax=25.17109941
realization 237 / 300 ... accepted 237. Emin=-5.78872328, Emax=23.00611652
realization 238 / 300 ... accepted 238. Emin=-7.90326025, Emax=18.98019633
realization 239 / 300 ... accepted 239. Emin=-4.43479632, Emax=26.49790438
realization 240 / 300 ... accepted 240. Emin=-5.88289595, Emax=24.17596083
realization 241 / 300 ... accepted 241. Emin=-3.57202623, Emax=25.94842036
realization 242 / 300 ... accepted 242. Emin=-4.33931045, Emax=23.89813786
realization 243 / 300 ... accepted 243. Emin=-7.73253168, Emax=20.61279377
realization 244 / 300 ... accepted 244. Emin=-4.01224550, Emax=22.56901036
realization 245 / 300 ... accepted 245. Emin=-1.64346487, Emax=27.41906604
realization 246 / 300 ... accepted 246. Emin=3.31714820, Emax=29.91564306
realization 247 / 300 ... accepted 247. Emin=-6.48722199, Emax=20.74604630
realization 248 / 300 ... accepted 248. Emin=-3.86070806, Emax=27.76348829
realization 249 / 300 ... accepted 249. Emin=-1.37171369, Emax=28.84356683
realization 250 / 300 ... accepted 250. Emin=-3.06869804, Emax=23.95162323
realization 251 / 300 ... accepted 251. Emin=-1.72563865, Emax=27.02131476
realization 252 / 300 ... accepted 252. Emin=-6.20992599, Emax=25.35713200
realization 253 / 300 ... accepted 253. Emin=-3.34610389, Emax=26.12844174
realization 254 / 300 ... accepted 254. Emin=-0.24541656, Emax=29.42323998
realization 255 / 300 ... accepted 255. Emin=-8.86342320, Emax=18.00163110
realization 256 / 300 ... accepted 256. Emin=-2.03793438, Emax=25.39877623
realization 257 / 300 ... accepted 257. Emin=-1.75276546, Emax=26.83747042
realization 258 / 300 ... accepted 258. Emin=-4.30076704, Emax=26.85397971
realization 259 / 300 ... accepted 259. Emin=-2.74454817, Emax=26.97643982
realization 260 / 300 ... accepted 260. Emin=-3.34243487, Emax=24.43365829
realization 261 / 300 ... accepted 261. Emin=-5.74247774, Emax=22.88749194
realization 262 / 300 ... accepted 262. Emin=-1.10184461, Emax=28.35683318
realization 263 / 300 ... accepted 263. Emin=-6.28873068, Emax=23.77351515
realization 264 / 300 ... accepted 264. Emin=-7.67649389, Emax=21.87373902
realization 265 / 300 ... accepted 265. Emin=-1.30130331, Emax=27.72607479
realization 266 / 300 ... accepted 266. Emin=-7.57063322, Emax=22.59426309
realization 267 / 300 ... accepted 267. Emin=-7.46655304, Emax=20.21341788
realization 268 / 300 ... accepted 268. Emin=-9.43325588, Emax=18.58779552
realization 269 / 300 ... accepted 269. Emin=-6.92997702, Emax=20.64823519
realization 270 / 300 ... accepted 270. Emin=-1.56709012, Emax=27.54385554
realization 271 / 300 ... accepted 271. Emin=-4.01193557, Emax=22.67954382
realization 272 / 300 ... accepted 272. Emin=-4.75931862, Emax=24.06611670
realization 273 / 300 ... accepted 273. Emin=-2.16002584, Emax=27.87608044
realization 274 / 300 ... accepted 274. Emin=-1.52739696, Emax=26.28440292
realization 275 / 300 ... accepted 275. Emin=-4.08085582, Emax=23.66184633
realization 276 / 300 ... accepted 276. Emin=-2.45152866, Emax=25.20841904
realization 277 / 300 ... accepted 277. Emin=-8.33748432, Emax=20.92693704
realization 278 / 300 ... accepted 278. Emin=0.36898698, Emax=28.58762622
realization 279 / 300 ... accepted 279. Emin=-4.68216435, Emax=28.89458959
realization 280 / 300 ... accepted 280. Emin=-8.83913620, Emax=19.06447901
realization 281 / 300 ... accepted 281. Emin=-1.02542190, Emax=27.37380439
realization 282 / 300 ... accepted 282. Emin=0.53940979, Emax=28.58901849
realization 283 / 300 ... accepted 283. Emin=-6.21465878, Emax=22.16333480
realization 284 / 300 ... accepted 284. Emin=-4.39759624, Emax=21.95863367
realization 285 / 300 ... accepted 285. Emin=-6.51633493, Emax=21.76775105
realization 286 / 300 ... accepted 286. Emin=-4.82830773, Emax=27.57385702
realization 287 / 300 ... accepted 287. Emin=-1.20161383, Emax=27.60303423
realization 288 / 300 ... accepted 288. Emin=-3.93522466, Emax=26.78777273
realization 289 / 300 ... accepted 289. Emin=-2.90705615, Emax=25.22607072
realization 290 / 300 ... accepted 290. Emin=-2.61496032, Emax=25.85550211
realization 291 / 300 ... accepted 291. Emin=-3.64243721, Emax=23.82518631
realization 292 / 300 ... accepted 292. Emin=-3.42241741, Emax=26.47311012
realization 293 / 300 ... accepted 293. Emin=-1.09128031, Emax=26.55967191
realization 294 / 300 ... accepted 294. Emin=-3.35061516, Emax=26.24948458
realization 295 / 300 ... accepted 295. Emin=-6.71540556, Emax=23.09991982
realization 296 / 300 ... accepted 296. Emin=-0.86963886, Emax=28.78499324
realization 297 / 300 ... accepted 297. Emin=-2.20845366, Emax=28.73760975
realization 298 / 300 ... accepted 298. Emin=-6.81239289, Emax=20.94012349
realization 299 / 300 ... accepted 299. Emin=-5.70680251, Emax=26.46050008
realization 300 / 300 ... accepted 300. Emin=-5.38106265, Emax=23.26313462
Saved final energies: /home/2/kj405942/POLFED_bosons/pbs_bose_legacy_nmax2_periodic/data/U_3/W_2/L_6/N_6_nmax_2/boundary_periodic/energies_full_U3_L6_N6_nmax2_W2_boundaryperiodic_nreal300.txt
Accepted realizations: 300 / 300
Skipped realizations: 0
Job finished at Sun May 31 18:00:32 UTC 2026
