Job started on w19 at Sun May 31 17:58:57 UTC 2026
PBS_JOBID=7731328.kruk-host.ift-klaster.lan
PBS_O_WORKDIR=/home/2/kj405942/POLFED_bosons
Bose-Hubbard: L=6, N=6, nmax=2, dim=141
t=1, U=3, W=4, nreal=300, boundary=periodic, mode=full
Writing partial results to /home/2/kj405942/POLFED_bosons/pbs_bose_legacy_nmax2_periodic/data/U_3/W_4/L_6/N_6_nmax_2/boundary_periodic/energies_full_U3_L6_N6_nmax2_W4_boundaryperiodic_nreal300_partial.txt
realization 1 / 300 ... accepted 1. Emin=-2.99163385, Emax=34.38871435
realization 2 / 300 ... accepted 2. Emin=-6.15659963, Emax=25.75137389
realization 3 / 300 ... accepted 3. Emin=-1.64800032, Emax=31.99819756
realization 4 / 300 ... accepted 4. Emin=-5.46111913, Emax=25.44735846
realization 5 / 300 ... accepted 5. Emin=-9.27771384, Emax=22.69763832
realization 6 / 300 ... accepted 6. Emin=-8.16166179, Emax=20.79717122
realization 7 / 300 ... accepted 7. Emin=-16.12877129, Emax=19.38295102
realization 8 / 300 ... accepted 8. Emin=-15.20080009, Emax=17.57353651
realization 9 / 300 ... accepted 9. Emin=0.96846488, Emax=34.77470517
realization 10 / 300 ... accepted 10. Emin=-0.23641452, Emax=31.99569076
realization 11 / 300 ... accepted 11. Emin=-7.15318751, Emax=29.38984466
realization 12 / 300 ... accepted 12. Emin=-7.92617430, Emax=23.87495192
realization 13 / 300 ... accepted 13. Emin=-4.35501959, Emax=32.53844834
realization 14 / 300 ... accepted 14. Emin=4.80397748, Emax=33.84665346
realization 15 / 300 ... accepted 15. Emin=-2.19701862, Emax=27.53876765
realization 16 / 300 ... accepted 16. Emin=-8.33011580, Emax=27.11356562
realization 17 / 300 ... accepted 17. Emin=0.88563450, Emax=31.59946596
realization 18 / 300 ... accepted 18. Emin=-9.16279228, Emax=27.72192264
realization 19 / 300 ... accepted 19. Emin=4.10810390, Emax=33.46147242
realization 20 / 300 ... accepted 20. Emin=-1.18755668, Emax=32.62976710
realization 21 / 300 ... accepted 21. Emin=-9.51857851, Emax=25.56149130
realization 22 / 300 ... accepted 22. Emin=-6.03090185, Emax=33.00944309
realization 23 / 300 ... accepted 23. Emin=-13.30555388, Emax=22.86963040
realization 24 / 300 ... accepted 24. Emin=-1.41073993, Emax=34.45123376
realization 25 / 300 ... accepted 25. Emin=-4.95107719, Emax=30.29256446
realization 26 / 300 ... accepted 26. Emin=3.88190208, Emax=36.44609423
realization 27 / 300 ... accepted 27. Emin=6.38548402, Emax=41.45507751
realization 28 / 300 ... accepted 28. Emin=-10.59958030, Emax=17.08145531
realization 29 / 300 ... accepted 29. Emin=-1.12515745, Emax=33.20076809
realization 30 / 300 ... accepted 30. Emin=-15.01350940, Emax=21.46820933
realization 31 / 300 ... accepted 31. Emin=-13.55437977, Emax=24.13285042
realization 32 / 300 ... accepted 32. Emin=6.60733997, Emax=32.32387995
realization 33 / 300 ... accepted 33. Emin=-0.66534580, Emax=33.19087262
realization 34 / 300 ... accepted 34. Emin=-5.55287376, Emax=32.64881875
realization 35 / 300 ... accepted 35. Emin=-10.71388620, Emax=26.90443503
realization 36 / 300 ... accepted 36. Emin=-9.36271571, Emax=27.68883948
realization 37 / 300 ... accepted 37. Emin=-7.99634985, Emax=28.37923011
realization 38 / 300 ... accepted 38. Emin=-15.48245853, Emax=16.60621522
realization 39 / 300 ... accepted 39. Emin=5.75751847, Emax=39.69035809
realization 40 / 300 ... accepted 40. Emin=-14.17237241, Emax=22.10353691
realization 41 / 300 ... accepted 41. Emin=-2.25250867, Emax=32.36860902
realization 42 / 300 ... accepted 42. Emin=2.42656376, Emax=38.76864373
realization 43 / 300 ... accepted 43. Emin=-12.73531744, Emax=30.97625583
realization 44 / 300 ... accepted 44. Emin=-10.67295641, Emax=22.29287686
realization 45 / 300 ... accepted 45. Emin=-7.33290855, Emax=28.36918898
realization 46 / 300 ... accepted 46. Emin=0.37853579, Emax=35.99496566
realization 47 / 300 ... accepted 47. Emin=-3.86174630, Emax=36.83788766
realization 48 / 300 ... accepted 48. Emin=0.65844751, Emax=33.67192702
realization 49 / 300 ... accepted 49. Emin=-14.41140186, Emax=20.00918590
realization 50 / 300 ... accepted 50. Emin=-13.59549163, Emax=17.96632700
realization 51 / 300 ... accepted 51. Emin=-7.91892711, Emax=30.63580497
realization 52 / 300 ... accepted 52. Emin=1.28063034, Emax=34.93814544
realization 53 / 300 ... accepted 53. Emin=3.29112638, Emax=34.44356618
realization 54 / 300 ... accepted 54. Emin=-5.17201551, Emax=32.18832180
realization 55 / 300 ... accepted 55. Emin=-6.15434290, Emax=24.83469953
realization 56 / 300 ... accepted 56. Emin=-8.67940956, Emax=21.96974778
realization 57 / 300 ... accepted 57. Emin=-2.80053527, Emax=30.84077771
realization 58 / 300 ... accepted 58. Emin=-11.74219915, Emax=21.47186213
realization 59 / 300 ... accepted 59. Emin=-1.44252573, Emax=40.20486967
realization 60 / 300 ... accepted 60. Emin=-5.19136193, Emax=26.82188093
realization 61 / 300 ... accepted 61. Emin=-4.25193095, Emax=28.32532370
realization 62 / 300 ... accepted 62. Emin=-8.78469773, Emax=33.26801551
realization 63 / 300 ... accepted 63. Emin=-7.44439933, Emax=27.80407778
realization 64 / 300 ... accepted 64. Emin=-1.39619701, Emax=31.69424357
realization 65 / 300 ... accepted 65. Emin=-12.04499496, Emax=19.33787343
realization 66 / 300 ... accepted 66. Emin=-4.84227506, Emax=33.80216178
realization 67 / 300 ... accepted 67. Emin=-2.71185428, Emax=29.96722518
realization 68 / 300 ... accepted 68. Emin=4.59994986, Emax=35.89838417
realization 69 / 300 ... accepted 69. Emin=-2.47092465, Emax=29.80007534
realization 70 / 300 ... accepted 70. Emin=4.39960513, Emax=38.52178808
realization 71 / 300 ... accepted 71. Emin=-15.89552272, Emax=15.81929023
realization 72 / 300 ... accepted 72. Emin=1.56955624, Emax=38.14433637
realization 73 / 300 ... accepted 73. Emin=-3.34242497, Emax=29.49917126
realization 74 / 300 ... accepted 74. Emin=-3.43952201, Emax=30.95672375
realization 75 / 300 ... accepted 75. Emin=-1.04773168, Emax=32.91195147
realization 76 / 300 ... accepted 76. Emin=-7.10081913, Emax=27.24846652
realization 77 / 300 ... accepted 77. Emin=4.93588918, Emax=34.89403468
realization 78 / 300 ... accepted 78. Emin=-3.72445580, Emax=27.42956556
realization 79 / 300 ... accepted 79. Emin=-12.75960346, Emax=15.32441379
realization 80 / 300 ... accepted 80. Emin=-4.12188623, Emax=28.28792468
realization 81 / 300 ... accepted 81. Emin=6.04157807, Emax=41.35602940
realization 82 / 300 ... accepted 82. Emin=-6.47656333, Emax=36.92915310
realization 83 / 300 ... accepted 83. Emin=-0.76333885, Emax=32.84898083
realization 84 / 300 ... accepted 84. Emin=-4.07085324, Emax=34.74729927
realization 85 / 300 ... accepted 85. Emin=-7.54461872, Emax=26.25242566
realization 86 / 300 ... accepted 86. Emin=-9.32510168, Emax=25.41637711
realization 87 / 300 ... accepted 87. Emin=0.29491809, Emax=36.06270436
realization 88 / 300 ... accepted 88. Emin=-6.63251238, Emax=27.94604076
realization 89 / 300 ... accepted 89. Emin=-16.31413156, Emax=17.12487461
realization 90 / 300 ... accepted 90. Emin=-3.76664094, Emax=31.46640537
realization 91 / 300 ... accepted 91. Emin=-1.21950023, Emax=36.29255501
realization 92 / 300 ... accepted 92. Emin=-15.40814187, Emax=17.53783031
realization 93 / 300 ... accepted 93. Emin=-4.07203803, Emax=32.59975406
realization 94 / 300 ... accepted 94. Emin=-4.10115452, Emax=35.08183356
realization 95 / 300 ... accepted 95. Emin=0.59119349, Emax=39.30491991
realization 96 / 300 ... accepted 96. Emin=-15.07587820, Emax=21.20730539
realization 97 / 300 ... accepted 97. Emin=-3.29209018, Emax=27.74288131
realization 98 / 300 ... accepted 98. Emin=-7.04491745, Emax=29.18276712
realization 99 / 300 ... accepted 99. Emin=2.93032903, Emax=34.27530653
realization 100 / 300 ... accepted 100. Emin=-12.57323003, Emax=17.35567370
realization 101 / 300 ... accepted 101. Emin=-8.98687390, Emax=21.34300212
realization 102 / 300 ... accepted 102. Emin=-0.88477414, Emax=34.53755598
realization 103 / 300 ... accepted 103. Emin=-10.19864347, Emax=21.34145849
realization 104 / 300 ... accepted 104. Emin=-1.10089193, Emax=32.70877204
realization 105 / 300 ... accepted 105. Emin=0.07377062, Emax=35.75668394
realization 106 / 300 ... accepted 106. Emin=-6.29956886, Emax=29.34016911
realization 107 / 300 ... accepted 107. Emin=-6.43200867, Emax=29.45575072
realization 108 / 300 ... accepted 108. Emin=1.41430753, Emax=35.55258207
realization 109 / 300 ... accepted 109. Emin=-1.72875759, Emax=39.25734176
realization 110 / 300 ... accepted 110. Emin=-6.79586864, Emax=24.72173521
realization 111 / 300 ... accepted 111. Emin=-2.18957662, Emax=30.58790735
realization 112 / 300 ... accepted 112. Emin=-15.99636729, Emax=16.55519795
realization 113 / 300 ... accepted 113. Emin=6.96661150, Emax=36.97209113
realization 114 / 300 ... accepted 114. Emin=-3.75683390, Emax=31.25119339
realization 115 / 300 ... accepted 115. Emin=-7.89544976, Emax=25.12553478
realization 116 / 300 ... accepted 116. Emin=-16.02045600, Emax=21.89386327
realization 117 / 300 ... accepted 117. Emin=-8.65972040, Emax=19.41625884
realization 118 / 300 ... accepted 118. Emin=-8.77463756, Emax=23.13521917
realization 119 / 300 ... accepted 119. Emin=-4.73378710, Emax=27.40728927
realization 120 / 300 ... accepted 120. Emin=-8.52392479, Emax=28.55476826
realization 121 / 300 ... accepted 121. Emin=-4.10304766, Emax=34.36515400
realization 122 / 300 ... accepted 122. Emin=0.01031887, Emax=31.07884141
realization 123 / 300 ... accepted 123. Emin=-14.85000675, Emax=23.77010812
realization 124 / 300 ... accepted 124. Emin=1.71083950, Emax=37.14227475
realization 125 / 300 ... accepted 125. Emin=-6.44165991, Emax=26.37339528
realization 126 / 300 ... accepted 126. Emin=2.04934297, Emax=34.19796466
realization 127 / 300 ... accepted 127. Emin=-11.65156900, Emax=24.60987166
realization 128 / 300 ... accepted 128. Emin=-10.15719176, Emax=24.47245609
realization 129 / 300 ... accepted 129. Emin=-14.62657014, Emax=15.01839152
realization 130 / 300 ... accepted 130. Emin=-4.77358918, Emax=26.19787833
realization 131 / 300 ... accepted 131. Emin=-1.79987595, Emax=38.91398814
realization 132 / 300 ... accepted 132. Emin=-11.21845165, Emax=22.28946590
realization 133 / 300 ... accepted 133. Emin=0.24525700, Emax=32.89228100
realization 134 / 300 ... accepted 134. Emin=-12.20633198, Emax=23.03062097
realization 135 / 300 ... accepted 135. Emin=-7.05513716, Emax=24.02148291
realization 136 / 300 ... accepted 136. Emin=-10.86214473, Emax=24.29686477
realization 137 / 300 ... accepted 137. Emin=-10.24502032, Emax=20.74250351
realization 138 / 300 ... accepted 138. Emin=-2.39756530, Emax=36.89516823
realization 139 / 300 ... accepted 139. Emin=-11.80826544, Emax=22.92373838
realization 140 / 300 ... accepted 140. Emin=-8.91911482, Emax=33.44552894
realization 141 / 300 ... accepted 141. Emin=-5.36315636, Emax=28.39769522
realization 142 / 300 ... accepted 142. Emin=-2.61331908, Emax=25.49571454
realization 143 / 300 ... accepted 143. Emin=-12.07324563, Emax=25.33570201
realization 144 / 300 ... accepted 144. Emin=-1.08941951, Emax=35.91857842
realization 145 / 300 ... accepted 145. Emin=-2.58748680, Emax=32.15114988
realization 146 / 300 ... accepted 146. Emin=0.10184944, Emax=34.57673564
realization 147 / 300 ... accepted 147. Emin=-10.63535529, Emax=23.41755770
realization 148 / 300 ... accepted 148. Emin=-13.07163921, Emax=23.42053572
realization 149 / 300 ... accepted 149. Emin=-4.51667922, Emax=28.97467755
realization 150 / 300 ... accepted 150. Emin=-8.59838405, Emax=25.14055508
realization 151 / 300 ... accepted 151. Emin=-4.76400261, Emax=30.30176296
realization 152 / 300 ... accepted 152. Emin=-3.96357821, Emax=26.65274845
realization 153 / 300 ... accepted 153. Emin=-5.51079560, Emax=28.32442329
realization 154 / 300 ... accepted 154. Emin=-9.81254932, Emax=27.14069945
realization 155 / 300 ... accepted 155. Emin=1.59391997, Emax=37.55604077
realization 156 / 300 ... accepted 156. Emin=-1.49576662, Emax=34.43768374
realization 157 / 300 ... accepted 157. Emin=3.57369044, Emax=36.51141432
realization 158 / 300 ... accepted 158. Emin=-11.80831324, Emax=21.59741207
realization 159 / 300 ... accepted 159. Emin=-7.90080983, Emax=22.05629199
realization 160 / 300 ... accepted 160. Emin=-2.56938221, Emax=25.51113118
realization 161 / 300 ... accepted 161. Emin=0.91885900, Emax=32.70377602
realization 162 / 300 ... accepted 162. Emin=-10.79444464, Emax=22.22937833
realization 163 / 300 ... accepted 163. Emin=-2.14458692, Emax=36.61479557
realization 164 / 300 ... accepted 164. Emin=1.54978529, Emax=35.62047092
realization 165 / 300 ... accepted 165. Emin=1.75095935, Emax=34.74656561
realization 166 / 300 ... accepted 166. Emin=-9.68609720, Emax=30.97703763
realization 167 / 300 ... accepted 167. Emin=-4.05155710, Emax=36.27167421
realization 168 / 300 ... accepted 168. Emin=6.05444680, Emax=36.88196760
realization 169 / 300 ... accepted 169. Emin=-5.91808700, Emax=30.34430533
realization 170 / 300 ... accepted 170. Emin=-4.02141946, Emax=26.92493467
realization 171 / 300 ... accepted 171. Emin=-4.06934389, Emax=35.95850152
realization 172 / 300 ... accepted 172. Emin=-10.10286245, Emax=23.87799003
realization 173 / 300 ... accepted 173. Emin=-5.30410176, Emax=30.18008848
realization 174 / 300 ... accepted 174. Emin=-11.29499990, Emax=22.17128538
realization 175 / 300 ... accepted 175. Emin=0.94162674, Emax=33.00984923
realization 176 / 300 ... accepted 176. Emin=-4.56571234, Emax=35.70236931
realization 177 / 300 ... accepted 177. Emin=-5.81915986, Emax=37.08592238
realization 178 / 300 ... accepted 178. Emin=-6.44137339, Emax=35.64585942
realization 179 / 300 ... accepted 179. Emin=-1.59975989, Emax=31.26781918
realization 180 / 300 ... accepted 180. Emin=-9.59244360, Emax=20.94783764
realization 181 / 300 ... accepted 181. Emin=-2.37084869, Emax=35.58548731
realization 182 / 300 ... accepted 182. Emin=-5.18162166, Emax=32.97487108
realization 183 / 300 ... accepted 183. Emin=-2.01347081, Emax=35.07835655
realization 184 / 300 ... accepted 184. Emin=-13.06095270, Emax=17.87813389
realization 185 / 300 ... accepted 185. Emin=-3.46521766, Emax=27.32448642
realization 186 / 300 ... accepted 186. Emin=-7.62083261, Emax=27.54593444
realization 187 / 300 ... accepted 187. Emin=4.86658082, Emax=33.97235947
realization 188 / 300 ... accepted 188. Emin=8.79217224, Emax=38.85349955
realization 189 / 300 ... accepted 189. Emin=-5.45182493, Emax=27.11441904
realization 190 / 300 ... accepted 190. Emin=-11.03748099, Emax=28.59750231
realization 191 / 300 ... accepted 191. Emin=-10.55011359, Emax=22.31701594
realization 192 / 300 ... accepted 192. Emin=-5.21274332, Emax=31.42712312
realization 193 / 300 ... accepted 193. Emin=-9.30460428, Emax=28.04858051
realization 194 / 300 ... accepted 194. Emin=-12.27927851, Emax=22.41214382
realization 195 / 300 ... accepted 195. Emin=-7.00451051, Emax=27.53985182
realization 196 / 300 ... accepted 196. Emin=-2.02458772, Emax=31.51904853
realization 197 / 300 ... accepted 197. Emin=4.70647474, Emax=32.58222534
realization 198 / 300 ... accepted 198. Emin=1.07313005, Emax=34.31265968
realization 199 / 300 ... accepted 199. Emin=5.70724735, Emax=34.11139003
realization 200 / 300 ... accepted 200. Emin=-5.42735952, Emax=29.42702922
realization 201 / 300 ... accepted 201. Emin=-8.99810255, Emax=21.78774256
realization 202 / 300 ... accepted 202. Emin=-7.11439867, Emax=28.94968886
realization 203 / 300 ... accepted 203. Emin=3.50742123, Emax=37.89460094
realization 204 / 300 ... accepted 204. Emin=4.26779331, Emax=35.27454242
realization 205 / 300 ... accepted 205. Emin=-5.22215736, Emax=32.63199340
realization 206 / 300 ... accepted 206. Emin=-5.04042448, Emax=29.49801395
realization 207 / 300 ... accepted 207. Emin=-1.91076188, Emax=31.10802985
realization 208 / 300 ... accepted 208. Emin=-11.69462169, Emax=23.22682474
realization 209 / 300 ... accepted 209. Emin=-9.39700898, Emax=28.04475240
realization 210 / 300 ... accepted 210. Emin=-16.48019987, Emax=18.05975491
realization 211 / 300 ... accepted 211. Emin=1.93012227, Emax=39.18129193
realization 212 / 300 ... accepted 212. Emin=0.92592025, Emax=36.31294859
realization 213 / 300 ... accepted 213. Emin=-7.97578036, Emax=23.48182926
realization 214 / 300 ... accepted 214. Emin=-7.82073749, Emax=29.96541717
realization 215 / 300 ... accepted 215. Emin=-10.70797906, Emax=25.69478294
realization 216 / 300 ... accepted 216. Emin=-12.85155050, Emax=22.76544552
realization 217 / 300 ... accepted 217. Emin=-10.53153863, Emax=22.38469962
realization 218 / 300 ... accepted 218. Emin=-4.20259260, Emax=35.42651749
realization 219 / 300 ... accepted 219. Emin=1.94891045, Emax=37.82921803
realization 220 / 300 ... accepted 220. Emin=-2.81323219, Emax=34.48201891
realization 221 / 300 ... accepted 221. Emin=-4.19767862, Emax=36.33645309
realization 222 / 300 ... accepted 222. Emin=-10.72594861, Emax=29.89172599
realization 223 / 300 ... accepted 223. Emin=-10.63783867, Emax=24.39414476
realization 224 / 300 ... accepted 224. Emin=-6.29540575, Emax=28.81600747
realization 225 / 300 ... accepted 225. Emin=-5.88795507, Emax=27.44733857
realization 226 / 300 ... accepted 226. Emin=0.58177547, Emax=34.83506304
realization 227 / 300 ... accepted 227. Emin=0.65868915, Emax=41.90487808
realization 228 / 300 ... accepted 228. Emin=-9.49779135, Emax=30.13585392
realization 229 / 300 ... accepted 229. Emin=-8.00664930, Emax=27.82653761
realization 230 / 300 ... accepted 230. Emin=-10.22289757, Emax=24.64722727
realization 231 / 300 ... accepted 231. Emin=6.04570625, Emax=35.86301586
realization 232 / 300 ... accepted 232. Emin=3.30391303, Emax=38.65624975
realization 233 / 300 ... accepted 233. Emin=2.49698921, Emax=30.18715145
realization 234 / 300 ... accepted 234. Emin=-10.32293830, Emax=25.72747099
realization 235 / 300 ... accepted 235. Emin=-4.33700738, Emax=38.51928929
realization 236 / 300 ... accepted 236. Emin=-3.44242882, Emax=39.84956195
realization 237 / 300 ... accepted 237. Emin=1.25525307, Emax=34.31742227
realization 238 / 300 ... accepted 238. Emin=-12.64395648, Emax=15.80698777
realization 239 / 300 ... accepted 239. Emin=-4.92458576, Emax=28.69202048
realization 240 / 300 ... accepted 240. Emin=3.02806236, Emax=36.57785900
realization 241 / 300 ... accepted 241. Emin=-4.23625990, Emax=27.98814163
realization 242 / 300 ... accepted 242. Emin=-21.36287882, Emax=6.01702910
realization 243 / 300 ... accepted 243. Emin=-11.63921038, Emax=19.12713203
realization 244 / 300 ... accepted 244. Emin=-0.09429714, Emax=32.56367754
realization 245 / 300 ... accepted 245. Emin=3.03016284, Emax=38.50379653
realization 246 / 300 ... accepted 246. Emin=-4.63459770, Emax=29.31820058
realization 247 / 300 ... accepted 247. Emin=-9.48516321, Emax=22.27251627
realization 248 / 300 ... accepted 248. Emin=-0.22263644, Emax=31.57041173
realization 249 / 300 ... accepted 249. Emin=-3.17044146, Emax=31.40865755
realization 250 / 300 ... accepted 250. Emin=2.94431141, Emax=34.14444309
realization 251 / 300 ... accepted 251. Emin=-3.85061829, Emax=31.16393864
realization 252 / 300 ... accepted 252. Emin=-5.87627098, Emax=31.28488739
realization 253 / 300 ... accepted 253. Emin=-5.96225215, Emax=27.19210852
realization 254 / 300 ... accepted 254. Emin=-7.75407989, Emax=30.41500599
realization 255 / 300 ... accepted 255. Emin=2.34222590, Emax=34.44402345
realization 256 / 300 ... accepted 256. Emin=0.30310137, Emax=36.51827172
realization 257 / 300 ... accepted 257. Emin=-3.10528220, Emax=28.22721765
realization 258 / 300 ... accepted 258. Emin=-6.19187552, Emax=27.36259767
realization 259 / 300 ... accepted 259. Emin=-8.58175974, Emax=33.22876991
realization 260 / 300 ... accepted 260. Emin=-7.45992097, Emax=35.16869443
realization 261 / 300 ... accepted 261. Emin=-15.46707038, Emax=12.10308902
realization 262 / 300 ... accepted 262. Emin=-1.14007650, Emax=35.12613173
realization 263 / 300 ... accepted 263. Emin=-16.78434189, Emax=13.32965846
realization 264 / 300 ... accepted 264. Emin=-7.30881707, Emax=34.75753182
realization 265 / 300 ... accepted 265. Emin=0.80225648, Emax=32.78196740
realization 266 / 300 ... accepted 266. Emin=-1.34188803, Emax=32.05032699
realization 267 / 300 ... accepted 267. Emin=-1.46832680, Emax=33.57804952
realization 268 / 300 ... accepted 268. Emin=-6.08601254, Emax=25.59951623
realization 269 / 300 ... accepted 269. Emin=-4.30653771, Emax=32.13372965
realization 270 / 300 ... accepted 270. Emin=-0.02948554, Emax=30.29321547
realization 271 / 300 ... accepted 271. Emin=2.64435589, Emax=35.31302521
realization 272 / 300 ... accepted 272. Emin=-7.16117986, Emax=26.63672407
realization 273 / 300 ... accepted 273. Emin=-2.39669403, Emax=29.47442149
realization 274 / 300 ... accepted 274. Emin=-11.97097337, Emax=17.71762906
realization 275 / 300 ... accepted 275. Emin=-15.86117016, Emax=15.05946300
realization 276 / 300 ... accepted 276. Emin=-6.85184752, Emax=26.82172881
realization 277 / 300 ... accepted 277. Emin=-8.89576145, Emax=24.18162127
realization 278 / 300 ... accepted 278. Emin=-13.55790337, Emax=24.49097267
realization 279 / 300 ... accepted 279. Emin=-0.05636108, Emax=37.21084571
realization 280 / 300 ... accepted 280. Emin=-2.46672902, Emax=30.59268415
realization 281 / 300 ... accepted 281. Emin=-7.78953037, Emax=23.41101658
realization 282 / 300 ... accepted 282. Emin=-2.32019156, Emax=27.09453154
realization 283 / 300 ... accepted 283. Emin=-4.10133441, Emax=34.75620819
realization 284 / 300 ... accepted 284. Emin=2.88936489, Emax=37.76143805
realization 285 / 300 ... accepted 285. Emin=-1.98832131, Emax=25.03243721
realization 286 / 300 ... accepted 286. Emin=-11.21216349, Emax=30.37044960
realization 287 / 300 ... accepted 287. Emin=-7.49012123, Emax=24.35245407
realization 288 / 300 ... accepted 288. Emin=-2.76009459, Emax=28.38622093
realization 289 / 300 ... accepted 289. Emin=-12.87098493, Emax=19.61758018
realization 290 / 300 ... accepted 290. Emin=-11.30280894, Emax=24.44091441
realization 291 / 300 ... accepted 291. Emin=-8.00798008, Emax=24.22231110
realization 292 / 300 ... accepted 292. Emin=-10.79834529, Emax=21.63410879
realization 293 / 300 ... accepted 293. Emin=8.06086843, Emax=38.06661829
realization 294 / 300 ... accepted 294. Emin=-5.65391816, Emax=36.81230302
realization 295 / 300 ... accepted 295. Emin=-4.17064090, Emax=32.64686125
realization 296 / 300 ... accepted 296. Emin=-3.17353738, Emax=31.32051069
realization 297 / 300 ... accepted 297. Emin=-14.37696431, Emax=18.95092416
realization 298 / 300 ... accepted 298. Emin=-3.82440632, Emax=38.72890656
realization 299 / 300 ... accepted 299. Emin=-9.87315868, Emax=26.58050862
realization 300 / 300 ... accepted 300. Emin=-3.01095009, Emax=32.10086837
Saved final energies: /home/2/kj405942/POLFED_bosons/pbs_bose_legacy_nmax2_periodic/data/U_3/W_4/L_6/N_6_nmax_2/boundary_periodic/energies_full_U3_L6_N6_nmax2_W4_boundaryperiodic_nreal300.txt
Accepted realizations: 300 / 300
Skipped realizations: 0
Job finished at Sun May 31 18:00:34 UTC 2026
