Job started on w19 at Sun May 31 17:58:58 UTC 2026
PBS_JOBID=7731329.kruk-host.ift-klaster.lan
PBS_O_WORKDIR=/home/2/kj405942/POLFED_bosons
Bose-Hubbard: L=6, N=6, nmax=2, dim=141
t=1, U=3, W=5, nreal=300, boundary=periodic, mode=full
Writing partial results to /home/2/kj405942/POLFED_bosons/pbs_bose_legacy_nmax2_periodic/data/U_3/W_5/L_6/N_6_nmax_2/boundary_periodic/energies_full_U3_L6_N6_nmax2_W5_boundaryperiodic_nreal300_partial.txt
realization 1 / 300 ... accepted 1. Emin=10.97616886, Emax=39.95941101
realization 2 / 300 ... accepted 2. Emin=0.67037521, Emax=31.04588292
realization 3 / 300 ... accepted 3. Emin=-18.24474646, Emax=14.54973609
realization 4 / 300 ... accepted 4. Emin=3.58234287, Emax=40.95617838
realization 5 / 300 ... accepted 5. Emin=-7.01785424, Emax=37.63186880
realization 6 / 300 ... accepted 6. Emin=-4.94568367, Emax=29.33490243
realization 7 / 300 ... accepted 7. Emin=-12.67715553, Emax=30.69688534
realization 8 / 300 ... accepted 8. Emin=2.34746060, Emax=33.53846352
realization 9 / 300 ... accepted 9. Emin=-5.05668203, Emax=30.79795904
realization 10 / 300 ... accepted 10. Emin=0.54345058, Emax=39.32367336
realization 11 / 300 ... accepted 11. Emin=-10.26326723, Emax=22.22181617
realization 12 / 300 ... accepted 12. Emin=7.54786991, Emax=47.03106405
realization 13 / 300 ... accepted 13. Emin=-5.53314836, Emax=36.89632586
realization 14 / 300 ... accepted 14. Emin=-6.92861915, Emax=31.77849399
realization 15 / 300 ... accepted 15. Emin=-11.53743947, Emax=20.29990105
realization 16 / 300 ... accepted 16. Emin=-5.42405888, Emax=30.50356844
realization 17 / 300 ... accepted 17. Emin=-16.37794051, Emax=22.71595319
realization 18 / 300 ... accepted 18. Emin=-10.69919654, Emax=24.09720300
realization 19 / 300 ... accepted 19. Emin=4.30219652, Emax=33.26309765
realization 20 / 300 ... accepted 20. Emin=-12.08153590, Emax=27.18277020
realization 21 / 300 ... accepted 21. Emin=-9.71076918, Emax=28.64461302
realization 22 / 300 ... accepted 22. Emin=-11.51216179, Emax=26.38515820
realization 23 / 300 ... accepted 23. Emin=-6.83646811, Emax=29.44188285
realization 24 / 300 ... accepted 24. Emin=-9.19585522, Emax=33.09550161
realization 25 / 300 ... accepted 25. Emin=-11.24056365, Emax=20.77308151
realization 26 / 300 ... accepted 26. Emin=0.82974565, Emax=32.13179512
realization 27 / 300 ... accepted 27. Emin=-3.83523840, Emax=28.02433266
realization 28 / 300 ... accepted 28. Emin=10.13020595, Emax=45.83011303
realization 29 / 300 ... accepted 29. Emin=-6.93992054, Emax=26.08037524
realization 30 / 300 ... accepted 30. Emin=-2.60547856, Emax=33.47826422
realization 31 / 300 ... accepted 31. Emin=-0.39269088, Emax=42.26981579
realization 32 / 300 ... accepted 32. Emin=-12.46519853, Emax=17.83853243
realization 33 / 300 ... accepted 33. Emin=-0.80904316, Emax=37.54340812
realization 34 / 300 ... accepted 34. Emin=-13.23287706, Emax=26.65501875
realization 35 / 300 ... accepted 35. Emin=-11.69842433, Emax=28.69978081
realization 36 / 300 ... accepted 36. Emin=-2.37977851, Emax=43.72485450
realization 37 / 300 ... accepted 37. Emin=-12.74832078, Emax=34.18826151
realization 38 / 300 ... accepted 38. Emin=-2.55940891, Emax=36.73227724
realization 39 / 300 ... accepted 39. Emin=-5.44810290, Emax=36.06719063
realization 40 / 300 ... accepted 40. Emin=-2.95439846, Emax=34.50354274
realization 41 / 300 ... accepted 41. Emin=-15.31519986, Emax=18.37853191
realization 42 / 300 ... accepted 42. Emin=-11.53948491, Emax=28.97003260
realization 43 / 300 ... accepted 43. Emin=0.10508118, Emax=40.54102997
realization 44 / 300 ... accepted 44. Emin=-15.18157552, Emax=25.89493463
realization 45 / 300 ... accepted 45. Emin=8.22838041, Emax=43.74202306
realization 46 / 300 ... accepted 46. Emin=-2.45418748, Emax=41.09099812
realization 47 / 300 ... accepted 47. Emin=-16.18771012, Emax=12.93266753
realization 48 / 300 ... accepted 48. Emin=-14.28050250, Emax=23.15381111
realization 49 / 300 ... accepted 49. Emin=-16.50126226, Emax=23.91489767
realization 50 / 300 ... accepted 50. Emin=5.76463075, Emax=40.68799672
realization 51 / 300 ... accepted 51. Emin=-11.55144170, Emax=23.29586011
realization 52 / 300 ... accepted 52. Emin=-2.25553549, Emax=36.66887854
realization 53 / 300 ... accepted 53. Emin=-2.37618970, Emax=24.62540595
realization 54 / 300 ... accepted 54. Emin=-13.52739011, Emax=27.96037921
realization 55 / 300 ... accepted 55. Emin=-4.90427217, Emax=26.07217102
realization 56 / 300 ... accepted 56. Emin=-12.08589291, Emax=29.01164237
realization 57 / 300 ... accepted 57. Emin=-11.05761323, Emax=26.66151518
realization 58 / 300 ... accepted 58. Emin=-5.21311123, Emax=32.25349865
realization 59 / 300 ... accepted 59. Emin=1.34267544, Emax=40.81174915
realization 60 / 300 ... accepted 60. Emin=-7.17667692, Emax=37.71460456
realization 61 / 300 ... accepted 61. Emin=-10.13711344, Emax=36.54789682
realization 62 / 300 ... accepted 62. Emin=1.54850950, Emax=35.29889241
realization 63 / 300 ... accepted 63. Emin=-5.07703447, Emax=31.81388517
realization 64 / 300 ... accepted 64. Emin=-13.94196325, Emax=17.52074715
realization 65 / 300 ... accepted 65. Emin=-19.48683077, Emax=16.55770994
realization 66 / 300 ... accepted 66. Emin=-7.90217845, Emax=24.04023828
realization 67 / 300 ... accepted 67. Emin=-10.54385178, Emax=26.63377475
realization 68 / 300 ... accepted 68. Emin=-10.93679446, Emax=21.01228843
realization 69 / 300 ... accepted 69. Emin=-6.31585620, Emax=30.11725935
realization 70 / 300 ... accepted 70. Emin=-5.85153556, Emax=38.95504581
realization 71 / 300 ... accepted 71. Emin=-16.99363028, Emax=17.09880558
realization 72 / 300 ... accepted 72. Emin=1.27938908, Emax=42.54507244
realization 73 / 300 ... accepted 73. Emin=-20.61118459, Emax=22.29284074
realization 74 / 300 ... accepted 74. Emin=-12.37291649, Emax=23.49797900
realization 75 / 300 ... accepted 75. Emin=-4.44727208, Emax=35.22989054
realization 76 / 300 ... accepted 76. Emin=3.69854306, Emax=44.02654079
realization 77 / 300 ... accepted 77. Emin=-4.28117761, Emax=32.92636532
realization 78 / 300 ... accepted 78. Emin=-18.56792363, Emax=19.39817697
realization 79 / 300 ... accepted 79. Emin=-13.25180178, Emax=25.45165738
realization 80 / 300 ... accepted 80. Emin=-5.74423131, Emax=37.78036916
realization 81 / 300 ... accepted 81. Emin=1.82259570, Emax=41.07104095
realization 82 / 300 ... accepted 82. Emin=-17.15189453, Emax=15.43885234
realization 83 / 300 ... accepted 83. Emin=-5.93762860, Emax=29.83604951
realization 84 / 300 ... accepted 84. Emin=-7.99577432, Emax=24.05589352
realization 85 / 300 ... accepted 85. Emin=-4.28908766, Emax=40.88644392
realization 86 / 300 ... accepted 86. Emin=4.44034048, Emax=45.81603049
realization 87 / 300 ... accepted 87. Emin=-10.45714053, Emax=24.02843539
realization 88 / 300 ... accepted 88. Emin=-11.81314883, Emax=29.60851450
realization 89 / 300 ... accepted 89. Emin=-1.01906385, Emax=39.10287495
realization 90 / 300 ... accepted 90. Emin=-7.09381119, Emax=25.61669659
realization 91 / 300 ... accepted 91. Emin=-1.81453866, Emax=34.28862219
realization 92 / 300 ... accepted 92. Emin=0.00624747, Emax=39.32739019
realization 93 / 300 ... accepted 93. Emin=-13.17727754, Emax=28.36325665
realization 94 / 300 ... accepted 94. Emin=-17.01028225, Emax=15.72394559
realization 95 / 300 ... accepted 95. Emin=-10.39020615, Emax=26.38143747
realization 96 / 300 ... accepted 96. Emin=-2.43796330, Emax=34.53795903
realization 97 / 300 ... accepted 97. Emin=-16.86639077, Emax=22.61955470
realization 98 / 300 ... accepted 98. Emin=-12.30152058, Emax=34.60687752
realization 99 / 300 ... accepted 99. Emin=-12.24743293, Emax=27.33165111
realization 100 / 300 ... accepted 100. Emin=-19.50480299, Emax=13.58244580
realization 101 / 300 ... accepted 101. Emin=3.13154243, Emax=38.24789517
realization 102 / 300 ... accepted 102. Emin=4.48468495, Emax=41.08229178
realization 103 / 300 ... accepted 103. Emin=-15.52345070, Emax=22.74837642
realization 104 / 300 ... accepted 104. Emin=-14.56593113, Emax=25.21620107
realization 105 / 300 ... accepted 105. Emin=2.92898829, Emax=36.60536012
realization 106 / 300 ... accepted 106. Emin=-13.99989764, Emax=22.27324369
realization 107 / 300 ... accepted 107. Emin=-8.31293895, Emax=41.11033381
realization 108 / 300 ... accepted 108. Emin=0.92128976, Emax=40.18579261
realization 109 / 300 ... accepted 109. Emin=-8.49523048, Emax=34.88332709
realization 110 / 300 ... accepted 110. Emin=-1.03887626, Emax=37.52379470
realization 111 / 300 ... accepted 111. Emin=-6.63922949, Emax=38.48078874
realization 112 / 300 ... accepted 112. Emin=-16.77740400, Emax=18.28306280
realization 113 / 300 ... accepted 113. Emin=-2.17081567, Emax=28.94066227
realization 114 / 300 ... accepted 114. Emin=-10.00143634, Emax=27.33514503
realization 115 / 300 ... accepted 115. Emin=-10.49188912, Emax=33.49486819
realization 116 / 300 ... accepted 116. Emin=-4.26831526, Emax=32.83935492
realization 117 / 300 ... accepted 117. Emin=-8.93745332, Emax=34.08945941
realization 118 / 300 ... accepted 118. Emin=3.87016021, Emax=45.75694975
realization 119 / 300 ... accepted 119. Emin=-10.49914689, Emax=25.40128949
realization 120 / 300 ... accepted 120. Emin=-9.95312118, Emax=30.39186872
realization 121 / 300 ... accepted 121. Emin=-19.42559346, Emax=9.17156512
realization 122 / 300 ... accepted 122. Emin=-14.97276739, Emax=25.30014443
realization 123 / 300 ... accepted 123. Emin=-16.71743927, Emax=18.51644550
realization 124 / 300 ... accepted 124. Emin=-10.66163905, Emax=32.88034300
realization 125 / 300 ... accepted 125. Emin=-7.88600848, Emax=26.64629547
realization 126 / 300 ... accepted 126. Emin=-3.25604786, Emax=34.29234441
realization 127 / 300 ... accepted 127. Emin=7.04601515, Emax=43.24227798
realization 128 / 300 ... accepted 128. Emin=-22.34741638, Emax=15.02651661
realization 129 / 300 ... accepted 129. Emin=-3.76494769, Emax=29.80470553
realization 130 / 300 ... accepted 130. Emin=3.67284328, Emax=39.26103620
realization 131 / 300 ... accepted 131. Emin=2.16655296, Emax=37.08246507
realization 132 / 300 ... accepted 132. Emin=-5.04952135, Emax=32.94114272
realization 133 / 300 ... accepted 133. Emin=-0.02364465, Emax=40.04125395
realization 134 / 300 ... accepted 134. Emin=-16.29878098, Emax=9.98642648
realization 135 / 300 ... accepted 135. Emin=-8.85717140, Emax=39.51406753
realization 136 / 300 ... accepted 136. Emin=-15.04527216, Emax=26.23903625
realization 137 / 300 ... accepted 137. Emin=-12.19336112, Emax=24.05242585
realization 138 / 300 ... accepted 138. Emin=-19.38247042, Emax=18.77495193
realization 139 / 300 ... accepted 139. Emin=-24.41446818, Emax=9.22199184
realization 140 / 300 ... accepted 140. Emin=-6.51473113, Emax=30.14218886
realization 141 / 300 ... accepted 141. Emin=-6.01300693, Emax=32.95594538
realization 142 / 300 ... accepted 142. Emin=-9.27056479, Emax=32.91552568
realization 143 / 300 ... accepted 143. Emin=-16.60991516, Emax=27.60164399
realization 144 / 300 ... accepted 144. Emin=-0.28013254, Emax=39.41663331
realization 145 / 300 ... accepted 145. Emin=-4.67329413, Emax=41.00963209
realization 146 / 300 ... accepted 146. Emin=-9.36072718, Emax=25.54935182
realization 147 / 300 ... accepted 147. Emin=-9.95662860, Emax=25.59584712
realization 148 / 300 ... accepted 148. Emin=1.07980756, Emax=33.46834580
realization 149 / 300 ... accepted 149. Emin=-1.79797326, Emax=38.69653476
realization 150 / 300 ... accepted 150. Emin=1.75870217, Emax=32.20411697
realization 151 / 300 ... accepted 151. Emin=-3.34544340, Emax=35.15692373
realization 152 / 300 ... accepted 152. Emin=-10.38455473, Emax=26.17460847
realization 153 / 300 ... accepted 153. Emin=-3.99051252, Emax=41.66275634
realization 154 / 300 ... accepted 154. Emin=-0.66565589, Emax=30.60422726
realization 155 / 300 ... accepted 155. Emin=-4.63713061, Emax=25.59720009
realization 156 / 300 ... accepted 156. Emin=-4.94638087, Emax=24.62253071
realization 157 / 300 ... accepted 157. Emin=-3.31462821, Emax=32.96179922
realization 158 / 300 ... accepted 158. Emin=-2.36189511, Emax=33.30076725
realization 159 / 300 ... accepted 159. Emin=-5.40505749, Emax=35.30297135
realization 160 / 300 ... accepted 160. Emin=0.01292160, Emax=37.98857912
realization 161 / 300 ... accepted 161. Emin=-1.74696748, Emax=37.15750329
realization 162 / 300 ... accepted 162. Emin=-1.73911732, Emax=36.62373132
realization 163 / 300 ... accepted 163. Emin=-16.20322961, Emax=13.96103703
realization 164 / 300 ... accepted 164. Emin=-14.79190078, Emax=26.65472304
realization 165 / 300 ... accepted 165. Emin=-10.99661518, Emax=25.66126331
realization 166 / 300 ... accepted 166. Emin=-2.79234105, Emax=34.20000546
realization 167 / 300 ... accepted 167. Emin=-12.77144567, Emax=26.56907906
realization 168 / 300 ... accepted 168. Emin=5.37159533, Emax=38.51545475
realization 169 / 300 ... accepted 169. Emin=-11.53300932, Emax=27.56661723
realization 170 / 300 ... accepted 170. Emin=-2.58029561, Emax=32.84756440
realization 171 / 300 ... accepted 171. Emin=-15.15620950, Emax=28.30405129
realization 172 / 300 ... accepted 172. Emin=-7.50603643, Emax=42.13776820
realization 173 / 300 ... accepted 173. Emin=2.81490465, Emax=40.79490042
realization 174 / 300 ... accepted 174. Emin=-20.06277336, Emax=11.77515802
realization 175 / 300 ... accepted 175. Emin=-14.54364298, Emax=26.64455721
realization 176 / 300 ... accepted 176. Emin=-18.51801098, Emax=20.09057067
realization 177 / 300 ... accepted 177. Emin=-18.83332361, Emax=21.86600030
realization 178 / 300 ... accepted 178. Emin=-7.12051476, Emax=35.85112930
realization 179 / 300 ... accepted 179. Emin=-9.85593470, Emax=20.77058632
realization 180 / 300 ... accepted 180. Emin=-6.21844303, Emax=27.98231623
realization 181 / 300 ... accepted 181. Emin=0.79173802, Emax=43.94093320
realization 182 / 300 ... accepted 182. Emin=-2.62318069, Emax=37.68537969
realization 183 / 300 ... accepted 183. Emin=2.36525669, Emax=35.30987405
realization 184 / 300 ... accepted 184. Emin=8.41046433, Emax=38.52602241
realization 185 / 300 ... accepted 185. Emin=-3.14533400, Emax=32.74427057
realization 186 / 300 ... accepted 186. Emin=-0.78648042, Emax=37.82051746
realization 187 / 300 ... accepted 187. Emin=-3.47809052, Emax=36.17558633
realization 188 / 300 ... accepted 188. Emin=-4.73080664, Emax=35.17411696
realization 189 / 300 ... accepted 189. Emin=-4.09505826, Emax=29.55053181
realization 190 / 300 ... accepted 190. Emin=-3.53394996, Emax=36.78377811
realization 191 / 300 ... accepted 191. Emin=-7.87083329, Emax=30.32859952
realization 192 / 300 ... accepted 192. Emin=-2.11646146, Emax=38.62284981
realization 193 / 300 ... accepted 193. Emin=-18.47831346, Emax=20.98413286
realization 194 / 300 ... accepted 194. Emin=10.59901070, Emax=45.46843736
realization 195 / 300 ... accepted 195. Emin=-7.24889707, Emax=29.14926633
realization 196 / 300 ... accepted 196. Emin=1.71847152, Emax=41.95447506
realization 197 / 300 ... accepted 197. Emin=-11.09738914, Emax=20.69306020
realization 198 / 300 ... accepted 198. Emin=-12.14401255, Emax=17.83183874
realization 199 / 300 ... accepted 199. Emin=2.57203960, Emax=38.61639843
realization 200 / 300 ... accepted 200. Emin=2.77134804, Emax=38.82813989
realization 201 / 300 ... accepted 201. Emin=-7.80610358, Emax=39.05152245
realization 202 / 300 ... accepted 202. Emin=-11.75107984, Emax=25.00024121
realization 203 / 300 ... accepted 203. Emin=-7.30997438, Emax=33.96962305
realization 204 / 300 ... accepted 204. Emin=4.67732097, Emax=41.74304831
realization 205 / 300 ... accepted 205. Emin=3.83157634, Emax=42.45840993
realization 206 / 300 ... accepted 206. Emin=-13.25752619, Emax=18.45758180
realization 207 / 300 ... accepted 207. Emin=-7.35043125, Emax=36.67648549
realization 208 / 300 ... accepted 208. Emin=-13.98896763, Emax=30.84827850
realization 209 / 300 ... accepted 209. Emin=-10.16230678, Emax=30.77782090
realization 210 / 300 ... accepted 210. Emin=-10.68940585, Emax=29.22659266
realization 211 / 300 ... accepted 211. Emin=-9.38389098, Emax=21.27451589
realization 212 / 300 ... accepted 212. Emin=-6.67039589, Emax=36.53831435
realization 213 / 300 ... accepted 213. Emin=-8.11924600, Emax=36.50576581
realization 214 / 300 ... accepted 214. Emin=-13.35603580, Emax=25.63075574
realization 215 / 300 ... accepted 215. Emin=-7.84678128, Emax=32.12092978
realization 216 / 300 ... accepted 216. Emin=-14.55344167, Emax=17.26733467
realization 217 / 300 ... accepted 217. Emin=-12.62935773, Emax=24.02209101
realization 218 / 300 ... accepted 218. Emin=5.24668410, Emax=32.33663408
realization 219 / 300 ... accepted 219. Emin=2.87672671, Emax=44.29553625
realization 220 / 300 ... accepted 220. Emin=-14.07020897, Emax=31.36463215
realization 221 / 300 ... accepted 221. Emin=-10.35833087, Emax=27.29034796
realization 222 / 300 ... accepted 222. Emin=-5.49619382, Emax=33.24647241
realization 223 / 300 ... accepted 223. Emin=-4.17240609, Emax=33.41114352
realization 224 / 300 ... accepted 224. Emin=-23.88035726, Emax=14.07349905
realization 225 / 300 ... accepted 225. Emin=-13.16705679, Emax=23.15574362
realization 226 / 300 ... accepted 226. Emin=-12.44948111, Emax=25.68838158
realization 227 / 300 ... accepted 227. Emin=1.97539224, Emax=42.77369490
realization 228 / 300 ... accepted 228. Emin=-16.10896294, Emax=30.70281256
realization 229 / 300 ... accepted 229. Emin=-1.19942489, Emax=36.38022678
realization 230 / 300 ... accepted 230. Emin=-16.32234981, Emax=27.40980635
realization 231 / 300 ... accepted 231. Emin=-12.94800296, Emax=26.92388219
realization 232 / 300 ... accepted 232. Emin=0.64413795, Emax=40.02422202
realization 233 / 300 ... accepted 233. Emin=-8.30068701, Emax=30.35985650
realization 234 / 300 ... accepted 234. Emin=1.28342591, Emax=44.08776419
realization 235 / 300 ... accepted 235. Emin=4.65599565, Emax=39.83508464
realization 236 / 300 ... accepted 236. Emin=-10.04038611, Emax=27.94296974
realization 237 / 300 ... accepted 237. Emin=-14.24873978, Emax=26.40563540
realization 238 / 300 ... accepted 238. Emin=0.48366534, Emax=37.47133054
realization 239 / 300 ... accepted 239. Emin=-8.03707752, Emax=29.46062836
realization 240 / 300 ... accepted 240. Emin=-11.11507714, Emax=19.22303392
realization 241 / 300 ... accepted 241. Emin=-9.26844788, Emax=29.43643775
realization 242 / 300 ... accepted 242. Emin=-6.76285544, Emax=33.51571796
realization 243 / 300 ... accepted 243. Emin=-4.28848139, Emax=34.07182777
realization 244 / 300 ... accepted 244. Emin=-16.77970833, Emax=29.53802426
realization 245 / 300 ... accepted 245. Emin=-12.44063844, Emax=23.36527293
realization 246 / 300 ... accepted 246. Emin=1.39341158, Emax=46.41869360
realization 247 / 300 ... accepted 247. Emin=-8.20399545, Emax=26.93377066
realization 248 / 300 ... accepted 248. Emin=-13.06145416, Emax=26.93397771
realization 249 / 300 ... accepted 249. Emin=-15.60862790, Emax=29.00075488
realization 250 / 300 ... accepted 250. Emin=-14.76505717, Emax=26.23899463
realization 251 / 300 ... accepted 251. Emin=-4.62757193, Emax=38.46198584
realization 252 / 300 ... accepted 252. Emin=-8.90577228, Emax=31.64466275
realization 253 / 300 ... accepted 253. Emin=-12.80676424, Emax=30.11508705
realization 254 / 300 ... accepted 254. Emin=-12.44034013, Emax=15.54324580
realization 255 / 300 ... accepted 255. Emin=-2.58432970, Emax=39.10063589
realization 256 / 300 ... accepted 256. Emin=0.08612879, Emax=32.22508469
realization 257 / 300 ... accepted 257. Emin=-8.75190534, Emax=36.67216152
realization 258 / 300 ... accepted 258. Emin=-4.31469572, Emax=27.81958089
realization 259 / 300 ... accepted 259. Emin=-5.02315603, Emax=34.31543800
realization 260 / 300 ... accepted 260. Emin=-12.81047376, Emax=28.57460259
realization 261 / 300 ... accepted 261. Emin=-13.93403100, Emax=29.77078764
realization 262 / 300 ... accepted 262. Emin=-8.73399646, Emax=32.13312431
realization 263 / 300 ... accepted 263. Emin=-11.07206395, Emax=28.84900276
realization 264 / 300 ... accepted 264. Emin=-2.23439106, Emax=39.43621930
realization 265 / 300 ... accepted 265. Emin=-18.95778659, Emax=17.02012545
realization 266 / 300 ... accepted 266. Emin=-14.89281429, Emax=19.16463936
realization 267 / 300 ... accepted 267. Emin=-9.84918605, Emax=24.91964471
realization 268 / 300 ... accepted 268. Emin=12.51738078, Emax=40.52054978
realization 269 / 300 ... accepted 269. Emin=-5.54178626, Emax=29.52420029
realization 270 / 300 ... accepted 270. Emin=-14.59927870, Emax=26.76966411
realization 271 / 300 ... accepted 271. Emin=-5.64217794, Emax=21.20157876
realization 272 / 300 ... accepted 272. Emin=-12.39040891, Emax=21.22367302
realization 273 / 300 ... accepted 273. Emin=-5.01649992, Emax=42.68135986
realization 274 / 300 ... accepted 274. Emin=-11.04475309, Emax=32.97685697
realization 275 / 300 ... accepted 275. Emin=-3.42105974, Emax=28.29987385
realization 276 / 300 ... accepted 276. Emin=-11.31549665, Emax=31.44554117
realization 277 / 300 ... accepted 277. Emin=-4.84310786, Emax=30.94976278
realization 278 / 300 ... accepted 278. Emin=-11.50310634, Emax=42.49817067
realization 279 / 300 ... accepted 279. Emin=-14.98133319, Emax=33.21153967
realization 280 / 300 ... accepted 280. Emin=-4.56447262, Emax=27.14323984
realization 281 / 300 ... accepted 281. Emin=1.74791582, Emax=38.96925291
realization 282 / 300 ... accepted 282. Emin=-2.39981326, Emax=33.43860408
realization 283 / 300 ... accepted 283. Emin=-2.97963765, Emax=27.45642925
realization 284 / 300 ... accepted 284. Emin=-11.67341597, Emax=30.30214824
realization 285 / 300 ... accepted 285. Emin=-14.11991392, Emax=15.94143338
realization 286 / 300 ... accepted 286. Emin=6.07341844, Emax=40.84378620
realization 287 / 300 ... accepted 287. Emin=-7.02587532, Emax=36.55584768
realization 288 / 300 ... accepted 288. Emin=17.35309530, Emax=47.09893173
realization 289 / 300 ... accepted 289. Emin=-11.41739253, Emax=22.94704215
realization 290 / 300 ... accepted 290. Emin=-8.88876617, Emax=30.15019388
realization 291 / 300 ... accepted 291. Emin=-3.65899107, Emax=31.43954902
realization 292 / 300 ... accepted 292. Emin=8.57843524, Emax=43.65977554
realization 293 / 300 ... accepted 293. Emin=-2.55129404, Emax=33.37038899
realization 294 / 300 ... accepted 294. Emin=-17.99946835, Emax=10.36943227
realization 295 / 300 ... accepted 295. Emin=-18.46933767, Emax=13.45377288
realization 296 / 300 ... accepted 296. Emin=-11.50845869, Emax=29.94607028
realization 297 / 300 ... accepted 297. Emin=-3.10947234, Emax=33.58721929
realization 298 / 300 ... accepted 298. Emin=-4.47341411, Emax=30.47639448
realization 299 / 300 ... accepted 299. Emin=-8.97070137, Emax=24.74789695
realization 300 / 300 ... accepted 300. Emin=-9.79737299, Emax=40.99719044
Saved final energies: /home/2/kj405942/POLFED_bosons/pbs_bose_legacy_nmax2_periodic/data/U_3/W_5/L_6/N_6_nmax_2/boundary_periodic/energies_full_U3_L6_N6_nmax2_W5_boundaryperiodic_nreal300.txt
Accepted realizations: 300 / 300
Skipped realizations: 0
Job finished at Sun May 31 18:00:33 UTC 2026
