Job started on w20 at Sun May 31 17:56:43 UTC 2026
PBS_JOBID=7731336.kruk-host.ift-klaster.lan
PBS_O_WORKDIR=/home/2/kj405942/POLFED_bosons
Bose-Hubbard: L=6, N=6, nmax=2, dim=141
t=1, U=3, W=12, nreal=300, boundary=periodic, mode=full
Writing partial results to /home/2/kj405942/POLFED_bosons/pbs_bose_legacy_nmax2_periodic/data/U_3/W_12/L_6/N_6_nmax_2/boundary_periodic/energies_full_U3_L6_N6_nmax2_W12_boundaryperiodic_nreal300_partial.txt
realization 1 / 300 ... accepted 1. Emin=-2.42034449, Emax=55.18077723
realization 2 / 300 ... accepted 2. Emin=-38.29444250, Emax=18.13590325
realization 3 / 300 ... accepted 3. Emin=2.93597104, Emax=48.01153998
realization 4 / 300 ... accepted 4. Emin=-45.33411775, Emax=45.30066128
realization 5 / 300 ... accepted 5. Emin=-49.54226100, Emax=32.12344874
realization 6 / 300 ... accepted 6. Emin=-43.86485152, Emax=26.75298028
realization 7 / 300 ... accepted 7. Emin=2.96207524, Emax=59.27725757
realization 8 / 300 ... accepted 8. Emin=-31.78741489, Emax=38.22822159
realization 9 / 300 ... accepted 9. Emin=-21.39615720, Emax=24.73265819
realization 10 / 300 ... accepted 10. Emin=-28.04201708, Emax=50.26071794
realization 11 / 300 ... accepted 11. Emin=23.08465047, Emax=84.63646762
realization 12 / 300 ... accepted 12. Emin=22.35065043, Emax=80.90948502
realization 13 / 300 ... accepted 13. Emin=-41.36772962, Emax=40.55064447
realization 14 / 300 ... accepted 14. Emin=-39.53999811, Emax=46.31635357
realization 15 / 300 ... accepted 15. Emin=-29.38017299, Emax=50.08342210
realization 16 / 300 ... accepted 16. Emin=-31.85845909, Emax=14.80302255
realization 17 / 300 ... accepted 17. Emin=-12.07194160, Emax=44.73757401
realization 18 / 300 ... accepted 18. Emin=-27.69065319, Emax=43.16383193
realization 19 / 300 ... accepted 19. Emin=-9.12186312, Emax=60.00611883
realization 20 / 300 ... accepted 20. Emin=-28.78069676, Emax=45.84214287
realization 21 / 300 ... accepted 21. Emin=-35.95415610, Emax=53.14675727
realization 22 / 300 ... accepted 22. Emin=-27.86140243, Emax=61.75633979
realization 23 / 300 ... accepted 23. Emin=26.19248578, Emax=81.29324276
realization 24 / 300 ... accepted 24. Emin=-23.21406682, Emax=41.16683129
realization 25 / 300 ... accepted 25. Emin=-22.65281055, Emax=58.99965930
realization 26 / 300 ... accepted 26. Emin=-6.53475781, Emax=40.41965272
realization 27 / 300 ... accepted 27. Emin=-44.93475125, Emax=-8.82965623
realization 28 / 300 ... accepted 28. Emin=-21.84690386, Emax=52.49031419
realization 29 / 300 ... accepted 29. Emin=7.30496135, Emax=65.27384935
realization 30 / 300 ... accepted 30. Emin=-7.84408274, Emax=83.89413730
realization 31 / 300 ... accepted 31. Emin=-17.69669586, Emax=55.23321693
realization 32 / 300 ... accepted 32. Emin=-7.00557583, Emax=39.70437934
realization 33 / 300 ... accepted 33. Emin=0.56507019, Emax=62.59112939
realization 34 / 300 ... accepted 34. Emin=11.26764197, Emax=72.28065721
realization 35 / 300 ... accepted 35. Emin=-26.50704589, Emax=58.22077757
realization 36 / 300 ... accepted 36. Emin=-36.25138240, Emax=32.64863675
realization 37 / 300 ... accepted 37. Emin=-15.95888999, Emax=56.33449081
realization 38 / 300 ... accepted 38. Emin=-13.48589254, Emax=70.20581897
realization 39 / 300 ... accepted 39. Emin=-26.27264977, Emax=74.37417032
realization 40 / 300 ... accepted 40. Emin=-15.82429020, Emax=53.51719763
realization 41 / 300 ... accepted 41. Emin=-11.57049139, Emax=52.92888162
realization 42 / 300 ... accepted 42. Emin=-11.88184865, Emax=45.25357742
realization 43 / 300 ... accepted 43. Emin=-41.33806852, Emax=31.25311688
realization 44 / 300 ... accepted 44. Emin=-34.83157168, Emax=48.47650511
realization 45 / 300 ... accepted 45. Emin=-36.59192583, Emax=19.61718152
realization 46 / 300 ... accepted 46. Emin=41.75501800, Emax=85.92675734
realization 47 / 300 ... accepted 47. Emin=-37.75703379, Emax=6.80379447
realization 48 / 300 ... accepted 48. Emin=-26.49951050, Emax=30.22521357
realization 49 / 300 ... accepted 49. Emin=-28.50727375, Emax=21.34289673
realization 50 / 300 ... accepted 50. Emin=-11.59699803, Emax=37.89433969
realization 51 / 300 ... accepted 51. Emin=-19.77002096, Emax=30.43713118
realization 52 / 300 ... accepted 52. Emin=-38.89587524, Emax=20.92209422
realization 53 / 300 ... accepted 53. Emin=-36.00785420, Emax=50.27479535
realization 54 / 300 ... accepted 54. Emin=-20.56168882, Emax=38.02472764
realization 55 / 300 ... accepted 55. Emin=-0.97965878, Emax=57.18025719
realization 56 / 300 ... accepted 56. Emin=-17.09580010, Emax=53.39284886
realization 57 / 300 ... accepted 57. Emin=-21.24455502, Emax=50.42473136
realization 58 / 300 ... accepted 58. Emin=-2.09396493, Emax=43.92769429
realization 59 / 300 ... accepted 59. Emin=-42.52354690, Emax=10.58428118
realization 60 / 300 ... accepted 60. Emin=-32.97492137, Emax=67.06782005
realization 61 / 300 ... accepted 61. Emin=-57.48580584, Emax=-25.61452928
realization 62 / 300 ... accepted 62. Emin=-27.22990317, Emax=32.89208682
realization 63 / 300 ... accepted 63. Emin=22.25833257, Emax=77.91514869
realization 64 / 300 ... accepted 64. Emin=-11.08635075, Emax=62.39551941
realization 65 / 300 ... accepted 65. Emin=1.52616880, Emax=45.85848584
realization 66 / 300 ... accepted 66. Emin=-34.67138249, Emax=18.80586927
realization 67 / 300 ... accepted 67. Emin=-36.55222827, Emax=36.94165729
realization 68 / 300 ... accepted 68. Emin=12.12998769, Emax=60.60996317
realization 69 / 300 ... accepted 69. Emin=-18.48809390, Emax=74.93090096
realization 70 / 300 ... accepted 70. Emin=14.44141029, Emax=60.41923965
realization 71 / 300 ... accepted 71. Emin=8.77114009, Emax=59.64249121
realization 72 / 300 ... accepted 72. Emin=-28.85264232, Emax=60.04705066
realization 73 / 300 ... accepted 73. Emin=-13.63633798, Emax=61.04908150
realization 74 / 300 ... accepted 74. Emin=7.10286652, Emax=69.47598114
realization 75 / 300 ... accepted 75. Emin=-17.12708218, Emax=70.58562834
realization 76 / 300 ... accepted 76. Emin=-23.43729666, Emax=43.04406292
realization 77 / 300 ... accepted 77. Emin=-23.75405358, Emax=65.32750928
realization 78 / 300 ... accepted 78. Emin=11.70728453, Emax=62.69333912
realization 79 / 300 ... accepted 79. Emin=-7.35885632, Emax=49.21336288
realization 80 / 300 ... accepted 80. Emin=-24.98940671, Emax=56.02642617
realization 81 / 300 ... accepted 81. Emin=-4.72206664, Emax=86.61851683
realization 82 / 300 ... accepted 82. Emin=-37.80119459, Emax=49.97315878
realization 83 / 300 ... accepted 83. Emin=-23.71224117, Emax=40.61837076
realization 84 / 300 ... accepted 84. Emin=-31.51973736, Emax=41.31535503
realization 85 / 300 ... accepted 85. Emin=-28.89362162, Emax=30.38447645
realization 86 / 300 ... accepted 86. Emin=-24.64495860, Emax=69.51387339
realization 87 / 300 ... accepted 87. Emin=-48.81573344, Emax=32.34746689
realization 88 / 300 ... accepted 88. Emin=-37.81486014, Emax=26.39104658
realization 89 / 300 ... accepted 89. Emin=-14.28517271, Emax=42.58818860
realization 90 / 300 ... accepted 90. Emin=-9.39459078, Emax=51.63952748
realization 91 / 300 ... accepted 91. Emin=-15.16590946, Emax=58.99552658
realization 92 / 300 ... accepted 92. Emin=-43.54225429, Emax=34.79335588
realization 93 / 300 ... accepted 93. Emin=-1.49966399, Emax=63.66612809
realization 94 / 300 ... accepted 94. Emin=-9.28947619, Emax=68.91230828
realization 95 / 300 ... accepted 95. Emin=-42.06171296, Emax=22.86089430
realization 96 / 300 ... accepted 96. Emin=-7.71789520, Emax=47.59092064
realization 97 / 300 ... accepted 97. Emin=-22.66676007, Emax=46.51658154
realization 98 / 300 ... accepted 98. Emin=-29.85038752, Emax=71.60098718
realization 99 / 300 ... accepted 99. Emin=-1.10639281, Emax=64.21993119
realization 100 / 300 ... accepted 100. Emin=-32.88633647, Emax=21.52189650
realization 101 / 300 ... accepted 101. Emin=-3.05285372, Emax=65.35994410
realization 102 / 300 ... accepted 102. Emin=-36.13551501, Emax=48.82945701
realization 103 / 300 ... accepted 103. Emin=-22.72827080, Emax=35.47470004
realization 104 / 300 ... accepted 104. Emin=-14.23868947, Emax=75.52370946
realization 105 / 300 ... accepted 105. Emin=-19.99486153, Emax=80.73969714
realization 106 / 300 ... accepted 106. Emin=-10.35419275, Emax=76.41183722
realization 107 / 300 ... accepted 107. Emin=-33.23543005, Emax=55.41162613
realization 108 / 300 ... accepted 108. Emin=-18.73380824, Emax=25.37959951
realization 109 / 300 ... accepted 109. Emin=-18.27252837, Emax=58.77526543
realization 110 / 300 ... accepted 110. Emin=-22.46978017, Emax=84.48297749
realization 111 / 300 ... accepted 111. Emin=0.74663282, Emax=59.63838527
realization 112 / 300 ... accepted 112. Emin=-50.18412586, Emax=18.86495642
realization 113 / 300 ... accepted 113. Emin=-15.06322273, Emax=53.38672466
realization 114 / 300 ... accepted 114. Emin=-2.31174375, Emax=67.73873263
realization 115 / 300 ... accepted 115. Emin=-28.05101026, Emax=32.42749802
realization 116 / 300 ... accepted 116. Emin=-41.65920443, Emax=34.29444058
realization 117 / 300 ... accepted 117. Emin=-4.13551434, Emax=46.38913696
realization 118 / 300 ... accepted 118. Emin=-23.94826514, Emax=40.37165809
realization 119 / 300 ... accepted 119. Emin=-5.76445464, Emax=72.33374130
realization 120 / 300 ... accepted 120. Emin=-23.35351528, Emax=64.35287722
realization 121 / 300 ... accepted 121. Emin=0.07159839, Emax=68.67186666
realization 122 / 300 ... accepted 122. Emin=-15.25116236, Emax=60.66493951
realization 123 / 300 ... accepted 123. Emin=35.04811018, Emax=73.22399172
realization 124 / 300 ... accepted 124. Emin=-25.26222479, Emax=39.69338789
realization 125 / 300 ... accepted 125. Emin=12.73164852, Emax=60.10777915
realization 126 / 300 ... accepted 126. Emin=-43.46271118, Emax=16.21056401
realization 127 / 300 ... accepted 127. Emin=-20.98527180, Emax=59.74209887
realization 128 / 300 ... accepted 128. Emin=-41.97084226, Emax=52.90373738
realization 129 / 300 ... accepted 129. Emin=7.60782806, Emax=77.59533590
realization 130 / 300 ... accepted 130. Emin=-13.00596611, Emax=52.44370865
realization 131 / 300 ... accepted 131. Emin=-7.27157697, Emax=64.79363402
realization 132 / 300 ... accepted 132. Emin=-17.89208818, Emax=57.09480969
realization 133 / 300 ... accepted 133. Emin=-15.03311284, Emax=79.06237942
realization 134 / 300 ... accepted 134. Emin=-21.67411528, Emax=49.49461170
realization 135 / 300 ... accepted 135. Emin=-18.29643266, Emax=44.80387451
realization 136 / 300 ... accepted 136. Emin=-36.95238488, Emax=57.06925258
realization 137 / 300 ... accepted 137. Emin=-30.74012917, Emax=31.17338663
realization 138 / 300 ... accepted 138. Emin=-28.64328798, Emax=28.55492938
realization 139 / 300 ... accepted 139. Emin=-38.75802646, Emax=16.12505571
realization 140 / 300 ... accepted 140. Emin=-20.49597609, Emax=36.50351455
realization 141 / 300 ... accepted 141. Emin=-39.97166517, Emax=45.61490336
realization 142 / 300 ... accepted 142. Emin=-31.82363045, Emax=40.58255427
realization 143 / 300 ... accepted 143. Emin=-36.85137661, Emax=45.85937189
realization 144 / 300 ... accepted 144. Emin=-5.31338127, Emax=53.97632017
realization 145 / 300 ... accepted 145. Emin=-19.63110402, Emax=45.20397550
realization 146 / 300 ... accepted 146. Emin=-14.31066404, Emax=68.23522895
realization 147 / 300 ... accepted 147. Emin=-35.55264875, Emax=37.57980440
realization 148 / 300 ... accepted 148. Emin=-25.20415721, Emax=51.59243060
realization 149 / 300 ... accepted 149. Emin=4.48075384, Emax=72.59274467
realization 150 / 300 ... accepted 150. Emin=-26.69297614, Emax=41.74561768
realization 151 / 300 ... accepted 151. Emin=-38.06997367, Emax=27.84173998
realization 152 / 300 ... accepted 152. Emin=14.10482726, Emax=62.82341109
realization 153 / 300 ... accepted 153. Emin=-34.11850561, Emax=55.62140976
realization 154 / 300 ... accepted 154. Emin=21.05263796, Emax=85.89592141
realization 155 / 300 ... accepted 155. Emin=-41.97458260, Emax=5.95881110
realization 156 / 300 ... accepted 156. Emin=-19.73276121, Emax=65.41215197
realization 157 / 300 ... accepted 157. Emin=-4.86072163, Emax=48.46671791
realization 158 / 300 ... accepted 158. Emin=-11.16786903, Emax=54.48628135
realization 159 / 300 ... accepted 159. Emin=6.37904150, Emax=77.56323763
realization 160 / 300 ... accepted 160. Emin=-42.19957901, Emax=41.29208044
realization 161 / 300 ... accepted 161. Emin=-10.34325456, Emax=58.73918518
realization 162 / 300 ... accepted 162. Emin=-0.45174737, Emax=58.05378821
realization 163 / 300 ... accepted 163. Emin=-2.34499337, Emax=68.42661002
realization 164 / 300 ... accepted 164. Emin=-15.58977104, Emax=64.94014047
realization 165 / 300 ... accepted 165. Emin=-5.39566081, Emax=50.38941038
realization 166 / 300 ... accepted 166. Emin=-15.89472938, Emax=77.56307940
realization 167 / 300 ... accepted 167. Emin=-58.49073834, Emax=-6.52455469
realization 168 / 300 ... accepted 168. Emin=-30.83361200, Emax=45.41934512
realization 169 / 300 ... accepted 169. Emin=-12.61601703, Emax=63.24299817
realization 170 / 300 ... accepted 170. Emin=-17.81691571, Emax=54.63218130
realization 171 / 300 ... accepted 171. Emin=-21.56436999, Emax=76.54338383
realization 172 / 300 ... accepted 172. Emin=-38.69068308, Emax=64.07692302
realization 173 / 300 ... accepted 173. Emin=-34.17136407, Emax=34.73441119
realization 174 / 300 ... accepted 174. Emin=-20.60221373, Emax=65.16918194
realization 175 / 300 ... accepted 175. Emin=-35.73676954, Emax=37.97884956
realization 176 / 300 ... accepted 176. Emin=-16.93457297, Emax=42.83248632
realization 177 / 300 ... accepted 177. Emin=-33.40286874, Emax=33.42370612
realization 178 / 300 ... accepted 178. Emin=-32.72560203, Emax=29.26930013
realization 179 / 300 ... accepted 179. Emin=-13.07668759, Emax=74.62309622
realization 180 / 300 ... accepted 180. Emin=-38.12163727, Emax=38.73977660
realization 181 / 300 ... accepted 181. Emin=1.19408294, Emax=51.07589301
realization 182 / 300 ... accepted 182. Emin=1.47850149, Emax=70.35068664
realization 183 / 300 ... accepted 183. Emin=-2.31107957, Emax=70.42501223
realization 184 / 300 ... accepted 184. Emin=-54.97599458, Emax=4.55597806
realization 185 / 300 ... accepted 185. Emin=-28.00170692, Emax=50.88827779
realization 186 / 300 ... accepted 186. Emin=-9.28986227, Emax=49.60090504
realization 187 / 300 ... accepted 187. Emin=23.50911630, Emax=83.25501877
realization 188 / 300 ... accepted 188. Emin=-41.70207946, Emax=6.85867563
realization 189 / 300 ... accepted 189. Emin=11.08386158, Emax=65.50222044
realization 190 / 300 ... accepted 190. Emin=7.71790927, Emax=70.32643993
realization 191 / 300 ... accepted 191. Emin=-38.33411241, Emax=44.77250843
realization 192 / 300 ... accepted 192. Emin=-26.62176887, Emax=30.26943736
realization 193 / 300 ... accepted 193. Emin=-35.30128349, Emax=48.31535138
realization 194 / 300 ... accepted 194. Emin=-12.78588333, Emax=50.48124018
realization 195 / 300 ... accepted 195. Emin=4.90532912, Emax=57.78419507
realization 196 / 300 ... accepted 196. Emin=-5.89586166, Emax=64.91899505
realization 197 / 300 ... accepted 197. Emin=-37.26199563, Emax=55.82798488
realization 198 / 300 ... accepted 198. Emin=-26.69130471, Emax=66.20267954
realization 199 / 300 ... accepted 199. Emin=-21.73137981, Emax=35.21115795
realization 200 / 300 ... accepted 200. Emin=-52.27018408, Emax=-12.10809281
realization 201 / 300 ... accepted 201. Emin=-32.79842070, Emax=58.65932143
realization 202 / 300 ... accepted 202. Emin=-54.26190750, Emax=3.37816881
realization 203 / 300 ... accepted 203. Emin=16.32109223, Emax=78.24624448
realization 204 / 300 ... accepted 204. Emin=17.98681026, Emax=76.86193963
realization 205 / 300 ... accepted 205. Emin=1.64368648, Emax=66.67557374
realization 206 / 300 ... accepted 206. Emin=-42.30455929, Emax=37.90977208
realization 207 / 300 ... accepted 207. Emin=-14.27820017, Emax=63.89717701
realization 208 / 300 ... accepted 208. Emin=1.92281489, Emax=59.54511623
realization 209 / 300 ... accepted 209. Emin=-13.19507895, Emax=30.86084580
realization 210 / 300 ... accepted 210. Emin=27.07005023, Emax=74.55317065
realization 211 / 300 ... accepted 211. Emin=-16.02169888, Emax=52.98867139
realization 212 / 300 ... accepted 212. Emin=-29.49432594, Emax=27.45975521
realization 213 / 300 ... accepted 213. Emin=-47.55570493, Emax=58.19388125
realization 214 / 300 ... accepted 214. Emin=-33.72688600, Emax=42.57813223
realization 215 / 300 ... accepted 215. Emin=15.99412965, Emax=67.57108309
realization 216 / 300 ... accepted 216. Emin=-2.06231956, Emax=74.86909432
realization 217 / 300 ... accepted 217. Emin=7.64032971, Emax=65.25735617
realization 218 / 300 ... accepted 218. Emin=-36.23789992, Emax=21.88550631
realization 219 / 300 ... accepted 219. Emin=-18.29090467, Emax=63.20288372
realization 220 / 300 ... accepted 220. Emin=2.72726202, Emax=64.03503076
realization 221 / 300 ... accepted 221. Emin=-20.31033235, Emax=40.47672339
realization 222 / 300 ... accepted 222. Emin=-16.20633405, Emax=48.34789335
realization 223 / 300 ... accepted 223. Emin=12.58204513, Emax=51.13570147
realization 224 / 300 ... accepted 224. Emin=-44.60339629, Emax=15.85607321
realization 225 / 300 ... accepted 225. Emin=-40.17175545, Emax=25.10753267
realization 226 / 300 ... accepted 226. Emin=1.97742357, Emax=71.99582503
realization 227 / 300 ... accepted 227. Emin=14.18109241, Emax=72.75059226
realization 228 / 300 ... accepted 228. Emin=6.58574880, Emax=69.30252388
realization 229 / 300 ... accepted 229. Emin=-54.55716620, Emax=0.49890856
realization 230 / 300 ... accepted 230. Emin=-14.95307736, Emax=49.32970177
realization 231 / 300 ... accepted 231. Emin=-11.77147805, Emax=74.08115525
realization 232 / 300 ... accepted 232. Emin=-13.85687168, Emax=56.36190971
realization 233 / 300 ... accepted 233. Emin=-34.93950187, Emax=27.96066101
realization 234 / 300 ... accepted 234. Emin=-25.36438880, Emax=40.19765563
realization 235 / 300 ... accepted 235. Emin=-44.30858095, Emax=1.35609163
realization 236 / 300 ... accepted 236. Emin=-23.30375781, Emax=35.07354169
realization 237 / 300 ... accepted 237. Emin=-32.69065971, Emax=43.06687444
realization 238 / 300 ... accepted 238. Emin=3.32384084, Emax=61.12890765
realization 239 / 300 ... accepted 239. Emin=-46.93675854, Emax=29.88668484
realization 240 / 300 ... accepted 240. Emin=-10.08795510, Emax=43.67246382
realization 241 / 300 ... accepted 241. Emin=-11.76612607, Emax=43.21703272
realization 242 / 300 ... accepted 242. Emin=-10.49913232, Emax=40.14984883
realization 243 / 300 ... accepted 243. Emin=-31.61065577, Emax=49.96531441
realization 244 / 300 ... accepted 244. Emin=-12.58840912, Emax=73.37013890
realization 245 / 300 ... accepted 245. Emin=-29.62864737, Emax=25.85580995
realization 246 / 300 ... accepted 246. Emin=-34.88118442, Emax=26.03415816
realization 247 / 300 ... accepted 247. Emin=-21.31840731, Emax=32.21572321
realization 248 / 300 ... accepted 248. Emin=-7.23301065, Emax=47.64879258
realization 249 / 300 ... accepted 249. Emin=-23.04743137, Emax=63.69986952
realization 250 / 300 ... accepted 250. Emin=-2.67924281, Emax=40.92715905
realization 251 / 300 ... accepted 251. Emin=0.70627793, Emax=62.79109035
realization 252 / 300 ... accepted 252. Emin=-43.30613387, Emax=-5.02105386
realization 253 / 300 ... accepted 253. Emin=-26.69455811, Emax=38.50121569
realization 254 / 300 ... accepted 254. Emin=-8.59471595, Emax=61.75006307
realization 255 / 300 ... accepted 255. Emin=-13.44662302, Emax=55.00108876
realization 256 / 300 ... accepted 256. Emin=1.45742120, Emax=64.25525994
realization 257 / 300 ... accepted 257. Emin=-29.27034865, Emax=41.87255499
realization 258 / 300 ... accepted 258. Emin=-36.03880423, Emax=36.40987636
realization 259 / 300 ... accepted 259. Emin=-35.45054487, Emax=83.44565040
realization 260 / 300 ... accepted 260. Emin=-28.51640627, Emax=17.37304459
realization 261 / 300 ... accepted 261. Emin=-31.31487091, Emax=47.27915480
realization 262 / 300 ... accepted 262. Emin=-22.85833172, Emax=40.05142971
realization 263 / 300 ... accepted 263. Emin=-10.88142665, Emax=71.44133434
realization 264 / 300 ... accepted 264. Emin=-8.79608195, Emax=61.51062047
realization 265 / 300 ... accepted 265. Emin=-12.01954986, Emax=56.55714199
realization 266 / 300 ... accepted 266. Emin=2.36611112, Emax=70.98349723
realization 267 / 300 ... accepted 267. Emin=-1.00578963, Emax=73.49853840
realization 268 / 300 ... accepted 268. Emin=-14.51765275, Emax=73.29217088
realization 269 / 300 ... accepted 269. Emin=-12.87781218, Emax=61.34395444
realization 270 / 300 ... accepted 270. Emin=-41.82455679, Emax=58.44937069
realization 271 / 300 ... accepted 271. Emin=-6.95503478, Emax=48.50058360
realization 272 / 300 ... accepted 272. Emin=-20.29171040, Emax=45.03665394
realization 273 / 300 ... accepted 273. Emin=-20.35610813, Emax=56.55001197
realization 274 / 300 ... accepted 274. Emin=3.38968106, Emax=57.66663889
realization 275 / 300 ... accepted 275. Emin=-14.99279408, Emax=55.47287682
realization 276 / 300 ... accepted 276. Emin=-27.02245253, Emax=38.27560722
realization 277 / 300 ... accepted 277. Emin=-36.08770680, Emax=24.71759240
realization 278 / 300 ... accepted 278. Emin=-45.59168197, Emax=34.05656709
realization 279 / 300 ... accepted 279. Emin=-47.91384804, Emax=31.00370370
realization 280 / 300 ... accepted 280. Emin=-3.58621155, Emax=64.37396809
realization 281 / 300 ... accepted 281. Emin=-1.70693139, Emax=45.77294204
realization 282 / 300 ... accepted 282. Emin=-37.93540559, Emax=27.53066358
realization 283 / 300 ... accepted 283. Emin=16.62629921, Emax=70.12754163
realization 284 / 300 ... accepted 284. Emin=-20.32594227, Emax=51.03503645
realization 285 / 300 ... accepted 285. Emin=-37.55970190, Emax=21.14225997
realization 286 / 300 ... accepted 286. Emin=-14.23007124, Emax=56.42631658
realization 287 / 300 ... accepted 287. Emin=-16.08254793, Emax=58.35705819
realization 288 / 300 ... accepted 288. Emin=-33.34793658, Emax=31.27792543
realization 289 / 300 ... accepted 289. Emin=31.11103379, Emax=66.16864328
realization 290 / 300 ... accepted 290. Emin=2.10646241, Emax=55.30502491
realization 291 / 300 ... accepted 291. Emin=3.84203863, Emax=45.52698729
realization 292 / 300 ... accepted 292. Emin=5.61310202, Emax=54.46147294
realization 293 / 300 ... accepted 293. Emin=-36.90277158, Emax=2.36460833
realization 294 / 300 ... accepted 294. Emin=-5.81194803, Emax=71.04855016
realization 295 / 300 ... accepted 295. Emin=-37.25640537, Emax=38.03012303
realization 296 / 300 ... accepted 296. Emin=-28.76992372, Emax=28.42998092
realization 297 / 300 ... accepted 297. Emin=-16.21337935, Emax=25.54707477
realization 298 / 300 ... accepted 298. Emin=-20.79885146, Emax=38.18650020
realization 299 / 300 ... accepted 299. Emin=-33.54282798, Emax=10.23537383
realization 300 / 300 ... accepted 300. Emin=13.86147446, Emax=61.93746445
Saved final energies: /home/2/kj405942/POLFED_bosons/pbs_bose_legacy_nmax2_periodic/data/U_3/W_12/L_6/N_6_nmax_2/boundary_periodic/energies_full_U3_L6_N6_nmax2_W12_boundaryperiodic_nreal300.txt
Accepted realizations: 300 / 300
Skipped realizations: 0
Job finished at Sun May 31 17:58:19 UTC 2026
