Job started on w20 at Sun May 31 17:56:42 UTC 2026
PBS_JOBID=7731332.kruk-host.ift-klaster.lan
PBS_O_WORKDIR=/home/2/kj405942/POLFED_bosons
Bose-Hubbard: L=6, N=6, nmax=2, dim=141
t=1, U=3, W=8, nreal=300, boundary=periodic, mode=full
Writing partial results to /home/2/kj405942/POLFED_bosons/pbs_bose_legacy_nmax2_periodic/data/U_3/W_8/L_6/N_6_nmax_2/boundary_periodic/energies_full_U3_L6_N6_nmax2_W8_boundaryperiodic_nreal300_partial.txt
realization 1 / 300 ... accepted 1. Emin=-30.06552560, Emax=11.69057723
realization 2 / 300 ... accepted 2. Emin=-3.56306454, Emax=37.79000251
realization 3 / 300 ... accepted 3. Emin=-7.15719362, Emax=42.08765255
realization 4 / 300 ... accepted 4. Emin=-7.13006102, Emax=28.62344124
realization 5 / 300 ... accepted 5. Emin=-11.25284391, Emax=43.48181172
realization 6 / 300 ... accepted 6. Emin=-1.68423582, Emax=37.16175766
realization 7 / 300 ... accepted 7. Emin=-10.92287086, Emax=34.46219058
realization 8 / 300 ... accepted 8. Emin=-21.66272641, Emax=46.33469362
realization 9 / 300 ... accepted 9. Emin=-29.85195940, Emax=16.65195326
realization 10 / 300 ... accepted 10. Emin=-10.64704482, Emax=44.13335151
realization 11 / 300 ... accepted 11. Emin=-31.41754862, Emax=12.50486574
realization 12 / 300 ... accepted 12. Emin=-13.89089782, Emax=35.68065651
realization 13 / 300 ... accepted 13. Emin=-16.06844001, Emax=40.43695535
realization 14 / 300 ... accepted 14. Emin=-31.48648507, Emax=26.24493470
realization 15 / 300 ... accepted 15. Emin=3.14263650, Emax=47.57958175
realization 16 / 300 ... accepted 16. Emin=-7.52680530, Emax=39.65598287
realization 17 / 300 ... accepted 17. Emin=-2.65052745, Emax=48.00558761
realization 18 / 300 ... accepted 18. Emin=-16.15789537, Emax=31.15406110
realization 19 / 300 ... accepted 19. Emin=-24.02540195, Emax=32.48681334
realization 20 / 300 ... accepted 20. Emin=-14.31696886, Emax=47.73985918
realization 21 / 300 ... accepted 21. Emin=-11.99601763, Emax=30.83035753
realization 22 / 300 ... accepted 22. Emin=-23.50686978, Emax=32.90829615
realization 23 / 300 ... accepted 23. Emin=-6.30544664, Emax=46.96113613
realization 24 / 300 ... accepted 24. Emin=-10.07388898, Emax=60.93379510
realization 25 / 300 ... accepted 25. Emin=-3.08214121, Emax=48.36645460
realization 26 / 300 ... accepted 26. Emin=-12.69667682, Emax=53.57558954
realization 27 / 300 ... accepted 27. Emin=-21.29419401, Emax=22.97849596
realization 28 / 300 ... accepted 28. Emin=-21.08746805, Emax=46.30005596
realization 29 / 300 ... accepted 29. Emin=0.49260871, Emax=37.54541065
realization 30 / 300 ... accepted 30. Emin=-10.56488584, Emax=35.74806959
realization 31 / 300 ... accepted 31. Emin=-2.59034161, Emax=41.70513657
realization 32 / 300 ... accepted 32. Emin=-16.47599049, Emax=28.19980888
realization 33 / 300 ... accepted 33. Emin=4.61644709, Emax=50.30945213
realization 34 / 300 ... accepted 34. Emin=-3.79196737, Emax=56.62722120
realization 35 / 300 ... accepted 35. Emin=-8.10391328, Emax=48.38298039
realization 36 / 300 ... accepted 36. Emin=-36.07093226, Emax=13.42360916
realization 37 / 300 ... accepted 37. Emin=-15.08751600, Emax=36.42065910
realization 38 / 300 ... accepted 38. Emin=-10.00417828, Emax=40.09473898
realization 39 / 300 ... accepted 39. Emin=10.22197098, Emax=54.35862072
realization 40 / 300 ... accepted 40. Emin=-15.51366737, Emax=32.14173016
realization 41 / 300 ... accepted 41. Emin=-9.91287028, Emax=37.68653074
realization 42 / 300 ... accepted 42. Emin=-11.90312588, Emax=54.86954074
realization 43 / 300 ... accepted 43. Emin=-7.13828067, Emax=48.85879630
realization 44 / 300 ... accepted 44. Emin=-16.98783848, Emax=38.92955654
realization 45 / 300 ... accepted 45. Emin=-27.03283204, Emax=31.42220880
realization 46 / 300 ... accepted 46. Emin=-15.66426757, Emax=42.03747336
realization 47 / 300 ... accepted 47. Emin=0.04746409, Emax=43.61114315
realization 48 / 300 ... accepted 48. Emin=-14.27555546, Emax=40.54614525
realization 49 / 300 ... accepted 49. Emin=5.71873460, Emax=37.68370390
realization 50 / 300 ... accepted 50. Emin=-29.02440020, Emax=18.67882101
realization 51 / 300 ... accepted 51. Emin=-18.36183892, Emax=42.08985709
realization 52 / 300 ... accepted 52. Emin=-14.41087929, Emax=27.14073508
realization 53 / 300 ... accepted 53. Emin=7.52251380, Emax=54.28117033
realization 54 / 300 ... accepted 54. Emin=13.48082674, Emax=53.31264727
realization 55 / 300 ... accepted 55. Emin=-11.21373187, Emax=37.13202264
realization 56 / 300 ... accepted 56. Emin=-8.43836110, Emax=39.55090389
realization 57 / 300 ... accepted 57. Emin=-8.93414674, Emax=40.35659972
realization 58 / 300 ... accepted 58. Emin=-2.94127849, Emax=49.39735448
realization 59 / 300 ... accepted 59. Emin=-34.61754200, Emax=4.49104028
realization 60 / 300 ... accepted 60. Emin=10.75499986, Emax=43.35405232
realization 61 / 300 ... accepted 61. Emin=-22.58088311, Emax=27.24683602
realization 62 / 300 ... accepted 62. Emin=-24.23062652, Emax=22.04866658
realization 63 / 300 ... accepted 63. Emin=-13.35922633, Emax=39.52209442
realization 64 / 300 ... accepted 64. Emin=-28.88336042, Emax=6.55033117
realization 65 / 300 ... accepted 65. Emin=-9.95760728, Emax=43.87908766
realization 66 / 300 ... accepted 66. Emin=-9.10834819, Emax=45.18474319
realization 67 / 300 ... accepted 67. Emin=-19.28436343, Emax=35.08273786
realization 68 / 300 ... accepted 68. Emin=-13.29443425, Emax=33.50785105
realization 69 / 300 ... accepted 69. Emin=-25.87461737, Emax=12.00269252
realization 70 / 300 ... accepted 70. Emin=-5.89727983, Emax=47.93631779
realization 71 / 300 ... accepted 71. Emin=12.89131900, Emax=51.70160240
realization 72 / 300 ... accepted 72. Emin=-10.94579895, Emax=33.64609417
realization 73 / 300 ... accepted 73. Emin=-3.54656242, Emax=38.20465597
realization 74 / 300 ... accepted 74. Emin=-10.67255397, Emax=41.78965898
realization 75 / 300 ... accepted 75. Emin=-5.21904808, Emax=52.05514804
realization 76 / 300 ... accepted 76. Emin=-0.21096200, Emax=52.38432625
realization 77 / 300 ... accepted 77. Emin=-18.29031915, Emax=43.53506014
realization 78 / 300 ... accepted 78. Emin=-18.85133064, Emax=36.93367265
realization 79 / 300 ... accepted 79. Emin=10.84078335, Emax=56.80828910
realization 80 / 300 ... accepted 80. Emin=1.33480574, Emax=55.93806684
realization 81 / 300 ... accepted 81. Emin=-23.23926804, Emax=37.69157033
realization 82 / 300 ... accepted 82. Emin=-24.44380997, Emax=27.82112190
realization 83 / 300 ... accepted 83. Emin=-8.90336537, Emax=54.92809957
realization 84 / 300 ... accepted 84. Emin=-22.56727433, Emax=27.04685740
realization 85 / 300 ... accepted 85. Emin=3.57559689, Emax=51.41343466
realization 86 / 300 ... accepted 86. Emin=-15.13127087, Emax=49.02759500
realization 87 / 300 ... accepted 87. Emin=4.03230450, Emax=52.72013280
realization 88 / 300 ... accepted 88. Emin=0.42745822, Emax=48.41738116
realization 89 / 300 ... accepted 89. Emin=-10.32613906, Emax=31.27104513
realization 90 / 300 ... accepted 90. Emin=-21.83882321, Emax=18.74664306
realization 91 / 300 ... accepted 91. Emin=-26.87291986, Emax=8.46301296
realization 92 / 300 ... accepted 92. Emin=20.24003801, Emax=60.00271175
realization 93 / 300 ... accepted 93. Emin=-18.81692312, Emax=23.62152174
realization 94 / 300 ... accepted 94. Emin=-21.11263931, Emax=27.24663883
realization 95 / 300 ... accepted 95. Emin=-14.47139830, Emax=26.88650908
realization 96 / 300 ... accepted 96. Emin=-13.98675789, Emax=28.46181462
realization 97 / 300 ... accepted 97. Emin=-4.98646514, Emax=45.79361885
realization 98 / 300 ... accepted 98. Emin=-21.16625047, Emax=23.68448290
realization 99 / 300 ... accepted 99. Emin=-22.50554537, Emax=23.80888734
realization 100 / 300 ... accepted 100. Emin=-12.82385779, Emax=29.87016797
realization 101 / 300 ... accepted 101. Emin=-21.80610579, Emax=33.62077172
realization 102 / 300 ... accepted 102. Emin=-21.48940109, Emax=19.02426144
realization 103 / 300 ... accepted 103. Emin=-15.06879672, Emax=50.87567477
realization 104 / 300 ... accepted 104. Emin=-29.05188850, Emax=41.55291286
realization 105 / 300 ... accepted 105. Emin=2.21874451, Emax=43.89725888
realization 106 / 300 ... accepted 106. Emin=-12.40264090, Emax=33.81468079
realization 107 / 300 ... accepted 107. Emin=-29.79859855, Emax=16.65279399
realization 108 / 300 ... accepted 108. Emin=0.27349033, Emax=51.39336000
realization 109 / 300 ... accepted 109. Emin=-20.48043698, Emax=40.18898053
realization 110 / 300 ... accepted 110. Emin=13.59125522, Emax=48.41306224
realization 111 / 300 ... accepted 111. Emin=-4.34699113, Emax=38.57257325
realization 112 / 300 ... accepted 112. Emin=-1.06822377, Emax=55.17974482
realization 113 / 300 ... accepted 113. Emin=-0.10867920, Emax=59.00217340
realization 114 / 300 ... accepted 114. Emin=-16.46328253, Emax=20.80708768
realization 115 / 300 ... accepted 115. Emin=-22.88512288, Emax=24.21125762
realization 116 / 300 ... accepted 116. Emin=-6.83255219, Emax=33.15296930
realization 117 / 300 ... accepted 117. Emin=-24.91820009, Emax=38.05307168
realization 118 / 300 ... accepted 118. Emin=1.46639009, Emax=38.41138972
realization 119 / 300 ... accepted 119. Emin=3.92501036, Emax=53.78651508
realization 120 / 300 ... accepted 120. Emin=-27.21875843, Emax=22.49963511
realization 121 / 300 ... accepted 121. Emin=-8.40268867, Emax=43.13422549
realization 122 / 300 ... accepted 122. Emin=-26.24434725, Emax=17.43610069
realization 123 / 300 ... accepted 123. Emin=7.82494714, Emax=57.47203848
realization 124 / 300 ... accepted 124. Emin=-12.35628660, Emax=39.47896546
realization 125 / 300 ... accepted 125. Emin=0.36875711, Emax=36.69472206
realization 126 / 300 ... accepted 126. Emin=7.71476015, Emax=39.70449847
realization 127 / 300 ... accepted 127. Emin=-5.77153483, Emax=48.59401256
realization 128 / 300 ... accepted 128. Emin=-5.16402864, Emax=34.38652809
realization 129 / 300 ... accepted 129. Emin=-15.71007229, Emax=35.53170325
realization 130 / 300 ... accepted 130. Emin=-8.81180624, Emax=47.30974719
realization 131 / 300 ... accepted 131. Emin=0.75048408, Emax=49.84101595
realization 132 / 300 ... accepted 132. Emin=-11.01004374, Emax=28.37800096
realization 133 / 300 ... accepted 133. Emin=-7.82429032, Emax=46.42131561
realization 134 / 300 ... accepted 134. Emin=-28.94045164, Emax=10.36903758
realization 135 / 300 ... accepted 135. Emin=-13.34633107, Emax=46.81143308
realization 136 / 300 ... accepted 136. Emin=6.44926401, Emax=54.35372568
realization 137 / 300 ... accepted 137. Emin=6.23080641, Emax=55.98948814
realization 138 / 300 ... accepted 138. Emin=-15.25906791, Emax=49.16606942
realization 139 / 300 ... accepted 139. Emin=-10.17522949, Emax=40.49051294
realization 140 / 300 ... accepted 140. Emin=-17.28866406, Emax=33.55673833
realization 141 / 300 ... accepted 141. Emin=-20.07626515, Emax=33.86324858
realization 142 / 300 ... accepted 142. Emin=0.75617700, Emax=50.21704542
realization 143 / 300 ... accepted 143. Emin=-1.97947234, Emax=48.48706177
realization 144 / 300 ... accepted 144. Emin=-5.68649703, Emax=40.11726340
realization 145 / 300 ... accepted 145. Emin=-2.03730511, Emax=48.81724027
realization 146 / 300 ... accepted 146. Emin=-2.12293459, Emax=33.67305337
realization 147 / 300 ... accepted 147. Emin=-22.61157635, Emax=25.88374228
realization 148 / 300 ... accepted 148. Emin=-16.53115926, Emax=43.86769345
realization 149 / 300 ... accepted 149. Emin=-23.87352491, Emax=29.19202454
realization 150 / 300 ... accepted 150. Emin=-15.14357091, Emax=44.42476372
realization 151 / 300 ... accepted 151. Emin=-4.50172580, Emax=49.85755264
realization 152 / 300 ... accepted 152. Emin=-3.25256833, Emax=49.02074354
realization 153 / 300 ... accepted 153. Emin=-0.44350209, Emax=49.80933550
realization 154 / 300 ... accepted 154. Emin=-2.15256179, Emax=46.31684431
realization 155 / 300 ... accepted 155. Emin=-17.53036222, Emax=30.34847159
realization 156 / 300 ... accepted 156. Emin=-28.54498067, Emax=23.62701400
realization 157 / 300 ... accepted 157. Emin=-11.75910508, Emax=41.68625466
realization 158 / 300 ... accepted 158. Emin=-17.22191948, Emax=16.61985248
realization 159 / 300 ... accepted 159. Emin=-30.65516150, Emax=8.64969966
realization 160 / 300 ... accepted 160. Emin=-25.83618892, Emax=22.74275659
realization 161 / 300 ... accepted 161. Emin=-20.92442200, Emax=32.95451154
realization 162 / 300 ... accepted 162. Emin=-3.49320860, Emax=48.98914815
realization 163 / 300 ... accepted 163. Emin=7.39357301, Emax=46.92738110
realization 164 / 300 ... accepted 164. Emin=17.57538157, Emax=53.48331530
realization 165 / 300 ... accepted 165. Emin=-13.27617684, Emax=39.61952801
realization 166 / 300 ... accepted 166. Emin=-0.74202076, Emax=51.35654671
realization 167 / 300 ... accepted 167. Emin=-8.86698836, Emax=37.92625151
realization 168 / 300 ... accepted 168. Emin=-6.66375697, Emax=36.95911261
realization 169 / 300 ... accepted 169. Emin=-1.32399516, Emax=38.85671594
realization 170 / 300 ... accepted 170. Emin=-12.35378660, Emax=27.02438711
realization 171 / 300 ... accepted 171. Emin=18.09677548, Emax=47.33644825
realization 172 / 300 ... accepted 172. Emin=-15.59721015, Emax=40.95427292
realization 173 / 300 ... accepted 173. Emin=-12.53973047, Emax=32.45335223
realization 174 / 300 ... accepted 174. Emin=-7.08853491, Emax=51.96746115
realization 175 / 300 ... accepted 175. Emin=-15.88577706, Emax=23.94502750
realization 176 / 300 ... accepted 176. Emin=-16.17581274, Emax=32.84726309
realization 177 / 300 ... accepted 177. Emin=-3.49674072, Emax=39.72150672
realization 178 / 300 ... accepted 178. Emin=-26.73002631, Emax=31.31965398
realization 179 / 300 ... accepted 179. Emin=-14.29315216, Emax=47.79605790
realization 180 / 300 ... accepted 180. Emin=9.25102435, Emax=53.88678713
realization 181 / 300 ... accepted 181. Emin=-18.12629504, Emax=23.83642359
realization 182 / 300 ... accepted 182. Emin=-17.37287108, Emax=63.14841828
realization 183 / 300 ... accepted 183. Emin=-7.48824695, Emax=53.71798080
realization 184 / 300 ... accepted 184. Emin=-18.03844759, Emax=34.54355874
realization 185 / 300 ... accepted 185. Emin=-19.10835384, Emax=35.76320999
realization 186 / 300 ... accepted 186. Emin=-3.81799384, Emax=35.21345028
realization 187 / 300 ... accepted 187. Emin=-2.97841207, Emax=31.99592257
realization 188 / 300 ... accepted 188. Emin=-37.97130083, Emax=-3.24422736
realization 189 / 300 ... accepted 189. Emin=-22.74839749, Emax=37.73538673
realization 190 / 300 ... accepted 190. Emin=-20.11988097, Emax=14.64365970
realization 191 / 300 ... accepted 191. Emin=-19.44265006, Emax=15.73639583
realization 192 / 300 ... accepted 192. Emin=17.46376461, Emax=61.60040861
realization 193 / 300 ... accepted 193. Emin=-19.89255839, Emax=17.64482722
realization 194 / 300 ... accepted 194. Emin=3.59000167, Emax=60.34225556
realization 195 / 300 ... accepted 195. Emin=-18.92058766, Emax=21.08815215
realization 196 / 300 ... accepted 196. Emin=-13.08242277, Emax=40.78714017
realization 197 / 300 ... accepted 197. Emin=-28.23856366, Emax=25.84354665
realization 198 / 300 ... accepted 198. Emin=-7.40548190, Emax=54.84033739
realization 199 / 300 ... accepted 199. Emin=0.79120538, Emax=46.65024623
realization 200 / 300 ... accepted 200. Emin=-20.60322198, Emax=36.87482093
realization 201 / 300 ... accepted 201. Emin=-18.59595898, Emax=32.53060467
realization 202 / 300 ... accepted 202. Emin=-32.19166671, Emax=17.75072365
realization 203 / 300 ... accepted 203. Emin=-29.49874580, Emax=21.86156339
realization 204 / 300 ... accepted 204. Emin=-24.71818467, Emax=22.42082139
realization 205 / 300 ... accepted 205. Emin=-20.10457517, Emax=28.94819889
realization 206 / 300 ... accepted 206. Emin=-20.60191584, Emax=21.32903183
realization 207 / 300 ... accepted 207. Emin=-5.55693081, Emax=34.35760625
realization 208 / 300 ... accepted 208. Emin=-17.90929200, Emax=30.02052922
realization 209 / 300 ... accepted 209. Emin=-19.77531466, Emax=23.89321417
realization 210 / 300 ... accepted 210. Emin=8.53323021, Emax=52.40155999
realization 211 / 300 ... accepted 211. Emin=-25.40642358, Emax=31.65080218
realization 212 / 300 ... accepted 212. Emin=11.95949738, Emax=55.84990173
realization 213 / 300 ... accepted 213. Emin=4.68856394, Emax=41.49837652
realization 214 / 300 ... accepted 214. Emin=0.67062207, Emax=53.15060247
realization 215 / 300 ... accepted 215. Emin=15.56585449, Emax=57.17495854
realization 216 / 300 ... accepted 216. Emin=-30.53640047, Emax=25.68776282
realization 217 / 300 ... accepted 217. Emin=-19.17174946, Emax=46.16359612
realization 218 / 300 ... accepted 218. Emin=-24.92616471, Emax=47.25659256
realization 219 / 300 ... accepted 219. Emin=6.05397973, Emax=50.75370540
realization 220 / 300 ... accepted 220. Emin=-11.95967824, Emax=34.79851543
realization 221 / 300 ... accepted 221. Emin=-31.75569053, Emax=34.69178424
realization 222 / 300 ... accepted 222. Emin=-12.49787827, Emax=31.88434376
realization 223 / 300 ... accepted 223. Emin=-13.84939698, Emax=45.83004047
realization 224 / 300 ... accepted 224. Emin=11.45360170, Emax=54.77153148
realization 225 / 300 ... accepted 225. Emin=-10.44869394, Emax=43.28241393
realization 226 / 300 ... accepted 226. Emin=-14.62765579, Emax=31.10612801
realization 227 / 300 ... accepted 227. Emin=-21.19620502, Emax=19.29625272
realization 228 / 300 ... accepted 228. Emin=-6.95729328, Emax=46.19188046
realization 229 / 300 ... accepted 229. Emin=-32.45880725, Emax=28.24745173
realization 230 / 300 ... accepted 230. Emin=-17.47101239, Emax=39.18101298
realization 231 / 300 ... accepted 231. Emin=-32.34569607, Emax=5.24821820
realization 232 / 300 ... accepted 232. Emin=-28.34320704, Emax=17.87308826
realization 233 / 300 ... accepted 233. Emin=0.20101621, Emax=43.11135871
realization 234 / 300 ... accepted 234. Emin=-29.34410626, Emax=19.44230933
realization 235 / 300 ... accepted 235. Emin=11.71559813, Emax=56.05798428
realization 236 / 300 ... accepted 236. Emin=-22.14822737, Emax=40.84326068
realization 237 / 300 ... accepted 237. Emin=1.17791541, Emax=48.73538087
realization 238 / 300 ... accepted 238. Emin=-17.09753330, Emax=28.04530590
realization 239 / 300 ... accepted 239. Emin=-7.25945597, Emax=49.31004036
realization 240 / 300 ... accepted 240. Emin=-19.27782822, Emax=26.40120918
realization 241 / 300 ... accepted 241. Emin=7.43229276, Emax=40.74103716
realization 242 / 300 ... accepted 242. Emin=-11.98696401, Emax=27.42704719
realization 243 / 300 ... accepted 243. Emin=-2.17316008, Emax=44.34725009
realization 244 / 300 ... accepted 244. Emin=-17.37233543, Emax=21.89994628
realization 245 / 300 ... accepted 245. Emin=-3.32773614, Emax=51.57883356
realization 246 / 300 ... accepted 246. Emin=-1.36948762, Emax=54.22466167
realization 247 / 300 ... accepted 247. Emin=-12.73963542, Emax=27.59458422
realization 248 / 300 ... accepted 248. Emin=1.59834738, Emax=54.07876535
realization 249 / 300 ... accepted 249. Emin=-12.86519814, Emax=50.79034716
realization 250 / 300 ... accepted 250. Emin=-10.91162857, Emax=37.31129461
realization 251 / 300 ... accepted 251. Emin=-11.45770010, Emax=41.20056994
realization 252 / 300 ... accepted 252. Emin=-3.43038436, Emax=45.35769864
realization 253 / 300 ... accepted 253. Emin=-7.91875762, Emax=42.07776069
realization 254 / 300 ... accepted 254. Emin=-5.11145086, Emax=49.98013301
realization 255 / 300 ... accepted 255. Emin=1.09459691, Emax=40.58515674
realization 256 / 300 ... accepted 256. Emin=-0.08188765, Emax=35.68939533
realization 257 / 300 ... accepted 257. Emin=7.66131449, Emax=47.27871757
realization 258 / 300 ... accepted 258. Emin=-13.39877430, Emax=36.44130102
realization 259 / 300 ... accepted 259. Emin=-3.04632015, Emax=44.94086979
realization 260 / 300 ... accepted 260. Emin=-24.37167326, Emax=24.04177728
realization 261 / 300 ... accepted 261. Emin=-4.45701954, Emax=46.05439902
realization 262 / 300 ... accepted 262. Emin=-33.59154019, Emax=22.19155483
realization 263 / 300 ... accepted 263. Emin=1.27891645, Emax=46.88563756
realization 264 / 300 ... accepted 264. Emin=-12.31493752, Emax=36.32298779
realization 265 / 300 ... accepted 265. Emin=-19.39062920, Emax=19.50596803
realization 266 / 300 ... accepted 266. Emin=-25.77538111, Emax=9.40377843
realization 267 / 300 ... accepted 267. Emin=-11.53446824, Emax=48.62544701
realization 268 / 300 ... accepted 268. Emin=-19.34039857, Emax=32.27679510
realization 269 / 300 ... accepted 269. Emin=-5.41271143, Emax=44.85823367
realization 270 / 300 ... accepted 270. Emin=-13.29009317, Emax=38.77369085
realization 271 / 300 ... accepted 271. Emin=7.02163536, Emax=53.44465364
realization 272 / 300 ... accepted 272. Emin=-15.02212962, Emax=39.32494491
realization 273 / 300 ... accepted 273. Emin=-5.01543870, Emax=45.05592666
realization 274 / 300 ... accepted 274. Emin=-18.51179850, Emax=46.80438546
realization 275 / 300 ... accepted 275. Emin=-0.31527729, Emax=42.36718272
realization 276 / 300 ... accepted 276. Emin=-18.45305792, Emax=18.94170854
realization 277 / 300 ... accepted 277. Emin=4.77537097, Emax=46.15899723
realization 278 / 300 ... accepted 278. Emin=-0.55964081, Emax=43.19344136
realization 279 / 300 ... accepted 279. Emin=-27.63935880, Emax=6.95887348
realization 280 / 300 ... accepted 280. Emin=-27.01664623, Emax=24.13342558
realization 281 / 300 ... accepted 281. Emin=-23.14990641, Emax=33.85883663
realization 282 / 300 ... accepted 282. Emin=9.15415166, Emax=47.51058975
realization 283 / 300 ... accepted 283. Emin=-18.02498815, Emax=30.97114350
realization 284 / 300 ... accepted 284. Emin=18.51862154, Emax=59.72545851
realization 285 / 300 ... accepted 285. Emin=-27.45086907, Emax=18.02791529
realization 286 / 300 ... accepted 286. Emin=-32.73259532, Emax=11.18401366
realization 287 / 300 ... accepted 287. Emin=-23.37023216, Emax=27.56455092
realization 288 / 300 ... accepted 288. Emin=6.16891193, Emax=44.99983572
realization 289 / 300 ... accepted 289. Emin=-0.18528560, Emax=45.96649574
realization 290 / 300 ... accepted 290. Emin=16.62868724, Emax=57.85824038
realization 291 / 300 ... accepted 291. Emin=-3.69517829, Emax=45.30327469
realization 292 / 300 ... accepted 292. Emin=-8.34543566, Emax=45.21138435
realization 293 / 300 ... accepted 293. Emin=27.16356503, Emax=64.57823745
realization 294 / 300 ... accepted 294. Emin=-11.55975967, Emax=47.33739834
realization 295 / 300 ... accepted 295. Emin=-15.99752170, Emax=27.46870487
realization 296 / 300 ... accepted 296. Emin=-23.40776140, Emax=25.23851092
realization 297 / 300 ... accepted 297. Emin=-2.32763977, Emax=55.13891332
realization 298 / 300 ... accepted 298. Emin=-9.02682456, Emax=37.97829360
realization 299 / 300 ... accepted 299. Emin=-23.12081175, Emax=23.50062780
realization 300 / 300 ... accepted 300. Emin=-21.28577151, Emax=33.97613726
Saved final energies: /home/2/kj405942/POLFED_bosons/pbs_bose_legacy_nmax2_periodic/data/U_3/W_8/L_6/N_6_nmax_2/boundary_periodic/energies_full_U3_L6_N6_nmax2_W8_boundaryperiodic_nreal300.txt
Accepted realizations: 300 / 300
Skipped realizations: 0
Job finished at Sun May 31 17:58:18 UTC 2026
