Job started on w20 at Sun May 31 17:56:43 UTC 2026
PBS_JOBID=7731337.kruk-host.ift-klaster.lan
PBS_O_WORKDIR=/home/2/kj405942/POLFED_bosons
Bose-Hubbard: L=6, N=6, nmax=2, dim=141
t=1, U=3, W=13, nreal=300, boundary=periodic, mode=full
Writing partial results to /home/2/kj405942/POLFED_bosons/pbs_bose_legacy_nmax2_periodic/data/U_3/W_13/L_6/N_6_nmax_2/boundary_periodic/energies_full_U3_L6_N6_nmax2_W13_boundaryperiodic_nreal300_partial.txt
realization 1 / 300 ... accepted 1. Emin=-17.29681840, Emax=65.40335765
realization 2 / 300 ... accepted 2. Emin=-24.45431933, Emax=69.24498538
realization 3 / 300 ... accepted 3. Emin=-11.92508920, Emax=48.05613280
realization 4 / 300 ... accepted 4. Emin=-38.16344616, Emax=50.14049365
realization 5 / 300 ... accepted 5. Emin=-24.63209924, Emax=42.50911738
realization 6 / 300 ... accepted 6. Emin=-44.88914027, Emax=2.26131496
realization 7 / 300 ... accepted 7. Emin=-56.42764274, Emax=34.64523500
realization 8 / 300 ... accepted 8. Emin=12.21599799, Emax=59.62370053
realization 9 / 300 ... accepted 9. Emin=8.66514810, Emax=70.42784369
realization 10 / 300 ... accepted 10. Emin=-34.77967775, Emax=39.68021338
realization 11 / 300 ... accepted 11. Emin=-15.05158923, Emax=31.59046693
realization 12 / 300 ... accepted 12. Emin=-24.66254851, Emax=66.79764309
realization 13 / 300 ... accepted 13. Emin=-41.36131410, Emax=40.03098834
realization 14 / 300 ... accepted 14. Emin=-1.24416948, Emax=47.08970501
realization 15 / 300 ... accepted 15. Emin=-15.49842613, Emax=70.89221493
realization 16 / 300 ... accepted 16. Emin=-3.87197105, Emax=65.77252427
realization 17 / 300 ... accepted 17. Emin=-11.59775820, Emax=43.04871031
realization 18 / 300 ... accepted 18. Emin=-28.57391508, Emax=53.42715628
realization 19 / 300 ... accepted 19. Emin=-48.45205141, Emax=15.45995300
realization 20 / 300 ... accepted 20. Emin=-12.93562988, Emax=85.12581740
realization 21 / 300 ... accepted 21. Emin=-39.70779166, Emax=46.05253418
realization 22 / 300 ... accepted 22. Emin=-7.40132017, Emax=59.85082704
realization 23 / 300 ... accepted 23. Emin=13.99857618, Emax=82.33971476
realization 24 / 300 ... accepted 24. Emin=7.25396908, Emax=63.13815628
realization 25 / 300 ... accepted 25. Emin=-15.47073157, Emax=54.17150727
realization 26 / 300 ... accepted 26. Emin=-28.19160984, Emax=72.37558865
realization 27 / 300 ... accepted 27. Emin=-35.86628789, Emax=36.81574067
realization 28 / 300 ... accepted 28. Emin=-35.54089834, Emax=45.79371368
realization 29 / 300 ... accepted 29. Emin=-20.05241429, Emax=49.17377390
realization 30 / 300 ... accepted 30. Emin=-4.19047623, Emax=44.58336169
realization 31 / 300 ... accepted 31. Emin=-44.60278421, Emax=2.15342416
realization 32 / 300 ... accepted 32. Emin=-36.21722131, Emax=40.13751969
realization 33 / 300 ... accepted 33. Emin=-33.32219996, Emax=37.54675981
realization 34 / 300 ... accepted 34. Emin=-60.26965505, Emax=19.90679096
realization 35 / 300 ... accepted 35. Emin=-34.15971579, Emax=24.36327321
realization 36 / 300 ... accepted 36. Emin=-50.68238922, Emax=15.33250548
realization 37 / 300 ... accepted 37. Emin=-29.87420706, Emax=51.25749884
realization 38 / 300 ... accepted 38. Emin=-9.42526535, Emax=48.21003095
realization 39 / 300 ... accepted 39. Emin=-46.34850820, Emax=25.61618670
realization 40 / 300 ... accepted 40. Emin=-41.73889591, Emax=42.18787437
realization 41 / 300 ... accepted 41. Emin=-23.27304252, Emax=44.90769203
realization 42 / 300 ... accepted 42. Emin=-24.22222420, Emax=58.71594111
realization 43 / 300 ... accepted 43. Emin=-12.20328134, Emax=52.39815778
realization 44 / 300 ... accepted 44. Emin=-22.97699770, Emax=50.60641022
realization 45 / 300 ... accepted 45. Emin=-30.64564788, Emax=70.90507561
realization 46 / 300 ... accepted 46. Emin=-25.32058081, Emax=38.87935540
realization 47 / 300 ... accepted 47. Emin=-36.57673835, Emax=19.35101246
realization 48 / 300 ... accepted 48. Emin=-26.78198740, Emax=39.71321524
realization 49 / 300 ... accepted 49. Emin=-8.89029651, Emax=62.83293575
realization 50 / 300 ... accepted 50. Emin=-24.67728984, Emax=32.33685607
realization 51 / 300 ... accepted 51. Emin=-33.41068513, Emax=52.05715697
realization 52 / 300 ... accepted 52. Emin=-12.99165989, Emax=34.09523852
realization 53 / 300 ... accepted 53. Emin=-49.45807371, Emax=23.97337964
realization 54 / 300 ... accepted 54. Emin=-31.88395196, Emax=57.91584150
realization 55 / 300 ... accepted 55. Emin=4.85362364, Emax=61.67592551
realization 56 / 300 ... accepted 56. Emin=-49.61854503, Emax=25.76367280
realization 57 / 300 ... accepted 57. Emin=-55.48682087, Emax=-15.01666498
realization 58 / 300 ... accepted 58. Emin=-26.08560316, Emax=30.56211344
realization 59 / 300 ... accepted 59. Emin=-46.79224454, Emax=32.49456015
realization 60 / 300 ... accepted 60. Emin=-43.76243756, Emax=60.03067764
realization 61 / 300 ... accepted 61. Emin=-5.77346725, Emax=79.10798208
realization 62 / 300 ... accepted 62. Emin=20.84037787, Emax=62.69513209
realization 63 / 300 ... accepted 63. Emin=-46.54971888, Emax=5.72444570
realization 64 / 300 ... accepted 64. Emin=-11.00052420, Emax=42.83235225
realization 65 / 300 ... accepted 65. Emin=-34.82300934, Emax=69.95040527
realization 66 / 300 ... accepted 66. Emin=-35.75427604, Emax=35.54228948
realization 67 / 300 ... accepted 67. Emin=-30.90035514, Emax=38.52342106
realization 68 / 300 ... accepted 68. Emin=-4.38297553, Emax=65.07248413
realization 69 / 300 ... accepted 69. Emin=5.51629671, Emax=77.59702469
realization 70 / 300 ... accepted 70. Emin=18.55240198, Emax=56.56969012
realization 71 / 300 ... accepted 71. Emin=-3.32208957, Emax=51.68369005
realization 72 / 300 ... accepted 72. Emin=-13.42163529, Emax=87.51008282
realization 73 / 300 ... accepted 73. Emin=-13.11517274, Emax=56.22139494
realization 74 / 300 ... accepted 74. Emin=18.05097382, Emax=62.10286636
realization 75 / 300 ... accepted 75. Emin=-40.03482114, Emax=65.62709593
realization 76 / 300 ... accepted 76. Emin=-11.68233477, Emax=82.84071749
realization 77 / 300 ... accepted 77. Emin=-20.19192131, Emax=64.50314043
realization 78 / 300 ... accepted 78. Emin=-43.97959010, Emax=40.91425465
realization 79 / 300 ... accepted 79. Emin=0.42195576, Emax=64.03544093
realization 80 / 300 ... accepted 80. Emin=-27.56755321, Emax=51.65087608
realization 81 / 300 ... accepted 81. Emin=-30.74007496, Emax=36.18954243
realization 82 / 300 ... accepted 82. Emin=28.48556889, Emax=82.79879641
realization 83 / 300 ... accepted 83. Emin=-44.53748600, Emax=31.86251138
realization 84 / 300 ... accepted 84. Emin=-19.26747066, Emax=45.05678654
realization 85 / 300 ... accepted 85. Emin=27.27120832, Emax=69.98653910
realization 86 / 300 ... accepted 86. Emin=1.14399873, Emax=68.74696943
realization 87 / 300 ... accepted 87. Emin=-14.16021293, Emax=60.83418989
realization 88 / 300 ... accepted 88. Emin=13.63846525, Emax=69.45455609
realization 89 / 300 ... accepted 89. Emin=-37.63975076, Emax=8.05251536
realization 90 / 300 ... accepted 90. Emin=-24.22631216, Emax=55.00699859
realization 91 / 300 ... accepted 91. Emin=0.89284054, Emax=74.40893966
realization 92 / 300 ... accepted 92. Emin=-30.25625667, Emax=42.86498182
realization 93 / 300 ... accepted 93. Emin=-48.20192557, Emax=17.98886442
realization 94 / 300 ... accepted 94. Emin=-1.37926248, Emax=85.23670548
realization 95 / 300 ... accepted 95. Emin=-28.93088035, Emax=13.19545893
realization 96 / 300 ... accepted 96. Emin=-15.91997367, Emax=47.80401716
realization 97 / 300 ... accepted 97. Emin=-45.61815245, Emax=16.66070529
realization 98 / 300 ... accepted 98. Emin=-30.39638769, Emax=46.30777968
realization 99 / 300 ... accepted 99. Emin=-15.45362298, Emax=45.72281620
realization 100 / 300 ... accepted 100. Emin=-14.02044411, Emax=55.02116174
realization 101 / 300 ... accepted 101. Emin=-14.87445992, Emax=36.80076168
realization 102 / 300 ... accepted 102. Emin=-5.04111158, Emax=64.54323952
realization 103 / 300 ... accepted 103. Emin=9.15461503, Emax=83.04782282
realization 104 / 300 ... accepted 104. Emin=-33.41272402, Emax=50.52454394
realization 105 / 300 ... accepted 105. Emin=-2.58216322, Emax=63.39415858
realization 106 / 300 ... accepted 106. Emin=-15.43195978, Emax=56.58670712
realization 107 / 300 ... accepted 107. Emin=-12.48788608, Emax=58.10871149
realization 108 / 300 ... accepted 108. Emin=-43.04716741, Emax=62.64631362
realization 109 / 300 ... accepted 109. Emin=9.43282341, Emax=73.79493313
realization 110 / 300 ... accepted 110. Emin=3.16026709, Emax=48.45706030
realization 111 / 300 ... accepted 111. Emin=-9.66988733, Emax=71.72864095
realization 112 / 300 ... accepted 112. Emin=-38.71645521, Emax=-1.01421135
realization 113 / 300 ... accepted 113. Emin=-8.25828718, Emax=53.81172340
realization 114 / 300 ... accepted 114. Emin=-2.69610340, Emax=45.54991703
realization 115 / 300 ... accepted 115. Emin=-4.74290072, Emax=73.68465486
realization 116 / 300 ... accepted 116. Emin=-35.61262004, Emax=42.57673592
realization 117 / 300 ... accepted 117. Emin=-20.03859626, Emax=49.13890362
realization 118 / 300 ... accepted 118. Emin=-28.66232812, Emax=48.66197648
realization 119 / 300 ... accepted 119. Emin=-7.01084211, Emax=70.67942004
realization 120 / 300 ... accepted 120. Emin=-25.83393502, Emax=49.39970667
realization 121 / 300 ... accepted 121. Emin=-46.26777330, Emax=8.97002680
realization 122 / 300 ... accepted 122. Emin=-27.28973403, Emax=31.88797930
realization 123 / 300 ... accepted 123. Emin=-35.33556294, Emax=49.67027326
realization 124 / 300 ... accepted 124. Emin=-23.47061071, Emax=48.25440521
realization 125 / 300 ... accepted 125. Emin=-10.99087826, Emax=67.33490516
realization 126 / 300 ... accepted 126. Emin=-37.28299070, Emax=31.13466824
realization 127 / 300 ... accepted 127. Emin=-20.47066027, Emax=44.90437105
realization 128 / 300 ... accepted 128. Emin=7.61150319, Emax=72.05540066
realization 129 / 300 ... accepted 129. Emin=10.37389103, Emax=75.71281071
realization 130 / 300 ... accepted 130. Emin=-17.18520195, Emax=62.85838423
realization 131 / 300 ... accepted 131. Emin=-21.73141119, Emax=41.01754084
realization 132 / 300 ... accepted 132. Emin=-46.93258768, Emax=29.06912806
realization 133 / 300 ... accepted 133. Emin=-8.49320979, Emax=66.69804373
realization 134 / 300 ... accepted 134. Emin=-5.89138135, Emax=57.25823758
realization 135 / 300 ... accepted 135. Emin=-19.54820637, Emax=53.61877287
realization 136 / 300 ... accepted 136. Emin=-5.12858858, Emax=56.04776402
realization 137 / 300 ... accepted 137. Emin=-37.38174881, Emax=22.91316336
realization 138 / 300 ... accepted 138. Emin=-17.56964098, Emax=63.29544735
realization 139 / 300 ... accepted 139. Emin=-12.83670909, Emax=48.59167101
realization 140 / 300 ... accepted 140. Emin=-10.36153901, Emax=91.15439823
realization 141 / 300 ... accepted 141. Emin=-37.35265570, Emax=29.61684317
realization 142 / 300 ... accepted 142. Emin=-8.42436165, Emax=59.92796261
realization 143 / 300 ... accepted 143. Emin=-11.27809471, Emax=86.69473325
realization 144 / 300 ... accepted 144. Emin=-17.77771035, Emax=75.90781841
realization 145 / 300 ... accepted 145. Emin=-39.56603058, Emax=62.14259967
realization 146 / 300 ... accepted 146. Emin=-33.07149783, Emax=21.39607758
realization 147 / 300 ... accepted 147. Emin=-41.24454411, Emax=26.32481764
realization 148 / 300 ... accepted 148. Emin=-16.12016704, Emax=29.90330617
realization 149 / 300 ... accepted 149. Emin=-13.52197442, Emax=73.91391724
realization 150 / 300 ... accepted 150. Emin=-46.01529467, Emax=34.74601919
realization 151 / 300 ... accepted 151. Emin=-51.58168262, Emax=35.61390431
realization 152 / 300 ... accepted 152. Emin=-27.10371958, Emax=73.37076660
realization 153 / 300 ... accepted 153. Emin=-41.75063569, Emax=4.32103322
realization 154 / 300 ... accepted 154. Emin=-36.81037059, Emax=12.99389019
realization 155 / 300 ... accepted 155. Emin=0.67244051, Emax=70.76552377
realization 156 / 300 ... accepted 156. Emin=-31.67151146, Emax=51.37769242
realization 157 / 300 ... accepted 157. Emin=-18.69762614, Emax=49.71022950
realization 158 / 300 ... accepted 158. Emin=-30.52182585, Emax=56.18374027
realization 159 / 300 ... accepted 159. Emin=23.97235170, Emax=87.82424421
realization 160 / 300 ... accepted 160. Emin=-37.50687590, Emax=24.11343971
realization 161 / 300 ... accepted 161. Emin=-29.41313410, Emax=68.63334256
realization 162 / 300 ... accepted 162. Emin=-46.47151201, Emax=25.10133035
realization 163 / 300 ... accepted 163. Emin=-39.25154543, Emax=40.94082494
realization 164 / 300 ... accepted 164. Emin=-23.51208730, Emax=65.79576085
realization 165 / 300 ... accepted 165. Emin=-38.60798592, Emax=51.18294801
realization 166 / 300 ... accepted 166. Emin=-15.78090366, Emax=59.04230211
realization 167 / 300 ... accepted 167. Emin=-33.21335823, Emax=24.69506630
realization 168 / 300 ... accepted 168. Emin=-14.85666302, Emax=79.10001531
realization 169 / 300 ... accepted 169. Emin=-28.64169538, Emax=55.28498207
realization 170 / 300 ... accepted 170. Emin=-12.69888884, Emax=31.29924358
realization 171 / 300 ... accepted 171. Emin=-42.49726938, Emax=76.05804308
realization 172 / 300 ... accepted 172. Emin=-9.07927372, Emax=54.34253791
realization 173 / 300 ... accepted 173. Emin=-41.98856473, Emax=27.77925162
realization 174 / 300 ... accepted 174. Emin=2.30881783, Emax=62.43090717
realization 175 / 300 ... accepted 175. Emin=12.75444654, Emax=58.18989744
realization 176 / 300 ... accepted 176. Emin=-35.36674431, Emax=34.97347818
realization 177 / 300 ... accepted 177. Emin=-24.51832712, Emax=51.75593507
realization 178 / 300 ... accepted 178. Emin=-36.92778446, Emax=36.13873396
realization 179 / 300 ... accepted 179. Emin=-47.71382131, Emax=49.15703073
realization 180 / 300 ... accepted 180. Emin=-45.05500100, Emax=16.45885795
realization 181 / 300 ... accepted 181. Emin=-8.55969256, Emax=68.68675265
realization 182 / 300 ... accepted 182. Emin=-9.11560103, Emax=44.49176658
realization 183 / 300 ... accepted 183. Emin=-51.22046621, Emax=24.11198699
realization 184 / 300 ... accepted 184. Emin=-31.12635637, Emax=56.89780974
realization 185 / 300 ... accepted 185. Emin=11.78322640, Emax=79.82424730
realization 186 / 300 ... accepted 186. Emin=-6.47174477, Emax=93.14553155
realization 187 / 300 ... accepted 187. Emin=-7.97552670, Emax=80.78807189
realization 188 / 300 ... accepted 188. Emin=-6.89277867, Emax=60.07148729
realization 189 / 300 ... accepted 189. Emin=6.40665548, Emax=59.57493222
realization 190 / 300 ... accepted 190. Emin=-46.52816756, Emax=46.57948978
realization 191 / 300 ... accepted 191. Emin=-7.44922444, Emax=63.39047395
realization 192 / 300 ... accepted 192. Emin=-15.25644158, Emax=44.69481602
realization 193 / 300 ... accepted 193. Emin=-43.39004737, Emax=34.06340868
realization 194 / 300 ... accepted 194. Emin=-34.04477586, Emax=44.41627865
realization 195 / 300 ... accepted 195. Emin=2.35833679, Emax=48.58195510
realization 196 / 300 ... accepted 196. Emin=-17.60230687, Emax=56.25467447
realization 197 / 300 ... accepted 197. Emin=-50.86603842, Emax=-11.23397976
realization 198 / 300 ... accepted 198. Emin=21.68645723, Emax=66.74874158
realization 199 / 300 ... accepted 199. Emin=-35.21522638, Emax=69.59163811
realization 200 / 300 ... accepted 200. Emin=-38.14061609, Emax=13.56493569
realization 201 / 300 ... accepted 201. Emin=-21.07300034, Emax=36.97339694
realization 202 / 300 ... accepted 202. Emin=-3.64718159, Emax=50.31705732
realization 203 / 300 ... accepted 203. Emin=-34.93697526, Emax=38.75926806
realization 204 / 300 ... accepted 204. Emin=-31.27999605, Emax=29.85220602
realization 205 / 300 ... accepted 205. Emin=-56.75821417, Emax=22.88793093
realization 206 / 300 ... accepted 206. Emin=-17.21680628, Emax=29.76630153
realization 207 / 300 ... accepted 207. Emin=-43.08532150, Emax=31.80005904
realization 208 / 300 ... accepted 208. Emin=-6.22271626, Emax=65.25513141
realization 209 / 300 ... accepted 209. Emin=-34.94386149, Emax=51.56415256
realization 210 / 300 ... accepted 210. Emin=-40.89254363, Emax=25.33803042
realization 211 / 300 ... accepted 211. Emin=-9.20468003, Emax=48.52913730
realization 212 / 300 ... accepted 212. Emin=-23.51528411, Emax=58.46936985
realization 213 / 300 ... accepted 213. Emin=-3.56989069, Emax=53.20665834
realization 214 / 300 ... accepted 214. Emin=-9.15935370, Emax=62.33438081
realization 215 / 300 ... accepted 215. Emin=-9.93567916, Emax=62.39571571
realization 216 / 300 ... accepted 216. Emin=-28.55741076, Emax=56.02000208
realization 217 / 300 ... accepted 217. Emin=-9.88592920, Emax=64.95251662
realization 218 / 300 ... accepted 218. Emin=-17.86340152, Emax=64.58859561
realization 219 / 300 ... accepted 219. Emin=23.22965419, Emax=67.03893100
realization 220 / 300 ... accepted 220. Emin=6.18930055, Emax=76.48830909
realization 221 / 300 ... accepted 221. Emin=-46.48246700, Emax=22.54682876
realization 222 / 300 ... accepted 222. Emin=28.10377691, Emax=82.27944317
realization 223 / 300 ... accepted 223. Emin=-20.55760344, Emax=44.98452373
realization 224 / 300 ... accepted 224. Emin=-37.63343229, Emax=24.79544367
realization 225 / 300 ... accepted 225. Emin=-34.62663875, Emax=45.85162182
realization 226 / 300 ... accepted 226. Emin=-4.17005643, Emax=83.33919796
realization 227 / 300 ... accepted 227. Emin=-30.20556758, Emax=80.62846458
realization 228 / 300 ... accepted 228. Emin=-37.19284702, Emax=47.33458444
realization 229 / 300 ... accepted 229. Emin=-25.10272852, Emax=71.09713260
realization 230 / 300 ... accepted 230. Emin=4.04527571, Emax=68.74595692
realization 231 / 300 ... accepted 231. Emin=-5.69165131, Emax=82.26446981
realization 232 / 300 ... accepted 232. Emin=-1.21743683, Emax=73.39957012
realization 233 / 300 ... accepted 233. Emin=-44.74843237, Emax=40.91558619
realization 234 / 300 ... accepted 234. Emin=-4.51938524, Emax=37.69368737
realization 235 / 300 ... accepted 235. Emin=-8.14755537, Emax=44.72977990
realization 236 / 300 ... accepted 236. Emin=-55.20860419, Emax=55.57890214
realization 237 / 300 ... accepted 237. Emin=-24.35009301, Emax=45.21456555
realization 238 / 300 ... accepted 238. Emin=-10.45653001, Emax=54.40792076
realization 239 / 300 ... accepted 239. Emin=-9.53798008, Emax=77.61335531
realization 240 / 300 ... accepted 240. Emin=-42.04118785, Emax=44.04318614
realization 241 / 300 ... accepted 241. Emin=7.88955796, Emax=59.69167865
realization 242 / 300 ... accepted 242. Emin=-5.40248976, Emax=52.34423612
realization 243 / 300 ... accepted 243. Emin=-11.14038104, Emax=69.74548645
realization 244 / 300 ... accepted 244. Emin=-37.21064113, Emax=70.14162163
realization 245 / 300 ... accepted 245. Emin=-12.98835592, Emax=62.62385962
realization 246 / 300 ... accepted 246. Emin=-4.69535340, Emax=78.00727936
realization 247 / 300 ... accepted 247. Emin=-7.63856846, Emax=77.59938721
realization 248 / 300 ... accepted 248. Emin=-45.98456311, Emax=11.68263103
realization 249 / 300 ... accepted 249. Emin=-2.63823948, Emax=57.00484410
realization 250 / 300 ... accepted 250. Emin=-16.41933852, Emax=49.92156317
realization 251 / 300 ... accepted 251. Emin=0.67783404, Emax=84.67769552
realization 252 / 300 ... accepted 252. Emin=-49.99722807, Emax=43.74055908
realization 253 / 300 ... accepted 253. Emin=-30.41463324, Emax=51.55894859
realization 254 / 300 ... accepted 254. Emin=-2.53103752, Emax=52.15321553
realization 255 / 300 ... accepted 255. Emin=-45.74555209, Emax=62.50401204
realization 256 / 300 ... accepted 256. Emin=-40.12427860, Emax=39.90893984
realization 257 / 300 ... accepted 257. Emin=-51.57613269, Emax=33.30003374
realization 258 / 300 ... accepted 258. Emin=-22.92343836, Emax=89.35450849
realization 259 / 300 ... accepted 259. Emin=-47.81127474, Emax=1.41609920
realization 260 / 300 ... accepted 260. Emin=-14.58344565, Emax=54.73209177
realization 261 / 300 ... accepted 261. Emin=-47.93848716, Emax=45.30489626
realization 262 / 300 ... accepted 262. Emin=-24.22806636, Emax=50.97105334
realization 263 / 300 ... accepted 263. Emin=8.54356203, Emax=84.76017652
realization 264 / 300 ... accepted 264. Emin=-41.29038221, Emax=56.21651318
realization 265 / 300 ... accepted 265. Emin=-52.54788633, Emax=42.67521790
realization 266 / 300 ... accepted 266. Emin=-50.67159250, Emax=-3.05829647
realization 267 / 300 ... accepted 267. Emin=3.61607588, Emax=72.33255028
realization 268 / 300 ... accepted 268. Emin=-25.09318450, Emax=83.84369703
realization 269 / 300 ... accepted 269. Emin=12.69958971, Emax=58.52638896
realization 270 / 300 ... accepted 270. Emin=0.01929599, Emax=75.90392809
realization 271 / 300 ... accepted 271. Emin=-19.89001527, Emax=46.74346012
realization 272 / 300 ... accepted 272. Emin=-11.30235962, Emax=68.81173986
realization 273 / 300 ... accepted 273. Emin=-42.69412401, Emax=-2.07458302
realization 274 / 300 ... accepted 274. Emin=-49.31799853, Emax=15.70379809
realization 275 / 300 ... accepted 275. Emin=-4.35571282, Emax=66.05277563
realization 276 / 300 ... accepted 276. Emin=-43.35222839, Emax=46.97159736
realization 277 / 300 ... accepted 277. Emin=-22.66932240, Emax=33.11902576
realization 278 / 300 ... accepted 278. Emin=-26.37356989, Emax=35.96777641
realization 279 / 300 ... accepted 279. Emin=-7.37707475, Emax=63.23922090
realization 280 / 300 ... accepted 280. Emin=-46.21293010, Emax=17.37184785
realization 281 / 300 ... accepted 281. Emin=-14.59209757, Emax=42.08180619
realization 282 / 300 ... accepted 282. Emin=-6.73509708, Emax=70.86805704
realization 283 / 300 ... accepted 283. Emin=-57.26297860, Emax=-5.05653001
realization 284 / 300 ... accepted 284. Emin=-41.85417180, Emax=68.05167237
realization 285 / 300 ... accepted 285. Emin=-21.07294261, Emax=34.30578757
realization 286 / 300 ... accepted 286. Emin=-4.63170486, Emax=60.86213301
realization 287 / 300 ... accepted 287. Emin=-2.06554669, Emax=60.39249238
realization 288 / 300 ... accepted 288. Emin=-33.07869382, Emax=24.17330200
realization 289 / 300 ... accepted 289. Emin=-13.91776945, Emax=67.70695008
realization 290 / 300 ... accepted 290. Emin=-31.35193048, Emax=41.01965703
realization 291 / 300 ... accepted 291. Emin=-29.97716655, Emax=48.30290277
realization 292 / 300 ... accepted 292. Emin=-7.98087410, Emax=65.09755904
realization 293 / 300 ... accepted 293. Emin=7.35455003, Emax=65.41786429
realization 294 / 300 ... accepted 294. Emin=-16.06663553, Emax=54.20799192
realization 295 / 300 ... accepted 295. Emin=-41.14693002, Emax=39.20884833
realization 296 / 300 ... accepted 296. Emin=-46.17412146, Emax=30.89969601
realization 297 / 300 ... accepted 297. Emin=21.19446491, Emax=73.25989094
realization 298 / 300 ... accepted 298. Emin=-30.27785315, Emax=35.59129855
realization 299 / 300 ... accepted 299. Emin=-7.01285549, Emax=45.12129027
realization 300 / 300 ... accepted 300. Emin=-44.99579052, Emax=39.37243677
Saved final energies: /home/2/kj405942/POLFED_bosons/pbs_bose_legacy_nmax2_periodic/data/U_3/W_13/L_6/N_6_nmax_2/boundary_periodic/energies_full_U3_L6_N6_nmax2_W13_boundaryperiodic_nreal300.txt
Accepted realizations: 300 / 300
Skipped realizations: 0
Job finished at Sun May 31 17:58:16 UTC 2026
