Job started on w31 at Sun May 31 17:11:40 UTC 2026
PBS_JOBID=7731521.kruk-host.ift-klaster.lan
PBS_O_WORKDIR=/home/2/kj405942/POLFED_bosons
Bose-Hubbard: L=6, N=6, nmax=2, dim=141
t=1, U=40, W=2, nreal=300, boundary=periodic, mode=full
Writing partial results to /home/2/kj405942/POLFED_bosons/pbs_bose_legacy_nmax2_periodic/data/U_40/W_2/L_6/N_6_nmax_2/boundary_periodic/energies_full_U40_L6_N6_nmax2_W2_boundaryperiodic_nreal300_partial.txt
realization 1 / 300 ... accepted 1. Emin=-0.17669973, Emax=244.69245901
realization 2 / 300 ... accepted 2. Emin=-5.07380202, Emax=238.30272365
realization 3 / 300 ... accepted 3. Emin=-0.11562793, Emax=245.36978851
realization 4 / 300 ... accepted 4. Emin=0.71686773, Emax=247.76902229
realization 5 / 300 ... accepted 5. Emin=-3.00406814, Emax=241.97100822
realization 6 / 300 ... accepted 6. Emin=-2.94214897, Emax=241.32369143
realization 7 / 300 ... accepted 7. Emin=0.94178885, Emax=247.31910006
realization 8 / 300 ... accepted 8. Emin=-6.20927087, Emax=236.90632433
realization 9 / 300 ... accepted 9. Emin=-0.08655119, Emax=243.97976345
realization 10 / 300 ... accepted 10. Emin=-2.28242868, Emax=244.27935812
realization 11 / 300 ... accepted 11. Emin=3.59174071, Emax=248.94250151
realization 12 / 300 ... accepted 12. Emin=-0.16071508, Emax=247.32677157
realization 13 / 300 ... accepted 13. Emin=4.69465483, Emax=249.90706409
realization 14 / 300 ... accepted 14. Emin=1.64342365, Emax=244.80311282
realization 15 / 300 ... accepted 15. Emin=0.42400642, Emax=247.49471534
realization 16 / 300 ... accepted 16. Emin=-4.41560129, Emax=239.20927612
realization 17 / 300 ... accepted 17. Emin=-2.16067361, Emax=244.33433379
realization 18 / 300 ... accepted 18. Emin=0.83245450, Emax=243.62849552
realization 19 / 300 ... accepted 19. Emin=-1.17588914, Emax=244.96818034
realization 20 / 300 ... accepted 20. Emin=-2.59894078, Emax=242.42929737
realization 21 / 300 ... accepted 21. Emin=-2.85604180, Emax=242.17071670
realization 22 / 300 ... accepted 22. Emin=-2.13736894, Emax=242.37261263
realization 23 / 300 ... accepted 23. Emin=5.56689013, Emax=249.34529271
realization 24 / 300 ... accepted 24. Emin=-1.15653460, Emax=242.55848637
realization 25 / 300 ... accepted 25. Emin=1.22771352, Emax=247.61449067
realization 26 / 300 ... accepted 26. Emin=6.41434561, Emax=249.50253565
realization 27 / 300 ... accepted 27. Emin=2.70202918, Emax=250.36889619
realization 28 / 300 ... accepted 28. Emin=3.13120988, Emax=249.85571351
realization 29 / 300 ... accepted 29. Emin=-1.86731998, Emax=240.60088976
realization 30 / 300 ... accepted 30. Emin=3.44135871, Emax=247.67163896
realization 31 / 300 ... accepted 31. Emin=-1.58563997, Emax=242.41699187
realization 32 / 300 ... accepted 32. Emin=0.02198312, Emax=242.78789076
realization 33 / 300 ... accepted 33. Emin=-5.49247001, Emax=237.87162021
realization 34 / 300 ... accepted 34. Emin=1.01777528, Emax=248.10625405
realization 35 / 300 ... accepted 35. Emin=-0.95557102, Emax=244.12311892
realization 36 / 300 ... accepted 36. Emin=-2.12194592, Emax=245.08039741
realization 37 / 300 ... accepted 37. Emin=2.78848957, Emax=247.33636183
realization 38 / 300 ... accepted 38. Emin=3.01427389, Emax=246.72090357
realization 39 / 300 ... accepted 39. Emin=-0.16275041, Emax=247.67138832
realization 40 / 300 ... accepted 40. Emin=2.84485570, Emax=247.13858428
realization 41 / 300 ... accepted 41. Emin=-4.70823500, Emax=240.93751019
realization 42 / 300 ... accepted 42. Emin=-7.88879337, Emax=235.98318074
realization 43 / 300 ... accepted 43. Emin=-1.17182139, Emax=246.84021946
realization 44 / 300 ... accepted 44. Emin=1.72545772, Emax=248.56919427
realization 45 / 300 ... accepted 45. Emin=-5.16850847, Emax=238.54516774
realization 46 / 300 ... accepted 46. Emin=-0.54070335, Emax=244.89711722
realization 47 / 300 ... accepted 47. Emin=1.96140720, Emax=248.94525614
realization 48 / 300 ... accepted 48. Emin=-0.09715471, Emax=243.55769910
realization 49 / 300 ... accepted 49. Emin=-1.65094757, Emax=241.78545039
realization 50 / 300 ... accepted 50. Emin=-0.32054124, Emax=245.77361321
realization 51 / 300 ... accepted 51. Emin=0.44229703, Emax=245.85235214
realization 52 / 300 ... accepted 52. Emin=-0.69214062, Emax=245.79266035
realization 53 / 300 ... accepted 53. Emin=0.67854118, Emax=247.18469560
realization 54 / 300 ... accepted 54. Emin=2.97297077, Emax=249.44119227
realization 55 / 300 ... accepted 55. Emin=-1.09642023, Emax=245.69715273
realization 56 / 300 ... accepted 56. Emin=-2.69251982, Emax=242.02115435
realization 57 / 300 ... accepted 57. Emin=-1.06872661, Emax=245.28889820
realization 58 / 300 ... accepted 58. Emin=1.26324831, Emax=248.48442263
realization 59 / 300 ... accepted 59. Emin=1.45844683, Emax=245.51313935
realization 60 / 300 ... accepted 60. Emin=-1.77205537, Emax=241.32895297
realization 61 / 300 ... accepted 61. Emin=-1.28952751, Emax=246.33464460
realization 62 / 300 ... accepted 62. Emin=-6.74722924, Emax=237.90788869
realization 63 / 300 ... accepted 63. Emin=-1.41940465, Emax=246.84538111
realization 64 / 300 ... accepted 64. Emin=1.06427276, Emax=246.30769515
realization 65 / 300 ... accepted 65. Emin=0.19838806, Emax=248.24254068
realization 66 / 300 ... accepted 66. Emin=0.90976438, Emax=246.37367573
realization 67 / 300 ... accepted 67. Emin=-1.17997671, Emax=247.82603058
realization 68 / 300 ... accepted 68. Emin=-1.04311880, Emax=245.37441024
realization 69 / 300 ... accepted 69. Emin=0.45401947, Emax=247.33902635
realization 70 / 300 ... accepted 70. Emin=0.68344293, Emax=244.91122435
realization 71 / 300 ... accepted 71. Emin=-6.48076819, Emax=237.10839709
realization 72 / 300 ... accepted 72. Emin=-2.95592845, Emax=241.76866297
realization 73 / 300 ... accepted 73. Emin=-1.50025611, Emax=245.02284506
realization 74 / 300 ... accepted 74. Emin=1.28813012, Emax=246.46179348
realization 75 / 300 ... accepted 75. Emin=1.30279470, Emax=248.24211218
realization 76 / 300 ... accepted 76. Emin=-4.95122583, Emax=240.07561536
realization 77 / 300 ... accepted 77. Emin=1.73610473, Emax=247.00952961
realization 78 / 300 ... accepted 78. Emin=2.20550342, Emax=249.39730523
realization 79 / 300 ... accepted 79. Emin=-1.17028654, Emax=245.73829630
realization 80 / 300 ... accepted 80. Emin=-1.83687629, Emax=242.37124781
realization 81 / 300 ... accepted 81. Emin=2.78191775, Emax=247.78795349
realization 82 / 300 ... accepted 82. Emin=0.27811614, Emax=245.79050615
realization 83 / 300 ... accepted 83. Emin=0.77911349, Emax=248.52281323
realization 84 / 300 ... accepted 84. Emin=-1.07370249, Emax=246.17847102
realization 85 / 300 ... accepted 85. Emin=-3.40522167, Emax=241.78140463
realization 86 / 300 ... accepted 86. Emin=-0.99868825, Emax=244.46706246
realization 87 / 300 ... accepted 87. Emin=0.08452114, Emax=245.55279842
realization 88 / 300 ... accepted 88. Emin=-2.05601694, Emax=241.82566569
realization 89 / 300 ... accepted 89. Emin=2.01401597, Emax=250.62736796
realization 90 / 300 ... accepted 90. Emin=2.41912773, Emax=248.86233384
realization 91 / 300 ... accepted 91. Emin=-1.87948189, Emax=242.05826238
realization 92 / 300 ... accepted 92. Emin=1.72674946, Emax=250.08149619
realization 93 / 300 ... accepted 93. Emin=-7.54266838, Emax=235.18286478
realization 94 / 300 ... accepted 94. Emin=1.01478280, Emax=248.19929528
realization 95 / 300 ... accepted 95. Emin=-4.88915845, Emax=239.38322383
realization 96 / 300 ... accepted 96. Emin=4.19305130, Emax=247.76871969
realization 97 / 300 ... accepted 97. Emin=-3.66453703, Emax=239.42671813
realization 98 / 300 ... accepted 98. Emin=-3.13495857, Emax=241.40963794
realization 99 / 300 ... accepted 99. Emin=-0.11530238, Emax=245.01139775
realization 100 / 300 ... accepted 100. Emin=-2.67710318, Emax=244.43412947
realization 101 / 300 ... accepted 101. Emin=1.17970003, Emax=244.49092526
realization 102 / 300 ... accepted 102. Emin=-2.26762954, Emax=244.08151105
realization 103 / 300 ... accepted 103. Emin=4.21003290, Emax=247.13944045
realization 104 / 300 ... accepted 104. Emin=1.39659881, Emax=248.01288696
realization 105 / 300 ... accepted 105. Emin=-0.39107747, Emax=246.67414641
realization 106 / 300 ... accepted 106. Emin=-4.52018986, Emax=241.02332834
realization 107 / 300 ... accepted 107. Emin=-0.47587870, Emax=246.02071307
realization 108 / 300 ... accepted 108. Emin=-3.08933095, Emax=242.64901311
realization 109 / 300 ... accepted 109. Emin=1.23680322, Emax=248.28747542
realization 110 / 300 ... accepted 110. Emin=-0.03871544, Emax=246.26002343
realization 111 / 300 ... accepted 111. Emin=-3.37982659, Emax=239.20881404
realization 112 / 300 ... accepted 112. Emin=-1.90452150, Emax=243.11646267
realization 113 / 300 ... accepted 113. Emin=-0.10651444, Emax=244.78777801
realization 114 / 300 ... accepted 114. Emin=-5.37799412, Emax=239.58560932
realization 115 / 300 ... accepted 115. Emin=2.44481261, Emax=245.17564776
realization 116 / 300 ... accepted 116. Emin=-4.41629399, Emax=243.11431027
realization 117 / 300 ... accepted 117. Emin=-2.10682064, Emax=242.12880279
realization 118 / 300 ... accepted 118. Emin=5.28771615, Emax=248.69790461
realization 119 / 300 ... accepted 119. Emin=-1.79975332, Emax=242.31199348
realization 120 / 300 ... accepted 120. Emin=-2.26734144, Emax=242.19392881
realization 121 / 300 ... accepted 121. Emin=0.01507946, Emax=247.22656909
realization 122 / 300 ... accepted 122. Emin=3.67633809, Emax=248.34159402
realization 123 / 300 ... accepted 123. Emin=-3.78974228, Emax=241.47656130
realization 124 / 300 ... accepted 124. Emin=1.48538885, Emax=246.94855847
realization 125 / 300 ... accepted 125. Emin=5.63066375, Emax=249.85966064
realization 126 / 300 ... accepted 126. Emin=-4.76825500, Emax=239.51565700
realization 127 / 300 ... accepted 127. Emin=-4.76426201, Emax=239.76203841
realization 128 / 300 ... accepted 128. Emin=-3.67122072, Emax=241.53297682
realization 129 / 300 ... accepted 129. Emin=-3.86954255, Emax=240.59620769
realization 130 / 300 ... accepted 130. Emin=-1.15754918, Emax=244.44774608
realization 131 / 300 ... accepted 131. Emin=-2.59439131, Emax=242.84939616
realization 132 / 300 ... accepted 132. Emin=-1.92637561, Emax=243.55024380
realization 133 / 300 ... accepted 133. Emin=5.53230723, Emax=249.77124610
realization 134 / 300 ... accepted 134. Emin=-2.00921023, Emax=241.96493673
realization 135 / 300 ... accepted 135. Emin=-1.59556781, Emax=242.40003118
realization 136 / 300 ... accepted 136. Emin=-2.85533175, Emax=244.85256155
realization 137 / 300 ... accepted 137. Emin=2.20130700, Emax=246.19971064
realization 138 / 300 ... accepted 138. Emin=2.80012047, Emax=250.63766122
realization 139 / 300 ... accepted 139. Emin=0.90307554, Emax=246.46352259
realization 140 / 300 ... accepted 140. Emin=-0.89511177, Emax=249.73068592
realization 141 / 300 ... accepted 141. Emin=3.82007150, Emax=250.24201012
realization 142 / 300 ... accepted 142. Emin=2.96254447, Emax=247.79337024
realization 143 / 300 ... accepted 143. Emin=0.23458159, Emax=245.59428514
realization 144 / 300 ... accepted 144. Emin=-4.67635220, Emax=240.73322900
realization 145 / 300 ... accepted 145. Emin=6.08362029, Emax=249.71493206
realization 146 / 300 ... accepted 146. Emin=-0.50714433, Emax=245.05684166
realization 147 / 300 ... accepted 147. Emin=3.66987556, Emax=248.89849337
realization 148 / 300 ... accepted 148. Emin=5.66579244, Emax=251.22495903
realization 149 / 300 ... accepted 149. Emin=2.55303823, Emax=247.29157721
realization 150 / 300 ... accepted 150. Emin=1.64080718, Emax=246.69176124
realization 151 / 300 ... accepted 151. Emin=-2.27254600, Emax=243.55008667
realization 152 / 300 ... accepted 152. Emin=2.61843392, Emax=250.07531758
realization 153 / 300 ... accepted 153. Emin=-2.05472849, Emax=240.80921897
realization 154 / 300 ... accepted 154. Emin=2.24652390, Emax=246.28141883
realization 155 / 300 ... accepted 155. Emin=1.33627985, Emax=246.80235170
realization 156 / 300 ... accepted 156. Emin=-2.18233898, Emax=244.12482150
realization 157 / 300 ... accepted 157. Emin=1.87448501, Emax=247.26226119
realization 158 / 300 ... accepted 158. Emin=2.63964115, Emax=248.55671939
realization 159 / 300 ... accepted 159. Emin=2.37137002, Emax=246.75820126
realization 160 / 300 ... accepted 160. Emin=0.64022237, Emax=246.06658817
realization 161 / 300 ... accepted 161. Emin=-1.78371521, Emax=243.11778931
realization 162 / 300 ... accepted 162. Emin=-7.88968572, Emax=236.12672493
realization 163 / 300 ... accepted 163. Emin=-3.16989020, Emax=241.69315945
realization 164 / 300 ... accepted 164. Emin=2.06015760, Emax=246.37971374
realization 165 / 300 ... accepted 165. Emin=2.78301858, Emax=250.27236241
realization 166 / 300 ... accepted 166. Emin=-4.74034695, Emax=240.19748331
realization 167 / 300 ... accepted 167. Emin=-1.47212230, Emax=241.51042302
realization 168 / 300 ... accepted 168. Emin=-0.98379729, Emax=244.13810534
realization 169 / 300 ... accepted 169. Emin=4.55668230, Emax=250.68477583
realization 170 / 300 ... accepted 170. Emin=-5.94627224, Emax=237.89391351
realization 171 / 300 ... accepted 171. Emin=-0.55650126, Emax=245.43379333
realization 172 / 300 ... accepted 172. Emin=1.98049684, Emax=249.53851380
realization 173 / 300 ... accepted 173. Emin=1.18195572, Emax=244.74210225
realization 174 / 300 ... accepted 174. Emin=-4.55823618, Emax=240.32507202
realization 175 / 300 ... accepted 175. Emin=-0.60530869, Emax=244.10072897
realization 176 / 300 ... accepted 176. Emin=1.51702993, Emax=246.42852504
realization 177 / 300 ... accepted 177. Emin=4.81201556, Emax=249.56559470
realization 178 / 300 ... accepted 178. Emin=-1.57730135, Emax=243.64541329
realization 179 / 300 ... accepted 179. Emin=0.81851414, Emax=247.02330730
realization 180 / 300 ... accepted 180. Emin=-2.11812324, Emax=242.46830666
realization 181 / 300 ... accepted 181. Emin=-6.20552067, Emax=237.85201504
realization 182 / 300 ... accepted 182. Emin=2.15030906, Emax=247.24854389
realization 183 / 300 ... accepted 183. Emin=-3.83120538, Emax=242.24826016
realization 184 / 300 ... accepted 184. Emin=1.71560457, Emax=248.22977051
realization 185 / 300 ... accepted 185. Emin=-5.14178045, Emax=238.65968902
realization 186 / 300 ... accepted 186. Emin=-0.24702561, Emax=245.04280153
realization 187 / 300 ... accepted 187. Emin=1.36436791, Emax=247.34844231
realization 188 / 300 ... accepted 188. Emin=0.43028130, Emax=246.18799873
realization 189 / 300 ... accepted 189. Emin=-0.60875498, Emax=243.29107105
realization 190 / 300 ... accepted 190. Emin=-2.06188827, Emax=241.47880396
realization 191 / 300 ... accepted 191. Emin=3.76309093, Emax=248.36770993
realization 192 / 300 ... accepted 192. Emin=2.47823349, Emax=246.84294712
realization 193 / 300 ... accepted 193. Emin=-3.91870955, Emax=241.46952768
realization 194 / 300 ... accepted 194. Emin=-1.72486358, Emax=245.17048338
realization 195 / 300 ... accepted 195. Emin=4.02595420, Emax=248.66665496
realization 196 / 300 ... accepted 196. Emin=-4.50982393, Emax=240.96405210
realization 197 / 300 ... accepted 197. Emin=3.89876367, Emax=247.42300400
realization 198 / 300 ... accepted 198. Emin=-1.68016135, Emax=245.31357684
realization 199 / 300 ... accepted 199. Emin=2.73403109, Emax=247.56716812
realization 200 / 300 ... accepted 200. Emin=2.90492892, Emax=249.46194663
realization 201 / 300 ... accepted 201. Emin=-1.96148976, Emax=246.29406223
realization 202 / 300 ... accepted 202. Emin=-1.33688776, Emax=244.53915256
realization 203 / 300 ... accepted 203. Emin=0.88622826, Emax=245.35241062
realization 204 / 300 ... accepted 204. Emin=-1.06541862, Emax=246.00437982
realization 205 / 300 ... accepted 205. Emin=0.51240222, Emax=248.50558424
realization 206 / 300 ... accepted 206. Emin=0.04785765, Emax=243.70027509
realization 207 / 300 ... accepted 207. Emin=-1.87253031, Emax=241.66174720
realization 208 / 300 ... accepted 208. Emin=-0.49131467, Emax=244.78058937
realization 209 / 300 ... accepted 209. Emin=2.21937403, Emax=247.54112271
realization 210 / 300 ... accepted 210. Emin=1.32230319, Emax=244.13750629
realization 211 / 300 ... accepted 211. Emin=-6.05233793, Emax=236.90242447
realization 212 / 300 ... accepted 212. Emin=1.68866928, Emax=247.07955886
realization 213 / 300 ... accepted 213. Emin=0.03845877, Emax=244.02809740
realization 214 / 300 ... accepted 214. Emin=-0.57708083, Emax=247.24664374
realization 215 / 300 ... accepted 215. Emin=-4.23471456, Emax=241.59265062
realization 216 / 300 ... accepted 216. Emin=0.28587077, Emax=244.97889814
realization 217 / 300 ... accepted 217. Emin=-0.17696000, Emax=246.36420955
realization 218 / 300 ... accepted 218. Emin=1.29067364, Emax=250.18880092
realization 219 / 300 ... accepted 219. Emin=2.77219806, Emax=247.60487204
realization 220 / 300 ... accepted 220. Emin=7.75864044, Emax=250.76509016
realization 221 / 300 ... accepted 221. Emin=-2.34544573, Emax=241.96238455
realization 222 / 300 ... accepted 222. Emin=0.59056085, Emax=246.72531404
realization 223 / 300 ... accepted 223. Emin=-1.03271003, Emax=246.16231891
realization 224 / 300 ... accepted 224. Emin=2.00578642, Emax=247.58427291
realization 225 / 300 ... accepted 225. Emin=0.77948490, Emax=244.34125766
realization 226 / 300 ... accepted 226. Emin=3.42848769, Emax=249.89135053
realization 227 / 300 ... accepted 227. Emin=1.68743006, Emax=245.88366677
realization 228 / 300 ... accepted 228. Emin=2.02264589, Emax=245.03011053
realization 229 / 300 ... accepted 229. Emin=2.08514627, Emax=250.45437273
realization 230 / 300 ... accepted 230. Emin=2.06406325, Emax=245.69216524
realization 231 / 300 ... accepted 231. Emin=2.60752041, Emax=247.19911874
realization 232 / 300 ... accepted 232. Emin=-2.48154381, Emax=244.26650680
realization 233 / 300 ... accepted 233. Emin=-4.40586017, Emax=240.51096779
realization 234 / 300 ... accepted 234. Emin=-3.99851206, Emax=241.29634913
realization 235 / 300 ... accepted 235. Emin=-1.41296610, Emax=246.83324530
realization 236 / 300 ... accepted 236. Emin=-2.54884876, Emax=242.44873086
realization 237 / 300 ... accepted 237. Emin=3.00290440, Emax=248.70498568
realization 238 / 300 ... accepted 238. Emin=0.03965157, Emax=244.39307068
realization 239 / 300 ... accepted 239. Emin=-1.01804813, Emax=241.53543160
realization 240 / 300 ... accepted 240. Emin=1.95169104, Emax=247.33189505
realization 241 / 300 ... accepted 241. Emin=-1.18005127, Emax=244.03957521
realization 242 / 300 ... accepted 242. Emin=-1.91197861, Emax=243.94502462
realization 243 / 300 ... accepted 243. Emin=2.25400445, Emax=249.32368170
realization 244 / 300 ... accepted 244. Emin=4.48290545, Emax=249.31425172
realization 245 / 300 ... accepted 245. Emin=-1.96944539, Emax=245.16357775
realization 246 / 300 ... accepted 246. Emin=0.22976410, Emax=244.45132954
realization 247 / 300 ... accepted 247. Emin=4.56826091, Emax=249.99979781
realization 248 / 300 ... accepted 248. Emin=-5.71076224, Emax=238.38872879
realization 249 / 300 ... accepted 249. Emin=4.32170718, Emax=249.49492591
realization 250 / 300 ... accepted 250. Emin=-3.39290273, Emax=241.71454035
realization 251 / 300 ... accepted 251. Emin=-2.66299777, Emax=243.39717717
realization 252 / 300 ... accepted 252. Emin=3.81829463, Emax=249.87298561
realization 253 / 300 ... accepted 253. Emin=0.97835017, Emax=246.62937988
realization 254 / 300 ... accepted 254. Emin=6.18470144, Emax=251.13776970
realization 255 / 300 ... accepted 255. Emin=-4.94171366, Emax=240.56497629
realization 256 / 300 ... accepted 256. Emin=-3.96490083, Emax=239.69356828
realization 257 / 300 ... accepted 257. Emin=1.17429853, Emax=247.15517989
realization 258 / 300 ... accepted 258. Emin=-1.84541757, Emax=242.09975808
realization 259 / 300 ... accepted 259. Emin=-1.82308484, Emax=245.64845586
realization 260 / 300 ... accepted 260. Emin=0.40850674, Emax=247.57816836
realization 261 / 300 ... accepted 261. Emin=-2.46656152, Emax=241.70504969
realization 262 / 300 ... accepted 262. Emin=0.62186859, Emax=246.61876510
realization 263 / 300 ... accepted 263. Emin=-3.06369524, Emax=243.51809218
realization 264 / 300 ... accepted 264. Emin=-1.24246910, Emax=245.38868065
realization 265 / 300 ... accepted 265. Emin=-4.37912801, Emax=239.36061835
realization 266 / 300 ... accepted 266. Emin=0.35564423, Emax=244.94387655
realization 267 / 300 ... accepted 267. Emin=0.44186870, Emax=245.51136897
realization 268 / 300 ... accepted 268. Emin=-0.78731541, Emax=246.74226088
realization 269 / 300 ... accepted 269. Emin=1.47317473, Emax=247.36374493
realization 270 / 300 ... accepted 270. Emin=-3.24361643, Emax=241.55308675
realization 271 / 300 ... accepted 271. Emin=5.11488063, Emax=248.99573434
realization 272 / 300 ... accepted 272. Emin=-3.31661920, Emax=239.23734218
realization 273 / 300 ... accepted 273. Emin=0.15697386, Emax=247.68349875
realization 274 / 300 ... accepted 274. Emin=4.96766396, Emax=250.27367695
realization 275 / 300 ... accepted 275. Emin=2.05902242, Emax=248.95634165
realization 276 / 300 ... accepted 276. Emin=3.72879450, Emax=248.16488073
realization 277 / 300 ... accepted 277. Emin=0.72679250, Emax=243.50758759
realization 278 / 300 ... accepted 278. Emin=2.13446001, Emax=247.01934228
realization 279 / 300 ... accepted 279. Emin=-0.19368065, Emax=245.70798455
realization 280 / 300 ... accepted 280. Emin=1.60486114, Emax=246.19744413
realization 281 / 300 ... accepted 281. Emin=-1.89083633, Emax=242.29538260
realization 282 / 300 ... accepted 282. Emin=2.30722113, Emax=249.06106658
realization 283 / 300 ... accepted 283. Emin=-2.18407591, Emax=242.93440940
realization 284 / 300 ... accepted 284. Emin=3.74821726, Emax=248.96948905
realization 285 / 300 ... accepted 285. Emin=2.22236868, Emax=249.72168828
realization 286 / 300 ... accepted 286. Emin=4.97721752, Emax=250.63876129
realization 287 / 300 ... accepted 287. Emin=0.40622408, Emax=247.20530290
realization 288 / 300 ... accepted 288. Emin=0.09888823, Emax=245.94512260
realization 289 / 300 ... accepted 289. Emin=-0.58554147, Emax=246.35995269
realization 290 / 300 ... accepted 290. Emin=0.77175799, Emax=247.83284379
realization 291 / 300 ... accepted 291. Emin=-3.06741578, Emax=243.98427247
realization 292 / 300 ... accepted 292. Emin=-0.08023316, Emax=244.63876795
realization 293 / 300 ... accepted 293. Emin=-5.09261854, Emax=239.20101069
realization 294 / 300 ... accepted 294. Emin=-0.72118877, Emax=244.15004434
realization 295 / 300 ... accepted 295. Emin=-0.67790236, Emax=246.65490483
realization 296 / 300 ... accepted 296. Emin=-2.53799913, Emax=244.76628432
realization 297 / 300 ... accepted 297. Emin=-2.39112008, Emax=245.59467985
realization 298 / 300 ... accepted 298. Emin=-0.12526891, Emax=245.57454318
realization 299 / 300 ... accepted 299. Emin=-2.96870627, Emax=244.10486623
realization 300 / 300 ... accepted 300. Emin=2.46128619, Emax=249.20107202
Saved final energies: /home/2/kj405942/POLFED_bosons/pbs_bose_legacy_nmax2_periodic/data/U_40/W_2/L_6/N_6_nmax_2/boundary_periodic/energies_full_U40_L6_N6_nmax2_W2_boundaryperiodic_nreal300.txt
Accepted realizations: 300 / 300
Skipped realizations: 0
Job finished at Sun May 31 17:14:02 UTC 2026
