Job started on w31 at Sun May 31 17:11:40 UTC 2026
PBS_JOBID=7731527.kruk-host.ift-klaster.lan
PBS_O_WORKDIR=/home/2/kj405942/POLFED_bosons
Bose-Hubbard: L=6, N=6, nmax=2, dim=141
t=1, U=40, W=8, nreal=300, boundary=periodic, mode=full
Writing partial results to /home/2/kj405942/POLFED_bosons/pbs_bose_legacy_nmax2_periodic/data/U_40/W_8/L_6/N_6_nmax_2/boundary_periodic/energies_full_U40_L6_N6_nmax2_W8_boundaryperiodic_nreal300_partial.txt
realization 1 / 300 ... accepted 1. Emin=-13.52819649, Emax=251.47326961
realization 2 / 300 ... accepted 2. Emin=14.53616054, Emax=269.57119378
realization 3 / 300 ... accepted 3. Emin=-3.52269956, Emax=253.20023509
realization 4 / 300 ... accepted 4. Emin=-15.27360688, Emax=238.90342713
realization 5 / 300 ... accepted 5. Emin=-9.68169302, Emax=258.47064508
realization 6 / 300 ... accepted 6. Emin=-3.62642887, Emax=258.99468416
realization 7 / 300 ... accepted 7. Emin=-6.31679722, Emax=250.80965284
realization 8 / 300 ... accepted 8. Emin=0.18795153, Emax=260.34916130
realization 9 / 300 ... accepted 9. Emin=-5.32833934, Emax=257.82260484
realization 10 / 300 ... accepted 10. Emin=-19.54256680, Emax=237.90459141
realization 11 / 300 ... accepted 11. Emin=6.93332072, Emax=277.18680016
realization 12 / 300 ... accepted 12. Emin=16.03184865, Emax=277.66104515
realization 13 / 300 ... accepted 13. Emin=10.60018378, Emax=265.74198558
realization 14 / 300 ... accepted 14. Emin=-0.43350473, Emax=256.02151084
realization 15 / 300 ... accepted 15. Emin=-13.00140910, Emax=258.41088692
realization 16 / 300 ... accepted 16. Emin=21.22927109, Emax=280.60187740
realization 17 / 300 ... accepted 17. Emin=-8.63387051, Emax=254.05695237
realization 18 / 300 ... accepted 18. Emin=0.44815567, Emax=270.79907863
realization 19 / 300 ... accepted 19. Emin=11.36668221, Emax=270.05711529
realization 20 / 300 ... accepted 20. Emin=26.51853715, Emax=280.42076428
realization 21 / 300 ... accepted 21. Emin=-0.36259797, Emax=263.03928173
realization 22 / 300 ... accepted 22. Emin=-5.54701680, Emax=252.27366938
realization 23 / 300 ... accepted 23. Emin=0.11078702, Emax=275.55948407
realization 24 / 300 ... accepted 24. Emin=-17.64294002, Emax=232.91903206
realization 25 / 300 ... accepted 25. Emin=1.06135552, Emax=259.63937999
realization 26 / 300 ... accepted 26. Emin=11.34789336, Emax=275.80101773
realization 27 / 300 ... accepted 27. Emin=-3.51552047, Emax=259.33007800
realization 28 / 300 ... accepted 28. Emin=-6.21396674, Emax=244.95332193
realization 29 / 300 ... accepted 29. Emin=-24.16258371, Emax=231.06230008
realization 30 / 300 ... accepted 30. Emin=-9.85767018, Emax=247.94897719
realization 31 / 300 ... accepted 31. Emin=5.01545737, Emax=270.15833105
realization 32 / 300 ... accepted 32. Emin=-1.80256040, Emax=256.92108718
realization 33 / 300 ... accepted 33. Emin=-12.08146476, Emax=253.26065660
realization 34 / 300 ... accepted 34. Emin=-3.23020737, Emax=261.77067918
realization 35 / 300 ... accepted 35. Emin=-5.10461235, Emax=253.63114806
realization 36 / 300 ... accepted 36. Emin=11.18051648, Emax=260.96393656
realization 37 / 300 ... accepted 37. Emin=2.61448553, Emax=253.53468754
realization 38 / 300 ... accepted 38. Emin=-0.64233502, Emax=252.31005340
realization 39 / 300 ... accepted 39. Emin=-23.14154526, Emax=226.28445700
realization 40 / 300 ... accepted 40. Emin=-13.59408933, Emax=241.40222211
realization 41 / 300 ... accepted 41. Emin=-18.68178240, Emax=233.54566758
realization 42 / 300 ... accepted 42. Emin=1.26304146, Emax=264.10950720
realization 43 / 300 ... accepted 43. Emin=-6.56200655, Emax=257.03264163
realization 44 / 300 ... accepted 44. Emin=21.72180224, Emax=275.95883246
realization 45 / 300 ... accepted 45. Emin=22.57112779, Emax=278.93087414
realization 46 / 300 ... accepted 46. Emin=4.86758247, Emax=257.43881239
realization 47 / 300 ... accepted 47. Emin=4.47746322, Emax=270.51721287
realization 48 / 300 ... accepted 48. Emin=-5.60971371, Emax=256.79334311
realization 49 / 300 ... accepted 49. Emin=15.52085676, Emax=273.90352572
realization 50 / 300 ... accepted 50. Emin=-11.81455298, Emax=245.99142872
realization 51 / 300 ... accepted 51. Emin=6.10567072, Emax=271.53630752
realization 52 / 300 ... accepted 52. Emin=-7.48230677, Emax=260.66285437
realization 53 / 300 ... accepted 53. Emin=12.77515277, Emax=280.51199301
realization 54 / 300 ... accepted 54. Emin=-6.22687757, Emax=256.47065911
realization 55 / 300 ... accepted 55. Emin=5.89331792, Emax=275.82125881
realization 56 / 300 ... accepted 56. Emin=-16.19239654, Emax=245.80649511
realization 57 / 300 ... accepted 57. Emin=26.84535798, Emax=283.06924181
realization 58 / 300 ... accepted 58. Emin=7.10039922, Emax=265.59647150
realization 59 / 300 ... accepted 59. Emin=10.85461184, Emax=273.27325444
realization 60 / 300 ... accepted 60. Emin=1.02586383, Emax=266.36963517
realization 61 / 300 ... accepted 61. Emin=6.42921014, Emax=275.06786426
realization 62 / 300 ... accepted 62. Emin=-0.88170542, Emax=268.69880674
realization 63 / 300 ... accepted 63. Emin=-8.03393712, Emax=249.93242408
realization 64 / 300 ... accepted 64. Emin=-2.28847766, Emax=257.88207118
realization 65 / 300 ... accepted 65. Emin=4.50614001, Emax=267.86255556
realization 66 / 300 ... accepted 66. Emin=21.24827494, Emax=276.52960420
realization 67 / 300 ... accepted 67. Emin=-13.68206564, Emax=246.50540984
realization 68 / 300 ... accepted 68. Emin=-4.46292269, Emax=252.22672326
realization 69 / 300 ... accepted 69. Emin=1.50381363, Emax=259.23341791
realization 70 / 300 ... accepted 70. Emin=12.66637933, Emax=278.35808016
realization 71 / 300 ... accepted 71. Emin=15.29682098, Emax=266.57323064
realization 72 / 300 ... accepted 72. Emin=12.59817318, Emax=275.89647517
realization 73 / 300 ... accepted 73. Emin=-5.49802658, Emax=259.09622402
realization 74 / 300 ... accepted 74. Emin=4.39252431, Emax=259.33726418
realization 75 / 300 ... accepted 75. Emin=-4.42023578, Emax=264.05135267
realization 76 / 300 ... accepted 76. Emin=9.64408940, Emax=260.37883997
realization 77 / 300 ... accepted 77. Emin=1.87904747, Emax=264.72388284
realization 78 / 300 ... accepted 78. Emin=11.35598794, Emax=272.07538006
realization 79 / 300 ... accepted 79. Emin=-11.27301678, Emax=253.30842016
realization 80 / 300 ... accepted 80. Emin=-0.14410973, Emax=260.70177941
realization 81 / 300 ... accepted 81. Emin=-3.43218098, Emax=269.30658650
realization 82 / 300 ... accepted 82. Emin=10.61330063, Emax=281.21919377
realization 83 / 300 ... accepted 83. Emin=-1.92563257, Emax=261.67249547
realization 84 / 300 ... accepted 84. Emin=4.52557281, Emax=257.86868985
realization 85 / 300 ... accepted 85. Emin=-4.93672198, Emax=256.23356980
realization 86 / 300 ... accepted 86. Emin=8.13093079, Emax=278.74296196
realization 87 / 300 ... accepted 87. Emin=-8.51509444, Emax=255.52188380
realization 88 / 300 ... accepted 88. Emin=5.14808854, Emax=258.66510002
realization 89 / 300 ... accepted 89. Emin=14.13144974, Emax=269.12363663
realization 90 / 300 ... accepted 90. Emin=17.02527391, Emax=274.60114157
realization 91 / 300 ... accepted 91. Emin=7.55910194, Emax=269.15583655
realization 92 / 300 ... accepted 92. Emin=-9.95134048, Emax=251.81363477
realization 93 / 300 ... accepted 93. Emin=-2.86460383, Emax=256.47760049
realization 94 / 300 ... accepted 94. Emin=-5.90725193, Emax=244.89659766
realization 95 / 300 ... accepted 95. Emin=6.90238498, Emax=270.83546096
realization 96 / 300 ... accepted 96. Emin=17.76942522, Emax=275.12145352
realization 97 / 300 ... accepted 97. Emin=-3.75138353, Emax=261.90557748
realization 98 / 300 ... accepted 98. Emin=6.94058828, Emax=255.48878122
realization 99 / 300 ... accepted 99. Emin=-0.57980253, Emax=266.21172665
realization 100 / 300 ... accepted 100. Emin=8.50108056, Emax=266.63482227
realization 101 / 300 ... accepted 101. Emin=8.11571802, Emax=275.04750554
realization 102 / 300 ... accepted 102. Emin=-16.00009712, Emax=238.77407965
realization 103 / 300 ... accepted 103. Emin=-12.37072763, Emax=248.93128873
realization 104 / 300 ... accepted 104. Emin=-2.83731450, Emax=265.71925073
realization 105 / 300 ... accepted 105. Emin=-3.96829263, Emax=255.95468552
realization 106 / 300 ... accepted 106. Emin=10.16927844, Emax=264.47512927
realization 107 / 300 ... accepted 107. Emin=1.15699191, Emax=272.52737429
realization 108 / 300 ... accepted 108. Emin=-9.19318704, Emax=260.60433059
realization 109 / 300 ... accepted 109. Emin=-27.09149659, Emax=231.62285686
realization 110 / 300 ... accepted 110. Emin=-13.63278900, Emax=249.76074168
realization 111 / 300 ... accepted 111. Emin=0.10102450, Emax=257.15073453
realization 112 / 300 ... accepted 112. Emin=-7.62676202, Emax=257.81704024
realization 113 / 300 ... accepted 113. Emin=-1.37870593, Emax=268.98422740
realization 114 / 300 ... accepted 114. Emin=19.01381712, Emax=278.35665984
realization 115 / 300 ... accepted 115. Emin=4.38330949, Emax=267.46610821
realization 116 / 300 ... accepted 116. Emin=-2.02768501, Emax=265.44439738
realization 117 / 300 ... accepted 117. Emin=-5.89231764, Emax=253.33573207
realization 118 / 300 ... accepted 118. Emin=-9.84251145, Emax=235.82084610
realization 119 / 300 ... accepted 119. Emin=-10.28748694, Emax=245.03385629
realization 120 / 300 ... accepted 120. Emin=-28.92533996, Emax=223.60671526
realization 121 / 300 ... accepted 121. Emin=-19.57872670, Emax=241.09790091
realization 122 / 300 ... accepted 122. Emin=-21.33061355, Emax=234.09764496
realization 123 / 300 ... accepted 123. Emin=6.38572252, Emax=276.11382270
realization 124 / 300 ... accepted 124. Emin=-10.43515593, Emax=245.95661295
realization 125 / 300 ... accepted 125. Emin=-1.97616135, Emax=255.48512190
realization 126 / 300 ... accepted 126. Emin=6.36194825, Emax=267.17179208
realization 127 / 300 ... accepted 127. Emin=-10.89365315, Emax=253.15562823
realization 128 / 300 ... accepted 128. Emin=-3.63307735, Emax=260.54649792
realization 129 / 300 ... accepted 129. Emin=-8.03843441, Emax=247.20148757
realization 130 / 300 ... accepted 130. Emin=7.14424624, Emax=276.64920452
realization 131 / 300 ... accepted 131. Emin=8.22835443, Emax=274.40139719
realization 132 / 300 ... accepted 132. Emin=-7.05881843, Emax=261.44338683
realization 133 / 300 ... accepted 133. Emin=3.48283929, Emax=258.63628597
realization 134 / 300 ... accepted 134. Emin=6.64689244, Emax=268.08289922
realization 135 / 300 ... accepted 135. Emin=-0.11241316, Emax=257.93340548
realization 136 / 300 ... accepted 136. Emin=-3.82549926, Emax=260.51622393
realization 137 / 300 ... accepted 137. Emin=11.76584105, Emax=272.87816553
realization 138 / 300 ... accepted 138. Emin=-7.09283542, Emax=263.88162845
realization 139 / 300 ... accepted 139. Emin=-9.03529950, Emax=249.24593715
realization 140 / 300 ... accepted 140. Emin=-13.91228375, Emax=249.78098427
realization 141 / 300 ... accepted 141. Emin=-2.88304358, Emax=248.09989025
realization 142 / 300 ... accepted 142. Emin=-0.04341989, Emax=259.89313922
realization 143 / 300 ... accepted 143. Emin=7.68377218, Emax=274.39947223
realization 144 / 300 ... accepted 144. Emin=3.86946396, Emax=278.85558036
realization 145 / 300 ... accepted 145. Emin=-10.78885474, Emax=247.97400636
realization 146 / 300 ... accepted 146. Emin=22.64537623, Emax=278.98047827
realization 147 / 300 ... accepted 147. Emin=7.59375112, Emax=272.69329765
realization 148 / 300 ... accepted 148. Emin=16.65700081, Emax=280.27346179
realization 149 / 300 ... accepted 149. Emin=-9.40171237, Emax=256.31811641
realization 150 / 300 ... accepted 150. Emin=-4.22717714, Emax=262.14415891
realization 151 / 300 ... accepted 151. Emin=-4.21243412, Emax=263.75859363
realization 152 / 300 ... accepted 152. Emin=-8.42567717, Emax=250.41039764
realization 153 / 300 ... accepted 153. Emin=-11.60640819, Emax=252.64454269
realization 154 / 300 ... accepted 154. Emin=-8.16328075, Emax=265.70379302
realization 155 / 300 ... accepted 155. Emin=-17.37949863, Emax=230.04663474
realization 156 / 300 ... accepted 156. Emin=10.94642389, Emax=270.32827397
realization 157 / 300 ... accepted 157. Emin=7.25571847, Emax=271.68562387
realization 158 / 300 ... accepted 158. Emin=11.46934790, Emax=259.68233323
realization 159 / 300 ... accepted 159. Emin=-14.95952557, Emax=238.66633120
realization 160 / 300 ... accepted 160. Emin=4.13420278, Emax=266.23930053
realization 161 / 300 ... accepted 161. Emin=3.07859306, Emax=267.67756124
realization 162 / 300 ... accepted 162. Emin=13.03764076, Emax=271.37267589
realization 163 / 300 ... accepted 163. Emin=2.30579073, Emax=257.67641421
realization 164 / 300 ... accepted 164. Emin=-15.60360659, Emax=242.01210353
realization 165 / 300 ... accepted 165. Emin=-6.35389117, Emax=256.65438713
realization 166 / 300 ... accepted 166. Emin=-6.07395320, Emax=259.07842197
realization 167 / 300 ... accepted 167. Emin=-1.52830302, Emax=250.67824665
realization 168 / 300 ... accepted 168. Emin=-8.96692238, Emax=249.59580109
realization 169 / 300 ... accepted 169. Emin=12.56112456, Emax=272.13573180
realization 170 / 300 ... accepted 170. Emin=4.01846218, Emax=272.36299856
realization 171 / 300 ... accepted 171. Emin=-13.64091576, Emax=248.65225096
realization 172 / 300 ... accepted 172. Emin=7.51240749, Emax=272.44016187
realization 173 / 300 ... accepted 173. Emin=4.92291705, Emax=260.39200563
realization 174 / 300 ... accepted 174. Emin=10.04682342, Emax=281.67151151
realization 175 / 300 ... accepted 175. Emin=8.37945010, Emax=272.08687114
realization 176 / 300 ... accepted 176. Emin=-8.63548460, Emax=257.68037640
realization 177 / 300 ... accepted 177. Emin=-13.78738903, Emax=247.08429267
realization 178 / 300 ... accepted 178. Emin=2.81566612, Emax=267.32337795
realization 179 / 300 ... accepted 179. Emin=30.99484717, Emax=279.02088491
realization 180 / 300 ... accepted 180. Emin=-5.32489443, Emax=255.87300604
realization 181 / 300 ... accepted 181. Emin=-3.38386481, Emax=263.23328798
realization 182 / 300 ... accepted 182. Emin=0.60919505, Emax=264.27646276
realization 183 / 300 ... accepted 183. Emin=10.88729913, Emax=273.26344640
realization 184 / 300 ... accepted 184. Emin=-13.01098263, Emax=252.42698003
realization 185 / 300 ... accepted 185. Emin=-4.18056843, Emax=262.62903228
realization 186 / 300 ... accepted 186. Emin=-7.38417926, Emax=250.53097629
realization 187 / 300 ... accepted 187. Emin=8.99051553, Emax=268.82143031
realization 188 / 300 ... accepted 188. Emin=-8.57673958, Emax=250.54928001
realization 189 / 300 ... accepted 189. Emin=6.53817489, Emax=262.08726784
realization 190 / 300 ... accepted 190. Emin=-9.45493617, Emax=253.99574117
realization 191 / 300 ... accepted 191. Emin=-2.65709981, Emax=261.66759632
realization 192 / 300 ... accepted 192. Emin=-5.45159313, Emax=256.42000775
realization 193 / 300 ... accepted 193. Emin=7.63044456, Emax=265.33937750
realization 194 / 300 ... accepted 194. Emin=-14.17218338, Emax=249.54088458
realization 195 / 300 ... accepted 195. Emin=8.09288607, Emax=262.18244557
realization 196 / 300 ... accepted 196. Emin=-3.21015183, Emax=260.90431536
realization 197 / 300 ... accepted 197. Emin=-9.58027596, Emax=251.57459162
realization 198 / 300 ... accepted 198. Emin=9.20160168, Emax=269.80525393
realization 199 / 300 ... accepted 199. Emin=9.81435853, Emax=273.96678880
realization 200 / 300 ... accepted 200. Emin=6.32750304, Emax=260.87408503
realization 201 / 300 ... accepted 201. Emin=11.75740339, Emax=278.35670976
realization 202 / 300 ... accepted 202. Emin=-11.17201323, Emax=245.29979047
realization 203 / 300 ... accepted 203. Emin=-2.40444620, Emax=257.53680363
realization 204 / 300 ... accepted 204. Emin=-3.60463270, Emax=268.29633650
realization 205 / 300 ... accepted 205. Emin=6.54145232, Emax=270.73214728
realization 206 / 300 ... accepted 206. Emin=0.78962873, Emax=258.55445325
realization 207 / 300 ... accepted 207. Emin=7.35586884, Emax=276.97906760
realization 208 / 300 ... accepted 208. Emin=-8.70867351, Emax=245.82915335
realization 209 / 300 ... accepted 209. Emin=5.07345764, Emax=252.81349216
realization 210 / 300 ... accepted 210. Emin=-11.93285835, Emax=246.79300963
realization 211 / 300 ... accepted 211. Emin=3.23032591, Emax=267.94097231
realization 212 / 300 ... accepted 212. Emin=-9.48285980, Emax=253.47623264
realization 213 / 300 ... accepted 213. Emin=13.10797968, Emax=271.99490050
realization 214 / 300 ... accepted 214. Emin=12.02065897, Emax=264.42342531
realization 215 / 300 ... accepted 215. Emin=1.57727595, Emax=262.75959319
realization 216 / 300 ... accepted 216. Emin=-9.89575370, Emax=251.98488493
realization 217 / 300 ... accepted 217. Emin=-14.07710530, Emax=239.94787146
realization 218 / 300 ... accepted 218. Emin=3.96320037, Emax=264.34998556
realization 219 / 300 ... accepted 219. Emin=-14.23163005, Emax=242.04159949
realization 220 / 300 ... accepted 220. Emin=-9.92951071, Emax=252.06936419
realization 221 / 300 ... accepted 221. Emin=2.60646494, Emax=253.70407336
realization 222 / 300 ... accepted 222. Emin=-19.96073558, Emax=235.93264575
realization 223 / 300 ... accepted 223. Emin=9.25496015, Emax=269.22850720
realization 224 / 300 ... accepted 224. Emin=6.69605693, Emax=259.41966546
realization 225 / 300 ... accepted 225. Emin=6.35974017, Emax=261.62901308
realization 226 / 300 ... accepted 226. Emin=-35.10692119, Emax=213.56379006
realization 227 / 300 ... accepted 227. Emin=23.26023696, Emax=280.78378930
realization 228 / 300 ... accepted 228. Emin=6.99113805, Emax=269.83681316
realization 229 / 300 ... accepted 229. Emin=-10.68701156, Emax=253.52406962
realization 230 / 300 ... accepted 230. Emin=17.29404278, Emax=277.12439797
realization 231 / 300 ... accepted 231. Emin=-2.41073674, Emax=260.95678711
realization 232 / 300 ... accepted 232. Emin=-9.31284419, Emax=251.01431603
realization 233 / 300 ... accepted 233. Emin=-13.36009986, Emax=239.95207954
realization 234 / 300 ... accepted 234. Emin=20.86358783, Emax=270.44342353
realization 235 / 300 ... accepted 235. Emin=-14.64151066, Emax=254.85585302
realization 236 / 300 ... accepted 236. Emin=-12.24886286, Emax=247.12655494
realization 237 / 300 ... accepted 237. Emin=2.76020825, Emax=265.14901133
realization 238 / 300 ... accepted 238. Emin=1.71946333, Emax=259.36085711
realization 239 / 300 ... accepted 239. Emin=-0.30847001, Emax=274.48016322
realization 240 / 300 ... accepted 240. Emin=-12.80512139, Emax=248.18945434
realization 241 / 300 ... accepted 241. Emin=-5.03324936, Emax=256.08939866
realization 242 / 300 ... accepted 242. Emin=-19.45521510, Emax=240.10142931
realization 243 / 300 ... accepted 243. Emin=14.48553902, Emax=267.28154665
realization 244 / 300 ... accepted 244. Emin=-10.57136641, Emax=241.98365525
realization 245 / 300 ... accepted 245. Emin=-2.46479244, Emax=261.20066650
realization 246 / 300 ... accepted 246. Emin=25.81732174, Emax=277.73045026
realization 247 / 300 ... accepted 247. Emin=-10.17239572, Emax=247.57995108
realization 248 / 300 ... accepted 248. Emin=9.90541126, Emax=270.61194819
realization 249 / 300 ... accepted 249. Emin=-1.00251576, Emax=270.35501121
realization 250 / 300 ... accepted 250. Emin=-34.03402805, Emax=214.99204074
realization 251 / 300 ... accepted 251. Emin=-11.55284231, Emax=252.89099184
realization 252 / 300 ... accepted 252. Emin=-2.33408385, Emax=257.40978244
realization 253 / 300 ... accepted 253. Emin=-2.53658198, Emax=267.85074808
realization 254 / 300 ... accepted 254. Emin=4.11861328, Emax=273.27269765
realization 255 / 300 ... accepted 255. Emin=7.39060643, Emax=268.77489411
realization 256 / 300 ... accepted 256. Emin=18.09183100, Emax=274.67791629
realization 257 / 300 ... accepted 257. Emin=-18.78847117, Emax=245.54975171
realization 258 / 300 ... accepted 258. Emin=2.25592080, Emax=270.94853753
realization 259 / 300 ... accepted 259. Emin=5.80590041, Emax=261.49831558
realization 260 / 300 ... accepted 260. Emin=-15.60517424, Emax=242.74651625
realization 261 / 300 ... accepted 261. Emin=11.24994670, Emax=276.33987600
realization 262 / 300 ... accepted 262. Emin=-1.21484411, Emax=265.33857517
realization 263 / 300 ... accepted 263. Emin=-24.42389624, Emax=237.10897265
realization 264 / 300 ... accepted 264. Emin=-18.84952776, Emax=243.25166769
realization 265 / 300 ... accepted 265. Emin=-4.94292068, Emax=256.03275662
realization 266 / 300 ... accepted 266. Emin=-15.50815016, Emax=245.24235654
realization 267 / 300 ... accepted 267. Emin=4.64228697, Emax=262.41520709
realization 268 / 300 ... accepted 268. Emin=-2.81925620, Emax=251.18951005
realization 269 / 300 ... accepted 269. Emin=10.30004033, Emax=267.56293281
realization 270 / 300 ... accepted 270. Emin=-11.41032912, Emax=258.53853945
realization 271 / 300 ... accepted 271. Emin=-1.17407025, Emax=260.31244976
realization 272 / 300 ... accepted 272. Emin=7.44089540, Emax=272.07791492
realization 273 / 300 ... accepted 273. Emin=9.44614162, Emax=273.89041694
realization 274 / 300 ... accepted 274. Emin=12.19919831, Emax=276.84965622
realization 275 / 300 ... accepted 275. Emin=11.63563878, Emax=272.00339867
realization 276 / 300 ... accepted 276. Emin=6.54091394, Emax=265.32046582
realization 277 / 300 ... accepted 277. Emin=0.03169288, Emax=248.49857090
realization 278 / 300 ... accepted 278. Emin=-4.06444717, Emax=253.97086406
realization 279 / 300 ... accepted 279. Emin=19.92365767, Emax=280.63003622
realization 280 / 300 ... accepted 280. Emin=6.94980545, Emax=280.12583376
realization 281 / 300 ... accepted 281. Emin=3.40908353, Emax=259.91768173
realization 282 / 300 ... accepted 282. Emin=-6.14575310, Emax=259.06105472
realization 283 / 300 ... accepted 283. Emin=-6.50528548, Emax=262.94884583
realization 284 / 300 ... accepted 284. Emin=-13.92715230, Emax=249.56463598
realization 285 / 300 ... accepted 285. Emin=-0.85535232, Emax=262.34895454
realization 286 / 300 ... accepted 286. Emin=0.42102377, Emax=253.66469920
realization 287 / 300 ... accepted 287. Emin=-21.46163892, Emax=239.65401486
realization 288 / 300 ... accepted 288. Emin=16.68964607, Emax=278.12925726
realization 289 / 300 ... accepted 289. Emin=8.50642600, Emax=266.56942356
realization 290 / 300 ... accepted 290. Emin=-20.90647186, Emax=230.59459905
realization 291 / 300 ... accepted 291. Emin=-7.10490224, Emax=258.98335214
realization 292 / 300 ... accepted 292. Emin=-1.33215225, Emax=275.38526996
realization 293 / 300 ... accepted 293. Emin=-9.29358199, Emax=258.23543784
realization 294 / 300 ... accepted 294. Emin=0.37321771, Emax=267.96832533
realization 295 / 300 ... accepted 295. Emin=5.69301306, Emax=284.11872617
realization 296 / 300 ... accepted 296. Emin=-10.11274049, Emax=260.20964455
realization 297 / 300 ... accepted 297. Emin=6.50013529, Emax=259.29401936
realization 298 / 300 ... accepted 298. Emin=2.52034818, Emax=256.39757408
realization 299 / 300 ... accepted 299. Emin=14.32205417, Emax=261.59120925
realization 300 / 300 ... accepted 300. Emin=15.03485647, Emax=274.31185480
Saved final energies: /home/2/kj405942/POLFED_bosons/pbs_bose_legacy_nmax2_periodic/data/U_40/W_8/L_6/N_6_nmax_2/boundary_periodic/energies_full_U40_L6_N6_nmax2_W8_boundaryperiodic_nreal300.txt
Accepted realizations: 300 / 300
Skipped realizations: 0
Job finished at Sun May 31 17:14:01 UTC 2026
