Job started on w31 at Sun May 31 17:11:40 UTC 2026
PBS_JOBID=7731529.kruk-host.ift-klaster.lan
PBS_O_WORKDIR=/home/2/kj405942/POLFED_bosons
Bose-Hubbard: L=6, N=6, nmax=2, dim=141
t=1, U=40, W=10, nreal=300, boundary=periodic, mode=full
Writing partial results to /home/2/kj405942/POLFED_bosons/pbs_bose_legacy_nmax2_periodic/data/U_40/W_10/L_6/N_6_nmax_2/boundary_periodic/energies_full_U40_L6_N6_nmax2_W10_boundaryperiodic_nreal300_partial.txt
realization 1 / 300 ... accepted 1. Emin=-0.10658874, Emax=271.23214818
realization 2 / 300 ... accepted 2. Emin=-7.05424843, Emax=268.94291280
realization 3 / 300 ... accepted 3. Emin=11.38145956, Emax=271.11273302
realization 4 / 300 ... accepted 4. Emin=-5.25477900, Emax=253.56250472
realization 5 / 300 ... accepted 5. Emin=19.50304017, Emax=284.57374204
realization 6 / 300 ... accepted 6. Emin=8.37475718, Emax=274.67645179
realization 7 / 300 ... accepted 7. Emin=-7.90321639, Emax=265.58608918
realization 8 / 300 ... accepted 8. Emin=6.45248572, Emax=271.77373078
realization 9 / 300 ... accepted 9. Emin=24.29759653, Emax=282.24807856
realization 10 / 300 ... accepted 10. Emin=15.72020905, Emax=278.18574519
realization 11 / 300 ... accepted 11. Emin=-11.97987313, Emax=252.73312281
realization 12 / 300 ... accepted 12. Emin=8.98202206, Emax=274.72214330
realization 13 / 300 ... accepted 13. Emin=7.21564837, Emax=274.15360267
realization 14 / 300 ... accepted 14. Emin=1.02881304, Emax=268.74567700
realization 15 / 300 ... accepted 15. Emin=24.38622041, Emax=280.08941302
realization 16 / 300 ... accepted 16. Emin=-13.29710889, Emax=255.21388788
realization 17 / 300 ... accepted 17. Emin=-7.57950135, Emax=271.78634837
realization 18 / 300 ... accepted 18. Emin=-9.34571654, Emax=267.32794752
realization 19 / 300 ... accepted 19. Emin=-13.71575675, Emax=253.24046424
realization 20 / 300 ... accepted 20. Emin=-7.08473493, Emax=258.18807784
realization 21 / 300 ... accepted 21. Emin=15.27651640, Emax=286.83769346
realization 22 / 300 ... accepted 22. Emin=-31.08667538, Emax=227.60083301
realization 23 / 300 ... accepted 23. Emin=-25.75585733, Emax=227.25791219
realization 24 / 300 ... accepted 24. Emin=-13.95842928, Emax=253.84981434
realization 25 / 300 ... accepted 25. Emin=-19.83227331, Emax=246.89625970
realization 26 / 300 ... accepted 26. Emin=5.05419982, Emax=275.92769042
realization 27 / 300 ... accepted 27. Emin=-13.69892198, Emax=242.15307399
realization 28 / 300 ... accepted 28. Emin=-20.08937979, Emax=240.42337144
realization 29 / 300 ... accepted 29. Emin=19.43387524, Emax=285.14070442
realization 30 / 300 ... accepted 30. Emin=2.61801163, Emax=260.16527328
realization 31 / 300 ... accepted 31. Emin=-26.92161340, Emax=242.03764916
realization 32 / 300 ... accepted 32. Emin=14.92538479, Emax=288.84346313
realization 33 / 300 ... accepted 33. Emin=3.03007551, Emax=271.08649828
realization 34 / 300 ... accepted 34. Emin=-14.32384898, Emax=257.48689746
realization 35 / 300 ... accepted 35. Emin=-3.08528652, Emax=273.44514682
realization 36 / 300 ... accepted 36. Emin=-28.38516013, Emax=224.96807792
realization 37 / 300 ... accepted 37. Emin=-15.38464630, Emax=239.42337979
realization 38 / 300 ... accepted 38. Emin=5.47882006, Emax=262.03602127
realization 39 / 300 ... accepted 39. Emin=-3.22206922, Emax=255.69158343
realization 40 / 300 ... accepted 40. Emin=-25.02050258, Emax=237.90384564
realization 41 / 300 ... accepted 41. Emin=-6.27651840, Emax=270.69773956
realization 42 / 300 ... accepted 42. Emin=-8.31133366, Emax=252.68324870
realization 43 / 300 ... accepted 43. Emin=13.94147942, Emax=285.34673130
realization 44 / 300 ... accepted 44. Emin=11.60120667, Emax=270.41321995
realization 45 / 300 ... accepted 45. Emin=19.78180303, Emax=293.01399785
realization 46 / 300 ... accepted 46. Emin=-17.59878152, Emax=251.09786326
realization 47 / 300 ... accepted 47. Emin=-15.26222131, Emax=255.01547497
realization 48 / 300 ... accepted 48. Emin=-9.30750417, Emax=247.34839228
realization 49 / 300 ... accepted 49. Emin=-6.66557871, Emax=255.72378838
realization 50 / 300 ... accepted 50. Emin=26.81169228, Emax=282.27606190
realization 51 / 300 ... accepted 51. Emin=-8.28716692, Emax=261.76155678
realization 52 / 300 ... accepted 52. Emin=3.58485378, Emax=258.05107270
realization 53 / 300 ... accepted 53. Emin=4.26194141, Emax=264.53980970
realization 54 / 300 ... accepted 54. Emin=-11.21336531, Emax=260.28647089
realization 55 / 300 ... accepted 55. Emin=-5.07586690, Emax=258.82723860
realization 56 / 300 ... accepted 56. Emin=-22.00583955, Emax=241.72372014
realization 57 / 300 ... accepted 57. Emin=15.21584258, Emax=276.05392213
realization 58 / 300 ... accepted 58. Emin=-8.42409714, Emax=267.75624570
realization 59 / 300 ... accepted 59. Emin=7.14606280, Emax=286.08569511
realization 60 / 300 ... accepted 60. Emin=-4.36495477, Emax=266.15379692
realization 61 / 300 ... accepted 61. Emin=-6.07872557, Emax=253.63510335
realization 62 / 300 ... accepted 62. Emin=0.03479008, Emax=276.69143638
realization 63 / 300 ... accepted 63. Emin=1.51806114, Emax=275.00912061
realization 64 / 300 ... accepted 64. Emin=18.88113711, Emax=284.49590339
realization 65 / 300 ... accepted 65. Emin=-9.05939003, Emax=254.54435904
realization 66 / 300 ... accepted 66. Emin=-11.67483024, Emax=257.85793302
realization 67 / 300 ... accepted 67. Emin=-9.24122999, Emax=251.64647206
realization 68 / 300 ... accepted 68. Emin=-14.70269675, Emax=248.05947433
realization 69 / 300 ... accepted 69. Emin=10.49962510, Emax=282.47219707
realization 70 / 300 ... accepted 70. Emin=-2.21355008, Emax=258.63390442
realization 71 / 300 ... accepted 71. Emin=19.04980788, Emax=285.61981125
realization 72 / 300 ... accepted 72. Emin=16.43430575, Emax=277.50556577
realization 73 / 300 ... accepted 73. Emin=-15.15401144, Emax=254.09112618
realization 74 / 300 ... accepted 74. Emin=-6.76200494, Emax=275.66838713
realization 75 / 300 ... accepted 75. Emin=13.41082175, Emax=272.36748214
realization 76 / 300 ... accepted 76. Emin=6.68400341, Emax=267.27573946
realization 77 / 300 ... accepted 77. Emin=1.52589118, Emax=258.15521350
realization 78 / 300 ... accepted 78. Emin=3.09774925, Emax=270.28872459
realization 79 / 300 ... accepted 79. Emin=-23.52170738, Emax=243.99179945
realization 80 / 300 ... accepted 80. Emin=21.05595548, Emax=274.53217881
realization 81 / 300 ... accepted 81. Emin=8.10091603, Emax=291.64226260
realization 82 / 300 ... accepted 82. Emin=-1.93451083, Emax=279.20056732
realization 83 / 300 ... accepted 83. Emin=-1.08586385, Emax=262.35403993
realization 84 / 300 ... accepted 84. Emin=-8.94733803, Emax=271.00880796
realization 85 / 300 ... accepted 85. Emin=-16.28229916, Emax=255.26522602
realization 86 / 300 ... accepted 86. Emin=0.12110446, Emax=258.44588620
realization 87 / 300 ... accepted 87. Emin=-10.99419774, Emax=256.40751153
realization 88 / 300 ... accepted 88. Emin=6.70075212, Emax=272.68168713
realization 89 / 300 ... accepted 89. Emin=20.63041231, Emax=293.98612569
realization 90 / 300 ... accepted 90. Emin=0.38835796, Emax=275.53704551
realization 91 / 300 ... accepted 91. Emin=10.83249070, Emax=270.27245365
realization 92 / 300 ... accepted 92. Emin=4.81202394, Emax=263.89192731
realization 93 / 300 ... accepted 93. Emin=11.15859800, Emax=271.04788234
realization 94 / 300 ... accepted 94. Emin=-8.56137840, Emax=263.59026259
realization 95 / 300 ... accepted 95. Emin=21.44900229, Emax=285.81498685
realization 96 / 300 ... accepted 96. Emin=-13.79374930, Emax=255.92175112
realization 97 / 300 ... accepted 97. Emin=-30.85317916, Emax=220.99777275
realization 98 / 300 ... accepted 98. Emin=13.13263332, Emax=278.52522064
realization 99 / 300 ... accepted 99. Emin=-2.48517136, Emax=256.81181913
realization 100 / 300 ... accepted 100. Emin=-8.88191614, Emax=256.55169551
realization 101 / 300 ... accepted 101. Emin=6.28119160, Emax=278.18172476
realization 102 / 300 ... accepted 102. Emin=0.43557207, Emax=286.15613324
realization 103 / 300 ... accepted 103. Emin=-31.85529361, Emax=218.74893403
realization 104 / 300 ... accepted 104. Emin=-28.21214594, Emax=234.77956364
realization 105 / 300 ... accepted 105. Emin=11.73267749, Emax=289.85214652
realization 106 / 300 ... accepted 106. Emin=21.14869093, Emax=284.89372712
realization 107 / 300 ... accepted 107. Emin=-8.24265051, Emax=257.21446280
realization 108 / 300 ... accepted 108. Emin=17.79313830, Emax=280.78528492
realization 109 / 300 ... accepted 109. Emin=-14.81286186, Emax=250.27102852
realization 110 / 300 ... accepted 110. Emin=8.90128350, Emax=278.90135399
realization 111 / 300 ... accepted 111. Emin=3.25881897, Emax=275.09673791
realization 112 / 300 ... accepted 112. Emin=-2.09606877, Emax=256.96107653
realization 113 / 300 ... accepted 113. Emin=14.98598822, Emax=279.55397294
realization 114 / 300 ... accepted 114. Emin=20.86184340, Emax=281.29803172
realization 115 / 300 ... accepted 115. Emin=-4.37294528, Emax=260.22549136
realization 116 / 300 ... accepted 116. Emin=-4.95862260, Emax=264.72537182
realization 117 / 300 ... accepted 117. Emin=-21.95520816, Emax=235.43247781
realization 118 / 300 ... accepted 118. Emin=-5.11454262, Emax=256.20985467
realization 119 / 300 ... accepted 119. Emin=-13.60380139, Emax=255.18226489
realization 120 / 300 ... accepted 120. Emin=3.12249956, Emax=274.62532708
realization 121 / 300 ... accepted 121. Emin=-28.10377229, Emax=228.62902821
realization 122 / 300 ... accepted 122. Emin=-2.67388501, Emax=256.90602363
realization 123 / 300 ... accepted 123. Emin=-8.51399834, Emax=270.85670366
realization 124 / 300 ... accepted 124. Emin=8.72270970, Emax=264.87810322
realization 125 / 300 ... accepted 125. Emin=15.20015899, Emax=287.15586413
realization 126 / 300 ... accepted 126. Emin=-13.25363671, Emax=257.39034831
realization 127 / 300 ... accepted 127. Emin=17.71969861, Emax=281.72030515
realization 128 / 300 ... accepted 128. Emin=-17.58869535, Emax=254.16972695
realization 129 / 300 ... accepted 129. Emin=22.31483340, Emax=283.67589479
realization 130 / 300 ... accepted 130. Emin=-14.11265259, Emax=256.05396700
realization 131 / 300 ... accepted 131. Emin=-6.00449078, Emax=253.58639637
realization 132 / 300 ... accepted 132. Emin=23.24707846, Emax=281.27381213
realization 133 / 300 ... accepted 133. Emin=26.06990507, Emax=292.86208115
realization 134 / 300 ... accepted 134. Emin=-10.09370339, Emax=248.71245497
realization 135 / 300 ... accepted 135. Emin=-31.55176668, Emax=229.46410330
realization 136 / 300 ... accepted 136. Emin=7.32888791, Emax=260.24145408
realization 137 / 300 ... accepted 137. Emin=-3.31712974, Emax=272.09804452
realization 138 / 300 ... accepted 138. Emin=-3.01316596, Emax=268.92631820
realization 139 / 300 ... accepted 139. Emin=-2.43515167, Emax=271.33194887
realization 140 / 300 ... accepted 140. Emin=3.62852903, Emax=265.02449480
realization 141 / 300 ... accepted 141. Emin=14.75974495, Emax=286.04737189
realization 142 / 300 ... accepted 142. Emin=-14.66157356, Emax=254.51959329
realization 143 / 300 ... accepted 143. Emin=-14.64500319, Emax=257.61962207
realization 144 / 300 ... accepted 144. Emin=7.98999497, Emax=272.86196632
realization 145 / 300 ... accepted 145. Emin=-0.16996187, Emax=270.67566735
realization 146 / 300 ... accepted 146. Emin=-21.26889627, Emax=238.82554827
realization 147 / 300 ... accepted 147. Emin=34.69313605, Emax=289.13031560
realization 148 / 300 ... accepted 148. Emin=2.39467215, Emax=277.46478492
realization 149 / 300 ... accepted 149. Emin=10.67114875, Emax=286.01495064
realization 150 / 300 ... accepted 150. Emin=-11.15986038, Emax=266.26606995
realization 151 / 300 ... accepted 151. Emin=19.70364657, Emax=284.03393414
realization 152 / 300 ... accepted 152. Emin=7.07442536, Emax=278.29513621
realization 153 / 300 ... accepted 153. Emin=-18.06308433, Emax=245.26043743
realization 154 / 300 ... accepted 154. Emin=-8.36807983, Emax=276.73150880
realization 155 / 300 ... accepted 155. Emin=-11.75173960, Emax=248.73643746
realization 156 / 300 ... accepted 156. Emin=-33.67329817, Emax=225.03847164
realization 157 / 300 ... accepted 157. Emin=-18.64578472, Emax=242.25265874
realization 158 / 300 ... accepted 158. Emin=18.59277593, Emax=285.34692348
realization 159 / 300 ... accepted 159. Emin=-2.78251119, Emax=278.00551002
realization 160 / 300 ... accepted 160. Emin=17.99617463, Emax=292.35128241
realization 161 / 300 ... accepted 161. Emin=-3.02035100, Emax=263.52357212
realization 162 / 300 ... accepted 162. Emin=21.19117823, Emax=279.44920115
realization 163 / 300 ... accepted 163. Emin=-5.75444170, Emax=256.40560488
realization 164 / 300 ... accepted 164. Emin=0.43192911, Emax=263.63695909
realization 165 / 300 ... accepted 165. Emin=-8.90823403, Emax=258.35865695
realization 166 / 300 ... accepted 166. Emin=-5.02537161, Emax=257.02044544
realization 167 / 300 ... accepted 167. Emin=21.53101298, Emax=293.64589404
realization 168 / 300 ... accepted 168. Emin=-11.92594660, Emax=254.80091915
realization 169 / 300 ... accepted 169. Emin=-18.68651507, Emax=246.45189401
realization 170 / 300 ... accepted 170. Emin=5.69992988, Emax=274.07445323
realization 171 / 300 ... accepted 171. Emin=1.75243971, Emax=281.19901333
realization 172 / 300 ... accepted 172. Emin=-1.48063591, Emax=274.79494333
realization 173 / 300 ... accepted 173. Emin=-20.19994070, Emax=251.71792395
realization 174 / 300 ... accepted 174. Emin=15.50547648, Emax=281.59585033
realization 175 / 300 ... accepted 175. Emin=-23.76658071, Emax=238.22415899
realization 176 / 300 ... accepted 176. Emin=-21.49887581, Emax=237.30563762
realization 177 / 300 ... accepted 177. Emin=-11.94902897, Emax=260.70402283
realization 178 / 300 ... accepted 178. Emin=-0.97181211, Emax=269.32229677
realization 179 / 300 ... accepted 179. Emin=-10.19277952, Emax=272.39308721
realization 180 / 300 ... accepted 180. Emin=-9.26790223, Emax=249.88825362
realization 181 / 300 ... accepted 181. Emin=-9.52938834, Emax=257.07764410
realization 182 / 300 ... accepted 182. Emin=-27.33597364, Emax=221.23431790
realization 183 / 300 ... accepted 183. Emin=2.73309782, Emax=275.98157807
realization 184 / 300 ... accepted 184. Emin=4.37459623, Emax=263.26300427
realization 185 / 300 ... accepted 185. Emin=-11.78536341, Emax=245.56431217
realization 186 / 300 ... accepted 186. Emin=4.66398297, Emax=271.27310528
realization 187 / 300 ... accepted 187. Emin=-7.55125600, Emax=256.80963007
realization 188 / 300 ... accepted 188. Emin=6.81512083, Emax=273.71172160
realization 189 / 300 ... accepted 189. Emin=18.15490534, Emax=280.44424339
realization 190 / 300 ... accepted 190. Emin=-19.83155089, Emax=252.56062444
realization 191 / 300 ... accepted 191. Emin=1.96855688, Emax=257.27081369
realization 192 / 300 ... accepted 192. Emin=-5.38910430, Emax=274.15729959
realization 193 / 300 ... accepted 193. Emin=-8.11329183, Emax=254.02018658
realization 194 / 300 ... accepted 194. Emin=8.21371189, Emax=272.52402560
realization 195 / 300 ... accepted 195. Emin=-6.97390285, Emax=268.77425765
realization 196 / 300 ... accepted 196. Emin=7.69415753, Emax=274.90092085
realization 197 / 300 ... accepted 197. Emin=-26.59691799, Emax=231.72699278
realization 198 / 300 ... accepted 198. Emin=-27.55679362, Emax=233.56372424
realization 199 / 300 ... accepted 199. Emin=-11.10266558, Emax=258.80328508
realization 200 / 300 ... accepted 200. Emin=6.26450121, Emax=285.23519458
realization 201 / 300 ... accepted 201. Emin=19.86517722, Emax=279.19587564
realization 202 / 300 ... accepted 202. Emin=3.79753095, Emax=260.07980544
realization 203 / 300 ... accepted 203. Emin=1.49418656, Emax=265.07683224
realization 204 / 300 ... accepted 204. Emin=17.85318101, Emax=279.83758725
realization 205 / 300 ... accepted 205. Emin=-3.77048157, Emax=260.95810284
realization 206 / 300 ... accepted 206. Emin=-15.84699952, Emax=252.87611823
realization 207 / 300 ... accepted 207. Emin=-9.98636208, Emax=247.56146573
realization 208 / 300 ... accepted 208. Emin=-4.13352411, Emax=262.14200051
realization 209 / 300 ... accepted 209. Emin=-18.43064569, Emax=250.66913985
realization 210 / 300 ... accepted 210. Emin=-5.14632702, Emax=254.76979493
realization 211 / 300 ... accepted 211. Emin=7.89058207, Emax=269.65622833
realization 212 / 300 ... accepted 212. Emin=6.19559611, Emax=276.71592869
realization 213 / 300 ... accepted 213. Emin=-11.44582711, Emax=251.64192580
realization 214 / 300 ... accepted 214. Emin=-17.19848478, Emax=250.26544428
realization 215 / 300 ... accepted 215. Emin=13.61759263, Emax=283.69168302
realization 216 / 300 ... accepted 216. Emin=-18.97362400, Emax=246.65348002
realization 217 / 300 ... accepted 217. Emin=-5.58989878, Emax=267.67972406
realization 218 / 300 ... accepted 218. Emin=13.37622134, Emax=285.22334886
realization 219 / 300 ... accepted 219. Emin=-5.75646016, Emax=268.75911638
realization 220 / 300 ... accepted 220. Emin=16.62558301, Emax=276.68522661
realization 221 / 300 ... accepted 221. Emin=-5.99543705, Emax=250.97511718
realization 222 / 300 ... accepted 222. Emin=17.30038755, Emax=283.26045194
realization 223 / 300 ... accepted 223. Emin=16.95797604, Emax=293.62219573
realization 224 / 300 ... accepted 224. Emin=-8.78101197, Emax=257.29441498
realization 225 / 300 ... accepted 225. Emin=19.33279209, Emax=288.48222894
realization 226 / 300 ... accepted 226. Emin=-7.73683697, Emax=259.54167747
realization 227 / 300 ... accepted 227. Emin=-4.63996439, Emax=284.56960625
realization 228 / 300 ... accepted 228. Emin=-18.52876342, Emax=238.02837373
realization 229 / 300 ... accepted 229. Emin=-7.59588519, Emax=259.33482827
realization 230 / 300 ... accepted 230. Emin=-24.97243986, Emax=248.56143588
realization 231 / 300 ... accepted 231. Emin=18.48214469, Emax=275.22784665
realization 232 / 300 ... accepted 232. Emin=-12.69258817, Emax=253.15774936
realization 233 / 300 ... accepted 233. Emin=3.60887675, Emax=270.83069105
realization 234 / 300 ... accepted 234. Emin=-1.58345101, Emax=261.59716934
realization 235 / 300 ... accepted 235. Emin=-35.64562554, Emax=218.89279420
realization 236 / 300 ... accepted 236. Emin=4.99547616, Emax=277.73303796
realization 237 / 300 ... accepted 237. Emin=14.95715922, Emax=274.84681313
realization 238 / 300 ... accepted 238. Emin=-3.94572067, Emax=251.96756506
realization 239 / 300 ... accepted 239. Emin=-4.78517844, Emax=267.65748401
realization 240 / 300 ... accepted 240. Emin=12.25568180, Emax=279.03327202
realization 241 / 300 ... accepted 241. Emin=11.24276960, Emax=281.89827005
realization 242 / 300 ... accepted 242. Emin=11.32099372, Emax=273.35060012
realization 243 / 300 ... accepted 243. Emin=1.52531082, Emax=274.78742356
realization 244 / 300 ... accepted 244. Emin=2.64479110, Emax=281.94274848
realization 245 / 300 ... accepted 245. Emin=-0.91632800, Emax=274.97728876
realization 246 / 300 ... accepted 246. Emin=2.62801900, Emax=283.46419094
realization 247 / 300 ... accepted 247. Emin=4.23365573, Emax=278.81834749
realization 248 / 300 ... accepted 248. Emin=-10.78674889, Emax=253.23984625
realization 249 / 300 ... accepted 249. Emin=-10.02784595, Emax=251.78929543
realization 250 / 300 ... accepted 250. Emin=33.53306646, Emax=279.20284153
realization 251 / 300 ... accepted 251. Emin=16.92645280, Emax=295.50721518
realization 252 / 300 ... accepted 252. Emin=12.05966600, Emax=279.66190767
realization 253 / 300 ... accepted 253. Emin=0.41069989, Emax=261.58464546
realization 254 / 300 ... accepted 254. Emin=-13.81792387, Emax=258.11353879
realization 255 / 300 ... accepted 255. Emin=14.39287619, Emax=282.09462642
realization 256 / 300 ... accepted 256. Emin=-8.38857494, Emax=257.31211534
realization 257 / 300 ... accepted 257. Emin=30.76263703, Emax=296.00151115
realization 258 / 300 ... accepted 258. Emin=-2.71528763, Emax=266.32563169
realization 259 / 300 ... accepted 259. Emin=18.18543960, Emax=274.41002484
realization 260 / 300 ... accepted 260. Emin=-5.76555923, Emax=259.94815112
realization 261 / 300 ... accepted 261. Emin=12.68394090, Emax=288.26276541
realization 262 / 300 ... accepted 262. Emin=-6.52199350, Emax=258.19079738
realization 263 / 300 ... accepted 263. Emin=2.75445449, Emax=275.23632829
realization 264 / 300 ... accepted 264. Emin=-7.38245943, Emax=264.82311253
realization 265 / 300 ... accepted 265. Emin=13.55599167, Emax=272.96643274
realization 266 / 300 ... accepted 266. Emin=-0.12321408, Emax=268.36893791
realization 267 / 300 ... accepted 267. Emin=0.81490681, Emax=258.49246393
realization 268 / 300 ... accepted 268. Emin=28.02780633, Emax=292.83564896
realization 269 / 300 ... accepted 269. Emin=-16.06864678, Emax=254.62337793
realization 270 / 300 ... accepted 270. Emin=-22.57530510, Emax=238.50715381
realization 271 / 300 ... accepted 271. Emin=-15.96912446, Emax=254.31445892
realization 272 / 300 ... accepted 272. Emin=-16.40529269, Emax=255.31803072
realization 273 / 300 ... accepted 273. Emin=3.59503015, Emax=280.67966384
realization 274 / 300 ... accepted 274. Emin=9.92039021, Emax=275.23494572
realization 275 / 300 ... accepted 275. Emin=-25.64740330, Emax=241.05346344
realization 276 / 300 ... accepted 276. Emin=-22.21629286, Emax=242.39801659
realization 277 / 300 ... accepted 277. Emin=-1.38420519, Emax=261.62022767
realization 278 / 300 ... accepted 278. Emin=-12.05356840, Emax=266.44216958
realization 279 / 300 ... accepted 279. Emin=-10.02824606, Emax=257.74102221
realization 280 / 300 ... accepted 280. Emin=-38.99168404, Emax=218.94674227
realization 281 / 300 ... accepted 281. Emin=-5.10678201, Emax=267.25427086
realization 282 / 300 ... accepted 282. Emin=-3.79071900, Emax=264.88877020
realization 283 / 300 ... accepted 283. Emin=-13.36101895, Emax=246.78903641
realization 284 / 300 ... accepted 284. Emin=32.95566372, Emax=281.12228047
realization 285 / 300 ... accepted 285. Emin=2.63680775, Emax=276.83754167
realization 286 / 300 ... accepted 286. Emin=-10.23356269, Emax=246.83917814
realization 287 / 300 ... accepted 287. Emin=10.16556771, Emax=271.14514912
realization 288 / 300 ... accepted 288. Emin=-11.84968274, Emax=269.93990542
realization 289 / 300 ... accepted 289. Emin=-12.37108951, Emax=248.99135515
realization 290 / 300 ... accepted 290. Emin=-3.37259207, Emax=251.95748048
realization 291 / 300 ... accepted 291. Emin=14.82563178, Emax=276.29366468
realization 292 / 300 ... accepted 292. Emin=26.62009394, Emax=290.35313288
realization 293 / 300 ... accepted 293. Emin=-3.26701235, Emax=262.61693858
realization 294 / 300 ... accepted 294. Emin=-4.00729073, Emax=265.23637377
realization 295 / 300 ... accepted 295. Emin=-10.03529727, Emax=261.46089252
realization 296 / 300 ... accepted 296. Emin=-32.14949802, Emax=225.00431258
realization 297 / 300 ... accepted 297. Emin=7.21051989, Emax=296.31339800
realization 298 / 300 ... accepted 298. Emin=18.93734379, Emax=280.27650413
realization 299 / 300 ... accepted 299. Emin=-15.95933132, Emax=238.92896075
realization 300 / 300 ... accepted 300. Emin=-28.15051282, Emax=230.87865582
Saved final energies: /home/2/kj405942/POLFED_bosons/pbs_bose_legacy_nmax2_periodic/data/U_40/W_10/L_6/N_6_nmax_2/boundary_periodic/energies_full_U40_L6_N6_nmax2_W10_boundaryperiodic_nreal300.txt
Accepted realizations: 300 / 300
Skipped realizations: 0
Job finished at Sun May 31 17:14:02 UTC 2026
