Job started on w31 at Sun May 31 17:11:40 UTC 2026
PBS_JOBID=7731520.kruk-host.ift-klaster.lan
PBS_O_WORKDIR=/home/2/kj405942/POLFED_bosons
Bose-Hubbard: L=6, N=6, nmax=2, dim=141
t=1, U=40, W=1, nreal=300, boundary=periodic, mode=full
Writing partial results to /home/2/kj405942/POLFED_bosons/pbs_bose_legacy_nmax2_periodic/data/U_40/W_1/L_6/N_6_nmax_2/boundary_periodic/energies_full_U40_L6_N6_nmax2_W1_boundaryperiodic_nreal300_partial.txt
realization 1 / 300 ... accepted 1. Emin=0.64731130, Emax=244.31995914
realization 2 / 300 ... accepted 2. Emin=1.00751878, Emax=245.11135045
realization 3 / 300 ... accepted 3. Emin=0.66975141, Emax=244.25801182
realization 4 / 300 ... accepted 4. Emin=-3.11312482, Emax=238.07148505
realization 5 / 300 ... accepted 5. Emin=-0.37254229, Emax=242.40510035
realization 6 / 300 ... accepted 6. Emin=-0.79539469, Emax=243.79502613
realization 7 / 300 ... accepted 7. Emin=-2.44311969, Emax=239.40069506
realization 8 / 300 ... accepted 8. Emin=-1.82577782, Emax=241.62032426
realization 9 / 300 ... accepted 9. Emin=1.06665199, Emax=244.44449939
realization 10 / 300 ... accepted 10. Emin=-0.49323766, Emax=242.97037858
realization 11 / 300 ... accepted 11. Emin=-0.17103417, Emax=241.35144043
realization 12 / 300 ... accepted 12. Emin=0.56007694, Emax=242.85240251
realization 13 / 300 ... accepted 13. Emin=-1.13820460, Emax=241.97990770
realization 14 / 300 ... accepted 14. Emin=-3.74643272, Emax=238.79473962
realization 15 / 300 ... accepted 15. Emin=-0.21824709, Emax=244.31888021
realization 16 / 300 ... accepted 16. Emin=-1.36037274, Emax=241.66781023
realization 17 / 300 ... accepted 17. Emin=1.67135277, Emax=244.19347538
realization 18 / 300 ... accepted 18. Emin=-0.00732012, Emax=241.88751593
realization 19 / 300 ... accepted 19. Emin=-0.03223922, Emax=243.81862537
realization 20 / 300 ... accepted 20. Emin=1.75347224, Emax=244.15507773
realization 21 / 300 ... accepted 21. Emin=-0.53058016, Emax=242.56667874
realization 22 / 300 ... accepted 22. Emin=0.26463376, Emax=242.90569508
realization 23 / 300 ... accepted 23. Emin=0.71692531, Emax=243.72323402
realization 24 / 300 ... accepted 24. Emin=-0.87104852, Emax=242.64100001
realization 25 / 300 ... accepted 25. Emin=-1.71933835, Emax=240.20863562
realization 26 / 300 ... accepted 26. Emin=-1.92344137, Emax=240.66134833
realization 27 / 300 ... accepted 27. Emin=1.14991181, Emax=244.61283864
realization 28 / 300 ... accepted 28. Emin=-1.88651080, Emax=241.66529815
realization 29 / 300 ... accepted 29. Emin=1.30231536, Emax=244.58591514
realization 30 / 300 ... accepted 30. Emin=0.81127428, Emax=244.32696362
realization 31 / 300 ... accepted 31. Emin=-0.70853578, Emax=242.56820828
realization 32 / 300 ... accepted 32. Emin=0.43552471, Emax=244.45438766
realization 33 / 300 ... accepted 33. Emin=-2.31543671, Emax=240.45909722
realization 34 / 300 ... accepted 34. Emin=-0.58929366, Emax=242.11171017
realization 35 / 300 ... accepted 35. Emin=0.61786314, Emax=243.47288163
realization 36 / 300 ... accepted 36. Emin=-0.92705161, Emax=241.83199247
realization 37 / 300 ... accepted 37. Emin=0.64317826, Emax=243.95941534
realization 38 / 300 ... accepted 38. Emin=-1.61094626, Emax=241.64460884
realization 39 / 300 ... accepted 39. Emin=1.68661034, Emax=244.64414017
realization 40 / 300 ... accepted 40. Emin=0.43455321, Emax=243.61978826
realization 41 / 300 ... accepted 41. Emin=-0.94398013, Emax=242.89519643
realization 42 / 300 ... accepted 42. Emin=0.57483191, Emax=242.63755039
realization 43 / 300 ... accepted 43. Emin=1.25611028, Emax=242.63896510
realization 44 / 300 ... accepted 44. Emin=1.57620579, Emax=244.23517538
realization 45 / 300 ... accepted 45. Emin=0.49152801, Emax=242.88509453
realization 46 / 300 ... accepted 46. Emin=0.69836396, Emax=243.55763233
realization 47 / 300 ... accepted 47. Emin=-0.49112675, Emax=242.10444115
realization 48 / 300 ... accepted 48. Emin=-2.76899064, Emax=240.29921500
realization 49 / 300 ... accepted 49. Emin=-1.14310716, Emax=242.63289895
realization 50 / 300 ... accepted 50. Emin=-0.04653408, Emax=243.90327830
realization 51 / 300 ... accepted 51. Emin=-0.41886743, Emax=242.87613860
realization 52 / 300 ... accepted 52. Emin=-0.72926722, Emax=242.23276647
realization 53 / 300 ... accepted 53. Emin=-0.80087536, Emax=241.52107073
realization 54 / 300 ... accepted 54. Emin=0.00586870, Emax=242.79995510
realization 55 / 300 ... accepted 55. Emin=0.20505630, Emax=243.61935146
realization 56 / 300 ... accepted 56. Emin=-0.51144059, Emax=243.93870883
realization 57 / 300 ... accepted 57. Emin=-1.92764727, Emax=241.29788541
realization 58 / 300 ... accepted 58. Emin=-2.11023038, Emax=240.44555056
realization 59 / 300 ... accepted 59. Emin=-1.94566127, Emax=239.47568644
realization 60 / 300 ... accepted 60. Emin=-0.31860866, Emax=242.01724560
realization 61 / 300 ... accepted 61. Emin=1.67486827, Emax=245.26555901
realization 62 / 300 ... accepted 62. Emin=1.11201826, Emax=244.38331245
realization 63 / 300 ... accepted 63. Emin=-1.47324696, Emax=241.22756554
realization 64 / 300 ... accepted 64. Emin=-0.07088735, Emax=243.43962429
realization 65 / 300 ... accepted 65. Emin=-1.09197807, Emax=242.10535001
realization 66 / 300 ... accepted 66. Emin=-0.83471928, Emax=242.68773810
realization 67 / 300 ... accepted 67. Emin=0.15156455, Emax=243.63917247
realization 68 / 300 ... accepted 68. Emin=-1.81270467, Emax=242.14862347
realization 69 / 300 ... accepted 69. Emin=0.70783530, Emax=243.64150641
realization 70 / 300 ... accepted 70. Emin=0.11646628, Emax=243.84636514
realization 71 / 300 ... accepted 71. Emin=0.39640868, Emax=242.61369189
realization 72 / 300 ... accepted 72. Emin=-1.19764300, Emax=241.64530329
realization 73 / 300 ... accepted 73. Emin=0.08836153, Emax=244.62064703
realization 74 / 300 ... accepted 74. Emin=-1.52762880, Emax=240.97025452
realization 75 / 300 ... accepted 75. Emin=-1.97523452, Emax=241.04576756
realization 76 / 300 ... accepted 76. Emin=-1.15907596, Emax=241.25169684
realization 77 / 300 ... accepted 77. Emin=-0.72569914, Emax=241.39527589
realization 78 / 300 ... accepted 78. Emin=-1.04021465, Emax=241.40645201
realization 79 / 300 ... accepted 79. Emin=-0.72711840, Emax=241.64118559
realization 80 / 300 ... accepted 80. Emin=-0.96903716, Emax=241.98461584
realization 81 / 300 ... accepted 81. Emin=-1.36304617, Emax=242.19446373
realization 82 / 300 ... accepted 82. Emin=1.89833055, Emax=244.44848385
realization 83 / 300 ... accepted 83. Emin=-1.12331320, Emax=241.05515086
realization 84 / 300 ... accepted 84. Emin=-1.36498054, Emax=241.85829653
realization 85 / 300 ... accepted 85. Emin=-1.53998043, Emax=241.74694065
realization 86 / 300 ... accepted 86. Emin=-1.30343883, Emax=241.42098746
realization 87 / 300 ... accepted 87. Emin=-1.61717614, Emax=240.89287289
realization 88 / 300 ... accepted 88. Emin=1.57125370, Emax=244.03500801
realization 89 / 300 ... accepted 89. Emin=-2.01554102, Emax=240.25760186
realization 90 / 300 ... accepted 90. Emin=-0.58034894, Emax=243.85090333
realization 91 / 300 ... accepted 91. Emin=-1.79390381, Emax=242.27345820
realization 92 / 300 ... accepted 92. Emin=0.00938466, Emax=243.04865434
realization 93 / 300 ... accepted 93. Emin=-0.32496136, Emax=244.06372793
realization 94 / 300 ... accepted 94. Emin=0.63313437, Emax=242.88336437
realization 95 / 300 ... accepted 95. Emin=-0.02057110, Emax=242.75150428
realization 96 / 300 ... accepted 96. Emin=-1.67552782, Emax=241.07409224
realization 97 / 300 ... accepted 97. Emin=1.21657840, Emax=243.53388921
realization 98 / 300 ... accepted 98. Emin=2.52558631, Emax=245.19784828
realization 99 / 300 ... accepted 99. Emin=-1.24425685, Emax=241.74536297
realization 100 / 300 ... accepted 100. Emin=-1.35592287, Emax=240.70990862
realization 101 / 300 ... accepted 101. Emin=-1.72474967, Emax=242.00758977
realization 102 / 300 ... accepted 102. Emin=-1.36050881, Emax=242.22793107
realization 103 / 300 ... accepted 103. Emin=-0.74648403, Emax=242.14066421
realization 104 / 300 ... accepted 104. Emin=-1.43753393, Emax=241.46207162
realization 105 / 300 ... accepted 105. Emin=0.22399989, Emax=243.41398909
realization 106 / 300 ... accepted 106. Emin=0.52279248, Emax=243.64093729
realization 107 / 300 ... accepted 107. Emin=1.49348609, Emax=244.92387343
realization 108 / 300 ... accepted 108. Emin=-0.25151176, Emax=243.09107544
realization 109 / 300 ... accepted 109. Emin=-0.82799079, Emax=243.71002850
realization 110 / 300 ... accepted 110. Emin=1.27963058, Emax=244.50019512
realization 111 / 300 ... accepted 111. Emin=-0.02217110, Emax=242.02085367
realization 112 / 300 ... accepted 112. Emin=1.84340901, Emax=244.42703435
realization 113 / 300 ... accepted 113. Emin=-0.49822654, Emax=241.38660107
realization 114 / 300 ... accepted 114. Emin=0.11888971, Emax=242.67375102
realization 115 / 300 ... accepted 115. Emin=1.09396204, Emax=244.28974246
realization 116 / 300 ... accepted 116. Emin=-0.28338826, Emax=242.64303335
realization 117 / 300 ... accepted 117. Emin=-1.08114427, Emax=241.62149768
realization 118 / 300 ... accepted 118. Emin=-0.70444559, Emax=242.42634132
realization 119 / 300 ... accepted 119. Emin=-1.42414664, Emax=241.51548442
realization 120 / 300 ... accepted 120. Emin=2.14167721, Emax=244.20329457
realization 121 / 300 ... accepted 121. Emin=0.66493419, Emax=242.69546851
realization 122 / 300 ... accepted 122. Emin=-1.90778537, Emax=241.22318951
realization 123 / 300 ... accepted 123. Emin=-0.83138837, Emax=243.53725516
realization 124 / 300 ... accepted 124. Emin=1.83126704, Emax=244.22469381
realization 125 / 300 ... accepted 125. Emin=-2.39497353, Emax=240.14811976
realization 126 / 300 ... accepted 126. Emin=-1.39495017, Emax=241.67688953
realization 127 / 300 ... accepted 127. Emin=-2.05453868, Emax=241.98787868
realization 128 / 300 ... accepted 128. Emin=-1.20558191, Emax=241.48099528
realization 129 / 300 ... accepted 129. Emin=1.76405441, Emax=244.23707349
realization 130 / 300 ... accepted 130. Emin=-1.54692812, Emax=241.21548330
realization 131 / 300 ... accepted 131. Emin=0.27628325, Emax=242.17071926
realization 132 / 300 ... accepted 132. Emin=-1.17481862, Emax=241.89128597
realization 133 / 300 ... accepted 133. Emin=0.06719652, Emax=242.76826889
realization 134 / 300 ... accepted 134. Emin=1.42480406, Emax=244.13613375
realization 135 / 300 ... accepted 135. Emin=-0.07305856, Emax=244.68330276
realization 136 / 300 ... accepted 136. Emin=0.79375385, Emax=243.33989329
realization 137 / 300 ... accepted 137. Emin=-0.89607840, Emax=241.45543733
realization 138 / 300 ... accepted 138. Emin=-2.63110381, Emax=240.21772110
realization 139 / 300 ... accepted 139. Emin=0.07379047, Emax=243.95005876
realization 140 / 300 ... accepted 140. Emin=-0.36634182, Emax=242.56355446
realization 141 / 300 ... accepted 141. Emin=-1.93304100, Emax=240.45370309
realization 142 / 300 ... accepted 142. Emin=-1.33995087, Emax=241.75206626
realization 143 / 300 ... accepted 143. Emin=-1.45529327, Emax=242.51902657
realization 144 / 300 ... accepted 144. Emin=1.74161055, Emax=244.86932566
realization 145 / 300 ... accepted 145. Emin=-0.38078016, Emax=242.51074900
realization 146 / 300 ... accepted 146. Emin=-0.43557800, Emax=243.04968145
realization 147 / 300 ... accepted 147. Emin=-1.28382090, Emax=242.44777309
realization 148 / 300 ... accepted 148. Emin=0.17930341, Emax=243.83107307
realization 149 / 300 ... accepted 149. Emin=-2.65526372, Emax=239.78396496
realization 150 / 300 ... accepted 150. Emin=-0.77951668, Emax=241.62225734
realization 151 / 300 ... accepted 151. Emin=-1.48400123, Emax=241.76523210
realization 152 / 300 ... accepted 152. Emin=1.17579171, Emax=243.83212698
realization 153 / 300 ... accepted 153. Emin=0.53012981, Emax=242.33991490
realization 154 / 300 ... accepted 154. Emin=-1.47511067, Emax=240.31319522
realization 155 / 300 ... accepted 155. Emin=-2.13289784, Emax=239.65392645
realization 156 / 300 ... accepted 156. Emin=1.24692503, Emax=244.20051620
realization 157 / 300 ... accepted 157. Emin=-2.46960240, Emax=239.66222192
realization 158 / 300 ... accepted 158. Emin=-0.25361235, Emax=243.81485424
realization 159 / 300 ... accepted 159. Emin=1.90840756, Emax=245.65580785
realization 160 / 300 ... accepted 160. Emin=0.98642595, Emax=244.12103596
realization 161 / 300 ... accepted 161. Emin=0.49929015, Emax=242.62540755
realization 162 / 300 ... accepted 162. Emin=0.75526726, Emax=244.05735809
realization 163 / 300 ... accepted 163. Emin=-2.25200619, Emax=241.40681513
realization 164 / 300 ... accepted 164. Emin=-1.53586152, Emax=240.80506010
realization 165 / 300 ... accepted 165. Emin=-2.06941211, Emax=240.38848758
realization 166 / 300 ... accepted 166. Emin=-3.02101536, Emax=239.56550453
realization 167 / 300 ... accepted 167. Emin=-0.56776593, Emax=241.03321793
realization 168 / 300 ... accepted 168. Emin=-0.89446554, Emax=242.64664157
realization 169 / 300 ... accepted 169. Emin=0.19237639, Emax=244.12001033
realization 170 / 300 ... accepted 170. Emin=-1.43058390, Emax=241.73321153
realization 171 / 300 ... accepted 171. Emin=-1.67850523, Emax=241.73738480
realization 172 / 300 ... accepted 172. Emin=3.68662327, Emax=245.56098515
realization 173 / 300 ... accepted 173. Emin=2.73981570, Emax=245.45005395
realization 174 / 300 ... accepted 174. Emin=-0.31123692, Emax=243.27085347
realization 175 / 300 ... accepted 175. Emin=0.16584966, Emax=243.69710349
realization 176 / 300 ... accepted 176. Emin=1.30728845, Emax=243.30119815
realization 177 / 300 ... accepted 177. Emin=-0.43423778, Emax=241.34477031
realization 178 / 300 ... accepted 178. Emin=1.74326202, Emax=243.68002509
realization 179 / 300 ... accepted 179. Emin=0.85742538, Emax=244.30208177
realization 180 / 300 ... accepted 180. Emin=-1.87567030, Emax=240.92455288
realization 181 / 300 ... accepted 181. Emin=-0.72581544, Emax=241.69338450
realization 182 / 300 ... accepted 182. Emin=1.00232367, Emax=244.24821650
realization 183 / 300 ... accepted 183. Emin=1.45616804, Emax=244.41931208
realization 184 / 300 ... accepted 184. Emin=0.31624503, Emax=243.48859741
realization 185 / 300 ... accepted 185. Emin=-1.41910200, Emax=241.63474066
realization 186 / 300 ... accepted 186. Emin=0.72091910, Emax=243.94777966
realization 187 / 300 ... accepted 187. Emin=1.59498022, Emax=244.08976074
realization 188 / 300 ... accepted 188. Emin=0.13025100, Emax=242.79518593
realization 189 / 300 ... accepted 189. Emin=0.53832427, Emax=242.38439346
realization 190 / 300 ... accepted 190. Emin=-0.19660422, Emax=243.15009111
realization 191 / 300 ... accepted 191. Emin=-0.27139061, Emax=242.39290339
realization 192 / 300 ... accepted 192. Emin=-1.28699679, Emax=242.67989296
realization 193 / 300 ... accepted 193. Emin=-0.00721003, Emax=242.51413244
realization 194 / 300 ... accepted 194. Emin=1.92935181, Emax=243.55603875
realization 195 / 300 ... accepted 195. Emin=-1.90131167, Emax=240.84281989
realization 196 / 300 ... accepted 196. Emin=-3.25711192, Emax=238.04401882
realization 197 / 300 ... accepted 197. Emin=0.80785859, Emax=243.29806143
realization 198 / 300 ... accepted 198. Emin=0.48601303, Emax=242.79913784
realization 199 / 300 ... accepted 199. Emin=1.35149061, Emax=245.08994612
realization 200 / 300 ... accepted 200. Emin=0.18380076, Emax=242.97107400
realization 201 / 300 ... accepted 201. Emin=1.31986077, Emax=243.35211350
realization 202 / 300 ... accepted 202. Emin=-0.29678044, Emax=241.52474522
realization 203 / 300 ... accepted 203. Emin=-2.77965234, Emax=239.79095685
realization 204 / 300 ... accepted 204. Emin=1.27219384, Emax=244.40909409
realization 205 / 300 ... accepted 205. Emin=0.20626424, Emax=243.30239034
realization 206 / 300 ... accepted 206. Emin=-0.31411880, Emax=242.74498156
realization 207 / 300 ... accepted 207. Emin=1.62863117, Emax=243.89780498
realization 208 / 300 ... accepted 208. Emin=1.54601508, Emax=243.65553526
realization 209 / 300 ... accepted 209. Emin=-2.66575960, Emax=240.29654456
realization 210 / 300 ... accepted 210. Emin=-1.10440284, Emax=242.09158902
realization 211 / 300 ... accepted 211. Emin=0.18153968, Emax=243.13589092
realization 212 / 300 ... accepted 212. Emin=-1.10083742, Emax=241.78862649
realization 213 / 300 ... accepted 213. Emin=-2.91462975, Emax=239.42075937
realization 214 / 300 ... accepted 214. Emin=-0.45747550, Emax=243.72653259
realization 215 / 300 ... accepted 215. Emin=2.03991547, Emax=245.60803950
realization 216 / 300 ... accepted 216. Emin=-0.36297636, Emax=242.29598880
realization 217 / 300 ... accepted 217. Emin=0.31015484, Emax=242.62531340
realization 218 / 300 ... accepted 218. Emin=0.70811384, Emax=243.63103826
realization 219 / 300 ... accepted 219. Emin=-0.07732428, Emax=242.98916939
realization 220 / 300 ... accepted 220. Emin=1.26878042, Emax=244.49322877
realization 221 / 300 ... accepted 221. Emin=2.20440622, Emax=245.08869681
realization 222 / 300 ... accepted 222. Emin=-0.35649318, Emax=242.66590180
realization 223 / 300 ... accepted 223. Emin=1.75677711, Emax=243.92418942
realization 224 / 300 ... accepted 224. Emin=1.07485137, Emax=243.75819071
realization 225 / 300 ... accepted 225. Emin=-0.80218622, Emax=241.42881605
realization 226 / 300 ... accepted 226. Emin=-0.19021395, Emax=243.13968705
realization 227 / 300 ... accepted 227. Emin=-0.43876592, Emax=242.85365097
realization 228 / 300 ... accepted 228. Emin=-0.62767264, Emax=243.30753872
realization 229 / 300 ... accepted 229. Emin=0.44947598, Emax=243.62235061
realization 230 / 300 ... accepted 230. Emin=-0.74359258, Emax=241.07426788
realization 231 / 300 ... accepted 231. Emin=-2.11351696, Emax=240.72922723
realization 232 / 300 ... accepted 232. Emin=-1.08744330, Emax=242.83548011
realization 233 / 300 ... accepted 233. Emin=0.76353952, Emax=243.67168845
realization 234 / 300 ... accepted 234. Emin=0.74379319, Emax=244.95090708
realization 235 / 300 ... accepted 235. Emin=1.23015575, Emax=245.08484813
realization 236 / 300 ... accepted 236. Emin=-0.77884638, Emax=242.39927279
realization 237 / 300 ... accepted 237. Emin=-0.92134567, Emax=242.33144229
realization 238 / 300 ... accepted 238. Emin=-0.51809607, Emax=242.68626116
realization 239 / 300 ... accepted 239. Emin=1.17463670, Emax=244.80183700
realization 240 / 300 ... accepted 240. Emin=0.43651078, Emax=243.26269513
realization 241 / 300 ... accepted 241. Emin=2.65001174, Emax=245.35774171
realization 242 / 300 ... accepted 242. Emin=-1.93861953, Emax=241.50759747
realization 243 / 300 ... accepted 243. Emin=-0.14197313, Emax=242.10242279
realization 244 / 300 ... accepted 244. Emin=0.92581798, Emax=243.78189727
realization 245 / 300 ... accepted 245. Emin=0.31201487, Emax=243.47165471
realization 246 / 300 ... accepted 246. Emin=-1.85194221, Emax=240.91061495
realization 247 / 300 ... accepted 247. Emin=-0.26860750, Emax=243.43997385
realization 248 / 300 ... accepted 248. Emin=0.87510561, Emax=243.37893168
realization 249 / 300 ... accepted 249. Emin=-1.43608777, Emax=240.81270608
realization 250 / 300 ... accepted 250. Emin=0.20865880, Emax=242.49304637
realization 251 / 300 ... accepted 251. Emin=-0.19338530, Emax=243.02974830
realization 252 / 300 ... accepted 252. Emin=-0.24677770, Emax=242.90112347
realization 253 / 300 ... accepted 253. Emin=0.22587604, Emax=243.11910575
realization 254 / 300 ... accepted 254. Emin=-0.22760390, Emax=242.71283995
realization 255 / 300 ... accepted 255. Emin=-0.43864326, Emax=244.08447055
realization 256 / 300 ... accepted 256. Emin=0.70113377, Emax=242.83341383
realization 257 / 300 ... accepted 257. Emin=-0.13482725, Emax=242.93423840
realization 258 / 300 ... accepted 258. Emin=-0.51031222, Emax=242.48354049
realization 259 / 300 ... accepted 259. Emin=2.97941077, Emax=245.24515620
realization 260 / 300 ... accepted 260. Emin=0.25534184, Emax=244.17369238
realization 261 / 300 ... accepted 261. Emin=-0.64509363, Emax=241.94433031
realization 262 / 300 ... accepted 262. Emin=1.16659946, Emax=244.16230868
realization 263 / 300 ... accepted 263. Emin=-1.85792152, Emax=240.73165090
realization 264 / 300 ... accepted 264. Emin=1.83315011, Emax=243.88426111
realization 265 / 300 ... accepted 265. Emin=0.11545402, Emax=242.07298981
realization 266 / 300 ... accepted 266. Emin=-0.55775256, Emax=242.57558578
realization 267 / 300 ... accepted 267. Emin=1.23415723, Emax=244.21231470
realization 268 / 300 ... accepted 268. Emin=-0.45882622, Emax=240.96976246
realization 269 / 300 ... accepted 269. Emin=1.19215358, Emax=244.59735352
realization 270 / 300 ... accepted 270. Emin=-0.18318093, Emax=242.69195317
realization 271 / 300 ... accepted 271. Emin=1.17542777, Emax=244.63546876
realization 272 / 300 ... accepted 272. Emin=-1.36846829, Emax=241.50593256
realization 273 / 300 ... accepted 273. Emin=0.54794695, Emax=243.84487798
realization 274 / 300 ... accepted 274. Emin=-1.80051381, Emax=241.69353597
realization 275 / 300 ... accepted 275. Emin=1.37111492, Emax=243.11378297
realization 276 / 300 ... accepted 276. Emin=-1.83934302, Emax=241.15889685
realization 277 / 300 ... accepted 277. Emin=0.22454654, Emax=243.33431099
realization 278 / 300 ... accepted 278. Emin=0.13218502, Emax=243.36072643
realization 279 / 300 ... accepted 279. Emin=-1.59925265, Emax=240.94988618
realization 280 / 300 ... accepted 280. Emin=1.09650228, Emax=244.07316811
realization 281 / 300 ... accepted 281. Emin=0.82009129, Emax=243.15324247
realization 282 / 300 ... accepted 282. Emin=-0.73710469, Emax=240.65454192
realization 283 / 300 ... accepted 283. Emin=1.81170528, Emax=244.85154521
realization 284 / 300 ... accepted 284. Emin=2.46710635, Emax=244.07078483
realization 285 / 300 ... accepted 285. Emin=-0.71650653, Emax=242.04811299
realization 286 / 300 ... accepted 286. Emin=0.06611162, Emax=243.24020738
realization 287 / 300 ... accepted 287. Emin=-0.96319307, Emax=241.79012078
realization 288 / 300 ... accepted 288. Emin=0.58229722, Emax=243.38953557
realization 289 / 300 ... accepted 289. Emin=1.81889692, Emax=243.79795344
realization 290 / 300 ... accepted 290. Emin=-3.18513573, Emax=239.71822350
realization 291 / 300 ... accepted 291. Emin=-1.04875697, Emax=241.28982522
realization 292 / 300 ... accepted 292. Emin=-0.44252849, Emax=242.26265880
realization 293 / 300 ... accepted 293. Emin=-1.49099801, Emax=242.60354379
realization 294 / 300 ... accepted 294. Emin=-0.06749801, Emax=244.09170384
realization 295 / 300 ... accepted 295. Emin=0.42069659, Emax=242.82416860
realization 296 / 300 ... accepted 296. Emin=0.21471660, Emax=244.02825719
realization 297 / 300 ... accepted 297. Emin=-0.33865077, Emax=242.33974110
realization 298 / 300 ... accepted 298. Emin=0.72242672, Emax=244.03587501
realization 299 / 300 ... accepted 299. Emin=-0.30687668, Emax=243.11390549
realization 300 / 300 ... accepted 300. Emin=-0.63980671, Emax=242.48080837
Saved final energies: /home/2/kj405942/POLFED_bosons/pbs_bose_legacy_nmax2_periodic/data/U_40/W_1/L_6/N_6_nmax_2/boundary_periodic/energies_full_U40_L6_N6_nmax2_W1_boundaryperiodic_nreal300.txt
Accepted realizations: 300 / 300
Skipped realizations: 0
Job finished at Sun May 31 17:14:02 UTC 2026
