Job started on w31 at Sun May 31 17:11:40 UTC 2026
PBS_JOBID=7731528.kruk-host.ift-klaster.lan
PBS_O_WORKDIR=/home/2/kj405942/POLFED_bosons
Bose-Hubbard: L=6, N=6, nmax=2, dim=141
t=1, U=40, W=9, nreal=300, boundary=periodic, mode=full
Writing partial results to /home/2/kj405942/POLFED_bosons/pbs_bose_legacy_nmax2_periodic/data/U_40/W_9/L_6/N_6_nmax_2/boundary_periodic/energies_full_U40_L6_N6_nmax2_W9_boundaryperiodic_nreal300_partial.txt
realization 1 / 300 ... accepted 1. Emin=-20.42882783, Emax=240.21458478
realization 2 / 300 ... accepted 2. Emin=8.76469977, Emax=263.41829981
realization 3 / 300 ... accepted 3. Emin=-8.42599601, Emax=255.02048932
realization 4 / 300 ... accepted 4. Emin=11.33648841, Emax=278.54014423
realization 5 / 300 ... accepted 5. Emin=-7.12370075, Emax=250.09782471
realization 6 / 300 ... accepted 6. Emin=14.83010764, Emax=278.08549713
realization 7 / 300 ... accepted 7. Emin=-13.34896247, Emax=249.24170022
realization 8 / 300 ... accepted 8. Emin=19.62743764, Emax=279.61369865
realization 9 / 300 ... accepted 9. Emin=8.78978344, Emax=269.30793379
realization 10 / 300 ... accepted 10. Emin=-2.98118836, Emax=246.62386683
realization 11 / 300 ... accepted 11. Emin=-14.92816349, Emax=250.37752656
realization 12 / 300 ... accepted 12. Emin=-6.88571243, Emax=271.07106445
realization 13 / 300 ... accepted 13. Emin=10.16665611, Emax=273.12753280
realization 14 / 300 ... accepted 14. Emin=-6.76734125, Emax=257.53230442
realization 15 / 300 ... accepted 15. Emin=17.57323840, Emax=283.91361180
realization 16 / 300 ... accepted 16. Emin=12.90081676, Emax=274.49140042
realization 17 / 300 ... accepted 17. Emin=2.77765906, Emax=254.66326050
realization 18 / 300 ... accepted 18. Emin=5.65910757, Emax=280.38643083
realization 19 / 300 ... accepted 19. Emin=6.56867913, Emax=275.48326117
realization 20 / 300 ... accepted 20. Emin=-16.57544715, Emax=251.95507525
realization 21 / 300 ... accepted 21. Emin=-3.57253368, Emax=256.81867529
realization 22 / 300 ... accepted 22. Emin=0.73554216, Emax=267.81270906
realization 23 / 300 ... accepted 23. Emin=24.31518519, Emax=280.30203976
realization 24 / 300 ... accepted 24. Emin=-19.16095404, Emax=241.16503964
realization 25 / 300 ... accepted 25. Emin=-26.94025382, Emax=228.00575301
realization 26 / 300 ... accepted 26. Emin=-4.33043755, Emax=260.56456329
realization 27 / 300 ... accepted 27. Emin=25.45026769, Emax=282.52513685
realization 28 / 300 ... accepted 28. Emin=-1.64147501, Emax=278.45781187
realization 29 / 300 ... accepted 29. Emin=8.11127551, Emax=282.74647552
realization 30 / 300 ... accepted 30. Emin=-11.58015292, Emax=257.40996005
realization 31 / 300 ... accepted 31. Emin=14.31408483, Emax=264.77723358
realization 32 / 300 ... accepted 32. Emin=-9.03027679, Emax=247.36656497
realization 33 / 300 ... accepted 33. Emin=-12.75008417, Emax=245.50899471
realization 34 / 300 ... accepted 34. Emin=-19.14762566, Emax=240.32088060
realization 35 / 300 ... accepted 35. Emin=0.30282860, Emax=258.06871830
realization 36 / 300 ... accepted 36. Emin=1.50484964, Emax=256.45438436
realization 37 / 300 ... accepted 37. Emin=31.60956332, Emax=280.07677399
realization 38 / 300 ... accepted 38. Emin=-5.20408993, Emax=250.62336023
realization 39 / 300 ... accepted 39. Emin=7.17653854, Emax=272.47917017
realization 40 / 300 ... accepted 40. Emin=-0.61919477, Emax=259.14272753
realization 41 / 300 ... accepted 41. Emin=20.89574263, Emax=282.94124343
realization 42 / 300 ... accepted 42. Emin=-20.17701101, Emax=245.81475297
realization 43 / 300 ... accepted 43. Emin=-0.39897401, Emax=267.57270579
realization 44 / 300 ... accepted 44. Emin=-18.87481791, Emax=237.01166155
realization 45 / 300 ... accepted 45. Emin=23.72866904, Emax=283.07511794
realization 46 / 300 ... accepted 46. Emin=-12.13775650, Emax=245.32485631
realization 47 / 300 ... accepted 47. Emin=-15.10025910, Emax=255.53114993
realization 48 / 300 ... accepted 48. Emin=2.33404731, Emax=263.22662475
realization 49 / 300 ... accepted 49. Emin=24.01147698, Emax=291.64496259
realization 50 / 300 ... accepted 50. Emin=25.21978012, Emax=280.26714862
realization 51 / 300 ... accepted 51. Emin=-16.25196178, Emax=240.41869851
realization 52 / 300 ... accepted 52. Emin=-7.06162052, Emax=259.23657962
realization 53 / 300 ... accepted 53. Emin=21.53249411, Emax=282.73205628
realization 54 / 300 ... accepted 54. Emin=12.60262679, Emax=279.79629241
realization 55 / 300 ... accepted 55. Emin=1.06516490, Emax=267.11243245
realization 56 / 300 ... accepted 56. Emin=21.91385593, Emax=282.32044153
realization 57 / 300 ... accepted 57. Emin=9.74594065, Emax=272.87733405
realization 58 / 300 ... accepted 58. Emin=19.33105217, Emax=289.06773294
realization 59 / 300 ... accepted 59. Emin=17.58667256, Emax=279.09382119
realization 60 / 300 ... accepted 60. Emin=26.64189783, Emax=279.98298452
realization 61 / 300 ... accepted 61. Emin=16.92437622, Emax=285.32739915
realization 62 / 300 ... accepted 62. Emin=-0.12812981, Emax=260.07145879
realization 63 / 300 ... accepted 63. Emin=2.44931335, Emax=258.38066583
realization 64 / 300 ... accepted 64. Emin=1.50315176, Emax=257.27025332
realization 65 / 300 ... accepted 65. Emin=11.97248595, Emax=272.68824146
realization 66 / 300 ... accepted 66. Emin=6.58512636, Emax=273.23961766
realization 67 / 300 ... accepted 67. Emin=17.76157281, Emax=267.83753388
realization 68 / 300 ... accepted 68. Emin=9.69515048, Emax=260.63879175
realization 69 / 300 ... accepted 69. Emin=-3.78977481, Emax=259.24966128
realization 70 / 300 ... accepted 70. Emin=2.20532101, Emax=256.97626807
realization 71 / 300 ... accepted 71. Emin=14.19229259, Emax=269.93575297
realization 72 / 300 ... accepted 72. Emin=5.24630784, Emax=266.91123037
realization 73 / 300 ... accepted 73. Emin=1.90812307, Emax=277.66013981
realization 74 / 300 ... accepted 74. Emin=20.71404501, Emax=279.37068937
realization 75 / 300 ... accepted 75. Emin=-16.67879709, Emax=242.32709264
realization 76 / 300 ... accepted 76. Emin=-39.37766184, Emax=211.39232340
realization 77 / 300 ... accepted 77. Emin=-11.83140462, Emax=258.75070752
realization 78 / 300 ... accepted 78. Emin=3.24730694, Emax=273.22439046
realization 79 / 300 ... accepted 79. Emin=4.31293981, Emax=274.30107199
realization 80 / 300 ... accepted 80. Emin=8.25375290, Emax=269.32638360
realization 81 / 300 ... accepted 81. Emin=-5.07767782, Emax=271.64892491
realization 82 / 300 ... accepted 82. Emin=-6.85737198, Emax=249.12766291
realization 83 / 300 ... accepted 83. Emin=9.96600340, Emax=287.69089321
realization 84 / 300 ... accepted 84. Emin=12.85756533, Emax=263.96900239
realization 85 / 300 ... accepted 85. Emin=-16.45045494, Emax=250.34186162
realization 86 / 300 ... accepted 86. Emin=-12.23147074, Emax=251.82677999
realization 87 / 300 ... accepted 87. Emin=-4.44432688, Emax=271.52960071
realization 88 / 300 ... accepted 88. Emin=27.75636723, Emax=282.52036015
realization 89 / 300 ... accepted 89. Emin=-15.26225315, Emax=257.80766699
realization 90 / 300 ... accepted 90. Emin=-11.55064035, Emax=252.14014601
realization 91 / 300 ... accepted 91. Emin=-0.44215189, Emax=264.56478214
realization 92 / 300 ... accepted 92. Emin=-1.76464618, Emax=244.29510359
realization 93 / 300 ... accepted 93. Emin=-12.63472530, Emax=260.85345888
realization 94 / 300 ... accepted 94. Emin=-1.75869229, Emax=258.23377341
realization 95 / 300 ... accepted 95. Emin=0.08220414, Emax=266.41951828
realization 96 / 300 ... accepted 96. Emin=19.76694534, Emax=282.76213826
realization 97 / 300 ... accepted 97. Emin=-0.38192430, Emax=269.70224819
realization 98 / 300 ... accepted 98. Emin=-2.45468335, Emax=247.82487007
realization 99 / 300 ... accepted 99. Emin=1.94603503, Emax=274.01854020
realization 100 / 300 ... accepted 100. Emin=-24.18447021, Emax=229.99392772
realization 101 / 300 ... accepted 101. Emin=-6.95776068, Emax=252.17295247
realization 102 / 300 ... accepted 102. Emin=5.83219687, Emax=272.66597016
realization 103 / 300 ... accepted 103. Emin=-5.72736687, Emax=256.43902439
realization 104 / 300 ... accepted 104. Emin=-2.26138452, Emax=266.24325866
realization 105 / 300 ... accepted 105. Emin=14.24886631, Emax=260.12400178
realization 106 / 300 ... accepted 106. Emin=-5.35296514, Emax=264.02468247
realization 107 / 300 ... accepted 107. Emin=-4.71050296, Emax=263.54676956
realization 108 / 300 ... accepted 108. Emin=-8.38774694, Emax=249.36754567
realization 109 / 300 ... accepted 109. Emin=-14.25027603, Emax=240.13774538
realization 110 / 300 ... accepted 110. Emin=29.67784115, Emax=280.76690153
realization 111 / 300 ... accepted 111. Emin=0.21352529, Emax=254.26215841
realization 112 / 300 ... accepted 112. Emin=13.86686367, Emax=274.77454739
realization 113 / 300 ... accepted 113. Emin=2.51657819, Emax=267.16476914
realization 114 / 300 ... accepted 114. Emin=-8.66994314, Emax=265.13224532
realization 115 / 300 ... accepted 115. Emin=-14.94187202, Emax=247.46533436
realization 116 / 300 ... accepted 116. Emin=0.07723227, Emax=260.88681520
realization 117 / 300 ... accepted 117. Emin=15.26565588, Emax=274.74908857
realization 118 / 300 ... accepted 118. Emin=1.22266094, Emax=265.65692537
realization 119 / 300 ... accepted 119. Emin=-13.10573881, Emax=251.94389317
realization 120 / 300 ... accepted 120. Emin=8.34346663, Emax=272.12707676
realization 121 / 300 ... accepted 121. Emin=7.68226006, Emax=270.11004814
realization 122 / 300 ... accepted 122. Emin=-11.47012140, Emax=251.99328159
realization 123 / 300 ... accepted 123. Emin=2.00367346, Emax=282.70172550
realization 124 / 300 ... accepted 124. Emin=-20.57542615, Emax=246.07992169
realization 125 / 300 ... accepted 125. Emin=28.39000525, Emax=284.21057850
realization 126 / 300 ... accepted 126. Emin=-5.51451031, Emax=247.97421753
realization 127 / 300 ... accepted 127. Emin=-3.06436890, Emax=266.92827580
realization 128 / 300 ... accepted 128. Emin=-13.17174248, Emax=254.56713917
realization 129 / 300 ... accepted 129. Emin=-31.09493019, Emax=228.37483491
realization 130 / 300 ... accepted 130. Emin=-9.78706351, Emax=248.06953928
realization 131 / 300 ... accepted 131. Emin=-4.82100893, Emax=256.74464080
realization 132 / 300 ... accepted 132. Emin=-25.14671140, Emax=230.80331621
realization 133 / 300 ... accepted 133. Emin=-18.25411329, Emax=249.68899264
realization 134 / 300 ... accepted 134. Emin=9.47673441, Emax=265.20912637
realization 135 / 300 ... accepted 135. Emin=10.11136261, Emax=278.72992216
realization 136 / 300 ... accepted 136. Emin=-16.09877903, Emax=247.90296395
realization 137 / 300 ... accepted 137. Emin=10.52428071, Emax=267.09624110
realization 138 / 300 ... accepted 138. Emin=-13.92185219, Emax=251.75183748
realization 139 / 300 ... accepted 139. Emin=-20.37253080, Emax=240.51712880
realization 140 / 300 ... accepted 140. Emin=6.16810097, Emax=271.53342385
realization 141 / 300 ... accepted 141. Emin=23.42287882, Emax=282.98835369
realization 142 / 300 ... accepted 142. Emin=12.24941923, Emax=274.08069664
realization 143 / 300 ... accepted 143. Emin=2.04420230, Emax=276.62412923
realization 144 / 300 ... accepted 144. Emin=-5.69062425, Emax=260.38407766
realization 145 / 300 ... accepted 145. Emin=-5.94573744, Emax=259.61347713
realization 146 / 300 ... accepted 146. Emin=-26.31855653, Emax=231.33113809
realization 147 / 300 ... accepted 147. Emin=-32.12394736, Emax=227.78868197
realization 148 / 300 ... accepted 148. Emin=-35.09028884, Emax=220.72263541
realization 149 / 300 ... accepted 149. Emin=2.68112510, Emax=265.36292572
realization 150 / 300 ... accepted 150. Emin=7.61337739, Emax=285.00564467
realization 151 / 300 ... accepted 151. Emin=-5.49077057, Emax=248.30007629
realization 152 / 300 ... accepted 152. Emin=-9.22217100, Emax=255.32662561
realization 153 / 300 ... accepted 153. Emin=11.26595777, Emax=277.94485633
realization 154 / 300 ... accepted 154. Emin=16.63944479, Emax=280.78859379
realization 155 / 300 ... accepted 155. Emin=7.98147117, Emax=278.71493262
realization 156 / 300 ... accepted 156. Emin=-11.64787666, Emax=254.48185150
realization 157 / 300 ... accepted 157. Emin=0.71609736, Emax=277.80133342
realization 158 / 300 ... accepted 158. Emin=0.17772793, Emax=276.46819023
realization 159 / 300 ... accepted 159. Emin=-1.55266986, Emax=258.27089713
realization 160 / 300 ... accepted 160. Emin=-29.81143212, Emax=223.45805277
realization 161 / 300 ... accepted 161. Emin=-22.93722707, Emax=233.75717261
realization 162 / 300 ... accepted 162. Emin=7.34282550, Emax=276.21177274
realization 163 / 300 ... accepted 163. Emin=3.79780070, Emax=264.71180489
realization 164 / 300 ... accepted 164. Emin=9.59558305, Emax=269.86074433
realization 165 / 300 ... accepted 165. Emin=-7.88811289, Emax=252.27724565
realization 166 / 300 ... accepted 166. Emin=-10.16250607, Emax=254.56800679
realization 167 / 300 ... accepted 167. Emin=9.74759056, Emax=269.73366783
realization 168 / 300 ... accepted 168. Emin=24.35041050, Emax=282.01129316
realization 169 / 300 ... accepted 169. Emin=7.64031133, Emax=272.83049095
realization 170 / 300 ... accepted 170. Emin=-18.65409718, Emax=241.55664893
realization 171 / 300 ... accepted 171. Emin=25.60966964, Emax=269.34172114
realization 172 / 300 ... accepted 172. Emin=8.57795112, Emax=275.81601951
realization 173 / 300 ... accepted 173. Emin=0.35099830, Emax=273.36625094
realization 174 / 300 ... accepted 174. Emin=-25.32877662, Emax=233.22861877
realization 175 / 300 ... accepted 175. Emin=3.12740965, Emax=262.92750780
realization 176 / 300 ... accepted 176. Emin=12.13643055, Emax=283.75556606
realization 177 / 300 ... accepted 177. Emin=-13.33145804, Emax=253.86252815
realization 178 / 300 ... accepted 178. Emin=-4.63294514, Emax=261.07755131
realization 179 / 300 ... accepted 179. Emin=17.10492381, Emax=288.07182221
realization 180 / 300 ... accepted 180. Emin=2.63949274, Emax=269.72150037
realization 181 / 300 ... accepted 181. Emin=-1.52705460, Emax=262.15959632
realization 182 / 300 ... accepted 182. Emin=14.29900560, Emax=272.75218773
realization 183 / 300 ... accepted 183. Emin=11.25586006, Emax=269.78849793
realization 184 / 300 ... accepted 184. Emin=6.20911383, Emax=267.67214718
realization 185 / 300 ... accepted 185. Emin=7.89499322, Emax=273.67569288
realization 186 / 300 ... accepted 186. Emin=-2.71315889, Emax=258.92804545
realization 187 / 300 ... accepted 187. Emin=10.42737239, Emax=276.17337334
realization 188 / 300 ... accepted 188. Emin=-13.64725282, Emax=235.87349970
realization 189 / 300 ... accepted 189. Emin=-20.30841364, Emax=240.53165551
realization 190 / 300 ... accepted 190. Emin=12.22079241, Emax=267.36582718
realization 191 / 300 ... accepted 191. Emin=-21.65517936, Emax=244.21499066
realization 192 / 300 ... accepted 192. Emin=0.83122707, Emax=262.91297214
realization 193 / 300 ... accepted 193. Emin=0.67837239, Emax=274.10773579
realization 194 / 300 ... accepted 194. Emin=20.68265888, Emax=279.82147828
realization 195 / 300 ... accepted 195. Emin=11.60842203, Emax=281.51136675
realization 196 / 300 ... accepted 196. Emin=-5.60100964, Emax=250.38789963
realization 197 / 300 ... accepted 197. Emin=1.78776920, Emax=262.48671895
realization 198 / 300 ... accepted 198. Emin=4.62173668, Emax=275.03651045
realization 199 / 300 ... accepted 199. Emin=20.36693043, Emax=277.12246057
realization 200 / 300 ... accepted 200. Emin=-16.54095916, Emax=249.64116404
realization 201 / 300 ... accepted 201. Emin=-3.44515835, Emax=267.59047266
realization 202 / 300 ... accepted 202. Emin=-7.70196998, Emax=266.19947678
realization 203 / 300 ... accepted 203. Emin=18.94988482, Emax=278.78552136
realization 204 / 300 ... accepted 204. Emin=3.25217773, Emax=263.60700151
realization 205 / 300 ... accepted 205. Emin=8.69554336, Emax=273.94677968
realization 206 / 300 ... accepted 206. Emin=13.31938268, Emax=276.10982031
realization 207 / 300 ... accepted 207. Emin=-0.65565374, Emax=274.51187940
realization 208 / 300 ... accepted 208. Emin=6.55875639, Emax=276.81707898
realization 209 / 300 ... accepted 209. Emin=6.84280935, Emax=273.36928618
realization 210 / 300 ... accepted 210. Emin=11.80265294, Emax=275.53665960
realization 211 / 300 ... accepted 211. Emin=10.98953359, Emax=267.72368505
realization 212 / 300 ... accepted 212. Emin=-7.13762979, Emax=262.74359740
realization 213 / 300 ... accepted 213. Emin=9.29106319, Emax=272.16946840
realization 214 / 300 ... accepted 214. Emin=5.65057939, Emax=275.22989669
realization 215 / 300 ... accepted 215. Emin=9.58093773, Emax=281.40798817
realization 216 / 300 ... accepted 216. Emin=1.47434598, Emax=264.15982884
realization 217 / 300 ... accepted 217. Emin=-0.60403844, Emax=259.79582172
realization 218 / 300 ... accepted 218. Emin=-1.71714585, Emax=267.23755748
realization 219 / 300 ... accepted 219. Emin=8.81214018, Emax=270.70124631
realization 220 / 300 ... accepted 220. Emin=7.74728094, Emax=277.18494473
realization 221 / 300 ... accepted 221. Emin=10.96178112, Emax=269.73674120
realization 222 / 300 ... accepted 222. Emin=6.80260815, Emax=289.29111401
realization 223 / 300 ... accepted 223. Emin=2.67648740, Emax=268.66231334
realization 224 / 300 ... accepted 224. Emin=-16.35283734, Emax=250.40178011
realization 225 / 300 ... accepted 225. Emin=-17.55335554, Emax=248.40867197
realization 226 / 300 ... accepted 226. Emin=-12.33606437, Emax=258.12736957
realization 227 / 300 ... accepted 227. Emin=5.10654454, Emax=267.53091817
realization 228 / 300 ... accepted 228. Emin=7.18087320, Emax=274.32858343
realization 229 / 300 ... accepted 229. Emin=13.00718087, Emax=275.86630085
realization 230 / 300 ... accepted 230. Emin=3.49420995, Emax=267.19068961
realization 231 / 300 ... accepted 231. Emin=17.24384666, Emax=279.35084035
realization 232 / 300 ... accepted 232. Emin=-7.41404040, Emax=255.45382428
realization 233 / 300 ... accepted 233. Emin=14.80609854, Emax=273.67830154
realization 234 / 300 ... accepted 234. Emin=-11.78306735, Emax=252.05431304
realization 235 / 300 ... accepted 235. Emin=11.81831951, Emax=283.30350261
realization 236 / 300 ... accepted 236. Emin=23.95512631, Emax=286.90817631
realization 237 / 300 ... accepted 237. Emin=-6.85851454, Emax=254.63605497
realization 238 / 300 ... accepted 238. Emin=-13.33092720, Emax=245.41917613
realization 239 / 300 ... accepted 239. Emin=25.43664664, Emax=283.10334393
realization 240 / 300 ... accepted 240. Emin=11.50464405, Emax=285.36738707
realization 241 / 300 ... accepted 241. Emin=7.16839731, Emax=275.95699879
realization 242 / 300 ... accepted 242. Emin=1.25103732, Emax=287.24751646
realization 243 / 300 ... accepted 243. Emin=-3.87608884, Emax=268.91474272
realization 244 / 300 ... accepted 244. Emin=28.71805209, Emax=281.00248582
realization 245 / 300 ... accepted 245. Emin=-5.92620356, Emax=265.11962215
realization 246 / 300 ... accepted 246. Emin=-13.67885095, Emax=250.21582271
realization 247 / 300 ... accepted 247. Emin=34.75268400, Emax=286.90394838
realization 248 / 300 ... accepted 248. Emin=2.43896382, Emax=263.83529016
realization 249 / 300 ... accepted 249. Emin=-7.45146522, Emax=256.87908388
realization 250 / 300 ... accepted 250. Emin=9.82384736, Emax=270.43491090
realization 251 / 300 ... accepted 251. Emin=-13.58232033, Emax=254.53580945
realization 252 / 300 ... accepted 252. Emin=6.28209952, Emax=272.89310366
realization 253 / 300 ... accepted 253. Emin=5.57196717, Emax=278.05520625
realization 254 / 300 ... accepted 254. Emin=3.85397522, Emax=265.50111525
realization 255 / 300 ... accepted 255. Emin=-1.42005114, Emax=268.23174588
realization 256 / 300 ... accepted 256. Emin=-1.78460663, Emax=262.62264830
realization 257 / 300 ... accepted 257. Emin=-4.67261521, Emax=268.62846405
realization 258 / 300 ... accepted 258. Emin=10.45756084, Emax=261.70474811
realization 259 / 300 ... accepted 259. Emin=8.12589770, Emax=275.24177546
realization 260 / 300 ... accepted 260. Emin=6.87584829, Emax=262.36270010
realization 261 / 300 ... accepted 261. Emin=-14.63214819, Emax=242.16700780
realization 262 / 300 ... accepted 262. Emin=12.71282351, Emax=269.17194964
realization 263 / 300 ... accepted 263. Emin=6.16844236, Emax=267.20587092
realization 264 / 300 ... accepted 264. Emin=14.17437086, Emax=283.02897106
realization 265 / 300 ... accepted 265. Emin=-10.66441164, Emax=252.36631382
realization 266 / 300 ... accepted 266. Emin=6.57193378, Emax=261.63197660
realization 267 / 300 ... accepted 267. Emin=15.98149296, Emax=282.27182704
realization 268 / 300 ... accepted 268. Emin=-2.07234091, Emax=256.01806287
realization 269 / 300 ... accepted 269. Emin=-1.56834966, Emax=269.37194062
realization 270 / 300 ... accepted 270. Emin=-2.31652435, Emax=261.08388509
realization 271 / 300 ... accepted 271. Emin=13.40104127, Emax=270.59798487
realization 272 / 300 ... accepted 272. Emin=15.05383041, Emax=277.38136512
realization 273 / 300 ... accepted 273. Emin=-3.15670648, Emax=267.08963577
realization 274 / 300 ... accepted 274. Emin=0.63967561, Emax=261.60890167
realization 275 / 300 ... accepted 275. Emin=-3.22572980, Emax=246.98969470
realization 276 / 300 ... accepted 276. Emin=1.36152003, Emax=267.85976282
realization 277 / 300 ... accepted 277. Emin=-4.91963484, Emax=250.78840441
realization 278 / 300 ... accepted 278. Emin=-16.77760315, Emax=231.43880080
realization 279 / 300 ... accepted 279. Emin=5.23893713, Emax=266.55592383
realization 280 / 300 ... accepted 280. Emin=-16.75942070, Emax=254.07257146
realization 281 / 300 ... accepted 281. Emin=18.60828056, Emax=276.68296100
realization 282 / 300 ... accepted 282. Emin=-15.94458365, Emax=243.65664474
realization 283 / 300 ... accepted 283. Emin=-15.54262415, Emax=247.67588667
realization 284 / 300 ... accepted 284. Emin=1.20893876, Emax=264.16961095
realization 285 / 300 ... accepted 285. Emin=-7.41269201, Emax=261.85628114
realization 286 / 300 ... accepted 286. Emin=20.48740246, Emax=279.59321047
realization 287 / 300 ... accepted 287. Emin=5.54386672, Emax=268.64804164
realization 288 / 300 ... accepted 288. Emin=-29.94559643, Emax=222.85354616
realization 289 / 300 ... accepted 289. Emin=-2.12661877, Emax=254.68774355
realization 290 / 300 ... accepted 290. Emin=11.15293709, Emax=280.63546092
realization 291 / 300 ... accepted 291. Emin=-8.14705292, Emax=257.14191701
realization 292 / 300 ... accepted 292. Emin=-13.65901121, Emax=248.99668501
realization 293 / 300 ... accepted 293. Emin=31.15524950, Emax=287.02038402
realization 294 / 300 ... accepted 294. Emin=6.26704009, Emax=267.17817420
realization 295 / 300 ... accepted 295. Emin=-2.23285612, Emax=258.15014154
realization 296 / 300 ... accepted 296. Emin=5.42003496, Emax=255.08601529
realization 297 / 300 ... accepted 297. Emin=-2.68964203, Emax=257.24963362
realization 298 / 300 ... accepted 298. Emin=17.15540497, Emax=277.72099064
realization 299 / 300 ... accepted 299. Emin=-1.28734848, Emax=249.81648469
realization 300 / 300 ... accepted 300. Emin=-9.92471845, Emax=267.37753191
Saved final energies: /home/2/kj405942/POLFED_bosons/pbs_bose_legacy_nmax2_periodic/data/U_40/W_9/L_6/N_6_nmax_2/boundary_periodic/energies_full_U40_L6_N6_nmax2_W9_boundaryperiodic_nreal300.txt
Accepted realizations: 300 / 300
Skipped realizations: 0
Job finished at Sun May 31 17:14:02 UTC 2026
