Job started on w31 at Sun May 31 17:11:40 UTC 2026
PBS_JOBID=7731524.kruk-host.ift-klaster.lan
PBS_O_WORKDIR=/home/2/kj405942/POLFED_bosons
Bose-Hubbard: L=6, N=6, nmax=2, dim=141
t=1, U=40, W=5, nreal=300, boundary=periodic, mode=full
Writing partial results to /home/2/kj405942/POLFED_bosons/pbs_bose_legacy_nmax2_periodic/data/U_40/W_5/L_6/N_6_nmax_2/boundary_periodic/energies_full_U40_L6_N6_nmax2_W5_boundaryperiodic_nreal300_partial.txt
realization 1 / 300 ... accepted 1. Emin=-13.90829993, Emax=234.01996119
realization 2 / 300 ... accepted 2. Emin=-16.56357132, Emax=234.91873049
realization 3 / 300 ... accepted 3. Emin=8.23889605, Emax=265.93017427
realization 4 / 300 ... accepted 4. Emin=1.12636736, Emax=256.51645884
realization 5 / 300 ... accepted 5. Emin=11.08957495, Emax=267.79464433
realization 6 / 300 ... accepted 6. Emin=-0.63198092, Emax=257.52892093
realization 7 / 300 ... accepted 7. Emin=4.18858708, Emax=261.26021744
realization 8 / 300 ... accepted 8. Emin=-9.93596503, Emax=243.16402284
realization 9 / 300 ... accepted 9. Emin=-5.72463693, Emax=244.19168741
realization 10 / 300 ... accepted 10. Emin=8.92339454, Emax=259.92264137
realization 11 / 300 ... accepted 11. Emin=-5.83217520, Emax=246.26843072
realization 12 / 300 ... accepted 12. Emin=4.01016995, Emax=253.27805184
realization 13 / 300 ... accepted 13. Emin=-1.32515235, Emax=261.39557046
realization 14 / 300 ... accepted 14. Emin=-18.65110821, Emax=229.92540139
realization 15 / 300 ... accepted 15. Emin=3.46678505, Emax=252.18585496
realization 16 / 300 ... accepted 16. Emin=8.88534743, Emax=262.00364717
realization 17 / 300 ... accepted 17. Emin=-10.97810816, Emax=245.90792552
realization 18 / 300 ... accepted 18. Emin=1.38784437, Emax=256.11586553
realization 19 / 300 ... accepted 19. Emin=-2.43455138, Emax=249.50348801
realization 20 / 300 ... accepted 20. Emin=5.34142352, Emax=260.98082190
realization 21 / 300 ... accepted 21. Emin=6.13214481, Emax=256.48608138
realization 22 / 300 ... accepted 22. Emin=4.13310874, Emax=253.15636371
realization 23 / 300 ... accepted 23. Emin=-5.37053116, Emax=250.14860180
realization 24 / 300 ... accepted 24. Emin=8.68709601, Emax=260.99612425
realization 25 / 300 ... accepted 25. Emin=8.82458709, Emax=258.52728569
realization 26 / 300 ... accepted 26. Emin=2.25791221, Emax=252.09671418
realization 27 / 300 ... accepted 27. Emin=8.18600787, Emax=266.45450468
realization 28 / 300 ... accepted 28. Emin=0.94537471, Emax=249.99552192
realization 29 / 300 ... accepted 29. Emin=-8.25347433, Emax=243.05853749
realization 30 / 300 ... accepted 30. Emin=8.64748036, Emax=261.09809394
realization 31 / 300 ... accepted 31. Emin=6.21609846, Emax=251.64284267
realization 32 / 300 ... accepted 32. Emin=-11.65168453, Emax=237.83367270
realization 33 / 300 ... accepted 33. Emin=-10.23949887, Emax=243.78793361
realization 34 / 300 ... accepted 34. Emin=9.47984860, Emax=261.12488587
realization 35 / 300 ... accepted 35. Emin=-7.08265347, Emax=245.40520966
realization 36 / 300 ... accepted 36. Emin=-14.23214054, Emax=232.44617805
realization 37 / 300 ... accepted 37. Emin=-5.62912682, Emax=244.29053490
realization 38 / 300 ... accepted 38. Emin=-20.16689157, Emax=226.89062726
realization 39 / 300 ... accepted 39. Emin=-8.01605341, Emax=250.55366928
realization 40 / 300 ... accepted 40. Emin=-7.65590241, Emax=249.86018201
realization 41 / 300 ... accepted 41. Emin=-2.56096727, Emax=251.44266720
realization 42 / 300 ... accepted 42. Emin=18.02576110, Emax=265.11343048
realization 43 / 300 ... accepted 43. Emin=-6.38313911, Emax=253.26480618
realization 44 / 300 ... accepted 44. Emin=-7.70280791, Emax=246.04837311
realization 45 / 300 ... accepted 45. Emin=0.64885990, Emax=250.22121616
realization 46 / 300 ... accepted 46. Emin=7.82049302, Emax=255.09199847
realization 47 / 300 ... accepted 47. Emin=-7.05984156, Emax=242.88061545
realization 48 / 300 ... accepted 48. Emin=1.68762204, Emax=255.75153053
realization 49 / 300 ... accepted 49. Emin=0.80065292, Emax=257.32753595
realization 50 / 300 ... accepted 50. Emin=5.91213076, Emax=267.42192487
realization 51 / 300 ... accepted 51. Emin=-0.86496149, Emax=251.40770900
realization 52 / 300 ... accepted 52. Emin=-5.74475163, Emax=242.31925144
realization 53 / 300 ... accepted 53. Emin=6.09769969, Emax=259.96359627
realization 54 / 300 ... accepted 54. Emin=12.25868486, Emax=265.47918683
realization 55 / 300 ... accepted 55. Emin=17.56907689, Emax=264.69121560
realization 56 / 300 ... accepted 56. Emin=9.28200554, Emax=257.35502948
realization 57 / 300 ... accepted 57. Emin=7.48814467, Emax=259.12807479
realization 58 / 300 ... accepted 58. Emin=-13.95048916, Emax=237.44662966
realization 59 / 300 ... accepted 59. Emin=7.92333995, Emax=259.95726291
realization 60 / 300 ... accepted 60. Emin=6.52377305, Emax=252.88366056
realization 61 / 300 ... accepted 61. Emin=5.12865496, Emax=257.30172695
realization 62 / 300 ... accepted 62. Emin=-6.70221097, Emax=248.13427934
realization 63 / 300 ... accepted 63. Emin=-1.97408164, Emax=247.68861970
realization 64 / 300 ... accepted 64. Emin=2.29001726, Emax=254.05461979
realization 65 / 300 ... accepted 65. Emin=3.97304584, Emax=261.21511104
realization 66 / 300 ... accepted 66. Emin=-0.25263348, Emax=249.14003092
realization 67 / 300 ... accepted 67. Emin=-4.83906954, Emax=243.16523105
realization 68 / 300 ... accepted 68. Emin=-5.05644369, Emax=253.23841104
realization 69 / 300 ... accepted 69. Emin=5.25511891, Emax=256.94232641
realization 70 / 300 ... accepted 70. Emin=-9.21426729, Emax=241.38031046
realization 71 / 300 ... accepted 71. Emin=11.66860718, Emax=257.13984956
realization 72 / 300 ... accepted 72. Emin=-7.85876839, Emax=240.07908884
realization 73 / 300 ... accepted 73. Emin=-0.56144966, Emax=250.41473312
realization 74 / 300 ... accepted 74. Emin=6.38830114, Emax=259.85133722
realization 75 / 300 ... accepted 75. Emin=-5.95396462, Emax=247.02380564
realization 76 / 300 ... accepted 76. Emin=9.78060102, Emax=261.65967080
realization 77 / 300 ... accepted 77. Emin=-10.33300658, Emax=246.19035251
realization 78 / 300 ... accepted 78. Emin=5.36932960, Emax=262.84810398
realization 79 / 300 ... accepted 79. Emin=5.21860179, Emax=258.71155171
realization 80 / 300 ... accepted 80. Emin=15.30888110, Emax=265.48453731
realization 81 / 300 ... accepted 81. Emin=-1.41997483, Emax=250.92337808
realization 82 / 300 ... accepted 82. Emin=6.52292479, Emax=262.49035989
realization 83 / 300 ... accepted 83. Emin=-7.28286829, Emax=245.19278476
realization 84 / 300 ... accepted 84. Emin=-9.69488549, Emax=244.88506584
realization 85 / 300 ... accepted 85. Emin=7.06710664, Emax=261.17914697
realization 86 / 300 ... accepted 86. Emin=-4.53038930, Emax=246.45506325
realization 87 / 300 ... accepted 87. Emin=5.32601804, Emax=261.69275438
realization 88 / 300 ... accepted 88. Emin=-0.21213530, Emax=251.79104981
realization 89 / 300 ... accepted 89. Emin=-5.07697276, Emax=249.40830183
realization 90 / 300 ... accepted 90. Emin=-5.99092247, Emax=247.81064079
realization 91 / 300 ... accepted 91. Emin=4.57977966, Emax=258.59664155
realization 92 / 300 ... accepted 92. Emin=4.75607784, Emax=257.54039022
realization 93 / 300 ... accepted 93. Emin=-19.33981511, Emax=227.71722302
realization 94 / 300 ... accepted 94. Emin=-6.36119410, Emax=244.65996034
realization 95 / 300 ... accepted 95. Emin=-8.44841962, Emax=242.60158730
realization 96 / 300 ... accepted 96. Emin=-0.07038172, Emax=254.84153004
realization 97 / 300 ... accepted 97. Emin=3.85844811, Emax=261.95385881
realization 98 / 300 ... accepted 98. Emin=3.17812121, Emax=253.86172798
realization 99 / 300 ... accepted 99. Emin=-3.40272138, Emax=250.16238557
realization 100 / 300 ... accepted 100. Emin=5.88853698, Emax=259.21362642
realization 101 / 300 ... accepted 101. Emin=-3.50833498, Emax=245.26997638
realization 102 / 300 ... accepted 102. Emin=-8.74909156, Emax=240.17323090
realization 103 / 300 ... accepted 103. Emin=6.23147384, Emax=259.70690607
realization 104 / 300 ... accepted 104. Emin=8.08518296, Emax=264.94805234
realization 105 / 300 ... accepted 105. Emin=-2.79937584, Emax=250.57231081
realization 106 / 300 ... accepted 106. Emin=7.34825078, Emax=263.18397089
realization 107 / 300 ... accepted 107. Emin=-5.05629027, Emax=247.15353770
realization 108 / 300 ... accepted 108. Emin=6.54846861, Emax=257.67174152
realization 109 / 300 ... accepted 109. Emin=-3.75133785, Emax=246.12237063
realization 110 / 300 ... accepted 110. Emin=3.87094440, Emax=265.58179443
realization 111 / 300 ... accepted 111. Emin=-9.43957414, Emax=241.53129170
realization 112 / 300 ... accepted 112. Emin=-4.40948064, Emax=250.25921731
realization 113 / 300 ... accepted 113. Emin=-4.00477295, Emax=249.02249024
realization 114 / 300 ... accepted 114. Emin=-10.42263869, Emax=244.86512441
realization 115 / 300 ... accepted 115. Emin=-13.86949431, Emax=234.87357627
realization 116 / 300 ... accepted 116. Emin=-5.34791512, Emax=248.88312659
realization 117 / 300 ... accepted 117. Emin=-2.11015075, Emax=247.45823100
realization 118 / 300 ... accepted 118. Emin=2.42548710, Emax=257.42826423
realization 119 / 300 ... accepted 119. Emin=-1.02977699, Emax=254.87132698
realization 120 / 300 ... accepted 120. Emin=-6.80920449, Emax=244.60723468
realization 121 / 300 ... accepted 121. Emin=4.76984608, Emax=256.07110457
realization 122 / 300 ... accepted 122. Emin=-7.78149938, Emax=249.93912108
realization 123 / 300 ... accepted 123. Emin=-14.10569903, Emax=235.34856313
realization 124 / 300 ... accepted 124. Emin=-1.01465416, Emax=256.05023094
realization 125 / 300 ... accepted 125. Emin=1.26963329, Emax=250.39865712
realization 126 / 300 ... accepted 126. Emin=-17.37533571, Emax=232.82096394
realization 127 / 300 ... accepted 127. Emin=1.50582888, Emax=255.18241477
realization 128 / 300 ... accepted 128. Emin=-3.61487493, Emax=247.41945629
realization 129 / 300 ... accepted 129. Emin=-6.11319326, Emax=252.46873298
realization 130 / 300 ... accepted 130. Emin=5.57803664, Emax=258.90101479
realization 131 / 300 ... accepted 131. Emin=11.75216357, Emax=260.90557705
realization 132 / 300 ... accepted 132. Emin=6.79628557, Emax=259.83744395
realization 133 / 300 ... accepted 133. Emin=-12.30054763, Emax=235.89174064
realization 134 / 300 ... accepted 134. Emin=0.61869561, Emax=251.44736267
realization 135 / 300 ... accepted 135. Emin=-0.78509372, Emax=257.25643312
realization 136 / 300 ... accepted 136. Emin=-1.99877096, Emax=256.45471829
realization 137 / 300 ... accepted 137. Emin=-0.76185504, Emax=249.68087479
realization 138 / 300 ... accepted 138. Emin=-5.86631350, Emax=249.97030468
realization 139 / 300 ... accepted 139. Emin=10.09383293, Emax=263.15747560
realization 140 / 300 ... accepted 140. Emin=-12.91465429, Emax=235.39872903
realization 141 / 300 ... accepted 141. Emin=2.04088219, Emax=259.87449875
realization 142 / 300 ... accepted 142. Emin=7.09873030, Emax=257.22980659
realization 143 / 300 ... accepted 143. Emin=-1.05963296, Emax=251.34253070
realization 144 / 300 ... accepted 144. Emin=3.98477076, Emax=256.72373978
realization 145 / 300 ... accepted 145. Emin=-7.95908586, Emax=246.75624324
realization 146 / 300 ... accepted 146. Emin=3.06153529, Emax=259.74438171
realization 147 / 300 ... accepted 147. Emin=-5.19559152, Emax=249.25990757
realization 148 / 300 ... accepted 148. Emin=-13.13029750, Emax=238.88033097
realization 149 / 300 ... accepted 149. Emin=-13.08489938, Emax=233.89703389
realization 150 / 300 ... accepted 150. Emin=-6.00044101, Emax=246.05758440
realization 151 / 300 ... accepted 151. Emin=-6.11384507, Emax=250.17203531
realization 152 / 300 ... accepted 152. Emin=0.62962224, Emax=254.79216212
realization 153 / 300 ... accepted 153. Emin=5.75754888, Emax=259.41554984
realization 154 / 300 ... accepted 154. Emin=-3.21695725, Emax=248.26557424
realization 155 / 300 ... accepted 155. Emin=-1.59733668, Emax=253.51646785
realization 156 / 300 ... accepted 156. Emin=-7.89963373, Emax=243.98450379
realization 157 / 300 ... accepted 157. Emin=5.23537237, Emax=262.73489573
realization 158 / 300 ... accepted 158. Emin=7.89271332, Emax=264.21873687
realization 159 / 300 ... accepted 159. Emin=-9.47231301, Emax=243.23478726
realization 160 / 300 ... accepted 160. Emin=-4.32852133, Emax=248.09953007
realization 161 / 300 ... accepted 161. Emin=3.41079718, Emax=258.43941582
realization 162 / 300 ... accepted 162. Emin=6.62540202, Emax=259.36853646
realization 163 / 300 ... accepted 163. Emin=-5.72820524, Emax=240.86131643
realization 164 / 300 ... accepted 164. Emin=5.25078494, Emax=262.75531331
realization 165 / 300 ... accepted 165. Emin=-2.73358948, Emax=249.00655611
realization 166 / 300 ... accepted 166. Emin=-3.88330634, Emax=252.99304106
realization 167 / 300 ... accepted 167. Emin=-3.04687919, Emax=247.15847786
realization 168 / 300 ... accepted 168. Emin=-7.50805047, Emax=245.78706240
realization 169 / 300 ... accepted 169. Emin=-3.41974378, Emax=250.54226613
realization 170 / 300 ... accepted 170. Emin=-4.56620951, Emax=241.23433609
realization 171 / 300 ... accepted 171. Emin=-4.49427669, Emax=246.36041545
realization 172 / 300 ... accepted 172. Emin=-10.26777586, Emax=241.01516399
realization 173 / 300 ... accepted 173. Emin=4.90985510, Emax=261.18734270
realization 174 / 300 ... accepted 174. Emin=-9.11543520, Emax=242.97696315
realization 175 / 300 ... accepted 175. Emin=-8.57019379, Emax=243.22424410
realization 176 / 300 ... accepted 176. Emin=1.99448012, Emax=254.07092646
realization 177 / 300 ... accepted 177. Emin=-5.18254778, Emax=255.00304812
realization 178 / 300 ... accepted 178. Emin=0.55589296, Emax=249.53747896
realization 179 / 300 ... accepted 179. Emin=9.99737423, Emax=262.11236143
realization 180 / 300 ... accepted 180. Emin=-7.35855551, Emax=246.33974346
realization 181 / 300 ... accepted 181. Emin=-5.55116921, Emax=248.36149292
realization 182 / 300 ... accepted 182. Emin=-6.03877899, Emax=247.22262493
realization 183 / 300 ... accepted 183. Emin=-1.32569797, Emax=256.47500431
realization 184 / 300 ... accepted 184. Emin=-2.14095632, Emax=250.57862733
realization 185 / 300 ... accepted 185. Emin=-0.61275357, Emax=253.03669002
realization 186 / 300 ... accepted 186. Emin=-15.60166377, Emax=238.29413543
realization 187 / 300 ... accepted 187. Emin=0.56333725, Emax=248.96599697
realization 188 / 300 ... accepted 188. Emin=16.03725501, Emax=264.18022567
realization 189 / 300 ... accepted 189. Emin=4.78137290, Emax=257.53178093
realization 190 / 300 ... accepted 190. Emin=-13.50216727, Emax=237.42559165
realization 191 / 300 ... accepted 191. Emin=2.94103675, Emax=257.64824722
realization 192 / 300 ... accepted 192. Emin=-3.31584160, Emax=257.47504510
realization 193 / 300 ... accepted 193. Emin=5.35565453, Emax=266.61105054
realization 194 / 300 ... accepted 194. Emin=2.42557716, Emax=254.69507712
realization 195 / 300 ... accepted 195. Emin=10.58062357, Emax=263.00344338
realization 196 / 300 ... accepted 196. Emin=-0.73533928, Emax=254.17031604
realization 197 / 300 ... accepted 197. Emin=-19.49385246, Emax=226.89601403
realization 198 / 300 ... accepted 198. Emin=2.68256827, Emax=262.87732804
realization 199 / 300 ... accepted 199. Emin=-1.14339846, Emax=254.39992329
realization 200 / 300 ... accepted 200. Emin=3.57946907, Emax=262.15564990
realization 201 / 300 ... accepted 201. Emin=-2.59611350, Emax=248.59384512
realization 202 / 300 ... accepted 202. Emin=-7.24374115, Emax=247.57961975
realization 203 / 300 ... accepted 203. Emin=6.85683860, Emax=261.65859807
realization 204 / 300 ... accepted 204. Emin=10.41487183, Emax=264.93517103
realization 205 / 300 ... accepted 205. Emin=2.68169221, Emax=256.91866049
realization 206 / 300 ... accepted 206. Emin=-4.29251151, Emax=252.63311670
realization 207 / 300 ... accepted 207. Emin=-6.45702128, Emax=247.95862409
realization 208 / 300 ... accepted 208. Emin=-3.57419256, Emax=246.26067637
realization 209 / 300 ... accepted 209. Emin=-2.92308611, Emax=252.68045290
realization 210 / 300 ... accepted 210. Emin=10.30467244, Emax=265.06890871
realization 211 / 300 ... accepted 211. Emin=-5.49443813, Emax=247.52130249
realization 212 / 300 ... accepted 212. Emin=6.33625795, Emax=266.46362687
realization 213 / 300 ... accepted 213. Emin=1.47237090, Emax=258.39687079
realization 214 / 300 ... accepted 214. Emin=-13.28339244, Emax=236.41539993
realization 215 / 300 ... accepted 215. Emin=-11.54204525, Emax=235.70028129
realization 216 / 300 ... accepted 216. Emin=9.11414102, Emax=262.46393664
realization 217 / 300 ... accepted 217. Emin=-10.72507075, Emax=236.69641344
realization 218 / 300 ... accepted 218. Emin=11.51107097, Emax=261.82988530
realization 219 / 300 ... accepted 219. Emin=-11.99233306, Emax=240.37340193
realization 220 / 300 ... accepted 220. Emin=14.58317417, Emax=265.77124838
realization 221 / 300 ... accepted 221. Emin=-2.15457159, Emax=251.06445064
realization 222 / 300 ... accepted 222. Emin=-4.05874169, Emax=258.78695334
realization 223 / 300 ... accepted 223. Emin=5.15003346, Emax=255.39589343
realization 224 / 300 ... accepted 224. Emin=8.09058697, Emax=259.40725721
realization 225 / 300 ... accepted 225. Emin=4.09530998, Emax=257.95056478
realization 226 / 300 ... accepted 226. Emin=-11.83111040, Emax=234.82258480
realization 227 / 300 ... accepted 227. Emin=-0.45513662, Emax=250.74679188
realization 228 / 300 ... accepted 228. Emin=-16.29745077, Emax=231.88521300
realization 229 / 300 ... accepted 229. Emin=0.06141304, Emax=250.23193141
realization 230 / 300 ... accepted 230. Emin=-9.91044051, Emax=238.30891286
realization 231 / 300 ... accepted 231. Emin=-4.17044150, Emax=247.81713786
realization 232 / 300 ... accepted 232. Emin=5.58377160, Emax=262.94964712
realization 233 / 300 ... accepted 233. Emin=-3.27439893, Emax=252.49658425
realization 234 / 300 ... accepted 234. Emin=4.10890559, Emax=262.85747961
realization 235 / 300 ... accepted 235. Emin=6.25143700, Emax=260.44647044
realization 236 / 300 ... accepted 236. Emin=7.82146712, Emax=266.66876640
realization 237 / 300 ... accepted 237. Emin=-4.84844514, Emax=250.17951194
realization 238 / 300 ... accepted 238. Emin=6.39846279, Emax=262.92874984
realization 239 / 300 ... accepted 239. Emin=4.86093531, Emax=258.86640728
realization 240 / 300 ... accepted 240. Emin=-4.10225135, Emax=246.40785390
realization 241 / 300 ... accepted 241. Emin=-8.05439881, Emax=246.86304202
realization 242 / 300 ... accepted 242. Emin=7.27998352, Emax=254.61607765
realization 243 / 300 ... accepted 243. Emin=-3.74480830, Emax=254.34427104
realization 244 / 300 ... accepted 244. Emin=4.67567789, Emax=266.47268620
realization 245 / 300 ... accepted 245. Emin=1.90457035, Emax=250.35460965
realization 246 / 300 ... accepted 246. Emin=-2.75438750, Emax=260.45901332
realization 247 / 300 ... accepted 247. Emin=-11.32385427, Emax=242.22035232
realization 248 / 300 ... accepted 248. Emin=11.01506275, Emax=262.34027177
realization 249 / 300 ... accepted 249. Emin=-2.91057342, Emax=249.48559912
realization 250 / 300 ... accepted 250. Emin=5.45282643, Emax=254.84607846
realization 251 / 300 ... accepted 251. Emin=-7.64381222, Emax=249.83334247
realization 252 / 300 ... accepted 252. Emin=-5.29227807, Emax=250.14467848
realization 253 / 300 ... accepted 253. Emin=-5.81556663, Emax=248.22000023
realization 254 / 300 ... accepted 254. Emin=3.49326556, Emax=256.74456718
realization 255 / 300 ... accepted 255. Emin=-2.88581885, Emax=251.46562629
realization 256 / 300 ... accepted 256. Emin=-7.77007965, Emax=245.46005176
realization 257 / 300 ... accepted 257. Emin=-3.28908433, Emax=245.72866391
realization 258 / 300 ... accepted 258. Emin=-5.79324029, Emax=241.91504077
realization 259 / 300 ... accepted 259. Emin=-1.15859402, Emax=248.71794970
realization 260 / 300 ... accepted 260. Emin=-1.51745910, Emax=246.55332343
realization 261 / 300 ... accepted 261. Emin=2.19424123, Emax=258.94637484
realization 262 / 300 ... accepted 262. Emin=1.75085383, Emax=245.80999479
realization 263 / 300 ... accepted 263. Emin=14.35197991, Emax=265.30288946
realization 264 / 300 ... accepted 264. Emin=0.28510096, Emax=253.09421251
realization 265 / 300 ... accepted 265. Emin=5.44735036, Emax=261.25861360
realization 266 / 300 ... accepted 266. Emin=9.41673274, Emax=266.39048379
realization 267 / 300 ... accepted 267. Emin=-10.43810662, Emax=240.06598272
realization 268 / 300 ... accepted 268. Emin=6.53426789, Emax=259.41208654
realization 269 / 300 ... accepted 269. Emin=1.92243374, Emax=254.98174227
realization 270 / 300 ... accepted 270. Emin=-6.37821290, Emax=248.31022974
realization 271 / 300 ... accepted 271. Emin=-4.55691515, Emax=253.29168674
realization 272 / 300 ... accepted 272. Emin=-11.68421508, Emax=242.55800695
realization 273 / 300 ... accepted 273. Emin=-6.34879003, Emax=248.33900429
realization 274 / 300 ... accepted 274. Emin=2.06895809, Emax=256.19747939
realization 275 / 300 ... accepted 275. Emin=0.05186217, Emax=251.90423377
realization 276 / 300 ... accepted 276. Emin=-0.48465683, Emax=253.41330321
realization 277 / 300 ... accepted 277. Emin=-1.20246749, Emax=249.38786313
realization 278 / 300 ... accepted 278. Emin=-1.74911028, Emax=248.90214239
realization 279 / 300 ... accepted 279. Emin=-6.39280141, Emax=245.39824237
realization 280 / 300 ... accepted 280. Emin=4.68928153, Emax=256.06734033
realization 281 / 300 ... accepted 281. Emin=-10.32845918, Emax=237.47584838
realization 282 / 300 ... accepted 282. Emin=-0.11993957, Emax=252.48577126
realization 283 / 300 ... accepted 283. Emin=-9.47956103, Emax=241.54125001
realization 284 / 300 ... accepted 284. Emin=4.27991438, Emax=257.90233736
realization 285 / 300 ... accepted 285. Emin=8.81292071, Emax=255.53600792
realization 286 / 300 ... accepted 286. Emin=0.82226502, Emax=245.39135425
realization 287 / 300 ... accepted 287. Emin=-7.96790863, Emax=247.67436036
realization 288 / 300 ... accepted 288. Emin=-3.41566543, Emax=248.33932341
realization 289 / 300 ... accepted 289. Emin=11.74757147, Emax=259.32493204
realization 290 / 300 ... accepted 290. Emin=2.74106496, Emax=254.96152213
realization 291 / 300 ... accepted 291. Emin=3.29222535, Emax=258.03215698
realization 292 / 300 ... accepted 292. Emin=-6.21765410, Emax=246.80935837
realization 293 / 300 ... accepted 293. Emin=-4.17389318, Emax=247.86370102
realization 294 / 300 ... accepted 294. Emin=18.13546524, Emax=264.85715519
realization 295 / 300 ... accepted 295. Emin=10.27635454, Emax=257.84336325
realization 296 / 300 ... accepted 296. Emin=-1.69754956, Emax=249.74219074
realization 297 / 300 ... accepted 297. Emin=16.23157888, Emax=268.48112455
realization 298 / 300 ... accepted 298. Emin=-11.51858127, Emax=240.06314140
realization 299 / 300 ... accepted 299. Emin=-6.60195149, Emax=247.56006485
realization 300 / 300 ... accepted 300. Emin=13.63375285, Emax=265.45765179
Saved final energies: /home/2/kj405942/POLFED_bosons/pbs_bose_legacy_nmax2_periodic/data/U_40/W_5/L_6/N_6_nmax_2/boundary_periodic/energies_full_U40_L6_N6_nmax2_W5_boundaryperiodic_nreal300.txt
Accepted realizations: 300 / 300
Skipped realizations: 0
Job finished at Sun May 31 17:14:01 UTC 2026
