Job started on w31 at Sun May 31 17:11:40 UTC 2026
PBS_JOBID=7731522.kruk-host.ift-klaster.lan
PBS_O_WORKDIR=/home/2/kj405942/POLFED_bosons
Bose-Hubbard: L=6, N=6, nmax=2, dim=141
t=1, U=40, W=3, nreal=300, boundary=periodic, mode=full
Writing partial results to /home/2/kj405942/POLFED_bosons/pbs_bose_legacy_nmax2_periodic/data/U_40/W_3/L_6/N_6_nmax_2/boundary_periodic/energies_full_U40_L6_N6_nmax2_W3_boundaryperiodic_nreal300_partial.txt
realization 1 / 300 ... accepted 1. Emin=4.85628021, Emax=253.67850787
realization 2 / 300 ... accepted 2. Emin=-3.96052007, Emax=241.12802157
realization 3 / 300 ... accepted 3. Emin=-4.92084778, Emax=241.90292966
realization 4 / 300 ... accepted 4. Emin=-2.39178316, Emax=250.24153789
realization 5 / 300 ... accepted 5. Emin=5.70869869, Emax=252.59993572
realization 6 / 300 ... accepted 6. Emin=0.83641562, Emax=247.34010763
realization 7 / 300 ... accepted 7. Emin=6.19958846, Emax=251.91941190
realization 8 / 300 ... accepted 8. Emin=9.27174945, Emax=257.06688656
realization 9 / 300 ... accepted 9. Emin=-5.28345635, Emax=240.43777497
realization 10 / 300 ... accepted 10. Emin=4.17588311, Emax=249.63926751
realization 11 / 300 ... accepted 11. Emin=-0.24687157, Emax=248.36593231
realization 12 / 300 ... accepted 12. Emin=7.25558368, Emax=251.15772256
realization 13 / 300 ... accepted 13. Emin=-8.64694820, Emax=238.39787762
realization 14 / 300 ... accepted 14. Emin=0.24291140, Emax=247.36303961
realization 15 / 300 ... accepted 15. Emin=-3.55693920, Emax=243.88071924
realization 16 / 300 ... accepted 16. Emin=-1.55141428, Emax=246.06207304
realization 17 / 300 ... accepted 17. Emin=-2.27203966, Emax=246.55258058
realization 18 / 300 ... accepted 18. Emin=1.82739747, Emax=250.92923406
realization 19 / 300 ... accepted 19. Emin=-3.10090791, Emax=244.34999686
realization 20 / 300 ... accepted 20. Emin=-6.84786637, Emax=239.33858933
realization 21 / 300 ... accepted 21. Emin=2.73085026, Emax=250.21424132
realization 22 / 300 ... accepted 22. Emin=0.71306197, Emax=250.06102700
realization 23 / 300 ... accepted 23. Emin=5.07982204, Emax=251.31556782
realization 24 / 300 ... accepted 24. Emin=-8.34762004, Emax=239.32111418
realization 25 / 300 ... accepted 25. Emin=2.36116426, Emax=249.78751876
realization 26 / 300 ... accepted 26. Emin=4.95836160, Emax=251.74481102
realization 27 / 300 ... accepted 27. Emin=2.80236983, Emax=250.19955292
realization 28 / 300 ... accepted 28. Emin=0.35701763, Emax=249.02385632
realization 29 / 300 ... accepted 29. Emin=-5.22780077, Emax=242.81708602
realization 30 / 300 ... accepted 30. Emin=1.04840934, Emax=250.16720712
realization 31 / 300 ... accepted 31. Emin=2.51120428, Emax=251.60312133
realization 32 / 300 ... accepted 32. Emin=-3.40974911, Emax=247.51014986
realization 33 / 300 ... accepted 33. Emin=-3.69290005, Emax=245.63605830
realization 34 / 300 ... accepted 34. Emin=-14.38921278, Emax=227.19629258
realization 35 / 300 ... accepted 35. Emin=-3.45549457, Emax=245.81038719
realization 36 / 300 ... accepted 36. Emin=0.02650377, Emax=245.22303193
realization 37 / 300 ... accepted 37. Emin=5.20065301, Emax=252.08124529
realization 38 / 300 ... accepted 38. Emin=4.61472701, Emax=252.08854256
realization 39 / 300 ... accepted 39. Emin=0.39454979, Emax=248.12093772
realization 40 / 300 ... accepted 40. Emin=1.95009660, Emax=251.26764707
realization 41 / 300 ... accepted 41. Emin=1.69118846, Emax=249.67437950
realization 42 / 300 ... accepted 42. Emin=-4.80505888, Emax=243.13098384
realization 43 / 300 ... accepted 43. Emin=4.84657916, Emax=253.04630984
realization 44 / 300 ... accepted 44. Emin=-0.14891082, Emax=249.76005574
realization 45 / 300 ... accepted 45. Emin=5.45384062, Emax=250.12668782
realization 46 / 300 ... accepted 46. Emin=-2.07326239, Emax=247.88200611
realization 47 / 300 ... accepted 47. Emin=-5.79424368, Emax=239.38308647
realization 48 / 300 ... accepted 48. Emin=0.80748058, Emax=248.41288486
realization 49 / 300 ... accepted 49. Emin=-1.94137663, Emax=246.25646988
realization 50 / 300 ... accepted 50. Emin=-6.60281847, Emax=243.64083434
realization 51 / 300 ... accepted 51. Emin=1.89245200, Emax=253.50021122
realization 52 / 300 ... accepted 52. Emin=-6.90397394, Emax=241.06193978
realization 53 / 300 ... accepted 53. Emin=0.68062599, Emax=249.18912472
realization 54 / 300 ... accepted 54. Emin=-6.11336238, Emax=241.74145048
realization 55 / 300 ... accepted 55. Emin=3.87303584, Emax=252.41086143
realization 56 / 300 ... accepted 56. Emin=-3.90238041, Emax=246.30808791
realization 57 / 300 ... accepted 57. Emin=-3.39432639, Emax=244.09032117
realization 58 / 300 ... accepted 58. Emin=-3.54378101, Emax=247.21238509
realization 59 / 300 ... accepted 59. Emin=-0.56143829, Emax=249.76183465
realization 60 / 300 ... accepted 60. Emin=0.50261573, Emax=246.61154316
realization 61 / 300 ... accepted 61. Emin=-0.92488488, Emax=244.52434943
realization 62 / 300 ... accepted 62. Emin=0.61819670, Emax=248.83761173
realization 63 / 300 ... accepted 63. Emin=3.03296302, Emax=248.11796727
realization 64 / 300 ... accepted 64. Emin=-1.56386980, Emax=246.16877739
realization 65 / 300 ... accepted 65. Emin=-7.32628903, Emax=238.78411425
realization 66 / 300 ... accepted 66. Emin=1.47496273, Emax=251.89639507
realization 67 / 300 ... accepted 67. Emin=4.73241594, Emax=252.88449929
realization 68 / 300 ... accepted 68. Emin=3.03817176, Emax=253.58724857
realization 69 / 300 ... accepted 69. Emin=-7.98264514, Emax=239.66252446
realization 70 / 300 ... accepted 70. Emin=0.31811992, Emax=247.02377340
realization 71 / 300 ... accepted 71. Emin=4.45456873, Emax=255.07036369
realization 72 / 300 ... accepted 72. Emin=0.23242417, Emax=246.81246971
realization 73 / 300 ... accepted 73. Emin=-1.60954273, Emax=243.94887662
realization 74 / 300 ... accepted 74. Emin=-3.11089170, Emax=247.12596241
realization 75 / 300 ... accepted 75. Emin=8.76334921, Emax=254.85494215
realization 76 / 300 ... accepted 76. Emin=0.18636401, Emax=250.64770778
realization 77 / 300 ... accepted 77. Emin=0.48903046, Emax=253.31252521
realization 78 / 300 ... accepted 78. Emin=2.19857935, Emax=247.36269491
realization 79 / 300 ... accepted 79. Emin=-1.57497064, Emax=243.99486926
realization 80 / 300 ... accepted 80. Emin=-0.71030737, Emax=247.71303803
realization 81 / 300 ... accepted 81. Emin=7.39307658, Emax=252.93771198
realization 82 / 300 ... accepted 82. Emin=-4.30077364, Emax=242.44080660
realization 83 / 300 ... accepted 83. Emin=-1.22516103, Emax=249.12174524
realization 84 / 300 ... accepted 84. Emin=-2.07330348, Emax=247.41045788
realization 85 / 300 ... accepted 85. Emin=0.23528276, Emax=248.51109361
realization 86 / 300 ... accepted 86. Emin=2.73801329, Emax=251.01117816
realization 87 / 300 ... accepted 87. Emin=5.77072141, Emax=252.86531499
realization 88 / 300 ... accepted 88. Emin=-3.87467783, Emax=243.84045062
realization 89 / 300 ... accepted 89. Emin=-4.16356688, Emax=243.72807690
realization 90 / 300 ... accepted 90. Emin=-7.83051376, Emax=239.27173535
realization 91 / 300 ... accepted 91. Emin=-6.63847285, Emax=240.10306802
realization 92 / 300 ... accepted 92. Emin=0.08629277, Emax=251.47455676
realization 93 / 300 ... accepted 93. Emin=0.97647305, Emax=250.65710442
realization 94 / 300 ... accepted 94. Emin=-1.67641039, Emax=248.12224700
realization 95 / 300 ... accepted 95. Emin=-6.46915668, Emax=237.09533481
realization 96 / 300 ... accepted 96. Emin=-1.06935951, Emax=250.45071273
realization 97 / 300 ... accepted 97. Emin=4.10988262, Emax=250.16901995
realization 98 / 300 ... accepted 98. Emin=4.25452675, Emax=248.47704145
realization 99 / 300 ... accepted 99. Emin=5.13165246, Emax=254.70813063
realization 100 / 300 ... accepted 100. Emin=1.80499618, Emax=248.93449655
realization 101 / 300 ... accepted 101. Emin=-1.35509923, Emax=245.62151598
realization 102 / 300 ... accepted 102. Emin=-11.07972200, Emax=233.59285683
realization 103 / 300 ... accepted 103. Emin=-0.34812779, Emax=248.60133262
realization 104 / 300 ... accepted 104. Emin=2.96672200, Emax=250.33536633
realization 105 / 300 ... accepted 105. Emin=2.01486317, Emax=252.97361646
realization 106 / 300 ... accepted 106. Emin=-4.24617364, Emax=243.89900836
realization 107 / 300 ... accepted 107. Emin=5.79505508, Emax=256.40450504
realization 108 / 300 ... accepted 108. Emin=-2.07155165, Emax=244.70374646
realization 109 / 300 ... accepted 109. Emin=-3.03454663, Emax=241.46500033
realization 110 / 300 ... accepted 110. Emin=5.12612162, Emax=255.87263982
realization 111 / 300 ... accepted 111. Emin=3.38774223, Emax=250.90253759
realization 112 / 300 ... accepted 112. Emin=-3.15444291, Emax=244.48767039
realization 113 / 300 ... accepted 113. Emin=1.13777983, Emax=252.78615514
realization 114 / 300 ... accepted 114. Emin=0.85246318, Emax=253.63778726
realization 115 / 300 ... accepted 115. Emin=3.71855983, Emax=252.66313380
realization 116 / 300 ... accepted 116. Emin=-1.47816979, Emax=245.00117228
realization 117 / 300 ... accepted 117. Emin=4.26306961, Emax=254.15775741
realization 118 / 300 ... accepted 118. Emin=2.92181699, Emax=250.88950603
realization 119 / 300 ... accepted 119. Emin=1.11836714, Emax=252.51766216
realization 120 / 300 ... accepted 120. Emin=-0.64402547, Emax=248.17524397
realization 121 / 300 ... accepted 121. Emin=-6.35137043, Emax=241.97823614
realization 122 / 300 ... accepted 122. Emin=-3.77758549, Emax=247.92341621
realization 123 / 300 ... accepted 123. Emin=6.46982356, Emax=254.42042180
realization 124 / 300 ... accepted 124. Emin=-1.44994998, Emax=246.14914187
realization 125 / 300 ... accepted 125. Emin=-10.21879600, Emax=234.80600965
realization 126 / 300 ... accepted 126. Emin=3.02825196, Emax=249.98199305
realization 127 / 300 ... accepted 127. Emin=-7.18794686, Emax=241.90508473
realization 128 / 300 ... accepted 128. Emin=1.15498982, Emax=247.47086504
realization 129 / 300 ... accepted 129. Emin=0.40598544, Emax=247.86319080
realization 130 / 300 ... accepted 130. Emin=-2.98519856, Emax=248.33693347
realization 131 / 300 ... accepted 131. Emin=3.67622954, Emax=251.16029771
realization 132 / 300 ... accepted 132. Emin=0.89369300, Emax=251.84084616
realization 133 / 300 ... accepted 133. Emin=2.04967717, Emax=248.73752841
realization 134 / 300 ... accepted 134. Emin=2.42674076, Emax=255.37732295
realization 135 / 300 ... accepted 135. Emin=-8.26572242, Emax=236.78747427
realization 136 / 300 ... accepted 136. Emin=4.58460804, Emax=249.92605535
realization 137 / 300 ... accepted 137. Emin=-10.99220943, Emax=234.95850769
realization 138 / 300 ... accepted 138. Emin=-1.55198933, Emax=245.71892163
realization 139 / 300 ... accepted 139. Emin=10.08817296, Emax=256.53233429
realization 140 / 300 ... accepted 140. Emin=-4.61500364, Emax=244.41046452
realization 141 / 300 ... accepted 141. Emin=2.09676887, Emax=252.73415073
realization 142 / 300 ... accepted 142. Emin=1.88338685, Emax=250.47160948
realization 143 / 300 ... accepted 143. Emin=-2.34196656, Emax=248.44751695
realization 144 / 300 ... accepted 144. Emin=2.06518981, Emax=249.21383252
realization 145 / 300 ... accepted 145. Emin=2.12294035, Emax=250.26862907
realization 146 / 300 ... accepted 146. Emin=-6.16660170, Emax=241.84530421
realization 147 / 300 ... accepted 147. Emin=1.71824527, Emax=249.41635703
realization 148 / 300 ... accepted 148. Emin=8.26039152, Emax=256.52940018
realization 149 / 300 ... accepted 149. Emin=0.03003896, Emax=249.43649949
realization 150 / 300 ... accepted 150. Emin=-1.19013481, Emax=244.93179638
realization 151 / 300 ... accepted 151. Emin=3.20925357, Emax=256.09223641
realization 152 / 300 ... accepted 152. Emin=-8.12906553, Emax=238.17740300
realization 153 / 300 ... accepted 153. Emin=0.29707074, Emax=249.14532513
realization 154 / 300 ... accepted 154. Emin=-10.83686559, Emax=233.89106584
realization 155 / 300 ... accepted 155. Emin=0.99585455, Emax=249.86647756
realization 156 / 300 ... accepted 156. Emin=-6.89870990, Emax=238.27047168
realization 157 / 300 ... accepted 157. Emin=-6.95164578, Emax=240.51507279
realization 158 / 300 ... accepted 158. Emin=-1.79336421, Emax=245.98723364
realization 159 / 300 ... accepted 159. Emin=1.79182156, Emax=247.98937079
realization 160 / 300 ... accepted 160. Emin=2.19766556, Emax=253.00071955
realization 161 / 300 ... accepted 161. Emin=-3.30036442, Emax=244.85911691
realization 162 / 300 ... accepted 162. Emin=-3.22258653, Emax=249.50920447
realization 163 / 300 ... accepted 163. Emin=-5.87140752, Emax=241.07000702
realization 164 / 300 ... accepted 164. Emin=-1.91702082, Emax=248.52411056
realization 165 / 300 ... accepted 165. Emin=7.71048215, Emax=255.23501890
realization 166 / 300 ... accepted 166. Emin=-1.49343994, Emax=244.38784627
realization 167 / 300 ... accepted 167. Emin=0.94694245, Emax=250.97195240
realization 168 / 300 ... accepted 168. Emin=-3.16795140, Emax=244.68579174
realization 169 / 300 ... accepted 169. Emin=-0.22869084, Emax=251.24366055
realization 170 / 300 ... accepted 170. Emin=-0.39335099, Emax=247.72045148
realization 171 / 300 ... accepted 171. Emin=0.54567744, Emax=249.18223676
realization 172 / 300 ... accepted 172. Emin=-1.86417758, Emax=244.96885621
realization 173 / 300 ... accepted 173. Emin=-4.24018201, Emax=241.15083815
realization 174 / 300 ... accepted 174. Emin=7.22626326, Emax=253.47833528
realization 175 / 300 ... accepted 175. Emin=0.43363069, Emax=247.71304389
realization 176 / 300 ... accepted 176. Emin=-0.53364249, Emax=245.95990691
realization 177 / 300 ... accepted 177. Emin=2.31235858, Emax=250.70693922
realization 178 / 300 ... accepted 178. Emin=5.36725703, Emax=250.74969053
realization 179 / 300 ... accepted 179. Emin=-4.31154141, Emax=240.44602456
realization 180 / 300 ... accepted 180. Emin=-3.66661148, Emax=242.77047239
realization 181 / 300 ... accepted 181. Emin=-3.08652238, Emax=249.26340926
realization 182 / 300 ... accepted 182. Emin=4.96440726, Emax=254.09143945
realization 183 / 300 ... accepted 183. Emin=-0.83613998, Emax=248.83313829
realization 184 / 300 ... accepted 184. Emin=-5.61747312, Emax=241.72924852
realization 185 / 300 ... accepted 185. Emin=8.78446543, Emax=255.70761237
realization 186 / 300 ... accepted 186. Emin=4.99956384, Emax=253.66163051
realization 187 / 300 ... accepted 187. Emin=4.13593050, Emax=253.34649842
realization 188 / 300 ... accepted 188. Emin=2.89605947, Emax=248.50723463
realization 189 / 300 ... accepted 189. Emin=-4.33051115, Emax=245.48295157
realization 190 / 300 ... accepted 190. Emin=3.94322019, Emax=251.46245907
realization 191 / 300 ... accepted 191. Emin=0.33512511, Emax=253.48711587
realization 192 / 300 ... accepted 192. Emin=-4.91017836, Emax=243.47646827
realization 193 / 300 ... accepted 193. Emin=4.18962241, Emax=253.03922812
realization 194 / 300 ... accepted 194. Emin=-1.79947509, Emax=249.38960028
realization 195 / 300 ... accepted 195. Emin=-7.60526989, Emax=240.41468503
realization 196 / 300 ... accepted 196. Emin=-2.28947875, Emax=245.94362193
realization 197 / 300 ... accepted 197. Emin=-7.00573186, Emax=239.93882458
realization 198 / 300 ... accepted 198. Emin=0.41166358, Emax=248.95182229
realization 199 / 300 ... accepted 199. Emin=-0.19675699, Emax=248.14481013
realization 200 / 300 ... accepted 200. Emin=0.25819283, Emax=248.43456048
realization 201 / 300 ... accepted 201. Emin=-0.01916001, Emax=247.51930436
realization 202 / 300 ... accepted 202. Emin=-0.99350284, Emax=250.55459173
realization 203 / 300 ... accepted 203. Emin=-1.35395289, Emax=245.83462055
realization 204 / 300 ... accepted 204. Emin=-2.90535058, Emax=247.57791444
realization 205 / 300 ... accepted 205. Emin=-4.16899151, Emax=242.60461383
realization 206 / 300 ... accepted 206. Emin=-8.19632696, Emax=238.07204389
realization 207 / 300 ... accepted 207. Emin=-0.27039387, Emax=254.55544143
realization 208 / 300 ... accepted 208. Emin=-1.46006790, Emax=247.91960369
realization 209 / 300 ... accepted 209. Emin=-2.07960150, Emax=245.54853037
realization 210 / 300 ... accepted 210. Emin=-1.39345722, Emax=249.73196324
realization 211 / 300 ... accepted 211. Emin=4.50125662, Emax=250.84373868
realization 212 / 300 ... accepted 212. Emin=0.70393254, Emax=249.97192628
realization 213 / 300 ... accepted 213. Emin=-4.15882475, Emax=244.02639798
realization 214 / 300 ... accepted 214. Emin=-0.11550879, Emax=254.73467439
realization 215 / 300 ... accepted 215. Emin=5.00067217, Emax=253.00235364
realization 216 / 300 ... accepted 216. Emin=-3.91894883, Emax=244.23786990
realization 217 / 300 ... accepted 217. Emin=1.59662018, Emax=248.76573006
realization 218 / 300 ... accepted 218. Emin=-0.23383935, Emax=251.28161839
realization 219 / 300 ... accepted 219. Emin=-2.34292428, Emax=248.12148411
realization 220 / 300 ... accepted 220. Emin=-0.04033190, Emax=251.87237789
realization 221 / 300 ... accepted 221. Emin=-6.16797922, Emax=240.01383218
realization 222 / 300 ... accepted 222. Emin=0.97779207, Emax=245.75541450
realization 223 / 300 ... accepted 223. Emin=-0.81977498, Emax=246.48233200
realization 224 / 300 ... accepted 224. Emin=-8.13773168, Emax=238.70758696
realization 225 / 300 ... accepted 225. Emin=0.51069651, Emax=245.52626142
realization 226 / 300 ... accepted 226. Emin=0.70294551, Emax=251.75718463
realization 227 / 300 ... accepted 227. Emin=5.53758443, Emax=249.86539518
realization 228 / 300 ... accepted 228. Emin=4.10289965, Emax=248.93753443
realization 229 / 300 ... accepted 229. Emin=1.45056662, Emax=250.70864907
realization 230 / 300 ... accepted 230. Emin=0.05249495, Emax=250.02208281
realization 231 / 300 ... accepted 231. Emin=-4.72632603, Emax=243.29069492
realization 232 / 300 ... accepted 232. Emin=-8.37237709, Emax=239.82370191
realization 233 / 300 ... accepted 233. Emin=-1.33911861, Emax=245.26431316
realization 234 / 300 ... accepted 234. Emin=8.37308121, Emax=254.86803472
realization 235 / 300 ... accepted 235. Emin=-1.59236503, Emax=249.17973911
realization 236 / 300 ... accepted 236. Emin=2.34294506, Emax=250.24477417
realization 237 / 300 ... accepted 237. Emin=-3.85140821, Emax=247.24483827
realization 238 / 300 ... accepted 238. Emin=-0.42654355, Emax=248.66867401
realization 239 / 300 ... accepted 239. Emin=1.83010760, Emax=248.50869901
realization 240 / 300 ... accepted 240. Emin=-2.21160631, Emax=247.01499465
realization 241 / 300 ... accepted 241. Emin=7.02255917, Emax=253.82236170
realization 242 / 300 ... accepted 242. Emin=-8.69736011, Emax=235.93039995
realization 243 / 300 ... accepted 243. Emin=0.69374647, Emax=252.69864377
realization 244 / 300 ... accepted 244. Emin=0.06065423, Emax=248.09149703
realization 245 / 300 ... accepted 245. Emin=-7.44281678, Emax=240.26326415
realization 246 / 300 ... accepted 246. Emin=0.71735861, Emax=248.62155440
realization 247 / 300 ... accepted 247. Emin=-1.15018207, Emax=246.07186618
realization 248 / 300 ... accepted 248. Emin=-3.16339211, Emax=248.40236094
realization 249 / 300 ... accepted 249. Emin=-4.97028735, Emax=242.36104094
realization 250 / 300 ... accepted 250. Emin=-5.31813526, Emax=244.23380523
realization 251 / 300 ... accepted 251. Emin=0.75692026, Emax=247.94009757
realization 252 / 300 ... accepted 252. Emin=0.63908387, Emax=255.05305388
realization 253 / 300 ... accepted 253. Emin=4.25134462, Emax=249.61611683
realization 254 / 300 ... accepted 254. Emin=4.97182728, Emax=252.97364550
realization 255 / 300 ... accepted 255. Emin=-4.38238015, Emax=244.44035146
realization 256 / 300 ... accepted 256. Emin=-9.20582859, Emax=236.78868021
realization 257 / 300 ... accepted 257. Emin=3.91795565, Emax=251.80818459
realization 258 / 300 ... accepted 258. Emin=4.79911542, Emax=251.37494675
realization 259 / 300 ... accepted 259. Emin=-0.59976168, Emax=249.97094404
realization 260 / 300 ... accepted 260. Emin=-0.10713323, Emax=250.35687518
realization 261 / 300 ... accepted 261. Emin=2.55204349, Emax=252.75140642
realization 262 / 300 ... accepted 262. Emin=-3.24086436, Emax=241.46597144
realization 263 / 300 ... accepted 263. Emin=3.19207502, Emax=253.53847945
realization 264 / 300 ... accepted 264. Emin=-1.22399368, Emax=244.04401785
realization 265 / 300 ... accepted 265. Emin=-0.67556179, Emax=248.81537094
realization 266 / 300 ... accepted 266. Emin=3.94661369, Emax=252.49312277
realization 267 / 300 ... accepted 267. Emin=2.58015384, Emax=252.51288164
realization 268 / 300 ... accepted 268. Emin=2.30671728, Emax=250.05515947
realization 269 / 300 ... accepted 269. Emin=5.78959665, Emax=251.70706351
realization 270 / 300 ... accepted 270. Emin=-0.07363255, Emax=248.80911805
realization 271 / 300 ... accepted 271. Emin=-3.25639186, Emax=244.20070621
realization 272 / 300 ... accepted 272. Emin=6.94702377, Emax=248.23463903
realization 273 / 300 ... accepted 273. Emin=5.21999499, Emax=252.94727032
realization 274 / 300 ... accepted 274. Emin=3.30558135, Emax=249.31812774
realization 275 / 300 ... accepted 275. Emin=-6.42436006, Emax=240.21263976
realization 276 / 300 ... accepted 276. Emin=-3.08201992, Emax=245.73480465
realization 277 / 300 ... accepted 277. Emin=0.86803876, Emax=245.99447654
realization 278 / 300 ... accepted 278. Emin=0.97444581, Emax=248.64592433
realization 279 / 300 ... accepted 279. Emin=4.63163533, Emax=253.20532276
realization 280 / 300 ... accepted 280. Emin=-1.42998863, Emax=249.86309643
realization 281 / 300 ... accepted 281. Emin=2.18413332, Emax=248.20643457
realization 282 / 300 ... accepted 282. Emin=-0.36589475, Emax=248.35983619
realization 283 / 300 ... accepted 283. Emin=-4.47216585, Emax=244.76022425
realization 284 / 300 ... accepted 284. Emin=3.66806459, Emax=252.58756430
realization 285 / 300 ... accepted 285. Emin=5.76221936, Emax=253.76402013
realization 286 / 300 ... accepted 286. Emin=-3.34687852, Emax=247.55447058
realization 287 / 300 ... accepted 287. Emin=-1.83477091, Emax=247.16650904
realization 288 / 300 ... accepted 288. Emin=-6.59059830, Emax=241.79469214
realization 289 / 300 ... accepted 289. Emin=-1.51303747, Emax=246.83620775
realization 290 / 300 ... accepted 290. Emin=-8.14603432, Emax=237.14485263
realization 291 / 300 ... accepted 291. Emin=0.13027653, Emax=253.62758511
realization 292 / 300 ... accepted 292. Emin=-2.62256314, Emax=246.01469228
realization 293 / 300 ... accepted 293. Emin=-1.47379561, Emax=249.95412453
realization 294 / 300 ... accepted 294. Emin=5.07472522, Emax=252.22248688
realization 295 / 300 ... accepted 295. Emin=-1.68493061, Emax=243.66735334
realization 296 / 300 ... accepted 296. Emin=-1.80880967, Emax=244.90926937
realization 297 / 300 ... accepted 297. Emin=-3.52363758, Emax=244.18335539
realization 298 / 300 ... accepted 298. Emin=-5.09139476, Emax=245.14091260
realization 299 / 300 ... accepted 299. Emin=2.21301099, Emax=249.84811153
realization 300 / 300 ... accepted 300. Emin=4.93106891, Emax=254.21975733
Saved final energies: /home/2/kj405942/POLFED_bosons/pbs_bose_legacy_nmax2_periodic/data/U_40/W_3/L_6/N_6_nmax_2/boundary_periodic/energies_full_U40_L6_N6_nmax2_W3_boundaryperiodic_nreal300.txt
Accepted realizations: 300 / 300
Skipped realizations: 0
Job finished at Sun May 31 17:14:02 UTC 2026
