Job started on w31 at Sun May 31 17:11:40 UTC 2026
PBS_JOBID=7731525.kruk-host.ift-klaster.lan
PBS_O_WORKDIR=/home/2/kj405942/POLFED_bosons
Bose-Hubbard: L=6, N=6, nmax=2, dim=141
t=1, U=40, W=6, nreal=300, boundary=periodic, mode=full
Writing partial results to /home/2/kj405942/POLFED_bosons/pbs_bose_legacy_nmax2_periodic/data/U_40/W_6/L_6/N_6_nmax_2/boundary_periodic/energies_full_U40_L6_N6_nmax2_W6_boundaryperiodic_nreal300_partial.txt
realization 1 / 300 ... accepted 1. Emin=18.82164291, Emax=272.47181760
realization 2 / 300 ... accepted 2. Emin=-5.08004225, Emax=256.53112900
realization 3 / 300 ... accepted 3. Emin=-7.61720003, Emax=248.49732894
realization 4 / 300 ... accepted 4. Emin=6.44959451, Emax=265.58044744
realization 5 / 300 ... accepted 5. Emin=10.78292012, Emax=259.47304750
realization 6 / 300 ... accepted 6. Emin=-5.61959255, Emax=250.54977992
realization 7 / 300 ... accepted 7. Emin=3.55161106, Emax=259.88811285
realization 8 / 300 ... accepted 8. Emin=9.93498674, Emax=263.00711501
realization 9 / 300 ... accepted 9. Emin=-7.26759867, Emax=245.47211610
realization 10 / 300 ... accepted 10. Emin=-13.79693128, Emax=238.23902686
realization 11 / 300 ... accepted 11. Emin=16.80419928, Emax=269.75499645
realization 12 / 300 ... accepted 12. Emin=-9.77517788, Emax=239.76195048
realization 13 / 300 ... accepted 13. Emin=-7.86608588, Emax=246.04535986
realization 14 / 300 ... accepted 14. Emin=-16.40499869, Emax=237.51287942
realization 15 / 300 ... accepted 15. Emin=-1.23903789, Emax=257.73531144
realization 16 / 300 ... accepted 16. Emin=-8.65109046, Emax=250.20440603
realization 17 / 300 ... accepted 17. Emin=-12.49017371, Emax=233.92300942
realization 18 / 300 ... accepted 18. Emin=19.14127856, Emax=267.63798362
realization 19 / 300 ... accepted 19. Emin=-0.17657511, Emax=262.37281743
realization 20 / 300 ... accepted 20. Emin=13.97052488, Emax=260.57967917
realization 21 / 300 ... accepted 21. Emin=-3.24411789, Emax=256.32925036
realization 22 / 300 ... accepted 22. Emin=1.16844838, Emax=262.92295689
realization 23 / 300 ... accepted 23. Emin=-0.13186257, Emax=250.50104753
realization 24 / 300 ... accepted 24. Emin=0.45348463, Emax=258.62740751
realization 25 / 300 ... accepted 25. Emin=-0.35176031, Emax=259.67171259
realization 26 / 300 ... accepted 26. Emin=3.19530416, Emax=263.36411859
realization 27 / 300 ... accepted 27. Emin=15.31055310, Emax=265.87753607
realization 28 / 300 ... accepted 28. Emin=5.91744913, Emax=266.08301094
realization 29 / 300 ... accepted 29. Emin=-4.70109795, Emax=248.27209004
realization 30 / 300 ... accepted 30. Emin=-2.64975710, Emax=262.61096322
realization 31 / 300 ... accepted 31. Emin=10.54017244, Emax=272.90634469
realization 32 / 300 ... accepted 32. Emin=5.04149565, Emax=262.17328157
realization 33 / 300 ... accepted 33. Emin=-0.78156913, Emax=257.62443414
realization 34 / 300 ... accepted 34. Emin=-8.54800648, Emax=251.06208929
realization 35 / 300 ... accepted 35. Emin=-7.58428112, Emax=252.75077856
realization 36 / 300 ... accepted 36. Emin=-5.40808000, Emax=248.86666194
realization 37 / 300 ... accepted 37. Emin=-6.13498617, Emax=248.59224687
realization 38 / 300 ... accepted 38. Emin=1.65865818, Emax=256.46452481
realization 39 / 300 ... accepted 39. Emin=0.94010606, Emax=259.41470960
realization 40 / 300 ... accepted 40. Emin=3.73295925, Emax=252.60599547
realization 41 / 300 ... accepted 41. Emin=-19.48671389, Emax=236.52263449
realization 42 / 300 ... accepted 42. Emin=-1.05683881, Emax=251.65865518
realization 43 / 300 ... accepted 43. Emin=-2.15527460, Emax=258.65206717
realization 44 / 300 ... accepted 44. Emin=-17.67739382, Emax=236.45005259
realization 45 / 300 ... accepted 45. Emin=-4.56045177, Emax=248.97713443
realization 46 / 300 ... accepted 46. Emin=-0.26983576, Emax=255.16398187
realization 47 / 300 ... accepted 47. Emin=-2.26206370, Emax=249.53160042
realization 48 / 300 ... accepted 48. Emin=13.83097572, Emax=261.97631745
realization 49 / 300 ... accepted 49. Emin=0.67795500, Emax=252.08373694
realization 50 / 300 ... accepted 50. Emin=-3.12594808, Emax=249.38188476
realization 51 / 300 ... accepted 51. Emin=3.38836956, Emax=260.32264463
realization 52 / 300 ... accepted 52. Emin=-4.62198406, Emax=247.48001793
realization 53 / 300 ... accepted 53. Emin=-2.68815084, Emax=252.68205356
realization 54 / 300 ... accepted 54. Emin=-4.39426774, Emax=254.01072239
realization 55 / 300 ... accepted 55. Emin=-13.29543732, Emax=241.38943093
realization 56 / 300 ... accepted 56. Emin=6.10811761, Emax=258.55149385
realization 57 / 300 ... accepted 57. Emin=-3.91142214, Emax=247.74445218
realization 58 / 300 ... accepted 58. Emin=2.66816413, Emax=256.20839202
realization 59 / 300 ... accepted 59. Emin=1.48792630, Emax=256.93738035
realization 60 / 300 ... accepted 60. Emin=14.51405871, Emax=266.32646169
realization 61 / 300 ... accepted 61. Emin=9.61927987, Emax=265.84883963
realization 62 / 300 ... accepted 62. Emin=4.78630902, Emax=256.04579129
realization 63 / 300 ... accepted 63. Emin=8.46496097, Emax=266.08003987
realization 64 / 300 ... accepted 64. Emin=-5.44264887, Emax=254.76634091
realization 65 / 300 ... accepted 65. Emin=2.22024703, Emax=256.00088601
realization 66 / 300 ... accepted 66. Emin=-9.98142949, Emax=249.74820801
realization 67 / 300 ... accepted 67. Emin=-9.63977572, Emax=243.28253851
realization 68 / 300 ... accepted 68. Emin=-13.19663706, Emax=241.26505146
realization 69 / 300 ... accepted 69. Emin=5.59268072, Emax=263.31459896
realization 70 / 300 ... accepted 70. Emin=-0.83505516, Emax=262.54869222
realization 71 / 300 ... accepted 71. Emin=-8.81808617, Emax=248.60286311
realization 72 / 300 ... accepted 72. Emin=-8.03164594, Emax=254.13232233
realization 73 / 300 ... accepted 73. Emin=0.55101191, Emax=264.86356689
realization 74 / 300 ... accepted 74. Emin=8.30062718, Emax=260.86290198
realization 75 / 300 ... accepted 75. Emin=-4.15077848, Emax=247.78762008
realization 76 / 300 ... accepted 76. Emin=6.07116182, Emax=259.13512170
realization 77 / 300 ... accepted 77. Emin=17.30144518, Emax=273.00975175
realization 78 / 300 ... accepted 78. Emin=4.88096877, Emax=270.10963241
realization 79 / 300 ... accepted 79. Emin=9.78324857, Emax=265.69649510
realization 80 / 300 ... accepted 80. Emin=4.18422637, Emax=258.95011496
realization 81 / 300 ... accepted 81. Emin=2.40349445, Emax=258.18432539
realization 82 / 300 ... accepted 82. Emin=-6.74237947, Emax=249.98072081
realization 83 / 300 ... accepted 83. Emin=-1.10133270, Emax=255.06221345
realization 84 / 300 ... accepted 84. Emin=-4.87574648, Emax=254.54007453
realization 85 / 300 ... accepted 85. Emin=-6.78139727, Emax=246.41697070
realization 86 / 300 ... accepted 86. Emin=-10.70585394, Emax=237.38727895
realization 87 / 300 ... accepted 87. Emin=3.15320421, Emax=260.90983290
realization 88 / 300 ... accepted 88. Emin=-7.68020519, Emax=246.01238912
realization 89 / 300 ... accepted 89. Emin=-12.30252579, Emax=240.92105718
realization 90 / 300 ... accepted 90. Emin=10.25969811, Emax=265.28137796
realization 91 / 300 ... accepted 91. Emin=12.51836053, Emax=264.17341970
realization 92 / 300 ... accepted 92. Emin=-15.75629937, Emax=239.25898145
realization 93 / 300 ... accepted 93. Emin=1.96841247, Emax=267.79333561
realization 94 / 300 ... accepted 94. Emin=13.22482993, Emax=271.65369725
realization 95 / 300 ... accepted 95. Emin=0.81534645, Emax=261.90878147
realization 96 / 300 ... accepted 96. Emin=10.15963277, Emax=262.19627552
realization 97 / 300 ... accepted 97. Emin=4.28535726, Emax=270.63309731
realization 98 / 300 ... accepted 98. Emin=-9.36819212, Emax=251.24212920
realization 99 / 300 ... accepted 99. Emin=1.56775399, Emax=259.65168645
realization 100 / 300 ... accepted 100. Emin=-10.56210847, Emax=246.23137420
realization 101 / 300 ... accepted 101. Emin=-10.56620529, Emax=239.77914821
realization 102 / 300 ... accepted 102. Emin=1.02038817, Emax=252.11387378
realization 103 / 300 ... accepted 103. Emin=-5.14063672, Emax=248.64699195
realization 104 / 300 ... accepted 104. Emin=-2.14064614, Emax=257.84179088
realization 105 / 300 ... accepted 105. Emin=9.44976430, Emax=267.33361751
realization 106 / 300 ... accepted 106. Emin=-6.46033143, Emax=248.81246048
realization 107 / 300 ... accepted 107. Emin=4.11287353, Emax=260.80041188
realization 108 / 300 ... accepted 108. Emin=2.25900481, Emax=257.91073792
realization 109 / 300 ... accepted 109. Emin=-3.86895521, Emax=255.25565518
realization 110 / 300 ... accepted 110. Emin=2.92017186, Emax=261.10188012
realization 111 / 300 ... accepted 111. Emin=7.98539020, Emax=264.15345536
realization 112 / 300 ... accepted 112. Emin=-0.64466773, Emax=260.30953178
realization 113 / 300 ... accepted 113. Emin=-8.68709143, Emax=250.02447488
realization 114 / 300 ... accepted 114. Emin=-0.58433741, Emax=255.10013321
realization 115 / 300 ... accepted 115. Emin=-3.52940750, Emax=251.81228155
realization 116 / 300 ... accepted 116. Emin=-0.31928308, Emax=258.41017662
realization 117 / 300 ... accepted 117. Emin=9.39610867, Emax=260.69974889
realization 118 / 300 ... accepted 118. Emin=11.59486279, Emax=260.11462640
realization 119 / 300 ... accepted 119. Emin=-1.70654793, Emax=257.32627903
realization 120 / 300 ... accepted 120. Emin=6.43711571, Emax=266.11945875
realization 121 / 300 ... accepted 121. Emin=-9.77307987, Emax=251.91139909
realization 122 / 300 ... accepted 122. Emin=-4.80069557, Emax=251.99851120
realization 123 / 300 ... accepted 123. Emin=13.50634940, Emax=273.72319545
realization 124 / 300 ... accepted 124. Emin=-6.05375203, Emax=252.43727765
realization 125 / 300 ... accepted 125. Emin=10.20276523, Emax=263.86857267
realization 126 / 300 ... accepted 126. Emin=6.44122028, Emax=255.55269832
realization 127 / 300 ... accepted 127. Emin=3.80524607, Emax=254.48234526
realization 128 / 300 ... accepted 128. Emin=1.34976242, Emax=261.22615392
realization 129 / 300 ... accepted 129. Emin=-2.31605717, Emax=254.89626507
realization 130 / 300 ... accepted 130. Emin=14.09877515, Emax=267.73580105
realization 131 / 300 ... accepted 131. Emin=-5.03228926, Emax=255.16196074
realization 132 / 300 ... accepted 132. Emin=-2.58330965, Emax=249.00023088
realization 133 / 300 ... accepted 133. Emin=9.04173474, Emax=264.14757803
realization 134 / 300 ... accepted 134. Emin=-11.80316347, Emax=240.07368886
realization 135 / 300 ... accepted 135. Emin=-0.93036739, Emax=249.23083413
realization 136 / 300 ... accepted 136. Emin=-16.79354606, Emax=237.90124508
realization 137 / 300 ... accepted 137. Emin=12.31349635, Emax=264.05589617
realization 138 / 300 ... accepted 138. Emin=5.14428682, Emax=254.71928154
realization 139 / 300 ... accepted 139. Emin=-2.97086182, Emax=254.16575258
realization 140 / 300 ... accepted 140. Emin=-10.84995180, Emax=247.21058041
realization 141 / 300 ... accepted 141. Emin=4.57890949, Emax=254.65741615
realization 142 / 300 ... accepted 142. Emin=-3.21154157, Emax=248.10123581
realization 143 / 300 ... accepted 143. Emin=3.21707583, Emax=251.89435175
realization 144 / 300 ... accepted 144. Emin=-8.86070294, Emax=249.83040580
realization 145 / 300 ... accepted 145. Emin=-2.73747979, Emax=248.24235149
realization 146 / 300 ... accepted 146. Emin=-10.66564913, Emax=249.36749701
realization 147 / 300 ... accepted 147. Emin=-11.37997530, Emax=245.08456907
realization 148 / 300 ... accepted 148. Emin=0.54305028, Emax=254.03003800
realization 149 / 300 ... accepted 149. Emin=14.88235964, Emax=270.00695109
realization 150 / 300 ... accepted 150. Emin=10.18412562, Emax=267.27584385
realization 151 / 300 ... accepted 151. Emin=-4.69424371, Emax=260.88576261
realization 152 / 300 ... accepted 152. Emin=8.96381779, Emax=264.18389533
realization 153 / 300 ... accepted 153. Emin=-0.62058125, Emax=257.30264535
realization 154 / 300 ... accepted 154. Emin=-14.45744815, Emax=236.45063535
realization 155 / 300 ... accepted 155. Emin=8.98407470, Emax=260.85622838
realization 156 / 300 ... accepted 156. Emin=4.78243422, Emax=264.38536063
realization 157 / 300 ... accepted 157. Emin=0.63467562, Emax=254.58550496
realization 158 / 300 ... accepted 158. Emin=15.21630962, Emax=268.48135273
realization 159 / 300 ... accepted 159. Emin=1.75360114, Emax=261.35355326
realization 160 / 300 ... accepted 160. Emin=-6.82728024, Emax=248.68070350
realization 161 / 300 ... accepted 161. Emin=3.28931953, Emax=260.18946127
realization 162 / 300 ... accepted 162. Emin=5.45579730, Emax=261.89945625
realization 163 / 300 ... accepted 163. Emin=2.25955070, Emax=260.29488862
realization 164 / 300 ... accepted 164. Emin=-1.63889961, Emax=257.06124796
realization 165 / 300 ... accepted 165. Emin=-0.56521258, Emax=256.47276354
realization 166 / 300 ... accepted 166. Emin=11.01152323, Emax=269.24593870
realization 167 / 300 ... accepted 167. Emin=3.13340062, Emax=256.17691925
realization 168 / 300 ... accepted 168. Emin=3.25387171, Emax=263.62342289
realization 169 / 300 ... accepted 169. Emin=2.05880546, Emax=254.94657398
realization 170 / 300 ... accepted 170. Emin=-4.05720210, Emax=254.13275350
realization 171 / 300 ... accepted 171. Emin=7.82441924, Emax=262.95818755
realization 172 / 300 ... accepted 172. Emin=1.43518882, Emax=258.68562121
realization 173 / 300 ... accepted 173. Emin=-10.74765638, Emax=244.44809745
realization 174 / 300 ... accepted 174. Emin=-13.57226857, Emax=239.17869742
realization 175 / 300 ... accepted 175. Emin=7.46654191, Emax=262.41480361
realization 176 / 300 ... accepted 176. Emin=-11.05004056, Emax=242.94830654
realization 177 / 300 ... accepted 177. Emin=-9.48688970, Emax=246.42057856
realization 178 / 300 ... accepted 178. Emin=-16.41347631, Emax=238.70880006
realization 179 / 300 ... accepted 179. Emin=4.05209611, Emax=257.39788114
realization 180 / 300 ... accepted 180. Emin=2.65906572, Emax=262.69471918
realization 181 / 300 ... accepted 181. Emin=13.86924424, Emax=264.28617016
realization 182 / 300 ... accepted 182. Emin=-1.06432027, Emax=254.23373984
realization 183 / 300 ... accepted 183. Emin=2.48199052, Emax=263.16626673
realization 184 / 300 ... accepted 184. Emin=11.60506900, Emax=265.41435659
realization 185 / 300 ... accepted 185. Emin=8.96935735, Emax=265.12087202
realization 186 / 300 ... accepted 186. Emin=16.97634568, Emax=272.77192202
realization 187 / 300 ... accepted 187. Emin=-16.20828737, Emax=241.22518516
realization 188 / 300 ... accepted 188. Emin=6.18235715, Emax=259.87581575
realization 189 / 300 ... accepted 189. Emin=-1.86839724, Emax=251.70159945
realization 190 / 300 ... accepted 190. Emin=8.13804214, Emax=264.23203084
realization 191 / 300 ... accepted 191. Emin=7.25229948, Emax=262.91710128
realization 192 / 300 ... accepted 192. Emin=-11.45222067, Emax=239.07055765
realization 193 / 300 ... accepted 193. Emin=-25.94828188, Emax=222.01164355
realization 194 / 300 ... accepted 194. Emin=3.19391424, Emax=259.48244585
realization 195 / 300 ... accepted 195. Emin=4.07262333, Emax=265.20024646
realization 196 / 300 ... accepted 196. Emin=1.59959791, Emax=262.68977607
realization 197 / 300 ... accepted 197. Emin=-11.60928352, Emax=240.45820974
realization 198 / 300 ... accepted 198. Emin=10.05395444, Emax=265.09633205
realization 199 / 300 ... accepted 199. Emin=-2.55205592, Emax=255.07765494
realization 200 / 300 ... accepted 200. Emin=7.86397209, Emax=260.23604132
realization 201 / 300 ... accepted 201. Emin=6.39285210, Emax=259.78383598
realization 202 / 300 ... accepted 202. Emin=11.43722099, Emax=267.74390314
realization 203 / 300 ... accepted 203. Emin=-3.97338782, Emax=261.24734578
realization 204 / 300 ... accepted 204. Emin=-13.83044223, Emax=238.47014413
realization 205 / 300 ... accepted 205. Emin=-18.68891073, Emax=224.79461657
realization 206 / 300 ... accepted 206. Emin=10.69714543, Emax=265.36574568
realization 207 / 300 ... accepted 207. Emin=15.62678891, Emax=267.04206414
realization 208 / 300 ... accepted 208. Emin=2.37341494, Emax=261.72831890
realization 209 / 300 ... accepted 209. Emin=8.43227767, Emax=265.95949581
realization 210 / 300 ... accepted 210. Emin=-8.28972984, Emax=246.20532807
realization 211 / 300 ... accepted 211. Emin=-0.27196102, Emax=260.31516924
realization 212 / 300 ... accepted 212. Emin=-17.97321820, Emax=233.39155975
realization 213 / 300 ... accepted 213. Emin=-0.23063255, Emax=268.12729041
realization 214 / 300 ... accepted 214. Emin=3.26274228, Emax=263.66442610
realization 215 / 300 ... accepted 215. Emin=0.25279690, Emax=260.13425147
realization 216 / 300 ... accepted 216. Emin=4.14989652, Emax=261.59677453
realization 217 / 300 ... accepted 217. Emin=-15.05061026, Emax=230.94096015
realization 218 / 300 ... accepted 218. Emin=-15.74616306, Emax=242.08346171
realization 219 / 300 ... accepted 219. Emin=8.54838025, Emax=266.63595210
realization 220 / 300 ... accepted 220. Emin=5.53463625, Emax=263.65979527
realization 221 / 300 ... accepted 221. Emin=-9.16537450, Emax=244.63100133
realization 222 / 300 ... accepted 222. Emin=-6.43322492, Emax=248.40104675
realization 223 / 300 ... accepted 223. Emin=0.04757637, Emax=266.63259159
realization 224 / 300 ... accepted 224. Emin=9.50470677, Emax=267.98562436
realization 225 / 300 ... accepted 225. Emin=10.52452539, Emax=265.37430353
realization 226 / 300 ... accepted 226. Emin=20.93363093, Emax=268.27767608
realization 227 / 300 ... accepted 227. Emin=-1.54975405, Emax=260.76106577
realization 228 / 300 ... accepted 228. Emin=-7.21016622, Emax=251.63749153
realization 229 / 300 ... accepted 229. Emin=8.03317948, Emax=260.80014217
realization 230 / 300 ... accepted 230. Emin=-6.90128681, Emax=253.73154565
realization 231 / 300 ... accepted 231. Emin=0.15133590, Emax=256.27302661
realization 232 / 300 ... accepted 232. Emin=2.47716912, Emax=261.43034967
realization 233 / 300 ... accepted 233. Emin=12.87234460, Emax=269.67915271
realization 234 / 300 ... accepted 234. Emin=2.50749554, Emax=259.41403724
realization 235 / 300 ... accepted 235. Emin=5.00157521, Emax=264.55453079
realization 236 / 300 ... accepted 236. Emin=8.55737987, Emax=264.08210389
realization 237 / 300 ... accepted 237. Emin=1.45052573, Emax=251.28286028
realization 238 / 300 ... accepted 238. Emin=-3.46098448, Emax=256.02159002
realization 239 / 300 ... accepted 239. Emin=4.52906488, Emax=261.61409734
realization 240 / 300 ... accepted 240. Emin=8.07057871, Emax=264.65313829
realization 241 / 300 ... accepted 241. Emin=-8.88768348, Emax=253.78499202
realization 242 / 300 ... accepted 242. Emin=4.43104601, Emax=261.57605053
realization 243 / 300 ... accepted 243. Emin=2.82517732, Emax=268.71267330
realization 244 / 300 ... accepted 244. Emin=9.16602728, Emax=267.49856930
realization 245 / 300 ... accepted 245. Emin=-8.87197714, Emax=240.07340981
realization 246 / 300 ... accepted 246. Emin=-0.57908875, Emax=258.81368549
realization 247 / 300 ... accepted 247. Emin=-13.02941205, Emax=240.82344907
realization 248 / 300 ... accepted 248. Emin=1.02733822, Emax=259.17524457
realization 249 / 300 ... accepted 249. Emin=-8.58175720, Emax=247.36711107
realization 250 / 300 ... accepted 250. Emin=-4.35185332, Emax=249.60393311
realization 251 / 300 ... accepted 251. Emin=8.68909162, Emax=272.55609089
realization 252 / 300 ... accepted 252. Emin=0.26187341, Emax=256.73874463
realization 253 / 300 ... accepted 253. Emin=4.94832322, Emax=261.10226729
realization 254 / 300 ... accepted 254. Emin=4.61333329, Emax=265.72981215
realization 255 / 300 ... accepted 255. Emin=-6.53458613, Emax=251.26347199
realization 256 / 300 ... accepted 256. Emin=0.41075901, Emax=260.24877102
realization 257 / 300 ... accepted 257. Emin=5.58923899, Emax=258.97168836
realization 258 / 300 ... accepted 258. Emin=-2.36215526, Emax=246.56876609
realization 259 / 300 ... accepted 259. Emin=11.61543121, Emax=262.70307835
realization 260 / 300 ... accepted 260. Emin=-7.42007440, Emax=254.59608099
realization 261 / 300 ... accepted 261. Emin=1.52911855, Emax=260.31585222
realization 262 / 300 ... accepted 262. Emin=1.72062626, Emax=258.58980756
realization 263 / 300 ... accepted 263. Emin=-17.17744657, Emax=230.57537455
realization 264 / 300 ... accepted 264. Emin=4.46841106, Emax=260.49903652
realization 265 / 300 ... accepted 265. Emin=11.02591337, Emax=258.60764198
realization 266 / 300 ... accepted 266. Emin=11.05357926, Emax=263.14883887
realization 267 / 300 ... accepted 267. Emin=13.06690875, Emax=271.57219095
realization 268 / 300 ... accepted 268. Emin=8.76791100, Emax=261.41667687
realization 269 / 300 ... accepted 269. Emin=1.37352281, Emax=254.08256858
realization 270 / 300 ... accepted 270. Emin=2.82226758, Emax=267.96470391
realization 271 / 300 ... accepted 271. Emin=9.32285871, Emax=261.56538809
realization 272 / 300 ... accepted 272. Emin=-5.31606517, Emax=250.60253016
realization 273 / 300 ... accepted 273. Emin=10.86383643, Emax=267.43802178
realization 274 / 300 ... accepted 274. Emin=-8.04540733, Emax=256.63700684
realization 275 / 300 ... accepted 275. Emin=-6.97108955, Emax=247.44022848
realization 276 / 300 ... accepted 276. Emin=-2.16105489, Emax=257.93321027
realization 277 / 300 ... accepted 277. Emin=8.92591018, Emax=263.72527294
realization 278 / 300 ... accepted 278. Emin=-7.86555254, Emax=248.98727482
realization 279 / 300 ... accepted 279. Emin=15.44415153, Emax=264.07524280
realization 280 / 300 ... accepted 280. Emin=-8.33693742, Emax=245.01166553
realization 281 / 300 ... accepted 281. Emin=-8.27311072, Emax=252.17033976
realization 282 / 300 ... accepted 282. Emin=-1.32520062, Emax=257.17458879
realization 283 / 300 ... accepted 283. Emin=8.42684179, Emax=263.13676923
realization 284 / 300 ... accepted 284. Emin=-11.36041545, Emax=242.89380447
realization 285 / 300 ... accepted 285. Emin=-3.76298968, Emax=251.76731692
realization 286 / 300 ... accepted 286. Emin=5.91571235, Emax=256.13039475
realization 287 / 300 ... accepted 287. Emin=-9.60493223, Emax=254.50310600
realization 288 / 300 ... accepted 288. Emin=8.52780006, Emax=261.97182551
realization 289 / 300 ... accepted 289. Emin=-0.12739816, Emax=255.66035956
realization 290 / 300 ... accepted 290. Emin=-8.82867458, Emax=246.04084000
realization 291 / 300 ... accepted 291. Emin=-3.98054549, Emax=258.21468088
realization 292 / 300 ... accepted 292. Emin=-10.92946337, Emax=245.76385006
realization 293 / 300 ... accepted 293. Emin=9.97928038, Emax=265.06892251
realization 294 / 300 ... accepted 294. Emin=1.01619065, Emax=257.43943083
realization 295 / 300 ... accepted 295. Emin=8.69793255, Emax=265.53657975
realization 296 / 300 ... accepted 296. Emin=8.09787516, Emax=266.58085210
realization 297 / 300 ... accepted 297. Emin=1.84303750, Emax=253.99389184
realization 298 / 300 ... accepted 298. Emin=5.61865643, Emax=262.50212215
realization 299 / 300 ... accepted 299. Emin=-5.03961495, Emax=253.11771701
realization 300 / 300 ... accepted 300. Emin=1.65895227, Emax=252.16216985
Saved final energies: /home/2/kj405942/POLFED_bosons/pbs_bose_legacy_nmax2_periodic/data/U_40/W_6/L_6/N_6_nmax_2/boundary_periodic/energies_full_U40_L6_N6_nmax2_W6_boundaryperiodic_nreal300.txt
Accepted realizations: 300 / 300
Skipped realizations: 0
Job finished at Sun May 31 17:14:02 UTC 2026
