Job started on w31 at Sun May 31 17:11:40 UTC 2026
PBS_JOBID=7731530.kruk-host.ift-klaster.lan
PBS_O_WORKDIR=/home/2/kj405942/POLFED_bosons
Bose-Hubbard: L=6, N=6, nmax=2, dim=141
t=1, U=40, W=11, nreal=300, boundary=periodic, mode=full
Writing partial results to /home/2/kj405942/POLFED_bosons/pbs_bose_legacy_nmax2_periodic/data/U_40/W_11/L_6/N_6_nmax_2/boundary_periodic/energies_full_U40_L6_N6_nmax2_W11_boundaryperiodic_nreal300_partial.txt
realization 1 / 300 ... accepted 1. Emin=-10.19068531, Emax=272.41551105
realization 2 / 300 ... accepted 2. Emin=-15.65661369, Emax=257.18036289
realization 3 / 300 ... accepted 3. Emin=-2.09451805, Emax=267.26511566
realization 4 / 300 ... accepted 4. Emin=11.65684969, Emax=284.91900455
realization 5 / 300 ... accepted 5. Emin=2.67993397, Emax=268.90555375
realization 6 / 300 ... accepted 6. Emin=5.97217977, Emax=258.77957613
realization 7 / 300 ... accepted 7. Emin=-23.15735636, Emax=241.62111641
realization 8 / 300 ... accepted 8. Emin=13.51970634, Emax=279.37467034
realization 9 / 300 ... accepted 9. Emin=23.99283383, Emax=283.10927828
realization 10 / 300 ... accepted 10. Emin=26.79074427, Emax=295.94381328
realization 11 / 300 ... accepted 11. Emin=4.08002603, Emax=273.43377248
realization 12 / 300 ... accepted 12. Emin=-6.86292367, Emax=264.40612342
realization 13 / 300 ... accepted 13. Emin=-14.51016575, Emax=259.00161779
realization 14 / 300 ... accepted 14. Emin=-15.19615659, Emax=262.21802030
realization 15 / 300 ... accepted 15. Emin=3.82342117, Emax=284.69471721
realization 16 / 300 ... accepted 16. Emin=28.16697105, Emax=287.34693869
realization 17 / 300 ... accepted 17. Emin=17.07859396, Emax=267.87448127
realization 18 / 300 ... accepted 18. Emin=-10.29749303, Emax=260.23692809
realization 19 / 300 ... accepted 19. Emin=17.50895171, Emax=283.32943264
realization 20 / 300 ... accepted 20. Emin=-2.33502849, Emax=259.65090208
realization 21 / 300 ... accepted 21. Emin=-1.39689059, Emax=269.76136684
realization 22 / 300 ... accepted 22. Emin=-13.23686308, Emax=260.36001250
realization 23 / 300 ... accepted 23. Emin=2.80760509, Emax=267.73750557
realization 24 / 300 ... accepted 24. Emin=4.78660594, Emax=282.29021576
realization 25 / 300 ... accepted 25. Emin=15.12968997, Emax=282.65351662
realization 26 / 300 ... accepted 26. Emin=15.71686651, Emax=287.12330961
realization 27 / 300 ... accepted 27. Emin=3.98714111, Emax=268.17973892
realization 28 / 300 ... accepted 28. Emin=-18.93768901, Emax=254.16085958
realization 29 / 300 ... accepted 29. Emin=-7.26080857, Emax=261.57674683
realization 30 / 300 ... accepted 30. Emin=-37.48809230, Emax=219.36779251
realization 31 / 300 ... accepted 31. Emin=-3.19507064, Emax=270.84853806
realization 32 / 300 ... accepted 32. Emin=5.71262269, Emax=282.13244946
realization 33 / 300 ... accepted 33. Emin=-42.56485590, Emax=215.73307870
realization 34 / 300 ... accepted 34. Emin=-13.60486138, Emax=260.54425021
realization 35 / 300 ... accepted 35. Emin=8.60118452, Emax=272.55794490
realization 36 / 300 ... accepted 36. Emin=-11.70115218, Emax=271.75714141
realization 37 / 300 ... accepted 37. Emin=-19.73604073, Emax=245.52905086
realization 38 / 300 ... accepted 38. Emin=-1.48384611, Emax=269.95298038
realization 39 / 300 ... accepted 39. Emin=33.70050285, Emax=293.43564630
realization 40 / 300 ... accepted 40. Emin=9.38849367, Emax=279.39727970
realization 41 / 300 ... accepted 41. Emin=-15.10367785, Emax=262.06158754
realization 42 / 300 ... accepted 42. Emin=27.37962222, Emax=295.83940091
realization 43 / 300 ... accepted 43. Emin=10.95795349, Emax=279.26156437
realization 44 / 300 ... accepted 44. Emin=-3.07901834, Emax=262.28215351
realization 45 / 300 ... accepted 45. Emin=-7.29967950, Emax=254.60214030
realization 46 / 300 ... accepted 46. Emin=3.72458245, Emax=265.85010104
realization 47 / 300 ... accepted 47. Emin=-14.42426746, Emax=240.63668953
realization 48 / 300 ... accepted 48. Emin=24.45352297, Emax=289.10443033
realization 49 / 300 ... accepted 49. Emin=-33.45723967, Emax=228.92572245
realization 50 / 300 ... accepted 50. Emin=-19.24661814, Emax=250.59203002
realization 51 / 300 ... accepted 51. Emin=-15.79226022, Emax=258.60145096
realization 52 / 300 ... accepted 52. Emin=-4.40297012, Emax=249.91323709
realization 53 / 300 ... accepted 53. Emin=22.46329463, Emax=288.78264958
realization 54 / 300 ... accepted 54. Emin=-6.74538300, Emax=283.82103863
realization 55 / 300 ... accepted 55. Emin=-5.91462385, Emax=272.12800755
realization 56 / 300 ... accepted 56. Emin=-4.41376622, Emax=260.08511720
realization 57 / 300 ... accepted 57. Emin=20.61253118, Emax=281.27425729
realization 58 / 300 ... accepted 58. Emin=-6.36068260, Emax=259.19946264
realization 59 / 300 ... accepted 59. Emin=-18.14230045, Emax=253.51667574
realization 60 / 300 ... accepted 60. Emin=-7.01809939, Emax=251.94972632
realization 61 / 300 ... accepted 61. Emin=-3.02818449, Emax=253.08477906
realization 62 / 300 ... accepted 62. Emin=31.09098301, Emax=298.35562714
realization 63 / 300 ... accepted 63. Emin=15.52460365, Emax=276.16407530
realization 64 / 300 ... accepted 64. Emin=-3.32373731, Emax=270.91681177
realization 65 / 300 ... accepted 65. Emin=22.21945266, Emax=294.74499173
realization 66 / 300 ... accepted 66. Emin=6.24238318, Emax=255.58690987
realization 67 / 300 ... accepted 67. Emin=2.62543214, Emax=288.05998090
realization 68 / 300 ... accepted 68. Emin=-7.40895167, Emax=260.70548291
realization 69 / 300 ... accepted 69. Emin=9.68000177, Emax=289.21875289
realization 70 / 300 ... accepted 70. Emin=5.72820061, Emax=279.59893266
realization 71 / 300 ... accepted 71. Emin=-12.89281589, Emax=273.88081029
realization 72 / 300 ... accepted 72. Emin=6.91969956, Emax=262.00949993
realization 73 / 300 ... accepted 73. Emin=-6.00755452, Emax=255.91147251
realization 74 / 300 ... accepted 74. Emin=0.70480634, Emax=272.86901030
realization 75 / 300 ... accepted 75. Emin=4.07290306, Emax=287.09499525
realization 76 / 300 ... accepted 76. Emin=16.43411071, Emax=297.66478433
realization 77 / 300 ... accepted 77. Emin=-14.69459233, Emax=255.24721175
realization 78 / 300 ... accepted 78. Emin=8.53121697, Emax=275.89014192
realization 79 / 300 ... accepted 79. Emin=28.37507871, Emax=290.01810867
realization 80 / 300 ... accepted 80. Emin=-0.01197944, Emax=271.21283321
realization 81 / 300 ... accepted 81. Emin=-9.60340070, Emax=261.81672726
realization 82 / 300 ... accepted 82. Emin=-2.47607067, Emax=267.36860263
realization 83 / 300 ... accepted 83. Emin=9.58494368, Emax=284.63027598
realization 84 / 300 ... accepted 84. Emin=17.01219663, Emax=285.61765337
realization 85 / 300 ... accepted 85. Emin=22.51749582, Emax=277.89783397
realization 86 / 300 ... accepted 86. Emin=-15.95913021, Emax=245.76002874
realization 87 / 300 ... accepted 87. Emin=-16.54083027, Emax=262.13261683
realization 88 / 300 ... accepted 88. Emin=-3.57204702, Emax=250.67683701
realization 89 / 300 ... accepted 89. Emin=5.97460001, Emax=270.03742877
realization 90 / 300 ... accepted 90. Emin=-9.70539839, Emax=264.84782938
realization 91 / 300 ... accepted 91. Emin=-21.48169151, Emax=243.05208132
realization 92 / 300 ... accepted 92. Emin=-12.34620515, Emax=256.20825834
realization 93 / 300 ... accepted 93. Emin=-23.23762570, Emax=243.56734668
realization 94 / 300 ... accepted 94. Emin=33.30117506, Emax=293.45852822
realization 95 / 300 ... accepted 95. Emin=-9.03037468, Emax=261.58006171
realization 96 / 300 ... accepted 96. Emin=-23.95317944, Emax=249.98347815
realization 97 / 300 ... accepted 97. Emin=-21.20629500, Emax=232.39365492
realization 98 / 300 ... accepted 98. Emin=-14.55247786, Emax=252.71778971
realization 99 / 300 ... accepted 99. Emin=4.87355027, Emax=287.36362592
realization 100 / 300 ... accepted 100. Emin=4.48405947, Emax=272.31752612
realization 101 / 300 ... accepted 101. Emin=22.46634785, Emax=294.56059423
realization 102 / 300 ... accepted 102. Emin=2.22760255, Emax=276.14425839
realization 103 / 300 ... accepted 103. Emin=4.47799885, Emax=270.83629913
realization 104 / 300 ... accepted 104. Emin=0.60704311, Emax=264.81595999
realization 105 / 300 ... accepted 105. Emin=15.45590448, Emax=280.19693965
realization 106 / 300 ... accepted 106. Emin=5.14995475, Emax=272.13669836
realization 107 / 300 ... accepted 107. Emin=-2.25901631, Emax=268.54704096
realization 108 / 300 ... accepted 108. Emin=-34.67801619, Emax=227.52452441
realization 109 / 300 ... accepted 109. Emin=-32.90911672, Emax=236.15977712
realization 110 / 300 ... accepted 110. Emin=4.84126027, Emax=283.85224738
realization 111 / 300 ... accepted 111. Emin=16.13508223, Emax=299.62720468
realization 112 / 300 ... accepted 112. Emin=6.79596622, Emax=275.31052725
realization 113 / 300 ... accepted 113. Emin=11.07108824, Emax=274.41703018
realization 114 / 300 ... accepted 114. Emin=-4.44878018, Emax=275.88819600
realization 115 / 300 ... accepted 115. Emin=-11.56464431, Emax=255.74756142
realization 116 / 300 ... accepted 116. Emin=-12.99142033, Emax=250.10796311
realization 117 / 300 ... accepted 117. Emin=27.47683636, Emax=295.72648204
realization 118 / 300 ... accepted 118. Emin=-11.58626861, Emax=266.76929055
realization 119 / 300 ... accepted 119. Emin=-5.26813121, Emax=263.80383155
realization 120 / 300 ... accepted 120. Emin=-0.45968023, Emax=273.74606086
realization 121 / 300 ... accepted 121. Emin=-30.02230025, Emax=235.91117527
realization 122 / 300 ... accepted 122. Emin=1.79534613, Emax=289.33473063
realization 123 / 300 ... accepted 123. Emin=-11.02062793, Emax=253.82748708
realization 124 / 300 ... accepted 124. Emin=36.46852086, Emax=294.88609680
realization 125 / 300 ... accepted 125. Emin=11.08771251, Emax=285.36338475
realization 126 / 300 ... accepted 126. Emin=-15.99987868, Emax=251.37531697
realization 127 / 300 ... accepted 127. Emin=0.41462298, Emax=268.07540704
realization 128 / 300 ... accepted 128. Emin=20.16519726, Emax=286.47509744
realization 129 / 300 ... accepted 129. Emin=-1.20705809, Emax=272.84749486
realization 130 / 300 ... accepted 130. Emin=-10.67303636, Emax=263.48548675
realization 131 / 300 ... accepted 131. Emin=3.40422861, Emax=278.31507064
realization 132 / 300 ... accepted 132. Emin=-10.96484509, Emax=262.13278109
realization 133 / 300 ... accepted 133. Emin=1.21411560, Emax=282.12258926
realization 134 / 300 ... accepted 134. Emin=7.70336939, Emax=265.92150218
realization 135 / 300 ... accepted 135. Emin=-17.87439038, Emax=259.45021884
realization 136 / 300 ... accepted 136. Emin=-7.51308347, Emax=261.93647608
realization 137 / 300 ... accepted 137. Emin=-34.00099795, Emax=224.88405744
realization 138 / 300 ... accepted 138. Emin=-3.29318040, Emax=266.98847421
realization 139 / 300 ... accepted 139. Emin=-7.54250375, Emax=245.77160618
realization 140 / 300 ... accepted 140. Emin=-9.13238403, Emax=266.14115083
realization 141 / 300 ... accepted 141. Emin=-7.97635060, Emax=268.62350029
realization 142 / 300 ... accepted 142. Emin=4.90598692, Emax=273.00968045
realization 143 / 300 ... accepted 143. Emin=-2.17720224, Emax=258.78579214
realization 144 / 300 ... accepted 144. Emin=-6.75563672, Emax=265.58700835
realization 145 / 300 ... accepted 145. Emin=-13.23739681, Emax=265.56771789
realization 146 / 300 ... accepted 146. Emin=2.20238779, Emax=277.83742264
realization 147 / 300 ... accepted 147. Emin=-19.16314840, Emax=246.52894093
realization 148 / 300 ... accepted 148. Emin=-10.28100666, Emax=262.34900463
realization 149 / 300 ... accepted 149. Emin=-18.54018634, Emax=261.10671870
realization 150 / 300 ... accepted 150. Emin=-7.08667221, Emax=254.80493524
realization 151 / 300 ... accepted 151. Emin=18.20650610, Emax=278.14200433
realization 152 / 300 ... accepted 152. Emin=-9.07135133, Emax=247.27307195
realization 153 / 300 ... accepted 153. Emin=8.48579113, Emax=284.60405875
realization 154 / 300 ... accepted 154. Emin=14.34467757, Emax=272.52399131
realization 155 / 300 ... accepted 155. Emin=18.71320594, Emax=277.58307263
realization 156 / 300 ... accepted 156. Emin=18.79294984, Emax=293.43618509
realization 157 / 300 ... accepted 157. Emin=-4.13109176, Emax=254.12677409
realization 158 / 300 ... accepted 158. Emin=19.03939693, Emax=285.26521590
realization 159 / 300 ... accepted 159. Emin=2.50933893, Emax=269.51739961
realization 160 / 300 ... accepted 160. Emin=-10.80351885, Emax=264.81288101
realization 161 / 300 ... accepted 161. Emin=-1.27251653, Emax=267.70935742
realization 162 / 300 ... accepted 162. Emin=16.29779051, Emax=291.32568350
realization 163 / 300 ... accepted 163. Emin=9.79719716, Emax=283.55910430
realization 164 / 300 ... accepted 164. Emin=34.68359711, Emax=292.34853543
realization 165 / 300 ... accepted 165. Emin=-0.14042091, Emax=273.03897827
realization 166 / 300 ... accepted 166. Emin=24.90871758, Emax=284.45881598
realization 167 / 300 ... accepted 167. Emin=-19.91933131, Emax=244.94543430
realization 168 / 300 ... accepted 168. Emin=-25.57032323, Emax=242.99617593
realization 169 / 300 ... accepted 169. Emin=-3.72843469, Emax=260.60651373
realization 170 / 300 ... accepted 170. Emin=-9.98417953, Emax=260.43059606
realization 171 / 300 ... accepted 171. Emin=20.83828789, Emax=290.67950702
realization 172 / 300 ... accepted 172. Emin=-9.73988789, Emax=255.45678448
realization 173 / 300 ... accepted 173. Emin=-8.20070083, Emax=263.05932551
realization 174 / 300 ... accepted 174. Emin=-0.11797695, Emax=272.19570927
realization 175 / 300 ... accepted 175. Emin=25.87590167, Emax=294.65861995
realization 176 / 300 ... accepted 176. Emin=0.45690845, Emax=269.64089215
realization 177 / 300 ... accepted 177. Emin=-15.40334701, Emax=251.24302664
realization 178 / 300 ... accepted 178. Emin=7.80677036, Emax=275.34513260
realization 179 / 300 ... accepted 179. Emin=-13.01691266, Emax=251.93141005
realization 180 / 300 ... accepted 180. Emin=-9.08026379, Emax=277.17234244
realization 181 / 300 ... accepted 181. Emin=13.95267925, Emax=277.26893657
realization 182 / 300 ... accepted 182. Emin=0.13418062, Emax=265.84355923
realization 183 / 300 ... accepted 183. Emin=5.86184798, Emax=275.97306670
realization 184 / 300 ... accepted 184. Emin=-21.59186219, Emax=248.05429954
realization 185 / 300 ... accepted 185. Emin=19.82690528, Emax=282.71384122
realization 186 / 300 ... accepted 186. Emin=-0.44347049, Emax=271.63796167
realization 187 / 300 ... accepted 187. Emin=0.45744681, Emax=267.19733424
realization 188 / 300 ... accepted 188. Emin=-35.13228072, Emax=217.54768389
realization 189 / 300 ... accepted 189. Emin=2.48107720, Emax=266.50996949
realization 190 / 300 ... accepted 190. Emin=-5.12672578, Emax=248.37544954
realization 191 / 300 ... accepted 191. Emin=6.49639411, Emax=282.07345365
realization 192 / 300 ... accepted 192. Emin=21.34676498, Emax=297.19864409
realization 193 / 300 ... accepted 193. Emin=19.20075272, Emax=281.02339947
realization 194 / 300 ... accepted 194. Emin=31.65280272, Emax=300.91232994
realization 195 / 300 ... accepted 195. Emin=5.20086840, Emax=287.66278130
realization 196 / 300 ... accepted 196. Emin=10.03971555, Emax=282.61332387
realization 197 / 300 ... accepted 197. Emin=-2.55091850, Emax=258.00700408
realization 198 / 300 ... accepted 198. Emin=-26.70596645, Emax=231.43713363
realization 199 / 300 ... accepted 199. Emin=5.35124569, Emax=276.62384450
realization 200 / 300 ... accepted 200. Emin=-1.48693172, Emax=272.56312915
realization 201 / 300 ... accepted 201. Emin=4.07882208, Emax=275.16684297
realization 202 / 300 ... accepted 202. Emin=17.09991559, Emax=285.30452760
realization 203 / 300 ... accepted 203. Emin=-0.87521811, Emax=285.87582747
realization 204 / 300 ... accepted 204. Emin=4.87784093, Emax=269.27389399
realization 205 / 300 ... accepted 205. Emin=-18.40599600, Emax=254.60412101
realization 206 / 300 ... accepted 206. Emin=-11.65468925, Emax=263.43083742
realization 207 / 300 ... accepted 207. Emin=-12.04931465, Emax=249.50416961
realization 208 / 300 ... accepted 208. Emin=4.25544565, Emax=266.03037777
realization 209 / 300 ... accepted 209. Emin=-4.11572588, Emax=254.88352373
realization 210 / 300 ... accepted 210. Emin=14.68482443, Emax=295.19409294
realization 211 / 300 ... accepted 211. Emin=-8.26763722, Emax=249.50572413
realization 212 / 300 ... accepted 212. Emin=1.09597040, Emax=268.71764699
realization 213 / 300 ... accepted 213. Emin=26.69665200, Emax=285.26440551
realization 214 / 300 ... accepted 214. Emin=7.92597017, Emax=279.10590576
realization 215 / 300 ... accepted 215. Emin=-10.82280367, Emax=259.46050334
realization 216 / 300 ... accepted 216. Emin=2.48512421, Emax=272.33736022
realization 217 / 300 ... accepted 217. Emin=-2.81238884, Emax=264.56179804
realization 218 / 300 ... accepted 218. Emin=26.81641582, Emax=294.51288273
realization 219 / 300 ... accepted 219. Emin=13.17179614, Emax=283.34561705
realization 220 / 300 ... accepted 220. Emin=-27.81607723, Emax=247.53372318
realization 221 / 300 ... accepted 221. Emin=5.57374639, Emax=275.26817462
realization 222 / 300 ... accepted 222. Emin=2.96561312, Emax=270.21220083
realization 223 / 300 ... accepted 223. Emin=3.88052678, Emax=263.71159209
realization 224 / 300 ... accepted 224. Emin=-30.82284692, Emax=233.93803726
realization 225 / 300 ... accepted 225. Emin=1.91528486, Emax=278.47028137
realization 226 / 300 ... accepted 226. Emin=6.76733765, Emax=271.68159840
realization 227 / 300 ... accepted 227. Emin=10.37961532, Emax=271.29984139
realization 228 / 300 ... accepted 228. Emin=-7.52147643, Emax=262.39758947
realization 229 / 300 ... accepted 229. Emin=-26.98776323, Emax=238.11331662
realization 230 / 300 ... accepted 230. Emin=1.98898355, Emax=286.20269034
realization 231 / 300 ... accepted 231. Emin=19.09477130, Emax=280.05888606
realization 232 / 300 ... accepted 232. Emin=-5.97368028, Emax=267.18160436
realization 233 / 300 ... accepted 233. Emin=-3.67188701, Emax=270.82163368
realization 234 / 300 ... accepted 234. Emin=10.71676890, Emax=279.54224237
realization 235 / 300 ... accepted 235. Emin=2.01369247, Emax=279.86562544
realization 236 / 300 ... accepted 236. Emin=19.12793886, Emax=292.25775689
realization 237 / 300 ... accepted 237. Emin=-2.41348797, Emax=274.48281384
realization 238 / 300 ... accepted 238. Emin=4.65815695, Emax=273.90574445
realization 239 / 300 ... accepted 239. Emin=11.49473078, Emax=287.57703552
realization 240 / 300 ... accepted 240. Emin=-12.82570029, Emax=262.15910427
realization 241 / 300 ... accepted 241. Emin=11.08052488, Emax=279.59767821
realization 242 / 300 ... accepted 242. Emin=-7.43814352, Emax=249.28978850
realization 243 / 300 ... accepted 243. Emin=-6.28031896, Emax=261.83002365
realization 244 / 300 ... accepted 244. Emin=-26.18768483, Emax=241.06291942
realization 245 / 300 ... accepted 245. Emin=-36.11708393, Emax=214.86173600
realization 246 / 300 ... accepted 246. Emin=-6.23670225, Emax=261.09250941
realization 247 / 300 ... accepted 247. Emin=-18.11068750, Emax=249.51833441
realization 248 / 300 ... accepted 248. Emin=-10.28918675, Emax=253.28534368
realization 249 / 300 ... accepted 249. Emin=6.78056507, Emax=291.03826689
realization 250 / 300 ... accepted 250. Emin=1.77851638, Emax=266.92242179
realization 251 / 300 ... accepted 251. Emin=2.30409860, Emax=286.34563773
realization 252 / 300 ... accepted 252. Emin=-19.55188903, Emax=244.69729038
realization 253 / 300 ... accepted 253. Emin=16.90234111, Emax=284.61570336
realization 254 / 300 ... accepted 254. Emin=1.36404675, Emax=281.33378493
realization 255 / 300 ... accepted 255. Emin=30.04339836, Emax=293.69123421
realization 256 / 300 ... accepted 256. Emin=-3.47048593, Emax=267.62224917
realization 257 / 300 ... accepted 257. Emin=13.61319064, Emax=276.85970125
realization 258 / 300 ... accepted 258. Emin=-12.21504314, Emax=262.34538904
realization 259 / 300 ... accepted 259. Emin=-24.79660822, Emax=252.69026663
realization 260 / 300 ... accepted 260. Emin=1.62189432, Emax=258.01260154
realization 261 / 300 ... accepted 261. Emin=-19.98973453, Emax=249.05026903
realization 262 / 300 ... accepted 262. Emin=-10.61513106, Emax=260.44900126
realization 263 / 300 ... accepted 263. Emin=-11.79551256, Emax=259.99384564
realization 264 / 300 ... accepted 264. Emin=-14.79374858, Emax=262.97914451
realization 265 / 300 ... accepted 265. Emin=26.64658909, Emax=286.18029197
realization 266 / 300 ... accepted 266. Emin=5.46648994, Emax=280.09701432
realization 267 / 300 ... accepted 267. Emin=0.95011720, Emax=274.19953542
realization 268 / 300 ... accepted 268. Emin=-4.90684873, Emax=272.79232487
realization 269 / 300 ... accepted 269. Emin=-17.24503684, Emax=244.63419088
realization 270 / 300 ... accepted 270. Emin=-13.38758477, Emax=246.65381901
realization 271 / 300 ... accepted 271. Emin=-0.26371243, Emax=269.16856363
realization 272 / 300 ... accepted 272. Emin=0.25719567, Emax=256.83212317
realization 273 / 300 ... accepted 273. Emin=30.26876342, Emax=296.45650216
realization 274 / 300 ... accepted 274. Emin=0.47343709, Emax=269.06022594
realization 275 / 300 ... accepted 275. Emin=-14.44524743, Emax=251.13733003
realization 276 / 300 ... accepted 276. Emin=-14.91039857, Emax=244.11750571
realization 277 / 300 ... accepted 277. Emin=12.93870943, Emax=277.48734417
realization 278 / 300 ... accepted 278. Emin=-29.50387947, Emax=233.90999429
realization 279 / 300 ... accepted 279. Emin=-16.08364000, Emax=257.07623219
realization 280 / 300 ... accepted 280. Emin=-43.88301224, Emax=211.96937748
realization 281 / 300 ... accepted 281. Emin=-5.25240294, Emax=254.94047185
realization 282 / 300 ... accepted 282. Emin=-17.59272926, Emax=241.91191129
realization 283 / 300 ... accepted 283. Emin=-6.91510436, Emax=261.58295179
realization 284 / 300 ... accepted 284. Emin=11.79629957, Emax=280.86459197
realization 285 / 300 ... accepted 285. Emin=-22.39810349, Emax=254.76190406
realization 286 / 300 ... accepted 286. Emin=0.59222428, Emax=292.30748834
realization 287 / 300 ... accepted 287. Emin=23.48881258, Emax=297.91215759
realization 288 / 300 ... accepted 288. Emin=-7.91040492, Emax=267.59747501
realization 289 / 300 ... accepted 289. Emin=-6.79844042, Emax=257.64717377
realization 290 / 300 ... accepted 290. Emin=2.09268111, Emax=276.32029813
realization 291 / 300 ... accepted 291. Emin=3.34656687, Emax=264.25330032
realization 292 / 300 ... accepted 292. Emin=7.48968363, Emax=276.45450100
realization 293 / 300 ... accepted 293. Emin=-3.75825095, Emax=260.76395822
realization 294 / 300 ... accepted 294. Emin=-14.47080476, Emax=251.82424415
realization 295 / 300 ... accepted 295. Emin=-17.74081808, Emax=254.77792155
realization 296 / 300 ... accepted 296. Emin=-18.39831643, Emax=262.72149185
realization 297 / 300 ... accepted 297. Emin=12.42755990, Emax=265.87379077
realization 298 / 300 ... accepted 298. Emin=-21.23695549, Emax=250.82240039
realization 299 / 300 ... accepted 299. Emin=1.90790450, Emax=258.87576973
realization 300 / 300 ... accepted 300. Emin=-5.11520029, Emax=266.14264573
Saved final energies: /home/2/kj405942/POLFED_bosons/pbs_bose_legacy_nmax2_periodic/data/U_40/W_11/L_6/N_6_nmax_2/boundary_periodic/energies_full_U40_L6_N6_nmax2_W11_boundaryperiodic_nreal300.txt
Accepted realizations: 300 / 300
Skipped realizations: 0
Job finished at Sun May 31 17:14:02 UTC 2026
