Job started on w31 at Sun May 31 17:11:40 UTC 2026
PBS_JOBID=7731531.kruk-host.ift-klaster.lan
PBS_O_WORKDIR=/home/2/kj405942/POLFED_bosons
Bose-Hubbard: L=6, N=6, nmax=2, dim=141
t=1, U=40, W=12, nreal=300, boundary=periodic, mode=full
Writing partial results to /home/2/kj405942/POLFED_bosons/pbs_bose_legacy_nmax2_periodic/data/U_40/W_12/L_6/N_6_nmax_2/boundary_periodic/energies_full_U40_L6_N6_nmax2_W12_boundaryperiodic_nreal300_partial.txt
realization 1 / 300 ... accepted 1. Emin=29.04764446, Emax=292.85348563
realization 2 / 300 ... accepted 2. Emin=7.28986160, Emax=278.64321586
realization 3 / 300 ... accepted 3. Emin=12.65957094, Emax=306.32346884
realization 4 / 300 ... accepted 4. Emin=-8.76553811, Emax=252.31598683
realization 5 / 300 ... accepted 5. Emin=-2.82666846, Emax=266.58022296
realization 6 / 300 ... accepted 6. Emin=13.08943849, Emax=296.72501303
realization 7 / 300 ... accepted 7. Emin=-9.58937908, Emax=258.91248408
realization 8 / 300 ... accepted 8. Emin=-37.19671247, Emax=216.62285904
realization 9 / 300 ... accepted 9. Emin=-6.34701522, Emax=260.89867124
realization 10 / 300 ... accepted 10. Emin=-17.54092183, Emax=253.64607834
realization 11 / 300 ... accepted 11. Emin=-5.24965098, Emax=270.49027410
realization 12 / 300 ... accepted 12. Emin=-24.27351624, Emax=244.78623192
realization 13 / 300 ... accepted 13. Emin=-8.22131711, Emax=268.38812106
realization 14 / 300 ... accepted 14. Emin=-18.64641372, Emax=254.02919869
realization 15 / 300 ... accepted 15. Emin=15.28798887, Emax=287.55236390
realization 16 / 300 ... accepted 16. Emin=3.48282266, Emax=276.67357153
realization 17 / 300 ... accepted 17. Emin=-2.07781479, Emax=271.95062177
realization 18 / 300 ... accepted 18. Emin=-41.38659823, Emax=217.55030973
realization 19 / 300 ... accepted 19. Emin=-4.10030159, Emax=263.95744849
realization 20 / 300 ... accepted 20. Emin=13.98491294, Emax=303.28645788
realization 21 / 300 ... accepted 21. Emin=-3.48358030, Emax=266.05769656
realization 22 / 300 ... accepted 22. Emin=-6.81819548, Emax=279.83912611
realization 23 / 300 ... accepted 23. Emin=22.14495083, Emax=287.51883066
realization 24 / 300 ... accepted 24. Emin=7.35463219, Emax=282.08281753
realization 25 / 300 ... accepted 25. Emin=-7.65299660, Emax=282.03872933
realization 26 / 300 ... accepted 26. Emin=-12.38288719, Emax=253.93633387
realization 27 / 300 ... accepted 27. Emin=-16.15059641, Emax=249.23337757
realization 28 / 300 ... accepted 28. Emin=12.13713638, Emax=271.92786266
realization 29 / 300 ... accepted 29. Emin=-9.56734345, Emax=257.02074842
realization 30 / 300 ... accepted 30. Emin=0.10638992, Emax=271.67877170
realization 31 / 300 ... accepted 31. Emin=-31.28085920, Emax=233.00584832
realization 32 / 300 ... accepted 32. Emin=-5.47094402, Emax=275.28834680
realization 33 / 300 ... accepted 33. Emin=-9.66341851, Emax=260.68708077
realization 34 / 300 ... accepted 34. Emin=-18.65256995, Emax=240.15124902
realization 35 / 300 ... accepted 35. Emin=-23.68196031, Emax=243.02652378
realization 36 / 300 ... accepted 36. Emin=-14.68829651, Emax=247.09413124
realization 37 / 300 ... accepted 37. Emin=24.32059538, Emax=296.18044888
realization 38 / 300 ... accepted 38. Emin=0.00748633, Emax=266.79250729
realization 39 / 300 ... accepted 39. Emin=-23.45467326, Emax=241.49503099
realization 40 / 300 ... accepted 40. Emin=-8.92016995, Emax=265.70825025
realization 41 / 300 ... accepted 41. Emin=-7.77971634, Emax=270.04092333
realization 42 / 300 ... accepted 42. Emin=-20.91333852, Emax=257.82854305
realization 43 / 300 ... accepted 43. Emin=-26.62817916, Emax=243.11496511
realization 44 / 300 ... accepted 44. Emin=-9.14062470, Emax=274.69927535
realization 45 / 300 ... accepted 45. Emin=-12.99635491, Emax=251.87207471
realization 46 / 300 ... accepted 46. Emin=-3.01488460, Emax=264.48872749
realization 47 / 300 ... accepted 47. Emin=10.32546197, Emax=296.16017722
realization 48 / 300 ... accepted 48. Emin=-18.07719125, Emax=259.31611858
realization 49 / 300 ... accepted 49. Emin=4.04192211, Emax=277.74544390
realization 50 / 300 ... accepted 50. Emin=-27.72414727, Emax=249.56548813
realization 51 / 300 ... accepted 51. Emin=-20.56427340, Emax=244.46625672
realization 52 / 300 ... accepted 52. Emin=-1.40502311, Emax=274.68410938
realization 53 / 300 ... accepted 53. Emin=-7.57922635, Emax=272.41050035
realization 54 / 300 ... accepted 54. Emin=-8.62870523, Emax=269.10473299
realization 55 / 300 ... accepted 55. Emin=-14.68584387, Emax=250.24912944
realization 56 / 300 ... accepted 56. Emin=-5.20677635, Emax=256.51062948
realization 57 / 300 ... accepted 57. Emin=-46.57765662, Emax=217.72161153
realization 58 / 300 ... accepted 58. Emin=-22.63950756, Emax=252.15412310
realization 59 / 300 ... accepted 59. Emin=-22.74441334, Emax=237.03035606
realization 60 / 300 ... accepted 60. Emin=-8.27919060, Emax=257.95562047
realization 61 / 300 ... accepted 61. Emin=-2.32169227, Emax=276.85019327
realization 62 / 300 ... accepted 62. Emin=-1.95590438, Emax=264.18540619
realization 63 / 300 ... accepted 63. Emin=-23.65636282, Emax=232.22631561
realization 64 / 300 ... accepted 64. Emin=-11.39782474, Emax=257.07186290
realization 65 / 300 ... accepted 65. Emin=-20.34620480, Emax=257.90079429
realization 66 / 300 ... accepted 66. Emin=47.16557984, Emax=306.60067119
realization 67 / 300 ... accepted 67. Emin=3.98132649, Emax=279.37237329
realization 68 / 300 ... accepted 68. Emin=-2.67220103, Emax=268.55569803
realization 69 / 300 ... accepted 69. Emin=-13.75247966, Emax=270.14866270
realization 70 / 300 ... accepted 70. Emin=-4.75393250, Emax=268.70021685
realization 71 / 300 ... accepted 71. Emin=-13.51740534, Emax=244.55813625
realization 72 / 300 ... accepted 72. Emin=3.15990557, Emax=301.50267135
realization 73 / 300 ... accepted 73. Emin=-11.21602125, Emax=264.50094647
realization 74 / 300 ... accepted 74. Emin=-17.05942264, Emax=264.77884537
realization 75 / 300 ... accepted 75. Emin=13.79147714, Emax=281.40111797
realization 76 / 300 ... accepted 76. Emin=22.95833412, Emax=285.87892993
realization 77 / 300 ... accepted 77. Emin=-5.95956012, Emax=274.13609342
realization 78 / 300 ... accepted 78. Emin=29.76914013, Emax=288.45987247
realization 79 / 300 ... accepted 79. Emin=-25.84933618, Emax=254.54483745
realization 80 / 300 ... accepted 80. Emin=8.72587188, Emax=274.65122790
realization 81 / 300 ... accepted 81. Emin=-36.84588298, Emax=221.99294710
realization 82 / 300 ... accepted 82. Emin=21.27398617, Emax=290.02188948
realization 83 / 300 ... accepted 83. Emin=-25.84484613, Emax=253.36987829
realization 84 / 300 ... accepted 84. Emin=22.02352461, Emax=274.60960432
realization 85 / 300 ... accepted 85. Emin=0.21233634, Emax=267.68902651
realization 86 / 300 ... accepted 86. Emin=30.26413749, Emax=292.67468237
realization 87 / 300 ... accepted 87. Emin=-5.41534536, Emax=271.86618639
realization 88 / 300 ... accepted 88. Emin=12.83692536, Emax=282.47517565
realization 89 / 300 ... accepted 89. Emin=-8.38536527, Emax=255.93795358
realization 90 / 300 ... accepted 90. Emin=10.17261436, Emax=279.96208055
realization 91 / 300 ... accepted 91. Emin=8.15516693, Emax=269.28438150
realization 92 / 300 ... accepted 92. Emin=8.80474071, Emax=272.61220254
realization 93 / 300 ... accepted 93. Emin=-0.06350070, Emax=289.45332500
realization 94 / 300 ... accepted 94. Emin=-31.30458213, Emax=242.70516508
realization 95 / 300 ... accepted 95. Emin=-15.89056230, Emax=246.69140609
realization 96 / 300 ... accepted 96. Emin=-6.91009995, Emax=273.42572486
realization 97 / 300 ... accepted 97. Emin=22.30483056, Emax=304.36584743
realization 98 / 300 ... accepted 98. Emin=25.34537808, Emax=290.38456974
realization 99 / 300 ... accepted 99. Emin=-22.43849425, Emax=242.08515867
realization 100 / 300 ... accepted 100. Emin=27.52873931, Emax=299.30752396
realization 101 / 300 ... accepted 101. Emin=-7.99073219, Emax=265.22102757
realization 102 / 300 ... accepted 102. Emin=-16.99214499, Emax=245.80327811
realization 103 / 300 ... accepted 103. Emin=14.30953542, Emax=293.14531584
realization 104 / 300 ... accepted 104. Emin=21.87507591, Emax=303.80298496
realization 105 / 300 ... accepted 105. Emin=2.62399015, Emax=273.56425217
realization 106 / 300 ... accepted 106. Emin=-13.50517689, Emax=266.03224894
realization 107 / 300 ... accepted 107. Emin=-7.03530643, Emax=271.86681908
realization 108 / 300 ... accepted 108. Emin=8.68446373, Emax=268.20423525
realization 109 / 300 ... accepted 109. Emin=20.49569278, Emax=291.13869107
realization 110 / 300 ... accepted 110. Emin=-33.16838468, Emax=228.02709201
realization 111 / 300 ... accepted 111. Emin=15.70901421, Emax=276.40168013
realization 112 / 300 ... accepted 112. Emin=-2.66269782, Emax=277.62289000
realization 113 / 300 ... accepted 113. Emin=-3.87440488, Emax=276.15937042
realization 114 / 300 ... accepted 114. Emin=0.35821094, Emax=276.64800549
realization 115 / 300 ... accepted 115. Emin=9.83479086, Emax=292.83000651
realization 116 / 300 ... accepted 116. Emin=-12.11252235, Emax=245.12306253
realization 117 / 300 ... accepted 117. Emin=20.76872937, Emax=289.75628217
realization 118 / 300 ... accepted 118. Emin=8.57568138, Emax=284.62605095
realization 119 / 300 ... accepted 119. Emin=-22.05631727, Emax=252.25831982
realization 120 / 300 ... accepted 120. Emin=10.57997509, Emax=285.76781857
realization 121 / 300 ... accepted 121. Emin=-0.84603814, Emax=274.47819414
realization 122 / 300 ... accepted 122. Emin=3.92312901, Emax=282.74462510
realization 123 / 300 ... accepted 123. Emin=-16.75605769, Emax=262.29291930
realization 124 / 300 ... accepted 124. Emin=-2.64309233, Emax=281.20278159
realization 125 / 300 ... accepted 125. Emin=10.95767262, Emax=273.82708209
realization 126 / 300 ... accepted 126. Emin=35.32409059, Emax=296.75683459
realization 127 / 300 ... accepted 127. Emin=0.90192986, Emax=274.22747250
realization 128 / 300 ... accepted 128. Emin=11.23289051, Emax=273.79824230
realization 129 / 300 ... accepted 129. Emin=-5.97565506, Emax=266.92004238
realization 130 / 300 ... accepted 130. Emin=-6.04006772, Emax=255.09038790
realization 131 / 300 ... accepted 131. Emin=11.60970469, Emax=281.12409494
realization 132 / 300 ... accepted 132. Emin=-7.24173306, Emax=258.62252914
realization 133 / 300 ... accepted 133. Emin=-11.21094497, Emax=249.23161465
realization 134 / 300 ... accepted 134. Emin=6.21216024, Emax=271.08459234
realization 135 / 300 ... accepted 135. Emin=-9.00614866, Emax=274.21324173
realization 136 / 300 ... accepted 136. Emin=-9.33861015, Emax=241.07416091
realization 137 / 300 ... accepted 137. Emin=-2.26933909, Emax=279.87233988
realization 138 / 300 ... accepted 138. Emin=-27.82292358, Emax=233.04418872
realization 139 / 300 ... accepted 139. Emin=-3.45156828, Emax=264.26965137
realization 140 / 300 ... accepted 140. Emin=-2.73258364, Emax=274.08552421
realization 141 / 300 ... accepted 141. Emin=-30.94746298, Emax=249.07325372
realization 142 / 300 ... accepted 142. Emin=5.70467783, Emax=267.13534903
realization 143 / 300 ... accepted 143. Emin=17.41953456, Emax=284.11919909
realization 144 / 300 ... accepted 144. Emin=32.14988830, Emax=300.09928139
realization 145 / 300 ... accepted 145. Emin=16.10220947, Emax=307.80142586
realization 146 / 300 ... accepted 146. Emin=-7.19105127, Emax=268.47898034
realization 147 / 300 ... accepted 147. Emin=32.75039662, Emax=294.57879328
realization 148 / 300 ... accepted 148. Emin=10.77414260, Emax=285.36905131
realization 149 / 300 ... accepted 149. Emin=3.26314728, Emax=280.86097542
realization 150 / 300 ... accepted 150. Emin=4.98459460, Emax=274.34833380
realization 151 / 300 ... accepted 151. Emin=-19.33746011, Emax=241.15635231
realization 152 / 300 ... accepted 152. Emin=-9.46782367, Emax=269.91335205
realization 153 / 300 ... accepted 153. Emin=-25.23007899, Emax=247.41339563
realization 154 / 300 ... accepted 154. Emin=-5.83105570, Emax=263.26608596
realization 155 / 300 ... accepted 155. Emin=-0.17145271, Emax=281.55696819
realization 156 / 300 ... accepted 156. Emin=-0.39281627, Emax=281.21150157
realization 157 / 300 ... accepted 157. Emin=-10.08371362, Emax=255.73297764
realization 158 / 300 ... accepted 158. Emin=-13.04994305, Emax=257.28946859
realization 159 / 300 ... accepted 159. Emin=-7.57874054, Emax=273.81848512
realization 160 / 300 ... accepted 160. Emin=-21.92857023, Emax=238.29807337
realization 161 / 300 ... accepted 161. Emin=4.36060688, Emax=268.53887917
realization 162 / 300 ... accepted 162. Emin=11.43357189, Emax=279.67633587
realization 163 / 300 ... accepted 163. Emin=1.91257548, Emax=280.28228071
realization 164 / 300 ... accepted 164. Emin=-7.50212192, Emax=255.52355121
realization 165 / 300 ... accepted 165. Emin=18.54612539, Emax=304.33311953
realization 166 / 300 ... accepted 166. Emin=-16.05698789, Emax=242.05125077
realization 167 / 300 ... accepted 167. Emin=21.33608943, Emax=289.45082972
realization 168 / 300 ... accepted 168. Emin=17.56426662, Emax=296.23727053
realization 169 / 300 ... accepted 169. Emin=5.04925296, Emax=292.04474781
realization 170 / 300 ... accepted 170. Emin=-7.25686941, Emax=268.35337966
realization 171 / 300 ... accepted 171. Emin=7.83568755, Emax=278.51788509
realization 172 / 300 ... accepted 172. Emin=25.40508398, Emax=298.89728133
realization 173 / 300 ... accepted 173. Emin=16.59853409, Emax=292.97205929
realization 174 / 300 ... accepted 174. Emin=-15.10168676, Emax=261.66823960
realization 175 / 300 ... accepted 175. Emin=30.21958404, Emax=306.26247773
realization 176 / 300 ... accepted 176. Emin=12.46376037, Emax=291.53444027
realization 177 / 300 ... accepted 177. Emin=23.44163054, Emax=297.33099474
realization 178 / 300 ... accepted 178. Emin=-11.73062632, Emax=264.35864895
realization 179 / 300 ... accepted 179. Emin=32.98141785, Emax=295.76157671
realization 180 / 300 ... accepted 180. Emin=-8.60289124, Emax=266.89626873
realization 181 / 300 ... accepted 181. Emin=26.22575336, Emax=289.76274655
realization 182 / 300 ... accepted 182. Emin=-16.48815720, Emax=247.81184800
realization 183 / 300 ... accepted 183. Emin=-17.34822138, Emax=269.32300775
realization 184 / 300 ... accepted 184. Emin=25.41590102, Emax=300.65492722
realization 185 / 300 ... accepted 185. Emin=-4.76950051, Emax=261.05726600
realization 186 / 300 ... accepted 186. Emin=0.09479652, Emax=276.91187641
realization 187 / 300 ... accepted 187. Emin=-7.15795621, Emax=270.74646190
realization 188 / 300 ... accepted 188. Emin=1.00518818, Emax=278.31285368
realization 189 / 300 ... accepted 189. Emin=-6.84112117, Emax=267.39678064
realization 190 / 300 ... accepted 190. Emin=28.98678381, Emax=296.09535931
realization 191 / 300 ... accepted 191. Emin=-10.33039691, Emax=260.99390846
realization 192 / 300 ... accepted 192. Emin=-19.98509839, Emax=260.12232235
realization 193 / 300 ... accepted 193. Emin=10.51175942, Emax=282.08611800
realization 194 / 300 ... accepted 194. Emin=11.90280493, Emax=284.61471958
realization 195 / 300 ... accepted 195. Emin=-36.50018414, Emax=215.51380668
realization 196 / 300 ... accepted 196. Emin=37.11195200, Emax=298.74540509
realization 197 / 300 ... accepted 197. Emin=12.90859053, Emax=269.20013605
realization 198 / 300 ... accepted 198. Emin=-8.57503438, Emax=277.60008768
realization 199 / 300 ... accepted 199. Emin=-17.95845609, Emax=268.65602849
realization 200 / 300 ... accepted 200. Emin=-32.23824176, Emax=223.96979633
realization 201 / 300 ... accepted 201. Emin=16.18008720, Emax=288.79819173
realization 202 / 300 ... accepted 202. Emin=16.83309456, Emax=286.21591953
realization 203 / 300 ... accepted 203. Emin=3.21431766, Emax=281.26532005
realization 204 / 300 ... accepted 204. Emin=13.22958436, Emax=280.39654595
realization 205 / 300 ... accepted 205. Emin=-32.90058755, Emax=222.52811286
realization 206 / 300 ... accepted 206. Emin=29.36113655, Emax=291.59323585
realization 207 / 300 ... accepted 207. Emin=21.31124866, Emax=288.33837824
realization 208 / 300 ... accepted 208. Emin=11.34954385, Emax=291.97637709
realization 209 / 300 ... accepted 209. Emin=6.50879247, Emax=281.82536360
realization 210 / 300 ... accepted 210. Emin=-4.18646867, Emax=258.04386219
realization 211 / 300 ... accepted 211. Emin=-36.26642701, Emax=234.66168118
realization 212 / 300 ... accepted 212. Emin=-7.86582147, Emax=263.18233386
realization 213 / 300 ... accepted 213. Emin=29.53800389, Emax=297.97852021
realization 214 / 300 ... accepted 214. Emin=44.89445894, Emax=301.11778200
realization 215 / 300 ... accepted 215. Emin=15.70825117, Emax=286.09513202
realization 216 / 300 ... accepted 216. Emin=-2.37898769, Emax=258.30473091
realization 217 / 300 ... accepted 217. Emin=5.52108544, Emax=279.23875100
realization 218 / 300 ... accepted 218. Emin=-12.46582020, Emax=255.68359400
realization 219 / 300 ... accepted 219. Emin=-25.72668223, Emax=240.57767661
realization 220 / 300 ... accepted 220. Emin=16.86252706, Emax=290.54672223
realization 221 / 300 ... accepted 221. Emin=30.19291509, Emax=296.04068896
realization 222 / 300 ... accepted 222. Emin=-6.82087448, Emax=269.01376913
realization 223 / 300 ... accepted 223. Emin=1.09848417, Emax=269.39563279
realization 224 / 300 ... accepted 224. Emin=-12.50625248, Emax=267.10249664
realization 225 / 300 ... accepted 225. Emin=1.08143003, Emax=276.64956194
realization 226 / 300 ... accepted 226. Emin=16.45318260, Emax=286.41433312
realization 227 / 300 ... accepted 227. Emin=15.51140530, Emax=282.43002506
realization 228 / 300 ... accepted 228. Emin=22.55796386, Emax=282.39817062
realization 229 / 300 ... accepted 229. Emin=42.00578619, Emax=300.74766911
realization 230 / 300 ... accepted 230. Emin=-6.70987247, Emax=269.79080013
realization 231 / 300 ... accepted 231. Emin=10.86342938, Emax=300.16559149
realization 232 / 300 ... accepted 232. Emin=18.14430787, Emax=281.89917523
realization 233 / 300 ... accepted 233. Emin=-21.20385806, Emax=247.40506990
realization 234 / 300 ... accepted 234. Emin=14.83874075, Emax=287.83686708
realization 235 / 300 ... accepted 235. Emin=11.48871621, Emax=282.86169889
realization 236 / 300 ... accepted 236. Emin=-4.59123229, Emax=290.92805982
realization 237 / 300 ... accepted 237. Emin=2.25476340, Emax=284.53133139
realization 238 / 300 ... accepted 238. Emin=-36.60761596, Emax=226.13311608
realization 239 / 300 ... accepted 239. Emin=15.11518171, Emax=280.27964723
realization 240 / 300 ... accepted 240. Emin=25.71449975, Emax=286.74440344
realization 241 / 300 ... accepted 241. Emin=-14.45094251, Emax=253.89170228
realization 242 / 300 ... accepted 242. Emin=9.55004020, Emax=283.19396789
realization 243 / 300 ... accepted 243. Emin=-8.63621361, Emax=269.75228504
realization 244 / 300 ... accepted 244. Emin=-25.13674912, Emax=253.14731233
realization 245 / 300 ... accepted 245. Emin=2.35643390, Emax=278.60904406
realization 246 / 300 ... accepted 246. Emin=-23.78373574, Emax=256.43616756
realization 247 / 300 ... accepted 247. Emin=-29.74680264, Emax=235.24512948
realization 248 / 300 ... accepted 248. Emin=26.24906701, Emax=299.00088940
realization 249 / 300 ... accepted 249. Emin=-14.22905204, Emax=253.23439340
realization 250 / 300 ... accepted 250. Emin=-6.89430750, Emax=294.46298835
realization 251 / 300 ... accepted 251. Emin=6.57058450, Emax=273.76964606
realization 252 / 300 ... accepted 252. Emin=24.35224249, Emax=293.69320349
realization 253 / 300 ... accepted 253. Emin=5.72617133, Emax=278.49527061
realization 254 / 300 ... accepted 254. Emin=9.15307381, Emax=267.87274519
realization 255 / 300 ... accepted 255. Emin=3.25281713, Emax=275.48538301
realization 256 / 300 ... accepted 256. Emin=9.89824669, Emax=290.69335625
realization 257 / 300 ... accepted 257. Emin=2.62812048, Emax=299.98758174
realization 258 / 300 ... accepted 258. Emin=38.97898281, Emax=302.39597521
realization 259 / 300 ... accepted 259. Emin=1.31083158, Emax=284.93032097
realization 260 / 300 ... accepted 260. Emin=-5.12615579, Emax=279.28690147
realization 261 / 300 ... accepted 261. Emin=-1.89110978, Emax=268.44027724
realization 262 / 300 ... accepted 262. Emin=-5.90437458, Emax=272.29106193
realization 263 / 300 ... accepted 263. Emin=1.07289801, Emax=279.26081489
realization 264 / 300 ... accepted 264. Emin=6.15068491, Emax=285.62547196
realization 265 / 300 ... accepted 265. Emin=8.09534961, Emax=296.88987000
realization 266 / 300 ... accepted 266. Emin=-13.91985138, Emax=259.30974864
realization 267 / 300 ... accepted 267. Emin=5.61701045, Emax=284.66945517
realization 268 / 300 ... accepted 268. Emin=-18.77345078, Emax=254.93428762
realization 269 / 300 ... accepted 269. Emin=-31.88918354, Emax=240.90651384
realization 270 / 300 ... accepted 270. Emin=-22.46790941, Emax=243.94740907
realization 271 / 300 ... accepted 271. Emin=25.77346002, Emax=282.23843011
realization 272 / 300 ... accepted 272. Emin=23.12190869, Emax=274.85419663
realization 273 / 300 ... accepted 273. Emin=0.66967735, Emax=268.54743836
realization 274 / 300 ... accepted 274. Emin=29.57427455, Emax=301.05829934
realization 275 / 300 ... accepted 275. Emin=-24.17938639, Emax=237.80961236
realization 276 / 300 ... accepted 276. Emin=-22.55711923, Emax=257.90731765
realization 277 / 300 ... accepted 277. Emin=0.78334196, Emax=272.29977266
realization 278 / 300 ... accepted 278. Emin=-16.73489809, Emax=258.48620071
realization 279 / 300 ... accepted 279. Emin=-17.68212910, Emax=242.48502978
realization 280 / 300 ... accepted 280. Emin=13.82175361, Emax=290.73299575
realization 281 / 300 ... accepted 281. Emin=5.96379341, Emax=287.83092067
realization 282 / 300 ... accepted 282. Emin=39.22485834, Emax=298.17209638
realization 283 / 300 ... accepted 283. Emin=11.90861459, Emax=279.71895776
realization 284 / 300 ... accepted 284. Emin=12.57527260, Emax=285.42429392
realization 285 / 300 ... accepted 285. Emin=13.60964474, Emax=296.99320328
realization 286 / 300 ... accepted 286. Emin=-10.90049815, Emax=255.90665587
realization 287 / 300 ... accepted 287. Emin=3.44655943, Emax=273.48528046
realization 288 / 300 ... accepted 288. Emin=5.67622618, Emax=264.41339119
realization 289 / 300 ... accepted 289. Emin=-17.71097289, Emax=261.41414028
realization 290 / 300 ... accepted 290. Emin=-4.80642021, Emax=271.28201237
realization 291 / 300 ... accepted 291. Emin=-5.82148126, Emax=266.13028900
realization 292 / 300 ... accepted 292. Emin=14.20240800, Emax=303.80718760
realization 293 / 300 ... accepted 293. Emin=2.81249160, Emax=285.05643778
realization 294 / 300 ... accepted 294. Emin=2.84912785, Emax=283.45705012
realization 295 / 300 ... accepted 295. Emin=-8.42768439, Emax=253.47369613
realization 296 / 300 ... accepted 296. Emin=-10.69815321, Emax=254.43822433
realization 297 / 300 ... accepted 297. Emin=8.96504181, Emax=282.25510845
realization 298 / 300 ... accepted 298. Emin=-16.98247502, Emax=257.41508661
realization 299 / 300 ... accepted 299. Emin=21.28066018, Emax=294.52260728
realization 300 / 300 ... accepted 300. Emin=-7.38234157, Emax=269.66142555
Saved final energies: /home/2/kj405942/POLFED_bosons/pbs_bose_legacy_nmax2_periodic/data/U_40/W_12/L_6/N_6_nmax_2/boundary_periodic/energies_full_U40_L6_N6_nmax2_W12_boundaryperiodic_nreal300.txt
Accepted realizations: 300 / 300
Skipped realizations: 0
Job finished at Sun May 31 17:14:02 UTC 2026
