Job started on w31 at Sun May 31 17:11:40 UTC 2026
PBS_JOBID=7731533.kruk-host.ift-klaster.lan
PBS_O_WORKDIR=/home/2/kj405942/POLFED_bosons
Bose-Hubbard: L=6, N=6, nmax=2, dim=141
t=1, U=40, W=14, nreal=300, boundary=periodic, mode=full
Writing partial results to /home/2/kj405942/POLFED_bosons/pbs_bose_legacy_nmax2_periodic/data/U_40/W_14/L_6/N_6_nmax_2/boundary_periodic/energies_full_U40_L6_N6_nmax2_W14_boundaryperiodic_nreal300_partial.txt
realization 1 / 300 ... accepted 1. Emin=24.34447104, Emax=308.22322501
realization 2 / 300 ... accepted 2. Emin=0.39761664, Emax=273.16169567
realization 3 / 300 ... accepted 3. Emin=-18.88316103, Emax=256.55787770
realization 4 / 300 ... accepted 4. Emin=9.55849676, Emax=289.09495834
realization 5 / 300 ... accepted 5. Emin=19.07518784, Emax=316.45564214
realization 6 / 300 ... accepted 6. Emin=-25.06918275, Emax=245.48610045
realization 7 / 300 ... accepted 7. Emin=13.44379590, Emax=287.05331744
realization 8 / 300 ... accepted 8. Emin=-33.77600539, Emax=239.34435748
realization 9 / 300 ... accepted 9. Emin=10.52633252, Emax=284.01101302
realization 10 / 300 ... accepted 10. Emin=-13.59097311, Emax=255.08522800
realization 11 / 300 ... accepted 11. Emin=6.51088330, Emax=305.57808817
realization 12 / 300 ... accepted 12. Emin=19.91243414, Emax=276.26102153
realization 13 / 300 ... accepted 13. Emin=13.50793960, Emax=288.80435741
realization 14 / 300 ... accepted 14. Emin=11.44592528, Emax=277.05246674
realization 15 / 300 ... accepted 15. Emin=9.94760907, Emax=289.87028995
realization 16 / 300 ... accepted 16. Emin=-5.67595728, Emax=267.47137389
realization 17 / 300 ... accepted 17. Emin=26.35314682, Emax=305.24066012
realization 18 / 300 ... accepted 18. Emin=-14.31055476, Emax=257.10171046
realization 19 / 300 ... accepted 19. Emin=-44.00446289, Emax=227.71701410
realization 20 / 300 ... accepted 20. Emin=9.97365240, Emax=294.10785641
realization 21 / 300 ... accepted 21. Emin=-0.25820962, Emax=273.83092700
realization 22 / 300 ... accepted 22. Emin=33.64521114, Emax=293.34876576
realization 23 / 300 ... accepted 23. Emin=18.25028968, Emax=284.93084968
realization 24 / 300 ... accepted 24. Emin=-4.40004967, Emax=272.86407929
realization 25 / 300 ... accepted 25. Emin=-26.67761227, Emax=228.26938726
realization 26 / 300 ... accepted 26. Emin=14.16941173, Emax=299.03298660
realization 27 / 300 ... accepted 27. Emin=-7.37154473, Emax=256.53012305
realization 28 / 300 ... accepted 28. Emin=17.87706588, Emax=295.77230813
realization 29 / 300 ... accepted 29. Emin=-35.70310820, Emax=229.01728068
realization 30 / 300 ... accepted 30. Emin=3.36501265, Emax=280.72999589
realization 31 / 300 ... accepted 31. Emin=-12.78436728, Emax=272.69950141
realization 32 / 300 ... accepted 32. Emin=7.56469475, Emax=278.11970838
realization 33 / 300 ... accepted 33. Emin=5.78935027, Emax=278.74232279
realization 34 / 300 ... accepted 34. Emin=-1.37351662, Emax=259.85560899
realization 35 / 300 ... accepted 35. Emin=39.84257151, Emax=301.98147116
realization 36 / 300 ... accepted 36. Emin=-5.71056097, Emax=293.53649741
realization 37 / 300 ... accepted 37. Emin=21.35915526, Emax=312.82165015
realization 38 / 300 ... accepted 38. Emin=19.12699272, Emax=317.26502476
realization 39 / 300 ... accepted 39. Emin=35.89375779, Emax=296.61897082
realization 40 / 300 ... accepted 40. Emin=27.28403027, Emax=298.60443464
realization 41 / 300 ... accepted 41. Emin=-7.59814641, Emax=270.14650071
realization 42 / 300 ... accepted 42. Emin=20.55761304, Emax=292.12873440
realization 43 / 300 ... accepted 43. Emin=-6.30287364, Emax=262.24976995
realization 44 / 300 ... accepted 44. Emin=4.36251581, Emax=287.69084237
realization 45 / 300 ... accepted 45. Emin=20.49622349, Emax=292.34209417
realization 46 / 300 ... accepted 46. Emin=3.30222539, Emax=276.62965057
realization 47 / 300 ... accepted 47. Emin=-18.26783354, Emax=247.93899805
realization 48 / 300 ... accepted 48. Emin=36.39000833, Emax=301.36658623
realization 49 / 300 ... accepted 49. Emin=16.98670372, Emax=282.58308499
realization 50 / 300 ... accepted 50. Emin=0.43312793, Emax=296.41099887
realization 51 / 300 ... accepted 51. Emin=-0.24184345, Emax=257.92474816
realization 52 / 300 ... accepted 52. Emin=1.37631175, Emax=284.17163796
realization 53 / 300 ... accepted 53. Emin=-26.56800571, Emax=259.29591275
realization 54 / 300 ... accepted 54. Emin=20.41987009, Emax=290.75655514
realization 55 / 300 ... accepted 55. Emin=-27.16790784, Emax=253.13623648
realization 56 / 300 ... accepted 56. Emin=-9.51502742, Emax=284.48345355
realization 57 / 300 ... accepted 57. Emin=28.86020166, Emax=311.78681358
realization 58 / 300 ... accepted 58. Emin=-3.36860172, Emax=277.51160068
realization 59 / 300 ... accepted 59. Emin=-17.63847580, Emax=260.23106634
realization 60 / 300 ... accepted 60. Emin=-41.85252543, Emax=220.99372309
realization 61 / 300 ... accepted 61. Emin=-4.88380906, Emax=260.06435474
realization 62 / 300 ... accepted 62. Emin=-21.90939677, Emax=246.87558403
realization 63 / 300 ... accepted 63. Emin=-12.19033046, Emax=265.18930052
realization 64 / 300 ... accepted 64. Emin=-32.73848513, Emax=242.72819174
realization 65 / 300 ... accepted 65. Emin=-3.82528179, Emax=280.13879590
realization 66 / 300 ... accepted 66. Emin=-11.28591064, Emax=258.84914639
realization 67 / 300 ... accepted 67. Emin=3.73057621, Emax=288.23922663
realization 68 / 300 ... accepted 68. Emin=-24.61353729, Emax=245.81111341
realization 69 / 300 ... accepted 69. Emin=-16.73554245, Emax=260.85356515
realization 70 / 300 ... accepted 70. Emin=12.57574149, Emax=281.94030322
realization 71 / 300 ... accepted 71. Emin=-1.85154866, Emax=272.77439120
realization 72 / 300 ... accepted 72. Emin=-21.22152428, Emax=254.56590660
realization 73 / 300 ... accepted 73. Emin=-13.51276854, Emax=262.91440654
realization 74 / 300 ... accepted 74. Emin=-5.54244756, Emax=258.82357660
realization 75 / 300 ... accepted 75. Emin=-17.46509982, Emax=267.90744156
realization 76 / 300 ... accepted 76. Emin=7.24396502, Emax=286.34508434
realization 77 / 300 ... accepted 77. Emin=12.31446106, Emax=292.78385992
realization 78 / 300 ... accepted 78. Emin=11.83631392, Emax=291.99384367
realization 79 / 300 ... accepted 79. Emin=7.27268622, Emax=296.04630042
realization 80 / 300 ... accepted 80. Emin=-26.11133392, Emax=249.91526918
realization 81 / 300 ... accepted 81. Emin=-1.68651774, Emax=286.81117155
realization 82 / 300 ... accepted 82. Emin=-30.28129141, Emax=248.09298781
realization 83 / 300 ... accepted 83. Emin=-4.45963274, Emax=283.32031422
realization 84 / 300 ... accepted 84. Emin=-31.09343834, Emax=242.70820879
realization 85 / 300 ... accepted 85. Emin=-44.16358976, Emax=231.89134962
realization 86 / 300 ... accepted 86. Emin=6.07411507, Emax=295.14971769
realization 87 / 300 ... accepted 87. Emin=-0.63482166, Emax=282.93472211
realization 88 / 300 ... accepted 88. Emin=48.70742781, Emax=310.64227445
realization 89 / 300 ... accepted 89. Emin=-22.47298547, Emax=247.05451888
realization 90 / 300 ... accepted 90. Emin=-24.09642662, Emax=248.52463040
realization 91 / 300 ... accepted 91. Emin=-4.89113102, Emax=281.75564852
realization 92 / 300 ... accepted 92. Emin=-12.52809863, Emax=276.20746534
realization 93 / 300 ... accepted 93. Emin=1.97395060, Emax=300.14234245
realization 94 / 300 ... accepted 94. Emin=2.00207280, Emax=288.78668058
realization 95 / 300 ... accepted 95. Emin=24.13078978, Emax=296.20201797
realization 96 / 300 ... accepted 96. Emin=-9.15309427, Emax=277.72323867
realization 97 / 300 ... accepted 97. Emin=15.18573240, Emax=281.58653330
realization 98 / 300 ... accepted 98. Emin=-18.73908073, Emax=251.62085354
realization 99 / 300 ... accepted 99. Emin=16.86639918, Emax=285.04835486
realization 100 / 300 ... accepted 100. Emin=11.28467597, Emax=294.14482119
realization 101 / 300 ... accepted 101. Emin=-5.28566449, Emax=267.75339781
realization 102 / 300 ... accepted 102. Emin=21.14644492, Emax=298.60660257
realization 103 / 300 ... accepted 103. Emin=19.17827591, Emax=295.44807529
realization 104 / 300 ... accepted 104. Emin=14.63434322, Emax=289.68811327
realization 105 / 300 ... accepted 105. Emin=30.86374130, Emax=295.24143699
realization 106 / 300 ... accepted 106. Emin=-24.50655466, Emax=241.82160384
realization 107 / 300 ... accepted 107. Emin=18.02895441, Emax=304.09446320
realization 108 / 300 ... accepted 108. Emin=15.65394248, Emax=298.25482971
realization 109 / 300 ... accepted 109. Emin=46.57537423, Emax=311.63046468
realization 110 / 300 ... accepted 110. Emin=-2.27561081, Emax=271.89480996
realization 111 / 300 ... accepted 111. Emin=-11.11614512, Emax=269.67055353
realization 112 / 300 ... accepted 112. Emin=-14.68324343, Emax=268.03070120
realization 113 / 300 ... accepted 113. Emin=-50.45588047, Emax=216.93591637
realization 114 / 300 ... accepted 114. Emin=-12.90745341, Emax=286.44256743
realization 115 / 300 ... accepted 115. Emin=-22.45243893, Emax=253.06924857
realization 116 / 300 ... accepted 116. Emin=10.59293679, Emax=286.15632752
realization 117 / 300 ... accepted 117. Emin=13.94828811, Emax=298.49215934
realization 118 / 300 ... accepted 118. Emin=15.09462498, Emax=305.97878976
realization 119 / 300 ... accepted 119. Emin=-19.72777707, Emax=255.02318774
realization 120 / 300 ... accepted 120. Emin=8.30195596, Emax=291.42182698
realization 121 / 300 ... accepted 121. Emin=18.33903610, Emax=277.30386436
realization 122 / 300 ... accepted 122. Emin=-34.91405165, Emax=230.67700792
realization 123 / 300 ... accepted 123. Emin=33.80148546, Emax=310.20314578
realization 124 / 300 ... accepted 124. Emin=-14.51130127, Emax=272.44896319
realization 125 / 300 ... accepted 125. Emin=-12.14766802, Emax=267.19426633
realization 126 / 300 ... accepted 126. Emin=11.02827471, Emax=294.06697541
realization 127 / 300 ... accepted 127. Emin=9.63286243, Emax=306.81992832
realization 128 / 300 ... accepted 128. Emin=-0.96404338, Emax=284.24281045
realization 129 / 300 ... accepted 129. Emin=-30.04253678, Emax=244.92607882
realization 130 / 300 ... accepted 130. Emin=-15.79764966, Emax=257.45310415
realization 131 / 300 ... accepted 131. Emin=31.88198150, Emax=315.12300403
realization 132 / 300 ... accepted 132. Emin=-34.04418668, Emax=236.28093872
realization 133 / 300 ... accepted 133. Emin=-17.79686296, Emax=258.70129835
realization 134 / 300 ... accepted 134. Emin=8.26389453, Emax=296.82734060
realization 135 / 300 ... accepted 135. Emin=29.02073377, Emax=296.40114849
realization 136 / 300 ... accepted 136. Emin=-9.47647489, Emax=273.32173121
realization 137 / 300 ... accepted 137. Emin=12.79545625, Emax=287.15418027
realization 138 / 300 ... accepted 138. Emin=-18.94292967, Emax=257.60257824
realization 139 / 300 ... accepted 139. Emin=-20.50495459, Emax=253.08999267
realization 140 / 300 ... accepted 140. Emin=19.08338684, Emax=294.36118543
realization 141 / 300 ... accepted 141. Emin=4.80972730, Emax=314.01882776
realization 142 / 300 ... accepted 142. Emin=-14.29080363, Emax=270.96365507
realization 143 / 300 ... accepted 143. Emin=-28.10734775, Emax=246.68004752
realization 144 / 300 ... accepted 144. Emin=3.78297915, Emax=287.20661197
realization 145 / 300 ... accepted 145. Emin=12.16804625, Emax=282.02745668
realization 146 / 300 ... accepted 146. Emin=29.81464779, Emax=304.89282106
realization 147 / 300 ... accepted 147. Emin=28.86530112, Emax=288.58218874
realization 148 / 300 ... accepted 148. Emin=-14.22566312, Emax=266.82913228
realization 149 / 300 ... accepted 149. Emin=-7.55065952, Emax=275.29902360
realization 150 / 300 ... accepted 150. Emin=1.99437044, Emax=264.96958803
realization 151 / 300 ... accepted 151. Emin=-21.46584608, Emax=259.36112479
realization 152 / 300 ... accepted 152. Emin=8.77717354, Emax=274.14370105
realization 153 / 300 ... accepted 153. Emin=24.73466741, Emax=300.59464821
realization 154 / 300 ... accepted 154. Emin=20.13164839, Emax=294.96108428
realization 155 / 300 ... accepted 155. Emin=-17.56227029, Emax=284.18827717
realization 156 / 300 ... accepted 156. Emin=-43.16156486, Emax=216.11409173
realization 157 / 300 ... accepted 157. Emin=2.60651158, Emax=283.44928100
realization 158 / 300 ... accepted 158. Emin=27.92116805, Emax=288.94410742
realization 159 / 300 ... accepted 159. Emin=3.67875469, Emax=293.11914256
realization 160 / 300 ... accepted 160. Emin=-9.86746423, Emax=261.02926490
realization 161 / 300 ... accepted 161. Emin=8.23642098, Emax=292.45158330
realization 162 / 300 ... accepted 162. Emin=47.30494423, Emax=307.20181179
realization 163 / 300 ... accepted 163. Emin=-8.98397652, Emax=281.38392013
realization 164 / 300 ... accepted 164. Emin=2.51732024, Emax=296.36435848
realization 165 / 300 ... accepted 165. Emin=12.28127748, Emax=278.78137599
realization 166 / 300 ... accepted 166. Emin=35.15151888, Emax=317.72530837
realization 167 / 300 ... accepted 167. Emin=29.77939361, Emax=304.20241135
realization 168 / 300 ... accepted 168. Emin=33.35357414, Emax=306.91356079
realization 169 / 300 ... accepted 169. Emin=18.36421353, Emax=292.62743635
realization 170 / 300 ... accepted 170. Emin=8.85448481, Emax=284.51499034
realization 171 / 300 ... accepted 171. Emin=32.82757578, Emax=315.78917941
realization 172 / 300 ... accepted 172. Emin=29.82267940, Emax=310.05230971
realization 173 / 300 ... accepted 173. Emin=-12.47586774, Emax=275.12423628
realization 174 / 300 ... accepted 174. Emin=13.86425922, Emax=291.10253253
realization 175 / 300 ... accepted 175. Emin=-16.42696011, Emax=263.44924622
realization 176 / 300 ... accepted 176. Emin=24.65610569, Emax=293.38592241
realization 177 / 300 ... accepted 177. Emin=-7.54388747, Emax=291.25262263
realization 178 / 300 ... accepted 178. Emin=-11.34795998, Emax=262.98029760
realization 179 / 300 ... accepted 179. Emin=-39.00297526, Emax=226.53691646
realization 180 / 300 ... accepted 180. Emin=-37.98160721, Emax=246.81826168
realization 181 / 300 ... accepted 181. Emin=-24.35324168, Emax=261.41405205
realization 182 / 300 ... accepted 182. Emin=12.09276446, Emax=280.94447376
realization 183 / 300 ... accepted 183. Emin=-6.49578206, Emax=270.55072272
realization 184 / 300 ... accepted 184. Emin=-44.99238520, Emax=217.31290655
realization 185 / 300 ... accepted 185. Emin=18.61291266, Emax=310.95185656
realization 186 / 300 ... accepted 186. Emin=13.52617281, Emax=307.25786030
realization 187 / 300 ... accepted 187. Emin=14.74072740, Emax=295.44483878
realization 188 / 300 ... accepted 188. Emin=-1.58108400, Emax=267.69023569
realization 189 / 300 ... accepted 189. Emin=21.85499814, Emax=282.11487134
realization 190 / 300 ... accepted 190. Emin=19.51480751, Emax=301.94462313
realization 191 / 300 ... accepted 191. Emin=-16.93825688, Emax=254.87275290
realization 192 / 300 ... accepted 192. Emin=34.32910577, Emax=303.47680558
realization 193 / 300 ... accepted 193. Emin=-4.80247420, Emax=292.33066662
realization 194 / 300 ... accepted 194. Emin=-3.92363773, Emax=283.53339326
realization 195 / 300 ... accepted 195. Emin=-3.93279567, Emax=265.79050027
realization 196 / 300 ... accepted 196. Emin=-2.61239249, Emax=273.90821779
realization 197 / 300 ... accepted 197. Emin=22.71007458, Emax=300.14338305
realization 198 / 300 ... accepted 198. Emin=-7.85327709, Emax=246.40788934
realization 199 / 300 ... accepted 199. Emin=-13.15513663, Emax=260.99275193
realization 200 / 300 ... accepted 200. Emin=14.00887273, Emax=291.40244900
realization 201 / 300 ... accepted 201. Emin=-13.84959292, Emax=260.96726619
realization 202 / 300 ... accepted 202. Emin=10.05639489, Emax=299.15092884
realization 203 / 300 ... accepted 203. Emin=4.76958616, Emax=287.30646965
realization 204 / 300 ... accepted 204. Emin=11.03064168, Emax=278.93117151
realization 205 / 300 ... accepted 205. Emin=10.96633345, Emax=298.35201937
realization 206 / 300 ... accepted 206. Emin=9.66075258, Emax=293.25529927
realization 207 / 300 ... accepted 207. Emin=-1.57488638, Emax=273.90717131
realization 208 / 300 ... accepted 208. Emin=-8.31768328, Emax=270.78149906
realization 209 / 300 ... accepted 209. Emin=-16.23793937, Emax=247.77146278
realization 210 / 300 ... accepted 210. Emin=4.31300021, Emax=299.61488038
realization 211 / 300 ... accepted 211. Emin=-8.54769595, Emax=260.95157242
realization 212 / 300 ... accepted 212. Emin=24.27617900, Emax=313.46138268
realization 213 / 300 ... accepted 213. Emin=10.73913828, Emax=300.30468644
realization 214 / 300 ... accepted 214. Emin=9.86079108, Emax=308.23868134
realization 215 / 300 ... accepted 215. Emin=-11.92924591, Emax=262.18844660
realization 216 / 300 ... accepted 216. Emin=17.28959524, Emax=301.55528401
realization 217 / 300 ... accepted 217. Emin=-19.11869151, Emax=248.83643565
realization 218 / 300 ... accepted 218. Emin=1.30235272, Emax=275.78917411
realization 219 / 300 ... accepted 219. Emin=3.40405175, Emax=290.04709841
realization 220 / 300 ... accepted 220. Emin=-8.93677025, Emax=289.32145082
realization 221 / 300 ... accepted 221. Emin=4.20878953, Emax=279.20296022
realization 222 / 300 ... accepted 222. Emin=19.16150274, Emax=294.33408115
realization 223 / 300 ... accepted 223. Emin=-4.90783234, Emax=298.02783334
realization 224 / 300 ... accepted 224. Emin=1.44680085, Emax=297.41938234
realization 225 / 300 ... accepted 225. Emin=8.24072170, Emax=289.63442395
realization 226 / 300 ... accepted 226. Emin=49.52760235, Emax=305.20922782
realization 227 / 300 ... accepted 227. Emin=-7.08585547, Emax=278.73514016
realization 228 / 300 ... accepted 228. Emin=15.04012225, Emax=284.81137980
realization 229 / 300 ... accepted 229. Emin=-16.25961647, Emax=249.87654585
realization 230 / 300 ... accepted 230. Emin=18.30113211, Emax=282.60990401
realization 231 / 300 ... accepted 231. Emin=16.65423261, Emax=309.97067295
realization 232 / 300 ... accepted 232. Emin=-7.39485174, Emax=265.36861238
realization 233 / 300 ... accepted 233. Emin=23.11608653, Emax=315.44293155
realization 234 / 300 ... accepted 234. Emin=19.80352591, Emax=297.88102748
realization 235 / 300 ... accepted 235. Emin=-14.59793863, Emax=281.64796747
realization 236 / 300 ... accepted 236. Emin=12.07589893, Emax=289.18405829
realization 237 / 300 ... accepted 237. Emin=25.70855239, Emax=298.15479697
realization 238 / 300 ... accepted 238. Emin=-18.60751995, Emax=247.13186862
realization 239 / 300 ... accepted 239. Emin=10.39639802, Emax=299.08781537
realization 240 / 300 ... accepted 240. Emin=24.82144410, Emax=297.06393158
realization 241 / 300 ... accepted 241. Emin=18.55105093, Emax=291.43949146
realization 242 / 300 ... accepted 242. Emin=12.18622910, Emax=289.67697153
realization 243 / 300 ... accepted 243. Emin=-6.57331505, Emax=268.37457149
realization 244 / 300 ... accepted 244. Emin=2.63376996, Emax=290.50135729
realization 245 / 300 ... accepted 245. Emin=-12.69195562, Emax=262.06949412
realization 246 / 300 ... accepted 246. Emin=11.29148959, Emax=288.55311002
realization 247 / 300 ... accepted 247. Emin=-15.53839718, Emax=282.52564407
realization 248 / 300 ... accepted 248. Emin=-14.70962980, Emax=245.50351987
realization 249 / 300 ... accepted 249. Emin=-0.93224521, Emax=272.53161037
realization 250 / 300 ... accepted 250. Emin=-10.05297689, Emax=268.58610581
realization 251 / 300 ... accepted 251. Emin=29.32300492, Emax=301.76939823
realization 252 / 300 ... accepted 252. Emin=31.78464943, Emax=295.36469636
realization 253 / 300 ... accepted 253. Emin=3.18178284, Emax=296.62003402
realization 254 / 300 ... accepted 254. Emin=25.29107043, Emax=295.92299385
realization 255 / 300 ... accepted 255. Emin=-22.73250123, Emax=240.07486244
realization 256 / 300 ... accepted 256. Emin=-9.41520423, Emax=268.26907801
realization 257 / 300 ... accepted 257. Emin=-12.57339854, Emax=273.97336932
realization 258 / 300 ... accepted 258. Emin=-29.07125915, Emax=246.44260232
realization 259 / 300 ... accepted 259. Emin=-8.20245760, Emax=269.23466080
realization 260 / 300 ... accepted 260. Emin=-29.00294292, Emax=233.05866761
realization 261 / 300 ... accepted 261. Emin=-4.04129515, Emax=261.93763402
realization 262 / 300 ... accepted 262. Emin=-8.07936106, Emax=288.39421704
realization 263 / 300 ... accepted 263. Emin=7.52163151, Emax=292.14173880
realization 264 / 300 ... accepted 264. Emin=4.24444402, Emax=268.96011391
realization 265 / 300 ... accepted 265. Emin=-35.45047128, Emax=235.23656969
realization 266 / 300 ... accepted 266. Emin=-18.83707331, Emax=260.68686332
realization 267 / 300 ... accepted 267. Emin=-1.05460008, Emax=267.40521472
realization 268 / 300 ... accepted 268. Emin=29.63467299, Emax=293.68181624
realization 269 / 300 ... accepted 269. Emin=-26.44836197, Emax=243.82576716
realization 270 / 300 ... accepted 270. Emin=-18.63315687, Emax=254.16840382
realization 271 / 300 ... accepted 271. Emin=3.22795823, Emax=290.26667751
realization 272 / 300 ... accepted 272. Emin=16.84377612, Emax=301.06113728
realization 273 / 300 ... accepted 273. Emin=1.21219968, Emax=275.00792436
realization 274 / 300 ... accepted 274. Emin=-0.15629512, Emax=271.84184818
realization 275 / 300 ... accepted 275. Emin=-6.77016468, Emax=285.20481420
realization 276 / 300 ... accepted 276. Emin=-19.40292918, Emax=256.10400650
realization 277 / 300 ... accepted 277. Emin=1.98973899, Emax=277.71132672
realization 278 / 300 ... accepted 278. Emin=-26.30305666, Emax=257.11757313
realization 279 / 300 ... accepted 279. Emin=21.63094216, Emax=284.58295584
realization 280 / 300 ... accepted 280. Emin=-13.72052873, Emax=263.27301895
realization 281 / 300 ... accepted 281. Emin=20.27570496, Emax=287.95949006
realization 282 / 300 ... accepted 282. Emin=-4.04125104, Emax=273.07968444
realization 283 / 300 ... accepted 283. Emin=4.43049796, Emax=271.62643756
realization 284 / 300 ... accepted 284. Emin=10.58612625, Emax=298.56297383
realization 285 / 300 ... accepted 285. Emin=-5.08898672, Emax=288.41178034
realization 286 / 300 ... accepted 286. Emin=38.57061101, Emax=315.60151981
realization 287 / 300 ... accepted 287. Emin=-5.90351652, Emax=274.45798762
realization 288 / 300 ... accepted 288. Emin=-4.94666845, Emax=259.83953693
realization 289 / 300 ... accepted 289. Emin=-45.13793520, Emax=208.95090883
realization 290 / 300 ... accepted 290. Emin=-12.18015421, Emax=268.59599311
realization 291 / 300 ... accepted 291. Emin=-7.83334130, Emax=270.02784421
realization 292 / 300 ... accepted 292. Emin=-0.04211313, Emax=303.96787479
realization 293 / 300 ... accepted 293. Emin=-27.58921194, Emax=245.68095338
realization 294 / 300 ... accepted 294. Emin=-4.47068145, Emax=273.47768227
realization 295 / 300 ... accepted 295. Emin=31.53476230, Emax=307.31635393
realization 296 / 300 ... accepted 296. Emin=-2.37208170, Emax=274.70681033
realization 297 / 300 ... accepted 297. Emin=-22.64860735, Emax=270.92602758
realization 298 / 300 ... accepted 298. Emin=8.01943130, Emax=279.54657517
realization 299 / 300 ... accepted 299. Emin=11.74235672, Emax=282.80289768
realization 300 / 300 ... accepted 300. Emin=-4.82443660, Emax=263.34378957
Saved final energies: /home/2/kj405942/POLFED_bosons/pbs_bose_legacy_nmax2_periodic/data/U_40/W_14/L_6/N_6_nmax_2/boundary_periodic/energies_full_U40_L6_N6_nmax2_W14_boundaryperiodic_nreal300.txt
Accepted realizations: 300 / 300
Skipped realizations: 0
Job finished at Sun May 31 17:14:02 UTC 2026
