Job started on w20 at Sun May 31 17:56:44 UTC 2026
PBS_JOBID=7731347.kruk-host.ift-klaster.lan
PBS_O_WORKDIR=/home/2/kj405942/POLFED_bosons
Bose-Hubbard: L=6, N=6, nmax=2, dim=141
t=1, U=4, W=8, nreal=300, boundary=periodic, mode=full
Writing partial results to /home/2/kj405942/POLFED_bosons/pbs_bose_legacy_nmax2_periodic/data/U_4/W_8/L_6/N_6_nmax_2/boundary_periodic/energies_full_U4_L6_N6_nmax2_W8_boundaryperiodic_nreal300_partial.txt
realization 1 / 300 ... accepted 1. Emin=18.46634698, Emax=55.49657028
realization 2 / 300 ... accepted 2. Emin=-24.16112965, Emax=34.22911826
realization 3 / 300 ... accepted 3. Emin=13.54336395, Emax=58.45152858
realization 4 / 300 ... accepted 4. Emin=3.35432118, Emax=46.08780933
realization 5 / 300 ... accepted 5. Emin=-10.96903420, Emax=59.44496019
realization 6 / 300 ... accepted 6. Emin=-17.33360501, Emax=42.47132756
realization 7 / 300 ... accepted 7. Emin=-34.02910714, Emax=11.56515132
realization 8 / 300 ... accepted 8. Emin=-17.51027419, Emax=45.86731155
realization 9 / 300 ... accepted 9. Emin=-28.37417179, Emax=36.59242451
realization 10 / 300 ... accepted 10. Emin=-1.37855749, Emax=44.12627940
realization 11 / 300 ... accepted 11. Emin=3.83787133, Emax=48.37236209
realization 12 / 300 ... accepted 12. Emin=-14.40508135, Emax=39.61156598
realization 13 / 300 ... accepted 13. Emin=-0.36779535, Emax=35.35332229
realization 14 / 300 ... accepted 14. Emin=-9.36186827, Emax=52.19131497
realization 15 / 300 ... accepted 15. Emin=12.58350548, Emax=59.59498759
realization 16 / 300 ... accepted 16. Emin=-4.29669167, Emax=53.04972948
realization 17 / 300 ... accepted 17. Emin=-11.75886310, Emax=37.06263383
realization 18 / 300 ... accepted 18. Emin=-15.46699127, Emax=42.24597959
realization 19 / 300 ... accepted 19. Emin=-9.59308799, Emax=35.79722770
realization 20 / 300 ... accepted 20. Emin=-0.08594301, Emax=50.46731451
realization 21 / 300 ... accepted 21. Emin=-10.35729325, Emax=46.77554196
realization 22 / 300 ... accepted 22. Emin=-18.62458488, Emax=27.43940773
realization 23 / 300 ... accepted 23. Emin=-21.26237965, Emax=33.48091280
realization 24 / 300 ... accepted 24. Emin=-1.42968718, Emax=59.14071357
realization 25 / 300 ... accepted 25. Emin=-13.81366223, Emax=48.58871958
realization 26 / 300 ... accepted 26. Emin=28.30270393, Emax=65.14307182
realization 27 / 300 ... accepted 27. Emin=-4.25721306, Emax=50.34075750
realization 28 / 300 ... accepted 28. Emin=17.78276983, Emax=61.42119345
realization 29 / 300 ... accepted 29. Emin=-8.98471508, Emax=37.04638405
realization 30 / 300 ... accepted 30. Emin=-13.83774345, Emax=38.10165061
realization 31 / 300 ... accepted 31. Emin=-9.23331217, Emax=43.53394690
realization 32 / 300 ... accepted 32. Emin=-5.91682146, Emax=40.23135509
realization 33 / 300 ... accepted 33. Emin=-1.21640120, Emax=49.97442362
realization 34 / 300 ... accepted 34. Emin=-3.05486340, Emax=61.53046345
realization 35 / 300 ... accepted 35. Emin=5.06849140, Emax=63.08283582
realization 36 / 300 ... accepted 36. Emin=4.82247519, Emax=55.41331665
realization 37 / 300 ... accepted 37. Emin=-2.24734480, Emax=54.25282656
realization 38 / 300 ... accepted 38. Emin=-19.67698169, Emax=28.22601730
realization 39 / 300 ... accepted 39. Emin=-26.72915358, Emax=45.84864783
realization 40 / 300 ... accepted 40. Emin=-27.20409129, Emax=24.04327961
realization 41 / 300 ... accepted 41. Emin=-15.00073611, Emax=38.50672928
realization 42 / 300 ... accepted 42. Emin=-7.32790053, Emax=55.92406360
realization 43 / 300 ... accepted 43. Emin=-17.22486096, Emax=30.09732007
realization 44 / 300 ... accepted 44. Emin=-1.05814074, Emax=51.46028737
realization 45 / 300 ... accepted 45. Emin=10.92775682, Emax=55.44760903
realization 46 / 300 ... accepted 46. Emin=0.68330685, Emax=43.73410189
realization 47 / 300 ... accepted 47. Emin=-27.30595413, Emax=14.02720014
realization 48 / 300 ... accepted 48. Emin=2.98961420, Emax=49.72494967
realization 49 / 300 ... accepted 49. Emin=-30.87064519, Emax=21.17208072
realization 50 / 300 ... accepted 50. Emin=-10.77396897, Emax=52.31769413
realization 51 / 300 ... accepted 51. Emin=-14.11493483, Emax=36.94951391
realization 52 / 300 ... accepted 52. Emin=9.99720362, Emax=46.52452932
realization 53 / 300 ... accepted 53. Emin=-22.88572292, Emax=44.60040336
realization 54 / 300 ... accepted 54. Emin=-25.56944026, Emax=11.25810600
realization 55 / 300 ... accepted 55. Emin=-1.43747596, Emax=59.05223965
realization 56 / 300 ... accepted 56. Emin=4.53396269, Emax=55.20606476
realization 57 / 300 ... accepted 57. Emin=2.14593580, Emax=54.74229100
realization 58 / 300 ... accepted 58. Emin=-0.74828813, Emax=46.14205171
realization 59 / 300 ... accepted 59. Emin=-25.56649941, Emax=26.84879414
realization 60 / 300 ... accepted 60. Emin=-11.36560361, Emax=45.00231828
realization 61 / 300 ... accepted 61. Emin=-7.71102403, Emax=58.84504625
realization 62 / 300 ... accepted 62. Emin=-13.58893386, Emax=34.50326107
realization 63 / 300 ... accepted 63. Emin=-18.81574123, Emax=25.54388786
realization 64 / 300 ... accepted 64. Emin=-3.23668022, Emax=51.19127391
realization 65 / 300 ... accepted 65. Emin=-18.45837837, Emax=39.39171024
realization 66 / 300 ... accepted 66. Emin=15.74536668, Emax=58.61620114
realization 67 / 300 ... accepted 67. Emin=6.86106509, Emax=56.14644606
realization 68 / 300 ... accepted 68. Emin=-3.93369267, Emax=62.08341402
realization 69 / 300 ... accepted 69. Emin=-7.74211824, Emax=28.25094862
realization 70 / 300 ... accepted 70. Emin=-22.00726127, Emax=36.37801413
realization 71 / 300 ... accepted 71. Emin=-18.60704464, Emax=19.73241685
realization 72 / 300 ... accepted 72. Emin=7.35651881, Emax=43.28308793
realization 73 / 300 ... accepted 73. Emin=-6.72872755, Emax=39.40581239
realization 74 / 300 ... accepted 74. Emin=-24.23266960, Emax=29.06147014
realization 75 / 300 ... accepted 75. Emin=-8.83852643, Emax=30.28954919
realization 76 / 300 ... accepted 76. Emin=-16.29532367, Emax=43.19957754
realization 77 / 300 ... accepted 77. Emin=-8.40393515, Emax=56.60658693
realization 78 / 300 ... accepted 78. Emin=-0.56070202, Emax=43.54963867
realization 79 / 300 ... accepted 79. Emin=-9.47505764, Emax=41.44727224
realization 80 / 300 ... accepted 80. Emin=-8.43982898, Emax=50.62726071
realization 81 / 300 ... accepted 81. Emin=-8.12594582, Emax=60.64101048
realization 82 / 300 ... accepted 82. Emin=0.40181619, Emax=46.50485185
realization 83 / 300 ... accepted 83. Emin=-21.79649247, Emax=28.70303856
realization 84 / 300 ... accepted 84. Emin=-19.81667526, Emax=29.08758132
realization 85 / 300 ... accepted 85. Emin=-21.32032601, Emax=40.42075059
realization 86 / 300 ... accepted 86. Emin=-13.56420831, Emax=32.88665779
realization 87 / 300 ... accepted 87. Emin=7.07161586, Emax=63.53186295
realization 88 / 300 ... accepted 88. Emin=2.21113928, Emax=67.86952522
realization 89 / 300 ... accepted 89. Emin=-18.30907839, Emax=60.97773080
realization 90 / 300 ... accepted 90. Emin=-10.22140784, Emax=50.36937833
realization 91 / 300 ... accepted 91. Emin=-1.78703841, Emax=56.12618464
realization 92 / 300 ... accepted 92. Emin=-22.19926839, Emax=24.54732197
realization 93 / 300 ... accepted 93. Emin=-25.03516134, Emax=32.32925354
realization 94 / 300 ... accepted 94. Emin=20.12349110, Emax=62.41629432
realization 95 / 300 ... accepted 95. Emin=-20.34086151, Emax=35.79910447
realization 96 / 300 ... accepted 96. Emin=-12.61758040, Emax=36.40051264
realization 97 / 300 ... accepted 97. Emin=-2.98206822, Emax=41.42405536
realization 98 / 300 ... accepted 98. Emin=-8.90402840, Emax=59.86349462
realization 99 / 300 ... accepted 99. Emin=-10.82576356, Emax=50.99551633
realization 100 / 300 ... accepted 100. Emin=-10.47472973, Emax=42.91095467
realization 101 / 300 ... accepted 101. Emin=-3.69058094, Emax=49.36947121
realization 102 / 300 ... accepted 102. Emin=9.24416594, Emax=67.61646612
realization 103 / 300 ... accepted 103. Emin=-4.23599531, Emax=46.27381313
realization 104 / 300 ... accepted 104. Emin=2.39395722, Emax=38.66474812
realization 105 / 300 ... accepted 105. Emin=9.66538552, Emax=65.81922749
realization 106 / 300 ... accepted 106. Emin=-17.33133249, Emax=32.32030318
realization 107 / 300 ... accepted 107. Emin=-20.47467835, Emax=33.24894527
realization 108 / 300 ... accepted 108. Emin=-16.74397552, Emax=38.73676766
realization 109 / 300 ... accepted 109. Emin=-11.17260080, Emax=50.06763619
realization 110 / 300 ... accepted 110. Emin=-9.49542086, Emax=50.90905603
realization 111 / 300 ... accepted 111. Emin=14.38550422, Emax=66.54294625
realization 112 / 300 ... accepted 112. Emin=-17.21798216, Emax=33.03488382
realization 113 / 300 ... accepted 113. Emin=-5.56484096, Emax=45.88081976
realization 114 / 300 ... accepted 114. Emin=-10.95210483, Emax=57.17052941
realization 115 / 300 ... accepted 115. Emin=-0.80613392, Emax=55.58125594
realization 116 / 300 ... accepted 116. Emin=-7.56134270, Emax=47.45919277
realization 117 / 300 ... accepted 117. Emin=-11.38067093, Emax=36.56618222
realization 118 / 300 ... accepted 118. Emin=-11.26248476, Emax=45.00662321
realization 119 / 300 ... accepted 119. Emin=-10.93826955, Emax=51.24915005
realization 120 / 300 ... accepted 120. Emin=5.73553574, Emax=56.14384806
realization 121 / 300 ... accepted 121. Emin=5.08827990, Emax=55.77604117
realization 122 / 300 ... accepted 122. Emin=10.60753919, Emax=42.04343048
realization 123 / 300 ... accepted 123. Emin=-17.45190546, Emax=40.56697644
realization 124 / 300 ... accepted 124. Emin=-22.57348224, Emax=44.66815309
realization 125 / 300 ... accepted 125. Emin=-11.43204525, Emax=46.41417894
realization 126 / 300 ... accepted 126. Emin=-16.85114121, Emax=35.86605241
realization 127 / 300 ... accepted 127. Emin=-17.18305096, Emax=49.15503722
realization 128 / 300 ... accepted 128. Emin=2.87409525, Emax=63.10246153
realization 129 / 300 ... accepted 129. Emin=-22.58993395, Emax=22.21700642
realization 130 / 300 ... accepted 130. Emin=5.99355924, Emax=50.81383210
realization 131 / 300 ... accepted 131. Emin=1.34241290, Emax=48.31821331
realization 132 / 300 ... accepted 132. Emin=-2.52200386, Emax=60.60362640
realization 133 / 300 ... accepted 133. Emin=-10.44245103, Emax=50.86567114
realization 134 / 300 ... accepted 134. Emin=-3.27666034, Emax=54.53960773
realization 135 / 300 ... accepted 135. Emin=5.55510079, Emax=64.77996876
realization 136 / 300 ... accepted 136. Emin=-4.84983579, Emax=37.07753543
realization 137 / 300 ... accepted 137. Emin=-9.52431604, Emax=48.09299625
realization 138 / 300 ... accepted 138. Emin=-19.66377290, Emax=33.90142746
realization 139 / 300 ... accepted 139. Emin=-2.40801357, Emax=57.00367692
realization 140 / 300 ... accepted 140. Emin=0.35662536, Emax=62.59313835
realization 141 / 300 ... accepted 141. Emin=-23.52005648, Emax=28.79778724
realization 142 / 300 ... accepted 142. Emin=8.63367954, Emax=47.88286398
realization 143 / 300 ... accepted 143. Emin=-9.20280192, Emax=59.63305495
realization 144 / 300 ... accepted 144. Emin=9.38912858, Emax=56.37643175
realization 145 / 300 ... accepted 145. Emin=-8.38924920, Emax=54.94985884
realization 146 / 300 ... accepted 146. Emin=-11.44676397, Emax=39.38547803
realization 147 / 300 ... accepted 147. Emin=-16.79677892, Emax=36.09002902
realization 148 / 300 ... accepted 148. Emin=12.12578325, Emax=67.45426337
realization 149 / 300 ... accepted 149. Emin=-26.80241031, Emax=20.27706840
realization 150 / 300 ... accepted 150. Emin=3.38685913, Emax=53.11520650
realization 151 / 300 ... accepted 151. Emin=-23.64655380, Emax=22.87925157
realization 152 / 300 ... accepted 152. Emin=5.35224323, Emax=62.00515465
realization 153 / 300 ... accepted 153. Emin=-1.54519292, Emax=51.46674137
realization 154 / 300 ... accepted 154. Emin=-27.67801167, Emax=34.58931734
realization 155 / 300 ... accepted 155. Emin=-2.52103665, Emax=53.86329281
realization 156 / 300 ... accepted 156. Emin=7.43682164, Emax=62.16648064
realization 157 / 300 ... accepted 157. Emin=-17.92433509, Emax=42.17978415
realization 158 / 300 ... accepted 158. Emin=-12.21306346, Emax=50.36051426
realization 159 / 300 ... accepted 159. Emin=-1.90510988, Emax=57.91946696
realization 160 / 300 ... accepted 160. Emin=-6.22577772, Emax=61.85434578
realization 161 / 300 ... accepted 161. Emin=-15.71713067, Emax=31.71170735
realization 162 / 300 ... accepted 162. Emin=-18.53874093, Emax=58.65674629
realization 163 / 300 ... accepted 163. Emin=13.12145089, Emax=59.78994521
realization 164 / 300 ... accepted 164. Emin=-8.20502561, Emax=30.60721328
realization 165 / 300 ... accepted 165. Emin=-21.30566053, Emax=21.01994442
realization 166 / 300 ... accepted 166. Emin=-25.25758222, Emax=35.15766768
realization 167 / 300 ... accepted 167. Emin=10.20530981, Emax=66.81162648
realization 168 / 300 ... accepted 168. Emin=-9.57703015, Emax=57.40409616
realization 169 / 300 ... accepted 169. Emin=-19.19423160, Emax=42.33226778
realization 170 / 300 ... accepted 170. Emin=-16.40483782, Emax=44.46843200
realization 171 / 300 ... accepted 171. Emin=9.64804576, Emax=67.26610178
realization 172 / 300 ... accepted 172. Emin=-23.14642012, Emax=17.76545463
realization 173 / 300 ... accepted 173. Emin=-19.54525488, Emax=31.71966642
realization 174 / 300 ... accepted 174. Emin=4.14280966, Emax=49.29063327
realization 175 / 300 ... accepted 175. Emin=-11.07294447, Emax=32.18067635
realization 176 / 300 ... accepted 176. Emin=-38.60833813, Emax=4.78280479
realization 177 / 300 ... accepted 177. Emin=-12.57089263, Emax=35.59729290
realization 178 / 300 ... accepted 178. Emin=-13.51317535, Emax=20.29521885
realization 179 / 300 ... accepted 179. Emin=-6.16445920, Emax=64.35483890
realization 180 / 300 ... accepted 180. Emin=-14.28541955, Emax=43.95375573
realization 181 / 300 ... accepted 181. Emin=0.24006367, Emax=50.40237571
realization 182 / 300 ... accepted 182. Emin=-30.08091831, Emax=21.38145787
realization 183 / 300 ... accepted 183. Emin=6.51209769, Emax=54.50865007
realization 184 / 300 ... accepted 184. Emin=-3.12393915, Emax=53.77181642
realization 185 / 300 ... accepted 185. Emin=7.74938112, Emax=65.57570146
realization 186 / 300 ... accepted 186. Emin=-5.06790019, Emax=42.89299665
realization 187 / 300 ... accepted 187. Emin=-16.74691855, Emax=33.89918638
realization 188 / 300 ... accepted 188. Emin=-9.27066201, Emax=46.17833524
realization 189 / 300 ... accepted 189. Emin=-8.17967209, Emax=59.89789518
realization 190 / 300 ... accepted 190. Emin=0.35917701, Emax=51.55285830
realization 191 / 300 ... accepted 191. Emin=9.50915904, Emax=54.42514155
realization 192 / 300 ... accepted 192. Emin=1.40727698, Emax=64.88821873
realization 193 / 300 ... accepted 193. Emin=0.80560979, Emax=49.67745872
realization 194 / 300 ... accepted 194. Emin=-5.93198528, Emax=46.13372629
realization 195 / 300 ... accepted 195. Emin=2.12510973, Emax=51.62003670
realization 196 / 300 ... accepted 196. Emin=-10.28535206, Emax=60.08514553
realization 197 / 300 ... accepted 197. Emin=-12.31209941, Emax=39.07783188
realization 198 / 300 ... accepted 198. Emin=1.57088928, Emax=60.15946472
realization 199 / 300 ... accepted 199. Emin=4.16995407, Emax=44.11017342
realization 200 / 300 ... accepted 200. Emin=1.47981311, Emax=50.53436789
realization 201 / 300 ... accepted 201. Emin=-12.10631911, Emax=31.41562791
realization 202 / 300 ... accepted 202. Emin=-0.32091979, Emax=63.02395753
realization 203 / 300 ... accepted 203. Emin=-13.23033715, Emax=37.55966708
realization 204 / 300 ... accepted 204. Emin=-14.70033042, Emax=45.17985073
realization 205 / 300 ... accepted 205. Emin=-27.47146817, Emax=29.32755075
realization 206 / 300 ... accepted 206. Emin=-13.99779583, Emax=48.57429057
realization 207 / 300 ... accepted 207. Emin=3.33241800, Emax=65.57917560
realization 208 / 300 ... accepted 208. Emin=-18.30599682, Emax=25.69378156
realization 209 / 300 ... accepted 209. Emin=6.84325645, Emax=42.01060103
realization 210 / 300 ... accepted 210. Emin=-12.26250777, Emax=62.62616880
realization 211 / 300 ... accepted 211. Emin=-29.55763563, Emax=5.11409950
realization 212 / 300 ... accepted 212. Emin=7.04605094, Emax=62.26776888
realization 213 / 300 ... accepted 213. Emin=-16.78480953, Emax=33.24306395
realization 214 / 300 ... accepted 214. Emin=14.43879964, Emax=56.42505550
realization 215 / 300 ... accepted 215. Emin=-14.82159478, Emax=53.35539489
realization 216 / 300 ... accepted 216. Emin=1.40747148, Emax=57.12215232
realization 217 / 300 ... accepted 217. Emin=-11.04272638, Emax=56.68441490
realization 218 / 300 ... accepted 218. Emin=4.84688763, Emax=50.63730002
realization 219 / 300 ... accepted 219. Emin=-20.21232362, Emax=44.78564091
realization 220 / 300 ... accepted 220. Emin=-6.04428986, Emax=50.99236308
realization 221 / 300 ... accepted 221. Emin=6.49836636, Emax=56.87446066
realization 222 / 300 ... accepted 222. Emin=-13.71953644, Emax=46.22757233
realization 223 / 300 ... accepted 223. Emin=-5.70065370, Emax=57.12022723
realization 224 / 300 ... accepted 224. Emin=-19.81359455, Emax=35.60335709
realization 225 / 300 ... accepted 225. Emin=11.22249272, Emax=51.84118680
realization 226 / 300 ... accepted 226. Emin=17.57805965, Emax=62.40957854
realization 227 / 300 ... accepted 227. Emin=-3.09817902, Emax=56.10278884
realization 228 / 300 ... accepted 228. Emin=-11.66550722, Emax=57.16968037
realization 229 / 300 ... accepted 229. Emin=-13.79471745, Emax=49.19385424
realization 230 / 300 ... accepted 230. Emin=-22.95030095, Emax=27.63247751
realization 231 / 300 ... accepted 231. Emin=13.37143665, Emax=51.02161473
realization 232 / 300 ... accepted 232. Emin=-22.46791303, Emax=37.62824840
realization 233 / 300 ... accepted 233. Emin=9.02623320, Emax=58.22082959
realization 234 / 300 ... accepted 234. Emin=-10.15111888, Emax=48.78736078
realization 235 / 300 ... accepted 235. Emin=-12.16826326, Emax=44.59010299
realization 236 / 300 ... accepted 236. Emin=13.40554905, Emax=58.78332657
realization 237 / 300 ... accepted 237. Emin=-24.96374179, Emax=27.48043567
realization 238 / 300 ... accepted 238. Emin=-7.01881509, Emax=53.35179956
realization 239 / 300 ... accepted 239. Emin=16.44102434, Emax=64.51499115
realization 240 / 300 ... accepted 240. Emin=-22.60123747, Emax=26.04772975
realization 241 / 300 ... accepted 241. Emin=-16.24801118, Emax=51.60114048
realization 242 / 300 ... accepted 242. Emin=0.85210111, Emax=58.92271217
realization 243 / 300 ... accepted 243. Emin=-4.09422625, Emax=55.74315524
realization 244 / 300 ... accepted 244. Emin=-12.85661079, Emax=42.21759629
realization 245 / 300 ... accepted 245. Emin=-3.41455741, Emax=48.50892854
realization 246 / 300 ... accepted 246. Emin=15.97920501, Emax=55.14625915
realization 247 / 300 ... accepted 247. Emin=-8.26774822, Emax=45.74745002
realization 248 / 300 ... accepted 248. Emin=-13.71202615, Emax=42.87343288
realization 249 / 300 ... accepted 249. Emin=-30.30428356, Emax=11.88021313
realization 250 / 300 ... accepted 250. Emin=-15.66669255, Emax=41.91943542
realization 251 / 300 ... accepted 251. Emin=-13.04223286, Emax=32.82534153
realization 252 / 300 ... accepted 252. Emin=-20.15971609, Emax=36.16700280
realization 253 / 300 ... accepted 253. Emin=-9.03280798, Emax=53.19962693
realization 254 / 300 ... accepted 254. Emin=18.52442240, Emax=65.80199222
realization 255 / 300 ... accepted 255. Emin=8.76781050, Emax=55.97185909
realization 256 / 300 ... accepted 256. Emin=10.45458691, Emax=61.88181896
realization 257 / 300 ... accepted 257. Emin=-10.59712615, Emax=53.67114185
realization 258 / 300 ... accepted 258. Emin=-3.37957082, Emax=40.99910973
realization 259 / 300 ... accepted 259. Emin=-14.67446110, Emax=39.52896752
realization 260 / 300 ... accepted 260. Emin=4.47426380, Emax=50.38472270
realization 261 / 300 ... accepted 261. Emin=-7.21428535, Emax=63.07935434
realization 262 / 300 ... accepted 262. Emin=-5.74359676, Emax=41.82225143
realization 263 / 300 ... accepted 263. Emin=-8.67270265, Emax=54.59455489
realization 264 / 300 ... accepted 264. Emin=11.53942255, Emax=59.56137567
realization 265 / 300 ... accepted 265. Emin=-11.44866864, Emax=38.11286333
realization 266 / 300 ... accepted 266. Emin=-6.68563944, Emax=46.25599474
realization 267 / 300 ... accepted 267. Emin=-10.64766347, Emax=36.32638040
realization 268 / 300 ... accepted 268. Emin=-6.72834459, Emax=47.37933071
realization 269 / 300 ... accepted 269. Emin=-24.45045548, Emax=17.30415523
realization 270 / 300 ... accepted 270. Emin=-16.75797939, Emax=43.89409847
realization 271 / 300 ... accepted 271. Emin=-9.00033045, Emax=42.30850171
realization 272 / 300 ... accepted 272. Emin=-10.75558258, Emax=50.90254081
realization 273 / 300 ... accepted 273. Emin=17.67028798, Emax=68.40742936
realization 274 / 300 ... accepted 274. Emin=-19.23976009, Emax=45.31336346
realization 275 / 300 ... accepted 275. Emin=-11.36446392, Emax=44.00697305
realization 276 / 300 ... accepted 276. Emin=-3.43847096, Emax=51.70409733
realization 277 / 300 ... accepted 277. Emin=-2.85271617, Emax=54.71432087
realization 278 / 300 ... accepted 278. Emin=14.57199831, Emax=50.66627103
realization 279 / 300 ... accepted 279. Emin=-16.27171074, Emax=33.55050212
realization 280 / 300 ... accepted 280. Emin=-24.89405581, Emax=38.02044277
realization 281 / 300 ... accepted 281. Emin=-4.82664262, Emax=52.49827737
realization 282 / 300 ... accepted 282. Emin=-16.60804631, Emax=53.00261966
realization 283 / 300 ... accepted 283. Emin=-16.92878715, Emax=41.70670835
realization 284 / 300 ... accepted 284. Emin=13.96105933, Emax=55.91804963
realization 285 / 300 ... accepted 285. Emin=8.97655758, Emax=54.46830723
realization 286 / 300 ... accepted 286. Emin=-23.53310221, Emax=40.10779808
realization 287 / 300 ... accepted 287. Emin=-4.34799192, Emax=40.96879381
realization 288 / 300 ... accepted 288. Emin=0.29067686, Emax=49.29649865
realization 289 / 300 ... accepted 289. Emin=7.97906841, Emax=59.09550231
realization 290 / 300 ... accepted 290. Emin=0.38914267, Emax=44.11387786
realization 291 / 300 ... accepted 291. Emin=8.00062229, Emax=61.27553802
realization 292 / 300 ... accepted 292. Emin=17.38642408, Emax=66.75722529
realization 293 / 300 ... accepted 293. Emin=1.33656684, Emax=47.20587214
realization 294 / 300 ... accepted 294. Emin=17.01607718, Emax=60.04175116
realization 295 / 300 ... accepted 295. Emin=-13.34519692, Emax=43.11646828
realization 296 / 300 ... accepted 296. Emin=-16.22048629, Emax=40.79051371
realization 297 / 300 ... accepted 297. Emin=-3.54404761, Emax=51.08108637
realization 298 / 300 ... accepted 298. Emin=-18.94627695, Emax=32.59397103
realization 299 / 300 ... accepted 299. Emin=13.07108227, Emax=63.82917428
realization 300 / 300 ... accepted 300. Emin=29.08423998, Emax=67.61453676
Saved final energies: /home/2/kj405942/POLFED_bosons/pbs_bose_legacy_nmax2_periodic/data/U_4/W_8/L_6/N_6_nmax_2/boundary_periodic/energies_full_U4_L6_N6_nmax2_W8_boundaryperiodic_nreal300.txt
Accepted realizations: 300 / 300
Skipped realizations: 0
Job finished at Sun May 31 17:58:14 UTC 2026
