Job started on w20 at Sun May 31 17:56:44 UTC 2026
PBS_JOBID=7731346.kruk-host.ift-klaster.lan
PBS_O_WORKDIR=/home/2/kj405942/POLFED_bosons
Bose-Hubbard: L=6, N=6, nmax=2, dim=141
t=1, U=4, W=7, nreal=300, boundary=periodic, mode=full
Writing partial results to /home/2/kj405942/POLFED_bosons/pbs_bose_legacy_nmax2_periodic/data/U_4/W_7/L_6/N_6_nmax_2/boundary_periodic/energies_full_U4_L6_N6_nmax2_W7_boundaryperiodic_nreal300_partial.txt
realization 1 / 300 ... accepted 1. Emin=-16.88562219, Emax=39.02889549
realization 2 / 300 ... accepted 2. Emin=-3.67152906, Emax=44.87045530
realization 3 / 300 ... accepted 3. Emin=20.16562191, Emax=62.27784936
realization 4 / 300 ... accepted 4. Emin=-21.57745447, Emax=29.02641129
realization 5 / 300 ... accepted 5. Emin=-27.41322038, Emax=18.67284256
realization 6 / 300 ... accepted 6. Emin=-29.14859055, Emax=16.26197723
realization 7 / 300 ... accepted 7. Emin=-12.42992822, Emax=32.84852086
realization 8 / 300 ... accepted 8. Emin=5.02857217, Emax=43.91652225
realization 9 / 300 ... accepted 9. Emin=-5.34626287, Emax=45.77547801
realization 10 / 300 ... accepted 10. Emin=-7.42412255, Emax=46.20854004
realization 11 / 300 ... accepted 11. Emin=-3.41272074, Emax=51.33924360
realization 12 / 300 ... accepted 12. Emin=-6.39317309, Emax=35.97914512
realization 13 / 300 ... accepted 13. Emin=-8.73263191, Emax=47.52517588
realization 14 / 300 ... accepted 14. Emin=-2.74488317, Emax=52.92457695
realization 15 / 300 ... accepted 15. Emin=-16.33869132, Emax=43.77868878
realization 16 / 300 ... accepted 16. Emin=-24.13283882, Emax=22.41547390
realization 17 / 300 ... accepted 17. Emin=-24.15738516, Emax=31.74549438
realization 18 / 300 ... accepted 18. Emin=-10.96048690, Emax=33.79453109
realization 19 / 300 ... accepted 19. Emin=-3.93888625, Emax=57.64824338
realization 20 / 300 ... accepted 20. Emin=-12.37064935, Emax=29.12671198
realization 21 / 300 ... accepted 21. Emin=-10.63566975, Emax=40.86863117
realization 22 / 300 ... accepted 22. Emin=2.49327297, Emax=40.70695956
realization 23 / 300 ... accepted 23. Emin=2.74139280, Emax=57.54671463
realization 24 / 300 ... accepted 24. Emin=-5.94901377, Emax=47.84218962
realization 25 / 300 ... accepted 25. Emin=1.35464969, Emax=50.80594975
realization 26 / 300 ... accepted 26. Emin=4.10854252, Emax=42.72700397
realization 27 / 300 ... accepted 27. Emin=-6.45784312, Emax=37.90180728
realization 28 / 300 ... accepted 28. Emin=0.81711294, Emax=46.38109779
realization 29 / 300 ... accepted 29. Emin=-16.44294195, Emax=32.69638920
realization 30 / 300 ... accepted 30. Emin=-17.42617729, Emax=42.46743719
realization 31 / 300 ... accepted 31. Emin=17.84039583, Emax=55.29883264
realization 32 / 300 ... accepted 32. Emin=-3.22860286, Emax=54.04042143
realization 33 / 300 ... accepted 33. Emin=-16.25382260, Emax=34.60432347
realization 34 / 300 ... accepted 34. Emin=-18.08866174, Emax=38.01253344
realization 35 / 300 ... accepted 35. Emin=4.29193922, Emax=41.48694570
realization 36 / 300 ... accepted 36. Emin=-27.69089022, Emax=13.37359360
realization 37 / 300 ... accepted 37. Emin=0.23642310, Emax=53.38086372
realization 38 / 300 ... accepted 38. Emin=11.02987218, Emax=42.55929125
realization 39 / 300 ... accepted 39. Emin=-20.76391896, Emax=33.51687761
realization 40 / 300 ... accepted 40. Emin=-7.23836516, Emax=43.88165560
realization 41 / 300 ... accepted 41. Emin=-1.34511361, Emax=52.46236841
realization 42 / 300 ... accepted 42. Emin=-2.89489064, Emax=42.85888579
realization 43 / 300 ... accepted 43. Emin=-6.10099979, Emax=37.65418222
realization 44 / 300 ... accepted 44. Emin=-1.06843733, Emax=53.65404962
realization 45 / 300 ... accepted 45. Emin=12.82364071, Emax=56.19037413
realization 46 / 300 ... accepted 46. Emin=2.76518310, Emax=42.34503303
realization 47 / 300 ... accepted 47. Emin=0.88721527, Emax=50.57405639
realization 48 / 300 ... accepted 48. Emin=-12.52876425, Emax=39.38242028
realization 49 / 300 ... accepted 49. Emin=6.49085903, Emax=47.52711995
realization 50 / 300 ... accepted 50. Emin=-10.79717264, Emax=38.63821076
realization 51 / 300 ... accepted 51. Emin=-6.13163460, Emax=42.98822038
realization 52 / 300 ... accepted 52. Emin=9.81110824, Emax=50.73914464
realization 53 / 300 ... accepted 53. Emin=-2.89207472, Emax=59.79677683
realization 54 / 300 ... accepted 54. Emin=3.23287063, Emax=47.17390727
realization 55 / 300 ... accepted 55. Emin=-3.19135275, Emax=49.58069344
realization 56 / 300 ... accepted 56. Emin=-17.53175060, Emax=19.72006816
realization 57 / 300 ... accepted 57. Emin=11.09078773, Emax=58.92465275
realization 58 / 300 ... accepted 58. Emin=-11.43651876, Emax=50.97307508
realization 59 / 300 ... accepted 59. Emin=-19.72405929, Emax=22.58770486
realization 60 / 300 ... accepted 60. Emin=-7.03268629, Emax=45.31356341
realization 61 / 300 ... accepted 61. Emin=3.06495100, Emax=38.00110179
realization 62 / 300 ... accepted 62. Emin=-3.31509416, Emax=40.52043666
realization 63 / 300 ... accepted 63. Emin=3.06885379, Emax=57.30142932
realization 64 / 300 ... accepted 64. Emin=-9.47489516, Emax=43.76289170
realization 65 / 300 ... accepted 65. Emin=-21.29566746, Emax=26.08426246
realization 66 / 300 ... accepted 66. Emin=-17.82673241, Emax=23.56844659
realization 67 / 300 ... accepted 67. Emin=-11.06461337, Emax=36.33489332
realization 68 / 300 ... accepted 68. Emin=7.80923931, Emax=46.05100101
realization 69 / 300 ... accepted 69. Emin=-4.41961031, Emax=35.15025314
realization 70 / 300 ... accepted 70. Emin=-2.76700238, Emax=53.18828969
realization 71 / 300 ... accepted 71. Emin=-8.78215846, Emax=30.67182819
realization 72 / 300 ... accepted 72. Emin=-20.44155442, Emax=24.60385897
realization 73 / 300 ... accepted 73. Emin=-13.32899004, Emax=42.17809618
realization 74 / 300 ... accepted 74. Emin=1.13480241, Emax=44.70710009
realization 75 / 300 ... accepted 75. Emin=0.35419358, Emax=46.17688684
realization 76 / 300 ... accepted 76. Emin=-18.60885894, Emax=46.44432358
realization 77 / 300 ... accepted 77. Emin=-14.22276619, Emax=36.28491833
realization 78 / 300 ... accepted 78. Emin=-20.35299022, Emax=38.39890446
realization 79 / 300 ... accepted 79. Emin=12.44823671, Emax=58.57767503
realization 80 / 300 ... accepted 80. Emin=-6.41043969, Emax=34.22970648
realization 81 / 300 ... accepted 81. Emin=-13.11561379, Emax=42.77781597
realization 82 / 300 ... accepted 82. Emin=-0.47585333, Emax=48.38750113
realization 83 / 300 ... accepted 83. Emin=-2.07667794, Emax=41.90743311
realization 84 / 300 ... accepted 84. Emin=-9.87013713, Emax=48.53720687
realization 85 / 300 ... accepted 85. Emin=4.54136188, Emax=44.53961584
realization 86 / 300 ... accepted 86. Emin=-22.82913429, Emax=15.23688680
realization 87 / 300 ... accepted 87. Emin=7.39316365, Emax=56.70840696
realization 88 / 300 ... accepted 88. Emin=-10.26780951, Emax=43.41896405
realization 89 / 300 ... accepted 89. Emin=1.83883892, Emax=48.21299962
realization 90 / 300 ... accepted 90. Emin=-0.37103807, Emax=52.16600817
realization 91 / 300 ... accepted 91. Emin=-3.09968389, Emax=58.74454954
realization 92 / 300 ... accepted 92. Emin=0.83039327, Emax=47.40429042
realization 93 / 300 ... accepted 93. Emin=-23.20164527, Emax=22.12548572
realization 94 / 300 ... accepted 94. Emin=-14.25047114, Emax=44.79739370
realization 95 / 300 ... accepted 95. Emin=-6.48539204, Emax=50.71691345
realization 96 / 300 ... accepted 96. Emin=10.51781131, Emax=56.14324951
realization 97 / 300 ... accepted 97. Emin=0.48172433, Emax=59.22880193
realization 98 / 300 ... accepted 98. Emin=-1.06982410, Emax=49.60558044
realization 99 / 300 ... accepted 99. Emin=-24.20078758, Emax=20.67977630
realization 100 / 300 ... accepted 100. Emin=-17.00489174, Emax=35.35402628
realization 101 / 300 ... accepted 101. Emin=-7.07548117, Emax=51.34192375
realization 102 / 300 ... accepted 102. Emin=12.55613058, Emax=53.36018055
realization 103 / 300 ... accepted 103. Emin=-4.74199127, Emax=41.81143856
realization 104 / 300 ... accepted 104. Emin=15.34230877, Emax=59.75359568
realization 105 / 300 ... accepted 105. Emin=-24.64443639, Emax=14.53696463
realization 106 / 300 ... accepted 106. Emin=-0.48585115, Emax=49.30287349
realization 107 / 300 ... accepted 107. Emin=1.78883155, Emax=40.50270145
realization 108 / 300 ... accepted 108. Emin=-17.16128857, Emax=43.16708342
realization 109 / 300 ... accepted 109. Emin=4.14606671, Emax=53.38406228
realization 110 / 300 ... accepted 110. Emin=-26.34980112, Emax=13.32817642
realization 111 / 300 ... accepted 111. Emin=5.31094959, Emax=59.76107700
realization 112 / 300 ... accepted 112. Emin=-0.03895446, Emax=48.70575738
realization 113 / 300 ... accepted 113. Emin=-7.17506023, Emax=39.30733678
realization 114 / 300 ... accepted 114. Emin=-11.99501543, Emax=42.36371849
realization 115 / 300 ... accepted 115. Emin=-10.94287721, Emax=36.54378133
realization 116 / 300 ... accepted 116. Emin=-15.14197811, Emax=30.08070394
realization 117 / 300 ... accepted 117. Emin=-10.78211586, Emax=35.26759926
realization 118 / 300 ... accepted 118. Emin=-5.66779055, Emax=45.44087028
realization 119 / 300 ... accepted 119. Emin=-19.87213273, Emax=29.28517614
realization 120 / 300 ... accepted 120. Emin=-9.74479882, Emax=31.81391940
realization 121 / 300 ... accepted 121. Emin=-15.72377180, Emax=26.17438810
realization 122 / 300 ... accepted 122. Emin=6.00355431, Emax=46.16341796
realization 123 / 300 ... accepted 123. Emin=-10.04369997, Emax=43.74772260
realization 124 / 300 ... accepted 124. Emin=-8.60354350, Emax=43.06866406
realization 125 / 300 ... accepted 125. Emin=-1.14345029, Emax=57.17390745
realization 126 / 300 ... accepted 126. Emin=-15.57870756, Emax=38.39266441
realization 127 / 300 ... accepted 127. Emin=-7.03260849, Emax=43.19615891
realization 128 / 300 ... accepted 128. Emin=-1.21700108, Emax=41.02647362
realization 129 / 300 ... accepted 129. Emin=-9.40213483, Emax=39.48589899
realization 130 / 300 ... accepted 130. Emin=-4.04461612, Emax=59.84503109
realization 131 / 300 ... accepted 131. Emin=-8.04106826, Emax=31.96221641
realization 132 / 300 ... accepted 132. Emin=0.03554569, Emax=47.61399361
realization 133 / 300 ... accepted 133. Emin=-12.19779592, Emax=38.76178291
realization 134 / 300 ... accepted 134. Emin=-10.75631006, Emax=36.35429748
realization 135 / 300 ... accepted 135. Emin=-15.35332054, Emax=37.90287780
realization 136 / 300 ... accepted 136. Emin=-13.77204344, Emax=48.80414690
realization 137 / 300 ... accepted 137. Emin=-19.93848949, Emax=32.33960736
realization 138 / 300 ... accepted 138. Emin=-6.89587767, Emax=37.21930022
realization 139 / 300 ... accepted 139. Emin=-3.02200372, Emax=55.01658192
realization 140 / 300 ... accepted 140. Emin=-17.09216612, Emax=29.69580699
realization 141 / 300 ... accepted 141. Emin=-2.49647618, Emax=42.89001513
realization 142 / 300 ... accepted 142. Emin=-4.53382042, Emax=40.98661448
realization 143 / 300 ... accepted 143. Emin=-15.18649961, Emax=41.30121029
realization 144 / 300 ... accepted 144. Emin=5.03058172, Emax=38.28592911
realization 145 / 300 ... accepted 145. Emin=-7.22851607, Emax=48.03121564
realization 146 / 300 ... accepted 146. Emin=4.61738392, Emax=60.39027939
realization 147 / 300 ... accepted 147. Emin=7.21022936, Emax=42.51622967
realization 148 / 300 ... accepted 148. Emin=-13.03490676, Emax=35.01462278
realization 149 / 300 ... accepted 149. Emin=-0.24061070, Emax=55.42450139
realization 150 / 300 ... accepted 150. Emin=-13.57431972, Emax=34.33789849
realization 151 / 300 ... accepted 151. Emin=8.42968285, Emax=54.09026113
realization 152 / 300 ... accepted 152. Emin=-10.43064991, Emax=34.85657230
realization 153 / 300 ... accepted 153. Emin=-26.50713745, Emax=16.63234628
realization 154 / 300 ... accepted 154. Emin=-15.39548471, Emax=28.35147224
realization 155 / 300 ... accepted 155. Emin=23.84980865, Emax=58.17402485
realization 156 / 300 ... accepted 156. Emin=-11.79520773, Emax=33.48811302
realization 157 / 300 ... accepted 157. Emin=4.41822050, Emax=47.13301259
realization 158 / 300 ... accepted 158. Emin=-12.41604075, Emax=41.70544194
realization 159 / 300 ... accepted 159. Emin=-20.17797371, Emax=27.38980979
realization 160 / 300 ... accepted 160. Emin=10.72489650, Emax=52.49209051
realization 161 / 300 ... accepted 161. Emin=-24.05578356, Emax=26.20947358
realization 162 / 300 ... accepted 162. Emin=-7.80084883, Emax=41.82384686
realization 163 / 300 ... accepted 163. Emin=-2.04438474, Emax=45.48408844
realization 164 / 300 ... accepted 164. Emin=-6.10344421, Emax=47.95149723
realization 165 / 300 ... accepted 165. Emin=-7.41018617, Emax=50.59147423
realization 166 / 300 ... accepted 166. Emin=-20.26253057, Emax=23.19386819
realization 167 / 300 ... accepted 167. Emin=12.16932356, Emax=59.36598192
realization 168 / 300 ... accepted 168. Emin=6.63760520, Emax=51.50914364
realization 169 / 300 ... accepted 169. Emin=8.91210499, Emax=49.79585936
realization 170 / 300 ... accepted 170. Emin=6.20280929, Emax=48.51359251
realization 171 / 300 ... accepted 171. Emin=-8.54297929, Emax=40.59527385
realization 172 / 300 ... accepted 172. Emin=-1.80681998, Emax=48.06865358
realization 173 / 300 ... accepted 173. Emin=-0.19432074, Emax=45.86695684
realization 174 / 300 ... accepted 174. Emin=-5.46116847, Emax=42.64916901
realization 175 / 300 ... accepted 175. Emin=-0.04045116, Emax=43.95600342
realization 176 / 300 ... accepted 176. Emin=-3.17822850, Emax=43.06678255
realization 177 / 300 ... accepted 177. Emin=-7.16456976, Emax=50.00201017
realization 178 / 300 ... accepted 178. Emin=-10.29117093, Emax=40.88912249
realization 179 / 300 ... accepted 179. Emin=7.21110774, Emax=55.37074571
realization 180 / 300 ... accepted 180. Emin=-5.50845316, Emax=51.78086594
realization 181 / 300 ... accepted 181. Emin=-18.57131586, Emax=31.53440008
realization 182 / 300 ... accepted 182. Emin=-26.24869602, Emax=14.01433307
realization 183 / 300 ... accepted 183. Emin=-20.37601231, Emax=25.86128672
realization 184 / 300 ... accepted 184. Emin=3.38277111, Emax=58.16420017
realization 185 / 300 ... accepted 185. Emin=-8.05902266, Emax=31.61347754
realization 186 / 300 ... accepted 186. Emin=3.06020515, Emax=45.61914574
realization 187 / 300 ... accepted 187. Emin=-18.81319799, Emax=18.82101982
realization 188 / 300 ... accepted 188. Emin=12.94804096, Emax=51.47859744
realization 189 / 300 ... accepted 189. Emin=-5.60224504, Emax=35.20620342
realization 190 / 300 ... accepted 190. Emin=-1.47898127, Emax=46.77504643
realization 191 / 300 ... accepted 191. Emin=-13.76336807, Emax=26.50523501
realization 192 / 300 ... accepted 192. Emin=-5.71830157, Emax=56.90453546
realization 193 / 300 ... accepted 193. Emin=0.86733495, Emax=47.85098331
realization 194 / 300 ... accepted 194. Emin=-17.00091387, Emax=39.84809234
realization 195 / 300 ... accepted 195. Emin=13.11909560, Emax=52.53005208
realization 196 / 300 ... accepted 196. Emin=1.70780304, Emax=55.69569264
realization 197 / 300 ... accepted 197. Emin=-2.38324017, Emax=43.58611034
realization 198 / 300 ... accepted 198. Emin=13.13661373, Emax=50.92136271
realization 199 / 300 ... accepted 199. Emin=6.52056070, Emax=58.52417510
realization 200 / 300 ... accepted 200. Emin=7.78008312, Emax=49.10858984
realization 201 / 300 ... accepted 201. Emin=-18.93713567, Emax=32.97262391
realization 202 / 300 ... accepted 202. Emin=-17.95386121, Emax=29.54142887
realization 203 / 300 ... accepted 203. Emin=7.47822600, Emax=58.88358637
realization 204 / 300 ... accepted 204. Emin=-13.16348506, Emax=27.52553691
realization 205 / 300 ... accepted 205. Emin=15.47508551, Emax=52.32677098
realization 206 / 300 ... accepted 206. Emin=-7.56860843, Emax=49.35313273
realization 207 / 300 ... accepted 207. Emin=-14.64949942, Emax=38.32345440
realization 208 / 300 ... accepted 208. Emin=13.44135992, Emax=50.67440552
realization 209 / 300 ... accepted 209. Emin=-19.31517176, Emax=30.84564476
realization 210 / 300 ... accepted 210. Emin=-10.41750388, Emax=50.00654301
realization 211 / 300 ... accepted 211. Emin=-2.88762156, Emax=51.26180185
realization 212 / 300 ... accepted 212. Emin=6.75659723, Emax=52.75672904
realization 213 / 300 ... accepted 213. Emin=0.45949336, Emax=47.73263891
realization 214 / 300 ... accepted 214. Emin=-2.25019213, Emax=46.08452554
realization 215 / 300 ... accepted 215. Emin=6.39002648, Emax=47.48930304
realization 216 / 300 ... accepted 216. Emin=6.67238255, Emax=54.21576625
realization 217 / 300 ... accepted 217. Emin=-0.92619571, Emax=44.92161048
realization 218 / 300 ... accepted 218. Emin=15.10239593, Emax=58.40638251
realization 219 / 300 ... accepted 219. Emin=3.57518407, Emax=56.39937515
realization 220 / 300 ... accepted 220. Emin=-15.81520182, Emax=37.38566598
realization 221 / 300 ... accepted 221. Emin=-11.20870240, Emax=37.94650318
realization 222 / 300 ... accepted 222. Emin=-5.83425417, Emax=36.78777391
realization 223 / 300 ... accepted 223. Emin=-5.50040983, Emax=49.38334856
realization 224 / 300 ... accepted 224. Emin=11.62476850, Emax=57.59356962
realization 225 / 300 ... accepted 225. Emin=4.57882238, Emax=60.29497193
realization 226 / 300 ... accepted 226. Emin=-0.81397781, Emax=46.61208359
realization 227 / 300 ... accepted 227. Emin=6.69944862, Emax=44.84613650
realization 228 / 300 ... accepted 228. Emin=3.26832331, Emax=52.42644875
realization 229 / 300 ... accepted 229. Emin=9.19587991, Emax=56.58268501
realization 230 / 300 ... accepted 230. Emin=-10.01937179, Emax=40.07991860
realization 231 / 300 ... accepted 231. Emin=-7.45635991, Emax=37.12044501
realization 232 / 300 ... accepted 232. Emin=-6.00633798, Emax=45.62711560
realization 233 / 300 ... accepted 233. Emin=-22.49610037, Emax=20.31844566
realization 234 / 300 ... accepted 234. Emin=-14.73715451, Emax=29.69603975
realization 235 / 300 ... accepted 235. Emin=-20.50546321, Emax=26.97176472
realization 236 / 300 ... accepted 236. Emin=11.22672893, Emax=55.43649938
realization 237 / 300 ... accepted 237. Emin=-15.30944455, Emax=31.54525078
realization 238 / 300 ... accepted 238. Emin=0.56952700, Emax=47.84905016
realization 239 / 300 ... accepted 239. Emin=-9.12142380, Emax=30.82942147
realization 240 / 300 ... accepted 240. Emin=-1.19227321, Emax=46.03284534
realization 241 / 300 ... accepted 241. Emin=10.87179717, Emax=58.49063642
realization 242 / 300 ... accepted 242. Emin=-23.28257657, Emax=28.67358692
realization 243 / 300 ... accepted 243. Emin=3.27821090, Emax=44.98249774
realization 244 / 300 ... accepted 244. Emin=-12.17823236, Emax=41.41948775
realization 245 / 300 ... accepted 245. Emin=-17.81458177, Emax=32.79937275
realization 246 / 300 ... accepted 246. Emin=-2.63104801, Emax=44.49995220
realization 247 / 300 ... accepted 247. Emin=15.42461503, Emax=62.23682198
realization 248 / 300 ... accepted 248. Emin=-4.96918016, Emax=44.10496441
realization 249 / 300 ... accepted 249. Emin=-7.77218314, Emax=33.38964300
realization 250 / 300 ... accepted 250. Emin=-19.53761412, Emax=37.84605294
realization 251 / 300 ... accepted 251. Emin=-10.47868042, Emax=35.97467074
realization 252 / 300 ... accepted 252. Emin=-20.05922027, Emax=38.80798226
realization 253 / 300 ... accepted 253. Emin=-10.42343386, Emax=43.73011412
realization 254 / 300 ... accepted 254. Emin=-7.18402631, Emax=53.41403342
realization 255 / 300 ... accepted 255. Emin=9.46216684, Emax=51.83419980
realization 256 / 300 ... accepted 256. Emin=8.68244250, Emax=56.77107451
realization 257 / 300 ... accepted 257. Emin=-17.92223805, Emax=32.07805447
realization 258 / 300 ... accepted 258. Emin=-5.63723730, Emax=46.22682951
realization 259 / 300 ... accepted 259. Emin=-9.06745936, Emax=42.02855268
realization 260 / 300 ... accepted 260. Emin=-9.30619779, Emax=45.84664903
realization 261 / 300 ... accepted 261. Emin=-7.53973633, Emax=39.60961247
realization 262 / 300 ... accepted 262. Emin=-9.56734584, Emax=26.98519704
realization 263 / 300 ... accepted 263. Emin=-13.42135960, Emax=28.60050656
realization 264 / 300 ... accepted 264. Emin=-17.57689676, Emax=39.23991198
realization 265 / 300 ... accepted 265. Emin=-7.52201918, Emax=53.99804195
realization 266 / 300 ... accepted 266. Emin=8.01584172, Emax=60.67199408
realization 267 / 300 ... accepted 267. Emin=9.00552359, Emax=56.77273186
realization 268 / 300 ... accepted 268. Emin=-8.99129680, Emax=45.77334582
realization 269 / 300 ... accepted 269. Emin=-7.83490289, Emax=43.10363440
realization 270 / 300 ... accepted 270. Emin=2.62811556, Emax=52.03205349
realization 271 / 300 ... accepted 271. Emin=-15.72816746, Emax=52.28773349
realization 272 / 300 ... accepted 272. Emin=-7.09862432, Emax=53.46581331
realization 273 / 300 ... accepted 273. Emin=-6.02110942, Emax=40.04770492
realization 274 / 300 ... accepted 274. Emin=-10.82320114, Emax=40.91399194
realization 275 / 300 ... accepted 275. Emin=-11.26857396, Emax=36.94194719
realization 276 / 300 ... accepted 276. Emin=-7.74266300, Emax=34.63689581
realization 277 / 300 ... accepted 277. Emin=1.95572309, Emax=52.08387723
realization 278 / 300 ... accepted 278. Emin=-2.61424921, Emax=41.29499797
realization 279 / 300 ... accepted 279. Emin=-15.49275517, Emax=33.97016345
realization 280 / 300 ... accepted 280. Emin=5.97405312, Emax=50.77429705
realization 281 / 300 ... accepted 281. Emin=-26.14237182, Emax=28.35831282
realization 282 / 300 ... accepted 282. Emin=-28.91689309, Emax=7.68659075
realization 283 / 300 ... accepted 283. Emin=-13.94611441, Emax=43.30285620
realization 284 / 300 ... accepted 284. Emin=-17.60541436, Emax=17.88346054
realization 285 / 300 ... accepted 285. Emin=-27.94158175, Emax=10.29053633
realization 286 / 300 ... accepted 286. Emin=-9.63757665, Emax=45.89570165
realization 287 / 300 ... accepted 287. Emin=-16.75789838, Emax=26.32896183
realization 288 / 300 ... accepted 288. Emin=-10.40829820, Emax=56.47156923
realization 289 / 300 ... accepted 289. Emin=-0.49929299, Emax=56.32194043
realization 290 / 300 ... accepted 290. Emin=0.32630004, Emax=51.31825252
realization 291 / 300 ... accepted 291. Emin=-4.70131023, Emax=43.91034442
realization 292 / 300 ... accepted 292. Emin=-17.60822668, Emax=31.74318504
realization 293 / 300 ... accepted 293. Emin=-19.24799469, Emax=45.13671032
realization 294 / 300 ... accepted 294. Emin=-5.56000024, Emax=43.18412797
realization 295 / 300 ... accepted 295. Emin=-3.91509526, Emax=43.66044397
realization 296 / 300 ... accepted 296. Emin=-16.72375133, Emax=26.54481238
realization 297 / 300 ... accepted 297. Emin=-20.54938482, Emax=28.27029841
realization 298 / 300 ... accepted 298. Emin=2.72198354, Emax=62.73768307
realization 299 / 300 ... accepted 299. Emin=-6.98856659, Emax=40.02498323
realization 300 / 300 ... accepted 300. Emin=-8.84816332, Emax=48.73598707
Saved final energies: /home/2/kj405942/POLFED_bosons/pbs_bose_legacy_nmax2_periodic/data/U_4/W_7/L_6/N_6_nmax_2/boundary_periodic/energies_full_U4_L6_N6_nmax2_W7_boundaryperiodic_nreal300.txt
Accepted realizations: 300 / 300
Skipped realizations: 0
Job finished at Sun May 31 17:58:21 UTC 2026
