Job started on w21 at Sun May 31 18:03:45 UTC 2026
PBS_JOBID=7731352.kruk-host.ift-klaster.lan
PBS_O_WORKDIR=/home/2/kj405942/POLFED_bosons
Bose-Hubbard: L=6, N=6, nmax=2, dim=141
t=1, U=4, W=13, nreal=300, boundary=periodic, mode=full
Writing partial results to /home/2/kj405942/POLFED_bosons/pbs_bose_legacy_nmax2_periodic/data/U_4/W_13/L_6/N_6_nmax_2/boundary_periodic/energies_full_U4_L6_N6_nmax2_W13_boundaryperiodic_nreal300_partial.txt
realization 1 / 300 ... accepted 1. Emin=-9.84042042, Emax=71.04309477
realization 2 / 300 ... accepted 2. Emin=-18.24729161, Emax=42.59814919
realization 3 / 300 ... accepted 3. Emin=-40.15286681, Emax=37.94457158
realization 4 / 300 ... accepted 4. Emin=-1.79725007, Emax=58.10818185
realization 5 / 300 ... accepted 5. Emin=-11.05058856, Emax=50.53404697
realization 6 / 300 ... accepted 6. Emin=-26.06039869, Emax=75.85678746
realization 7 / 300 ... accepted 7. Emin=-18.18642580, Emax=61.19886645
realization 8 / 300 ... accepted 8. Emin=-29.80368143, Emax=64.09825568
realization 9 / 300 ... accepted 9. Emin=-17.43299727, Emax=52.58266439
realization 10 / 300 ... accepted 10. Emin=-31.11375954, Emax=21.05050753
realization 11 / 300 ... accepted 11. Emin=-48.08685073, Emax=14.17518381
realization 12 / 300 ... accepted 12. Emin=-40.13130596, Emax=17.66944311
realization 13 / 300 ... accepted 13. Emin=-15.05990590, Emax=56.19769619
realization 14 / 300 ... accepted 14. Emin=-38.10415294, Emax=71.45920278
realization 15 / 300 ... accepted 15. Emin=-33.85401680, Emax=21.13731748
realization 16 / 300 ... accepted 16. Emin=-11.77341345, Emax=64.05951791
realization 17 / 300 ... accepted 17. Emin=9.15995853, Emax=60.68569289
realization 18 / 300 ... accepted 18. Emin=2.72676578, Emax=76.32124642
realization 19 / 300 ... accepted 19. Emin=-13.57726264, Emax=66.47574461
realization 20 / 300 ... accepted 20. Emin=-9.04665403, Emax=59.18080258
realization 21 / 300 ... accepted 21. Emin=3.73678254, Emax=63.75235900
realization 22 / 300 ... accepted 22. Emin=13.88634602, Emax=77.53752546
realization 23 / 300 ... accepted 23. Emin=-2.10838783, Emax=68.79349038
realization 24 / 300 ... accepted 24. Emin=-34.80000003, Emax=40.76029198
realization 25 / 300 ... accepted 25. Emin=-40.45453981, Emax=25.91872381
realization 26 / 300 ... accepted 26. Emin=-19.66488374, Emax=48.04314540
realization 27 / 300 ... accepted 27. Emin=-8.19045993, Emax=55.00919572
realization 28 / 300 ... accepted 28. Emin=-40.78934042, Emax=32.62783815
realization 29 / 300 ... accepted 29. Emin=-3.73359669, Emax=83.19929749
realization 30 / 300 ... accepted 30. Emin=-9.73295686, Emax=76.97168956
realization 31 / 300 ... accepted 31. Emin=-2.44043487, Emax=81.34536279
realization 32 / 300 ... accepted 32. Emin=-25.15337863, Emax=38.02624330
realization 33 / 300 ... accepted 33. Emin=5.59263331, Emax=82.96344677
realization 34 / 300 ... accepted 34. Emin=-20.97384380, Emax=24.58737752
realization 35 / 300 ... accepted 35. Emin=-25.36344019, Emax=54.80614746
realization 36 / 300 ... accepted 36. Emin=13.52517183, Emax=91.49187006
realization 37 / 300 ... accepted 37. Emin=-30.27108874, Emax=36.55943111
realization 38 / 300 ... accepted 38. Emin=-18.16372348, Emax=42.44530090
realization 39 / 300 ... accepted 39. Emin=-53.68929814, Emax=-12.11143729
realization 40 / 300 ... accepted 40. Emin=-54.80999463, Emax=52.68424816
realization 41 / 300 ... accepted 41. Emin=25.31728375, Emax=96.21147489
realization 42 / 300 ... accepted 42. Emin=-11.00630268, Emax=57.73750048
realization 43 / 300 ... accepted 43. Emin=-5.47840814, Emax=68.76786741
realization 44 / 300 ... accepted 44. Emin=26.58975845, Emax=91.93822607
realization 45 / 300 ... accepted 45. Emin=-21.86255526, Emax=61.53190175
realization 46 / 300 ... accepted 46. Emin=-28.39816411, Emax=44.01459521
realization 47 / 300 ... accepted 47. Emin=-30.38368799, Emax=64.33127876
realization 48 / 300 ... accepted 48. Emin=-8.35828569, Emax=76.26125774
realization 49 / 300 ... accepted 49. Emin=-17.40787937, Emax=45.87073136
realization 50 / 300 ... accepted 50. Emin=2.32432189, Emax=80.12436642
realization 51 / 300 ... accepted 51. Emin=-19.38140530, Emax=48.53834140
realization 52 / 300 ... accepted 52. Emin=3.47395810, Emax=83.72431625
realization 53 / 300 ... accepted 53. Emin=-38.73726107, Emax=57.23903958
realization 54 / 300 ... accepted 54. Emin=11.26374328, Emax=73.46177934
realization 55 / 300 ... accepted 55. Emin=-26.54449144, Emax=83.48946640
realization 56 / 300 ... accepted 56. Emin=-3.36581639, Emax=53.44418646
realization 57 / 300 ... accepted 57. Emin=-32.93699065, Emax=35.30249262
realization 58 / 300 ... accepted 58. Emin=-2.32686469, Emax=56.34337208
realization 59 / 300 ... accepted 59. Emin=-31.23103887, Emax=31.05448153
realization 60 / 300 ... accepted 60. Emin=-44.09171606, Emax=62.34231509
realization 61 / 300 ... accepted 61. Emin=-34.46124883, Emax=56.45982155
realization 62 / 300 ... accepted 62. Emin=-36.76605898, Emax=12.83808989
realization 63 / 300 ... accepted 63. Emin=-17.84011827, Emax=81.04042672
realization 64 / 300 ... accepted 64. Emin=-25.44992761, Emax=84.72630382
realization 65 / 300 ... accepted 65. Emin=-4.80048359, Emax=66.35704996
realization 66 / 300 ... accepted 66. Emin=-17.53832057, Emax=72.37311461
realization 67 / 300 ... accepted 67. Emin=2.44900347, Emax=76.27926524
realization 68 / 300 ... accepted 68. Emin=-14.57358294, Emax=69.18812186
realization 69 / 300 ... accepted 69. Emin=-13.92511072, Emax=63.02991657
realization 70 / 300 ... accepted 70. Emin=-16.22449907, Emax=60.53247096
realization 71 / 300 ... accepted 71. Emin=-50.41847678, Emax=48.89228900
realization 72 / 300 ... accepted 72. Emin=-5.99786096, Emax=62.38049107
realization 73 / 300 ... accepted 73. Emin=-36.03991159, Emax=61.58831381
realization 74 / 300 ... accepted 74. Emin=-30.10854110, Emax=33.64321814
realization 75 / 300 ... accepted 75. Emin=-12.85628070, Emax=69.92846273
realization 76 / 300 ... accepted 76. Emin=-22.74820799, Emax=80.00024784
realization 77 / 300 ... accepted 77. Emin=11.73840581, Emax=74.44150793
realization 78 / 300 ... accepted 78. Emin=-24.10952958, Emax=72.87172305
realization 79 / 300 ... accepted 79. Emin=-30.92347164, Emax=20.46941290
realization 80 / 300 ... accepted 80. Emin=12.62464482, Emax=81.90788885
realization 81 / 300 ... accepted 81. Emin=-9.33700596, Emax=50.31430017
realization 82 / 300 ... accepted 82. Emin=-15.52596128, Emax=77.18288792
realization 83 / 300 ... accepted 83. Emin=-16.83279640, Emax=62.90601182
realization 84 / 300 ... accepted 84. Emin=-11.03452338, Emax=63.43494555
realization 85 / 300 ... accepted 85. Emin=-28.41387554, Emax=42.70307977
realization 86 / 300 ... accepted 86. Emin=-2.64657534, Emax=73.94642922
realization 87 / 300 ... accepted 87. Emin=-36.99558962, Emax=45.53804308
realization 88 / 300 ... accepted 88. Emin=-19.46691378, Emax=67.70693157
realization 89 / 300 ... accepted 89. Emin=-33.97555048, Emax=38.29005590
realization 90 / 300 ... accepted 90. Emin=6.95033824, Emax=70.71951856
realization 91 / 300 ... accepted 91. Emin=26.47395662, Emax=91.84490000
realization 92 / 300 ... accepted 92. Emin=-21.69180698, Emax=51.10235082
realization 93 / 300 ... accepted 93. Emin=-27.35844694, Emax=70.85010372
realization 94 / 300 ... accepted 94. Emin=-36.77626844, Emax=50.77654973
realization 95 / 300 ... accepted 95. Emin=-19.00012153, Emax=68.42085904
realization 96 / 300 ... accepted 96. Emin=-6.91446452, Emax=62.74577395
realization 97 / 300 ... accepted 97. Emin=24.88894604, Emax=73.33433964
realization 98 / 300 ... accepted 98. Emin=-15.06467499, Emax=66.64496617
realization 99 / 300 ... accepted 99. Emin=-14.13864018, Emax=78.07115796
realization 100 / 300 ... accepted 100. Emin=-42.18191618, Emax=56.87714980
realization 101 / 300 ... accepted 101. Emin=-40.72577992, Emax=3.76263821
realization 102 / 300 ... accepted 102. Emin=-6.01874130, Emax=63.34019192
realization 103 / 300 ... accepted 103. Emin=0.00556544, Emax=78.83628256
realization 104 / 300 ... accepted 104. Emin=14.90196115, Emax=83.86364604
realization 105 / 300 ... accepted 105. Emin=-27.28816890, Emax=34.90364298
realization 106 / 300 ... accepted 106. Emin=0.89155237, Emax=90.34435620
realization 107 / 300 ... accepted 107. Emin=-7.77661949, Emax=81.56957233
realization 108 / 300 ... accepted 108. Emin=-18.85409614, Emax=68.64325180
realization 109 / 300 ... accepted 109. Emin=-50.29446076, Emax=19.43357423
realization 110 / 300 ... accepted 110. Emin=-39.59807022, Emax=23.17105881
realization 111 / 300 ... accepted 111. Emin=-28.31165390, Emax=69.55176884
realization 112 / 300 ... accepted 112. Emin=-9.14711488, Emax=82.09430444
realization 113 / 300 ... accepted 113. Emin=-27.18397493, Emax=61.91971143
realization 114 / 300 ... accepted 114. Emin=17.26441870, Emax=90.89942952
realization 115 / 300 ... accepted 115. Emin=32.39877635, Emax=86.99338795
realization 116 / 300 ... accepted 116. Emin=13.17322344, Emax=80.82027043
realization 117 / 300 ... accepted 117. Emin=-45.94177401, Emax=12.42437717
realization 118 / 300 ... accepted 118. Emin=-13.42491972, Emax=70.76087918
realization 119 / 300 ... accepted 119. Emin=-23.47065347, Emax=69.22920793
realization 120 / 300 ... accepted 120. Emin=-41.30167543, Emax=61.97692395
realization 121 / 300 ... accepted 121. Emin=-18.99105470, Emax=51.47646636
realization 122 / 300 ... accepted 122. Emin=-35.73632104, Emax=30.02477080
realization 123 / 300 ... accepted 123. Emin=-14.16500537, Emax=77.75210924
realization 124 / 300 ... accepted 124. Emin=-30.55584746, Emax=65.23079945
realization 125 / 300 ... accepted 125. Emin=-34.53713467, Emax=51.13618158
realization 126 / 300 ... accepted 126. Emin=-21.36870240, Emax=59.26216834
realization 127 / 300 ... accepted 127. Emin=13.86246559, Emax=49.35133310
realization 128 / 300 ... accepted 128. Emin=8.12860394, Emax=64.70973294
realization 129 / 300 ... accepted 129. Emin=19.59722223, Emax=81.00793038
realization 130 / 300 ... accepted 130. Emin=-27.70684690, Emax=53.71858916
realization 131 / 300 ... accepted 131. Emin=-42.34311471, Emax=58.07033824
realization 132 / 300 ... accepted 132. Emin=-36.03484900, Emax=40.38057868
realization 133 / 300 ... accepted 133. Emin=-35.72339740, Emax=78.17483903
realization 134 / 300 ... accepted 134. Emin=-39.16911670, Emax=48.16158449
realization 135 / 300 ... accepted 135. Emin=-37.46997407, Emax=37.54129035
realization 136 / 300 ... accepted 136. Emin=-20.52061131, Emax=75.78221799
realization 137 / 300 ... accepted 137. Emin=-27.07146829, Emax=50.79637044
realization 138 / 300 ... accepted 138. Emin=-29.80275095, Emax=65.21219104
realization 139 / 300 ... accepted 139. Emin=-18.51478209, Emax=63.46546079
realization 140 / 300 ... accepted 140. Emin=-23.38113873, Emax=57.32143591
realization 141 / 300 ... accepted 141. Emin=-3.49017335, Emax=56.11484483
realization 142 / 300 ... accepted 142. Emin=-32.04465946, Emax=66.49271169
realization 143 / 300 ... accepted 143. Emin=-44.08164543, Emax=36.00710780
realization 144 / 300 ... accepted 144. Emin=-40.87511639, Emax=54.26571298
realization 145 / 300 ... accepted 145. Emin=-21.57071514, Emax=87.75523586
realization 146 / 300 ... accepted 146. Emin=0.19834078, Emax=64.92424354
realization 147 / 300 ... accepted 147. Emin=1.86354422, Emax=64.64079878
realization 148 / 300 ... accepted 148. Emin=31.61997798, Emax=81.36792565
realization 149 / 300 ... accepted 149. Emin=-40.84656229, Emax=59.35627900
realization 150 / 300 ... accepted 150. Emin=-22.53645269, Emax=43.92357629
realization 151 / 300 ... accepted 151. Emin=-17.19600554, Emax=71.15330012
realization 152 / 300 ... accepted 152. Emin=-30.45320756, Emax=47.89019586
realization 153 / 300 ... accepted 153. Emin=-12.84397686, Emax=77.28883918
realization 154 / 300 ... accepted 154. Emin=7.90200613, Emax=71.24272375
realization 155 / 300 ... accepted 155. Emin=-18.34034462, Emax=61.12483617
realization 156 / 300 ... accepted 156. Emin=-24.58226607, Emax=59.33317581
realization 157 / 300 ... accepted 157. Emin=-37.58453729, Emax=57.26370563
realization 158 / 300 ... accepted 158. Emin=15.43925292, Emax=82.37491872
realization 159 / 300 ... accepted 159. Emin=28.64466612, Emax=87.58489035
realization 160 / 300 ... accepted 160. Emin=-20.21721677, Emax=83.22621090
realization 161 / 300 ... accepted 161. Emin=11.63217089, Emax=62.32978727
realization 162 / 300 ... accepted 162. Emin=-9.87308760, Emax=78.27472360
realization 163 / 300 ... accepted 163. Emin=-32.78038183, Emax=38.32989418
realization 164 / 300 ... accepted 164. Emin=-2.93076790, Emax=47.29160326
realization 165 / 300 ... accepted 165. Emin=-38.16491936, Emax=31.36900981
realization 166 / 300 ... accepted 166. Emin=-50.03242011, Emax=20.82177279
realization 167 / 300 ... accepted 167. Emin=14.13171021, Emax=71.32491983
realization 168 / 300 ... accepted 168. Emin=-8.96823358, Emax=69.31890934
realization 169 / 300 ... accepted 169. Emin=-34.26389339, Emax=78.27679974
realization 170 / 300 ... accepted 170. Emin=-9.91228737, Emax=59.06917714
realization 171 / 300 ... accepted 171. Emin=2.76172524, Emax=66.99286271
realization 172 / 300 ... accepted 172. Emin=-16.42828783, Emax=74.46556397
realization 173 / 300 ... accepted 173. Emin=-37.53472175, Emax=74.77367680
realization 174 / 300 ... accepted 174. Emin=13.47003305, Emax=70.11312600
realization 175 / 300 ... accepted 175. Emin=1.20783255, Emax=64.79248193
realization 176 / 300 ... accepted 176. Emin=-39.18548422, Emax=59.04990432
realization 177 / 300 ... accepted 177. Emin=-16.74112968, Emax=78.82363314
realization 178 / 300 ... accepted 178. Emin=-38.00384571, Emax=17.42273281
realization 179 / 300 ... accepted 179. Emin=17.48655539, Emax=83.59975540
realization 180 / 300 ... accepted 180. Emin=-31.02396882, Emax=46.71209342
realization 181 / 300 ... accepted 181. Emin=-23.46169147, Emax=30.94058036
realization 182 / 300 ... accepted 182. Emin=10.60949988, Emax=81.41429241
realization 183 / 300 ... accepted 183. Emin=-49.24193588, Emax=52.33804953
realization 184 / 300 ... accepted 184. Emin=-12.82360834, Emax=57.40132826
realization 185 / 300 ... accepted 185. Emin=-4.53832389, Emax=84.82296691
realization 186 / 300 ... accepted 186. Emin=-38.38925463, Emax=28.95507378
realization 187 / 300 ... accepted 187. Emin=-10.63568217, Emax=63.34823670
realization 188 / 300 ... accepted 188. Emin=-6.07005624, Emax=68.40924867
realization 189 / 300 ... accepted 189. Emin=-14.92875974, Emax=82.26417277
realization 190 / 300 ... accepted 190. Emin=-13.00484457, Emax=81.50784184
realization 191 / 300 ... accepted 191. Emin=1.26081583, Emax=64.35090887
realization 192 / 300 ... accepted 192. Emin=-43.24037180, Emax=27.75680752
realization 193 / 300 ... accepted 193. Emin=15.01323049, Emax=81.95884899
realization 194 / 300 ... accepted 194. Emin=15.20448365, Emax=92.82868601
realization 195 / 300 ... accepted 195. Emin=-42.13211627, Emax=42.04794080
realization 196 / 300 ... accepted 196. Emin=-49.91192861, Emax=33.91740072
realization 197 / 300 ... accepted 197. Emin=-30.19340008, Emax=40.30471885
realization 198 / 300 ... accepted 198. Emin=-15.95350475, Emax=48.33959485
realization 199 / 300 ... accepted 199. Emin=17.96141761, Emax=80.75255368
realization 200 / 300 ... accepted 200. Emin=-13.08879531, Emax=68.45562500
realization 201 / 300 ... accepted 201. Emin=-10.27633756, Emax=67.08725935
realization 202 / 300 ... accepted 202. Emin=-11.77696454, Emax=64.47984280
realization 203 / 300 ... accepted 203. Emin=-0.11162540, Emax=58.70815558
realization 204 / 300 ... accepted 204. Emin=-36.48471781, Emax=36.36408590
realization 205 / 300 ... accepted 205. Emin=-29.41449755, Emax=48.51807174
realization 206 / 300 ... accepted 206. Emin=-38.82614867, Emax=61.45563544
realization 207 / 300 ... accepted 207. Emin=-49.05579357, Emax=35.63725847
realization 208 / 300 ... accepted 208. Emin=-53.37754539, Emax=10.79036914
realization 209 / 300 ... accepted 209. Emin=-37.20713095, Emax=66.81508698
realization 210 / 300 ... accepted 210. Emin=-9.99930323, Emax=63.75963560
realization 211 / 300 ... accepted 211. Emin=-26.90799060, Emax=42.42989729
realization 212 / 300 ... accepted 212. Emin=-48.58547030, Emax=37.58918955
realization 213 / 300 ... accepted 213. Emin=14.78035458, Emax=84.92065068
realization 214 / 300 ... accepted 214. Emin=-28.07251749, Emax=29.92920844
realization 215 / 300 ... accepted 215. Emin=-42.50719569, Emax=78.52222832
realization 216 / 300 ... accepted 216. Emin=-19.83615109, Emax=87.67628907
realization 217 / 300 ... accepted 217. Emin=-21.34712900, Emax=52.27209392
realization 218 / 300 ... accepted 218. Emin=-43.54607967, Emax=14.07171141
realization 219 / 300 ... accepted 219. Emin=-19.90335930, Emax=76.42475179
realization 220 / 300 ... accepted 220. Emin=-43.93988820, Emax=51.11333574
realization 221 / 300 ... accepted 221. Emin=-24.22706533, Emax=48.53679372
realization 222 / 300 ... accepted 222. Emin=-26.44199854, Emax=78.50420121
realization 223 / 300 ... accepted 223. Emin=-22.12337668, Emax=52.60756802
realization 224 / 300 ... accepted 224. Emin=-4.56532483, Emax=59.85505411
realization 225 / 300 ... accepted 225. Emin=-26.98809123, Emax=78.99478314
realization 226 / 300 ... accepted 226. Emin=-24.25168133, Emax=48.59242064
realization 227 / 300 ... accepted 227. Emin=-26.74354548, Emax=43.78363526
realization 228 / 300 ... accepted 228. Emin=-51.40765190, Emax=2.42521249
realization 229 / 300 ... accepted 229. Emin=-19.23503372, Emax=72.04315121
realization 230 / 300 ... accepted 230. Emin=-37.21846874, Emax=66.81555772
realization 231 / 300 ... accepted 231. Emin=12.10515140, Emax=84.92092334
realization 232 / 300 ... accepted 232. Emin=-33.86718371, Emax=28.24372145
realization 233 / 300 ... accepted 233. Emin=-26.85114987, Emax=38.45907727
realization 234 / 300 ... accepted 234. Emin=-8.32287221, Emax=52.28845326
realization 235 / 300 ... accepted 235. Emin=-22.49261859, Emax=53.13708290
realization 236 / 300 ... accepted 236. Emin=0.64969995, Emax=54.07018940
realization 237 / 300 ... accepted 237. Emin=-10.16143147, Emax=68.06108356
realization 238 / 300 ... accepted 238. Emin=-21.26745975, Emax=59.41736052
realization 239 / 300 ... accepted 239. Emin=-29.21715605, Emax=47.03797388
realization 240 / 300 ... accepted 240. Emin=-36.52786433, Emax=79.38555762
realization 241 / 300 ... accepted 241. Emin=-1.92861883, Emax=60.43510950
realization 242 / 300 ... accepted 242. Emin=-2.39210433, Emax=83.83122080
realization 243 / 300 ... accepted 243. Emin=17.42788645, Emax=70.13416771
realization 244 / 300 ... accepted 244. Emin=-25.86440966, Emax=38.86847198
realization 245 / 300 ... accepted 245. Emin=3.18555107, Emax=60.14791203
realization 246 / 300 ... accepted 246. Emin=-31.44735995, Emax=51.54921832
realization 247 / 300 ... accepted 247. Emin=-22.23942513, Emax=20.30310878
realization 248 / 300 ... accepted 248. Emin=-19.01909255, Emax=44.37046539
realization 249 / 300 ... accepted 249. Emin=-33.84418787, Emax=48.47940159
realization 250 / 300 ... accepted 250. Emin=-40.63262082, Emax=39.62003648
realization 251 / 300 ... accepted 251. Emin=-7.86109380, Emax=81.13788688
realization 252 / 300 ... accepted 252. Emin=29.14598198, Emax=72.98928211
realization 253 / 300 ... accepted 253. Emin=-24.64601322, Emax=61.22654020
realization 254 / 300 ... accepted 254. Emin=-16.23284872, Emax=65.51009355
realization 255 / 300 ... accepted 255. Emin=-20.53296905, Emax=77.46355217
realization 256 / 300 ... accepted 256. Emin=-46.32164362, Emax=53.68125382
realization 257 / 300 ... accepted 257. Emin=-29.28901539, Emax=40.34176306
realization 258 / 300 ... accepted 258. Emin=1.32540723, Emax=74.21991173
realization 259 / 300 ... accepted 259. Emin=-7.94367656, Emax=73.09289820
realization 260 / 300 ... accepted 260. Emin=7.20455539, Emax=89.96047296
realization 261 / 300 ... accepted 261. Emin=-37.05491512, Emax=52.41003306
realization 262 / 300 ... accepted 262. Emin=-29.49995339, Emax=42.34819469
realization 263 / 300 ... accepted 263. Emin=-39.66822632, Emax=90.35795660
realization 264 / 300 ... accepted 264. Emin=-6.14511194, Emax=57.81249584
realization 265 / 300 ... accepted 265. Emin=-30.47143742, Emax=57.44494516
realization 266 / 300 ... accepted 266. Emin=4.02677540, Emax=69.81547160
realization 267 / 300 ... accepted 267. Emin=-10.13554922, Emax=62.62983604
realization 268 / 300 ... accepted 268. Emin=-18.68967673, Emax=51.74336897
realization 269 / 300 ... accepted 269. Emin=0.60642077, Emax=72.93074511
realization 270 / 300 ... accepted 270. Emin=8.25440447, Emax=57.94572748
realization 271 / 300 ... accepted 271. Emin=-8.66190597, Emax=78.70757216
realization 272 / 300 ... accepted 272. Emin=-7.08174082, Emax=75.46381575
realization 273 / 300 ... accepted 273. Emin=-8.20144628, Emax=73.71309536
realization 274 / 300 ... accepted 274. Emin=-47.85523901, Emax=48.47238056
realization 275 / 300 ... accepted 275. Emin=-36.84975691, Emax=14.35883669
realization 276 / 300 ... accepted 276. Emin=-38.92300239, Emax=50.57286411
realization 277 / 300 ... accepted 277. Emin=-8.94316150, Emax=75.05643444
realization 278 / 300 ... accepted 278. Emin=-8.54598751, Emax=66.01339086
realization 279 / 300 ... accepted 279. Emin=-0.69536931, Emax=75.67370091
realization 280 / 300 ... accepted 280. Emin=36.20986750, Emax=88.54072954
realization 281 / 300 ... accepted 281. Emin=-32.92701644, Emax=21.07629674
realization 282 / 300 ... accepted 282. Emin=-13.01649024, Emax=66.51775635
realization 283 / 300 ... accepted 283. Emin=-20.14437022, Emax=62.98875849
realization 284 / 300 ... accepted 284. Emin=-29.38717251, Emax=59.97982106
realization 285 / 300 ... accepted 285. Emin=-10.58606095, Emax=92.50128871
realization 286 / 300 ... accepted 286. Emin=-26.53440465, Emax=54.60272781
realization 287 / 300 ... accepted 287. Emin=-21.28956443, Emax=62.03728711
realization 288 / 300 ... accepted 288. Emin=29.73031899, Emax=97.35073668
realization 289 / 300 ... accepted 289. Emin=-21.51799968, Emax=33.29884434
realization 290 / 300 ... accepted 290. Emin=-3.10266513, Emax=87.07747679
realization 291 / 300 ... accepted 291. Emin=-12.84309198, Emax=75.76084130
realization 292 / 300 ... accepted 292. Emin=23.47993269, Emax=77.18605892
realization 293 / 300 ... accepted 293. Emin=-14.41152255, Emax=69.75743555
realization 294 / 300 ... accepted 294. Emin=-25.92459421, Emax=28.38237186
realization 295 / 300 ... accepted 295. Emin=18.01775742, Emax=68.81497372
realization 296 / 300 ... accepted 296. Emin=-6.03749487, Emax=50.67363655
realization 297 / 300 ... accepted 297. Emin=41.47280082, Emax=91.59274452
realization 298 / 300 ... accepted 298. Emin=-25.37232168, Emax=46.50578279
realization 299 / 300 ... accepted 299. Emin=-25.66181460, Emax=58.95086670
realization 300 / 300 ... accepted 300. Emin=-37.53578846, Emax=33.54712076
Saved final energies: /home/2/kj405942/POLFED_bosons/pbs_bose_legacy_nmax2_periodic/data/U_4/W_13/L_6/N_6_nmax_2/boundary_periodic/energies_full_U4_L6_N6_nmax2_W13_boundaryperiodic_nreal300.txt
Accepted realizations: 300 / 300
Skipped realizations: 0
Job finished at Sun May 31 18:05:22 UTC 2026
