Job started on w21 at Sun May 31 18:03:45 UTC 2026
PBS_JOBID=7731349.kruk-host.ift-klaster.lan
PBS_O_WORKDIR=/home/2/kj405942/POLFED_bosons
Bose-Hubbard: L=6, N=6, nmax=2, dim=141
t=1, U=4, W=10, nreal=300, boundary=periodic, mode=full
Writing partial results to /home/2/kj405942/POLFED_bosons/pbs_bose_legacy_nmax2_periodic/data/U_4/W_10/L_6/N_6_nmax_2/boundary_periodic/energies_full_U4_L6_N6_nmax2_W10_boundaryperiodic_nreal300_partial.txt
realization 1 / 300 ... accepted 1. Emin=-28.79110413, Emax=25.84196258
realization 2 / 300 ... accepted 2. Emin=-14.12967949, Emax=60.48736747
realization 3 / 300 ... accepted 3. Emin=-28.70635570, Emax=45.33741114
realization 4 / 300 ... accepted 4. Emin=-19.32829028, Emax=27.06963976
realization 5 / 300 ... accepted 5. Emin=-13.23792477, Emax=43.42147690
realization 6 / 300 ... accepted 6. Emin=-5.17595688, Emax=47.79587609
realization 7 / 300 ... accepted 7. Emin=-17.30220869, Emax=50.59655887
realization 8 / 300 ... accepted 8. Emin=-12.04787154, Emax=24.24129626
realization 9 / 300 ... accepted 9. Emin=-33.36925770, Emax=45.49990279
realization 10 / 300 ... accepted 10. Emin=9.53145642, Emax=58.55834620
realization 11 / 300 ... accepted 11. Emin=25.20155300, Emax=70.20081272
realization 12 / 300 ... accepted 12. Emin=-5.04138667, Emax=37.75977291
realization 13 / 300 ... accepted 13. Emin=-5.45560887, Emax=80.34716447
realization 14 / 300 ... accepted 14. Emin=-29.95720149, Emax=34.87032821
realization 15 / 300 ... accepted 15. Emin=-15.59452016, Emax=51.49103687
realization 16 / 300 ... accepted 16. Emin=-8.32343584, Emax=58.21257920
realization 17 / 300 ... accepted 17. Emin=-6.49634934, Emax=55.92498741
realization 18 / 300 ... accepted 18. Emin=-31.03396595, Emax=72.07713756
realization 19 / 300 ... accepted 19. Emin=-7.35803732, Emax=61.40551350
realization 20 / 300 ... accepted 20. Emin=-16.49451153, Emax=47.30987723
realization 21 / 300 ... accepted 21. Emin=-19.28008632, Emax=72.79468756
realization 22 / 300 ... accepted 22. Emin=-9.80387811, Emax=63.71343896
realization 23 / 300 ... accepted 23. Emin=-7.34982011, Emax=53.33556586
realization 24 / 300 ... accepted 24. Emin=-15.01040791, Emax=45.86613348
realization 25 / 300 ... accepted 25. Emin=4.68869664, Emax=59.63223650
realization 26 / 300 ... accepted 26. Emin=16.52103600, Emax=62.71788868
realization 27 / 300 ... accepted 27. Emin=-2.16800877, Emax=73.60994080
realization 28 / 300 ... accepted 28. Emin=-11.21413587, Emax=51.15108064
realization 29 / 300 ... accepted 29. Emin=-15.41543165, Emax=35.17133260
realization 30 / 300 ... accepted 30. Emin=2.08316875, Emax=43.72639001
realization 31 / 300 ... accepted 31. Emin=-8.82995541, Emax=44.20223620
realization 32 / 300 ... accepted 32. Emin=-25.20716853, Emax=35.64195200
realization 33 / 300 ... accepted 33. Emin=-23.74523115, Emax=33.35923506
realization 34 / 300 ... accepted 34. Emin=-25.80301766, Emax=38.71444877
realization 35 / 300 ... accepted 35. Emin=12.75544932, Emax=69.68759022
realization 36 / 300 ... accepted 36. Emin=-18.79437610, Emax=56.26249892
realization 37 / 300 ... accepted 37. Emin=-9.30233923, Emax=40.11039619
realization 38 / 300 ... accepted 38. Emin=21.38276128, Emax=61.13499307
realization 39 / 300 ... accepted 39. Emin=-11.55440885, Emax=48.93210586
realization 40 / 300 ... accepted 40. Emin=-14.72877149, Emax=32.81971799
realization 41 / 300 ... accepted 41. Emin=-11.71636208, Emax=48.10244249
realization 42 / 300 ... accepted 42. Emin=28.45088215, Emax=75.62953044
realization 43 / 300 ... accepted 43. Emin=-18.14572494, Emax=37.27676998
realization 44 / 300 ... accepted 44. Emin=-9.21998372, Emax=47.02306641
realization 45 / 300 ... accepted 45. Emin=11.25822295, Emax=63.38698906
realization 46 / 300 ... accepted 46. Emin=4.14153544, Emax=63.02584972
realization 47 / 300 ... accepted 47. Emin=-15.00440868, Emax=69.29307725
realization 48 / 300 ... accepted 48. Emin=-27.73560599, Emax=45.20281591
realization 49 / 300 ... accepted 49. Emin=-14.43569508, Emax=32.11716995
realization 50 / 300 ... accepted 50. Emin=-21.01049213, Emax=38.65494377
realization 51 / 300 ... accepted 51. Emin=-26.07880865, Emax=30.83882662
realization 52 / 300 ... accepted 52. Emin=-12.36923441, Emax=57.46367257
realization 53 / 300 ... accepted 53. Emin=-6.00941027, Emax=29.50237996
realization 54 / 300 ... accepted 54. Emin=-27.69724038, Emax=42.93154279
realization 55 / 300 ... accepted 55. Emin=-16.86136002, Emax=67.71942755
realization 56 / 300 ... accepted 56. Emin=2.79326553, Emax=61.73417378
realization 57 / 300 ... accepted 57. Emin=-2.42116494, Emax=61.09911802
realization 58 / 300 ... accepted 58. Emin=14.57081409, Emax=62.19084629
realization 59 / 300 ... accepted 59. Emin=2.23505998, Emax=60.07371819
realization 60 / 300 ... accepted 60. Emin=-12.13187107, Emax=40.17582548
realization 61 / 300 ... accepted 61. Emin=-30.34958275, Emax=34.38153391
realization 62 / 300 ... accepted 62. Emin=-26.44147231, Emax=26.80856268
realization 63 / 300 ... accepted 63. Emin=-16.14388831, Emax=38.10480377
realization 64 / 300 ... accepted 64. Emin=14.24312025, Emax=65.93818500
realization 65 / 300 ... accepted 65. Emin=38.08656315, Emax=77.19102305
realization 66 / 300 ... accepted 66. Emin=8.00977692, Emax=71.75435511
realization 67 / 300 ... accepted 67. Emin=-17.22365958, Emax=44.83215655
realization 68 / 300 ... accepted 68. Emin=-10.46336345, Emax=52.04286659
realization 69 / 300 ... accepted 69. Emin=-8.06851415, Emax=57.42890847
realization 70 / 300 ... accepted 70. Emin=-9.69473302, Emax=50.79759186
realization 71 / 300 ... accepted 71. Emin=-17.33995079, Emax=45.92933527
realization 72 / 300 ... accepted 72. Emin=-3.01532329, Emax=51.05960443
realization 73 / 300 ... accepted 73. Emin=8.60283195, Emax=71.85549961
realization 74 / 300 ... accepted 74. Emin=-19.78158505, Emax=32.83778867
realization 75 / 300 ... accepted 75. Emin=-10.99667535, Emax=51.96712193
realization 76 / 300 ... accepted 76. Emin=2.08988347, Emax=45.44168827
realization 77 / 300 ... accepted 77. Emin=-3.45488946, Emax=61.08249888
realization 78 / 300 ... accepted 78. Emin=-4.41573745, Emax=46.08964013
realization 79 / 300 ... accepted 79. Emin=7.27405122, Emax=51.00042386
realization 80 / 300 ... accepted 80. Emin=-9.13324676, Emax=48.96673633
realization 81 / 300 ... accepted 81. Emin=-18.61921369, Emax=52.78030541
realization 82 / 300 ... accepted 82. Emin=-26.46087229, Emax=37.23211125
realization 83 / 300 ... accepted 83. Emin=2.13411418, Emax=48.27844004
realization 84 / 300 ... accepted 84. Emin=10.75477872, Emax=68.14653216
realization 85 / 300 ... accepted 85. Emin=-39.61932329, Emax=5.60999078
realization 86 / 300 ... accepted 86. Emin=-12.17433873, Emax=50.17755137
realization 87 / 300 ... accepted 87. Emin=12.64145058, Emax=72.41813215
realization 88 / 300 ... accepted 88. Emin=6.67562346, Emax=61.08293258
realization 89 / 300 ... accepted 89. Emin=8.14318438, Emax=74.84054165
realization 90 / 300 ... accepted 90. Emin=-14.99854361, Emax=63.49736290
realization 91 / 300 ... accepted 91. Emin=-5.99123624, Emax=65.39698618
realization 92 / 300 ... accepted 92. Emin=0.27809563, Emax=61.56188297
realization 93 / 300 ... accepted 93. Emin=-9.83876025, Emax=60.94028093
realization 94 / 300 ... accepted 94. Emin=-30.47776205, Emax=39.77621278
realization 95 / 300 ... accepted 95. Emin=-8.39780717, Emax=53.51518067
realization 96 / 300 ... accepted 96. Emin=-30.50567637, Emax=45.64215897
realization 97 / 300 ... accepted 97. Emin=-21.88748192, Emax=37.96717746
realization 98 / 300 ... accepted 98. Emin=-10.12873324, Emax=54.87088433
realization 99 / 300 ... accepted 99. Emin=-37.92037807, Emax=0.44368127
realization 100 / 300 ... accepted 100. Emin=-13.86731328, Emax=33.25015881
realization 101 / 300 ... accepted 101. Emin=-7.06927746, Emax=56.79446137
realization 102 / 300 ... accepted 102. Emin=-14.57137426, Emax=54.82121004
realization 103 / 300 ... accepted 103. Emin=-11.09077345, Emax=58.98736897
realization 104 / 300 ... accepted 104. Emin=-19.38993860, Emax=44.33127684
realization 105 / 300 ... accepted 105. Emin=-23.89898373, Emax=37.76882591
realization 106 / 300 ... accepted 106. Emin=-10.06398074, Emax=61.05171907
realization 107 / 300 ... accepted 107. Emin=-35.81266412, Emax=17.30031483
realization 108 / 300 ... accepted 108. Emin=-13.91113139, Emax=52.72756458
realization 109 / 300 ... accepted 109. Emin=-34.28339486, Emax=10.99143720
realization 110 / 300 ... accepted 110. Emin=-34.58502467, Emax=9.09802105
realization 111 / 300 ... accepted 111. Emin=5.04506281, Emax=60.05308662
realization 112 / 300 ... accepted 112. Emin=-22.75659688, Emax=76.99014297
realization 113 / 300 ... accepted 113. Emin=-1.02304127, Emax=42.30968076
realization 114 / 300 ... accepted 114. Emin=-17.12204675, Emax=39.84845927
realization 115 / 300 ... accepted 115. Emin=-41.25829586, Emax=33.97244054
realization 116 / 300 ... accepted 116. Emin=-14.38887338, Emax=61.02034862
realization 117 / 300 ... accepted 117. Emin=-12.60847744, Emax=52.76958282
realization 118 / 300 ... accepted 118. Emin=-21.08239269, Emax=70.26994512
realization 119 / 300 ... accepted 119. Emin=-16.51483060, Emax=47.25439811
realization 120 / 300 ... accepted 120. Emin=-8.24492719, Emax=49.15389392
realization 121 / 300 ... accepted 121. Emin=-8.77724307, Emax=63.23072812
realization 122 / 300 ... accepted 122. Emin=-11.21075553, Emax=41.91187396
realization 123 / 300 ... accepted 123. Emin=2.70224927, Emax=62.92091455
realization 124 / 300 ... accepted 124. Emin=1.43524407, Emax=56.81277379
realization 125 / 300 ... accepted 125. Emin=-0.90258064, Emax=72.24319136
realization 126 / 300 ... accepted 126. Emin=-7.61513274, Emax=45.80997188
realization 127 / 300 ... accepted 127. Emin=-23.73361609, Emax=52.41271772
realization 128 / 300 ... accepted 128. Emin=-20.69585542, Emax=36.79357707
realization 129 / 300 ... accepted 129. Emin=-25.86507526, Emax=22.09773921
realization 130 / 300 ... accepted 130. Emin=-25.60595464, Emax=36.13594817
realization 131 / 300 ... accepted 131. Emin=6.40091377, Emax=75.66333937
realization 132 / 300 ... accepted 132. Emin=-28.43211558, Emax=46.17811233
realization 133 / 300 ... accepted 133. Emin=1.33437216, Emax=68.00164972
realization 134 / 300 ... accepted 134. Emin=-27.98606317, Emax=77.64023965
realization 135 / 300 ... accepted 135. Emin=-2.70356688, Emax=61.40444335
realization 136 / 300 ... accepted 136. Emin=-20.16268945, Emax=71.75715745
realization 137 / 300 ... accepted 137. Emin=4.04574805, Emax=71.31744838
realization 138 / 300 ... accepted 138. Emin=-6.17759072, Emax=31.34009235
realization 139 / 300 ... accepted 139. Emin=-12.43861712, Emax=50.10111221
realization 140 / 300 ... accepted 140. Emin=0.54042678, Emax=53.33840629
realization 141 / 300 ... accepted 141. Emin=-20.68960353, Emax=44.48774031
realization 142 / 300 ... accepted 142. Emin=-18.26564276, Emax=50.67700504
realization 143 / 300 ... accepted 143. Emin=-8.55497713, Emax=66.75633718
realization 144 / 300 ... accepted 144. Emin=-18.87661815, Emax=45.19716367
realization 145 / 300 ... accepted 145. Emin=26.25465107, Emax=78.74528361
realization 146 / 300 ... accepted 146. Emin=-5.88883249, Emax=52.77528091
realization 147 / 300 ... accepted 147. Emin=-15.24592434, Emax=59.08249724
realization 148 / 300 ... accepted 148. Emin=0.68689774, Emax=59.16360187
realization 149 / 300 ... accepted 149. Emin=-21.00923627, Emax=31.84294193
realization 150 / 300 ... accepted 150. Emin=-7.45713454, Emax=51.18796720
realization 151 / 300 ... accepted 151. Emin=-36.85151100, Emax=42.87571180
realization 152 / 300 ... accepted 152. Emin=-0.33109412, Emax=52.40822988
realization 153 / 300 ... accepted 153. Emin=-32.37573151, Emax=38.23456195
realization 154 / 300 ... accepted 154. Emin=-8.70928572, Emax=54.12115954
realization 155 / 300 ... accepted 155. Emin=-20.01542498, Emax=53.23667371
realization 156 / 300 ... accepted 156. Emin=-11.35490320, Emax=70.20598899
realization 157 / 300 ... accepted 157. Emin=-33.86850019, Emax=36.10437764
realization 158 / 300 ... accepted 158. Emin=0.73360560, Emax=51.78423981
realization 159 / 300 ... accepted 159. Emin=-29.45980349, Emax=27.48929360
realization 160 / 300 ... accepted 160. Emin=-1.99432589, Emax=50.11647930
realization 161 / 300 ... accepted 161. Emin=34.55474898, Emax=74.03712163
realization 162 / 300 ... accepted 162. Emin=15.91064514, Emax=65.83592871
realization 163 / 300 ... accepted 163. Emin=-8.09594018, Emax=52.03256361
realization 164 / 300 ... accepted 164. Emin=-13.20586506, Emax=38.65471647
realization 165 / 300 ... accepted 165. Emin=-4.52903536, Emax=59.93933312
realization 166 / 300 ... accepted 166. Emin=2.62184640, Emax=59.05148628
realization 167 / 300 ... accepted 167. Emin=-6.24654230, Emax=54.65756359
realization 168 / 300 ... accepted 168. Emin=-29.31843451, Emax=26.37765598
realization 169 / 300 ... accepted 169. Emin=-30.68672593, Emax=18.13659045
realization 170 / 300 ... accepted 170. Emin=-19.02813513, Emax=48.25171169
realization 171 / 300 ... accepted 171. Emin=15.25331037, Emax=78.86056788
realization 172 / 300 ... accepted 172. Emin=2.72834731, Emax=73.03910593
realization 173 / 300 ... accepted 173. Emin=-38.95199010, Emax=3.95916408
realization 174 / 300 ... accepted 174. Emin=-21.64345101, Emax=29.38401758
realization 175 / 300 ... accepted 175. Emin=-1.96412625, Emax=64.12942620
realization 176 / 300 ... accepted 176. Emin=1.49815128, Emax=45.02343829
realization 177 / 300 ... accepted 177. Emin=-25.83365077, Emax=38.55745505
realization 178 / 300 ... accepted 178. Emin=-8.69300337, Emax=43.64677059
realization 179 / 300 ... accepted 179. Emin=-14.92515571, Emax=40.98241962
realization 180 / 300 ... accepted 180. Emin=-19.88094958, Emax=43.22687050
realization 181 / 300 ... accepted 181. Emin=11.87164622, Emax=63.21826388
realization 182 / 300 ... accepted 182. Emin=-30.29030636, Emax=20.15423636
realization 183 / 300 ... accepted 183. Emin=-16.37865403, Emax=24.64059999
realization 184 / 300 ... accepted 184. Emin=9.89275582, Emax=58.61473271
realization 185 / 300 ... accepted 185. Emin=-28.86854844, Emax=36.55801701
realization 186 / 300 ... accepted 186. Emin=-13.54798940, Emax=43.75865618
realization 187 / 300 ... accepted 187. Emin=33.81750585, Emax=77.86155907
realization 188 / 300 ... accepted 188. Emin=-27.27849009, Emax=52.22150557
realization 189 / 300 ... accepted 189. Emin=-15.48473292, Emax=56.57229277
realization 190 / 300 ... accepted 190. Emin=-13.05511477, Emax=31.93322962
realization 191 / 300 ... accepted 191. Emin=-17.18455793, Emax=50.20444819
realization 192 / 300 ... accepted 192. Emin=-0.50513512, Emax=61.35960511
realization 193 / 300 ... accepted 193. Emin=-25.18183613, Emax=48.47712910
realization 194 / 300 ... accepted 194. Emin=0.28386376, Emax=68.35497051
realization 195 / 300 ... accepted 195. Emin=10.43831444, Emax=71.21301733
realization 196 / 300 ... accepted 196. Emin=-30.79840004, Emax=40.43723003
realization 197 / 300 ... accepted 197. Emin=4.38155178, Emax=59.37488596
realization 198 / 300 ... accepted 198. Emin=-2.25659866, Emax=49.85060177
realization 199 / 300 ... accepted 199. Emin=-27.99806983, Emax=61.26412790
realization 200 / 300 ... accepted 200. Emin=-5.23241863, Emax=59.87606799
realization 201 / 300 ... accepted 201. Emin=-17.85702148, Emax=29.37433478
realization 202 / 300 ... accepted 202. Emin=8.06300465, Emax=65.79762008
realization 203 / 300 ... accepted 203. Emin=-11.01196852, Emax=51.27307860
realization 204 / 300 ... accepted 204. Emin=-23.00716148, Emax=63.65382458
realization 205 / 300 ... accepted 205. Emin=-23.18644765, Emax=41.97302351
realization 206 / 300 ... accepted 206. Emin=-8.98354844, Emax=53.74254512
realization 207 / 300 ... accepted 207. Emin=-27.45401273, Emax=56.31439156
realization 208 / 300 ... accepted 208. Emin=9.45452405, Emax=76.47989319
realization 209 / 300 ... accepted 209. Emin=2.40377431, Emax=59.04632934
realization 210 / 300 ... accepted 210. Emin=-19.79849488, Emax=49.77034914
realization 211 / 300 ... accepted 211. Emin=7.19965617, Emax=61.38949527
realization 212 / 300 ... accepted 212. Emin=-28.61887495, Emax=44.70541124
realization 213 / 300 ... accepted 213. Emin=-36.81958986, Emax=2.44944430
realization 214 / 300 ... accepted 214. Emin=-10.96797809, Emax=60.19368912
realization 215 / 300 ... accepted 215. Emin=-15.50128470, Emax=65.14691554
realization 216 / 300 ... accepted 216. Emin=-30.46919957, Emax=34.89255725
realization 217 / 300 ... accepted 217. Emin=-8.39180268, Emax=36.92778454
realization 218 / 300 ... accepted 218. Emin=-26.11051078, Emax=44.66557205
realization 219 / 300 ... accepted 219. Emin=-13.29224808, Emax=52.80654889
realization 220 / 300 ... accepted 220. Emin=-5.36460433, Emax=45.10534259
realization 221 / 300 ... accepted 221. Emin=-6.72352677, Emax=65.84409608
realization 222 / 300 ... accepted 222. Emin=13.03835166, Emax=54.59807849
realization 223 / 300 ... accepted 223. Emin=13.66743813, Emax=64.50022192
realization 224 / 300 ... accepted 224. Emin=-32.22285542, Emax=18.80212292
realization 225 / 300 ... accepted 225. Emin=3.68826089, Emax=58.88006198
realization 226 / 300 ... accepted 226. Emin=-17.64803496, Emax=61.69296829
realization 227 / 300 ... accepted 227. Emin=-2.84829553, Emax=38.03385356
realization 228 / 300 ... accepted 228. Emin=18.79029615, Emax=68.98810580
realization 229 / 300 ... accepted 229. Emin=-42.31559920, Emax=14.27137829
realization 230 / 300 ... accepted 230. Emin=0.92045842, Emax=68.39419886
realization 231 / 300 ... accepted 231. Emin=15.69563186, Emax=67.74052229
realization 232 / 300 ... accepted 232. Emin=-2.01918028, Emax=43.36695641
realization 233 / 300 ... accepted 233. Emin=-39.96085814, Emax=32.45381824
realization 234 / 300 ... accepted 234. Emin=-20.47817971, Emax=38.19240321
realization 235 / 300 ... accepted 235. Emin=-7.83219680, Emax=54.58292634
realization 236 / 300 ... accepted 236. Emin=-13.96010241, Emax=57.27186236
realization 237 / 300 ... accepted 237. Emin=-21.04122260, Emax=46.07980456
realization 238 / 300 ... accepted 238. Emin=-25.09903002, Emax=31.70963526
realization 239 / 300 ... accepted 239. Emin=5.56504686, Emax=67.67176877
realization 240 / 300 ... accepted 240. Emin=-28.48895943, Emax=38.00877131
realization 241 / 300 ... accepted 241. Emin=12.55675450, Emax=60.41683591
realization 242 / 300 ... accepted 242. Emin=10.60192805, Emax=69.34828956
realization 243 / 300 ... accepted 243. Emin=-26.84042409, Emax=46.34937292
realization 244 / 300 ... accepted 244. Emin=-13.86057461, Emax=37.45275242
realization 245 / 300 ... accepted 245. Emin=-12.83348044, Emax=50.27924266
realization 246 / 300 ... accepted 246. Emin=-11.84202655, Emax=42.61359564
realization 247 / 300 ... accepted 247. Emin=-14.52643029, Emax=36.28327178
realization 248 / 300 ... accepted 248. Emin=12.71796545, Emax=63.15236432
realization 249 / 300 ... accepted 249. Emin=-31.65593562, Emax=16.01710237
realization 250 / 300 ... accepted 250. Emin=6.18476797, Emax=69.06382655
realization 251 / 300 ... accepted 251. Emin=-22.00704233, Emax=39.12655033
realization 252 / 300 ... accepted 252. Emin=-9.94850267, Emax=43.50585551
realization 253 / 300 ... accepted 253. Emin=5.83218527, Emax=70.35070087
realization 254 / 300 ... accepted 254. Emin=12.16871039, Emax=73.69852254
realization 255 / 300 ... accepted 255. Emin=-18.55895363, Emax=42.20738165
realization 256 / 300 ... accepted 256. Emin=15.38838169, Emax=65.60208223
realization 257 / 300 ... accepted 257. Emin=-18.45439223, Emax=54.05222590
realization 258 / 300 ... accepted 258. Emin=-14.74282505, Emax=48.94227327
realization 259 / 300 ... accepted 259. Emin=-2.05945211, Emax=57.43790117
realization 260 / 300 ... accepted 260. Emin=-23.53246082, Emax=52.60452479
realization 261 / 300 ... accepted 261. Emin=-7.76560902, Emax=43.39881712
realization 262 / 300 ... accepted 262. Emin=-19.78111371, Emax=57.89538179
realization 263 / 300 ... accepted 263. Emin=-19.61057242, Emax=38.99508229
realization 264 / 300 ... accepted 264. Emin=-10.05430238, Emax=30.00428209
realization 265 / 300 ... accepted 265. Emin=-3.37725506, Emax=70.22983382
realization 266 / 300 ... accepted 266. Emin=-24.63348790, Emax=43.70281086
realization 267 / 300 ... accepted 267. Emin=-21.88639227, Emax=47.93969658
realization 268 / 300 ... accepted 268. Emin=15.92856166, Emax=67.94778560
realization 269 / 300 ... accepted 269. Emin=-22.93514514, Emax=53.50190898
realization 270 / 300 ... accepted 270. Emin=-23.60881440, Emax=13.55677564
realization 271 / 300 ... accepted 271. Emin=-38.05305160, Emax=13.86725436
realization 272 / 300 ... accepted 272. Emin=-25.64496370, Emax=48.03053497
realization 273 / 300 ... accepted 273. Emin=-24.24751657, Emax=43.55276429
realization 274 / 300 ... accepted 274. Emin=-10.70470046, Emax=40.56510527
realization 275 / 300 ... accepted 275. Emin=-20.79179238, Emax=36.39671612
realization 276 / 300 ... accepted 276. Emin=-7.53720451, Emax=34.07222043
realization 277 / 300 ... accepted 277. Emin=-13.39443625, Emax=74.77967170
realization 278 / 300 ... accepted 278. Emin=-24.59701378, Emax=56.30044357
realization 279 / 300 ... accepted 279. Emin=-3.81130272, Emax=62.83851645
realization 280 / 300 ... accepted 280. Emin=-26.01993985, Emax=37.40195180
realization 281 / 300 ... accepted 281. Emin=-20.19149544, Emax=37.65210338
realization 282 / 300 ... accepted 282. Emin=-41.18557419, Emax=17.70405911
realization 283 / 300 ... accepted 283. Emin=-3.36774350, Emax=41.45507462
realization 284 / 300 ... accepted 284. Emin=-3.40443642, Emax=60.93155999
realization 285 / 300 ... accepted 285. Emin=-3.19797900, Emax=59.30977172
realization 286 / 300 ... accepted 286. Emin=-22.56145667, Emax=47.52745528
realization 287 / 300 ... accepted 287. Emin=-17.11727135, Emax=64.71389266
realization 288 / 300 ... accepted 288. Emin=-27.62645800, Emax=54.24947802
realization 289 / 300 ... accepted 289. Emin=-9.54733322, Emax=51.60101641
realization 290 / 300 ... accepted 290. Emin=-5.70861624, Emax=55.17713186
realization 291 / 300 ... accepted 291. Emin=-3.96376863, Emax=51.73542678
realization 292 / 300 ... accepted 292. Emin=-21.72863151, Emax=41.46002567
realization 293 / 300 ... accepted 293. Emin=-35.22153804, Emax=19.86100826
realization 294 / 300 ... accepted 294. Emin=-36.55039688, Emax=23.81716862
realization 295 / 300 ... accepted 295. Emin=-10.66983572, Emax=56.67953060
realization 296 / 300 ... accepted 296. Emin=-35.98557065, Emax=30.78892160
realization 297 / 300 ... accepted 297. Emin=-12.41288012, Emax=48.79550844
realization 298 / 300 ... accepted 298. Emin=11.61705468, Emax=63.54150783
realization 299 / 300 ... accepted 299. Emin=11.66453517, Emax=71.43041319
realization 300 / 300 ... accepted 300. Emin=-24.97966262, Emax=41.17745840
Saved final energies: /home/2/kj405942/POLFED_bosons/pbs_bose_legacy_nmax2_periodic/data/U_4/W_10/L_6/N_6_nmax_2/boundary_periodic/energies_full_U4_L6_N6_nmax2_W10_boundaryperiodic_nreal300.txt
Accepted realizations: 300 / 300
Skipped realizations: 0
Job finished at Sun May 31 18:05:26 UTC 2026
