Job started on w20 at Sun May 31 17:56:45 UTC 2026
PBS_JOBID=7731348.kruk-host.ift-klaster.lan
PBS_O_WORKDIR=/home/2/kj405942/POLFED_bosons
Bose-Hubbard: L=6, N=6, nmax=2, dim=141
t=1, U=4, W=9, nreal=300, boundary=periodic, mode=full
Writing partial results to /home/2/kj405942/POLFED_bosons/pbs_bose_legacy_nmax2_periodic/data/U_4/W_9/L_6/N_6_nmax_2/boundary_periodic/energies_full_U4_L6_N6_nmax2_W9_boundaryperiodic_nreal300_partial.txt
realization 1 / 300 ... accepted 1. Emin=-22.01473703, Emax=27.72711139
realization 2 / 300 ... accepted 2. Emin=-4.41796720, Emax=53.58017354
realization 3 / 300 ... accepted 3. Emin=4.92305890, Emax=51.44705118
realization 4 / 300 ... accepted 4. Emin=-10.33448117, Emax=48.35164358
realization 5 / 300 ... accepted 5. Emin=-16.57193439, Emax=57.91546254
realization 6 / 300 ... accepted 6. Emin=8.12879823, Emax=61.97502846
realization 7 / 300 ... accepted 7. Emin=-2.50873168, Emax=71.87181855
realization 8 / 300 ... accepted 8. Emin=-0.79037177, Emax=47.79080455
realization 9 / 300 ... accepted 9. Emin=-19.59077698, Emax=33.42504513
realization 10 / 300 ... accepted 10. Emin=-12.93384674, Emax=57.65601278
realization 11 / 300 ... accepted 11. Emin=-25.22549153, Emax=51.53669082
realization 12 / 300 ... accepted 12. Emin=-12.59720225, Emax=44.32134701
realization 13 / 300 ... accepted 13. Emin=-24.26543841, Emax=13.58717123
realization 14 / 300 ... accepted 14. Emin=-15.51734178, Emax=55.61006936
realization 15 / 300 ... accepted 15. Emin=-25.52646797, Emax=57.45136869
realization 16 / 300 ... accepted 16. Emin=20.22336015, Emax=70.96248556
realization 17 / 300 ... accepted 17. Emin=-15.75743784, Emax=47.17027090
realization 18 / 300 ... accepted 18. Emin=-8.55385650, Emax=57.89223070
realization 19 / 300 ... accepted 19. Emin=-3.32474694, Emax=48.53395988
realization 20 / 300 ... accepted 20. Emin=-15.79661131, Emax=40.26136744
realization 21 / 300 ... accepted 21. Emin=-30.63075629, Emax=31.37998195
realization 22 / 300 ... accepted 22. Emin=-13.81819976, Emax=39.28961099
realization 23 / 300 ... accepted 23. Emin=-5.53903517, Emax=44.21960439
realization 24 / 300 ... accepted 24. Emin=-8.38856576, Emax=48.42001482
realization 25 / 300 ... accepted 25. Emin=1.13168206, Emax=60.47031660
realization 26 / 300 ... accepted 26. Emin=-2.78903385, Emax=56.91191045
realization 27 / 300 ... accepted 27. Emin=-22.22857003, Emax=42.76075726
realization 28 / 300 ... accepted 28. Emin=-14.38622481, Emax=40.33055040
realization 29 / 300 ... accepted 29. Emin=10.67721281, Emax=65.92075865
realization 30 / 300 ... accepted 30. Emin=-8.32802248, Emax=54.35358572
realization 31 / 300 ... accepted 31. Emin=-4.32744051, Emax=43.86004165
realization 32 / 300 ... accepted 32. Emin=-3.93636547, Emax=48.90552061
realization 33 / 300 ... accepted 33. Emin=3.73926600, Emax=47.62740994
realization 34 / 300 ... accepted 34. Emin=9.71804696, Emax=52.82573692
realization 35 / 300 ... accepted 35. Emin=-24.63276615, Emax=29.06924923
realization 36 / 300 ... accepted 36. Emin=3.15902310, Emax=59.78720351
realization 37 / 300 ... accepted 37. Emin=-12.24002354, Emax=49.91792010
realization 38 / 300 ... accepted 38. Emin=-9.42228604, Emax=63.76981864
realization 39 / 300 ... accepted 39. Emin=-14.95707713, Emax=36.32971456
realization 40 / 300 ... accepted 40. Emin=-1.27339211, Emax=56.33367376
realization 41 / 300 ... accepted 41. Emin=-19.66702142, Emax=48.10888687
realization 42 / 300 ... accepted 42. Emin=0.98282859, Emax=52.28443478
realization 43 / 300 ... accepted 43. Emin=-10.08211703, Emax=56.36178687
realization 44 / 300 ... accepted 44. Emin=-29.76672954, Emax=25.45929266
realization 45 / 300 ... accepted 45. Emin=-3.36149465, Emax=43.76419890
realization 46 / 300 ... accepted 46. Emin=-5.79035764, Emax=70.62907389
realization 47 / 300 ... accepted 47. Emin=-6.18347198, Emax=52.16963305
realization 48 / 300 ... accepted 48. Emin=13.19930235, Emax=64.48897453
realization 49 / 300 ... accepted 49. Emin=7.22538912, Emax=65.86971965
realization 50 / 300 ... accepted 50. Emin=-21.19692009, Emax=54.56349226
realization 51 / 300 ... accepted 51. Emin=-15.82226032, Emax=37.71594872
realization 52 / 300 ... accepted 52. Emin=-27.39726924, Emax=20.83268214
realization 53 / 300 ... accepted 53. Emin=-15.12899910, Emax=48.23841071
realization 54 / 300 ... accepted 54. Emin=-11.40134718, Emax=54.87344423
realization 55 / 300 ... accepted 55. Emin=-27.02152995, Emax=35.18431343
realization 56 / 300 ... accepted 56. Emin=3.83425797, Emax=53.80863187
realization 57 / 300 ... accepted 57. Emin=-22.53830885, Emax=19.03687788
realization 58 / 300 ... accepted 58. Emin=-41.79165770, Emax=14.09870505
realization 59 / 300 ... accepted 59. Emin=-34.98528471, Emax=12.29626229
realization 60 / 300 ... accepted 60. Emin=-27.36510734, Emax=33.83414566
realization 61 / 300 ... accepted 61. Emin=-13.96826596, Emax=37.39584205
realization 62 / 300 ... accepted 62. Emin=0.81791047, Emax=56.38308244
realization 63 / 300 ... accepted 63. Emin=-16.87773123, Emax=39.72044916
realization 64 / 300 ... accepted 64. Emin=-25.00439621, Emax=45.26503097
realization 65 / 300 ... accepted 65. Emin=-22.01600232, Emax=48.96485843
realization 66 / 300 ... accepted 66. Emin=6.38543883, Emax=57.30973252
realization 67 / 300 ... accepted 67. Emin=-5.54993720, Emax=62.02316236
realization 68 / 300 ... accepted 68. Emin=-1.79287466, Emax=60.27125336
realization 69 / 300 ... accepted 69. Emin=0.56200202, Emax=51.66962688
realization 70 / 300 ... accepted 70. Emin=-19.86198388, Emax=24.55281685
realization 71 / 300 ... accepted 71. Emin=-18.40085188, Emax=44.03888340
realization 72 / 300 ... accepted 72. Emin=-23.00443620, Emax=27.36463390
realization 73 / 300 ... accepted 73. Emin=-7.01355600, Emax=61.68154972
realization 74 / 300 ... accepted 74. Emin=-22.65743223, Emax=46.86534837
realization 75 / 300 ... accepted 75. Emin=-0.02044201, Emax=57.98847568
realization 76 / 300 ... accepted 76. Emin=13.56335315, Emax=61.09782900
realization 77 / 300 ... accepted 77. Emin=-23.17503654, Emax=30.07210875
realization 78 / 300 ... accepted 78. Emin=-20.99562652, Emax=35.52043477
realization 79 / 300 ... accepted 79. Emin=2.82757443, Emax=51.37144450
realization 80 / 300 ... accepted 80. Emin=-13.23867802, Emax=43.06527559
realization 81 / 300 ... accepted 81. Emin=14.17996939, Emax=68.96815955
realization 82 / 300 ... accepted 82. Emin=-13.29697561, Emax=46.06516403
realization 83 / 300 ... accepted 83. Emin=-9.34914377, Emax=42.02206137
realization 84 / 300 ... accepted 84. Emin=-14.21463276, Emax=45.36790663
realization 85 / 300 ... accepted 85. Emin=-14.69901768, Emax=48.56765342
realization 86 / 300 ... accepted 86. Emin=20.01196499, Emax=63.56524727
realization 87 / 300 ... accepted 87. Emin=0.57892494, Emax=53.55966547
realization 88 / 300 ... accepted 88. Emin=-13.05285694, Emax=55.24737854
realization 89 / 300 ... accepted 89. Emin=3.10050824, Emax=48.01485252
realization 90 / 300 ... accepted 90. Emin=-23.59533787, Emax=51.72445558
realization 91 / 300 ... accepted 91. Emin=1.05277840, Emax=51.73917254
realization 92 / 300 ... accepted 92. Emin=-7.06630863, Emax=32.82858084
realization 93 / 300 ... accepted 93. Emin=-6.77242203, Emax=60.21992018
realization 94 / 300 ... accepted 94. Emin=-10.89722404, Emax=61.46023526
realization 95 / 300 ... accepted 95. Emin=-26.75717422, Emax=43.54655954
realization 96 / 300 ... accepted 96. Emin=-7.57786653, Emax=54.40410356
realization 97 / 300 ... accepted 97. Emin=-4.17553664, Emax=34.86140195
realization 98 / 300 ... accepted 98. Emin=12.78151576, Emax=60.30771150
realization 99 / 300 ... accepted 99. Emin=-5.75618592, Emax=63.82917202
realization 100 / 300 ... accepted 100. Emin=-16.48514193, Emax=22.88074928
realization 101 / 300 ... accepted 101. Emin=-25.76005677, Emax=32.83085691
realization 102 / 300 ... accepted 102. Emin=-14.34657771, Emax=33.59059722
realization 103 / 300 ... accepted 103. Emin=-27.92835137, Emax=19.56942396
realization 104 / 300 ... accepted 104. Emin=-9.20466128, Emax=68.80781015
realization 105 / 300 ... accepted 105. Emin=-23.44806173, Emax=36.31140979
realization 106 / 300 ... accepted 106. Emin=-8.41744955, Emax=55.25087837
realization 107 / 300 ... accepted 107. Emin=-12.80443550, Emax=43.32754827
realization 108 / 300 ... accepted 108. Emin=3.77448702, Emax=54.43415522
realization 109 / 300 ... accepted 109. Emin=-24.02621413, Emax=26.37630686
realization 110 / 300 ... accepted 110. Emin=21.55904135, Emax=62.68444533
realization 111 / 300 ... accepted 111. Emin=-26.62989712, Emax=33.04308407
realization 112 / 300 ... accepted 112. Emin=-14.97502965, Emax=24.61238871
realization 113 / 300 ... accepted 113. Emin=-3.11594449, Emax=62.05646290
realization 114 / 300 ... accepted 114. Emin=-30.80492931, Emax=32.99867452
realization 115 / 300 ... accepted 115. Emin=-18.13970289, Emax=54.26889545
realization 116 / 300 ... accepted 116. Emin=9.02110426, Emax=62.58957215
realization 117 / 300 ... accepted 117. Emin=8.42368963, Emax=63.36537296
realization 118 / 300 ... accepted 118. Emin=-7.52922866, Emax=43.21194955
realization 119 / 300 ... accepted 119. Emin=8.51502736, Emax=72.92560821
realization 120 / 300 ... accepted 120. Emin=-4.47760387, Emax=47.26003924
realization 121 / 300 ... accepted 121. Emin=9.50614219, Emax=45.21700274
realization 122 / 300 ... accepted 122. Emin=-20.80743974, Emax=35.44037013
realization 123 / 300 ... accepted 123. Emin=-10.01035319, Emax=70.74425300
realization 124 / 300 ... accepted 124. Emin=-18.90805423, Emax=50.58270817
realization 125 / 300 ... accepted 125. Emin=-1.51935549, Emax=49.25892747
realization 126 / 300 ... accepted 126. Emin=-21.06832827, Emax=33.60946840
realization 127 / 300 ... accepted 127. Emin=-2.78240137, Emax=65.25476560
realization 128 / 300 ... accepted 128. Emin=3.10042529, Emax=57.79170898
realization 129 / 300 ... accepted 129. Emin=-9.49103585, Emax=57.47714325
realization 130 / 300 ... accepted 130. Emin=16.76673299, Emax=74.49363755
realization 131 / 300 ... accepted 131. Emin=-7.23665859, Emax=38.91252054
realization 132 / 300 ... accepted 132. Emin=6.76296970, Emax=62.62262360
realization 133 / 300 ... accepted 133. Emin=10.55932185, Emax=59.85804549
realization 134 / 300 ... accepted 134. Emin=-1.35005842, Emax=59.28310303
realization 135 / 300 ... accepted 135. Emin=-17.19507191, Emax=28.66519185
realization 136 / 300 ... accepted 136. Emin=-18.34388299, Emax=55.24205171
realization 137 / 300 ... accepted 137. Emin=3.29046242, Emax=70.59202636
realization 138 / 300 ... accepted 138. Emin=-18.27933486, Emax=52.35467089
realization 139 / 300 ... accepted 139. Emin=-27.04255185, Emax=34.50137803
realization 140 / 300 ... accepted 140. Emin=3.64611392, Emax=55.47351294
realization 141 / 300 ... accepted 141. Emin=-28.10834794, Emax=31.39829266
realization 142 / 300 ... accepted 142. Emin=-27.48025382, Emax=25.35548600
realization 143 / 300 ... accepted 143. Emin=-9.66371064, Emax=53.14827774
realization 144 / 300 ... accepted 144. Emin=-18.37538379, Emax=55.95182400
realization 145 / 300 ... accepted 145. Emin=-27.97542615, Emax=41.86612479
realization 146 / 300 ... accepted 146. Emin=-27.13023372, Emax=34.76583490
realization 147 / 300 ... accepted 147. Emin=-15.82230738, Emax=30.77737439
realization 148 / 300 ... accepted 148. Emin=-5.83419221, Emax=65.17234775
realization 149 / 300 ... accepted 149. Emin=-12.46488457, Emax=50.52937161
realization 150 / 300 ... accepted 150. Emin=-3.61247743, Emax=57.52066143
realization 151 / 300 ... accepted 151. Emin=-6.81633425, Emax=57.38286791
realization 152 / 300 ... accepted 152. Emin=-20.87176878, Emax=46.21369199
realization 153 / 300 ... accepted 153. Emin=-8.42854689, Emax=48.00761866
realization 154 / 300 ... accepted 154. Emin=-5.18910136, Emax=37.43106734
realization 155 / 300 ... accepted 155. Emin=-24.80252784, Emax=29.17764252
realization 156 / 300 ... accepted 156. Emin=-27.02214021, Emax=14.54165571
realization 157 / 300 ... accepted 157. Emin=-24.63527865, Emax=19.30347408
realization 158 / 300 ... accepted 158. Emin=-9.57038918, Emax=67.84432247
realization 159 / 300 ... accepted 159. Emin=4.24422628, Emax=60.08990030
realization 160 / 300 ... accepted 160. Emin=-14.26562231, Emax=42.98330927
realization 161 / 300 ... accepted 161. Emin=-7.20457816, Emax=47.29575038
realization 162 / 300 ... accepted 162. Emin=-11.61207574, Emax=56.70173470
realization 163 / 300 ... accepted 163. Emin=11.11305679, Emax=65.15784654
realization 164 / 300 ... accepted 164. Emin=-19.39653102, Emax=32.41449047
realization 165 / 300 ... accepted 165. Emin=-18.58509019, Emax=50.86758192
realization 166 / 300 ... accepted 166. Emin=2.37217045, Emax=64.24261530
realization 167 / 300 ... accepted 167. Emin=-27.11025028, Emax=59.10185069
realization 168 / 300 ... accepted 168. Emin=-15.13530295, Emax=38.74135199
realization 169 / 300 ... accepted 169. Emin=-17.77224635, Emax=40.62423602
realization 170 / 300 ... accepted 170. Emin=-0.38466756, Emax=51.29430778
realization 171 / 300 ... accepted 171. Emin=-9.46232267, Emax=44.44661389
realization 172 / 300 ... accepted 172. Emin=-22.80933903, Emax=44.50758196
realization 173 / 300 ... accepted 173. Emin=3.46365441, Emax=65.87050860
realization 174 / 300 ... accepted 174. Emin=-20.75970023, Emax=49.49462158
realization 175 / 300 ... accepted 175. Emin=-22.03065127, Emax=43.09219912
realization 176 / 300 ... accepted 176. Emin=3.20596407, Emax=59.80243063
realization 177 / 300 ... accepted 177. Emin=-0.81194962, Emax=49.93573498
realization 178 / 300 ... accepted 178. Emin=-1.06814511, Emax=66.84773904
realization 179 / 300 ... accepted 179. Emin=-3.36782064, Emax=54.30825289
realization 180 / 300 ... accepted 180. Emin=-18.78701010, Emax=45.77956658
realization 181 / 300 ... accepted 181. Emin=-17.41606566, Emax=40.89594449
realization 182 / 300 ... accepted 182. Emin=-5.19237584, Emax=45.22114750
realization 183 / 300 ... accepted 183. Emin=-26.25639352, Emax=17.21631954
realization 184 / 300 ... accepted 184. Emin=-18.24941037, Emax=42.54698218
realization 185 / 300 ... accepted 185. Emin=-5.07770315, Emax=50.94029935
realization 186 / 300 ... accepted 186. Emin=-15.56821564, Emax=52.47492802
realization 187 / 300 ... accepted 187. Emin=-13.13895510, Emax=58.61023451
realization 188 / 300 ... accepted 188. Emin=-0.81058446, Emax=47.15911714
realization 189 / 300 ... accepted 189. Emin=-24.46928945, Emax=41.33842928
realization 190 / 300 ... accepted 190. Emin=-14.66444761, Emax=61.47546116
realization 191 / 300 ... accepted 191. Emin=-10.21389432, Emax=54.24978807
realization 192 / 300 ... accepted 192. Emin=-28.96345368, Emax=40.05362442
realization 193 / 300 ... accepted 193. Emin=-5.33748509, Emax=37.59351131
realization 194 / 300 ... accepted 194. Emin=18.09396663, Emax=63.95449634
realization 195 / 300 ... accepted 195. Emin=-36.48177949, Emax=24.32227016
realization 196 / 300 ... accepted 196. Emin=-24.57123134, Emax=30.09293274
realization 197 / 300 ... accepted 197. Emin=-28.53531442, Emax=25.21561250
realization 198 / 300 ... accepted 198. Emin=-7.79476140, Emax=59.82396351
realization 199 / 300 ... accepted 199. Emin=-19.85556538, Emax=36.89761109
realization 200 / 300 ... accepted 200. Emin=-14.82278482, Emax=50.87422827
realization 201 / 300 ... accepted 201. Emin=6.88569755, Emax=52.74813175
realization 202 / 300 ... accepted 202. Emin=-5.07058049, Emax=50.72367201
realization 203 / 300 ... accepted 203. Emin=4.56677565, Emax=61.71868415
realization 204 / 300 ... accepted 204. Emin=-4.40905397, Emax=45.89883868
realization 205 / 300 ... accepted 205. Emin=-11.94215939, Emax=49.56831528
realization 206 / 300 ... accepted 206. Emin=-17.17042524, Emax=55.65630975
realization 207 / 300 ... accepted 207. Emin=-14.36002560, Emax=55.07997264
realization 208 / 300 ... accepted 208. Emin=-24.77202192, Emax=36.91249990
realization 209 / 300 ... accepted 209. Emin=-0.63923920, Emax=40.54408170
realization 210 / 300 ... accepted 210. Emin=2.66338775, Emax=59.95000786
realization 211 / 300 ... accepted 211. Emin=-17.94898118, Emax=51.95866618
realization 212 / 300 ... accepted 212. Emin=-11.92034226, Emax=45.44360139
realization 213 / 300 ... accepted 213. Emin=10.55534042, Emax=67.45959605
realization 214 / 300 ... accepted 214. Emin=-4.60637433, Emax=49.65210579
realization 215 / 300 ... accepted 215. Emin=-4.76973297, Emax=62.54830178
realization 216 / 300 ... accepted 216. Emin=-5.02296255, Emax=48.27469622
realization 217 / 300 ... accepted 217. Emin=-1.04595027, Emax=51.15991201
realization 218 / 300 ... accepted 218. Emin=-16.11788709, Emax=35.86635173
realization 219 / 300 ... accepted 219. Emin=-26.98053399, Emax=25.87217190
realization 220 / 300 ... accepted 220. Emin=-17.57202988, Emax=37.94996409
realization 221 / 300 ... accepted 221. Emin=-0.72084902, Emax=53.21095948
realization 222 / 300 ... accepted 222. Emin=-27.11214458, Emax=20.59483593
realization 223 / 300 ... accepted 223. Emin=-6.17036037, Emax=56.08473510
realization 224 / 300 ... accepted 224. Emin=-30.64892285, Emax=22.30895590
realization 225 / 300 ... accepted 225. Emin=-19.47533363, Emax=51.53801303
realization 226 / 300 ... accepted 226. Emin=-24.04049001, Emax=21.85574982
realization 227 / 300 ... accepted 227. Emin=-11.70201836, Emax=56.81350738
realization 228 / 300 ... accepted 228. Emin=-17.75009402, Emax=49.43691128
realization 229 / 300 ... accepted 229. Emin=-21.57193048, Emax=49.75363929
realization 230 / 300 ... accepted 230. Emin=-18.45539004, Emax=46.88066442
realization 231 / 300 ... accepted 231. Emin=-14.72491032, Emax=39.05080697
realization 232 / 300 ... accepted 232. Emin=-19.73735525, Emax=32.78618108
realization 233 / 300 ... accepted 233. Emin=3.79466163, Emax=53.48565518
realization 234 / 300 ... accepted 234. Emin=5.48213574, Emax=67.80007359
realization 235 / 300 ... accepted 235. Emin=19.93835375, Emax=64.59644810
realization 236 / 300 ... accepted 236. Emin=6.80066459, Emax=60.24932192
realization 237 / 300 ... accepted 237. Emin=15.86379453, Emax=64.95847774
realization 238 / 300 ... accepted 238. Emin=5.28743905, Emax=60.21282049
realization 239 / 300 ... accepted 239. Emin=-33.35178314, Emax=27.60833582
realization 240 / 300 ... accepted 240. Emin=-13.83655699, Emax=55.17584000
realization 241 / 300 ... accepted 241. Emin=5.25163766, Emax=58.33509577
realization 242 / 300 ... accepted 242. Emin=-5.51495002, Emax=47.96876810
realization 243 / 300 ... accepted 243. Emin=-14.45780323, Emax=61.34680750
realization 244 / 300 ... accepted 244. Emin=4.73077036, Emax=59.74439334
realization 245 / 300 ... accepted 245. Emin=-26.44539232, Emax=40.98751398
realization 246 / 300 ... accepted 246. Emin=-7.25183256, Emax=49.85389433
realization 247 / 300 ... accepted 247. Emin=-2.97487945, Emax=52.10310372
realization 248 / 300 ... accepted 248. Emin=-23.21261382, Emax=34.28333728
realization 249 / 300 ... accepted 249. Emin=-3.26674990, Emax=57.47567503
realization 250 / 300 ... accepted 250. Emin=9.79282058, Emax=68.74870384
realization 251 / 300 ... accepted 251. Emin=20.00155846, Emax=61.48757982
realization 252 / 300 ... accepted 252. Emin=-10.69587127, Emax=38.13174830
realization 253 / 300 ... accepted 253. Emin=15.43339305, Emax=57.85987777
realization 254 / 300 ... accepted 254. Emin=-7.35598658, Emax=32.62005043
realization 255 / 300 ... accepted 255. Emin=-1.03853828, Emax=43.86422993
realization 256 / 300 ... accepted 256. Emin=-26.21283900, Emax=27.85247155
realization 257 / 300 ... accepted 257. Emin=-1.99922403, Emax=54.62945206
realization 258 / 300 ... accepted 258. Emin=5.95404855, Emax=56.27310770
realization 259 / 300 ... accepted 259. Emin=-6.70126637, Emax=41.01595355
realization 260 / 300 ... accepted 260. Emin=-8.89119440, Emax=38.55748578
realization 261 / 300 ... accepted 261. Emin=-3.81475741, Emax=55.27813508
realization 262 / 300 ... accepted 262. Emin=13.20795499, Emax=54.71372862
realization 263 / 300 ... accepted 263. Emin=-3.99647950, Emax=54.41164638
realization 264 / 300 ... accepted 264. Emin=-14.82888962, Emax=43.16219384
realization 265 / 300 ... accepted 265. Emin=8.06272126, Emax=60.10291257
realization 266 / 300 ... accepted 266. Emin=-16.14338205, Emax=47.02611940
realization 267 / 300 ... accepted 267. Emin=-8.30528531, Emax=39.19376959
realization 268 / 300 ... accepted 268. Emin=-18.37147023, Emax=56.02974302
realization 269 / 300 ... accepted 269. Emin=8.46025345, Emax=67.64689188
realization 270 / 300 ... accepted 270. Emin=-30.84532715, Emax=20.26108576
realization 271 / 300 ... accepted 271. Emin=-14.81726993, Emax=57.30708624
realization 272 / 300 ... accepted 272. Emin=18.20774087, Emax=65.79123481
realization 273 / 300 ... accepted 273. Emin=3.73194823, Emax=68.73790359
realization 274 / 300 ... accepted 274. Emin=-18.81779100, Emax=51.22005110
realization 275 / 300 ... accepted 275. Emin=-9.31094443, Emax=47.08072959
realization 276 / 300 ... accepted 276. Emin=4.26169843, Emax=55.87355655
realization 277 / 300 ... accepted 277. Emin=-19.67392224, Emax=48.72858142
realization 278 / 300 ... accepted 278. Emin=27.24438314, Emax=68.14372498
realization 279 / 300 ... accepted 279. Emin=0.33921374, Emax=38.76212547
realization 280 / 300 ... accepted 280. Emin=-8.69000756, Emax=40.23451904
realization 281 / 300 ... accepted 281. Emin=10.50121678, Emax=58.59398980
realization 282 / 300 ... accepted 282. Emin=-6.51921795, Emax=51.82161982
realization 283 / 300 ... accepted 283. Emin=-1.28886078, Emax=50.42330393
realization 284 / 300 ... accepted 284. Emin=3.46321093, Emax=63.93130861
realization 285 / 300 ... accepted 285. Emin=-19.75315378, Emax=41.08571898
realization 286 / 300 ... accepted 286. Emin=-36.91604384, Emax=9.94532707
realization 287 / 300 ... accepted 287. Emin=-16.90840241, Emax=41.43950443
realization 288 / 300 ... accepted 288. Emin=-15.40080882, Emax=48.80710349
realization 289 / 300 ... accepted 289. Emin=-11.28025274, Emax=55.54567014
realization 290 / 300 ... accepted 290. Emin=-20.75048604, Emax=54.61016734
realization 291 / 300 ... accepted 291. Emin=-8.17373946, Emax=47.26975906
realization 292 / 300 ... accepted 292. Emin=-31.08418068, Emax=19.63758668
realization 293 / 300 ... accepted 293. Emin=24.69229562, Emax=66.55617507
realization 294 / 300 ... accepted 294. Emin=0.12772640, Emax=66.19369515
realization 295 / 300 ... accepted 295. Emin=-19.16342612, Emax=32.53026805
realization 296 / 300 ... accepted 296. Emin=-33.29956528, Emax=27.74201031
realization 297 / 300 ... accepted 297. Emin=-14.91858089, Emax=44.44002104
realization 298 / 300 ... accepted 298. Emin=10.55525881, Emax=71.52767824
realization 299 / 300 ... accepted 299. Emin=14.17400851, Emax=54.14224576
realization 300 / 300 ... accepted 300. Emin=-24.44446826, Emax=54.20002210
Saved final energies: /home/2/kj405942/POLFED_bosons/pbs_bose_legacy_nmax2_periodic/data/U_4/W_9/L_6/N_6_nmax_2/boundary_periodic/energies_full_U4_L6_N6_nmax2_W9_boundaryperiodic_nreal300.txt
Accepted realizations: 300 / 300
Skipped realizations: 0
Job finished at Sun May 31 17:58:16 UTC 2026
