Job started on w21 at Sun May 31 18:03:45 UTC 2026
PBS_JOBID=7731354.kruk-host.ift-klaster.lan
PBS_O_WORKDIR=/home/2/kj405942/POLFED_bosons
Bose-Hubbard: L=6, N=6, nmax=2, dim=141
t=1, U=4, W=15, nreal=300, boundary=periodic, mode=full
Writing partial results to /home/2/kj405942/POLFED_bosons/pbs_bose_legacy_nmax2_periodic/data/U_4/W_15/L_6/N_6_nmax_2/boundary_periodic/energies_full_U4_L6_N6_nmax2_W15_boundaryperiodic_nreal300_partial.txt
realization 1 / 300 ... accepted 1. Emin=8.35450861, Emax=93.82233244
realization 2 / 300 ... accepted 2. Emin=-49.40148656, Emax=11.10685336
realization 3 / 300 ... accepted 3. Emin=-29.96440660, Emax=77.16270230
realization 4 / 300 ... accepted 4. Emin=-17.79402157, Emax=93.25787253
realization 5 / 300 ... accepted 5. Emin=-4.79874834, Emax=36.29064826
realization 6 / 300 ... accepted 6. Emin=-43.56370496, Emax=61.45752303
realization 7 / 300 ... accepted 7. Emin=-30.75885794, Emax=70.65525830
realization 8 / 300 ... accepted 8. Emin=-5.85282704, Emax=93.83558951
realization 9 / 300 ... accepted 9. Emin=-62.11671587, Emax=23.22032373
realization 10 / 300 ... accepted 10. Emin=-41.78682838, Emax=63.32517451
realization 11 / 300 ... accepted 11. Emin=-59.74167182, Emax=14.24190014
realization 12 / 300 ... accepted 12. Emin=-7.03624579, Emax=61.41522426
realization 13 / 300 ... accepted 13. Emin=-0.50418768, Emax=84.16639094
realization 14 / 300 ... accepted 14. Emin=-15.18740458, Emax=47.92346975
realization 15 / 300 ... accepted 15. Emin=-2.22452467, Emax=77.40653383
realization 16 / 300 ... accepted 16. Emin=13.57496156, Emax=97.57161383
realization 17 / 300 ... accepted 17. Emin=-41.43626947, Emax=77.16223153
realization 18 / 300 ... accepted 18. Emin=-18.61049189, Emax=83.43630109
realization 19 / 300 ... accepted 19. Emin=-46.18432361, Emax=53.05869125
realization 20 / 300 ... accepted 20. Emin=2.39968038, Emax=100.67377620
realization 21 / 300 ... accepted 21. Emin=-5.55960465, Emax=81.94534897
realization 22 / 300 ... accepted 22. Emin=7.79310659, Emax=70.30161141
realization 23 / 300 ... accepted 23. Emin=-36.01546512, Emax=51.52180157
realization 24 / 300 ... accepted 24. Emin=-3.94573927, Emax=75.63361128
realization 25 / 300 ... accepted 25. Emin=-14.37095049, Emax=47.90810728
realization 26 / 300 ... accepted 26. Emin=54.47266616, Emax=100.92315718
realization 27 / 300 ... accepted 27. Emin=-60.74543669, Emax=-19.55764066
realization 28 / 300 ... accepted 28. Emin=5.36509451, Emax=73.99514497
realization 29 / 300 ... accepted 29. Emin=-36.54433778, Emax=97.01755102
realization 30 / 300 ... accepted 30. Emin=-8.96527427, Emax=63.80513663
realization 31 / 300 ... accepted 31. Emin=-36.43794771, Emax=56.87620923
realization 32 / 300 ... accepted 32. Emin=-60.65981999, Emax=54.97793202
realization 33 / 300 ... accepted 33. Emin=-9.79020340, Emax=91.09869857
realization 34 / 300 ... accepted 34. Emin=-18.45500264, Emax=36.33303266
realization 35 / 300 ... accepted 35. Emin=-39.96609318, Emax=67.17641762
realization 36 / 300 ... accepted 36. Emin=-39.90910300, Emax=29.37633719
realization 37 / 300 ... accepted 37. Emin=-62.02734320, Emax=60.39378156
realization 38 / 300 ... accepted 38. Emin=-51.78039111, Emax=-15.28486287
realization 39 / 300 ... accepted 39. Emin=40.29057487, Emax=109.33268357
realization 40 / 300 ... accepted 40. Emin=-29.49754834, Emax=72.92188284
realization 41 / 300 ... accepted 41. Emin=-30.66149457, Emax=25.20660594
realization 42 / 300 ... accepted 42. Emin=-27.33334837, Emax=60.01832454
realization 43 / 300 ... accepted 43. Emin=-15.36369475, Emax=65.02982482
realization 44 / 300 ... accepted 44. Emin=2.58485334, Emax=86.22482671
realization 45 / 300 ... accepted 45. Emin=-43.44247847, Emax=24.33082909
realization 46 / 300 ... accepted 46. Emin=-22.54963551, Emax=70.74715201
realization 47 / 300 ... accepted 47. Emin=-6.09571239, Emax=65.78035540
realization 48 / 300 ... accepted 48. Emin=-43.06950354, Emax=16.37648716
realization 49 / 300 ... accepted 49. Emin=-32.69952144, Emax=24.55142370
realization 50 / 300 ... accepted 50. Emin=1.40635235, Emax=81.91232087
realization 51 / 300 ... accepted 51. Emin=-57.25229506, Emax=9.16956680
realization 52 / 300 ... accepted 52. Emin=-8.60361956, Emax=83.46889011
realization 53 / 300 ... accepted 53. Emin=18.82214110, Emax=95.12614682
realization 54 / 300 ... accepted 54. Emin=-47.88230109, Emax=22.90046786
realization 55 / 300 ... accepted 55. Emin=-1.13690036, Emax=72.58325241
realization 56 / 300 ... accepted 56. Emin=0.22105530, Emax=93.30987735
realization 57 / 300 ... accepted 57. Emin=-44.71502711, Emax=13.93851355
realization 58 / 300 ... accepted 58. Emin=-45.75702135, Emax=27.55483679
realization 59 / 300 ... accepted 59. Emin=-35.68594172, Emax=12.72103098
realization 60 / 300 ... accepted 60. Emin=-16.76331452, Emax=91.52730769
realization 61 / 300 ... accepted 61. Emin=-6.69788386, Emax=66.90943629
realization 62 / 300 ... accepted 62. Emin=-31.65715029, Emax=76.89619015
realization 63 / 300 ... accepted 63. Emin=-59.22502830, Emax=13.91116407
realization 64 / 300 ... accepted 64. Emin=11.80153427, Emax=91.99279460
realization 65 / 300 ... accepted 65. Emin=-43.66529307, Emax=37.48644978
realization 66 / 300 ... accepted 66. Emin=-29.49687763, Emax=7.88043857
realization 67 / 300 ... accepted 67. Emin=23.00003387, Emax=80.30916909
realization 68 / 300 ... accepted 68. Emin=0.64748067, Emax=88.20827136
realization 69 / 300 ... accepted 69. Emin=-57.98260246, Emax=16.68017544
realization 70 / 300 ... accepted 70. Emin=-60.20863963, Emax=32.81137261
realization 71 / 300 ... accepted 71. Emin=-50.69320088, Emax=30.94747288
realization 72 / 300 ... accepted 72. Emin=-10.49502953, Emax=88.17085636
realization 73 / 300 ... accepted 73. Emin=-51.13324170, Emax=46.50145233
realization 74 / 300 ... accepted 74. Emin=-60.28986889, Emax=8.40715659
realization 75 / 300 ... accepted 75. Emin=-32.99220546, Emax=91.76392287
realization 76 / 300 ... accepted 76. Emin=-6.08261108, Emax=74.86952832
realization 77 / 300 ... accepted 77. Emin=-21.20709731, Emax=71.68218672
realization 78 / 300 ... accepted 78. Emin=-18.33132020, Emax=64.32536762
realization 79 / 300 ... accepted 79. Emin=-27.90731061, Emax=31.91511365
realization 80 / 300 ... accepted 80. Emin=14.72691995, Emax=86.92131126
realization 81 / 300 ... accepted 81. Emin=-32.21270620, Emax=71.66763171
realization 82 / 300 ... accepted 82. Emin=-47.19355325, Emax=54.48703598
realization 83 / 300 ... accepted 83. Emin=-6.72771345, Emax=70.95447336
realization 84 / 300 ... accepted 84. Emin=-40.27885282, Emax=48.99314929
realization 85 / 300 ... accepted 85. Emin=-10.72895416, Emax=86.55224436
realization 86 / 300 ... accepted 86. Emin=-33.35899942, Emax=36.77182357
realization 87 / 300 ... accepted 87. Emin=3.88343190, Emax=93.03445022
realization 88 / 300 ... accepted 88. Emin=-29.59424694, Emax=54.29721390
realization 89 / 300 ... accepted 89. Emin=-31.40277771, Emax=48.03576781
realization 90 / 300 ... accepted 90. Emin=-14.91385280, Emax=82.96976353
realization 91 / 300 ... accepted 91. Emin=-30.25454432, Emax=41.35145616
realization 92 / 300 ... accepted 92. Emin=11.61676816, Emax=84.40266361
realization 93 / 300 ... accepted 93. Emin=-29.10275679, Emax=57.13545714
realization 94 / 300 ... accepted 94. Emin=54.10976578, Emax=107.76768655
realization 95 / 300 ... accepted 95. Emin=-35.80627226, Emax=42.86404630
realization 96 / 300 ... accepted 96. Emin=-43.59609011, Emax=12.78929188
realization 97 / 300 ... accepted 97. Emin=-20.38651389, Emax=97.07228576
realization 98 / 300 ... accepted 98. Emin=18.53715058, Emax=91.91422112
realization 99 / 300 ... accepted 99. Emin=-1.20161403, Emax=108.04722701
realization 100 / 300 ... accepted 100. Emin=-42.39765616, Emax=64.41390978
realization 101 / 300 ... accepted 101. Emin=-52.23288950, Emax=57.24447147
realization 102 / 300 ... accepted 102. Emin=-21.68210954, Emax=46.20031668
realization 103 / 300 ... accepted 103. Emin=-23.48477081, Emax=90.94591224
realization 104 / 300 ... accepted 104. Emin=-45.68053412, Emax=31.23268727
realization 105 / 300 ... accepted 105. Emin=-3.53970563, Emax=73.12919573
realization 106 / 300 ... accepted 106. Emin=-18.72279358, Emax=64.65433313
realization 107 / 300 ... accepted 107. Emin=-5.51987044, Emax=66.58150908
realization 108 / 300 ... accepted 108. Emin=-12.68743814, Emax=76.99404030
realization 109 / 300 ... accepted 109. Emin=5.82590736, Emax=91.82857821
realization 110 / 300 ... accepted 110. Emin=-30.39571200, Emax=71.17731442
realization 111 / 300 ... accepted 111. Emin=-51.43897267, Emax=75.50974332
realization 112 / 300 ... accepted 112. Emin=-23.32188667, Emax=50.77266158
realization 113 / 300 ... accepted 113. Emin=17.01269872, Emax=53.28685461
realization 114 / 300 ... accepted 114. Emin=-68.68917284, Emax=12.97200153
realization 115 / 300 ... accepted 115. Emin=-1.70468357, Emax=82.81255814
realization 116 / 300 ... accepted 116. Emin=-49.48486780, Emax=35.69566859
realization 117 / 300 ... accepted 117. Emin=-29.07882287, Emax=50.14789356
realization 118 / 300 ... accepted 118. Emin=-38.86701941, Emax=70.71722162
realization 119 / 300 ... accepted 119. Emin=17.38525394, Emax=84.17585461
realization 120 / 300 ... accepted 120. Emin=-13.08079508, Emax=62.23432961
realization 121 / 300 ... accepted 121. Emin=-19.12162643, Emax=70.73704511
realization 122 / 300 ... accepted 122. Emin=-29.49705798, Emax=81.40180990
realization 123 / 300 ... accepted 123. Emin=-4.58079694, Emax=74.05779160
realization 124 / 300 ... accepted 124. Emin=-3.17624959, Emax=53.98509390
realization 125 / 300 ... accepted 125. Emin=-20.89863025, Emax=49.52514266
realization 126 / 300 ... accepted 126. Emin=-10.36644516, Emax=67.23577550
realization 127 / 300 ... accepted 127. Emin=-75.10195574, Emax=-34.52245937
realization 128 / 300 ... accepted 128. Emin=-17.10654913, Emax=74.11623717
realization 129 / 300 ... accepted 129. Emin=-34.00330908, Emax=65.72685574
realization 130 / 300 ... accepted 130. Emin=-27.12564712, Emax=74.40961709
realization 131 / 300 ... accepted 131. Emin=-14.74922497, Emax=49.94748551
realization 132 / 300 ... accepted 132. Emin=-39.10893368, Emax=52.22595949
realization 133 / 300 ... accepted 133. Emin=25.43271199, Emax=99.92956338
realization 134 / 300 ... accepted 134. Emin=-53.34784919, Emax=36.54475846
realization 135 / 300 ... accepted 135. Emin=-13.65980309, Emax=60.01342645
realization 136 / 300 ... accepted 136. Emin=-24.57330117, Emax=54.37718474
realization 137 / 300 ... accepted 137. Emin=-36.94731821, Emax=48.77782800
realization 138 / 300 ... accepted 138. Emin=-18.95108697, Emax=66.21664057
realization 139 / 300 ... accepted 139. Emin=-21.70493719, Emax=87.65565199
realization 140 / 300 ... accepted 140. Emin=-12.65386300, Emax=62.39923729
realization 141 / 300 ... accepted 141. Emin=13.48120262, Emax=102.36678198
realization 142 / 300 ... accepted 142. Emin=-45.70543170, Emax=40.77612370
realization 143 / 300 ... accepted 143. Emin=-35.10728462, Emax=62.43224798
realization 144 / 300 ... accepted 144. Emin=-45.11547743, Emax=40.75975883
realization 145 / 300 ... accepted 145. Emin=9.54759264, Emax=84.73774457
realization 146 / 300 ... accepted 146. Emin=-8.74967396, Emax=85.04743427
realization 147 / 300 ... accepted 147. Emin=-40.16622892, Emax=74.91906562
realization 148 / 300 ... accepted 148. Emin=-42.35513277, Emax=43.29131609
realization 149 / 300 ... accepted 149. Emin=6.19703678, Emax=73.96612892
realization 150 / 300 ... accepted 150. Emin=-43.53513268, Emax=63.55609324
realization 151 / 300 ... accepted 151. Emin=-15.25234050, Emax=49.77196651
realization 152 / 300 ... accepted 152. Emin=-53.10190835, Emax=-1.91089540
realization 153 / 300 ... accepted 153. Emin=-60.45022548, Emax=102.12202606
realization 154 / 300 ... accepted 154. Emin=-1.60203329, Emax=86.11666089
realization 155 / 300 ... accepted 155. Emin=-61.17907838, Emax=-10.15130054
realization 156 / 300 ... accepted 156. Emin=-27.39600830, Emax=65.23603742
realization 157 / 300 ... accepted 157. Emin=-33.16609776, Emax=28.82102162
realization 158 / 300 ... accepted 158. Emin=-13.77249524, Emax=79.86107113
realization 159 / 300 ... accepted 159. Emin=-27.00395478, Emax=96.15615672
realization 160 / 300 ... accepted 160. Emin=17.11851680, Emax=78.74830430
realization 161 / 300 ... accepted 161. Emin=-11.04191799, Emax=64.25876370
realization 162 / 300 ... accepted 162. Emin=14.65558122, Emax=89.12475812
realization 163 / 300 ... accepted 163. Emin=-46.08050335, Emax=47.53823499
realization 164 / 300 ... accepted 164. Emin=-47.52423005, Emax=51.26179654
realization 165 / 300 ... accepted 165. Emin=-24.00770607, Emax=88.70787129
realization 166 / 300 ... accepted 166. Emin=-3.00829960, Emax=55.25084145
realization 167 / 300 ... accepted 167. Emin=-37.99440365, Emax=55.84509263
realization 168 / 300 ... accepted 168. Emin=-16.68392130, Emax=81.50094314
realization 169 / 300 ... accepted 169. Emin=-20.29787082, Emax=51.79929442
realization 170 / 300 ... accepted 170. Emin=-11.18421826, Emax=93.74223082
realization 171 / 300 ... accepted 171. Emin=-36.58584510, Emax=9.81254740
realization 172 / 300 ... accepted 172. Emin=-8.61641922, Emax=95.99503965
realization 173 / 300 ... accepted 173. Emin=1.88269462, Emax=56.36551929
realization 174 / 300 ... accepted 174. Emin=-29.91071697, Emax=78.55647566
realization 175 / 300 ... accepted 175. Emin=-20.96720383, Emax=88.94058002
realization 176 / 300 ... accepted 176. Emin=1.33426252, Emax=88.39100856
realization 177 / 300 ... accepted 177. Emin=-3.63323674, Emax=70.11817083
realization 178 / 300 ... accepted 178. Emin=11.93423608, Emax=106.57266152
realization 179 / 300 ... accepted 179. Emin=-43.24315828, Emax=7.76929519
realization 180 / 300 ... accepted 180. Emin=-34.28946043, Emax=61.49084260
realization 181 / 300 ... accepted 181. Emin=-32.31124431, Emax=37.27281293
realization 182 / 300 ... accepted 182. Emin=-27.20193595, Emax=38.27450730
realization 183 / 300 ... accepted 183. Emin=-25.18973181, Emax=33.93023297
realization 184 / 300 ... accepted 184. Emin=-16.32264116, Emax=75.16697516
realization 185 / 300 ... accepted 185. Emin=9.46425768, Emax=70.24385717
realization 186 / 300 ... accepted 186. Emin=-45.32815965, Emax=25.10436262
realization 187 / 300 ... accepted 187. Emin=-39.11135660, Emax=29.70702706
realization 188 / 300 ... accepted 188. Emin=-42.70310887, Emax=37.15868006
realization 189 / 300 ... accepted 189. Emin=5.39059853, Emax=90.32918553
realization 190 / 300 ... accepted 190. Emin=-31.83764174, Emax=94.81383892
realization 191 / 300 ... accepted 191. Emin=-3.99218950, Emax=89.22647139
realization 192 / 300 ... accepted 192. Emin=-28.52992711, Emax=41.70265018
realization 193 / 300 ... accepted 193. Emin=-21.24030580, Emax=46.50950151
realization 194 / 300 ... accepted 194. Emin=-16.91154691, Emax=67.63317256
realization 195 / 300 ... accepted 195. Emin=-0.51859924, Emax=78.43649401
realization 196 / 300 ... accepted 196. Emin=7.89107555, Emax=76.76005876
realization 197 / 300 ... accepted 197. Emin=-20.18288789, Emax=31.20972314
realization 198 / 300 ... accepted 198. Emin=-12.88147375, Emax=52.12612607
realization 199 / 300 ... accepted 199. Emin=-9.36706333, Emax=85.36988899
realization 200 / 300 ... accepted 200. Emin=-37.25608967, Emax=81.69437050
realization 201 / 300 ... accepted 201. Emin=-2.96282636, Emax=72.84329480
realization 202 / 300 ... accepted 202. Emin=-44.63993232, Emax=46.43054864
realization 203 / 300 ... accepted 203. Emin=11.36728078, Emax=100.53027466
realization 204 / 300 ... accepted 204. Emin=-28.87728817, Emax=47.92720074
realization 205 / 300 ... accepted 205. Emin=-43.69264747, Emax=19.30290698
realization 206 / 300 ... accepted 206. Emin=-34.25977368, Emax=40.09597988
realization 207 / 300 ... accepted 207. Emin=-35.37432493, Emax=53.05326909
realization 208 / 300 ... accepted 208. Emin=5.50258142, Emax=94.04224886
realization 209 / 300 ... accepted 209. Emin=-25.80672572, Emax=55.80851797
realization 210 / 300 ... accepted 210. Emin=-52.65097961, Emax=31.00765514
realization 211 / 300 ... accepted 211. Emin=-30.98170806, Emax=93.10308274
realization 212 / 300 ... accepted 212. Emin=6.14170043, Emax=71.45910754
realization 213 / 300 ... accepted 213. Emin=-62.65207689, Emax=32.40513416
realization 214 / 300 ... accepted 214. Emin=-39.92332946, Emax=73.09647939
realization 215 / 300 ... accepted 215. Emin=-23.55809292, Emax=64.80643377
realization 216 / 300 ... accepted 216. Emin=-41.82961603, Emax=42.40976305
realization 217 / 300 ... accepted 217. Emin=-38.61178442, Emax=31.36094698
realization 218 / 300 ... accepted 218. Emin=-17.63353527, Emax=48.43886699
realization 219 / 300 ... accepted 219. Emin=-49.22235811, Emax=32.72426368
realization 220 / 300 ... accepted 220. Emin=-31.60894288, Emax=59.86406596
realization 221 / 300 ... accepted 221. Emin=-41.87544593, Emax=40.46923149
realization 222 / 300 ... accepted 222. Emin=2.67805662, Emax=77.93194591
realization 223 / 300 ... accepted 223. Emin=10.51942540, Emax=67.92472985
realization 224 / 300 ... accepted 224. Emin=-27.90913346, Emax=59.90335727
realization 225 / 300 ... accepted 225. Emin=-39.28748319, Emax=47.25683177
realization 226 / 300 ... accepted 226. Emin=-15.55772878, Emax=69.46710874
realization 227 / 300 ... accepted 227. Emin=-15.16776334, Emax=76.32052230
realization 228 / 300 ... accepted 228. Emin=-8.26952810, Emax=55.09857181
realization 229 / 300 ... accepted 229. Emin=9.22928260, Emax=89.82421615
realization 230 / 300 ... accepted 230. Emin=22.16195959, Emax=74.77350691
realization 231 / 300 ... accepted 231. Emin=-46.13581152, Emax=45.13483144
realization 232 / 300 ... accepted 232. Emin=-17.33654914, Emax=81.67923343
realization 233 / 300 ... accepted 233. Emin=-9.67020941, Emax=53.66598624
realization 234 / 300 ... accepted 234. Emin=-15.98658060, Emax=41.56993764
realization 235 / 300 ... accepted 235. Emin=9.30442705, Emax=65.47433129
realization 236 / 300 ... accepted 236. Emin=-17.04952073, Emax=42.69696616
realization 237 / 300 ... accepted 237. Emin=-3.26982799, Emax=89.57552158
realization 238 / 300 ... accepted 238. Emin=44.21361329, Emax=105.66120669
realization 239 / 300 ... accepted 239. Emin=2.26782616, Emax=50.82811291
realization 240 / 300 ... accepted 240. Emin=-25.68250488, Emax=88.55753357
realization 241 / 300 ... accepted 241. Emin=-59.58630582, Emax=32.48139552
realization 242 / 300 ... accepted 242. Emin=-37.10808138, Emax=46.04501109
realization 243 / 300 ... accepted 243. Emin=-20.28095567, Emax=34.29104620
realization 244 / 300 ... accepted 244. Emin=10.17422715, Emax=91.87973279
realization 245 / 300 ... accepted 245. Emin=23.27305431, Emax=96.87476514
realization 246 / 300 ... accepted 246. Emin=-19.61895614, Emax=87.61680001
realization 247 / 300 ... accepted 247. Emin=5.46327294, Emax=68.45522287
realization 248 / 300 ... accepted 248. Emin=-46.56805322, Emax=52.22777416
realization 249 / 300 ... accepted 249. Emin=18.76738782, Emax=88.97867854
realization 250 / 300 ... accepted 250. Emin=-19.78470215, Emax=84.22510135
realization 251 / 300 ... accepted 251. Emin=28.86238655, Emax=89.11918368
realization 252 / 300 ... accepted 252. Emin=40.06324790, Emax=81.76274500
realization 253 / 300 ... accepted 253. Emin=-16.70080519, Emax=70.85561831
realization 254 / 300 ... accepted 254. Emin=-11.98871354, Emax=81.83832847
realization 255 / 300 ... accepted 255. Emin=-29.43019550, Emax=65.27816244
realization 256 / 300 ... accepted 256. Emin=-10.43887072, Emax=80.97806465
realization 257 / 300 ... accepted 257. Emin=14.16414270, Emax=100.42709848
realization 258 / 300 ... accepted 258. Emin=-54.23800463, Emax=41.17297752
realization 259 / 300 ... accepted 259. Emin=-8.73003253, Emax=70.37475721
realization 260 / 300 ... accepted 260. Emin=5.39550387, Emax=79.65222868
realization 261 / 300 ... accepted 261. Emin=-11.85400850, Emax=65.89526801
realization 262 / 300 ... accepted 262. Emin=-33.15358456, Emax=53.84994253
realization 263 / 300 ... accepted 263. Emin=-24.24329214, Emax=90.92313066
realization 264 / 300 ... accepted 264. Emin=-13.88408638, Emax=95.68051614
realization 265 / 300 ... accepted 265. Emin=27.44021656, Emax=78.78143981
realization 266 / 300 ... accepted 266. Emin=-25.92001814, Emax=74.25353075
realization 267 / 300 ... accepted 267. Emin=-4.45792054, Emax=88.67487783
realization 268 / 300 ... accepted 268. Emin=-48.81568772, Emax=77.93065373
realization 269 / 300 ... accepted 269. Emin=-38.48444019, Emax=55.87110302
realization 270 / 300 ... accepted 270. Emin=-31.39570345, Emax=64.29317964
realization 271 / 300 ... accepted 271. Emin=-15.37770264, Emax=79.24251916
realization 272 / 300 ... accepted 272. Emin=-1.61440699, Emax=46.70090752
realization 273 / 300 ... accepted 273. Emin=8.70771265, Emax=70.63693879
realization 274 / 300 ... accepted 274. Emin=-3.96162702, Emax=102.40398581
realization 275 / 300 ... accepted 275. Emin=-27.26379115, Emax=108.65662187
realization 276 / 300 ... accepted 276. Emin=-33.78724189, Emax=54.96868626
realization 277 / 300 ... accepted 277. Emin=-59.35763983, Emax=62.33634260
realization 278 / 300 ... accepted 278. Emin=1.95036357, Emax=81.16109511
realization 279 / 300 ... accepted 279. Emin=-8.82370850, Emax=79.39864113
realization 280 / 300 ... accepted 280. Emin=-45.20789413, Emax=83.51640086
realization 281 / 300 ... accepted 281. Emin=-42.97818688, Emax=53.08712822
realization 282 / 300 ... accepted 282. Emin=-22.50756927, Emax=38.95565162
realization 283 / 300 ... accepted 283. Emin=12.65881766, Emax=96.81730489
realization 284 / 300 ... accepted 284. Emin=-25.68745189, Emax=55.89461546
realization 285 / 300 ... accepted 285. Emin=-17.00382040, Emax=109.41667900
realization 286 / 300 ... accepted 286. Emin=4.66550461, Emax=82.19428224
realization 287 / 300 ... accepted 287. Emin=-6.45931299, Emax=70.37208889
realization 288 / 300 ... accepted 288. Emin=-11.68386933, Emax=95.81632593
realization 289 / 300 ... accepted 289. Emin=-36.88367318, Emax=40.96367904
realization 290 / 300 ... accepted 290. Emin=-46.73950319, Emax=56.70761080
realization 291 / 300 ... accepted 291. Emin=-16.25690204, Emax=90.56920862
realization 292 / 300 ... accepted 292. Emin=-53.42072590, Emax=26.96498951
realization 293 / 300 ... accepted 293. Emin=-39.30271551, Emax=79.20417774
realization 294 / 300 ... accepted 294. Emin=-34.66912116, Emax=47.05764217
realization 295 / 300 ... accepted 295. Emin=-42.56833306, Emax=38.03770981
realization 296 / 300 ... accepted 296. Emin=-63.66387872, Emax=-2.16105955
realization 297 / 300 ... accepted 297. Emin=10.87387119, Emax=74.35121030
realization 298 / 300 ... accepted 298. Emin=6.60141300, Emax=64.90528967
realization 299 / 300 ... accepted 299. Emin=-19.93501737, Emax=58.75602585
realization 300 / 300 ... accepted 300. Emin=-0.82442315, Emax=96.76275669
Saved final energies: /home/2/kj405942/POLFED_bosons/pbs_bose_legacy_nmax2_periodic/data/U_4/W_15/L_6/N_6_nmax_2/boundary_periodic/energies_full_U4_L6_N6_nmax2_W15_boundaryperiodic_nreal300.txt
Accepted realizations: 300 / 300
Skipped realizations: 0
Job finished at Sun May 31 18:05:19 UTC 2026
