Job started on w21 at Sun May 31 18:03:45 UTC 2026
PBS_JOBID=7731353.kruk-host.ift-klaster.lan
PBS_O_WORKDIR=/home/2/kj405942/POLFED_bosons
Bose-Hubbard: L=6, N=6, nmax=2, dim=141
t=1, U=4, W=14, nreal=300, boundary=periodic, mode=full
Writing partial results to /home/2/kj405942/POLFED_bosons/pbs_bose_legacy_nmax2_periodic/data/U_4/W_14/L_6/N_6_nmax_2/boundary_periodic/energies_full_U4_L6_N6_nmax2_W14_boundaryperiodic_nreal300_partial.txt
realization 1 / 300 ... accepted 1. Emin=-13.29436886, Emax=48.75442367
realization 2 / 300 ... accepted 2. Emin=-49.98412942, Emax=51.32865530
realization 3 / 300 ... accepted 3. Emin=-36.29394004, Emax=59.64100259
realization 4 / 300 ... accepted 4. Emin=-40.24307743, Emax=36.70618772
realization 5 / 300 ... accepted 5. Emin=-58.32936581, Emax=-5.91812236
realization 6 / 300 ... accepted 6. Emin=1.51146036, Emax=71.21520957
realization 7 / 300 ... accepted 7. Emin=-60.49311569, Emax=12.45662773
realization 8 / 300 ... accepted 8. Emin=-31.66709945, Emax=45.48341286
realization 9 / 300 ... accepted 9. Emin=14.85001859, Emax=98.02020721
realization 10 / 300 ... accepted 10. Emin=-5.49174065, Emax=62.28721022
realization 11 / 300 ... accepted 11. Emin=-44.73150031, Emax=50.31945033
realization 12 / 300 ... accepted 12. Emin=-50.97917420, Emax=36.10102576
realization 13 / 300 ... accepted 13. Emin=-27.78630539, Emax=36.46211705
realization 14 / 300 ... accepted 14. Emin=-19.28572776, Emax=69.29146833
realization 15 / 300 ... accepted 15. Emin=19.24801399, Emax=89.85848261
realization 16 / 300 ... accepted 16. Emin=-9.68731687, Emax=51.72681092
realization 17 / 300 ... accepted 17. Emin=-41.56568391, Emax=20.41751291
realization 18 / 300 ... accepted 18. Emin=-4.67216332, Emax=74.87020880
realization 19 / 300 ... accepted 19. Emin=-17.20076743, Emax=74.08729350
realization 20 / 300 ... accepted 20. Emin=-23.75635357, Emax=53.80725648
realization 21 / 300 ... accepted 21. Emin=-1.86820303, Emax=77.61616029
realization 22 / 300 ... accepted 22. Emin=-21.00001461, Emax=56.06648834
realization 23 / 300 ... accepted 23. Emin=-33.48802696, Emax=38.82814330
realization 24 / 300 ... accepted 24. Emin=-27.92655626, Emax=42.18749814
realization 25 / 300 ... accepted 25. Emin=-23.11265753, Emax=91.27674709
realization 26 / 300 ... accepted 26. Emin=-1.52274163, Emax=70.87656555
realization 27 / 300 ... accepted 27. Emin=-36.49975457, Emax=39.31075087
realization 28 / 300 ... accepted 28. Emin=-23.06913112, Emax=87.86397014
realization 29 / 300 ... accepted 29. Emin=-65.57190187, Emax=-12.85413991
realization 30 / 300 ... accepted 30. Emin=-63.33703657, Emax=22.26215128
realization 31 / 300 ... accepted 31. Emin=-10.78369165, Emax=62.66008570
realization 32 / 300 ... accepted 32. Emin=-50.88577326, Emax=38.36975374
realization 33 / 300 ... accepted 33. Emin=-46.93654027, Emax=4.17167317
realization 34 / 300 ... accepted 34. Emin=5.31710560, Emax=75.98250334
realization 35 / 300 ... accepted 35. Emin=-25.81901352, Emax=77.61987149
realization 36 / 300 ... accepted 36. Emin=-42.61548064, Emax=50.68850338
realization 37 / 300 ... accepted 37. Emin=-45.39654636, Emax=37.96142700
realization 38 / 300 ... accepted 38. Emin=-5.14668931, Emax=83.91221989
realization 39 / 300 ... accepted 39. Emin=-23.84815841, Emax=55.50587827
realization 40 / 300 ... accepted 40. Emin=-14.55667917, Emax=71.97734622
realization 41 / 300 ... accepted 41. Emin=-12.66456483, Emax=54.89116467
realization 42 / 300 ... accepted 42. Emin=-9.70506254, Emax=86.05317972
realization 43 / 300 ... accepted 43. Emin=-5.37947704, Emax=87.32422216
realization 44 / 300 ... accepted 44. Emin=15.28095872, Emax=66.97735554
realization 45 / 300 ... accepted 45. Emin=-39.14753206, Emax=57.06418149
realization 46 / 300 ... accepted 46. Emin=-39.19550541, Emax=39.47430228
realization 47 / 300 ... accepted 47. Emin=-36.66541091, Emax=63.09834387
realization 48 / 300 ... accepted 48. Emin=-33.54412274, Emax=42.64774389
realization 49 / 300 ... accepted 49. Emin=-6.79092493, Emax=43.47503497
realization 50 / 300 ... accepted 50. Emin=-22.65345494, Emax=32.87814244
realization 51 / 300 ... accepted 51. Emin=-36.14910531, Emax=41.78494987
realization 52 / 300 ... accepted 52. Emin=-33.95535829, Emax=57.46937927
realization 53 / 300 ... accepted 53. Emin=7.39608908, Emax=88.66089387
realization 54 / 300 ... accepted 54. Emin=-19.70231640, Emax=89.13162766
realization 55 / 300 ... accepted 55. Emin=-24.95749092, Emax=96.69903757
realization 56 / 300 ... accepted 56. Emin=14.48641983, Emax=95.91345157
realization 57 / 300 ... accepted 57. Emin=-47.09240571, Emax=47.59737920
realization 58 / 300 ... accepted 58. Emin=2.48789375, Emax=67.19430351
realization 59 / 300 ... accepted 59. Emin=-39.76797230, Emax=19.52739642
realization 60 / 300 ... accepted 60. Emin=-22.22209356, Emax=34.35686725
realization 61 / 300 ... accepted 61. Emin=-28.32577953, Emax=48.78377185
realization 62 / 300 ... accepted 62. Emin=-11.39183367, Emax=62.22411325
realization 63 / 300 ... accepted 63. Emin=-22.92438559, Emax=95.31374669
realization 64 / 300 ... accepted 64. Emin=-2.94583780, Emax=63.68709163
realization 65 / 300 ... accepted 65. Emin=-9.74500296, Emax=62.20057080
realization 66 / 300 ... accepted 66. Emin=-70.07487034, Emax=-16.44528934
realization 67 / 300 ... accepted 67. Emin=-13.13513673, Emax=78.30260888
realization 68 / 300 ... accepted 68. Emin=-40.94043126, Emax=43.07809508
realization 69 / 300 ... accepted 69. Emin=-32.06298010, Emax=57.87179088
realization 70 / 300 ... accepted 70. Emin=-31.07126618, Emax=39.05653601
realization 71 / 300 ... accepted 71. Emin=-13.59800557, Emax=56.40337736
realization 72 / 300 ... accepted 72. Emin=21.79571680, Emax=101.20724777
realization 73 / 300 ... accepted 73. Emin=-4.20769064, Emax=61.88257617
realization 74 / 300 ... accepted 74. Emin=-35.81116701, Emax=50.70021783
realization 75 / 300 ... accepted 75. Emin=28.17761299, Emax=97.28539764
realization 76 / 300 ... accepted 76. Emin=-16.12323571, Emax=41.11004817
realization 77 / 300 ... accepted 77. Emin=-32.48024957, Emax=63.75390372
realization 78 / 300 ... accepted 78. Emin=9.85258693, Emax=55.60170367
realization 79 / 300 ... accepted 79. Emin=-38.96798531, Emax=40.94344809
realization 80 / 300 ... accepted 80. Emin=8.08147293, Emax=83.76176251
realization 81 / 300 ... accepted 81. Emin=20.60258247, Emax=89.91766519
realization 82 / 300 ... accepted 82. Emin=28.60251768, Emax=79.34814962
realization 83 / 300 ... accepted 83. Emin=-42.45768178, Emax=42.58275775
realization 84 / 300 ... accepted 84. Emin=-30.32778083, Emax=47.03372862
realization 85 / 300 ... accepted 85. Emin=-16.70100075, Emax=39.35969109
realization 86 / 300 ... accepted 86. Emin=-28.99490768, Emax=76.40849298
realization 87 / 300 ... accepted 87. Emin=10.40882328, Emax=84.97881620
realization 88 / 300 ... accepted 88. Emin=-20.34266173, Emax=79.06504575
realization 89 / 300 ... accepted 89. Emin=-15.06520849, Emax=39.34320102
realization 90 / 300 ... accepted 90. Emin=-41.32192046, Emax=18.84873259
realization 91 / 300 ... accepted 91. Emin=33.30841161, Emax=85.44204733
realization 92 / 300 ... accepted 92. Emin=-39.92800341, Emax=30.62224331
realization 93 / 300 ... accepted 93. Emin=-42.34944065, Emax=33.38015824
realization 94 / 300 ... accepted 94. Emin=-5.57653625, Emax=69.63237719
realization 95 / 300 ... accepted 95. Emin=5.73702865, Emax=85.45786345
realization 96 / 300 ... accepted 96. Emin=-27.35419740, Emax=83.82539191
realization 97 / 300 ... accepted 97. Emin=-32.29646595, Emax=60.38566953
realization 98 / 300 ... accepted 98. Emin=-36.86652971, Emax=46.15893543
realization 99 / 300 ... accepted 99. Emin=6.88829360, Emax=78.48507732
realization 100 / 300 ... accepted 100. Emin=4.17029975, Emax=71.76451343
realization 101 / 300 ... accepted 101. Emin=-18.94049713, Emax=85.15695564
realization 102 / 300 ... accepted 102. Emin=-18.50857160, Emax=85.12421307
realization 103 / 300 ... accepted 103. Emin=-20.17883824, Emax=33.37453223
realization 104 / 300 ... accepted 104. Emin=-11.32375685, Emax=39.56835845
realization 105 / 300 ... accepted 105. Emin=23.80666586, Emax=93.47958039
realization 106 / 300 ... accepted 106. Emin=-15.02757959, Emax=69.64128004
realization 107 / 300 ... accepted 107. Emin=-27.55242139, Emax=79.93067691
realization 108 / 300 ... accepted 108. Emin=-2.99528647, Emax=90.87323197
realization 109 / 300 ... accepted 109. Emin=-38.46709757, Emax=41.40272515
realization 110 / 300 ... accepted 110. Emin=-15.09189976, Emax=83.81714000
realization 111 / 300 ... accepted 111. Emin=-13.22832391, Emax=95.99003175
realization 112 / 300 ... accepted 112. Emin=-32.21694256, Emax=67.12651774
realization 113 / 300 ... accepted 113. Emin=2.25207651, Emax=50.95569081
realization 114 / 300 ... accepted 114. Emin=-40.50258474, Emax=18.08463793
realization 115 / 300 ... accepted 115. Emin=-7.45606682, Emax=89.12521662
realization 116 / 300 ... accepted 116. Emin=-26.39573811, Emax=46.38194701
realization 117 / 300 ... accepted 117. Emin=-4.65880802, Emax=78.80284271
realization 118 / 300 ... accepted 118. Emin=-24.29914125, Emax=36.98340250
realization 119 / 300 ... accepted 119. Emin=-9.54274100, Emax=81.84006571
realization 120 / 300 ... accepted 120. Emin=-34.29424115, Emax=44.80883666
realization 121 / 300 ... accepted 121. Emin=-27.18444548, Emax=53.78724103
realization 122 / 300 ... accepted 122. Emin=-22.70805996, Emax=87.48548765
realization 123 / 300 ... accepted 123. Emin=-49.93195894, Emax=5.51199162
realization 124 / 300 ... accepted 124. Emin=-33.51495200, Emax=64.89613725
realization 125 / 300 ... accepted 125. Emin=-2.86992805, Emax=81.21386825
realization 126 / 300 ... accepted 126. Emin=-4.65287087, Emax=71.28823060
realization 127 / 300 ... accepted 127. Emin=-5.65545515, Emax=75.43862544
realization 128 / 300 ... accepted 128. Emin=-12.98619191, Emax=69.05903742
realization 129 / 300 ... accepted 129. Emin=1.51331247, Emax=72.68979237
realization 130 / 300 ... accepted 130. Emin=15.45867629, Emax=84.53566897
realization 131 / 300 ... accepted 131. Emin=-2.51063331, Emax=82.55182293
realization 132 / 300 ... accepted 132. Emin=-26.79819609, Emax=81.13026381
realization 133 / 300 ... accepted 133. Emin=-4.17936197, Emax=88.34637319
realization 134 / 300 ... accepted 134. Emin=4.90798443, Emax=62.40440142
realization 135 / 300 ... accepted 135. Emin=-38.49935860, Emax=57.06725934
realization 136 / 300 ... accepted 136. Emin=-25.06671890, Emax=51.57028213
realization 137 / 300 ... accepted 137. Emin=-19.15967838, Emax=85.65766124
realization 138 / 300 ... accepted 138. Emin=-3.50654313, Emax=50.27811239
realization 139 / 300 ... accepted 139. Emin=15.55708394, Emax=80.75513859
realization 140 / 300 ... accepted 140. Emin=8.55702725, Emax=83.33187288
realization 141 / 300 ... accepted 141. Emin=-5.88708230, Emax=64.48178572
realization 142 / 300 ... accepted 142. Emin=-28.40022023, Emax=58.64597071
realization 143 / 300 ... accepted 143. Emin=9.16252917, Emax=60.28041027
realization 144 / 300 ... accepted 144. Emin=-56.28379719, Emax=35.38004768
realization 145 / 300 ... accepted 145. Emin=1.03028855, Emax=89.99133549
realization 146 / 300 ... accepted 146. Emin=-15.43134735, Emax=50.20500404
realization 147 / 300 ... accepted 147. Emin=-35.30372560, Emax=56.70797039
realization 148 / 300 ... accepted 148. Emin=-7.18559460, Emax=85.37394040
realization 149 / 300 ... accepted 149. Emin=-18.45328133, Emax=74.41444705
realization 150 / 300 ... accepted 150. Emin=-7.47728042, Emax=72.17528867
realization 151 / 300 ... accepted 151. Emin=-8.70585930, Emax=74.05514393
realization 152 / 300 ... accepted 152. Emin=-26.13161842, Emax=52.46862483
realization 153 / 300 ... accepted 153. Emin=-58.44595611, Emax=34.00784765
realization 154 / 300 ... accepted 154. Emin=-19.22460169, Emax=75.78916903
realization 155 / 300 ... accepted 155. Emin=-36.55314569, Emax=41.60656179
realization 156 / 300 ... accepted 156. Emin=-24.94359976, Emax=55.84705338
realization 157 / 300 ... accepted 157. Emin=13.41683220, Emax=74.37604110
realization 158 / 300 ... accepted 158. Emin=29.04288591, Emax=95.74928952
realization 159 / 300 ... accepted 159. Emin=-31.72075266, Emax=49.95092691
realization 160 / 300 ... accepted 160. Emin=-31.77679629, Emax=50.85670300
realization 161 / 300 ... accepted 161. Emin=1.21772981, Emax=67.33959104
realization 162 / 300 ... accepted 162. Emin=-11.61440911, Emax=37.89872592
realization 163 / 300 ... accepted 163. Emin=-26.46031508, Emax=39.45571275
realization 164 / 300 ... accepted 164. Emin=-12.73404410, Emax=61.95331638
realization 165 / 300 ... accepted 165. Emin=-18.58210416, Emax=75.21680016
realization 166 / 300 ... accepted 166. Emin=7.45591038, Emax=79.17688598
realization 167 / 300 ... accepted 167. Emin=-33.74881536, Emax=45.12875247
realization 168 / 300 ... accepted 168. Emin=-21.60588096, Emax=74.36297745
realization 169 / 300 ... accepted 169. Emin=-15.24862729, Emax=58.88220083
realization 170 / 300 ... accepted 170. Emin=-5.80314667, Emax=84.59108020
realization 171 / 300 ... accepted 171. Emin=-13.72712599, Emax=49.04344343
realization 172 / 300 ... accepted 172. Emin=-41.26484337, Emax=14.92798320
realization 173 / 300 ... accepted 173. Emin=-12.80358423, Emax=82.11037508
realization 174 / 300 ... accepted 174. Emin=-13.56539989, Emax=70.86075908
realization 175 / 300 ... accepted 175. Emin=-12.28599702, Emax=91.19936529
realization 176 / 300 ... accepted 176. Emin=-44.42731536, Emax=73.79614282
realization 177 / 300 ... accepted 177. Emin=-20.46958891, Emax=59.67151807
realization 178 / 300 ... accepted 178. Emin=-46.97046294, Emax=44.23218068
realization 179 / 300 ... accepted 179. Emin=35.60677881, Emax=99.79800033
realization 180 / 300 ... accepted 180. Emin=-8.26688883, Emax=55.43872107
realization 181 / 300 ... accepted 181. Emin=-30.94451736, Emax=93.74828285
realization 182 / 300 ... accepted 182. Emin=5.44975662, Emax=88.44163298
realization 183 / 300 ... accepted 183. Emin=-11.36309145, Emax=55.31332282
realization 184 / 300 ... accepted 184. Emin=-2.94120459, Emax=64.87625888
realization 185 / 300 ... accepted 185. Emin=-28.78957250, Emax=37.65808061
realization 186 / 300 ... accepted 186. Emin=-46.22613291, Emax=25.11514734
realization 187 / 300 ... accepted 187. Emin=-32.13655473, Emax=42.49255687
realization 188 / 300 ... accepted 188. Emin=-26.05599302, Emax=68.20568838
realization 189 / 300 ... accepted 189. Emin=-20.96753762, Emax=69.97586547
realization 190 / 300 ... accepted 190. Emin=-10.61242509, Emax=86.22596350
realization 191 / 300 ... accepted 191. Emin=-46.11342680, Emax=52.23159601
realization 192 / 300 ... accepted 192. Emin=-37.79447283, Emax=29.66275968
realization 193 / 300 ... accepted 193. Emin=-12.54017964, Emax=56.64512893
realization 194 / 300 ... accepted 194. Emin=-7.61973922, Emax=66.18242788
realization 195 / 300 ... accepted 195. Emin=-14.63075716, Emax=54.17110600
realization 196 / 300 ... accepted 196. Emin=-4.18270205, Emax=80.11530193
realization 197 / 300 ... accepted 197. Emin=-42.69984619, Emax=40.25018989
realization 198 / 300 ... accepted 198. Emin=-41.51506718, Emax=32.04245802
realization 199 / 300 ... accepted 199. Emin=-11.23616907, Emax=73.25362780
realization 200 / 300 ... accepted 200. Emin=-20.10253590, Emax=50.21681295
realization 201 / 300 ... accepted 201. Emin=-53.75692353, Emax=2.84448625
realization 202 / 300 ... accepted 202. Emin=29.85146871, Emax=86.60808386
realization 203 / 300 ... accepted 203. Emin=-14.14884737, Emax=81.98359529
realization 204 / 300 ... accepted 204. Emin=4.45545837, Emax=100.00178899
realization 205 / 300 ... accepted 205. Emin=-24.00786888, Emax=45.11711436
realization 206 / 300 ... accepted 206. Emin=-49.81181294, Emax=51.36826876
realization 207 / 300 ... accepted 207. Emin=-5.96802644, Emax=83.80177598
realization 208 / 300 ... accepted 208. Emin=-15.89516703, Emax=73.42139519
realization 209 / 300 ... accepted 209. Emin=-55.14315236, Emax=32.64796703
realization 210 / 300 ... accepted 210. Emin=-11.15269086, Emax=69.00680398
realization 211 / 300 ... accepted 211. Emin=-32.92593050, Emax=34.19015856
realization 212 / 300 ... accepted 212. Emin=-9.81848345, Emax=78.28638235
realization 213 / 300 ... accepted 213. Emin=-20.45803070, Emax=67.78202494
realization 214 / 300 ... accepted 214. Emin=-15.85327231, Emax=65.01054867
realization 215 / 300 ... accepted 215. Emin=-38.90087652, Emax=32.52142911
realization 216 / 300 ... accepted 216. Emin=-3.59258449, Emax=73.23969660
realization 217 / 300 ... accepted 217. Emin=52.03318854, Emax=88.63622976
realization 218 / 300 ... accepted 218. Emin=-41.17622137, Emax=71.82570441
realization 219 / 300 ... accepted 219. Emin=-55.87367371, Emax=29.51214711
realization 220 / 300 ... accepted 220. Emin=-17.29100458, Emax=66.62355781
realization 221 / 300 ... accepted 221. Emin=-23.05577679, Emax=48.46502662
realization 222 / 300 ... accepted 222. Emin=-11.11464616, Emax=85.98617158
realization 223 / 300 ... accepted 223. Emin=-14.60393283, Emax=86.73169731
realization 224 / 300 ... accepted 224. Emin=-39.82385111, Emax=49.24179060
realization 225 / 300 ... accepted 225. Emin=-28.90718036, Emax=88.15007094
realization 226 / 300 ... accepted 226. Emin=-38.70790121, Emax=21.57783580
realization 227 / 300 ... accepted 227. Emin=-37.00184956, Emax=22.55820367
realization 228 / 300 ... accepted 228. Emin=3.44576393, Emax=60.81921288
realization 229 / 300 ... accepted 229. Emin=-13.63876495, Emax=74.25153678
realization 230 / 300 ... accepted 230. Emin=-44.94301197, Emax=36.68293960
realization 231 / 300 ... accepted 231. Emin=13.76729640, Emax=74.72542404
realization 232 / 300 ... accepted 232. Emin=-2.48365887, Emax=76.41157066
realization 233 / 300 ... accepted 233. Emin=-4.60566830, Emax=49.32074832
realization 234 / 300 ... accepted 234. Emin=-28.19362087, Emax=58.46042069
realization 235 / 300 ... accepted 235. Emin=-32.24501867, Emax=54.63226945
realization 236 / 300 ... accepted 236. Emin=-11.56582956, Emax=84.23069330
realization 237 / 300 ... accepted 237. Emin=-10.80942418, Emax=61.82037032
realization 238 / 300 ... accepted 238. Emin=-46.43792647, Emax=39.81579662
realization 239 / 300 ... accepted 239. Emin=-24.37529083, Emax=42.55042838
realization 240 / 300 ... accepted 240. Emin=-33.92701647, Emax=55.76153177
realization 241 / 300 ... accepted 241. Emin=-56.64875184, Emax=-7.00113609
realization 242 / 300 ... accepted 242. Emin=3.04534234, Emax=69.14592624
realization 243 / 300 ... accepted 243. Emin=-11.23944167, Emax=72.98353552
realization 244 / 300 ... accepted 244. Emin=-33.29948798, Emax=55.87972532
realization 245 / 300 ... accepted 245. Emin=-11.22007289, Emax=74.64685465
realization 246 / 300 ... accepted 246. Emin=-7.85788661, Emax=58.85277910
realization 247 / 300 ... accepted 247. Emin=-30.18112006, Emax=36.69229837
realization 248 / 300 ... accepted 248. Emin=-34.88137218, Emax=60.02606706
realization 249 / 300 ... accepted 249. Emin=-27.98944172, Emax=48.49955132
realization 250 / 300 ... accepted 250. Emin=-1.47832251, Emax=61.44817775
realization 251 / 300 ... accepted 251. Emin=-20.59551956, Emax=55.12608937
realization 252 / 300 ... accepted 252. Emin=-47.69053782, Emax=49.05760830
realization 253 / 300 ... accepted 253. Emin=-11.26273858, Emax=97.58259096
realization 254 / 300 ... accepted 254. Emin=-21.70791724, Emax=63.44386930
realization 255 / 300 ... accepted 255. Emin=-34.58252101, Emax=25.86572992
realization 256 / 300 ... accepted 256. Emin=-10.62449161, Emax=52.96141236
realization 257 / 300 ... accepted 257. Emin=-20.89154670, Emax=78.31413832
realization 258 / 300 ... accepted 258. Emin=-18.72397030, Emax=69.95274040
realization 259 / 300 ... accepted 259. Emin=10.51225528, Emax=73.29297889
realization 260 / 300 ... accepted 260. Emin=-3.01046224, Emax=78.54654519
realization 261 / 300 ... accepted 261. Emin=35.76171468, Emax=104.72835631
realization 262 / 300 ... accepted 262. Emin=-22.47768707, Emax=80.49811506
realization 263 / 300 ... accepted 263. Emin=-39.89968590, Emax=81.89990737
realization 264 / 300 ... accepted 264. Emin=-45.83665165, Emax=39.53685292
realization 265 / 300 ... accepted 265. Emin=-5.44666136, Emax=72.44463412
realization 266 / 300 ... accepted 266. Emin=-42.05303171, Emax=7.51648278
realization 267 / 300 ... accepted 267. Emin=-5.23435554, Emax=85.41219811
realization 268 / 300 ... accepted 268. Emin=11.35957614, Emax=76.04428626
realization 269 / 300 ... accepted 269. Emin=-46.86161639, Emax=50.98030930
realization 270 / 300 ... accepted 270. Emin=-28.21459272, Emax=22.22030695
realization 271 / 300 ... accepted 271. Emin=22.32697771, Emax=98.89739089
realization 272 / 300 ... accepted 272. Emin=13.59787378, Emax=66.92553854
realization 273 / 300 ... accepted 273. Emin=-21.90642630, Emax=52.20233326
realization 274 / 300 ... accepted 274. Emin=-19.02416318, Emax=86.93981241
realization 275 / 300 ... accepted 275. Emin=-18.81725039, Emax=50.13582897
realization 276 / 300 ... accepted 276. Emin=23.74112760, Emax=60.55054937
realization 277 / 300 ... accepted 277. Emin=-31.10675013, Emax=34.15226705
realization 278 / 300 ... accepted 278. Emin=-18.35994521, Emax=61.14947104
realization 279 / 300 ... accepted 279. Emin=-47.92361522, Emax=69.63689412
realization 280 / 300 ... accepted 280. Emin=19.98688208, Emax=69.44953274
realization 281 / 300 ... accepted 281. Emin=-2.32434236, Emax=85.42953522
realization 282 / 300 ... accepted 282. Emin=-48.89795112, Emax=48.81882425
realization 283 / 300 ... accepted 283. Emin=29.79758173, Emax=90.38112155
realization 284 / 300 ... accepted 284. Emin=15.77337143, Emax=79.56341969
realization 285 / 300 ... accepted 285. Emin=-20.51388277, Emax=83.62892758
realization 286 / 300 ... accepted 286. Emin=-47.51106677, Emax=29.86466403
realization 287 / 300 ... accepted 287. Emin=-14.87022464, Emax=64.87780753
realization 288 / 300 ... accepted 288. Emin=-9.59604261, Emax=60.75708739
realization 289 / 300 ... accepted 289. Emin=2.63336719, Emax=61.55767112
realization 290 / 300 ... accepted 290. Emin=-3.87930445, Emax=83.42807451
realization 291 / 300 ... accepted 291. Emin=-32.15254336, Emax=55.61314005
realization 292 / 300 ... accepted 292. Emin=6.78890633, Emax=81.62043892
realization 293 / 300 ... accepted 293. Emin=20.63211736, Emax=91.68141227
realization 294 / 300 ... accepted 294. Emin=-8.77298461, Emax=71.70698643
realization 295 / 300 ... accepted 295. Emin=-19.34166967, Emax=48.72563401
realization 296 / 300 ... accepted 296. Emin=-13.46110216, Emax=60.97687454
realization 297 / 300 ... accepted 297. Emin=-35.20182952, Emax=42.55307475
realization 298 / 300 ... accepted 298. Emin=-36.11886557, Emax=33.94994048
realization 299 / 300 ... accepted 299. Emin=11.48067970, Emax=77.53263350
realization 300 / 300 ... accepted 300. Emin=-28.61883587, Emax=92.41443377
Saved final energies: /home/2/kj405942/POLFED_bosons/pbs_bose_legacy_nmax2_periodic/data/U_4/W_14/L_6/N_6_nmax_2/boundary_periodic/energies_full_U4_L6_N6_nmax2_W14_boundaryperiodic_nreal300.txt
Accepted realizations: 300 / 300
Skipped realizations: 0
Job finished at Sun May 31 18:05:20 UTC 2026
