Job started on w21 at Sun May 31 18:03:45 UTC 2026
PBS_JOBID=7731351.kruk-host.ift-klaster.lan
PBS_O_WORKDIR=/home/2/kj405942/POLFED_bosons
Bose-Hubbard: L=6, N=6, nmax=2, dim=141
t=1, U=4, W=12, nreal=300, boundary=periodic, mode=full
Writing partial results to /home/2/kj405942/POLFED_bosons/pbs_bose_legacy_nmax2_periodic/data/U_4/W_12/L_6/N_6_nmax_2/boundary_periodic/energies_full_U4_L6_N6_nmax2_W12_boundaryperiodic_nreal300_partial.txt
realization 1 / 300 ... accepted 1. Emin=-1.85687685, Emax=69.93224060
realization 2 / 300 ... accepted 2. Emin=-10.36843933, Emax=31.89816016
realization 3 / 300 ... accepted 3. Emin=-21.76752832, Emax=57.07678273
realization 4 / 300 ... accepted 4. Emin=-39.30666585, Emax=36.36748795
realization 5 / 300 ... accepted 5. Emin=-9.63866543, Emax=65.54712854
realization 6 / 300 ... accepted 6. Emin=18.34806823, Emax=71.55104802
realization 7 / 300 ... accepted 7. Emin=-36.44101696, Emax=28.05899141
realization 8 / 300 ... accepted 8. Emin=-17.18133427, Emax=55.39711926
realization 9 / 300 ... accepted 9. Emin=-29.39305349, Emax=62.31157805
realization 10 / 300 ... accepted 10. Emin=-24.24223548, Emax=53.99775167
realization 11 / 300 ... accepted 11. Emin=3.62852276, Emax=67.02009053
realization 12 / 300 ... accepted 12. Emin=-25.94307075, Emax=44.67813262
realization 13 / 300 ... accepted 13. Emin=-35.08247165, Emax=17.92168169
realization 14 / 300 ... accepted 14. Emin=15.00356511, Emax=67.25939387
realization 15 / 300 ... accepted 15. Emin=-9.89739428, Emax=55.70974815
realization 16 / 300 ... accepted 16. Emin=-22.67983877, Emax=20.06098014
realization 17 / 300 ... accepted 17. Emin=-30.33804190, Emax=39.38807243
realization 18 / 300 ... accepted 18. Emin=-13.17554780, Emax=79.31950469
realization 19 / 300 ... accepted 19. Emin=-19.60710526, Emax=37.36397250
realization 20 / 300 ... accepted 20. Emin=-17.60310312, Emax=61.06321835
realization 21 / 300 ... accepted 21. Emin=-26.44282351, Emax=28.81515280
realization 22 / 300 ... accepted 22. Emin=-4.13190513, Emax=63.58265253
realization 23 / 300 ... accepted 23. Emin=-43.62287909, Emax=47.16094471
realization 24 / 300 ... accepted 24. Emin=-40.38879650, Emax=34.87663614
realization 25 / 300 ... accepted 25. Emin=-32.89084402, Emax=42.55023497
realization 26 / 300 ... accepted 26. Emin=-1.78404617, Emax=87.11793774
realization 27 / 300 ... accepted 27. Emin=-39.41582394, Emax=55.56665830
realization 28 / 300 ... accepted 28. Emin=-5.97799524, Emax=70.40390770
realization 29 / 300 ... accepted 29. Emin=21.24528020, Emax=71.19751526
realization 30 / 300 ... accepted 30. Emin=-15.44887112, Emax=46.58504513
realization 31 / 300 ... accepted 31. Emin=-12.57108754, Emax=48.09875679
realization 32 / 300 ... accepted 32. Emin=-17.14493276, Emax=63.10819439
realization 33 / 300 ... accepted 33. Emin=-29.44794952, Emax=63.66121066
realization 34 / 300 ... accepted 34. Emin=-42.96958955, Emax=29.90038358
realization 35 / 300 ... accepted 35. Emin=-36.64377289, Emax=40.24388758
realization 36 / 300 ... accepted 36. Emin=-4.40270130, Emax=57.72345369
realization 37 / 300 ... accepted 37. Emin=-0.37081996, Emax=65.15372015
realization 38 / 300 ... accepted 38. Emin=-24.00435401, Emax=71.45920919
realization 39 / 300 ... accepted 39. Emin=-13.71402340, Emax=50.78422377
realization 40 / 300 ... accepted 40. Emin=-32.95792365, Emax=48.26075521
realization 41 / 300 ... accepted 41. Emin=-14.21578917, Emax=89.72630614
realization 42 / 300 ... accepted 42. Emin=-28.50090509, Emax=55.37217972
realization 43 / 300 ... accepted 43. Emin=-8.57109574, Emax=75.64350836
realization 44 / 300 ... accepted 44. Emin=-4.18483126, Emax=47.54365185
realization 45 / 300 ... accepted 45. Emin=8.33248378, Emax=68.73546655
realization 46 / 300 ... accepted 46. Emin=-0.07544283, Emax=73.31819836
realization 47 / 300 ... accepted 47. Emin=-18.05466919, Emax=53.79869833
realization 48 / 300 ... accepted 48. Emin=0.86576595, Emax=71.11593089
realization 49 / 300 ... accepted 49. Emin=0.58172288, Emax=81.26030869
realization 50 / 300 ... accepted 50. Emin=-25.31742834, Emax=45.33148201
realization 51 / 300 ... accepted 51. Emin=-4.43502229, Emax=50.04225812
realization 52 / 300 ... accepted 52. Emin=-6.11789708, Emax=73.13755690
realization 53 / 300 ... accepted 53. Emin=-17.73742402, Emax=71.09390150
realization 54 / 300 ... accepted 54. Emin=-28.88292161, Emax=67.36166033
realization 55 / 300 ... accepted 55. Emin=-8.69229380, Emax=66.11157150
realization 56 / 300 ... accepted 56. Emin=1.82540974, Emax=72.17715675
realization 57 / 300 ... accepted 57. Emin=-6.88944529, Emax=71.11826258
realization 58 / 300 ... accepted 58. Emin=2.29335611, Emax=76.73052033
realization 59 / 300 ... accepted 59. Emin=16.82865253, Emax=75.00731461
realization 60 / 300 ... accepted 60. Emin=1.25664995, Emax=75.53350828
realization 61 / 300 ... accepted 61. Emin=-26.51030131, Emax=63.90441674
realization 62 / 300 ... accepted 62. Emin=-14.28584145, Emax=53.37670583
realization 63 / 300 ... accepted 63. Emin=-18.12278018, Emax=65.51064090
realization 64 / 300 ... accepted 64. Emin=-7.60319846, Emax=46.65865125
realization 65 / 300 ... accepted 65. Emin=6.00085370, Emax=65.40075600
realization 66 / 300 ... accepted 66. Emin=-30.00128603, Emax=44.66870872
realization 67 / 300 ... accepted 67. Emin=2.39811884, Emax=59.61229978
realization 68 / 300 ... accepted 68. Emin=-21.60436708, Emax=46.73738736
realization 69 / 300 ... accepted 69. Emin=-34.16319748, Emax=42.28798067
realization 70 / 300 ... accepted 70. Emin=-20.50470135, Emax=66.99511046
realization 71 / 300 ... accepted 71. Emin=-12.53775692, Emax=73.91985558
realization 72 / 300 ... accepted 72. Emin=-19.39512897, Emax=24.23046777
realization 73 / 300 ... accepted 73. Emin=-25.48996860, Emax=49.52548624
realization 74 / 300 ... accepted 74. Emin=-0.76168180, Emax=55.60075846
realization 75 / 300 ... accepted 75. Emin=-8.08560432, Emax=46.83416836
realization 76 / 300 ... accepted 76. Emin=-7.84775029, Emax=78.72837742
realization 77 / 300 ... accepted 77. Emin=-12.73833240, Emax=55.69057436
realization 78 / 300 ... accepted 78. Emin=-10.87127653, Emax=72.63237649
realization 79 / 300 ... accepted 79. Emin=-53.23418300, Emax=15.62406096
realization 80 / 300 ... accepted 80. Emin=-33.78005364, Emax=46.90779330
realization 81 / 300 ... accepted 81. Emin=-0.98495439, Emax=72.39627685
realization 82 / 300 ... accepted 82. Emin=11.84708563, Emax=81.70999940
realization 83 / 300 ... accepted 83. Emin=-18.33148183, Emax=43.55782255
realization 84 / 300 ... accepted 84. Emin=-22.90536886, Emax=60.49207923
realization 85 / 300 ... accepted 85. Emin=-9.62583290, Emax=79.61235549
realization 86 / 300 ... accepted 86. Emin=-2.23807287, Emax=71.65919641
realization 87 / 300 ... accepted 87. Emin=-37.64671582, Emax=30.34160198
realization 88 / 300 ... accepted 88. Emin=-26.22103295, Emax=40.61976087
realization 89 / 300 ... accepted 89. Emin=-31.81691463, Emax=61.62664395
realization 90 / 300 ... accepted 90. Emin=17.74190412, Emax=74.30844506
realization 91 / 300 ... accepted 91. Emin=-11.76635412, Emax=66.50709696
realization 92 / 300 ... accepted 92. Emin=-30.93806704, Emax=14.51800078
realization 93 / 300 ... accepted 93. Emin=-29.37932710, Emax=30.64746837
realization 94 / 300 ... accepted 94. Emin=-39.01303332, Emax=20.93101730
realization 95 / 300 ... accepted 95. Emin=-14.72463079, Emax=60.76811864
realization 96 / 300 ... accepted 96. Emin=34.41694692, Emax=92.86313960
realization 97 / 300 ... accepted 97. Emin=-12.81074102, Emax=85.73417411
realization 98 / 300 ... accepted 98. Emin=6.21208374, Emax=82.05375956
realization 99 / 300 ... accepted 99. Emin=-26.68643861, Emax=60.91883593
realization 100 / 300 ... accepted 100. Emin=10.67567157, Emax=58.58103239
realization 101 / 300 ... accepted 101. Emin=-4.45947554, Emax=61.03834695
realization 102 / 300 ... accepted 102. Emin=-4.77823424, Emax=73.92965900
realization 103 / 300 ... accepted 103. Emin=-38.82103426, Emax=26.73120841
realization 104 / 300 ... accepted 104. Emin=-24.92782496, Emax=21.58242426
realization 105 / 300 ... accepted 105. Emin=3.27507616, Emax=64.57814957
realization 106 / 300 ... accepted 106. Emin=-32.60114495, Emax=37.99622538
realization 107 / 300 ... accepted 107. Emin=1.98213364, Emax=64.89928636
realization 108 / 300 ... accepted 108. Emin=-26.98877036, Emax=53.93765086
realization 109 / 300 ... accepted 109. Emin=-30.72660621, Emax=60.44582711
realization 110 / 300 ... accepted 110. Emin=11.07556951, Emax=62.52300277
realization 111 / 300 ... accepted 111. Emin=-45.37092944, Emax=28.99873404
realization 112 / 300 ... accepted 112. Emin=-16.06974107, Emax=27.27045693
realization 113 / 300 ... accepted 113. Emin=-14.50719934, Emax=34.58824637
realization 114 / 300 ... accepted 114. Emin=14.10504477, Emax=54.26476819
realization 115 / 300 ... accepted 115. Emin=-32.88069061, Emax=32.94603972
realization 116 / 300 ... accepted 116. Emin=-41.15926239, Emax=6.47218770
realization 117 / 300 ... accepted 117. Emin=-1.09396903, Emax=60.49371072
realization 118 / 300 ... accepted 118. Emin=-14.52055450, Emax=65.10856615
realization 119 / 300 ... accepted 119. Emin=-37.76634028, Emax=34.83734380
realization 120 / 300 ... accepted 120. Emin=-4.20891068, Emax=65.85666372
realization 121 / 300 ... accepted 121. Emin=-12.75957712, Emax=66.45371949
realization 122 / 300 ... accepted 122. Emin=-36.65302662, Emax=44.98866759
realization 123 / 300 ... accepted 123. Emin=-23.70366945, Emax=57.53660914
realization 124 / 300 ... accepted 124. Emin=-9.37793647, Emax=45.76589836
realization 125 / 300 ... accepted 125. Emin=-20.60554393, Emax=77.97538663
realization 126 / 300 ... accepted 126. Emin=-5.28493068, Emax=73.32194303
realization 127 / 300 ... accepted 127. Emin=-6.19256034, Emax=73.49133840
realization 128 / 300 ... accepted 128. Emin=-23.77197071, Emax=41.06818252
realization 129 / 300 ... accepted 129. Emin=-5.96179721, Emax=65.02112536
realization 130 / 300 ... accepted 130. Emin=-12.95819468, Emax=79.02287501
realization 131 / 300 ... accepted 131. Emin=20.11191261, Emax=76.59103366
realization 132 / 300 ... accepted 132. Emin=-22.11106279, Emax=63.58904646
realization 133 / 300 ... accepted 133. Emin=21.75596477, Emax=67.55695093
realization 134 / 300 ... accepted 134. Emin=-0.14187642, Emax=52.16101579
realization 135 / 300 ... accepted 135. Emin=-22.58203856, Emax=70.17663617
realization 136 / 300 ... accepted 136. Emin=-24.44421094, Emax=41.35983547
realization 137 / 300 ... accepted 137. Emin=-38.24676920, Emax=45.91159167
realization 138 / 300 ... accepted 138. Emin=-16.21339261, Emax=51.59435602
realization 139 / 300 ... accepted 139. Emin=-12.07920435, Emax=56.47242196
realization 140 / 300 ... accepted 140. Emin=-24.41437664, Emax=61.09085248
realization 141 / 300 ... accepted 141. Emin=-16.80502223, Emax=57.59288158
realization 142 / 300 ... accepted 142. Emin=-39.65453242, Emax=33.70747778
realization 143 / 300 ... accepted 143. Emin=-21.84764194, Emax=39.65477064
realization 144 / 300 ... accepted 144. Emin=-2.02956855, Emax=49.60023105
realization 145 / 300 ... accepted 145. Emin=-36.13621159, Emax=37.60168459
realization 146 / 300 ... accepted 146. Emin=-27.65469197, Emax=46.25018397
realization 147 / 300 ... accepted 147. Emin=-16.62593288, Emax=71.14579584
realization 148 / 300 ... accepted 148. Emin=-1.99282589, Emax=64.90027263
realization 149 / 300 ... accepted 149. Emin=-37.31956984, Emax=27.81741870
realization 150 / 300 ... accepted 150. Emin=13.73641371, Emax=78.08415460
realization 151 / 300 ... accepted 151. Emin=-36.69124601, Emax=49.64965529
realization 152 / 300 ... accepted 152. Emin=-18.96029363, Emax=40.98785507
realization 153 / 300 ... accepted 153. Emin=-16.27872346, Emax=64.49189223
realization 154 / 300 ... accepted 154. Emin=-9.62318195, Emax=39.67201254
realization 155 / 300 ... accepted 155. Emin=-24.44841467, Emax=44.02700291
realization 156 / 300 ... accepted 156. Emin=-24.23001301, Emax=27.27454462
realization 157 / 300 ... accepted 157. Emin=-29.55445131, Emax=54.48676608
realization 158 / 300 ... accepted 158. Emin=-37.48810888, Emax=47.44262550
realization 159 / 300 ... accepted 159. Emin=10.09652733, Emax=51.18261085
realization 160 / 300 ... accepted 160. Emin=-17.93849111, Emax=48.08541136
realization 161 / 300 ... accepted 161. Emin=-26.63708896, Emax=43.37172989
realization 162 / 300 ... accepted 162. Emin=-12.26859036, Emax=70.51087108
realization 163 / 300 ... accepted 163. Emin=-32.34129312, Emax=39.03383671
realization 164 / 300 ... accepted 164. Emin=13.57073017, Emax=70.99946262
realization 165 / 300 ... accepted 165. Emin=-6.81373530, Emax=64.38143404
realization 166 / 300 ... accepted 166. Emin=19.14150106, Emax=78.35553485
realization 167 / 300 ... accepted 167. Emin=-50.19659295, Emax=-7.77513531
realization 168 / 300 ... accepted 168. Emin=-37.56610518, Emax=2.84952664
realization 169 / 300 ... accepted 169. Emin=6.82708775, Emax=76.73912719
realization 170 / 300 ... accepted 170. Emin=9.86101847, Emax=55.37464013
realization 171 / 300 ... accepted 171. Emin=-13.42027769, Emax=46.04602566
realization 172 / 300 ... accepted 172. Emin=3.12360837, Emax=82.04289327
realization 173 / 300 ... accepted 173. Emin=-35.12346815, Emax=60.35017868
realization 174 / 300 ... accepted 174. Emin=3.87777619, Emax=62.31449591
realization 175 / 300 ... accepted 175. Emin=-26.65695547, Emax=66.84328563
realization 176 / 300 ... accepted 176. Emin=10.20816284, Emax=81.25570973
realization 177 / 300 ... accepted 177. Emin=-20.08911181, Emax=57.13228792
realization 178 / 300 ... accepted 178. Emin=-22.96941093, Emax=49.63850878
realization 179 / 300 ... accepted 179. Emin=-16.71802261, Emax=50.24503361
realization 180 / 300 ... accepted 180. Emin=-35.92488534, Emax=21.72886231
realization 181 / 300 ... accepted 181. Emin=-26.52717400, Emax=45.03417182
realization 182 / 300 ... accepted 182. Emin=1.14847973, Emax=85.41272191
realization 183 / 300 ... accepted 183. Emin=-39.30644995, Emax=27.39312234
realization 184 / 300 ... accepted 184. Emin=4.52416580, Emax=53.34646955
realization 185 / 300 ... accepted 185. Emin=-5.51467617, Emax=66.57788102
realization 186 / 300 ... accepted 186. Emin=-23.52269897, Emax=40.09244206
realization 187 / 300 ... accepted 187. Emin=6.40909988, Emax=76.64053084
realization 188 / 300 ... accepted 188. Emin=-22.81748078, Emax=34.71922513
realization 189 / 300 ... accepted 189. Emin=-8.94193426, Emax=55.67657073
realization 190 / 300 ... accepted 190. Emin=-25.25287820, Emax=44.73299091
realization 191 / 300 ... accepted 191. Emin=-40.93440085, Emax=36.50705273
realization 192 / 300 ... accepted 192. Emin=-26.80845438, Emax=27.06961557
realization 193 / 300 ... accepted 193. Emin=-0.94663322, Emax=71.44282700
realization 194 / 300 ... accepted 194. Emin=-29.83393390, Emax=39.69788452
realization 195 / 300 ... accepted 195. Emin=-8.80224987, Emax=50.92789465
realization 196 / 300 ... accepted 196. Emin=-1.83165416, Emax=59.24366519
realization 197 / 300 ... accepted 197. Emin=7.70232504, Emax=74.13170292
realization 198 / 300 ... accepted 198. Emin=-27.96209603, Emax=30.78887348
realization 199 / 300 ... accepted 199. Emin=3.71791330, Emax=68.35181988
realization 200 / 300 ... accepted 200. Emin=-31.46309959, Emax=18.44949602
realization 201 / 300 ... accepted 201. Emin=-7.07009465, Emax=62.19142559
realization 202 / 300 ... accepted 202. Emin=-1.60542673, Emax=64.53734380
realization 203 / 300 ... accepted 203. Emin=-23.52673891, Emax=54.15860514
realization 204 / 300 ... accepted 204. Emin=-28.38311554, Emax=44.09048545
realization 205 / 300 ... accepted 205. Emin=11.18068857, Emax=65.65286749
realization 206 / 300 ... accepted 206. Emin=-39.32155377, Emax=55.94646508
realization 207 / 300 ... accepted 207. Emin=-10.92276845, Emax=51.96359699
realization 208 / 300 ... accepted 208. Emin=-16.65718195, Emax=45.33602186
realization 209 / 300 ... accepted 209. Emin=-19.54961299, Emax=35.91392089
realization 210 / 300 ... accepted 210. Emin=-17.85908605, Emax=30.48214702
realization 211 / 300 ... accepted 211. Emin=2.46453997, Emax=57.12341631
realization 212 / 300 ... accepted 212. Emin=-12.87699352, Emax=59.89487717
realization 213 / 300 ... accepted 213. Emin=-12.31629072, Emax=54.86245992
realization 214 / 300 ... accepted 214. Emin=-18.22119835, Emax=72.49283804
realization 215 / 300 ... accepted 215. Emin=9.00757551, Emax=87.70898646
realization 216 / 300 ... accepted 216. Emin=-25.60669928, Emax=66.07218564
realization 217 / 300 ... accepted 217. Emin=41.32471645, Emax=90.82192771
realization 218 / 300 ... accepted 218. Emin=-14.16364879, Emax=46.57501493
realization 219 / 300 ... accepted 219. Emin=-44.99932376, Emax=8.96759474
realization 220 / 300 ... accepted 220. Emin=-17.71460006, Emax=53.44972730
realization 221 / 300 ... accepted 221. Emin=-21.79266130, Emax=30.73085178
realization 222 / 300 ... accepted 222. Emin=2.50053183, Emax=69.64282595
realization 223 / 300 ... accepted 223. Emin=-32.37068140, Emax=53.89731271
realization 224 / 300 ... accepted 224. Emin=-43.25284983, Emax=31.93230203
realization 225 / 300 ... accepted 225. Emin=-39.63300034, Emax=22.94108937
realization 226 / 300 ... accepted 226. Emin=24.12933188, Emax=74.32664598
realization 227 / 300 ... accepted 227. Emin=-37.91371532, Emax=30.76708451
realization 228 / 300 ... accepted 228. Emin=-13.27983478, Emax=73.61948691
realization 229 / 300 ... accepted 229. Emin=6.37364148, Emax=70.20092468
realization 230 / 300 ... accepted 230. Emin=6.64093343, Emax=65.70891579
realization 231 / 300 ... accepted 231. Emin=-13.72333869, Emax=64.29225036
realization 232 / 300 ... accepted 232. Emin=-5.97429295, Emax=59.79426174
realization 233 / 300 ... accepted 233. Emin=-21.74280051, Emax=32.92288390
realization 234 / 300 ... accepted 234. Emin=-27.37282539, Emax=44.81105686
realization 235 / 300 ... accepted 235. Emin=-12.90919122, Emax=52.54284098
realization 236 / 300 ... accepted 236. Emin=-21.20955944, Emax=51.78233955
realization 237 / 300 ... accepted 237. Emin=-18.82840985, Emax=40.40390464
realization 238 / 300 ... accepted 238. Emin=-30.00908969, Emax=37.09334247
realization 239 / 300 ... accepted 239. Emin=-21.68210120, Emax=48.92296024
realization 240 / 300 ... accepted 240. Emin=-12.74313276, Emax=72.96874278
realization 241 / 300 ... accepted 241. Emin=13.41563756, Emax=83.40301633
realization 242 / 300 ... accepted 242. Emin=-11.50582803, Emax=30.83684117
realization 243 / 300 ... accepted 243. Emin=-3.57570307, Emax=53.43398013
realization 244 / 300 ... accepted 244. Emin=-43.14647483, Emax=23.83723672
realization 245 / 300 ... accepted 245. Emin=-38.54768982, Emax=54.49405038
realization 246 / 300 ... accepted 246. Emin=-27.56908012, Emax=59.23534081
realization 247 / 300 ... accepted 247. Emin=1.72436461, Emax=78.70890028
realization 248 / 300 ... accepted 248. Emin=20.31494506, Emax=81.43078145
realization 249 / 300 ... accepted 249. Emin=-23.73609037, Emax=56.19728098
realization 250 / 300 ... accepted 250. Emin=-4.76251276, Emax=70.85168762
realization 251 / 300 ... accepted 251. Emin=-33.24964967, Emax=62.68440890
realization 252 / 300 ... accepted 252. Emin=7.36809497, Emax=76.74607006
realization 253 / 300 ... accepted 253. Emin=-43.85799487, Emax=14.00730885
realization 254 / 300 ... accepted 254. Emin=-34.98165979, Emax=44.85431458
realization 255 / 300 ... accepted 255. Emin=10.32063321, Emax=76.93228491
realization 256 / 300 ... accepted 256. Emin=-28.71603226, Emax=40.02631850
realization 257 / 300 ... accepted 257. Emin=6.94491260, Emax=68.42958650
realization 258 / 300 ... accepted 258. Emin=-53.05842332, Emax=-0.08136979
realization 259 / 300 ... accepted 259. Emin=-10.16666178, Emax=76.27079396
realization 260 / 300 ... accepted 260. Emin=-4.48225669, Emax=72.98802071
realization 261 / 300 ... accepted 261. Emin=0.15863520, Emax=73.87070249
realization 262 / 300 ... accepted 262. Emin=-1.18766343, Emax=76.02486316
realization 263 / 300 ... accepted 263. Emin=-15.99649773, Emax=64.48265597
realization 264 / 300 ... accepted 264. Emin=-4.11802940, Emax=56.54162712
realization 265 / 300 ... accepted 265. Emin=-18.58529778, Emax=41.41568498
realization 266 / 300 ... accepted 266. Emin=-28.31864523, Emax=57.47994633
realization 267 / 300 ... accepted 267. Emin=-0.85455339, Emax=69.68924926
realization 268 / 300 ... accepted 268. Emin=-19.11625712, Emax=88.86753679
realization 269 / 300 ... accepted 269. Emin=0.37650284, Emax=58.49465040
realization 270 / 300 ... accepted 270. Emin=-7.57556280, Emax=58.26283388
realization 271 / 300 ... accepted 271. Emin=7.35245793, Emax=78.65890637
realization 272 / 300 ... accepted 272. Emin=-6.78835892, Emax=41.94490697
realization 273 / 300 ... accepted 273. Emin=-29.14292047, Emax=45.38866792
realization 274 / 300 ... accepted 274. Emin=-16.99432852, Emax=53.13876665
realization 275 / 300 ... accepted 275. Emin=-35.13939172, Emax=26.78023219
realization 276 / 300 ... accepted 276. Emin=-37.32911960, Emax=48.59368797
realization 277 / 300 ... accepted 277. Emin=-47.04345590, Emax=20.65038974
realization 278 / 300 ... accepted 278. Emin=-16.79326418, Emax=55.60930935
realization 279 / 300 ... accepted 279. Emin=-14.13776276, Emax=67.72793502
realization 280 / 300 ... accepted 280. Emin=16.72626815, Emax=66.93470368
realization 281 / 300 ... accepted 281. Emin=-28.08162157, Emax=44.59091984
realization 282 / 300 ... accepted 282. Emin=5.47937744, Emax=82.46927848
realization 283 / 300 ... accepted 283. Emin=-16.71495854, Emax=63.15335937
realization 284 / 300 ... accepted 284. Emin=-17.87304884, Emax=34.82336599
realization 285 / 300 ... accepted 285. Emin=-17.58639141, Emax=48.67253394
realization 286 / 300 ... accepted 286. Emin=-21.39229692, Emax=38.38171190
realization 287 / 300 ... accepted 287. Emin=-26.35191115, Emax=48.72373840
realization 288 / 300 ... accepted 288. Emin=-14.14530599, Emax=66.70413848
realization 289 / 300 ... accepted 289. Emin=-37.76997262, Emax=36.34082740
realization 290 / 300 ... accepted 290. Emin=-35.88737170, Emax=39.04292117
realization 291 / 300 ... accepted 291. Emin=-35.35752754, Emax=39.18809315
realization 292 / 300 ... accepted 292. Emin=-0.28548043, Emax=68.13151432
realization 293 / 300 ... accepted 293. Emin=-18.59247806, Emax=61.81192979
realization 294 / 300 ... accepted 294. Emin=-18.65702444, Emax=50.09029125
realization 295 / 300 ... accepted 295. Emin=-36.80991298, Emax=28.13508873
realization 296 / 300 ... accepted 296. Emin=-32.78920549, Emax=4.87512880
realization 297 / 300 ... accepted 297. Emin=-17.45887496, Emax=45.05365141
realization 298 / 300 ... accepted 298. Emin=-23.39337130, Emax=49.50815148
realization 299 / 300 ... accepted 299. Emin=-16.59916560, Emax=39.23111802
realization 300 / 300 ... accepted 300. Emin=-2.98391828, Emax=66.19783870
Saved final energies: /home/2/kj405942/POLFED_bosons/pbs_bose_legacy_nmax2_periodic/data/U_4/W_12/L_6/N_6_nmax_2/boundary_periodic/energies_full_U4_L6_N6_nmax2_W12_boundaryperiodic_nreal300.txt
Accepted realizations: 300 / 300
Skipped realizations: 0
Job finished at Sun May 31 18:05:23 UTC 2026
