Job started on w20 at Sun May 31 17:56:44 UTC 2026
PBS_JOBID=7731344.kruk-host.ift-klaster.lan
PBS_O_WORKDIR=/home/2/kj405942/POLFED_bosons
Bose-Hubbard: L=6, N=6, nmax=2, dim=141
t=1, U=4, W=5, nreal=300, boundary=periodic, mode=full
Writing partial results to /home/2/kj405942/POLFED_bosons/pbs_bose_legacy_nmax2_periodic/data/U_4/W_5/L_6/N_6_nmax_2/boundary_periodic/energies_full_U4_L6_N6_nmax2_W5_boundaryperiodic_nreal300_partial.txt
realization 1 / 300 ... accepted 1. Emin=9.44438674, Emax=45.43522294
realization 2 / 300 ... accepted 2. Emin=-12.34650675, Emax=31.20783744
realization 3 / 300 ... accepted 3. Emin=-12.30461946, Emax=30.36271489
realization 4 / 300 ... accepted 4. Emin=-5.51161689, Emax=29.83333909
realization 5 / 300 ... accepted 5. Emin=-8.14477118, Emax=37.93042491
realization 6 / 300 ... accepted 6. Emin=-7.29464943, Emax=39.52854037
realization 7 / 300 ... accepted 7. Emin=-0.22025517, Emax=38.16189698
realization 8 / 300 ... accepted 8. Emin=-11.21547236, Emax=33.41275705
realization 9 / 300 ... accepted 9. Emin=-10.02386423, Emax=29.24841321
realization 10 / 300 ... accepted 10. Emin=-2.64397997, Emax=41.57333477
realization 11 / 300 ... accepted 11. Emin=-8.49502650, Emax=35.44462339
realization 12 / 300 ... accepted 12. Emin=-5.00661657, Emax=30.92554099
realization 13 / 300 ... accepted 13. Emin=-7.04454768, Emax=35.26873984
realization 14 / 300 ... accepted 14. Emin=-13.18293236, Emax=28.47462146
realization 15 / 300 ... accepted 15. Emin=-4.85865377, Emax=35.24326398
realization 16 / 300 ... accepted 16. Emin=-1.43591100, Emax=35.11095283
realization 17 / 300 ... accepted 17. Emin=-20.18196450, Emax=16.79689655
realization 18 / 300 ... accepted 18. Emin=-14.22424026, Emax=25.48592624
realization 19 / 300 ... accepted 19. Emin=-4.42755044, Emax=42.69834526
realization 20 / 300 ... accepted 20. Emin=-11.96302420, Emax=34.54556999
realization 21 / 300 ... accepted 21. Emin=-3.46275036, Emax=40.08753417
realization 22 / 300 ... accepted 22. Emin=-8.70846106, Emax=29.28563785
realization 23 / 300 ... accepted 23. Emin=-2.58868616, Emax=39.87505065
realization 24 / 300 ... accepted 24. Emin=-9.36311779, Emax=32.02624669
realization 25 / 300 ... accepted 25. Emin=-4.41701856, Emax=35.67903836
realization 26 / 300 ... accepted 26. Emin=-9.52343412, Emax=36.57347527
realization 27 / 300 ... accepted 27. Emin=-6.79708988, Emax=35.35547550
realization 28 / 300 ... accepted 28. Emin=-12.29932255, Emax=31.02473181
realization 29 / 300 ... accepted 29. Emin=-3.04696675, Emax=38.31297661
realization 30 / 300 ... accepted 30. Emin=-1.55980116, Emax=37.71289122
realization 31 / 300 ... accepted 31. Emin=-0.92235662, Emax=36.14567602
realization 32 / 300 ... accepted 32. Emin=-8.95716022, Emax=35.41843847
realization 33 / 300 ... accepted 33. Emin=-2.69809757, Emax=40.66416482
realization 34 / 300 ... accepted 34. Emin=5.91807433, Emax=47.98808401
realization 35 / 300 ... accepted 35. Emin=-1.97673898, Emax=45.12143135
realization 36 / 300 ... accepted 36. Emin=1.09369527, Emax=43.30928189
realization 37 / 300 ... accepted 37. Emin=-6.34151399, Emax=46.76960975
realization 38 / 300 ... accepted 38. Emin=-11.06533312, Emax=29.02744658
realization 39 / 300 ... accepted 39. Emin=-7.93745779, Emax=31.28510610
realization 40 / 300 ... accepted 40. Emin=-12.46579370, Emax=25.25537359
realization 41 / 300 ... accepted 41. Emin=-10.45554700, Emax=36.33855512
realization 42 / 300 ... accepted 42. Emin=-4.60244809, Emax=35.08535403
realization 43 / 300 ... accepted 43. Emin=2.82457003, Emax=49.46322822
realization 44 / 300 ... accepted 44. Emin=-1.90220681, Emax=34.50279230
realization 45 / 300 ... accepted 45. Emin=-8.02973346, Emax=42.79440786
realization 46 / 300 ... accepted 46. Emin=-13.56994714, Emax=34.72985365
realization 47 / 300 ... accepted 47. Emin=-8.03811085, Emax=31.90908158
realization 48 / 300 ... accepted 48. Emin=-17.11323435, Emax=21.50390219
realization 49 / 300 ... accepted 49. Emin=-0.55802333, Emax=46.20024710
realization 50 / 300 ... accepted 50. Emin=-5.36718840, Emax=39.47144042
realization 51 / 300 ... accepted 51. Emin=-1.15556339, Emax=40.16014645
realization 52 / 300 ... accepted 52. Emin=8.55408981, Emax=39.37665968
realization 53 / 300 ... accepted 53. Emin=-8.66777158, Emax=36.67982263
realization 54 / 300 ... accepted 54. Emin=1.25023987, Emax=44.42442651
realization 55 / 300 ... accepted 55. Emin=-2.14279745, Emax=37.93816021
realization 56 / 300 ... accepted 56. Emin=2.56266708, Emax=43.40880838
realization 57 / 300 ... accepted 57. Emin=-2.72174036, Emax=33.66856194
realization 58 / 300 ... accepted 58. Emin=-6.76582938, Emax=34.89006326
realization 59 / 300 ... accepted 59. Emin=-10.50031611, Emax=28.19626105
realization 60 / 300 ... accepted 60. Emin=-12.35673872, Emax=31.84116875
realization 61 / 300 ... accepted 61. Emin=9.06999313, Emax=46.75913345
realization 62 / 300 ... accepted 62. Emin=-10.71669447, Emax=36.32666743
realization 63 / 300 ... accepted 63. Emin=-5.03920280, Emax=41.59753128
realization 64 / 300 ... accepted 64. Emin=1.06228081, Emax=42.70710652
realization 65 / 300 ... accepted 65. Emin=6.82038950, Emax=41.18934665
realization 66 / 300 ... accepted 66. Emin=-15.97496092, Emax=24.07100414
realization 67 / 300 ... accepted 67. Emin=-9.53978812, Emax=37.61205291
realization 68 / 300 ... accepted 68. Emin=-10.61158916, Emax=31.25589551
realization 69 / 300 ... accepted 69. Emin=-1.77406428, Emax=46.89401635
realization 70 / 300 ... accepted 70. Emin=0.66964470, Emax=40.90596383
realization 71 / 300 ... accepted 71. Emin=-3.40389497, Emax=36.20587997
realization 72 / 300 ... accepted 72. Emin=-8.68474505, Emax=35.16356085
realization 73 / 300 ... accepted 73. Emin=-8.56734570, Emax=32.18787873
realization 74 / 300 ... accepted 74. Emin=-9.16279797, Emax=34.55813403
realization 75 / 300 ... accepted 75. Emin=2.07960139, Emax=42.17513725
realization 76 / 300 ... accepted 76. Emin=-1.09768159, Emax=46.38225280
realization 77 / 300 ... accepted 77. Emin=1.46280509, Emax=39.21317438
realization 78 / 300 ... accepted 78. Emin=0.07052421, Emax=38.13022171
realization 79 / 300 ... accepted 79. Emin=-7.46603850, Emax=37.66669934
realization 80 / 300 ... accepted 80. Emin=-11.56923154, Emax=28.50932930
realization 81 / 300 ... accepted 81. Emin=0.10328088, Emax=44.09661124
realization 82 / 300 ... accepted 82. Emin=5.92645261, Emax=47.87971546
realization 83 / 300 ... accepted 83. Emin=9.86843597, Emax=46.78435991
realization 84 / 300 ... accepted 84. Emin=7.95325931, Emax=50.59265441
realization 85 / 300 ... accepted 85. Emin=-5.11061664, Emax=40.28959533
realization 86 / 300 ... accepted 86. Emin=-5.41159087, Emax=43.66305314
realization 87 / 300 ... accepted 87. Emin=-5.74345456, Emax=36.30149507
realization 88 / 300 ... accepted 88. Emin=3.09764690, Emax=49.31441436
realization 89 / 300 ... accepted 89. Emin=-7.22665569, Emax=35.09615823
realization 90 / 300 ... accepted 90. Emin=-4.97467408, Emax=39.87704691
realization 91 / 300 ... accepted 91. Emin=-1.32571446, Emax=43.92287039
realization 92 / 300 ... accepted 92. Emin=6.34818069, Emax=46.47879746
realization 93 / 300 ... accepted 93. Emin=-2.87178502, Emax=45.16680309
realization 94 / 300 ... accepted 94. Emin=-10.76244332, Emax=28.64386346
realization 95 / 300 ... accepted 95. Emin=0.73634828, Emax=48.15742332
realization 96 / 300 ... accepted 96. Emin=-1.33310147, Emax=37.88643104
realization 97 / 300 ... accepted 97. Emin=-13.44225994, Emax=32.52736347
realization 98 / 300 ... accepted 98. Emin=-17.12540929, Emax=17.15573563
realization 99 / 300 ... accepted 99. Emin=-6.04209769, Emax=32.45936539
realization 100 / 300 ... accepted 100. Emin=10.34083078, Emax=44.99356621
realization 101 / 300 ... accepted 101. Emin=7.79854280, Emax=45.45173655
realization 102 / 300 ... accepted 102. Emin=-14.84646096, Emax=17.09644832
realization 103 / 300 ... accepted 103. Emin=-7.56227113, Emax=31.47077534
realization 104 / 300 ... accepted 104. Emin=8.12378691, Emax=48.37663634
realization 105 / 300 ... accepted 105. Emin=-9.12379984, Emax=37.01802420
realization 106 / 300 ... accepted 106. Emin=-6.88785167, Emax=28.28972513
realization 107 / 300 ... accepted 107. Emin=1.36757202, Emax=36.36864683
realization 108 / 300 ... accepted 108. Emin=-8.86421397, Emax=32.41548985
realization 109 / 300 ... accepted 109. Emin=4.24571347, Emax=48.77788527
realization 110 / 300 ... accepted 110. Emin=-11.79116004, Emax=26.33649693
realization 111 / 300 ... accepted 111. Emin=-11.37176686, Emax=31.20300121
realization 112 / 300 ... accepted 112. Emin=-3.43886436, Emax=39.97385379
realization 113 / 300 ... accepted 113. Emin=-3.96294969, Emax=38.58525076
realization 114 / 300 ... accepted 114. Emin=11.38239146, Emax=49.67182767
realization 115 / 300 ... accepted 115. Emin=-2.52444393, Emax=36.95526006
realization 116 / 300 ... accepted 116. Emin=-9.32169215, Emax=28.17309918
realization 117 / 300 ... accepted 117. Emin=-14.33494465, Emax=20.13080081
realization 118 / 300 ... accepted 118. Emin=-3.21395014, Emax=29.52591659
realization 119 / 300 ... accepted 119. Emin=-3.45634184, Emax=39.02407898
realization 120 / 300 ... accepted 120. Emin=-2.45748091, Emax=48.86532038
realization 121 / 300 ... accepted 121. Emin=-11.95604386, Emax=26.83636304
realization 122 / 300 ... accepted 122. Emin=-5.47801187, Emax=37.49492667
realization 123 / 300 ... accepted 123. Emin=-5.75951655, Emax=39.29444405
realization 124 / 300 ... accepted 124. Emin=-9.15239301, Emax=35.80013594
realization 125 / 300 ... accepted 125. Emin=-3.55023533, Emax=38.34556612
realization 126 / 300 ... accepted 126. Emin=-5.14734121, Emax=39.16835909
realization 127 / 300 ... accepted 127. Emin=2.15909011, Emax=41.54328177
realization 128 / 300 ... accepted 128. Emin=-17.73834865, Emax=20.08501176
realization 129 / 300 ... accepted 129. Emin=-7.94380958, Emax=33.96841355
realization 130 / 300 ... accepted 130. Emin=-4.91797885, Emax=40.40404033
realization 131 / 300 ... accepted 131. Emin=2.41353209, Emax=39.69268190
realization 132 / 300 ... accepted 132. Emin=0.89369824, Emax=34.50253703
realization 133 / 300 ... accepted 133. Emin=6.23731807, Emax=45.29911961
realization 134 / 300 ... accepted 134. Emin=-12.71599108, Emax=28.76993175
realization 135 / 300 ... accepted 135. Emin=-4.31435020, Emax=44.15753876
realization 136 / 300 ... accepted 136. Emin=8.69224972, Emax=44.18216267
realization 137 / 300 ... accepted 137. Emin=-5.88833189, Emax=27.84627108
realization 138 / 300 ... accepted 138. Emin=-3.92330767, Emax=33.79410557
realization 139 / 300 ... accepted 139. Emin=5.63760601, Emax=48.92090271
realization 140 / 300 ... accepted 140. Emin=-2.32350140, Emax=44.66932756
realization 141 / 300 ... accepted 141. Emin=5.44787183, Emax=50.49532900
realization 142 / 300 ... accepted 142. Emin=2.85506204, Emax=42.59512260
realization 143 / 300 ... accepted 143. Emin=-9.40622557, Emax=41.73343744
realization 144 / 300 ... accepted 144. Emin=-7.92921012, Emax=32.78535989
realization 145 / 300 ... accepted 145. Emin=-14.26473037, Emax=23.72451466
realization 146 / 300 ... accepted 146. Emin=-4.04430196, Emax=37.22283886
realization 147 / 300 ... accepted 147. Emin=2.59488635, Emax=42.01366813
realization 148 / 300 ... accepted 148. Emin=-4.33490679, Emax=33.75119677
realization 149 / 300 ... accepted 149. Emin=-20.25646963, Emax=14.38615601
realization 150 / 300 ... accepted 150. Emin=-0.53261423, Emax=50.34589696
realization 151 / 300 ... accepted 151. Emin=-14.44880136, Emax=30.22413797
realization 152 / 300 ... accepted 152. Emin=-5.04729143, Emax=45.92603346
realization 153 / 300 ... accepted 153. Emin=-5.66251938, Emax=34.86324332
realization 154 / 300 ... accepted 154. Emin=-8.15928329, Emax=26.38814804
realization 155 / 300 ... accepted 155. Emin=1.42318768, Emax=44.44532730
realization 156 / 300 ... accepted 156. Emin=-0.54089659, Emax=44.26774862
realization 157 / 300 ... accepted 157. Emin=-13.66987036, Emax=31.79981803
realization 158 / 300 ... accepted 158. Emin=-1.36872160, Emax=42.26340206
realization 159 / 300 ... accepted 159. Emin=11.08627908, Emax=49.66958584
realization 160 / 300 ... accepted 160. Emin=3.45651723, Emax=48.18070161
realization 161 / 300 ... accepted 161. Emin=-14.66990438, Emax=20.40553897
realization 162 / 300 ... accepted 162. Emin=-10.22685149, Emax=38.17322030
realization 163 / 300 ... accepted 163. Emin=-5.15884719, Emax=36.62627477
realization 164 / 300 ... accepted 164. Emin=1.66829317, Emax=42.57332138
realization 165 / 300 ... accepted 165. Emin=6.71661061, Emax=49.03337960
realization 166 / 300 ... accepted 166. Emin=0.53220400, Emax=39.58371720
realization 167 / 300 ... accepted 167. Emin=-5.95328233, Emax=30.78231832
realization 168 / 300 ... accepted 168. Emin=-10.22269444, Emax=38.91176629
realization 169 / 300 ... accepted 169. Emin=-2.69227082, Emax=38.89722733
realization 170 / 300 ... accepted 170. Emin=-11.98051441, Emax=27.99821952
realization 171 / 300 ... accepted 171. Emin=-8.52195758, Emax=28.81217536
realization 172 / 300 ... accepted 172. Emin=-0.32591620, Emax=38.18280194
realization 173 / 300 ... accepted 173. Emin=0.90012217, Emax=44.27381496
realization 174 / 300 ... accepted 174. Emin=5.57479836, Emax=49.86660730
realization 175 / 300 ... accepted 175. Emin=-10.35662820, Emax=32.28713703
realization 176 / 300 ... accepted 176. Emin=2.78147444, Emax=45.52735404
realization 177 / 300 ... accepted 177. Emin=4.94375605, Emax=44.53269744
realization 178 / 300 ... accepted 178. Emin=11.52423436, Emax=48.04243744
realization 179 / 300 ... accepted 179. Emin=-15.49178351, Emax=21.36903280
realization 180 / 300 ... accepted 180. Emin=6.12018695, Emax=45.45580069
realization 181 / 300 ... accepted 181. Emin=-2.20128315, Emax=45.83069119
realization 182 / 300 ... accepted 182. Emin=0.28562403, Emax=47.35656509
realization 183 / 300 ... accepted 183. Emin=-1.04129287, Emax=37.70699044
realization 184 / 300 ... accepted 184. Emin=-8.20779866, Emax=35.13220196
realization 185 / 300 ... accepted 185. Emin=-2.77693468, Emax=38.97642365
realization 186 / 300 ... accepted 186. Emin=8.91612052, Emax=45.95441576
realization 187 / 300 ... accepted 187. Emin=-8.61597509, Emax=36.55559208
realization 188 / 300 ... accepted 188. Emin=-4.16416935, Emax=39.81998530
realization 189 / 300 ... accepted 189. Emin=-5.90319894, Emax=48.26009347
realization 190 / 300 ... accepted 190. Emin=1.51318461, Emax=40.04722292
realization 191 / 300 ... accepted 191. Emin=0.78004811, Emax=51.59108028
realization 192 / 300 ... accepted 192. Emin=1.55296388, Emax=50.40526142
realization 193 / 300 ... accepted 193. Emin=-6.42232228, Emax=31.36729340
realization 194 / 300 ... accepted 194. Emin=0.73547719, Emax=42.40209991
realization 195 / 300 ... accepted 195. Emin=-0.64828243, Emax=40.94071344
realization 196 / 300 ... accepted 196. Emin=-6.11989001, Emax=36.19711937
realization 197 / 300 ... accepted 197. Emin=-0.49302212, Emax=38.62100460
realization 198 / 300 ... accepted 198. Emin=1.19951732, Emax=41.57858571
realization 199 / 300 ... accepted 199. Emin=-4.89226734, Emax=41.71695566
realization 200 / 300 ... accepted 200. Emin=11.20280149, Emax=48.37590188
realization 201 / 300 ... accepted 201. Emin=-15.13549805, Emax=21.32065435
realization 202 / 300 ... accepted 202. Emin=-13.15195963, Emax=31.41890220
realization 203 / 300 ... accepted 203. Emin=-11.57682682, Emax=37.85881963
realization 204 / 300 ... accepted 204. Emin=-1.97692515, Emax=44.28411317
realization 205 / 300 ... accepted 205. Emin=-2.56381635, Emax=39.46256374
realization 206 / 300 ... accepted 206. Emin=-5.89910408, Emax=35.17670127
realization 207 / 300 ... accepted 207. Emin=0.13565358, Emax=51.45852941
realization 208 / 300 ... accepted 208. Emin=-1.99414809, Emax=39.50358189
realization 209 / 300 ... accepted 209. Emin=-5.25345730, Emax=35.64665784
realization 210 / 300 ... accepted 210. Emin=-12.79659107, Emax=21.34556779
realization 211 / 300 ... accepted 211. Emin=-6.54895628, Emax=35.59962387
realization 212 / 300 ... accepted 212. Emin=-1.49263635, Emax=37.34413932
realization 213 / 300 ... accepted 213. Emin=-3.24608361, Emax=34.71148020
realization 214 / 300 ... accepted 214. Emin=-9.78281894, Emax=27.65100648
realization 215 / 300 ... accepted 215. Emin=-4.49813175, Emax=41.55943363
realization 216 / 300 ... accepted 216. Emin=-9.88205057, Emax=33.06533753
realization 217 / 300 ... accepted 217. Emin=-5.35609962, Emax=35.38781482
realization 218 / 300 ... accepted 218. Emin=-5.36603814, Emax=40.10209146
realization 219 / 300 ... accepted 219. Emin=0.51454691, Emax=39.52884453
realization 220 / 300 ... accepted 220. Emin=-2.68748307, Emax=35.64404411
realization 221 / 300 ... accepted 221. Emin=-3.23896080, Emax=37.38372734
realization 222 / 300 ... accepted 222. Emin=-9.52675517, Emax=32.66307290
realization 223 / 300 ... accepted 223. Emin=-8.30565891, Emax=33.33527104
realization 224 / 300 ... accepted 224. Emin=-9.87098540, Emax=31.79388250
realization 225 / 300 ... accepted 225. Emin=-10.71134482, Emax=36.78247686
realization 226 / 300 ... accepted 226. Emin=-0.86726911, Emax=46.83397085
realization 227 / 300 ... accepted 227. Emin=-14.63483649, Emax=32.34432814
realization 228 / 300 ... accepted 228. Emin=-14.62782199, Emax=23.71612096
realization 229 / 300 ... accepted 229. Emin=-0.23180516, Emax=48.23755757
realization 230 / 300 ... accepted 230. Emin=-7.22693643, Emax=35.91395651
realization 231 / 300 ... accepted 231. Emin=-14.42210013, Emax=23.29654526
realization 232 / 300 ... accepted 232. Emin=-11.43290952, Emax=30.16121400
realization 233 / 300 ... accepted 233. Emin=-0.86402355, Emax=39.33237454
realization 234 / 300 ... accepted 234. Emin=-6.16399596, Emax=37.10610661
realization 235 / 300 ... accepted 235. Emin=-13.37970420, Emax=28.57104528
realization 236 / 300 ... accepted 236. Emin=-1.04454735, Emax=37.57680850
realization 237 / 300 ... accepted 237. Emin=-0.35170094, Emax=39.33927186
realization 238 / 300 ... accepted 238. Emin=-5.79210907, Emax=38.33710736
realization 239 / 300 ... accepted 239. Emin=-5.40767033, Emax=34.20570597
realization 240 / 300 ... accepted 240. Emin=-2.48627614, Emax=38.84722858
realization 241 / 300 ... accepted 241. Emin=-11.96511513, Emax=30.34807606
realization 242 / 300 ... accepted 242. Emin=-15.50534034, Emax=33.36804781
realization 243 / 300 ... accepted 243. Emin=-15.03362403, Emax=24.21106146
realization 244 / 300 ... accepted 244. Emin=-9.78393024, Emax=33.74686866
realization 245 / 300 ... accepted 245. Emin=3.69103702, Emax=44.97558707
realization 246 / 300 ... accepted 246. Emin=-8.26206174, Emax=34.08714788
realization 247 / 300 ... accepted 247. Emin=-6.64378555, Emax=28.22785341
realization 248 / 300 ... accepted 248. Emin=-8.84668394, Emax=30.13498429
realization 249 / 300 ... accepted 249. Emin=-16.33100183, Emax=21.46814490
realization 250 / 300 ... accepted 250. Emin=4.17646154, Emax=43.11130458
realization 251 / 300 ... accepted 251. Emin=-19.82156686, Emax=14.85566416
realization 252 / 300 ... accepted 252. Emin=-4.52151687, Emax=41.45019813
realization 253 / 300 ... accepted 253. Emin=-6.57553934, Emax=38.12326749
realization 254 / 300 ... accepted 254. Emin=-3.31140776, Emax=43.87499379
realization 255 / 300 ... accepted 255. Emin=-2.70562875, Emax=32.53817840
realization 256 / 300 ... accepted 256. Emin=-5.59768789, Emax=41.83189670
realization 257 / 300 ... accepted 257. Emin=-1.51378468, Emax=38.23854899
realization 258 / 300 ... accepted 258. Emin=-8.79576644, Emax=38.58403845
realization 259 / 300 ... accepted 259. Emin=4.95349868, Emax=44.94025450
realization 260 / 300 ... accepted 260. Emin=-14.11074278, Emax=27.55172899
realization 261 / 300 ... accepted 261. Emin=-1.04917802, Emax=40.08669750
realization 262 / 300 ... accepted 262. Emin=-0.76171011, Emax=40.03037772
realization 263 / 300 ... accepted 263. Emin=-7.26508817, Emax=37.97661113
realization 264 / 300 ... accepted 264. Emin=-0.35955891, Emax=42.22525903
realization 265 / 300 ... accepted 265. Emin=13.44475175, Emax=49.92901110
realization 266 / 300 ... accepted 266. Emin=0.14273951, Emax=42.15728939
realization 267 / 300 ... accepted 267. Emin=-15.35907990, Emax=33.22218061
realization 268 / 300 ... accepted 268. Emin=-0.43088307, Emax=40.46023409
realization 269 / 300 ... accepted 269. Emin=-8.05036580, Emax=36.67087611
realization 270 / 300 ... accepted 270. Emin=1.87532686, Emax=42.96185027
realization 271 / 300 ... accepted 271. Emin=-5.73883158, Emax=35.63494824
realization 272 / 300 ... accepted 272. Emin=-16.83329405, Emax=24.93202216
realization 273 / 300 ... accepted 273. Emin=-10.17533768, Emax=34.53024409
realization 274 / 300 ... accepted 274. Emin=-6.83413032, Emax=36.86366443
realization 275 / 300 ... accepted 275. Emin=-0.19783333, Emax=39.42863203
realization 276 / 300 ... accepted 276. Emin=-9.75586251, Emax=32.02030294
realization 277 / 300 ... accepted 277. Emin=-9.74628596, Emax=33.21953326
realization 278 / 300 ... accepted 278. Emin=1.17176567, Emax=44.19965859
realization 279 / 300 ... accepted 279. Emin=-7.36766101, Emax=29.55263014
realization 280 / 300 ... accepted 280. Emin=-0.18496594, Emax=45.46183729
realization 281 / 300 ... accepted 281. Emin=-2.55795284, Emax=43.36635327
realization 282 / 300 ... accepted 282. Emin=-9.66811651, Emax=33.47355763
realization 283 / 300 ... accepted 283. Emin=12.57594873, Emax=45.71811405
realization 284 / 300 ... accepted 284. Emin=-3.38360078, Emax=37.78962791
realization 285 / 300 ... accepted 285. Emin=-7.49887835, Emax=28.86875881
realization 286 / 300 ... accepted 286. Emin=-9.37390179, Emax=40.26473513
realization 287 / 300 ... accepted 287. Emin=-10.24072390, Emax=41.41500161
realization 288 / 300 ... accepted 288. Emin=-1.75667865, Emax=33.79529752
realization 289 / 300 ... accepted 289. Emin=13.41420451, Emax=49.79120051
realization 290 / 300 ... accepted 290. Emin=-5.67488670, Emax=37.04441053
realization 291 / 300 ... accepted 291. Emin=-6.23782522, Emax=40.82395950
realization 292 / 300 ... accepted 292. Emin=-21.73385863, Emax=17.48113739
realization 293 / 300 ... accepted 293. Emin=-5.61019835, Emax=40.21634769
realization 294 / 300 ... accepted 294. Emin=-17.24479974, Emax=25.19394378
realization 295 / 300 ... accepted 295. Emin=-1.43324963, Emax=46.86706089
realization 296 / 300 ... accepted 296. Emin=-10.13407748, Emax=36.01807809
realization 297 / 300 ... accepted 297. Emin=-4.27549317, Emax=36.14132649
realization 298 / 300 ... accepted 298. Emin=-10.64667040, Emax=37.47573639
realization 299 / 300 ... accepted 299. Emin=-10.20125275, Emax=29.50421051
realization 300 / 300 ... accepted 300. Emin=-11.29023067, Emax=22.69534721
Saved final energies: /home/2/kj405942/POLFED_bosons/pbs_bose_legacy_nmax2_periodic/data/U_4/W_5/L_6/N_6_nmax_2/boundary_periodic/energies_full_U4_L6_N6_nmax2_W5_boundaryperiodic_nreal300.txt
Accepted realizations: 300 / 300
Skipped realizations: 0
Job finished at Sun May 31 17:58:13 UTC 2026
