Job started on w20 at Sun May 31 17:56:43 UTC 2026
PBS_JOBID=7731340.kruk-host.ift-klaster.lan
PBS_O_WORKDIR=/home/2/kj405942/POLFED_bosons
Bose-Hubbard: L=6, N=6, nmax=2, dim=141
t=1, U=4, W=1, nreal=300, boundary=periodic, mode=full
Writing partial results to /home/2/kj405942/POLFED_bosons/pbs_bose_legacy_nmax2_periodic/data/U_4/W_1/L_6/N_6_nmax_2/boundary_periodic/energies_full_U4_L6_N6_nmax2_W1_boundaryperiodic_nreal300_partial.txt
realization 1 / 300 ... accepted 1. Emin=-1.96689453, Emax=29.55038462
realization 2 / 300 ... accepted 2. Emin=-2.89454393, Emax=27.56896995
realization 3 / 300 ... accepted 3. Emin=-3.07848501, Emax=28.38544068
realization 4 / 300 ... accepted 4. Emin=-1.92326868, Emax=29.37405133
realization 5 / 300 ... accepted 5. Emin=-3.57636193, Emax=26.60409464
realization 6 / 300 ... accepted 6. Emin=-1.88977323, Emax=28.43905585
realization 7 / 300 ... accepted 7. Emin=-2.54142219, Emax=27.81531069
realization 8 / 300 ... accepted 8. Emin=-4.11999533, Emax=26.81270885
realization 9 / 300 ... accepted 9. Emin=-3.43024945, Emax=27.43229081
realization 10 / 300 ... accepted 10. Emin=-3.61147931, Emax=27.50900087
realization 11 / 300 ... accepted 11. Emin=-0.04089807, Emax=30.63912544
realization 12 / 300 ... accepted 12. Emin=-3.90390837, Emax=27.32994016
realization 13 / 300 ... accepted 13. Emin=-1.92813315, Emax=29.29632660
realization 14 / 300 ... accepted 14. Emin=-4.58702760, Emax=26.14672942
realization 15 / 300 ... accepted 15. Emin=-1.80424209, Emax=28.08338706
realization 16 / 300 ... accepted 16. Emin=-2.11744743, Emax=28.48476260
realization 17 / 300 ... accepted 17. Emin=-3.43991437, Emax=26.67628069
realization 18 / 300 ... accepted 18. Emin=-2.39915038, Emax=28.49747227
realization 19 / 300 ... accepted 19. Emin=-3.01229139, Emax=28.33736444
realization 20 / 300 ... accepted 20. Emin=-0.50413384, Emax=30.35593564
realization 21 / 300 ... accepted 21. Emin=-3.61162587, Emax=26.32009103
realization 22 / 300 ... accepted 22. Emin=-3.28445163, Emax=28.31943791
realization 23 / 300 ... accepted 23. Emin=0.45028764, Emax=30.16552476
realization 24 / 300 ... accepted 24. Emin=-3.56375673, Emax=27.74276720
realization 25 / 300 ... accepted 25. Emin=-1.70121090, Emax=29.70114299
realization 26 / 300 ... accepted 26. Emin=-3.77090164, Emax=26.70757000
realization 27 / 300 ... accepted 27. Emin=-2.80245298, Emax=28.40364838
realization 28 / 300 ... accepted 28. Emin=-3.41428814, Emax=28.82110012
realization 29 / 300 ... accepted 29. Emin=-4.11236404, Emax=26.99183037
realization 30 / 300 ... accepted 30. Emin=-3.21871376, Emax=28.36085158
realization 31 / 300 ... accepted 31. Emin=-3.17336352, Emax=27.15375138
realization 32 / 300 ... accepted 32. Emin=-3.70732405, Emax=27.49137040
realization 33 / 300 ... accepted 33. Emin=-1.30577117, Emax=28.45046991
realization 34 / 300 ... accepted 34. Emin=0.45489314, Emax=30.80232672
realization 35 / 300 ... accepted 35. Emin=-3.51154008, Emax=26.73652646
realization 36 / 300 ... accepted 36. Emin=-1.36584095, Emax=29.29210460
realization 37 / 300 ... accepted 37. Emin=-2.93570402, Emax=26.84249722
realization 38 / 300 ... accepted 38. Emin=-4.31932081, Emax=26.70303657
realization 39 / 300 ... accepted 39. Emin=-2.80097729, Emax=28.49836107
realization 40 / 300 ... accepted 40. Emin=-2.71521142, Emax=27.25148385
realization 41 / 300 ... accepted 41. Emin=-5.10172751, Emax=24.55334172
realization 42 / 300 ... accepted 42. Emin=-2.16582973, Emax=28.71290095
realization 43 / 300 ... accepted 43. Emin=-5.17603721, Emax=24.79669993
realization 44 / 300 ... accepted 44. Emin=-4.33556054, Emax=26.60087403
realization 45 / 300 ... accepted 45. Emin=-4.04317246, Emax=27.11168045
realization 46 / 300 ... accepted 46. Emin=-4.76777826, Emax=25.67164445
realization 47 / 300 ... accepted 47. Emin=-2.68429282, Emax=28.23074014
realization 48 / 300 ... accepted 48. Emin=-2.07615024, Emax=28.25029800
realization 49 / 300 ... accepted 49. Emin=-3.70942626, Emax=26.06834953
realization 50 / 300 ... accepted 50. Emin=-2.24592896, Emax=29.63464494
realization 51 / 300 ... accepted 51. Emin=-4.76866482, Emax=25.15646045
realization 52 / 300 ... accepted 52. Emin=-6.19618655, Emax=24.08306200
realization 53 / 300 ... accepted 53. Emin=-1.82538773, Emax=29.16375955
realization 54 / 300 ... accepted 54. Emin=-3.40817947, Emax=27.15171331
realization 55 / 300 ... accepted 55. Emin=-2.44493674, Emax=28.40489505
realization 56 / 300 ... accepted 56. Emin=-3.94600411, Emax=27.02377616
realization 57 / 300 ... accepted 57. Emin=-3.13411063, Emax=27.22702911
realization 58 / 300 ... accepted 58. Emin=-2.77616038, Emax=28.39616129
realization 59 / 300 ... accepted 59. Emin=-1.92572003, Emax=28.20882892
realization 60 / 300 ... accepted 60. Emin=-3.31402148, Emax=26.79788680
realization 61 / 300 ... accepted 61. Emin=-4.75336683, Emax=26.38869172
realization 62 / 300 ... accepted 62. Emin=-2.61754884, Emax=28.15590997
realization 63 / 300 ... accepted 63. Emin=-3.73893318, Emax=26.64053158
realization 64 / 300 ... accepted 64. Emin=-1.73208437, Emax=29.01318961
realization 65 / 300 ... accepted 65. Emin=-0.29347883, Emax=30.04560899
realization 66 / 300 ... accepted 66. Emin=-4.38858352, Emax=25.54789098
realization 67 / 300 ... accepted 67. Emin=-4.54777463, Emax=25.63556468
realization 68 / 300 ... accepted 68. Emin=-2.59766340, Emax=28.27747312
realization 69 / 300 ... accepted 69. Emin=-3.94965234, Emax=25.83429583
realization 70 / 300 ... accepted 70. Emin=-1.47800128, Emax=29.17379050
realization 71 / 300 ... accepted 71. Emin=-4.14006548, Emax=26.42565152
realization 72 / 300 ... accepted 72. Emin=-4.97361884, Emax=26.17452055
realization 73 / 300 ... accepted 73. Emin=-4.25790808, Emax=28.15947929
realization 74 / 300 ... accepted 74. Emin=0.86242075, Emax=30.82162923
realization 75 / 300 ... accepted 75. Emin=-1.39714054, Emax=30.98471694
realization 76 / 300 ... accepted 76. Emin=-3.84900709, Emax=26.07646213
realization 77 / 300 ... accepted 77. Emin=-1.28430223, Emax=30.48781999
realization 78 / 300 ... accepted 78. Emin=-2.43449617, Emax=28.34653863
realization 79 / 300 ... accepted 79. Emin=-2.83375142, Emax=27.68737788
realization 80 / 300 ... accepted 80. Emin=-1.91043344, Emax=28.16476109
realization 81 / 300 ... accepted 81. Emin=-3.91864887, Emax=26.49862212
realization 82 / 300 ... accepted 82. Emin=-2.70261989, Emax=27.86129729
realization 83 / 300 ... accepted 83. Emin=-4.52983169, Emax=26.26693641
realization 84 / 300 ... accepted 84. Emin=-3.53221677, Emax=26.38897172
realization 85 / 300 ... accepted 85. Emin=-3.65070876, Emax=26.56346620
realization 86 / 300 ... accepted 86. Emin=-3.26163898, Emax=28.08064179
realization 87 / 300 ... accepted 87. Emin=-1.21455413, Emax=30.34178879
realization 88 / 300 ... accepted 88. Emin=-2.52456389, Emax=27.10296575
realization 89 / 300 ... accepted 89. Emin=-0.03884232, Emax=29.93715767
realization 90 / 300 ... accepted 90. Emin=-1.99735574, Emax=28.58246098
realization 91 / 300 ... accepted 91. Emin=-5.27895242, Emax=24.66636577
realization 92 / 300 ... accepted 92. Emin=-4.03797447, Emax=26.06269810
realization 93 / 300 ... accepted 93. Emin=-2.62979398, Emax=27.26627998
realization 94 / 300 ... accepted 94. Emin=-3.08992245, Emax=28.92582202
realization 95 / 300 ... accepted 95. Emin=-4.05637168, Emax=25.97596284
realization 96 / 300 ... accepted 96. Emin=-5.67875282, Emax=24.71581118
realization 97 / 300 ... accepted 97. Emin=-2.22771313, Emax=28.26530647
realization 98 / 300 ... accepted 98. Emin=-3.44539453, Emax=26.76540973
realization 99 / 300 ... accepted 99. Emin=-4.32022764, Emax=27.78298624
realization 100 / 300 ... accepted 100. Emin=-0.69480943, Emax=28.95756394
realization 101 / 300 ... accepted 101. Emin=-5.34888450, Emax=25.07879247
realization 102 / 300 ... accepted 102. Emin=-2.82350564, Emax=27.63745912
realization 103 / 300 ... accepted 103. Emin=-0.38571144, Emax=29.76918382
realization 104 / 300 ... accepted 104. Emin=-3.14397662, Emax=27.37492890
realization 105 / 300 ... accepted 105. Emin=-2.14808364, Emax=27.69140715
realization 106 / 300 ... accepted 106. Emin=-4.22448091, Emax=26.08681409
realization 107 / 300 ... accepted 107. Emin=-4.06607199, Emax=26.76069414
realization 108 / 300 ... accepted 108. Emin=-2.55323424, Emax=27.99609263
realization 109 / 300 ... accepted 109. Emin=-4.44560661, Emax=25.60996750
realization 110 / 300 ... accepted 110. Emin=-1.25194540, Emax=29.25741442
realization 111 / 300 ... accepted 111. Emin=-2.79112579, Emax=27.71185359
realization 112 / 300 ... accepted 112. Emin=-5.67387831, Emax=25.42054246
realization 113 / 300 ... accepted 113. Emin=-5.59421949, Emax=25.22673917
realization 114 / 300 ... accepted 114. Emin=-4.41803378, Emax=26.31261226
realization 115 / 300 ... accepted 115. Emin=-5.03104424, Emax=25.03899265
realization 116 / 300 ... accepted 116. Emin=-4.85439854, Emax=25.80992077
realization 117 / 300 ... accepted 117. Emin=0.50776618, Emax=30.43837565
realization 118 / 300 ... accepted 118. Emin=-3.93449992, Emax=26.39018189
realization 119 / 300 ... accepted 119. Emin=-1.56017604, Emax=30.17483778
realization 120 / 300 ... accepted 120. Emin=-2.62306220, Emax=28.72086739
realization 121 / 300 ... accepted 121. Emin=-4.12523190, Emax=26.39144240
realization 122 / 300 ... accepted 122. Emin=-1.12180185, Emax=30.04048283
realization 123 / 300 ... accepted 123. Emin=-0.11963674, Emax=29.87217904
realization 124 / 300 ... accepted 124. Emin=-3.31145395, Emax=27.00484971
realization 125 / 300 ... accepted 125. Emin=-1.55485287, Emax=29.25342298
realization 126 / 300 ... accepted 126. Emin=-3.84381098, Emax=28.37083649
realization 127 / 300 ... accepted 127. Emin=-3.60328805, Emax=27.39726639
realization 128 / 300 ... accepted 128. Emin=-1.96277674, Emax=28.95774107
realization 129 / 300 ... accepted 129. Emin=-4.77199557, Emax=26.17728386
realization 130 / 300 ... accepted 130. Emin=-3.21224411, Emax=28.33036844
realization 131 / 300 ... accepted 131. Emin=-5.08560927, Emax=25.46454148
realization 132 / 300 ... accepted 132. Emin=-1.94257131, Emax=29.11790331
realization 133 / 300 ... accepted 133. Emin=-3.69993960, Emax=26.74186085
realization 134 / 300 ... accepted 134. Emin=-2.91516412, Emax=27.82225954
realization 135 / 300 ... accepted 135. Emin=-3.89031816, Emax=27.32579631
realization 136 / 300 ... accepted 136. Emin=-0.14946145, Emax=30.64485099
realization 137 / 300 ... accepted 137. Emin=-2.74304552, Emax=29.24828439
realization 138 / 300 ... accepted 138. Emin=-3.66368954, Emax=26.24563816
realization 139 / 300 ... accepted 139. Emin=-4.46638295, Emax=26.97397009
realization 140 / 300 ... accepted 140. Emin=-3.61124065, Emax=28.50505577
realization 141 / 300 ... accepted 141. Emin=-3.81943519, Emax=26.34191317
realization 142 / 300 ... accepted 142. Emin=-2.93912071, Emax=28.10390152
realization 143 / 300 ... accepted 143. Emin=-4.89641126, Emax=25.80051646
realization 144 / 300 ... accepted 144. Emin=-1.66786386, Emax=29.79632076
realization 145 / 300 ... accepted 145. Emin=-2.94256058, Emax=28.09367722
realization 146 / 300 ... accepted 146. Emin=-2.59328667, Emax=28.13941130
realization 147 / 300 ... accepted 147. Emin=-4.31919108, Emax=26.20115126
realization 148 / 300 ... accepted 148. Emin=-2.62715893, Emax=28.64575513
realization 149 / 300 ... accepted 149. Emin=-2.51957136, Emax=27.86777156
realization 150 / 300 ... accepted 150. Emin=-5.74099212, Emax=24.81784259
realization 151 / 300 ... accepted 151. Emin=-5.24009315, Emax=25.26824545
realization 152 / 300 ... accepted 152. Emin=-1.62357279, Emax=28.79224551
realization 153 / 300 ... accepted 153. Emin=-3.03001150, Emax=26.81827722
realization 154 / 300 ... accepted 154. Emin=-3.86916843, Emax=27.65331397
realization 155 / 300 ... accepted 155. Emin=-0.39522024, Emax=29.42910508
realization 156 / 300 ... accepted 156. Emin=-1.82483640, Emax=28.96371027
realization 157 / 300 ... accepted 157. Emin=-4.48398564, Emax=26.91214349
realization 158 / 300 ... accepted 158. Emin=-5.15371857, Emax=26.04290665
realization 159 / 300 ... accepted 159. Emin=-3.06427938, Emax=27.73647108
realization 160 / 300 ... accepted 160. Emin=-1.90754171, Emax=29.94376967
realization 161 / 300 ... accepted 161. Emin=-5.30053128, Emax=26.07147667
realization 162 / 300 ... accepted 162. Emin=-3.12169173, Emax=28.02074149
realization 163 / 300 ... accepted 163. Emin=-0.48203688, Emax=30.38644987
realization 164 / 300 ... accepted 164. Emin=0.55011337, Emax=30.80945981
realization 165 / 300 ... accepted 165. Emin=-1.70947420, Emax=29.26864150
realization 166 / 300 ... accepted 166. Emin=-3.20758803, Emax=26.16946402
realization 167 / 300 ... accepted 167. Emin=-1.57700891, Emax=29.27354124
realization 168 / 300 ... accepted 168. Emin=-5.03512341, Emax=25.80230287
realization 169 / 300 ... accepted 169. Emin=-3.04811810, Emax=26.63518710
realization 170 / 300 ... accepted 170. Emin=-2.49421498, Emax=28.35876779
realization 171 / 300 ... accepted 171. Emin=-2.25215697, Emax=28.44777212
realization 172 / 300 ... accepted 172. Emin=-2.46153139, Emax=28.74268115
realization 173 / 300 ... accepted 173. Emin=-4.26121044, Emax=27.04569743
realization 174 / 300 ... accepted 174. Emin=-0.76738279, Emax=29.96232628
realization 175 / 300 ... accepted 175. Emin=-0.09649287, Emax=30.29804992
realization 176 / 300 ... accepted 176. Emin=-3.67628878, Emax=25.83870165
realization 177 / 300 ... accepted 177. Emin=-3.50360428, Emax=27.15405510
realization 178 / 300 ... accepted 178. Emin=0.19446326, Emax=30.07506855
realization 179 / 300 ... accepted 179. Emin=-3.95134270, Emax=28.05194032
realization 180 / 300 ... accepted 180. Emin=-4.43722568, Emax=26.11712018
realization 181 / 300 ... accepted 181. Emin=-3.38801743, Emax=28.16147978
realization 182 / 300 ... accepted 182. Emin=-2.23093148, Emax=27.75508785
realization 183 / 300 ... accepted 183. Emin=-3.53601603, Emax=26.44094020
realization 184 / 300 ... accepted 184. Emin=-3.43645769, Emax=28.21245613
realization 185 / 300 ... accepted 185. Emin=-0.43486956, Emax=29.97018823
realization 186 / 300 ... accepted 186. Emin=-1.99350394, Emax=28.33481593
realization 187 / 300 ... accepted 187. Emin=-3.66196161, Emax=26.95445805
realization 188 / 300 ... accepted 188. Emin=-4.86785575, Emax=25.38553110
realization 189 / 300 ... accepted 189. Emin=-0.19421293, Emax=29.37163781
realization 190 / 300 ... accepted 190. Emin=-2.62832472, Emax=27.96678231
realization 191 / 300 ... accepted 191. Emin=-4.59188816, Emax=26.77242580
realization 192 / 300 ... accepted 192. Emin=-2.04802065, Emax=29.41038516
realization 193 / 300 ... accepted 193. Emin=0.20781034, Emax=30.22578751
realization 194 / 300 ... accepted 194. Emin=-3.11646426, Emax=27.77370560
realization 195 / 300 ... accepted 195. Emin=-3.37626567, Emax=27.36699834
realization 196 / 300 ... accepted 196. Emin=-3.32653716, Emax=28.71518870
realization 197 / 300 ... accepted 197. Emin=-2.01124005, Emax=28.08640655
realization 198 / 300 ... accepted 198. Emin=-4.13027057, Emax=26.03498421
realization 199 / 300 ... accepted 199. Emin=-5.05044818, Emax=24.90005503
realization 200 / 300 ... accepted 200. Emin=-5.31495944, Emax=24.17840388
realization 201 / 300 ... accepted 201. Emin=-0.72659153, Emax=28.93504823
realization 202 / 300 ... accepted 202. Emin=-3.03692827, Emax=27.25458013
realization 203 / 300 ... accepted 203. Emin=-2.90267490, Emax=26.95677480
realization 204 / 300 ... accepted 204. Emin=-0.89220363, Emax=29.36747805
realization 205 / 300 ... accepted 205. Emin=-2.16669604, Emax=28.25827338
realization 206 / 300 ... accepted 206. Emin=-2.96689740, Emax=28.21393364
realization 207 / 300 ... accepted 207. Emin=-2.98527032, Emax=28.57768139
realization 208 / 300 ... accepted 208. Emin=-2.60500109, Emax=28.03080269
realization 209 / 300 ... accepted 209. Emin=0.21481971, Emax=29.75845794
realization 210 / 300 ... accepted 210. Emin=-4.86074911, Emax=25.56948278
realization 211 / 300 ... accepted 211. Emin=-4.62689092, Emax=25.86745425
realization 212 / 300 ... accepted 212. Emin=-2.08378393, Emax=28.97187638
realization 213 / 300 ... accepted 213. Emin=-2.01349466, Emax=27.78342460
realization 214 / 300 ... accepted 214. Emin=-2.77997758, Emax=27.89397373
realization 215 / 300 ... accepted 215. Emin=-4.48888007, Emax=26.20633814
realization 216 / 300 ... accepted 216. Emin=-3.60078807, Emax=27.29312504
realization 217 / 300 ... accepted 217. Emin=-1.72482711, Emax=28.99364230
realization 218 / 300 ... accepted 218. Emin=-3.71335062, Emax=26.49979652
realization 219 / 300 ... accepted 219. Emin=-2.88249669, Emax=27.68118192
realization 220 / 300 ... accepted 220. Emin=-6.62951726, Emax=23.31495016
realization 221 / 300 ... accepted 221. Emin=-3.14952510, Emax=27.48146081
realization 222 / 300 ... accepted 222. Emin=-4.75270130, Emax=25.01820615
realization 223 / 300 ... accepted 223. Emin=-2.80223469, Emax=28.75714318
realization 224 / 300 ... accepted 224. Emin=-4.34057344, Emax=26.43302573
realization 225 / 300 ... accepted 225. Emin=-3.28675957, Emax=26.86031866
realization 226 / 300 ... accepted 226. Emin=-1.94255209, Emax=28.35011506
realization 227 / 300 ... accepted 227. Emin=-2.55929089, Emax=28.11405410
realization 228 / 300 ... accepted 228. Emin=-4.27968659, Emax=25.42139872
realization 229 / 300 ... accepted 229. Emin=-3.63193423, Emax=26.38239782
realization 230 / 300 ... accepted 230. Emin=-2.30187016, Emax=29.22202284
realization 231 / 300 ... accepted 231. Emin=-3.13658521, Emax=27.53978915
realization 232 / 300 ... accepted 232. Emin=-3.54050714, Emax=28.56752783
realization 233 / 300 ... accepted 233. Emin=-2.84627066, Emax=27.63777656
realization 234 / 300 ... accepted 234. Emin=-1.92003239, Emax=28.98264945
realization 235 / 300 ... accepted 235. Emin=-2.97138079, Emax=28.00245538
realization 236 / 300 ... accepted 236. Emin=0.54312724, Emax=30.44888549
realization 237 / 300 ... accepted 237. Emin=-3.75655894, Emax=26.77733072
realization 238 / 300 ... accepted 238. Emin=-2.00942094, Emax=28.94407264
realization 239 / 300 ... accepted 239. Emin=-3.33374239, Emax=27.62692106
realization 240 / 300 ... accepted 240. Emin=-2.20761324, Emax=28.93922898
realization 241 / 300 ... accepted 241. Emin=-2.18823614, Emax=28.16216934
realization 242 / 300 ... accepted 242. Emin=-3.14573960, Emax=27.97234196
realization 243 / 300 ... accepted 243. Emin=-4.19299983, Emax=26.13972805
realization 244 / 300 ... accepted 244. Emin=-1.84836665, Emax=28.11018628
realization 245 / 300 ... accepted 245. Emin=-1.66370791, Emax=29.45299245
realization 246 / 300 ... accepted 246. Emin=-0.52488053, Emax=29.49276890
realization 247 / 300 ... accepted 247. Emin=-5.72918866, Emax=24.22582144
realization 248 / 300 ... accepted 248. Emin=-3.04388838, Emax=28.31093543
realization 249 / 300 ... accepted 249. Emin=-2.66493774, Emax=27.98229051
realization 250 / 300 ... accepted 250. Emin=-4.05748131, Emax=26.93833605
realization 251 / 300 ... accepted 251. Emin=-2.67646304, Emax=28.12565220
realization 252 / 300 ... accepted 252. Emin=-4.60750858, Emax=25.70577745
realization 253 / 300 ... accepted 253. Emin=-5.40571423, Emax=24.92843924
realization 254 / 300 ... accepted 254. Emin=-3.09605410, Emax=28.57028330
realization 255 / 300 ... accepted 255. Emin=-6.05986132, Emax=24.11632622
realization 256 / 300 ... accepted 256. Emin=-4.23540774, Emax=26.36029872
realization 257 / 300 ... accepted 257. Emin=-3.97577321, Emax=27.24567897
realization 258 / 300 ... accepted 258. Emin=-3.40035397, Emax=28.53019143
realization 259 / 300 ... accepted 259. Emin=-2.58779493, Emax=27.32380800
realization 260 / 300 ... accepted 260. Emin=-3.25175138, Emax=27.06398396
realization 261 / 300 ... accepted 261. Emin=-0.68589448, Emax=29.36741800
realization 262 / 300 ... accepted 262. Emin=-1.98514473, Emax=28.92284702
realization 263 / 300 ... accepted 263. Emin=-1.46207823, Emax=29.66704951
realization 264 / 300 ... accepted 264. Emin=-1.02238967, Emax=28.65232389
realization 265 / 300 ... accepted 265. Emin=-3.95578242, Emax=26.23738284
realization 266 / 300 ... accepted 266. Emin=-2.77879105, Emax=27.52499073
realization 267 / 300 ... accepted 267. Emin=-4.34920165, Emax=26.97982641
realization 268 / 300 ... accepted 268. Emin=-5.19799698, Emax=24.81983768
realization 269 / 300 ... accepted 269. Emin=-6.05362724, Emax=24.73462406
realization 270 / 300 ... accepted 270. Emin=-2.24648150, Emax=29.44735199
realization 271 / 300 ... accepted 271. Emin=-3.21584717, Emax=27.61037330
realization 272 / 300 ... accepted 272. Emin=-3.19500575, Emax=26.43196872
realization 273 / 300 ... accepted 273. Emin=-2.43554812, Emax=28.17396503
realization 274 / 300 ... accepted 274. Emin=-3.33784787, Emax=28.08929995
realization 275 / 300 ... accepted 275. Emin=-1.23995313, Emax=28.76064874
realization 276 / 300 ... accepted 276. Emin=-3.03916314, Emax=29.15833583
realization 277 / 300 ... accepted 277. Emin=-1.39524758, Emax=29.25599263
realization 278 / 300 ... accepted 278. Emin=-2.97410764, Emax=29.93025712
realization 279 / 300 ... accepted 279. Emin=-2.42171968, Emax=29.24235791
realization 280 / 300 ... accepted 280. Emin=-3.19964080, Emax=27.99775673
realization 281 / 300 ... accepted 281. Emin=-3.09286440, Emax=27.64689280
realization 282 / 300 ... accepted 282. Emin=-4.71784363, Emax=26.33328809
realization 283 / 300 ... accepted 283. Emin=-5.18569553, Emax=25.50775219
realization 284 / 300 ... accepted 284. Emin=-3.28457293, Emax=26.89807848
realization 285 / 300 ... accepted 285. Emin=-4.09741447, Emax=26.16071996
realization 286 / 300 ... accepted 286. Emin=-5.72643730, Emax=24.45727855
realization 287 / 300 ... accepted 287. Emin=-4.19974254, Emax=26.16906701
realization 288 / 300 ... accepted 288. Emin=-3.27279899, Emax=27.45259382
realization 289 / 300 ... accepted 289. Emin=-2.31968523, Emax=28.44597422
realization 290 / 300 ... accepted 290. Emin=-3.69870256, Emax=26.62550661
realization 291 / 300 ... accepted 291. Emin=-1.52570315, Emax=28.80664405
realization 292 / 300 ... accepted 292. Emin=-2.78553816, Emax=28.41107304
realization 293 / 300 ... accepted 293. Emin=-1.30705049, Emax=30.73024692
realization 294 / 300 ... accepted 294. Emin=-2.67196814, Emax=28.34747827
realization 295 / 300 ... accepted 295. Emin=-2.63885696, Emax=27.11783138
realization 296 / 300 ... accepted 296. Emin=-3.03005780, Emax=27.97760261
realization 297 / 300 ... accepted 297. Emin=-4.01887156, Emax=25.93669697
realization 298 / 300 ... accepted 298. Emin=-2.56614889, Emax=27.94379685
realization 299 / 300 ... accepted 299. Emin=-4.07321283, Emax=26.51624866
realization 300 / 300 ... accepted 300. Emin=-2.26703605, Emax=27.87939340
Saved final energies: /home/2/kj405942/POLFED_bosons/pbs_bose_legacy_nmax2_periodic/data/U_4/W_1/L_6/N_6_nmax_2/boundary_periodic/energies_full_U4_L6_N6_nmax2_W1_boundaryperiodic_nreal300.txt
Accepted realizations: 300 / 300
Skipped realizations: 0
Job finished at Sun May 31 17:58:19 UTC 2026
