Job started on w20 at Sun May 31 17:56:44 UTC 2026
PBS_JOBID=7731342.kruk-host.ift-klaster.lan
PBS_O_WORKDIR=/home/2/kj405942/POLFED_bosons
Bose-Hubbard: L=6, N=6, nmax=2, dim=141
t=1, U=4, W=3, nreal=300, boundary=periodic, mode=full
Writing partial results to /home/2/kj405942/POLFED_bosons/pbs_bose_legacy_nmax2_periodic/data/U_4/W_3/L_6/N_6_nmax_2/boundary_periodic/energies_full_U4_L6_N6_nmax2_W3_boundaryperiodic_nreal300_partial.txt
realization 1 / 300 ... accepted 1. Emin=-6.16539732, Emax=33.57199811
realization 2 / 300 ... accepted 2. Emin=-4.00548189, Emax=29.52020008
realization 3 / 300 ... accepted 3. Emin=-0.17492762, Emax=36.26517154
realization 4 / 300 ... accepted 4. Emin=-6.24792790, Emax=28.67652105
realization 5 / 300 ... accepted 5. Emin=-4.39480821, Emax=30.43967441
realization 6 / 300 ... accepted 6. Emin=-0.28004593, Emax=34.67526660
realization 7 / 300 ... accepted 7. Emin=-8.06285714, Emax=25.79606514
realization 8 / 300 ... accepted 8. Emin=-1.10212567, Emax=35.23558579
realization 9 / 300 ... accepted 9. Emin=-10.68064620, Emax=23.37666520
realization 10 / 300 ... accepted 10. Emin=3.80164190, Emax=39.76692693
realization 11 / 300 ... accepted 11. Emin=-9.99776268, Emax=23.89279715
realization 12 / 300 ... accepted 12. Emin=-0.66977101, Emax=36.16699004
realization 13 / 300 ... accepted 13. Emin=-6.53899876, Emax=31.53437083
realization 14 / 300 ... accepted 14. Emin=-3.03985620, Emax=36.84921837
realization 15 / 300 ... accepted 15. Emin=-7.04645382, Emax=33.11171914
realization 16 / 300 ... accepted 16. Emin=-8.05794317, Emax=32.49899940
realization 17 / 300 ... accepted 17. Emin=-3.44338250, Emax=31.69226628
realization 18 / 300 ... accepted 18. Emin=-0.18104407, Emax=34.51267865
realization 19 / 300 ... accepted 19. Emin=-7.83347859, Emax=26.52691409
realization 20 / 300 ... accepted 20. Emin=4.27126360, Emax=38.41668046
realization 21 / 300 ... accepted 21. Emin=-11.45057822, Emax=23.88093526
realization 22 / 300 ... accepted 22. Emin=-2.35912623, Emax=34.81723496
realization 23 / 300 ... accepted 23. Emin=-13.44355346, Emax=20.33272065
realization 24 / 300 ... accepted 24. Emin=-8.35866304, Emax=26.53041016
realization 25 / 300 ... accepted 25. Emin=-4.06688397, Emax=30.32269884
realization 26 / 300 ... accepted 26. Emin=-2.87400556, Emax=34.27115944
realization 27 / 300 ... accepted 27. Emin=-11.14601629, Emax=23.41420607
realization 28 / 300 ... accepted 28. Emin=-7.09142043, Emax=30.32837626
realization 29 / 300 ... accepted 29. Emin=-1.06338572, Emax=34.92794804
realization 30 / 300 ... accepted 30. Emin=-6.88246412, Emax=26.54494968
realization 31 / 300 ... accepted 31. Emin=-1.92318796, Emax=33.00596381
realization 32 / 300 ... accepted 32. Emin=-0.25752495, Emax=37.09854357
realization 33 / 300 ... accepted 33. Emin=-0.16226953, Emax=36.25276600
realization 34 / 300 ... accepted 34. Emin=-7.62934212, Emax=26.91398796
realization 35 / 300 ... accepted 35. Emin=-1.09814584, Emax=33.25745449
realization 36 / 300 ... accepted 36. Emin=-8.79069448, Emax=28.93574515
realization 37 / 300 ... accepted 37. Emin=0.67230011, Emax=34.87257758
realization 38 / 300 ... accepted 38. Emin=-7.66039706, Emax=31.85130355
realization 39 / 300 ... accepted 39. Emin=0.37803579, Emax=33.42825588
realization 40 / 300 ... accepted 40. Emin=-7.54971456, Emax=27.49960321
realization 41 / 300 ... accepted 41. Emin=-7.53934778, Emax=32.13709030
realization 42 / 300 ... accepted 42. Emin=-6.67768736, Emax=27.33424497
realization 43 / 300 ... accepted 43. Emin=-5.40889992, Emax=33.11587227
realization 44 / 300 ... accepted 44. Emin=2.25475179, Emax=38.36537636
realization 45 / 300 ... accepted 45. Emin=5.41086344, Emax=39.66313981
realization 46 / 300 ... accepted 46. Emin=-12.71720105, Emax=20.32227719
realization 47 / 300 ... accepted 47. Emin=-3.45470343, Emax=34.24330149
realization 48 / 300 ... accepted 48. Emin=0.22979871, Emax=35.53040748
realization 49 / 300 ... accepted 49. Emin=-8.01861209, Emax=22.82831762
realization 50 / 300 ... accepted 50. Emin=-8.21433762, Emax=27.45988954
realization 51 / 300 ... accepted 51. Emin=-5.59131341, Emax=31.76905041
realization 52 / 300 ... accepted 52. Emin=-6.52450731, Emax=31.23006363
realization 53 / 300 ... accepted 53. Emin=2.46731994, Emax=36.01356066
realization 54 / 300 ... accepted 54. Emin=-3.19533786, Emax=36.18844026
realization 55 / 300 ... accepted 55. Emin=-9.10503468, Emax=26.63496389
realization 56 / 300 ... accepted 56. Emin=-3.02937838, Emax=32.24712091
realization 57 / 300 ... accepted 57. Emin=1.15443332, Emax=36.13434604
realization 58 / 300 ... accepted 58. Emin=-13.52110715, Emax=19.63754305
realization 59 / 300 ... accepted 59. Emin=0.19229753, Emax=36.93288864
realization 60 / 300 ... accepted 60. Emin=-7.27963662, Emax=32.44572572
realization 61 / 300 ... accepted 61. Emin=-3.77390369, Emax=30.51609888
realization 62 / 300 ... accepted 62. Emin=4.42273253, Emax=38.87681259
realization 63 / 300 ... accepted 63. Emin=-0.82301708, Emax=34.96557813
realization 64 / 300 ... accepted 64. Emin=-0.56915264, Emax=36.34847243
realization 65 / 300 ... accepted 65. Emin=-4.54802416, Emax=35.19164906
realization 66 / 300 ... accepted 66. Emin=0.69911101, Emax=37.22404536
realization 67 / 300 ... accepted 67. Emin=-8.40490670, Emax=28.52764162
realization 68 / 300 ... accepted 68. Emin=-0.84509524, Emax=35.02238247
realization 69 / 300 ... accepted 69. Emin=-8.33875315, Emax=26.42632064
realization 70 / 300 ... accepted 70. Emin=2.83134630, Emax=38.16765042
realization 71 / 300 ... accepted 71. Emin=3.21152709, Emax=38.59959984
realization 72 / 300 ... accepted 72. Emin=2.22749592, Emax=35.70923349
realization 73 / 300 ... accepted 73. Emin=5.04302499, Emax=38.07647261
realization 74 / 300 ... accepted 74. Emin=-2.17148654, Emax=31.30376987
realization 75 / 300 ... accepted 75. Emin=3.30720278, Emax=35.69544071
realization 76 / 300 ... accepted 76. Emin=1.45455566, Emax=38.11068282
realization 77 / 300 ... accepted 77. Emin=-2.54181453, Emax=32.37620163
realization 78 / 300 ... accepted 78. Emin=-5.83621772, Emax=28.62495556
realization 79 / 300 ... accepted 79. Emin=-6.84340445, Emax=29.04808905
realization 80 / 300 ... accepted 80. Emin=-0.48257754, Emax=32.26725679
realization 81 / 300 ... accepted 81. Emin=-2.28688226, Emax=34.17389007
realization 82 / 300 ... accepted 82. Emin=-1.48323442, Emax=35.46746009
realization 83 / 300 ... accepted 83. Emin=-1.33683059, Emax=30.70505711
realization 84 / 300 ... accepted 84. Emin=-0.51288906, Emax=38.96511102
realization 85 / 300 ... accepted 85. Emin=-7.42878429, Emax=26.42234488
realization 86 / 300 ... accepted 86. Emin=-6.88387933, Emax=31.40475108
realization 87 / 300 ... accepted 87. Emin=-6.85119342, Emax=32.15990760
realization 88 / 300 ... accepted 88. Emin=-0.50873950, Emax=38.02973348
realization 89 / 300 ... accepted 89. Emin=-3.99506706, Emax=29.13282648
realization 90 / 300 ... accepted 90. Emin=-1.24966083, Emax=35.94215990
realization 91 / 300 ... accepted 91. Emin=-3.75460319, Emax=33.00829539
realization 92 / 300 ... accepted 92. Emin=-0.91133192, Emax=34.82110341
realization 93 / 300 ... accepted 93. Emin=-3.50481730, Emax=32.02211876
realization 94 / 300 ... accepted 94. Emin=4.89239552, Emax=36.20988431
realization 95 / 300 ... accepted 95. Emin=0.27099971, Emax=37.48653516
realization 96 / 300 ... accepted 96. Emin=-3.97102086, Emax=36.88869846
realization 97 / 300 ... accepted 97. Emin=-4.93483295, Emax=34.06292731
realization 98 / 300 ... accepted 98. Emin=-5.78605265, Emax=31.95430640
realization 99 / 300 ... accepted 99. Emin=-5.91803192, Emax=32.65763108
realization 100 / 300 ... accepted 100. Emin=-9.05033802, Emax=25.28820532
realization 101 / 300 ... accepted 101. Emin=-3.63924510, Emax=31.19528076
realization 102 / 300 ... accepted 102. Emin=-5.86474865, Emax=26.85699075
realization 103 / 300 ... accepted 103. Emin=-2.42865757, Emax=33.27853309
realization 104 / 300 ... accepted 104. Emin=-8.84552738, Emax=25.28812144
realization 105 / 300 ... accepted 105. Emin=0.93728929, Emax=38.10256055
realization 106 / 300 ... accepted 106. Emin=-0.01517538, Emax=34.14152958
realization 107 / 300 ... accepted 107. Emin=-2.67343838, Emax=36.81816648
realization 108 / 300 ... accepted 108. Emin=-2.40219653, Emax=38.20034889
realization 109 / 300 ... accepted 109. Emin=-10.69498887, Emax=22.42664020
realization 110 / 300 ... accepted 110. Emin=-1.52004946, Emax=36.47766461
realization 111 / 300 ... accepted 111. Emin=-12.07578021, Emax=22.58301736
realization 112 / 300 ... accepted 112. Emin=-1.30832773, Emax=33.49744444
realization 113 / 300 ... accepted 113. Emin=-2.47385549, Emax=35.36973624
realization 114 / 300 ... accepted 114. Emin=-1.55629987, Emax=36.25815620
realization 115 / 300 ... accepted 115. Emin=-16.33756786, Emax=14.24031639
realization 116 / 300 ... accepted 116. Emin=-1.24822884, Emax=32.05029300
realization 117 / 300 ... accepted 117. Emin=5.24683300, Emax=39.83055602
realization 118 / 300 ... accepted 118. Emin=3.96694849, Emax=39.67150972
realization 119 / 300 ... accepted 119. Emin=0.62539699, Emax=33.67121307
realization 120 / 300 ... accepted 120. Emin=2.91840025, Emax=40.03192318
realization 121 / 300 ... accepted 121. Emin=-0.67959745, Emax=38.84284466
realization 122 / 300 ... accepted 122. Emin=-3.66830376, Emax=32.02399535
realization 123 / 300 ... accepted 123. Emin=-3.04002169, Emax=29.56792741
realization 124 / 300 ... accepted 124. Emin=-6.29141117, Emax=31.85420927
realization 125 / 300 ... accepted 125. Emin=-1.58448753, Emax=33.15729862
realization 126 / 300 ... accepted 126. Emin=-9.87941255, Emax=25.68408509
realization 127 / 300 ... accepted 127. Emin=-5.02978569, Emax=33.34243790
realization 128 / 300 ... accepted 128. Emin=3.83795125, Emax=35.27648383
realization 129 / 300 ... accepted 129. Emin=-8.40007337, Emax=26.79364488
realization 130 / 300 ... accepted 130. Emin=-10.49404322, Emax=23.47950998
realization 131 / 300 ... accepted 131. Emin=-1.58129465, Emax=35.15375097
realization 132 / 300 ... accepted 132. Emin=-8.79068227, Emax=25.86655466
realization 133 / 300 ... accepted 133. Emin=0.69131022, Emax=38.15945411
realization 134 / 300 ... accepted 134. Emin=2.10996355, Emax=35.28651053
realization 135 / 300 ... accepted 135. Emin=0.71949016, Emax=37.94109531
realization 136 / 300 ... accepted 136. Emin=0.76487285, Emax=38.73581872
realization 137 / 300 ... accepted 137. Emin=-3.51804529, Emax=33.52239660
realization 138 / 300 ... accepted 138. Emin=3.09231029, Emax=38.57995466
realization 139 / 300 ... accepted 139. Emin=-7.70736452, Emax=27.99591452
realization 140 / 300 ... accepted 140. Emin=1.11943081, Emax=32.12152778
realization 141 / 300 ... accepted 141. Emin=-6.31130035, Emax=31.19499850
realization 142 / 300 ... accepted 142. Emin=-3.27388613, Emax=31.14111595
realization 143 / 300 ... accepted 143. Emin=-5.07195631, Emax=30.09487980
realization 144 / 300 ... accepted 144. Emin=-4.27212829, Emax=30.61701017
realization 145 / 300 ... accepted 145. Emin=-0.24423962, Emax=36.80001266
realization 146 / 300 ... accepted 146. Emin=-4.67589604, Emax=30.75864571
realization 147 / 300 ... accepted 147. Emin=-4.87534981, Emax=35.01076034
realization 148 / 300 ... accepted 148. Emin=-4.97865579, Emax=32.48423117
realization 149 / 300 ... accepted 149. Emin=-4.49780289, Emax=28.52351476
realization 150 / 300 ... accepted 150. Emin=-4.53991813, Emax=29.44381370
realization 151 / 300 ... accepted 151. Emin=-0.18925426, Emax=34.67846801
realization 152 / 300 ... accepted 152. Emin=-7.02059538, Emax=29.92244196
realization 153 / 300 ... accepted 153. Emin=-10.97503352, Emax=23.30009152
realization 154 / 300 ... accepted 154. Emin=-3.07359756, Emax=35.89869612
realization 155 / 300 ... accepted 155. Emin=0.14590496, Emax=34.16295903
realization 156 / 300 ... accepted 156. Emin=-2.51148554, Emax=37.83154109
realization 157 / 300 ... accepted 157. Emin=-10.03777062, Emax=25.45681931
realization 158 / 300 ... accepted 158. Emin=-7.10555000, Emax=29.81634490
realization 159 / 300 ... accepted 159. Emin=-6.76270547, Emax=31.00026240
realization 160 / 300 ... accepted 160. Emin=0.73272512, Emax=36.08393194
realization 161 / 300 ... accepted 161. Emin=-8.21027557, Emax=24.57516719
realization 162 / 300 ... accepted 162. Emin=-3.14243695, Emax=36.58464623
realization 163 / 300 ... accepted 163. Emin=-1.24146352, Emax=35.11150620
realization 164 / 300 ... accepted 164. Emin=-7.10403185, Emax=27.28865307
realization 165 / 300 ... accepted 165. Emin=-2.37171139, Emax=32.61245945
realization 166 / 300 ... accepted 166. Emin=-6.14325786, Emax=28.13199934
realization 167 / 300 ... accepted 167. Emin=-3.38080736, Emax=34.86877662
realization 168 / 300 ... accepted 168. Emin=-2.29251550, Emax=30.57316559
realization 169 / 300 ... accepted 169. Emin=0.03336562, Emax=38.37129099
realization 170 / 300 ... accepted 170. Emin=-3.83124234, Emax=34.68525607
realization 171 / 300 ... accepted 171. Emin=-7.95580922, Emax=24.78473998
realization 172 / 300 ... accepted 172. Emin=1.37353923, Emax=36.64555109
realization 173 / 300 ... accepted 173. Emin=0.02990443, Emax=35.99460625
realization 174 / 300 ... accepted 174. Emin=-3.00367748, Emax=31.70123394
realization 175 / 300 ... accepted 175. Emin=-1.14330253, Emax=34.95820682
realization 176 / 300 ... accepted 176. Emin=-0.02987615, Emax=31.33123455
realization 177 / 300 ... accepted 177. Emin=-1.14817034, Emax=37.55183557
realization 178 / 300 ... accepted 178. Emin=-5.85677875, Emax=29.91431698
realization 179 / 300 ... accepted 179. Emin=-7.43179432, Emax=29.72780294
realization 180 / 300 ... accepted 180. Emin=-5.72102268, Emax=30.16444297
realization 181 / 300 ... accepted 181. Emin=-7.49042350, Emax=26.75486086
realization 182 / 300 ... accepted 182. Emin=-7.52127941, Emax=26.17361263
realization 183 / 300 ... accepted 183. Emin=-5.19345768, Emax=28.06550266
realization 184 / 300 ... accepted 184. Emin=-14.53760855, Emax=15.85674343
realization 185 / 300 ... accepted 185. Emin=-4.19853839, Emax=33.04214205
realization 186 / 300 ... accepted 186. Emin=-3.14907472, Emax=33.74245848
realization 187 / 300 ... accepted 187. Emin=-0.45780917, Emax=33.79614288
realization 188 / 300 ... accepted 188. Emin=-5.01616415, Emax=29.43471474
realization 189 / 300 ... accepted 189. Emin=4.63849548, Emax=36.67553311
realization 190 / 300 ... accepted 190. Emin=-0.74295590, Emax=35.06193827
realization 191 / 300 ... accepted 191. Emin=2.55875590, Emax=37.04171697
realization 192 / 300 ... accepted 192. Emin=-8.63893175, Emax=29.19975292
realization 193 / 300 ... accepted 193. Emin=-5.72217845, Emax=29.97533364
realization 194 / 300 ... accepted 194. Emin=-10.65245626, Emax=25.19688254
realization 195 / 300 ... accepted 195. Emin=-0.10190734, Emax=37.97301532
realization 196 / 300 ... accepted 196. Emin=-8.86615955, Emax=28.01325038
realization 197 / 300 ... accepted 197. Emin=-11.86471490, Emax=22.52829463
realization 198 / 300 ... accepted 198. Emin=-3.38161388, Emax=32.25209603
realization 199 / 300 ... accepted 199. Emin=-2.29431535, Emax=34.72571559
realization 200 / 300 ... accepted 200. Emin=-5.93868493, Emax=32.78541944
realization 201 / 300 ... accepted 201. Emin=1.08524566, Emax=34.36913868
realization 202 / 300 ... accepted 202. Emin=-2.09720277, Emax=33.89232220
realization 203 / 300 ... accepted 203. Emin=4.95855267, Emax=38.09233148
realization 204 / 300 ... accepted 204. Emin=0.57868333, Emax=36.28643955
realization 205 / 300 ... accepted 205. Emin=-4.34750924, Emax=35.22726490
realization 206 / 300 ... accepted 206. Emin=1.81083885, Emax=33.99594159
realization 207 / 300 ... accepted 207. Emin=2.43124548, Emax=39.54173719
realization 208 / 300 ... accepted 208. Emin=3.20841718, Emax=37.68839458
realization 209 / 300 ... accepted 209. Emin=-4.54741512, Emax=31.63492645
realization 210 / 300 ... accepted 210. Emin=0.89579688, Emax=36.09893842
realization 211 / 300 ... accepted 211. Emin=-2.77751539, Emax=30.62740684
realization 212 / 300 ... accepted 212. Emin=-3.70026393, Emax=34.28645385
realization 213 / 300 ... accepted 213. Emin=-7.52082520, Emax=26.33369995
realization 214 / 300 ... accepted 214. Emin=-1.16547122, Emax=37.70813331
realization 215 / 300 ... accepted 215. Emin=-1.50291081, Emax=34.53964108
realization 216 / 300 ... accepted 216. Emin=-0.78996124, Emax=34.64740557
realization 217 / 300 ... accepted 217. Emin=-5.27832304, Emax=27.37637644
realization 218 / 300 ... accepted 218. Emin=-6.97682743, Emax=30.53123559
realization 219 / 300 ... accepted 219. Emin=3.30693836, Emax=38.60261009
realization 220 / 300 ... accepted 220. Emin=-4.65708182, Emax=32.40292098
realization 221 / 300 ... accepted 221. Emin=0.53558693, Emax=34.67116361
realization 222 / 300 ... accepted 222. Emin=-10.20886005, Emax=27.79697185
realization 223 / 300 ... accepted 223. Emin=-17.52373456, Emax=12.35637056
realization 224 / 300 ... accepted 224. Emin=-0.37630927, Emax=30.34741200
realization 225 / 300 ... accepted 225. Emin=3.17062824, Emax=35.67442415
realization 226 / 300 ... accepted 226. Emin=2.19804462, Emax=38.84334964
realization 227 / 300 ... accepted 227. Emin=-8.05576082, Emax=25.45377654
realization 228 / 300 ... accepted 228. Emin=-0.65724199, Emax=33.97277711
realization 229 / 300 ... accepted 229. Emin=6.05495440, Emax=41.69536946
realization 230 / 300 ... accepted 230. Emin=-9.38419307, Emax=22.52172520
realization 231 / 300 ... accepted 231. Emin=-4.24568684, Emax=28.63133959
realization 232 / 300 ... accepted 232. Emin=-0.20064715, Emax=36.61531078
realization 233 / 300 ... accepted 233. Emin=-0.92206891, Emax=35.94968531
realization 234 / 300 ... accepted 234. Emin=-0.44506881, Emax=32.99902420
realization 235 / 300 ... accepted 235. Emin=-2.37809807, Emax=33.00945822
realization 236 / 300 ... accepted 236. Emin=-0.54363650, Emax=40.49312145
realization 237 / 300 ... accepted 237. Emin=8.04558210, Emax=39.42924067
realization 238 / 300 ... accepted 238. Emin=-4.12654869, Emax=33.82597778
realization 239 / 300 ... accepted 239. Emin=-4.72225793, Emax=32.93381208
realization 240 / 300 ... accepted 240. Emin=-3.74099472, Emax=33.35116611
realization 241 / 300 ... accepted 241. Emin=0.39676748, Emax=37.30114007
realization 242 / 300 ... accepted 242. Emin=-2.97191988, Emax=33.34838958
realization 243 / 300 ... accepted 243. Emin=-4.32237423, Emax=35.20365435
realization 244 / 300 ... accepted 244. Emin=-6.07797719, Emax=33.44496066
realization 245 / 300 ... accepted 245. Emin=-13.83856267, Emax=20.20442095
realization 246 / 300 ... accepted 246. Emin=-7.61327292, Emax=27.08301075
realization 247 / 300 ... accepted 247. Emin=0.77675801, Emax=37.12291144
realization 248 / 300 ... accepted 248. Emin=-1.81659845, Emax=36.59028213
realization 249 / 300 ... accepted 249. Emin=-5.98843938, Emax=30.73721600
realization 250 / 300 ... accepted 250. Emin=5.49693160, Emax=38.13113244
realization 251 / 300 ... accepted 251. Emin=-11.36010511, Emax=24.92515595
realization 252 / 300 ... accepted 252. Emin=-6.23033771, Emax=31.69709493
realization 253 / 300 ... accepted 253. Emin=-4.73936748, Emax=28.55677371
realization 254 / 300 ... accepted 254. Emin=0.64398089, Emax=35.63183680
realization 255 / 300 ... accepted 255. Emin=-2.60550984, Emax=32.53046076
realization 256 / 300 ... accepted 256. Emin=-2.99476975, Emax=33.57190587
realization 257 / 300 ... accepted 257. Emin=5.01490644, Emax=39.51294029
realization 258 / 300 ... accepted 258. Emin=-4.48097275, Emax=32.25387763
realization 259 / 300 ... accepted 259. Emin=2.18268852, Emax=35.25775147
realization 260 / 300 ... accepted 260. Emin=-2.72668102, Emax=34.82902040
realization 261 / 300 ... accepted 261. Emin=-6.39954645, Emax=32.92241831
realization 262 / 300 ... accepted 262. Emin=2.06007446, Emax=35.88083639
realization 263 / 300 ... accepted 263. Emin=1.77560245, Emax=33.28767612
realization 264 / 300 ... accepted 264. Emin=-7.92146939, Emax=29.89141349
realization 265 / 300 ... accepted 265. Emin=0.63656510, Emax=39.18898165
realization 266 / 300 ... accepted 266. Emin=-1.71303532, Emax=32.25706009
realization 267 / 300 ... accepted 267. Emin=-2.62320549, Emax=34.06263640
realization 268 / 300 ... accepted 268. Emin=-1.17663634, Emax=38.84750224
realization 269 / 300 ... accepted 269. Emin=-5.50943512, Emax=29.69305299
realization 270 / 300 ... accepted 270. Emin=4.22668147, Emax=36.75191497
realization 271 / 300 ... accepted 271. Emin=0.18929832, Emax=37.58534042
realization 272 / 300 ... accepted 272. Emin=-14.01195148, Emax=18.60108542
realization 273 / 300 ... accepted 273. Emin=-1.87307190, Emax=31.83103408
realization 274 / 300 ... accepted 274. Emin=-4.30101111, Emax=33.98738143
realization 275 / 300 ... accepted 275. Emin=-4.48855818, Emax=30.70845495
realization 276 / 300 ... accepted 276. Emin=-2.21603307, Emax=34.11029347
realization 277 / 300 ... accepted 277. Emin=-4.58505129, Emax=32.38935380
realization 278 / 300 ... accepted 278. Emin=-0.22990628, Emax=34.98443122
realization 279 / 300 ... accepted 279. Emin=-4.50458711, Emax=33.20128292
realization 280 / 300 ... accepted 280. Emin=-1.49115080, Emax=36.66853908
realization 281 / 300 ... accepted 281. Emin=-3.14460542, Emax=32.74984211
realization 282 / 300 ... accepted 282. Emin=-4.73239932, Emax=32.20450315
realization 283 / 300 ... accepted 283. Emin=-4.20504589, Emax=32.67327020
realization 284 / 300 ... accepted 284. Emin=-0.72797116, Emax=34.89783045
realization 285 / 300 ... accepted 285. Emin=-9.94319911, Emax=24.09768139
realization 286 / 300 ... accepted 286. Emin=-2.90243032, Emax=33.84647041
realization 287 / 300 ... accepted 287. Emin=-9.15514344, Emax=24.59895661
realization 288 / 300 ... accepted 288. Emin=-10.68597938, Emax=23.16091291
realization 289 / 300 ... accepted 289. Emin=-10.05663588, Emax=25.81359897
realization 290 / 300 ... accepted 290. Emin=-1.97870798, Emax=34.19961012
realization 291 / 300 ... accepted 291. Emin=-2.29468995, Emax=33.35834064
realization 292 / 300 ... accepted 292. Emin=-5.14814458, Emax=33.46346329
realization 293 / 300 ... accepted 293. Emin=-6.11028601, Emax=29.95882815
realization 294 / 300 ... accepted 294. Emin=-4.15443334, Emax=34.64783668
realization 295 / 300 ... accepted 295. Emin=-2.42638443, Emax=33.76278558
realization 296 / 300 ... accepted 296. Emin=-4.84528983, Emax=33.65007125
realization 297 / 300 ... accepted 297. Emin=3.43770246, Emax=36.71390673
realization 298 / 300 ... accepted 298. Emin=-7.08603836, Emax=27.25260106
realization 299 / 300 ... accepted 299. Emin=-4.18684295, Emax=33.44633092
realization 300 / 300 ... accepted 300. Emin=1.05216916, Emax=39.83933620
Saved final energies: /home/2/kj405942/POLFED_bosons/pbs_bose_legacy_nmax2_periodic/data/U_4/W_3/L_6/N_6_nmax_2/boundary_periodic/energies_full_U4_L6_N6_nmax2_W3_boundaryperiodic_nreal300.txt
Accepted realizations: 300 / 300
Skipped realizations: 0
Job finished at Sun May 31 17:58:17 UTC 2026
