Job started on w21 at Sun May 31 18:03:45 UTC 2026
PBS_JOBID=7731350.kruk-host.ift-klaster.lan
PBS_O_WORKDIR=/home/2/kj405942/POLFED_bosons
Bose-Hubbard: L=6, N=6, nmax=2, dim=141
t=1, U=4, W=11, nreal=300, boundary=periodic, mode=full
Writing partial results to /home/2/kj405942/POLFED_bosons/pbs_bose_legacy_nmax2_periodic/data/U_4/W_11/L_6/N_6_nmax_2/boundary_periodic/energies_full_U4_L6_N6_nmax2_W11_boundaryperiodic_nreal300_partial.txt
realization 1 / 300 ... accepted 1. Emin=-17.12136722, Emax=58.24594385
realization 2 / 300 ... accepted 2. Emin=-44.19531753, Emax=36.81808389
realization 3 / 300 ... accepted 3. Emin=20.88231983, Emax=76.15452666
realization 4 / 300 ... accepted 4. Emin=-10.13133119, Emax=59.19020472
realization 5 / 300 ... accepted 5. Emin=-6.16142450, Emax=69.72062861
realization 6 / 300 ... accepted 6. Emin=-9.81834053, Emax=57.73428076
realization 7 / 300 ... accepted 7. Emin=-26.23813096, Emax=45.77438721
realization 8 / 300 ... accepted 8. Emin=1.09742463, Emax=60.16538330
realization 9 / 300 ... accepted 9. Emin=11.70003444, Emax=59.32215147
realization 10 / 300 ... accepted 10. Emin=-21.58591246, Emax=45.79967005
realization 11 / 300 ... accepted 11. Emin=-27.99554974, Emax=28.87254576
realization 12 / 300 ... accepted 12. Emin=12.02937902, Emax=70.14048528
realization 13 / 300 ... accepted 13. Emin=-3.96556729, Emax=55.70283553
realization 14 / 300 ... accepted 14. Emin=-10.89126985, Emax=53.60176442
realization 15 / 300 ... accepted 15. Emin=-22.78159772, Emax=38.54703672
realization 16 / 300 ... accepted 16. Emin=-17.03384719, Emax=53.64272008
realization 17 / 300 ... accepted 17. Emin=-19.35543565, Emax=69.54795783
realization 18 / 300 ... accepted 18. Emin=-19.81198156, Emax=55.64613752
realization 19 / 300 ... accepted 19. Emin=-24.70891866, Emax=26.81204337
realization 20 / 300 ... accepted 20. Emin=-24.22961137, Emax=60.18801866
realization 21 / 300 ... accepted 21. Emin=-28.24556790, Emax=49.92526623
realization 22 / 300 ... accepted 22. Emin=-35.52816025, Emax=48.60720177
realization 23 / 300 ... accepted 23. Emin=-11.05060612, Emax=69.84465178
realization 24 / 300 ... accepted 24. Emin=-40.82722113, Emax=35.41852953
realization 25 / 300 ... accepted 25. Emin=6.22020940, Emax=81.88408374
realization 26 / 300 ... accepted 26. Emin=-0.66257312, Emax=58.40892997
realization 27 / 300 ... accepted 27. Emin=-40.62362649, Emax=14.37066911
realization 28 / 300 ... accepted 28. Emin=-10.73372538, Emax=60.74454723
realization 29 / 300 ... accepted 29. Emin=-27.16596155, Emax=49.91436055
realization 30 / 300 ... accepted 30. Emin=-32.92986336, Emax=16.96873142
realization 31 / 300 ... accepted 31. Emin=-34.41076262, Emax=24.94279846
realization 32 / 300 ... accepted 32. Emin=6.94152832, Emax=62.97564874
realization 33 / 300 ... accepted 33. Emin=-21.98983595, Emax=28.38662332
realization 34 / 300 ... accepted 34. Emin=-8.93944782, Emax=44.31602268
realization 35 / 300 ... accepted 35. Emin=7.90363342, Emax=49.08445872
realization 36 / 300 ... accepted 36. Emin=-10.30365751, Emax=41.84824427
realization 37 / 300 ... accepted 37. Emin=-10.93024741, Emax=43.16499731
realization 38 / 300 ... accepted 38. Emin=29.34121604, Emax=75.25100153
realization 39 / 300 ... accepted 39. Emin=-24.80717860, Emax=27.00221456
realization 40 / 300 ... accepted 40. Emin=-18.53978756, Emax=57.53214658
realization 41 / 300 ... accepted 41. Emin=-3.39856884, Emax=59.50980184
realization 42 / 300 ... accepted 42. Emin=-28.91255084, Emax=56.95974054
realization 43 / 300 ... accepted 43. Emin=-22.47474050, Emax=60.13672372
realization 44 / 300 ... accepted 44. Emin=-14.38647854, Emax=66.54627655
realization 45 / 300 ... accepted 45. Emin=-10.44936537, Emax=53.07403889
realization 46 / 300 ... accepted 46. Emin=-26.65714762, Emax=48.62842093
realization 47 / 300 ... accepted 47. Emin=-0.89584074, Emax=57.29934176
realization 48 / 300 ... accepted 48. Emin=5.11654680, Emax=46.07718610
realization 49 / 300 ... accepted 49. Emin=-7.15676902, Emax=45.61095594
realization 50 / 300 ... accepted 50. Emin=-18.76772180, Emax=46.69809593
realization 51 / 300 ... accepted 51. Emin=-17.10191290, Emax=60.51373394
realization 52 / 300 ... accepted 52. Emin=-16.62676573, Emax=74.28846022
realization 53 / 300 ... accepted 53. Emin=-28.53080707, Emax=36.07402457
realization 54 / 300 ... accepted 54. Emin=-14.63842597, Emax=63.71287135
realization 55 / 300 ... accepted 55. Emin=-14.74845326, Emax=48.77023914
realization 56 / 300 ... accepted 56. Emin=-5.28329419, Emax=54.08730016
realization 57 / 300 ... accepted 57. Emin=16.07753357, Emax=64.26068680
realization 58 / 300 ... accepted 58. Emin=-32.08268861, Emax=32.35343891
realization 59 / 300 ... accepted 59. Emin=-3.55859534, Emax=56.58515845
realization 60 / 300 ... accepted 60. Emin=22.43524092, Emax=76.31491768
realization 61 / 300 ... accepted 61. Emin=-13.81974330, Emax=55.25768312
realization 62 / 300 ... accepted 62. Emin=-11.28977398, Emax=51.60343126
realization 63 / 300 ... accepted 63. Emin=-27.21122386, Emax=56.61484625
realization 64 / 300 ... accepted 64. Emin=2.75845362, Emax=56.39764194
realization 65 / 300 ... accepted 65. Emin=-14.28036454, Emax=48.27147928
realization 66 / 300 ... accepted 66. Emin=-39.85571296, Emax=6.79659182
realization 67 / 300 ... accepted 67. Emin=-10.18290991, Emax=48.75996944
realization 68 / 300 ... accepted 68. Emin=10.94685908, Emax=67.49302051
realization 69 / 300 ... accepted 69. Emin=-6.30672128, Emax=70.61735200
realization 70 / 300 ... accepted 70. Emin=-25.51026497, Emax=69.37610331
realization 71 / 300 ... accepted 71. Emin=-1.45357460, Emax=84.15366582
realization 72 / 300 ... accepted 72. Emin=-14.46945133, Emax=74.53283806
realization 73 / 300 ... accepted 73. Emin=-44.47528336, Emax=13.53370160
realization 74 / 300 ... accepted 74. Emin=-31.49209785, Emax=26.78542724
realization 75 / 300 ... accepted 75. Emin=6.39443170, Emax=66.64740270
realization 76 / 300 ... accepted 76. Emin=13.10849654, Emax=62.32961099
realization 77 / 300 ... accepted 77. Emin=12.22234614, Emax=67.68266068
realization 78 / 300 ... accepted 78. Emin=-11.52884401, Emax=61.71945250
realization 79 / 300 ... accepted 79. Emin=22.94684070, Emax=64.33524522
realization 80 / 300 ... accepted 80. Emin=4.71991753, Emax=61.93671663
realization 81 / 300 ... accepted 81. Emin=-9.87603875, Emax=68.54827148
realization 82 / 300 ... accepted 82. Emin=-30.64851312, Emax=58.83355748
realization 83 / 300 ... accepted 83. Emin=-19.64889652, Emax=50.59531998
realization 84 / 300 ... accepted 84. Emin=-23.15206083, Emax=44.39124935
realization 85 / 300 ... accepted 85. Emin=-15.89334662, Emax=44.06362652
realization 86 / 300 ... accepted 86. Emin=-31.32148382, Emax=31.09325511
realization 87 / 300 ... accepted 87. Emin=-30.28444685, Emax=41.80348322
realization 88 / 300 ... accepted 88. Emin=-31.59012663, Emax=52.65527775
realization 89 / 300 ... accepted 89. Emin=-40.75791307, Emax=-5.30842808
realization 90 / 300 ... accepted 90. Emin=-37.71566810, Emax=18.84266183
realization 91 / 300 ... accepted 91. Emin=10.33166733, Emax=70.97046430
realization 92 / 300 ... accepted 92. Emin=-31.64493361, Emax=53.14839102
realization 93 / 300 ... accepted 93. Emin=-29.60842323, Emax=27.20105205
realization 94 / 300 ... accepted 94. Emin=-23.85894934, Emax=52.29622187
realization 95 / 300 ... accepted 95. Emin=-22.55902073, Emax=50.26613389
realization 96 / 300 ... accepted 96. Emin=22.85578034, Emax=65.52786038
realization 97 / 300 ... accepted 97. Emin=-3.88092772, Emax=62.19690585
realization 98 / 300 ... accepted 98. Emin=20.57801323, Emax=66.05643510
realization 99 / 300 ... accepted 99. Emin=-27.91166105, Emax=29.44241177
realization 100 / 300 ... accepted 100. Emin=-4.10509453, Emax=78.39530763
realization 101 / 300 ... accepted 101. Emin=-7.61416699, Emax=63.78713190
realization 102 / 300 ... accepted 102. Emin=-29.32308931, Emax=49.75783467
realization 103 / 300 ... accepted 103. Emin=-2.98897136, Emax=62.27522087
realization 104 / 300 ... accepted 104. Emin=-26.93937232, Emax=35.52581238
realization 105 / 300 ... accepted 105. Emin=-17.26456500, Emax=33.01259126
realization 106 / 300 ... accepted 106. Emin=-21.23352284, Emax=46.09241266
realization 107 / 300 ... accepted 107. Emin=-2.14970626, Emax=64.67827403
realization 108 / 300 ... accepted 108. Emin=-0.63879618, Emax=76.33822906
realization 109 / 300 ... accepted 109. Emin=-4.34992797, Emax=67.31005481
realization 110 / 300 ... accepted 110. Emin=-10.15629044, Emax=69.19223118
realization 111 / 300 ... accepted 111. Emin=-21.57430944, Emax=62.10739017
realization 112 / 300 ... accepted 112. Emin=-2.40448521, Emax=66.02804205
realization 113 / 300 ... accepted 113. Emin=1.72329311, Emax=52.52874726
realization 114 / 300 ... accepted 114. Emin=-20.74953700, Emax=68.98738248
realization 115 / 300 ... accepted 115. Emin=11.18694991, Emax=76.92861277
realization 116 / 300 ... accepted 116. Emin=-12.81686213, Emax=56.52976085
realization 117 / 300 ... accepted 117. Emin=-20.40463460, Emax=47.89024834
realization 118 / 300 ... accepted 118. Emin=4.81831813, Emax=51.64521944
realization 119 / 300 ... accepted 119. Emin=-27.77491343, Emax=42.78231696
realization 120 / 300 ... accepted 120. Emin=-2.90263897, Emax=59.63916303
realization 121 / 300 ... accepted 121. Emin=0.18482845, Emax=53.23228633
realization 122 / 300 ... accepted 122. Emin=-20.85522884, Emax=72.30269100
realization 123 / 300 ... accepted 123. Emin=-23.59955810, Emax=47.24754386
realization 124 / 300 ... accepted 124. Emin=8.46911402, Emax=61.74574497
realization 125 / 300 ... accepted 125. Emin=-7.95508013, Emax=72.47727775
realization 126 / 300 ... accepted 126. Emin=-22.76249586, Emax=46.13598876
realization 127 / 300 ... accepted 127. Emin=8.74428839, Emax=62.63617843
realization 128 / 300 ... accepted 128. Emin=-27.04891126, Emax=53.24006500
realization 129 / 300 ... accepted 129. Emin=-1.80787609, Emax=71.85077429
realization 130 / 300 ... accepted 130. Emin=1.57135172, Emax=57.90147198
realization 131 / 300 ... accepted 131. Emin=-9.90050978, Emax=72.32906615
realization 132 / 300 ... accepted 132. Emin=-22.84200493, Emax=35.70219357
realization 133 / 300 ... accepted 133. Emin=-33.03492339, Emax=26.27007146
realization 134 / 300 ... accepted 134. Emin=-44.62401749, Emax=1.56158645
realization 135 / 300 ... accepted 135. Emin=-6.66370500, Emax=36.87667078
realization 136 / 300 ... accepted 136. Emin=-7.37490284, Emax=37.39475277
realization 137 / 300 ... accepted 137. Emin=-12.74678089, Emax=45.38008057
realization 138 / 300 ... accepted 138. Emin=-17.97882955, Emax=57.18979058
realization 139 / 300 ... accepted 139. Emin=-22.56453238, Emax=53.97030680
realization 140 / 300 ... accepted 140. Emin=13.17712360, Emax=61.21182043
realization 141 / 300 ... accepted 141. Emin=-16.07092900, Emax=51.71230470
realization 142 / 300 ... accepted 142. Emin=4.07001841, Emax=66.52921517
realization 143 / 300 ... accepted 143. Emin=-8.56880541, Emax=80.50462028
realization 144 / 300 ... accepted 144. Emin=-11.22954881, Emax=62.83308268
realization 145 / 300 ... accepted 145. Emin=-21.33036693, Emax=81.68543333
realization 146 / 300 ... accepted 146. Emin=-30.04560182, Emax=29.03106523
realization 147 / 300 ... accepted 147. Emin=-9.88100873, Emax=57.24902603
realization 148 / 300 ... accepted 148. Emin=-29.20924001, Emax=48.61869838
realization 149 / 300 ... accepted 149. Emin=-18.20390867, Emax=41.30485793
realization 150 / 300 ... accepted 150. Emin=-10.15472408, Emax=49.33039151
realization 151 / 300 ... accepted 151. Emin=-26.10528206, Emax=42.87252501
realization 152 / 300 ... accepted 152. Emin=-9.74482247, Emax=51.84865787
realization 153 / 300 ... accepted 153. Emin=8.14288983, Emax=64.33583370
realization 154 / 300 ... accepted 154. Emin=-6.16663195, Emax=47.29232827
realization 155 / 300 ... accepted 155. Emin=-28.48425995, Emax=56.58980530
realization 156 / 300 ... accepted 156. Emin=-25.65203012, Emax=69.59833132
realization 157 / 300 ... accepted 157. Emin=-2.31298485, Emax=75.59986651
realization 158 / 300 ... accepted 158. Emin=8.94742302, Emax=61.82277409
realization 159 / 300 ... accepted 159. Emin=-29.63351884, Emax=52.10137509
realization 160 / 300 ... accepted 160. Emin=12.80288693, Emax=79.33485745
realization 161 / 300 ... accepted 161. Emin=-6.00566697, Emax=55.94334796
realization 162 / 300 ... accepted 162. Emin=21.82471454, Emax=77.51060283
realization 163 / 300 ... accepted 163. Emin=-26.73682903, Emax=27.62996286
realization 164 / 300 ... accepted 164. Emin=-2.75103781, Emax=64.19277379
realization 165 / 300 ... accepted 165. Emin=-41.26367755, Emax=14.32763026
realization 166 / 300 ... accepted 166. Emin=-27.51065548, Emax=49.33560774
realization 167 / 300 ... accepted 167. Emin=-20.76610130, Emax=39.25234250
realization 168 / 300 ... accepted 168. Emin=3.85805031, Emax=76.93473568
realization 169 / 300 ... accepted 169. Emin=-21.98876896, Emax=42.98351375
realization 170 / 300 ... accepted 170. Emin=-35.86667988, Emax=15.91126839
realization 171 / 300 ... accepted 171. Emin=0.57046753, Emax=65.81681188
realization 172 / 300 ... accepted 172. Emin=-19.25223020, Emax=33.18209297
realization 173 / 300 ... accepted 173. Emin=14.10691033, Emax=70.36928017
realization 174 / 300 ... accepted 174. Emin=-27.90544860, Emax=26.17834675
realization 175 / 300 ... accepted 175. Emin=23.13348758, Emax=64.76332086
realization 176 / 300 ... accepted 176. Emin=-5.88609147, Emax=64.95021493
realization 177 / 300 ... accepted 177. Emin=-9.16942977, Emax=58.04859897
realization 178 / 300 ... accepted 178. Emin=19.21168623, Emax=77.59395855
realization 179 / 300 ... accepted 179. Emin=-26.07937008, Emax=73.41612075
realization 180 / 300 ... accepted 180. Emin=-31.88703041, Emax=51.58909660
realization 181 / 300 ... accepted 181. Emin=-20.97671957, Emax=62.49829307
realization 182 / 300 ... accepted 182. Emin=-33.73909300, Emax=34.48462982
realization 183 / 300 ... accepted 183. Emin=-29.79724658, Emax=22.59427787
realization 184 / 300 ... accepted 184. Emin=-8.38849276, Emax=68.78280995
realization 185 / 300 ... accepted 185. Emin=14.40512273, Emax=84.22557571
realization 186 / 300 ... accepted 186. Emin=-14.01919721, Emax=69.13739270
realization 187 / 300 ... accepted 187. Emin=-25.79086486, Emax=43.36546399
realization 188 / 300 ... accepted 188. Emin=-21.30173987, Emax=58.45408195
realization 189 / 300 ... accepted 189. Emin=-5.79323926, Emax=71.55944844
realization 190 / 300 ... accepted 190. Emin=15.46202060, Emax=82.07307538
realization 191 / 300 ... accepted 191. Emin=-9.26095990, Emax=38.48746112
realization 192 / 300 ... accepted 192. Emin=25.24671956, Emax=79.77816300
realization 193 / 300 ... accepted 193. Emin=-34.31204576, Emax=28.21199367
realization 194 / 300 ... accepted 194. Emin=-20.23851207, Emax=62.58145595
realization 195 / 300 ... accepted 195. Emin=-1.00380980, Emax=58.17774452
realization 196 / 300 ... accepted 196. Emin=-24.22887988, Emax=52.32068883
realization 197 / 300 ... accepted 197. Emin=3.86399487, Emax=53.38714365
realization 198 / 300 ... accepted 198. Emin=-11.28780657, Emax=58.53075481
realization 199 / 300 ... accepted 199. Emin=-26.49851867, Emax=46.15631064
realization 200 / 300 ... accepted 200. Emin=-23.21933881, Emax=47.33863011
realization 201 / 300 ... accepted 201. Emin=-27.53190506, Emax=50.18147053
realization 202 / 300 ... accepted 202. Emin=-35.34125019, Emax=35.21713878
realization 203 / 300 ... accepted 203. Emin=0.60064815, Emax=82.54272857
realization 204 / 300 ... accepted 204. Emin=-18.39747950, Emax=41.55473545
realization 205 / 300 ... accepted 205. Emin=17.27667671, Emax=53.40703169
realization 206 / 300 ... accepted 206. Emin=-19.37135709, Emax=47.84868109
realization 207 / 300 ... accepted 207. Emin=7.34290178, Emax=64.87698417
realization 208 / 300 ... accepted 208. Emin=-11.99352387, Emax=63.74498435
realization 209 / 300 ... accepted 209. Emin=-15.83393422, Emax=62.46313214
realization 210 / 300 ... accepted 210. Emin=-17.98627444, Emax=70.66200099
realization 211 / 300 ... accepted 211. Emin=-0.40468867, Emax=66.63026782
realization 212 / 300 ... accepted 212. Emin=-13.66001014, Emax=84.69319931
realization 213 / 300 ... accepted 213. Emin=6.11553248, Emax=57.36185047
realization 214 / 300 ... accepted 214. Emin=-12.41860132, Emax=51.36480580
realization 215 / 300 ... accepted 215. Emin=-32.13352901, Emax=30.81632923
realization 216 / 300 ... accepted 216. Emin=-3.27800345, Emax=61.89920014
realization 217 / 300 ... accepted 217. Emin=-25.20662360, Emax=45.20417285
realization 218 / 300 ... accepted 218. Emin=3.41218628, Emax=54.26020316
realization 219 / 300 ... accepted 219. Emin=-11.87665663, Emax=64.01619209
realization 220 / 300 ... accepted 220. Emin=-28.31150962, Emax=15.58347009
realization 221 / 300 ... accepted 221. Emin=-34.81231164, Emax=19.95922834
realization 222 / 300 ... accepted 222. Emin=-16.86560685, Emax=28.94841291
realization 223 / 300 ... accepted 223. Emin=-16.62715464, Emax=67.09086737
realization 224 / 300 ... accepted 224. Emin=11.31971900, Emax=62.73419408
realization 225 / 300 ... accepted 225. Emin=-13.71319281, Emax=58.74752173
realization 226 / 300 ... accepted 226. Emin=6.57252184, Emax=68.25181480
realization 227 / 300 ... accepted 227. Emin=-6.28247994, Emax=57.02320139
realization 228 / 300 ... accepted 228. Emin=-7.27749733, Emax=57.83927417
realization 229 / 300 ... accepted 229. Emin=-0.43248871, Emax=46.82589060
realization 230 / 300 ... accepted 230. Emin=-19.50969341, Emax=49.79062050
realization 231 / 300 ... accepted 231. Emin=-0.03558247, Emax=45.85003293
realization 232 / 300 ... accepted 232. Emin=-25.62202088, Emax=47.16341314
realization 233 / 300 ... accepted 233. Emin=-3.17809079, Emax=51.05281718
realization 234 / 300 ... accepted 234. Emin=-19.04300282, Emax=51.36315874
realization 235 / 300 ... accepted 235. Emin=-23.85068960, Emax=65.27387511
realization 236 / 300 ... accepted 236. Emin=-42.30096313, Emax=17.34991625
realization 237 / 300 ... accepted 237. Emin=-28.42507981, Emax=42.33326774
realization 238 / 300 ... accepted 238. Emin=-25.38298473, Emax=59.84379661
realization 239 / 300 ... accepted 239. Emin=-3.37459336, Emax=71.63740531
realization 240 / 300 ... accepted 240. Emin=-23.80307499, Emax=64.92949927
realization 241 / 300 ... accepted 241. Emin=-15.13732611, Emax=53.98261159
realization 242 / 300 ... accepted 242. Emin=-22.08897474, Emax=68.01991867
realization 243 / 300 ... accepted 243. Emin=6.93930722, Emax=62.87872079
realization 244 / 300 ... accepted 244. Emin=15.52726874, Emax=59.05035626
realization 245 / 300 ... accepted 245. Emin=-25.64040521, Emax=20.71016222
realization 246 / 300 ... accepted 246. Emin=-18.59171047, Emax=38.52656577
realization 247 / 300 ... accepted 247. Emin=-26.84288545, Emax=40.19788915
realization 248 / 300 ... accepted 248. Emin=-17.34532059, Emax=55.83094388
realization 249 / 300 ... accepted 249. Emin=-24.21459105, Emax=29.36706211
realization 250 / 300 ... accepted 250. Emin=-46.13423343, Emax=-8.62462641
realization 251 / 300 ... accepted 251. Emin=-8.78084144, Emax=35.73531954
realization 252 / 300 ... accepted 252. Emin=-11.20462654, Emax=57.08283876
realization 253 / 300 ... accepted 253. Emin=-27.44906462, Emax=62.94605391
realization 254 / 300 ... accepted 254. Emin=3.52952449, Emax=61.40649037
realization 255 / 300 ... accepted 255. Emin=-8.35578727, Emax=41.10189697
realization 256 / 300 ... accepted 256. Emin=-10.80639275, Emax=67.75400028
realization 257 / 300 ... accepted 257. Emin=-9.69107207, Emax=62.35803842
realization 258 / 300 ... accepted 258. Emin=-19.55078633, Emax=61.52182304
realization 259 / 300 ... accepted 259. Emin=-32.09832533, Emax=64.93161867
realization 260 / 300 ... accepted 260. Emin=-41.40458807, Emax=15.82174755
realization 261 / 300 ... accepted 261. Emin=-13.59874719, Emax=57.75975645
realization 262 / 300 ... accepted 262. Emin=-15.54970015, Emax=45.44544582
realization 263 / 300 ... accepted 263. Emin=-26.75576747, Emax=41.94536259
realization 264 / 300 ... accepted 264. Emin=-19.20337487, Emax=53.78120419
realization 265 / 300 ... accepted 265. Emin=16.15038580, Emax=65.63281956
realization 266 / 300 ... accepted 266. Emin=-22.80667470, Emax=56.86847349
realization 267 / 300 ... accepted 267. Emin=-19.96314653, Emax=37.10858483
realization 268 / 300 ... accepted 268. Emin=-12.02302086, Emax=55.03574264
realization 269 / 300 ... accepted 269. Emin=-12.96753422, Emax=47.13823943
realization 270 / 300 ... accepted 270. Emin=-11.64360061, Emax=64.51049565
realization 271 / 300 ... accepted 271. Emin=-26.22639789, Emax=43.40153188
realization 272 / 300 ... accepted 272. Emin=-8.05655316, Emax=64.18957513
realization 273 / 300 ... accepted 273. Emin=-11.68478364, Emax=56.96533099
realization 274 / 300 ... accepted 274. Emin=-12.18521836, Emax=44.21960159
realization 275 / 300 ... accepted 275. Emin=-16.51538485, Emax=53.48968443
realization 276 / 300 ... accepted 276. Emin=-13.00142319, Emax=68.06163885
realization 277 / 300 ... accepted 277. Emin=1.74101659, Emax=71.75695472
realization 278 / 300 ... accepted 278. Emin=-14.50258558, Emax=64.95268308
realization 279 / 300 ... accepted 279. Emin=-32.58835878, Emax=15.54285592
realization 280 / 300 ... accepted 280. Emin=0.71219227, Emax=65.70171453
realization 281 / 300 ... accepted 281. Emin=-2.65781950, Emax=57.60743758
realization 282 / 300 ... accepted 282. Emin=-19.40735569, Emax=72.64611859
realization 283 / 300 ... accepted 283. Emin=-13.42059161, Emax=47.04550112
realization 284 / 300 ... accepted 284. Emin=-6.29628298, Emax=55.35362652
realization 285 / 300 ... accepted 285. Emin=-29.96374966, Emax=40.32884583
realization 286 / 300 ... accepted 286. Emin=-12.12796033, Emax=50.24424241
realization 287 / 300 ... accepted 287. Emin=-6.40711264, Emax=65.49655509
realization 288 / 300 ... accepted 288. Emin=-48.72216138, Emax=26.20906205
realization 289 / 300 ... accepted 289. Emin=-16.14274451, Emax=57.74400545
realization 290 / 300 ... accepted 290. Emin=-20.75068635, Emax=58.01844793
realization 291 / 300 ... accepted 291. Emin=-1.67903127, Emax=74.96921173
realization 292 / 300 ... accepted 292. Emin=-3.42717497, Emax=60.67944750
realization 293 / 300 ... accepted 293. Emin=-35.53766267, Emax=48.87968105
realization 294 / 300 ... accepted 294. Emin=-25.88880266, Emax=43.71570008
realization 295 / 300 ... accepted 295. Emin=-34.75666526, Emax=55.06849136
realization 296 / 300 ... accepted 296. Emin=-9.75686026, Emax=44.01918849
realization 297 / 300 ... accepted 297. Emin=-31.77891652, Emax=30.07177594
realization 298 / 300 ... accepted 298. Emin=-5.93647070, Emax=50.46193058
realization 299 / 300 ... accepted 299. Emin=-25.09838812, Emax=22.11345417
realization 300 / 300 ... accepted 300. Emin=-32.32230054, Emax=38.54655523
Saved final energies: /home/2/kj405942/POLFED_bosons/pbs_bose_legacy_nmax2_periodic/data/U_4/W_11/L_6/N_6_nmax_2/boundary_periodic/energies_full_U4_L6_N6_nmax2_W11_boundaryperiodic_nreal300.txt
Accepted realizations: 300 / 300
Skipped realizations: 0
Job finished at Sun May 31 18:05:24 UTC 2026
