Job started on w20 at Sun May 31 17:56:44 UTC 2026
PBS_JOBID=7731343.kruk-host.ift-klaster.lan
PBS_O_WORKDIR=/home/2/kj405942/POLFED_bosons
Bose-Hubbard: L=6, N=6, nmax=2, dim=141
t=1, U=4, W=4, nreal=300, boundary=periodic, mode=full
Writing partial results to /home/2/kj405942/POLFED_bosons/pbs_bose_legacy_nmax2_periodic/data/U_4/W_4/L_6/N_6_nmax_2/boundary_periodic/energies_full_U4_L6_N6_nmax2_W4_boundaryperiodic_nreal300_partial.txt
realization 1 / 300 ... accepted 1. Emin=7.61553280, Emax=42.17906247
realization 2 / 300 ... accepted 2. Emin=7.03201987, Emax=43.94313916
realization 3 / 300 ... accepted 3. Emin=-0.89291530, Emax=42.89425820
realization 4 / 300 ... accepted 4. Emin=0.80374607, Emax=41.48113102
realization 5 / 300 ... accepted 5. Emin=5.91277326, Emax=39.83710622
realization 6 / 300 ... accepted 6. Emin=-0.45121067, Emax=35.98575606
realization 7 / 300 ... accepted 7. Emin=-5.44508273, Emax=39.75852465
realization 8 / 300 ... accepted 8. Emin=-8.92953544, Emax=28.52131497
realization 9 / 300 ... accepted 9. Emin=-8.33917091, Emax=33.88785631
realization 10 / 300 ... accepted 10. Emin=-1.36290551, Emax=37.77858769
realization 11 / 300 ... accepted 11. Emin=1.52249982, Emax=46.22717234
realization 12 / 300 ... accepted 12. Emin=-7.67102191, Emax=29.77277803
realization 13 / 300 ... accepted 13. Emin=-3.25097573, Emax=32.93741691
realization 14 / 300 ... accepted 14. Emin=-5.55733472, Emax=33.85583503
realization 15 / 300 ... accepted 15. Emin=10.16975537, Emax=44.67080025
realization 16 / 300 ... accepted 16. Emin=-5.65927419, Emax=31.86556460
realization 17 / 300 ... accepted 17. Emin=-2.03130114, Emax=38.21687312
realization 18 / 300 ... accepted 18. Emin=-0.04881498, Emax=36.66431823
realization 19 / 300 ... accepted 19. Emin=-2.46151285, Emax=33.82338488
realization 20 / 300 ... accepted 20. Emin=-5.10382518, Emax=35.42946641
realization 21 / 300 ... accepted 21. Emin=-10.11648293, Emax=27.36031053
realization 22 / 300 ... accepted 22. Emin=-15.77885483, Emax=18.07194350
realization 23 / 300 ... accepted 23. Emin=-5.88553605, Emax=35.43728321
realization 24 / 300 ... accepted 24. Emin=-3.83623520, Emax=34.03834092
realization 25 / 300 ... accepted 25. Emin=-4.32062846, Emax=38.09396951
realization 26 / 300 ... accepted 26. Emin=-3.38549430, Emax=35.65438930
realization 27 / 300 ... accepted 27. Emin=-1.96690091, Emax=39.61630134
realization 28 / 300 ... accepted 28. Emin=-2.05817312, Emax=38.72239839
realization 29 / 300 ... accepted 29. Emin=-7.03473566, Emax=34.47960470
realization 30 / 300 ... accepted 30. Emin=-6.07090156, Emax=31.14562999
realization 31 / 300 ... accepted 31. Emin=-0.35329211, Emax=39.16202736
realization 32 / 300 ... accepted 32. Emin=-0.79157492, Emax=37.79561563
realization 33 / 300 ... accepted 33. Emin=-6.75072947, Emax=43.54450794
realization 34 / 300 ... accepted 34. Emin=0.09936852, Emax=40.38981216
realization 35 / 300 ... accepted 35. Emin=-7.28240204, Emax=32.80389188
realization 36 / 300 ... accepted 36. Emin=-11.40613384, Emax=32.98386603
realization 37 / 300 ... accepted 37. Emin=-14.97467486, Emax=25.29263200
realization 38 / 300 ... accepted 38. Emin=3.27734010, Emax=43.53871064
realization 39 / 300 ... accepted 39. Emin=-14.13018161, Emax=20.13135897
realization 40 / 300 ... accepted 40. Emin=-18.70521659, Emax=15.34497761
realization 41 / 300 ... accepted 41. Emin=-6.39062949, Emax=34.06515286
realization 42 / 300 ... accepted 42. Emin=-4.70810993, Emax=32.70661033
realization 43 / 300 ... accepted 43. Emin=5.89450011, Emax=39.61222000
realization 44 / 300 ... accepted 44. Emin=-2.37916800, Emax=43.17624246
realization 45 / 300 ... accepted 45. Emin=-10.91148407, Emax=27.44628573
realization 46 / 300 ... accepted 46. Emin=-0.38095310, Emax=33.07667582
realization 47 / 300 ... accepted 47. Emin=-0.31632271, Emax=41.51233343
realization 48 / 300 ... accepted 48. Emin=0.23219770, Emax=37.01033096
realization 49 / 300 ... accepted 49. Emin=-6.92028632, Emax=27.00271150
realization 50 / 300 ... accepted 50. Emin=-2.40417529, Emax=38.57532067
realization 51 / 300 ... accepted 51. Emin=-7.03872661, Emax=37.92904214
realization 52 / 300 ... accepted 52. Emin=-4.82282791, Emax=28.07381546
realization 53 / 300 ... accepted 53. Emin=-3.59931582, Emax=31.20710574
realization 54 / 300 ... accepted 54. Emin=-7.87524180, Emax=32.94245046
realization 55 / 300 ... accepted 55. Emin=-5.02049066, Emax=34.90541402
realization 56 / 300 ... accepted 56. Emin=4.49012341, Emax=42.24411583
realization 57 / 300 ... accepted 57. Emin=-2.11790504, Emax=41.72921566
realization 58 / 300 ... accepted 58. Emin=0.99369985, Emax=42.22976773
realization 59 / 300 ... accepted 59. Emin=-5.15183140, Emax=38.70386320
realization 60 / 300 ... accepted 60. Emin=-17.95151675, Emax=13.29044254
realization 61 / 300 ... accepted 61. Emin=-5.74074872, Emax=35.53542098
realization 62 / 300 ... accepted 62. Emin=-1.11958654, Emax=36.46252536
realization 63 / 300 ... accepted 63. Emin=-11.76309827, Emax=27.38054081
realization 64 / 300 ... accepted 64. Emin=-1.65121721, Emax=39.34656206
realization 65 / 300 ... accepted 65. Emin=7.02151416, Emax=44.15101367
realization 66 / 300 ... accepted 66. Emin=-0.73538363, Emax=42.48850271
realization 67 / 300 ... accepted 67. Emin=2.79047199, Emax=46.19593765
realization 68 / 300 ... accepted 68. Emin=-7.04409411, Emax=30.27748740
realization 69 / 300 ... accepted 69. Emin=-1.46178957, Emax=37.22035897
realization 70 / 300 ... accepted 70. Emin=-12.29278888, Emax=24.72661846
realization 71 / 300 ... accepted 71. Emin=-0.92382356, Emax=35.51411327
realization 72 / 300 ... accepted 72. Emin=-15.56388147, Emax=23.60527922
realization 73 / 300 ... accepted 73. Emin=-2.74758196, Emax=38.66745160
realization 74 / 300 ... accepted 74. Emin=-0.67578930, Emax=32.44643636
realization 75 / 300 ... accepted 75. Emin=0.27308722, Emax=34.41568387
realization 76 / 300 ... accepted 76. Emin=3.16201697, Emax=41.47898233
realization 77 / 300 ... accepted 77. Emin=-10.64059143, Emax=31.08556173
realization 78 / 300 ... accepted 78. Emin=-5.17337488, Emax=34.59363924
realization 79 / 300 ... accepted 79. Emin=6.33664362, Emax=44.65587593
realization 80 / 300 ... accepted 80. Emin=-9.83613785, Emax=25.29795082
realization 81 / 300 ... accepted 81. Emin=-11.20543960, Emax=31.27660843
realization 82 / 300 ... accepted 82. Emin=-6.09358671, Emax=33.45097569
realization 83 / 300 ... accepted 83. Emin=0.27032806, Emax=41.20055899
realization 84 / 300 ... accepted 84. Emin=-4.10878313, Emax=34.11889901
realization 85 / 300 ... accepted 85. Emin=6.15790293, Emax=41.88419553
realization 86 / 300 ... accepted 86. Emin=-6.37747610, Emax=32.66330451
realization 87 / 300 ... accepted 87. Emin=3.89679142, Emax=43.53552359
realization 88 / 300 ... accepted 88. Emin=0.78610788, Emax=35.81449371
realization 89 / 300 ... accepted 89. Emin=1.82300075, Emax=41.25406357
realization 90 / 300 ... accepted 90. Emin=5.96257595, Emax=45.57952748
realization 91 / 300 ... accepted 91. Emin=-10.38013233, Emax=29.81887384
realization 92 / 300 ... accepted 92. Emin=7.98371925, Emax=42.42976213
realization 93 / 300 ... accepted 93. Emin=-6.29922214, Emax=34.27553907
realization 94 / 300 ... accepted 94. Emin=-1.72977287, Emax=39.98827483
realization 95 / 300 ... accepted 95. Emin=-9.88390034, Emax=30.56111506
realization 96 / 300 ... accepted 96. Emin=-4.89613177, Emax=31.94066243
realization 97 / 300 ... accepted 97. Emin=-12.43824531, Emax=21.87117609
realization 98 / 300 ... accepted 98. Emin=-2.28555799, Emax=45.01447221
realization 99 / 300 ... accepted 99. Emin=-2.55447462, Emax=39.24207767
realization 100 / 300 ... accepted 100. Emin=7.09082771, Emax=43.60591038
realization 101 / 300 ... accepted 101. Emin=-2.80648053, Emax=32.18119866
realization 102 / 300 ... accepted 102. Emin=-9.35466408, Emax=24.96347532
realization 103 / 300 ... accepted 103. Emin=-9.61474823, Emax=29.24348252
realization 104 / 300 ... accepted 104. Emin=-0.15085916, Emax=38.01086996
realization 105 / 300 ... accepted 105. Emin=-3.23041930, Emax=38.04292287
realization 106 / 300 ... accepted 106. Emin=1.32249914, Emax=39.22221710
realization 107 / 300 ... accepted 107. Emin=5.28339105, Emax=40.67541995
realization 108 / 300 ... accepted 108. Emin=2.42171157, Emax=42.34366515
realization 109 / 300 ... accepted 109. Emin=2.52770009, Emax=39.49217243
realization 110 / 300 ... accepted 110. Emin=-8.69638200, Emax=26.65499755
realization 111 / 300 ... accepted 111. Emin=-8.67494402, Emax=35.12131055
realization 112 / 300 ... accepted 112. Emin=-2.50727479, Emax=38.36189251
realization 113 / 300 ... accepted 113. Emin=-1.29814816, Emax=37.16597972
realization 114 / 300 ... accepted 114. Emin=6.58185531, Emax=46.16664951
realization 115 / 300 ... accepted 115. Emin=-1.79445865, Emax=36.70269643
realization 116 / 300 ... accepted 116. Emin=-8.39081883, Emax=27.72448663
realization 117 / 300 ... accepted 117. Emin=-13.95682675, Emax=24.96649649
realization 118 / 300 ... accepted 118. Emin=2.77384719, Emax=42.19385766
realization 119 / 300 ... accepted 119. Emin=-2.93915087, Emax=40.20824722
realization 120 / 300 ... accepted 120. Emin=0.10658728, Emax=42.83301377
realization 121 / 300 ... accepted 121. Emin=4.46750004, Emax=40.00306255
realization 122 / 300 ... accepted 122. Emin=5.75778240, Emax=41.79172840
realization 123 / 300 ... accepted 123. Emin=4.69837493, Emax=44.95977759
realization 124 / 300 ... accepted 124. Emin=-6.66866695, Emax=30.00024095
realization 125 / 300 ... accepted 125. Emin=-1.40776084, Emax=42.48210955
realization 126 / 300 ... accepted 126. Emin=-4.62159635, Emax=35.45125695
realization 127 / 300 ... accepted 127. Emin=-6.20611443, Emax=32.61414816
realization 128 / 300 ... accepted 128. Emin=-4.61118881, Emax=30.53984115
realization 129 / 300 ... accepted 129. Emin=-17.94135092, Emax=19.25746612
realization 130 / 300 ... accepted 130. Emin=7.82079445, Emax=46.96661817
realization 131 / 300 ... accepted 131. Emin=-9.65720910, Emax=32.42170147
realization 132 / 300 ... accepted 132. Emin=6.37931800, Emax=43.65023701
realization 133 / 300 ... accepted 133. Emin=-0.99886677, Emax=37.65400478
realization 134 / 300 ... accepted 134. Emin=-6.33532748, Emax=36.16642295
realization 135 / 300 ... accepted 135. Emin=-10.09207642, Emax=25.52794679
realization 136 / 300 ... accepted 136. Emin=-16.24667601, Emax=18.44206589
realization 137 / 300 ... accepted 137. Emin=-0.90528672, Emax=38.18308520
realization 138 / 300 ... accepted 138. Emin=-15.56365550, Emax=20.13832585
realization 139 / 300 ... accepted 139. Emin=-11.79284798, Emax=22.52641594
realization 140 / 300 ... accepted 140. Emin=-3.29995927, Emax=38.22251295
realization 141 / 300 ... accepted 141. Emin=-4.91364092, Emax=32.53262292
realization 142 / 300 ... accepted 142. Emin=-5.89640254, Emax=37.89938477
realization 143 / 300 ... accepted 143. Emin=-5.71923534, Emax=38.44737066
realization 144 / 300 ... accepted 144. Emin=-2.74369815, Emax=40.04873229
realization 145 / 300 ... accepted 145. Emin=-4.96261760, Emax=33.61323755
realization 146 / 300 ... accepted 146. Emin=4.64481466, Emax=41.01363346
realization 147 / 300 ... accepted 147. Emin=-10.57688512, Emax=26.20871884
realization 148 / 300 ... accepted 148. Emin=-6.90393649, Emax=35.32475082
realization 149 / 300 ... accepted 149. Emin=2.10268172, Emax=41.37175876
realization 150 / 300 ... accepted 150. Emin=-13.98017168, Emax=18.85859821
realization 151 / 300 ... accepted 151. Emin=-1.05423448, Emax=33.81751315
realization 152 / 300 ... accepted 152. Emin=3.00508750, Emax=40.07329356
realization 153 / 300 ... accepted 153. Emin=-6.00720097, Emax=34.01990757
realization 154 / 300 ... accepted 154. Emin=-7.48900227, Emax=34.19583621
realization 155 / 300 ... accepted 155. Emin=-3.03615959, Emax=39.47389048
realization 156 / 300 ... accepted 156. Emin=-10.57836570, Emax=31.77073407
realization 157 / 300 ... accepted 157. Emin=-14.61162535, Emax=22.69830973
realization 158 / 300 ... accepted 158. Emin=-6.12259557, Emax=36.32147458
realization 159 / 300 ... accepted 159. Emin=0.15459659, Emax=35.16459179
realization 160 / 300 ... accepted 160. Emin=3.74821450, Emax=41.51551941
realization 161 / 300 ... accepted 161. Emin=-15.52992317, Emax=22.26470374
realization 162 / 300 ... accepted 162. Emin=4.25911526, Emax=40.25217360
realization 163 / 300 ... accepted 163. Emin=-13.19680378, Emax=26.35084963
realization 164 / 300 ... accepted 164. Emin=-6.25687066, Emax=32.67206709
realization 165 / 300 ... accepted 165. Emin=3.74944225, Emax=44.44108701
realization 166 / 300 ... accepted 166. Emin=-2.70170586, Emax=41.66258611
realization 167 / 300 ... accepted 167. Emin=-5.18577951, Emax=30.69903625
realization 168 / 300 ... accepted 168. Emin=10.96664309, Emax=44.79393043
realization 169 / 300 ... accepted 169. Emin=-11.85354397, Emax=23.53675933
realization 170 / 300 ... accepted 170. Emin=-9.94741945, Emax=29.75622046
realization 171 / 300 ... accepted 171. Emin=-0.00744002, Emax=41.50557411
realization 172 / 300 ... accepted 172. Emin=-6.45449475, Emax=29.94316211
realization 173 / 300 ... accepted 173. Emin=-2.79805464, Emax=44.00518697
realization 174 / 300 ... accepted 174. Emin=-4.05249586, Emax=36.51836071
realization 175 / 300 ... accepted 175. Emin=-4.69602764, Emax=30.16726266
realization 176 / 300 ... accepted 176. Emin=-5.25848098, Emax=34.99872492
realization 177 / 300 ... accepted 177. Emin=-2.39251508, Emax=40.72281896
realization 178 / 300 ... accepted 178. Emin=-5.96090060, Emax=28.73976690
realization 179 / 300 ... accepted 179. Emin=5.98118816, Emax=40.74407487
realization 180 / 300 ... accepted 180. Emin=-4.75276228, Emax=33.89984301
realization 181 / 300 ... accepted 181. Emin=-3.84876331, Emax=30.26404502
realization 182 / 300 ... accepted 182. Emin=-9.98316862, Emax=29.61177905
realization 183 / 300 ... accepted 183. Emin=-4.79706788, Emax=36.05185177
realization 184 / 300 ... accepted 184. Emin=-6.98872213, Emax=30.39479994
realization 185 / 300 ... accepted 185. Emin=-12.00206433, Emax=28.04351118
realization 186 / 300 ... accepted 186. Emin=-6.13705469, Emax=30.74939574
realization 187 / 300 ... accepted 187. Emin=8.25745981, Emax=42.45051347
realization 188 / 300 ... accepted 188. Emin=1.37844186, Emax=42.62648272
realization 189 / 300 ... accepted 189. Emin=6.77598270, Emax=42.99640871
realization 190 / 300 ... accepted 190. Emin=0.30999889, Emax=39.65872025
realization 191 / 300 ... accepted 191. Emin=-7.63344705, Emax=30.69770767
realization 192 / 300 ... accepted 192. Emin=-6.61656393, Emax=37.20930518
realization 193 / 300 ... accepted 193. Emin=-6.42301369, Emax=29.01419078
realization 194 / 300 ... accepted 194. Emin=1.46098588, Emax=38.64085020
realization 195 / 300 ... accepted 195. Emin=-7.65888462, Emax=30.81418050
realization 196 / 300 ... accepted 196. Emin=2.71556446, Emax=38.68860153
realization 197 / 300 ... accepted 197. Emin=-10.55758630, Emax=26.69016473
realization 198 / 300 ... accepted 198. Emin=-1.62399632, Emax=38.11639400
realization 199 / 300 ... accepted 199. Emin=-6.60640427, Emax=27.93025680
realization 200 / 300 ... accepted 200. Emin=-2.51911344, Emax=36.91191129
realization 201 / 300 ... accepted 201. Emin=-3.61851011, Emax=41.30691937
realization 202 / 300 ... accepted 202. Emin=-0.18959109, Emax=37.83443542
realization 203 / 300 ... accepted 203. Emin=3.36694964, Emax=42.11241799
realization 204 / 300 ... accepted 204. Emin=-5.12566533, Emax=36.32458438
realization 205 / 300 ... accepted 205. Emin=-7.79348744, Emax=32.20187396
realization 206 / 300 ... accepted 206. Emin=-7.60906542, Emax=25.20539827
realization 207 / 300 ... accepted 207. Emin=-5.83077823, Emax=29.04043744
realization 208 / 300 ... accepted 208. Emin=-0.53782707, Emax=39.45686628
realization 209 / 300 ... accepted 209. Emin=-3.13629795, Emax=36.41140862
realization 210 / 300 ... accepted 210. Emin=-5.53165035, Emax=36.22161253
realization 211 / 300 ... accepted 211. Emin=-3.36033588, Emax=36.31009830
realization 212 / 300 ... accepted 212. Emin=-0.95908740, Emax=40.80474419
realization 213 / 300 ... accepted 213. Emin=-3.33152802, Emax=35.39269429
realization 214 / 300 ... accepted 214. Emin=-7.45330436, Emax=32.63091145
realization 215 / 300 ... accepted 215. Emin=1.24709632, Emax=39.39921747
realization 216 / 300 ... accepted 216. Emin=-11.65079896, Emax=27.62024760
realization 217 / 300 ... accepted 217. Emin=3.47497624, Emax=44.25276557
realization 218 / 300 ... accepted 218. Emin=-7.32250638, Emax=32.06972449
realization 219 / 300 ... accepted 219. Emin=1.45336977, Emax=42.95902117
realization 220 / 300 ... accepted 220. Emin=2.89778793, Emax=38.46795268
realization 221 / 300 ... accepted 221. Emin=-5.03021072, Emax=41.81629835
realization 222 / 300 ... accepted 222. Emin=-11.43965374, Emax=25.20333609
realization 223 / 300 ... accepted 223. Emin=5.21866613, Emax=45.55387746
realization 224 / 300 ... accepted 224. Emin=-10.38823328, Emax=31.83315178
realization 225 / 300 ... accepted 225. Emin=-8.64527634, Emax=25.57923870
realization 226 / 300 ... accepted 226. Emin=-3.33743886, Emax=38.67414033
realization 227 / 300 ... accepted 227. Emin=1.86456102, Emax=39.24284792
realization 228 / 300 ... accepted 228. Emin=-4.45093126, Emax=36.60918082
realization 229 / 300 ... accepted 229. Emin=4.19561223, Emax=45.11374569
realization 230 / 300 ... accepted 230. Emin=-0.03092755, Emax=42.67442481
realization 231 / 300 ... accepted 231. Emin=0.37166340, Emax=39.10527039
realization 232 / 300 ... accepted 232. Emin=-1.45528420, Emax=36.26846930
realization 233 / 300 ... accepted 233. Emin=0.10977066, Emax=41.84152052
realization 234 / 300 ... accepted 234. Emin=2.80950402, Emax=40.28980776
realization 235 / 300 ... accepted 235. Emin=-3.61077867, Emax=35.79488152
realization 236 / 300 ... accepted 236. Emin=-10.81789770, Emax=28.70696364
realization 237 / 300 ... accepted 237. Emin=-1.76931412, Emax=35.51336610
realization 238 / 300 ... accepted 238. Emin=-13.55236111, Emax=20.11582185
realization 239 / 300 ... accepted 239. Emin=-3.27680098, Emax=36.58408754
realization 240 / 300 ... accepted 240. Emin=-10.94403610, Emax=26.92730131
realization 241 / 300 ... accepted 241. Emin=-3.79644988, Emax=31.19009321
realization 242 / 300 ... accepted 242. Emin=-5.69045286, Emax=39.24282534
realization 243 / 300 ... accepted 243. Emin=-9.99898505, Emax=29.49527650
realization 244 / 300 ... accepted 244. Emin=-7.03653728, Emax=28.63667353
realization 245 / 300 ... accepted 245. Emin=-9.82499397, Emax=26.83060298
realization 246 / 300 ... accepted 246. Emin=-6.88949396, Emax=33.98922872
realization 247 / 300 ... accepted 247. Emin=-3.24546727, Emax=38.52493441
realization 248 / 300 ... accepted 248. Emin=-3.88646794, Emax=30.35323847
realization 249 / 300 ... accepted 249. Emin=-9.28913717, Emax=28.44218932
realization 250 / 300 ... accepted 250. Emin=1.20900481, Emax=43.05124321
realization 251 / 300 ... accepted 251. Emin=-0.45559162, Emax=33.91020491
realization 252 / 300 ... accepted 252. Emin=4.03801092, Emax=40.69608279
realization 253 / 300 ... accepted 253. Emin=-1.34960024, Emax=34.38861841
realization 254 / 300 ... accepted 254. Emin=-0.30920309, Emax=37.09242368
realization 255 / 300 ... accepted 255. Emin=-0.24594556, Emax=36.61963224
realization 256 / 300 ... accepted 256. Emin=-6.74207932, Emax=25.52562525
realization 257 / 300 ... accepted 257. Emin=-4.46685553, Emax=31.06239034
realization 258 / 300 ... accepted 258. Emin=1.38351692, Emax=39.02063391
realization 259 / 300 ... accepted 259. Emin=-7.20009646, Emax=28.33531850
realization 260 / 300 ... accepted 260. Emin=-9.72154462, Emax=32.87979825
realization 261 / 300 ... accepted 261. Emin=4.99610786, Emax=40.30240916
realization 262 / 300 ... accepted 262. Emin=-2.91658410, Emax=35.53227416
realization 263 / 300 ... accepted 263. Emin=1.46055904, Emax=41.32275880
realization 264 / 300 ... accepted 264. Emin=4.94926903, Emax=44.24366576
realization 265 / 300 ... accepted 265. Emin=-7.93220393, Emax=30.14117061
realization 266 / 300 ... accepted 266. Emin=-4.49842775, Emax=32.11779828
realization 267 / 300 ... accepted 267. Emin=8.05089396, Emax=42.17915251
realization 268 / 300 ... accepted 268. Emin=-6.06201267, Emax=39.94104931
realization 269 / 300 ... accepted 269. Emin=-2.22200258, Emax=35.59312155
realization 270 / 300 ... accepted 270. Emin=-2.03679016, Emax=37.02021761
realization 271 / 300 ... accepted 271. Emin=-1.47421568, Emax=36.67739237
realization 272 / 300 ... accepted 272. Emin=1.16702672, Emax=42.86516783
realization 273 / 300 ... accepted 273. Emin=-3.96227518, Emax=38.57292838
realization 274 / 300 ... accepted 274. Emin=1.53096756, Emax=40.87687921
realization 275 / 300 ... accepted 275. Emin=4.41996096, Emax=36.33876043
realization 276 / 300 ... accepted 276. Emin=-3.23443595, Emax=35.16729091
realization 277 / 300 ... accepted 277. Emin=-8.57513675, Emax=35.99268323
realization 278 / 300 ... accepted 278. Emin=4.43220054, Emax=44.23586118
realization 279 / 300 ... accepted 279. Emin=0.14533832, Emax=42.48986331
realization 280 / 300 ... accepted 280. Emin=-7.79217926, Emax=28.27170387
realization 281 / 300 ... accepted 281. Emin=-9.41737589, Emax=25.72927868
realization 282 / 300 ... accepted 282. Emin=3.98056228, Emax=39.19216608
realization 283 / 300 ... accepted 283. Emin=-6.89984444, Emax=38.95476553
realization 284 / 300 ... accepted 284. Emin=5.08911035, Emax=39.69463697
realization 285 / 300 ... accepted 285. Emin=-7.19206432, Emax=26.93389133
realization 286 / 300 ... accepted 286. Emin=-3.64817746, Emax=37.13504136
realization 287 / 300 ... accepted 287. Emin=1.55525972, Emax=43.21036537
realization 288 / 300 ... accepted 288. Emin=-16.40546375, Emax=19.99355435
realization 289 / 300 ... accepted 289. Emin=-0.49756222, Emax=32.34607276
realization 290 / 300 ... accepted 290. Emin=-0.31227974, Emax=41.52808651
realization 291 / 300 ... accepted 291. Emin=-5.02711945, Emax=37.11552203
realization 292 / 300 ... accepted 292. Emin=1.78432028, Emax=40.44652429
realization 293 / 300 ... accepted 293. Emin=-6.39349335, Emax=31.31133169
realization 294 / 300 ... accepted 294. Emin=3.07152404, Emax=42.60701966
realization 295 / 300 ... accepted 295. Emin=3.76732870, Emax=41.34127179
realization 296 / 300 ... accepted 296. Emin=-9.40279390, Emax=30.39109104
realization 297 / 300 ... accepted 297. Emin=3.21174293, Emax=41.00357071
realization 298 / 300 ... accepted 298. Emin=1.44476416, Emax=41.35950209
realization 299 / 300 ... accepted 299. Emin=-0.48996548, Emax=43.57804917
realization 300 / 300 ... accepted 300. Emin=1.30216403, Emax=38.63360020
Saved final energies: /home/2/kj405942/POLFED_bosons/pbs_bose_legacy_nmax2_periodic/data/U_4/W_4/L_6/N_6_nmax_2/boundary_periodic/energies_full_U4_L6_N6_nmax2_W4_boundaryperiodic_nreal300.txt
Accepted realizations: 300 / 300
Skipped realizations: 0
Job finished at Sun May 31 17:58:16 UTC 2026
