Job started on w20 at Sun May 31 17:56:43 UTC 2026
PBS_JOBID=7731341.kruk-host.ift-klaster.lan
PBS_O_WORKDIR=/home/2/kj405942/POLFED_bosons
Bose-Hubbard: L=6, N=6, nmax=2, dim=141
t=1, U=4, W=2, nreal=300, boundary=periodic, mode=full
Writing partial results to /home/2/kj405942/POLFED_bosons/pbs_bose_legacy_nmax2_periodic/data/U_4/W_2/L_6/N_6_nmax_2/boundary_periodic/energies_full_U4_L6_N6_nmax2_W2_boundaryperiodic_nreal300_partial.txt
realization 1 / 300 ... accepted 1. Emin=-6.24834577, Emax=25.92860123
realization 2 / 300 ... accepted 2. Emin=-7.30975058, Emax=25.78809074
realization 3 / 300 ... accepted 3. Emin=-3.45812196, Emax=30.45913407
realization 4 / 300 ... accepted 4. Emin=-1.32551446, Emax=33.57369342
realization 5 / 300 ... accepted 5. Emin=-7.29018160, Emax=25.07253471
realization 6 / 300 ... accepted 6. Emin=-5.46862821, Emax=27.25673519
realization 7 / 300 ... accepted 7. Emin=3.44839018, Emax=34.76755367
realization 8 / 300 ... accepted 8. Emin=-5.18955682, Emax=28.87222584
realization 9 / 300 ... accepted 9. Emin=-2.76503597, Emax=30.96392509
realization 10 / 300 ... accepted 10. Emin=-2.46266649, Emax=30.27470772
realization 11 / 300 ... accepted 11. Emin=-3.30496940, Emax=31.46215546
realization 12 / 300 ... accepted 12. Emin=1.40854830, Emax=33.26784319
realization 13 / 300 ... accepted 13. Emin=-1.75465128, Emax=30.87280274
realization 14 / 300 ... accepted 14. Emin=1.13043330, Emax=35.11403102
realization 15 / 300 ... accepted 15. Emin=-4.59691634, Emax=29.05519727
realization 16 / 300 ... accepted 16. Emin=0.16098681, Emax=32.95430694
realization 17 / 300 ... accepted 17. Emin=-4.34482560, Emax=27.82076247
realization 18 / 300 ... accepted 18. Emin=-3.84929161, Emax=30.00055784
realization 19 / 300 ... accepted 19. Emin=-1.74806621, Emax=30.17576027
realization 20 / 300 ... accepted 20. Emin=0.09475968, Emax=33.81183865
realization 21 / 300 ... accepted 21. Emin=0.08747947, Emax=30.55439215
realization 22 / 300 ... accepted 22. Emin=-7.56685188, Emax=25.06539372
realization 23 / 300 ... accepted 23. Emin=-1.39613088, Emax=30.07457831
realization 24 / 300 ... accepted 24. Emin=-0.10075343, Emax=35.13274753
realization 25 / 300 ... accepted 25. Emin=-3.63398850, Emax=27.49271533
realization 26 / 300 ... accepted 26. Emin=-0.77734478, Emax=29.60988578
realization 27 / 300 ... accepted 27. Emin=-6.08974032, Emax=26.89173778
realization 28 / 300 ... accepted 28. Emin=-4.83030478, Emax=28.25081608
realization 29 / 300 ... accepted 29. Emin=-2.82858575, Emax=30.16119450
realization 30 / 300 ... accepted 30. Emin=-6.25443133, Emax=28.59039756
realization 31 / 300 ... accepted 31. Emin=-0.47363677, Emax=33.91548227
realization 32 / 300 ... accepted 32. Emin=-4.38812756, Emax=29.24776277
realization 33 / 300 ... accepted 33. Emin=1.42956846, Emax=33.86730669
realization 34 / 300 ... accepted 34. Emin=-0.33972698, Emax=32.87266121
realization 35 / 300 ... accepted 35. Emin=-4.25980165, Emax=29.82527529
realization 36 / 300 ... accepted 36. Emin=-2.35150808, Emax=30.01052284
realization 37 / 300 ... accepted 37. Emin=-2.79944207, Emax=32.77927013
realization 38 / 300 ... accepted 38. Emin=-4.69354917, Emax=28.78286645
realization 39 / 300 ... accepted 39. Emin=-7.91570496, Emax=22.85238998
realization 40 / 300 ... accepted 40. Emin=-5.01128286, Emax=27.08067272
realization 41 / 300 ... accepted 41. Emin=-7.76708730, Emax=25.33423031
realization 42 / 300 ... accepted 42. Emin=-0.36472370, Emax=34.03371280
realization 43 / 300 ... accepted 43. Emin=-5.91017941, Emax=26.98846686
realization 44 / 300 ... accepted 44. Emin=-3.55130609, Emax=30.98883202
realization 45 / 300 ... accepted 45. Emin=2.77321001, Emax=35.69303433
realization 46 / 300 ... accepted 46. Emin=-2.57594617, Emax=29.51501518
realization 47 / 300 ... accepted 47. Emin=-3.40290918, Emax=28.86819595
realization 48 / 300 ... accepted 48. Emin=0.47349375, Emax=34.13050000
realization 49 / 300 ... accepted 49. Emin=-1.78382628, Emax=31.49725802
realization 50 / 300 ... accepted 50. Emin=-2.15814227, Emax=32.42423571
realization 51 / 300 ... accepted 51. Emin=-1.99571711, Emax=34.24167122
realization 52 / 300 ... accepted 52. Emin=-6.09424435, Emax=25.59028797
realization 53 / 300 ... accepted 53. Emin=-0.52146880, Emax=32.88270168
realization 54 / 300 ... accepted 54. Emin=-3.98430143, Emax=31.04202582
realization 55 / 300 ... accepted 55. Emin=0.71538044, Emax=33.29473248
realization 56 / 300 ... accepted 56. Emin=-8.89667982, Emax=23.66807410
realization 57 / 300 ... accepted 57. Emin=-8.66602746, Emax=23.10555996
realization 58 / 300 ... accepted 58. Emin=-2.77281932, Emax=32.19556423
realization 59 / 300 ... accepted 59. Emin=1.98326564, Emax=34.21033848
realization 60 / 300 ... accepted 60. Emin=-3.10537214, Emax=31.11763658
realization 61 / 300 ... accepted 61. Emin=-7.21010279, Emax=26.44551342
realization 62 / 300 ... accepted 62. Emin=-2.35584452, Emax=31.49661911
realization 63 / 300 ... accepted 63. Emin=-2.32620869, Emax=30.06716350
realization 64 / 300 ... accepted 64. Emin=-2.27922536, Emax=30.01879244
realization 65 / 300 ... accepted 65. Emin=-4.29845810, Emax=28.71638701
realization 66 / 300 ... accepted 66. Emin=-3.90036711, Emax=27.69083798
realization 67 / 300 ... accepted 67. Emin=-2.89441649, Emax=31.10764633
realization 68 / 300 ... accepted 68. Emin=-5.79678744, Emax=26.20659489
realization 69 / 300 ... accepted 69. Emin=-4.72577841, Emax=27.61019883
realization 70 / 300 ... accepted 70. Emin=-4.37027307, Emax=31.47546207
realization 71 / 300 ... accepted 71. Emin=-6.45904067, Emax=25.46165002
realization 72 / 300 ... accepted 72. Emin=1.18839720, Emax=32.02659448
realization 73 / 300 ... accepted 73. Emin=-2.45629997, Emax=30.34029741
realization 74 / 300 ... accepted 74. Emin=-7.69425623, Emax=27.33372956
realization 75 / 300 ... accepted 75. Emin=-1.60881942, Emax=32.60115796
realization 76 / 300 ... accepted 76. Emin=-2.48631237, Emax=30.17699562
realization 77 / 300 ... accepted 77. Emin=-4.04641990, Emax=26.57901491
realization 78 / 300 ... accepted 78. Emin=1.57538132, Emax=34.63364855
realization 79 / 300 ... accepted 79. Emin=-0.99849625, Emax=33.13594643
realization 80 / 300 ... accepted 80. Emin=-0.28658176, Emax=30.35190499
realization 81 / 300 ... accepted 81. Emin=0.02138448, Emax=34.95862948
realization 82 / 300 ... accepted 82. Emin=-0.81618160, Emax=33.31882895
realization 83 / 300 ... accepted 83. Emin=-8.69717157, Emax=24.10109010
realization 84 / 300 ... accepted 84. Emin=2.02907177, Emax=34.60158846
realization 85 / 300 ... accepted 85. Emin=-3.56620456, Emax=30.18643457
realization 86 / 300 ... accepted 86. Emin=-3.69807208, Emax=30.94818797
realization 87 / 300 ... accepted 87. Emin=-0.82281751, Emax=32.08670951
realization 88 / 300 ... accepted 88. Emin=-3.00077006, Emax=28.26500832
realization 89 / 300 ... accepted 89. Emin=-6.01458095, Emax=27.54723964
realization 90 / 300 ... accepted 90. Emin=-0.82797455, Emax=31.01988554
realization 91 / 300 ... accepted 91. Emin=0.34590064, Emax=32.63868105
realization 92 / 300 ... accepted 92. Emin=0.48191434, Emax=31.95296453
realization 93 / 300 ... accepted 93. Emin=-0.31082795, Emax=32.90152488
realization 94 / 300 ... accepted 94. Emin=-5.72311961, Emax=27.26013570
realization 95 / 300 ... accepted 95. Emin=-4.57320336, Emax=29.80896457
realization 96 / 300 ... accepted 96. Emin=-2.57582797, Emax=33.57982943
realization 97 / 300 ... accepted 97. Emin=-1.15181849, Emax=31.85896293
realization 98 / 300 ... accepted 98. Emin=-1.04539305, Emax=31.44696421
realization 99 / 300 ... accepted 99. Emin=1.98876906, Emax=35.10908188
realization 100 / 300 ... accepted 100. Emin=-3.26229342, Emax=31.00686376
realization 101 / 300 ... accepted 101. Emin=-3.01372644, Emax=29.17728202
realization 102 / 300 ... accepted 102. Emin=0.99161618, Emax=33.38797186
realization 103 / 300 ... accepted 103. Emin=-0.77061334, Emax=33.58911150
realization 104 / 300 ... accepted 104. Emin=1.71993522, Emax=34.78180059
realization 105 / 300 ... accepted 105. Emin=-3.02859392, Emax=27.99770846
realization 106 / 300 ... accepted 106. Emin=-0.06951214, Emax=33.12878255
realization 107 / 300 ... accepted 107. Emin=-1.19090034, Emax=30.81289981
realization 108 / 300 ... accepted 108. Emin=-1.42071913, Emax=33.77184860
realization 109 / 300 ... accepted 109. Emin=3.56416188, Emax=35.03384605
realization 110 / 300 ... accepted 110. Emin=1.20655757, Emax=33.64200385
realization 111 / 300 ... accepted 111. Emin=-9.26398925, Emax=22.84200352
realization 112 / 300 ... accepted 112. Emin=-0.90302331, Emax=32.02175182
realization 113 / 300 ... accepted 113. Emin=-1.52224706, Emax=30.53694318
realization 114 / 300 ... accepted 114. Emin=-5.32753601, Emax=29.39167762
realization 115 / 300 ... accepted 115. Emin=-2.50800653, Emax=32.61040705
realization 116 / 300 ... accepted 116. Emin=-1.91144742, Emax=30.84507233
realization 117 / 300 ... accepted 117. Emin=-3.99630619, Emax=30.33132994
realization 118 / 300 ... accepted 118. Emin=-3.34732844, Emax=30.74505123
realization 119 / 300 ... accepted 119. Emin=-4.26567642, Emax=29.48932431
realization 120 / 300 ... accepted 120. Emin=-1.86952375, Emax=33.60348099
realization 121 / 300 ... accepted 121. Emin=0.09600874, Emax=33.42388034
realization 122 / 300 ... accepted 122. Emin=-3.06719240, Emax=29.43107080
realization 123 / 300 ... accepted 123. Emin=1.18140433, Emax=33.86429376
realization 124 / 300 ... accepted 124. Emin=-5.88596994, Emax=27.42764273
realization 125 / 300 ... accepted 125. Emin=-2.05726339, Emax=30.93210723
realization 126 / 300 ... accepted 126. Emin=-0.94196007, Emax=31.54460728
realization 127 / 300 ... accepted 127. Emin=-8.78730044, Emax=22.59571314
realization 128 / 300 ... accepted 128. Emin=-0.90320263, Emax=33.53658089
realization 129 / 300 ... accepted 129. Emin=-4.13540180, Emax=27.63960430
realization 130 / 300 ... accepted 130. Emin=-2.47330906, Emax=30.97497645
realization 131 / 300 ... accepted 131. Emin=-8.76509943, Emax=21.42876403
realization 132 / 300 ... accepted 132. Emin=0.02535891, Emax=33.27499542
realization 133 / 300 ... accepted 133. Emin=-0.12811826, Emax=32.67102849
realization 134 / 300 ... accepted 134. Emin=-2.05884276, Emax=31.28752351
realization 135 / 300 ... accepted 135. Emin=-2.63695318, Emax=33.23891346
realization 136 / 300 ... accepted 136. Emin=-4.99689519, Emax=28.75266419
realization 137 / 300 ... accepted 137. Emin=-4.62853956, Emax=27.41729192
realization 138 / 300 ... accepted 138. Emin=-0.50704485, Emax=32.47795068
realization 139 / 300 ... accepted 139. Emin=-7.23264702, Emax=24.32935181
realization 140 / 300 ... accepted 140. Emin=-1.79671433, Emax=33.09929169
realization 141 / 300 ... accepted 141. Emin=-4.42110235, Emax=27.09119647
realization 142 / 300 ... accepted 142. Emin=-0.41559686, Emax=32.73703700
realization 143 / 300 ... accepted 143. Emin=-3.32973540, Emax=30.24449785
realization 144 / 300 ... accepted 144. Emin=-3.35387196, Emax=28.50629358
realization 145 / 300 ... accepted 145. Emin=-0.08986360, Emax=33.67149688
realization 146 / 300 ... accepted 146. Emin=-2.00076289, Emax=29.24807025
realization 147 / 300 ... accepted 147. Emin=-0.57607021, Emax=32.93974672
realization 148 / 300 ... accepted 148. Emin=-1.28497876, Emax=31.13392202
realization 149 / 300 ... accepted 149. Emin=-1.72903929, Emax=32.05327935
realization 150 / 300 ... accepted 150. Emin=-1.06436576, Emax=31.40289994
realization 151 / 300 ... accepted 151. Emin=-6.28790673, Emax=26.05466702
realization 152 / 300 ... accepted 152. Emin=-3.61972370, Emax=28.70322364
realization 153 / 300 ... accepted 153. Emin=-4.07790516, Emax=29.64139556
realization 154 / 300 ... accepted 154. Emin=-6.23884505, Emax=26.43137594
realization 155 / 300 ... accepted 155. Emin=-3.49540393, Emax=31.87047761
realization 156 / 300 ... accepted 156. Emin=-0.52357230, Emax=31.75163640
realization 157 / 300 ... accepted 157. Emin=-2.83699155, Emax=31.60938579
realization 158 / 300 ... accepted 158. Emin=-1.02023569, Emax=33.05733083
realization 159 / 300 ... accepted 159. Emin=-7.57752566, Emax=26.37894191
realization 160 / 300 ... accepted 160. Emin=-3.81656643, Emax=33.23332183
realization 161 / 300 ... accepted 161. Emin=-4.87525462, Emax=27.67295889
realization 162 / 300 ... accepted 162. Emin=-2.57247411, Emax=33.14328415
realization 163 / 300 ... accepted 163. Emin=-0.58268268, Emax=31.30927809
realization 164 / 300 ... accepted 164. Emin=-4.29813470, Emax=29.87749337
realization 165 / 300 ... accepted 165. Emin=-2.45159224, Emax=31.44418515
realization 166 / 300 ... accepted 166. Emin=0.27615743, Emax=32.98164302
realization 167 / 300 ... accepted 167. Emin=-10.00385922, Emax=22.60141742
realization 168 / 300 ... accepted 168. Emin=-6.77472922, Emax=27.90155913
realization 169 / 300 ... accepted 169. Emin=-7.01615294, Emax=25.25198670
realization 170 / 300 ... accepted 170. Emin=-2.73645574, Emax=29.57013428
realization 171 / 300 ... accepted 171. Emin=1.64944682, Emax=34.81748734
realization 172 / 300 ... accepted 172. Emin=-4.68586402, Emax=29.39944724
realization 173 / 300 ... accepted 173. Emin=-2.20437222, Emax=28.80229780
realization 174 / 300 ... accepted 174. Emin=1.23281205, Emax=34.08898831
realization 175 / 300 ... accepted 175. Emin=1.08412047, Emax=34.09834528
realization 176 / 300 ... accepted 176. Emin=-0.36516789, Emax=30.28799479
realization 177 / 300 ... accepted 177. Emin=-7.25137653, Emax=26.38075627
realization 178 / 300 ... accepted 178. Emin=-4.03704093, Emax=27.67952369
realization 179 / 300 ... accepted 179. Emin=-0.64886612, Emax=32.25648730
realization 180 / 300 ... accepted 180. Emin=-8.37368197, Emax=23.31801361
realization 181 / 300 ... accepted 181. Emin=-9.26405509, Emax=21.66260871
realization 182 / 300 ... accepted 182. Emin=-8.93655952, Emax=22.17588030
realization 183 / 300 ... accepted 183. Emin=-3.55642892, Emax=28.67977179
realization 184 / 300 ... accepted 184. Emin=-1.23775101, Emax=33.52421166
realization 185 / 300 ... accepted 185. Emin=-5.63604759, Emax=24.36000534
realization 186 / 300 ... accepted 186. Emin=-1.87435798, Emax=31.11225287
realization 187 / 300 ... accepted 187. Emin=-5.13783128, Emax=28.32780954
realization 188 / 300 ... accepted 188. Emin=4.64765862, Emax=34.52178438
realization 189 / 300 ... accepted 189. Emin=-6.11693405, Emax=25.99804721
realization 190 / 300 ... accepted 190. Emin=-0.62296706, Emax=34.21625848
realization 191 / 300 ... accepted 191. Emin=-3.55444988, Emax=30.74642024
realization 192 / 300 ... accepted 192. Emin=-2.31376980, Emax=31.86682586
realization 193 / 300 ... accepted 193. Emin=3.26112166, Emax=35.31798491
realization 194 / 300 ... accepted 194. Emin=-4.99567749, Emax=28.15117429
realization 195 / 300 ... accepted 195. Emin=-3.73571583, Emax=32.74897940
realization 196 / 300 ... accepted 196. Emin=-8.12754620, Emax=24.95005904
realization 197 / 300 ... accepted 197. Emin=0.89640049, Emax=32.80055085
realization 198 / 300 ... accepted 198. Emin=-2.56560820, Emax=33.22980149
realization 199 / 300 ... accepted 199. Emin=-2.83680228, Emax=31.61583949
realization 200 / 300 ... accepted 200. Emin=-8.07931901, Emax=24.48526035
realization 201 / 300 ... accepted 201. Emin=1.70841616, Emax=34.07831044
realization 202 / 300 ... accepted 202. Emin=-4.62745865, Emax=29.88610776
realization 203 / 300 ... accepted 203. Emin=-0.23368266, Emax=32.29933138
realization 204 / 300 ... accepted 204. Emin=-5.16250977, Emax=29.16142858
realization 205 / 300 ... accepted 205. Emin=-5.32910030, Emax=30.31147475
realization 206 / 300 ... accepted 206. Emin=-1.12082478, Emax=34.13778068
realization 207 / 300 ... accepted 207. Emin=-4.92859297, Emax=28.92558498
realization 208 / 300 ... accepted 208. Emin=-5.71623796, Emax=26.22078305
realization 209 / 300 ... accepted 209. Emin=-3.43019617, Emax=30.59721290
realization 210 / 300 ... accepted 210. Emin=-0.74745907, Emax=31.22643460
realization 211 / 300 ... accepted 211. Emin=-9.47074530, Emax=20.71675384
realization 212 / 300 ... accepted 212. Emin=-1.75896920, Emax=28.81832328
realization 213 / 300 ... accepted 213. Emin=-3.94163090, Emax=32.33145193
realization 214 / 300 ... accepted 214. Emin=-0.47730585, Emax=32.91978661
realization 215 / 300 ... accepted 215. Emin=-2.31000058, Emax=28.96873800
realization 216 / 300 ... accepted 216. Emin=-1.48032502, Emax=31.55788886
realization 217 / 300 ... accepted 217. Emin=-1.92233971, Emax=32.94375099
realization 218 / 300 ... accepted 218. Emin=-0.28407507, Emax=31.27059432
realization 219 / 300 ... accepted 219. Emin=-0.74030564, Emax=34.03764991
realization 220 / 300 ... accepted 220. Emin=-3.15103646, Emax=31.53396974
realization 221 / 300 ... accepted 221. Emin=-4.49125455, Emax=27.34730136
realization 222 / 300 ... accepted 222. Emin=-4.99453080, Emax=28.37217159
realization 223 / 300 ... accepted 223. Emin=-9.82322095, Emax=21.86441450
realization 224 / 300 ... accepted 224. Emin=-0.48651445, Emax=31.44369853
realization 225 / 300 ... accepted 225. Emin=0.32214791, Emax=32.03759377
realization 226 / 300 ... accepted 226. Emin=-2.35526895, Emax=29.98229457
realization 227 / 300 ... accepted 227. Emin=1.10745175, Emax=34.04823773
realization 228 / 300 ... accepted 228. Emin=-2.08000662, Emax=34.73698883
realization 229 / 300 ... accepted 229. Emin=-5.27721707, Emax=27.12010949
realization 230 / 300 ... accepted 230. Emin=-0.73689998, Emax=31.03031823
realization 231 / 300 ... accepted 231. Emin=-0.99047277, Emax=33.46734800
realization 232 / 300 ... accepted 232. Emin=-2.75801212, Emax=32.33728106
realization 233 / 300 ... accepted 233. Emin=-1.50735619, Emax=31.60673763
realization 234 / 300 ... accepted 234. Emin=-2.53783120, Emax=31.45833363
realization 235 / 300 ... accepted 235. Emin=-5.26618111, Emax=27.36702985
realization 236 / 300 ... accepted 236. Emin=-5.66995510, Emax=26.16037773
realization 237 / 300 ... accepted 237. Emin=-3.07197873, Emax=32.75149686
realization 238 / 300 ... accepted 238. Emin=-3.64053214, Emax=29.08519164
realization 239 / 300 ... accepted 239. Emin=-6.40459344, Emax=25.18320694
realization 240 / 300 ... accepted 240. Emin=-2.81374599, Emax=32.20627878
realization 241 / 300 ... accepted 241. Emin=-7.12888164, Emax=26.05118350
realization 242 / 300 ... accepted 242. Emin=-1.72415222, Emax=30.06851573
realization 243 / 300 ... accepted 243. Emin=-4.49568661, Emax=29.82107000
realization 244 / 300 ... accepted 244. Emin=-2.48139805, Emax=33.33600698
realization 245 / 300 ... accepted 245. Emin=-5.76843978, Emax=28.88074269
realization 246 / 300 ... accepted 246. Emin=-6.99206429, Emax=23.07147186
realization 247 / 300 ... accepted 247. Emin=-1.35005482, Emax=32.24137015
realization 248 / 300 ... accepted 248. Emin=-1.65405014, Emax=31.63865740
realization 249 / 300 ... accepted 249. Emin=-2.62901389, Emax=33.82340453
realization 250 / 300 ... accepted 250. Emin=-2.53530627, Emax=32.13913733
realization 251 / 300 ... accepted 251. Emin=-1.51674331, Emax=33.06589371
realization 252 / 300 ... accepted 252. Emin=0.05487345, Emax=34.85838360
realization 253 / 300 ... accepted 253. Emin=0.36677594, Emax=31.55186265
realization 254 / 300 ... accepted 254. Emin=-2.46807023, Emax=29.11107025
realization 255 / 300 ... accepted 255. Emin=-5.49798091, Emax=29.57410278
realization 256 / 300 ... accepted 256. Emin=-9.16433091, Emax=22.41004296
realization 257 / 300 ... accepted 257. Emin=-1.73708546, Emax=31.85483234
realization 258 / 300 ... accepted 258. Emin=-4.33374382, Emax=29.53047252
realization 259 / 300 ... accepted 259. Emin=-6.89062287, Emax=28.04829344
realization 260 / 300 ... accepted 260. Emin=-3.29649554, Emax=31.72406210
realization 261 / 300 ... accepted 261. Emin=-1.07665382, Emax=30.35133534
realization 262 / 300 ... accepted 262. Emin=-1.72358142, Emax=32.32562278
realization 263 / 300 ... accepted 263. Emin=-3.70563599, Emax=30.89978207
realization 264 / 300 ... accepted 264. Emin=-3.60723960, Emax=31.39804194
realization 265 / 300 ... accepted 265. Emin=-4.98253225, Emax=30.93771730
realization 266 / 300 ... accepted 266. Emin=-1.71726993, Emax=32.52853798
realization 267 / 300 ... accepted 267. Emin=3.25955826, Emax=34.05077576
realization 268 / 300 ... accepted 268. Emin=-2.62585186, Emax=29.04230310
realization 269 / 300 ... accepted 269. Emin=-3.36567055, Emax=30.23926053
realization 270 / 300 ... accepted 270. Emin=-4.02865142, Emax=32.32887830
realization 271 / 300 ... accepted 271. Emin=-1.58573211, Emax=33.32756802
realization 272 / 300 ... accepted 272. Emin=-4.92866026, Emax=26.01887281
realization 273 / 300 ... accepted 273. Emin=-6.89172921, Emax=26.65031411
realization 274 / 300 ... accepted 274. Emin=-6.89733708, Emax=25.80444314
realization 275 / 300 ... accepted 275. Emin=-0.17303030, Emax=33.86045938
realization 276 / 300 ... accepted 276. Emin=-4.21327072, Emax=29.36856357
realization 277 / 300 ... accepted 277. Emin=-4.39626169, Emax=27.77654177
realization 278 / 300 ... accepted 278. Emin=-3.53736640, Emax=30.40210276
realization 279 / 300 ... accepted 279. Emin=-0.77402736, Emax=29.50473449
realization 280 / 300 ... accepted 280. Emin=-6.43344575, Emax=24.57410333
realization 281 / 300 ... accepted 281. Emin=-2.40691349, Emax=32.74447473
realization 282 / 300 ... accepted 282. Emin=-3.17409032, Emax=30.27993225
realization 283 / 300 ... accepted 283. Emin=-2.62469352, Emax=31.53180788
realization 284 / 300 ... accepted 284. Emin=-5.07749459, Emax=26.95315208
realization 285 / 300 ... accepted 285. Emin=0.47870556, Emax=35.57164229
realization 286 / 300 ... accepted 286. Emin=-6.08448706, Emax=26.70557703
realization 287 / 300 ... accepted 287. Emin=-2.54563027, Emax=29.42240804
realization 288 / 300 ... accepted 288. Emin=-4.83669544, Emax=25.49973274
realization 289 / 300 ... accepted 289. Emin=-2.88610674, Emax=30.34644542
realization 290 / 300 ... accepted 290. Emin=-2.12055922, Emax=30.13298933
realization 291 / 300 ... accepted 291. Emin=-7.56643107, Emax=24.04932060
realization 292 / 300 ... accepted 292. Emin=0.05914362, Emax=34.05620644
realization 293 / 300 ... accepted 293. Emin=-4.88312273, Emax=27.65284567
realization 294 / 300 ... accepted 294. Emin=-7.66456139, Emax=23.79939212
realization 295 / 300 ... accepted 295. Emin=-0.14921807, Emax=31.09845876
realization 296 / 300 ... accepted 296. Emin=-3.78316069, Emax=33.06765567
realization 297 / 300 ... accepted 297. Emin=-4.09229056, Emax=27.61383932
realization 298 / 300 ... accepted 298. Emin=-2.17171864, Emax=31.40805715
realization 299 / 300 ... accepted 299. Emin=-1.62160409, Emax=33.59304064
realization 300 / 300 ... accepted 300. Emin=-7.31472518, Emax=24.17988847
Saved final energies: /home/2/kj405942/POLFED_bosons/pbs_bose_legacy_nmax2_periodic/data/U_4/W_2/L_6/N_6_nmax_2/boundary_periodic/energies_full_U4_L6_N6_nmax2_W2_boundaryperiodic_nreal300.txt
Accepted realizations: 300 / 300
Skipped realizations: 0
Job finished at Sun May 31 17:58:18 UTC 2026
