Job started on w31 at Sun May 31 17:11:40 UTC 2026
PBS_JOBID=7731538.kruk-host.ift-klaster.lan
PBS_O_WORKDIR=/home/2/kj405942/POLFED_bosons
Bose-Hubbard: L=6, N=6, nmax=2, dim=141
t=1, U=50, W=4, nreal=300, boundary=periodic, mode=full
Writing partial results to /home/2/kj405942/POLFED_bosons/pbs_bose_legacy_nmax2_periodic/data/U_50/W_4/L_6/N_6_nmax_2/boundary_periodic/energies_full_U50_L6_N6_nmax2_W4_boundaryperiodic_nreal300_partial.txt
realization 1 / 300 ... accepted 1. Emin=10.30223551, Emax=319.25289546
realization 2 / 300 ... accepted 2. Emin=-5.31405719, Emax=308.63599831
realization 3 / 300 ... accepted 3. Emin=-5.32794631, Emax=308.33859829
realization 4 / 300 ... accepted 4. Emin=-3.96342858, Emax=308.19957579
realization 5 / 300 ... accepted 5. Emin=-7.87721195, Emax=301.62331180
realization 6 / 300 ... accepted 6. Emin=1.14349772, Emax=313.17663268
realization 7 / 300 ... accepted 7. Emin=-3.81186576, Emax=310.02747324
realization 8 / 300 ... accepted 8. Emin=-4.55817510, Emax=308.21483677
realization 9 / 300 ... accepted 9. Emin=-3.81968452, Emax=305.36475466
realization 10 / 300 ... accepted 10. Emin=9.30213160, Emax=320.54501329
realization 11 / 300 ... accepted 11. Emin=-2.82934971, Emax=309.36481909
realization 12 / 300 ... accepted 12. Emin=-1.40071066, Emax=308.35706483
realization 13 / 300 ... accepted 13. Emin=3.93412275, Emax=315.31075178
realization 14 / 300 ... accepted 14. Emin=2.78800294, Emax=311.28914121
realization 15 / 300 ... accepted 15. Emin=9.18125026, Emax=319.46597193
realization 16 / 300 ... accepted 16. Emin=5.41681021, Emax=319.16881187
realization 17 / 300 ... accepted 17. Emin=-7.06414175, Emax=298.44997253
realization 18 / 300 ... accepted 18. Emin=-0.97814420, Emax=312.63627498
realization 19 / 300 ... accepted 19. Emin=-4.53187193, Emax=305.72486147
realization 20 / 300 ... accepted 20. Emin=3.66188744, Emax=312.07673622
realization 21 / 300 ... accepted 21. Emin=-7.11348352, Emax=302.89992453
realization 22 / 300 ... accepted 22. Emin=8.13243685, Emax=317.84214995
realization 23 / 300 ... accepted 23. Emin=2.76276542, Emax=308.17442188
realization 24 / 300 ... accepted 24. Emin=-0.60117087, Emax=308.99843590
realization 25 / 300 ... accepted 25. Emin=3.27801656, Emax=317.10639199
realization 26 / 300 ... accepted 26. Emin=-7.13001263, Emax=301.89209330
realization 27 / 300 ... accepted 27. Emin=8.13025189, Emax=318.35619476
realization 28 / 300 ... accepted 28. Emin=0.95702015, Emax=311.31293290
realization 29 / 300 ... accepted 29. Emin=1.40382108, Emax=315.35902721
realization 30 / 300 ... accepted 30. Emin=-5.52477390, Emax=303.80097593
realization 31 / 300 ... accepted 31. Emin=10.57951944, Emax=320.11688558
realization 32 / 300 ... accepted 32. Emin=-6.99446067, Emax=302.84721450
realization 33 / 300 ... accepted 33. Emin=4.79189637, Emax=318.70877584
realization 34 / 300 ... accepted 34. Emin=5.71521736, Emax=313.42210800
realization 35 / 300 ... accepted 35. Emin=-3.94583984, Emax=314.01421899
realization 36 / 300 ... accepted 36. Emin=3.33899489, Emax=314.29431095
realization 37 / 300 ... accepted 37. Emin=-1.92397614, Emax=313.65413360
realization 38 / 300 ... accepted 38. Emin=4.89753106, Emax=316.37449504
realization 39 / 300 ... accepted 39. Emin=-3.32785417, Emax=307.23456089
realization 40 / 300 ... accepted 40. Emin=-4.42582381, Emax=302.61141279
realization 41 / 300 ... accepted 41. Emin=3.83993812, Emax=313.50844188
realization 42 / 300 ... accepted 42. Emin=6.05550392, Emax=313.24660679
realization 43 / 300 ... accepted 43. Emin=-1.74725102, Emax=311.49823698
realization 44 / 300 ... accepted 44. Emin=4.24431088, Emax=317.44998696
realization 45 / 300 ... accepted 45. Emin=8.77905740, Emax=319.80732419
realization 46 / 300 ... accepted 46. Emin=-11.06840190, Emax=298.11479190
realization 47 / 300 ... accepted 47. Emin=-1.79301004, Emax=308.64357384
realization 48 / 300 ... accepted 48. Emin=-3.73033239, Emax=307.85277809
realization 49 / 300 ... accepted 49. Emin=6.79480743, Emax=313.21176887
realization 50 / 300 ... accepted 50. Emin=-4.67551735, Emax=307.31479573
realization 51 / 300 ... accepted 51. Emin=-0.33106455, Emax=310.46225958
realization 52 / 300 ... accepted 52. Emin=1.48062498, Emax=310.93434665
realization 53 / 300 ... accepted 53. Emin=-1.74899836, Emax=309.53136596
realization 54 / 300 ... accepted 54. Emin=-7.60150792, Emax=300.04341249
realization 55 / 300 ... accepted 55. Emin=-4.14697403, Emax=301.73877524
realization 56 / 300 ... accepted 56. Emin=6.19326400, Emax=321.51926183
realization 57 / 300 ... accepted 57. Emin=-1.47244327, Emax=304.60349729
realization 58 / 300 ... accepted 58. Emin=-4.45368133, Emax=307.24029294
realization 59 / 300 ... accepted 59. Emin=-12.00443533, Emax=295.69898424
realization 60 / 300 ... accepted 60. Emin=-8.56830045, Emax=302.94324367
realization 61 / 300 ... accepted 61. Emin=3.78039058, Emax=315.69099895
realization 62 / 300 ... accepted 62. Emin=3.04694334, Emax=313.87335377
realization 63 / 300 ... accepted 63. Emin=0.87093324, Emax=307.46249581
realization 64 / 300 ... accepted 64. Emin=0.06049881, Emax=312.70808035
realization 65 / 300 ... accepted 65. Emin=3.11253976, Emax=316.61828077
realization 66 / 300 ... accepted 66. Emin=-2.14398395, Emax=312.74029430
realization 67 / 300 ... accepted 67. Emin=11.48858606, Emax=318.29341533
realization 68 / 300 ... accepted 68. Emin=-0.62758368, Emax=307.17522491
realization 69 / 300 ... accepted 69. Emin=5.78698237, Emax=314.27553134
realization 70 / 300 ... accepted 70. Emin=-7.39595138, Emax=303.84385279
realization 71 / 300 ... accepted 71. Emin=-3.18993030, Emax=303.60189862
realization 72 / 300 ... accepted 72. Emin=1.50577175, Emax=312.99728713
realization 73 / 300 ... accepted 73. Emin=7.11028451, Emax=317.98306374
realization 74 / 300 ... accepted 74. Emin=0.27181277, Emax=310.69478366
realization 75 / 300 ... accepted 75. Emin=3.06816566, Emax=311.15042213
realization 76 / 300 ... accepted 76. Emin=-3.86775807, Emax=304.29717200
realization 77 / 300 ... accepted 77. Emin=-0.35586234, Emax=312.76920786
realization 78 / 300 ... accepted 78. Emin=-5.65361495, Emax=306.73285811
realization 79 / 300 ... accepted 79. Emin=-7.49198545, Emax=302.41877076
realization 80 / 300 ... accepted 80. Emin=-1.81239725, Emax=314.35678266
realization 81 / 300 ... accepted 81. Emin=-4.28992251, Emax=302.16412904
realization 82 / 300 ... accepted 82. Emin=4.00660487, Emax=315.63310719
realization 83 / 300 ... accepted 83. Emin=1.53604164, Emax=308.14518016
realization 84 / 300 ... accepted 84. Emin=7.37339803, Emax=320.11395363
realization 85 / 300 ... accepted 85. Emin=3.02817963, Emax=314.55316035
realization 86 / 300 ... accepted 86. Emin=1.96995642, Emax=312.47817894
realization 87 / 300 ... accepted 87. Emin=-6.40648972, Emax=308.32829792
realization 88 / 300 ... accepted 88. Emin=4.49898387, Emax=313.26401643
realization 89 / 300 ... accepted 89. Emin=1.39480532, Emax=311.00688896
realization 90 / 300 ... accepted 90. Emin=2.08627091, Emax=313.86721019
realization 91 / 300 ... accepted 91. Emin=4.07844608, Emax=317.15210522
realization 92 / 300 ... accepted 92. Emin=-1.22143387, Emax=309.87794398
realization 93 / 300 ... accepted 93. Emin=4.07463412, Emax=311.91181401
realization 94 / 300 ... accepted 94. Emin=-4.56609778, Emax=307.17447611
realization 95 / 300 ... accepted 95. Emin=-11.29626817, Emax=298.16451790
realization 96 / 300 ... accepted 96. Emin=1.87909443, Emax=310.68488483
realization 97 / 300 ... accepted 97. Emin=-3.50661757, Emax=313.42764083
realization 98 / 300 ... accepted 98. Emin=5.39863830, Emax=313.51646873
realization 99 / 300 ... accepted 99. Emin=-3.73227183, Emax=308.86469461
realization 100 / 300 ... accepted 100. Emin=3.53189309, Emax=312.42099394
realization 101 / 300 ... accepted 101. Emin=-5.75074863, Emax=305.18086391
realization 102 / 300 ... accepted 102. Emin=0.23545722, Emax=312.92395819
realization 103 / 300 ... accepted 103. Emin=-0.72439150, Emax=313.50516710
realization 104 / 300 ... accepted 104. Emin=2.60137422, Emax=311.47797572
realization 105 / 300 ... accepted 105. Emin=-4.62340168, Emax=309.00749113
realization 106 / 300 ... accepted 106. Emin=-3.02746549, Emax=305.78922764
realization 107 / 300 ... accepted 107. Emin=4.40394652, Emax=316.67925607
realization 108 / 300 ... accepted 108. Emin=-6.03168416, Emax=307.96823712
realization 109 / 300 ... accepted 109. Emin=2.93269829, Emax=314.83559532
realization 110 / 300 ... accepted 110. Emin=11.85409391, Emax=321.55389618
realization 111 / 300 ... accepted 111. Emin=-2.83550258, Emax=311.83025386
realization 112 / 300 ... accepted 112. Emin=-1.36826931, Emax=308.68562081
realization 113 / 300 ... accepted 113. Emin=-1.66891662, Emax=305.53723261
realization 114 / 300 ... accepted 114. Emin=2.87755993, Emax=316.53386987
realization 115 / 300 ... accepted 115. Emin=1.25235292, Emax=314.07421151
realization 116 / 300 ... accepted 116. Emin=2.52142507, Emax=316.56241877
realization 117 / 300 ... accepted 117. Emin=5.54395662, Emax=317.56404528
realization 118 / 300 ... accepted 118. Emin=-0.92575009, Emax=313.53543251
realization 119 / 300 ... accepted 119. Emin=-3.49664595, Emax=312.71279736
realization 120 / 300 ... accepted 120. Emin=-1.33119179, Emax=305.72693015
realization 121 / 300 ... accepted 121. Emin=-1.51361358, Emax=306.40688144
realization 122 / 300 ... accepted 122. Emin=0.26141284, Emax=314.35195475
realization 123 / 300 ... accepted 123. Emin=0.72994605, Emax=315.59191455
realization 124 / 300 ... accepted 124. Emin=5.66365926, Emax=314.00243492
realization 125 / 300 ... accepted 125. Emin=-5.07326208, Emax=309.66029021
realization 126 / 300 ... accepted 126. Emin=-8.39563270, Emax=304.54271370
realization 127 / 300 ... accepted 127. Emin=-0.55104210, Emax=309.31519166
realization 128 / 300 ... accepted 128. Emin=-0.35848954, Emax=311.84515209
realization 129 / 300 ... accepted 129. Emin=-1.09079805, Emax=309.52066705
realization 130 / 300 ... accepted 130. Emin=2.85393786, Emax=308.28371061
realization 131 / 300 ... accepted 131. Emin=5.31196045, Emax=314.93107574
realization 132 / 300 ... accepted 132. Emin=-4.29463963, Emax=307.22429327
realization 133 / 300 ... accepted 133. Emin=-9.74185996, Emax=301.74808107
realization 134 / 300 ... accepted 134. Emin=7.01024622, Emax=315.89999473
realization 135 / 300 ... accepted 135. Emin=4.26342529, Emax=311.93322508
realization 136 / 300 ... accepted 136. Emin=2.28951731, Emax=316.89748873
realization 137 / 300 ... accepted 137. Emin=-3.07537550, Emax=310.28600280
realization 138 / 300 ... accepted 138. Emin=-3.71897197, Emax=306.58872994
realization 139 / 300 ... accepted 139. Emin=5.63168698, Emax=311.29156384
realization 140 / 300 ... accepted 140. Emin=6.23595783, Emax=320.72745605
realization 141 / 300 ... accepted 141. Emin=-8.05022146, Emax=301.22311240
realization 142 / 300 ... accepted 142. Emin=-1.96872029, Emax=307.98524355
realization 143 / 300 ... accepted 143. Emin=-1.22775214, Emax=311.74847221
realization 144 / 300 ... accepted 144. Emin=-1.27027568, Emax=314.22967543
realization 145 / 300 ... accepted 145. Emin=-9.58119098, Emax=302.64705178
realization 146 / 300 ... accepted 146. Emin=2.21995495, Emax=313.77864255
realization 147 / 300 ... accepted 147. Emin=5.93468747, Emax=316.20283883
realization 148 / 300 ... accepted 148. Emin=7.35267056, Emax=319.11070149
realization 149 / 300 ... accepted 149. Emin=2.47818642, Emax=313.53261881
realization 150 / 300 ... accepted 150. Emin=-1.05359390, Emax=311.56518833
realization 151 / 300 ... accepted 151. Emin=-1.75473246, Emax=308.62545046
realization 152 / 300 ... accepted 152. Emin=-5.19245714, Emax=306.65205036
realization 153 / 300 ... accepted 153. Emin=4.09227873, Emax=310.19628207
realization 154 / 300 ... accepted 154. Emin=1.79365504, Emax=311.70541445
realization 155 / 300 ... accepted 155. Emin=12.05927577, Emax=320.57297363
realization 156 / 300 ... accepted 156. Emin=-5.76709994, Emax=307.27124093
realization 157 / 300 ... accepted 157. Emin=4.13364567, Emax=312.95381411
realization 158 / 300 ... accepted 158. Emin=7.36623273, Emax=317.69695055
realization 159 / 300 ... accepted 159. Emin=0.08900058, Emax=310.52714045
realization 160 / 300 ... accepted 160. Emin=-2.34947898, Emax=311.79678766
realization 161 / 300 ... accepted 161. Emin=3.24249459, Emax=315.29648446
realization 162 / 300 ... accepted 162. Emin=-0.23365867, Emax=312.25269981
realization 163 / 300 ... accepted 163. Emin=6.61814942, Emax=316.98183680
realization 164 / 300 ... accepted 164. Emin=2.73163333, Emax=316.71225647
realization 165 / 300 ... accepted 165. Emin=-6.80049567, Emax=306.62769046
realization 166 / 300 ... accepted 166. Emin=2.93387939, Emax=318.99194480
realization 167 / 300 ... accepted 167. Emin=7.18454108, Emax=317.81368205
realization 168 / 300 ... accepted 168. Emin=3.84324913, Emax=309.49403130
realization 169 / 300 ... accepted 169. Emin=-6.33464643, Emax=302.00354298
realization 170 / 300 ... accepted 170. Emin=0.73654126, Emax=314.30597427
realization 171 / 300 ... accepted 171. Emin=-0.08059386, Emax=316.71657088
realization 172 / 300 ... accepted 172. Emin=3.24181954, Emax=314.43182931
realization 173 / 300 ... accepted 173. Emin=-11.82168262, Emax=296.60789944
realization 174 / 300 ... accepted 174. Emin=-10.27899757, Emax=296.22699488
realization 175 / 300 ... accepted 175. Emin=-2.48684094, Emax=304.09042779
realization 176 / 300 ... accepted 176. Emin=-11.61464101, Emax=296.61777046
realization 177 / 300 ... accepted 177. Emin=-8.94242636, Emax=301.55854427
realization 178 / 300 ... accepted 178. Emin=-3.34194178, Emax=303.76069331
realization 179 / 300 ... accepted 179. Emin=9.96590178, Emax=319.93170925
realization 180 / 300 ... accepted 180. Emin=-7.48956252, Emax=301.27604130
realization 181 / 300 ... accepted 181. Emin=11.27841261, Emax=320.93191507
realization 182 / 300 ... accepted 182. Emin=-4.84957830, Emax=307.69031997
realization 183 / 300 ... accepted 183. Emin=-3.12802838, Emax=309.19994443
realization 184 / 300 ... accepted 184. Emin=-1.23151062, Emax=311.41164777
realization 185 / 300 ... accepted 185. Emin=6.28947725, Emax=318.46468623
realization 186 / 300 ... accepted 186. Emin=0.24127463, Emax=312.36569387
realization 187 / 300 ... accepted 187. Emin=1.32962531, Emax=316.52185569
realization 188 / 300 ... accepted 188. Emin=5.59802318, Emax=314.08301773
realization 189 / 300 ... accepted 189. Emin=-2.21662037, Emax=307.59773927
realization 190 / 300 ... accepted 190. Emin=4.61723062, Emax=316.49350815
realization 191 / 300 ... accepted 191. Emin=-2.12155896, Emax=305.77045363
realization 192 / 300 ... accepted 192. Emin=2.62018070, Emax=310.86413823
realization 193 / 300 ... accepted 193. Emin=-3.63696648, Emax=307.31148549
realization 194 / 300 ... accepted 194. Emin=2.05475967, Emax=312.45440640
realization 195 / 300 ... accepted 195. Emin=1.00627495, Emax=307.23255032
realization 196 / 300 ... accepted 196. Emin=0.29502641, Emax=314.29539127
realization 197 / 300 ... accepted 197. Emin=-3.49231110, Emax=310.99998689
realization 198 / 300 ... accepted 198. Emin=6.74369583, Emax=312.08458509
realization 199 / 300 ... accepted 199. Emin=7.30697757, Emax=313.90887373
realization 200 / 300 ... accepted 200. Emin=-1.44532514, Emax=312.91668326
realization 201 / 300 ... accepted 201. Emin=-1.41555816, Emax=315.32431509
realization 202 / 300 ... accepted 202. Emin=1.34236854, Emax=311.96635534
realization 203 / 300 ... accepted 203. Emin=0.12440714, Emax=314.07640185
realization 204 / 300 ... accepted 204. Emin=0.32629113, Emax=311.90624596
realization 205 / 300 ... accepted 205. Emin=-7.35683555, Emax=301.93411430
realization 206 / 300 ... accepted 206. Emin=2.13876956, Emax=315.29909376
realization 207 / 300 ... accepted 207. Emin=-0.69262577, Emax=312.53850224
realization 208 / 300 ... accepted 208. Emin=-15.85526064, Emax=290.45482483
realization 209 / 300 ... accepted 209. Emin=-8.36294921, Emax=304.14580170
realization 210 / 300 ... accepted 210. Emin=-2.95588838, Emax=310.68717041
realization 211 / 300 ... accepted 211. Emin=9.77897211, Emax=320.07958520
realization 212 / 300 ... accepted 212. Emin=6.22551896, Emax=317.58026574
realization 213 / 300 ... accepted 213. Emin=-2.83028039, Emax=302.33408310
realization 214 / 300 ... accepted 214. Emin=-4.96564382, Emax=302.67193505
realization 215 / 300 ... accepted 215. Emin=6.29561958, Emax=315.02240016
realization 216 / 300 ... accepted 216. Emin=5.76665391, Emax=315.26633108
realization 217 / 300 ... accepted 217. Emin=2.79856454, Emax=311.76323512
realization 218 / 300 ... accepted 218. Emin=6.30827067, Emax=317.57212121
realization 219 / 300 ... accepted 219. Emin=-7.60176658, Emax=303.67424218
realization 220 / 300 ... accepted 220. Emin=-8.28643675, Emax=298.45806998
realization 221 / 300 ... accepted 221. Emin=0.85984941, Emax=311.86981654
realization 222 / 300 ... accepted 222. Emin=-11.92762207, Emax=299.83194550
realization 223 / 300 ... accepted 223. Emin=9.18227194, Emax=317.73162683
realization 224 / 300 ... accepted 224. Emin=6.54449087, Emax=316.05113048
realization 225 / 300 ... accepted 225. Emin=-4.78753161, Emax=303.17928147
realization 226 / 300 ... accepted 226. Emin=-8.22599897, Emax=301.15080562
realization 227 / 300 ... accepted 227. Emin=-7.09037546, Emax=305.12106911
realization 228 / 300 ... accepted 228. Emin=4.89951192, Emax=317.29341976
realization 229 / 300 ... accepted 229. Emin=-2.51809844, Emax=312.61000019
realization 230 / 300 ... accepted 230. Emin=1.74082813, Emax=312.18745664
realization 231 / 300 ... accepted 231. Emin=2.23570741, Emax=316.00306489
realization 232 / 300 ... accepted 232. Emin=-1.08212043, Emax=309.41495398
realization 233 / 300 ... accepted 233. Emin=-1.45270574, Emax=310.77483523
realization 234 / 300 ... accepted 234. Emin=3.46780091, Emax=315.82550166
realization 235 / 300 ... accepted 235. Emin=13.42958126, Emax=322.85595090
realization 236 / 300 ... accepted 236. Emin=-4.03118426, Emax=301.16267264
realization 237 / 300 ... accepted 237. Emin=7.11014509, Emax=319.03835761
realization 238 / 300 ... accepted 238. Emin=5.73504975, Emax=319.42805024
realization 239 / 300 ... accepted 239. Emin=-7.99763130, Emax=302.39718970
realization 240 / 300 ... accepted 240. Emin=-2.02864586, Emax=307.72758257
realization 241 / 300 ... accepted 241. Emin=1.44200256, Emax=316.60850718
realization 242 / 300 ... accepted 242. Emin=1.98602877, Emax=314.24010120
realization 243 / 300 ... accepted 243. Emin=2.60639735, Emax=313.67472397
realization 244 / 300 ... accepted 244. Emin=-5.94264697, Emax=304.67096135
realization 245 / 300 ... accepted 245. Emin=7.26788877, Emax=316.56770148
realization 246 / 300 ... accepted 246. Emin=0.82754350, Emax=311.82885882
realization 247 / 300 ... accepted 247. Emin=4.19148914, Emax=319.44991484
realization 248 / 300 ... accepted 248. Emin=1.98928869, Emax=312.23862229
realization 249 / 300 ... accepted 249. Emin=-8.12396564, Emax=302.44670314
realization 250 / 300 ... accepted 250. Emin=2.97389324, Emax=317.93930046
realization 251 / 300 ... accepted 251. Emin=0.70628113, Emax=313.03683290
realization 252 / 300 ... accepted 252. Emin=-0.98450622, Emax=309.92552115
realization 253 / 300 ... accepted 253. Emin=-15.16995104, Emax=292.12609927
realization 254 / 300 ... accepted 254. Emin=-2.10855675, Emax=311.20330751
realization 255 / 300 ... accepted 255. Emin=-1.72114848, Emax=309.70850950
realization 256 / 300 ... accepted 256. Emin=1.42744594, Emax=308.78303865
realization 257 / 300 ... accepted 257. Emin=1.72904168, Emax=315.10020633
realization 258 / 300 ... accepted 258. Emin=3.61044796, Emax=321.52507537
realization 259 / 300 ... accepted 259. Emin=5.17311533, Emax=311.83664211
realization 260 / 300 ... accepted 260. Emin=-0.32377890, Emax=313.21370521
realization 261 / 300 ... accepted 261. Emin=-10.09619120, Emax=296.67046884
realization 262 / 300 ... accepted 262. Emin=2.68707687, Emax=312.58584541
realization 263 / 300 ... accepted 263. Emin=-2.53817604, Emax=312.90275719
realization 264 / 300 ... accepted 264. Emin=-4.48899829, Emax=305.14999315
realization 265 / 300 ... accepted 265. Emin=3.39618450, Emax=316.21663723
realization 266 / 300 ... accepted 266. Emin=-1.73062207, Emax=306.03254007
realization 267 / 300 ... accepted 267. Emin=-3.06326086, Emax=304.39524389
realization 268 / 300 ... accepted 268. Emin=2.91018772, Emax=313.09522146
realization 269 / 300 ... accepted 269. Emin=1.33734905, Emax=311.50325726
realization 270 / 300 ... accepted 270. Emin=-7.65871294, Emax=302.81258094
realization 271 / 300 ... accepted 271. Emin=-0.10066084, Emax=311.38920014
realization 272 / 300 ... accepted 272. Emin=0.62703928, Emax=311.15456379
realization 273 / 300 ... accepted 273. Emin=2.62161970, Emax=311.16957734
realization 274 / 300 ... accepted 274. Emin=1.50561875, Emax=317.71994059
realization 275 / 300 ... accepted 275. Emin=-10.31177763, Emax=297.34529448
realization 276 / 300 ... accepted 276. Emin=2.01738192, Emax=309.92257015
realization 277 / 300 ... accepted 277. Emin=1.32998159, Emax=309.27678311
realization 278 / 300 ... accepted 278. Emin=8.32157990, Emax=316.52183106
realization 279 / 300 ... accepted 279. Emin=-9.90065344, Emax=300.92432935
realization 280 / 300 ... accepted 280. Emin=3.33157658, Emax=312.68886019
realization 281 / 300 ... accepted 281. Emin=3.49496657, Emax=311.82018466
realization 282 / 300 ... accepted 282. Emin=-1.18674912, Emax=307.31782610
realization 283 / 300 ... accepted 283. Emin=-0.08969936, Emax=313.13124254
realization 284 / 300 ... accepted 284. Emin=-9.74899124, Emax=301.26971693
realization 285 / 300 ... accepted 285. Emin=5.63171219, Emax=313.11754029
realization 286 / 300 ... accepted 286. Emin=-11.59431755, Emax=297.80390517
realization 287 / 300 ... accepted 287. Emin=5.83112860, Emax=314.87403916
realization 288 / 300 ... accepted 288. Emin=-4.12800577, Emax=309.67077548
realization 289 / 300 ... accepted 289. Emin=-6.35466892, Emax=307.18074345
realization 290 / 300 ... accepted 290. Emin=-4.70127820, Emax=310.69017096
realization 291 / 300 ... accepted 291. Emin=2.23609635, Emax=313.17913359
realization 292 / 300 ... accepted 292. Emin=-12.29908114, Emax=297.26919651
realization 293 / 300 ... accepted 293. Emin=-1.27174259, Emax=309.10873150
realization 294 / 300 ... accepted 294. Emin=2.21687229, Emax=312.50751417
realization 295 / 300 ... accepted 295. Emin=3.61425322, Emax=315.86654434
realization 296 / 300 ... accepted 296. Emin=-2.39458818, Emax=307.74847681
realization 297 / 300 ... accepted 297. Emin=-2.10867638, Emax=307.46196157
realization 298 / 300 ... accepted 298. Emin=-0.75883312, Emax=310.95262374
realization 299 / 300 ... accepted 299. Emin=-1.68749684, Emax=308.80578787
realization 300 / 300 ... accepted 300. Emin=4.10945985, Emax=315.61435785
Saved final energies: /home/2/kj405942/POLFED_bosons/pbs_bose_legacy_nmax2_periodic/data/U_50/W_4/L_6/N_6_nmax_2/boundary_periodic/energies_full_U50_L6_N6_nmax2_W4_boundaryperiodic_nreal300.txt
Accepted realizations: 300 / 300
Skipped realizations: 0
Job finished at Sun May 31 17:14:02 UTC 2026
