Job started on w31 at Sun May 31 17:11:40 UTC 2026
PBS_JOBID=7731543.kruk-host.ift-klaster.lan
PBS_O_WORKDIR=/home/2/kj405942/POLFED_bosons
Bose-Hubbard: L=6, N=6, nmax=2, dim=141
t=1, U=50, W=9, nreal=300, boundary=periodic, mode=full
Writing partial results to /home/2/kj405942/POLFED_bosons/pbs_bose_legacy_nmax2_periodic/data/U_50/W_9/L_6/N_6_nmax_2/boundary_periodic/energies_full_U50_L6_N6_nmax2_W9_boundaryperiodic_nreal300_partial.txt
realization 1 / 300 ... accepted 1. Emin=4.53217668, Emax=338.21297316
realization 2 / 300 ... accepted 2. Emin=-2.41972622, Emax=320.88474187
realization 3 / 300 ... accepted 3. Emin=-32.82917621, Emax=280.21520153
realization 4 / 300 ... accepted 4. Emin=-16.81002217, Emax=300.85850532
realization 5 / 300 ... accepted 5. Emin=4.41201817, Emax=330.04790125
realization 6 / 300 ... accepted 6. Emin=22.76740151, Emax=340.27120481
realization 7 / 300 ... accepted 7. Emin=-19.93306343, Emax=298.24993753
realization 8 / 300 ... accepted 8. Emin=3.01881435, Emax=327.97086885
realization 9 / 300 ... accepted 9. Emin=-13.09687255, Emax=322.18900762
realization 10 / 300 ... accepted 10. Emin=9.07569335, Emax=331.67150659
realization 11 / 300 ... accepted 11. Emin=5.47252900, Emax=339.27313382
realization 12 / 300 ... accepted 12. Emin=-15.12885197, Emax=300.68776907
realization 13 / 300 ... accepted 13. Emin=7.79430734, Emax=344.98030510
realization 14 / 300 ... accepted 14. Emin=4.04014016, Emax=334.00623901
realization 15 / 300 ... accepted 15. Emin=-4.18392724, Emax=324.29015040
realization 16 / 300 ... accepted 16. Emin=-15.56614512, Emax=303.89294363
realization 17 / 300 ... accepted 17. Emin=1.11549683, Emax=325.62949140
realization 18 / 300 ... accepted 18. Emin=-10.68727658, Emax=322.33694980
realization 19 / 300 ... accepted 19. Emin=11.06235991, Emax=336.64964512
realization 20 / 300 ... accepted 20. Emin=9.80509194, Emax=327.67420443
realization 21 / 300 ... accepted 21. Emin=-15.55730263, Emax=304.30509189
realization 22 / 300 ... accepted 22. Emin=-10.65616882, Emax=311.55787305
realization 23 / 300 ... accepted 23. Emin=-14.71805807, Emax=303.17892967
realization 24 / 300 ... accepted 24. Emin=10.86689211, Emax=329.09848439
realization 25 / 300 ... accepted 25. Emin=29.17518087, Emax=347.22028379
realization 26 / 300 ... accepted 26. Emin=-36.31271110, Emax=271.31824072
realization 27 / 300 ... accepted 27. Emin=7.22330158, Emax=334.32439012
realization 28 / 300 ... accepted 28. Emin=2.10190929, Emax=328.53262839
realization 29 / 300 ... accepted 29. Emin=1.06111551, Emax=327.54009140
realization 30 / 300 ... accepted 30. Emin=18.81710334, Emax=335.60689984
realization 31 / 300 ... accepted 31. Emin=19.62650317, Emax=348.24098179
realization 32 / 300 ... accepted 32. Emin=16.52287757, Emax=335.63960212
realization 33 / 300 ... accepted 33. Emin=1.68493081, Emax=332.17408557
realization 34 / 300 ... accepted 34. Emin=-12.09030217, Emax=313.51186630
realization 35 / 300 ... accepted 35. Emin=-19.78212353, Emax=304.41214783
realization 36 / 300 ... accepted 36. Emin=1.71454759, Emax=330.76889004
realization 37 / 300 ... accepted 37. Emin=11.11697829, Emax=328.81088492
realization 38 / 300 ... accepted 38. Emin=-5.51388154, Emax=309.66185424
realization 39 / 300 ... accepted 39. Emin=16.78075789, Emax=332.03317276
realization 40 / 300 ... accepted 40. Emin=-1.36523898, Emax=325.97642419
realization 41 / 300 ... accepted 41. Emin=1.85959651, Emax=325.00177532
realization 42 / 300 ... accepted 42. Emin=-20.15723098, Emax=306.46530094
realization 43 / 300 ... accepted 43. Emin=19.31261436, Emax=339.74493835
realization 44 / 300 ... accepted 44. Emin=0.00640909, Emax=328.43155407
realization 45 / 300 ... accepted 45. Emin=-19.28113824, Emax=299.04992400
realization 46 / 300 ... accepted 46. Emin=17.62481557, Emax=337.15470651
realization 47 / 300 ... accepted 47. Emin=-4.59840576, Emax=325.95690975
realization 48 / 300 ... accepted 48. Emin=-24.27602976, Emax=298.84141341
realization 49 / 300 ... accepted 49. Emin=4.90461209, Emax=335.79457430
realization 50 / 300 ... accepted 50. Emin=-3.87012727, Emax=312.39396424
realization 51 / 300 ... accepted 51. Emin=8.50460884, Emax=336.96581815
realization 52 / 300 ... accepted 52. Emin=15.94821922, Emax=332.51546507
realization 53 / 300 ... accepted 53. Emin=-5.34894204, Emax=326.43999295
realization 54 / 300 ... accepted 54. Emin=12.94793460, Emax=330.89776383
realization 55 / 300 ... accepted 55. Emin=4.17052392, Emax=332.22755637
realization 56 / 300 ... accepted 56. Emin=6.71077993, Emax=333.20632205
realization 57 / 300 ... accepted 57. Emin=18.99186084, Emax=341.33048381
realization 58 / 300 ... accepted 58. Emin=-6.52538106, Emax=321.59688965
realization 59 / 300 ... accepted 59. Emin=17.32577887, Emax=326.98598297
realization 60 / 300 ... accepted 60. Emin=-9.69827828, Emax=306.76033801
realization 61 / 300 ... accepted 61. Emin=15.52119798, Emax=340.15955333
realization 62 / 300 ... accepted 62. Emin=-1.77115038, Emax=314.15923213
realization 63 / 300 ... accepted 63. Emin=-32.48585872, Emax=275.52989175
realization 64 / 300 ... accepted 64. Emin=-9.51353096, Emax=320.17441535
realization 65 / 300 ... accepted 65. Emin=22.57389779, Emax=336.80820657
realization 66 / 300 ... accepted 66. Emin=-11.67311766, Emax=322.24760175
realization 67 / 300 ... accepted 67. Emin=4.32740880, Emax=334.89265322
realization 68 / 300 ... accepted 68. Emin=15.06715694, Emax=347.17928942
realization 69 / 300 ... accepted 69. Emin=0.31939666, Emax=312.98815612
realization 70 / 300 ... accepted 70. Emin=-17.04059317, Emax=298.47066546
realization 71 / 300 ... accepted 71. Emin=-1.58939607, Emax=319.95013772
realization 72 / 300 ... accepted 72. Emin=-13.66936654, Emax=318.26333003
realization 73 / 300 ... accepted 73. Emin=-15.30556359, Emax=303.50821975
realization 74 / 300 ... accepted 74. Emin=2.87704944, Emax=331.51999329
realization 75 / 300 ... accepted 75. Emin=8.48892240, Emax=334.05703839
realization 76 / 300 ... accepted 76. Emin=9.62207291, Emax=335.41864177
realization 77 / 300 ... accepted 77. Emin=-8.26574459, Emax=315.80174691
realization 78 / 300 ... accepted 78. Emin=-11.59666905, Emax=309.01456245
realization 79 / 300 ... accepted 79. Emin=-1.57423942, Emax=324.74268775
realization 80 / 300 ... accepted 80. Emin=0.75440592, Emax=338.90515540
realization 81 / 300 ... accepted 81. Emin=-6.19878297, Emax=314.91311252
realization 82 / 300 ... accepted 82. Emin=-14.35116214, Emax=310.77390157
realization 83 / 300 ... accepted 83. Emin=3.16903231, Emax=319.46746541
realization 84 / 300 ... accepted 84. Emin=-11.14289934, Emax=309.76489139
realization 85 / 300 ... accepted 85. Emin=2.36703016, Emax=323.41199614
realization 86 / 300 ... accepted 86. Emin=18.17961719, Emax=342.99795243
realization 87 / 300 ... accepted 87. Emin=-2.88322292, Emax=312.90244621
realization 88 / 300 ... accepted 88. Emin=-9.03529595, Emax=319.24046268
realization 89 / 300 ... accepted 89. Emin=18.11532875, Emax=339.77131089
realization 90 / 300 ... accepted 90. Emin=1.57304477, Emax=318.08675942
realization 91 / 300 ... accepted 91. Emin=-21.39879359, Emax=297.74488636
realization 92 / 300 ... accepted 92. Emin=-3.45221906, Emax=329.17288633
realization 93 / 300 ... accepted 93. Emin=-14.20374007, Emax=315.65848246
realization 94 / 300 ... accepted 94. Emin=12.94087645, Emax=335.73184323
realization 95 / 300 ... accepted 95. Emin=22.73417054, Emax=339.05163112
realization 96 / 300 ... accepted 96. Emin=-6.82448342, Emax=323.62667645
realization 97 / 300 ... accepted 97. Emin=13.22266313, Emax=345.04148273
realization 98 / 300 ... accepted 98. Emin=-7.60036184, Emax=319.36740245
realization 99 / 300 ... accepted 99. Emin=-2.51140402, Emax=313.71151886
realization 100 / 300 ... accepted 100. Emin=6.59194245, Emax=336.75534649
realization 101 / 300 ... accepted 101. Emin=25.51661887, Emax=338.08718817
realization 102 / 300 ... accepted 102. Emin=-1.76150518, Emax=330.81574956
realization 103 / 300 ... accepted 103. Emin=2.96293137, Emax=324.68564154
realization 104 / 300 ... accepted 104. Emin=15.91097002, Emax=342.15883953
realization 105 / 300 ... accepted 105. Emin=5.66658431, Emax=339.08674593
realization 106 / 300 ... accepted 106. Emin=-13.77951175, Emax=308.77787457
realization 107 / 300 ... accepted 107. Emin=-15.88019812, Emax=306.01217404
realization 108 / 300 ... accepted 108. Emin=0.20977967, Emax=323.42081528
realization 109 / 300 ... accepted 109. Emin=0.08524300, Emax=331.48422430
realization 110 / 300 ... accepted 110. Emin=20.36775361, Emax=337.97559795
realization 111 / 300 ... accepted 111. Emin=-33.43004464, Emax=283.03697985
realization 112 / 300 ... accepted 112. Emin=5.66115394, Emax=327.01381645
realization 113 / 300 ... accepted 113. Emin=16.91516190, Emax=336.53159680
realization 114 / 300 ... accepted 114. Emin=9.21680367, Emax=335.05327100
realization 115 / 300 ... accepted 115. Emin=-0.29041521, Emax=324.61057621
realization 116 / 300 ... accepted 116. Emin=-1.28724789, Emax=324.57597692
realization 117 / 300 ... accepted 117. Emin=-2.95734322, Emax=328.81370081
realization 118 / 300 ... accepted 118. Emin=-9.03908694, Emax=311.21783503
realization 119 / 300 ... accepted 119. Emin=2.15103792, Emax=338.86574577
realization 120 / 300 ... accepted 120. Emin=5.27530598, Emax=322.43535701
realization 121 / 300 ... accepted 121. Emin=-19.78254024, Emax=300.55451674
realization 122 / 300 ... accepted 122. Emin=-3.63522798, Emax=311.09401751
realization 123 / 300 ... accepted 123. Emin=-11.32768061, Emax=326.27959157
realization 124 / 300 ... accepted 124. Emin=-24.27468212, Emax=298.78215049
realization 125 / 300 ... accepted 125. Emin=-20.30836117, Emax=302.23340768
realization 126 / 300 ... accepted 126. Emin=-19.38447339, Emax=306.41863090
realization 127 / 300 ... accepted 127. Emin=-3.96492227, Emax=322.71736120
realization 128 / 300 ... accepted 128. Emin=-8.23118039, Emax=315.90425578
realization 129 / 300 ... accepted 129. Emin=-2.61138658, Emax=329.80655711
realization 130 / 300 ... accepted 130. Emin=14.89365701, Emax=332.97679068
realization 131 / 300 ... accepted 131. Emin=9.92714051, Emax=333.02986559
realization 132 / 300 ... accepted 132. Emin=-12.79313268, Emax=319.38142945
realization 133 / 300 ... accepted 133. Emin=-12.57948245, Emax=306.40912512
realization 134 / 300 ... accepted 134. Emin=-12.72250765, Emax=312.89296555
realization 135 / 300 ... accepted 135. Emin=8.69820429, Emax=341.88319063
realization 136 / 300 ... accepted 136. Emin=-20.95828889, Emax=297.68959863
realization 137 / 300 ... accepted 137. Emin=-15.17032175, Emax=306.82094329
realization 138 / 300 ... accepted 138. Emin=-0.43914884, Emax=312.47237907
realization 139 / 300 ... accepted 139. Emin=6.41105716, Emax=327.38610641
realization 140 / 300 ... accepted 140. Emin=3.44278256, Emax=331.61187050
realization 141 / 300 ... accepted 141. Emin=-3.65193442, Emax=324.20247982
realization 142 / 300 ... accepted 142. Emin=16.30966113, Emax=343.18976273
realization 143 / 300 ... accepted 143. Emin=10.19322319, Emax=327.55825909
realization 144 / 300 ... accepted 144. Emin=-8.13202033, Emax=321.67495037
realization 145 / 300 ... accepted 145. Emin=-24.43673082, Emax=294.32963953
realization 146 / 300 ... accepted 146. Emin=-18.30363335, Emax=302.46869505
realization 147 / 300 ... accepted 147. Emin=0.83890978, Emax=312.28112002
realization 148 / 300 ... accepted 148. Emin=21.60718971, Emax=337.95876118
realization 149 / 300 ... accepted 149. Emin=18.66547907, Emax=335.95818325
realization 150 / 300 ... accepted 150. Emin=-8.71454963, Emax=308.41088331
realization 151 / 300 ... accepted 151. Emin=-4.84040737, Emax=316.13141147
realization 152 / 300 ... accepted 152. Emin=-10.47258264, Emax=306.45167222
realization 153 / 300 ... accepted 153. Emin=9.87571532, Emax=333.25410055
realization 154 / 300 ... accepted 154. Emin=5.76454782, Emax=329.77168432
realization 155 / 300 ... accepted 155. Emin=7.12526803, Emax=327.65861617
realization 156 / 300 ... accepted 156. Emin=1.38936179, Emax=337.44311191
realization 157 / 300 ... accepted 157. Emin=0.41764615, Emax=327.04833275
realization 158 / 300 ... accepted 158. Emin=-23.71290548, Emax=295.30812048
realization 159 / 300 ... accepted 159. Emin=17.14355768, Emax=346.93599259
realization 160 / 300 ... accepted 160. Emin=9.51817012, Emax=324.87781029
realization 161 / 300 ... accepted 161. Emin=34.17585206, Emax=345.26586853
realization 162 / 300 ... accepted 162. Emin=2.04630739, Emax=323.72045947
realization 163 / 300 ... accepted 163. Emin=5.18961381, Emax=342.60927227
realization 164 / 300 ... accepted 164. Emin=2.03112174, Emax=321.33996944
realization 165 / 300 ... accepted 165. Emin=-9.77112804, Emax=315.34780964
realization 166 / 300 ... accepted 166. Emin=-20.22435810, Emax=291.34516781
realization 167 / 300 ... accepted 167. Emin=-3.70027174, Emax=321.21251168
realization 168 / 300 ... accepted 168. Emin=26.99996133, Emax=351.08057628
realization 169 / 300 ... accepted 169. Emin=-11.07164093, Emax=316.25564531
realization 170 / 300 ... accepted 170. Emin=7.85156630, Emax=325.68800013
realization 171 / 300 ... accepted 171. Emin=2.82159385, Emax=321.93359508
realization 172 / 300 ... accepted 172. Emin=-11.10397053, Emax=309.86270149
realization 173 / 300 ... accepted 173. Emin=15.65699865, Emax=348.45692846
realization 174 / 300 ... accepted 174. Emin=-5.59179303, Emax=314.26592296
realization 175 / 300 ... accepted 175. Emin=-4.68301254, Emax=322.12397454
realization 176 / 300 ... accepted 176. Emin=-6.39842924, Emax=321.91850607
realization 177 / 300 ... accepted 177. Emin=-1.94568814, Emax=324.09190654
realization 178 / 300 ... accepted 178. Emin=0.15012701, Emax=333.87992145
realization 179 / 300 ... accepted 179. Emin=3.09223614, Emax=336.24841613
realization 180 / 300 ... accepted 180. Emin=-4.14629212, Emax=324.47174752
realization 181 / 300 ... accepted 181. Emin=0.28412254, Emax=323.47488651
realization 182 / 300 ... accepted 182. Emin=7.94578050, Emax=319.31881773
realization 183 / 300 ... accepted 183. Emin=15.34253490, Emax=329.62922283
realization 184 / 300 ... accepted 184. Emin=-14.51098796, Emax=306.53387710
realization 185 / 300 ... accepted 185. Emin=2.57104408, Emax=324.49042411
realization 186 / 300 ... accepted 186. Emin=5.67617556, Emax=330.40379685
realization 187 / 300 ... accepted 187. Emin=-13.02016222, Emax=317.26586842
realization 188 / 300 ... accepted 188. Emin=-17.22841376, Emax=310.94453887
realization 189 / 300 ... accepted 189. Emin=2.86522627, Emax=331.37010995
realization 190 / 300 ... accepted 190. Emin=33.34341328, Emax=345.11266067
realization 191 / 300 ... accepted 191. Emin=7.51808020, Emax=331.37521881
realization 192 / 300 ... accepted 192. Emin=18.72768172, Emax=339.08702963
realization 193 / 300 ... accepted 193. Emin=7.68152738, Emax=336.92613098
realization 194 / 300 ... accepted 194. Emin=-26.84106019, Emax=295.01197312
realization 195 / 300 ... accepted 195. Emin=22.73371598, Emax=341.34772879
realization 196 / 300 ... accepted 196. Emin=15.53044217, Emax=336.92462502
realization 197 / 300 ... accepted 197. Emin=-1.09534913, Emax=309.72644290
realization 198 / 300 ... accepted 198. Emin=-5.68906210, Emax=314.76855455
realization 199 / 300 ... accepted 199. Emin=1.07891929, Emax=333.23108599
realization 200 / 300 ... accepted 200. Emin=-4.50888743, Emax=326.09120706
realization 201 / 300 ... accepted 201. Emin=-22.03092846, Emax=299.96062980
realization 202 / 300 ... accepted 202. Emin=-12.45404144, Emax=315.76357189
realization 203 / 300 ... accepted 203. Emin=6.13045488, Emax=325.66371541
realization 204 / 300 ... accepted 204. Emin=3.26427335, Emax=327.65414563
realization 205 / 300 ... accepted 205. Emin=4.02995071, Emax=322.75304191
realization 206 / 300 ... accepted 206. Emin=7.43088915, Emax=327.85195805
realization 207 / 300 ... accepted 207. Emin=3.89454414, Emax=322.22806584
realization 208 / 300 ... accepted 208. Emin=12.62453744, Emax=338.00965421
realization 209 / 300 ... accepted 209. Emin=-19.42277729, Emax=293.65711596
realization 210 / 300 ... accepted 210. Emin=16.35512490, Emax=329.78713344
realization 211 / 300 ... accepted 211. Emin=3.87465625, Emax=326.30222625
realization 212 / 300 ... accepted 212. Emin=-5.97564879, Emax=320.85863606
realization 213 / 300 ... accepted 213. Emin=4.85413955, Emax=332.46395769
realization 214 / 300 ... accepted 214. Emin=7.96795898, Emax=319.19519559
realization 215 / 300 ... accepted 215. Emin=6.35154886, Emax=324.86819248
realization 216 / 300 ... accepted 216. Emin=4.64981799, Emax=323.18705215
realization 217 / 300 ... accepted 217. Emin=11.91320709, Emax=336.98724940
realization 218 / 300 ... accepted 218. Emin=4.29958616, Emax=329.81235111
realization 219 / 300 ... accepted 219. Emin=12.51660577, Emax=339.71233529
realization 220 / 300 ... accepted 220. Emin=2.81103238, Emax=335.95950983
realization 221 / 300 ... accepted 221. Emin=22.11997439, Emax=342.79689256
realization 222 / 300 ... accepted 222. Emin=-25.20810078, Emax=288.38695836
realization 223 / 300 ... accepted 223. Emin=4.26305669, Emax=313.58150258
realization 224 / 300 ... accepted 224. Emin=-3.18363588, Emax=319.56754844
realization 225 / 300 ... accepted 225. Emin=-7.46672137, Emax=321.35818585
realization 226 / 300 ... accepted 226. Emin=-28.28748745, Emax=292.72901340
realization 227 / 300 ... accepted 227. Emin=-18.78355818, Emax=299.94380490
realization 228 / 300 ... accepted 228. Emin=4.41266083, Emax=327.50578548
realization 229 / 300 ... accepted 229. Emin=22.57491145, Emax=348.01049288
realization 230 / 300 ... accepted 230. Emin=5.26810605, Emax=328.67221124
realization 231 / 300 ... accepted 231. Emin=1.15548460, Emax=328.95218149
realization 232 / 300 ... accepted 232. Emin=-3.42858932, Emax=323.29268608
realization 233 / 300 ... accepted 233. Emin=-5.73023297, Emax=309.68925239
realization 234 / 300 ... accepted 234. Emin=-24.23251040, Emax=296.88753527
realization 235 / 300 ... accepted 235. Emin=-10.00379338, Emax=307.80561792
realization 236 / 300 ... accepted 236. Emin=-1.32547935, Emax=326.46242985
realization 237 / 300 ... accepted 237. Emin=0.12802181, Emax=315.60216770
realization 238 / 300 ... accepted 238. Emin=9.98581599, Emax=335.25536600
realization 239 / 300 ... accepted 239. Emin=18.61049066, Emax=344.70903413
realization 240 / 300 ... accepted 240. Emin=-2.81783824, Emax=324.60333509
realization 241 / 300 ... accepted 241. Emin=5.09928695, Emax=343.67574386
realization 242 / 300 ... accepted 242. Emin=6.01926080, Emax=327.40243078
realization 243 / 300 ... accepted 243. Emin=3.26986752, Emax=340.05532020
realization 244 / 300 ... accepted 244. Emin=-9.69563630, Emax=306.72160920
realization 245 / 300 ... accepted 245. Emin=-9.70810813, Emax=321.21778855
realization 246 / 300 ... accepted 246. Emin=16.93510772, Emax=335.60819461
realization 247 / 300 ... accepted 247. Emin=-1.60421157, Emax=312.92681156
realization 248 / 300 ... accepted 248. Emin=-12.51209163, Emax=311.23243466
realization 249 / 300 ... accepted 249. Emin=-21.46499783, Emax=301.94402681
realization 250 / 300 ... accepted 250. Emin=1.58633202, Emax=324.85152734
realization 251 / 300 ... accepted 251. Emin=-11.87834903, Emax=308.39834757
realization 252 / 300 ... accepted 252. Emin=-38.19755457, Emax=271.90026659
realization 253 / 300 ... accepted 253. Emin=-1.90953380, Emax=314.67012333
realization 254 / 300 ... accepted 254. Emin=23.52770317, Emax=346.96719208
realization 255 / 300 ... accepted 255. Emin=3.68882887, Emax=326.69755377
realization 256 / 300 ... accepted 256. Emin=7.21112977, Emax=333.14941201
realization 257 / 300 ... accepted 257. Emin=6.92199758, Emax=336.97693227
realization 258 / 300 ... accepted 258. Emin=-0.76774502, Emax=323.95879416
realization 259 / 300 ... accepted 259. Emin=-19.54221618, Emax=292.93640205
realization 260 / 300 ... accepted 260. Emin=1.23139720, Emax=319.97151199
realization 261 / 300 ... accepted 261. Emin=22.05885570, Emax=343.63602330
realization 262 / 300 ... accepted 262. Emin=12.89269494, Emax=335.66387834
realization 263 / 300 ... accepted 263. Emin=-22.36960460, Emax=290.17897602
realization 264 / 300 ... accepted 264. Emin=-17.15472827, Emax=294.94496259
realization 265 / 300 ... accepted 265. Emin=-8.62211529, Emax=314.76147154
realization 266 / 300 ... accepted 266. Emin=-0.17824928, Emax=328.57197240
realization 267 / 300 ... accepted 267. Emin=5.32600672, Emax=333.13892635
realization 268 / 300 ... accepted 268. Emin=-11.10746434, Emax=311.30957620
realization 269 / 300 ... accepted 269. Emin=16.27497620, Emax=342.35332298
realization 270 / 300 ... accepted 270. Emin=-21.88031578, Emax=305.84573000
realization 271 / 300 ... accepted 271. Emin=2.19091184, Emax=328.19265456
realization 272 / 300 ... accepted 272. Emin=14.13672673, Emax=339.29887663
realization 273 / 300 ... accepted 273. Emin=-17.24561114, Emax=301.56707890
realization 274 / 300 ... accepted 274. Emin=-11.71401169, Emax=308.64728453
realization 275 / 300 ... accepted 275. Emin=-20.08592808, Emax=301.54204045
realization 276 / 300 ... accepted 276. Emin=-27.19657892, Emax=290.49711747
realization 277 / 300 ... accepted 277. Emin=12.09497173, Emax=330.16522332
realization 278 / 300 ... accepted 278. Emin=-22.79369434, Emax=287.46942323
realization 279 / 300 ... accepted 279. Emin=-4.61974785, Emax=313.66242689
realization 280 / 300 ... accepted 280. Emin=5.29385926, Emax=327.85045955
realization 281 / 300 ... accepted 281. Emin=1.23346654, Emax=331.87486696
realization 282 / 300 ... accepted 282. Emin=1.52673782, Emax=337.38102980
realization 283 / 300 ... accepted 283. Emin=-33.17825456, Emax=277.19936327
realization 284 / 300 ... accepted 284. Emin=18.48637786, Emax=345.11765966
realization 285 / 300 ... accepted 285. Emin=11.73707455, Emax=341.47003540
realization 286 / 300 ... accepted 286. Emin=10.63743173, Emax=334.55272498
realization 287 / 300 ... accepted 287. Emin=-9.79082097, Emax=306.62552334
realization 288 / 300 ... accepted 288. Emin=7.90495959, Emax=328.20674347
realization 289 / 300 ... accepted 289. Emin=1.12755734, Emax=332.69495410
realization 290 / 300 ... accepted 290. Emin=-10.29885886, Emax=311.32614392
realization 291 / 300 ... accepted 291. Emin=10.11399324, Emax=326.49698914
realization 292 / 300 ... accepted 292. Emin=15.63536704, Emax=324.73399138
realization 293 / 300 ... accepted 293. Emin=-13.90663064, Emax=307.17795526
realization 294 / 300 ... accepted 294. Emin=-5.22904303, Emax=320.38366037
realization 295 / 300 ... accepted 295. Emin=5.17094341, Emax=329.78589796
realization 296 / 300 ... accepted 296. Emin=-12.34553118, Emax=304.42458791
realization 297 / 300 ... accepted 297. Emin=22.15787272, Emax=347.09047082
realization 298 / 300 ... accepted 298. Emin=-13.82343446, Emax=310.52444329
realization 299 / 300 ... accepted 299. Emin=16.17744098, Emax=344.10399036
realization 300 / 300 ... accepted 300. Emin=-3.58415361, Emax=320.76944659
Saved final energies: /home/2/kj405942/POLFED_bosons/pbs_bose_legacy_nmax2_periodic/data/U_50/W_9/L_6/N_6_nmax_2/boundary_periodic/energies_full_U50_L6_N6_nmax2_W9_boundaryperiodic_nreal300.txt
Accepted realizations: 300 / 300
Skipped realizations: 0
Job finished at Sun May 31 17:14:01 UTC 2026
