Job started on w31 at Sun May 31 17:11:40 UTC 2026
PBS_JOBID=7731547.kruk-host.ift-klaster.lan
PBS_O_WORKDIR=/home/2/kj405942/POLFED_bosons
Bose-Hubbard: L=6, N=6, nmax=2, dim=141
t=1, U=50, W=13, nreal=300, boundary=periodic, mode=full
Writing partial results to /home/2/kj405942/POLFED_bosons/pbs_bose_legacy_nmax2_periodic/data/U_50/W_13/L_6/N_6_nmax_2/boundary_periodic/energies_full_U50_L6_N6_nmax2_W13_boundaryperiodic_nreal300_partial.txt
realization 1 / 300 ... accepted 1. Emin=12.43362711, Emax=355.97912781
realization 2 / 300 ... accepted 2. Emin=16.62108471, Emax=360.24094762
realization 3 / 300 ... accepted 3. Emin=-12.87377674, Emax=327.98620075
realization 4 / 300 ... accepted 4. Emin=6.47435913, Emax=352.07738425
realization 5 / 300 ... accepted 5. Emin=40.75905793, Emax=359.24715195
realization 6 / 300 ... accepted 6. Emin=12.15071637, Emax=336.12150586
realization 7 / 300 ... accepted 7. Emin=-23.99130004, Emax=313.11775543
realization 8 / 300 ... accepted 8. Emin=9.64743443, Emax=340.42736696
realization 9 / 300 ... accepted 9. Emin=10.20582664, Emax=345.58006102
realization 10 / 300 ... accepted 10. Emin=-21.59332678, Emax=321.88023163
realization 11 / 300 ... accepted 11. Emin=0.70113390, Emax=338.06382954
realization 12 / 300 ... accepted 12. Emin=31.33873547, Emax=355.01593989
realization 13 / 300 ... accepted 13. Emin=-2.55097315, Emax=330.37240173
realization 14 / 300 ... accepted 14. Emin=-1.78302224, Emax=344.07021729
realization 15 / 300 ... accepted 15. Emin=3.60523141, Emax=363.64035276
realization 16 / 300 ... accepted 16. Emin=-9.45150114, Emax=317.50671887
realization 17 / 300 ... accepted 17. Emin=6.04217329, Emax=336.68842733
realization 18 / 300 ... accepted 18. Emin=-12.39004601, Emax=319.62756435
realization 19 / 300 ... accepted 19. Emin=-8.71518708, Emax=321.24579335
realization 20 / 300 ... accepted 20. Emin=3.21062703, Emax=342.37362505
realization 21 / 300 ... accepted 21. Emin=10.34320110, Emax=328.12879695
realization 22 / 300 ... accepted 22. Emin=-17.53036142, Emax=304.47119409
realization 23 / 300 ... accepted 23. Emin=9.13883626, Emax=339.83021432
realization 24 / 300 ... accepted 24. Emin=16.90731891, Emax=357.90925734
realization 25 / 300 ... accepted 25. Emin=16.39318791, Emax=348.22643091
realization 26 / 300 ... accepted 26. Emin=-13.40637271, Emax=317.01428231
realization 27 / 300 ... accepted 27. Emin=-24.38989358, Emax=301.19589642
realization 28 / 300 ... accepted 28. Emin=2.61283413, Emax=368.77548429
realization 29 / 300 ... accepted 29. Emin=-3.03123175, Emax=336.70355206
realization 30 / 300 ... accepted 30. Emin=-7.05712504, Emax=321.73955664
realization 31 / 300 ... accepted 31. Emin=10.06011826, Emax=367.06229616
realization 32 / 300 ... accepted 32. Emin=15.76013666, Emax=346.13267599
realization 33 / 300 ... accepted 33. Emin=-22.47103649, Emax=315.08007845
realization 34 / 300 ... accepted 34. Emin=-18.24570194, Emax=317.80856580
realization 35 / 300 ... accepted 35. Emin=-7.61133261, Emax=333.30053604
realization 36 / 300 ... accepted 36. Emin=-16.29849490, Emax=335.01154466
realization 37 / 300 ... accepted 37. Emin=-19.59154442, Emax=304.14082756
realization 38 / 300 ... accepted 38. Emin=20.97681275, Emax=353.40696016
realization 39 / 300 ... accepted 39. Emin=21.85888317, Emax=342.07728556
realization 40 / 300 ... accepted 40. Emin=17.15177855, Emax=350.69494937
realization 41 / 300 ... accepted 41. Emin=30.23875189, Emax=359.49078934
realization 42 / 300 ... accepted 42. Emin=3.67673620, Emax=339.49088130
realization 43 / 300 ... accepted 43. Emin=0.89196128, Emax=335.33519006
realization 44 / 300 ... accepted 44. Emin=13.07126395, Emax=359.98964533
realization 45 / 300 ... accepted 45. Emin=16.64363210, Emax=356.40868711
realization 46 / 300 ... accepted 46. Emin=-5.89969073, Emax=329.64746575
realization 47 / 300 ... accepted 47. Emin=23.31988823, Emax=352.09222410
realization 48 / 300 ... accepted 48. Emin=-2.94704701, Emax=332.56918528
realization 49 / 300 ... accepted 49. Emin=-17.99272839, Emax=313.59729917
realization 50 / 300 ... accepted 50. Emin=16.18713810, Emax=343.59392773
realization 51 / 300 ... accepted 51. Emin=8.45137847, Emax=342.94087654
realization 52 / 300 ... accepted 52. Emin=9.50884996, Emax=352.86250868
realization 53 / 300 ... accepted 53. Emin=2.07234170, Emax=322.17604242
realization 54 / 300 ... accepted 54. Emin=-2.03639885, Emax=343.28478630
realization 55 / 300 ... accepted 55. Emin=-21.91072488, Emax=323.61269948
realization 56 / 300 ... accepted 56. Emin=1.08609330, Emax=317.95794475
realization 57 / 300 ... accepted 57. Emin=3.12248407, Emax=340.60565954
realization 58 / 300 ... accepted 58. Emin=-7.00342844, Emax=327.17628310
realization 59 / 300 ... accepted 59. Emin=11.75460093, Emax=344.29287907
realization 60 / 300 ... accepted 60. Emin=-12.91579085, Emax=311.53708703
realization 61 / 300 ... accepted 61. Emin=1.85541866, Emax=345.77121373
realization 62 / 300 ... accepted 62. Emin=-19.25660957, Emax=313.76779371
realization 63 / 300 ... accepted 63. Emin=-32.25654125, Emax=300.53424845
realization 64 / 300 ... accepted 64. Emin=-1.07573701, Emax=328.68967364
realization 65 / 300 ... accepted 65. Emin=3.40878339, Emax=339.62111779
realization 66 / 300 ... accepted 66. Emin=3.27022297, Emax=331.13789422
realization 67 / 300 ... accepted 67. Emin=-9.63053998, Emax=308.10771944
realization 68 / 300 ... accepted 68. Emin=3.38808121, Emax=347.69956414
realization 69 / 300 ... accepted 69. Emin=-28.90810475, Emax=287.52681246
realization 70 / 300 ... accepted 70. Emin=-11.44872506, Emax=329.71043490
realization 71 / 300 ... accepted 71. Emin=-40.29997638, Emax=284.59900569
realization 72 / 300 ... accepted 72. Emin=-36.39115519, Emax=290.60180986
realization 73 / 300 ... accepted 73. Emin=-7.86310740, Emax=334.72677515
realization 74 / 300 ... accepted 74. Emin=-11.50696894, Emax=320.41173818
realization 75 / 300 ... accepted 75. Emin=30.44550122, Emax=354.40955039
realization 76 / 300 ... accepted 76. Emin=-6.80205587, Emax=347.66510623
realization 77 / 300 ... accepted 77. Emin=-2.07526007, Emax=334.10921412
realization 78 / 300 ... accepted 78. Emin=21.68416435, Emax=340.62330539
realization 79 / 300 ... accepted 79. Emin=-2.76781174, Emax=334.49250722
realization 80 / 300 ... accepted 80. Emin=-28.69367809, Emax=310.28234300
realization 81 / 300 ... accepted 81. Emin=-12.33990199, Emax=322.67184642
realization 82 / 300 ... accepted 82. Emin=4.97189133, Emax=324.40044823
realization 83 / 300 ... accepted 83. Emin=21.22770052, Emax=351.87639465
realization 84 / 300 ... accepted 84. Emin=-15.45772733, Emax=315.81706085
realization 85 / 300 ... accepted 85. Emin=-21.12293325, Emax=306.56540238
realization 86 / 300 ... accepted 86. Emin=-3.32508223, Emax=338.59519329
realization 87 / 300 ... accepted 87. Emin=-4.15577010, Emax=343.28928412
realization 88 / 300 ... accepted 88. Emin=6.67566159, Emax=333.30644535
realization 89 / 300 ... accepted 89. Emin=10.33170652, Emax=351.54332250
realization 90 / 300 ... accepted 90. Emin=-1.31079221, Emax=343.08680105
realization 91 / 300 ... accepted 91. Emin=-10.74569261, Emax=325.44832908
realization 92 / 300 ... accepted 92. Emin=-19.67072219, Emax=309.71976040
realization 93 / 300 ... accepted 93. Emin=7.33244613, Emax=342.75163684
realization 94 / 300 ... accepted 94. Emin=-11.07803280, Emax=322.95298608
realization 95 / 300 ... accepted 95. Emin=-19.55755873, Emax=301.97488426
realization 96 / 300 ... accepted 96. Emin=-24.05479217, Emax=308.78884980
realization 97 / 300 ... accepted 97. Emin=-0.86205426, Emax=335.05801710
realization 98 / 300 ... accepted 98. Emin=11.46486927, Emax=335.57716233
realization 99 / 300 ... accepted 99. Emin=-3.90119121, Emax=343.39694259
realization 100 / 300 ... accepted 100. Emin=6.45476455, Emax=343.63986730
realization 101 / 300 ... accepted 101. Emin=10.52928450, Emax=368.02268614
realization 102 / 300 ... accepted 102. Emin=17.81090656, Emax=340.01797523
realization 103 / 300 ... accepted 103. Emin=-18.04646228, Emax=313.34049429
realization 104 / 300 ... accepted 104. Emin=-20.11749347, Emax=311.26851147
realization 105 / 300 ... accepted 105. Emin=-15.49658464, Emax=317.33771254
realization 106 / 300 ... accepted 106. Emin=-6.25019067, Emax=325.38500433
realization 107 / 300 ... accepted 107. Emin=6.36244692, Emax=347.45098691
realization 108 / 300 ... accepted 108. Emin=33.56759516, Emax=360.15357800
realization 109 / 300 ... accepted 109. Emin=23.84520250, Emax=364.21840875
realization 110 / 300 ... accepted 110. Emin=-26.08269870, Emax=302.57825958
realization 111 / 300 ... accepted 111. Emin=-13.48768714, Emax=317.51310991
realization 112 / 300 ... accepted 112. Emin=-33.58774286, Emax=281.69354537
realization 113 / 300 ... accepted 113. Emin=1.53079654, Emax=329.83862292
realization 114 / 300 ... accepted 114. Emin=-23.42858732, Emax=310.91173736
realization 115 / 300 ... accepted 115. Emin=1.34177531, Emax=333.68358401
realization 116 / 300 ... accepted 116. Emin=-2.73520183, Emax=340.42144423
realization 117 / 300 ... accepted 117. Emin=-6.16340348, Emax=333.23158714
realization 118 / 300 ... accepted 118. Emin=-2.09902597, Emax=326.05169682
realization 119 / 300 ... accepted 119. Emin=-44.85380345, Emax=274.81822599
realization 120 / 300 ... accepted 120. Emin=12.23715590, Emax=362.13878047
realization 121 / 300 ... accepted 121. Emin=25.17385789, Emax=361.50616743
realization 122 / 300 ... accepted 122. Emin=4.99587167, Emax=346.80182758
realization 123 / 300 ... accepted 123. Emin=-11.30624028, Emax=331.21384202
realization 124 / 300 ... accepted 124. Emin=23.39675179, Emax=365.71146849
realization 125 / 300 ... accepted 125. Emin=7.81721129, Emax=346.77963849
realization 126 / 300 ... accepted 126. Emin=-10.59232646, Emax=321.76305296
realization 127 / 300 ... accepted 127. Emin=-3.44935471, Emax=317.19079651
realization 128 / 300 ... accepted 128. Emin=-4.92209778, Emax=320.38151943
realization 129 / 300 ... accepted 129. Emin=29.37184752, Emax=371.20273898
realization 130 / 300 ... accepted 130. Emin=20.92329245, Emax=357.79662937
realization 131 / 300 ... accepted 131. Emin=1.22701449, Emax=346.50355606
realization 132 / 300 ... accepted 132. Emin=-1.59185425, Emax=338.82858283
realization 133 / 300 ... accepted 133. Emin=0.76897727, Emax=347.11624851
realization 134 / 300 ... accepted 134. Emin=-23.86685597, Emax=299.93249465
realization 135 / 300 ... accepted 135. Emin=-3.80460161, Emax=324.67496129
realization 136 / 300 ... accepted 136. Emin=0.54165561, Emax=326.62396019
realization 137 / 300 ... accepted 137. Emin=-26.15628345, Emax=303.07456784
realization 138 / 300 ... accepted 138. Emin=-12.43579032, Emax=325.85238041
realization 139 / 300 ... accepted 139. Emin=-11.10247027, Emax=335.48693522
realization 140 / 300 ... accepted 140. Emin=-21.55529060, Emax=311.88392949
realization 141 / 300 ... accepted 141. Emin=11.97356970, Emax=349.07950579
realization 142 / 300 ... accepted 142. Emin=-14.91353661, Emax=324.86967416
realization 143 / 300 ... accepted 143. Emin=17.05464924, Emax=358.26137817
realization 144 / 300 ... accepted 144. Emin=-29.37262948, Emax=305.13981025
realization 145 / 300 ... accepted 145. Emin=21.75760415, Emax=352.72554560
realization 146 / 300 ... accepted 146. Emin=0.56699894, Emax=343.56327586
realization 147 / 300 ... accepted 147. Emin=-1.90282337, Emax=333.72489507
realization 148 / 300 ... accepted 148. Emin=40.09272353, Emax=367.31318943
realization 149 / 300 ... accepted 149. Emin=-1.73726927, Emax=329.39994651
realization 150 / 300 ... accepted 150. Emin=28.33244255, Emax=358.79926655
realization 151 / 300 ... accepted 151. Emin=13.09957299, Emax=363.43083582
realization 152 / 300 ... accepted 152. Emin=10.22984658, Emax=341.73411353
realization 153 / 300 ... accepted 153. Emin=8.99850187, Emax=348.88497075
realization 154 / 300 ... accepted 154. Emin=15.78952028, Emax=350.98422979
realization 155 / 300 ... accepted 155. Emin=7.67128321, Emax=365.37489215
realization 156 / 300 ... accepted 156. Emin=17.02559184, Emax=359.44740110
realization 157 / 300 ... accepted 157. Emin=12.80694927, Emax=333.90993162
realization 158 / 300 ... accepted 158. Emin=5.94382088, Emax=334.08110288
realization 159 / 300 ... accepted 159. Emin=2.99927259, Emax=347.21445723
realization 160 / 300 ... accepted 160. Emin=-16.65820616, Emax=317.33632902
realization 161 / 300 ... accepted 161. Emin=8.49369328, Emax=322.05626494
realization 162 / 300 ... accepted 162. Emin=-27.14280584, Emax=306.34112142
realization 163 / 300 ... accepted 163. Emin=-13.20960975, Emax=313.86314339
realization 164 / 300 ... accepted 164. Emin=5.52315334, Emax=329.50813506
realization 165 / 300 ... accepted 165. Emin=-2.89282108, Emax=317.44307963
realization 166 / 300 ... accepted 166. Emin=-21.95228998, Emax=324.81071680
realization 167 / 300 ... accepted 167. Emin=-0.16646399, Emax=323.94690991
realization 168 / 300 ... accepted 168. Emin=17.56276365, Emax=351.29604512
realization 169 / 300 ... accepted 169. Emin=29.54026650, Emax=360.41818630
realization 170 / 300 ... accepted 170. Emin=7.21466657, Emax=352.79078179
realization 171 / 300 ... accepted 171. Emin=-14.31224304, Emax=333.86294025
realization 172 / 300 ... accepted 172. Emin=21.79141251, Emax=335.84887112
realization 173 / 300 ... accepted 173. Emin=23.06263426, Emax=357.73968523
realization 174 / 300 ... accepted 174. Emin=-0.47020835, Emax=345.04015707
realization 175 / 300 ... accepted 175. Emin=20.05615240, Emax=347.24679551
realization 176 / 300 ... accepted 176. Emin=-23.74013831, Emax=302.45387664
realization 177 / 300 ... accepted 177. Emin=5.90335123, Emax=353.81627042
realization 178 / 300 ... accepted 178. Emin=-25.47475434, Emax=304.45572791
realization 179 / 300 ... accepted 179. Emin=-2.95145635, Emax=317.07333509
realization 180 / 300 ... accepted 180. Emin=18.28651273, Emax=364.05732715
realization 181 / 300 ... accepted 181. Emin=14.18126783, Emax=357.87744616
realization 182 / 300 ... accepted 182. Emin=-9.09430119, Emax=333.94612120
realization 183 / 300 ... accepted 183. Emin=-0.36290857, Emax=337.81292716
realization 184 / 300 ... accepted 184. Emin=51.45338425, Emax=362.56965037
realization 185 / 300 ... accepted 185. Emin=-19.72056322, Emax=309.46909180
realization 186 / 300 ... accepted 186. Emin=-1.96422400, Emax=346.58628059
realization 187 / 300 ... accepted 187. Emin=-12.55989286, Emax=312.43758073
realization 188 / 300 ... accepted 188. Emin=35.85156678, Emax=354.76180572
realization 189 / 300 ... accepted 189. Emin=22.23683255, Emax=368.07415989
realization 190 / 300 ... accepted 190. Emin=35.46318100, Emax=363.33062823
realization 191 / 300 ... accepted 191. Emin=-9.54382844, Emax=309.62227094
realization 192 / 300 ... accepted 192. Emin=18.36813126, Emax=352.24573879
realization 193 / 300 ... accepted 193. Emin=13.20158578, Emax=340.42334234
realization 194 / 300 ... accepted 194. Emin=-18.24424695, Emax=312.32218800
realization 195 / 300 ... accepted 195. Emin=-2.85547452, Emax=342.88123440
realization 196 / 300 ... accepted 196. Emin=-14.63240705, Emax=333.10130594
realization 197 / 300 ... accepted 197. Emin=-15.02844059, Emax=306.83489899
realization 198 / 300 ... accepted 198. Emin=-20.73119515, Emax=302.12018676
realization 199 / 300 ... accepted 199. Emin=-20.70777748, Emax=303.26623427
realization 200 / 300 ... accepted 200. Emin=-18.85715700, Emax=308.90107270
realization 201 / 300 ... accepted 201. Emin=-40.99578430, Emax=283.07824123
realization 202 / 300 ... accepted 202. Emin=53.50889104, Emax=359.18708235
realization 203 / 300 ... accepted 203. Emin=-34.39527221, Emax=292.96115311
realization 204 / 300 ... accepted 204. Emin=6.48073371, Emax=322.98913681
realization 205 / 300 ... accepted 205. Emin=6.56845686, Emax=332.56180069
realization 206 / 300 ... accepted 206. Emin=-17.04055314, Emax=324.81862642
realization 207 / 300 ... accepted 207. Emin=-14.85113588, Emax=308.33746905
realization 208 / 300 ... accepted 208. Emin=16.75254924, Emax=330.46421453
realization 209 / 300 ... accepted 209. Emin=-0.92588054, Emax=333.31445227
realization 210 / 300 ... accepted 210. Emin=-4.71382148, Emax=315.62825015
realization 211 / 300 ... accepted 211. Emin=0.51404808, Emax=342.88966552
realization 212 / 300 ... accepted 212. Emin=17.14276140, Emax=348.86318610
realization 213 / 300 ... accepted 213. Emin=-1.10189031, Emax=346.56241741
realization 214 / 300 ... accepted 214. Emin=-23.45746320, Emax=322.28771872
realization 215 / 300 ... accepted 215. Emin=5.42284003, Emax=345.32395358
realization 216 / 300 ... accepted 216. Emin=17.08198994, Emax=347.20418124
realization 217 / 300 ... accepted 217. Emin=26.90112210, Emax=361.65545991
realization 218 / 300 ... accepted 218. Emin=-14.04360960, Emax=320.87010260
realization 219 / 300 ... accepted 219. Emin=-6.76298517, Emax=326.02613414
realization 220 / 300 ... accepted 220. Emin=-21.80572551, Emax=318.61297183
realization 221 / 300 ... accepted 221. Emin=15.29660165, Emax=356.67258850
realization 222 / 300 ... accepted 222. Emin=-17.36917885, Emax=322.24578012
realization 223 / 300 ... accepted 223. Emin=-8.10242094, Emax=331.23254911
realization 224 / 300 ... accepted 224. Emin=-8.37465852, Emax=334.74963931
realization 225 / 300 ... accepted 225. Emin=-29.08256625, Emax=295.86254468
realization 226 / 300 ... accepted 226. Emin=-9.57585222, Emax=319.14739473
realization 227 / 300 ... accepted 227. Emin=32.90566164, Emax=359.45203604
realization 228 / 300 ... accepted 228. Emin=-4.52011279, Emax=320.28667094
realization 229 / 300 ... accepted 229. Emin=-25.39513410, Emax=303.00976763
realization 230 / 300 ... accepted 230. Emin=-7.99557598, Emax=314.99271269
realization 231 / 300 ... accepted 231. Emin=-22.95315041, Emax=293.69605814
realization 232 / 300 ... accepted 232. Emin=-9.86546318, Emax=339.89037816
realization 233 / 300 ... accepted 233. Emin=-39.16011662, Emax=296.12799714
realization 234 / 300 ... accepted 234. Emin=-11.83158450, Emax=322.15569105
realization 235 / 300 ... accepted 235. Emin=22.34858614, Emax=348.71881015
realization 236 / 300 ... accepted 236. Emin=-14.19585698, Emax=319.60281450
realization 237 / 300 ... accepted 237. Emin=-8.99219555, Emax=326.85797405
realization 238 / 300 ... accepted 238. Emin=-20.09973750, Emax=324.81468938
realization 239 / 300 ... accepted 239. Emin=-1.38402322, Emax=338.32633000
realization 240 / 300 ... accepted 240. Emin=7.55717336, Emax=335.30214651
realization 241 / 300 ... accepted 241. Emin=-21.20511532, Emax=301.55913153
realization 242 / 300 ... accepted 242. Emin=7.22423919, Emax=338.56599293
realization 243 / 300 ... accepted 243. Emin=-3.74676256, Emax=344.27145520
realization 244 / 300 ... accepted 244. Emin=22.96041824, Emax=350.76214815
realization 245 / 300 ... accepted 245. Emin=21.13526014, Emax=357.85056608
realization 246 / 300 ... accepted 246. Emin=11.61903640, Emax=356.44364275
realization 247 / 300 ... accepted 247. Emin=0.08241802, Emax=340.20459072
realization 248 / 300 ... accepted 248. Emin=6.55705812, Emax=344.92272998
realization 249 / 300 ... accepted 249. Emin=-13.11025251, Emax=312.76314405
realization 250 / 300 ... accepted 250. Emin=-12.25358859, Emax=331.03783287
realization 251 / 300 ... accepted 251. Emin=-29.91280397, Emax=293.93099153
realization 252 / 300 ... accepted 252. Emin=-30.13080908, Emax=297.00945068
realization 253 / 300 ... accepted 253. Emin=-8.83742218, Emax=342.11755482
realization 254 / 300 ... accepted 254. Emin=18.29544369, Emax=347.04710571
realization 255 / 300 ... accepted 255. Emin=-1.25949728, Emax=322.14047827
realization 256 / 300 ... accepted 256. Emin=9.78249490, Emax=353.74612274
realization 257 / 300 ... accepted 257. Emin=-7.56470390, Emax=324.62890638
realization 258 / 300 ... accepted 258. Emin=-9.54596769, Emax=334.65398503
realization 259 / 300 ... accepted 259. Emin=9.98956285, Emax=361.60871862
realization 260 / 300 ... accepted 260. Emin=0.50058575, Emax=333.65339951
realization 261 / 300 ... accepted 261. Emin=-15.92489098, Emax=316.81411852
realization 262 / 300 ... accepted 262. Emin=-1.62730265, Emax=320.10193402
realization 263 / 300 ... accepted 263. Emin=1.79877581, Emax=334.47441652
realization 264 / 300 ... accepted 264. Emin=-8.66820576, Emax=350.89562596
realization 265 / 300 ... accepted 265. Emin=-7.18311781, Emax=331.02529701
realization 266 / 300 ... accepted 266. Emin=-12.97209319, Emax=346.00995144
realization 267 / 300 ... accepted 267. Emin=-1.95332504, Emax=323.24805703
realization 268 / 300 ... accepted 268. Emin=-16.30700542, Emax=322.57838326
realization 269 / 300 ... accepted 269. Emin=-11.95646083, Emax=327.05829151
realization 270 / 300 ... accepted 270. Emin=9.07148140, Emax=344.12883702
realization 271 / 300 ... accepted 271. Emin=1.47200847, Emax=324.42696693
realization 272 / 300 ... accepted 272. Emin=7.62284926, Emax=340.33059096
realization 273 / 300 ... accepted 273. Emin=6.87324090, Emax=355.30619648
realization 274 / 300 ... accepted 274. Emin=8.72489909, Emax=349.51124193
realization 275 / 300 ... accepted 275. Emin=6.01600349, Emax=322.27668522
realization 276 / 300 ... accepted 276. Emin=-21.23384845, Emax=292.67092085
realization 277 / 300 ... accepted 277. Emin=25.26036232, Emax=357.07714807
realization 278 / 300 ... accepted 278. Emin=29.11131793, Emax=359.96514802
realization 279 / 300 ... accepted 279. Emin=4.80485206, Emax=337.14552265
realization 280 / 300 ... accepted 280. Emin=-44.90030041, Emax=268.18066275
realization 281 / 300 ... accepted 281. Emin=-7.90825095, Emax=332.41258643
realization 282 / 300 ... accepted 282. Emin=-10.92018624, Emax=330.81169527
realization 283 / 300 ... accepted 283. Emin=0.60575878, Emax=334.09947814
realization 284 / 300 ... accepted 284. Emin=10.01479318, Emax=349.02805784
realization 285 / 300 ... accepted 285. Emin=17.54077354, Emax=344.15510120
realization 286 / 300 ... accepted 286. Emin=-2.66120698, Emax=334.81168302
realization 287 / 300 ... accepted 287. Emin=13.90511418, Emax=357.44092611
realization 288 / 300 ... accepted 288. Emin=-34.73835209, Emax=290.69649866
realization 289 / 300 ... accepted 289. Emin=-21.38747618, Emax=311.33067572
realization 290 / 300 ... accepted 290. Emin=-4.60826093, Emax=316.78607954
realization 291 / 300 ... accepted 291. Emin=24.68906960, Emax=358.57105484
realization 292 / 300 ... accepted 292. Emin=-20.79671587, Emax=331.30236074
realization 293 / 300 ... accepted 293. Emin=-7.60643511, Emax=348.39023806
realization 294 / 300 ... accepted 294. Emin=-4.83228529, Emax=342.15755936
realization 295 / 300 ... accepted 295. Emin=29.01821754, Emax=351.62825411
realization 296 / 300 ... accepted 296. Emin=11.91468354, Emax=341.75714634
realization 297 / 300 ... accepted 297. Emin=-10.00107585, Emax=315.12727722
realization 298 / 300 ... accepted 298. Emin=-2.85787300, Emax=332.61794258
realization 299 / 300 ... accepted 299. Emin=-0.39282119, Emax=328.24677462
realization 300 / 300 ... accepted 300. Emin=5.78239740, Emax=325.00803767
Saved final energies: /home/2/kj405942/POLFED_bosons/pbs_bose_legacy_nmax2_periodic/data/U_50/W_13/L_6/N_6_nmax_2/boundary_periodic/energies_full_U50_L6_N6_nmax2_W13_boundaryperiodic_nreal300.txt
Accepted realizations: 300 / 300
Skipped realizations: 0
Job finished at Sun May 31 17:14:02 UTC 2026
