Job started on w31 at Sun May 31 17:11:40 UTC 2026
PBS_JOBID=7731544.kruk-host.ift-klaster.lan
PBS_O_WORKDIR=/home/2/kj405942/POLFED_bosons
Bose-Hubbard: L=6, N=6, nmax=2, dim=141
t=1, U=50, W=10, nreal=300, boundary=periodic, mode=full
Writing partial results to /home/2/kj405942/POLFED_bosons/pbs_bose_legacy_nmax2_periodic/data/U_50/W_10/L_6/N_6_nmax_2/boundary_periodic/energies_full_U50_L6_N6_nmax2_W10_boundaryperiodic_nreal300_partial.txt
realization 1 / 300 ... accepted 1. Emin=-6.16741533, Emax=321.18161728
realization 2 / 300 ... accepted 2. Emin=23.76069473, Emax=349.74681793
realization 3 / 300 ... accepted 3. Emin=0.05286070, Emax=319.17250605
realization 4 / 300 ... accepted 4. Emin=-11.85308550, Emax=304.62754729
realization 5 / 300 ... accepted 5. Emin=-0.87352470, Emax=319.85299950
realization 6 / 300 ... accepted 6. Emin=20.34237785, Emax=339.17648978
realization 7 / 300 ... accepted 7. Emin=-10.97887021, Emax=314.21275612
realization 8 / 300 ... accepted 8. Emin=3.34684909, Emax=346.42472691
realization 9 / 300 ... accepted 9. Emin=-19.23538044, Emax=298.12697420
realization 10 / 300 ... accepted 10. Emin=21.29125412, Emax=334.53525663
realization 11 / 300 ... accepted 11. Emin=-1.01562802, Emax=329.24835641
realization 12 / 300 ... accepted 12. Emin=-5.28518214, Emax=316.40343171
realization 13 / 300 ... accepted 13. Emin=7.03189237, Emax=335.44407099
realization 14 / 300 ... accepted 14. Emin=-7.40828046, Emax=310.04430239
realization 15 / 300 ... accepted 15. Emin=-6.11073691, Emax=317.98880188
realization 16 / 300 ... accepted 16. Emin=2.75256217, Emax=340.45811117
realization 17 / 300 ... accepted 17. Emin=2.90997544, Emax=328.06797317
realization 18 / 300 ... accepted 18. Emin=2.21381443, Emax=329.06658487
realization 19 / 300 ... accepted 19. Emin=4.56092271, Emax=334.56538908
realization 20 / 300 ... accepted 20. Emin=-7.43868953, Emax=321.63712324
realization 21 / 300 ... accepted 21. Emin=4.57252259, Emax=327.96824876
realization 22 / 300 ... accepted 22. Emin=-12.58414181, Emax=320.46262095
realization 23 / 300 ... accepted 23. Emin=-13.04261097, Emax=314.93695165
realization 24 / 300 ... accepted 24. Emin=-11.35519100, Emax=320.06633353
realization 25 / 300 ... accepted 25. Emin=-4.35546449, Emax=329.56961163
realization 26 / 300 ... accepted 26. Emin=0.22342748, Emax=333.51690115
realization 27 / 300 ... accepted 27. Emin=-24.58567141, Emax=303.83322429
realization 28 / 300 ... accepted 28. Emin=-18.43817216, Emax=294.98361708
realization 29 / 300 ... accepted 29. Emin=-9.86617944, Emax=316.90786261
realization 30 / 300 ... accepted 30. Emin=0.55983681, Emax=331.42363391
realization 31 / 300 ... accepted 31. Emin=37.90063320, Emax=349.33936628
realization 32 / 300 ... accepted 32. Emin=8.78071863, Emax=337.08814958
realization 33 / 300 ... accepted 33. Emin=-16.10574224, Emax=305.38185099
realization 34 / 300 ... accepted 34. Emin=15.75957282, Emax=347.65573797
realization 35 / 300 ... accepted 35. Emin=-14.76140513, Emax=314.14994667
realization 36 / 300 ... accepted 36. Emin=6.79812944, Emax=327.52946382
realization 37 / 300 ... accepted 37. Emin=9.84047832, Emax=343.24065209
realization 38 / 300 ... accepted 38. Emin=6.55157313, Emax=336.58788319
realization 39 / 300 ... accepted 39. Emin=-9.49196263, Emax=316.82255581
realization 40 / 300 ... accepted 40. Emin=-10.15142566, Emax=314.18765563
realization 41 / 300 ... accepted 41. Emin=-17.14477413, Emax=302.02554499
realization 42 / 300 ... accepted 42. Emin=-6.66886058, Emax=322.09464070
realization 43 / 300 ... accepted 43. Emin=-11.81943575, Emax=326.56195823
realization 44 / 300 ... accepted 44. Emin=4.21919040, Emax=336.73919179
realization 45 / 300 ... accepted 45. Emin=-29.22779963, Emax=293.20929369
realization 46 / 300 ... accepted 46. Emin=21.78329668, Emax=338.03597612
realization 47 / 300 ... accepted 47. Emin=10.54221933, Emax=336.82870387
realization 48 / 300 ... accepted 48. Emin=17.62334081, Emax=341.46167028
realization 49 / 300 ... accepted 49. Emin=-14.85606811, Emax=308.20079923
realization 50 / 300 ... accepted 50. Emin=14.51855094, Emax=349.81181461
realization 51 / 300 ... accepted 51. Emin=3.88669302, Emax=323.52887530
realization 52 / 300 ... accepted 52. Emin=20.39760797, Emax=354.78743784
realization 53 / 300 ... accepted 53. Emin=-35.66419581, Emax=285.14042986
realization 54 / 300 ... accepted 54. Emin=-4.83919306, Emax=318.08831313
realization 55 / 300 ... accepted 55. Emin=-10.73618215, Emax=313.20620813
realization 56 / 300 ... accepted 56. Emin=2.76038411, Emax=336.64494066
realization 57 / 300 ... accepted 57. Emin=-6.42895034, Emax=327.09176755
realization 58 / 300 ... accepted 58. Emin=-17.08468549, Emax=314.78792507
realization 59 / 300 ... accepted 59. Emin=-8.84394788, Emax=324.39002417
realization 60 / 300 ... accepted 60. Emin=-3.16494361, Emax=325.59496375
realization 61 / 300 ... accepted 61. Emin=18.55853738, Emax=351.34900178
realization 62 / 300 ... accepted 62. Emin=-0.97197142, Emax=324.32547613
realization 63 / 300 ... accepted 63. Emin=-2.93311639, Emax=317.66258413
realization 64 / 300 ... accepted 64. Emin=-0.92995864, Emax=317.55580779
realization 65 / 300 ... accepted 65. Emin=-17.00312016, Emax=309.25865851
realization 66 / 300 ... accepted 66. Emin=7.13596825, Emax=332.55396743
realization 67 / 300 ... accepted 67. Emin=11.61849687, Emax=342.45373892
realization 68 / 300 ... accepted 68. Emin=-12.19871956, Emax=318.95513840
realization 69 / 300 ... accepted 69. Emin=-2.99178460, Emax=306.34093117
realization 70 / 300 ... accepted 70. Emin=-6.07117465, Emax=319.68677369
realization 71 / 300 ... accepted 71. Emin=6.21985384, Emax=334.24500229
realization 72 / 300 ... accepted 72. Emin=2.69095094, Emax=321.30704031
realization 73 / 300 ... accepted 73. Emin=-8.05021515, Emax=339.64435332
realization 74 / 300 ... accepted 74. Emin=-16.00402272, Emax=300.52064668
realization 75 / 300 ... accepted 75. Emin=26.20823200, Emax=335.52944755
realization 76 / 300 ... accepted 76. Emin=2.93732753, Emax=322.89283391
realization 77 / 300 ... accepted 77. Emin=-17.65580349, Emax=306.55854617
realization 78 / 300 ... accepted 78. Emin=-4.42169271, Emax=330.04229460
realization 79 / 300 ... accepted 79. Emin=22.37264655, Emax=347.17748571
realization 80 / 300 ... accepted 80. Emin=-14.68613522, Emax=318.51860092
realization 81 / 300 ... accepted 81. Emin=17.42591387, Emax=335.33611683
realization 82 / 300 ... accepted 82. Emin=8.85612374, Emax=338.69990997
realization 83 / 300 ... accepted 83. Emin=-18.50099392, Emax=304.39366171
realization 84 / 300 ... accepted 84. Emin=-0.74029497, Emax=316.57336954
realization 85 / 300 ... accepted 85. Emin=-22.14007554, Emax=302.93227403
realization 86 / 300 ... accepted 86. Emin=-11.96132053, Emax=304.47210702
realization 87 / 300 ... accepted 87. Emin=8.76691688, Emax=339.24381118
realization 88 / 300 ... accepted 88. Emin=-33.49215730, Emax=289.14419822
realization 89 / 300 ... accepted 89. Emin=-12.84986480, Emax=303.45218441
realization 90 / 300 ... accepted 90. Emin=23.49614531, Emax=339.48545796
realization 91 / 300 ... accepted 91. Emin=-4.80842299, Emax=320.36376649
realization 92 / 300 ... accepted 92. Emin=0.35099846, Emax=334.98562978
realization 93 / 300 ... accepted 93. Emin=-22.95245512, Emax=300.12681515
realization 94 / 300 ... accepted 94. Emin=29.53220378, Emax=348.05128553
realization 95 / 300 ... accepted 95. Emin=9.65459593, Emax=337.21117697
realization 96 / 300 ... accepted 96. Emin=18.70939522, Emax=340.45059324
realization 97 / 300 ... accepted 97. Emin=-11.27331457, Emax=314.79875388
realization 98 / 300 ... accepted 98. Emin=-36.88008243, Emax=275.45576360
realization 99 / 300 ... accepted 99. Emin=12.48268551, Emax=330.83383176
realization 100 / 300 ... accepted 100. Emin=11.58986545, Emax=332.37950087
realization 101 / 300 ... accepted 101. Emin=-15.62060565, Emax=315.20430887
realization 102 / 300 ... accepted 102. Emin=-23.48858187, Emax=292.89797046
realization 103 / 300 ... accepted 103. Emin=0.22080052, Emax=344.33932655
realization 104 / 300 ... accepted 104. Emin=-10.24367996, Emax=314.91782251
realization 105 / 300 ... accepted 105. Emin=10.09466973, Emax=342.51181440
realization 106 / 300 ... accepted 106. Emin=-9.36971539, Emax=319.07839173
realization 107 / 300 ... accepted 107. Emin=-0.58822683, Emax=335.61635581
realization 108 / 300 ... accepted 108. Emin=-14.61817258, Emax=322.79114857
realization 109 / 300 ... accepted 109. Emin=15.11538855, Emax=346.87118402
realization 110 / 300 ... accepted 110. Emin=4.62272285, Emax=330.47494766
realization 111 / 300 ... accepted 111. Emin=28.76175507, Emax=337.44386604
realization 112 / 300 ... accepted 112. Emin=16.62526123, Emax=342.84747789
realization 113 / 300 ... accepted 113. Emin=-25.58443128, Emax=300.91093625
realization 114 / 300 ... accepted 114. Emin=-17.09271950, Emax=303.44057693
realization 115 / 300 ... accepted 115. Emin=18.19143766, Emax=352.90007159
realization 116 / 300 ... accepted 116. Emin=-8.42033879, Emax=316.08806120
realization 117 / 300 ... accepted 117. Emin=-2.59297122, Emax=318.10135046
realization 118 / 300 ... accepted 118. Emin=4.99426490, Emax=320.91795067
realization 119 / 300 ... accepted 119. Emin=-0.81517265, Emax=325.55735755
realization 120 / 300 ... accepted 120. Emin=-16.59944940, Emax=310.30094279
realization 121 / 300 ... accepted 121. Emin=-0.65794909, Emax=314.54653469
realization 122 / 300 ... accepted 122. Emin=-0.21220867, Emax=313.63588092
realization 123 / 300 ... accepted 123. Emin=20.27830138, Emax=344.48837264
realization 124 / 300 ... accepted 124. Emin=2.06913536, Emax=332.09040758
realization 125 / 300 ... accepted 125. Emin=5.78680803, Emax=329.96866269
realization 126 / 300 ... accepted 126. Emin=-1.80839726, Emax=332.21128790
realization 127 / 300 ... accepted 127. Emin=10.58294963, Emax=338.81308520
realization 128 / 300 ... accepted 128. Emin=3.55831007, Emax=340.45149787
realization 129 / 300 ... accepted 129. Emin=-9.12476993, Emax=322.69533670
realization 130 / 300 ... accepted 130. Emin=-4.39725852, Emax=319.80361257
realization 131 / 300 ... accepted 131. Emin=35.89746497, Emax=349.45274512
realization 132 / 300 ... accepted 132. Emin=-1.95957841, Emax=316.15572507
realization 133 / 300 ... accepted 133. Emin=3.60343956, Emax=335.45318014
realization 134 / 300 ... accepted 134. Emin=-7.17798970, Emax=321.78461717
realization 135 / 300 ... accepted 135. Emin=-17.41561564, Emax=308.66492700
realization 136 / 300 ... accepted 136. Emin=12.85876912, Emax=340.56825369
realization 137 / 300 ... accepted 137. Emin=-7.45414582, Emax=322.34573456
realization 138 / 300 ... accepted 138. Emin=-8.87025291, Emax=326.72902022
realization 139 / 300 ... accepted 139. Emin=3.04019240, Emax=336.40301961
realization 140 / 300 ... accepted 140. Emin=-7.92617585, Emax=334.24362506
realization 141 / 300 ... accepted 141. Emin=-4.95192874, Emax=324.01550117
realization 142 / 300 ... accepted 142. Emin=14.65574602, Emax=346.95629250
realization 143 / 300 ... accepted 143. Emin=24.63199870, Emax=343.95198103
realization 144 / 300 ... accepted 144. Emin=10.84865431, Emax=337.60682211
realization 145 / 300 ... accepted 145. Emin=9.52764990, Emax=329.72363449
realization 146 / 300 ... accepted 146. Emin=13.06528934, Emax=342.09574127
realization 147 / 300 ... accepted 147. Emin=6.83152765, Emax=342.17508969
realization 148 / 300 ... accepted 148. Emin=-16.77254740, Emax=307.24433309
realization 149 / 300 ... accepted 149. Emin=-11.55405487, Emax=319.40751071
realization 150 / 300 ... accepted 150. Emin=19.52302383, Emax=349.73023640
realization 151 / 300 ... accepted 151. Emin=-5.90544735, Emax=314.13505927
realization 152 / 300 ... accepted 152. Emin=-14.01091125, Emax=305.04609774
realization 153 / 300 ... accepted 153. Emin=1.78152647, Emax=324.40055599
realization 154 / 300 ... accepted 154. Emin=-13.02928660, Emax=308.51924458
realization 155 / 300 ... accepted 155. Emin=22.59075073, Emax=349.00720176
realization 156 / 300 ... accepted 156. Emin=14.05355881, Emax=330.71934205
realization 157 / 300 ... accepted 157. Emin=-12.21967928, Emax=311.23933631
realization 158 / 300 ... accepted 158. Emin=19.28751496, Emax=345.84327270
realization 159 / 300 ... accepted 159. Emin=-13.90937653, Emax=322.06744415
realization 160 / 300 ... accepted 160. Emin=0.14638452, Emax=320.43682453
realization 161 / 300 ... accepted 161. Emin=-12.50025261, Emax=309.99681033
realization 162 / 300 ... accepted 162. Emin=2.40758206, Emax=335.86519280
realization 163 / 300 ... accepted 163. Emin=-6.69929145, Emax=324.61061882
realization 164 / 300 ... accepted 164. Emin=-4.70632557, Emax=316.62593875
realization 165 / 300 ... accepted 165. Emin=1.67364603, Emax=331.89594421
realization 166 / 300 ... accepted 166. Emin=-10.97661112, Emax=309.02218457
realization 167 / 300 ... accepted 167. Emin=5.91748338, Emax=326.35957532
realization 168 / 300 ... accepted 168. Emin=3.40039482, Emax=326.79571644
realization 169 / 300 ... accepted 169. Emin=-1.56392817, Emax=334.29155556
realization 170 / 300 ... accepted 170. Emin=-1.92731006, Emax=325.91549987
realization 171 / 300 ... accepted 171. Emin=2.87515599, Emax=335.54738512
realization 172 / 300 ... accepted 172. Emin=25.16502375, Emax=348.49891301
realization 173 / 300 ... accepted 173. Emin=-32.60580853, Emax=286.77533457
realization 174 / 300 ... accepted 174. Emin=7.03540939, Emax=338.22088184
realization 175 / 300 ... accepted 175. Emin=11.81838835, Emax=327.45118292
realization 176 / 300 ... accepted 176. Emin=20.46430373, Emax=348.15917771
realization 177 / 300 ... accepted 177. Emin=1.13912443, Emax=329.70602015
realization 178 / 300 ... accepted 178. Emin=-5.28943820, Emax=326.41659529
realization 179 / 300 ... accepted 179. Emin=2.31564482, Emax=329.35048758
realization 180 / 300 ... accepted 180. Emin=-1.44122121, Emax=329.17817749
realization 181 / 300 ... accepted 181. Emin=3.04132808, Emax=345.15441340
realization 182 / 300 ... accepted 182. Emin=-8.59359924, Emax=305.41604253
realization 183 / 300 ... accepted 183. Emin=9.99785388, Emax=330.63075208
realization 184 / 300 ... accepted 184. Emin=1.09363721, Emax=335.68654244
realization 185 / 300 ... accepted 185. Emin=-17.19266258, Emax=301.99873904
realization 186 / 300 ... accepted 186. Emin=-2.91401901, Emax=328.36139796
realization 187 / 300 ... accepted 187. Emin=5.00217735, Emax=337.32970057
realization 188 / 300 ... accepted 188. Emin=13.91518090, Emax=334.09392597
realization 189 / 300 ... accepted 189. Emin=9.87503573, Emax=344.30109097
realization 190 / 300 ... accepted 190. Emin=9.03283113, Emax=325.19658630
realization 191 / 300 ... accepted 191. Emin=-5.51793694, Emax=317.48416282
realization 192 / 300 ... accepted 192. Emin=-0.88422369, Emax=324.58159411
realization 193 / 300 ... accepted 193. Emin=-6.05143586, Emax=321.87081008
realization 194 / 300 ... accepted 194. Emin=11.60428099, Emax=340.25150031
realization 195 / 300 ... accepted 195. Emin=-2.49351935, Emax=327.51172058
realization 196 / 300 ... accepted 196. Emin=13.76460104, Emax=333.66567507
realization 197 / 300 ... accepted 197. Emin=-3.78215797, Emax=313.13034995
realization 198 / 300 ... accepted 198. Emin=23.64061969, Emax=357.19732967
realization 199 / 300 ... accepted 199. Emin=-18.08113091, Emax=302.26621312
realization 200 / 300 ... accepted 200. Emin=10.15241540, Emax=338.58942077
realization 201 / 300 ... accepted 201. Emin=-4.51412039, Emax=325.36692004
realization 202 / 300 ... accepted 202. Emin=-11.80204079, Emax=307.99461896
realization 203 / 300 ... accepted 203. Emin=16.38375335, Emax=353.64017914
realization 204 / 300 ... accepted 204. Emin=1.25402269, Emax=332.44744021
realization 205 / 300 ... accepted 205. Emin=-4.66377589, Emax=321.56439534
realization 206 / 300 ... accepted 206. Emin=17.02272599, Emax=340.72992596
realization 207 / 300 ... accepted 207. Emin=-9.28001189, Emax=324.17557374
realization 208 / 300 ... accepted 208. Emin=-13.28714612, Emax=312.84927030
realization 209 / 300 ... accepted 209. Emin=-6.20656550, Emax=312.26110173
realization 210 / 300 ... accepted 210. Emin=17.04310708, Emax=343.50091226
realization 211 / 300 ... accepted 211. Emin=-34.47119172, Emax=285.98589602
realization 212 / 300 ... accepted 212. Emin=27.45348571, Emax=349.09167927
realization 213 / 300 ... accepted 213. Emin=10.54665365, Emax=330.25709847
realization 214 / 300 ... accepted 214. Emin=12.88048865, Emax=337.16407795
realization 215 / 300 ... accepted 215. Emin=-13.04915980, Emax=321.52773446
realization 216 / 300 ... accepted 216. Emin=-11.66169617, Emax=328.52854939
realization 217 / 300 ... accepted 217. Emin=27.86257924, Emax=351.06603189
realization 218 / 300 ... accepted 218. Emin=2.05866300, Emax=333.61741296
realization 219 / 300 ... accepted 219. Emin=12.57217842, Emax=334.11639666
realization 220 / 300 ... accepted 220. Emin=9.58888930, Emax=345.48142255
realization 221 / 300 ... accepted 221. Emin=-41.72159523, Emax=270.46576380
realization 222 / 300 ... accepted 222. Emin=-8.82320855, Emax=325.77076834
realization 223 / 300 ... accepted 223. Emin=-1.59284376, Emax=316.85923459
realization 224 / 300 ... accepted 224. Emin=12.45896754, Emax=340.73036600
realization 225 / 300 ... accepted 225. Emin=23.74445438, Emax=350.64074835
realization 226 / 300 ... accepted 226. Emin=4.93218884, Emax=330.06701546
realization 227 / 300 ... accepted 227. Emin=16.53823575, Emax=348.13076373
realization 228 / 300 ... accepted 228. Emin=-15.34123072, Emax=309.94889994
realization 229 / 300 ... accepted 229. Emin=-7.19848781, Emax=322.82707180
realization 230 / 300 ... accepted 230. Emin=-21.22107714, Emax=306.43203658
realization 231 / 300 ... accepted 231. Emin=16.02959051, Emax=341.14204833
realization 232 / 300 ... accepted 232. Emin=15.77589286, Emax=338.66768061
realization 233 / 300 ... accepted 233. Emin=-10.86890837, Emax=318.27907886
realization 234 / 300 ... accepted 234. Emin=12.05880115, Emax=343.71368042
realization 235 / 300 ... accepted 235. Emin=15.12049498, Emax=345.93267982
realization 236 / 300 ... accepted 236. Emin=13.19884612, Emax=334.28925370
realization 237 / 300 ... accepted 237. Emin=12.86136561, Emax=347.95921271
realization 238 / 300 ... accepted 238. Emin=-13.71514495, Emax=320.41067971
realization 239 / 300 ... accepted 239. Emin=-4.38476533, Emax=326.48328074
realization 240 / 300 ... accepted 240. Emin=-23.32896354, Emax=304.79084670
realization 241 / 300 ... accepted 241. Emin=10.23157482, Emax=325.35670626
realization 242 / 300 ... accepted 242. Emin=-6.88694116, Emax=320.09387700
realization 243 / 300 ... accepted 243. Emin=26.41701887, Emax=348.83684618
realization 244 / 300 ... accepted 244. Emin=-23.52000755, Emax=306.55270425
realization 245 / 300 ... accepted 245. Emin=7.24393887, Emax=351.19318228
realization 246 / 300 ... accepted 246. Emin=-20.43790272, Emax=305.96782172
realization 247 / 300 ... accepted 247. Emin=-8.02685467, Emax=319.39242876
realization 248 / 300 ... accepted 248. Emin=17.81998304, Emax=330.19807436
realization 249 / 300 ... accepted 249. Emin=6.59025179, Emax=337.65060499
realization 250 / 300 ... accepted 250. Emin=-1.75691018, Emax=325.85778715
realization 251 / 300 ... accepted 251. Emin=-6.26725342, Emax=322.31617998
realization 252 / 300 ... accepted 252. Emin=2.82166976, Emax=338.80903320
realization 253 / 300 ... accepted 253. Emin=-9.71272704, Emax=320.06117480
realization 254 / 300 ... accepted 254. Emin=-0.83496037, Emax=318.33080875
realization 255 / 300 ... accepted 255. Emin=-4.31121076, Emax=325.31538812
realization 256 / 300 ... accepted 256. Emin=-7.55630715, Emax=320.96413084
realization 257 / 300 ... accepted 257. Emin=-6.11373941, Emax=329.14853453
realization 258 / 300 ... accepted 258. Emin=-6.37807726, Emax=318.81124575
realization 259 / 300 ... accepted 259. Emin=14.27834345, Emax=351.76282614
realization 260 / 300 ... accepted 260. Emin=25.17509596, Emax=347.33008977
realization 261 / 300 ... accepted 261. Emin=-19.52800000, Emax=299.42175228
realization 262 / 300 ... accepted 262. Emin=-2.46925320, Emax=312.74993592
realization 263 / 300 ... accepted 263. Emin=-10.35465854, Emax=326.78581538
realization 264 / 300 ... accepted 264. Emin=-11.14375180, Emax=323.09304160
realization 265 / 300 ... accepted 265. Emin=-35.55365982, Emax=276.62192279
realization 266 / 300 ... accepted 266. Emin=15.28781271, Emax=330.24226825
realization 267 / 300 ... accepted 267. Emin=31.54937286, Emax=351.79194687
realization 268 / 300 ... accepted 268. Emin=-33.65792607, Emax=278.47777932
realization 269 / 300 ... accepted 269. Emin=27.85745644, Emax=350.07964534
realization 270 / 300 ... accepted 270. Emin=-6.03223262, Emax=326.68497639
realization 271 / 300 ... accepted 271. Emin=17.23232541, Emax=340.20621071
realization 272 / 300 ... accepted 272. Emin=-16.81322168, Emax=310.01673247
realization 273 / 300 ... accepted 273. Emin=-0.57929613, Emax=339.00770872
realization 274 / 300 ... accepted 274. Emin=-23.44757987, Emax=301.29012120
realization 275 / 300 ... accepted 275. Emin=15.29232724, Emax=338.19078213
realization 276 / 300 ... accepted 276. Emin=1.02611246, Emax=354.03575280
realization 277 / 300 ... accepted 277. Emin=2.78768354, Emax=329.25595135
realization 278 / 300 ... accepted 278. Emin=-0.84448106, Emax=324.15291899
realization 279 / 300 ... accepted 279. Emin=-2.70270462, Emax=311.43892739
realization 280 / 300 ... accepted 280. Emin=-0.71941854, Emax=325.89398536
realization 281 / 300 ... accepted 281. Emin=-17.90418482, Emax=301.52737984
realization 282 / 300 ... accepted 282. Emin=-9.45355616, Emax=313.48156168
realization 283 / 300 ... accepted 283. Emin=2.79111245, Emax=326.75770604
realization 284 / 300 ... accepted 284. Emin=4.14713569, Emax=333.79749261
realization 285 / 300 ... accepted 285. Emin=-5.01264940, Emax=326.81933054
realization 286 / 300 ... accepted 286. Emin=-9.81545475, Emax=322.79541314
realization 287 / 300 ... accepted 287. Emin=11.82156942, Emax=329.39657305
realization 288 / 300 ... accepted 288. Emin=-0.36828445, Emax=331.08460674
realization 289 / 300 ... accepted 289. Emin=-14.34944479, Emax=309.15534694
realization 290 / 300 ... accepted 290. Emin=-16.49702387, Emax=302.59630934
realization 291 / 300 ... accepted 291. Emin=-6.74712179, Emax=304.59340649
realization 292 / 300 ... accepted 292. Emin=-7.40443117, Emax=303.41927868
realization 293 / 300 ... accepted 293. Emin=8.27902366, Emax=355.58449796
realization 294 / 300 ... accepted 294. Emin=12.15212655, Emax=332.54681883
realization 295 / 300 ... accepted 295. Emin=7.76095095, Emax=342.85192362
realization 296 / 300 ... accepted 296. Emin=-24.75307269, Emax=297.18247349
realization 297 / 300 ... accepted 297. Emin=13.10623080, Emax=339.11884453
realization 298 / 300 ... accepted 298. Emin=-1.70949602, Emax=334.49175838
realization 299 / 300 ... accepted 299. Emin=9.42167771, Emax=337.29486666
realization 300 / 300 ... accepted 300. Emin=12.69442685, Emax=335.42166887
Saved final energies: /home/2/kj405942/POLFED_bosons/pbs_bose_legacy_nmax2_periodic/data/U_50/W_10/L_6/N_6_nmax_2/boundary_periodic/energies_full_U50_L6_N6_nmax2_W10_boundaryperiodic_nreal300.txt
Accepted realizations: 300 / 300
Skipped realizations: 0
Job finished at Sun May 31 17:14:02 UTC 2026
