Job started on w31 at Sun May 31 17:11:40 UTC 2026
PBS_JOBID=7731546.kruk-host.ift-klaster.lan
PBS_O_WORKDIR=/home/2/kj405942/POLFED_bosons
Bose-Hubbard: L=6, N=6, nmax=2, dim=141
t=1, U=50, W=12, nreal=300, boundary=periodic, mode=full
Writing partial results to /home/2/kj405942/POLFED_bosons/pbs_bose_legacy_nmax2_periodic/data/U_50/W_12/L_6/N_6_nmax_2/boundary_periodic/energies_full_U50_L6_N6_nmax2_W12_boundaryperiodic_nreal300_partial.txt
realization 1 / 300 ... accepted 1. Emin=-13.31403053, Emax=313.94729110
realization 2 / 300 ... accepted 2. Emin=-1.77765265, Emax=337.91234567
realization 3 / 300 ... accepted 3. Emin=18.95027578, Emax=364.05957156
realization 4 / 300 ... accepted 4. Emin=-6.40435111, Emax=342.74755939
realization 5 / 300 ... accepted 5. Emin=-11.99656647, Emax=319.38803202
realization 6 / 300 ... accepted 6. Emin=-7.34440546, Emax=313.68103583
realization 7 / 300 ... accepted 7. Emin=4.77425752, Emax=333.14111560
realization 8 / 300 ... accepted 8. Emin=0.45587861, Emax=352.44437182
realization 9 / 300 ... accepted 9. Emin=18.43550971, Emax=362.78700550
realization 10 / 300 ... accepted 10. Emin=-27.47382395, Emax=310.71073080
realization 11 / 300 ... accepted 11. Emin=-4.83503053, Emax=341.71703474
realization 12 / 300 ... accepted 12. Emin=-14.89121695, Emax=323.09662208
realization 13 / 300 ... accepted 13. Emin=-38.15043206, Emax=275.29743424
realization 14 / 300 ... accepted 14. Emin=3.28163925, Emax=338.34479314
realization 15 / 300 ... accepted 15. Emin=3.90673142, Emax=317.81687490
realization 16 / 300 ... accepted 16. Emin=-2.50189615, Emax=333.04811884
realization 17 / 300 ... accepted 17. Emin=6.93663837, Emax=336.97813356
realization 18 / 300 ... accepted 18. Emin=-2.88263435, Emax=316.17952761
realization 19 / 300 ... accepted 19. Emin=10.40046134, Emax=353.56745594
realization 20 / 300 ... accepted 20. Emin=11.98328027, Emax=341.27366153
realization 21 / 300 ... accepted 21. Emin=-8.39489189, Emax=319.15257468
realization 22 / 300 ... accepted 22. Emin=-4.33487960, Emax=331.33097360
realization 23 / 300 ... accepted 23. Emin=3.35632820, Emax=325.88694368
realization 24 / 300 ... accepted 24. Emin=7.51946930, Emax=345.06280847
realization 25 / 300 ... accepted 25. Emin=32.94939723, Emax=361.58667717
realization 26 / 300 ... accepted 26. Emin=11.92562533, Emax=340.04863976
realization 27 / 300 ... accepted 27. Emin=-25.38304231, Emax=305.95299874
realization 28 / 300 ... accepted 28. Emin=-26.18064908, Emax=294.91839285
realization 29 / 300 ... accepted 29. Emin=-1.91979364, Emax=348.32779528
realization 30 / 300 ... accepted 30. Emin=-5.45933640, Emax=324.91680126
realization 31 / 300 ... accepted 31. Emin=0.14010660, Emax=331.37115952
realization 32 / 300 ... accepted 32. Emin=29.10123432, Emax=344.84874628
realization 33 / 300 ... accepted 33. Emin=21.84715743, Emax=344.92608117
realization 34 / 300 ... accepted 34. Emin=8.71985317, Emax=338.79828147
realization 35 / 300 ... accepted 35. Emin=11.68667328, Emax=359.91693183
realization 36 / 300 ... accepted 36. Emin=12.72942254, Emax=348.74950549
realization 37 / 300 ... accepted 37. Emin=-16.74930353, Emax=312.01894544
realization 38 / 300 ... accepted 38. Emin=-7.29151473, Emax=322.63379202
realization 39 / 300 ... accepted 39. Emin=2.82893986, Emax=332.30280294
realization 40 / 300 ... accepted 40. Emin=11.16447573, Emax=349.35525011
realization 41 / 300 ... accepted 41. Emin=9.89996100, Emax=338.65673991
realization 42 / 300 ... accepted 42. Emin=14.82456646, Emax=350.94518588
realization 43 / 300 ... accepted 43. Emin=11.79584234, Emax=332.31694305
realization 44 / 300 ... accepted 44. Emin=-7.27726912, Emax=325.19145572
realization 45 / 300 ... accepted 45. Emin=-15.35693142, Emax=306.79335794
realization 46 / 300 ... accepted 46. Emin=20.98229879, Emax=361.82807494
realization 47 / 300 ... accepted 47. Emin=-10.75579750, Emax=326.91693767
realization 48 / 300 ... accepted 48. Emin=-9.80826937, Emax=330.17572812
realization 49 / 300 ... accepted 49. Emin=-19.37593534, Emax=306.20219120
realization 50 / 300 ... accepted 50. Emin=-5.44691498, Emax=321.01061343
realization 51 / 300 ... accepted 51. Emin=-6.67906803, Emax=309.73692812
realization 52 / 300 ... accepted 52. Emin=-6.56952321, Emax=324.67219597
realization 53 / 300 ... accepted 53. Emin=-9.63147554, Emax=318.35990819
realization 54 / 300 ... accepted 54. Emin=7.30418710, Emax=354.70473839
realization 55 / 300 ... accepted 55. Emin=-4.44236754, Emax=328.84681448
realization 56 / 300 ... accepted 56. Emin=-15.31771599, Emax=323.38009876
realization 57 / 300 ... accepted 57. Emin=-24.34420425, Emax=309.29326566
realization 58 / 300 ... accepted 58. Emin=8.56147164, Emax=336.15110929
realization 59 / 300 ... accepted 59. Emin=11.21924682, Emax=351.26503389
realization 60 / 300 ... accepted 60. Emin=-0.74068863, Emax=348.81215322
realization 61 / 300 ... accepted 61. Emin=0.43671358, Emax=349.23261862
realization 62 / 300 ... accepted 62. Emin=-40.18098805, Emax=280.73757307
realization 63 / 300 ... accepted 63. Emin=-7.33217034, Emax=316.96821136
realization 64 / 300 ... accepted 64. Emin=24.16831892, Emax=355.67309966
realization 65 / 300 ... accepted 65. Emin=-9.20893710, Emax=334.54912344
realization 66 / 300 ... accepted 66. Emin=-9.89086454, Emax=312.75894852
realization 67 / 300 ... accepted 67. Emin=36.59037753, Emax=347.17778824
realization 68 / 300 ... accepted 68. Emin=-21.15968429, Emax=294.97744569
realization 69 / 300 ... accepted 69. Emin=36.02952589, Emax=359.29507444
realization 70 / 300 ... accepted 70. Emin=-5.73635979, Emax=317.70585635
realization 71 / 300 ... accepted 71. Emin=6.95895196, Emax=333.99093010
realization 72 / 300 ... accepted 72. Emin=-22.02678429, Emax=304.57187862
realization 73 / 300 ... accepted 73. Emin=6.13461068, Emax=337.26812007
realization 74 / 300 ... accepted 74. Emin=-13.96268432, Emax=319.35161583
realization 75 / 300 ... accepted 75. Emin=-49.70519693, Emax=263.51205959
realization 76 / 300 ... accepted 76. Emin=0.79997355, Emax=339.18850696
realization 77 / 300 ... accepted 77. Emin=4.39414901, Emax=332.36753734
realization 78 / 300 ... accepted 78. Emin=-4.28552702, Emax=335.35119369
realization 79 / 300 ... accepted 79. Emin=-8.48454539, Emax=314.34874815
realization 80 / 300 ... accepted 80. Emin=5.38759487, Emax=327.60224736
realization 81 / 300 ... accepted 81. Emin=-45.45949185, Emax=269.46676544
realization 82 / 300 ... accepted 82. Emin=-2.68410445, Emax=319.23668781
realization 83 / 300 ... accepted 83. Emin=-26.39070812, Emax=316.10329602
realization 84 / 300 ... accepted 84. Emin=-12.74242702, Emax=324.40578954
realization 85 / 300 ... accepted 85. Emin=5.53120624, Emax=341.49033358
realization 86 / 300 ... accepted 86. Emin=20.88468464, Emax=355.68163056
realization 87 / 300 ... accepted 87. Emin=-6.63537621, Emax=326.64476298
realization 88 / 300 ... accepted 88. Emin=-2.08358624, Emax=315.61174533
realization 89 / 300 ... accepted 89. Emin=25.68938611, Emax=363.78944803
realization 90 / 300 ... accepted 90. Emin=4.70678482, Emax=337.67806730
realization 91 / 300 ... accepted 91. Emin=-31.59209592, Emax=294.21807377
realization 92 / 300 ... accepted 92. Emin=-32.67402971, Emax=290.32648690
realization 93 / 300 ... accepted 93. Emin=18.60379854, Emax=340.20876000
realization 94 / 300 ... accepted 94. Emin=-7.48990223, Emax=327.32617038
realization 95 / 300 ... accepted 95. Emin=-6.71091795, Emax=323.85637177
realization 96 / 300 ... accepted 96. Emin=-4.30485524, Emax=334.52490757
realization 97 / 300 ... accepted 97. Emin=23.57622904, Emax=339.73666299
realization 98 / 300 ... accepted 98. Emin=-15.07862853, Emax=320.77109548
realization 99 / 300 ... accepted 99. Emin=15.09805822, Emax=337.96358981
realization 100 / 300 ... accepted 100. Emin=23.08670566, Emax=352.99538330
realization 101 / 300 ... accepted 101. Emin=4.47771362, Emax=322.10723866
realization 102 / 300 ... accepted 102. Emin=18.78146910, Emax=353.35067524
realization 103 / 300 ... accepted 103. Emin=-24.03069429, Emax=317.93756332
realization 104 / 300 ... accepted 104. Emin=-9.32234081, Emax=340.35258332
realization 105 / 300 ... accepted 105. Emin=13.96033215, Emax=352.34510826
realization 106 / 300 ... accepted 106. Emin=-31.32791086, Emax=292.76251502
realization 107 / 300 ... accepted 107. Emin=-4.09946774, Emax=317.80019742
realization 108 / 300 ... accepted 108. Emin=19.83223988, Emax=357.55614285
realization 109 / 300 ... accepted 109. Emin=-4.73710004, Emax=322.21683076
realization 110 / 300 ... accepted 110. Emin=2.76404240, Emax=344.28687067
realization 111 / 300 ... accepted 111. Emin=-22.26602420, Emax=312.62477659
realization 112 / 300 ... accepted 112. Emin=-4.49192748, Emax=320.18202693
realization 113 / 300 ... accepted 113. Emin=1.10385995, Emax=340.17139284
realization 114 / 300 ... accepted 114. Emin=-12.72784121, Emax=319.34641871
realization 115 / 300 ... accepted 115. Emin=-27.68332175, Emax=298.41386363
realization 116 / 300 ... accepted 116. Emin=13.60825968, Emax=346.88633992
realization 117 / 300 ... accepted 117. Emin=-3.33062267, Emax=329.69058423
realization 118 / 300 ... accepted 118. Emin=13.89739168, Emax=337.49337963
realization 119 / 300 ... accepted 119. Emin=-21.14503081, Emax=306.12036421
realization 120 / 300 ... accepted 120. Emin=-29.16221336, Emax=298.57650923
realization 121 / 300 ... accepted 121. Emin=-0.53558175, Emax=339.49471583
realization 122 / 300 ... accepted 122. Emin=-4.58626285, Emax=350.92498598
realization 123 / 300 ... accepted 123. Emin=-23.18584065, Emax=310.12115196
realization 124 / 300 ... accepted 124. Emin=14.02791030, Emax=342.43793392
realization 125 / 300 ... accepted 125. Emin=-5.41796540, Emax=327.69078038
realization 126 / 300 ... accepted 126. Emin=9.31631038, Emax=345.17609510
realization 127 / 300 ... accepted 127. Emin=-11.09742143, Emax=311.08989881
realization 128 / 300 ... accepted 128. Emin=4.98475626, Emax=322.62046833
realization 129 / 300 ... accepted 129. Emin=-10.17371292, Emax=319.09914649
realization 130 / 300 ... accepted 130. Emin=-11.41975164, Emax=309.43597981
realization 131 / 300 ... accepted 131. Emin=5.77073506, Emax=335.76519165
realization 132 / 300 ... accepted 132. Emin=-11.52405238, Emax=303.80258416
realization 133 / 300 ... accepted 133. Emin=-35.06299469, Emax=283.56313460
realization 134 / 300 ... accepted 134. Emin=-9.54568985, Emax=340.45548061
realization 135 / 300 ... accepted 135. Emin=-17.93999764, Emax=315.08212873
realization 136 / 300 ... accepted 136. Emin=0.79210029, Emax=341.55516002
realization 137 / 300 ... accepted 137. Emin=-18.65045943, Emax=312.19198205
realization 138 / 300 ... accepted 138. Emin=7.31417525, Emax=347.80413455
realization 139 / 300 ... accepted 139. Emin=8.48395466, Emax=340.71104908
realization 140 / 300 ... accepted 140. Emin=-7.24966086, Emax=326.40084386
realization 141 / 300 ... accepted 141. Emin=-22.94528232, Emax=307.74354227
realization 142 / 300 ... accepted 142. Emin=-5.56507507, Emax=328.03004103
realization 143 / 300 ... accepted 143. Emin=5.04523145, Emax=329.30798045
realization 144 / 300 ... accepted 144. Emin=-30.46198167, Emax=297.40293762
realization 145 / 300 ... accepted 145. Emin=-18.52689447, Emax=296.50919082
realization 146 / 300 ... accepted 146. Emin=10.76246065, Emax=361.72774625
realization 147 / 300 ... accepted 147. Emin=22.17026849, Emax=344.27777005
realization 148 / 300 ... accepted 148. Emin=18.83535932, Emax=358.73209862
realization 149 / 300 ... accepted 149. Emin=-15.48077679, Emax=311.86614993
realization 150 / 300 ... accepted 150. Emin=19.76223573, Emax=351.31282943
realization 151 / 300 ... accepted 151. Emin=-22.83131583, Emax=312.08682445
realization 152 / 300 ... accepted 152. Emin=-38.46356969, Emax=280.26317878
realization 153 / 300 ... accepted 153. Emin=38.26351404, Emax=365.82741196
realization 154 / 300 ... accepted 154. Emin=17.76468034, Emax=342.74442170
realization 155 / 300 ... accepted 155. Emin=25.53801208, Emax=356.81602111
realization 156 / 300 ... accepted 156. Emin=14.31493411, Emax=343.33331474
realization 157 / 300 ... accepted 157. Emin=-22.02291319, Emax=310.19722801
realization 158 / 300 ... accepted 158. Emin=26.88597737, Emax=351.89648218
realization 159 / 300 ... accepted 159. Emin=7.17360561, Emax=330.28137968
realization 160 / 300 ... accepted 160. Emin=-0.96642939, Emax=320.77440489
realization 161 / 300 ... accepted 161. Emin=-23.41418144, Emax=319.39209515
realization 162 / 300 ... accepted 162. Emin=-2.36135958, Emax=337.86922120
realization 163 / 300 ... accepted 163. Emin=13.44289558, Emax=353.37639983
realization 164 / 300 ... accepted 164. Emin=20.65428254, Emax=351.79699067
realization 165 / 300 ... accepted 165. Emin=-17.25501616, Emax=306.39536838
realization 166 / 300 ... accepted 166. Emin=8.85335828, Emax=355.36316990
realization 167 / 300 ... accepted 167. Emin=-10.43528950, Emax=335.31614583
realization 168 / 300 ... accepted 168. Emin=34.48649549, Emax=361.18366774
realization 169 / 300 ... accepted 169. Emin=-4.56831661, Emax=332.10317402
realization 170 / 300 ... accepted 170. Emin=0.23328704, Emax=335.99505277
realization 171 / 300 ... accepted 171. Emin=-15.17176941, Emax=334.82494924
realization 172 / 300 ... accepted 172. Emin=-12.40654928, Emax=330.30386562
realization 173 / 300 ... accepted 173. Emin=1.37049613, Emax=328.86590131
realization 174 / 300 ... accepted 174. Emin=6.28600248, Emax=339.05175797
realization 175 / 300 ... accepted 175. Emin=-14.84492179, Emax=303.90791290
realization 176 / 300 ... accepted 176. Emin=-20.52675887, Emax=318.79906036
realization 177 / 300 ... accepted 177. Emin=11.76278453, Emax=350.79461608
realization 178 / 300 ... accepted 178. Emin=36.22522913, Emax=357.51361742
realization 179 / 300 ... accepted 179. Emin=9.24696201, Emax=341.90037714
realization 180 / 300 ... accepted 180. Emin=-13.44944464, Emax=327.93962645
realization 181 / 300 ... accepted 181. Emin=9.95449782, Emax=359.50043921
realization 182 / 300 ... accepted 182. Emin=-12.34256353, Emax=316.58629556
realization 183 / 300 ... accepted 183. Emin=23.32179433, Emax=354.67835449
realization 184 / 300 ... accepted 184. Emin=-15.58332695, Emax=310.63380562
realization 185 / 300 ... accepted 185. Emin=-29.68327930, Emax=295.51161857
realization 186 / 300 ... accepted 186. Emin=-12.38331432, Emax=318.71553526
realization 187 / 300 ... accepted 187. Emin=-16.56385058, Emax=320.14776486
realization 188 / 300 ... accepted 188. Emin=2.35782936, Emax=336.50172829
realization 189 / 300 ... accepted 189. Emin=11.41672617, Emax=343.05085988
realization 190 / 300 ... accepted 190. Emin=8.63796565, Emax=344.31539888
realization 191 / 300 ... accepted 191. Emin=-18.07756484, Emax=299.31699559
realization 192 / 300 ... accepted 192. Emin=-12.58073474, Emax=330.22660046
realization 193 / 300 ... accepted 193. Emin=28.88522466, Emax=345.57831223
realization 194 / 300 ... accepted 194. Emin=15.70164419, Emax=331.37437359
realization 195 / 300 ... accepted 195. Emin=-14.17223616, Emax=337.87927011
realization 196 / 300 ... accepted 196. Emin=-21.62152802, Emax=306.54759883
realization 197 / 300 ... accepted 197. Emin=14.90231740, Emax=357.24676669
realization 198 / 300 ... accepted 198. Emin=-10.96858859, Emax=328.80196193
realization 199 / 300 ... accepted 199. Emin=-23.42293432, Emax=303.33869063
realization 200 / 300 ... accepted 200. Emin=-7.58007027, Emax=335.38143513
realization 201 / 300 ... accepted 201. Emin=1.28171006, Emax=338.84121207
realization 202 / 300 ... accepted 202. Emin=27.71455282, Emax=351.88746344
realization 203 / 300 ... accepted 203. Emin=20.09435546, Emax=332.31614546
realization 204 / 300 ... accepted 204. Emin=-6.68291196, Emax=330.40691782
realization 205 / 300 ... accepted 205. Emin=5.86845322, Emax=359.27600600
realization 206 / 300 ... accepted 206. Emin=-3.29110999, Emax=325.77083568
realization 207 / 300 ... accepted 207. Emin=-9.64081207, Emax=333.95141243
realization 208 / 300 ... accepted 208. Emin=7.68052891, Emax=329.80148987
realization 209 / 300 ... accepted 209. Emin=-9.19331111, Emax=321.78771633
realization 210 / 300 ... accepted 210. Emin=-0.00087793, Emax=340.21882120
realization 211 / 300 ... accepted 211. Emin=-8.80122758, Emax=311.36337936
realization 212 / 300 ... accepted 212. Emin=-18.03392814, Emax=305.59680315
realization 213 / 300 ... accepted 213. Emin=-0.58860655, Emax=344.05864048
realization 214 / 300 ... accepted 214. Emin=-18.56910436, Emax=320.73526503
realization 215 / 300 ... accepted 215. Emin=-2.35488702, Emax=328.64315047
realization 216 / 300 ... accepted 216. Emin=-30.42217810, Emax=306.78940087
realization 217 / 300 ... accepted 217. Emin=1.96302630, Emax=335.44965509
realization 218 / 300 ... accepted 218. Emin=-10.56398563, Emax=323.83422306
realization 219 / 300 ... accepted 219. Emin=2.50836106, Emax=335.68115764
realization 220 / 300 ... accepted 220. Emin=-13.67637225, Emax=303.89538151
realization 221 / 300 ... accepted 221. Emin=-5.55307081, Emax=333.86972722
realization 222 / 300 ... accepted 222. Emin=1.83775949, Emax=327.66141137
realization 223 / 300 ... accepted 223. Emin=8.86508249, Emax=344.06360669
realization 224 / 300 ... accepted 224. Emin=-25.03338590, Emax=316.33802553
realization 225 / 300 ... accepted 225. Emin=3.39970481, Emax=328.78670144
realization 226 / 300 ... accepted 226. Emin=-11.00084394, Emax=309.85292416
realization 227 / 300 ... accepted 227. Emin=0.04926232, Emax=334.10072760
realization 228 / 300 ... accepted 228. Emin=14.07808107, Emax=342.08377893
realization 229 / 300 ... accepted 229. Emin=-27.90606790, Emax=292.51136600
realization 230 / 300 ... accepted 230. Emin=-16.34091252, Emax=312.13692164
realization 231 / 300 ... accepted 231. Emin=-10.51692089, Emax=328.05089184
realization 232 / 300 ... accepted 232. Emin=-16.51235968, Emax=297.69475948
realization 233 / 300 ... accepted 233. Emin=1.13501466, Emax=335.87475575
realization 234 / 300 ... accepted 234. Emin=2.21199226, Emax=345.96187499
realization 235 / 300 ... accepted 235. Emin=-37.32155773, Emax=282.01128168
realization 236 / 300 ... accepted 236. Emin=27.01098353, Emax=353.79110240
realization 237 / 300 ... accepted 237. Emin=8.04398877, Emax=340.19044520
realization 238 / 300 ... accepted 238. Emin=-4.76820986, Emax=329.13935816
realization 239 / 300 ... accepted 239. Emin=2.67740645, Emax=330.95312430
realization 240 / 300 ... accepted 240. Emin=-17.54873289, Emax=322.29077141
realization 241 / 300 ... accepted 241. Emin=10.72782736, Emax=346.80525253
realization 242 / 300 ... accepted 242. Emin=7.55653599, Emax=330.26410390
realization 243 / 300 ... accepted 243. Emin=-22.22435581, Emax=316.84036218
realization 244 / 300 ... accepted 244. Emin=5.40647381, Emax=343.71399508
realization 245 / 300 ... accepted 245. Emin=-25.32766418, Emax=306.24691808
realization 246 / 300 ... accepted 246. Emin=13.67854262, Emax=345.95312540
realization 247 / 300 ... accepted 247. Emin=-0.94313711, Emax=333.51559461
realization 248 / 300 ... accepted 248. Emin=0.31014409, Emax=328.30282160
realization 249 / 300 ... accepted 249. Emin=-8.08278944, Emax=323.33501009
realization 250 / 300 ... accepted 250. Emin=8.44719460, Emax=340.58324564
realization 251 / 300 ... accepted 251. Emin=-32.57382968, Emax=293.90902628
realization 252 / 300 ... accepted 252. Emin=-1.38264876, Emax=321.73811977
realization 253 / 300 ... accepted 253. Emin=-0.11625975, Emax=337.54095816
realization 254 / 300 ... accepted 254. Emin=19.92379979, Emax=349.35350393
realization 255 / 300 ... accepted 255. Emin=8.90761914, Emax=345.99499318
realization 256 / 300 ... accepted 256. Emin=-10.59948997, Emax=330.07571836
realization 257 / 300 ... accepted 257. Emin=1.32601976, Emax=324.95686239
realization 258 / 300 ... accepted 258. Emin=7.53003564, Emax=334.94015491
realization 259 / 300 ... accepted 259. Emin=8.72807768, Emax=351.00441410
realization 260 / 300 ... accepted 260. Emin=14.61634538, Emax=336.25175600
realization 261 / 300 ... accepted 261. Emin=27.75002579, Emax=351.38846865
realization 262 / 300 ... accepted 262. Emin=32.96114298, Emax=364.82678002
realization 263 / 300 ... accepted 263. Emin=-35.41698237, Emax=292.34589226
realization 264 / 300 ... accepted 264. Emin=-10.59189459, Emax=324.22173561
realization 265 / 300 ... accepted 265. Emin=-11.69375852, Emax=326.64307996
realization 266 / 300 ... accepted 266. Emin=19.49546325, Emax=345.67494286
realization 267 / 300 ... accepted 267. Emin=-31.65709065, Emax=293.91387234
realization 268 / 300 ... accepted 268. Emin=22.59665210, Emax=363.00877790
realization 269 / 300 ... accepted 269. Emin=6.93323739, Emax=353.02709297
realization 270 / 300 ... accepted 270. Emin=-7.39727598, Emax=326.99434584
realization 271 / 300 ... accepted 271. Emin=-9.93890950, Emax=327.80407997
realization 272 / 300 ... accepted 272. Emin=15.08342737, Emax=344.66345539
realization 273 / 300 ... accepted 273. Emin=16.14995013, Emax=349.08576427
realization 274 / 300 ... accepted 274. Emin=12.99471803, Emax=332.30524442
realization 275 / 300 ... accepted 275. Emin=15.22531797, Emax=353.32338538
realization 276 / 300 ... accepted 276. Emin=9.99222646, Emax=330.64926244
realization 277 / 300 ... accepted 277. Emin=-8.98410439, Emax=323.21031919
realization 278 / 300 ... accepted 278. Emin=9.10388929, Emax=340.41919748
realization 279 / 300 ... accepted 279. Emin=-24.64240602, Emax=314.20043525
realization 280 / 300 ... accepted 280. Emin=-22.34430835, Emax=296.03039704
realization 281 / 300 ... accepted 281. Emin=6.62558377, Emax=345.70501095
realization 282 / 300 ... accepted 282. Emin=-8.80051558, Emax=326.12515227
realization 283 / 300 ... accepted 283. Emin=3.88654814, Emax=330.70153536
realization 284 / 300 ... accepted 284. Emin=-24.91427027, Emax=298.83442493
realization 285 / 300 ... accepted 285. Emin=4.59961712, Emax=327.25873905
realization 286 / 300 ... accepted 286. Emin=18.50263071, Emax=349.21091965
realization 287 / 300 ... accepted 287. Emin=-0.84807619, Emax=339.33593428
realization 288 / 300 ... accepted 288. Emin=-19.06613582, Emax=307.95693474
realization 289 / 300 ... accepted 289. Emin=9.45414543, Emax=352.16414192
realization 290 / 300 ... accepted 290. Emin=30.13255525, Emax=349.84970347
realization 291 / 300 ... accepted 291. Emin=22.79906456, Emax=349.53766161
realization 292 / 300 ... accepted 292. Emin=8.00785608, Emax=344.88053827
realization 293 / 300 ... accepted 293. Emin=-6.94543644, Emax=339.52231900
realization 294 / 300 ... accepted 294. Emin=7.22496519, Emax=346.53789635
realization 295 / 300 ... accepted 295. Emin=14.18376728, Emax=346.40792168
realization 296 / 300 ... accepted 296. Emin=-4.10885463, Emax=314.72349098
realization 297 / 300 ... accepted 297. Emin=-17.64150415, Emax=321.05401166
realization 298 / 300 ... accepted 298. Emin=11.19248897, Emax=347.76414002
realization 299 / 300 ... accepted 299. Emin=1.98787026, Emax=329.98964266
realization 300 / 300 ... accepted 300. Emin=-25.32215735, Emax=306.86250186
Saved final energies: /home/2/kj405942/POLFED_bosons/pbs_bose_legacy_nmax2_periodic/data/U_50/W_12/L_6/N_6_nmax_2/boundary_periodic/energies_full_U50_L6_N6_nmax2_W12_boundaryperiodic_nreal300.txt
Accepted realizations: 300 / 300
Skipped realizations: 0
Job finished at Sun May 31 17:14:01 UTC 2026
