Job started on w31 at Sun May 31 17:11:40 UTC 2026
PBS_JOBID=7731542.kruk-host.ift-klaster.lan
PBS_O_WORKDIR=/home/2/kj405942/POLFED_bosons
Bose-Hubbard: L=6, N=6, nmax=2, dim=141
t=1, U=50, W=8, nreal=300, boundary=periodic, mode=full
Writing partial results to /home/2/kj405942/POLFED_bosons/pbs_bose_legacy_nmax2_periodic/data/U_50/W_8/L_6/N_6_nmax_2/boundary_periodic/energies_full_U50_L6_N6_nmax2_W8_boundaryperiodic_nreal300_partial.txt
realization 1 / 300 ... accepted 1. Emin=-9.79632539, Emax=311.93363003
realization 2 / 300 ... accepted 2. Emin=5.76089813, Emax=323.11277812
realization 3 / 300 ... accepted 3. Emin=4.82472097, Emax=326.15055033
realization 4 / 300 ... accepted 4. Emin=-5.02459933, Emax=325.06835172
realization 5 / 300 ... accepted 5. Emin=-2.15669506, Emax=313.16705400
realization 6 / 300 ... accepted 6. Emin=8.41902383, Emax=330.98946347
realization 7 / 300 ... accepted 7. Emin=-9.21787839, Emax=311.96788762
realization 8 / 300 ... accepted 8. Emin=20.54972880, Emax=331.03530106
realization 9 / 300 ... accepted 9. Emin=-16.02727994, Emax=313.58471799
realization 10 / 300 ... accepted 10. Emin=1.03802868, Emax=323.80553073
realization 11 / 300 ... accepted 11. Emin=-3.69110877, Emax=324.97113025
realization 12 / 300 ... accepted 12. Emin=-32.46221077, Emax=278.31468090
realization 13 / 300 ... accepted 13. Emin=-18.50442178, Emax=301.04373713
realization 14 / 300 ... accepted 14. Emin=-8.86851640, Emax=314.39769556
realization 15 / 300 ... accepted 15. Emin=1.01734138, Emax=328.45448887
realization 16 / 300 ... accepted 16. Emin=0.80303442, Emax=330.23641532
realization 17 / 300 ... accepted 17. Emin=5.79985162, Emax=332.88418404
realization 18 / 300 ... accepted 18. Emin=-2.92665407, Emax=304.66941721
realization 19 / 300 ... accepted 19. Emin=-9.32055660, Emax=313.41193724
realization 20 / 300 ... accepted 20. Emin=-12.21399912, Emax=309.67300854
realization 21 / 300 ... accepted 21. Emin=-17.65480184, Emax=294.63093925
realization 22 / 300 ... accepted 22. Emin=16.97460463, Emax=338.07980925
realization 23 / 300 ... accepted 23. Emin=-0.05530933, Emax=330.57922315
realization 24 / 300 ... accepted 24. Emin=-19.57001822, Emax=301.24211370
realization 25 / 300 ... accepted 25. Emin=-16.23628248, Emax=300.80422552
realization 26 / 300 ... accepted 26. Emin=5.56841777, Emax=325.04977796
realization 27 / 300 ... accepted 27. Emin=-2.26940842, Emax=331.52379909
realization 28 / 300 ... accepted 28. Emin=-3.72081714, Emax=313.56269940
realization 29 / 300 ... accepted 29. Emin=-6.26824530, Emax=329.84251613
realization 30 / 300 ... accepted 30. Emin=-1.82629260, Emax=317.62415940
realization 31 / 300 ... accepted 31. Emin=-15.02421544, Emax=302.17917788
realization 32 / 300 ... accepted 32. Emin=6.65702579, Emax=331.37801702
realization 33 / 300 ... accepted 33. Emin=-7.24693602, Emax=321.12540672
realization 34 / 300 ... accepted 34. Emin=0.20358962, Emax=336.11740887
realization 35 / 300 ... accepted 35. Emin=-30.73037311, Emax=283.57309453
realization 36 / 300 ... accepted 36. Emin=-22.08985639, Emax=289.87429414
realization 37 / 300 ... accepted 37. Emin=-7.80661628, Emax=306.67054829
realization 38 / 300 ... accepted 38. Emin=28.10509099, Emax=337.93372517
realization 39 / 300 ... accepted 39. Emin=1.97619577, Emax=320.37151699
realization 40 / 300 ... accepted 40. Emin=15.07441708, Emax=340.62898252
realization 41 / 300 ... accepted 41. Emin=-1.18527944, Emax=324.19219203
realization 42 / 300 ... accepted 42. Emin=-3.15812786, Emax=322.87067543
realization 43 / 300 ... accepted 43. Emin=9.53436430, Emax=333.63387873
realization 44 / 300 ... accepted 44. Emin=-12.60594077, Emax=304.74052512
realization 45 / 300 ... accepted 45. Emin=20.16589732, Emax=332.86181381
realization 46 / 300 ... accepted 46. Emin=-7.15372108, Emax=301.69743177
realization 47 / 300 ... accepted 47. Emin=-12.91582817, Emax=310.15445962
realization 48 / 300 ... accepted 48. Emin=-8.13674281, Emax=331.19130673
realization 49 / 300 ... accepted 49. Emin=10.46504378, Emax=322.82105127
realization 50 / 300 ... accepted 50. Emin=11.96925468, Emax=326.30525155
realization 51 / 300 ... accepted 51. Emin=-2.68704366, Emax=316.26051423
realization 52 / 300 ... accepted 52. Emin=-2.79886434, Emax=332.06798826
realization 53 / 300 ... accepted 53. Emin=-23.74312555, Emax=285.59101154
realization 54 / 300 ... accepted 54. Emin=17.86831816, Emax=333.22073117
realization 55 / 300 ... accepted 55. Emin=3.54098297, Emax=322.04496703
realization 56 / 300 ... accepted 56. Emin=11.94478383, Emax=334.68162134
realization 57 / 300 ... accepted 57. Emin=6.60061392, Emax=328.82421932
realization 58 / 300 ... accepted 58. Emin=-10.05292178, Emax=313.59889637
realization 59 / 300 ... accepted 59. Emin=-0.40264312, Emax=318.49934604
realization 60 / 300 ... accepted 60. Emin=-9.28300885, Emax=305.58650520
realization 61 / 300 ... accepted 61. Emin=2.26509295, Emax=330.45932740
realization 62 / 300 ... accepted 62. Emin=9.03186029, Emax=330.60272804
realization 63 / 300 ... accepted 63. Emin=15.18397595, Emax=333.53696253
realization 64 / 300 ... accepted 64. Emin=-4.08646012, Emax=314.51679408
realization 65 / 300 ... accepted 65. Emin=-17.90729346, Emax=298.00231261
realization 66 / 300 ... accepted 66. Emin=-4.82168680, Emax=318.89678048
realization 67 / 300 ... accepted 67. Emin=0.17729526, Emax=311.37781132
realization 68 / 300 ... accepted 68. Emin=13.85263736, Emax=334.62952415
realization 69 / 300 ... accepted 69. Emin=11.06737343, Emax=334.09673536
realization 70 / 300 ... accepted 70. Emin=-10.53983561, Emax=315.98912382
realization 71 / 300 ... accepted 71. Emin=11.88446370, Emax=339.87233219
realization 72 / 300 ... accepted 72. Emin=-10.52877402, Emax=311.12237832
realization 73 / 300 ... accepted 73. Emin=-8.46936641, Emax=309.22411271
realization 74 / 300 ... accepted 74. Emin=15.37242375, Emax=332.41733013
realization 75 / 300 ... accepted 75. Emin=-16.42275792, Emax=301.33300887
realization 76 / 300 ... accepted 76. Emin=-1.74437089, Emax=312.37201695
realization 77 / 300 ... accepted 77. Emin=5.51086172, Emax=324.39150977
realization 78 / 300 ... accepted 78. Emin=13.30823073, Emax=337.28735209
realization 79 / 300 ... accepted 79. Emin=8.14795676, Emax=331.83554435
realization 80 / 300 ... accepted 80. Emin=-0.72584431, Emax=332.48355807
realization 81 / 300 ... accepted 81. Emin=-7.99912664, Emax=311.64383165
realization 82 / 300 ... accepted 82. Emin=3.14773226, Emax=334.24573199
realization 83 / 300 ... accepted 83. Emin=10.40060331, Emax=330.56926640
realization 84 / 300 ... accepted 84. Emin=-12.81695041, Emax=307.45909203
realization 85 / 300 ... accepted 85. Emin=3.56068976, Emax=331.75320566
realization 86 / 300 ... accepted 86. Emin=-10.13596960, Emax=307.78189248
realization 87 / 300 ... accepted 87. Emin=12.22300247, Emax=320.81360728
realization 88 / 300 ... accepted 88. Emin=-3.25698442, Emax=318.42635900
realization 89 / 300 ... accepted 89. Emin=-8.11244747, Emax=309.64545897
realization 90 / 300 ... accepted 90. Emin=1.55664131, Emax=333.79553413
realization 91 / 300 ... accepted 91. Emin=-5.56995447, Emax=324.62102056
realization 92 / 300 ... accepted 92. Emin=-7.54508664, Emax=308.73771562
realization 93 / 300 ... accepted 93. Emin=1.88440795, Emax=327.44268532
realization 94 / 300 ... accepted 94. Emin=-12.64307641, Emax=312.95828041
realization 95 / 300 ... accepted 95. Emin=11.24796843, Emax=334.10751150
realization 96 / 300 ... accepted 96. Emin=-7.17897095, Emax=316.49975573
realization 97 / 300 ... accepted 97. Emin=-7.13581175, Emax=320.48474814
realization 98 / 300 ... accepted 98. Emin=3.35390945, Emax=337.29869366
realization 99 / 300 ... accepted 99. Emin=0.06331020, Emax=334.73370352
realization 100 / 300 ... accepted 100. Emin=-3.21167587, Emax=318.85537120
realization 101 / 300 ... accepted 101. Emin=-2.37251838, Emax=308.13569652
realization 102 / 300 ... accepted 102. Emin=-16.53954255, Emax=303.26246691
realization 103 / 300 ... accepted 103. Emin=23.06697113, Emax=338.86842025
realization 104 / 300 ... accepted 104. Emin=12.35712622, Emax=337.08315294
realization 105 / 300 ... accepted 105. Emin=12.71175096, Emax=331.25190264
realization 106 / 300 ... accepted 106. Emin=23.96267306, Emax=344.53597839
realization 107 / 300 ... accepted 107. Emin=-3.99214571, Emax=326.48845809
realization 108 / 300 ... accepted 108. Emin=20.30724744, Emax=340.61334122
realization 109 / 300 ... accepted 109. Emin=19.14509882, Emax=340.73061659
realization 110 / 300 ... accepted 110. Emin=-10.75184231, Emax=316.34511100
realization 111 / 300 ... accepted 111. Emin=7.32436188, Emax=334.44939094
realization 112 / 300 ... accepted 112. Emin=-5.18128660, Emax=324.80935936
realization 113 / 300 ... accepted 113. Emin=6.81431913, Emax=332.13415023
realization 114 / 300 ... accepted 114. Emin=14.37085544, Emax=334.71513229
realization 115 / 300 ... accepted 115. Emin=6.07538658, Emax=320.46856497
realization 116 / 300 ... accepted 116. Emin=14.56709566, Emax=335.45597733
realization 117 / 300 ... accepted 117. Emin=9.70903303, Emax=332.40227343
realization 118 / 300 ... accepted 118. Emin=-1.13061873, Emax=321.05778988
realization 119 / 300 ... accepted 119. Emin=-2.55572399, Emax=318.13486182
realization 120 / 300 ... accepted 120. Emin=2.55928340, Emax=329.42673346
realization 121 / 300 ... accepted 121. Emin=12.29092803, Emax=329.46893727
realization 122 / 300 ... accepted 122. Emin=16.56789953, Emax=328.68169068
realization 123 / 300 ... accepted 123. Emin=-7.46966782, Emax=323.52340277
realization 124 / 300 ... accepted 124. Emin=14.20037382, Emax=334.28844893
realization 125 / 300 ... accepted 125. Emin=9.84017065, Emax=333.89672582
realization 126 / 300 ... accepted 126. Emin=-22.39541015, Emax=295.60440313
realization 127 / 300 ... accepted 127. Emin=3.08852603, Emax=323.18026385
realization 128 / 300 ... accepted 128. Emin=-6.54780314, Emax=315.58306817
realization 129 / 300 ... accepted 129. Emin=-2.07513819, Emax=327.31438601
realization 130 / 300 ... accepted 130. Emin=-10.63330337, Emax=309.50326318
realization 131 / 300 ... accepted 131. Emin=-7.89319744, Emax=311.22769038
realization 132 / 300 ... accepted 132. Emin=14.05004372, Emax=338.33682717
realization 133 / 300 ... accepted 133. Emin=-2.78657455, Emax=319.30002394
realization 134 / 300 ... accepted 134. Emin=15.09406174, Emax=330.85007609
realization 135 / 300 ... accepted 135. Emin=-12.75763408, Emax=301.53939199
realization 136 / 300 ... accepted 136. Emin=10.66434622, Emax=335.52097912
realization 137 / 300 ... accepted 137. Emin=-24.44499362, Emax=287.21659894
realization 138 / 300 ... accepted 138. Emin=0.10503228, Emax=325.71725526
realization 139 / 300 ... accepted 139. Emin=0.93090813, Emax=314.71756851
realization 140 / 300 ... accepted 140. Emin=-14.79917286, Emax=303.21934219
realization 141 / 300 ... accepted 141. Emin=-1.62237912, Emax=328.86035078
realization 142 / 300 ... accepted 142. Emin=-3.62985027, Emax=312.47886687
realization 143 / 300 ... accepted 143. Emin=14.47001576, Emax=329.85837302
realization 144 / 300 ... accepted 144. Emin=6.03737671, Emax=336.58289139
realization 145 / 300 ... accepted 145. Emin=11.13006974, Emax=333.45792681
realization 146 / 300 ... accepted 146. Emin=-4.74776925, Emax=317.72764476
realization 147 / 300 ... accepted 147. Emin=-15.78774584, Emax=296.24071478
realization 148 / 300 ... accepted 148. Emin=-10.56783971, Emax=315.22365941
realization 149 / 300 ... accepted 149. Emin=-9.68873569, Emax=319.88325566
realization 150 / 300 ... accepted 150. Emin=-12.72271491, Emax=297.77490720
realization 151 / 300 ... accepted 151. Emin=3.95666892, Emax=318.04250929
realization 152 / 300 ... accepted 152. Emin=6.77168754, Emax=324.49454008
realization 153 / 300 ... accepted 153. Emin=-8.69500491, Emax=311.53076469
realization 154 / 300 ... accepted 154. Emin=10.88681640, Emax=335.07789336
realization 155 / 300 ... accepted 155. Emin=-7.78824856, Emax=309.16222104
realization 156 / 300 ... accepted 156. Emin=6.48312463, Emax=324.27251701
realization 157 / 300 ... accepted 157. Emin=-1.67656617, Emax=324.89397177
realization 158 / 300 ... accepted 158. Emin=-4.06417678, Emax=327.51480600
realization 159 / 300 ... accepted 159. Emin=8.08981108, Emax=318.81839615
realization 160 / 300 ... accepted 160. Emin=-8.95858253, Emax=316.61326499
realization 161 / 300 ... accepted 161. Emin=15.79233229, Emax=337.95413493
realization 162 / 300 ... accepted 162. Emin=5.93886308, Emax=323.35814735
realization 163 / 300 ... accepted 163. Emin=4.60088798, Emax=332.07885369
realization 164 / 300 ... accepted 164. Emin=18.20917374, Emax=333.23887229
realization 165 / 300 ... accepted 165. Emin=12.44872837, Emax=329.51871763
realization 166 / 300 ... accepted 166. Emin=5.27125292, Emax=323.90553326
realization 167 / 300 ... accepted 167. Emin=-4.90309886, Emax=316.08519927
realization 168 / 300 ... accepted 168. Emin=6.26091701, Emax=322.60555485
realization 169 / 300 ... accepted 169. Emin=-5.54015818, Emax=313.91146727
realization 170 / 300 ... accepted 170. Emin=-10.99784065, Emax=314.57901575
realization 171 / 300 ... accepted 171. Emin=5.93169685, Emax=330.79231089
realization 172 / 300 ... accepted 172. Emin=2.46010102, Emax=330.65898154
realization 173 / 300 ... accepted 173. Emin=6.82247521, Emax=331.37570293
realization 174 / 300 ... accepted 174. Emin=-1.91166777, Emax=315.15834814
realization 175 / 300 ... accepted 175. Emin=-7.17371853, Emax=317.73071989
realization 176 / 300 ... accepted 176. Emin=-4.08297755, Emax=320.86560212
realization 177 / 300 ... accepted 177. Emin=0.71855336, Emax=326.51298140
realization 178 / 300 ... accepted 178. Emin=4.99714449, Emax=325.97479185
realization 179 / 300 ... accepted 179. Emin=-24.48500415, Emax=289.29872153
realization 180 / 300 ... accepted 180. Emin=4.89006520, Emax=326.44002030
realization 181 / 300 ... accepted 181. Emin=-3.84861153, Emax=317.56212620
realization 182 / 300 ... accepted 182. Emin=4.28185356, Emax=329.46218069
realization 183 / 300 ... accepted 183. Emin=-3.06407214, Emax=330.49622883
realization 184 / 300 ... accepted 184. Emin=-9.73079823, Emax=305.12504769
realization 185 / 300 ... accepted 185. Emin=15.96572961, Emax=338.98502697
realization 186 / 300 ... accepted 186. Emin=-2.94086041, Emax=313.80029421
realization 187 / 300 ... accepted 187. Emin=16.50044738, Emax=337.81617404
realization 188 / 300 ... accepted 188. Emin=5.96950383, Emax=330.58898450
realization 189 / 300 ... accepted 189. Emin=-14.20201669, Emax=306.80127778
realization 190 / 300 ... accepted 190. Emin=-8.45467997, Emax=316.84306309
realization 191 / 300 ... accepted 191. Emin=-9.76374682, Emax=307.05689092
realization 192 / 300 ... accepted 192. Emin=-3.09313413, Emax=316.02221601
realization 193 / 300 ... accepted 193. Emin=5.48128556, Emax=330.67172760
realization 194 / 300 ... accepted 194. Emin=-26.63078642, Emax=282.76423482
realization 195 / 300 ... accepted 195. Emin=-3.24394602, Emax=322.84628504
realization 196 / 300 ... accepted 196. Emin=-2.47229439, Emax=323.55147568
realization 197 / 300 ... accepted 197. Emin=-4.20993596, Emax=326.78869897
realization 198 / 300 ... accepted 198. Emin=-11.23730027, Emax=307.04664651
realization 199 / 300 ... accepted 199. Emin=-17.22189088, Emax=302.89486197
realization 200 / 300 ... accepted 200. Emin=-10.12044608, Emax=319.63822760
realization 201 / 300 ... accepted 201. Emin=-9.87894880, Emax=317.09761640
realization 202 / 300 ... accepted 202. Emin=11.02475045, Emax=328.75570839
realization 203 / 300 ... accepted 203. Emin=-5.13975437, Emax=323.02910442
realization 204 / 300 ... accepted 204. Emin=7.46309868, Emax=327.28610483
realization 205 / 300 ... accepted 205. Emin=-0.76978657, Emax=328.84124953
realization 206 / 300 ... accepted 206. Emin=0.95615728, Emax=320.95600764
realization 207 / 300 ... accepted 207. Emin=1.66310500, Emax=321.66166291
realization 208 / 300 ... accepted 208. Emin=-2.49839595, Emax=334.25584616
realization 209 / 300 ... accepted 209. Emin=2.29977420, Emax=320.52632761
realization 210 / 300 ... accepted 210. Emin=9.87410239, Emax=337.34920599
realization 211 / 300 ... accepted 211. Emin=-9.11482195, Emax=317.86516873
realization 212 / 300 ... accepted 212. Emin=28.53465455, Emax=345.52213792
realization 213 / 300 ... accepted 213. Emin=17.01672533, Emax=336.97357304
realization 214 / 300 ... accepted 214. Emin=-7.21622621, Emax=317.80963718
realization 215 / 300 ... accepted 215. Emin=11.03231247, Emax=332.29820324
realization 216 / 300 ... accepted 216. Emin=-10.30591166, Emax=303.68039525
realization 217 / 300 ... accepted 217. Emin=-15.19364590, Emax=299.81427203
realization 218 / 300 ... accepted 218. Emin=-14.90162470, Emax=301.49761757
realization 219 / 300 ... accepted 219. Emin=-5.70230347, Emax=308.32523912
realization 220 / 300 ... accepted 220. Emin=-4.77961062, Emax=326.99387942
realization 221 / 300 ... accepted 221. Emin=-2.11618228, Emax=316.01604445
realization 222 / 300 ... accepted 222. Emin=19.58085274, Emax=329.09956774
realization 223 / 300 ... accepted 223. Emin=-0.16284059, Emax=321.15190971
realization 224 / 300 ... accepted 224. Emin=20.30625753, Emax=334.56284774
realization 225 / 300 ... accepted 225. Emin=6.35715038, Emax=334.03936487
realization 226 / 300 ... accepted 226. Emin=20.84697536, Emax=336.22559534
realization 227 / 300 ... accepted 227. Emin=7.07451049, Emax=334.29966632
realization 228 / 300 ... accepted 228. Emin=-0.70084834, Emax=334.36470099
realization 229 / 300 ... accepted 229. Emin=10.36702452, Emax=325.22940482
realization 230 / 300 ... accepted 230. Emin=6.62428200, Emax=323.87348840
realization 231 / 300 ... accepted 231. Emin=14.08690759, Emax=344.40331133
realization 232 / 300 ... accepted 232. Emin=-13.44411742, Emax=302.82684553
realization 233 / 300 ... accepted 233. Emin=-3.15052488, Emax=320.73149413
realization 234 / 300 ... accepted 234. Emin=5.15712219, Emax=327.15593457
realization 235 / 300 ... accepted 235. Emin=-1.74281786, Emax=324.16847439
realization 236 / 300 ... accepted 236. Emin=0.20015557, Emax=324.94274974
realization 237 / 300 ... accepted 237. Emin=-5.17907666, Emax=318.67850968
realization 238 / 300 ... accepted 238. Emin=13.23929200, Emax=333.46804745
realization 239 / 300 ... accepted 239. Emin=15.80868583, Emax=337.07488403
realization 240 / 300 ... accepted 240. Emin=-5.05402993, Emax=308.29101752
realization 241 / 300 ... accepted 241. Emin=-7.05487763, Emax=327.12647483
realization 242 / 300 ... accepted 242. Emin=2.19985709, Emax=318.48748650
realization 243 / 300 ... accepted 243. Emin=19.25652713, Emax=334.07619662
realization 244 / 300 ... accepted 244. Emin=4.92965721, Emax=324.17384474
realization 245 / 300 ... accepted 245. Emin=-26.35133796, Emax=289.87540565
realization 246 / 300 ... accepted 246. Emin=-9.08898796, Emax=304.05359357
realization 247 / 300 ... accepted 247. Emin=-2.26749053, Emax=317.61603666
realization 248 / 300 ... accepted 248. Emin=-6.11310053, Emax=319.60901070
realization 249 / 300 ... accepted 249. Emin=-6.00874503, Emax=313.88676736
realization 250 / 300 ... accepted 250. Emin=-13.10135829, Emax=300.83831265
realization 251 / 300 ... accepted 251. Emin=8.62017900, Emax=329.34085312
realization 252 / 300 ... accepted 252. Emin=-5.26022436, Emax=305.57875078
realization 253 / 300 ... accepted 253. Emin=-17.57698668, Emax=302.91858690
realization 254 / 300 ... accepted 254. Emin=-2.38073941, Emax=319.97617506
realization 255 / 300 ... accepted 255. Emin=9.15294088, Emax=334.37944444
realization 256 / 300 ... accepted 256. Emin=-2.30188563, Emax=332.18222265
realization 257 / 300 ... accepted 257. Emin=-0.89538790, Emax=324.40327975
realization 258 / 300 ... accepted 258. Emin=18.66001155, Emax=342.07890125
realization 259 / 300 ... accepted 259. Emin=-3.22195238, Emax=319.83713843
realization 260 / 300 ... accepted 260. Emin=-7.18885655, Emax=309.70174130
realization 261 / 300 ... accepted 261. Emin=-6.40434337, Emax=320.06366655
realization 262 / 300 ... accepted 262. Emin=0.13932021, Emax=323.41250296
realization 263 / 300 ... accepted 263. Emin=-9.20955449, Emax=318.62108336
realization 264 / 300 ... accepted 264. Emin=19.14814391, Emax=333.97992347
realization 265 / 300 ... accepted 265. Emin=-0.60870875, Emax=311.16549199
realization 266 / 300 ... accepted 266. Emin=-2.01990585, Emax=319.43473734
realization 267 / 300 ... accepted 267. Emin=1.67169995, Emax=318.17991920
realization 268 / 300 ... accepted 268. Emin=-14.34537450, Emax=305.78159565
realization 269 / 300 ... accepted 269. Emin=-14.27877699, Emax=308.52622590
realization 270 / 300 ... accepted 270. Emin=-1.25398348, Emax=325.78050847
realization 271 / 300 ... accepted 271. Emin=-11.32464813, Emax=310.79535662
realization 272 / 300 ... accepted 272. Emin=-2.62397829, Emax=311.07719878
realization 273 / 300 ... accepted 273. Emin=-9.26418394, Emax=312.39870856
realization 274 / 300 ... accepted 274. Emin=-2.77181242, Emax=320.50585731
realization 275 / 300 ... accepted 275. Emin=3.04787674, Emax=330.71128540
realization 276 / 300 ... accepted 276. Emin=-2.64889964, Emax=325.00337618
realization 277 / 300 ... accepted 277. Emin=-0.14071338, Emax=334.12056377
realization 278 / 300 ... accepted 278. Emin=1.30215834, Emax=320.70604939
realization 279 / 300 ... accepted 279. Emin=14.66024975, Emax=339.90770714
realization 280 / 300 ... accepted 280. Emin=-5.81400017, Emax=310.32112914
realization 281 / 300 ... accepted 281. Emin=11.27268901, Emax=325.63015244
realization 282 / 300 ... accepted 282. Emin=3.67544883, Emax=326.18237202
realization 283 / 300 ... accepted 283. Emin=-27.27041554, Emax=284.49897601
realization 284 / 300 ... accepted 284. Emin=-7.06477745, Emax=313.70747443
realization 285 / 300 ... accepted 285. Emin=7.77050747, Emax=333.33769633
realization 286 / 300 ... accepted 286. Emin=8.39879961, Emax=321.98063067
realization 287 / 300 ... accepted 287. Emin=7.13722690, Emax=320.73326661
realization 288 / 300 ... accepted 288. Emin=-3.38910956, Emax=321.29440296
realization 289 / 300 ... accepted 289. Emin=-1.44992628, Emax=319.51123102
realization 290 / 300 ... accepted 290. Emin=-6.26437928, Emax=309.60113954
realization 291 / 300 ... accepted 291. Emin=1.27243942, Emax=319.51929920
realization 292 / 300 ... accepted 292. Emin=-17.17339525, Emax=309.52873395
realization 293 / 300 ... accepted 293. Emin=-5.69078401, Emax=307.18977347
realization 294 / 300 ... accepted 294. Emin=13.85114120, Emax=330.07414428
realization 295 / 300 ... accepted 295. Emin=-5.00454487, Emax=322.78049252
realization 296 / 300 ... accepted 296. Emin=-1.84271161, Emax=325.57829935
realization 297 / 300 ... accepted 297. Emin=-6.03262398, Emax=314.92465404
realization 298 / 300 ... accepted 298. Emin=2.99742560, Emax=325.55773819
realization 299 / 300 ... accepted 299. Emin=2.01930298, Emax=320.82970075
realization 300 / 300 ... accepted 300. Emin=9.53064440, Emax=334.00370713
Saved final energies: /home/2/kj405942/POLFED_bosons/pbs_bose_legacy_nmax2_periodic/data/U_50/W_8/L_6/N_6_nmax_2/boundary_periodic/energies_full_U50_L6_N6_nmax2_W8_boundaryperiodic_nreal300.txt
Accepted realizations: 300 / 300
Skipped realizations: 0
Job finished at Sun May 31 17:14:02 UTC 2026
