Job started on w31 at Sun May 31 17:11:40 UTC 2026
PBS_JOBID=7731535.kruk-host.ift-klaster.lan
PBS_O_WORKDIR=/home/2/kj405942/POLFED_bosons
Bose-Hubbard: L=6, N=6, nmax=2, dim=141
t=1, U=50, W=1, nreal=300, boundary=periodic, mode=full
Writing partial results to /home/2/kj405942/POLFED_bosons/pbs_bose_legacy_nmax2_periodic/data/U_50/W_1/L_6/N_6_nmax_2/boundary_periodic/energies_full_U50_L6_N6_nmax2_W1_boundaryperiodic_nreal300_partial.txt
realization 1 / 300 ... accepted 1. Emin=-1.11040241, Emax=301.81213359
realization 2 / 300 ... accepted 2. Emin=-1.09885560, Emax=302.06186467
realization 3 / 300 ... accepted 3. Emin=0.04029311, Emax=303.15154879
realization 4 / 300 ... accepted 4. Emin=-0.96032632, Emax=301.78822435
realization 5 / 300 ... accepted 5. Emin=-0.14550553, Emax=302.68134450
realization 6 / 300 ... accepted 6. Emin=-0.52703772, Emax=302.86235245
realization 7 / 300 ... accepted 7. Emin=1.68730624, Emax=303.97276395
realization 8 / 300 ... accepted 8. Emin=-0.85034049, Emax=302.23492554
realization 9 / 300 ... accepted 9. Emin=0.35276955, Emax=303.51943853
realization 10 / 300 ... accepted 10. Emin=0.39611915, Emax=303.20137024
realization 11 / 300 ... accepted 11. Emin=-0.06267845, Emax=303.13524904
realization 12 / 300 ... accepted 12. Emin=0.73532343, Emax=304.98345520
realization 13 / 300 ... accepted 13. Emin=-0.12460410, Emax=303.22698222
realization 14 / 300 ... accepted 14. Emin=2.46001378, Emax=305.29529294
realization 15 / 300 ... accepted 15. Emin=-2.73287522, Emax=299.47838922
realization 16 / 300 ... accepted 16. Emin=0.72513878, Emax=304.28190403
realization 17 / 300 ... accepted 17. Emin=0.97587635, Emax=304.38560607
realization 18 / 300 ... accepted 18. Emin=0.55344159, Emax=304.28386119
realization 19 / 300 ... accepted 19. Emin=-0.81412965, Emax=301.89198481
realization 20 / 300 ... accepted 20. Emin=2.26541635, Emax=303.84407455
realization 21 / 300 ... accepted 21. Emin=0.63528063, Emax=303.19290798
realization 22 / 300 ... accepted 22. Emin=-0.38814395, Emax=301.89971457
realization 23 / 300 ... accepted 23. Emin=3.01792682, Emax=305.54276238
realization 24 / 300 ... accepted 24. Emin=-3.58925866, Emax=298.19631087
realization 25 / 300 ... accepted 25. Emin=1.54926983, Emax=305.30267705
realization 26 / 300 ... accepted 26. Emin=-0.93745724, Emax=301.31651588
realization 27 / 300 ... accepted 27. Emin=2.17571050, Emax=304.68697464
realization 28 / 300 ... accepted 28. Emin=-0.43152113, Emax=302.63865568
realization 29 / 300 ... accepted 29. Emin=-0.09285853, Emax=302.45214298
realization 30 / 300 ... accepted 30. Emin=-1.69204465, Emax=300.95105465
realization 31 / 300 ... accepted 31. Emin=-0.80639746, Emax=303.27690416
realization 32 / 300 ... accepted 32. Emin=-0.92594099, Emax=300.93016518
realization 33 / 300 ... accepted 33. Emin=-1.10699622, Emax=301.65074441
realization 34 / 300 ... accepted 34. Emin=-3.16491078, Emax=299.85802216
realization 35 / 300 ... accepted 35. Emin=0.14185469, Emax=303.40394784
realization 36 / 300 ... accepted 36. Emin=0.00214416, Emax=302.89652998
realization 37 / 300 ... accepted 37. Emin=0.04768115, Emax=302.31508104
realization 38 / 300 ... accepted 38. Emin=-2.36833224, Emax=300.40505272
realization 39 / 300 ... accepted 39. Emin=-2.57523091, Emax=300.23148747
realization 40 / 300 ... accepted 40. Emin=-2.71607750, Emax=298.78516415
realization 41 / 300 ... accepted 41. Emin=-1.27719006, Emax=301.34410832
realization 42 / 300 ... accepted 42. Emin=0.48475276, Emax=303.80886983
realization 43 / 300 ... accepted 43. Emin=-1.30684818, Emax=302.83062220
realization 44 / 300 ... accepted 44. Emin=-0.87496472, Emax=301.54427090
realization 45 / 300 ... accepted 45. Emin=0.19235156, Emax=302.79903808
realization 46 / 300 ... accepted 46. Emin=-2.83618243, Emax=298.86107991
realization 47 / 300 ... accepted 47. Emin=0.10819344, Emax=303.18156069
realization 48 / 300 ... accepted 48. Emin=-1.66414739, Emax=302.16144499
realization 49 / 300 ... accepted 49. Emin=-1.56393216, Emax=301.72103292
realization 50 / 300 ... accepted 50. Emin=-0.69292352, Emax=303.20259732
realization 51 / 300 ... accepted 51. Emin=-1.94678967, Emax=302.03804186
realization 52 / 300 ... accepted 52. Emin=-0.34360830, Emax=304.74727982
realization 53 / 300 ... accepted 53. Emin=-0.66316843, Emax=302.68456058
realization 54 / 300 ... accepted 54. Emin=0.45228562, Emax=303.35470332
realization 55 / 300 ... accepted 55. Emin=-0.12579641, Emax=303.28578031
realization 56 / 300 ... accepted 56. Emin=-0.53181682, Emax=301.74550929
realization 57 / 300 ... accepted 57. Emin=1.58035938, Emax=304.87296956
realization 58 / 300 ... accepted 58. Emin=-3.51272653, Emax=298.62731747
realization 59 / 300 ... accepted 59. Emin=-0.39459250, Emax=301.39191225
realization 60 / 300 ... accepted 60. Emin=0.19098378, Emax=303.89716387
realization 61 / 300 ... accepted 61. Emin=-0.57257730, Emax=303.43611442
realization 62 / 300 ... accepted 62. Emin=1.38395723, Emax=304.78358881
realization 63 / 300 ... accepted 63. Emin=1.47967457, Emax=304.21078897
realization 64 / 300 ... accepted 64. Emin=2.27564343, Emax=303.28365846
realization 65 / 300 ... accepted 65. Emin=0.68636315, Emax=303.22144284
realization 66 / 300 ... accepted 66. Emin=-1.08634289, Emax=302.66455593
realization 67 / 300 ... accepted 67. Emin=2.21848112, Emax=303.71896252
realization 68 / 300 ... accepted 68. Emin=-0.84116097, Emax=301.73412908
realization 69 / 300 ... accepted 69. Emin=-0.89571549, Emax=302.72161594
realization 70 / 300 ... accepted 70. Emin=0.09001432, Emax=303.31480560
realization 71 / 300 ... accepted 71. Emin=-1.01650917, Emax=301.83178168
realization 72 / 300 ... accepted 72. Emin=-3.09129420, Emax=299.30470249
realization 73 / 300 ... accepted 73. Emin=1.88360250, Emax=303.46521323
realization 74 / 300 ... accepted 74. Emin=-0.36045618, Emax=300.62155500
realization 75 / 300 ... accepted 75. Emin=-2.73207437, Emax=298.17518360
realization 76 / 300 ... accepted 76. Emin=0.94256554, Emax=304.27747517
realization 77 / 300 ... accepted 77. Emin=-0.57100516, Emax=301.98175216
realization 78 / 300 ... accepted 78. Emin=-0.14662559, Emax=303.90499317
realization 79 / 300 ... accepted 79. Emin=1.05765445, Emax=304.23232666
realization 80 / 300 ... accepted 80. Emin=-1.91120278, Emax=302.09519935
realization 81 / 300 ... accepted 81. Emin=0.77003459, Emax=304.28782621
realization 82 / 300 ... accepted 82. Emin=-0.06705314, Emax=302.27488623
realization 83 / 300 ... accepted 83. Emin=0.05965953, Emax=301.63769058
realization 84 / 300 ... accepted 84. Emin=-1.05727422, Emax=301.72431901
realization 85 / 300 ... accepted 85. Emin=-1.67517228, Emax=300.88697123
realization 86 / 300 ... accepted 86. Emin=-1.30770875, Emax=301.31824177
realization 87 / 300 ... accepted 87. Emin=1.34692452, Emax=304.70988806
realization 88 / 300 ... accepted 88. Emin=-0.42509777, Emax=303.19239140
realization 89 / 300 ... accepted 89. Emin=-1.99803165, Emax=300.53030395
realization 90 / 300 ... accepted 90. Emin=-2.05693123, Emax=300.12350622
realization 91 / 300 ... accepted 91. Emin=2.47582961, Emax=305.30359126
realization 92 / 300 ... accepted 92. Emin=0.49858019, Emax=303.11571694
realization 93 / 300 ... accepted 93. Emin=-1.02931652, Emax=301.47956815
realization 94 / 300 ... accepted 94. Emin=3.46461738, Emax=305.05020940
realization 95 / 300 ... accepted 95. Emin=-0.48103910, Emax=303.85520516
realization 96 / 300 ... accepted 96. Emin=0.43394634, Emax=302.99262901
realization 97 / 300 ... accepted 97. Emin=-1.93054242, Emax=301.02365697
realization 98 / 300 ... accepted 98. Emin=-1.30834861, Emax=302.01606732
realization 99 / 300 ... accepted 99. Emin=-0.51255350, Emax=302.74799689
realization 100 / 300 ... accepted 100. Emin=0.21091080, Emax=302.06389140
realization 101 / 300 ... accepted 101. Emin=2.16569020, Emax=305.05030632
realization 102 / 300 ... accepted 102. Emin=1.68784592, Emax=304.26933265
realization 103 / 300 ... accepted 103. Emin=-1.72672309, Emax=301.15548666
realization 104 / 300 ... accepted 104. Emin=0.82226717, Emax=303.70209625
realization 105 / 300 ... accepted 105. Emin=0.84693464, Emax=303.88966221
realization 106 / 300 ... accepted 106. Emin=0.59528162, Emax=303.38988955
realization 107 / 300 ... accepted 107. Emin=-1.55684947, Emax=300.83848241
realization 108 / 300 ... accepted 108. Emin=-2.27788320, Emax=300.10140317
realization 109 / 300 ... accepted 109. Emin=-0.20963548, Emax=302.18734463
realization 110 / 300 ... accepted 110. Emin=0.81190610, Emax=304.16979139
realization 111 / 300 ... accepted 111. Emin=-0.64978626, Emax=301.79029105
realization 112 / 300 ... accepted 112. Emin=1.18684563, Emax=303.52066948
realization 113 / 300 ... accepted 113. Emin=0.39016256, Emax=303.39911433
realization 114 / 300 ... accepted 114. Emin=-1.41661155, Emax=301.40997554
realization 115 / 300 ... accepted 115. Emin=-0.22619185, Emax=302.29869582
realization 116 / 300 ... accepted 116. Emin=-1.25563971, Emax=301.22910203
realization 117 / 300 ... accepted 117. Emin=0.38457469, Emax=302.85770553
realization 118 / 300 ... accepted 118. Emin=-1.85737434, Emax=300.45222259
realization 119 / 300 ... accepted 119. Emin=-2.08288019, Emax=299.94780709
realization 120 / 300 ... accepted 120. Emin=-1.41773171, Emax=302.03331610
realization 121 / 300 ... accepted 121. Emin=-0.89657536, Emax=302.04652567
realization 122 / 300 ... accepted 122. Emin=0.29190351, Emax=303.95998677
realization 123 / 300 ... accepted 123. Emin=0.40633190, Emax=303.91838448
realization 124 / 300 ... accepted 124. Emin=1.19897418, Emax=304.88884378
realization 125 / 300 ... accepted 125. Emin=-0.68267693, Emax=302.54093586
realization 126 / 300 ... accepted 126. Emin=0.69490674, Emax=303.23034405
realization 127 / 300 ... accepted 127. Emin=-0.51128528, Emax=302.96646564
realization 128 / 300 ... accepted 128. Emin=-0.54747989, Emax=302.71363301
realization 129 / 300 ... accepted 129. Emin=-1.65388145, Emax=300.91347526
realization 130 / 300 ... accepted 130. Emin=-1.75732758, Emax=301.24931396
realization 131 / 300 ... accepted 131. Emin=-1.76559095, Emax=300.59242888
realization 132 / 300 ... accepted 132. Emin=-1.19468611, Emax=303.24683393
realization 133 / 300 ... accepted 133. Emin=1.25869723, Emax=304.33349099
realization 134 / 300 ... accepted 134. Emin=0.63034435, Emax=302.58571025
realization 135 / 300 ... accepted 135. Emin=1.25692332, Emax=303.95325575
realization 136 / 300 ... accepted 136. Emin=0.15161507, Emax=303.47148055
realization 137 / 300 ... accepted 137. Emin=-1.38132801, Emax=301.77347523
realization 138 / 300 ... accepted 138. Emin=-0.86570682, Emax=301.75039493
realization 139 / 300 ... accepted 139. Emin=0.16359490, Emax=303.34293284
realization 140 / 300 ... accepted 140. Emin=0.29859253, Emax=303.08227510
realization 141 / 300 ... accepted 141. Emin=-1.58451890, Emax=300.60073080
realization 142 / 300 ... accepted 142. Emin=-0.39566614, Emax=302.89053620
realization 143 / 300 ... accepted 143. Emin=0.31122993, Emax=303.75895773
realization 144 / 300 ... accepted 144. Emin=-0.45597436, Emax=302.64338120
realization 145 / 300 ... accepted 145. Emin=-0.79594119, Emax=301.15404344
realization 146 / 300 ... accepted 146. Emin=1.86766620, Emax=303.45916113
realization 147 / 300 ... accepted 147. Emin=0.64988306, Emax=304.70050097
realization 148 / 300 ... accepted 148. Emin=1.34480666, Emax=304.78854471
realization 149 / 300 ... accepted 149. Emin=-0.31336090, Emax=301.25698746
realization 150 / 300 ... accepted 150. Emin=2.44262402, Emax=303.90441256
realization 151 / 300 ... accepted 151. Emin=-0.37949505, Emax=303.71703901
realization 152 / 300 ... accepted 152. Emin=-0.78044872, Emax=302.36119848
realization 153 / 300 ... accepted 153. Emin=-0.78350377, Emax=302.58959300
realization 154 / 300 ... accepted 154. Emin=-0.15650696, Emax=302.88124320
realization 155 / 300 ... accepted 155. Emin=-1.25262174, Emax=302.29355368
realization 156 / 300 ... accepted 156. Emin=-3.49472434, Emax=297.92332520
realization 157 / 300 ... accepted 157. Emin=0.50285000, Emax=303.09288552
realization 158 / 300 ... accepted 158. Emin=-2.39867671, Emax=300.67957370
realization 159 / 300 ... accepted 159. Emin=0.14667707, Emax=302.12885514
realization 160 / 300 ... accepted 160. Emin=0.40141005, Emax=304.49056973
realization 161 / 300 ... accepted 161. Emin=-0.95935556, Emax=301.56306668
realization 162 / 300 ... accepted 162. Emin=1.79424150, Emax=304.45257323
realization 163 / 300 ... accepted 163. Emin=-0.98705395, Emax=300.68099728
realization 164 / 300 ... accepted 164. Emin=-0.41723518, Emax=302.92645573
realization 165 / 300 ... accepted 165. Emin=-0.96056874, Emax=302.37414496
realization 166 / 300 ... accepted 166. Emin=-0.66280279, Emax=301.37399901
realization 167 / 300 ... accepted 167. Emin=-2.00364693, Emax=301.27972582
realization 168 / 300 ... accepted 168. Emin=1.80173995, Emax=304.57600469
realization 169 / 300 ... accepted 169. Emin=-1.02060813, Emax=301.31633114
realization 170 / 300 ... accepted 170. Emin=1.01149889, Emax=303.00024946
realization 171 / 300 ... accepted 171. Emin=-1.23642711, Emax=302.38264299
realization 172 / 300 ... accepted 172. Emin=1.67825963, Emax=303.62644471
realization 173 / 300 ... accepted 173. Emin=0.74884963, Emax=303.13184408
realization 174 / 300 ... accepted 174. Emin=-0.12953747, Emax=302.70685519
realization 175 / 300 ... accepted 175. Emin=-1.40459530, Emax=300.88604133
realization 176 / 300 ... accepted 176. Emin=-1.59849526, Emax=300.92544835
realization 177 / 300 ... accepted 177. Emin=-0.76888235, Emax=303.72486247
realization 178 / 300 ... accepted 178. Emin=-0.02113689, Emax=302.23533809
realization 179 / 300 ... accepted 179. Emin=0.26910260, Emax=302.91358759
realization 180 / 300 ... accepted 180. Emin=0.15120432, Emax=303.57718315
realization 181 / 300 ... accepted 181. Emin=1.29826332, Emax=304.23804285
realization 182 / 300 ... accepted 182. Emin=-0.36213690, Emax=303.27513608
realization 183 / 300 ... accepted 183. Emin=-1.77224554, Emax=301.87541125
realization 184 / 300 ... accepted 184. Emin=0.75067814, Emax=303.87594344
realization 185 / 300 ... accepted 185. Emin=-1.86581731, Emax=301.05832138
realization 186 / 300 ... accepted 186. Emin=2.02594627, Emax=305.79263950
realization 187 / 300 ... accepted 187. Emin=-1.15939578, Emax=302.27411965
realization 188 / 300 ... accepted 188. Emin=-0.53087469, Emax=303.43591033
realization 189 / 300 ... accepted 189. Emin=-0.50220474, Emax=301.79608052
realization 190 / 300 ... accepted 190. Emin=0.24178116, Emax=302.65867659
realization 191 / 300 ... accepted 191. Emin=1.97632609, Emax=304.43884294
realization 192 / 300 ... accepted 192. Emin=0.74608083, Emax=305.15818978
realization 193 / 300 ... accepted 193. Emin=1.65555680, Emax=303.97910414
realization 194 / 300 ... accepted 194. Emin=-0.74616566, Emax=303.06377869
realization 195 / 300 ... accepted 195. Emin=0.91770226, Emax=304.01562114
realization 196 / 300 ... accepted 196. Emin=-1.60407106, Emax=301.33862467
realization 197 / 300 ... accepted 197. Emin=-0.00176194, Emax=302.57441039
realization 198 / 300 ... accepted 198. Emin=-1.68749437, Emax=302.03791531
realization 199 / 300 ... accepted 199. Emin=1.43385362, Emax=304.88109425
realization 200 / 300 ... accepted 200. Emin=-2.74465584, Emax=300.49616386
realization 201 / 300 ... accepted 201. Emin=-1.82886088, Emax=301.01172777
realization 202 / 300 ... accepted 202. Emin=0.11330895, Emax=303.74839869
realization 203 / 300 ... accepted 203. Emin=-1.63918425, Emax=300.98748647
realization 204 / 300 ... accepted 204. Emin=1.99784416, Emax=304.22344151
realization 205 / 300 ... accepted 205. Emin=-0.15993736, Emax=303.55333163
realization 206 / 300 ... accepted 206. Emin=-2.22972047, Emax=300.73235927
realization 207 / 300 ... accepted 207. Emin=-0.27745931, Emax=302.67897333
realization 208 / 300 ... accepted 208. Emin=0.21205790, Emax=302.96080125
realization 209 / 300 ... accepted 209. Emin=-0.39291225, Emax=302.28801525
realization 210 / 300 ... accepted 210. Emin=-1.66049711, Emax=301.04465954
realization 211 / 300 ... accepted 211. Emin=-0.58053218, Emax=301.90687421
realization 212 / 300 ... accepted 212. Emin=2.49545453, Emax=305.52472315
realization 213 / 300 ... accepted 213. Emin=0.73068878, Emax=303.93527669
realization 214 / 300 ... accepted 214. Emin=0.69903150, Emax=304.05618462
realization 215 / 300 ... accepted 215. Emin=-0.10021544, Emax=303.03098964
realization 216 / 300 ... accepted 216. Emin=0.21953688, Emax=302.07096389
realization 217 / 300 ... accepted 217. Emin=2.86700265, Emax=305.19982122
realization 218 / 300 ... accepted 218. Emin=-1.02102723, Emax=302.99138918
realization 219 / 300 ... accepted 219. Emin=-2.47593670, Emax=299.86973448
realization 220 / 300 ... accepted 220. Emin=-1.26167349, Emax=301.06779344
realization 221 / 300 ... accepted 221. Emin=0.74507760, Emax=303.92008098
realization 222 / 300 ... accepted 222. Emin=0.04157241, Emax=302.36497863
realization 223 / 300 ... accepted 223. Emin=-2.04460628, Emax=300.43342967
realization 224 / 300 ... accepted 224. Emin=-0.56063197, Emax=301.65300864
realization 225 / 300 ... accepted 225. Emin=-0.16866677, Emax=303.53266285
realization 226 / 300 ... accepted 226. Emin=-0.55954453, Emax=301.47095860
realization 227 / 300 ... accepted 227. Emin=1.34433820, Emax=303.35510714
realization 228 / 300 ... accepted 228. Emin=0.18079922, Emax=303.55017063
realization 229 / 300 ... accepted 229. Emin=1.92231051, Emax=303.67488483
realization 230 / 300 ... accepted 230. Emin=1.96810683, Emax=303.44332412
realization 231 / 300 ... accepted 231. Emin=0.52695237, Emax=303.69634818
realization 232 / 300 ... accepted 232. Emin=0.33211543, Emax=303.71141534
realization 233 / 300 ... accepted 233. Emin=-0.92314386, Emax=302.74537038
realization 234 / 300 ... accepted 234. Emin=0.21060059, Emax=304.00855459
realization 235 / 300 ... accepted 235. Emin=2.13273408, Emax=303.65205667
realization 236 / 300 ... accepted 236. Emin=-0.68275661, Emax=302.83243572
realization 237 / 300 ... accepted 237. Emin=2.00957123, Emax=305.17442926
realization 238 / 300 ... accepted 238. Emin=-1.13051430, Emax=303.07528638
realization 239 / 300 ... accepted 239. Emin=-3.49735508, Emax=298.11467434
realization 240 / 300 ... accepted 240. Emin=-0.79339302, Emax=303.82837713
realization 241 / 300 ... accepted 241. Emin=-0.66644445, Emax=301.84873618
realization 242 / 300 ... accepted 242. Emin=1.85048317, Emax=304.64885701
realization 243 / 300 ... accepted 243. Emin=-1.65400228, Emax=301.21499097
realization 244 / 300 ... accepted 244. Emin=-0.05175768, Emax=303.91125674
realization 245 / 300 ... accepted 245. Emin=-1.32440199, Emax=301.60828644
realization 246 / 300 ... accepted 246. Emin=-0.20449561, Emax=303.85600040
realization 247 / 300 ... accepted 247. Emin=-0.18132672, Emax=301.95358449
realization 248 / 300 ... accepted 248. Emin=-2.04793225, Emax=300.95544807
realization 249 / 300 ... accepted 249. Emin=0.60056767, Emax=305.39672486
realization 250 / 300 ... accepted 250. Emin=0.66625872, Emax=302.84902659
realization 251 / 300 ... accepted 251. Emin=1.09500476, Emax=304.24433386
realization 252 / 300 ... accepted 252. Emin=-3.05506114, Emax=299.26631690
realization 253 / 300 ... accepted 253. Emin=1.06651094, Emax=305.03601395
realization 254 / 300 ... accepted 254. Emin=0.63948296, Emax=303.49827209
realization 255 / 300 ... accepted 255. Emin=0.08693536, Emax=303.10749336
realization 256 / 300 ... accepted 256. Emin=-0.34081667, Emax=303.89051682
realization 257 / 300 ... accepted 257. Emin=-0.18897373, Emax=302.48227441
realization 258 / 300 ... accepted 258. Emin=-0.97019973, Emax=302.67390446
realization 259 / 300 ... accepted 259. Emin=0.89858926, Emax=303.57848429
realization 260 / 300 ... accepted 260. Emin=0.10721019, Emax=301.99326055
realization 261 / 300 ... accepted 261. Emin=-0.28268096, Emax=304.74476255
realization 262 / 300 ... accepted 262. Emin=1.04488498, Emax=303.96605504
realization 263 / 300 ... accepted 263. Emin=-1.60972227, Emax=302.34450467
realization 264 / 300 ... accepted 264. Emin=-0.70870782, Emax=302.02112989
realization 265 / 300 ... accepted 265. Emin=2.61599518, Emax=304.93309149
realization 266 / 300 ... accepted 266. Emin=-2.10823361, Emax=299.91217493
realization 267 / 300 ... accepted 267. Emin=-2.56007316, Emax=299.25095142
realization 268 / 300 ... accepted 268. Emin=0.49012781, Emax=303.97370405
realization 269 / 300 ... accepted 269. Emin=-2.61483481, Emax=300.21086269
realization 270 / 300 ... accepted 270. Emin=-0.92758740, Emax=302.97023971
realization 271 / 300 ... accepted 271. Emin=0.46428764, Emax=302.91019811
realization 272 / 300 ... accepted 272. Emin=-1.54336994, Emax=302.48501372
realization 273 / 300 ... accepted 273. Emin=-0.57796471, Emax=302.25915901
realization 274 / 300 ... accepted 274. Emin=-2.21662738, Emax=300.63818407
realization 275 / 300 ... accepted 275. Emin=0.12627835, Emax=303.46623293
realization 276 / 300 ... accepted 276. Emin=1.07169631, Emax=304.16326496
realization 277 / 300 ... accepted 277. Emin=0.44428054, Emax=302.36030470
realization 278 / 300 ... accepted 278. Emin=-3.27312429, Emax=298.84673565
realization 279 / 300 ... accepted 279. Emin=-1.27905254, Emax=302.64801226
realization 280 / 300 ... accepted 280. Emin=-1.01611137, Emax=301.61687366
realization 281 / 300 ... accepted 281. Emin=0.28415527, Emax=304.52643398
realization 282 / 300 ... accepted 282. Emin=-0.45752935, Emax=301.85754696
realization 283 / 300 ... accepted 283. Emin=-1.04423727, Emax=302.62733500
realization 284 / 300 ... accepted 284. Emin=-0.36284422, Emax=302.96283497
realization 285 / 300 ... accepted 285. Emin=1.28125478, Emax=305.00597349
realization 286 / 300 ... accepted 286. Emin=-0.08734675, Emax=302.29761393
realization 287 / 300 ... accepted 287. Emin=-1.43005844, Emax=302.15513714
realization 288 / 300 ... accepted 288. Emin=1.30515794, Emax=305.15971314
realization 289 / 300 ... accepted 289. Emin=-0.43045872, Emax=303.11518905
realization 290 / 300 ... accepted 290. Emin=2.71340063, Emax=305.17356256
realization 291 / 300 ... accepted 291. Emin=-1.11167801, Emax=301.89897588
realization 292 / 300 ... accepted 292. Emin=1.37864790, Emax=304.00926941
realization 293 / 300 ... accepted 293. Emin=0.69087786, Emax=303.21104571
realization 294 / 300 ... accepted 294. Emin=0.46013403, Emax=304.13914823
realization 295 / 300 ... accepted 295. Emin=-2.49932048, Emax=300.71045608
realization 296 / 300 ... accepted 296. Emin=-0.26769214, Emax=302.95713099
realization 297 / 300 ... accepted 297. Emin=0.26346657, Emax=304.59159512
realization 298 / 300 ... accepted 298. Emin=-2.78889707, Emax=298.74103089
realization 299 / 300 ... accepted 299. Emin=0.25553835, Emax=304.57037788
realization 300 / 300 ... accepted 300. Emin=-0.75299592, Emax=304.18699473
Saved final energies: /home/2/kj405942/POLFED_bosons/pbs_bose_legacy_nmax2_periodic/data/U_50/W_1/L_6/N_6_nmax_2/boundary_periodic/energies_full_U50_L6_N6_nmax2_W1_boundaryperiodic_nreal300.txt
Accepted realizations: 300 / 300
Skipped realizations: 0
Job finished at Sun May 31 17:14:01 UTC 2026
