Job started on w31 at Sun May 31 17:11:40 UTC 2026
PBS_JOBID=7731548.kruk-host.ift-klaster.lan
PBS_O_WORKDIR=/home/2/kj405942/POLFED_bosons
Bose-Hubbard: L=6, N=6, nmax=2, dim=141
t=1, U=50, W=14, nreal=300, boundary=periodic, mode=full
Writing partial results to /home/2/kj405942/POLFED_bosons/pbs_bose_legacy_nmax2_periodic/data/U_50/W_14/L_6/N_6_nmax_2/boundary_periodic/energies_full_U50_L6_N6_nmax2_W14_boundaryperiodic_nreal300_partial.txt
realization 1 / 300 ... accepted 1. Emin=-7.67001116, Emax=332.30715757
realization 2 / 300 ... accepted 2. Emin=-1.07517780, Emax=343.82692800
realization 3 / 300 ... accepted 3. Emin=26.48383465, Emax=360.59785118
realization 4 / 300 ... accepted 4. Emin=-16.17585622, Emax=329.56341579
realization 5 / 300 ... accepted 5. Emin=-8.19100273, Emax=348.74345467
realization 6 / 300 ... accepted 6. Emin=-16.74742251, Emax=309.66704922
realization 7 / 300 ... accepted 7. Emin=18.23787171, Emax=340.26617411
realization 8 / 300 ... accepted 8. Emin=2.36955680, Emax=354.60225816
realization 9 / 300 ... accepted 9. Emin=10.28707398, Emax=340.58803782
realization 10 / 300 ... accepted 10. Emin=6.04613547, Emax=347.44659400
realization 11 / 300 ... accepted 11. Emin=8.82915108, Emax=337.71466869
realization 12 / 300 ... accepted 12. Emin=8.91914628, Emax=341.93736179
realization 13 / 300 ... accepted 13. Emin=12.73574113, Emax=352.85554505
realization 14 / 300 ... accepted 14. Emin=-28.36029860, Emax=300.71293090
realization 15 / 300 ... accepted 15. Emin=7.75584834, Emax=354.41801760
realization 16 / 300 ... accepted 16. Emin=17.41645302, Emax=339.96347064
realization 17 / 300 ... accepted 17. Emin=-10.98877605, Emax=315.67498277
realization 18 / 300 ... accepted 18. Emin=-0.11854698, Emax=327.20247354
realization 19 / 300 ... accepted 19. Emin=-8.94802770, Emax=324.37338873
realization 20 / 300 ... accepted 20. Emin=7.33581551, Emax=353.68004778
realization 21 / 300 ... accepted 21. Emin=8.99937492, Emax=347.87375025
realization 22 / 300 ... accepted 22. Emin=23.84280910, Emax=359.72597863
realization 23 / 300 ... accepted 23. Emin=10.94534611, Emax=350.41251116
realization 24 / 300 ... accepted 24. Emin=12.83970496, Emax=355.75155854
realization 25 / 300 ... accepted 25. Emin=-6.37940046, Emax=344.46842578
realization 26 / 300 ... accepted 26. Emin=-2.21702866, Emax=344.99695519
realization 27 / 300 ... accepted 27. Emin=2.35670975, Emax=336.95531381
realization 28 / 300 ... accepted 28. Emin=-8.30137029, Emax=328.65430737
realization 29 / 300 ... accepted 29. Emin=-9.32075667, Emax=313.07474233
realization 30 / 300 ... accepted 30. Emin=-2.83445856, Emax=341.94282605
realization 31 / 300 ... accepted 31. Emin=-30.01282565, Emax=291.83667747
realization 32 / 300 ... accepted 32. Emin=-30.53619543, Emax=294.82601448
realization 33 / 300 ... accepted 33. Emin=27.64402082, Emax=363.30880388
realization 34 / 300 ... accepted 34. Emin=-6.30626941, Emax=329.49212539
realization 35 / 300 ... accepted 35. Emin=-15.84748083, Emax=319.52832716
realization 36 / 300 ... accepted 36. Emin=27.69374227, Emax=365.88855713
realization 37 / 300 ... accepted 37. Emin=-30.46333170, Emax=293.45513723
realization 38 / 300 ... accepted 38. Emin=-12.28190041, Emax=320.55478124
realization 39 / 300 ... accepted 39. Emin=-6.12777056, Emax=336.78964418
realization 40 / 300 ... accepted 40. Emin=-29.00891919, Emax=302.80120047
realization 41 / 300 ... accepted 41. Emin=40.90352268, Emax=370.56014985
realization 42 / 300 ... accepted 42. Emin=-3.90953274, Emax=329.70245957
realization 43 / 300 ... accepted 43. Emin=-38.93220074, Emax=289.43306280
realization 44 / 300 ... accepted 44. Emin=3.13784063, Emax=352.62956036
realization 45 / 300 ... accepted 45. Emin=4.83376740, Emax=343.16498485
realization 46 / 300 ... accepted 46. Emin=13.37192063, Emax=350.59193269
realization 47 / 300 ... accepted 47. Emin=16.86623171, Emax=360.61311789
realization 48 / 300 ... accepted 48. Emin=-12.04345960, Emax=327.74945734
realization 49 / 300 ... accepted 49. Emin=0.69913387, Emax=338.81228988
realization 50 / 300 ... accepted 50. Emin=8.85879404, Emax=337.89834237
realization 51 / 300 ... accepted 51. Emin=-9.65822158, Emax=322.92582232
realization 52 / 300 ... accepted 52. Emin=26.93606167, Emax=353.13076691
realization 53 / 300 ... accepted 53. Emin=7.19079618, Emax=338.73170519
realization 54 / 300 ... accepted 54. Emin=-16.16508575, Emax=312.88431518
realization 55 / 300 ... accepted 55. Emin=-30.43997253, Emax=300.81194939
realization 56 / 300 ... accepted 56. Emin=-13.45470317, Emax=334.17701173
realization 57 / 300 ... accepted 57. Emin=11.53923419, Emax=353.54662432
realization 58 / 300 ... accepted 58. Emin=9.09318079, Emax=345.46775098
realization 59 / 300 ... accepted 59. Emin=-16.51071048, Emax=314.50152749
realization 60 / 300 ... accepted 60. Emin=16.53844770, Emax=372.31231617
realization 61 / 300 ... accepted 61. Emin=-9.34460194, Emax=309.29083535
realization 62 / 300 ... accepted 62. Emin=15.32818547, Emax=358.65386097
realization 63 / 300 ... accepted 63. Emin=4.27476568, Emax=337.41757287
realization 64 / 300 ... accepted 64. Emin=-51.54147337, Emax=275.11764125
realization 65 / 300 ... accepted 65. Emin=-0.68565687, Emax=355.94434137
realization 66 / 300 ... accepted 66. Emin=15.71005058, Emax=349.55164354
realization 67 / 300 ... accepted 67. Emin=-1.76714011, Emax=331.74345789
realization 68 / 300 ... accepted 68. Emin=-3.25967089, Emax=337.35861900
realization 69 / 300 ... accepted 69. Emin=-1.15089062, Emax=350.58621548
realization 70 / 300 ... accepted 70. Emin=31.31847641, Emax=358.96014611
realization 71 / 300 ... accepted 71. Emin=2.98013120, Emax=350.72295870
realization 72 / 300 ... accepted 72. Emin=39.78565301, Emax=377.22988594
realization 73 / 300 ... accepted 73. Emin=10.67067075, Emax=338.48460861
realization 74 / 300 ... accepted 74. Emin=-32.18538529, Emax=303.50761733
realization 75 / 300 ... accepted 75. Emin=24.76613003, Emax=360.95955588
realization 76 / 300 ... accepted 76. Emin=14.44777189, Emax=337.79361329
realization 77 / 300 ... accepted 77. Emin=0.41624464, Emax=328.27743157
realization 78 / 300 ... accepted 78. Emin=24.51462696, Emax=353.42133106
realization 79 / 300 ... accepted 79. Emin=-1.46897608, Emax=341.71430995
realization 80 / 300 ... accepted 80. Emin=51.71332140, Emax=368.68132286
realization 81 / 300 ... accepted 81. Emin=-12.86004366, Emax=310.64142539
realization 82 / 300 ... accepted 82. Emin=34.70125319, Emax=359.84254733
realization 83 / 300 ... accepted 83. Emin=-48.49508514, Emax=278.35586036
realization 84 / 300 ... accepted 84. Emin=-1.12534287, Emax=341.08410606
realization 85 / 300 ... accepted 85. Emin=25.38541156, Emax=349.20325244
realization 86 / 300 ... accepted 86. Emin=-25.78441182, Emax=317.93331561
realization 87 / 300 ... accepted 87. Emin=19.46248207, Emax=372.05235019
realization 88 / 300 ... accepted 88. Emin=5.64181882, Emax=349.89872822
realization 89 / 300 ... accepted 89. Emin=2.74316209, Emax=346.58252753
realization 90 / 300 ... accepted 90. Emin=24.20940729, Emax=347.36201618
realization 91 / 300 ... accepted 91. Emin=-12.13092184, Emax=320.55738343
realization 92 / 300 ... accepted 92. Emin=-13.70094226, Emax=321.83836069
realization 93 / 300 ... accepted 93. Emin=-4.39888661, Emax=325.20557724
realization 94 / 300 ... accepted 94. Emin=8.02128324, Emax=342.23817155
realization 95 / 300 ... accepted 95. Emin=-14.17603097, Emax=333.03894954
realization 96 / 300 ... accepted 96. Emin=-2.28628323, Emax=338.39030036
realization 97 / 300 ... accepted 97. Emin=8.57214841, Emax=326.04920160
realization 98 / 300 ... accepted 98. Emin=6.56426152, Emax=333.52389011
realization 99 / 300 ... accepted 99. Emin=3.11984113, Emax=332.90115117
realization 100 / 300 ... accepted 100. Emin=1.86477955, Emax=351.88881599
realization 101 / 300 ... accepted 101. Emin=19.04097401, Emax=358.55481345
realization 102 / 300 ... accepted 102. Emin=26.92469386, Emax=359.92419514
realization 103 / 300 ... accepted 103. Emin=23.41049899, Emax=359.25903617
realization 104 / 300 ... accepted 104. Emin=0.07526246, Emax=329.13142845
realization 105 / 300 ... accepted 105. Emin=-15.02979394, Emax=323.26083005
realization 106 / 300 ... accepted 106. Emin=-0.40602421, Emax=327.64863398
realization 107 / 300 ... accepted 107. Emin=-1.61757759, Emax=338.44358575
realization 108 / 300 ... accepted 108. Emin=14.77542311, Emax=341.78183175
realization 109 / 300 ... accepted 109. Emin=-4.63334568, Emax=330.63996815
realization 110 / 300 ... accepted 110. Emin=1.51095565, Emax=351.36888877
realization 111 / 300 ... accepted 111. Emin=0.12141648, Emax=336.71706281
realization 112 / 300 ... accepted 112. Emin=-3.24743518, Emax=338.11126610
realization 113 / 300 ... accepted 113. Emin=26.91572760, Emax=364.00248039
realization 114 / 300 ... accepted 114. Emin=16.83181562, Emax=350.61310822
realization 115 / 300 ... accepted 115. Emin=14.71845706, Emax=367.29701562
realization 116 / 300 ... accepted 116. Emin=-14.89194098, Emax=330.37809659
realization 117 / 300 ... accepted 117. Emin=-30.97480081, Emax=300.79609148
realization 118 / 300 ... accepted 118. Emin=17.24309267, Emax=367.70726047
realization 119 / 300 ... accepted 119. Emin=-4.71327541, Emax=340.11121930
realization 120 / 300 ... accepted 120. Emin=-18.70047110, Emax=311.62284185
realization 121 / 300 ... accepted 121. Emin=25.26103914, Emax=340.44900169
realization 122 / 300 ... accepted 122. Emin=-11.89155906, Emax=318.68138780
realization 123 / 300 ... accepted 123. Emin=-4.32603143, Emax=323.15187629
realization 124 / 300 ... accepted 124. Emin=9.47021450, Emax=342.49002087
realization 125 / 300 ... accepted 125. Emin=-27.85476848, Emax=310.27530161
realization 126 / 300 ... accepted 126. Emin=-13.49005040, Emax=321.88762198
realization 127 / 300 ... accepted 127. Emin=-6.71966787, Emax=306.27098632
realization 128 / 300 ... accepted 128. Emin=43.74685653, Emax=359.77270212
realization 129 / 300 ... accepted 129. Emin=2.25072603, Emax=356.42990767
realization 130 / 300 ... accepted 130. Emin=-50.95987705, Emax=270.97744491
realization 131 / 300 ... accepted 131. Emin=0.57771077, Emax=345.91027411
realization 132 / 300 ... accepted 132. Emin=-18.53134982, Emax=313.98031732
realization 133 / 300 ... accepted 133. Emin=-3.23199323, Emax=329.27697318
realization 134 / 300 ... accepted 134. Emin=-28.00667973, Emax=309.03417969
realization 135 / 300 ... accepted 135. Emin=-15.50037437, Emax=324.12606451
realization 136 / 300 ... accepted 136. Emin=-33.35795769, Emax=302.84395589
realization 137 / 300 ... accepted 137. Emin=24.64374061, Emax=353.40419011
realization 138 / 300 ... accepted 138. Emin=18.15687663, Emax=367.25715910
realization 139 / 300 ... accepted 139. Emin=3.23441653, Emax=335.79172631
realization 140 / 300 ... accepted 140. Emin=-9.09632355, Emax=321.65262502
realization 141 / 300 ... accepted 141. Emin=15.54241448, Emax=338.61813100
realization 142 / 300 ... accepted 142. Emin=-8.76635730, Emax=311.45506152
realization 143 / 300 ... accepted 143. Emin=-7.16802444, Emax=347.94619938
realization 144 / 300 ... accepted 144. Emin=2.46569878, Emax=338.62440777
realization 145 / 300 ... accepted 145. Emin=-37.55870645, Emax=285.75746281
realization 146 / 300 ... accepted 146. Emin=3.35904884, Emax=343.81599718
realization 147 / 300 ... accepted 147. Emin=-2.12728536, Emax=346.93023064
realization 148 / 300 ... accepted 148. Emin=-16.32944059, Emax=309.52147984
realization 149 / 300 ... accepted 149. Emin=15.64892729, Emax=350.31838417
realization 150 / 300 ... accepted 150. Emin=2.16401580, Emax=338.40890515
realization 151 / 300 ... accepted 151. Emin=-7.31782045, Emax=329.74297238
realization 152 / 300 ... accepted 152. Emin=11.31373025, Emax=352.91693165
realization 153 / 300 ... accepted 153. Emin=6.99538473, Emax=362.80455304
realization 154 / 300 ... accepted 154. Emin=6.56025851, Emax=363.42830514
realization 155 / 300 ... accepted 155. Emin=-0.90655066, Emax=333.57230726
realization 156 / 300 ... accepted 156. Emin=-26.59144823, Emax=309.08174243
realization 157 / 300 ... accepted 157. Emin=15.31942274, Emax=353.00787791
realization 158 / 300 ... accepted 158. Emin=-8.02235692, Emax=326.86041396
realization 159 / 300 ... accepted 159. Emin=3.32512397, Emax=342.08876632
realization 160 / 300 ... accepted 160. Emin=-18.67600928, Emax=322.22459043
realization 161 / 300 ... accepted 161. Emin=-24.33597620, Emax=297.90929557
realization 162 / 300 ... accepted 162. Emin=-20.76701123, Emax=337.30738417
realization 163 / 300 ... accepted 163. Emin=5.06170283, Emax=343.71670455
realization 164 / 300 ... accepted 164. Emin=33.19841467, Emax=357.95417161
realization 165 / 300 ... accepted 165. Emin=1.69807286, Emax=354.95099658
realization 166 / 300 ... accepted 166. Emin=10.60916984, Emax=352.29509867
realization 167 / 300 ... accepted 167. Emin=30.22376345, Emax=363.71508509
realization 168 / 300 ... accepted 168. Emin=-36.56914301, Emax=282.39598317
realization 169 / 300 ... accepted 169. Emin=-43.89291154, Emax=285.27110842
realization 170 / 300 ... accepted 170. Emin=21.21948644, Emax=363.27961090
realization 171 / 300 ... accepted 171. Emin=-9.42829271, Emax=313.61349201
realization 172 / 300 ... accepted 172. Emin=-6.42531749, Emax=335.41525710
realization 173 / 300 ... accepted 173. Emin=7.00786854, Emax=343.65897329
realization 174 / 300 ... accepted 174. Emin=18.12998492, Emax=352.22963099
realization 175 / 300 ... accepted 175. Emin=-36.70854857, Emax=280.85326803
realization 176 / 300 ... accepted 176. Emin=-20.50426171, Emax=306.54361760
realization 177 / 300 ... accepted 177. Emin=-24.05917603, Emax=309.85493140
realization 178 / 300 ... accepted 178. Emin=3.30252872, Emax=343.78662789
realization 179 / 300 ... accepted 179. Emin=6.95176293, Emax=344.30042279
realization 180 / 300 ... accepted 180. Emin=-10.37743592, Emax=338.96352283
realization 181 / 300 ... accepted 181. Emin=14.41074753, Emax=355.96028261
realization 182 / 300 ... accepted 182. Emin=-1.16315708, Emax=356.87666661
realization 183 / 300 ... accepted 183. Emin=15.86100435, Emax=353.09792347
realization 184 / 300 ... accepted 184. Emin=11.06878092, Emax=363.60304597
realization 185 / 300 ... accepted 185. Emin=-4.82797597, Emax=321.58535552
realization 186 / 300 ... accepted 186. Emin=17.23685407, Emax=350.58660573
realization 187 / 300 ... accepted 187. Emin=37.78947142, Emax=367.23638618
realization 188 / 300 ... accepted 188. Emin=-25.09409707, Emax=306.07741726
realization 189 / 300 ... accepted 189. Emin=14.07354018, Emax=349.69520405
realization 190 / 300 ... accepted 190. Emin=-9.11529433, Emax=340.10045261
realization 191 / 300 ... accepted 191. Emin=-30.00612187, Emax=307.07997629
realization 192 / 300 ... accepted 192. Emin=-15.96774850, Emax=320.45847050
realization 193 / 300 ... accepted 193. Emin=7.29698506, Emax=349.03937798
realization 194 / 300 ... accepted 194. Emin=-7.23650051, Emax=329.61604996
realization 195 / 300 ... accepted 195. Emin=-17.71066858, Emax=312.45329504
realization 196 / 300 ... accepted 196. Emin=3.55342674, Emax=353.38482692
realization 197 / 300 ... accepted 197. Emin=-4.86134490, Emax=338.76880403
realization 198 / 300 ... accepted 198. Emin=15.29175433, Emax=350.28119183
realization 199 / 300 ... accepted 199. Emin=-17.56376241, Emax=308.46979703
realization 200 / 300 ... accepted 200. Emin=13.16824344, Emax=329.11786138
realization 201 / 300 ... accepted 201. Emin=30.14050422, Emax=374.61504541
realization 202 / 300 ... accepted 202. Emin=-9.86146087, Emax=316.43371931
realization 203 / 300 ... accepted 203. Emin=18.40173967, Emax=360.93229451
realization 204 / 300 ... accepted 204. Emin=27.68797956, Emax=346.41464108
realization 205 / 300 ... accepted 205. Emin=8.23543741, Emax=352.05285666
realization 206 / 300 ... accepted 206. Emin=-41.83425982, Emax=294.10030051
realization 207 / 300 ... accepted 207. Emin=-6.18104977, Emax=336.18981803
realization 208 / 300 ... accepted 208. Emin=-16.16579594, Emax=322.26462086
realization 209 / 300 ... accepted 209. Emin=-16.97141308, Emax=316.07793676
realization 210 / 300 ... accepted 210. Emin=27.41639560, Emax=354.26947988
realization 211 / 300 ... accepted 211. Emin=-11.28006126, Emax=325.59121525
realization 212 / 300 ... accepted 212. Emin=-29.45003120, Emax=307.29913684
realization 213 / 300 ... accepted 213. Emin=-33.00620068, Emax=311.99079847
realization 214 / 300 ... accepted 214. Emin=1.36670436, Emax=337.81514392
realization 215 / 300 ... accepted 215. Emin=2.53820765, Emax=342.59691564
realization 216 / 300 ... accepted 216. Emin=9.35007702, Emax=355.82847113
realization 217 / 300 ... accepted 217. Emin=-0.35236298, Emax=353.88728073
realization 218 / 300 ... accepted 218. Emin=-7.58778565, Emax=336.69673011
realization 219 / 300 ... accepted 219. Emin=6.52646592, Emax=343.87877763
realization 220 / 300 ... accepted 220. Emin=10.74037984, Emax=345.39138167
realization 221 / 300 ... accepted 221. Emin=-6.29309016, Emax=343.14358612
realization 222 / 300 ... accepted 222. Emin=21.79181471, Emax=342.07918049
realization 223 / 300 ... accepted 223. Emin=9.56916328, Emax=355.03318051
realization 224 / 300 ... accepted 224. Emin=3.77900541, Emax=331.39016416
realization 225 / 300 ... accepted 225. Emin=1.80502361, Emax=343.07079923
realization 226 / 300 ... accepted 226. Emin=15.91910073, Emax=344.47718202
realization 227 / 300 ... accepted 227. Emin=-17.25606800, Emax=317.09132880
realization 228 / 300 ... accepted 228. Emin=-7.53079858, Emax=322.97281598
realization 229 / 300 ... accepted 229. Emin=-3.76826809, Emax=343.05781485
realization 230 / 300 ... accepted 230. Emin=-35.53585808, Emax=308.91620809
realization 231 / 300 ... accepted 231. Emin=19.28447092, Emax=348.08434341
realization 232 / 300 ... accepted 232. Emin=13.25873260, Emax=349.97365388
realization 233 / 300 ... accepted 233. Emin=-6.16543895, Emax=335.20826888
realization 234 / 300 ... accepted 234. Emin=14.23412459, Emax=362.31105923
realization 235 / 300 ... accepted 235. Emin=26.12087172, Emax=353.53161214
realization 236 / 300 ... accepted 236. Emin=37.47369422, Emax=374.43779792
realization 237 / 300 ... accepted 237. Emin=0.15326455, Emax=338.92462388
realization 238 / 300 ... accepted 238. Emin=-12.33472198, Emax=339.40119014
realization 239 / 300 ... accepted 239. Emin=20.74290724, Emax=363.50912577
realization 240 / 300 ... accepted 240. Emin=-24.75774712, Emax=300.49403602
realization 241 / 300 ... accepted 241. Emin=-7.08852678, Emax=349.33621134
realization 242 / 300 ... accepted 242. Emin=9.85393589, Emax=356.95278077
realization 243 / 300 ... accepted 243. Emin=25.79360386, Emax=355.62366531
realization 244 / 300 ... accepted 244. Emin=-10.65117767, Emax=329.61321900
realization 245 / 300 ... accepted 245. Emin=7.84155857, Emax=342.59264279
realization 246 / 300 ... accepted 246. Emin=11.32708013, Emax=345.01912015
realization 247 / 300 ... accepted 247. Emin=17.04045097, Emax=336.28963622
realization 248 / 300 ... accepted 248. Emin=-22.06079154, Emax=303.80622578
realization 249 / 300 ... accepted 249. Emin=-2.54242034, Emax=333.56560882
realization 250 / 300 ... accepted 250. Emin=26.40410163, Emax=367.02009135
realization 251 / 300 ... accepted 251. Emin=18.13816563, Emax=346.12791977
realization 252 / 300 ... accepted 252. Emin=-6.71833180, Emax=320.49703831
realization 253 / 300 ... accepted 253. Emin=7.05231273, Emax=344.62623173
realization 254 / 300 ... accepted 254. Emin=9.85032115, Emax=363.59911040
realization 255 / 300 ... accepted 255. Emin=-3.16602086, Emax=339.58851820
realization 256 / 300 ... accepted 256. Emin=-21.72197983, Emax=302.01535910
realization 257 / 300 ... accepted 257. Emin=-8.76334571, Emax=331.34349315
realization 258 / 300 ... accepted 258. Emin=11.46924693, Emax=355.13913466
realization 259 / 300 ... accepted 259. Emin=-26.92283058, Emax=302.37970426
realization 260 / 300 ... accepted 260. Emin=-2.61145717, Emax=347.44126169
realization 261 / 300 ... accepted 261. Emin=9.33901763, Emax=339.17302504
realization 262 / 300 ... accepted 262. Emin=-4.52576591, Emax=340.13712771
realization 263 / 300 ... accepted 263. Emin=-19.64682421, Emax=305.32186650
realization 264 / 300 ... accepted 264. Emin=19.68132171, Emax=344.02717962
realization 265 / 300 ... accepted 265. Emin=-22.36805926, Emax=307.18053843
realization 266 / 300 ... accepted 266. Emin=27.16005512, Emax=368.98448539
realization 267 / 300 ... accepted 267. Emin=-3.96966918, Emax=339.84661918
realization 268 / 300 ... accepted 268. Emin=15.46217588, Emax=379.60912333
realization 269 / 300 ... accepted 269. Emin=18.39976903, Emax=349.08527690
realization 270 / 300 ... accepted 270. Emin=2.63677153, Emax=350.14097884
realization 271 / 300 ... accepted 271. Emin=-20.39557074, Emax=316.36830614
realization 272 / 300 ... accepted 272. Emin=-19.92423438, Emax=329.31044766
realization 273 / 300 ... accepted 273. Emin=-26.94366620, Emax=297.68614235
realization 274 / 300 ... accepted 274. Emin=-7.11170829, Emax=337.01275504
realization 275 / 300 ... accepted 275. Emin=-6.81162801, Emax=331.30272139
realization 276 / 300 ... accepted 276. Emin=-5.06598126, Emax=333.56050652
realization 277 / 300 ... accepted 277. Emin=-12.80711135, Emax=311.16879924
realization 278 / 300 ... accepted 278. Emin=-42.56206987, Emax=279.82304978
realization 279 / 300 ... accepted 279. Emin=-9.06591594, Emax=329.20562564
realization 280 / 300 ... accepted 280. Emin=9.47418154, Emax=344.09160856
realization 281 / 300 ... accepted 281. Emin=27.85664636, Emax=369.96784232
realization 282 / 300 ... accepted 282. Emin=-24.69273761, Emax=319.45496996
realization 283 / 300 ... accepted 283. Emin=2.57356417, Emax=347.81271857
realization 284 / 300 ... accepted 284. Emin=9.88894725, Emax=344.11392570
realization 285 / 300 ... accepted 285. Emin=14.67181947, Emax=353.39661999
realization 286 / 300 ... accepted 286. Emin=0.90899445, Emax=343.49982161
realization 287 / 300 ... accepted 287. Emin=21.11747760, Emax=342.41123531
realization 288 / 300 ... accepted 288. Emin=-0.80638364, Emax=347.27154543
realization 289 / 300 ... accepted 289. Emin=8.18182894, Emax=343.12231781
realization 290 / 300 ... accepted 290. Emin=11.63525227, Emax=352.72065861
realization 291 / 300 ... accepted 291. Emin=-8.69073889, Emax=339.80987079
realization 292 / 300 ... accepted 292. Emin=35.48868279, Emax=350.89516031
realization 293 / 300 ... accepted 293. Emin=-14.68054400, Emax=313.51467284
realization 294 / 300 ... accepted 294. Emin=-22.77906518, Emax=313.58661964
realization 295 / 300 ... accepted 295. Emin=-0.96402628, Emax=335.27949598
realization 296 / 300 ... accepted 296. Emin=-0.52373546, Emax=344.53273110
realization 297 / 300 ... accepted 297. Emin=19.56342323, Emax=358.73690344
realization 298 / 300 ... accepted 298. Emin=-20.56746790, Emax=299.93300320
realization 299 / 300 ... accepted 299. Emin=-9.53036663, Emax=331.48839441
realization 300 / 300 ... accepted 300. Emin=23.50044367, Emax=361.51061028
Saved final energies: /home/2/kj405942/POLFED_bosons/pbs_bose_legacy_nmax2_periodic/data/U_50/W_14/L_6/N_6_nmax_2/boundary_periodic/energies_full_U50_L6_N6_nmax2_W14_boundaryperiodic_nreal300.txt
Accepted realizations: 300 / 300
Skipped realizations: 0
Job finished at Sun May 31 17:14:02 UTC 2026
