Job started on w31 at Sun May 31 17:11:40 UTC 2026
PBS_JOBID=7731536.kruk-host.ift-klaster.lan
PBS_O_WORKDIR=/home/2/kj405942/POLFED_bosons
Bose-Hubbard: L=6, N=6, nmax=2, dim=141
t=1, U=50, W=2, nreal=300, boundary=periodic, mode=full
Writing partial results to /home/2/kj405942/POLFED_bosons/pbs_bose_legacy_nmax2_periodic/data/U_50/W_2/L_6/N_6_nmax_2/boundary_periodic/energies_full_U50_L6_N6_nmax2_W2_boundaryperiodic_nreal300_partial.txt
realization 1 / 300 ... accepted 1. Emin=-2.66666484, Emax=303.81267986
realization 2 / 300 ... accepted 2. Emin=0.37828300, Emax=303.31803624
realization 3 / 300 ... accepted 3. Emin=2.29757165, Emax=308.48065752
realization 4 / 300 ... accepted 4. Emin=-5.76762369, Emax=298.50999466
realization 5 / 300 ... accepted 5. Emin=3.27558155, Emax=309.99692334
realization 6 / 300 ... accepted 6. Emin=0.41486024, Emax=306.45885585
realization 7 / 300 ... accepted 7. Emin=-0.62670376, Emax=304.22549016
realization 8 / 300 ... accepted 8. Emin=-1.08201586, Emax=304.97002231
realization 9 / 300 ... accepted 9. Emin=-2.14022995, Emax=305.42389833
realization 10 / 300 ... accepted 10. Emin=-1.46447824, Emax=304.75672665
realization 11 / 300 ... accepted 11. Emin=1.36576679, Emax=308.37688473
realization 12 / 300 ... accepted 12. Emin=1.11705810, Emax=307.72152068
realization 13 / 300 ... accepted 13. Emin=-0.54671421, Emax=304.79806597
realization 14 / 300 ... accepted 14. Emin=3.75300942, Emax=308.84388999
realization 15 / 300 ... accepted 15. Emin=-0.31631731, Emax=305.23391758
realization 16 / 300 ... accepted 16. Emin=-6.30422629, Emax=298.49493734
realization 17 / 300 ... accepted 17. Emin=2.33565053, Emax=306.28461166
realization 18 / 300 ... accepted 18. Emin=4.74887113, Emax=308.58387113
realization 19 / 300 ... accepted 19. Emin=1.32351212, Emax=306.21832009
realization 20 / 300 ... accepted 20. Emin=-2.46252110, Emax=301.31239758
realization 21 / 300 ... accepted 21. Emin=2.19411852, Emax=308.72842100
realization 22 / 300 ... accepted 22. Emin=-0.58017302, Emax=304.83117908
realization 23 / 300 ... accepted 23. Emin=3.68013823, Emax=309.54225513
realization 24 / 300 ... accepted 24. Emin=3.79654949, Emax=307.78010642
realization 25 / 300 ... accepted 25. Emin=3.36884265, Emax=308.72425150
realization 26 / 300 ... accepted 26. Emin=2.93324184, Emax=305.12632127
realization 27 / 300 ... accepted 27. Emin=-4.82353133, Emax=301.02098871
realization 28 / 300 ... accepted 28. Emin=0.30157017, Emax=305.33616420
realization 29 / 300 ... accepted 29. Emin=-2.39547078, Emax=304.16977144
realization 30 / 300 ... accepted 30. Emin=-0.53593887, Emax=305.26168009
realization 31 / 300 ... accepted 31. Emin=2.10231834, Emax=307.86019226
realization 32 / 300 ... accepted 32. Emin=-3.85535960, Emax=302.58029008
realization 33 / 300 ... accepted 33. Emin=2.54891471, Emax=309.56902186
realization 34 / 300 ... accepted 34. Emin=-1.44755476, Emax=305.50171634
realization 35 / 300 ... accepted 35. Emin=2.21331031, Emax=309.32432546
realization 36 / 300 ... accepted 36. Emin=0.05493661, Emax=306.01893037
realization 37 / 300 ... accepted 37. Emin=-1.71000371, Emax=303.43563059
realization 38 / 300 ... accepted 38. Emin=-2.65251136, Emax=303.58734133
realization 39 / 300 ... accepted 39. Emin=-2.53553614, Emax=303.84005199
realization 40 / 300 ... accepted 40. Emin=-0.37303166, Emax=304.30320163
realization 41 / 300 ... accepted 41. Emin=-2.24669797, Emax=304.53474550
realization 42 / 300 ... accepted 42. Emin=3.78628763, Emax=306.61491696
realization 43 / 300 ... accepted 43. Emin=-0.91310786, Emax=307.61883995
realization 44 / 300 ... accepted 44. Emin=-1.61213296, Emax=303.37676248
realization 45 / 300 ... accepted 45. Emin=-0.00089103, Emax=304.94517440
realization 46 / 300 ... accepted 46. Emin=-4.46627736, Emax=301.67310596
realization 47 / 300 ... accepted 47. Emin=3.33288617, Emax=307.59646185
realization 48 / 300 ... accepted 48. Emin=-0.16722676, Emax=305.09337009
realization 49 / 300 ... accepted 49. Emin=-1.81926724, Emax=305.08879918
realization 50 / 300 ... accepted 50. Emin=-3.85028571, Emax=300.76607761
realization 51 / 300 ... accepted 51. Emin=0.02376974, Emax=305.15513765
realization 52 / 300 ... accepted 52. Emin=-3.07085799, Emax=302.24194449
realization 53 / 300 ... accepted 53. Emin=-3.91226123, Emax=302.09587014
realization 54 / 300 ... accepted 54. Emin=4.78913269, Emax=309.77068307
realization 55 / 300 ... accepted 55. Emin=-0.58174208, Emax=301.96465290
realization 56 / 300 ... accepted 56. Emin=1.27462795, Emax=308.20090918
realization 57 / 300 ... accepted 57. Emin=1.25015899, Emax=307.30291153
realization 58 / 300 ... accepted 58. Emin=-0.76659784, Emax=302.16727671
realization 59 / 300 ... accepted 59. Emin=2.31731751, Emax=308.61111383
realization 60 / 300 ... accepted 60. Emin=-0.19195350, Emax=306.75385020
realization 61 / 300 ... accepted 61. Emin=2.59645249, Emax=307.86816452
realization 62 / 300 ... accepted 62. Emin=1.41922404, Emax=308.03409124
realization 63 / 300 ... accepted 63. Emin=6.56021369, Emax=310.56071156
realization 64 / 300 ... accepted 64. Emin=3.22594396, Emax=308.74729886
realization 65 / 300 ... accepted 65. Emin=-1.28856958, Emax=303.25742885
realization 66 / 300 ... accepted 66. Emin=-1.85642410, Emax=302.61295710
realization 67 / 300 ... accepted 67. Emin=-4.47232116, Emax=299.94270114
realization 68 / 300 ... accepted 68. Emin=0.20612621, Emax=308.10306764
realization 69 / 300 ... accepted 69. Emin=1.98026844, Emax=309.19994201
realization 70 / 300 ... accepted 70. Emin=-1.00134800, Emax=306.04923651
realization 71 / 300 ... accepted 71. Emin=-0.02108095, Emax=307.07944219
realization 72 / 300 ... accepted 72. Emin=-2.71106367, Emax=302.96252722
realization 73 / 300 ... accepted 73. Emin=0.39229293, Emax=306.06749790
realization 74 / 300 ... accepted 74. Emin=0.46117205, Emax=309.72414079
realization 75 / 300 ... accepted 75. Emin=-1.26341897, Emax=303.63017911
realization 76 / 300 ... accepted 76. Emin=-1.56006298, Emax=304.22154023
realization 77 / 300 ... accepted 77. Emin=-0.82282679, Emax=306.10833448
realization 78 / 300 ... accepted 78. Emin=-4.21888434, Emax=300.97564420
realization 79 / 300 ... accepted 79. Emin=2.83763069, Emax=305.12865550
realization 80 / 300 ... accepted 80. Emin=-7.50726135, Emax=295.80086610
realization 81 / 300 ... accepted 81. Emin=-2.56002910, Emax=303.64573515
realization 82 / 300 ... accepted 82. Emin=0.29997128, Emax=305.09426372
realization 83 / 300 ... accepted 83. Emin=0.51930093, Emax=303.43721105
realization 84 / 300 ... accepted 84. Emin=-1.17668377, Emax=303.54235352
realization 85 / 300 ... accepted 85. Emin=1.38873431, Emax=307.73487765
realization 86 / 300 ... accepted 86. Emin=-0.25685489, Emax=306.23639394
realization 87 / 300 ... accepted 87. Emin=-4.49121856, Emax=299.71060695
realization 88 / 300 ... accepted 88. Emin=-3.56167728, Emax=301.94507682
realization 89 / 300 ... accepted 89. Emin=1.62843141, Emax=307.94106820
realization 90 / 300 ... accepted 90. Emin=1.87982318, Emax=306.65148464
realization 91 / 300 ... accepted 91. Emin=1.87957880, Emax=306.58296115
realization 92 / 300 ... accepted 92. Emin=-3.50644412, Emax=300.35928646
realization 93 / 300 ... accepted 93. Emin=-1.68861280, Emax=303.45549498
realization 94 / 300 ... accepted 94. Emin=2.21414184, Emax=307.83422084
realization 95 / 300 ... accepted 95. Emin=-0.63870920, Emax=304.79054460
realization 96 / 300 ... accepted 96. Emin=-2.72151425, Emax=305.49946169
realization 97 / 300 ... accepted 97. Emin=-5.99828899, Emax=296.95566731
realization 98 / 300 ... accepted 98. Emin=-2.79201008, Emax=300.85818727
realization 99 / 300 ... accepted 99. Emin=-2.09440386, Emax=305.38405031
realization 100 / 300 ... accepted 100. Emin=2.74575800, Emax=307.34445229
realization 101 / 300 ... accepted 101. Emin=2.37009782, Emax=311.46187448
realization 102 / 300 ... accepted 102. Emin=-4.42410008, Emax=298.91474212
realization 103 / 300 ... accepted 103. Emin=-6.15076355, Emax=299.02613743
realization 104 / 300 ... accepted 104. Emin=-2.33247997, Emax=302.68750836
realization 105 / 300 ... accepted 105. Emin=-0.50961301, Emax=308.46345003
realization 106 / 300 ... accepted 106. Emin=0.72489297, Emax=303.91596797
realization 107 / 300 ... accepted 107. Emin=2.42383058, Emax=308.91072835
realization 108 / 300 ... accepted 108. Emin=2.08377585, Emax=308.13371306
realization 109 / 300 ... accepted 109. Emin=-2.65972358, Emax=302.46021450
realization 110 / 300 ... accepted 110. Emin=-0.89526799, Emax=306.74965520
realization 111 / 300 ... accepted 111. Emin=-4.60111718, Emax=298.58621447
realization 112 / 300 ... accepted 112. Emin=-3.04943986, Emax=302.40164340
realization 113 / 300 ... accepted 113. Emin=4.09856299, Emax=309.76757804
realization 114 / 300 ... accepted 114. Emin=-0.97851075, Emax=303.75442635
realization 115 / 300 ... accepted 115. Emin=-3.23355645, Emax=302.06851704
realization 116 / 300 ... accepted 116. Emin=3.27073205, Emax=307.40926651
realization 117 / 300 ... accepted 117. Emin=5.51240466, Emax=308.26167362
realization 118 / 300 ... accepted 118. Emin=0.43266108, Emax=307.59152507
realization 119 / 300 ... accepted 119. Emin=1.62211617, Emax=307.55099852
realization 120 / 300 ... accepted 120. Emin=2.19839460, Emax=306.53866999
realization 121 / 300 ... accepted 121. Emin=2.62160066, Emax=307.63111973
realization 122 / 300 ... accepted 122. Emin=-1.88556959, Emax=303.09090388
realization 123 / 300 ... accepted 123. Emin=-2.86877617, Emax=301.09395498
realization 124 / 300 ... accepted 124. Emin=1.15032022, Emax=305.35178104
realization 125 / 300 ... accepted 125. Emin=-3.38321903, Emax=303.09924086
realization 126 / 300 ... accepted 126. Emin=-2.15105703, Emax=301.06491073
realization 127 / 300 ... accepted 127. Emin=4.10325895, Emax=307.27135943
realization 128 / 300 ... accepted 128. Emin=-2.55350074, Emax=302.91832173
realization 129 / 300 ... accepted 129. Emin=0.22217285, Emax=308.99146247
realization 130 / 300 ... accepted 130. Emin=0.77817673, Emax=306.87879370
realization 131 / 300 ... accepted 131. Emin=0.71487034, Emax=307.92373132
realization 132 / 300 ... accepted 132. Emin=-3.24140822, Emax=302.36668565
realization 133 / 300 ... accepted 133. Emin=2.02485744, Emax=310.46610083
realization 134 / 300 ... accepted 134. Emin=-3.20403814, Emax=303.81811955
realization 135 / 300 ... accepted 135. Emin=-3.16500631, Emax=304.48016348
realization 136 / 300 ... accepted 136. Emin=-2.65146792, Emax=303.87310889
realization 137 / 300 ... accepted 137. Emin=-2.71617242, Emax=304.47048846
realization 138 / 300 ... accepted 138. Emin=-2.15458758, Emax=303.82605227
realization 139 / 300 ... accepted 139. Emin=-5.07355805, Emax=299.52984914
realization 140 / 300 ... accepted 140. Emin=-2.69199898, Emax=302.57037826
realization 141 / 300 ... accepted 141. Emin=-3.63757543, Emax=302.94438637
realization 142 / 300 ... accepted 142. Emin=1.83189001, Emax=308.95311159
realization 143 / 300 ... accepted 143. Emin=1.13821399, Emax=306.86285065
realization 144 / 300 ... accepted 144. Emin=0.15250590, Emax=306.42186003
realization 145 / 300 ... accepted 145. Emin=-1.11569514, Emax=305.69957441
realization 146 / 300 ... accepted 146. Emin=1.32801727, Emax=310.60442374
realization 147 / 300 ... accepted 147. Emin=1.31141127, Emax=307.57642051
realization 148 / 300 ... accepted 148. Emin=0.65233822, Emax=305.94061879
realization 149 / 300 ... accepted 149. Emin=-1.69036479, Emax=302.78882759
realization 150 / 300 ... accepted 150. Emin=-0.00864182, Emax=304.17048046
realization 151 / 300 ... accepted 151. Emin=-2.49321617, Emax=303.06816952
realization 152 / 300 ... accepted 152. Emin=1.34545431, Emax=306.35249328
realization 153 / 300 ... accepted 153. Emin=-0.23383528, Emax=305.26897988
realization 154 / 300 ... accepted 154. Emin=4.12203360, Emax=307.20796627
realization 155 / 300 ... accepted 155. Emin=5.18024714, Emax=310.04510533
realization 156 / 300 ... accepted 156. Emin=2.20205720, Emax=305.94049561
realization 157 / 300 ... accepted 157. Emin=-0.17852235, Emax=305.93030904
realization 158 / 300 ... accepted 158. Emin=3.67531815, Emax=306.77160449
realization 159 / 300 ... accepted 159. Emin=-1.02549988, Emax=307.17866550
realization 160 / 300 ... accepted 160. Emin=-4.27429168, Emax=301.17998346
realization 161 / 300 ... accepted 161. Emin=2.51534299, Emax=307.39153368
realization 162 / 300 ... accepted 162. Emin=-1.41927406, Emax=303.68334597
realization 163 / 300 ... accepted 163. Emin=2.75210770, Emax=309.56335684
realization 164 / 300 ... accepted 164. Emin=-0.18771904, Emax=307.70032158
realization 165 / 300 ... accepted 165. Emin=3.36675301, Emax=309.75153808
realization 166 / 300 ... accepted 166. Emin=-1.62035190, Emax=307.51711137
realization 167 / 300 ... accepted 167. Emin=-1.02873337, Emax=302.42538735
realization 168 / 300 ... accepted 168. Emin=0.50067382, Emax=304.50646516
realization 169 / 300 ... accepted 169. Emin=-0.52968375, Emax=308.46085609
realization 170 / 300 ... accepted 170. Emin=1.24157076, Emax=305.60461423
realization 171 / 300 ... accepted 171. Emin=-0.40547980, Emax=303.84742025
realization 172 / 300 ... accepted 172. Emin=-1.38108891, Emax=302.84495606
realization 173 / 300 ... accepted 173. Emin=-2.61227217, Emax=304.03419025
realization 174 / 300 ... accepted 174. Emin=5.92050564, Emax=310.67032333
realization 175 / 300 ... accepted 175. Emin=1.99019947, Emax=308.45819614
realization 176 / 300 ... accepted 176. Emin=1.91197916, Emax=307.97484671
realization 177 / 300 ... accepted 177. Emin=2.30920361, Emax=307.46577858
realization 178 / 300 ... accepted 178. Emin=-1.84865435, Emax=304.95760073
realization 179 / 300 ... accepted 179. Emin=0.60619224, Emax=305.65473983
realization 180 / 300 ... accepted 180. Emin=-3.32364715, Emax=302.59774930
realization 181 / 300 ... accepted 181. Emin=0.68940423, Emax=305.73401394
realization 182 / 300 ... accepted 182. Emin=3.00555808, Emax=308.56987669
realization 183 / 300 ... accepted 183. Emin=-0.69150518, Emax=305.76418301
realization 184 / 300 ... accepted 184. Emin=-0.21688500, Emax=305.98077392
realization 185 / 300 ... accepted 185. Emin=1.96939038, Emax=308.01163881
realization 186 / 300 ... accepted 186. Emin=1.61062021, Emax=307.75713449
realization 187 / 300 ... accepted 187. Emin=3.23484662, Emax=306.86301179
realization 188 / 300 ... accepted 188. Emin=1.47812273, Emax=305.27263107
realization 189 / 300 ... accepted 189. Emin=-1.87883646, Emax=305.78924671
realization 190 / 300 ... accepted 190. Emin=0.11676664, Emax=304.26091413
realization 191 / 300 ... accepted 191. Emin=2.90872690, Emax=309.01546610
realization 192 / 300 ... accepted 192. Emin=3.84439152, Emax=307.70889494
realization 193 / 300 ... accepted 193. Emin=1.02012780, Emax=306.79931847
realization 194 / 300 ... accepted 194. Emin=-6.56277186, Emax=295.56556989
realization 195 / 300 ... accepted 195. Emin=-3.63755660, Emax=303.14177120
realization 196 / 300 ... accepted 196. Emin=-3.20477465, Emax=300.75901376
realization 197 / 300 ... accepted 197. Emin=-1.00529730, Emax=306.37653669
realization 198 / 300 ... accepted 198. Emin=-6.24884345, Emax=297.71931449
realization 199 / 300 ... accepted 199. Emin=-1.29385462, Emax=306.07827042
realization 200 / 300 ... accepted 200. Emin=4.22154662, Emax=308.91370164
realization 201 / 300 ... accepted 201. Emin=3.73451368, Emax=309.12979556
realization 202 / 300 ... accepted 202. Emin=3.36924430, Emax=308.75067313
realization 203 / 300 ... accepted 203. Emin=-2.96103708, Emax=300.76552396
realization 204 / 300 ... accepted 204. Emin=4.10805391, Emax=308.55520069
realization 205 / 300 ... accepted 205. Emin=0.21375891, Emax=304.92962657
realization 206 / 300 ... accepted 206. Emin=-5.54151575, Emax=297.98468003
realization 207 / 300 ... accepted 207. Emin=-4.56930989, Emax=299.29507086
realization 208 / 300 ... accepted 208. Emin=-0.68219709, Emax=303.91462034
realization 209 / 300 ... accepted 209. Emin=-2.41554880, Emax=301.69689530
realization 210 / 300 ... accepted 210. Emin=-1.47927915, Emax=305.87712173
realization 211 / 300 ... accepted 211. Emin=-1.88597241, Emax=302.42072819
realization 212 / 300 ... accepted 212. Emin=-5.35391345, Emax=301.26220730
realization 213 / 300 ... accepted 213. Emin=3.44753511, Emax=309.44137365
realization 214 / 300 ... accepted 214. Emin=3.91872776, Emax=308.08651292
realization 215 / 300 ... accepted 215. Emin=-2.84333545, Emax=302.60887238
realization 216 / 300 ... accepted 216. Emin=-1.21404576, Emax=304.88567277
realization 217 / 300 ... accepted 217. Emin=0.10905603, Emax=306.16976325
realization 218 / 300 ... accepted 218. Emin=1.37730226, Emax=308.14933097
realization 219 / 300 ... accepted 219. Emin=-0.49547777, Emax=304.13638004
realization 220 / 300 ... accepted 220. Emin=-2.55752923, Emax=304.20534689
realization 221 / 300 ... accepted 221. Emin=-0.96015295, Emax=302.73551455
realization 222 / 300 ... accepted 222. Emin=-2.92702488, Emax=303.47689846
realization 223 / 300 ... accepted 223. Emin=-0.62796656, Emax=308.09430731
realization 224 / 300 ... accepted 224. Emin=-1.56206461, Emax=304.63104279
realization 225 / 300 ... accepted 225. Emin=-3.29290126, Emax=302.43568726
realization 226 / 300 ... accepted 226. Emin=-6.32416236, Emax=297.64954155
realization 227 / 300 ... accepted 227. Emin=0.07573975, Emax=305.70551567
realization 228 / 300 ... accepted 228. Emin=3.51138080, Emax=308.11265721
realization 229 / 300 ... accepted 229. Emin=-2.25191336, Emax=303.47236690
realization 230 / 300 ... accepted 230. Emin=-2.46121109, Emax=302.35175479
realization 231 / 300 ... accepted 231. Emin=4.66822949, Emax=310.14574652
realization 232 / 300 ... accepted 232. Emin=0.14894460, Emax=308.62924030
realization 233 / 300 ... accepted 233. Emin=-2.69475531, Emax=304.77402059
realization 234 / 300 ... accepted 234. Emin=1.31932878, Emax=306.45170162
realization 235 / 300 ... accepted 235. Emin=0.59238134, Emax=304.20163649
realization 236 / 300 ... accepted 236. Emin=-2.52468186, Emax=301.13615673
realization 237 / 300 ... accepted 237. Emin=-2.96693390, Emax=302.05314314
realization 238 / 300 ... accepted 238. Emin=-0.67411316, Emax=309.45936631
realization 239 / 300 ... accepted 239. Emin=-2.19217455, Emax=303.32080504
realization 240 / 300 ... accepted 240. Emin=-4.45136777, Emax=299.97315618
realization 241 / 300 ... accepted 241. Emin=-4.37737136, Emax=301.46194983
realization 242 / 300 ... accepted 242. Emin=1.44048922, Emax=306.35628317
realization 243 / 300 ... accepted 243. Emin=0.72343660, Emax=305.39895524
realization 244 / 300 ... accepted 244. Emin=2.63055988, Emax=310.12593972
realization 245 / 300 ... accepted 245. Emin=4.50908839, Emax=309.40009591
realization 246 / 300 ... accepted 246. Emin=-2.67537352, Emax=302.61974618
realization 247 / 300 ... accepted 247. Emin=-2.96009712, Emax=299.74005840
realization 248 / 300 ... accepted 248. Emin=4.24023682, Emax=311.01752217
realization 249 / 300 ... accepted 249. Emin=2.11906918, Emax=307.82975879
realization 250 / 300 ... accepted 250. Emin=-1.27569869, Emax=304.98524999
realization 251 / 300 ... accepted 251. Emin=-0.92813607, Emax=306.02848323
realization 252 / 300 ... accepted 252. Emin=-0.15452279, Emax=305.20482793
realization 253 / 300 ... accepted 253. Emin=-1.20066633, Emax=304.09722392
realization 254 / 300 ... accepted 254. Emin=-1.47868092, Emax=303.51239853
realization 255 / 300 ... accepted 255. Emin=6.74076656, Emax=308.72633437
realization 256 / 300 ... accepted 256. Emin=-4.91464409, Emax=299.91738778
realization 257 / 300 ... accepted 257. Emin=-0.44587198, Emax=306.32265961
realization 258 / 300 ... accepted 258. Emin=1.71067720, Emax=307.67718907
realization 259 / 300 ... accepted 259. Emin=5.27442665, Emax=308.99897259
realization 260 / 300 ... accepted 260. Emin=-2.99486288, Emax=303.23990509
realization 261 / 300 ... accepted 261. Emin=-3.77400387, Emax=300.10194850
realization 262 / 300 ... accepted 262. Emin=7.17750601, Emax=310.57135910
realization 263 / 300 ... accepted 263. Emin=-5.07191713, Emax=301.14646718
realization 264 / 300 ... accepted 264. Emin=-0.88425501, Emax=304.52146443
realization 265 / 300 ... accepted 265. Emin=0.93302922, Emax=308.86230456
realization 266 / 300 ... accepted 266. Emin=-4.87003544, Emax=299.50508765
realization 267 / 300 ... accepted 267. Emin=3.34663137, Emax=311.01553789
realization 268 / 300 ... accepted 268. Emin=-1.51022898, Emax=304.07245027
realization 269 / 300 ... accepted 269. Emin=2.70037931, Emax=307.38064857
realization 270 / 300 ... accepted 270. Emin=1.99867919, Emax=307.34666925
realization 271 / 300 ... accepted 271. Emin=-6.63214030, Emax=297.07166307
realization 272 / 300 ... accepted 272. Emin=-1.52349727, Emax=304.08048561
realization 273 / 300 ... accepted 273. Emin=2.52309786, Emax=306.84605820
realization 274 / 300 ... accepted 274. Emin=-4.75026449, Emax=300.10171662
realization 275 / 300 ... accepted 275. Emin=2.69380695, Emax=307.88313125
realization 276 / 300 ... accepted 276. Emin=-2.94621996, Emax=304.59717771
realization 277 / 300 ... accepted 277. Emin=-1.92057432, Emax=303.71647590
realization 278 / 300 ... accepted 278. Emin=-3.92143495, Emax=301.89227663
realization 279 / 300 ... accepted 279. Emin=0.55785108, Emax=305.02512733
realization 280 / 300 ... accepted 280. Emin=2.00979940, Emax=307.62755864
realization 281 / 300 ... accepted 281. Emin=0.07592802, Emax=307.16818011
realization 282 / 300 ... accepted 282. Emin=0.38396730, Emax=307.83015738
realization 283 / 300 ... accepted 283. Emin=0.58395435, Emax=310.04041686
realization 284 / 300 ... accepted 284. Emin=2.35809201, Emax=305.41431691
realization 285 / 300 ... accepted 285. Emin=-3.14579230, Emax=303.09680523
realization 286 / 300 ... accepted 286. Emin=-3.87436516, Emax=299.62975299
realization 287 / 300 ... accepted 287. Emin=-3.24071070, Emax=304.86127890
realization 288 / 300 ... accepted 288. Emin=2.48321634, Emax=307.18327955
realization 289 / 300 ... accepted 289. Emin=1.13864677, Emax=307.12286506
realization 290 / 300 ... accepted 290. Emin=3.78440709, Emax=308.56074004
realization 291 / 300 ... accepted 291. Emin=-2.50548308, Emax=301.12543071
realization 292 / 300 ... accepted 292. Emin=-1.85899742, Emax=302.07122825
realization 293 / 300 ... accepted 293. Emin=-5.12686299, Emax=300.38469130
realization 294 / 300 ... accepted 294. Emin=0.99254071, Emax=307.26314573
realization 295 / 300 ... accepted 295. Emin=-0.50483677, Emax=306.34769994
realization 296 / 300 ... accepted 296. Emin=-2.22350010, Emax=303.06967261
realization 297 / 300 ... accepted 297. Emin=-0.78320209, Emax=305.58897571
realization 298 / 300 ... accepted 298. Emin=1.05933334, Emax=306.49215397
realization 299 / 300 ... accepted 299. Emin=-2.48450052, Emax=302.42468979
realization 300 / 300 ... accepted 300. Emin=-1.94497116, Emax=302.37112083
Saved final energies: /home/2/kj405942/POLFED_bosons/pbs_bose_legacy_nmax2_periodic/data/U_50/W_2/L_6/N_6_nmax_2/boundary_periodic/energies_full_U50_L6_N6_nmax2_W2_boundaryperiodic_nreal300.txt
Accepted realizations: 300 / 300
Skipped realizations: 0
Job finished at Sun May 31 17:14:01 UTC 2026
