Job started on w31 at Sun May 31 17:11:40 UTC 2026
PBS_JOBID=7731541.kruk-host.ift-klaster.lan
PBS_O_WORKDIR=/home/2/kj405942/POLFED_bosons
Bose-Hubbard: L=6, N=6, nmax=2, dim=141
t=1, U=50, W=7, nreal=300, boundary=periodic, mode=full
Writing partial results to /home/2/kj405942/POLFED_bosons/pbs_bose_legacy_nmax2_periodic/data/U_50/W_7/L_6/N_6_nmax_2/boundary_periodic/energies_full_U50_L6_N6_nmax2_W7_boundaryperiodic_nreal300_partial.txt
realization 1 / 300 ... accepted 1. Emin=4.75487238, Emax=323.67052650
realization 2 / 300 ... accepted 2. Emin=15.79553571, Emax=334.30514192
realization 3 / 300 ... accepted 3. Emin=-11.03657590, Emax=308.31680267
realization 4 / 300 ... accepted 4. Emin=6.40863619, Emax=323.27726152
realization 5 / 300 ... accepted 5. Emin=-6.88111983, Emax=303.26148272
realization 6 / 300 ... accepted 6. Emin=0.87142816, Emax=319.02633064
realization 7 / 300 ... accepted 7. Emin=-0.10626455, Emax=317.38993253
realization 8 / 300 ... accepted 8. Emin=14.55151303, Emax=334.30586311
realization 9 / 300 ... accepted 9. Emin=1.34907586, Emax=316.05774750
realization 10 / 300 ... accepted 10. Emin=-4.91007705, Emax=319.52245503
realization 11 / 300 ... accepted 11. Emin=5.48493394, Emax=331.46269836
realization 12 / 300 ... accepted 12. Emin=9.71746770, Emax=333.69814398
realization 13 / 300 ... accepted 13. Emin=3.13870470, Emax=337.74043304
realization 14 / 300 ... accepted 14. Emin=1.33048032, Emax=334.37357656
realization 15 / 300 ... accepted 15. Emin=-11.34732447, Emax=305.46379932
realization 16 / 300 ... accepted 16. Emin=1.22415080, Emax=314.21424241
realization 17 / 300 ... accepted 17. Emin=-9.23244882, Emax=305.70859368
realization 18 / 300 ... accepted 18. Emin=0.44899525, Emax=321.66985171
realization 19 / 300 ... accepted 19. Emin=-2.51702995, Emax=318.84903722
realization 20 / 300 ... accepted 20. Emin=12.53714847, Emax=326.38718191
realization 21 / 300 ... accepted 21. Emin=7.63390871, Emax=328.09011255
realization 22 / 300 ... accepted 22. Emin=20.39915611, Emax=337.24729228
realization 23 / 300 ... accepted 23. Emin=6.00559965, Emax=329.49869448
realization 24 / 300 ... accepted 24. Emin=-2.13125455, Emax=327.49006296
realization 25 / 300 ... accepted 25. Emin=5.40550280, Emax=321.30488160
realization 26 / 300 ... accepted 26. Emin=3.12481329, Emax=331.30998139
realization 27 / 300 ... accepted 27. Emin=7.97460248, Emax=328.69012574
realization 28 / 300 ... accepted 28. Emin=16.81407430, Emax=329.86315876
realization 29 / 300 ... accepted 29. Emin=0.89860895, Emax=323.02366631
realization 30 / 300 ... accepted 30. Emin=-9.47383893, Emax=319.07008178
realization 31 / 300 ... accepted 31. Emin=2.83806253, Emax=318.66931018
realization 32 / 300 ... accepted 32. Emin=-2.25320512, Emax=323.60940990
realization 33 / 300 ... accepted 33. Emin=-17.17591785, Emax=300.64618580
realization 34 / 300 ... accepted 34. Emin=12.08676926, Emax=329.40643174
realization 35 / 300 ... accepted 35. Emin=-10.19295397, Emax=310.23326084
realization 36 / 300 ... accepted 36. Emin=2.27122021, Emax=322.64477624
realization 37 / 300 ... accepted 37. Emin=17.13717209, Emax=335.63566598
realization 38 / 300 ... accepted 38. Emin=2.47080493, Emax=326.07052319
realization 39 / 300 ... accepted 39. Emin=-5.51250101, Emax=318.02263297
realization 40 / 300 ... accepted 40. Emin=11.58051201, Emax=334.23063184
realization 41 / 300 ... accepted 41. Emin=-23.27113363, Emax=287.35694151
realization 42 / 300 ... accepted 42. Emin=13.77238697, Emax=333.81955605
realization 43 / 300 ... accepted 43. Emin=-3.24952295, Emax=326.15292534
realization 44 / 300 ... accepted 44. Emin=0.60974301, Emax=314.64656731
realization 45 / 300 ... accepted 45. Emin=4.61971034, Emax=329.32782800
realization 46 / 300 ... accepted 46. Emin=2.66918500, Emax=329.83132711
realization 47 / 300 ... accepted 47. Emin=-11.81788887, Emax=300.62851324
realization 48 / 300 ... accepted 48. Emin=6.04079121, Emax=322.85896392
realization 49 / 300 ... accepted 49. Emin=13.77807197, Emax=323.79003939
realization 50 / 300 ... accepted 50. Emin=-15.36024057, Emax=299.17056778
realization 51 / 300 ... accepted 51. Emin=-8.15461782, Emax=312.72362531
realization 52 / 300 ... accepted 52. Emin=-2.14426996, Emax=318.80798739
realization 53 / 300 ... accepted 53. Emin=0.84107853, Emax=314.39795949
realization 54 / 300 ... accepted 54. Emin=-9.16388327, Emax=303.15643467
realization 55 / 300 ... accepted 55. Emin=-0.27292838, Emax=323.69878411
realization 56 / 300 ... accepted 56. Emin=-11.62287866, Emax=310.53733169
realization 57 / 300 ... accepted 57. Emin=0.40075585, Emax=318.54131936
realization 58 / 300 ... accepted 58. Emin=8.11182456, Emax=326.19972131
realization 59 / 300 ... accepted 59. Emin=0.98716427, Emax=320.31243408
realization 60 / 300 ... accepted 60. Emin=-5.82220835, Emax=304.06808672
realization 61 / 300 ... accepted 61. Emin=-7.87018352, Emax=311.26138382
realization 62 / 300 ... accepted 62. Emin=1.23787610, Emax=323.79680990
realization 63 / 300 ... accepted 63. Emin=-4.37264825, Emax=312.17969814
realization 64 / 300 ... accepted 64. Emin=4.28152551, Emax=319.74935111
realization 65 / 300 ... accepted 65. Emin=-3.60104603, Emax=319.48918273
realization 66 / 300 ... accepted 66. Emin=8.83438926, Emax=339.20801731
realization 67 / 300 ... accepted 67. Emin=-7.42070751, Emax=310.73887616
realization 68 / 300 ... accepted 68. Emin=-8.41442427, Emax=314.94629511
realization 69 / 300 ... accepted 69. Emin=-10.05626705, Emax=312.23153412
realization 70 / 300 ... accepted 70. Emin=-1.99604995, Emax=315.70431173
realization 71 / 300 ... accepted 71. Emin=-9.04727664, Emax=306.03925434
realization 72 / 300 ... accepted 72. Emin=-8.87691639, Emax=315.74303926
realization 73 / 300 ... accepted 73. Emin=-2.32981112, Emax=322.63317256
realization 74 / 300 ... accepted 74. Emin=-3.57211958, Emax=317.59503188
realization 75 / 300 ... accepted 75. Emin=-4.24313915, Emax=325.62080845
realization 76 / 300 ... accepted 76. Emin=-12.55552428, Emax=305.12236497
realization 77 / 300 ... accepted 77. Emin=-6.48748020, Emax=303.57665264
realization 78 / 300 ... accepted 78. Emin=-31.18097187, Emax=277.19272025
realization 79 / 300 ... accepted 79. Emin=-9.86288768, Emax=307.18102182
realization 80 / 300 ... accepted 80. Emin=-25.18052097, Emax=288.76482257
realization 81 / 300 ... accepted 81. Emin=-5.75703621, Emax=314.82937121
realization 82 / 300 ... accepted 82. Emin=18.86844805, Emax=329.73167743
realization 83 / 300 ... accepted 83. Emin=-9.65656628, Emax=312.05851940
realization 84 / 300 ... accepted 84. Emin=2.16089159, Emax=315.49047100
realization 85 / 300 ... accepted 85. Emin=5.75769131, Emax=321.40747059
realization 86 / 300 ... accepted 86. Emin=10.54424961, Emax=331.77310957
realization 87 / 300 ... accepted 87. Emin=-2.59186285, Emax=320.98515542
realization 88 / 300 ... accepted 88. Emin=-14.24865752, Emax=296.95691063
realization 89 / 300 ... accepted 89. Emin=-6.40662812, Emax=324.79288997
realization 90 / 300 ... accepted 90. Emin=-0.85731760, Emax=322.69489968
realization 91 / 300 ... accepted 91. Emin=-1.41245905, Emax=311.48241296
realization 92 / 300 ... accepted 92. Emin=-5.14316389, Emax=311.65262429
realization 93 / 300 ... accepted 93. Emin=13.48842337, Emax=324.02395666
realization 94 / 300 ... accepted 94. Emin=4.23337539, Emax=323.31297308
realization 95 / 300 ... accepted 95. Emin=-7.01138931, Emax=307.32844436
realization 96 / 300 ... accepted 96. Emin=-3.27489940, Emax=308.42872066
realization 97 / 300 ... accepted 97. Emin=-6.79917193, Emax=308.21354068
realization 98 / 300 ... accepted 98. Emin=0.74744420, Emax=318.40604248
realization 99 / 300 ... accepted 99. Emin=12.26030854, Emax=333.08701438
realization 100 / 300 ... accepted 100. Emin=-3.13969130, Emax=313.59727765
realization 101 / 300 ... accepted 101. Emin=-8.49298204, Emax=302.01624829
realization 102 / 300 ... accepted 102. Emin=13.32870391, Emax=325.00741941
realization 103 / 300 ... accepted 103. Emin=-5.54880130, Emax=315.90850486
realization 104 / 300 ... accepted 104. Emin=6.71380244, Emax=323.46559564
realization 105 / 300 ... accepted 105. Emin=-24.53572483, Emax=286.87768105
realization 106 / 300 ... accepted 106. Emin=4.69615521, Emax=324.40637330
realization 107 / 300 ... accepted 107. Emin=9.20742719, Emax=328.63049075
realization 108 / 300 ... accepted 108. Emin=7.19102432, Emax=325.53278926
realization 109 / 300 ... accepted 109. Emin=14.79779460, Emax=326.93639693
realization 110 / 300 ... accepted 110. Emin=-1.92476846, Emax=322.45367625
realization 111 / 300 ... accepted 111. Emin=7.60397985, Emax=324.31243450
realization 112 / 300 ... accepted 112. Emin=6.74880846, Emax=321.32915253
realization 113 / 300 ... accepted 113. Emin=-5.31154596, Emax=315.66016583
realization 114 / 300 ... accepted 114. Emin=-7.44951149, Emax=306.56361308
realization 115 / 300 ... accepted 115. Emin=4.00946322, Emax=323.63167585
realization 116 / 300 ... accepted 116. Emin=5.99819630, Emax=327.08403543
realization 117 / 300 ... accepted 117. Emin=2.84886634, Emax=323.73927969
realization 118 / 300 ... accepted 118. Emin=-2.32515143, Emax=308.39324833
realization 119 / 300 ... accepted 119. Emin=9.58108388, Emax=329.59826829
realization 120 / 300 ... accepted 120. Emin=0.70027952, Emax=313.05825989
realization 121 / 300 ... accepted 121. Emin=-1.96329984, Emax=320.85055682
realization 122 / 300 ... accepted 122. Emin=6.56723775, Emax=330.70268477
realization 123 / 300 ... accepted 123. Emin=-7.65910521, Emax=312.79018139
realization 124 / 300 ... accepted 124. Emin=5.16079730, Emax=321.52882426
realization 125 / 300 ... accepted 125. Emin=0.46564510, Emax=328.50242804
realization 126 / 300 ... accepted 126. Emin=18.41452355, Emax=340.09484576
realization 127 / 300 ... accepted 127. Emin=-8.69953107, Emax=318.82966323
realization 128 / 300 ... accepted 128. Emin=3.52146252, Emax=329.25846336
realization 129 / 300 ... accepted 129. Emin=-19.28426532, Emax=295.14863413
realization 130 / 300 ... accepted 130. Emin=-13.21763684, Emax=306.16208439
realization 131 / 300 ... accepted 131. Emin=-12.38657035, Emax=305.95807391
realization 132 / 300 ... accepted 132. Emin=-6.94503001, Emax=313.20974001
realization 133 / 300 ... accepted 133. Emin=9.83770168, Emax=320.64487858
realization 134 / 300 ... accepted 134. Emin=7.65940470, Emax=327.68608269
realization 135 / 300 ... accepted 135. Emin=13.08207380, Emax=332.88913263
realization 136 / 300 ... accepted 136. Emin=6.81358324, Emax=331.32449290
realization 137 / 300 ... accepted 137. Emin=22.77870835, Emax=336.78580101
realization 138 / 300 ... accepted 138. Emin=2.51677187, Emax=320.71155948
realization 139 / 300 ... accepted 139. Emin=-9.63002909, Emax=308.27888109
realization 140 / 300 ... accepted 140. Emin=26.09039944, Emax=334.13570699
realization 141 / 300 ... accepted 141. Emin=2.13763067, Emax=315.74603499
realization 142 / 300 ... accepted 142. Emin=-0.34311086, Emax=323.50028533
realization 143 / 300 ... accepted 143. Emin=5.49192736, Emax=324.80448960
realization 144 / 300 ... accepted 144. Emin=-11.47092485, Emax=297.05487313
realization 145 / 300 ... accepted 145. Emin=-14.55970946, Emax=295.78607336
realization 146 / 300 ... accepted 146. Emin=5.96444773, Emax=321.19416818
realization 147 / 300 ... accepted 147. Emin=34.63914963, Emax=338.41115346
realization 148 / 300 ... accepted 148. Emin=4.39707203, Emax=314.75413838
realization 149 / 300 ... accepted 149. Emin=11.84439520, Emax=328.26873816
realization 150 / 300 ... accepted 150. Emin=12.62710777, Emax=323.28125824
realization 151 / 300 ... accepted 151. Emin=-10.40826909, Emax=313.82054501
realization 152 / 300 ... accepted 152. Emin=3.47197035, Emax=335.25872181
realization 153 / 300 ... accepted 153. Emin=6.75793456, Emax=334.26581312
realization 154 / 300 ... accepted 154. Emin=-5.19215073, Emax=302.37987847
realization 155 / 300 ... accepted 155. Emin=10.12127098, Emax=322.41266333
realization 156 / 300 ... accepted 156. Emin=-9.06559571, Emax=310.30733541
realization 157 / 300 ... accepted 157. Emin=-10.57695990, Emax=305.65687151
realization 158 / 300 ... accepted 158. Emin=-22.34088287, Emax=290.94528529
realization 159 / 300 ... accepted 159. Emin=-1.19551097, Emax=318.42185054
realization 160 / 300 ... accepted 160. Emin=-7.05445676, Emax=310.55512213
realization 161 / 300 ... accepted 161. Emin=7.48473577, Emax=319.10221851
realization 162 / 300 ... accepted 162. Emin=15.55610593, Emax=328.59240776
realization 163 / 300 ... accepted 163. Emin=-0.34290040, Emax=315.63246876
realization 164 / 300 ... accepted 164. Emin=1.86295979, Emax=321.37947057
realization 165 / 300 ... accepted 165. Emin=-0.71790800, Emax=322.40353510
realization 166 / 300 ... accepted 166. Emin=-3.30845118, Emax=316.97986176
realization 167 / 300 ... accepted 167. Emin=-24.50548088, Emax=283.49040116
realization 168 / 300 ... accepted 168. Emin=-6.46056506, Emax=311.86799855
realization 169 / 300 ... accepted 169. Emin=-10.28543743, Emax=301.02375695
realization 170 / 300 ... accepted 170. Emin=-1.66504977, Emax=321.85420272
realization 171 / 300 ... accepted 171. Emin=-6.39568547, Emax=320.57674142
realization 172 / 300 ... accepted 172. Emin=1.06018593, Emax=317.44595525
realization 173 / 300 ... accepted 173. Emin=-5.99887828, Emax=313.34608432
realization 174 / 300 ... accepted 174. Emin=-7.70548815, Emax=315.23230786
realization 175 / 300 ... accepted 175. Emin=-0.22076595, Emax=325.91908862
realization 176 / 300 ... accepted 176. Emin=6.47442642, Emax=329.86827649
realization 177 / 300 ... accepted 177. Emin=8.64671555, Emax=328.10254804
realization 178 / 300 ... accepted 178. Emin=-18.26064844, Emax=295.65972730
realization 179 / 300 ... accepted 179. Emin=-2.30193278, Emax=318.30393657
realization 180 / 300 ... accepted 180. Emin=-14.84509863, Emax=300.90931483
realization 181 / 300 ... accepted 181. Emin=-3.36056821, Emax=317.25033269
realization 182 / 300 ... accepted 182. Emin=-1.97413214, Emax=314.61780101
realization 183 / 300 ... accepted 183. Emin=12.34267549, Emax=326.26007040
realization 184 / 300 ... accepted 184. Emin=-25.22411844, Emax=284.91514274
realization 185 / 300 ... accepted 185. Emin=-11.05281688, Emax=302.43058194
realization 186 / 300 ... accepted 186. Emin=5.63960587, Emax=324.86661444
realization 187 / 300 ... accepted 187. Emin=0.39863701, Emax=326.55699165
realization 188 / 300 ... accepted 188. Emin=4.34431923, Emax=323.93425715
realization 189 / 300 ... accepted 189. Emin=-5.62337531, Emax=306.89346923
realization 190 / 300 ... accepted 190. Emin=-11.94528897, Emax=311.79023081
realization 191 / 300 ... accepted 191. Emin=-10.50310383, Emax=311.43743888
realization 192 / 300 ... accepted 192. Emin=0.57475347, Emax=322.12668948
realization 193 / 300 ... accepted 193. Emin=-6.75935337, Emax=314.52058333
realization 194 / 300 ... accepted 194. Emin=-15.12453085, Emax=301.17296204
realization 195 / 300 ... accepted 195. Emin=-10.52546855, Emax=307.02126524
realization 196 / 300 ... accepted 196. Emin=2.96686018, Emax=326.96873709
realization 197 / 300 ... accepted 197. Emin=-13.93252522, Emax=301.78051750
realization 198 / 300 ... accepted 198. Emin=6.18481725, Emax=328.42003254
realization 199 / 300 ... accepted 199. Emin=-6.13288575, Emax=312.56733030
realization 200 / 300 ... accepted 200. Emin=1.65254020, Emax=321.19607880
realization 201 / 300 ... accepted 201. Emin=-1.27405886, Emax=320.12029660
realization 202 / 300 ... accepted 202. Emin=-15.22486441, Emax=302.56547166
realization 203 / 300 ... accepted 203. Emin=0.34537642, Emax=322.34638157
realization 204 / 300 ... accepted 204. Emin=-7.87755661, Emax=318.18931087
realization 205 / 300 ... accepted 205. Emin=4.48372879, Emax=330.01696209
realization 206 / 300 ... accepted 206. Emin=-7.27108809, Emax=314.52273712
realization 207 / 300 ... accepted 207. Emin=5.73230231, Emax=325.64939075
realization 208 / 300 ... accepted 208. Emin=18.47236885, Emax=332.52431981
realization 209 / 300 ... accepted 209. Emin=-2.36163748, Emax=317.60014161
realization 210 / 300 ... accepted 210. Emin=-2.35303734, Emax=316.52185248
realization 211 / 300 ... accepted 211. Emin=-7.84939022, Emax=308.29406955
realization 212 / 300 ... accepted 212. Emin=-4.56991249, Emax=327.29918175
realization 213 / 300 ... accepted 213. Emin=-0.51549030, Emax=326.03825780
realization 214 / 300 ... accepted 214. Emin=-7.99368472, Emax=312.92673428
realization 215 / 300 ... accepted 215. Emin=7.29923193, Emax=320.00455057
realization 216 / 300 ... accepted 216. Emin=-2.69658665, Emax=319.25311587
realization 217 / 300 ... accepted 217. Emin=-20.60730552, Emax=295.35568280
realization 218 / 300 ... accepted 218. Emin=4.04724796, Emax=318.17055300
realization 219 / 300 ... accepted 219. Emin=1.71924089, Emax=321.14312460
realization 220 / 300 ... accepted 220. Emin=-11.25047733, Emax=312.00842054
realization 221 / 300 ... accepted 221. Emin=8.82767343, Emax=324.23627159
realization 222 / 300 ... accepted 222. Emin=-12.82057439, Emax=302.08226449
realization 223 / 300 ... accepted 223. Emin=-6.86538652, Emax=322.34257271
realization 224 / 300 ... accepted 224. Emin=0.65078587, Emax=325.04072937
realization 225 / 300 ... accepted 225. Emin=-15.68355296, Emax=300.85089938
realization 226 / 300 ... accepted 226. Emin=10.76793032, Emax=336.88538645
realization 227 / 300 ... accepted 227. Emin=9.11658332, Emax=326.59352208
realization 228 / 300 ... accepted 228. Emin=-9.43541301, Emax=305.72615968
realization 229 / 300 ... accepted 229. Emin=-21.39434752, Emax=294.31266678
realization 230 / 300 ... accepted 230. Emin=0.86295043, Emax=313.84997428
realization 231 / 300 ... accepted 231. Emin=7.73403319, Emax=322.28054396
realization 232 / 300 ... accepted 232. Emin=6.51930536, Emax=330.82344629
realization 233 / 300 ... accepted 233. Emin=10.18893279, Emax=328.32804902
realization 234 / 300 ... accepted 234. Emin=2.40922013, Emax=319.71996110
realization 235 / 300 ... accepted 235. Emin=-3.77526252, Emax=319.49797142
realization 236 / 300 ... accepted 236. Emin=-3.36349188, Emax=314.57787710
realization 237 / 300 ... accepted 237. Emin=12.79697165, Emax=319.72468509
realization 238 / 300 ... accepted 238. Emin=5.29880341, Emax=316.10443805
realization 239 / 300 ... accepted 239. Emin=-0.51093319, Emax=319.00890332
realization 240 / 300 ... accepted 240. Emin=-3.47428689, Emax=315.36978965
realization 241 / 300 ... accepted 241. Emin=2.22717785, Emax=325.95017169
realization 242 / 300 ... accepted 242. Emin=12.05127485, Emax=324.70390726
realization 243 / 300 ... accepted 243. Emin=6.24518814, Emax=336.15648221
realization 244 / 300 ... accepted 244. Emin=0.37182583, Emax=318.36806290
realization 245 / 300 ... accepted 245. Emin=-5.16394440, Emax=312.35065144
realization 246 / 300 ... accepted 246. Emin=-4.45243727, Emax=317.97059945
realization 247 / 300 ... accepted 247. Emin=-4.14456181, Emax=312.93625158
realization 248 / 300 ... accepted 248. Emin=-1.74919025, Emax=316.32326966
realization 249 / 300 ... accepted 249. Emin=23.06425900, Emax=327.36750043
realization 250 / 300 ... accepted 250. Emin=-12.68578483, Emax=303.56400832
realization 251 / 300 ... accepted 251. Emin=17.71133792, Emax=331.37513928
realization 252 / 300 ... accepted 252. Emin=21.47774891, Emax=331.21468384
realization 253 / 300 ... accepted 253. Emin=0.92298585, Emax=330.01629136
realization 254 / 300 ... accepted 254. Emin=7.38457731, Emax=325.98935291
realization 255 / 300 ... accepted 255. Emin=-1.21093468, Emax=320.31320109
realization 256 / 300 ... accepted 256. Emin=18.83482316, Emax=327.24345908
realization 257 / 300 ... accepted 257. Emin=-3.46684595, Emax=311.30831867
realization 258 / 300 ... accepted 258. Emin=8.50377503, Emax=331.04664822
realization 259 / 300 ... accepted 259. Emin=-11.96631551, Emax=308.63282232
realization 260 / 300 ... accepted 260. Emin=-14.33333334, Emax=304.90973223
realization 261 / 300 ... accepted 261. Emin=-1.04329071, Emax=321.47021541
realization 262 / 300 ... accepted 262. Emin=-12.95313143, Emax=312.35746166
realization 263 / 300 ... accepted 263. Emin=-5.45652433, Emax=310.03949544
realization 264 / 300 ... accepted 264. Emin=3.49326390, Emax=326.67952312
realization 265 / 300 ... accepted 265. Emin=-4.96013685, Emax=319.83894506
realization 266 / 300 ... accepted 266. Emin=12.52020182, Emax=328.82822650
realization 267 / 300 ... accepted 267. Emin=22.27970400, Emax=338.43013516
realization 268 / 300 ... accepted 268. Emin=10.40033319, Emax=334.22332826
realization 269 / 300 ... accepted 269. Emin=-17.71741290, Emax=294.61913358
realization 270 / 300 ... accepted 270. Emin=16.69747192, Emax=329.44307255
realization 271 / 300 ... accepted 271. Emin=7.65252238, Emax=325.93525404
realization 272 / 300 ... accepted 272. Emin=-4.52607230, Emax=315.74212105
realization 273 / 300 ... accepted 273. Emin=-18.10068500, Emax=297.24847901
realization 274 / 300 ... accepted 274. Emin=6.48020804, Emax=326.18144702
realization 275 / 300 ... accepted 275. Emin=15.56980272, Emax=329.67104675
realization 276 / 300 ... accepted 276. Emin=-6.74211471, Emax=305.49286862
realization 277 / 300 ... accepted 277. Emin=3.72227679, Emax=319.69091865
realization 278 / 300 ... accepted 278. Emin=9.25372711, Emax=332.59379129
realization 279 / 300 ... accepted 279. Emin=15.57460808, Emax=329.78642440
realization 280 / 300 ... accepted 280. Emin=3.31573191, Emax=321.11796698
realization 281 / 300 ... accepted 281. Emin=-14.55339215, Emax=306.44923979
realization 282 / 300 ... accepted 282. Emin=6.60086590, Emax=327.92703086
realization 283 / 300 ... accepted 283. Emin=-4.83888734, Emax=305.06131545
realization 284 / 300 ... accepted 284. Emin=-10.04012173, Emax=303.78758368
realization 285 / 300 ... accepted 285. Emin=-4.87321781, Emax=317.73294566
realization 286 / 300 ... accepted 286. Emin=-14.50492436, Emax=297.61486239
realization 287 / 300 ... accepted 287. Emin=1.82206203, Emax=325.58769417
realization 288 / 300 ... accepted 288. Emin=-19.98262831, Emax=291.69404707
realization 289 / 300 ... accepted 289. Emin=9.25883053, Emax=326.55207005
realization 290 / 300 ... accepted 290. Emin=9.51128304, Emax=336.37109875
realization 291 / 300 ... accepted 291. Emin=-15.53549901, Emax=301.85056963
realization 292 / 300 ... accepted 292. Emin=-6.98434225, Emax=317.61190010
realization 293 / 300 ... accepted 293. Emin=5.80365463, Emax=334.49026298
realization 294 / 300 ... accepted 294. Emin=1.10468066, Emax=330.98836800
realization 295 / 300 ... accepted 295. Emin=9.38874486, Emax=331.47169328
realization 296 / 300 ... accepted 296. Emin=2.72843022, Emax=321.81894921
realization 297 / 300 ... accepted 297. Emin=-10.69922933, Emax=313.91363645
realization 298 / 300 ... accepted 298. Emin=3.36320867, Emax=319.51157770
realization 299 / 300 ... accepted 299. Emin=14.86691225, Emax=328.20785723
realization 300 / 300 ... accepted 300. Emin=7.88466189, Emax=319.52939833
Saved final energies: /home/2/kj405942/POLFED_bosons/pbs_bose_legacy_nmax2_periodic/data/U_50/W_7/L_6/N_6_nmax_2/boundary_periodic/energies_full_U50_L6_N6_nmax2_W7_boundaryperiodic_nreal300.txt
Accepted realizations: 300 / 300
Skipped realizations: 0
Job finished at Sun May 31 17:14:01 UTC 2026
