Job started on w21 at Sun May 31 18:03:45 UTC 2026
PBS_JOBID=7731355.kruk-host.ift-klaster.lan
PBS_O_WORKDIR=/home/2/kj405942/POLFED_bosons
Bose-Hubbard: L=6, N=6, nmax=2, dim=141
t=1, U=5, W=1, nreal=300, boundary=periodic, mode=full
Writing partial results to /home/2/kj405942/POLFED_bosons/pbs_bose_legacy_nmax2_periodic/data/U_5/W_1/L_6/N_6_nmax_2/boundary_periodic/energies_full_U5_L6_N6_nmax2_W1_boundaryperiodic_nreal300_partial.txt
realization 1 / 300 ... accepted 1. Emin=-3.66801157, Emax=31.72043043
realization 2 / 300 ... accepted 2. Emin=0.12086141, Emax=35.18927422
realization 3 / 300 ... accepted 3. Emin=-0.82280632, Emax=34.91153970
realization 4 / 300 ... accepted 4. Emin=-2.86158769, Emax=33.21847740
realization 5 / 300 ... accepted 5. Emin=-5.05515082, Emax=31.01941035
realization 6 / 300 ... accepted 6. Emin=-2.57572593, Emax=34.66483169
realization 7 / 300 ... accepted 7. Emin=-2.73063117, Emax=32.99550960
realization 8 / 300 ... accepted 8. Emin=0.41367965, Emax=35.78359581
realization 9 / 300 ... accepted 9. Emin=-2.15879633, Emax=34.19549397
realization 10 / 300 ... accepted 10. Emin=0.36023568, Emax=35.06385255
realization 11 / 300 ... accepted 11. Emin=-1.52500530, Emax=33.45079864
realization 12 / 300 ... accepted 12. Emin=-3.16101101, Emax=32.39261006
realization 13 / 300 ... accepted 13. Emin=-0.81222382, Emax=34.40889687
realization 14 / 300 ... accepted 14. Emin=-3.14960796, Emax=32.54542634
realization 15 / 300 ... accepted 15. Emin=-1.50635874, Emax=34.97892281
realization 16 / 300 ... accepted 16. Emin=-1.31739963, Emax=34.17158633
realization 17 / 300 ... accepted 17. Emin=-1.45234953, Emax=35.30882775
realization 18 / 300 ... accepted 18. Emin=-1.72407331, Emax=34.22087464
realization 19 / 300 ... accepted 19. Emin=-3.73163402, Emax=32.44738217
realization 20 / 300 ... accepted 20. Emin=-1.53978922, Emax=35.14775406
realization 21 / 300 ... accepted 21. Emin=-4.17926842, Emax=32.78817833
realization 22 / 300 ... accepted 22. Emin=-2.73288003, Emax=33.81035420
realization 23 / 300 ... accepted 23. Emin=-3.53498571, Emax=33.46581075
realization 24 / 300 ... accepted 24. Emin=-1.28738931, Emax=33.65449040
realization 25 / 300 ... accepted 25. Emin=-2.29415403, Emax=32.92259457
realization 26 / 300 ... accepted 26. Emin=-1.99936946, Emax=33.39560346
realization 27 / 300 ... accepted 27. Emin=-4.57815260, Emax=30.40986718
realization 28 / 300 ... accepted 28. Emin=-3.32651829, Emax=32.91117423
realization 29 / 300 ... accepted 29. Emin=-2.40991151, Emax=33.03576908
realization 30 / 300 ... accepted 30. Emin=-2.31466301, Emax=33.60733571
realization 31 / 300 ... accepted 31. Emin=-1.97127403, Emax=34.27439394
realization 32 / 300 ... accepted 32. Emin=-1.98549933, Emax=33.98512200
realization 33 / 300 ... accepted 33. Emin=-0.75951540, Emax=35.46753691
realization 34 / 300 ... accepted 34. Emin=-2.90741999, Emax=32.91049785
realization 35 / 300 ... accepted 35. Emin=-1.13900550, Emax=36.08274543
realization 36 / 300 ... accepted 36. Emin=-1.81349028, Emax=35.13555242
realization 37 / 300 ... accepted 37. Emin=-2.16331200, Emax=33.89451173
realization 38 / 300 ... accepted 38. Emin=-0.88486312, Emax=34.89245302
realization 39 / 300 ... accepted 39. Emin=-3.18592569, Emax=33.19848459
realization 40 / 300 ... accepted 40. Emin=-5.05468579, Emax=30.74355422
realization 41 / 300 ... accepted 41. Emin=-3.41819332, Emax=32.09340108
realization 42 / 300 ... accepted 42. Emin=-3.52510104, Emax=33.00253318
realization 43 / 300 ... accepted 43. Emin=-1.05629058, Emax=34.76399453
realization 44 / 300 ... accepted 44. Emin=-4.67171869, Emax=30.59583608
realization 45 / 300 ... accepted 45. Emin=0.30617309, Emax=35.05561213
realization 46 / 300 ... accepted 46. Emin=0.31287940, Emax=35.61259560
realization 47 / 300 ... accepted 47. Emin=-1.00091944, Emax=35.09919601
realization 48 / 300 ... accepted 48. Emin=-1.30686195, Emax=35.16873339
realization 49 / 300 ... accepted 49. Emin=-3.12264860, Emax=31.56670790
realization 50 / 300 ... accepted 50. Emin=-1.19592191, Emax=34.82336450
realization 51 / 300 ... accepted 51. Emin=-1.82558883, Emax=34.01180784
realization 52 / 300 ... accepted 52. Emin=-3.86158652, Emax=31.44204719
realization 53 / 300 ... accepted 53. Emin=-2.98653953, Emax=33.40980927
realization 54 / 300 ... accepted 54. Emin=-1.73073530, Emax=33.97136864
realization 55 / 300 ... accepted 55. Emin=-1.80869896, Emax=34.77682851
realization 56 / 300 ... accepted 56. Emin=-3.53334364, Emax=33.01727876
realization 57 / 300 ... accepted 57. Emin=-2.43970816, Emax=33.33366756
realization 58 / 300 ... accepted 58. Emin=-2.55711986, Emax=33.65934472
realization 59 / 300 ... accepted 59. Emin=-1.78586087, Emax=33.83063623
realization 60 / 300 ... accepted 60. Emin=-1.22121165, Emax=34.85573253
realization 61 / 300 ... accepted 61. Emin=-1.91068226, Emax=34.72546772
realization 62 / 300 ... accepted 62. Emin=-2.26588782, Emax=33.66159971
realization 63 / 300 ... accepted 63. Emin=-3.25669009, Emax=33.22262344
realization 64 / 300 ... accepted 64. Emin=-1.93495925, Emax=33.30778357
realization 65 / 300 ... accepted 65. Emin=-0.13631723, Emax=34.83168592
realization 66 / 300 ... accepted 66. Emin=-2.94812815, Emax=33.31106515
realization 67 / 300 ... accepted 67. Emin=-4.23515479, Emax=30.71607439
realization 68 / 300 ... accepted 68. Emin=-2.00410733, Emax=34.82482483
realization 69 / 300 ... accepted 69. Emin=-3.95776170, Emax=31.79397575
realization 70 / 300 ... accepted 70. Emin=-1.38071989, Emax=35.82340573
realization 71 / 300 ... accepted 71. Emin=-2.50246465, Emax=33.24215994
realization 72 / 300 ... accepted 72. Emin=-5.97372460, Emax=28.80149443
realization 73 / 300 ... accepted 73. Emin=-4.84779934, Emax=30.54105926
realization 74 / 300 ... accepted 74. Emin=-3.71772224, Emax=31.88878718
realization 75 / 300 ... accepted 75. Emin=-0.10617195, Emax=36.90253532
realization 76 / 300 ... accepted 76. Emin=1.19480290, Emax=36.13659450
realization 77 / 300 ... accepted 77. Emin=-0.45954377, Emax=33.98724883
realization 78 / 300 ... accepted 78. Emin=-0.84914315, Emax=34.43385284
realization 79 / 300 ... accepted 79. Emin=-1.57603343, Emax=34.21402123
realization 80 / 300 ... accepted 80. Emin=-2.89782949, Emax=33.64879216
realization 81 / 300 ... accepted 81. Emin=-3.39327189, Emax=31.61413049
realization 82 / 300 ... accepted 82. Emin=-0.94779609, Emax=34.75730522
realization 83 / 300 ... accepted 83. Emin=-3.39863394, Emax=31.69620213
realization 84 / 300 ... accepted 84. Emin=-1.27500691, Emax=34.70817227
realization 85 / 300 ... accepted 85. Emin=-2.03157073, Emax=34.75754117
realization 86 / 300 ... accepted 86. Emin=-0.69562072, Emax=35.06957130
realization 87 / 300 ... accepted 87. Emin=-3.24822097, Emax=33.64372783
realization 88 / 300 ... accepted 88. Emin=-2.11847383, Emax=33.09240529
realization 89 / 300 ... accepted 89. Emin=-2.86677098, Emax=33.12757662
realization 90 / 300 ... accepted 90. Emin=-3.40944496, Emax=32.48574612
realization 91 / 300 ... accepted 91. Emin=-1.99758937, Emax=34.53831935
realization 92 / 300 ... accepted 92. Emin=-4.71304315, Emax=31.17888759
realization 93 / 300 ... accepted 93. Emin=-2.70047116, Emax=33.87536630
realization 94 / 300 ... accepted 94. Emin=-3.51460823, Emax=31.73163158
realization 95 / 300 ... accepted 95. Emin=-2.79275104, Emax=32.57979012
realization 96 / 300 ... accepted 96. Emin=-3.11099471, Emax=32.05037592
realization 97 / 300 ... accepted 97. Emin=-0.94546804, Emax=34.34507585
realization 98 / 300 ... accepted 98. Emin=-0.84188613, Emax=34.18020344
realization 99 / 300 ... accepted 99. Emin=-1.42806398, Emax=34.71945887
realization 100 / 300 ... accepted 100. Emin=-4.57254268, Emax=31.22563714
realization 101 / 300 ... accepted 101. Emin=-0.90951100, Emax=35.66006385
realization 102 / 300 ... accepted 102. Emin=-0.70743723, Emax=34.91649511
realization 103 / 300 ... accepted 103. Emin=-4.21879635, Emax=31.43405384
realization 104 / 300 ... accepted 104. Emin=-4.45564152, Emax=32.08762701
realization 105 / 300 ... accepted 105. Emin=-1.36558913, Emax=34.66752389
realization 106 / 300 ... accepted 106. Emin=-1.07822941, Emax=34.02432945
realization 107 / 300 ... accepted 107. Emin=-1.65264290, Emax=34.77354143
realization 108 / 300 ... accepted 108. Emin=-1.93696434, Emax=34.90379821
realization 109 / 300 ... accepted 109. Emin=-2.09249343, Emax=34.22051750
realization 110 / 300 ... accepted 110. Emin=0.11672103, Emax=36.06653475
realization 111 / 300 ... accepted 111. Emin=-3.74639516, Emax=31.68108517
realization 112 / 300 ... accepted 112. Emin=-0.03777982, Emax=35.13256589
realization 113 / 300 ... accepted 113. Emin=-1.12324374, Emax=34.37170958
realization 114 / 300 ... accepted 114. Emin=-2.76080611, Emax=34.10817332
realization 115 / 300 ... accepted 115. Emin=-1.29205707, Emax=33.31593447
realization 116 / 300 ... accepted 116. Emin=-2.28723096, Emax=33.94437624
realization 117 / 300 ... accepted 117. Emin=-4.79318305, Emax=30.62647023
realization 118 / 300 ... accepted 118. Emin=-0.88020933, Emax=34.46880868
realization 119 / 300 ... accepted 119. Emin=-2.73543608, Emax=34.01673580
realization 120 / 300 ... accepted 120. Emin=-2.86094150, Emax=33.15609870
realization 121 / 300 ... accepted 121. Emin=-0.46668105, Emax=35.42042342
realization 122 / 300 ... accepted 122. Emin=-3.82073111, Emax=31.89597761
realization 123 / 300 ... accepted 123. Emin=-5.19859354, Emax=30.35040728
realization 124 / 300 ... accepted 124. Emin=0.93892930, Emax=35.50116359
realization 125 / 300 ... accepted 125. Emin=-1.81875285, Emax=35.43923024
realization 126 / 300 ... accepted 126. Emin=0.14613592, Emax=35.51304295
realization 127 / 300 ... accepted 127. Emin=-3.81629028, Emax=32.23929682
realization 128 / 300 ... accepted 128. Emin=-3.06901889, Emax=32.85958123
realization 129 / 300 ... accepted 129. Emin=-5.62067526, Emax=29.65200661
realization 130 / 300 ... accepted 130. Emin=-4.33847533, Emax=31.45062456
realization 131 / 300 ... accepted 131. Emin=-2.52955441, Emax=33.70766054
realization 132 / 300 ... accepted 132. Emin=-1.12790449, Emax=34.80475903
realization 133 / 300 ... accepted 133. Emin=-1.93993409, Emax=34.90987017
realization 134 / 300 ... accepted 134. Emin=-2.99365604, Emax=33.49807938
realization 135 / 300 ... accepted 135. Emin=-2.35445301, Emax=32.81738171
realization 136 / 300 ... accepted 136. Emin=-3.05438231, Emax=33.04251584
realization 137 / 300 ... accepted 137. Emin=-2.35293909, Emax=34.21800090
realization 138 / 300 ... accepted 138. Emin=1.03602863, Emax=35.94657916
realization 139 / 300 ... accepted 139. Emin=-4.91215225, Emax=30.27291631
realization 140 / 300 ... accepted 140. Emin=-2.52456918, Emax=33.08279165
realization 141 / 300 ... accepted 141. Emin=-2.15521631, Emax=33.31337171
realization 142 / 300 ... accepted 142. Emin=-1.13789406, Emax=34.85142992
realization 143 / 300 ... accepted 143. Emin=-3.24706279, Emax=32.71004188
realization 144 / 300 ... accepted 144. Emin=-0.40542061, Emax=35.20474774
realization 145 / 300 ... accepted 145. Emin=-1.62141326, Emax=34.58933731
realization 146 / 300 ... accepted 146. Emin=-4.73501838, Emax=30.30663406
realization 147 / 300 ... accepted 147. Emin=-2.79353088, Emax=34.31874886
realization 148 / 300 ... accepted 148. Emin=-3.05958561, Emax=33.18581095
realization 149 / 300 ... accepted 149. Emin=-1.69490449, Emax=35.12128642
realization 150 / 300 ... accepted 150. Emin=-0.26485568, Emax=35.36109354
realization 151 / 300 ... accepted 151. Emin=-3.86646531, Emax=32.47701243
realization 152 / 300 ... accepted 152. Emin=-4.15721219, Emax=32.73744130
realization 153 / 300 ... accepted 153. Emin=-0.85100720, Emax=34.41197421
realization 154 / 300 ... accepted 154. Emin=-3.73540023, Emax=32.35829222
realization 155 / 300 ... accepted 155. Emin=-2.76295005, Emax=33.32781640
realization 156 / 300 ... accepted 156. Emin=-2.63189611, Emax=33.65077068
realization 157 / 300 ... accepted 157. Emin=-2.25188082, Emax=33.78791697
realization 158 / 300 ... accepted 158. Emin=-0.11478341, Emax=35.85193038
realization 159 / 300 ... accepted 159. Emin=-4.00481904, Emax=32.37360544
realization 160 / 300 ... accepted 160. Emin=-0.13337975, Emax=35.41949427
realization 161 / 300 ... accepted 161. Emin=-1.86009771, Emax=33.34962470
realization 162 / 300 ... accepted 162. Emin=-3.21179313, Emax=31.87470917
realization 163 / 300 ... accepted 163. Emin=-3.80408157, Emax=32.22559472
realization 164 / 300 ... accepted 164. Emin=-1.25133549, Emax=34.14790776
realization 165 / 300 ... accepted 165. Emin=-4.91134221, Emax=30.57229602
realization 166 / 300 ... accepted 166. Emin=-4.50860962, Emax=31.01959449
realization 167 / 300 ... accepted 167. Emin=-1.72734969, Emax=34.06541298
realization 168 / 300 ... accepted 168. Emin=-3.08726110, Emax=32.86051391
realization 169 / 300 ... accepted 169. Emin=-0.99859382, Emax=35.00902481
realization 170 / 300 ... accepted 170. Emin=-2.49127161, Emax=33.91229291
realization 171 / 300 ... accepted 171. Emin=-3.47927477, Emax=32.21566913
realization 172 / 300 ... accepted 172. Emin=-0.95420121, Emax=34.56990994
realization 173 / 300 ... accepted 173. Emin=-2.51941328, Emax=32.58467082
realization 174 / 300 ... accepted 174. Emin=-3.97607581, Emax=31.63374442
realization 175 / 300 ... accepted 175. Emin=-0.32520150, Emax=34.40620953
realization 176 / 300 ... accepted 176. Emin=-2.68442218, Emax=32.96731279
realization 177 / 300 ... accepted 177. Emin=-1.10298207, Emax=33.44039427
realization 178 / 300 ... accepted 178. Emin=-0.20957577, Emax=35.61407287
realization 179 / 300 ... accepted 179. Emin=-2.17783182, Emax=35.36840359
realization 180 / 300 ... accepted 180. Emin=-3.39792992, Emax=32.21081582
realization 181 / 300 ... accepted 181. Emin=-1.47335221, Emax=34.31152288
realization 182 / 300 ... accepted 182. Emin=-1.59386486, Emax=34.78815743
realization 183 / 300 ... accepted 183. Emin=0.03362680, Emax=35.84910391
realization 184 / 300 ... accepted 184. Emin=-1.17333272, Emax=34.94926860
realization 185 / 300 ... accepted 185. Emin=-2.85738392, Emax=33.13129760
realization 186 / 300 ... accepted 186. Emin=-3.04102465, Emax=33.37213103
realization 187 / 300 ... accepted 187. Emin=-4.32302221, Emax=30.89259371
realization 188 / 300 ... accepted 188. Emin=-1.87771594, Emax=34.38275004
realization 189 / 300 ... accepted 189. Emin=-3.68197466, Emax=32.33154551
realization 190 / 300 ... accepted 190. Emin=0.25951769, Emax=35.85281083
realization 191 / 300 ... accepted 191. Emin=-4.03657734, Emax=32.40189690
realization 192 / 300 ... accepted 192. Emin=-2.78344684, Emax=32.96074960
realization 193 / 300 ... accepted 193. Emin=-2.17848869, Emax=33.16731148
realization 194 / 300 ... accepted 194. Emin=-2.88881317, Emax=33.62897274
realization 195 / 300 ... accepted 195. Emin=-5.19591558, Emax=29.89296636
realization 196 / 300 ... accepted 196. Emin=0.30680888, Emax=34.77668939
realization 197 / 300 ... accepted 197. Emin=-2.02174065, Emax=34.40622217
realization 198 / 300 ... accepted 198. Emin=-3.64352181, Emax=31.48654345
realization 199 / 300 ... accepted 199. Emin=-5.68921616, Emax=29.23092882
realization 200 / 300 ... accepted 200. Emin=-2.92988596, Emax=33.17300219
realization 201 / 300 ... accepted 201. Emin=-1.14358360, Emax=34.14973395
realization 202 / 300 ... accepted 202. Emin=-0.44887996, Emax=34.10683421
realization 203 / 300 ... accepted 203. Emin=-3.77076331, Emax=31.77864395
realization 204 / 300 ... accepted 204. Emin=-5.44637915, Emax=30.01260336
realization 205 / 300 ... accepted 205. Emin=-2.03028362, Emax=34.25749972
realization 206 / 300 ... accepted 206. Emin=-2.14942531, Emax=34.13203026
realization 207 / 300 ... accepted 207. Emin=-2.41622004, Emax=33.23160177
realization 208 / 300 ... accepted 208. Emin=-4.22033134, Emax=31.24704697
realization 209 / 300 ... accepted 209. Emin=-2.10104481, Emax=33.88368168
realization 210 / 300 ... accepted 210. Emin=-0.78969881, Emax=35.38762348
realization 211 / 300 ... accepted 211. Emin=-1.95031675, Emax=33.61381142
realization 212 / 300 ... accepted 212. Emin=-1.66786452, Emax=34.60874960
realization 213 / 300 ... accepted 213. Emin=-1.68436143, Emax=33.27979959
realization 214 / 300 ... accepted 214. Emin=-5.31036040, Emax=29.54582921
realization 215 / 300 ... accepted 215. Emin=-3.11143476, Emax=32.89996135
realization 216 / 300 ... accepted 216. Emin=-2.50389774, Emax=34.29581415
realization 217 / 300 ... accepted 217. Emin=-1.71705837, Emax=34.54353965
realization 218 / 300 ... accepted 218. Emin=-1.02416723, Emax=34.70492276
realization 219 / 300 ... accepted 219. Emin=-1.82017764, Emax=33.10726105
realization 220 / 300 ... accepted 220. Emin=-3.33666464, Emax=32.89162555
realization 221 / 300 ... accepted 221. Emin=-0.97947287, Emax=34.82443421
realization 222 / 300 ... accepted 222. Emin=-3.08638501, Emax=32.96315150
realization 223 / 300 ... accepted 223. Emin=-3.53935021, Emax=31.60216361
realization 224 / 300 ... accepted 224. Emin=-1.61893059, Emax=34.31628672
realization 225 / 300 ... accepted 225. Emin=-0.01772972, Emax=36.09195950
realization 226 / 300 ... accepted 226. Emin=-3.78093329, Emax=31.91286944
realization 227 / 300 ... accepted 227. Emin=-0.93506708, Emax=33.85648173
realization 228 / 300 ... accepted 228. Emin=-1.06969554, Emax=34.12134745
realization 229 / 300 ... accepted 229. Emin=-3.03973005, Emax=31.52533449
realization 230 / 300 ... accepted 230. Emin=-0.73788670, Emax=34.82841772
realization 231 / 300 ... accepted 231. Emin=-2.27026732, Emax=33.50744930
realization 232 / 300 ... accepted 232. Emin=-2.32580796, Emax=33.23938204
realization 233 / 300 ... accepted 233. Emin=-1.43422869, Emax=35.10829501
realization 234 / 300 ... accepted 234. Emin=-2.71627410, Emax=33.12345959
realization 235 / 300 ... accepted 235. Emin=-3.05531895, Emax=33.21805678
realization 236 / 300 ... accepted 236. Emin=-3.85305141, Emax=32.83714789
realization 237 / 300 ... accepted 237. Emin=-2.24071833, Emax=35.55820343
realization 238 / 300 ... accepted 238. Emin=-3.46822921, Emax=32.16261099
realization 239 / 300 ... accepted 239. Emin=-3.19379606, Emax=32.60222469
realization 240 / 300 ... accepted 240. Emin=-1.91434458, Emax=33.14905155
realization 241 / 300 ... accepted 241. Emin=-1.41641205, Emax=34.58665262
realization 242 / 300 ... accepted 242. Emin=-1.54984538, Emax=33.77097048
realization 243 / 300 ... accepted 243. Emin=1.18322794, Emax=36.58325893
realization 244 / 300 ... accepted 244. Emin=-1.29277919, Emax=34.51312069
realization 245 / 300 ... accepted 245. Emin=-3.68581729, Emax=32.02823155
realization 246 / 300 ... accepted 246. Emin=-2.54774693, Emax=33.30539869
realization 247 / 300 ... accepted 247. Emin=-1.18533496, Emax=35.36589073
realization 248 / 300 ... accepted 248. Emin=-2.64603300, Emax=33.81743612
realization 249 / 300 ... accepted 249. Emin=-0.80031467, Emax=34.36860684
realization 250 / 300 ... accepted 250. Emin=-2.61886050, Emax=32.50436823
realization 251 / 300 ... accepted 251. Emin=-3.11707508, Emax=33.89047894
realization 252 / 300 ... accepted 252. Emin=-2.35837575, Emax=34.79429223
realization 253 / 300 ... accepted 253. Emin=-2.66294228, Emax=33.09629352
realization 254 / 300 ... accepted 254. Emin=-2.82753368, Emax=33.33202081
realization 255 / 300 ... accepted 255. Emin=-1.03210931, Emax=34.87019417
realization 256 / 300 ... accepted 256. Emin=-2.19417555, Emax=33.71388556
realization 257 / 300 ... accepted 257. Emin=-1.66467922, Emax=34.44026770
realization 258 / 300 ... accepted 258. Emin=-2.13267297, Emax=33.55947658
realization 259 / 300 ... accepted 259. Emin=-3.87351151, Emax=31.51666998
realization 260 / 300 ... accepted 260. Emin=-2.91130211, Emax=32.71904308
realization 261 / 300 ... accepted 261. Emin=-2.28389244, Emax=34.28859446
realization 262 / 300 ... accepted 262. Emin=-3.24075784, Emax=32.63904930
realization 263 / 300 ... accepted 263. Emin=-1.47158335, Emax=33.84630234
realization 264 / 300 ... accepted 264. Emin=-0.18168575, Emax=35.93779378
realization 265 / 300 ... accepted 265. Emin=-1.69385576, Emax=34.58745033
realization 266 / 300 ... accepted 266. Emin=-2.72140644, Emax=33.15738012
realization 267 / 300 ... accepted 267. Emin=-1.91030922, Emax=34.18414376
realization 268 / 300 ... accepted 268. Emin=-0.37910060, Emax=35.08966367
realization 269 / 300 ... accepted 269. Emin=-1.55913199, Emax=33.76044586
realization 270 / 300 ... accepted 270. Emin=-2.99380963, Emax=32.36024014
realization 271 / 300 ... accepted 271. Emin=-3.05928817, Emax=31.59912053
realization 272 / 300 ... accepted 272. Emin=-5.51120333, Emax=29.48739928
realization 273 / 300 ... accepted 273. Emin=-0.72899267, Emax=35.81952064
realization 274 / 300 ... accepted 274. Emin=-2.16170508, Emax=33.64828404
realization 275 / 300 ... accepted 275. Emin=-2.25020827, Emax=33.99692085
realization 276 / 300 ... accepted 276. Emin=-2.21833832, Emax=33.89419954
realization 277 / 300 ... accepted 277. Emin=-3.11337356, Emax=33.09646608
realization 278 / 300 ... accepted 278. Emin=-0.10463824, Emax=34.98817956
realization 279 / 300 ... accepted 279. Emin=-1.14169098, Emax=35.46920199
realization 280 / 300 ... accepted 280. Emin=-1.44899186, Emax=33.22144230
realization 281 / 300 ... accepted 281. Emin=-1.37145399, Emax=33.88202826
realization 282 / 300 ... accepted 282. Emin=-0.61757364, Emax=35.48097151
realization 283 / 300 ... accepted 283. Emin=-2.70433591, Emax=33.78145781
realization 284 / 300 ... accepted 284. Emin=-2.92299051, Emax=33.20632539
realization 285 / 300 ... accepted 285. Emin=-1.71993527, Emax=34.74612945
realization 286 / 300 ... accepted 286. Emin=-2.47409636, Emax=32.98070129
realization 287 / 300 ... accepted 287. Emin=-0.51039797, Emax=34.60337355
realization 288 / 300 ... accepted 288. Emin=-2.51639515, Emax=34.42778421
realization 289 / 300 ... accepted 289. Emin=-3.66431650, Emax=32.96387073
realization 290 / 300 ... accepted 290. Emin=-1.73765641, Emax=34.85150534
realization 291 / 300 ... accepted 291. Emin=-3.48973345, Emax=32.89687942
realization 292 / 300 ... accepted 292. Emin=-3.37808626, Emax=31.27862564
realization 293 / 300 ... accepted 293. Emin=-1.11136587, Emax=35.26831570
realization 294 / 300 ... accepted 294. Emin=-4.35095956, Emax=32.11939032
realization 295 / 300 ... accepted 295. Emin=-1.82045273, Emax=34.41317134
realization 296 / 300 ... accepted 296. Emin=-1.56498838, Emax=34.38588827
realization 297 / 300 ... accepted 297. Emin=-2.60119814, Emax=33.48106060
realization 298 / 300 ... accepted 298. Emin=-4.21073303, Emax=31.78446962
realization 299 / 300 ... accepted 299. Emin=-5.18412594, Emax=29.48359367
realization 300 / 300 ... accepted 300. Emin=-1.77795770, Emax=34.75240252
Saved final energies: /home/2/kj405942/POLFED_bosons/pbs_bose_legacy_nmax2_periodic/data/U_5/W_1/L_6/N_6_nmax_2/boundary_periodic/energies_full_U5_L6_N6_nmax2_W1_boundaryperiodic_nreal300.txt
Accepted realizations: 300 / 300
Skipped realizations: 0
Job finished at Sun May 31 18:05:24 UTC 2026
