Job started on w21 at Sun May 31 18:03:47 UTC 2026
PBS_JOBID=7731362.kruk-host.ift-klaster.lan
PBS_O_WORKDIR=/home/2/kj405942/POLFED_bosons
Bose-Hubbard: L=6, N=6, nmax=2, dim=141
t=1, U=5, W=8, nreal=300, boundary=periodic, mode=full
Writing partial results to /home/2/kj405942/POLFED_bosons/pbs_bose_legacy_nmax2_periodic/data/U_5/W_8/L_6/N_6_nmax_2/boundary_periodic/energies_full_U5_L6_N6_nmax2_W8_boundaryperiodic_nreal300_partial.txt
realization 1 / 300 ... accepted 1. Emin=-8.84702648, Emax=46.41149562
realization 2 / 300 ... accepted 2. Emin=4.96510055, Emax=59.74921114
realization 3 / 300 ... accepted 3. Emin=-23.33855594, Emax=39.62129177
realization 4 / 300 ... accepted 4. Emin=-19.61367146, Emax=46.00493937
realization 5 / 300 ... accepted 5. Emin=-3.46086026, Emax=60.40258550
realization 6 / 300 ... accepted 6. Emin=-11.47403479, Emax=70.11417015
realization 7 / 300 ... accepted 7. Emin=-13.28424619, Emax=47.50189176
realization 8 / 300 ... accepted 8. Emin=-7.92531679, Emax=60.59569381
realization 9 / 300 ... accepted 9. Emin=-23.41842386, Emax=33.27422977
realization 10 / 300 ... accepted 10. Emin=-8.12750663, Emax=59.70210722
realization 11 / 300 ... accepted 11. Emin=-5.92936022, Emax=37.10201035
realization 12 / 300 ... accepted 12. Emin=4.67442657, Emax=57.63213660
realization 13 / 300 ... accepted 13. Emin=-12.42551069, Emax=43.26455359
realization 14 / 300 ... accepted 14. Emin=8.56734718, Emax=52.81898923
realization 15 / 300 ... accepted 15. Emin=-0.78837313, Emax=61.04460181
realization 16 / 300 ... accepted 16. Emin=-20.92742477, Emax=28.53498046
realization 17 / 300 ... accepted 17. Emin=10.03905653, Emax=57.65122347
realization 18 / 300 ... accepted 18. Emin=9.68566474, Emax=70.87926218
realization 19 / 300 ... accepted 19. Emin=-9.78228157, Emax=50.22770160
realization 20 / 300 ... accepted 20. Emin=-9.51160797, Emax=48.65613624
realization 21 / 300 ... accepted 21. Emin=-12.04652586, Emax=36.83121702
realization 22 / 300 ... accepted 22. Emin=2.11186686, Emax=54.75617653
realization 23 / 300 ... accepted 23. Emin=-5.82354402, Emax=63.59540512
realization 24 / 300 ... accepted 24. Emin=3.48596513, Emax=64.33011845
realization 25 / 300 ... accepted 25. Emin=-4.86668253, Emax=55.49990916
realization 26 / 300 ... accepted 26. Emin=-9.93856782, Emax=68.72136017
realization 27 / 300 ... accepted 27. Emin=-9.99225808, Emax=50.18385786
realization 28 / 300 ... accepted 28. Emin=-2.81091540, Emax=52.65458062
realization 29 / 300 ... accepted 29. Emin=26.58911106, Emax=69.99562126
realization 30 / 300 ... accepted 30. Emin=27.22601889, Emax=66.48211577
realization 31 / 300 ... accepted 31. Emin=-31.22850071, Emax=23.23347412
realization 32 / 300 ... accepted 32. Emin=-0.82670792, Emax=47.20989533
realization 33 / 300 ... accepted 33. Emin=12.03698253, Emax=70.48778204
realization 34 / 300 ... accepted 34. Emin=-13.09667123, Emax=45.36297324
realization 35 / 300 ... accepted 35. Emin=2.56827436, Emax=64.62292405
realization 36 / 300 ... accepted 36. Emin=-8.67971176, Emax=38.83171047
realization 37 / 300 ... accepted 37. Emin=0.74733916, Emax=48.30267633
realization 38 / 300 ... accepted 38. Emin=-27.35077272, Emax=26.63551221
realization 39 / 300 ... accepted 39. Emin=20.77656728, Emax=67.50517610
realization 40 / 300 ... accepted 40. Emin=-24.71197021, Emax=29.86451401
realization 41 / 300 ... accepted 41. Emin=-4.24124094, Emax=58.99907616
realization 42 / 300 ... accepted 42. Emin=-18.37936001, Emax=32.08711927
realization 43 / 300 ... accepted 43. Emin=-22.36742166, Emax=35.61124704
realization 44 / 300 ... accepted 44. Emin=11.21260114, Emax=65.65769796
realization 45 / 300 ... accepted 45. Emin=-4.94277074, Emax=52.95912264
realization 46 / 300 ... accepted 46. Emin=-0.02975680, Emax=48.88470556
realization 47 / 300 ... accepted 47. Emin=11.36765464, Emax=60.62749968
realization 48 / 300 ... accepted 48. Emin=-9.37043272, Emax=60.16127088
realization 49 / 300 ... accepted 49. Emin=21.09700111, Emax=61.29620859
realization 50 / 300 ... accepted 50. Emin=10.34436602, Emax=75.05370622
realization 51 / 300 ... accepted 51. Emin=-8.66993600, Emax=52.22133268
realization 52 / 300 ... accepted 52. Emin=-10.21271146, Emax=42.41349866
realization 53 / 300 ... accepted 53. Emin=-7.21954310, Emax=60.06088949
realization 54 / 300 ... accepted 54. Emin=-26.24019988, Emax=35.77775921
realization 55 / 300 ... accepted 55. Emin=-2.43781557, Emax=58.31333907
realization 56 / 300 ... accepted 56. Emin=3.85494321, Emax=68.46134128
realization 57 / 300 ... accepted 57. Emin=-0.29832355, Emax=46.38765218
realization 58 / 300 ... accepted 58. Emin=-30.82303750, Emax=15.32471309
realization 59 / 300 ... accepted 59. Emin=-9.36456533, Emax=45.87400202
realization 60 / 300 ... accepted 60. Emin=-4.53906285, Emax=53.53131560
realization 61 / 300 ... accepted 61. Emin=2.53607427, Emax=49.94752427
realization 62 / 300 ... accepted 62. Emin=20.90599570, Emax=60.35935186
realization 63 / 300 ... accepted 63. Emin=5.26869789, Emax=63.26628442
realization 64 / 300 ... accepted 64. Emin=-18.09345134, Emax=36.02975243
realization 65 / 300 ... accepted 65. Emin=-5.38112717, Emax=58.96261001
realization 66 / 300 ... accepted 66. Emin=4.10560566, Emax=56.06919951
realization 67 / 300 ... accepted 67. Emin=-3.05291943, Emax=53.14085844
realization 68 / 300 ... accepted 68. Emin=-3.62796499, Emax=53.98666665
realization 69 / 300 ... accepted 69. Emin=-31.76134361, Emax=15.75620691
realization 70 / 300 ... accepted 70. Emin=-15.36157786, Emax=49.40722278
realization 71 / 300 ... accepted 71. Emin=-7.32178753, Emax=56.27729836
realization 72 / 300 ... accepted 72. Emin=-17.41634860, Emax=44.48968256
realization 73 / 300 ... accepted 73. Emin=-1.50802992, Emax=58.33624595
realization 74 / 300 ... accepted 74. Emin=-27.18235895, Emax=40.11580848
realization 75 / 300 ... accepted 75. Emin=-3.47682016, Emax=57.00864892
realization 76 / 300 ... accepted 76. Emin=-8.42893520, Emax=54.50340349
realization 77 / 300 ... accepted 77. Emin=-28.55239604, Emax=22.37922749
realization 78 / 300 ... accepted 78. Emin=5.28674492, Emax=51.02313774
realization 79 / 300 ... accepted 79. Emin=-3.52830494, Emax=48.26169811
realization 80 / 300 ... accepted 80. Emin=0.03116280, Emax=59.42892474
realization 81 / 300 ... accepted 81. Emin=-3.19485096, Emax=57.98216382
realization 82 / 300 ... accepted 82. Emin=-22.29184201, Emax=30.39213806
realization 83 / 300 ... accepted 83. Emin=9.04823580, Emax=75.32142470
realization 84 / 300 ... accepted 84. Emin=-13.65867946, Emax=40.27967775
realization 85 / 300 ... accepted 85. Emin=4.38942682, Emax=65.33350163
realization 86 / 300 ... accepted 86. Emin=-16.35933207, Emax=57.37790892
realization 87 / 300 ... accepted 87. Emin=-2.56385657, Emax=61.08043826
realization 88 / 300 ... accepted 88. Emin=-3.31218109, Emax=62.82367898
realization 89 / 300 ... accepted 89. Emin=0.14690466, Emax=65.42683555
realization 90 / 300 ... accepted 90. Emin=-12.88134179, Emax=36.81229931
realization 91 / 300 ... accepted 91. Emin=-17.21922564, Emax=33.01079285
realization 92 / 300 ... accepted 92. Emin=14.22446242, Emax=64.71826006
realization 93 / 300 ... accepted 93. Emin=-1.09967281, Emax=53.86049197
realization 94 / 300 ... accepted 94. Emin=-15.23039192, Emax=54.81573808
realization 95 / 300 ... accepted 95. Emin=-19.51921666, Emax=30.10209071
realization 96 / 300 ... accepted 96. Emin=-4.51542371, Emax=54.33982086
realization 97 / 300 ... accepted 97. Emin=-7.38164728, Emax=56.71772287
realization 98 / 300 ... accepted 98. Emin=-14.91749237, Emax=35.26986656
realization 99 / 300 ... accepted 99. Emin=-18.68725261, Emax=35.73375578
realization 100 / 300 ... accepted 100. Emin=-11.89402994, Emax=55.59533688
realization 101 / 300 ... accepted 101. Emin=-11.09472924, Emax=48.03249234
realization 102 / 300 ... accepted 102. Emin=11.19772476, Emax=65.91888124
realization 103 / 300 ... accepted 103. Emin=3.68281658, Emax=59.31628038
realization 104 / 300 ... accepted 104. Emin=-8.80667509, Emax=45.69549779
realization 105 / 300 ... accepted 105. Emin=1.79083912, Emax=64.85959188
realization 106 / 300 ... accepted 106. Emin=-5.53468102, Emax=61.74165274
realization 107 / 300 ... accepted 107. Emin=-8.52320253, Emax=53.83242197
realization 108 / 300 ... accepted 108. Emin=-15.23802912, Emax=26.01679947
realization 109 / 300 ... accepted 109. Emin=3.25752770, Emax=56.77154674
realization 110 / 300 ... accepted 110. Emin=-6.38153476, Emax=53.58662966
realization 111 / 300 ... accepted 111. Emin=-13.18246188, Emax=51.59775165
realization 112 / 300 ... accepted 112. Emin=1.44050361, Emax=66.28875012
realization 113 / 300 ... accepted 113. Emin=19.62983357, Emax=65.71108210
realization 114 / 300 ... accepted 114. Emin=-33.67594285, Emax=4.91594666
realization 115 / 300 ... accepted 115. Emin=-9.05207808, Emax=47.69659165
realization 116 / 300 ... accepted 116. Emin=-9.89219801, Emax=54.04872746
realization 117 / 300 ... accepted 117. Emin=-8.34879211, Emax=41.93444948
realization 118 / 300 ... accepted 118. Emin=-19.72826713, Emax=26.18625257
realization 119 / 300 ... accepted 119. Emin=9.31971980, Emax=64.00506897
realization 120 / 300 ... accepted 120. Emin=0.21307931, Emax=58.34878812
realization 121 / 300 ... accepted 121. Emin=-10.77310518, Emax=47.91718438
realization 122 / 300 ... accepted 122. Emin=2.59588047, Emax=62.75221620
realization 123 / 300 ... accepted 123. Emin=-5.69883014, Emax=52.33515229
realization 124 / 300 ... accepted 124. Emin=-9.50308701, Emax=53.52170167
realization 125 / 300 ... accepted 125. Emin=-9.57194641, Emax=43.39076907
realization 126 / 300 ... accepted 126. Emin=-29.76805811, Emax=21.78293846
realization 127 / 300 ... accepted 127. Emin=-9.82036831, Emax=50.85976907
realization 128 / 300 ... accepted 128. Emin=7.43988658, Emax=65.71694973
realization 129 / 300 ... accepted 129. Emin=-4.42958619, Emax=52.73759223
realization 130 / 300 ... accepted 130. Emin=-19.79010252, Emax=30.59764446
realization 131 / 300 ... accepted 131. Emin=-11.68122004, Emax=42.51105077
realization 132 / 300 ... accepted 132. Emin=2.88293609, Emax=45.27704760
realization 133 / 300 ... accepted 133. Emin=-15.75371933, Emax=45.88644344
realization 134 / 300 ... accepted 134. Emin=-25.97639854, Emax=24.32307404
realization 135 / 300 ... accepted 135. Emin=1.84663735, Emax=55.12471717
realization 136 / 300 ... accepted 136. Emin=11.34609496, Emax=59.09195707
realization 137 / 300 ... accepted 137. Emin=-16.55534503, Emax=36.24818853
realization 138 / 300 ... accepted 138. Emin=-23.92083017, Emax=35.09394401
realization 139 / 300 ... accepted 139. Emin=-16.05494267, Emax=44.92686896
realization 140 / 300 ... accepted 140. Emin=-3.65868312, Emax=60.29112406
realization 141 / 300 ... accepted 141. Emin=10.91704855, Emax=66.19896938
realization 142 / 300 ... accepted 142. Emin=-26.97883027, Emax=18.63495496
realization 143 / 300 ... accepted 143. Emin=5.66006218, Emax=59.14878276
realization 144 / 300 ... accepted 144. Emin=-14.09115320, Emax=35.45191083
realization 145 / 300 ... accepted 145. Emin=8.44059125, Emax=62.93045671
realization 146 / 300 ... accepted 146. Emin=-7.05579009, Emax=56.44679267
realization 147 / 300 ... accepted 147. Emin=-17.28070152, Emax=36.68833477
realization 148 / 300 ... accepted 148. Emin=-6.37201025, Emax=55.98987044
realization 149 / 300 ... accepted 149. Emin=-11.40958626, Emax=60.72827627
realization 150 / 300 ... accepted 150. Emin=-23.84911788, Emax=24.78654530
realization 151 / 300 ... accepted 151. Emin=8.30741523, Emax=61.20969096
realization 152 / 300 ... accepted 152. Emin=-8.55969268, Emax=41.07248748
realization 153 / 300 ... accepted 153. Emin=2.84191218, Emax=55.94297684
realization 154 / 300 ... accepted 154. Emin=-2.43053782, Emax=52.05920137
realization 155 / 300 ... accepted 155. Emin=-9.28786096, Emax=60.83153552
realization 156 / 300 ... accepted 156. Emin=4.87708218, Emax=55.77834861
realization 157 / 300 ... accepted 157. Emin=5.50078036, Emax=65.89179770
realization 158 / 300 ... accepted 158. Emin=-9.93156140, Emax=44.45974066
realization 159 / 300 ... accepted 159. Emin=-17.96178718, Emax=43.63411228
realization 160 / 300 ... accepted 160. Emin=1.43621361, Emax=56.35368935
realization 161 / 300 ... accepted 161. Emin=-6.43485430, Emax=43.82256719
realization 162 / 300 ... accepted 162. Emin=0.07908976, Emax=61.50115487
realization 163 / 300 ... accepted 163. Emin=7.23690363, Emax=64.09466906
realization 164 / 300 ... accepted 164. Emin=-6.35878275, Emax=56.55201935
realization 165 / 300 ... accepted 165. Emin=-31.40302852, Emax=13.33543036
realization 166 / 300 ... accepted 166. Emin=-5.06420177, Emax=44.00527466
realization 167 / 300 ... accepted 167. Emin=-9.96030116, Emax=54.59775608
realization 168 / 300 ... accepted 168. Emin=-15.77306949, Emax=40.70897382
realization 169 / 300 ... accepted 169. Emin=-11.84313558, Emax=45.62296603
realization 170 / 300 ... accepted 170. Emin=11.61137724, Emax=65.72468199
realization 171 / 300 ... accepted 171. Emin=-31.69877469, Emax=11.97917583
realization 172 / 300 ... accepted 172. Emin=-24.54268857, Emax=27.76691557
realization 173 / 300 ... accepted 173. Emin=-4.27297523, Emax=57.24085467
realization 174 / 300 ... accepted 174. Emin=18.81886845, Emax=65.37194717
realization 175 / 300 ... accepted 175. Emin=-13.11703019, Emax=40.46134449
realization 176 / 300 ... accepted 176. Emin=-23.99590247, Emax=35.17856905
realization 177 / 300 ... accepted 177. Emin=-4.14143820, Emax=51.45076157
realization 178 / 300 ... accepted 178. Emin=-11.70785357, Emax=72.39996691
realization 179 / 300 ... accepted 179. Emin=-17.56095134, Emax=39.84768595
realization 180 / 300 ... accepted 180. Emin=-19.33794188, Emax=44.82460628
realization 181 / 300 ... accepted 181. Emin=5.31796016, Emax=55.00050507
realization 182 / 300 ... accepted 182. Emin=-5.65381865, Emax=53.33961627
realization 183 / 300 ... accepted 183. Emin=-2.63279201, Emax=53.53319025
realization 184 / 300 ... accepted 184. Emin=-13.54550093, Emax=62.67072970
realization 185 / 300 ... accepted 185. Emin=14.39013794, Emax=66.45067845
realization 186 / 300 ... accepted 186. Emin=-0.72598744, Emax=54.36178920
realization 187 / 300 ... accepted 187. Emin=3.28465714, Emax=59.84914961
realization 188 / 300 ... accepted 188. Emin=-18.66633217, Emax=32.28371648
realization 189 / 300 ... accepted 189. Emin=16.42294952, Emax=72.03215661
realization 190 / 300 ... accepted 190. Emin=-3.43941136, Emax=56.76719832
realization 191 / 300 ... accepted 191. Emin=-22.48381880, Emax=45.67344700
realization 192 / 300 ... accepted 192. Emin=-6.37571837, Emax=50.53960102
realization 193 / 300 ... accepted 193. Emin=-0.00821585, Emax=57.83991716
realization 194 / 300 ... accepted 194. Emin=-15.10608273, Emax=54.45906144
realization 195 / 300 ... accepted 195. Emin=-9.83682564, Emax=65.31419760
realization 196 / 300 ... accepted 196. Emin=-0.80035736, Emax=52.29908459
realization 197 / 300 ... accepted 197. Emin=-15.72016574, Emax=27.50012302
realization 198 / 300 ... accepted 198. Emin=-8.92366172, Emax=35.91448673
realization 199 / 300 ... accepted 199. Emin=-18.37074321, Emax=51.40622808
realization 200 / 300 ... accepted 200. Emin=-9.82510675, Emax=61.07545800
realization 201 / 300 ... accepted 201. Emin=-19.63004422, Emax=30.95860967
realization 202 / 300 ... accepted 202. Emin=3.47106984, Emax=57.61386055
realization 203 / 300 ... accepted 203. Emin=-3.62450886, Emax=50.91744634
realization 204 / 300 ... accepted 204. Emin=-3.90364807, Emax=54.45468591
realization 205 / 300 ... accepted 205. Emin=13.11358892, Emax=64.83179696
realization 206 / 300 ... accepted 206. Emin=4.38740730, Emax=63.82618792
realization 207 / 300 ... accepted 207. Emin=-2.04449270, Emax=57.90132943
realization 208 / 300 ... accepted 208. Emin=1.08016092, Emax=47.35961211
realization 209 / 300 ... accepted 209. Emin=-9.42882079, Emax=66.84364583
realization 210 / 300 ... accepted 210. Emin=6.87739299, Emax=58.79398557
realization 211 / 300 ... accepted 211. Emin=-26.57251895, Emax=36.46060237
realization 212 / 300 ... accepted 212. Emin=-11.94282124, Emax=41.09106527
realization 213 / 300 ... accepted 213. Emin=-12.03607511, Emax=47.79293424
realization 214 / 300 ... accepted 214. Emin=-12.99111285, Emax=42.14066396
realization 215 / 300 ... accepted 215. Emin=-10.62550686, Emax=34.22903432
realization 216 / 300 ... accepted 216. Emin=1.03411100, Emax=66.95769156
realization 217 / 300 ... accepted 217. Emin=10.23232213, Emax=61.76880961
realization 218 / 300 ... accepted 218. Emin=-16.04707230, Emax=55.55868181
realization 219 / 300 ... accepted 219. Emin=1.45754445, Emax=51.44293065
realization 220 / 300 ... accepted 220. Emin=-6.59866674, Emax=45.61899474
realization 221 / 300 ... accepted 221. Emin=-8.26754662, Emax=50.19248683
realization 222 / 300 ... accepted 222. Emin=-9.03554364, Emax=44.41181435
realization 223 / 300 ... accepted 223. Emin=-3.92154559, Emax=36.50794395
realization 224 / 300 ... accepted 224. Emin=-24.14566156, Emax=41.17972254
realization 225 / 300 ... accepted 225. Emin=13.52438593, Emax=55.22161575
realization 226 / 300 ... accepted 226. Emin=-1.20806742, Emax=55.09776545
realization 227 / 300 ... accepted 227. Emin=-8.29018870, Emax=35.33307779
realization 228 / 300 ... accepted 228. Emin=12.59748593, Emax=67.92262008
realization 229 / 300 ... accepted 229. Emin=5.81910394, Emax=55.85646758
realization 230 / 300 ... accepted 230. Emin=13.62478257, Emax=57.45740903
realization 231 / 300 ... accepted 231. Emin=5.72121253, Emax=61.13290502
realization 232 / 300 ... accepted 232. Emin=16.67637269, Emax=62.92478894
realization 233 / 300 ... accepted 233. Emin=-4.90933123, Emax=45.63209524
realization 234 / 300 ... accepted 234. Emin=-28.67345653, Emax=19.73350223
realization 235 / 300 ... accepted 235. Emin=-5.65532173, Emax=47.12239437
realization 236 / 300 ... accepted 236. Emin=-19.94624126, Emax=25.37075603
realization 237 / 300 ... accepted 237. Emin=-18.37925709, Emax=39.15132271
realization 238 / 300 ... accepted 238. Emin=-6.16998952, Emax=50.21095163
realization 239 / 300 ... accepted 239. Emin=7.15749204, Emax=50.21909231
realization 240 / 300 ... accepted 240. Emin=0.07513972, Emax=58.55568971
realization 241 / 300 ... accepted 241. Emin=-13.85226360, Emax=40.25218703
realization 242 / 300 ... accepted 242. Emin=-10.62802520, Emax=44.51367492
realization 243 / 300 ... accepted 243. Emin=6.60560693, Emax=51.60164679
realization 244 / 300 ... accepted 244. Emin=-16.21408790, Emax=33.21744386
realization 245 / 300 ... accepted 245. Emin=-12.71640900, Emax=52.63917277
realization 246 / 300 ... accepted 246. Emin=-16.95730936, Emax=40.67929575
realization 247 / 300 ... accepted 247. Emin=1.85527040, Emax=63.69638429
realization 248 / 300 ... accepted 248. Emin=5.71286217, Emax=62.69079907
realization 249 / 300 ... accepted 249. Emin=2.33740199, Emax=59.16959110
realization 250 / 300 ... accepted 250. Emin=3.84756882, Emax=57.30618978
realization 251 / 300 ... accepted 251. Emin=5.17329499, Emax=60.92542654
realization 252 / 300 ... accepted 252. Emin=6.69638565, Emax=60.95918877
realization 253 / 300 ... accepted 253. Emin=-13.84603398, Emax=38.74468923
realization 254 / 300 ... accepted 254. Emin=-7.09001221, Emax=48.17089294
realization 255 / 300 ... accepted 255. Emin=-0.30118219, Emax=50.51412925
realization 256 / 300 ... accepted 256. Emin=14.39726787, Emax=71.24930056
realization 257 / 300 ... accepted 257. Emin=-15.91638630, Emax=47.04812902
realization 258 / 300 ... accepted 258. Emin=-5.11462571, Emax=46.94665117
realization 259 / 300 ... accepted 259. Emin=-13.40044326, Emax=42.32588163
realization 260 / 300 ... accepted 260. Emin=-17.90304348, Emax=31.24676658
realization 261 / 300 ... accepted 261. Emin=-4.05773227, Emax=49.72152462
realization 262 / 300 ... accepted 262. Emin=7.81353433, Emax=71.33374140
realization 263 / 300 ... accepted 263. Emin=-8.88085103, Emax=53.17899847
realization 264 / 300 ... accepted 264. Emin=-1.53271422, Emax=55.29049007
realization 265 / 300 ... accepted 265. Emin=-7.94429976, Emax=71.07540764
realization 266 / 300 ... accepted 266. Emin=-3.88726543, Emax=45.95405571
realization 267 / 300 ... accepted 267. Emin=-5.91890840, Emax=56.68607447
realization 268 / 300 ... accepted 268. Emin=-7.73740231, Emax=61.27534101
realization 269 / 300 ... accepted 269. Emin=-14.81649619, Emax=46.89538736
realization 270 / 300 ... accepted 270. Emin=-12.73695087, Emax=32.58216226
realization 271 / 300 ... accepted 271. Emin=-9.57660754, Emax=57.13257456
realization 272 / 300 ... accepted 272. Emin=-3.95717377, Emax=48.96240774
realization 273 / 300 ... accepted 273. Emin=13.73669938, Emax=66.40603021
realization 274 / 300 ... accepted 274. Emin=-13.20651123, Emax=28.90746777
realization 275 / 300 ... accepted 275. Emin=-12.42775007, Emax=53.09199880
realization 276 / 300 ... accepted 276. Emin=15.18647813, Emax=70.85158660
realization 277 / 300 ... accepted 277. Emin=-12.73242721, Emax=39.52597468
realization 278 / 300 ... accepted 278. Emin=-7.36678143, Emax=58.15118191
realization 279 / 300 ... accepted 279. Emin=-11.27905107, Emax=45.95515429
realization 280 / 300 ... accepted 280. Emin=-13.38730410, Emax=62.59742714
realization 281 / 300 ... accepted 281. Emin=-22.46131481, Emax=34.59911831
realization 282 / 300 ... accepted 282. Emin=-6.16242218, Emax=57.51938526
realization 283 / 300 ... accepted 283. Emin=-3.09610539, Emax=56.95777195
realization 284 / 300 ... accepted 284. Emin=7.58573415, Emax=62.01169664
realization 285 / 300 ... accepted 285. Emin=4.84558623, Emax=57.24460528
realization 286 / 300 ... accepted 286. Emin=-4.33484944, Emax=49.71647956
realization 287 / 300 ... accepted 287. Emin=22.81810361, Emax=69.47088707
realization 288 / 300 ... accepted 288. Emin=5.30551484, Emax=62.69105865
realization 289 / 300 ... accepted 289. Emin=-23.29513727, Emax=37.25231710
realization 290 / 300 ... accepted 290. Emin=-21.84831508, Emax=33.83196867
realization 291 / 300 ... accepted 291. Emin=-7.92282507, Emax=41.91838088
realization 292 / 300 ... accepted 292. Emin=-1.47695821, Emax=70.28131601
realization 293 / 300 ... accepted 293. Emin=3.60491837, Emax=54.38318669
realization 294 / 300 ... accepted 294. Emin=-20.58526566, Emax=36.85701956
realization 295 / 300 ... accepted 295. Emin=-4.45447931, Emax=58.79161808
realization 296 / 300 ... accepted 296. Emin=-22.03370244, Emax=36.13004062
realization 297 / 300 ... accepted 297. Emin=4.60541463, Emax=49.47427925
realization 298 / 300 ... accepted 298. Emin=-15.10826308, Emax=47.00295204
realization 299 / 300 ... accepted 299. Emin=6.06051361, Emax=57.30257114
realization 300 / 300 ... accepted 300. Emin=-14.83460798, Emax=49.92060491
Saved final energies: /home/2/kj405942/POLFED_bosons/pbs_bose_legacy_nmax2_periodic/data/U_5/W_8/L_6/N_6_nmax_2/boundary_periodic/energies_full_U5_L6_N6_nmax2_W8_boundaryperiodic_nreal300.txt
Accepted realizations: 300 / 300
Skipped realizations: 0
Job finished at Sun May 31 18:05:26 UTC 2026
