Job started on w21 at Sun May 31 18:03:47 UTC 2026
PBS_JOBID=7731368.kruk-host.ift-klaster.lan
PBS_O_WORKDIR=/home/2/kj405942/POLFED_bosons
Bose-Hubbard: L=6, N=6, nmax=2, dim=141
t=1, U=5, W=14, nreal=300, boundary=periodic, mode=full
Writing partial results to /home/2/kj405942/POLFED_bosons/pbs_bose_legacy_nmax2_periodic/data/U_5/W_14/L_6/N_6_nmax_2/boundary_periodic/energies_full_U5_L6_N6_nmax2_W14_boundaryperiodic_nreal300_partial.txt
realization 1 / 300 ... accepted 1. Emin=-46.99116885, Emax=48.36035683
realization 2 / 300 ... accepted 2. Emin=-32.61659910, Emax=64.07550557
realization 3 / 300 ... accepted 3. Emin=-11.48833609, Emax=68.01250488
realization 4 / 300 ... accepted 4. Emin=-11.91741714, Emax=60.89231198
realization 5 / 300 ... accepted 5. Emin=-4.87624437, Emax=53.89545610
realization 6 / 300 ... accepted 6. Emin=1.42783366, Emax=72.79364807
realization 7 / 300 ... accepted 7. Emin=14.76403544, Emax=96.33328161
realization 8 / 300 ... accepted 8. Emin=-5.46449511, Emax=56.74860364
realization 9 / 300 ... accepted 9. Emin=15.29566769, Emax=66.47663096
realization 10 / 300 ... accepted 10. Emin=-16.24141542, Emax=74.80262644
realization 11 / 300 ... accepted 11. Emin=-17.59702905, Emax=82.57989178
realization 12 / 300 ... accepted 12. Emin=-17.83485022, Emax=70.20799767
realization 13 / 300 ... accepted 13. Emin=-32.27457599, Emax=32.24201537
realization 14 / 300 ... accepted 14. Emin=-37.30346757, Emax=34.27394366
realization 15 / 300 ... accepted 15. Emin=-28.51866547, Emax=52.70171266
realization 16 / 300 ... accepted 16. Emin=-21.00789368, Emax=85.60652618
realization 17 / 300 ... accepted 17. Emin=-20.78934720, Emax=58.42757493
realization 18 / 300 ... accepted 18. Emin=-22.87315547, Emax=51.62716449
realization 19 / 300 ... accepted 19. Emin=-4.58642996, Emax=79.89301335
realization 20 / 300 ... accepted 20. Emin=-37.34645760, Emax=60.57541623
realization 21 / 300 ... accepted 21. Emin=-52.22864788, Emax=54.03848547
realization 22 / 300 ... accepted 22. Emin=-16.33575134, Emax=70.95876319
realization 23 / 300 ... accepted 23. Emin=-2.78050020, Emax=68.54060766
realization 24 / 300 ... accepted 24. Emin=-10.73264595, Emax=72.08839873
realization 25 / 300 ... accepted 25. Emin=-27.61728058, Emax=98.36451146
realization 26 / 300 ... accepted 26. Emin=-20.43750992, Emax=67.16946639
realization 27 / 300 ... accepted 27. Emin=-22.29549544, Emax=48.99538621
realization 28 / 300 ... accepted 28. Emin=-20.10576987, Emax=77.02588679
realization 29 / 300 ... accepted 29. Emin=35.93509755, Emax=103.31463206
realization 30 / 300 ... accepted 30. Emin=-8.49873818, Emax=64.79408022
realization 31 / 300 ... accepted 31. Emin=-4.00526372, Emax=60.92717802
realization 32 / 300 ... accepted 32. Emin=-18.78497379, Emax=53.84826108
realization 33 / 300 ... accepted 33. Emin=-33.98212015, Emax=24.24043348
realization 34 / 300 ... accepted 34. Emin=4.69021351, Emax=83.26657391
realization 35 / 300 ... accepted 35. Emin=-11.21789924, Emax=90.48035166
realization 36 / 300 ... accepted 36. Emin=21.50586948, Emax=102.85323029
realization 37 / 300 ... accepted 37. Emin=-43.06713456, Emax=10.26749845
realization 38 / 300 ... accepted 38. Emin=-9.78530882, Emax=53.03574348
realization 39 / 300 ... accepted 39. Emin=33.69172698, Emax=105.60411704
realization 40 / 300 ... accepted 40. Emin=-37.97374044, Emax=43.65137026
realization 41 / 300 ... accepted 41. Emin=-6.79264442, Emax=78.14086494
realization 42 / 300 ... accepted 42. Emin=1.42448528, Emax=88.98560035
realization 43 / 300 ... accepted 43. Emin=-11.24173123, Emax=75.79401862
realization 44 / 300 ... accepted 44. Emin=7.87051111, Emax=71.30518285
realization 45 / 300 ... accepted 45. Emin=-23.46047934, Emax=27.15150573
realization 46 / 300 ... accepted 46. Emin=-14.01410094, Emax=95.27858180
realization 47 / 300 ... accepted 47. Emin=-45.23326062, Emax=26.95722127
realization 48 / 300 ... accepted 48. Emin=-26.34014340, Emax=54.54653296
realization 49 / 300 ... accepted 49. Emin=-28.57960136, Emax=41.71940326
realization 50 / 300 ... accepted 50. Emin=-23.66490499, Emax=58.04507166
realization 51 / 300 ... accepted 51. Emin=42.74275995, Emax=99.93734231
realization 52 / 300 ... accepted 52. Emin=-31.55512706, Emax=78.31739161
realization 53 / 300 ... accepted 53. Emin=-43.52905837, Emax=39.11748395
realization 54 / 300 ... accepted 54. Emin=29.22595924, Emax=103.52885666
realization 55 / 300 ... accepted 55. Emin=-54.26946757, Emax=58.10628913
realization 56 / 300 ... accepted 56. Emin=-31.63438688, Emax=49.20781519
realization 57 / 300 ... accepted 57. Emin=-9.02577923, Emax=85.26964085
realization 58 / 300 ... accepted 58. Emin=-1.06056233, Emax=67.40237851
realization 59 / 300 ... accepted 59. Emin=-0.01299012, Emax=78.98783887
realization 60 / 300 ... accepted 60. Emin=-11.74064794, Emax=95.83010442
realization 61 / 300 ... accepted 61. Emin=-33.45341427, Emax=108.36918301
realization 62 / 300 ... accepted 62. Emin=-13.58477195, Emax=89.46068227
realization 63 / 300 ... accepted 63. Emin=-6.25098676, Emax=43.48873024
realization 64 / 300 ... accepted 64. Emin=-29.41412074, Emax=73.24408234
realization 65 / 300 ... accepted 65. Emin=-8.37051675, Emax=96.41927946
realization 66 / 300 ... accepted 66. Emin=-40.37123334, Emax=45.01496647
realization 67 / 300 ... accepted 67. Emin=-36.60038946, Emax=58.66964390
realization 68 / 300 ... accepted 68. Emin=-24.42274399, Emax=64.43933696
realization 69 / 300 ... accepted 69. Emin=-34.55703004, Emax=68.87469755
realization 70 / 300 ... accepted 70. Emin=-1.49414522, Emax=73.52221099
realization 71 / 300 ... accepted 71. Emin=-45.42623669, Emax=41.12449738
realization 72 / 300 ... accepted 72. Emin=14.78548131, Emax=99.19707762
realization 73 / 300 ... accepted 73. Emin=-26.33256335, Emax=92.17304623
realization 74 / 300 ... accepted 74. Emin=-44.06483368, Emax=24.14847544
realization 75 / 300 ... accepted 75. Emin=-38.05382345, Emax=47.27391160
realization 76 / 300 ... accepted 76. Emin=-21.74344309, Emax=54.34286555
realization 77 / 300 ... accepted 77. Emin=-30.93651065, Emax=72.07755629
realization 78 / 300 ... accepted 78. Emin=-19.50280067, Emax=89.04110900
realization 79 / 300 ... accepted 79. Emin=-25.42283294, Emax=45.45583484
realization 80 / 300 ... accepted 80. Emin=8.36677876, Emax=91.35729377
realization 81 / 300 ... accepted 81. Emin=3.13895388, Emax=78.99208707
realization 82 / 300 ... accepted 82. Emin=-20.71840805, Emax=60.72021733
realization 83 / 300 ... accepted 83. Emin=-11.70465347, Emax=47.40841216
realization 84 / 300 ... accepted 84. Emin=-6.47554646, Emax=67.05871917
realization 85 / 300 ... accepted 85. Emin=-38.52542935, Emax=67.37261227
realization 86 / 300 ... accepted 86. Emin=-8.94458615, Emax=103.19128828
realization 87 / 300 ... accepted 87. Emin=-25.48851725, Emax=76.91293312
realization 88 / 300 ... accepted 88. Emin=9.38697281, Emax=82.21288535
realization 89 / 300 ... accepted 89. Emin=-21.82781198, Emax=49.60456853
realization 90 / 300 ... accepted 90. Emin=-21.20607201, Emax=46.43401009
realization 91 / 300 ... accepted 91. Emin=-36.11356888, Emax=99.20384752
realization 92 / 300 ... accepted 92. Emin=-4.69791630, Emax=87.24034191
realization 93 / 300 ... accepted 93. Emin=4.88578231, Emax=85.18424417
realization 94 / 300 ... accepted 94. Emin=-37.89881649, Emax=54.34920984
realization 95 / 300 ... accepted 95. Emin=-19.73448864, Emax=76.23313179
realization 96 / 300 ... accepted 96. Emin=-16.01811751, Emax=71.60764017
realization 97 / 300 ... accepted 97. Emin=-38.21831981, Emax=57.56931532
realization 98 / 300 ... accepted 98. Emin=13.97072034, Emax=102.45463464
realization 99 / 300 ... accepted 99. Emin=28.92811056, Emax=100.01805233
realization 100 / 300 ... accepted 100. Emin=-19.11426309, Emax=71.03629571
realization 101 / 300 ... accepted 101. Emin=-26.42105386, Emax=75.38789815
realization 102 / 300 ... accepted 102. Emin=-9.64832925, Emax=54.66340154
realization 103 / 300 ... accepted 103. Emin=-10.37474817, Emax=83.23561576
realization 104 / 300 ... accepted 104. Emin=22.75219629, Emax=90.13857299
realization 105 / 300 ... accepted 105. Emin=-38.85816787, Emax=62.69606581
realization 106 / 300 ... accepted 106. Emin=-33.48273854, Emax=25.55716004
realization 107 / 300 ... accepted 107. Emin=-19.54549369, Emax=104.67755450
realization 108 / 300 ... accepted 108. Emin=-39.68742152, Emax=53.32857928
realization 109 / 300 ... accepted 109. Emin=30.76107928, Emax=87.97247436
realization 110 / 300 ... accepted 110. Emin=15.36198145, Emax=79.64840168
realization 111 / 300 ... accepted 111. Emin=-19.87294668, Emax=60.48552335
realization 112 / 300 ... accepted 112. Emin=-16.39882964, Emax=80.47333177
realization 113 / 300 ... accepted 113. Emin=-24.18521760, Emax=28.48213393
realization 114 / 300 ... accepted 114. Emin=0.25552954, Emax=62.04234222
realization 115 / 300 ... accepted 115. Emin=-26.38789804, Emax=55.43222802
realization 116 / 300 ... accepted 116. Emin=-16.74595356, Emax=58.04413722
realization 117 / 300 ... accepted 117. Emin=18.46247948, Emax=79.19876241
realization 118 / 300 ... accepted 118. Emin=-35.24885129, Emax=21.21969152
realization 119 / 300 ... accepted 119. Emin=-12.12839193, Emax=50.27912556
realization 120 / 300 ... accepted 120. Emin=-9.66754096, Emax=72.78712493
realization 121 / 300 ... accepted 121. Emin=-12.67734613, Emax=85.14402034
realization 122 / 300 ... accepted 122. Emin=-23.43940308, Emax=75.28155263
realization 123 / 300 ... accepted 123. Emin=16.41705322, Emax=85.65334767
realization 124 / 300 ... accepted 124. Emin=-12.60619883, Emax=88.19081419
realization 125 / 300 ... accepted 125. Emin=-20.54656684, Emax=63.90741831
realization 126 / 300 ... accepted 126. Emin=-7.65673725, Emax=71.94661021
realization 127 / 300 ... accepted 127. Emin=-0.82746965, Emax=83.68624331
realization 128 / 300 ... accepted 128. Emin=-16.99687335, Emax=98.84351956
realization 129 / 300 ... accepted 129. Emin=-5.39496325, Emax=74.33969665
realization 130 / 300 ... accepted 130. Emin=-29.49831008, Emax=25.31406806
realization 131 / 300 ... accepted 131. Emin=-28.57927553, Emax=31.01080275
realization 132 / 300 ... accepted 132. Emin=-36.10751683, Emax=58.88223713
realization 133 / 300 ... accepted 133. Emin=-17.98957259, Emax=92.49184798
realization 134 / 300 ... accepted 134. Emin=-27.17497347, Emax=63.82814170
realization 135 / 300 ... accepted 135. Emin=-3.95480323, Emax=85.26304760
realization 136 / 300 ... accepted 136. Emin=25.94003336, Emax=91.47626406
realization 137 / 300 ... accepted 137. Emin=-43.45337942, Emax=45.82992738
realization 138 / 300 ... accepted 138. Emin=-5.69431671, Emax=83.94047426
realization 139 / 300 ... accepted 139. Emin=20.32257179, Emax=102.81119298
realization 140 / 300 ... accepted 140. Emin=24.48565241, Emax=88.97489769
realization 141 / 300 ... accepted 141. Emin=-39.60464733, Emax=48.02753870
realization 142 / 300 ... accepted 142. Emin=-28.78160216, Emax=39.42046844
realization 143 / 300 ... accepted 143. Emin=-6.56408599, Emax=56.05925836
realization 144 / 300 ... accepted 144. Emin=59.18562177, Emax=108.46221036
realization 145 / 300 ... accepted 145. Emin=-12.01796595, Emax=91.31170147
realization 146 / 300 ... accepted 146. Emin=-3.91376646, Emax=59.18005487
realization 147 / 300 ... accepted 147. Emin=26.16262154, Emax=77.43558225
realization 148 / 300 ... accepted 148. Emin=-46.72960258, Emax=38.75513464
realization 149 / 300 ... accepted 149. Emin=-5.11683962, Emax=91.64445738
realization 150 / 300 ... accepted 150. Emin=-12.88809730, Emax=85.72613950
realization 151 / 300 ... accepted 151. Emin=-19.32346245, Emax=58.20618670
realization 152 / 300 ... accepted 152. Emin=18.60110032, Emax=77.38211970
realization 153 / 300 ... accepted 153. Emin=-21.81984995, Emax=70.69632713
realization 154 / 300 ... accepted 154. Emin=-21.76945202, Emax=49.82284525
realization 155 / 300 ... accepted 155. Emin=-34.48197848, Emax=24.10977883
realization 156 / 300 ... accepted 156. Emin=-30.84227956, Emax=56.04630153
realization 157 / 300 ... accepted 157. Emin=-20.31886656, Emax=92.51264926
realization 158 / 300 ... accepted 158. Emin=-19.56225765, Emax=44.40127371
realization 159 / 300 ... accepted 159. Emin=-37.30661846, Emax=78.35073281
realization 160 / 300 ... accepted 160. Emin=9.22610455, Emax=66.92391422
realization 161 / 300 ... accepted 161. Emin=-12.29764519, Emax=51.56751584
realization 162 / 300 ... accepted 162. Emin=-34.66651434, Emax=56.68050681
realization 163 / 300 ... accepted 163. Emin=-22.92911854, Emax=84.90136149
realization 164 / 300 ... accepted 164. Emin=1.19661959, Emax=81.89408920
realization 165 / 300 ... accepted 165. Emin=-33.97998245, Emax=68.13521823
realization 166 / 300 ... accepted 166. Emin=-20.02066722, Emax=66.05193374
realization 167 / 300 ... accepted 167. Emin=-22.21418112, Emax=47.87599747
realization 168 / 300 ... accepted 168. Emin=-48.11682886, Emax=33.71094152
realization 169 / 300 ... accepted 169. Emin=-25.11145529, Emax=48.47047478
realization 170 / 300 ... accepted 170. Emin=-49.70359329, Emax=15.90909611
realization 171 / 300 ... accepted 171. Emin=-18.46123215, Emax=63.49611917
realization 172 / 300 ... accepted 172. Emin=35.64888004, Emax=97.02039024
realization 173 / 300 ... accepted 173. Emin=-33.93164120, Emax=37.56888865
realization 174 / 300 ... accepted 174. Emin=1.38468872, Emax=89.06184686
realization 175 / 300 ... accepted 175. Emin=-11.83704509, Emax=82.20249499
realization 176 / 300 ... accepted 176. Emin=-5.92996218, Emax=97.78114432
realization 177 / 300 ... accepted 177. Emin=-10.81481975, Emax=78.02812145
realization 178 / 300 ... accepted 178. Emin=-55.78418570, Emax=40.46205589
realization 179 / 300 ... accepted 179. Emin=-27.99775731, Emax=33.85667523
realization 180 / 300 ... accepted 180. Emin=-18.35822022, Emax=79.45486813
realization 181 / 300 ... accepted 181. Emin=-28.31418518, Emax=30.80130325
realization 182 / 300 ... accepted 182. Emin=-42.36763246, Emax=40.32015347
realization 183 / 300 ... accepted 183. Emin=-7.41494371, Emax=67.57276599
realization 184 / 300 ... accepted 184. Emin=-24.91978447, Emax=49.34907026
realization 185 / 300 ... accepted 185. Emin=-33.83347330, Emax=86.82879972
realization 186 / 300 ... accepted 186. Emin=-48.22409542, Emax=31.65730786
realization 187 / 300 ... accepted 187. Emin=-10.87428477, Emax=80.11267315
realization 188 / 300 ... accepted 188. Emin=-15.82220072, Emax=83.07762911
realization 189 / 300 ... accepted 189. Emin=-0.66478362, Emax=87.60430008
realization 190 / 300 ... accepted 190. Emin=-58.20584300, Emax=28.52917958
realization 191 / 300 ... accepted 191. Emin=-6.03231980, Emax=75.16157263
realization 192 / 300 ... accepted 192. Emin=-9.39764172, Emax=80.81938660
realization 193 / 300 ... accepted 193. Emin=-19.32417702, Emax=38.91151217
realization 194 / 300 ... accepted 194. Emin=-29.11706178, Emax=57.22960269
realization 195 / 300 ... accepted 195. Emin=-26.62241097, Emax=50.17118428
realization 196 / 300 ... accepted 196. Emin=-5.61554479, Emax=59.65770713
realization 197 / 300 ... accepted 197. Emin=-25.64580008, Emax=50.72238766
realization 198 / 300 ... accepted 198. Emin=-20.81657640, Emax=38.16866598
realization 199 / 300 ... accepted 199. Emin=-29.02085557, Emax=49.25078640
realization 200 / 300 ... accepted 200. Emin=-33.76318274, Emax=50.60429477
realization 201 / 300 ... accepted 201. Emin=-0.49190374, Emax=89.45065349
realization 202 / 300 ... accepted 202. Emin=-2.25713460, Emax=83.56290272
realization 203 / 300 ... accepted 203. Emin=-17.95616174, Emax=77.58285941
realization 204 / 300 ... accepted 204. Emin=-56.05232089, Emax=24.56518829
realization 205 / 300 ... accepted 205. Emin=-22.22118297, Emax=49.70100497
realization 206 / 300 ... accepted 206. Emin=-12.75448353, Emax=65.09475645
realization 207 / 300 ... accepted 207. Emin=-1.21024630, Emax=71.85042726
realization 208 / 300 ... accepted 208. Emin=23.88280860, Emax=84.65429108
realization 209 / 300 ... accepted 209. Emin=-2.82430394, Emax=70.72074353
realization 210 / 300 ... accepted 210. Emin=-20.47201438, Emax=68.27111836
realization 211 / 300 ... accepted 211. Emin=-17.23909434, Emax=62.97542767
realization 212 / 300 ... accepted 212. Emin=-15.57279766, Emax=102.37599598
realization 213 / 300 ... accepted 213. Emin=-13.65327311, Emax=102.78698427
realization 214 / 300 ... accepted 214. Emin=-15.58043784, Emax=50.67649026
realization 215 / 300 ... accepted 215. Emin=-3.95899536, Emax=80.37220647
realization 216 / 300 ... accepted 216. Emin=17.13467328, Emax=77.86227006
realization 217 / 300 ... accepted 217. Emin=-7.53574647, Emax=70.56786364
realization 218 / 300 ... accepted 218. Emin=-44.41390441, Emax=61.92324374
realization 219 / 300 ... accepted 219. Emin=-41.89685221, Emax=34.53983478
realization 220 / 300 ... accepted 220. Emin=-13.82838326, Emax=67.48707242
realization 221 / 300 ... accepted 221. Emin=-10.46505787, Emax=72.21196913
realization 222 / 300 ... accepted 222. Emin=-9.26215760, Emax=81.11086214
realization 223 / 300 ... accepted 223. Emin=10.11408595, Emax=81.62142108
realization 224 / 300 ... accepted 224. Emin=-37.29954427, Emax=52.01206723
realization 225 / 300 ... accepted 225. Emin=-43.16350141, Emax=22.63084074
realization 226 / 300 ... accepted 226. Emin=-0.39473986, Emax=86.62681917
realization 227 / 300 ... accepted 227. Emin=17.28477723, Emax=75.12747254
realization 228 / 300 ... accepted 228. Emin=11.15486232, Emax=94.76222649
realization 229 / 300 ... accepted 229. Emin=-27.94886297, Emax=52.25995953
realization 230 / 300 ... accepted 230. Emin=-40.94643681, Emax=51.03786657
realization 231 / 300 ... accepted 231. Emin=11.54753847, Emax=70.15868448
realization 232 / 300 ... accepted 232. Emin=-29.42978465, Emax=75.95266104
realization 233 / 300 ... accepted 233. Emin=-14.50937582, Emax=68.09002104
realization 234 / 300 ... accepted 234. Emin=-33.10069992, Emax=37.46596053
realization 235 / 300 ... accepted 235. Emin=24.32073429, Emax=100.04154633
realization 236 / 300 ... accepted 236. Emin=-11.22813004, Emax=80.76677092
realization 237 / 300 ... accepted 237. Emin=-19.27400668, Emax=63.40974780
realization 238 / 300 ... accepted 238. Emin=0.81832016, Emax=82.77397006
realization 239 / 300 ... accepted 239. Emin=-31.77785002, Emax=47.59644194
realization 240 / 300 ... accepted 240. Emin=-39.90638975, Emax=67.94035110
realization 241 / 300 ... accepted 241. Emin=2.89083968, Emax=80.12499012
realization 242 / 300 ... accepted 242. Emin=-27.93834505, Emax=101.06425447
realization 243 / 300 ... accepted 243. Emin=0.74655411, Emax=82.20694223
realization 244 / 300 ... accepted 244. Emin=31.22157555, Emax=96.34566414
realization 245 / 300 ... accepted 245. Emin=-37.56392310, Emax=13.42962581
realization 246 / 300 ... accepted 246. Emin=-32.82585965, Emax=75.96907403
realization 247 / 300 ... accepted 247. Emin=4.61890473, Emax=77.73311885
realization 248 / 300 ... accepted 248. Emin=22.10162215, Emax=88.25301612
realization 249 / 300 ... accepted 249. Emin=1.49905997, Emax=75.78742745
realization 250 / 300 ... accepted 250. Emin=16.19144450, Emax=95.25893955
realization 251 / 300 ... accepted 251. Emin=-14.71816176, Emax=78.74052301
realization 252 / 300 ... accepted 252. Emin=-15.77787377, Emax=110.47231958
realization 253 / 300 ... accepted 253. Emin=-53.47920091, Emax=46.81115068
realization 254 / 300 ... accepted 254. Emin=-25.65117868, Emax=75.46213939
realization 255 / 300 ... accepted 255. Emin=-5.78948045, Emax=96.90365493
realization 256 / 300 ... accepted 256. Emin=-23.82074971, Emax=30.29314393
realization 257 / 300 ... accepted 257. Emin=-44.49880170, Emax=26.66881128
realization 258 / 300 ... accepted 258. Emin=-7.82240427, Emax=91.71605343
realization 259 / 300 ... accepted 259. Emin=28.08777691, Emax=93.92953501
realization 260 / 300 ... accepted 260. Emin=-8.45305082, Emax=79.45085512
realization 261 / 300 ... accepted 261. Emin=-39.38339916, Emax=19.57143970
realization 262 / 300 ... accepted 262. Emin=-29.47763471, Emax=56.82294052
realization 263 / 300 ... accepted 263. Emin=-13.01018763, Emax=64.32689837
realization 264 / 300 ... accepted 264. Emin=-13.98899510, Emax=60.71250093
realization 265 / 300 ... accepted 265. Emin=-9.62844557, Emax=69.87447668
realization 266 / 300 ... accepted 266. Emin=-20.74913301, Emax=75.74100674
realization 267 / 300 ... accepted 267. Emin=-43.89758557, Emax=42.62022527
realization 268 / 300 ... accepted 268. Emin=-49.18923522, Emax=16.95401645
realization 269 / 300 ... accepted 269. Emin=-27.34288341, Emax=68.61787986
realization 270 / 300 ... accepted 270. Emin=-23.25875857, Emax=49.89912976
realization 271 / 300 ... accepted 271. Emin=-6.31561434, Emax=93.66513963
realization 272 / 300 ... accepted 272. Emin=-35.96546001, Emax=44.04735388
realization 273 / 300 ... accepted 273. Emin=-41.00010839, Emax=46.90458069
realization 274 / 300 ... accepted 274. Emin=2.22301897, Emax=84.38808509
realization 275 / 300 ... accepted 275. Emin=22.05091336, Emax=97.64168252
realization 276 / 300 ... accepted 276. Emin=-7.70719800, Emax=65.64550289
realization 277 / 300 ... accepted 277. Emin=-11.50240960, Emax=75.54859967
realization 278 / 300 ... accepted 278. Emin=-2.94736348, Emax=83.41513563
realization 279 / 300 ... accepted 279. Emin=-19.26388893, Emax=74.11987572
realization 280 / 300 ... accepted 280. Emin=-50.25107093, Emax=52.21381454
realization 281 / 300 ... accepted 281. Emin=7.74832129, Emax=101.01562873
realization 282 / 300 ... accepted 282. Emin=10.57926667, Emax=81.96468881
realization 283 / 300 ... accepted 283. Emin=15.07684103, Emax=56.25053708
realization 284 / 300 ... accepted 284. Emin=-6.14321892, Emax=70.37255285
realization 285 / 300 ... accepted 285. Emin=-6.54729112, Emax=87.64701459
realization 286 / 300 ... accepted 286. Emin=-14.47941733, Emax=57.04509758
realization 287 / 300 ... accepted 287. Emin=19.90679401, Emax=81.88720864
realization 288 / 300 ... accepted 288. Emin=-2.51877934, Emax=89.88425868
realization 289 / 300 ... accepted 289. Emin=-20.81418746, Emax=48.44955899
realization 290 / 300 ... accepted 290. Emin=-24.88969495, Emax=66.99878994
realization 291 / 300 ... accepted 291. Emin=-18.13624539, Emax=61.17111371
realization 292 / 300 ... accepted 292. Emin=-0.88778503, Emax=106.42671826
realization 293 / 300 ... accepted 293. Emin=-42.45907523, Emax=39.18835871
realization 294 / 300 ... accepted 294. Emin=-13.54048652, Emax=54.35170497
realization 295 / 300 ... accepted 295. Emin=-24.84257157, Emax=72.78690276
realization 296 / 300 ... accepted 296. Emin=-38.85176191, Emax=45.68502430
realization 297 / 300 ... accepted 297. Emin=-42.74468853, Emax=28.78719361
realization 298 / 300 ... accepted 298. Emin=-43.49792616, Emax=52.16078930
realization 299 / 300 ... accepted 299. Emin=-16.50564270, Emax=92.39342662
realization 300 / 300 ... accepted 300. Emin=-32.03923821, Emax=46.79360989
Saved final energies: /home/2/kj405942/POLFED_bosons/pbs_bose_legacy_nmax2_periodic/data/U_5/W_14/L_6/N_6_nmax_2/boundary_periodic/energies_full_U5_L6_N6_nmax2_W14_boundaryperiodic_nreal300.txt
Accepted realizations: 300 / 300
Skipped realizations: 0
Job finished at Sun May 31 18:05:24 UTC 2026
