Job started on w21 at Sun May 31 18:03:47 UTC 2026
PBS_JOBID=7731366.kruk-host.ift-klaster.lan
PBS_O_WORKDIR=/home/2/kj405942/POLFED_bosons
Bose-Hubbard: L=6, N=6, nmax=2, dim=141
t=1, U=5, W=12, nreal=300, boundary=periodic, mode=full
Writing partial results to /home/2/kj405942/POLFED_bosons/pbs_bose_legacy_nmax2_periodic/data/U_5/W_12/L_6/N_6_nmax_2/boundary_periodic/energies_full_U5_L6_N6_nmax2_W12_boundaryperiodic_nreal300_partial.txt
realization 1 / 300 ... accepted 1. Emin=-3.17910256, Emax=65.80949243
realization 2 / 300 ... accepted 2. Emin=-34.59137809, Emax=27.36114817
realization 3 / 300 ... accepted 3. Emin=-2.26536852, Emax=79.19723926
realization 4 / 300 ... accepted 4. Emin=-15.80598202, Emax=37.58799970
realization 5 / 300 ... accepted 5. Emin=-11.14225000, Emax=60.12127640
realization 6 / 300 ... accepted 6. Emin=7.37408167, Emax=69.29537092
realization 7 / 300 ... accepted 7. Emin=-12.15843776, Emax=39.65361523
realization 8 / 300 ... accepted 8. Emin=29.17262834, Emax=89.26906308
realization 9 / 300 ... accepted 9. Emin=-30.35387685, Emax=84.15201472
realization 10 / 300 ... accepted 10. Emin=0.36568715, Emax=64.05668287
realization 11 / 300 ... accepted 11. Emin=-1.92374564, Emax=77.66947615
realization 12 / 300 ... accepted 12. Emin=-16.21501793, Emax=85.11164786
realization 13 / 300 ... accepted 13. Emin=-2.81244867, Emax=62.55438211
realization 14 / 300 ... accepted 14. Emin=23.54897791, Emax=74.99166757
realization 15 / 300 ... accepted 15. Emin=-38.67482013, Emax=33.67554594
realization 16 / 300 ... accepted 16. Emin=-2.67521445, Emax=63.68074519
realization 17 / 300 ... accepted 17. Emin=-23.84912471, Emax=63.11441547
realization 18 / 300 ... accepted 18. Emin=-14.16880780, Emax=65.12136967
realization 19 / 300 ... accepted 19. Emin=-16.58869274, Emax=56.55224215
realization 20 / 300 ... accepted 20. Emin=0.82887148, Emax=59.98590330
realization 21 / 300 ... accepted 21. Emin=-38.39681621, Emax=55.87121951
realization 22 / 300 ... accepted 22. Emin=-6.93696868, Emax=58.08024998
realization 23 / 300 ... accepted 23. Emin=-18.82741198, Emax=64.33273279
realization 24 / 300 ... accepted 24. Emin=-26.58764153, Emax=34.60900017
realization 25 / 300 ... accepted 25. Emin=0.43675329, Emax=70.97208476
realization 26 / 300 ... accepted 26. Emin=-34.00336523, Emax=42.87810027
realization 27 / 300 ... accepted 27. Emin=-20.59274911, Emax=88.47955183
realization 28 / 300 ... accepted 28. Emin=-13.63371998, Emax=36.20319248
realization 29 / 300 ... accepted 29. Emin=2.91855050, Emax=62.62021653
realization 30 / 300 ... accepted 30. Emin=-14.24197812, Emax=61.49741932
realization 31 / 300 ... accepted 31. Emin=0.30294028, Emax=85.67548669
realization 32 / 300 ... accepted 32. Emin=-8.38510266, Emax=76.36459423
realization 33 / 300 ... accepted 33. Emin=-15.43315384, Emax=74.83683038
realization 34 / 300 ... accepted 34. Emin=36.17176586, Emax=90.33815912
realization 35 / 300 ... accepted 35. Emin=-32.35648223, Emax=43.65648712
realization 36 / 300 ... accepted 36. Emin=5.55723712, Emax=64.99133181
realization 37 / 300 ... accepted 37. Emin=-22.39537321, Emax=57.31633601
realization 38 / 300 ... accepted 38. Emin=-3.74364169, Emax=62.28752488
realization 39 / 300 ... accepted 39. Emin=-15.65029623, Emax=34.22356087
realization 40 / 300 ... accepted 40. Emin=-42.09455915, Emax=37.80494590
realization 41 / 300 ... accepted 41. Emin=-8.17201701, Emax=45.09942032
realization 42 / 300 ... accepted 42. Emin=-26.13482262, Emax=59.04959767
realization 43 / 300 ... accepted 43. Emin=-15.28984955, Emax=69.91324579
realization 44 / 300 ... accepted 44. Emin=12.94236694, Emax=82.45832369
realization 45 / 300 ... accepted 45. Emin=-28.95517308, Emax=38.91064338
realization 46 / 300 ... accepted 46. Emin=-10.40011057, Emax=61.62314390
realization 47 / 300 ... accepted 47. Emin=-19.89782080, Emax=54.97993830
realization 48 / 300 ... accepted 48. Emin=-24.35767463, Emax=57.06871936
realization 49 / 300 ... accepted 49. Emin=-37.81016100, Emax=31.88117430
realization 50 / 300 ... accepted 50. Emin=-20.41999180, Emax=52.64686005
realization 51 / 300 ... accepted 51. Emin=18.60230648, Emax=77.82941820
realization 52 / 300 ... accepted 52. Emin=-17.70172480, Emax=75.09460092
realization 53 / 300 ... accepted 53. Emin=3.63919357, Emax=79.88466535
realization 54 / 300 ... accepted 54. Emin=-37.84865055, Emax=38.46214171
realization 55 / 300 ... accepted 55. Emin=-39.18908612, Emax=12.77807302
realization 56 / 300 ... accepted 56. Emin=0.36348151, Emax=78.73387737
realization 57 / 300 ... accepted 57. Emin=35.08881158, Emax=83.88971017
realization 58 / 300 ... accepted 58. Emin=-29.67863020, Emax=36.47747512
realization 59 / 300 ... accepted 59. Emin=-20.79339141, Emax=80.55063327
realization 60 / 300 ... accepted 60. Emin=-10.85183507, Emax=54.42342963
realization 61 / 300 ... accepted 61. Emin=-36.41084252, Emax=40.02586498
realization 62 / 300 ... accepted 62. Emin=-22.90689834, Emax=57.75072708
realization 63 / 300 ... accepted 63. Emin=-43.26113794, Emax=42.52241612
realization 64 / 300 ... accepted 64. Emin=-38.00564988, Emax=34.96472351
realization 65 / 300 ... accepted 65. Emin=-10.52380152, Emax=73.04288398
realization 66 / 300 ... accepted 66. Emin=24.08989806, Emax=84.97217871
realization 67 / 300 ... accepted 67. Emin=-20.75179212, Emax=55.33104458
realization 68 / 300 ... accepted 68. Emin=-42.75204501, Emax=35.95767371
realization 69 / 300 ... accepted 69. Emin=-16.46478131, Emax=75.70762210
realization 70 / 300 ... accepted 70. Emin=-16.51965580, Emax=65.44987686
realization 71 / 300 ... accepted 71. Emin=-11.04535830, Emax=56.09591821
realization 72 / 300 ... accepted 72. Emin=-47.69160509, Emax=5.31187270
realization 73 / 300 ... accepted 73. Emin=21.53862210, Emax=82.78433040
realization 74 / 300 ... accepted 74. Emin=-43.36757315, Emax=5.81519764
realization 75 / 300 ... accepted 75. Emin=-23.14749656, Emax=79.93332905
realization 76 / 300 ... accepted 76. Emin=21.39108683, Emax=89.02413484
realization 77 / 300 ... accepted 77. Emin=-7.45249844, Emax=73.47166547
realization 78 / 300 ... accepted 78. Emin=-8.44061079, Emax=63.66312001
realization 79 / 300 ... accepted 79. Emin=-27.18128529, Emax=49.14570160
realization 80 / 300 ... accepted 80. Emin=-25.60525639, Emax=73.45236960
realization 81 / 300 ... accepted 81. Emin=5.81647536, Emax=74.95666030
realization 82 / 300 ... accepted 82. Emin=8.87334045, Emax=90.97156844
realization 83 / 300 ... accepted 83. Emin=-23.39815495, Emax=59.57462572
realization 84 / 300 ... accepted 84. Emin=12.31465143, Emax=77.52477420
realization 85 / 300 ... accepted 85. Emin=-11.52152391, Emax=79.95269224
realization 86 / 300 ... accepted 86. Emin=34.94767160, Emax=96.42808301
realization 87 / 300 ... accepted 87. Emin=-8.75019740, Emax=82.86154382
realization 88 / 300 ... accepted 88. Emin=-18.42851877, Emax=78.97618910
realization 89 / 300 ... accepted 89. Emin=-14.67773615, Emax=66.01581638
realization 90 / 300 ... accepted 90. Emin=-0.77930195, Emax=59.82138243
realization 91 / 300 ... accepted 91. Emin=-18.51689314, Emax=44.51071529
realization 92 / 300 ... accepted 92. Emin=-32.20013175, Emax=28.73416545
realization 93 / 300 ... accepted 93. Emin=-37.12774982, Emax=32.99420634
realization 94 / 300 ... accepted 94. Emin=-11.47679546, Emax=81.66113207
realization 95 / 300 ... accepted 95. Emin=-2.27831047, Emax=47.71065208
realization 96 / 300 ... accepted 96. Emin=-19.07481741, Emax=89.89896795
realization 97 / 300 ... accepted 97. Emin=7.21924990, Emax=85.28481410
realization 98 / 300 ... accepted 98. Emin=-27.92294840, Emax=64.18929354
realization 99 / 300 ... accepted 99. Emin=-31.15226126, Emax=41.11723793
realization 100 / 300 ... accepted 100. Emin=-32.18550670, Emax=17.80820413
realization 101 / 300 ... accepted 101. Emin=-9.99238682, Emax=66.26987476
realization 102 / 300 ... accepted 102. Emin=-17.71473671, Emax=62.01166210
realization 103 / 300 ... accepted 103. Emin=-20.26655113, Emax=36.77290580
realization 104 / 300 ... accepted 104. Emin=-1.30175063, Emax=77.46844211
realization 105 / 300 ... accepted 105. Emin=8.12346825, Emax=72.06556632
realization 106 / 300 ... accepted 106. Emin=-13.49620473, Emax=49.32337571
realization 107 / 300 ... accepted 107. Emin=-19.69547394, Emax=42.78093591
realization 108 / 300 ... accepted 108. Emin=9.76013814, Emax=77.93969068
realization 109 / 300 ... accepted 109. Emin=-44.00006342, Emax=23.90303412
realization 110 / 300 ... accepted 110. Emin=-16.16685959, Emax=85.53867395
realization 111 / 300 ... accepted 111. Emin=-23.97158146, Emax=77.94381372
realization 112 / 300 ... accepted 112. Emin=-25.96698558, Emax=45.20058942
realization 113 / 300 ... accepted 113. Emin=-47.24222179, Emax=29.94286325
realization 114 / 300 ... accepted 114. Emin=-5.12967558, Emax=64.55591419
realization 115 / 300 ... accepted 115. Emin=15.72373550, Emax=94.82835706
realization 116 / 300 ... accepted 116. Emin=12.53460276, Emax=88.57538777
realization 117 / 300 ... accepted 117. Emin=-25.29329924, Emax=27.01208079
realization 118 / 300 ... accepted 118. Emin=-30.06341602, Emax=34.07597852
realization 119 / 300 ... accepted 119. Emin=-1.72062459, Emax=63.55238914
realization 120 / 300 ... accepted 120. Emin=-26.31246304, Emax=30.03815186
realization 121 / 300 ... accepted 121. Emin=-8.63453967, Emax=75.88636616
realization 122 / 300 ... accepted 122. Emin=-1.25127830, Emax=60.25189895
realization 123 / 300 ... accepted 123. Emin=-21.29695759, Emax=42.40050079
realization 124 / 300 ... accepted 124. Emin=4.78929038, Emax=83.02303432
realization 125 / 300 ... accepted 125. Emin=-25.78621056, Emax=35.73273430
realization 126 / 300 ... accepted 126. Emin=23.69539217, Emax=78.36837025
realization 127 / 300 ... accepted 127. Emin=-14.15855923, Emax=43.92677428
realization 128 / 300 ... accepted 128. Emin=-15.28810231, Emax=67.27655181
realization 129 / 300 ... accepted 129. Emin=-31.55748165, Emax=48.06972703
realization 130 / 300 ... accepted 130. Emin=-25.76558523, Emax=51.12716475
realization 131 / 300 ... accepted 131. Emin=-17.23029012, Emax=55.47347652
realization 132 / 300 ... accepted 132. Emin=-17.10152049, Emax=77.80301343
realization 133 / 300 ... accepted 133. Emin=-28.28262062, Emax=43.30341414
realization 134 / 300 ... accepted 134. Emin=-6.32406548, Emax=67.72109426
realization 135 / 300 ... accepted 135. Emin=20.29499964, Emax=87.14228981
realization 136 / 300 ... accepted 136. Emin=15.73918444, Emax=85.21035234
realization 137 / 300 ... accepted 137. Emin=31.96862713, Emax=85.86504651
realization 138 / 300 ... accepted 138. Emin=-13.63900419, Emax=41.69766371
realization 139 / 300 ... accepted 139. Emin=15.62520211, Emax=89.29913807
realization 140 / 300 ... accepted 140. Emin=-17.54387909, Emax=48.57967144
realization 141 / 300 ... accepted 141. Emin=18.07936812, Emax=85.81436980
realization 142 / 300 ... accepted 142. Emin=-19.42433145, Emax=54.62397590
realization 143 / 300 ... accepted 143. Emin=-23.85817889, Emax=41.54139966
realization 144 / 300 ... accepted 144. Emin=-19.32276352, Emax=29.34129452
realization 145 / 300 ... accepted 145. Emin=-0.11563384, Emax=67.73319570
realization 146 / 300 ... accepted 146. Emin=-22.14213164, Emax=63.47892546
realization 147 / 300 ... accepted 147. Emin=18.38307519, Emax=88.19708735
realization 148 / 300 ... accepted 148. Emin=2.61645046, Emax=84.53040619
realization 149 / 300 ... accepted 149. Emin=-42.10832702, Emax=23.31111687
realization 150 / 300 ... accepted 150. Emin=-9.33337383, Emax=73.44960437
realization 151 / 300 ... accepted 151. Emin=-7.76190482, Emax=74.47399755
realization 152 / 300 ... accepted 152. Emin=15.30511403, Emax=65.11538271
realization 153 / 300 ... accepted 153. Emin=22.49408052, Emax=88.97804254
realization 154 / 300 ... accepted 154. Emin=-9.27296549, Emax=75.75409699
realization 155 / 300 ... accepted 155. Emin=-23.92930548, Emax=53.34213828
realization 156 / 300 ... accepted 156. Emin=-36.76131193, Emax=15.91903958
realization 157 / 300 ... accepted 157. Emin=15.30519108, Emax=87.06944446
realization 158 / 300 ... accepted 158. Emin=-29.88912930, Emax=48.76712641
realization 159 / 300 ... accepted 159. Emin=-31.22013833, Emax=60.38431208
realization 160 / 300 ... accepted 160. Emin=-19.81031392, Emax=35.60972229
realization 161 / 300 ... accepted 161. Emin=-18.80148947, Emax=59.22288974
realization 162 / 300 ... accepted 162. Emin=-19.16309306, Emax=58.34545780
realization 163 / 300 ... accepted 163. Emin=18.32418462, Emax=83.17273408
realization 164 / 300 ... accepted 164. Emin=-48.60839131, Emax=20.85148427
realization 165 / 300 ... accepted 165. Emin=19.63669222, Emax=73.43669680
realization 166 / 300 ... accepted 166. Emin=-3.23397391, Emax=68.79565607
realization 167 / 300 ... accepted 167. Emin=-6.39550398, Emax=74.45800845
realization 168 / 300 ... accepted 168. Emin=11.72532343, Emax=60.22749494
realization 169 / 300 ... accepted 169. Emin=15.35424198, Emax=75.08272093
realization 170 / 300 ... accepted 170. Emin=5.10792819, Emax=60.84178629
realization 171 / 300 ... accepted 171. Emin=-20.53008652, Emax=39.75601573
realization 172 / 300 ... accepted 172. Emin=-28.89201315, Emax=44.86903312
realization 173 / 300 ... accepted 173. Emin=-21.98708382, Emax=40.28570546
realization 174 / 300 ... accepted 174. Emin=-23.41208633, Emax=30.62368340
realization 175 / 300 ... accepted 175. Emin=-17.03345954, Emax=66.37236263
realization 176 / 300 ... accepted 176. Emin=-19.20474130, Emax=56.84253935
realization 177 / 300 ... accepted 177. Emin=-41.01061460, Emax=19.47853496
realization 178 / 300 ... accepted 178. Emin=-35.92327088, Emax=40.91377201
realization 179 / 300 ... accepted 179. Emin=-17.31720636, Emax=66.08931487
realization 180 / 300 ... accepted 180. Emin=-19.79543372, Emax=72.91083622
realization 181 / 300 ... accepted 181. Emin=25.23275917, Emax=89.95747924
realization 182 / 300 ... accepted 182. Emin=-22.68458934, Emax=78.92031839
realization 183 / 300 ... accepted 183. Emin=1.75496813, Emax=52.78072622
realization 184 / 300 ... accepted 184. Emin=-8.63828023, Emax=91.06483417
realization 185 / 300 ... accepted 185. Emin=-13.87313251, Emax=58.41402947
realization 186 / 300 ... accepted 186. Emin=-21.89174654, Emax=70.89526815
realization 187 / 300 ... accepted 187. Emin=-3.59056148, Emax=67.79987171
realization 188 / 300 ... accepted 188. Emin=4.58809289, Emax=87.69877682
realization 189 / 300 ... accepted 189. Emin=-33.96895948, Emax=87.07795750
realization 190 / 300 ... accepted 190. Emin=19.23035823, Emax=85.20969777
realization 191 / 300 ... accepted 191. Emin=-2.66174779, Emax=82.73055151
realization 192 / 300 ... accepted 192. Emin=-9.56383784, Emax=61.47591941
realization 193 / 300 ... accepted 193. Emin=1.45338100, Emax=68.51373647
realization 194 / 300 ... accepted 194. Emin=-22.51134627, Emax=58.87198514
realization 195 / 300 ... accepted 195. Emin=4.32335691, Emax=79.57913583
realization 196 / 300 ... accepted 196. Emin=-31.06411675, Emax=29.30171563
realization 197 / 300 ... accepted 197. Emin=-16.64944272, Emax=38.16030151
realization 198 / 300 ... accepted 198. Emin=-32.33477315, Emax=33.67012243
realization 199 / 300 ... accepted 199. Emin=-20.35934903, Emax=56.27833134
realization 200 / 300 ... accepted 200. Emin=-36.83726915, Emax=58.40738135
realization 201 / 300 ... accepted 201. Emin=-20.88659315, Emax=47.13022669
realization 202 / 300 ... accepted 202. Emin=0.21457192, Emax=70.10243282
realization 203 / 300 ... accepted 203. Emin=-12.79575710, Emax=71.95535299
realization 204 / 300 ... accepted 204. Emin=16.23681776, Emax=78.17517868
realization 205 / 300 ... accepted 205. Emin=-5.04571868, Emax=65.04096534
realization 206 / 300 ... accepted 206. Emin=-36.83038621, Emax=16.42476221
realization 207 / 300 ... accepted 207. Emin=-7.01372787, Emax=68.63983922
realization 208 / 300 ... accepted 208. Emin=11.22675969, Emax=80.36749071
realization 209 / 300 ... accepted 209. Emin=-22.82760063, Emax=40.72227207
realization 210 / 300 ... accepted 210. Emin=5.92448045, Emax=68.42535051
realization 211 / 300 ... accepted 211. Emin=32.61450217, Emax=89.68527781
realization 212 / 300 ... accepted 212. Emin=5.82731156, Emax=71.44098739
realization 213 / 300 ... accepted 213. Emin=-19.08231167, Emax=59.38538359
realization 214 / 300 ... accepted 214. Emin=25.63761410, Emax=74.94845311
realization 215 / 300 ... accepted 215. Emin=-29.37869780, Emax=46.35400089
realization 216 / 300 ... accepted 216. Emin=-20.58140743, Emax=52.77374697
realization 217 / 300 ... accepted 217. Emin=-29.95232222, Emax=36.23351635
realization 218 / 300 ... accepted 218. Emin=-24.06443487, Emax=55.66493894
realization 219 / 300 ... accepted 219. Emin=-50.05817375, Emax=7.47799382
realization 220 / 300 ... accepted 220. Emin=-1.51028697, Emax=67.94145566
realization 221 / 300 ... accepted 221. Emin=-34.24074215, Emax=46.37397453
realization 222 / 300 ... accepted 222. Emin=-25.67376928, Emax=38.35551042
realization 223 / 300 ... accepted 223. Emin=-28.17349150, Emax=46.63576869
realization 224 / 300 ... accepted 224. Emin=-7.61304810, Emax=65.58934999
realization 225 / 300 ... accepted 225. Emin=-30.10572174, Emax=66.13764082
realization 226 / 300 ... accepted 226. Emin=-22.26079642, Emax=63.92215568
realization 227 / 300 ... accepted 227. Emin=-27.65511203, Emax=49.90671479
realization 228 / 300 ... accepted 228. Emin=-20.41080781, Emax=49.85518053
realization 229 / 300 ... accepted 229. Emin=-19.35430151, Emax=61.76065011
realization 230 / 300 ... accepted 230. Emin=-19.79475345, Emax=69.09425581
realization 231 / 300 ... accepted 231. Emin=-5.63436926, Emax=75.04800322
realization 232 / 300 ... accepted 232. Emin=-21.90533065, Emax=25.51391501
realization 233 / 300 ... accepted 233. Emin=-9.20405226, Emax=83.61439836
realization 234 / 300 ... accepted 234. Emin=-25.08842956, Emax=44.67198675
realization 235 / 300 ... accepted 235. Emin=-31.37763568, Emax=68.32551435
realization 236 / 300 ... accepted 236. Emin=5.48006654, Emax=63.03858364
realization 237 / 300 ... accepted 237. Emin=-31.97011084, Emax=49.85597147
realization 238 / 300 ... accepted 238. Emin=44.22501558, Emax=93.16419851
realization 239 / 300 ... accepted 239. Emin=14.43594730, Emax=72.29670394
realization 240 / 300 ... accepted 240. Emin=2.28248117, Emax=78.22754026
realization 241 / 300 ... accepted 241. Emin=12.94453956, Emax=78.71207301
realization 242 / 300 ... accepted 242. Emin=-26.08610934, Emax=46.95523648
realization 243 / 300 ... accepted 243. Emin=7.05206224, Emax=82.93305528
realization 244 / 300 ... accepted 244. Emin=-32.89168257, Emax=50.72734175
realization 245 / 300 ... accepted 245. Emin=-26.96057462, Emax=53.26606478
realization 246 / 300 ... accepted 246. Emin=-6.80736041, Emax=58.88453884
realization 247 / 300 ... accepted 247. Emin=-45.23977898, Emax=14.99597742
realization 248 / 300 ... accepted 248. Emin=-22.61502776, Emax=54.41422503
realization 249 / 300 ... accepted 249. Emin=-23.72965810, Emax=45.10916982
realization 250 / 300 ... accepted 250. Emin=-42.46980421, Emax=50.72418404
realization 251 / 300 ... accepted 251. Emin=-22.45688499, Emax=87.16300370
realization 252 / 300 ... accepted 252. Emin=-18.89591508, Emax=66.93259237
realization 253 / 300 ... accepted 253. Emin=-26.08327385, Emax=61.45949787
realization 254 / 300 ... accepted 254. Emin=-25.76415888, Emax=40.42053619
realization 255 / 300 ... accepted 255. Emin=-14.91241964, Emax=67.19317993
realization 256 / 300 ... accepted 256. Emin=-35.80610798, Emax=25.40790478
realization 257 / 300 ... accepted 257. Emin=16.23835279, Emax=87.30578894
realization 258 / 300 ... accepted 258. Emin=-10.38240533, Emax=68.25000531
realization 259 / 300 ... accepted 259. Emin=-13.42836017, Emax=84.90695554
realization 260 / 300 ... accepted 260. Emin=-27.76352076, Emax=52.19378399
realization 261 / 300 ... accepted 261. Emin=-46.15833244, Emax=32.78264440
realization 262 / 300 ... accepted 262. Emin=-36.53018171, Emax=44.64876712
realization 263 / 300 ... accepted 263. Emin=-26.77559495, Emax=45.87639682
realization 264 / 300 ... accepted 264. Emin=-13.68987793, Emax=56.41291331
realization 265 / 300 ... accepted 265. Emin=-24.50952323, Emax=46.28795663
realization 266 / 300 ... accepted 266. Emin=-0.46243600, Emax=67.42537440
realization 267 / 300 ... accepted 267. Emin=-11.77482698, Emax=66.92211738
realization 268 / 300 ... accepted 268. Emin=-32.25108424, Emax=71.76772591
realization 269 / 300 ... accepted 269. Emin=3.31306299, Emax=68.81045076
realization 270 / 300 ... accepted 270. Emin=-12.05600201, Emax=38.90296799
realization 271 / 300 ... accepted 271. Emin=-28.97348794, Emax=41.72570180
realization 272 / 300 ... accepted 272. Emin=-19.52451375, Emax=58.96899470
realization 273 / 300 ... accepted 273. Emin=-7.07364937, Emax=78.76720697
realization 274 / 300 ... accepted 274. Emin=10.93681671, Emax=83.43029009
realization 275 / 300 ... accepted 275. Emin=-0.76900667, Emax=53.06990295
realization 276 / 300 ... accepted 276. Emin=-13.43193042, Emax=46.09396055
realization 277 / 300 ... accepted 277. Emin=-3.72458229, Emax=63.80224940
realization 278 / 300 ... accepted 278. Emin=-10.70014859, Emax=83.75190452
realization 279 / 300 ... accepted 279. Emin=-19.78650645, Emax=58.72052166
realization 280 / 300 ... accepted 280. Emin=10.27015579, Emax=74.90729614
realization 281 / 300 ... accepted 281. Emin=-14.97510206, Emax=43.15699001
realization 282 / 300 ... accepted 282. Emin=-21.86376513, Emax=47.45608324
realization 283 / 300 ... accepted 283. Emin=-27.73799098, Emax=69.95864308
realization 284 / 300 ... accepted 284. Emin=-9.41734960, Emax=66.83519169
realization 285 / 300 ... accepted 285. Emin=21.63907911, Emax=69.78248709
realization 286 / 300 ... accepted 286. Emin=-15.30591684, Emax=66.55927095
realization 287 / 300 ... accepted 287. Emin=-26.53909351, Emax=65.25628709
realization 288 / 300 ... accepted 288. Emin=-9.50521439, Emax=68.38847936
realization 289 / 300 ... accepted 289. Emin=-24.12325886, Emax=54.23930246
realization 290 / 300 ... accepted 290. Emin=-15.43024567, Emax=60.12503579
realization 291 / 300 ... accepted 291. Emin=-24.68810462, Emax=48.55025084
realization 292 / 300 ... accepted 292. Emin=-17.32713081, Emax=64.03142328
realization 293 / 300 ... accepted 293. Emin=13.88626409, Emax=86.92985786
realization 294 / 300 ... accepted 294. Emin=-15.06946804, Emax=28.36792841
realization 295 / 300 ... accepted 295. Emin=-10.99774960, Emax=61.24210697
realization 296 / 300 ... accepted 296. Emin=-2.55308668, Emax=80.60937681
realization 297 / 300 ... accepted 297. Emin=-35.34950612, Emax=35.47569509
realization 298 / 300 ... accepted 298. Emin=16.82359819, Emax=80.90188360
realization 299 / 300 ... accepted 299. Emin=-4.24625661, Emax=56.82342406
realization 300 / 300 ... accepted 300. Emin=-10.59722151, Emax=68.39052013
Saved final energies: /home/2/kj405942/POLFED_bosons/pbs_bose_legacy_nmax2_periodic/data/U_5/W_12/L_6/N_6_nmax_2/boundary_periodic/energies_full_U5_L6_N6_nmax2_W12_boundaryperiodic_nreal300.txt
Accepted realizations: 300 / 300
Skipped realizations: 0
Job finished at Sun May 31 18:05:26 UTC 2026
