Job started on w21 at Sun May 31 18:03:46 UTC 2026
PBS_JOBID=7731357.kruk-host.ift-klaster.lan
PBS_O_WORKDIR=/home/2/kj405942/POLFED_bosons
Bose-Hubbard: L=6, N=6, nmax=2, dim=141
t=1, U=5, W=3, nreal=300, boundary=periodic, mode=full
Writing partial results to /home/2/kj405942/POLFED_bosons/pbs_bose_legacy_nmax2_periodic/data/U_5/W_3/L_6/N_6_nmax_2/boundary_periodic/energies_full_U5_L6_N6_nmax2_W3_boundaryperiodic_nreal300_partial.txt
realization 1 / 300 ... accepted 1. Emin=-2.22595073, Emax=39.31340734
realization 2 / 300 ... accepted 2. Emin=4.49501748, Emax=45.71528901
realization 3 / 300 ... accepted 3. Emin=3.07198776, Emax=43.11785605
realization 4 / 300 ... accepted 4. Emin=-3.97351967, Emax=37.22336438
realization 5 / 300 ... accepted 5. Emin=1.59576183, Emax=38.96951725
realization 6 / 300 ... accepted 6. Emin=-4.76444592, Emax=40.51062301
realization 7 / 300 ... accepted 7. Emin=2.25025735, Emax=40.83949763
realization 8 / 300 ... accepted 8. Emin=-1.18750116, Emax=41.49858633
realization 9 / 300 ... accepted 9. Emin=-11.39403314, Emax=27.18815812
realization 10 / 300 ... accepted 10. Emin=-3.81069677, Emax=38.14231714
realization 11 / 300 ... accepted 11. Emin=1.18186761, Emax=41.44944950
realization 12 / 300 ... accepted 12. Emin=5.43211562, Emax=42.05627199
realization 13 / 300 ... accepted 13. Emin=-1.86290532, Emax=42.75669048
realization 14 / 300 ... accepted 14. Emin=-0.92866279, Emax=39.36657628
realization 15 / 300 ... accepted 15. Emin=-1.63199144, Emax=43.69225614
realization 16 / 300 ... accepted 16. Emin=-1.75478467, Emax=37.64744651
realization 17 / 300 ... accepted 17. Emin=2.21994346, Emax=44.35789404
realization 18 / 300 ... accepted 18. Emin=-3.43923058, Emax=38.01251122
realization 19 / 300 ... accepted 19. Emin=-1.48828131, Emax=43.62267104
realization 20 / 300 ... accepted 20. Emin=4.58640491, Emax=46.20502160
realization 21 / 300 ... accepted 21. Emin=-4.82561903, Emax=41.07706193
realization 22 / 300 ... accepted 22. Emin=5.27276437, Emax=43.38833104
realization 23 / 300 ... accepted 23. Emin=-9.97740501, Emax=30.35756277
realization 24 / 300 ... accepted 24. Emin=-4.80345168, Emax=38.13917565
realization 25 / 300 ... accepted 25. Emin=6.56258702, Emax=44.59382399
realization 26 / 300 ... accepted 26. Emin=0.02473111, Emax=43.53817974
realization 27 / 300 ... accepted 27. Emin=2.40626559, Emax=47.15756213
realization 28 / 300 ... accepted 28. Emin=-4.14999981, Emax=41.89351762
realization 29 / 300 ... accepted 29. Emin=-6.35642060, Emax=31.66813706
realization 30 / 300 ... accepted 30. Emin=-3.73846977, Emax=35.52502265
realization 31 / 300 ... accepted 31. Emin=-5.80982368, Emax=33.19609604
realization 32 / 300 ... accepted 32. Emin=-2.46871647, Emax=39.60972827
realization 33 / 300 ... accepted 33. Emin=5.73979610, Emax=45.21000573
realization 34 / 300 ... accepted 34. Emin=4.28368369, Emax=44.13726839
realization 35 / 300 ... accepted 35. Emin=-6.92358522, Emax=33.71982043
realization 36 / 300 ... accepted 36. Emin=8.85691539, Emax=47.87842313
realization 37 / 300 ... accepted 37. Emin=-5.03185249, Emax=41.42554782
realization 38 / 300 ... accepted 38. Emin=-2.64596986, Emax=35.07675255
realization 39 / 300 ... accepted 39. Emin=-5.90621892, Emax=34.81460395
realization 40 / 300 ... accepted 40. Emin=-2.77200335, Emax=43.92358906
realization 41 / 300 ... accepted 41. Emin=-4.24844695, Emax=40.21808011
realization 42 / 300 ... accepted 42. Emin=1.54878052, Emax=40.04174743
realization 43 / 300 ... accepted 43. Emin=-2.16775425, Emax=41.52439666
realization 44 / 300 ... accepted 44. Emin=-2.29426072, Emax=44.79275388
realization 45 / 300 ... accepted 45. Emin=-3.82345969, Emax=35.35059082
realization 46 / 300 ... accepted 46. Emin=-1.25372975, Emax=39.91137346
realization 47 / 300 ... accepted 47. Emin=4.73349083, Emax=44.09835916
realization 48 / 300 ... accepted 48. Emin=-7.64817692, Emax=33.80647541
realization 49 / 300 ... accepted 49. Emin=1.59855097, Emax=43.75382390
realization 50 / 300 ... accepted 50. Emin=2.72279519, Emax=43.36116822
realization 51 / 300 ... accepted 51. Emin=-5.98108540, Emax=36.26240269
realization 52 / 300 ... accepted 52. Emin=2.03130549, Emax=41.17159166
realization 53 / 300 ... accepted 53. Emin=0.01939187, Emax=42.53079517
realization 54 / 300 ... accepted 54. Emin=3.68144373, Emax=45.40734850
realization 55 / 300 ... accepted 55. Emin=2.02366314, Emax=42.27662794
realization 56 / 300 ... accepted 56. Emin=2.32801934, Emax=41.48218762
realization 57 / 300 ... accepted 57. Emin=-0.65044846, Emax=40.66334407
realization 58 / 300 ... accepted 58. Emin=-0.50389456, Emax=40.10252474
realization 59 / 300 ... accepted 59. Emin=0.47485369, Emax=38.87079810
realization 60 / 300 ... accepted 60. Emin=0.53179699, Emax=44.16428314
realization 61 / 300 ... accepted 61. Emin=-1.98360383, Emax=39.87580575
realization 62 / 300 ... accepted 62. Emin=4.95195935, Emax=44.73407141
realization 63 / 300 ... accepted 63. Emin=-6.82515318, Emax=35.29883085
realization 64 / 300 ... accepted 64. Emin=-0.86249482, Emax=42.04035140
realization 65 / 300 ... accepted 65. Emin=0.29954964, Emax=41.59377808
realization 66 / 300 ... accepted 66. Emin=-3.82258762, Emax=36.76072124
realization 67 / 300 ... accepted 67. Emin=1.56373986, Emax=45.22244913
realization 68 / 300 ... accepted 68. Emin=-9.77941540, Emax=30.70240838
realization 69 / 300 ... accepted 69. Emin=-0.95916999, Emax=37.19241926
realization 70 / 300 ... accepted 70. Emin=-1.26112091, Emax=41.43443127
realization 71 / 300 ... accepted 71. Emin=3.92427942, Emax=43.23401741
realization 72 / 300 ... accepted 72. Emin=-5.70452347, Emax=36.00738812
realization 73 / 300 ... accepted 73. Emin=-4.05934384, Emax=43.07204177
realization 74 / 300 ... accepted 74. Emin=1.01947645, Emax=45.00468216
realization 75 / 300 ... accepted 75. Emin=-0.60400460, Emax=42.17929253
realization 76 / 300 ... accepted 76. Emin=-3.92005547, Emax=38.46711059
realization 77 / 300 ... accepted 77. Emin=-0.43992272, Emax=41.68443754
realization 78 / 300 ... accepted 78. Emin=2.21962366, Emax=38.75119049
realization 79 / 300 ... accepted 79. Emin=0.06692511, Emax=44.84397741
realization 80 / 300 ... accepted 80. Emin=-1.02638288, Emax=44.38310061
realization 81 / 300 ... accepted 81. Emin=-2.85601569, Emax=39.21718400
realization 82 / 300 ... accepted 82. Emin=-0.33570004, Emax=38.88239023
realization 83 / 300 ... accepted 83. Emin=-10.25271990, Emax=27.64452223
realization 84 / 300 ... accepted 84. Emin=-5.73099796, Emax=34.29516713
realization 85 / 300 ... accepted 85. Emin=-3.19161689, Emax=33.69470726
realization 86 / 300 ... accepted 86. Emin=-1.06767054, Emax=37.68309058
realization 87 / 300 ... accepted 87. Emin=2.17521283, Emax=41.47293645
realization 88 / 300 ... accepted 88. Emin=-2.66896441, Emax=44.64626126
realization 89 / 300 ... accepted 89. Emin=-0.49119404, Emax=39.20576325
realization 90 / 300 ... accepted 90. Emin=4.72477242, Emax=45.88966938
realization 91 / 300 ... accepted 91. Emin=-5.97009976, Emax=33.06662743
realization 92 / 300 ... accepted 92. Emin=-9.40708246, Emax=31.05061071
realization 93 / 300 ... accepted 93. Emin=-8.15355347, Emax=33.65102839
realization 94 / 300 ... accepted 94. Emin=-0.06329339, Emax=38.23853302
realization 95 / 300 ... accepted 95. Emin=-2.18339687, Emax=42.41356276
realization 96 / 300 ... accepted 96. Emin=-2.28784808, Emax=41.63098423
realization 97 / 300 ... accepted 97. Emin=-2.84191852, Emax=40.35797391
realization 98 / 300 ... accepted 98. Emin=0.12983807, Emax=42.92774600
realization 99 / 300 ... accepted 99. Emin=0.58045384, Emax=41.03170085
realization 100 / 300 ... accepted 100. Emin=-5.42687555, Emax=36.69307352
realization 101 / 300 ... accepted 101. Emin=4.24736555, Emax=45.71086400
realization 102 / 300 ... accepted 102. Emin=-11.48130591, Emax=26.57271695
realization 103 / 300 ... accepted 103. Emin=-10.04950461, Emax=31.47677378
realization 104 / 300 ... accepted 104. Emin=-4.01847659, Emax=40.81708773
realization 105 / 300 ... accepted 105. Emin=3.50188970, Emax=44.83328691
realization 106 / 300 ... accepted 106. Emin=-2.54234697, Emax=39.51658744
realization 107 / 300 ... accepted 107. Emin=2.19763136, Emax=42.23077702
realization 108 / 300 ... accepted 108. Emin=-5.30139757, Emax=35.30423600
realization 109 / 300 ... accepted 109. Emin=-0.33023947, Emax=40.54610264
realization 110 / 300 ... accepted 110. Emin=2.89993443, Emax=42.79886472
realization 111 / 300 ... accepted 111. Emin=-4.94834193, Emax=38.89653108
realization 112 / 300 ... accepted 112. Emin=-5.64881406, Emax=36.44105421
realization 113 / 300 ... accepted 113. Emin=0.86167061, Emax=41.77675543
realization 114 / 300 ... accepted 114. Emin=-7.34514438, Emax=37.45230636
realization 115 / 300 ... accepted 115. Emin=-7.01904380, Emax=31.03639354
realization 116 / 300 ... accepted 116. Emin=-4.10778457, Emax=37.61676332
realization 117 / 300 ... accepted 117. Emin=4.94910195, Emax=46.29896442
realization 118 / 300 ... accepted 118. Emin=-3.43114991, Emax=41.59017617
realization 119 / 300 ... accepted 119. Emin=1.66240549, Emax=44.83410165
realization 120 / 300 ... accepted 120. Emin=-5.39605848, Emax=35.61092306
realization 121 / 300 ... accepted 121. Emin=-9.95172368, Emax=28.13562126
realization 122 / 300 ... accepted 122. Emin=4.67468674, Emax=44.47434629
realization 123 / 300 ... accepted 123. Emin=-0.13026608, Emax=40.37050493
realization 124 / 300 ... accepted 124. Emin=0.82689194, Emax=43.74333836
realization 125 / 300 ... accepted 125. Emin=-12.57477326, Emax=24.49339072
realization 126 / 300 ... accepted 126. Emin=-0.23007146, Emax=45.82066565
realization 127 / 300 ... accepted 127. Emin=-6.48128429, Emax=36.91578985
realization 128 / 300 ... accepted 128. Emin=0.20165778, Emax=39.57941381
realization 129 / 300 ... accepted 129. Emin=3.54944344, Emax=39.79218679
realization 130 / 300 ... accepted 130. Emin=-4.02439725, Emax=35.71270401
realization 131 / 300 ... accepted 131. Emin=-1.74153155, Emax=38.27864469
realization 132 / 300 ... accepted 132. Emin=-0.20199651, Emax=43.29578492
realization 133 / 300 ... accepted 133. Emin=5.35536521, Emax=45.13871531
realization 134 / 300 ... accepted 134. Emin=-2.98303658, Emax=40.44123462
realization 135 / 300 ... accepted 135. Emin=-3.00181013, Emax=36.89900984
realization 136 / 300 ... accepted 136. Emin=-2.70567444, Emax=34.50588671
realization 137 / 300 ... accepted 137. Emin=-4.40012256, Emax=35.56860858
realization 138 / 300 ... accepted 138. Emin=0.17182015, Emax=41.29831552
realization 139 / 300 ... accepted 139. Emin=2.05299139, Emax=43.37193958
realization 140 / 300 ... accepted 140. Emin=-7.34719433, Emax=33.20325411
realization 141 / 300 ... accepted 141. Emin=0.87189583, Emax=46.07104690
realization 142 / 300 ... accepted 142. Emin=0.51594281, Emax=38.64725690
realization 143 / 300 ... accepted 143. Emin=1.15406432, Emax=43.50022776
realization 144 / 300 ... accepted 144. Emin=-10.32137732, Emax=30.47752739
realization 145 / 300 ... accepted 145. Emin=-0.99725187, Emax=35.86990169
realization 146 / 300 ... accepted 146. Emin=-1.62556770, Emax=40.75850775
realization 147 / 300 ... accepted 147. Emin=3.81927340, Emax=45.85157511
realization 148 / 300 ... accepted 148. Emin=-0.39541490, Emax=34.29144056
realization 149 / 300 ... accepted 149. Emin=-2.51988596, Emax=41.20026968
realization 150 / 300 ... accepted 150. Emin=-0.59692447, Emax=40.72530356
realization 151 / 300 ... accepted 151. Emin=-10.63705012, Emax=31.23565375
realization 152 / 300 ... accepted 152. Emin=-8.47979371, Emax=34.92800723
realization 153 / 300 ... accepted 153. Emin=7.25122381, Emax=42.55355136
realization 154 / 300 ... accepted 154. Emin=-8.34094850, Emax=31.24802766
realization 155 / 300 ... accepted 155. Emin=-4.92378724, Emax=37.60660861
realization 156 / 300 ... accepted 156. Emin=1.94348471, Emax=42.64853182
realization 157 / 300 ... accepted 157. Emin=-3.86820477, Emax=38.02847112
realization 158 / 300 ... accepted 158. Emin=3.47092350, Emax=43.46897122
realization 159 / 300 ... accepted 159. Emin=-3.93252548, Emax=39.44927531
realization 160 / 300 ... accepted 160. Emin=-2.33627182, Emax=37.99567423
realization 161 / 300 ... accepted 161. Emin=-2.00251940, Emax=37.12902764
realization 162 / 300 ... accepted 162. Emin=-1.26929576, Emax=41.72159448
realization 163 / 300 ... accepted 163. Emin=-2.73108568, Emax=41.52278124
realization 164 / 300 ... accepted 164. Emin=-2.97956761, Emax=40.52043413
realization 165 / 300 ... accepted 165. Emin=-6.09163932, Emax=33.92690854
realization 166 / 300 ... accepted 166. Emin=0.72936906, Emax=42.65586621
realization 167 / 300 ... accepted 167. Emin=-2.76670690, Emax=37.42147123
realization 168 / 300 ... accepted 168. Emin=-3.31835024, Emax=39.34802489
realization 169 / 300 ... accepted 169. Emin=2.28829509, Emax=43.12627082
realization 170 / 300 ... accepted 170. Emin=2.11504336, Emax=42.95919156
realization 171 / 300 ... accepted 171. Emin=-1.98386181, Emax=40.58160164
realization 172 / 300 ... accepted 172. Emin=-1.53835080, Emax=38.70111551
realization 173 / 300 ... accepted 173. Emin=-5.53235307, Emax=35.29589280
realization 174 / 300 ... accepted 174. Emin=-5.17417393, Emax=35.77457396
realization 175 / 300 ... accepted 175. Emin=-5.57687004, Emax=39.63667248
realization 176 / 300 ... accepted 176. Emin=-8.28001648, Emax=31.86777123
realization 177 / 300 ... accepted 177. Emin=-4.40192893, Emax=36.41193934
realization 178 / 300 ... accepted 178. Emin=-5.33872431, Emax=35.08702557
realization 179 / 300 ... accepted 179. Emin=-4.95365244, Emax=37.61845948
realization 180 / 300 ... accepted 180. Emin=-1.93804462, Emax=38.45648054
realization 181 / 300 ... accepted 181. Emin=-7.02016192, Emax=30.94151655
realization 182 / 300 ... accepted 182. Emin=-1.86424115, Emax=38.27297220
realization 183 / 300 ... accepted 183. Emin=-7.16919861, Emax=33.94209605
realization 184 / 300 ... accepted 184. Emin=-6.15060310, Emax=35.94240043
realization 185 / 300 ... accepted 185. Emin=2.65612431, Emax=42.97667401
realization 186 / 300 ... accepted 186. Emin=-0.42890396, Emax=41.00597357
realization 187 / 300 ... accepted 187. Emin=-4.18087223, Emax=39.25195580
realization 188 / 300 ... accepted 188. Emin=-1.41991676, Emax=38.87371464
realization 189 / 300 ... accepted 189. Emin=-1.40336131, Emax=40.23297316
realization 190 / 300 ... accepted 190. Emin=-1.20339969, Emax=40.83926233
realization 191 / 300 ... accepted 191. Emin=-4.34651793, Emax=37.81991604
realization 192 / 300 ... accepted 192. Emin=-13.03451819, Emax=23.72674815
realization 193 / 300 ... accepted 193. Emin=-5.06948392, Emax=38.08676686
realization 194 / 300 ... accepted 194. Emin=-1.87435125, Emax=39.96790188
realization 195 / 300 ... accepted 195. Emin=1.69340366, Emax=39.87629522
realization 196 / 300 ... accepted 196. Emin=-4.31292372, Emax=38.44350874
realization 197 / 300 ... accepted 197. Emin=2.33665399, Emax=37.74606719
realization 198 / 300 ... accepted 198. Emin=-4.47241793, Emax=36.25028637
realization 199 / 300 ... accepted 199. Emin=-6.17004146, Emax=35.29810820
realization 200 / 300 ... accepted 200. Emin=1.00455635, Emax=41.25933860
realization 201 / 300 ... accepted 201. Emin=-2.53493478, Emax=37.09901359
realization 202 / 300 ... accepted 202. Emin=-1.83852241, Emax=41.76202612
realization 203 / 300 ... accepted 203. Emin=-5.40487534, Emax=35.01058000
realization 204 / 300 ... accepted 204. Emin=-9.03118849, Emax=30.18663386
realization 205 / 300 ... accepted 205. Emin=-2.36723251, Emax=35.72734300
realization 206 / 300 ... accepted 206. Emin=-6.72445670, Emax=32.92325684
realization 207 / 300 ... accepted 207. Emin=2.32406248, Emax=42.15829345
realization 208 / 300 ... accepted 208. Emin=-5.27190123, Emax=39.87460910
realization 209 / 300 ... accepted 209. Emin=2.42374755, Emax=45.62588401
realization 210 / 300 ... accepted 210. Emin=-6.65159769, Emax=33.53910229
realization 211 / 300 ... accepted 211. Emin=-5.42609658, Emax=36.07310538
realization 212 / 300 ... accepted 212. Emin=3.66668123, Emax=42.45778016
realization 213 / 300 ... accepted 213. Emin=3.38692718, Emax=44.09337903
realization 214 / 300 ... accepted 214. Emin=0.17350456, Emax=38.39027662
realization 215 / 300 ... accepted 215. Emin=-4.54527008, Emax=33.24180900
realization 216 / 300 ... accepted 216. Emin=-7.89969672, Emax=31.96026894
realization 217 / 300 ... accepted 217. Emin=0.58160380, Emax=43.87945614
realization 218 / 300 ... accepted 218. Emin=1.05408405, Emax=40.35453719
realization 219 / 300 ... accepted 219. Emin=-2.26100802, Emax=39.41911098
realization 220 / 300 ... accepted 220. Emin=-7.98174264, Emax=31.24908424
realization 221 / 300 ... accepted 221. Emin=-6.35742716, Emax=32.18226338
realization 222 / 300 ... accepted 222. Emin=0.63384796, Emax=45.35224634
realization 223 / 300 ... accepted 223. Emin=4.26889848, Emax=43.11803009
realization 224 / 300 ... accepted 224. Emin=5.62943670, Emax=46.05432301
realization 225 / 300 ... accepted 225. Emin=-9.53364045, Emax=29.88828537
realization 226 / 300 ... accepted 226. Emin=-2.76008772, Emax=43.20962639
realization 227 / 300 ... accepted 227. Emin=-3.37845611, Emax=35.99530425
realization 228 / 300 ... accepted 228. Emin=-5.26494868, Emax=36.32504685
realization 229 / 300 ... accepted 229. Emin=-5.60436192, Emax=37.62136588
realization 230 / 300 ... accepted 230. Emin=-0.09798558, Emax=40.54649903
realization 231 / 300 ... accepted 231. Emin=0.75987656, Emax=39.68201679
realization 232 / 300 ... accepted 232. Emin=-1.50902112, Emax=37.64007105
realization 233 / 300 ... accepted 233. Emin=-1.30201387, Emax=41.55900409
realization 234 / 300 ... accepted 234. Emin=-1.45883723, Emax=40.67130875
realization 235 / 300 ... accepted 235. Emin=-1.59364252, Emax=41.14514281
realization 236 / 300 ... accepted 236. Emin=4.92548884, Emax=45.77281572
realization 237 / 300 ... accepted 237. Emin=-5.37773654, Emax=33.86721531
realization 238 / 300 ... accepted 238. Emin=0.83913886, Emax=43.71630559
realization 239 / 300 ... accepted 239. Emin=-2.35826036, Emax=37.66808983
realization 240 / 300 ... accepted 240. Emin=-1.12248610, Emax=41.04469438
realization 241 / 300 ... accepted 241. Emin=-6.03846153, Emax=36.64074686
realization 242 / 300 ... accepted 242. Emin=-8.00204970, Emax=32.38330338
realization 243 / 300 ... accepted 243. Emin=-2.20710580, Emax=43.13944452
realization 244 / 300 ... accepted 244. Emin=-3.97431835, Emax=39.13073301
realization 245 / 300 ... accepted 245. Emin=-4.91927158, Emax=36.75722891
realization 246 / 300 ... accepted 246. Emin=-2.83767447, Emax=36.70520423
realization 247 / 300 ... accepted 247. Emin=-6.39143040, Emax=34.98489937
realization 248 / 300 ... accepted 248. Emin=-4.46119096, Emax=38.81215303
realization 249 / 300 ... accepted 249. Emin=-7.13514958, Emax=35.99726632
realization 250 / 300 ... accepted 250. Emin=5.38012429, Emax=45.50305677
realization 251 / 300 ... accepted 251. Emin=4.36709439, Emax=42.56632334
realization 252 / 300 ... accepted 252. Emin=-7.94196731, Emax=34.87753643
realization 253 / 300 ... accepted 253. Emin=0.44896316, Emax=40.01893491
realization 254 / 300 ... accepted 254. Emin=-4.41185452, Emax=37.55316021
realization 255 / 300 ... accepted 255. Emin=-4.42374049, Emax=37.59000691
realization 256 / 300 ... accepted 256. Emin=-3.35278610, Emax=35.27965676
realization 257 / 300 ... accepted 257. Emin=-0.40804305, Emax=38.65261408
realization 258 / 300 ... accepted 258. Emin=-2.90282904, Emax=38.86407628
realization 259 / 300 ... accepted 259. Emin=-16.14585065, Emax=19.75678781
realization 260 / 300 ... accepted 260. Emin=-5.12120464, Emax=42.10714389
realization 261 / 300 ... accepted 261. Emin=8.40544853, Emax=45.82918099
realization 262 / 300 ... accepted 262. Emin=-2.54738300, Emax=34.26422209
realization 263 / 300 ... accepted 263. Emin=-4.27400842, Emax=38.23905025
realization 264 / 300 ... accepted 264. Emin=-9.42410349, Emax=30.96085681
realization 265 / 300 ... accepted 265. Emin=-9.15512046, Emax=29.74494535
realization 266 / 300 ... accepted 266. Emin=-7.89828271, Emax=32.45359995
realization 267 / 300 ... accepted 267. Emin=-1.36006170, Emax=40.58099279
realization 268 / 300 ... accepted 268. Emin=-0.08753262, Emax=44.32882722
realization 269 / 300 ... accepted 269. Emin=-10.06617042, Emax=26.28704381
realization 270 / 300 ... accepted 270. Emin=4.62120528, Emax=44.02431155
realization 271 / 300 ... accepted 271. Emin=5.18414739, Emax=42.57675483
realization 272 / 300 ... accepted 272. Emin=-4.45946248, Emax=32.73295315
realization 273 / 300 ... accepted 273. Emin=-0.35808426, Emax=36.78976904
realization 274 / 300 ... accepted 274. Emin=-5.15532746, Emax=34.19971765
realization 275 / 300 ... accepted 275. Emin=-2.85204732, Emax=39.60293109
realization 276 / 300 ... accepted 276. Emin=3.44619636, Emax=45.54864408
realization 277 / 300 ... accepted 277. Emin=4.94380705, Emax=43.47742337
realization 278 / 300 ... accepted 278. Emin=-8.99679679, Emax=31.45153473
realization 279 / 300 ... accepted 279. Emin=0.06070246, Emax=43.86450068
realization 280 / 300 ... accepted 280. Emin=-1.61946905, Emax=40.60211493
realization 281 / 300 ... accepted 281. Emin=-0.78620489, Emax=45.82702429
realization 282 / 300 ... accepted 282. Emin=0.11931492, Emax=41.67622069
realization 283 / 300 ... accepted 283. Emin=-4.99181186, Emax=34.88416781
realization 284 / 300 ... accepted 284. Emin=-0.73339371, Emax=39.68708854
realization 285 / 300 ... accepted 285. Emin=-9.62209396, Emax=28.87325689
realization 286 / 300 ... accepted 286. Emin=-4.27939120, Emax=35.11256892
realization 287 / 300 ... accepted 287. Emin=0.56260632, Emax=41.60983739
realization 288 / 300 ... accepted 288. Emin=3.05164366, Emax=44.40135777
realization 289 / 300 ... accepted 289. Emin=1.46700237, Emax=46.28011320
realization 290 / 300 ... accepted 290. Emin=-0.96405022, Emax=36.60055480
realization 291 / 300 ... accepted 291. Emin=-2.75913341, Emax=40.06642205
realization 292 / 300 ... accepted 292. Emin=-9.78351989, Emax=27.14257406
realization 293 / 300 ... accepted 293. Emin=2.61974956, Emax=40.99526793
realization 294 / 300 ... accepted 294. Emin=-0.91899476, Emax=38.74052229
realization 295 / 300 ... accepted 295. Emin=-0.52178039, Emax=44.15924902
realization 296 / 300 ... accepted 296. Emin=-7.96185251, Emax=31.91663183
realization 297 / 300 ... accepted 297. Emin=1.53030303, Emax=44.22103415
realization 298 / 300 ... accepted 298. Emin=-4.23592456, Emax=37.63631622
realization 299 / 300 ... accepted 299. Emin=-1.94372006, Emax=40.40883253
realization 300 / 300 ... accepted 300. Emin=-4.77984747, Emax=38.92743985
Saved final energies: /home/2/kj405942/POLFED_bosons/pbs_bose_legacy_nmax2_periodic/data/U_5/W_3/L_6/N_6_nmax_2/boundary_periodic/energies_full_U5_L6_N6_nmax2_W3_boundaryperiodic_nreal300.txt
Accepted realizations: 300 / 300
Skipped realizations: 0
Job finished at Sun May 31 18:05:24 UTC 2026
