Job started on w21 at Sun May 31 18:03:46 UTC 2026
PBS_JOBID=7731358.kruk-host.ift-klaster.lan
PBS_O_WORKDIR=/home/2/kj405942/POLFED_bosons
Bose-Hubbard: L=6, N=6, nmax=2, dim=141
t=1, U=5, W=4, nreal=300, boundary=periodic, mode=full
Writing partial results to /home/2/kj405942/POLFED_bosons/pbs_bose_legacy_nmax2_periodic/data/U_5/W_4/L_6/N_6_nmax_2/boundary_periodic/energies_full_U5_L6_N6_nmax2_W4_boundaryperiodic_nreal300_partial.txt
realization 1 / 300 ... accepted 1. Emin=-5.99637027, Emax=40.33504721
realization 2 / 300 ... accepted 2. Emin=-5.63004743, Emax=36.73958721
realization 3 / 300 ... accepted 3. Emin=0.20605905, Emax=43.98784070
realization 4 / 300 ... accepted 4. Emin=4.67245783, Emax=46.62351024
realization 5 / 300 ... accepted 5. Emin=-3.76569487, Emax=42.95531549
realization 6 / 300 ... accepted 6. Emin=-4.65297493, Emax=35.81115301
realization 7 / 300 ... accepted 7. Emin=-6.93976120, Emax=35.95353138
realization 8 / 300 ... accepted 8. Emin=-4.26817655, Emax=39.63870189
realization 9 / 300 ... accepted 9. Emin=-8.04655301, Emax=30.50333281
realization 10 / 300 ... accepted 10. Emin=3.36259837, Emax=46.04334010
realization 11 / 300 ... accepted 11. Emin=-9.64733628, Emax=26.67369669
realization 12 / 300 ... accepted 12. Emin=5.60486059, Emax=46.97321073
realization 13 / 300 ... accepted 13. Emin=-4.91605519, Emax=38.89010860
realization 14 / 300 ... accepted 14. Emin=-1.81035772, Emax=35.42505591
realization 15 / 300 ... accepted 15. Emin=-4.05142674, Emax=40.19668228
realization 16 / 300 ... accepted 16. Emin=0.23387139, Emax=48.60990450
realization 17 / 300 ... accepted 17. Emin=-5.33263151, Emax=41.71058536
realization 18 / 300 ... accepted 18. Emin=2.35451000, Emax=48.01357837
realization 19 / 300 ... accepted 19. Emin=-6.59498366, Emax=36.44893628
realization 20 / 300 ... accepted 20. Emin=-5.77161912, Emax=41.36029814
realization 21 / 300 ... accepted 21. Emin=-4.45377170, Emax=42.84188065
realization 22 / 300 ... accepted 22. Emin=-5.81282509, Emax=33.67960595
realization 23 / 300 ... accepted 23. Emin=-4.06213490, Emax=38.34470443
realization 24 / 300 ... accepted 24. Emin=-4.69181437, Emax=43.24672299
realization 25 / 300 ... accepted 25. Emin=-0.34112978, Emax=45.20992745
realization 26 / 300 ... accepted 26. Emin=-3.17071570, Emax=37.33015673
realization 27 / 300 ... accepted 27. Emin=0.52960721, Emax=46.19426284
realization 28 / 300 ... accepted 28. Emin=-8.61706572, Emax=36.50805220
realization 29 / 300 ... accepted 29. Emin=-4.07542953, Emax=40.38125753
realization 30 / 300 ... accepted 30. Emin=-9.59059808, Emax=31.93652623
realization 31 / 300 ... accepted 31. Emin=1.09245775, Emax=43.30585958
realization 32 / 300 ... accepted 32. Emin=-4.28849641, Emax=39.38994748
realization 33 / 300 ... accepted 33. Emin=-5.90595485, Emax=37.89453015
realization 34 / 300 ... accepted 34. Emin=2.79639874, Emax=48.61395943
realization 35 / 300 ... accepted 35. Emin=-9.52524153, Emax=32.70390022
realization 36 / 300 ... accepted 36. Emin=-4.98858619, Emax=35.40048288
realization 37 / 300 ... accepted 37. Emin=-7.47105111, Emax=32.27723914
realization 38 / 300 ... accepted 38. Emin=-9.63135034, Emax=33.75760902
realization 39 / 300 ... accepted 39. Emin=4.16977437, Emax=49.11048385
realization 40 / 300 ... accepted 40. Emin=-4.98485273, Emax=34.57829439
realization 41 / 300 ... accepted 41. Emin=-2.08931015, Emax=39.64476485
realization 42 / 300 ... accepted 42. Emin=-4.68020426, Emax=36.08579003
realization 43 / 300 ... accepted 43. Emin=-17.92282272, Emax=21.60418930
realization 44 / 300 ... accepted 44. Emin=0.78359807, Emax=44.83091247
realization 45 / 300 ... accepted 45. Emin=-7.62961875, Emax=39.77976651
realization 46 / 300 ... accepted 46. Emin=-3.41915955, Emax=43.73302474
realization 47 / 300 ... accepted 47. Emin=-3.67462532, Emax=42.69841547
realization 48 / 300 ... accepted 48. Emin=13.82515167, Emax=50.30804115
realization 49 / 300 ... accepted 49. Emin=3.58612727, Emax=47.24316935
realization 50 / 300 ... accepted 50. Emin=-13.31442701, Emax=33.33897960
realization 51 / 300 ... accepted 51. Emin=4.70165187, Emax=44.80995743
realization 52 / 300 ... accepted 52. Emin=-3.44920801, Emax=37.39643388
realization 53 / 300 ... accepted 53. Emin=3.50763968, Emax=47.00862636
realization 54 / 300 ... accepted 54. Emin=-8.58059070, Emax=37.79612573
realization 55 / 300 ... accepted 55. Emin=-6.97461093, Emax=35.44058394
realization 56 / 300 ... accepted 56. Emin=0.26430501, Emax=44.07974797
realization 57 / 300 ... accepted 57. Emin=-5.70968695, Emax=37.43415968
realization 58 / 300 ... accepted 58. Emin=-1.00337305, Emax=47.22979730
realization 59 / 300 ... accepted 59. Emin=-4.90910266, Emax=39.83463136
realization 60 / 300 ... accepted 60. Emin=-3.05569951, Emax=40.24475754
realization 61 / 300 ... accepted 61. Emin=-12.88155472, Emax=31.15315073
realization 62 / 300 ... accepted 62. Emin=0.50867832, Emax=40.75649016
realization 63 / 300 ... accepted 63. Emin=-1.66330579, Emax=41.95735468
realization 64 / 300 ... accepted 64. Emin=-4.83920850, Emax=44.28389221
realization 65 / 300 ... accepted 65. Emin=-7.36887333, Emax=31.10395317
realization 66 / 300 ... accepted 66. Emin=-4.83382684, Emax=37.38326968
realization 67 / 300 ... accepted 67. Emin=-3.04798323, Emax=41.92175618
realization 68 / 300 ... accepted 68. Emin=-7.57067109, Emax=38.19421517
realization 69 / 300 ... accepted 69. Emin=-12.25876218, Emax=30.07188628
realization 70 / 300 ... accepted 70. Emin=1.22129748, Emax=44.28011872
realization 71 / 300 ... accepted 71. Emin=12.40627287, Emax=50.93714311
realization 72 / 300 ... accepted 72. Emin=3.07736923, Emax=49.79130519
realization 73 / 300 ... accepted 73. Emin=-1.07585440, Emax=41.68896046
realization 74 / 300 ... accepted 74. Emin=-1.59968419, Emax=37.03952439
realization 75 / 300 ... accepted 75. Emin=0.54836073, Emax=40.92412088
realization 76 / 300 ... accepted 76. Emin=-11.15816495, Emax=31.47517886
realization 77 / 300 ... accepted 77. Emin=-8.25366657, Emax=34.97327564
realization 78 / 300 ... accepted 78. Emin=-8.82702164, Emax=35.81434708
realization 79 / 300 ... accepted 79. Emin=-8.86786498, Emax=36.34455496
realization 80 / 300 ... accepted 80. Emin=-4.42091828, Emax=40.36336817
realization 81 / 300 ... accepted 81. Emin=-7.15270013, Emax=34.64109505
realization 82 / 300 ... accepted 82. Emin=-2.66697875, Emax=44.22188329
realization 83 / 300 ... accepted 83. Emin=2.55313890, Emax=44.12107380
realization 84 / 300 ... accepted 84. Emin=5.25608842, Emax=47.10545721
realization 85 / 300 ... accepted 85. Emin=8.46091982, Emax=50.19191559
realization 86 / 300 ... accepted 86. Emin=-3.79881783, Emax=37.82160767
realization 87 / 300 ... accepted 87. Emin=-3.69555788, Emax=37.28112583
realization 88 / 300 ... accepted 88. Emin=2.15211195, Emax=49.41505890
realization 89 / 300 ... accepted 89. Emin=-0.75297152, Emax=42.28176356
realization 90 / 300 ... accepted 90. Emin=-16.55766629, Emax=21.89679838
realization 91 / 300 ... accepted 91. Emin=0.09300825, Emax=42.09353602
realization 92 / 300 ... accepted 92. Emin=-5.05006539, Emax=44.87014429
realization 93 / 300 ... accepted 93. Emin=-7.40984141, Emax=37.85022360
realization 94 / 300 ... accepted 94. Emin=-9.65113195, Emax=32.26329215
realization 95 / 300 ... accepted 95. Emin=2.81523306, Emax=49.75211345
realization 96 / 300 ... accepted 96. Emin=-2.73807778, Emax=37.46889462
realization 97 / 300 ... accepted 97. Emin=-0.99947098, Emax=40.31357898
realization 98 / 300 ... accepted 98. Emin=4.83709161, Emax=46.77080590
realization 99 / 300 ... accepted 99. Emin=-11.82428410, Emax=33.78995234
realization 100 / 300 ... accepted 100. Emin=-11.66598145, Emax=30.85651481
realization 101 / 300 ... accepted 101. Emin=-5.73278943, Emax=46.77069322
realization 102 / 300 ... accepted 102. Emin=-8.38141399, Emax=36.38744139
realization 103 / 300 ... accepted 103. Emin=-0.08135817, Emax=42.08912950
realization 104 / 300 ... accepted 104. Emin=-2.50302379, Emax=45.26629458
realization 105 / 300 ... accepted 105. Emin=-2.91418891, Emax=48.55981128
realization 106 / 300 ... accepted 106. Emin=1.07763369, Emax=43.39671404
realization 107 / 300 ... accepted 107. Emin=-2.73436581, Emax=44.29990089
realization 108 / 300 ... accepted 108. Emin=-6.99129115, Emax=31.17674532
realization 109 / 300 ... accepted 109. Emin=-7.20469813, Emax=32.75662430
realization 110 / 300 ... accepted 110. Emin=7.89781204, Emax=46.20165451
realization 111 / 300 ... accepted 111. Emin=3.53468628, Emax=48.86799142
realization 112 / 300 ... accepted 112. Emin=-2.43885095, Emax=39.07773707
realization 113 / 300 ... accepted 113. Emin=-1.85359266, Emax=40.63468620
realization 114 / 300 ... accepted 114. Emin=-6.01863290, Emax=43.76098422
realization 115 / 300 ... accepted 115. Emin=-3.25801589, Emax=40.69875396
realization 116 / 300 ... accepted 116. Emin=-7.66528493, Emax=39.50425140
realization 117 / 300 ... accepted 117. Emin=2.09493218, Emax=45.96010120
realization 118 / 300 ... accepted 118. Emin=1.79285650, Emax=46.17355659
realization 119 / 300 ... accepted 119. Emin=-6.51888501, Emax=41.02519230
realization 120 / 300 ... accepted 120. Emin=-2.60031470, Emax=44.49849407
realization 121 / 300 ... accepted 121. Emin=0.80218551, Emax=42.93895627
realization 122 / 300 ... accepted 122. Emin=10.74098625, Emax=49.14050987
realization 123 / 300 ... accepted 123. Emin=-5.75041635, Emax=39.69698063
realization 124 / 300 ... accepted 124. Emin=-13.50060153, Emax=29.53042599
realization 125 / 300 ... accepted 125. Emin=-7.55114220, Emax=36.86543147
realization 126 / 300 ... accepted 126. Emin=-1.00828528, Emax=43.37583240
realization 127 / 300 ... accepted 127. Emin=-14.34792079, Emax=25.93780782
realization 128 / 300 ... accepted 128. Emin=-4.78477513, Emax=41.49850826
realization 129 / 300 ... accepted 129. Emin=-3.54183148, Emax=47.06566387
realization 130 / 300 ... accepted 130. Emin=-1.90363502, Emax=42.09421038
realization 131 / 300 ... accepted 131. Emin=4.82605689, Emax=46.67292942
realization 132 / 300 ... accepted 132. Emin=-5.02271899, Emax=34.51082795
realization 133 / 300 ... accepted 133. Emin=-5.47260886, Emax=35.15787395
realization 134 / 300 ... accepted 134. Emin=-14.02726170, Emax=30.13030000
realization 135 / 300 ... accepted 135. Emin=-6.52040558, Emax=33.36568988
realization 136 / 300 ... accepted 136. Emin=-5.51291192, Emax=42.48988228
realization 137 / 300 ... accepted 137. Emin=4.93066009, Emax=47.68479816
realization 138 / 300 ... accepted 138. Emin=-0.14383218, Emax=37.91869284
realization 139 / 300 ... accepted 139. Emin=-4.07384672, Emax=36.78739475
realization 140 / 300 ... accepted 140. Emin=-10.00387127, Emax=35.18374600
realization 141 / 300 ... accepted 141. Emin=1.73139335, Emax=48.44044105
realization 142 / 300 ... accepted 142. Emin=-3.50071928, Emax=34.96821103
realization 143 / 300 ... accepted 143. Emin=-12.26224741, Emax=30.28648658
realization 144 / 300 ... accepted 144. Emin=-0.15799806, Emax=46.46001290
realization 145 / 300 ... accepted 145. Emin=0.21307330, Emax=44.30814488
realization 146 / 300 ... accepted 146. Emin=-5.59707315, Emax=39.35813921
realization 147 / 300 ... accepted 147. Emin=-3.79704892, Emax=41.48849650
realization 148 / 300 ... accepted 148. Emin=-7.99354402, Emax=37.55384724
realization 149 / 300 ... accepted 149. Emin=9.27867539, Emax=51.12003208
realization 150 / 300 ... accepted 150. Emin=-8.92611483, Emax=30.88255042
realization 151 / 300 ... accepted 151. Emin=-8.65029427, Emax=36.09573685
realization 152 / 300 ... accepted 152. Emin=-3.53220604, Emax=44.61757093
realization 153 / 300 ... accepted 153. Emin=-3.99527980, Emax=40.84201048
realization 154 / 300 ... accepted 154. Emin=0.64530915, Emax=45.58806610
realization 155 / 300 ... accepted 155. Emin=-0.31452097, Emax=45.79465792
realization 156 / 300 ... accepted 156. Emin=-4.68530492, Emax=43.02432610
realization 157 / 300 ... accepted 157. Emin=-4.92860675, Emax=39.57519446
realization 158 / 300 ... accepted 158. Emin=-5.33442856, Emax=40.69229282
realization 159 / 300 ... accepted 159. Emin=-7.84838404, Emax=33.44556630
realization 160 / 300 ... accepted 160. Emin=-2.95847560, Emax=42.16128190
realization 161 / 300 ... accepted 161. Emin=-8.44509208, Emax=33.45462519
realization 162 / 300 ... accepted 162. Emin=12.47247019, Emax=50.03172326
realization 163 / 300 ... accepted 163. Emin=0.91768424, Emax=45.69473310
realization 164 / 300 ... accepted 164. Emin=-3.57275618, Emax=37.48459089
realization 165 / 300 ... accepted 165. Emin=-9.30458869, Emax=32.85122904
realization 166 / 300 ... accepted 166. Emin=-4.63893119, Emax=41.22688303
realization 167 / 300 ... accepted 167. Emin=-0.53192616, Emax=42.55412814
realization 168 / 300 ... accepted 168. Emin=0.27296950, Emax=47.52268668
realization 169 / 300 ... accepted 169. Emin=4.92528758, Emax=48.12794496
realization 170 / 300 ... accepted 170. Emin=-4.43489669, Emax=35.20949584
realization 171 / 300 ... accepted 171. Emin=-8.39624108, Emax=37.58312536
realization 172 / 300 ... accepted 172. Emin=-5.39432321, Emax=42.78887774
realization 173 / 300 ... accepted 173. Emin=1.67312204, Emax=43.82323636
realization 174 / 300 ... accepted 174. Emin=-10.81668634, Emax=31.45734668
realization 175 / 300 ... accepted 175. Emin=-0.41898413, Emax=48.74784078
realization 176 / 300 ... accepted 176. Emin=2.27683285, Emax=47.78883256
realization 177 / 300 ... accepted 177. Emin=2.92413602, Emax=44.62991426
realization 178 / 300 ... accepted 178. Emin=-12.14294575, Emax=25.86113067
realization 179 / 300 ... accepted 179. Emin=-1.06760328, Emax=43.03549392
realization 180 / 300 ... accepted 180. Emin=-0.69909698, Emax=40.89039582
realization 181 / 300 ... accepted 181. Emin=6.03560875, Emax=47.79948693
realization 182 / 300 ... accepted 182. Emin=-1.11945250, Emax=42.40529117
realization 183 / 300 ... accepted 183. Emin=-2.34425244, Emax=37.00296535
realization 184 / 300 ... accepted 184. Emin=0.60392279, Emax=45.84202589
realization 185 / 300 ... accepted 185. Emin=-8.45433481, Emax=33.32711735
realization 186 / 300 ... accepted 186. Emin=-8.27399590, Emax=37.30822067
realization 187 / 300 ... accepted 187. Emin=1.27984726, Emax=46.18928570
realization 188 / 300 ... accepted 188. Emin=-11.25659433, Emax=31.66049584
realization 189 / 300 ... accepted 189. Emin=-1.14421433, Emax=43.78666145
realization 190 / 300 ... accepted 190. Emin=-1.29574951, Emax=46.51862510
realization 191 / 300 ... accepted 191. Emin=-2.27450422, Emax=39.08386720
realization 192 / 300 ... accepted 192. Emin=-1.35220184, Emax=40.03512125
realization 193 / 300 ... accepted 193. Emin=-3.31434971, Emax=38.93719888
realization 194 / 300 ... accepted 194. Emin=0.20376295, Emax=49.58679439
realization 195 / 300 ... accepted 195. Emin=0.88320144, Emax=46.80256519
realization 196 / 300 ... accepted 196. Emin=-1.49954955, Emax=45.06765534
realization 197 / 300 ... accepted 197. Emin=-1.13042562, Emax=40.39978949
realization 198 / 300 ... accepted 198. Emin=-7.95115078, Emax=35.04553186
realization 199 / 300 ... accepted 199. Emin=4.51915210, Emax=47.90108513
realization 200 / 300 ... accepted 200. Emin=-8.51259438, Emax=38.24829078
realization 201 / 300 ... accepted 201. Emin=3.92864557, Emax=48.29887290
realization 202 / 300 ... accepted 202. Emin=-4.26973708, Emax=41.80787702
realization 203 / 300 ... accepted 203. Emin=-6.03342090, Emax=32.01727987
realization 204 / 300 ... accepted 204. Emin=1.73592396, Emax=43.49056543
realization 205 / 300 ... accepted 205. Emin=-3.82216683, Emax=44.96364232
realization 206 / 300 ... accepted 206. Emin=4.82141327, Emax=48.47945280
realization 207 / 300 ... accepted 207. Emin=-8.81874387, Emax=33.70072250
realization 208 / 300 ... accepted 208. Emin=-5.02335534, Emax=43.17433316
realization 209 / 300 ... accepted 209. Emin=2.12598633, Emax=43.29389664
realization 210 / 300 ... accepted 210. Emin=-2.97707023, Emax=48.13822974
realization 211 / 300 ... accepted 211. Emin=13.22708600, Emax=52.21966515
realization 212 / 300 ... accepted 212. Emin=-7.62682553, Emax=36.15524342
realization 213 / 300 ... accepted 213. Emin=-1.76038966, Emax=35.56333975
realization 214 / 300 ... accepted 214. Emin=-13.69480176, Emax=25.15035025
realization 215 / 300 ... accepted 215. Emin=9.05805547, Emax=47.51011067
realization 216 / 300 ... accepted 216. Emin=-15.55604632, Emax=28.04204912
realization 217 / 300 ... accepted 217. Emin=-8.75259638, Emax=39.51882420
realization 218 / 300 ... accepted 218. Emin=6.11057907, Emax=50.56286479
realization 219 / 300 ... accepted 219. Emin=-10.14798318, Emax=30.28664322
realization 220 / 300 ... accepted 220. Emin=-1.28577254, Emax=39.64054412
realization 221 / 300 ... accepted 221. Emin=-0.20837907, Emax=47.04329876
realization 222 / 300 ... accepted 222. Emin=-10.89729082, Emax=27.72795525
realization 223 / 300 ... accepted 223. Emin=-7.37391077, Emax=34.36272126
realization 224 / 300 ... accepted 224. Emin=-1.87046503, Emax=47.52372632
realization 225 / 300 ... accepted 225. Emin=-5.43182301, Emax=35.02395421
realization 226 / 300 ... accepted 226. Emin=5.81212834, Emax=45.54992634
realization 227 / 300 ... accepted 227. Emin=-0.01060332, Emax=42.28710038
realization 228 / 300 ... accepted 228. Emin=-3.01367265, Emax=41.32209818
realization 229 / 300 ... accepted 229. Emin=-9.23973229, Emax=36.55708251
realization 230 / 300 ... accepted 230. Emin=-7.44603856, Emax=43.29324764
realization 231 / 300 ... accepted 231. Emin=4.87969510, Emax=48.33854532
realization 232 / 300 ... accepted 232. Emin=-0.67650021, Emax=42.93708435
realization 233 / 300 ... accepted 233. Emin=-4.98708261, Emax=38.02511836
realization 234 / 300 ... accepted 234. Emin=1.71409815, Emax=44.01674957
realization 235 / 300 ... accepted 235. Emin=-2.42441965, Emax=48.79156629
realization 236 / 300 ... accepted 236. Emin=0.06742724, Emax=39.05965436
realization 237 / 300 ... accepted 237. Emin=4.90776842, Emax=46.01084000
realization 238 / 300 ... accepted 238. Emin=-4.11932963, Emax=40.80886261
realization 239 / 300 ... accepted 239. Emin=-8.26764914, Emax=38.36061842
realization 240 / 300 ... accepted 240. Emin=1.43520408, Emax=42.39908014
realization 241 / 300 ... accepted 241. Emin=13.77242471, Emax=51.20566863
realization 242 / 300 ... accepted 242. Emin=0.29627880, Emax=41.75120804
realization 243 / 300 ... accepted 243. Emin=1.03336781, Emax=49.67144814
realization 244 / 300 ... accepted 244. Emin=12.34778113, Emax=52.80039967
realization 245 / 300 ... accepted 245. Emin=-4.23937133, Emax=39.04900413
realization 246 / 300 ... accepted 246. Emin=-3.15294064, Emax=46.90237010
realization 247 / 300 ... accepted 247. Emin=0.29755167, Emax=43.51206246
realization 248 / 300 ... accepted 248. Emin=-0.93059550, Emax=41.10846026
realization 249 / 300 ... accepted 249. Emin=-4.32558040, Emax=39.89836710
realization 250 / 300 ... accepted 250. Emin=-12.70352788, Emax=27.11056911
realization 251 / 300 ... accepted 251. Emin=-11.31262229, Emax=28.14451877
realization 252 / 300 ... accepted 252. Emin=-6.78921971, Emax=37.99633503
realization 253 / 300 ... accepted 253. Emin=0.24502209, Emax=48.67146559
realization 254 / 300 ... accepted 254. Emin=-1.00281223, Emax=38.90673634
realization 255 / 300 ... accepted 255. Emin=-10.58831845, Emax=32.16705111
realization 256 / 300 ... accepted 256. Emin=5.88019797, Emax=48.27520032
realization 257 / 300 ... accepted 257. Emin=-13.55513143, Emax=26.77723903
realization 258 / 300 ... accepted 258. Emin=4.85812447, Emax=48.50142274
realization 259 / 300 ... accepted 259. Emin=-3.92166729, Emax=44.37267440
realization 260 / 300 ... accepted 260. Emin=-8.74428425, Emax=34.45624847
realization 261 / 300 ... accepted 261. Emin=-5.56911645, Emax=34.78686360
realization 262 / 300 ... accepted 262. Emin=-3.33724120, Emax=45.99154905
realization 263 / 300 ... accepted 263. Emin=-2.80990735, Emax=36.79409338
realization 264 / 300 ... accepted 264. Emin=3.44691820, Emax=44.88243948
realization 265 / 300 ... accepted 265. Emin=-0.62540331, Emax=44.94883039
realization 266 / 300 ... accepted 266. Emin=-2.28962143, Emax=38.17483853
realization 267 / 300 ... accepted 267. Emin=-4.10958068, Emax=39.41903853
realization 268 / 300 ... accepted 268. Emin=-7.40003689, Emax=35.50133034
realization 269 / 300 ... accepted 269. Emin=-3.05943035, Emax=39.13800196
realization 270 / 300 ... accepted 270. Emin=1.94424392, Emax=46.85346016
realization 271 / 300 ... accepted 271. Emin=2.63685870, Emax=45.23910709
realization 272 / 300 ... accepted 272. Emin=1.49903650, Emax=45.70193726
realization 273 / 300 ... accepted 273. Emin=3.05872885, Emax=46.33374469
realization 274 / 300 ... accepted 274. Emin=4.07466972, Emax=48.11184896
realization 275 / 300 ... accepted 275. Emin=-7.51538134, Emax=38.76591323
realization 276 / 300 ... accepted 276. Emin=-8.56156636, Emax=35.55551537
realization 277 / 300 ... accepted 277. Emin=7.33449922, Emax=49.41450094
realization 278 / 300 ... accepted 278. Emin=8.31392419, Emax=47.33149487
realization 279 / 300 ... accepted 279. Emin=-4.58159631, Emax=41.25028026
realization 280 / 300 ... accepted 280. Emin=0.81293414, Emax=48.38394979
realization 281 / 300 ... accepted 281. Emin=-7.54164488, Emax=36.09711491
realization 282 / 300 ... accepted 282. Emin=-14.69612363, Emax=26.03676188
realization 283 / 300 ... accepted 283. Emin=-6.36632741, Emax=35.02930120
realization 284 / 300 ... accepted 284. Emin=0.23095929, Emax=41.75541274
realization 285 / 300 ... accepted 285. Emin=3.10717817, Emax=45.80968340
realization 286 / 300 ... accepted 286. Emin=5.68928540, Emax=48.36209624
realization 287 / 300 ... accepted 287. Emin=2.18704216, Emax=44.75142677
realization 288 / 300 ... accepted 288. Emin=4.81512206, Emax=50.56599976
realization 289 / 300 ... accepted 289. Emin=-5.63671312, Emax=38.17479261
realization 290 / 300 ... accepted 290. Emin=-9.08854858, Emax=38.33460927
realization 291 / 300 ... accepted 291. Emin=3.27461629, Emax=43.80669279
realization 292 / 300 ... accepted 292. Emin=-5.29060521, Emax=40.21972921
realization 293 / 300 ... accepted 293. Emin=-6.95149912, Emax=31.09112065
realization 294 / 300 ... accepted 294. Emin=-11.66620703, Emax=30.87655530
realization 295 / 300 ... accepted 295. Emin=-6.88509907, Emax=39.88917074
realization 296 / 300 ... accepted 296. Emin=-5.26787915, Emax=35.33413040
realization 297 / 300 ... accepted 297. Emin=-7.70034823, Emax=37.69502686
realization 298 / 300 ... accepted 298. Emin=-1.71730738, Emax=43.73063025
realization 299 / 300 ... accepted 299. Emin=5.08228005, Emax=47.66584560
realization 300 / 300 ... accepted 300. Emin=2.63665268, Emax=45.38464378
Saved final energies: /home/2/kj405942/POLFED_bosons/pbs_bose_legacy_nmax2_periodic/data/U_5/W_4/L_6/N_6_nmax_2/boundary_periodic/energies_full_U5_L6_N6_nmax2_W4_boundaryperiodic_nreal300.txt
Accepted realizations: 300 / 300
Skipped realizations: 0
Job finished at Sun May 31 18:05:21 UTC 2026
