Job started on w21 at Sun May 31 18:03:47 UTC 2026
PBS_JOBID=7731365.kruk-host.ift-klaster.lan
PBS_O_WORKDIR=/home/2/kj405942/POLFED_bosons
Bose-Hubbard: L=6, N=6, nmax=2, dim=141
t=1, U=5, W=11, nreal=300, boundary=periodic, mode=full
Writing partial results to /home/2/kj405942/POLFED_bosons/pbs_bose_legacy_nmax2_periodic/data/U_5/W_11/L_6/N_6_nmax_2/boundary_periodic/energies_full_U5_L6_N6_nmax2_W11_boundaryperiodic_nreal300_partial.txt
realization 1 / 300 ... accepted 1. Emin=-3.14325288, Emax=41.78947695
realization 2 / 300 ... accepted 2. Emin=31.10683269, Emax=74.47193628
realization 3 / 300 ... accepted 3. Emin=7.47006304, Emax=83.08743506
realization 4 / 300 ... accepted 4. Emin=12.96834044, Emax=70.57915115
realization 5 / 300 ... accepted 5. Emin=7.00805003, Emax=59.24139372
realization 6 / 300 ... accepted 6. Emin=-17.45361776, Emax=75.96879361
realization 7 / 300 ... accepted 7. Emin=-9.83790744, Emax=53.50171392
realization 8 / 300 ... accepted 8. Emin=-26.83737910, Emax=52.02894005
realization 9 / 300 ... accepted 9. Emin=-15.09032041, Emax=40.51065257
realization 10 / 300 ... accepted 10. Emin=-18.82593944, Emax=54.49197201
realization 11 / 300 ... accepted 11. Emin=-26.31721140, Emax=51.29970594
realization 12 / 300 ... accepted 12. Emin=-8.95568721, Emax=76.50550959
realization 13 / 300 ... accepted 13. Emin=-3.29848893, Emax=71.80235520
realization 14 / 300 ... accepted 14. Emin=16.36974975, Emax=83.27839567
realization 15 / 300 ... accepted 15. Emin=-2.68965639, Emax=57.35852214
realization 16 / 300 ... accepted 16. Emin=0.19998576, Emax=72.53984201
realization 17 / 300 ... accepted 17. Emin=6.14702300, Emax=82.53911219
realization 18 / 300 ... accepted 18. Emin=-13.44033901, Emax=58.38035380
realization 19 / 300 ... accepted 19. Emin=-26.87647326, Emax=63.83512874
realization 20 / 300 ... accepted 20. Emin=-20.96028715, Emax=47.32428492
realization 21 / 300 ... accepted 21. Emin=-33.12301940, Emax=30.28445302
realization 22 / 300 ... accepted 22. Emin=-30.79060769, Emax=59.13728892
realization 23 / 300 ... accepted 23. Emin=-7.53495350, Emax=63.03277902
realization 24 / 300 ... accepted 24. Emin=-17.63292689, Emax=46.78830445
realization 25 / 300 ... accepted 25. Emin=-18.32370526, Emax=77.34482132
realization 26 / 300 ... accepted 26. Emin=-19.76486319, Emax=61.85691059
realization 27 / 300 ... accepted 27. Emin=-28.81019974, Emax=45.92943505
realization 28 / 300 ... accepted 28. Emin=-15.83877887, Emax=55.75630844
realization 29 / 300 ... accepted 29. Emin=-10.25200844, Emax=58.64741207
realization 30 / 300 ... accepted 30. Emin=-13.62946150, Emax=64.24243844
realization 31 / 300 ... accepted 31. Emin=-39.92336771, Emax=11.79380581
realization 32 / 300 ... accepted 32. Emin=-15.32099157, Emax=53.37680305
realization 33 / 300 ... accepted 33. Emin=-25.94135471, Emax=50.50860611
realization 34 / 300 ... accepted 34. Emin=-19.05850215, Emax=47.33606151
realization 35 / 300 ... accepted 35. Emin=2.89718157, Emax=62.23808456
realization 36 / 300 ... accepted 36. Emin=-33.69082501, Emax=45.10761418
realization 37 / 300 ... accepted 37. Emin=-14.36193747, Emax=56.24394040
realization 38 / 300 ... accepted 38. Emin=35.70227312, Emax=87.86399792
realization 39 / 300 ... accepted 39. Emin=-34.45934358, Emax=47.50236947
realization 40 / 300 ... accepted 40. Emin=13.99676224, Emax=58.07438701
realization 41 / 300 ... accepted 41. Emin=23.42338624, Emax=82.69363510
realization 42 / 300 ... accepted 42. Emin=4.71073733, Emax=75.33323037
realization 43 / 300 ... accepted 43. Emin=-34.41309989, Emax=36.80113203
realization 44 / 300 ... accepted 44. Emin=12.42337519, Emax=68.85131612
realization 45 / 300 ... accepted 45. Emin=-6.74105456, Emax=58.23015961
realization 46 / 300 ... accepted 46. Emin=18.40460203, Emax=77.84739294
realization 47 / 300 ... accepted 47. Emin=-20.78499229, Emax=77.89792615
realization 48 / 300 ... accepted 48. Emin=-13.89369140, Emax=57.81284939
realization 49 / 300 ... accepted 49. Emin=22.49035652, Emax=83.10300109
realization 50 / 300 ... accepted 50. Emin=-17.37173069, Emax=41.56268689
realization 51 / 300 ... accepted 51. Emin=-9.07155263, Emax=70.58026365
realization 52 / 300 ... accepted 52. Emin=-22.58731494, Emax=33.96406258
realization 53 / 300 ... accepted 53. Emin=-35.90816118, Emax=40.06896198
realization 54 / 300 ... accepted 54. Emin=-6.60405753, Emax=65.58749508
realization 55 / 300 ... accepted 55. Emin=-11.34871613, Emax=40.97381322
realization 56 / 300 ... accepted 56. Emin=-21.97608850, Emax=52.20512415
realization 57 / 300 ... accepted 57. Emin=1.65610307, Emax=71.27254462
realization 58 / 300 ... accepted 58. Emin=-5.90364629, Emax=56.26190790
realization 59 / 300 ... accepted 59. Emin=-14.92923116, Emax=56.88832450
realization 60 / 300 ... accepted 60. Emin=-9.66780417, Emax=54.93398464
realization 61 / 300 ... accepted 61. Emin=-29.13572834, Emax=39.59564634
realization 62 / 300 ... accepted 62. Emin=19.95631982, Emax=76.69692592
realization 63 / 300 ... accepted 63. Emin=-0.05140832, Emax=50.25550054
realization 64 / 300 ... accepted 64. Emin=11.25923094, Emax=63.20450643
realization 65 / 300 ... accepted 65. Emin=-25.53863104, Emax=23.64492188
realization 66 / 300 ... accepted 66. Emin=-35.50954571, Emax=33.30000573
realization 67 / 300 ... accepted 67. Emin=1.44655641, Emax=77.14410688
realization 68 / 300 ... accepted 68. Emin=-20.44542575, Emax=45.19022761
realization 69 / 300 ... accepted 69. Emin=-12.80509678, Emax=58.74421228
realization 70 / 300 ... accepted 70. Emin=-29.85839119, Emax=49.67881131
realization 71 / 300 ... accepted 71. Emin=-41.40767199, Emax=19.79398682
realization 72 / 300 ... accepted 72. Emin=4.04935548, Emax=53.87881112
realization 73 / 300 ... accepted 73. Emin=-26.13442551, Emax=38.83717875
realization 74 / 300 ... accepted 74. Emin=5.24204096, Emax=70.70717496
realization 75 / 300 ... accepted 75. Emin=-18.24976802, Emax=61.99646483
realization 76 / 300 ... accepted 76. Emin=-16.82424606, Emax=42.77203971
realization 77 / 300 ... accepted 77. Emin=6.74491316, Emax=75.53059904
realization 78 / 300 ... accepted 78. Emin=0.82293120, Emax=63.37112257
realization 79 / 300 ... accepted 79. Emin=-12.26422077, Emax=61.78017161
realization 80 / 300 ... accepted 80. Emin=39.11709387, Emax=82.86538828
realization 81 / 300 ... accepted 81. Emin=-8.79559457, Emax=72.36425533
realization 82 / 300 ... accepted 82. Emin=-19.96226643, Emax=82.01021972
realization 83 / 300 ... accepted 83. Emin=-14.46158766, Emax=56.23691585
realization 84 / 300 ... accepted 84. Emin=-8.94947919, Emax=74.21957628
realization 85 / 300 ... accepted 85. Emin=29.61782264, Emax=85.28207304
realization 86 / 300 ... accepted 86. Emin=-12.97673788, Emax=31.31155476
realization 87 / 300 ... accepted 87. Emin=28.25359334, Emax=78.76752831
realization 88 / 300 ... accepted 88. Emin=-21.19865523, Emax=52.73509106
realization 89 / 300 ... accepted 89. Emin=-29.18362082, Emax=47.21394586
realization 90 / 300 ... accepted 90. Emin=-14.89605993, Emax=45.79743901
realization 91 / 300 ... accepted 91. Emin=-14.87617185, Emax=66.94862560
realization 92 / 300 ... accepted 92. Emin=-16.48605823, Emax=69.26705557
realization 93 / 300 ... accepted 93. Emin=-7.29681565, Emax=66.77826157
realization 94 / 300 ... accepted 94. Emin=-12.78806484, Emax=64.76340354
realization 95 / 300 ... accepted 95. Emin=-10.28437771, Emax=64.31189728
realization 96 / 300 ... accepted 96. Emin=-0.87591794, Emax=72.77085584
realization 97 / 300 ... accepted 97. Emin=-6.75698847, Emax=54.81093377
realization 98 / 300 ... accepted 98. Emin=-15.70269194, Emax=54.41305216
realization 99 / 300 ... accepted 99. Emin=-24.59287514, Emax=47.68572450
realization 100 / 300 ... accepted 100. Emin=-15.19413034, Emax=46.40872241
realization 101 / 300 ... accepted 101. Emin=22.69975222, Emax=69.75980929
realization 102 / 300 ... accepted 102. Emin=13.52545625, Emax=78.71738512
realization 103 / 300 ... accepted 103. Emin=42.65324418, Emax=89.47949945
realization 104 / 300 ... accepted 104. Emin=13.15000151, Emax=72.36632010
realization 105 / 300 ... accepted 105. Emin=-7.98387908, Emax=75.51550866
realization 106 / 300 ... accepted 106. Emin=-7.11706334, Emax=66.24284806
realization 107 / 300 ... accepted 107. Emin=1.97068954, Emax=74.55007154
realization 108 / 300 ... accepted 108. Emin=4.15462481, Emax=48.28421917
realization 109 / 300 ... accepted 109. Emin=-16.49951619, Emax=65.66935372
realization 110 / 300 ... accepted 110. Emin=-13.87992152, Emax=50.75011988
realization 111 / 300 ... accepted 111. Emin=-6.69773281, Emax=85.04167508
realization 112 / 300 ... accepted 112. Emin=-38.50699505, Emax=24.07776571
realization 113 / 300 ... accepted 113. Emin=-8.62896457, Emax=52.81193483
realization 114 / 300 ... accepted 114. Emin=-26.39069716, Emax=27.96133119
realization 115 / 300 ... accepted 115. Emin=6.78670750, Emax=75.41578054
realization 116 / 300 ... accepted 116. Emin=-30.49950033, Emax=36.06200221
realization 117 / 300 ... accepted 117. Emin=-26.84986265, Emax=41.62569431
realization 118 / 300 ... accepted 118. Emin=17.32258310, Emax=71.40157368
realization 119 / 300 ... accepted 119. Emin=-8.10564725, Emax=57.18797603
realization 120 / 300 ... accepted 120. Emin=-16.55198547, Emax=67.61670721
realization 121 / 300 ... accepted 121. Emin=3.34571425, Emax=85.52024540
realization 122 / 300 ... accepted 122. Emin=-29.39624050, Emax=44.73987703
realization 123 / 300 ... accepted 123. Emin=-4.58490458, Emax=59.78264162
realization 124 / 300 ... accepted 124. Emin=-10.74548872, Emax=62.13127415
realization 125 / 300 ... accepted 125. Emin=17.91972919, Emax=76.92895829
realization 126 / 300 ... accepted 126. Emin=-1.42704822, Emax=70.73841495
realization 127 / 300 ... accepted 127. Emin=-24.01199241, Emax=33.34318615
realization 128 / 300 ... accepted 128. Emin=-25.74927784, Emax=26.69021353
realization 129 / 300 ... accepted 129. Emin=-0.81359800, Emax=74.43280582
realization 130 / 300 ... accepted 130. Emin=-22.94775824, Emax=63.34382868
realization 131 / 300 ... accepted 131. Emin=-15.53587733, Emax=69.05258505
realization 132 / 300 ... accepted 132. Emin=-31.12440603, Emax=41.75150283
realization 133 / 300 ... accepted 133. Emin=-16.26969725, Emax=40.68466518
realization 134 / 300 ... accepted 134. Emin=11.60073749, Emax=70.88067296
realization 135 / 300 ... accepted 135. Emin=-11.08676277, Emax=46.07891812
realization 136 / 300 ... accepted 136. Emin=-39.01647069, Emax=37.66311161
realization 137 / 300 ... accepted 137. Emin=-32.20464271, Emax=57.48073278
realization 138 / 300 ... accepted 138. Emin=-32.74369677, Emax=35.72158676
realization 139 / 300 ... accepted 139. Emin=-23.42297083, Emax=51.61792602
realization 140 / 300 ... accepted 140. Emin=-19.00546378, Emax=51.94248482
realization 141 / 300 ... accepted 141. Emin=-26.81665886, Emax=38.10023835
realization 142 / 300 ... accepted 142. Emin=-11.99767615, Emax=68.26679457
realization 143 / 300 ... accepted 143. Emin=-12.19788006, Emax=50.40578715
realization 144 / 300 ... accepted 144. Emin=-24.83618197, Emax=49.33967085
realization 145 / 300 ... accepted 145. Emin=6.77695390, Emax=74.57979475
realization 146 / 300 ... accepted 146. Emin=12.56292685, Emax=82.92647268
realization 147 / 300 ... accepted 147. Emin=-5.39878361, Emax=47.31183125
realization 148 / 300 ... accepted 148. Emin=8.13186988, Emax=78.94133210
realization 149 / 300 ... accepted 149. Emin=-23.81724382, Emax=27.48503678
realization 150 / 300 ... accepted 150. Emin=-4.36897167, Emax=68.93493068
realization 151 / 300 ... accepted 151. Emin=-28.04268141, Emax=44.81918746
realization 152 / 300 ... accepted 152. Emin=21.50961504, Emax=78.44106415
realization 153 / 300 ... accepted 153. Emin=29.02438339, Emax=80.10744446
realization 154 / 300 ... accepted 154. Emin=11.23914255, Emax=86.85860520
realization 155 / 300 ... accepted 155. Emin=13.83301822, Emax=84.13548867
realization 156 / 300 ... accepted 156. Emin=5.82956689, Emax=60.79296506
realization 157 / 300 ... accepted 157. Emin=15.59457459, Emax=78.32929556
realization 158 / 300 ... accepted 158. Emin=-6.40323339, Emax=53.16389063
realization 159 / 300 ... accepted 159. Emin=-3.65447475, Emax=68.83528198
realization 160 / 300 ... accepted 160. Emin=-19.86840607, Emax=52.57420988
realization 161 / 300 ... accepted 161. Emin=-8.01717757, Emax=62.99033119
realization 162 / 300 ... accepted 162. Emin=-1.86286472, Emax=53.45375040
realization 163 / 300 ... accepted 163. Emin=-37.92981472, Emax=26.98588599
realization 164 / 300 ... accepted 164. Emin=-15.30370887, Emax=61.71221275
realization 165 / 300 ... accepted 165. Emin=-33.73152027, Emax=23.02003046
realization 166 / 300 ... accepted 166. Emin=5.04906323, Emax=71.65424790
realization 167 / 300 ... accepted 167. Emin=-9.41615027, Emax=69.13763138
realization 168 / 300 ... accepted 168. Emin=-18.76392823, Emax=50.95754627
realization 169 / 300 ... accepted 169. Emin=7.64069774, Emax=63.21075912
realization 170 / 300 ... accepted 170. Emin=-8.70391351, Emax=40.16326973
realization 171 / 300 ... accepted 171. Emin=-19.33694911, Emax=63.44361340
realization 172 / 300 ... accepted 172. Emin=-13.21311994, Emax=69.14755993
realization 173 / 300 ... accepted 173. Emin=-37.54303547, Emax=19.54487750
realization 174 / 300 ... accepted 174. Emin=-13.90226744, Emax=54.24832359
realization 175 / 300 ... accepted 175. Emin=19.86048282, Emax=73.55671935
realization 176 / 300 ... accepted 176. Emin=19.02064403, Emax=74.74789383
realization 177 / 300 ... accepted 177. Emin=-23.05279623, Emax=44.58492350
realization 178 / 300 ... accepted 178. Emin=4.51142274, Emax=84.45045826
realization 179 / 300 ... accepted 179. Emin=-13.48016683, Emax=57.03074101
realization 180 / 300 ... accepted 180. Emin=15.55160180, Emax=63.92923722
realization 181 / 300 ... accepted 181. Emin=5.19397572, Emax=77.10344112
realization 182 / 300 ... accepted 182. Emin=-8.27033925, Emax=48.87664717
realization 183 / 300 ... accepted 183. Emin=-12.01770073, Emax=50.97199118
realization 184 / 300 ... accepted 184. Emin=-9.10288313, Emax=79.57302953
realization 185 / 300 ... accepted 185. Emin=-16.58289884, Emax=66.16137740
realization 186 / 300 ... accepted 186. Emin=11.73535540, Emax=83.28855710
realization 187 / 300 ... accepted 187. Emin=12.64399819, Emax=88.07231579
realization 188 / 300 ... accepted 188. Emin=-26.54838952, Emax=49.28792037
realization 189 / 300 ... accepted 189. Emin=-22.57795720, Emax=46.61748912
realization 190 / 300 ... accepted 190. Emin=-29.66271769, Emax=43.29698527
realization 191 / 300 ... accepted 191. Emin=-34.81211486, Emax=25.48728806
realization 192 / 300 ... accepted 192. Emin=-14.33239184, Emax=48.48239627
realization 193 / 300 ... accepted 193. Emin=2.81589693, Emax=83.45058517
realization 194 / 300 ... accepted 194. Emin=-8.00864968, Emax=60.80621374
realization 195 / 300 ... accepted 195. Emin=-5.95311623, Emax=74.73216710
realization 196 / 300 ... accepted 196. Emin=-10.98225544, Emax=74.78694089
realization 197 / 300 ... accepted 197. Emin=19.98024710, Emax=73.17182663
realization 198 / 300 ... accepted 198. Emin=-32.26198710, Emax=34.11430438
realization 199 / 300 ... accepted 199. Emin=18.50491582, Emax=79.29886757
realization 200 / 300 ... accepted 200. Emin=-10.37429321, Emax=49.45161413
realization 201 / 300 ... accepted 201. Emin=3.65166897, Emax=82.65508922
realization 202 / 300 ... accepted 202. Emin=-22.19575747, Emax=66.94797392
realization 203 / 300 ... accepted 203. Emin=-7.45555182, Emax=49.78281592
realization 204 / 300 ... accepted 204. Emin=13.64688506, Emax=65.57122836
realization 205 / 300 ... accepted 205. Emin=-27.20282535, Emax=31.01679415
realization 206 / 300 ... accepted 206. Emin=-26.69651993, Emax=43.28353860
realization 207 / 300 ... accepted 207. Emin=15.09038991, Emax=88.83999735
realization 208 / 300 ... accepted 208. Emin=-1.58504832, Emax=55.08075943
realization 209 / 300 ... accepted 209. Emin=7.39827947, Emax=68.17763980
realization 210 / 300 ... accepted 210. Emin=-22.16404409, Emax=48.48412376
realization 211 / 300 ... accepted 211. Emin=-0.77035726, Emax=70.31089642
realization 212 / 300 ... accepted 212. Emin=-20.56441817, Emax=51.82647796
realization 213 / 300 ... accepted 213. Emin=-27.19941636, Emax=22.01306496
realization 214 / 300 ... accepted 214. Emin=-28.72809365, Emax=57.05603902
realization 215 / 300 ... accepted 215. Emin=-10.76871575, Emax=42.95375760
realization 216 / 300 ... accepted 216. Emin=-26.07480829, Emax=42.14183847
realization 217 / 300 ... accepted 217. Emin=-23.18895274, Emax=50.83322377
realization 218 / 300 ... accepted 218. Emin=-23.23026131, Emax=60.80728847
realization 219 / 300 ... accepted 219. Emin=6.40725916, Emax=73.10292861
realization 220 / 300 ... accepted 220. Emin=-31.25641053, Emax=45.11012123
realization 221 / 300 ... accepted 221. Emin=-1.55388977, Emax=64.03852942
realization 222 / 300 ... accepted 222. Emin=-12.72785619, Emax=58.86033144
realization 223 / 300 ... accepted 223. Emin=-2.91270170, Emax=61.53182497
realization 224 / 300 ... accepted 224. Emin=10.30562344, Emax=84.17904108
realization 225 / 300 ... accepted 225. Emin=-35.14391480, Emax=44.08506484
realization 226 / 300 ... accepted 226. Emin=13.03503478, Emax=64.34183986
realization 227 / 300 ... accepted 227. Emin=-7.67743324, Emax=85.18721375
realization 228 / 300 ... accepted 228. Emin=0.10283610, Emax=75.19920296
realization 229 / 300 ... accepted 229. Emin=-20.54294506, Emax=50.94887882
realization 230 / 300 ... accepted 230. Emin=-20.87602950, Emax=68.01141756
realization 231 / 300 ... accepted 231. Emin=-20.17067403, Emax=69.08601259
realization 232 / 300 ... accepted 232. Emin=-39.93139921, Emax=26.55866233
realization 233 / 300 ... accepted 233. Emin=9.35969077, Emax=72.85834174
realization 234 / 300 ... accepted 234. Emin=2.11809773, Emax=78.21944028
realization 235 / 300 ... accepted 235. Emin=-28.30999707, Emax=34.43636317
realization 236 / 300 ... accepted 236. Emin=-28.21612095, Emax=81.12066117
realization 237 / 300 ... accepted 237. Emin=12.77331249, Emax=80.74977955
realization 238 / 300 ... accepted 238. Emin=17.87899498, Emax=75.74025306
realization 239 / 300 ... accepted 239. Emin=-29.88246262, Emax=63.45848771
realization 240 / 300 ... accepted 240. Emin=-35.65168902, Emax=14.35665673
realization 241 / 300 ... accepted 241. Emin=8.21064426, Emax=76.28790844
realization 242 / 300 ... accepted 242. Emin=4.78027078, Emax=61.15035720
realization 243 / 300 ... accepted 243. Emin=-7.99404760, Emax=64.26241705
realization 244 / 300 ... accepted 244. Emin=-11.44293396, Emax=65.79357685
realization 245 / 300 ... accepted 245. Emin=-26.89751818, Emax=61.59234749
realization 246 / 300 ... accepted 246. Emin=-31.72103371, Emax=32.88873804
realization 247 / 300 ... accepted 247. Emin=-19.49519988, Emax=67.91732539
realization 248 / 300 ... accepted 248. Emin=20.72797517, Emax=68.20049894
realization 249 / 300 ... accepted 249. Emin=-20.51498695, Emax=65.10795582
realization 250 / 300 ... accepted 250. Emin=3.14693281, Emax=78.29129180
realization 251 / 300 ... accepted 251. Emin=-4.34645949, Emax=43.45863150
realization 252 / 300 ... accepted 252. Emin=9.06986638, Emax=87.40783462
realization 253 / 300 ... accepted 253. Emin=-19.88957587, Emax=32.54450174
realization 254 / 300 ... accepted 254. Emin=-21.40249821, Emax=64.09056370
realization 255 / 300 ... accepted 255. Emin=-39.92800516, Emax=31.46631600
realization 256 / 300 ... accepted 256. Emin=-5.04022749, Emax=79.49097814
realization 257 / 300 ... accepted 257. Emin=-18.87305481, Emax=77.59868532
realization 258 / 300 ... accepted 258. Emin=-17.29787818, Emax=58.56395882
realization 259 / 300 ... accepted 259. Emin=-15.78745967, Emax=54.71404652
realization 260 / 300 ... accepted 260. Emin=-17.96818671, Emax=68.27349910
realization 261 / 300 ... accepted 261. Emin=-0.64913625, Emax=61.11171855
realization 262 / 300 ... accepted 262. Emin=-34.16468306, Emax=28.08943347
realization 263 / 300 ... accepted 263. Emin=-13.91640517, Emax=47.39858999
realization 264 / 300 ... accepted 264. Emin=-2.77437202, Emax=58.60853237
realization 265 / 300 ... accepted 265. Emin=8.47619739, Emax=72.00134563
realization 266 / 300 ... accepted 266. Emin=-11.34303136, Emax=52.67364020
realization 267 / 300 ... accepted 267. Emin=-24.92230074, Emax=34.96296223
realization 268 / 300 ... accepted 268. Emin=-11.84341604, Emax=55.80583754
realization 269 / 300 ... accepted 269. Emin=9.75610877, Emax=76.10726052
realization 270 / 300 ... accepted 270. Emin=-0.60838767, Emax=69.37268954
realization 271 / 300 ... accepted 271. Emin=-12.23972632, Emax=40.06354954
realization 272 / 300 ... accepted 272. Emin=-16.25260730, Emax=54.02796061
realization 273 / 300 ... accepted 273. Emin=-37.70157576, Emax=13.74758162
realization 274 / 300 ... accepted 274. Emin=-9.25085060, Emax=57.10252859
realization 275 / 300 ... accepted 275. Emin=28.71337837, Emax=83.55103528
realization 276 / 300 ... accepted 276. Emin=11.31755967, Emax=82.54302302
realization 277 / 300 ... accepted 277. Emin=-1.45596407, Emax=61.51507827
realization 278 / 300 ... accepted 278. Emin=-26.43884854, Emax=65.82589215
realization 279 / 300 ... accepted 279. Emin=0.15078448, Emax=63.49453851
realization 280 / 300 ... accepted 280. Emin=-12.85224764, Emax=65.89531373
realization 281 / 300 ... accepted 281. Emin=29.60337158, Emax=85.04674262
realization 282 / 300 ... accepted 282. Emin=-3.37444749, Emax=67.51814238
realization 283 / 300 ... accepted 283. Emin=-23.12572948, Emax=54.26601530
realization 284 / 300 ... accepted 284. Emin=-26.46023500, Emax=44.02299942
realization 285 / 300 ... accepted 285. Emin=15.29074170, Emax=75.67173115
realization 286 / 300 ... accepted 286. Emin=-10.51122186, Emax=55.32859662
realization 287 / 300 ... accepted 287. Emin=-12.52076771, Emax=72.46123680
realization 288 / 300 ... accepted 288. Emin=3.69185820, Emax=78.57145458
realization 289 / 300 ... accepted 289. Emin=-7.36171695, Emax=59.32515460
realization 290 / 300 ... accepted 290. Emin=-35.39869546, Emax=29.92733787
realization 291 / 300 ... accepted 291. Emin=-19.00383405, Emax=67.40957505
realization 292 / 300 ... accepted 292. Emin=-0.93357564, Emax=78.52385412
realization 293 / 300 ... accepted 293. Emin=-32.87375968, Emax=25.80874193
realization 294 / 300 ... accepted 294. Emin=2.68730722, Emax=77.09430209
realization 295 / 300 ... accepted 295. Emin=-26.50586566, Emax=40.44472084
realization 296 / 300 ... accepted 296. Emin=-34.92134027, Emax=48.07703836
realization 297 / 300 ... accepted 297. Emin=-23.10320099, Emax=62.39031864
realization 298 / 300 ... accepted 298. Emin=4.15657827, Emax=56.94362144
realization 299 / 300 ... accepted 299. Emin=-5.63621189, Emax=67.33954055
realization 300 / 300 ... accepted 300. Emin=-17.18020256, Emax=54.00877808
Saved final energies: /home/2/kj405942/POLFED_bosons/pbs_bose_legacy_nmax2_periodic/data/U_5/W_11/L_6/N_6_nmax_2/boundary_periodic/energies_full_U5_L6_N6_nmax2_W11_boundaryperiodic_nreal300.txt
Accepted realizations: 300 / 300
Skipped realizations: 0
Job finished at Sun May 31 18:05:24 UTC 2026
