Job started on w21 at Sun May 31 18:03:47 UTC 2026
PBS_JOBID=7731364.kruk-host.ift-klaster.lan
PBS_O_WORKDIR=/home/2/kj405942/POLFED_bosons
Bose-Hubbard: L=6, N=6, nmax=2, dim=141
t=1, U=5, W=10, nreal=300, boundary=periodic, mode=full
Writing partial results to /home/2/kj405942/POLFED_bosons/pbs_bose_legacy_nmax2_periodic/data/U_5/W_10/L_6/N_6_nmax_2/boundary_periodic/energies_full_U5_L6_N6_nmax2_W10_boundaryperiodic_nreal300_partial.txt
realization 1 / 300 ... accepted 1. Emin=-40.69546476, Emax=19.33531894
realization 2 / 300 ... accepted 2. Emin=28.02509321, Emax=79.08130917
realization 3 / 300 ... accepted 3. Emin=-9.63845220, Emax=47.71961634
realization 4 / 300 ... accepted 4. Emin=13.08771585, Emax=56.10824955
realization 5 / 300 ... accepted 5. Emin=1.92205469, Emax=74.91640231
realization 6 / 300 ... accepted 6. Emin=11.90142442, Emax=59.54583860
realization 7 / 300 ... accepted 7. Emin=8.25681058, Emax=66.09788121
realization 8 / 300 ... accepted 8. Emin=0.90631671, Emax=53.74328408
realization 9 / 300 ... accepted 9. Emin=17.77981109, Emax=77.85772778
realization 10 / 300 ... accepted 10. Emin=-7.38530847, Emax=60.83234189
realization 11 / 300 ... accepted 11. Emin=-21.75710119, Emax=43.00295880
realization 12 / 300 ... accepted 12. Emin=2.92045914, Emax=70.63504118
realization 13 / 300 ... accepted 13. Emin=-4.46832171, Emax=62.78439586
realization 14 / 300 ... accepted 14. Emin=-12.43285320, Emax=42.22772880
realization 15 / 300 ... accepted 15. Emin=-29.59040139, Emax=42.73870377
realization 16 / 300 ... accepted 16. Emin=-10.47633917, Emax=31.65549301
realization 17 / 300 ... accepted 17. Emin=-3.91560112, Emax=64.56180876
realization 18 / 300 ... accepted 18. Emin=-5.69649526, Emax=66.33774500
realization 19 / 300 ... accepted 19. Emin=-31.48645794, Emax=18.56714277
realization 20 / 300 ... accepted 20. Emin=-4.50769704, Emax=73.55294737
realization 21 / 300 ... accepted 21. Emin=12.77714592, Emax=64.02905253
realization 22 / 300 ... accepted 22. Emin=-3.40807832, Emax=58.77370674
realization 23 / 300 ... accepted 23. Emin=-1.95084832, Emax=72.02247183
realization 24 / 300 ... accepted 24. Emin=10.70316100, Emax=79.06904032
realization 25 / 300 ... accepted 25. Emin=-31.92200124, Emax=16.22146422
realization 26 / 300 ... accepted 26. Emin=1.30844946, Emax=76.35647301
realization 27 / 300 ... accepted 27. Emin=-10.09468301, Emax=52.91581297
realization 28 / 300 ... accepted 28. Emin=-23.93678699, Emax=25.91458822
realization 29 / 300 ... accepted 29. Emin=7.00165430, Emax=69.88917950
realization 30 / 300 ... accepted 30. Emin=-15.30307414, Emax=49.39583630
realization 31 / 300 ... accepted 31. Emin=-20.88055416, Emax=34.81584764
realization 32 / 300 ... accepted 32. Emin=21.81121608, Emax=73.97371640
realization 33 / 300 ... accepted 33. Emin=-6.67294105, Emax=62.72676486
realization 34 / 300 ... accepted 34. Emin=-10.92843597, Emax=49.55830462
realization 35 / 300 ... accepted 35. Emin=7.15962749, Emax=74.24751762
realization 36 / 300 ... accepted 36. Emin=-13.57070072, Emax=42.77912181
realization 37 / 300 ... accepted 37. Emin=-19.79958113, Emax=35.66634992
realization 38 / 300 ... accepted 38. Emin=6.68761265, Emax=67.51726373
realization 39 / 300 ... accepted 39. Emin=-11.77720324, Emax=83.05387750
realization 40 / 300 ... accepted 40. Emin=-15.23394969, Emax=53.04399410
realization 41 / 300 ... accepted 41. Emin=-1.88513375, Emax=59.73202539
realization 42 / 300 ... accepted 42. Emin=10.71627148, Emax=80.83672434
realization 43 / 300 ... accepted 43. Emin=-37.05962643, Emax=12.83931742
realization 44 / 300 ... accepted 44. Emin=-7.60037328, Emax=72.53062731
realization 45 / 300 ... accepted 45. Emin=21.55028025, Emax=77.10280772
realization 46 / 300 ... accepted 46. Emin=5.00515345, Emax=70.21740307
realization 47 / 300 ... accepted 47. Emin=-7.53356069, Emax=49.96060640
realization 48 / 300 ... accepted 48. Emin=22.37552570, Emax=76.96209461
realization 49 / 300 ... accepted 49. Emin=18.60330004, Emax=84.35992066
realization 50 / 300 ... accepted 50. Emin=9.99858774, Emax=79.33370621
realization 51 / 300 ... accepted 51. Emin=7.18211047, Emax=71.84649046
realization 52 / 300 ... accepted 52. Emin=13.28432925, Emax=68.91261547
realization 53 / 300 ... accepted 53. Emin=-15.56686410, Emax=55.46159011
realization 54 / 300 ... accepted 54. Emin=-0.88792419, Emax=58.66977143
realization 55 / 300 ... accepted 55. Emin=4.54860226, Emax=79.48854982
realization 56 / 300 ... accepted 56. Emin=12.06072606, Emax=68.24813810
realization 57 / 300 ... accepted 57. Emin=-32.70801512, Emax=25.60978654
realization 58 / 300 ... accepted 58. Emin=-21.71987765, Emax=61.32657102
realization 59 / 300 ... accepted 59. Emin=-33.19517858, Emax=34.76689077
realization 60 / 300 ... accepted 60. Emin=-21.16746939, Emax=42.77289842
realization 61 / 300 ... accepted 61. Emin=-19.63571882, Emax=47.46235209
realization 62 / 300 ... accepted 62. Emin=-11.93113736, Emax=37.79106674
realization 63 / 300 ... accepted 63. Emin=-16.65102956, Emax=65.71594951
realization 64 / 300 ... accepted 64. Emin=-4.44695201, Emax=71.64558630
realization 65 / 300 ... accepted 65. Emin=-11.56156384, Emax=60.26288310
realization 66 / 300 ... accepted 66. Emin=-26.96534319, Emax=35.57458191
realization 67 / 300 ... accepted 67. Emin=-10.53055247, Emax=68.76061260
realization 68 / 300 ... accepted 68. Emin=9.46622206, Emax=54.47404520
realization 69 / 300 ... accepted 69. Emin=-28.83052910, Emax=51.32926173
realization 70 / 300 ... accepted 70. Emin=-6.77523910, Emax=51.99331568
realization 71 / 300 ... accepted 71. Emin=19.08462227, Emax=72.82673521
realization 72 / 300 ... accepted 72. Emin=-1.98122836, Emax=78.42693329
realization 73 / 300 ... accepted 73. Emin=-16.76373526, Emax=47.57356984
realization 74 / 300 ... accepted 74. Emin=-22.03900050, Emax=44.19309969
realization 75 / 300 ... accepted 75. Emin=-11.35992040, Emax=61.25549475
realization 76 / 300 ... accepted 76. Emin=-0.75274244, Emax=67.76869157
realization 77 / 300 ... accepted 77. Emin=-11.65829637, Emax=66.87149614
realization 78 / 300 ... accepted 78. Emin=34.65310442, Emax=85.92749597
realization 79 / 300 ... accepted 79. Emin=9.19006089, Emax=75.07219619
realization 80 / 300 ... accepted 80. Emin=-26.60562788, Emax=36.53005559
realization 81 / 300 ... accepted 81. Emin=-22.84211064, Emax=52.54896002
realization 82 / 300 ... accepted 82. Emin=19.21457085, Emax=61.39856221
realization 83 / 300 ... accepted 83. Emin=-22.77848105, Emax=58.37984591
realization 84 / 300 ... accepted 84. Emin=-0.30127308, Emax=71.40510663
realization 85 / 300 ... accepted 85. Emin=-26.86789341, Emax=18.56076251
realization 86 / 300 ... accepted 86. Emin=-3.88501541, Emax=61.63905483
realization 87 / 300 ... accepted 87. Emin=1.94487560, Emax=71.96703424
realization 88 / 300 ... accepted 88. Emin=0.35119606, Emax=63.64372452
realization 89 / 300 ... accepted 89. Emin=-13.52819138, Emax=42.04328864
realization 90 / 300 ... accepted 90. Emin=-19.19781529, Emax=40.47624847
realization 91 / 300 ... accepted 91. Emin=-36.11595887, Emax=51.74076374
realization 92 / 300 ... accepted 92. Emin=-1.77348733, Emax=59.92432316
realization 93 / 300 ... accepted 93. Emin=-14.37192859, Emax=54.82433359
realization 94 / 300 ... accepted 94. Emin=-12.32662926, Emax=65.30038624
realization 95 / 300 ... accepted 95. Emin=-11.01124479, Emax=57.43253781
realization 96 / 300 ... accepted 96. Emin=15.57656707, Emax=69.47869487
realization 97 / 300 ... accepted 97. Emin=-24.69376496, Emax=54.57972651
realization 98 / 300 ... accepted 98. Emin=-8.79809313, Emax=58.89762741
realization 99 / 300 ... accepted 99. Emin=-16.46460039, Emax=61.91570789
realization 100 / 300 ... accepted 100. Emin=4.96555124, Emax=60.59939011
realization 101 / 300 ... accepted 101. Emin=-41.67240083, Emax=7.58721268
realization 102 / 300 ... accepted 102. Emin=-3.59367196, Emax=45.48339749
realization 103 / 300 ... accepted 103. Emin=-5.45557179, Emax=49.69298950
realization 104 / 300 ... accepted 104. Emin=-15.27259733, Emax=43.37498776
realization 105 / 300 ... accepted 105. Emin=-4.88922532, Emax=65.88053270
realization 106 / 300 ... accepted 106. Emin=-3.07738019, Emax=83.89306176
realization 107 / 300 ... accepted 107. Emin=0.81852281, Emax=64.91470600
realization 108 / 300 ... accepted 108. Emin=-30.44599443, Emax=38.44329924
realization 109 / 300 ... accepted 109. Emin=-19.30550884, Emax=45.59635744
realization 110 / 300 ... accepted 110. Emin=-29.59156487, Emax=17.71677976
realization 111 / 300 ... accepted 111. Emin=-14.59534351, Emax=53.82335994
realization 112 / 300 ... accepted 112. Emin=4.23464262, Emax=50.29508682
realization 113 / 300 ... accepted 113. Emin=-21.27023361, Emax=49.78215667
realization 114 / 300 ... accepted 114. Emin=11.21141390, Emax=74.18545239
realization 115 / 300 ... accepted 115. Emin=-4.41767455, Emax=56.05979963
realization 116 / 300 ... accepted 116. Emin=-4.54926443, Emax=48.60690232
realization 117 / 300 ... accepted 117. Emin=9.82001735, Emax=74.55281799
realization 118 / 300 ... accepted 118. Emin=-13.20658572, Emax=54.41020402
realization 119 / 300 ... accepted 119. Emin=-5.13988369, Emax=51.19434871
realization 120 / 300 ... accepted 120. Emin=0.24724275, Emax=68.89539680
realization 121 / 300 ... accepted 121. Emin=-10.75191591, Emax=81.32542747
realization 122 / 300 ... accepted 122. Emin=-42.60279128, Emax=3.11025188
realization 123 / 300 ... accepted 123. Emin=-1.36130869, Emax=74.98290702
realization 124 / 300 ... accepted 124. Emin=3.38883287, Emax=69.77460738
realization 125 / 300 ... accepted 125. Emin=-8.30548757, Emax=57.27633265
realization 126 / 300 ... accepted 126. Emin=-30.85440976, Emax=51.37881730
realization 127 / 300 ... accepted 127. Emin=19.81576269, Emax=65.03918189
realization 128 / 300 ... accepted 128. Emin=14.64859790, Emax=69.57166452
realization 129 / 300 ... accepted 129. Emin=-18.25690834, Emax=43.79430897
realization 130 / 300 ... accepted 130. Emin=-1.88325171, Emax=48.88553519
realization 131 / 300 ... accepted 131. Emin=20.07631249, Emax=73.74696098
realization 132 / 300 ... accepted 132. Emin=-7.58334496, Emax=71.97747205
realization 133 / 300 ... accepted 133. Emin=-28.05087690, Emax=35.95951011
realization 134 / 300 ... accepted 134. Emin=28.54127709, Emax=82.64906245
realization 135 / 300 ... accepted 135. Emin=-40.17993200, Emax=10.66438403
realization 136 / 300 ... accepted 136. Emin=-20.40816830, Emax=40.68359083
realization 137 / 300 ... accepted 137. Emin=-23.01313490, Emax=30.58631609
realization 138 / 300 ... accepted 138. Emin=-14.87085526, Emax=51.78040952
realization 139 / 300 ... accepted 139. Emin=29.17808934, Emax=76.64997431
realization 140 / 300 ... accepted 140. Emin=1.02047954, Emax=57.87699447
realization 141 / 300 ... accepted 141. Emin=-4.22440420, Emax=64.90139637
realization 142 / 300 ... accepted 142. Emin=-20.62393216, Emax=75.03788064
realization 143 / 300 ... accepted 143. Emin=-13.13522680, Emax=68.47613856
realization 144 / 300 ... accepted 144. Emin=-32.78328368, Emax=9.80866600
realization 145 / 300 ... accepted 145. Emin=-5.37895798, Emax=60.60552370
realization 146 / 300 ... accepted 146. Emin=-5.72495468, Emax=67.56450703
realization 147 / 300 ... accepted 147. Emin=-8.25171188, Emax=47.30168221
realization 148 / 300 ... accepted 148. Emin=-26.39709884, Emax=46.17870587
realization 149 / 300 ... accepted 149. Emin=27.56792374, Emax=79.42328005
realization 150 / 300 ... accepted 150. Emin=-11.74252720, Emax=44.46700626
realization 151 / 300 ... accepted 151. Emin=-7.85649694, Emax=63.60422715
realization 152 / 300 ... accepted 152. Emin=5.10877782, Emax=79.93119078
realization 153 / 300 ... accepted 153. Emin=20.15373560, Emax=71.91773223
realization 154 / 300 ... accepted 154. Emin=-21.15237829, Emax=35.33876156
realization 155 / 300 ... accepted 155. Emin=-18.68524262, Emax=37.00375669
realization 156 / 300 ... accepted 156. Emin=-26.68849950, Emax=42.63632149
realization 157 / 300 ... accepted 157. Emin=-2.99036604, Emax=52.27675116
realization 158 / 300 ... accepted 158. Emin=6.62992042, Emax=77.16633542
realization 159 / 300 ... accepted 159. Emin=-2.13824855, Emax=77.80038120
realization 160 / 300 ... accepted 160. Emin=1.32294218, Emax=57.53317585
realization 161 / 300 ... accepted 161. Emin=35.47069690, Emax=87.95040006
realization 162 / 300 ... accepted 162. Emin=20.93441141, Emax=82.36670602
realization 163 / 300 ... accepted 163. Emin=-17.36327673, Emax=64.67638462
realization 164 / 300 ... accepted 164. Emin=-1.46229866, Emax=53.23640042
realization 165 / 300 ... accepted 165. Emin=-39.99471398, Emax=33.54260639
realization 166 / 300 ... accepted 166. Emin=-18.50469272, Emax=43.32382331
realization 167 / 300 ... accepted 167. Emin=-30.38417178, Emax=42.63316765
realization 168 / 300 ... accepted 168. Emin=-20.41713600, Emax=60.25457707
realization 169 / 300 ... accepted 169. Emin=-18.27969947, Emax=51.50341809
realization 170 / 300 ... accepted 170. Emin=2.35898934, Emax=67.67040547
realization 171 / 300 ... accepted 171. Emin=-16.94945870, Emax=57.20551417
realization 172 / 300 ... accepted 172. Emin=2.78942553, Emax=71.24205848
realization 173 / 300 ... accepted 173. Emin=-0.21986063, Emax=71.15415825
realization 174 / 300 ... accepted 174. Emin=-6.03177578, Emax=65.99055507
realization 175 / 300 ... accepted 175. Emin=-11.22483157, Emax=69.25944028
realization 176 / 300 ... accepted 176. Emin=-4.47114667, Emax=54.29482884
realization 177 / 300 ... accepted 177. Emin=-10.43723405, Emax=58.78833190
realization 178 / 300 ... accepted 178. Emin=-0.06717527, Emax=42.95337862
realization 179 / 300 ... accepted 179. Emin=-13.48734615, Emax=55.96476105
realization 180 / 300 ... accepted 180. Emin=-7.65113712, Emax=40.63532425
realization 181 / 300 ... accepted 181. Emin=-14.30602181, Emax=34.84212017
realization 182 / 300 ... accepted 182. Emin=-36.37946351, Emax=32.72333366
realization 183 / 300 ... accepted 183. Emin=6.35070817, Emax=69.30438870
realization 184 / 300 ... accepted 184. Emin=-26.40941809, Emax=31.07276430
realization 185 / 300 ... accepted 185. Emin=5.61169546, Emax=69.06749356
realization 186 / 300 ... accepted 186. Emin=-2.77345286, Emax=67.30061704
realization 187 / 300 ... accepted 187. Emin=-4.50621545, Emax=60.31478352
realization 188 / 300 ... accepted 188. Emin=13.53180941, Emax=68.20074048
realization 189 / 300 ... accepted 189. Emin=-5.41913734, Emax=74.86116137
realization 190 / 300 ... accepted 190. Emin=-0.62372141, Emax=78.56427138
realization 191 / 300 ... accepted 191. Emin=-3.87346023, Emax=73.92272180
realization 192 / 300 ... accepted 192. Emin=0.58936917, Emax=66.30253904
realization 193 / 300 ... accepted 193. Emin=11.74687287, Emax=77.57466632
realization 194 / 300 ... accepted 194. Emin=-12.87771507, Emax=38.98095341
realization 195 / 300 ... accepted 195. Emin=-16.13493299, Emax=49.33140026
realization 196 / 300 ... accepted 196. Emin=5.88524502, Emax=66.35502206
realization 197 / 300 ... accepted 197. Emin=-7.95600196, Emax=66.04053026
realization 198 / 300 ... accepted 198. Emin=-20.85921727, Emax=43.75974961
realization 199 / 300 ... accepted 199. Emin=-7.19474542, Emax=63.36688232
realization 200 / 300 ... accepted 200. Emin=-17.98457176, Emax=33.85645318
realization 201 / 300 ... accepted 201. Emin=-12.79462490, Emax=48.12857118
realization 202 / 300 ... accepted 202. Emin=-35.16945636, Emax=35.12302357
realization 203 / 300 ... accepted 203. Emin=2.70777387, Emax=59.92635525
realization 204 / 300 ... accepted 204. Emin=-13.82060154, Emax=56.79754917
realization 205 / 300 ... accepted 205. Emin=-33.96750239, Emax=14.52211233
realization 206 / 300 ... accepted 206. Emin=-1.01636368, Emax=55.03382887
realization 207 / 300 ... accepted 207. Emin=0.83672258, Emax=56.28679643
realization 208 / 300 ... accepted 208. Emin=-27.71938771, Emax=37.63655867
realization 209 / 300 ... accepted 209. Emin=-5.27194608, Emax=73.29908852
realization 210 / 300 ... accepted 210. Emin=26.96398902, Emax=80.99119201
realization 211 / 300 ... accepted 211. Emin=8.17150022, Emax=77.89595841
realization 212 / 300 ... accepted 212. Emin=-17.97708008, Emax=70.65543482
realization 213 / 300 ... accepted 213. Emin=-3.16078826, Emax=43.58198645
realization 214 / 300 ... accepted 214. Emin=-0.49602213, Emax=57.48253498
realization 215 / 300 ... accepted 215. Emin=13.74950374, Emax=63.67642331
realization 216 / 300 ... accepted 216. Emin=-22.61016976, Emax=31.26332082
realization 217 / 300 ... accepted 217. Emin=-35.94675823, Emax=12.05007066
realization 218 / 300 ... accepted 218. Emin=20.71455827, Emax=68.85680353
realization 219 / 300 ... accepted 219. Emin=-8.85470614, Emax=62.88062885
realization 220 / 300 ... accepted 220. Emin=3.74336467, Emax=75.05869219
realization 221 / 300 ... accepted 221. Emin=-21.04571070, Emax=75.52573671
realization 222 / 300 ... accepted 222. Emin=17.70254099, Emax=78.35713333
realization 223 / 300 ... accepted 223. Emin=-14.09072661, Emax=70.75325098
realization 224 / 300 ... accepted 224. Emin=15.87592873, Emax=72.80051383
realization 225 / 300 ... accepted 225. Emin=-12.65762611, Emax=44.78819194
realization 226 / 300 ... accepted 226. Emin=-0.26476056, Emax=66.56711186
realization 227 / 300 ... accepted 227. Emin=-33.56787961, Emax=29.47107906
realization 228 / 300 ... accepted 228. Emin=26.12182868, Emax=79.65564117
realization 229 / 300 ... accepted 229. Emin=24.07484948, Emax=86.61943175
realization 230 / 300 ... accepted 230. Emin=1.18546293, Emax=66.42129015
realization 231 / 300 ... accepted 231. Emin=-16.43342083, Emax=67.39331241
realization 232 / 300 ... accepted 232. Emin=-4.02859970, Emax=69.50971750
realization 233 / 300 ... accepted 233. Emin=-28.46145556, Emax=52.05358468
realization 234 / 300 ... accepted 234. Emin=7.36765005, Emax=70.78725782
realization 235 / 300 ... accepted 235. Emin=-13.21660253, Emax=61.90446612
realization 236 / 300 ... accepted 236. Emin=5.69198546, Emax=79.65685783
realization 237 / 300 ... accepted 237. Emin=-1.97923477, Emax=79.28967275
realization 238 / 300 ... accepted 238. Emin=-20.36843451, Emax=65.30292458
realization 239 / 300 ... accepted 239. Emin=6.51706931, Emax=70.88166397
realization 240 / 300 ... accepted 240. Emin=-14.14283055, Emax=62.56831143
realization 241 / 300 ... accepted 241. Emin=-23.60265319, Emax=49.24385727
realization 242 / 300 ... accepted 242. Emin=-12.89449522, Emax=50.28376206
realization 243 / 300 ... accepted 243. Emin=-13.95356506, Emax=65.79340300
realization 244 / 300 ... accepted 244. Emin=-11.30414259, Emax=36.35935988
realization 245 / 300 ... accepted 245. Emin=-8.80174860, Emax=50.19077307
realization 246 / 300 ... accepted 246. Emin=-20.00268061, Emax=76.88646527
realization 247 / 300 ... accepted 247. Emin=12.50742916, Emax=85.96536916
realization 248 / 300 ... accepted 248. Emin=-1.80506829, Emax=65.30903933
realization 249 / 300 ... accepted 249. Emin=6.70437821, Emax=76.88213891
realization 250 / 300 ... accepted 250. Emin=-12.23762901, Emax=57.80520906
realization 251 / 300 ... accepted 251. Emin=-13.29624199, Emax=34.20155415
realization 252 / 300 ... accepted 252. Emin=-14.73172498, Emax=76.12671343
realization 253 / 300 ... accepted 253. Emin=-23.45244352, Emax=64.97673325
realization 254 / 300 ... accepted 254. Emin=-17.90409354, Emax=72.47756686
realization 255 / 300 ... accepted 255. Emin=-22.89790850, Emax=29.03018145
realization 256 / 300 ... accepted 256. Emin=-9.36382288, Emax=42.95994684
realization 257 / 300 ... accepted 257. Emin=17.26603377, Emax=81.28754913
realization 258 / 300 ... accepted 258. Emin=-25.59352568, Emax=30.16237421
realization 259 / 300 ... accepted 259. Emin=-12.14298936, Emax=51.68466062
realization 260 / 300 ... accepted 260. Emin=-32.03865805, Emax=19.18008102
realization 261 / 300 ... accepted 261. Emin=25.25729992, Emax=76.47399337
realization 262 / 300 ... accepted 262. Emin=12.77862637, Emax=64.09363412
realization 263 / 300 ... accepted 263. Emin=11.65787948, Emax=67.96826395
realization 264 / 300 ... accepted 264. Emin=4.23477169, Emax=60.61136722
realization 265 / 300 ... accepted 265. Emin=-7.21158899, Emax=58.75865540
realization 266 / 300 ... accepted 266. Emin=-0.94821827, Emax=75.52231484
realization 267 / 300 ... accepted 267. Emin=5.27582038, Emax=67.87304159
realization 268 / 300 ... accepted 268. Emin=-36.89855950, Emax=34.04985392
realization 269 / 300 ... accepted 269. Emin=-14.89702139, Emax=48.30307696
realization 270 / 300 ... accepted 270. Emin=-2.57773815, Emax=72.25473450
realization 271 / 300 ... accepted 271. Emin=-26.37069920, Emax=41.32513680
realization 272 / 300 ... accepted 272. Emin=-16.21872989, Emax=39.48173646
realization 273 / 300 ... accepted 273. Emin=10.21333769, Emax=49.72286610
realization 274 / 300 ... accepted 274. Emin=-26.16378894, Emax=43.88491720
realization 275 / 300 ... accepted 275. Emin=-10.32057301, Emax=59.18462284
realization 276 / 300 ... accepted 276. Emin=6.91310335, Emax=65.94742315
realization 277 / 300 ... accepted 277. Emin=-15.66321284, Emax=70.73542261
realization 278 / 300 ... accepted 278. Emin=-38.83248665, Emax=34.65072574
realization 279 / 300 ... accepted 279. Emin=0.46847672, Emax=56.23193898
realization 280 / 300 ... accepted 280. Emin=-21.40113776, Emax=36.68776519
realization 281 / 300 ... accepted 281. Emin=-17.05725220, Emax=43.53893599
realization 282 / 300 ... accepted 282. Emin=2.45966582, Emax=56.14688516
realization 283 / 300 ... accepted 283. Emin=-41.06034800, Emax=10.51667815
realization 284 / 300 ... accepted 284. Emin=-19.06165657, Emax=37.61468154
realization 285 / 300 ... accepted 285. Emin=-24.45288584, Emax=32.72884356
realization 286 / 300 ... accepted 286. Emin=-11.19193197, Emax=53.27899238
realization 287 / 300 ... accepted 287. Emin=-23.28185248, Emax=52.36971283
realization 288 / 300 ... accepted 288. Emin=-1.91027738, Emax=67.77234419
realization 289 / 300 ... accepted 289. Emin=-6.12497720, Emax=65.04644770
realization 290 / 300 ... accepted 290. Emin=-3.74516777, Emax=51.13831326
realization 291 / 300 ... accepted 291. Emin=-6.95801029, Emax=53.46688148
realization 292 / 300 ... accepted 292. Emin=-20.86908907, Emax=37.26727775
realization 293 / 300 ... accepted 293. Emin=-36.11280642, Emax=33.18795456
realization 294 / 300 ... accepted 294. Emin=-16.54771903, Emax=37.07175879
realization 295 / 300 ... accepted 295. Emin=-14.30764572, Emax=74.07209827
realization 296 / 300 ... accepted 296. Emin=-32.94486856, Emax=30.91685588
realization 297 / 300 ... accepted 297. Emin=-25.83877251, Emax=63.08271443
realization 298 / 300 ... accepted 298. Emin=-10.47120610, Emax=37.83059770
realization 299 / 300 ... accepted 299. Emin=-2.15257391, Emax=62.19423209
realization 300 / 300 ... accepted 300. Emin=-36.88908585, Emax=14.20418347
Saved final energies: /home/2/kj405942/POLFED_bosons/pbs_bose_legacy_nmax2_periodic/data/U_5/W_10/L_6/N_6_nmax_2/boundary_periodic/energies_full_U5_L6_N6_nmax2_W10_boundaryperiodic_nreal300.txt
Accepted realizations: 300 / 300
Skipped realizations: 0
Job finished at Sun May 31 18:05:24 UTC 2026
