Job started on w21 at Sun May 31 18:03:47 UTC 2026
PBS_JOBID=7731363.kruk-host.ift-klaster.lan
PBS_O_WORKDIR=/home/2/kj405942/POLFED_bosons
Bose-Hubbard: L=6, N=6, nmax=2, dim=141
t=1, U=5, W=9, nreal=300, boundary=periodic, mode=full
Writing partial results to /home/2/kj405942/POLFED_bosons/pbs_bose_legacy_nmax2_periodic/data/U_5/W_9/L_6/N_6_nmax_2/boundary_periodic/energies_full_U5_L6_N6_nmax2_W9_boundaryperiodic_nreal300_partial.txt
realization 1 / 300 ... accepted 1. Emin=9.20733978, Emax=62.41835186
realization 2 / 300 ... accepted 2. Emin=-22.59473568, Emax=47.64666178
realization 3 / 300 ... accepted 3. Emin=3.76619672, Emax=60.69127053
realization 4 / 300 ... accepted 4. Emin=-32.03472705, Emax=24.86275145
realization 5 / 300 ... accepted 5. Emin=-25.56528898, Emax=29.74451621
realization 6 / 300 ... accepted 6. Emin=-14.39398402, Emax=37.85755167
realization 7 / 300 ... accepted 7. Emin=-21.54634756, Emax=42.96843157
realization 8 / 300 ... accepted 8. Emin=-8.10210402, Emax=58.22050052
realization 9 / 300 ... accepted 9. Emin=-20.94749705, Emax=53.50175729
realization 10 / 300 ... accepted 10. Emin=7.67681377, Emax=53.37368293
realization 11 / 300 ... accepted 11. Emin=25.06117312, Emax=74.46160351
realization 12 / 300 ... accepted 12. Emin=15.55845659, Emax=68.17157883
realization 13 / 300 ... accepted 13. Emin=-29.50943855, Emax=17.55886312
realization 14 / 300 ... accepted 14. Emin=-12.47051315, Emax=59.00215771
realization 15 / 300 ... accepted 15. Emin=19.26489671, Emax=74.09075387
realization 16 / 300 ... accepted 16. Emin=-8.81426369, Emax=51.37268903
realization 17 / 300 ... accepted 17. Emin=3.49846262, Emax=63.59616278
realization 18 / 300 ... accepted 18. Emin=7.11412322, Emax=61.45683559
realization 19 / 300 ... accepted 19. Emin=8.14169896, Emax=51.52768129
realization 20 / 300 ... accepted 20. Emin=-18.94886027, Emax=36.57841553
realization 21 / 300 ... accepted 21. Emin=-8.39535361, Emax=69.62879797
realization 22 / 300 ... accepted 22. Emin=-25.76403129, Emax=42.27102978
realization 23 / 300 ... accepted 23. Emin=-12.66798276, Emax=33.18458854
realization 24 / 300 ... accepted 24. Emin=7.35591933, Emax=60.64827778
realization 25 / 300 ... accepted 25. Emin=-21.87483348, Emax=48.10026110
realization 26 / 300 ... accepted 26. Emin=-8.24970506, Emax=60.71943593
realization 27 / 300 ... accepted 27. Emin=8.35913317, Emax=66.83485252
realization 28 / 300 ... accepted 28. Emin=10.81730119, Emax=66.12652785
realization 29 / 300 ... accepted 29. Emin=-18.26323153, Emax=39.98265332
realization 30 / 300 ... accepted 30. Emin=-17.78421483, Emax=48.31006095
realization 31 / 300 ... accepted 31. Emin=-21.49968450, Emax=39.04628770
realization 32 / 300 ... accepted 32. Emin=-23.56668849, Emax=41.09346832
realization 33 / 300 ... accepted 33. Emin=-22.72367786, Emax=22.85095821
realization 34 / 300 ... accepted 34. Emin=14.18510864, Emax=77.35929278
realization 35 / 300 ... accepted 35. Emin=-7.45633557, Emax=58.38837313
realization 36 / 300 ... accepted 36. Emin=-7.90743735, Emax=55.18999052
realization 37 / 300 ... accepted 37. Emin=-7.95716757, Emax=54.54090714
realization 38 / 300 ... accepted 38. Emin=-22.95822331, Emax=46.42794819
realization 39 / 300 ... accepted 39. Emin=22.02833508, Emax=68.89316502
realization 40 / 300 ... accepted 40. Emin=-5.50706591, Emax=61.31156494
realization 41 / 300 ... accepted 41. Emin=-1.34526650, Emax=59.13441716
realization 42 / 300 ... accepted 42. Emin=-7.34576603, Emax=60.58306359
realization 43 / 300 ... accepted 43. Emin=-23.45355470, Emax=39.65508479
realization 44 / 300 ... accepted 44. Emin=19.28234148, Emax=61.89859572
realization 45 / 300 ... accepted 45. Emin=-6.05363834, Emax=56.83804259
realization 46 / 300 ... accepted 46. Emin=2.79486421, Emax=71.10721871
realization 47 / 300 ... accepted 47. Emin=-24.07188818, Emax=53.90365435
realization 48 / 300 ... accepted 48. Emin=0.50405764, Emax=60.84298479
realization 49 / 300 ... accepted 49. Emin=-13.43656571, Emax=55.56618641
realization 50 / 300 ... accepted 50. Emin=2.97255147, Emax=59.91129997
realization 51 / 300 ... accepted 51. Emin=-12.55231918, Emax=58.01823809
realization 52 / 300 ... accepted 52. Emin=-14.11033098, Emax=50.82719664
realization 53 / 300 ... accepted 53. Emin=10.64272694, Emax=59.46379132
realization 54 / 300 ... accepted 54. Emin=-14.20530307, Emax=38.87652464
realization 55 / 300 ... accepted 55. Emin=-10.66694680, Emax=58.07841589
realization 56 / 300 ... accepted 56. Emin=-25.25769576, Emax=28.96622218
realization 57 / 300 ... accepted 57. Emin=-12.21166264, Emax=52.52599298
realization 58 / 300 ... accepted 58. Emin=7.80061054, Emax=71.69981196
realization 59 / 300 ... accepted 59. Emin=-24.79736858, Emax=36.12858039
realization 60 / 300 ... accepted 60. Emin=-10.13117977, Emax=41.53918805
realization 61 / 300 ... accepted 61. Emin=-15.53467566, Emax=35.99479939
realization 62 / 300 ... accepted 62. Emin=7.19313094, Emax=75.30484376
realization 63 / 300 ... accepted 63. Emin=-18.32014793, Emax=30.78535653
realization 64 / 300 ... accepted 64. Emin=-31.28176538, Emax=37.17726073
realization 65 / 300 ... accepted 65. Emin=-21.06842346, Emax=37.80616467
realization 66 / 300 ... accepted 66. Emin=-22.14263718, Emax=36.63806245
realization 67 / 300 ... accepted 67. Emin=-21.86097786, Emax=34.50090083
realization 68 / 300 ... accepted 68. Emin=-4.49277634, Emax=63.21519263
realization 69 / 300 ... accepted 69. Emin=-13.24003841, Emax=56.50590332
realization 70 / 300 ... accepted 70. Emin=-19.30235069, Emax=43.12296695
realization 71 / 300 ... accepted 71. Emin=-23.48768278, Emax=34.22647549
realization 72 / 300 ... accepted 72. Emin=2.37647524, Emax=65.37299845
realization 73 / 300 ... accepted 73. Emin=-14.49547662, Emax=47.04298815
realization 74 / 300 ... accepted 74. Emin=-11.14729830, Emax=48.61422341
realization 75 / 300 ... accepted 75. Emin=-27.57502982, Emax=41.10472462
realization 76 / 300 ... accepted 76. Emin=-23.64488643, Emax=24.87325900
realization 77 / 300 ... accepted 77. Emin=1.17506584, Emax=60.89988947
realization 78 / 300 ... accepted 78. Emin=-7.11339277, Emax=50.70950220
realization 79 / 300 ... accepted 79. Emin=-19.40654824, Emax=35.76002980
realization 80 / 300 ... accepted 80. Emin=6.76974187, Emax=64.27449707
realization 81 / 300 ... accepted 81. Emin=17.77800673, Emax=66.80140615
realization 82 / 300 ... accepted 82. Emin=5.90679484, Emax=70.38625632
realization 83 / 300 ... accepted 83. Emin=-1.69602545, Emax=54.40601341
realization 84 / 300 ... accepted 84. Emin=-15.08730741, Emax=48.64791071
realization 85 / 300 ... accepted 85. Emin=-17.66837389, Emax=39.48582296
realization 86 / 300 ... accepted 86. Emin=-1.90196546, Emax=58.69065230
realization 87 / 300 ... accepted 87. Emin=-10.09007466, Emax=46.83555632
realization 88 / 300 ... accepted 88. Emin=3.37180451, Emax=61.76106934
realization 89 / 300 ... accepted 89. Emin=-1.94642158, Emax=54.92983847
realization 90 / 300 ... accepted 90. Emin=14.24501112, Emax=79.13533210
realization 91 / 300 ... accepted 91. Emin=-4.64961960, Emax=47.70274137
realization 92 / 300 ... accepted 92. Emin=-19.10723277, Emax=42.95665711
realization 93 / 300 ... accepted 93. Emin=0.28299331, Emax=56.94458556
realization 94 / 300 ... accepted 94. Emin=0.27154154, Emax=50.10580169
realization 95 / 300 ... accepted 95. Emin=-12.11456033, Emax=43.94045095
realization 96 / 300 ... accepted 96. Emin=-17.48748373, Emax=38.42994751
realization 97 / 300 ... accepted 97. Emin=3.22771985, Emax=60.67039701
realization 98 / 300 ... accepted 98. Emin=-31.93250746, Emax=24.94036152
realization 99 / 300 ... accepted 99. Emin=-19.15463833, Emax=42.39638701
realization 100 / 300 ... accepted 100. Emin=-19.65284310, Emax=49.77524993
realization 101 / 300 ... accepted 101. Emin=-34.38868798, Emax=23.72610259
realization 102 / 300 ... accepted 102. Emin=-14.60704126, Emax=51.89369898
realization 103 / 300 ... accepted 103. Emin=-15.02716675, Emax=41.58891298
realization 104 / 300 ... accepted 104. Emin=11.54055091, Emax=71.00700832
realization 105 / 300 ... accepted 105. Emin=-17.58736031, Emax=61.43171319
realization 106 / 300 ... accepted 106. Emin=-29.94073011, Emax=23.29131847
realization 107 / 300 ... accepted 107. Emin=-18.81952801, Emax=66.33376161
realization 108 / 300 ... accepted 108. Emin=-20.42506567, Emax=36.55953620
realization 109 / 300 ... accepted 109. Emin=-10.10264427, Emax=53.77007116
realization 110 / 300 ... accepted 110. Emin=-16.37821400, Emax=48.55538396
realization 111 / 300 ... accepted 111. Emin=9.83614636, Emax=56.14103936
realization 112 / 300 ... accepted 112. Emin=-1.14334768, Emax=64.64034854
realization 113 / 300 ... accepted 113. Emin=-6.29474084, Emax=56.54358165
realization 114 / 300 ... accepted 114. Emin=17.14624816, Emax=70.47160467
realization 115 / 300 ... accepted 115. Emin=-5.21795174, Emax=70.82823761
realization 116 / 300 ... accepted 116. Emin=-8.92132800, Emax=55.03286990
realization 117 / 300 ... accepted 117. Emin=18.74188848, Emax=75.48478718
realization 118 / 300 ... accepted 118. Emin=9.62224610, Emax=59.48662528
realization 119 / 300 ... accepted 119. Emin=-19.16306384, Emax=33.56635067
realization 120 / 300 ... accepted 120. Emin=-16.91951507, Emax=54.97417592
realization 121 / 300 ... accepted 121. Emin=1.00660041, Emax=61.84110685
realization 122 / 300 ... accepted 122. Emin=4.93030416, Emax=53.96616824
realization 123 / 300 ... accepted 123. Emin=13.28170381, Emax=64.20156835
realization 124 / 300 ... accepted 124. Emin=-20.87998529, Emax=48.34178732
realization 125 / 300 ... accepted 125. Emin=-13.22555112, Emax=57.19062000
realization 126 / 300 ... accepted 126. Emin=-3.95352545, Emax=58.95576891
realization 127 / 300 ... accepted 127. Emin=4.25506954, Emax=72.18121981
realization 128 / 300 ... accepted 128. Emin=-4.36686623, Emax=49.98586032
realization 129 / 300 ... accepted 129. Emin=-21.79534388, Emax=33.78175427
realization 130 / 300 ... accepted 130. Emin=4.23406098, Emax=51.84951609
realization 131 / 300 ... accepted 131. Emin=-15.70886405, Emax=42.39538821
realization 132 / 300 ... accepted 132. Emin=0.27591428, Emax=72.23971055
realization 133 / 300 ... accepted 133. Emin=8.99689472, Emax=58.40969207
realization 134 / 300 ... accepted 134. Emin=-20.46943319, Emax=52.26557805
realization 135 / 300 ... accepted 135. Emin=-10.65201659, Emax=43.28877331
realization 136 / 300 ... accepted 136. Emin=-36.58201146, Emax=29.18589166
realization 137 / 300 ... accepted 137. Emin=-23.95077622, Emax=19.75262375
realization 138 / 300 ... accepted 138. Emin=-3.77676948, Emax=61.82401925
realization 139 / 300 ... accepted 139. Emin=-13.60640284, Emax=51.88830551
realization 140 / 300 ... accepted 140. Emin=3.32287603, Emax=67.36896496
realization 141 / 300 ... accepted 141. Emin=-3.07146680, Emax=61.48764239
realization 142 / 300 ... accepted 142. Emin=-15.99857518, Emax=50.02842337
realization 143 / 300 ... accepted 143. Emin=-18.68587814, Emax=38.80844660
realization 144 / 300 ... accepted 144. Emin=-0.32884944, Emax=50.13936968
realization 145 / 300 ... accepted 145. Emin=-16.97871301, Emax=33.26075923
realization 146 / 300 ... accepted 146. Emin=-15.51427673, Emax=52.05220731
realization 147 / 300 ... accepted 147. Emin=13.85097115, Emax=64.66289001
realization 148 / 300 ... accepted 148. Emin=-16.63989536, Emax=43.75186229
realization 149 / 300 ... accepted 149. Emin=-25.17915399, Emax=29.25130164
realization 150 / 300 ... accepted 150. Emin=-30.35421400, Emax=19.08178503
realization 151 / 300 ... accepted 151. Emin=-15.58952261, Emax=74.97013889
realization 152 / 300 ... accepted 152. Emin=-9.30211192, Emax=65.74799122
realization 153 / 300 ... accepted 153. Emin=17.35913017, Emax=65.40038570
realization 154 / 300 ... accepted 154. Emin=-2.52909114, Emax=54.97900887
realization 155 / 300 ... accepted 155. Emin=-10.45812144, Emax=61.18615515
realization 156 / 300 ... accepted 156. Emin=10.47733994, Emax=69.05546908
realization 157 / 300 ... accepted 157. Emin=-25.65282432, Emax=27.87014416
realization 158 / 300 ... accepted 158. Emin=-24.86180628, Emax=37.55481338
realization 159 / 300 ... accepted 159. Emin=-22.69876305, Emax=44.64437598
realization 160 / 300 ... accepted 160. Emin=-2.96519536, Emax=70.54396759
realization 161 / 300 ... accepted 161. Emin=-3.36683666, Emax=69.50310930
realization 162 / 300 ... accepted 162. Emin=-24.74550379, Emax=25.72299166
realization 163 / 300 ... accepted 163. Emin=-10.77833832, Emax=34.58270021
realization 164 / 300 ... accepted 164. Emin=-14.67073898, Emax=29.68414830
realization 165 / 300 ... accepted 165. Emin=15.00330117, Emax=66.08514097
realization 166 / 300 ... accepted 166. Emin=-13.04424089, Emax=46.88075681
realization 167 / 300 ... accepted 167. Emin=5.72145641, Emax=63.47993610
realization 168 / 300 ... accepted 168. Emin=-14.09525512, Emax=52.57999408
realization 169 / 300 ... accepted 169. Emin=8.55601864, Emax=75.85446347
realization 170 / 300 ... accepted 170. Emin=-9.90492862, Emax=53.44600876
realization 171 / 300 ... accepted 171. Emin=-21.14442701, Emax=45.00886054
realization 172 / 300 ... accepted 172. Emin=-2.05654657, Emax=52.61578391
realization 173 / 300 ... accepted 173. Emin=-11.92257824, Emax=57.30425160
realization 174 / 300 ... accepted 174. Emin=-28.04810346, Emax=36.64046050
realization 175 / 300 ... accepted 175. Emin=-18.17229313, Emax=34.26776944
realization 176 / 300 ... accepted 176. Emin=9.69268761, Emax=65.51467190
realization 177 / 300 ... accepted 177. Emin=-12.72253637, Emax=44.84086486
realization 178 / 300 ... accepted 178. Emin=-6.12576626, Emax=58.87163594
realization 179 / 300 ... accepted 179. Emin=4.39217721, Emax=55.35893918
realization 180 / 300 ... accepted 180. Emin=1.15281899, Emax=66.68744754
realization 181 / 300 ... accepted 181. Emin=-11.99914035, Emax=58.38549388
realization 182 / 300 ... accepted 182. Emin=3.87804573, Emax=71.94434170
realization 183 / 300 ... accepted 183. Emin=12.85263630, Emax=66.05651596
realization 184 / 300 ... accepted 184. Emin=-15.07386401, Emax=59.18348717
realization 185 / 300 ... accepted 185. Emin=-5.55418620, Emax=59.58532592
realization 186 / 300 ... accepted 186. Emin=10.92382909, Emax=74.95628373
realization 187 / 300 ... accepted 187. Emin=0.66792728, Emax=65.71287575
realization 188 / 300 ... accepted 188. Emin=5.62345210, Emax=52.94304388
realization 189 / 300 ... accepted 189. Emin=-1.29625189, Emax=47.17275506
realization 190 / 300 ... accepted 190. Emin=-3.77097998, Emax=48.54551504
realization 191 / 300 ... accepted 191. Emin=4.09521022, Emax=67.93283868
realization 192 / 300 ... accepted 192. Emin=-3.89281628, Emax=47.39294704
realization 193 / 300 ... accepted 193. Emin=5.78843068, Emax=73.03794116
realization 194 / 300 ... accepted 194. Emin=-12.46556831, Emax=39.65700393
realization 195 / 300 ... accepted 195. Emin=15.46551147, Emax=79.81844156
realization 196 / 300 ... accepted 196. Emin=-16.43351598, Emax=49.73248135
realization 197 / 300 ... accepted 197. Emin=-25.11355200, Emax=27.33458131
realization 198 / 300 ... accepted 198. Emin=-24.00800862, Emax=30.22003822
realization 199 / 300 ... accepted 199. Emin=2.10873777, Emax=65.34445888
realization 200 / 300 ... accepted 200. Emin=-8.51041634, Emax=53.26177391
realization 201 / 300 ... accepted 201. Emin=-8.20587435, Emax=54.40621245
realization 202 / 300 ... accepted 202. Emin=-7.72468802, Emax=63.23808723
realization 203 / 300 ... accepted 203. Emin=-22.46340673, Emax=51.45367947
realization 204 / 300 ... accepted 204. Emin=-0.40304568, Emax=67.47029037
realization 205 / 300 ... accepted 205. Emin=16.09462778, Emax=71.95957284
realization 206 / 300 ... accepted 206. Emin=19.46126140, Emax=69.13771434
realization 207 / 300 ... accepted 207. Emin=4.02092534, Emax=63.66302206
realization 208 / 300 ... accepted 208. Emin=-5.16665916, Emax=65.98069694
realization 209 / 300 ... accepted 209. Emin=-21.47925170, Emax=47.93790206
realization 210 / 300 ... accepted 210. Emin=-10.04277376, Emax=31.87565332
realization 211 / 300 ... accepted 211. Emin=-3.20761675, Emax=67.99414555
realization 212 / 300 ... accepted 212. Emin=7.76838136, Emax=73.95299278
realization 213 / 300 ... accepted 213. Emin=-8.76273228, Emax=54.22009162
realization 214 / 300 ... accepted 214. Emin=-9.87891013, Emax=44.63019127
realization 215 / 300 ... accepted 215. Emin=-17.31050137, Emax=57.96355952
realization 216 / 300 ... accepted 216. Emin=-5.12470638, Emax=59.05959824
realization 217 / 300 ... accepted 217. Emin=3.34635252, Emax=80.00764555
realization 218 / 300 ... accepted 218. Emin=-8.31920146, Emax=40.54576630
realization 219 / 300 ... accepted 219. Emin=9.15997026, Emax=65.52598785
realization 220 / 300 ... accepted 220. Emin=-19.55973371, Emax=37.53624083
realization 221 / 300 ... accepted 221. Emin=-16.75219398, Emax=42.03086524
realization 222 / 300 ... accepted 222. Emin=-8.18305443, Emax=55.49517425
realization 223 / 300 ... accepted 223. Emin=-4.35562989, Emax=64.87100390
realization 224 / 300 ... accepted 224. Emin=-26.38808569, Emax=25.92595597
realization 225 / 300 ... accepted 225. Emin=-2.57600936, Emax=56.41739044
realization 226 / 300 ... accepted 226. Emin=28.21265534, Emax=69.34991739
realization 227 / 300 ... accepted 227. Emin=-25.81452808, Emax=36.82301502
realization 228 / 300 ... accepted 228. Emin=-19.62474210, Emax=52.25754484
realization 229 / 300 ... accepted 229. Emin=-27.84718952, Emax=32.09032869
realization 230 / 300 ... accepted 230. Emin=-8.06243314, Emax=63.58009542
realization 231 / 300 ... accepted 231. Emin=3.38249672, Emax=47.60079036
realization 232 / 300 ... accepted 232. Emin=3.43780406, Emax=60.53041861
realization 233 / 300 ... accepted 233. Emin=-19.35940707, Emax=28.00715699
realization 234 / 300 ... accepted 234. Emin=-4.39242139, Emax=67.67137290
realization 235 / 300 ... accepted 235. Emin=15.87375127, Emax=80.47747828
realization 236 / 300 ... accepted 236. Emin=12.34899457, Emax=72.53119987
realization 237 / 300 ... accepted 237. Emin=-0.87377082, Emax=50.86993637
realization 238 / 300 ... accepted 238. Emin=17.64004270, Emax=71.49707063
realization 239 / 300 ... accepted 239. Emin=10.79417472, Emax=67.83113622
realization 240 / 300 ... accepted 240. Emin=-12.66740456, Emax=32.05652512
realization 241 / 300 ... accepted 241. Emin=0.88742273, Emax=49.94167617
realization 242 / 300 ... accepted 242. Emin=-17.98923842, Emax=52.47705241
realization 243 / 300 ... accepted 243. Emin=-4.19582342, Emax=63.56073128
realization 244 / 300 ... accepted 244. Emin=-11.18194808, Emax=46.21461052
realization 245 / 300 ... accepted 245. Emin=21.58678854, Emax=72.91064585
realization 246 / 300 ... accepted 246. Emin=8.33381630, Emax=68.91210446
realization 247 / 300 ... accepted 247. Emin=-17.11626313, Emax=50.50722112
realization 248 / 300 ... accepted 248. Emin=-21.66730220, Emax=30.97006296
realization 249 / 300 ... accepted 249. Emin=-17.83722592, Emax=39.55517290
realization 250 / 300 ... accepted 250. Emin=-17.45635879, Emax=35.97343855
realization 251 / 300 ... accepted 251. Emin=-2.47784149, Emax=59.19888446
realization 252 / 300 ... accepted 252. Emin=-21.95258250, Emax=34.60156513
realization 253 / 300 ... accepted 253. Emin=-11.37245144, Emax=45.48551237
realization 254 / 300 ... accepted 254. Emin=4.56313851, Emax=65.02830670
realization 255 / 300 ... accepted 255. Emin=-13.24691910, Emax=49.16858643
realization 256 / 300 ... accepted 256. Emin=-26.40750736, Emax=21.59297986
realization 257 / 300 ... accepted 257. Emin=10.54793910, Emax=71.53416840
realization 258 / 300 ... accepted 258. Emin=-28.80222711, Emax=28.55694599
realization 259 / 300 ... accepted 259. Emin=-33.29598797, Emax=10.12743983
realization 260 / 300 ... accepted 260. Emin=-26.45068500, Emax=31.13651721
realization 261 / 300 ... accepted 261. Emin=16.84512077, Emax=65.80219966
realization 262 / 300 ... accepted 262. Emin=-14.02783664, Emax=47.11548239
realization 263 / 300 ... accepted 263. Emin=-15.14612185, Emax=70.10835255
realization 264 / 300 ... accepted 264. Emin=-9.87275904, Emax=44.59857386
realization 265 / 300 ... accepted 265. Emin=-17.83115362, Emax=41.54288071
realization 266 / 300 ... accepted 266. Emin=-36.13698282, Emax=12.04396619
realization 267 / 300 ... accepted 267. Emin=-11.04749194, Emax=50.23932186
realization 268 / 300 ... accepted 268. Emin=-11.02963266, Emax=69.60269872
realization 269 / 300 ... accepted 269. Emin=-3.14027646, Emax=65.53976759
realization 270 / 300 ... accepted 270. Emin=6.29632702, Emax=63.18147422
realization 271 / 300 ... accepted 271. Emin=-32.38152499, Emax=52.12278224
realization 272 / 300 ... accepted 272. Emin=-15.88859778, Emax=51.93643566
realization 273 / 300 ... accepted 273. Emin=-11.33729222, Emax=67.52221081
realization 274 / 300 ... accepted 274. Emin=-1.10337200, Emax=59.69251804
realization 275 / 300 ... accepted 275. Emin=4.55912990, Emax=61.92935128
realization 276 / 300 ... accepted 276. Emin=21.19280658, Emax=69.91726566
realization 277 / 300 ... accepted 277. Emin=-8.81253331, Emax=52.65295749
realization 278 / 300 ... accepted 278. Emin=-17.51959828, Emax=74.48245379
realization 279 / 300 ... accepted 279. Emin=-17.35896299, Emax=38.67490766
realization 280 / 300 ... accepted 280. Emin=-30.36980896, Emax=22.89238769
realization 281 / 300 ... accepted 281. Emin=-15.33855464, Emax=35.78321311
realization 282 / 300 ... accepted 282. Emin=-19.39664304, Emax=30.81381938
realization 283 / 300 ... accepted 283. Emin=5.71375952, Emax=75.29943890
realization 284 / 300 ... accepted 284. Emin=5.54284798, Emax=60.93278028
realization 285 / 300 ... accepted 285. Emin=-14.23825319, Emax=58.40875666
realization 286 / 300 ... accepted 286. Emin=-19.82735761, Emax=36.61217834
realization 287 / 300 ... accepted 287. Emin=-10.68101085, Emax=55.96462432
realization 288 / 300 ... accepted 288. Emin=-11.01650012, Emax=50.38431606
realization 289 / 300 ... accepted 289. Emin=-11.96924690, Emax=62.09086448
realization 290 / 300 ... accepted 290. Emin=7.87398878, Emax=65.84249398
realization 291 / 300 ... accepted 291. Emin=-4.39304239, Emax=43.88967205
realization 292 / 300 ... accepted 292. Emin=15.48862654, Emax=73.02674523
realization 293 / 300 ... accepted 293. Emin=-8.67156933, Emax=62.20211606
realization 294 / 300 ... accepted 294. Emin=-13.94486200, Emax=54.89491240
realization 295 / 300 ... accepted 295. Emin=2.49010273, Emax=67.40385346
realization 296 / 300 ... accepted 296. Emin=-19.73409580, Emax=34.37392618
realization 297 / 300 ... accepted 297. Emin=-4.81527001, Emax=44.70370005
realization 298 / 300 ... accepted 298. Emin=-26.61748855, Emax=18.26131357
realization 299 / 300 ... accepted 299. Emin=-14.09943309, Emax=50.06108876
realization 300 / 300 ... accepted 300. Emin=-17.31778884, Emax=51.13203754
Saved final energies: /home/2/kj405942/POLFED_bosons/pbs_bose_legacy_nmax2_periodic/data/U_5/W_9/L_6/N_6_nmax_2/boundary_periodic/energies_full_U5_L6_N6_nmax2_W9_boundaryperiodic_nreal300.txt
Accepted realizations: 300 / 300
Skipped realizations: 0
Job finished at Sun May 31 18:05:24 UTC 2026
