Job started on w21 at Sun May 31 18:03:46 UTC 2026
PBS_JOBID=7731360.kruk-host.ift-klaster.lan
PBS_O_WORKDIR=/home/2/kj405942/POLFED_bosons
Bose-Hubbard: L=6, N=6, nmax=2, dim=141
t=1, U=5, W=6, nreal=300, boundary=periodic, mode=full
Writing partial results to /home/2/kj405942/POLFED_bosons/pbs_bose_legacy_nmax2_periodic/data/U_5/W_6/L_6/N_6_nmax_2/boundary_periodic/energies_full_U5_L6_N6_nmax2_W6_boundaryperiodic_nreal300_partial.txt
realization 1 / 300 ... accepted 1. Emin=-0.72626545, Emax=49.07191322
realization 2 / 300 ... accepted 2. Emin=10.69047630, Emax=61.44353715
realization 3 / 300 ... accepted 3. Emin=-4.13197383, Emax=40.23891713
realization 4 / 300 ... accepted 4. Emin=-11.49752098, Emax=39.12000536
realization 5 / 300 ... accepted 5. Emin=8.86492092, Emax=56.26403741
realization 6 / 300 ... accepted 6. Emin=6.72739815, Emax=50.00472120
realization 7 / 300 ... accepted 7. Emin=-28.71289169, Emax=11.03146671
realization 8 / 300 ... accepted 8. Emin=-9.73925190, Emax=43.87307330
realization 9 / 300 ... accepted 9. Emin=0.97566929, Emax=55.21436748
realization 10 / 300 ... accepted 10. Emin=-8.20297075, Emax=36.37040113
realization 11 / 300 ... accepted 11. Emin=-10.96326377, Emax=35.32952021
realization 12 / 300 ... accepted 12. Emin=7.95104087, Emax=55.35722713
realization 13 / 300 ... accepted 13. Emin=-5.28859089, Emax=42.39383861
realization 14 / 300 ... accepted 14. Emin=-21.23784134, Emax=22.80434137
realization 15 / 300 ... accepted 15. Emin=4.66560021, Emax=55.05165755
realization 16 / 300 ... accepted 16. Emin=5.68447485, Emax=54.71756056
realization 17 / 300 ... accepted 17. Emin=9.89130994, Emax=53.82146489
realization 18 / 300 ... accepted 18. Emin=-11.37808514, Emax=52.60509927
realization 19 / 300 ... accepted 19. Emin=-8.84839177, Emax=39.39814368
realization 20 / 300 ... accepted 20. Emin=-17.66356775, Emax=26.32816945
realization 21 / 300 ... accepted 21. Emin=-13.15022512, Emax=43.29508185
realization 22 / 300 ... accepted 22. Emin=-6.82500393, Emax=40.22490134
realization 23 / 300 ... accepted 23. Emin=-3.81406214, Emax=46.76457182
realization 24 / 300 ... accepted 24. Emin=-0.18464223, Emax=52.46216808
realization 25 / 300 ... accepted 25. Emin=-4.30741348, Emax=42.08878231
realization 26 / 300 ... accepted 26. Emin=-19.03862448, Emax=27.15491014
realization 27 / 300 ... accepted 27. Emin=-22.57712777, Emax=17.83845287
realization 28 / 300 ... accepted 28. Emin=-1.72583054, Emax=59.99197010
realization 29 / 300 ... accepted 29. Emin=-4.50698967, Emax=52.60071384
realization 30 / 300 ... accepted 30. Emin=-16.50053266, Emax=30.41747647
realization 31 / 300 ... accepted 31. Emin=8.68647689, Emax=54.47302750
realization 32 / 300 ... accepted 32. Emin=-7.60334476, Emax=41.41052331
realization 33 / 300 ... accepted 33. Emin=-3.20886292, Emax=36.70507451
realization 34 / 300 ... accepted 34. Emin=2.18574203, Emax=47.35222584
realization 35 / 300 ... accepted 35. Emin=-1.49859610, Emax=56.07161527
realization 36 / 300 ... accepted 36. Emin=-5.53527591, Emax=43.43612995
realization 37 / 300 ... accepted 37. Emin=-6.16925093, Emax=42.55747281
realization 38 / 300 ... accepted 38. Emin=3.62192379, Emax=52.24783552
realization 39 / 300 ... accepted 39. Emin=-12.36129884, Emax=29.98682587
realization 40 / 300 ... accepted 40. Emin=-5.25959657, Emax=37.51617089
realization 41 / 300 ... accepted 41. Emin=-13.27937506, Emax=37.48948575
realization 42 / 300 ... accepted 42. Emin=-2.73597280, Emax=41.43294275
realization 43 / 300 ... accepted 43. Emin=-20.62928748, Emax=17.89613385
realization 44 / 300 ... accepted 44. Emin=-3.96099109, Emax=43.73681081
realization 45 / 300 ... accepted 45. Emin=16.33868286, Emax=58.10905675
realization 46 / 300 ... accepted 46. Emin=-10.89995888, Emax=48.90036255
realization 47 / 300 ... accepted 47. Emin=5.58334537, Emax=60.42313259
realization 48 / 300 ... accepted 48. Emin=2.67268352, Emax=50.45248964
realization 49 / 300 ... accepted 49. Emin=-13.39357728, Emax=40.79307736
realization 50 / 300 ... accepted 50. Emin=0.14195240, Emax=42.08711425
realization 51 / 300 ... accepted 51. Emin=-16.54709717, Emax=36.01006553
realization 52 / 300 ... accepted 52. Emin=-18.25062410, Emax=28.52490397
realization 53 / 300 ... accepted 53. Emin=9.20330263, Emax=51.56047592
realization 54 / 300 ... accepted 54. Emin=-1.02556082, Emax=46.60401409
realization 55 / 300 ... accepted 55. Emin=-9.37493335, Emax=34.56887134
realization 56 / 300 ... accepted 56. Emin=-6.05626607, Emax=54.86010153
realization 57 / 300 ... accepted 57. Emin=-6.22248433, Emax=46.58959633
realization 58 / 300 ... accepted 58. Emin=3.62964100, Emax=51.97646824
realization 59 / 300 ... accepted 59. Emin=-3.73438324, Emax=40.91336478
realization 60 / 300 ... accepted 60. Emin=-14.19377301, Emax=29.10660304
realization 61 / 300 ... accepted 61. Emin=-8.31988430, Emax=47.40541005
realization 62 / 300 ... accepted 62. Emin=6.59224005, Emax=48.92629221
realization 63 / 300 ... accepted 63. Emin=-6.63888871, Emax=47.45663250
realization 64 / 300 ... accepted 64. Emin=-16.61214258, Emax=25.92203575
realization 65 / 300 ... accepted 65. Emin=-3.62759701, Emax=45.21154189
realization 66 / 300 ... accepted 66. Emin=15.91841980, Emax=52.73323541
realization 67 / 300 ... accepted 67. Emin=-2.47542599, Emax=56.14782000
realization 68 / 300 ... accepted 68. Emin=-4.77921570, Emax=52.62421552
realization 69 / 300 ... accepted 69. Emin=-8.42080785, Emax=44.42030060
realization 70 / 300 ... accepted 70. Emin=-14.57013811, Emax=32.47957251
realization 71 / 300 ... accepted 71. Emin=1.12414523, Emax=50.08740594
realization 72 / 300 ... accepted 72. Emin=-3.34141969, Emax=44.45054370
realization 73 / 300 ... accepted 73. Emin=-12.79967704, Emax=44.33609441
realization 74 / 300 ... accepted 74. Emin=-14.61019078, Emax=31.59862920
realization 75 / 300 ... accepted 75. Emin=-6.61645883, Emax=41.97649189
realization 76 / 300 ... accepted 76. Emin=13.41449559, Emax=61.32058425
realization 77 / 300 ... accepted 77. Emin=3.11942561, Emax=57.26667374
realization 78 / 300 ... accepted 78. Emin=-9.75792020, Emax=49.57383030
realization 79 / 300 ... accepted 79. Emin=11.31790930, Emax=51.77833007
realization 80 / 300 ... accepted 80. Emin=-0.62501405, Emax=51.07670080
realization 81 / 300 ... accepted 81. Emin=5.29301381, Emax=59.79165759
realization 82 / 300 ... accepted 82. Emin=-11.71352514, Emax=41.03155130
realization 83 / 300 ... accepted 83. Emin=5.59014038, Emax=63.06362072
realization 84 / 300 ... accepted 84. Emin=-9.96701538, Emax=46.14008988
realization 85 / 300 ... accepted 85. Emin=-2.53944747, Emax=47.78282690
realization 86 / 300 ... accepted 86. Emin=-13.27816817, Emax=40.94891072
realization 87 / 300 ... accepted 87. Emin=13.68203535, Emax=56.56354098
realization 88 / 300 ... accepted 88. Emin=2.55692568, Emax=57.50525582
realization 89 / 300 ... accepted 89. Emin=1.42643024, Emax=39.29016793
realization 90 / 300 ... accepted 90. Emin=6.18654002, Emax=49.21167975
realization 91 / 300 ... accepted 91. Emin=8.28646612, Emax=57.74858928
realization 92 / 300 ... accepted 92. Emin=-2.02044030, Emax=50.61562968
realization 93 / 300 ... accepted 93. Emin=4.15061365, Emax=54.32061786
realization 94 / 300 ... accepted 94. Emin=-14.21453523, Emax=30.84212018
realization 95 / 300 ... accepted 95. Emin=-9.59334287, Emax=29.92825429
realization 96 / 300 ... accepted 96. Emin=-2.26563790, Emax=38.50714140
realization 97 / 300 ... accepted 97. Emin=5.72802615, Emax=56.30570258
realization 98 / 300 ... accepted 98. Emin=-5.80888120, Emax=42.90886751
realization 99 / 300 ... accepted 99. Emin=-4.23672808, Emax=48.78935460
realization 100 / 300 ... accepted 100. Emin=-11.70507803, Emax=42.37680258
realization 101 / 300 ... accepted 101. Emin=-3.61024477, Emax=45.04219626
realization 102 / 300 ... accepted 102. Emin=-5.78093568, Emax=41.10290662
realization 103 / 300 ... accepted 103. Emin=-1.97887339, Emax=63.95418922
realization 104 / 300 ... accepted 104. Emin=3.31711534, Emax=53.79335702
realization 105 / 300 ... accepted 105. Emin=5.16246572, Emax=55.71218083
realization 106 / 300 ... accepted 106. Emin=-2.90543450, Emax=51.81416937
realization 107 / 300 ... accepted 107. Emin=4.26372154, Emax=54.63201228
realization 108 / 300 ... accepted 108. Emin=-5.63220729, Emax=48.84277049
realization 109 / 300 ... accepted 109. Emin=4.82807426, Emax=51.78579891
realization 110 / 300 ... accepted 110. Emin=-0.83506825, Emax=49.69685540
realization 111 / 300 ... accepted 111. Emin=-2.10135754, Emax=50.77557289
realization 112 / 300 ... accepted 112. Emin=5.07356629, Emax=47.13412607
realization 113 / 300 ... accepted 113. Emin=-3.20444288, Emax=51.27131845
realization 114 / 300 ... accepted 114. Emin=-7.21727828, Emax=45.52309569
realization 115 / 300 ... accepted 115. Emin=14.14146767, Emax=58.03055762
realization 116 / 300 ... accepted 116. Emin=-15.15211843, Emax=36.07304440
realization 117 / 300 ... accepted 117. Emin=5.60089312, Emax=56.94033671
realization 118 / 300 ... accepted 118. Emin=-0.17858909, Emax=48.48010696
realization 119 / 300 ... accepted 119. Emin=-5.98002877, Emax=43.30149406
realization 120 / 300 ... accepted 120. Emin=9.03108096, Emax=53.08483802
realization 121 / 300 ... accepted 121. Emin=-0.94724534, Emax=51.13488489
realization 122 / 300 ... accepted 122. Emin=-4.66419008, Emax=36.08060125
realization 123 / 300 ... accepted 123. Emin=-11.06649421, Emax=33.51817064
realization 124 / 300 ... accepted 124. Emin=3.05499595, Emax=49.10655636
realization 125 / 300 ... accepted 125. Emin=-3.33681711, Emax=44.24793451
realization 126 / 300 ... accepted 126. Emin=-2.04934703, Emax=56.23847559
realization 127 / 300 ... accepted 127. Emin=-0.96730063, Emax=43.71641941
realization 128 / 300 ... accepted 128. Emin=4.36031774, Emax=49.60571606
realization 129 / 300 ... accepted 129. Emin=-15.56572493, Emax=30.93741014
realization 130 / 300 ... accepted 130. Emin=-7.44647317, Emax=42.23830533
realization 131 / 300 ... accepted 131. Emin=0.77659799, Emax=52.32288659
realization 132 / 300 ... accepted 132. Emin=-8.44361923, Emax=50.51250980
realization 133 / 300 ... accepted 133. Emin=-8.31591571, Emax=35.54696738
realization 134 / 300 ... accepted 134. Emin=-7.16009557, Emax=54.89200107
realization 135 / 300 ... accepted 135. Emin=-2.61885591, Emax=47.74346636
realization 136 / 300 ... accepted 136. Emin=-17.47390111, Emax=32.26223338
realization 137 / 300 ... accepted 137. Emin=-6.17445794, Emax=48.60458419
realization 138 / 300 ... accepted 138. Emin=4.28324187, Emax=56.18606650
realization 139 / 300 ... accepted 139. Emin=2.29043598, Emax=58.50158612
realization 140 / 300 ... accepted 140. Emin=-23.08305031, Emax=20.93500097
realization 141 / 300 ... accepted 141. Emin=-5.63657304, Emax=47.85000650
realization 142 / 300 ... accepted 142. Emin=-9.47785651, Emax=44.04649341
realization 143 / 300 ... accepted 143. Emin=-4.19296271, Emax=42.91508891
realization 144 / 300 ... accepted 144. Emin=-8.34384117, Emax=38.86381706
realization 145 / 300 ... accepted 145. Emin=-13.12258497, Emax=38.46846190
realization 146 / 300 ... accepted 146. Emin=-3.73525791, Emax=45.21642149
realization 147 / 300 ... accepted 147. Emin=-3.74292352, Emax=50.03137951
realization 148 / 300 ... accepted 148. Emin=10.29646375, Emax=51.85465788
realization 149 / 300 ... accepted 149. Emin=7.17454745, Emax=57.79459586
realization 150 / 300 ... accepted 150. Emin=6.10570275, Emax=51.74146793
realization 151 / 300 ... accepted 151. Emin=5.77807155, Emax=52.08897349
realization 152 / 300 ... accepted 152. Emin=10.53554784, Emax=58.32440035
realization 153 / 300 ... accepted 153. Emin=3.53896037, Emax=53.94219508
realization 154 / 300 ... accepted 154. Emin=10.18170763, Emax=56.28594947
realization 155 / 300 ... accepted 155. Emin=3.46423220, Emax=58.26146547
realization 156 / 300 ... accepted 156. Emin=-8.43503137, Emax=40.06030710
realization 157 / 300 ... accepted 157. Emin=-11.80571170, Emax=35.98389305
realization 158 / 300 ... accepted 158. Emin=-2.74489528, Emax=41.01309146
realization 159 / 300 ... accepted 159. Emin=1.69023739, Emax=55.47094451
realization 160 / 300 ... accepted 160. Emin=11.10376849, Emax=53.96306546
realization 161 / 300 ... accepted 161. Emin=-7.37776308, Emax=44.45619405
realization 162 / 300 ... accepted 162. Emin=-8.50744443, Emax=40.74690278
realization 163 / 300 ... accepted 163. Emin=-5.10046938, Emax=48.65263091
realization 164 / 300 ... accepted 164. Emin=-19.68481679, Emax=27.09259062
realization 165 / 300 ... accepted 165. Emin=-0.62847910, Emax=47.91814037
realization 166 / 300 ... accepted 166. Emin=-10.47908726, Emax=45.23740873
realization 167 / 300 ... accepted 167. Emin=-3.15736162, Emax=50.81564500
realization 168 / 300 ... accepted 168. Emin=9.28361583, Emax=60.89701715
realization 169 / 300 ... accepted 169. Emin=3.08487148, Emax=47.29724574
realization 170 / 300 ... accepted 170. Emin=-6.16171612, Emax=46.15621910
realization 171 / 300 ... accepted 171. Emin=-4.73576343, Emax=47.25787342
realization 172 / 300 ... accepted 172. Emin=-22.90568033, Emax=22.00649543
realization 173 / 300 ... accepted 173. Emin=10.61512999, Emax=57.29667085
realization 174 / 300 ... accepted 174. Emin=-12.17926760, Emax=35.64167862
realization 175 / 300 ... accepted 175. Emin=0.33226737, Emax=53.37652578
realization 176 / 300 ... accepted 176. Emin=-0.89965256, Emax=47.37677901
realization 177 / 300 ... accepted 177. Emin=-13.46326571, Emax=26.39369910
realization 178 / 300 ... accepted 178. Emin=-3.93064655, Emax=45.86026432
realization 179 / 300 ... accepted 179. Emin=-7.92711890, Emax=35.56514977
realization 180 / 300 ... accepted 180. Emin=-1.18539703, Emax=42.61012812
realization 181 / 300 ... accepted 181. Emin=10.63282339, Emax=60.13731617
realization 182 / 300 ... accepted 182. Emin=-9.53018772, Emax=43.95538835
realization 183 / 300 ... accepted 183. Emin=2.64360393, Emax=59.21784896
realization 184 / 300 ... accepted 184. Emin=-4.24502688, Emax=49.07182755
realization 185 / 300 ... accepted 185. Emin=-13.10826980, Emax=33.29334691
realization 186 / 300 ... accepted 186. Emin=-4.10775977, Emax=59.58841604
realization 187 / 300 ... accepted 187. Emin=-18.72862906, Emax=33.17909765
realization 188 / 300 ... accepted 188. Emin=-4.35077426, Emax=44.46982765
realization 189 / 300 ... accepted 189. Emin=-13.90868658, Emax=29.04153061
realization 190 / 300 ... accepted 190. Emin=-2.57192427, Emax=43.98888004
realization 191 / 300 ... accepted 191. Emin=7.79824887, Emax=51.11007257
realization 192 / 300 ... accepted 192. Emin=-20.12932328, Emax=26.42514946
realization 193 / 300 ... accepted 193. Emin=-3.83615217, Emax=45.30158049
realization 194 / 300 ... accepted 194. Emin=-2.47149334, Emax=43.16003678
realization 195 / 300 ... accepted 195. Emin=-4.17156697, Emax=47.27958914
realization 196 / 300 ... accepted 196. Emin=-8.96163329, Emax=42.61395691
realization 197 / 300 ... accepted 197. Emin=-15.87166556, Emax=25.65614428
realization 198 / 300 ... accepted 198. Emin=-7.67266772, Emax=45.34790949
realization 199 / 300 ... accepted 199. Emin=15.72203125, Emax=59.65629607
realization 200 / 300 ... accepted 200. Emin=-15.98762196, Emax=37.62990102
realization 201 / 300 ... accepted 201. Emin=-8.81145547, Emax=51.09642894
realization 202 / 300 ... accepted 202. Emin=10.65360637, Emax=61.61241217
realization 203 / 300 ... accepted 203. Emin=0.69452091, Emax=50.37548943
realization 204 / 300 ... accepted 204. Emin=-7.44220127, Emax=40.20252984
realization 205 / 300 ... accepted 205. Emin=-4.47562897, Emax=42.76593937
realization 206 / 300 ... accepted 206. Emin=-20.53100693, Emax=24.27706468
realization 207 / 300 ... accepted 207. Emin=-12.12237687, Emax=29.91397081
realization 208 / 300 ... accepted 208. Emin=-0.67010694, Emax=48.28659878
realization 209 / 300 ... accepted 209. Emin=-8.31885462, Emax=41.17697281
realization 210 / 300 ... accepted 210. Emin=-3.88916735, Emax=53.90771468
realization 211 / 300 ... accepted 211. Emin=-6.67453550, Emax=39.51192587
realization 212 / 300 ... accepted 212. Emin=-5.53008850, Emax=45.59253313
realization 213 / 300 ... accepted 213. Emin=1.20711528, Emax=64.03058982
realization 214 / 300 ... accepted 214. Emin=4.89121118, Emax=52.38043558
realization 215 / 300 ... accepted 215. Emin=-8.80017769, Emax=30.24582767
realization 216 / 300 ... accepted 216. Emin=-21.62273039, Emax=21.10121366
realization 217 / 300 ... accepted 217. Emin=-19.17992481, Emax=18.64342815
realization 218 / 300 ... accepted 218. Emin=-7.97326717, Emax=45.12009927
realization 219 / 300 ... accepted 219. Emin=2.83721244, Emax=59.01793621
realization 220 / 300 ... accepted 220. Emin=-1.56932682, Emax=45.12379482
realization 221 / 300 ... accepted 221. Emin=-7.81530079, Emax=48.25835477
realization 222 / 300 ... accepted 222. Emin=5.36480959, Emax=49.56623852
realization 223 / 300 ... accepted 223. Emin=-4.57130136, Emax=47.50608389
realization 224 / 300 ... accepted 224. Emin=1.19159094, Emax=48.72812531
realization 225 / 300 ... accepted 225. Emin=-8.34473960, Emax=33.12727883
realization 226 / 300 ... accepted 226. Emin=0.46239435, Emax=51.55854282
realization 227 / 300 ... accepted 227. Emin=-9.18605034, Emax=48.20279409
realization 228 / 300 ... accepted 228. Emin=7.11504559, Emax=52.80123803
realization 229 / 300 ... accepted 229. Emin=-7.03724329, Emax=40.30790112
realization 230 / 300 ... accepted 230. Emin=-17.16182659, Emax=27.94503193
realization 231 / 300 ... accepted 231. Emin=-6.41597700, Emax=44.18176935
realization 232 / 300 ... accepted 232. Emin=-5.70004766, Emax=41.53624091
realization 233 / 300 ... accepted 233. Emin=-5.50207731, Emax=35.35060427
realization 234 / 300 ... accepted 234. Emin=-20.95998792, Emax=23.11318315
realization 235 / 300 ... accepted 235. Emin=-4.70266452, Emax=43.62479029
realization 236 / 300 ... accepted 236. Emin=-7.11219050, Emax=40.05426783
realization 237 / 300 ... accepted 237. Emin=3.76933915, Emax=57.76157944
realization 238 / 300 ... accepted 238. Emin=-6.79499889, Emax=46.70519769
realization 239 / 300 ... accepted 239. Emin=-3.09032007, Emax=42.56290820
realization 240 / 300 ... accepted 240. Emin=-8.63866796, Emax=43.21374981
realization 241 / 300 ... accepted 241. Emin=-2.63413172, Emax=58.73961159
realization 242 / 300 ... accepted 242. Emin=-5.26048901, Emax=41.60659875
realization 243 / 300 ... accepted 243. Emin=-14.70554341, Emax=41.71726096
realization 244 / 300 ... accepted 244. Emin=-4.71459428, Emax=42.92803256
realization 245 / 300 ... accepted 245. Emin=-2.41956153, Emax=48.48002009
realization 246 / 300 ... accepted 246. Emin=-9.86205626, Emax=36.21889478
realization 247 / 300 ... accepted 247. Emin=-2.43977820, Emax=57.82347346
realization 248 / 300 ... accepted 248. Emin=-2.32933550, Emax=50.33409829
realization 249 / 300 ... accepted 249. Emin=4.75567585, Emax=61.90872275
realization 250 / 300 ... accepted 250. Emin=5.40516285, Emax=45.48775772
realization 251 / 300 ... accepted 251. Emin=1.14730907, Emax=61.93192235
realization 252 / 300 ... accepted 252. Emin=-6.26010348, Emax=44.39283457
realization 253 / 300 ... accepted 253. Emin=-0.82836050, Emax=53.04322304
realization 254 / 300 ... accepted 254. Emin=-14.82516344, Emax=29.73725079
realization 255 / 300 ... accepted 255. Emin=4.06706232, Emax=54.69823407
realization 256 / 300 ... accepted 256. Emin=-17.96200319, Emax=21.38844886
realization 257 / 300 ... accepted 257. Emin=-12.82322563, Emax=33.30685603
realization 258 / 300 ... accepted 258. Emin=-2.90755015, Emax=56.98289868
realization 259 / 300 ... accepted 259. Emin=3.35653667, Emax=58.47295492
realization 260 / 300 ... accepted 260. Emin=11.48691966, Emax=50.62660843
realization 261 / 300 ... accepted 261. Emin=-4.25194984, Emax=53.83983429
realization 262 / 300 ... accepted 262. Emin=-6.18811975, Emax=48.82959202
realization 263 / 300 ... accepted 263. Emin=1.49334219, Emax=56.83661336
realization 264 / 300 ... accepted 264. Emin=13.83964483, Emax=58.97405233
realization 265 / 300 ... accepted 265. Emin=-10.02674443, Emax=33.74945323
realization 266 / 300 ... accepted 266. Emin=-10.65969453, Emax=35.49788418
realization 267 / 300 ... accepted 267. Emin=-3.19952614, Emax=43.93697028
realization 268 / 300 ... accepted 268. Emin=-11.30435931, Emax=36.37596676
realization 269 / 300 ... accepted 269. Emin=-2.80727788, Emax=52.81162901
realization 270 / 300 ... accepted 270. Emin=-4.58643097, Emax=54.35952041
realization 271 / 300 ... accepted 271. Emin=-7.18862957, Emax=40.05292846
realization 272 / 300 ... accepted 272. Emin=-11.92109377, Emax=35.32414506
realization 273 / 300 ... accepted 273. Emin=2.07773836, Emax=48.09278142
realization 274 / 300 ... accepted 274. Emin=15.90399904, Emax=60.59284248
realization 275 / 300 ... accepted 275. Emin=-3.90601207, Emax=51.69317025
realization 276 / 300 ... accepted 276. Emin=-3.62087507, Emax=44.30810157
realization 277 / 300 ... accepted 277. Emin=-11.39154246, Emax=41.44493904
realization 278 / 300 ... accepted 278. Emin=2.82349457, Emax=55.12183841
realization 279 / 300 ... accepted 279. Emin=-3.30603327, Emax=46.35746465
realization 280 / 300 ... accepted 280. Emin=2.23198902, Emax=54.22771911
realization 281 / 300 ... accepted 281. Emin=-3.39268175, Emax=49.38332735
realization 282 / 300 ... accepted 282. Emin=-9.34960521, Emax=45.27738052
realization 283 / 300 ... accepted 283. Emin=5.23229532, Emax=52.35505662
realization 284 / 300 ... accepted 284. Emin=-1.29694374, Emax=49.98412191
realization 285 / 300 ... accepted 285. Emin=-14.42636809, Emax=35.26190174
realization 286 / 300 ... accepted 286. Emin=-18.18170075, Emax=36.27232298
realization 287 / 300 ... accepted 287. Emin=-8.84438694, Emax=38.45430064
realization 288 / 300 ... accepted 288. Emin=-9.38026925, Emax=46.68714368
realization 289 / 300 ... accepted 289. Emin=-9.51583176, Emax=42.67008801
realization 290 / 300 ... accepted 290. Emin=-4.81876847, Emax=45.14158482
realization 291 / 300 ... accepted 291. Emin=-0.83347434, Emax=54.88170958
realization 292 / 300 ... accepted 292. Emin=-19.40351546, Emax=23.95713623
realization 293 / 300 ... accepted 293. Emin=4.83511049, Emax=58.95219548
realization 294 / 300 ... accepted 294. Emin=4.11096964, Emax=57.04304674
realization 295 / 300 ... accepted 295. Emin=9.97655232, Emax=53.28934285
realization 296 / 300 ... accepted 296. Emin=-3.83970008, Emax=45.53131954
realization 297 / 300 ... accepted 297. Emin=-7.76793379, Emax=34.87901770
realization 298 / 300 ... accepted 298. Emin=-9.83709053, Emax=43.56190507
realization 299 / 300 ... accepted 299. Emin=1.29925488, Emax=52.20831292
realization 300 / 300 ... accepted 300. Emin=-22.52981524, Emax=26.45420133
Saved final energies: /home/2/kj405942/POLFED_bosons/pbs_bose_legacy_nmax2_periodic/data/U_5/W_6/L_6/N_6_nmax_2/boundary_periodic/energies_full_U5_L6_N6_nmax2_W6_boundaryperiodic_nreal300.txt
Accepted realizations: 300 / 300
Skipped realizations: 0
Job finished at Sun May 31 18:05:25 UTC 2026
