Job started on w21 at Sun May 31 18:03:46 UTC 2026
PBS_JOBID=7731356.kruk-host.ift-klaster.lan
PBS_O_WORKDIR=/home/2/kj405942/POLFED_bosons
Bose-Hubbard: L=6, N=6, nmax=2, dim=141
t=1, U=5, W=2, nreal=300, boundary=periodic, mode=full
Writing partial results to /home/2/kj405942/POLFED_bosons/pbs_bose_legacy_nmax2_periodic/data/U_5/W_2/L_6/N_6_nmax_2/boundary_periodic/energies_full_U5_L6_N6_nmax2_W2_boundaryperiodic_nreal300_partial.txt
realization 1 / 300 ... accepted 1. Emin=-4.55815702, Emax=36.05876848
realization 2 / 300 ... accepted 2. Emin=-6.79518739, Emax=28.52607127
realization 3 / 300 ... accepted 3. Emin=-2.01144952, Emax=37.41941219
realization 4 / 300 ... accepted 4. Emin=-4.36179376, Emax=36.00003814
realization 5 / 300 ... accepted 5. Emin=-3.64187702, Emax=35.39445297
realization 6 / 300 ... accepted 6. Emin=-7.54981997, Emax=30.30288372
realization 7 / 300 ... accepted 7. Emin=-4.70790932, Emax=32.28807646
realization 8 / 300 ... accepted 8. Emin=-4.44122609, Emax=34.30880558
realization 9 / 300 ... accepted 9. Emin=-4.87669488, Emax=34.09833014
realization 10 / 300 ... accepted 10. Emin=3.16377711, Emax=40.55662362
realization 11 / 300 ... accepted 11. Emin=-4.48568931, Emax=35.31757323
realization 12 / 300 ... accepted 12. Emin=2.11049965, Emax=39.13071778
realization 13 / 300 ... accepted 13. Emin=-5.79370008, Emax=33.54476135
realization 14 / 300 ... accepted 14. Emin=-3.70134452, Emax=34.23986961
realization 15 / 300 ... accepted 15. Emin=-2.96463578, Emax=34.12811132
realization 16 / 300 ... accepted 16. Emin=1.21627898, Emax=36.62182004
realization 17 / 300 ... accepted 17. Emin=-1.77619831, Emax=36.85935589
realization 18 / 300 ... accepted 18. Emin=4.84637187, Emax=41.28603810
realization 19 / 300 ... accepted 19. Emin=-2.68285552, Emax=36.11925245
realization 20 / 300 ... accepted 20. Emin=-0.52524192, Emax=38.83599191
realization 21 / 300 ... accepted 21. Emin=-0.69314597, Emax=37.81980837
realization 22 / 300 ... accepted 22. Emin=-2.53089603, Emax=35.55584542
realization 23 / 300 ... accepted 23. Emin=-2.98672839, Emax=36.43268790
realization 24 / 300 ... accepted 24. Emin=-4.96609301, Emax=33.08236852
realization 25 / 300 ... accepted 25. Emin=-1.15110175, Emax=37.81722429
realization 26 / 300 ... accepted 26. Emin=-4.25488520, Emax=33.93449688
realization 27 / 300 ... accepted 27. Emin=-4.90912262, Emax=34.00136911
realization 28 / 300 ... accepted 28. Emin=-3.53338719, Emax=35.02195286
realization 29 / 300 ... accepted 29. Emin=4.79087372, Emax=39.91466576
realization 30 / 300 ... accepted 30. Emin=-4.07385855, Emax=34.40514419
realization 31 / 300 ... accepted 31. Emin=3.31656583, Emax=39.17619360
realization 32 / 300 ... accepted 32. Emin=-5.81041270, Emax=32.20636172
realization 33 / 300 ... accepted 33. Emin=-7.77872139, Emax=28.43296675
realization 34 / 300 ... accepted 34. Emin=-3.21679508, Emax=33.10439756
realization 35 / 300 ... accepted 35. Emin=-3.85732994, Emax=34.13426237
realization 36 / 300 ... accepted 36. Emin=-6.45403850, Emax=31.31527193
realization 37 / 300 ... accepted 37. Emin=-0.83371743, Emax=39.05356095
realization 38 / 300 ... accepted 38. Emin=-1.78722454, Emax=38.22097417
realization 39 / 300 ... accepted 39. Emin=0.06682986, Emax=38.17982526
realization 40 / 300 ... accepted 40. Emin=-1.01858990, Emax=39.72678007
realization 41 / 300 ... accepted 41. Emin=-0.51808739, Emax=36.58255183
realization 42 / 300 ... accepted 42. Emin=-0.31623459, Emax=35.20923066
realization 43 / 300 ... accepted 43. Emin=-2.50138455, Emax=33.47913341
realization 44 / 300 ... accepted 44. Emin=0.72529858, Emax=38.95335961
realization 45 / 300 ... accepted 45. Emin=-2.83805215, Emax=33.15710209
realization 46 / 300 ... accepted 46. Emin=-2.89750518, Emax=36.13238969
realization 47 / 300 ... accepted 47. Emin=-3.70554381, Emax=32.54121495
realization 48 / 300 ... accepted 48. Emin=-8.46522365, Emax=29.70914092
realization 49 / 300 ... accepted 49. Emin=-7.59868320, Emax=28.29027067
realization 50 / 300 ... accepted 50. Emin=5.16162346, Emax=42.89040748
realization 51 / 300 ... accepted 51. Emin=-3.83676724, Emax=32.47239718
realization 52 / 300 ... accepted 52. Emin=-4.02482694, Emax=35.14788767
realization 53 / 300 ... accepted 53. Emin=-2.09313112, Emax=38.61717500
realization 54 / 300 ... accepted 54. Emin=-3.54990533, Emax=33.59460327
realization 55 / 300 ... accepted 55. Emin=-2.76899298, Emax=35.13134582
realization 56 / 300 ... accepted 56. Emin=-2.10108106, Emax=36.97878028
realization 57 / 300 ... accepted 57. Emin=0.30622997, Emax=40.58222165
realization 58 / 300 ... accepted 58. Emin=-5.20247522, Emax=31.35517687
realization 59 / 300 ... accepted 59. Emin=3.22970071, Emax=40.22232303
realization 60 / 300 ... accepted 60. Emin=5.22490611, Emax=40.21892443
realization 61 / 300 ... accepted 61. Emin=-3.17127188, Emax=36.36488185
realization 62 / 300 ... accepted 62. Emin=-3.85239934, Emax=32.42207607
realization 63 / 300 ... accepted 63. Emin=1.05108912, Emax=38.54730794
realization 64 / 300 ... accepted 64. Emin=-5.42556541, Emax=32.96379343
realization 65 / 300 ... accepted 65. Emin=-7.65561500, Emax=29.93708116
realization 66 / 300 ... accepted 66. Emin=0.01779740, Emax=36.99780424
realization 67 / 300 ... accepted 67. Emin=-1.45573766, Emax=36.30151861
realization 68 / 300 ... accepted 68. Emin=-0.68904240, Emax=39.06634066
realization 69 / 300 ... accepted 69. Emin=-4.87547430, Emax=33.42902415
realization 70 / 300 ... accepted 70. Emin=-5.65995553, Emax=31.26668210
realization 71 / 300 ... accepted 71. Emin=-3.92627894, Emax=34.12119563
realization 72 / 300 ... accepted 72. Emin=-4.06352976, Emax=34.43705203
realization 73 / 300 ... accepted 73. Emin=-4.19210204, Emax=35.22456414
realization 74 / 300 ... accepted 74. Emin=-5.43719901, Emax=32.73570544
realization 75 / 300 ... accepted 75. Emin=-0.47463406, Emax=36.62271355
realization 76 / 300 ... accepted 76. Emin=-4.97087016, Emax=34.59918479
realization 77 / 300 ... accepted 77. Emin=-1.35428400, Emax=35.64885027
realization 78 / 300 ... accepted 78. Emin=-3.75394607, Emax=37.52154773
realization 79 / 300 ... accepted 79. Emin=-1.64436887, Emax=35.84334857
realization 80 / 300 ... accepted 80. Emin=-5.64825011, Emax=32.53078865
realization 81 / 300 ... accepted 81. Emin=-8.43475665, Emax=28.04414080
realization 82 / 300 ... accepted 82. Emin=1.15715637, Emax=40.25163268
realization 83 / 300 ... accepted 83. Emin=-0.29198951, Emax=40.23521708
realization 84 / 300 ... accepted 84. Emin=-7.33318772, Emax=28.32372698
realization 85 / 300 ... accepted 85. Emin=1.54363533, Emax=41.30549630
realization 86 / 300 ... accepted 86. Emin=-6.41076607, Emax=32.26099092
realization 87 / 300 ... accepted 87. Emin=1.69532048, Emax=39.32486120
realization 88 / 300 ... accepted 88. Emin=-4.03846116, Emax=34.12969452
realization 89 / 300 ... accepted 89. Emin=-5.96696880, Emax=32.04953399
realization 90 / 300 ... accepted 90. Emin=-4.95886578, Emax=32.49437549
realization 91 / 300 ... accepted 91. Emin=-0.14772974, Emax=36.83415749
realization 92 / 300 ... accepted 92. Emin=-2.76676426, Emax=34.63187608
realization 93 / 300 ... accepted 93. Emin=-2.41836086, Emax=37.43294824
realization 94 / 300 ... accepted 94. Emin=-2.13764850, Emax=37.40002800
realization 95 / 300 ... accepted 95. Emin=-2.49037229, Emax=36.61599017
realization 96 / 300 ... accepted 96. Emin=-5.91274577, Emax=31.55232828
realization 97 / 300 ... accepted 97. Emin=-3.79041073, Emax=36.02503590
realization 98 / 300 ... accepted 98. Emin=-5.05630784, Emax=35.31535372
realization 99 / 300 ... accepted 99. Emin=-3.19701561, Emax=34.32679737
realization 100 / 300 ... accepted 100. Emin=-4.52775581, Emax=34.20471857
realization 101 / 300 ... accepted 101. Emin=3.21452821, Emax=39.72167400
realization 102 / 300 ... accepted 102. Emin=-1.65083430, Emax=35.73554228
realization 103 / 300 ... accepted 103. Emin=-2.86555767, Emax=35.20450980
realization 104 / 300 ... accepted 104. Emin=-2.24048377, Emax=38.68222812
realization 105 / 300 ... accepted 105. Emin=-4.79595511, Emax=35.09850253
realization 106 / 300 ... accepted 106. Emin=3.71418260, Emax=40.07489287
realization 107 / 300 ... accepted 107. Emin=-4.66949576, Emax=33.75131559
realization 108 / 300 ... accepted 108. Emin=-2.35860818, Emax=36.06991449
realization 109 / 300 ... accepted 109. Emin=-3.80369440, Emax=34.14838305
realization 110 / 300 ... accepted 110. Emin=0.49279444, Emax=39.79410595
realization 111 / 300 ... accepted 111. Emin=1.18131554, Emax=39.66255332
realization 112 / 300 ... accepted 112. Emin=-7.13577715, Emax=31.04733821
realization 113 / 300 ... accepted 113. Emin=-1.15026105, Emax=35.42627791
realization 114 / 300 ... accepted 114. Emin=-2.48665388, Emax=34.54184011
realization 115 / 300 ... accepted 115. Emin=0.70032519, Emax=39.00876498
realization 116 / 300 ... accepted 116. Emin=-7.80633410, Emax=30.25080546
realization 117 / 300 ... accepted 117. Emin=-2.64386897, Emax=32.95520657
realization 118 / 300 ... accepted 118. Emin=0.44769141, Emax=37.90882645
realization 119 / 300 ... accepted 119. Emin=-1.93963650, Emax=36.04506603
realization 120 / 300 ... accepted 120. Emin=-4.54718397, Emax=34.79731987
realization 121 / 300 ... accepted 121. Emin=-2.28115281, Emax=34.06551440
realization 122 / 300 ... accepted 122. Emin=-4.83912998, Emax=33.51184203
realization 123 / 300 ... accepted 123. Emin=-3.49630608, Emax=36.37470184
realization 124 / 300 ... accepted 124. Emin=-3.83988882, Emax=36.04547815
realization 125 / 300 ... accepted 125. Emin=-0.81154086, Emax=40.40386754
realization 126 / 300 ... accepted 126. Emin=-2.53033218, Emax=36.32206399
realization 127 / 300 ... accepted 127. Emin=-6.60972929, Emax=30.25177479
realization 128 / 300 ... accepted 128. Emin=3.64007886, Emax=41.59996700
realization 129 / 300 ... accepted 129. Emin=-3.82535184, Emax=37.23511475
realization 130 / 300 ... accepted 130. Emin=-3.38714325, Emax=35.53174532
realization 131 / 300 ... accepted 131. Emin=-3.82024979, Emax=33.03037754
realization 132 / 300 ... accepted 132. Emin=0.92921640, Emax=40.29312696
realization 133 / 300 ... accepted 133. Emin=-4.46258064, Emax=35.44143717
realization 134 / 300 ... accepted 134. Emin=-6.22014073, Emax=31.88254608
realization 135 / 300 ... accepted 135. Emin=-4.27592614, Emax=34.43182361
realization 136 / 300 ... accepted 136. Emin=-5.38767253, Emax=34.23000792
realization 137 / 300 ... accepted 137. Emin=-5.22896414, Emax=32.58758252
realization 138 / 300 ... accepted 138. Emin=-4.72453433, Emax=36.55383634
realization 139 / 300 ... accepted 139. Emin=-1.83962022, Emax=40.37974298
realization 140 / 300 ... accepted 140. Emin=-1.80473784, Emax=37.52198945
realization 141 / 300 ... accepted 141. Emin=-1.98913893, Emax=37.20068966
realization 142 / 300 ... accepted 142. Emin=-7.12648273, Emax=31.74922344
realization 143 / 300 ... accepted 143. Emin=-3.70994549, Emax=34.62789073
realization 144 / 300 ... accepted 144. Emin=-1.77487828, Emax=37.40250586
realization 145 / 300 ... accepted 145. Emin=1.88280413, Emax=40.14285775
realization 146 / 300 ... accepted 146. Emin=-3.90597711, Emax=36.17689275
realization 147 / 300 ... accepted 147. Emin=-5.77795778, Emax=32.02186352
realization 148 / 300 ... accepted 148. Emin=-1.52706329, Emax=37.13901526
realization 149 / 300 ... accepted 149. Emin=2.65775967, Emax=39.41900928
realization 150 / 300 ... accepted 150. Emin=4.68162863, Emax=40.26277484
realization 151 / 300 ... accepted 151. Emin=-0.61013500, Emax=37.06791523
realization 152 / 300 ... accepted 152. Emin=0.23731980, Emax=39.73187884
realization 153 / 300 ... accepted 153. Emin=-0.89287303, Emax=36.27769557
realization 154 / 300 ... accepted 154. Emin=-0.72627586, Emax=36.98119646
realization 155 / 300 ... accepted 155. Emin=-9.25030878, Emax=27.66809273
realization 156 / 300 ... accepted 156. Emin=-3.94385134, Emax=36.03796321
realization 157 / 300 ... accepted 157. Emin=-4.89051020, Emax=32.38323552
realization 158 / 300 ... accepted 158. Emin=-3.09457357, Emax=34.82481526
realization 159 / 300 ... accepted 159. Emin=-5.26546562, Emax=31.93289659
realization 160 / 300 ... accepted 160. Emin=-5.47364655, Emax=32.89363028
realization 161 / 300 ... accepted 161. Emin=-1.96223352, Emax=37.78987390
realization 162 / 300 ... accepted 162. Emin=-3.29565931, Emax=38.40747393
realization 163 / 300 ... accepted 163. Emin=-0.35822449, Emax=36.34419296
realization 164 / 300 ... accepted 164. Emin=0.16752849, Emax=40.86721350
realization 165 / 300 ... accepted 165. Emin=4.52820275, Emax=40.26082668
realization 166 / 300 ... accepted 166. Emin=-2.33218933, Emax=36.32038977
realization 167 / 300 ... accepted 167. Emin=-6.77456110, Emax=31.67882427
realization 168 / 300 ... accepted 168. Emin=-5.52440212, Emax=33.08306015
realization 169 / 300 ... accepted 169. Emin=-0.14866421, Emax=37.22819315
realization 170 / 300 ... accepted 170. Emin=0.01068561, Emax=39.06618552
realization 171 / 300 ... accepted 171. Emin=-7.62077503, Emax=28.66801759
realization 172 / 300 ... accepted 172. Emin=-3.88477099, Emax=36.13105522
realization 173 / 300 ... accepted 173. Emin=-6.68197425, Emax=31.05626001
realization 174 / 300 ... accepted 174. Emin=2.56214139, Emax=39.18235778
realization 175 / 300 ... accepted 175. Emin=-0.55944777, Emax=39.79312246
realization 176 / 300 ... accepted 176. Emin=-1.72268258, Emax=36.45619274
realization 177 / 300 ... accepted 177. Emin=-0.15855867, Emax=39.17268577
realization 178 / 300 ... accepted 178. Emin=0.22790927, Emax=38.23154595
realization 179 / 300 ... accepted 179. Emin=-5.60305794, Emax=32.14066869
realization 180 / 300 ... accepted 180. Emin=-2.48906595, Emax=38.40835552
realization 181 / 300 ... accepted 181. Emin=-3.95291903, Emax=34.31174702
realization 182 / 300 ... accepted 182. Emin=-5.11567125, Emax=32.72746912
realization 183 / 300 ... accepted 183. Emin=-1.47857668, Emax=35.11857074
realization 184 / 300 ... accepted 184. Emin=-0.58197717, Emax=38.83240600
realization 185 / 300 ... accepted 185. Emin=-4.26228255, Emax=35.04307184
realization 186 / 300 ... accepted 186. Emin=0.36896374, Emax=39.67537388
realization 187 / 300 ... accepted 187. Emin=-3.18774463, Emax=36.68175991
realization 188 / 300 ... accepted 188. Emin=-2.75806329, Emax=35.69015050
realization 189 / 300 ... accepted 189. Emin=-2.54306493, Emax=35.68085379
realization 190 / 300 ... accepted 190. Emin=-4.62306726, Emax=32.62399335
realization 191 / 300 ... accepted 191. Emin=-3.54052431, Emax=34.20597127
realization 192 / 300 ... accepted 192. Emin=-2.83433591, Emax=32.38079324
realization 193 / 300 ... accepted 193. Emin=-2.20612405, Emax=36.62638975
realization 194 / 300 ... accepted 194. Emin=1.11685956, Emax=38.84259066
realization 195 / 300 ... accepted 195. Emin=1.52165436, Emax=40.95155816
realization 196 / 300 ... accepted 196. Emin=-2.33343454, Emax=34.69972352
realization 197 / 300 ... accepted 197. Emin=0.76305039, Emax=35.80626782
realization 198 / 300 ... accepted 198. Emin=-0.82820012, Emax=37.61074205
realization 199 / 300 ... accepted 199. Emin=-2.39137145, Emax=34.87044892
realization 200 / 300 ... accepted 200. Emin=-2.87404128, Emax=34.72987387
realization 201 / 300 ... accepted 201. Emin=-4.94979088, Emax=29.55704017
realization 202 / 300 ... accepted 202. Emin=-0.13228821, Emax=39.07932661
realization 203 / 300 ... accepted 203. Emin=-0.82812344, Emax=39.25173833
realization 204 / 300 ... accepted 204. Emin=-4.02150850, Emax=33.51663151
realization 205 / 300 ... accepted 205. Emin=-4.03884837, Emax=33.44228880
realization 206 / 300 ... accepted 206. Emin=-0.16924783, Emax=35.21704811
realization 207 / 300 ... accepted 207. Emin=-0.06630358, Emax=38.11795021
realization 208 / 300 ... accepted 208. Emin=-3.85998843, Emax=34.38298381
realization 209 / 300 ... accepted 209. Emin=-1.71787381, Emax=35.86857551
realization 210 / 300 ... accepted 210. Emin=-0.75279522, Emax=39.17565596
realization 211 / 300 ... accepted 211. Emin=-5.03017771, Emax=35.71997554
realization 212 / 300 ... accepted 212. Emin=-1.16640387, Emax=40.51747075
realization 213 / 300 ... accepted 213. Emin=-8.74242155, Emax=27.57217289
realization 214 / 300 ... accepted 214. Emin=-6.81493378, Emax=30.78463185
realization 215 / 300 ... accepted 215. Emin=0.47176952, Emax=40.69285088
realization 216 / 300 ... accepted 216. Emin=-3.92210285, Emax=34.92597154
realization 217 / 300 ... accepted 217. Emin=-0.10729542, Emax=40.09649294
realization 218 / 300 ... accepted 218. Emin=-6.81045436, Emax=28.18134940
realization 219 / 300 ... accepted 219. Emin=0.10003257, Emax=36.57245672
realization 220 / 300 ... accepted 220. Emin=-3.84497360, Emax=36.14519139
realization 221 / 300 ... accepted 221. Emin=-0.81881104, Emax=35.26793557
realization 222 / 300 ... accepted 222. Emin=0.55119457, Emax=38.21239728
realization 223 / 300 ... accepted 223. Emin=2.86825438, Emax=41.03280437
realization 224 / 300 ... accepted 224. Emin=-3.36315431, Emax=35.97906022
realization 225 / 300 ... accepted 225. Emin=-1.09433614, Emax=38.43226648
realization 226 / 300 ... accepted 226. Emin=-2.24015979, Emax=35.40577105
realization 227 / 300 ... accepted 227. Emin=-6.90288319, Emax=32.36405006
realization 228 / 300 ... accepted 228. Emin=-2.84886311, Emax=35.01426869
realization 229 / 300 ... accepted 229. Emin=-4.30721963, Emax=37.61596732
realization 230 / 300 ... accepted 230. Emin=-1.96964322, Emax=36.14068415
realization 231 / 300 ... accepted 231. Emin=-5.02426324, Emax=30.80185662
realization 232 / 300 ... accepted 232. Emin=-2.27875748, Emax=36.24785816
realization 233 / 300 ... accepted 233. Emin=-2.79643190, Emax=36.89296013
realization 234 / 300 ... accepted 234. Emin=-0.10085966, Emax=36.95941253
realization 235 / 300 ... accepted 235. Emin=0.54280405, Emax=39.00446070
realization 236 / 300 ... accepted 236. Emin=-0.95703870, Emax=38.07523476
realization 237 / 300 ... accepted 237. Emin=-4.46975622, Emax=35.78844478
realization 238 / 300 ... accepted 238. Emin=-5.10857105, Emax=33.49682135
realization 239 / 300 ... accepted 239. Emin=-1.89375238, Emax=36.79022936
realization 240 / 300 ... accepted 240. Emin=-1.76527773, Emax=38.64876601
realization 241 / 300 ... accepted 241. Emin=-2.21336904, Emax=35.72187930
realization 242 / 300 ... accepted 242. Emin=-0.74348459, Emax=35.28476363
realization 243 / 300 ... accepted 243. Emin=-2.47683296, Emax=37.00588196
realization 244 / 300 ... accepted 244. Emin=1.06502883, Emax=37.88661948
realization 245 / 300 ... accepted 245. Emin=-8.95939237, Emax=27.24456065
realization 246 / 300 ... accepted 246. Emin=-1.99551234, Emax=39.06658744
realization 247 / 300 ... accepted 247. Emin=-3.18461681, Emax=39.35722335
realization 248 / 300 ... accepted 248. Emin=-0.44010386, Emax=35.09938706
realization 249 / 300 ... accepted 249. Emin=-6.65950993, Emax=31.89066947
realization 250 / 300 ... accepted 250. Emin=-0.29534906, Emax=37.57390886
realization 251 / 300 ... accepted 251. Emin=0.58958555, Emax=37.24517051
realization 252 / 300 ... accepted 252. Emin=-1.56529872, Emax=36.14407332
realization 253 / 300 ... accepted 253. Emin=1.14777628, Emax=38.43060723
realization 254 / 300 ... accepted 254. Emin=-1.38719004, Emax=38.86289265
realization 255 / 300 ... accepted 255. Emin=-5.17173934, Emax=33.15441572
realization 256 / 300 ... accepted 256. Emin=-10.16125432, Emax=25.20980043
realization 257 / 300 ... accepted 257. Emin=0.57490441, Emax=38.93561151
realization 258 / 300 ... accepted 258. Emin=-0.59378102, Emax=39.46558991
realization 259 / 300 ... accepted 259. Emin=-7.83524252, Emax=28.20353875
realization 260 / 300 ... accepted 260. Emin=-1.49844897, Emax=37.66723421
realization 261 / 300 ... accepted 261. Emin=-4.56615605, Emax=32.40128149
realization 262 / 300 ... accepted 262. Emin=-0.70722290, Emax=37.08925477
realization 263 / 300 ... accepted 263. Emin=-2.60840588, Emax=35.70305864
realization 264 / 300 ... accepted 264. Emin=-4.21833407, Emax=33.14399722
realization 265 / 300 ... accepted 265. Emin=-2.91940844, Emax=37.01064119
realization 266 / 300 ... accepted 266. Emin=-1.73808207, Emax=36.73083962
realization 267 / 300 ... accepted 267. Emin=-0.34288957, Emax=37.45505516
realization 268 / 300 ... accepted 268. Emin=-6.44461457, Emax=31.19839184
realization 269 / 300 ... accepted 269. Emin=-5.18099481, Emax=32.07231375
realization 270 / 300 ... accepted 270. Emin=-2.10920826, Emax=34.32898380
realization 271 / 300 ... accepted 271. Emin=-8.50154179, Emax=28.56727659
realization 272 / 300 ... accepted 272. Emin=3.05074116, Emax=39.08769234
realization 273 / 300 ... accepted 273. Emin=-3.37358232, Emax=34.00178321
realization 274 / 300 ... accepted 274. Emin=-4.96425008, Emax=34.34875060
realization 275 / 300 ... accepted 275. Emin=-0.53352107, Emax=37.04551221
realization 276 / 300 ... accepted 276. Emin=-5.61408458, Emax=31.68473082
realization 277 / 300 ... accepted 277. Emin=-2.94859053, Emax=36.56628065
realization 278 / 300 ... accepted 278. Emin=-0.12552927, Emax=37.97444713
realization 279 / 300 ... accepted 279. Emin=-1.22225483, Emax=39.86185098
realization 280 / 300 ... accepted 280. Emin=2.13664077, Emax=39.58558404
realization 281 / 300 ... accepted 281. Emin=0.96509386, Emax=39.36759542
realization 282 / 300 ... accepted 282. Emin=-8.32976304, Emax=28.56174961
realization 283 / 300 ... accepted 283. Emin=2.85334822, Emax=41.27312022
realization 284 / 300 ... accepted 284. Emin=-0.88195815, Emax=37.69445417
realization 285 / 300 ... accepted 285. Emin=-1.65656400, Emax=35.52703358
realization 286 / 300 ... accepted 286. Emin=-0.31911820, Emax=37.52827043
realization 287 / 300 ... accepted 287. Emin=-3.23870807, Emax=37.97031268
realization 288 / 300 ... accepted 288. Emin=-3.86826471, Emax=32.08002999
realization 289 / 300 ... accepted 289. Emin=-3.04103234, Emax=36.65317917
realization 290 / 300 ... accepted 290. Emin=-2.62432855, Emax=39.11039349
realization 291 / 300 ... accepted 291. Emin=-1.55627172, Emax=34.33830560
realization 292 / 300 ... accepted 292. Emin=-0.66097769, Emax=40.02007528
realization 293 / 300 ... accepted 293. Emin=-0.61993308, Emax=39.05577935
realization 294 / 300 ... accepted 294. Emin=-2.38565490, Emax=35.36493733
realization 295 / 300 ... accepted 295. Emin=-5.48480796, Emax=32.82337080
realization 296 / 300 ... accepted 296. Emin=-6.49111121, Emax=32.43021478
realization 297 / 300 ... accepted 297. Emin=-3.01695889, Emax=34.70077993
realization 298 / 300 ... accepted 298. Emin=-2.52627995, Emax=36.06681153
realization 299 / 300 ... accepted 299. Emin=1.21014129, Emax=38.93776202
realization 300 / 300 ... accepted 300. Emin=-0.40907613, Emax=38.90241658
Saved final energies: /home/2/kj405942/POLFED_bosons/pbs_bose_legacy_nmax2_periodic/data/U_5/W_2/L_6/N_6_nmax_2/boundary_periodic/energies_full_U5_L6_N6_nmax2_W2_boundaryperiodic_nreal300.txt
Accepted realizations: 300 / 300
Skipped realizations: 0
Job finished at Sun May 31 18:05:25 UTC 2026
