Job started on w21 at Sun May 31 18:03:46 UTC 2026
PBS_JOBID=7731361.kruk-host.ift-klaster.lan
PBS_O_WORKDIR=/home/2/kj405942/POLFED_bosons
Bose-Hubbard: L=6, N=6, nmax=2, dim=141
t=1, U=5, W=7, nreal=300, boundary=periodic, mode=full
Writing partial results to /home/2/kj405942/POLFED_bosons/pbs_bose_legacy_nmax2_periodic/data/U_5/W_7/L_6/N_6_nmax_2/boundary_periodic/energies_full_U5_L6_N6_nmax2_W7_boundaryperiodic_nreal300_partial.txt
realization 1 / 300 ... accepted 1. Emin=0.67805740, Emax=63.76041117
realization 2 / 300 ... accepted 2. Emin=12.93110877, Emax=62.75548531
realization 3 / 300 ... accepted 3. Emin=1.18091951, Emax=52.34700477
realization 4 / 300 ... accepted 4. Emin=-11.12435611, Emax=30.55634627
realization 5 / 300 ... accepted 5. Emin=-2.46292612, Emax=57.64499696
realization 6 / 300 ... accepted 6. Emin=-19.35462183, Emax=28.92582511
realization 7 / 300 ... accepted 7. Emin=-8.15848904, Emax=39.17291300
realization 8 / 300 ... accepted 8. Emin=-9.68357260, Emax=37.88543132
realization 9 / 300 ... accepted 9. Emin=-4.08835217, Emax=52.72096684
realization 10 / 300 ... accepted 10. Emin=-6.89268217, Emax=53.99361643
realization 11 / 300 ... accepted 11. Emin=2.58288446, Emax=58.16534569
realization 12 / 300 ... accepted 12. Emin=-8.95774774, Emax=52.75995372
realization 13 / 300 ... accepted 13. Emin=8.52930001, Emax=59.77536712
realization 14 / 300 ... accepted 14. Emin=1.59085716, Emax=62.69227864
realization 15 / 300 ... accepted 15. Emin=12.35303742, Emax=62.43651623
realization 16 / 300 ... accepted 16. Emin=4.11450425, Emax=47.74728801
realization 17 / 300 ... accepted 17. Emin=10.80681549, Emax=53.58183606
realization 18 / 300 ... accepted 18. Emin=-10.65722822, Emax=33.72869186
realization 19 / 300 ... accepted 19. Emin=-21.18719031, Emax=32.09953618
realization 20 / 300 ... accepted 20. Emin=-9.35038997, Emax=47.80710802
realization 21 / 300 ... accepted 21. Emin=-16.39469775, Emax=42.90324590
realization 22 / 300 ... accepted 22. Emin=12.49026876, Emax=66.37670308
realization 23 / 300 ... accepted 23. Emin=-6.90609349, Emax=48.96004392
realization 24 / 300 ... accepted 24. Emin=-10.33970690, Emax=48.73883141
realization 25 / 300 ... accepted 25. Emin=-7.08966216, Emax=46.35396676
realization 26 / 300 ... accepted 26. Emin=-13.77147365, Emax=45.61605981
realization 27 / 300 ... accepted 27. Emin=-12.82892659, Emax=44.41041111
realization 28 / 300 ... accepted 28. Emin=-1.87746331, Emax=51.08780389
realization 29 / 300 ... accepted 29. Emin=-11.25450662, Emax=37.59582997
realization 30 / 300 ... accepted 30. Emin=-6.04439773, Emax=39.66015455
realization 31 / 300 ... accepted 31. Emin=2.88989700, Emax=57.55635547
realization 32 / 300 ... accepted 32. Emin=-4.97107179, Emax=48.13686943
realization 33 / 300 ... accepted 33. Emin=-13.11131361, Emax=46.00313220
realization 34 / 300 ... accepted 34. Emin=7.01381117, Emax=63.96578048
realization 35 / 300 ... accepted 35. Emin=-3.93285169, Emax=45.41424320
realization 36 / 300 ... accepted 36. Emin=-17.34312037, Emax=40.48333139
realization 37 / 300 ... accepted 37. Emin=0.76884911, Emax=49.83178587
realization 38 / 300 ... accepted 38. Emin=-12.81784397, Emax=43.31051338
realization 39 / 300 ... accepted 39. Emin=-7.01500329, Emax=57.66844374
realization 40 / 300 ... accepted 40. Emin=-10.53624212, Emax=36.38303429
realization 41 / 300 ... accepted 41. Emin=1.38879818, Emax=56.97788795
realization 42 / 300 ... accepted 42. Emin=-21.41904907, Emax=21.56070027
realization 43 / 300 ... accepted 43. Emin=11.15717735, Emax=61.23258476
realization 44 / 300 ... accepted 44. Emin=-0.92172590, Emax=44.08218007
realization 45 / 300 ... accepted 45. Emin=17.66659481, Emax=63.22210496
realization 46 / 300 ... accepted 46. Emin=3.88360336, Emax=54.15402194
realization 47 / 300 ... accepted 47. Emin=-5.61008217, Emax=49.80705125
realization 48 / 300 ... accepted 48. Emin=-10.89683863, Emax=49.35329928
realization 49 / 300 ... accepted 49. Emin=2.97634929, Emax=54.49136405
realization 50 / 300 ... accepted 50. Emin=-2.54592822, Emax=45.14836088
realization 51 / 300 ... accepted 51. Emin=-4.83305257, Emax=46.08709409
realization 52 / 300 ... accepted 52. Emin=-8.76232839, Emax=41.72350801
realization 53 / 300 ... accepted 53. Emin=1.74264820, Emax=54.41064592
realization 54 / 300 ... accepted 54. Emin=7.97365750, Emax=56.56258732
realization 55 / 300 ... accepted 55. Emin=-1.83990202, Emax=46.95516747
realization 56 / 300 ... accepted 56. Emin=-12.43405311, Emax=49.04535913
realization 57 / 300 ... accepted 57. Emin=-6.98883770, Emax=48.15335001
realization 58 / 300 ... accepted 58. Emin=0.88905691, Emax=59.62155601
realization 59 / 300 ... accepted 59. Emin=-4.46984848, Emax=42.59867376
realization 60 / 300 ... accepted 60. Emin=-2.47814238, Emax=50.60418845
realization 61 / 300 ... accepted 61. Emin=-4.19766717, Emax=37.85182724
realization 62 / 300 ... accepted 62. Emin=-5.19717756, Emax=54.11589557
realization 63 / 300 ... accepted 63. Emin=-5.67256164, Emax=37.00209313
realization 64 / 300 ... accepted 64. Emin=-27.32946987, Emax=18.05468303
realization 65 / 300 ... accepted 65. Emin=7.71700945, Emax=51.04799634
realization 66 / 300 ... accepted 66. Emin=-14.10139092, Emax=50.57964672
realization 67 / 300 ... accepted 67. Emin=-11.69452689, Emax=43.49785522
realization 68 / 300 ... accepted 68. Emin=-8.92602900, Emax=41.09819185
realization 69 / 300 ... accepted 69. Emin=-11.78798024, Emax=41.46762325
realization 70 / 300 ... accepted 70. Emin=23.98310244, Emax=65.57900525
realization 71 / 300 ... accepted 71. Emin=10.24189520, Emax=60.60143493
realization 72 / 300 ... accepted 72. Emin=-14.72010226, Emax=42.45157487
realization 73 / 300 ... accepted 73. Emin=-11.14166237, Emax=45.44584724
realization 74 / 300 ... accepted 74. Emin=1.14937318, Emax=63.04420009
realization 75 / 300 ... accepted 75. Emin=11.53790741, Emax=58.40573018
realization 76 / 300 ... accepted 76. Emin=-10.60017304, Emax=49.29465249
realization 77 / 300 ... accepted 77. Emin=-28.08243034, Emax=13.55711817
realization 78 / 300 ... accepted 78. Emin=6.24291828, Emax=54.56751639
realization 79 / 300 ... accepted 79. Emin=-4.28607274, Emax=45.16004098
realization 80 / 300 ... accepted 80. Emin=-2.86487843, Emax=58.76919843
realization 81 / 300 ... accepted 81. Emin=-6.07002867, Emax=50.35948346
realization 82 / 300 ... accepted 82. Emin=11.40545826, Emax=58.63111879
realization 83 / 300 ... accepted 83. Emin=-6.54318286, Emax=54.68817194
realization 84 / 300 ... accepted 84. Emin=-6.32206526, Emax=47.12247456
realization 85 / 300 ... accepted 85. Emin=-2.49311734, Emax=52.47247615
realization 86 / 300 ... accepted 86. Emin=-3.67992156, Emax=36.74949226
realization 87 / 300 ... accepted 87. Emin=-14.02692605, Emax=32.54723521
realization 88 / 300 ... accepted 88. Emin=-14.25435909, Emax=36.62068387
realization 89 / 300 ... accepted 89. Emin=-1.38360679, Emax=48.35733223
realization 90 / 300 ... accepted 90. Emin=-1.03256427, Emax=42.41233866
realization 91 / 300 ... accepted 91. Emin=-19.10107106, Emax=47.00021737
realization 92 / 300 ... accepted 92. Emin=18.06355809, Emax=59.59866402
realization 93 / 300 ... accepted 93. Emin=-15.57048583, Emax=45.95442057
realization 94 / 300 ... accepted 94. Emin=1.97696148, Emax=52.93396314
realization 95 / 300 ... accepted 95. Emin=-0.32580639, Emax=56.06881889
realization 96 / 300 ... accepted 96. Emin=0.98629835, Emax=64.87836020
realization 97 / 300 ... accepted 97. Emin=8.10590899, Emax=51.20599365
realization 98 / 300 ... accepted 98. Emin=-9.13708554, Emax=43.74935716
realization 99 / 300 ... accepted 99. Emin=0.49645011, Emax=53.96164959
realization 100 / 300 ... accepted 100. Emin=-14.57769861, Emax=40.85861615
realization 101 / 300 ... accepted 101. Emin=1.93567713, Emax=55.09852098
realization 102 / 300 ... accepted 102. Emin=-16.01671607, Emax=37.12426151
realization 103 / 300 ... accepted 103. Emin=-13.28814337, Emax=37.94358517
realization 104 / 300 ... accepted 104. Emin=12.69431573, Emax=58.06753554
realization 105 / 300 ... accepted 105. Emin=0.35566483, Emax=54.21385574
realization 106 / 300 ... accepted 106. Emin=-8.23351233, Emax=40.51662053
realization 107 / 300 ... accepted 107. Emin=-15.02166217, Emax=36.63206331
realization 108 / 300 ... accepted 108. Emin=-7.86462230, Emax=43.66179446
realization 109 / 300 ... accepted 109. Emin=-5.35152928, Emax=58.47764514
realization 110 / 300 ... accepted 110. Emin=10.66792270, Emax=56.03987365
realization 111 / 300 ... accepted 111. Emin=-8.08984801, Emax=51.28142580
realization 112 / 300 ... accepted 112. Emin=-18.43047747, Emax=28.93508110
realization 113 / 300 ... accepted 113. Emin=-4.50711572, Emax=50.47735649
realization 114 / 300 ... accepted 114. Emin=2.74442295, Emax=54.69835837
realization 115 / 300 ... accepted 115. Emin=-3.33108676, Emax=54.03528355
realization 116 / 300 ... accepted 116. Emin=-11.50792614, Emax=43.33657048
realization 117 / 300 ... accepted 117. Emin=0.47036242, Emax=50.19691372
realization 118 / 300 ... accepted 118. Emin=-5.34506079, Emax=47.38424215
realization 119 / 300 ... accepted 119. Emin=-2.02754407, Emax=51.94983670
realization 120 / 300 ... accepted 120. Emin=-6.87726456, Emax=54.87869710
realization 121 / 300 ... accepted 121. Emin=21.45970292, Emax=63.86315676
realization 122 / 300 ... accepted 122. Emin=0.53745631, Emax=44.86627756
realization 123 / 300 ... accepted 123. Emin=-14.18754998, Emax=42.22833719
realization 124 / 300 ... accepted 124. Emin=8.51898455, Emax=64.05029509
realization 125 / 300 ... accepted 125. Emin=-4.89278743, Emax=55.85567821
realization 126 / 300 ... accepted 126. Emin=16.92811827, Emax=59.47129152
realization 127 / 300 ... accepted 127. Emin=-1.65025757, Emax=52.95648975
realization 128 / 300 ... accepted 128. Emin=0.40787140, Emax=45.45536700
realization 129 / 300 ... accepted 129. Emin=5.80398143, Emax=54.49602878
realization 130 / 300 ... accepted 130. Emin=-14.77757055, Emax=40.86858350
realization 131 / 300 ... accepted 131. Emin=-4.88901112, Emax=66.51629505
realization 132 / 300 ... accepted 132. Emin=0.17049121, Emax=57.89920381
realization 133 / 300 ... accepted 133. Emin=-2.14862373, Emax=61.67795106
realization 134 / 300 ... accepted 134. Emin=-8.53592880, Emax=46.61429277
realization 135 / 300 ... accepted 135. Emin=-8.38596450, Emax=39.53846130
realization 136 / 300 ... accepted 136. Emin=-19.01730809, Emax=29.05159046
realization 137 / 300 ... accepted 137. Emin=1.32807435, Emax=60.58410859
realization 138 / 300 ... accepted 138. Emin=-5.60171206, Emax=43.07827981
realization 139 / 300 ... accepted 139. Emin=-15.61001620, Emax=32.94983352
realization 140 / 300 ... accepted 140. Emin=-31.96679225, Emax=10.47463689
realization 141 / 300 ... accepted 141. Emin=-8.44376488, Emax=39.22242808
realization 142 / 300 ... accepted 142. Emin=-6.35334577, Emax=51.42482555
realization 143 / 300 ... accepted 143. Emin=-13.20264043, Emax=33.29180904
realization 144 / 300 ... accepted 144. Emin=2.41795295, Emax=50.81075850
realization 145 / 300 ... accepted 145. Emin=-10.24932619, Emax=41.73831324
realization 146 / 300 ... accepted 146. Emin=16.64738156, Emax=61.42717472
realization 147 / 300 ... accepted 147. Emin=-4.93860927, Emax=52.28199881
realization 148 / 300 ... accepted 148. Emin=13.41291550, Emax=65.83305306
realization 149 / 300 ... accepted 149. Emin=-7.42282225, Emax=43.25391813
realization 150 / 300 ... accepted 150. Emin=2.41361157, Emax=57.38827406
realization 151 / 300 ... accepted 151. Emin=-18.93390585, Emax=39.89019650
realization 152 / 300 ... accepted 152. Emin=-13.47650322, Emax=44.89403376
realization 153 / 300 ... accepted 153. Emin=-8.48705140, Emax=56.21315286
realization 154 / 300 ... accepted 154. Emin=-2.59540778, Emax=59.83714420
realization 155 / 300 ... accepted 155. Emin=-11.11312581, Emax=55.81763317
realization 156 / 300 ... accepted 156. Emin=-18.60417116, Emax=32.77653181
realization 157 / 300 ... accepted 157. Emin=20.29392783, Emax=61.56868043
realization 158 / 300 ... accepted 158. Emin=-14.29329877, Emax=35.33353737
realization 159 / 300 ... accepted 159. Emin=-4.56814123, Emax=47.45791959
realization 160 / 300 ... accepted 160. Emin=1.18014712, Emax=66.01324265
realization 161 / 300 ... accepted 161. Emin=-9.82222393, Emax=48.98427172
realization 162 / 300 ... accepted 162. Emin=-0.57129378, Emax=53.07892257
realization 163 / 300 ... accepted 163. Emin=11.15986639, Emax=61.52493350
realization 164 / 300 ... accepted 164. Emin=2.20043603, Emax=60.79285413
realization 165 / 300 ... accepted 165. Emin=5.33443734, Emax=56.40374388
realization 166 / 300 ... accepted 166. Emin=-14.99159924, Emax=44.60312996
realization 167 / 300 ... accepted 167. Emin=7.22397292, Emax=62.23917478
realization 168 / 300 ... accepted 168. Emin=3.84766174, Emax=51.42691389
realization 169 / 300 ... accepted 169. Emin=-14.82562429, Emax=35.01703512
realization 170 / 300 ... accepted 170. Emin=-5.63382140, Emax=48.10568164
realization 171 / 300 ... accepted 171. Emin=-26.57898663, Emax=22.24845094
realization 172 / 300 ... accepted 172. Emin=-10.30490917, Emax=55.91138079
realization 173 / 300 ... accepted 173. Emin=-18.54169351, Emax=31.74656125
realization 174 / 300 ... accepted 174. Emin=-8.36809239, Emax=41.35183692
realization 175 / 300 ... accepted 175. Emin=-3.90429268, Emax=55.00538299
realization 176 / 300 ... accepted 176. Emin=-2.53889630, Emax=40.27811834
realization 177 / 300 ... accepted 177. Emin=16.61703010, Emax=60.67330765
realization 178 / 300 ... accepted 178. Emin=-9.95399504, Emax=46.70026805
realization 179 / 300 ... accepted 179. Emin=-11.25699875, Emax=44.32275808
realization 180 / 300 ... accepted 180. Emin=-9.82741002, Emax=43.35212773
realization 181 / 300 ... accepted 181. Emin=-1.29247235, Emax=55.51552205
realization 182 / 300 ... accepted 182. Emin=10.35314588, Emax=62.00257465
realization 183 / 300 ... accepted 183. Emin=-7.57783316, Emax=49.80326856
realization 184 / 300 ... accepted 184. Emin=-4.48589882, Emax=41.54993136
realization 185 / 300 ... accepted 185. Emin=8.83773341, Emax=62.86197349
realization 186 / 300 ... accepted 186. Emin=2.76610846, Emax=52.13223600
realization 187 / 300 ... accepted 187. Emin=-15.97936957, Emax=31.22762041
realization 188 / 300 ... accepted 188. Emin=-27.53840335, Emax=22.26502294
realization 189 / 300 ... accepted 189. Emin=-9.27361311, Emax=56.18650087
realization 190 / 300 ... accepted 190. Emin=5.43270240, Emax=53.53587347
realization 191 / 300 ... accepted 191. Emin=-12.02691809, Emax=40.07927364
realization 192 / 300 ... accepted 192. Emin=-3.89074561, Emax=48.68070788
realization 193 / 300 ... accepted 193. Emin=3.18537372, Emax=49.98378792
realization 194 / 300 ... accepted 194. Emin=-26.89219327, Emax=18.13470746
realization 195 / 300 ... accepted 195. Emin=-12.45758568, Emax=32.26313022
realization 196 / 300 ... accepted 196. Emin=2.63357079, Emax=58.81742034
realization 197 / 300 ... accepted 197. Emin=-17.93264654, Emax=35.85098782
realization 198 / 300 ... accepted 198. Emin=-17.86648718, Emax=34.13481739
realization 199 / 300 ... accepted 199. Emin=-19.89910195, Emax=25.52366699
realization 200 / 300 ... accepted 200. Emin=-5.20993118, Emax=42.09431087
realization 201 / 300 ... accepted 201. Emin=-2.44991909, Emax=50.45206304
realization 202 / 300 ... accepted 202. Emin=1.04992833, Emax=54.98162911
realization 203 / 300 ... accepted 203. Emin=-6.71253952, Emax=53.23392047
realization 204 / 300 ... accepted 204. Emin=-3.95276791, Emax=53.93908576
realization 205 / 300 ... accepted 205. Emin=-10.70340783, Emax=32.22847658
realization 206 / 300 ... accepted 206. Emin=3.64028177, Emax=55.43445281
realization 207 / 300 ... accepted 207. Emin=3.45965746, Emax=56.10928412
realization 208 / 300 ... accepted 208. Emin=1.30197217, Emax=48.08410172
realization 209 / 300 ... accepted 209. Emin=-11.59362951, Emax=45.74038508
realization 210 / 300 ... accepted 210. Emin=-16.49470684, Emax=32.39877474
realization 211 / 300 ... accepted 211. Emin=-7.63799318, Emax=45.39353217
realization 212 / 300 ... accepted 212. Emin=3.48140399, Emax=52.90019606
realization 213 / 300 ... accepted 213. Emin=-10.24333597, Emax=35.75162436
realization 214 / 300 ... accepted 214. Emin=4.28516845, Emax=61.63044567
realization 215 / 300 ... accepted 215. Emin=18.49471297, Emax=63.81127846
realization 216 / 300 ... accepted 216. Emin=-0.63629895, Emax=47.94641446
realization 217 / 300 ... accepted 217. Emin=-8.85833821, Emax=40.81906239
realization 218 / 300 ... accepted 218. Emin=-2.31884484, Emax=51.69084559
realization 219 / 300 ... accepted 219. Emin=-8.40986213, Emax=43.77438579
realization 220 / 300 ... accepted 220. Emin=-7.98026421, Emax=50.07785813
realization 221 / 300 ... accepted 221. Emin=-2.43605105, Emax=48.03835409
realization 222 / 300 ... accepted 222. Emin=-4.58315784, Emax=38.55209934
realization 223 / 300 ... accepted 223. Emin=-13.42010344, Emax=33.68673773
realization 224 / 300 ... accepted 224. Emin=-9.06373165, Emax=48.45137895
realization 225 / 300 ... accepted 225. Emin=0.19943633, Emax=55.56871762
realization 226 / 300 ... accepted 226. Emin=-10.42469937, Emax=41.86905269
realization 227 / 300 ... accepted 227. Emin=-1.44010626, Emax=54.25497844
realization 228 / 300 ... accepted 228. Emin=-13.37840607, Emax=41.52978522
realization 229 / 300 ... accepted 229. Emin=8.16271438, Emax=63.03578068
realization 230 / 300 ... accepted 230. Emin=-6.83812389, Emax=46.51371686
realization 231 / 300 ... accepted 231. Emin=-6.78721246, Emax=43.72584646
realization 232 / 300 ... accepted 232. Emin=11.62298776, Emax=54.55853849
realization 233 / 300 ... accepted 233. Emin=-8.25395409, Emax=48.76442658
realization 234 / 300 ... accepted 234. Emin=-4.72438246, Emax=41.85163726
realization 235 / 300 ... accepted 235. Emin=1.53950181, Emax=63.08807213
realization 236 / 300 ... accepted 236. Emin=-9.30655951, Emax=30.81607763
realization 237 / 300 ... accepted 237. Emin=5.47417696, Emax=60.16090366
realization 238 / 300 ... accepted 238. Emin=-3.22201942, Emax=64.88847564
realization 239 / 300 ... accepted 239. Emin=2.35989429, Emax=55.00595288
realization 240 / 300 ... accepted 240. Emin=2.25467474, Emax=58.57244577
realization 241 / 300 ... accepted 241. Emin=-13.84016197, Emax=40.41270054
realization 242 / 300 ... accepted 242. Emin=-19.75499572, Emax=28.53674111
realization 243 / 300 ... accepted 243. Emin=-5.50665738, Emax=47.78642739
realization 244 / 300 ... accepted 244. Emin=5.89272039, Emax=59.37340391
realization 245 / 300 ... accepted 245. Emin=-8.09585422, Emax=39.76987013
realization 246 / 300 ... accepted 246. Emin=5.48819080, Emax=53.32754556
realization 247 / 300 ... accepted 247. Emin=-3.47990081, Emax=58.86768161
realization 248 / 300 ... accepted 248. Emin=0.97319829, Emax=47.56364920
realization 249 / 300 ... accepted 249. Emin=-12.01894814, Emax=50.47925254
realization 250 / 300 ... accepted 250. Emin=10.39568039, Emax=59.18693448
realization 251 / 300 ... accepted 251. Emin=-22.14108309, Emax=24.68355940
realization 252 / 300 ... accepted 252. Emin=0.60760530, Emax=61.16832291
realization 253 / 300 ... accepted 253. Emin=-32.27587766, Emax=8.71164441
realization 254 / 300 ... accepted 254. Emin=-6.01812394, Emax=55.47492452
realization 255 / 300 ... accepted 255. Emin=9.95553841, Emax=58.82569168
realization 256 / 300 ... accepted 256. Emin=-10.89384285, Emax=36.81378670
realization 257 / 300 ... accepted 257. Emin=0.34657210, Emax=49.44740734
realization 258 / 300 ... accepted 258. Emin=-15.22423454, Emax=51.05098404
realization 259 / 300 ... accepted 259. Emin=-13.21800604, Emax=51.03141009
realization 260 / 300 ... accepted 260. Emin=-3.51916353, Emax=57.23081789
realization 261 / 300 ... accepted 261. Emin=16.94306848, Emax=64.72994011
realization 262 / 300 ... accepted 262. Emin=-11.17964802, Emax=57.72781928
realization 263 / 300 ... accepted 263. Emin=-9.61001253, Emax=55.96747858
realization 264 / 300 ... accepted 264. Emin=-3.50452306, Emax=45.31892683
realization 265 / 300 ... accepted 265. Emin=2.82452403, Emax=68.83520574
realization 266 / 300 ... accepted 266. Emin=-5.67177258, Emax=49.45729777
realization 267 / 300 ... accepted 267. Emin=-4.36946916, Emax=55.64883831
realization 268 / 300 ... accepted 268. Emin=10.95181555, Emax=57.04227569
realization 269 / 300 ... accepted 269. Emin=-13.89829585, Emax=40.26297986
realization 270 / 300 ... accepted 270. Emin=2.20280821, Emax=60.73772331
realization 271 / 300 ... accepted 271. Emin=4.08279169, Emax=54.85418990
realization 272 / 300 ... accepted 272. Emin=14.12820840, Emax=61.73468480
realization 273 / 300 ... accepted 273. Emin=-2.53903217, Emax=48.72391860
realization 274 / 300 ... accepted 274. Emin=-13.83874844, Emax=43.71513520
realization 275 / 300 ... accepted 275. Emin=4.97705373, Emax=55.97191181
realization 276 / 300 ... accepted 276. Emin=-10.69394415, Emax=47.75290711
realization 277 / 300 ... accepted 277. Emin=5.21055859, Emax=47.98541811
realization 278 / 300 ... accepted 278. Emin=-9.68251775, Emax=46.92997375
realization 279 / 300 ... accepted 279. Emin=-7.79254079, Emax=45.49848287
realization 280 / 300 ... accepted 280. Emin=-8.31628138, Emax=41.63341561
realization 281 / 300 ... accepted 281. Emin=-2.39518077, Emax=44.65321145
realization 282 / 300 ... accepted 282. Emin=-18.74707056, Emax=40.17335017
realization 283 / 300 ... accepted 283. Emin=-18.29542578, Emax=46.57386074
realization 284 / 300 ... accepted 284. Emin=-17.03102767, Emax=38.14844181
realization 285 / 300 ... accepted 285. Emin=-4.14712132, Emax=51.85735945
realization 286 / 300 ... accepted 286. Emin=-14.10235769, Emax=64.99549081
realization 287 / 300 ... accepted 287. Emin=-2.70963271, Emax=46.14137002
realization 288 / 300 ... accepted 288. Emin=4.68355839, Emax=56.53423223
realization 289 / 300 ... accepted 289. Emin=-24.64838093, Emax=27.19073408
realization 290 / 300 ... accepted 290. Emin=-4.03445047, Emax=50.98101598
realization 291 / 300 ... accepted 291. Emin=-18.82737968, Emax=28.23822208
realization 292 / 300 ... accepted 292. Emin=-11.45275665, Emax=53.11297942
realization 293 / 300 ... accepted 293. Emin=-0.98397450, Emax=57.83466855
realization 294 / 300 ... accepted 294. Emin=12.44950142, Emax=58.65106243
realization 295 / 300 ... accepted 295. Emin=1.52050539, Emax=48.43053393
realization 296 / 300 ... accepted 296. Emin=-4.12064494, Emax=59.47064184
realization 297 / 300 ... accepted 297. Emin=10.70300314, Emax=63.70156554
realization 298 / 300 ... accepted 298. Emin=5.73445911, Emax=58.35595078
realization 299 / 300 ... accepted 299. Emin=-12.26018017, Emax=34.98581788
realization 300 / 300 ... accepted 300. Emin=6.33104026, Emax=55.17110885
Saved final energies: /home/2/kj405942/POLFED_bosons/pbs_bose_legacy_nmax2_periodic/data/U_5/W_7/L_6/N_6_nmax_2/boundary_periodic/energies_full_U5_L6_N6_nmax2_W7_boundaryperiodic_nreal300.txt
Accepted realizations: 300 / 300
Skipped realizations: 0
Job finished at Sun May 31 18:05:24 UTC 2026
