Job started on w25 at Sun May 31 18:06:50 UTC 2026
PBS_JOBID=7731382.kruk-host.ift-klaster.lan
PBS_O_WORKDIR=/home/2/kj405942/POLFED_bosons
Bose-Hubbard: L=6, N=6, nmax=2, dim=141
t=1, U=6, W=13, nreal=300, boundary=periodic, mode=full
Writing partial results to /home/2/kj405942/POLFED_bosons/pbs_bose_legacy_nmax2_periodic/data/U_6/W_13/L_6/N_6_nmax_2/boundary_periodic/energies_full_U6_L6_N6_nmax2_W13_boundaryperiodic_nreal300_partial.txt
realization 1 / 300 ... accepted 1. Emin=-24.49659042, Emax=54.04541881
realization 2 / 300 ... accepted 2. Emin=-0.46810854, Emax=68.03413519
realization 3 / 300 ... accepted 3. Emin=-20.22999030, Emax=51.50369107
realization 4 / 300 ... accepted 4. Emin=-23.11562727, Emax=88.42390322
realization 5 / 300 ... accepted 5. Emin=10.04188204, Emax=77.37557405
realization 6 / 300 ... accepted 6. Emin=-14.48829252, Emax=69.37486639
realization 7 / 300 ... accepted 7. Emin=-20.49044687, Emax=56.56906381
realization 8 / 300 ... accepted 8. Emin=-31.58166154, Emax=75.35584675
realization 9 / 300 ... accepted 9. Emin=-21.66574447, Emax=64.36109539
realization 10 / 300 ... accepted 10. Emin=-32.42758897, Emax=50.29730173
realization 11 / 300 ... accepted 11. Emin=-5.77620522, Emax=62.14464428
realization 12 / 300 ... accepted 12. Emin=-2.22294660, Emax=82.55154581
realization 13 / 300 ... accepted 13. Emin=25.50497658, Emax=101.42192442
realization 14 / 300 ... accepted 14. Emin=-7.01316813, Emax=84.89005190
realization 15 / 300 ... accepted 15. Emin=8.62566769, Emax=56.77400264
realization 16 / 300 ... accepted 16. Emin=17.77552303, Emax=95.85749112
realization 17 / 300 ... accepted 17. Emin=4.44047535, Emax=66.55463962
realization 18 / 300 ... accepted 18. Emin=18.41580585, Emax=110.83560304
realization 19 / 300 ... accepted 19. Emin=-0.27115871, Emax=87.96100892
realization 20 / 300 ... accepted 20. Emin=-32.80870250, Emax=33.54319536
realization 21 / 300 ... accepted 21. Emin=14.97606683, Emax=77.71657831
realization 22 / 300 ... accepted 22. Emin=-36.85054192, Emax=18.54968539
realization 23 / 300 ... accepted 23. Emin=8.84141579, Emax=76.56273766
realization 24 / 300 ... accepted 24. Emin=-30.50081005, Emax=77.70596183
realization 25 / 300 ... accepted 25. Emin=11.99164198, Emax=86.85541795
realization 26 / 300 ... accepted 26. Emin=8.17416147, Emax=93.10904700
realization 27 / 300 ... accepted 27. Emin=4.14266011, Emax=97.06722684
realization 28 / 300 ... accepted 28. Emin=-31.92383133, Emax=54.65066794
realization 29 / 300 ... accepted 29. Emin=10.75984559, Emax=73.43818788
realization 30 / 300 ... accepted 30. Emin=-33.50646371, Emax=37.29984771
realization 31 / 300 ... accepted 31. Emin=4.89998978, Emax=87.23507887
realization 32 / 300 ... accepted 32. Emin=-7.30973696, Emax=95.31096102
realization 33 / 300 ... accepted 33. Emin=15.90199816, Emax=108.95656948
realization 34 / 300 ... accepted 34. Emin=-14.70484538, Emax=70.27211743
realization 35 / 300 ... accepted 35. Emin=-5.17948782, Emax=67.09231095
realization 36 / 300 ... accepted 36. Emin=-35.13830320, Emax=60.12692165
realization 37 / 300 ... accepted 37. Emin=-3.13434234, Emax=64.07967407
realization 38 / 300 ... accepted 38. Emin=-28.66297283, Emax=42.89572365
realization 39 / 300 ... accepted 39. Emin=-13.10263172, Emax=60.42105410
realization 40 / 300 ... accepted 40. Emin=-22.30568807, Emax=82.06864358
realization 41 / 300 ... accepted 41. Emin=-24.98157882, Emax=53.03354770
realization 42 / 300 ... accepted 42. Emin=-45.81286946, Emax=42.00791565
realization 43 / 300 ... accepted 43. Emin=-15.13673175, Emax=91.92133635
realization 44 / 300 ... accepted 44. Emin=-22.20820899, Emax=53.32302437
realization 45 / 300 ... accepted 45. Emin=-14.56443354, Emax=83.24033492
realization 46 / 300 ... accepted 46. Emin=-13.02790710, Emax=63.71658992
realization 47 / 300 ... accepted 47. Emin=-10.28278185, Emax=100.18457094
realization 48 / 300 ... accepted 48. Emin=-29.58761980, Emax=84.57438478
realization 49 / 300 ... accepted 49. Emin=-15.04286270, Emax=74.68819768
realization 50 / 300 ... accepted 50. Emin=-38.83661233, Emax=35.80698075
realization 51 / 300 ... accepted 51. Emin=-23.22814765, Emax=88.89037626
realization 52 / 300 ... accepted 52. Emin=-15.27665729, Emax=66.00810103
realization 53 / 300 ... accepted 53. Emin=-14.12263438, Emax=64.63900444
realization 54 / 300 ... accepted 54. Emin=28.19863857, Emax=90.82036146
realization 55 / 300 ... accepted 55. Emin=-8.91485675, Emax=76.61991170
realization 56 / 300 ... accepted 56. Emin=-19.30233550, Emax=62.65738428
realization 57 / 300 ... accepted 57. Emin=-31.86908708, Emax=43.61125312
realization 58 / 300 ... accepted 58. Emin=-8.21599951, Emax=85.87765338
realization 59 / 300 ... accepted 59. Emin=14.25153346, Emax=91.53853091
realization 60 / 300 ... accepted 60. Emin=-15.34226783, Emax=66.19149751
realization 61 / 300 ... accepted 61. Emin=-10.30257760, Emax=84.03826320
realization 62 / 300 ... accepted 62. Emin=-2.80992447, Emax=79.23785511
realization 63 / 300 ... accepted 63. Emin=-0.09582061, Emax=69.88943898
realization 64 / 300 ... accepted 64. Emin=2.40182466, Emax=104.25370345
realization 65 / 300 ... accepted 65. Emin=-15.76085841, Emax=75.51965830
realization 66 / 300 ... accepted 66. Emin=-38.28254147, Emax=38.77363348
realization 67 / 300 ... accepted 67. Emin=-24.15729700, Emax=55.57943581
realization 68 / 300 ... accepted 68. Emin=-8.68906115, Emax=89.91101897
realization 69 / 300 ... accepted 69. Emin=-25.48950232, Emax=60.63480865
realization 70 / 300 ... accepted 70. Emin=-28.25700136, Emax=42.75550837
realization 71 / 300 ... accepted 71. Emin=-32.09601226, Emax=67.20774182
realization 72 / 300 ... accepted 72. Emin=15.36491145, Emax=102.50081015
realization 73 / 300 ... accepted 73. Emin=-13.54170338, Emax=58.11284849
realization 74 / 300 ... accepted 74. Emin=26.28851768, Emax=103.36979910
realization 75 / 300 ... accepted 75. Emin=-38.25949919, Emax=51.58694998
realization 76 / 300 ... accepted 76. Emin=-4.40196044, Emax=81.45111912
realization 77 / 300 ... accepted 77. Emin=-29.70072934, Emax=44.42706873
realization 78 / 300 ... accepted 78. Emin=-29.09139507, Emax=62.75520928
realization 79 / 300 ... accepted 79. Emin=-16.15790285, Emax=35.83650155
realization 80 / 300 ... accepted 80. Emin=23.94801946, Emax=95.98864493
realization 81 / 300 ... accepted 81. Emin=-38.67954386, Emax=14.47122123
realization 82 / 300 ... accepted 82. Emin=-24.98664380, Emax=51.54083977
realization 83 / 300 ... accepted 83. Emin=-23.89083025, Emax=92.20092914
realization 84 / 300 ... accepted 84. Emin=8.33965851, Emax=66.15347635
realization 85 / 300 ... accepted 85. Emin=-32.26225632, Emax=50.46265409
realization 86 / 300 ... accepted 86. Emin=-31.01570958, Emax=44.13593296
realization 87 / 300 ... accepted 87. Emin=-7.44880841, Emax=70.24911241
realization 88 / 300 ... accepted 88. Emin=-15.75786020, Emax=68.88230391
realization 89 / 300 ... accepted 89. Emin=-16.49549013, Emax=83.07735448
realization 90 / 300 ... accepted 90. Emin=-29.42614343, Emax=40.11765033
realization 91 / 300 ... accepted 91. Emin=-21.22211761, Emax=67.42162601
realization 92 / 300 ... accepted 92. Emin=-18.79194893, Emax=89.49420956
realization 93 / 300 ... accepted 93. Emin=23.40374491, Emax=91.30312910
realization 94 / 300 ... accepted 94. Emin=12.40364266, Emax=73.10103625
realization 95 / 300 ... accepted 95. Emin=-40.16094719, Emax=33.36222777
realization 96 / 300 ... accepted 96. Emin=21.49925426, Emax=80.34892071
realization 97 / 300 ... accepted 97. Emin=-0.48811809, Emax=56.16792863
realization 98 / 300 ... accepted 98. Emin=10.60829279, Emax=85.68480435
realization 99 / 300 ... accepted 99. Emin=-33.31818333, Emax=39.04879975
realization 100 / 300 ... accepted 100. Emin=-35.39759615, Emax=52.40486205
realization 101 / 300 ... accepted 101. Emin=-3.02963785, Emax=72.30948092
realization 102 / 300 ... accepted 102. Emin=13.64096511, Emax=80.34474475
realization 103 / 300 ... accepted 103. Emin=22.27739697, Emax=106.12097726
realization 104 / 300 ... accepted 104. Emin=-20.71225769, Emax=41.00072485
realization 105 / 300 ... accepted 105. Emin=-10.07138506, Emax=86.35545848
realization 106 / 300 ... accepted 106. Emin=-44.74658626, Emax=11.21745146
realization 107 / 300 ... accepted 107. Emin=-23.24697793, Emax=59.84328479
realization 108 / 300 ... accepted 108. Emin=6.79148761, Emax=99.83824530
realization 109 / 300 ... accepted 109. Emin=-11.24202188, Emax=68.46934972
realization 110 / 300 ... accepted 110. Emin=-43.76315875, Emax=11.83569832
realization 111 / 300 ... accepted 111. Emin=-2.82724164, Emax=69.35104460
realization 112 / 300 ... accepted 112. Emin=-9.23789170, Emax=71.61803748
realization 113 / 300 ... accepted 113. Emin=-23.99464969, Emax=107.70431927
realization 114 / 300 ... accepted 114. Emin=-10.50756620, Emax=75.29716825
realization 115 / 300 ... accepted 115. Emin=-16.57724995, Emax=58.61003522
realization 116 / 300 ... accepted 116. Emin=3.92683552, Emax=84.42651739
realization 117 / 300 ... accepted 117. Emin=-35.82548769, Emax=42.77274652
realization 118 / 300 ... accepted 118. Emin=-31.59231390, Emax=89.99111971
realization 119 / 300 ... accepted 119. Emin=-23.02147810, Emax=63.95567808
realization 120 / 300 ... accepted 120. Emin=-40.11128412, Emax=34.37912003
realization 121 / 300 ... accepted 121. Emin=-50.79636139, Emax=11.23357196
realization 122 / 300 ... accepted 122. Emin=-40.37113488, Emax=54.80814996
realization 123 / 300 ... accepted 123. Emin=-34.93215272, Emax=30.45187448
realization 124 / 300 ... accepted 124. Emin=1.65239230, Emax=109.83281846
realization 125 / 300 ... accepted 125. Emin=-15.36158495, Emax=49.45069917
realization 126 / 300 ... accepted 126. Emin=-16.02931147, Emax=69.11017546
realization 127 / 300 ... accepted 127. Emin=-46.22365899, Emax=48.04708952
realization 128 / 300 ... accepted 128. Emin=3.39790716, Emax=77.20006168
realization 129 / 300 ... accepted 129. Emin=-14.35534099, Emax=72.39508389
realization 130 / 300 ... accepted 130. Emin=-31.14288758, Emax=31.83674117
realization 131 / 300 ... accepted 131. Emin=-4.30353998, Emax=73.85177486
realization 132 / 300 ... accepted 132. Emin=-1.53760516, Emax=73.31535095
realization 133 / 300 ... accepted 133. Emin=-20.03812610, Emax=72.47219393
realization 134 / 300 ... accepted 134. Emin=30.13976842, Emax=101.65357012
realization 135 / 300 ... accepted 135. Emin=25.48035195, Emax=102.64478637
realization 136 / 300 ... accepted 136. Emin=-39.73619223, Emax=52.38681443
realization 137 / 300 ... accepted 137. Emin=-9.10206985, Emax=66.71065245
realization 138 / 300 ... accepted 138. Emin=-20.47043956, Emax=58.48360000
realization 139 / 300 ... accepted 139. Emin=10.28811519, Emax=92.85840768
realization 140 / 300 ... accepted 140. Emin=8.99158041, Emax=97.83952413
realization 141 / 300 ... accepted 141. Emin=-42.39367310, Emax=35.05893041
realization 142 / 300 ... accepted 142. Emin=-31.64133586, Emax=61.57072531
realization 143 / 300 ... accepted 143. Emin=-14.47956102, Emax=57.10045717
realization 144 / 300 ... accepted 144. Emin=-17.81379456, Emax=73.67518953
realization 145 / 300 ... accepted 145. Emin=-18.63408506, Emax=61.58440142
realization 146 / 300 ... accepted 146. Emin=-32.20458139, Emax=29.68048283
realization 147 / 300 ... accepted 147. Emin=-24.97749700, Emax=64.15804533
realization 148 / 300 ... accepted 148. Emin=6.40326436, Emax=91.81803689
realization 149 / 300 ... accepted 149. Emin=35.64638201, Emax=102.53690314
realization 150 / 300 ... accepted 150. Emin=-18.81357136, Emax=77.54709341
realization 151 / 300 ... accepted 151. Emin=-7.10369061, Emax=75.86864226
realization 152 / 300 ... accepted 152. Emin=11.42574848, Emax=74.22945772
realization 153 / 300 ... accepted 153. Emin=-7.58563062, Emax=87.32758073
realization 154 / 300 ... accepted 154. Emin=-6.96605887, Emax=104.50973387
realization 155 / 300 ... accepted 155. Emin=9.15506441, Emax=98.87147927
realization 156 / 300 ... accepted 156. Emin=-4.69039761, Emax=66.76030743
realization 157 / 300 ... accepted 157. Emin=-32.82122690, Emax=71.55185706
realization 158 / 300 ... accepted 158. Emin=-5.87961548, Emax=74.35437740
realization 159 / 300 ... accepted 159. Emin=-18.71370248, Emax=63.90410661
realization 160 / 300 ... accepted 160. Emin=-20.81654788, Emax=89.41047242
realization 161 / 300 ... accepted 161. Emin=-10.59825075, Emax=99.10633658
realization 162 / 300 ... accepted 162. Emin=18.06618468, Emax=80.17005296
realization 163 / 300 ... accepted 163. Emin=-1.15189393, Emax=93.56799002
realization 164 / 300 ... accepted 164. Emin=-19.10363489, Emax=61.69436854
realization 165 / 300 ... accepted 165. Emin=-35.81483909, Emax=48.12340233
realization 166 / 300 ... accepted 166. Emin=-11.60603077, Emax=97.07782498
realization 167 / 300 ... accepted 167. Emin=-13.24068575, Emax=76.49136516
realization 168 / 300 ... accepted 168. Emin=-22.47905628, Emax=77.05926196
realization 169 / 300 ... accepted 169. Emin=-20.33330383, Emax=104.65895095
realization 170 / 300 ... accepted 170. Emin=-39.36057817, Emax=61.96612628
realization 171 / 300 ... accepted 171. Emin=-5.63978313, Emax=89.16903859
realization 172 / 300 ... accepted 172. Emin=-38.74189428, Emax=47.06582888
realization 173 / 300 ... accepted 173. Emin=-42.03677432, Emax=39.04736502
realization 174 / 300 ... accepted 174. Emin=0.79425475, Emax=71.78797990
realization 175 / 300 ... accepted 175. Emin=-2.18163146, Emax=73.82926827
realization 176 / 300 ... accepted 176. Emin=-39.17055411, Emax=32.88116122
realization 177 / 300 ... accepted 177. Emin=-20.34151706, Emax=57.59419014
realization 178 / 300 ... accepted 178. Emin=-13.38019352, Emax=71.79618728
realization 179 / 300 ... accepted 179. Emin=0.76543794, Emax=84.45717327
realization 180 / 300 ... accepted 180. Emin=-27.29095096, Emax=76.42488916
realization 181 / 300 ... accepted 181. Emin=-20.02306396, Emax=55.77509581
realization 182 / 300 ... accepted 182. Emin=-22.30868062, Emax=83.98679969
realization 183 / 300 ... accepted 183. Emin=-20.31230226, Emax=66.48972943
realization 184 / 300 ... accepted 184. Emin=-13.07563047, Emax=76.91066160
realization 185 / 300 ... accepted 185. Emin=-30.25158491, Emax=35.38014152
realization 186 / 300 ... accepted 186. Emin=-32.83545595, Emax=59.66212567
realization 187 / 300 ... accepted 187. Emin=16.88653362, Emax=88.68785846
realization 188 / 300 ... accepted 188. Emin=-50.61491394, Emax=28.81983938
realization 189 / 300 ... accepted 189. Emin=2.90069629, Emax=87.75590598
realization 190 / 300 ... accepted 190. Emin=-4.85516084, Emax=86.51129171
realization 191 / 300 ... accepted 191. Emin=-10.55679262, Emax=68.90255840
realization 192 / 300 ... accepted 192. Emin=11.51753356, Emax=95.82352096
realization 193 / 300 ... accepted 193. Emin=-29.03166661, Emax=64.23450408
realization 194 / 300 ... accepted 194. Emin=-32.55997915, Emax=82.31629901
realization 195 / 300 ... accepted 195. Emin=28.59476747, Emax=90.16970052
realization 196 / 300 ... accepted 196. Emin=-19.64416229, Emax=78.06771385
realization 197 / 300 ... accepted 197. Emin=21.46662721, Emax=96.74460897
realization 198 / 300 ... accepted 198. Emin=-6.73440706, Emax=85.60159404
realization 199 / 300 ... accepted 199. Emin=11.82914307, Emax=83.00399724
realization 200 / 300 ... accepted 200. Emin=-27.23324787, Emax=34.63727005
realization 201 / 300 ... accepted 201. Emin=25.37253952, Emax=92.67570392
realization 202 / 300 ... accepted 202. Emin=26.22751950, Emax=94.54860450
realization 203 / 300 ... accepted 203. Emin=-8.97102665, Emax=100.82154472
realization 204 / 300 ... accepted 204. Emin=24.90240110, Emax=87.70608064
realization 205 / 300 ... accepted 205. Emin=-35.29766436, Emax=46.74946230
realization 206 / 300 ... accepted 206. Emin=-21.36773118, Emax=91.33007658
realization 207 / 300 ... accepted 207. Emin=19.07542701, Emax=88.69516334
realization 208 / 300 ... accepted 208. Emin=16.49425899, Emax=96.30062434
realization 209 / 300 ... accepted 209. Emin=2.50860790, Emax=80.50659610
realization 210 / 300 ... accepted 210. Emin=5.66411815, Emax=75.57889164
realization 211 / 300 ... accepted 211. Emin=-8.39781766, Emax=81.98444052
realization 212 / 300 ... accepted 212. Emin=-15.24855143, Emax=57.01356880
realization 213 / 300 ... accepted 213. Emin=-15.90404552, Emax=76.46716641
realization 214 / 300 ... accepted 214. Emin=-9.51362794, Emax=65.82704668
realization 215 / 300 ... accepted 215. Emin=-46.17710461, Emax=29.93738163
realization 216 / 300 ... accepted 216. Emin=-33.42703975, Emax=61.05797059
realization 217 / 300 ... accepted 217. Emin=-29.54920224, Emax=57.91630168
realization 218 / 300 ... accepted 218. Emin=-38.24870958, Emax=35.36417420
realization 219 / 300 ... accepted 219. Emin=-29.85736199, Emax=50.71700776
realization 220 / 300 ... accepted 220. Emin=13.27392597, Emax=102.40703161
realization 221 / 300 ... accepted 221. Emin=-17.68343887, Emax=97.75302886
realization 222 / 300 ... accepted 222. Emin=-1.63390749, Emax=83.95667424
realization 223 / 300 ... accepted 223. Emin=0.00389650, Emax=63.98568179
realization 224 / 300 ... accepted 224. Emin=29.80943760, Emax=100.57877848
realization 225 / 300 ... accepted 225. Emin=2.42725535, Emax=85.12347823
realization 226 / 300 ... accepted 226. Emin=-26.54747185, Emax=50.81230562
realization 227 / 300 ... accepted 227. Emin=-5.32981546, Emax=56.60943793
realization 228 / 300 ... accepted 228. Emin=-10.91590658, Emax=84.96058879
realization 229 / 300 ... accepted 229. Emin=3.42698303, Emax=91.12274306
realization 230 / 300 ... accepted 230. Emin=5.74776848, Emax=83.20254981
realization 231 / 300 ... accepted 231. Emin=-17.32544224, Emax=48.35190321
realization 232 / 300 ... accepted 232. Emin=-17.77071292, Emax=61.98080671
realization 233 / 300 ... accepted 233. Emin=-21.44345068, Emax=34.99722552
realization 234 / 300 ... accepted 234. Emin=11.17035964, Emax=81.63562922
realization 235 / 300 ... accepted 235. Emin=-16.32936838, Emax=90.45084278
realization 236 / 300 ... accepted 236. Emin=-8.66823282, Emax=96.59617074
realization 237 / 300 ... accepted 237. Emin=28.84545690, Emax=88.20210158
realization 238 / 300 ... accepted 238. Emin=20.35195704, Emax=88.07823258
realization 239 / 300 ... accepted 239. Emin=-15.88140662, Emax=60.22532028
realization 240 / 300 ... accepted 240. Emin=-13.68949272, Emax=60.99906929
realization 241 / 300 ... accepted 241. Emin=-21.03541661, Emax=67.60224622
realization 242 / 300 ... accepted 242. Emin=-33.78124521, Emax=65.22527522
realization 243 / 300 ... accepted 243. Emin=-0.08139609, Emax=71.92809613
realization 244 / 300 ... accepted 244. Emin=16.54932299, Emax=80.83424720
realization 245 / 300 ... accepted 245. Emin=-28.19018698, Emax=51.47840228
realization 246 / 300 ... accepted 246. Emin=-20.28487824, Emax=81.31705981
realization 247 / 300 ... accepted 247. Emin=-33.31423264, Emax=44.43358872
realization 248 / 300 ... accepted 248. Emin=-8.21361542, Emax=78.97135536
realization 249 / 300 ... accepted 249. Emin=20.50597072, Emax=70.80272603
realization 250 / 300 ... accepted 250. Emin=-28.08102227, Emax=55.86639012
realization 251 / 300 ... accepted 251. Emin=-13.27085851, Emax=58.64138316
realization 252 / 300 ... accepted 252. Emin=-9.07795288, Emax=89.17344804
realization 253 / 300 ... accepted 253. Emin=-26.36971781, Emax=88.90892080
realization 254 / 300 ... accepted 254. Emin=-36.19441725, Emax=74.81676754
realization 255 / 300 ... accepted 255. Emin=4.80099563, Emax=90.53748983
realization 256 / 300 ... accepted 256. Emin=4.94697827, Emax=78.42246393
realization 257 / 300 ... accepted 257. Emin=-27.19600734, Emax=80.69242731
realization 258 / 300 ... accepted 258. Emin=-27.66624581, Emax=79.10077132
realization 259 / 300 ... accepted 259. Emin=-7.32685873, Emax=54.46214138
realization 260 / 300 ... accepted 260. Emin=-3.33056373, Emax=76.99351991
realization 261 / 300 ... accepted 261. Emin=-13.41601138, Emax=75.14936333
realization 262 / 300 ... accepted 262. Emin=-38.51580738, Emax=38.87987504
realization 263 / 300 ... accepted 263. Emin=18.76630490, Emax=96.03960639
realization 264 / 300 ... accepted 264. Emin=-20.17561569, Emax=82.15601456
realization 265 / 300 ... accepted 265. Emin=-18.83759903, Emax=74.05069247
realization 266 / 300 ... accepted 266. Emin=-2.79814490, Emax=81.58936743
realization 267 / 300 ... accepted 267. Emin=-27.88088501, Emax=50.10205258
realization 268 / 300 ... accepted 268. Emin=15.59625556, Emax=92.82307335
realization 269 / 300 ... accepted 269. Emin=-47.83036060, Emax=34.65434565
realization 270 / 300 ... accepted 270. Emin=-28.90052253, Emax=31.38662606
realization 271 / 300 ... accepted 271. Emin=10.40481886, Emax=96.15257557
realization 272 / 300 ... accepted 272. Emin=8.49478422, Emax=83.04463250
realization 273 / 300 ... accepted 273. Emin=3.39561840, Emax=58.02940376
realization 274 / 300 ... accepted 274. Emin=35.72527740, Emax=96.68868743
realization 275 / 300 ... accepted 275. Emin=15.27440083, Emax=83.34661935
realization 276 / 300 ... accepted 276. Emin=3.69193504, Emax=76.55517622
realization 277 / 300 ... accepted 277. Emin=-30.05322029, Emax=73.59683035
realization 278 / 300 ... accepted 278. Emin=-1.78276319, Emax=81.91932894
realization 279 / 300 ... accepted 279. Emin=-38.43707293, Emax=56.32804998
realization 280 / 300 ... accepted 280. Emin=-0.39146804, Emax=65.30151276
realization 281 / 300 ... accepted 281. Emin=-4.93697713, Emax=86.76145390
realization 282 / 300 ... accepted 282. Emin=10.09356673, Emax=80.58526060
realization 283 / 300 ... accepted 283. Emin=-1.23912165, Emax=74.73735730
realization 284 / 300 ... accepted 284. Emin=-32.01700919, Emax=50.11499800
realization 285 / 300 ... accepted 285. Emin=-34.02229560, Emax=54.39148969
realization 286 / 300 ... accepted 286. Emin=-19.93030047, Emax=52.60525670
realization 287 / 300 ... accepted 287. Emin=-16.52336850, Emax=82.96089136
realization 288 / 300 ... accepted 288. Emin=-10.19039967, Emax=40.81649070
realization 289 / 300 ... accepted 289. Emin=-25.86139450, Emax=44.47357700
realization 290 / 300 ... accepted 290. Emin=-24.67708106, Emax=64.48524521
realization 291 / 300 ... accepted 291. Emin=-28.69283244, Emax=61.89766085
realization 292 / 300 ... accepted 292. Emin=-13.25740985, Emax=80.53884817
realization 293 / 300 ... accepted 293. Emin=-24.71129189, Emax=51.20021836
realization 294 / 300 ... accepted 294. Emin=-26.71772454, Emax=61.77335369
realization 295 / 300 ... accepted 295. Emin=1.06001736, Emax=85.71421689
realization 296 / 300 ... accepted 296. Emin=-17.13936527, Emax=61.37405504
realization 297 / 300 ... accepted 297. Emin=-38.41712976, Emax=41.17245199
realization 298 / 300 ... accepted 298. Emin=-21.43010231, Emax=47.18328219
realization 299 / 300 ... accepted 299. Emin=6.30006903, Emax=95.91851295
realization 300 / 300 ... accepted 300. Emin=3.95864960, Emax=67.18594922
Saved final energies: /home/2/kj405942/POLFED_bosons/pbs_bose_legacy_nmax2_periodic/data/U_6/W_13/L_6/N_6_nmax_2/boundary_periodic/energies_full_U6_L6_N6_nmax2_W13_boundaryperiodic_nreal300.txt
Accepted realizations: 300 / 300
Skipped realizations: 0
Job finished at Sun May 31 18:08:04 UTC 2026
