Job started on w21 at Sun May 31 18:03:49 UTC 2026
PBS_JOBID=7731376.kruk-host.ift-klaster.lan
PBS_O_WORKDIR=/home/2/kj405942/POLFED_bosons
Bose-Hubbard: L=6, N=6, nmax=2, dim=141
t=1, U=6, W=7, nreal=300, boundary=periodic, mode=full
Writing partial results to /home/2/kj405942/POLFED_bosons/pbs_bose_legacy_nmax2_periodic/data/U_6/W_7/L_6/N_6_nmax_2/boundary_periodic/energies_full_U6_L6_N6_nmax2_W7_boundaryperiodic_nreal300_partial.txt
realization 1 / 300 ... accepted 1. Emin=-16.01264679, Emax=42.65529705
realization 2 / 300 ... accepted 2. Emin=-6.08595229, Emax=55.29046487
realization 3 / 300 ... accepted 3. Emin=10.12794650, Emax=67.02251704
realization 4 / 300 ... accepted 4. Emin=-2.56429096, Emax=51.82251526
realization 5 / 300 ... accepted 5. Emin=2.99634590, Emax=45.93152986
realization 6 / 300 ... accepted 6. Emin=0.61712648, Emax=62.99879545
realization 7 / 300 ... accepted 7. Emin=7.20551856, Emax=62.11161228
realization 8 / 300 ... accepted 8. Emin=15.03923921, Emax=75.49998728
realization 9 / 300 ... accepted 9. Emin=1.35708110, Emax=62.00579066
realization 10 / 300 ... accepted 10. Emin=-7.79094414, Emax=51.46444805
realization 11 / 300 ... accepted 11. Emin=-8.98505101, Emax=48.63676237
realization 12 / 300 ... accepted 12. Emin=-11.42669024, Emax=40.60602028
realization 13 / 300 ... accepted 13. Emin=-15.26282022, Emax=35.85184814
realization 14 / 300 ... accepted 14. Emin=-20.39819939, Emax=34.46356874
realization 15 / 300 ... accepted 15. Emin=-5.74384462, Emax=41.44483032
realization 16 / 300 ... accepted 16. Emin=7.89906272, Emax=60.35000016
realization 17 / 300 ... accepted 17. Emin=2.44141638, Emax=61.77229816
realization 18 / 300 ... accepted 18. Emin=-2.50641754, Emax=57.72346371
realization 19 / 300 ... accepted 19. Emin=-0.07330446, Emax=66.73834287
realization 20 / 300 ... accepted 20. Emin=-15.33701765, Emax=43.95513806
realization 21 / 300 ... accepted 21. Emin=-9.05738471, Emax=45.06420843
realization 22 / 300 ... accepted 22. Emin=12.69016329, Emax=68.66066816
realization 23 / 300 ... accepted 23. Emin=12.54648156, Emax=66.58410227
realization 24 / 300 ... accepted 24. Emin=10.12229807, Emax=72.85145496
realization 25 / 300 ... accepted 25. Emin=6.87020361, Emax=72.12191949
realization 26 / 300 ... accepted 26. Emin=-5.04937851, Emax=42.80243179
realization 27 / 300 ... accepted 27. Emin=-7.32450346, Emax=57.18370258
realization 28 / 300 ... accepted 28. Emin=6.46446753, Emax=64.91026945
realization 29 / 300 ... accepted 29. Emin=-7.40737002, Emax=45.12233511
realization 30 / 300 ... accepted 30. Emin=-5.95511725, Emax=49.31715890
realization 31 / 300 ... accepted 31. Emin=-16.74145502, Emax=44.87804622
realization 32 / 300 ... accepted 32. Emin=-0.77534500, Emax=66.21719999
realization 33 / 300 ... accepted 33. Emin=-10.14599233, Emax=41.46229091
realization 34 / 300 ... accepted 34. Emin=-8.24063608, Emax=54.73317686
realization 35 / 300 ... accepted 35. Emin=-8.11084295, Emax=53.34644629
realization 36 / 300 ... accepted 36. Emin=-8.87826260, Emax=53.19402926
realization 37 / 300 ... accepted 37. Emin=0.87244499, Emax=60.05926297
realization 38 / 300 ... accepted 38. Emin=-19.29544595, Emax=42.51551767
realization 39 / 300 ... accepted 39. Emin=-6.05308548, Emax=50.13727498
realization 40 / 300 ... accepted 40. Emin=-11.92039746, Emax=45.19511867
realization 41 / 300 ... accepted 41. Emin=-5.55756317, Emax=51.16760969
realization 42 / 300 ... accepted 42. Emin=-20.36392904, Emax=32.16490794
realization 43 / 300 ... accepted 43. Emin=15.48446560, Emax=70.68320211
realization 44 / 300 ... accepted 44. Emin=-14.55135756, Emax=38.43386098
realization 45 / 300 ... accepted 45. Emin=-4.38435899, Emax=50.90716748
realization 46 / 300 ... accepted 46. Emin=-5.62813457, Emax=53.68232634
realization 47 / 300 ... accepted 47. Emin=-5.52724067, Emax=53.13016956
realization 48 / 300 ... accepted 48. Emin=10.21595004, Emax=68.22282255
realization 49 / 300 ... accepted 49. Emin=16.71686488, Emax=69.86973133
realization 50 / 300 ... accepted 50. Emin=6.98248907, Emax=71.36613706
realization 51 / 300 ... accepted 51. Emin=1.12449904, Emax=61.82400457
realization 52 / 300 ... accepted 52. Emin=4.48264531, Emax=69.55197001
realization 53 / 300 ... accepted 53. Emin=10.17280000, Emax=65.10667294
realization 54 / 300 ... accepted 54. Emin=-12.49206992, Emax=43.74407735
realization 55 / 300 ... accepted 55. Emin=-14.07134225, Emax=45.79141713
realization 56 / 300 ... accepted 56. Emin=-12.79058593, Emax=42.39772612
realization 57 / 300 ... accepted 57. Emin=-12.89312506, Emax=35.35711899
realization 58 / 300 ... accepted 58. Emin=-7.43119220, Emax=46.05848449
realization 59 / 300 ... accepted 59. Emin=5.76892000, Emax=70.80253093
realization 60 / 300 ... accepted 60. Emin=-16.97570388, Emax=39.51125334
realization 61 / 300 ... accepted 61. Emin=-1.03697889, Emax=55.20329986
realization 62 / 300 ... accepted 62. Emin=15.80700626, Emax=75.18339405
realization 63 / 300 ... accepted 63. Emin=-4.11534799, Emax=44.72308798
realization 64 / 300 ... accepted 64. Emin=-4.93910538, Emax=51.86076784
realization 65 / 300 ... accepted 65. Emin=-10.95895524, Emax=41.75593970
realization 66 / 300 ... accepted 66. Emin=0.29292537, Emax=59.87752571
realization 67 / 300 ... accepted 67. Emin=9.80575955, Emax=66.20914151
realization 68 / 300 ... accepted 68. Emin=-0.85052809, Emax=57.38430059
realization 69 / 300 ... accepted 69. Emin=21.21100380, Emax=75.56064047
realization 70 / 300 ... accepted 70. Emin=-7.48810035, Emax=42.93141210
realization 71 / 300 ... accepted 71. Emin=16.36512614, Emax=63.46847247
realization 72 / 300 ... accepted 72. Emin=-11.21682084, Emax=56.56240057
realization 73 / 300 ... accepted 73. Emin=-8.78802863, Emax=40.76543877
realization 74 / 300 ... accepted 74. Emin=-12.66314076, Emax=46.69389503
realization 75 / 300 ... accepted 75. Emin=2.40407022, Emax=66.99790616
realization 76 / 300 ... accepted 76. Emin=-0.29777708, Emax=53.23881406
realization 77 / 300 ... accepted 77. Emin=-0.91456517, Emax=55.77550346
realization 78 / 300 ... accepted 78. Emin=15.55562097, Emax=67.26848933
realization 79 / 300 ... accepted 79. Emin=-5.60618244, Emax=56.34598575
realization 80 / 300 ... accepted 80. Emin=-3.05247990, Emax=55.89449669
realization 81 / 300 ... accepted 81. Emin=10.89714426, Emax=61.72876665
realization 82 / 300 ... accepted 82. Emin=-2.12382134, Emax=64.52831442
realization 83 / 300 ... accepted 83. Emin=-8.59625238, Emax=66.61418280
realization 84 / 300 ... accepted 84. Emin=-0.87275230, Emax=56.53287163
realization 85 / 300 ... accepted 85. Emin=15.28209535, Emax=66.19109142
realization 86 / 300 ... accepted 86. Emin=5.61406347, Emax=56.55716572
realization 87 / 300 ... accepted 87. Emin=-13.19557787, Emax=48.48141276
realization 88 / 300 ... accepted 88. Emin=-2.13015066, Emax=52.81422021
realization 89 / 300 ... accepted 89. Emin=10.62413898, Emax=72.24246993
realization 90 / 300 ... accepted 90. Emin=-10.71268223, Emax=43.58992463
realization 91 / 300 ... accepted 91. Emin=-1.64669948, Emax=64.80517350
realization 92 / 300 ... accepted 92. Emin=-4.88713525, Emax=47.02789185
realization 93 / 300 ... accepted 93. Emin=6.04322499, Emax=67.66342234
realization 94 / 300 ... accepted 94. Emin=2.56638272, Emax=73.44445271
realization 95 / 300 ... accepted 95. Emin=-8.48420257, Emax=53.01813535
realization 96 / 300 ... accepted 96. Emin=4.32958867, Emax=53.14106483
realization 97 / 300 ... accepted 97. Emin=-3.98305901, Emax=53.61105360
realization 98 / 300 ... accepted 98. Emin=-18.33636741, Emax=38.15265122
realization 99 / 300 ... accepted 99. Emin=4.32198527, Emax=52.48188533
realization 100 / 300 ... accepted 100. Emin=-0.50396568, Emax=57.26619208
realization 101 / 300 ... accepted 101. Emin=-15.15665262, Emax=43.39847261
realization 102 / 300 ... accepted 102. Emin=2.30746619, Emax=64.33091683
realization 103 / 300 ... accepted 103. Emin=-8.02441114, Emax=46.38131270
realization 104 / 300 ... accepted 104. Emin=-8.86570516, Emax=42.65108737
realization 105 / 300 ... accepted 105. Emin=-4.93954045, Emax=42.27679924
realization 106 / 300 ... accepted 106. Emin=-3.26169986, Emax=49.79599083
realization 107 / 300 ... accepted 107. Emin=10.16544934, Emax=69.93410142
realization 108 / 300 ... accepted 108. Emin=6.43163859, Emax=71.76343715
realization 109 / 300 ... accepted 109. Emin=-4.06535378, Emax=64.42911900
realization 110 / 300 ... accepted 110. Emin=-0.24171825, Emax=54.78354623
realization 111 / 300 ... accepted 111. Emin=-7.24377972, Emax=53.69823964
realization 112 / 300 ... accepted 112. Emin=-5.65801849, Emax=41.32746369
realization 113 / 300 ... accepted 113. Emin=9.33500521, Emax=67.11833076
realization 114 / 300 ... accepted 114. Emin=11.02100407, Emax=74.85119117
realization 115 / 300 ... accepted 115. Emin=-2.40762103, Emax=65.72963350
realization 116 / 300 ... accepted 116. Emin=13.62548257, Emax=70.36527599
realization 117 / 300 ... accepted 117. Emin=-9.20175391, Emax=53.83591655
realization 118 / 300 ... accepted 118. Emin=-12.14553862, Emax=43.35474905
realization 119 / 300 ... accepted 119. Emin=-16.40290702, Emax=49.13777591
realization 120 / 300 ... accepted 120. Emin=-10.23127603, Emax=44.76915280
realization 121 / 300 ... accepted 121. Emin=9.59371985, Emax=58.42837909
realization 122 / 300 ... accepted 122. Emin=3.06019369, Emax=69.39977256
realization 123 / 300 ... accepted 123. Emin=10.47539188, Emax=63.20237627
realization 124 / 300 ... accepted 124. Emin=-3.29726169, Emax=54.45960175
realization 125 / 300 ... accepted 125. Emin=1.46020634, Emax=58.02227296
realization 126 / 300 ... accepted 126. Emin=5.07442686, Emax=53.84849568
realization 127 / 300 ... accepted 127. Emin=6.42740706, Emax=52.39932704
realization 128 / 300 ... accepted 128. Emin=8.98093968, Emax=64.46164553
realization 129 / 300 ... accepted 129. Emin=-3.63700093, Emax=59.80193863
realization 130 / 300 ... accepted 130. Emin=-5.88293406, Emax=48.69938806
realization 131 / 300 ... accepted 131. Emin=16.00197147, Emax=73.11007592
realization 132 / 300 ... accepted 132. Emin=-2.22861906, Emax=61.23997127
realization 133 / 300 ... accepted 133. Emin=-2.78932985, Emax=47.36459998
realization 134 / 300 ... accepted 134. Emin=-12.73614157, Emax=55.72800618
realization 135 / 300 ... accepted 135. Emin=-17.76737582, Emax=40.43715489
realization 136 / 300 ... accepted 136. Emin=10.21071826, Emax=71.77831818
realization 137 / 300 ... accepted 137. Emin=-5.70596759, Emax=46.41235172
realization 138 / 300 ... accepted 138. Emin=-6.43659957, Emax=49.50635339
realization 139 / 300 ... accepted 139. Emin=-2.65139457, Emax=56.85607849
realization 140 / 300 ... accepted 140. Emin=15.34136651, Emax=66.03715892
realization 141 / 300 ... accepted 141. Emin=2.30536797, Emax=59.06161151
realization 142 / 300 ... accepted 142. Emin=0.21471752, Emax=65.48437101
realization 143 / 300 ... accepted 143. Emin=-3.70091660, Emax=57.10770767
realization 144 / 300 ... accepted 144. Emin=-15.10082974, Emax=47.05037508
realization 145 / 300 ... accepted 145. Emin=-2.91941441, Emax=59.55336942
realization 146 / 300 ... accepted 146. Emin=-8.99897885, Emax=51.48736935
realization 147 / 300 ... accepted 147. Emin=-7.25638306, Emax=43.54134393
realization 148 / 300 ... accepted 148. Emin=2.41353525, Emax=64.37266160
realization 149 / 300 ... accepted 149. Emin=-8.46974584, Emax=47.19258257
realization 150 / 300 ... accepted 150. Emin=-11.98261089, Emax=54.48693548
realization 151 / 300 ... accepted 151. Emin=-6.70115906, Emax=62.48663416
realization 152 / 300 ... accepted 152. Emin=-11.94712241, Emax=44.18848975
realization 153 / 300 ... accepted 153. Emin=6.84081561, Emax=62.40978038
realization 154 / 300 ... accepted 154. Emin=26.48703778, Emax=73.15839030
realization 155 / 300 ... accepted 155. Emin=5.68913556, Emax=61.17453938
realization 156 / 300 ... accepted 156. Emin=-5.28278806, Emax=50.76436026
realization 157 / 300 ... accepted 157. Emin=-10.96793312, Emax=54.47458347
realization 158 / 300 ... accepted 158. Emin=-1.81473967, Emax=48.88881337
realization 159 / 300 ... accepted 159. Emin=9.34136522, Emax=68.53755426
realization 160 / 300 ... accepted 160. Emin=-15.58851623, Emax=41.65824465
realization 161 / 300 ... accepted 161. Emin=6.71318042, Emax=62.40071682
realization 162 / 300 ... accepted 162. Emin=-17.03565998, Emax=39.19042005
realization 163 / 300 ... accepted 163. Emin=9.04334772, Emax=62.13570708
realization 164 / 300 ... accepted 164. Emin=12.84158267, Emax=75.56732319
realization 165 / 300 ... accepted 165. Emin=-2.68363708, Emax=59.12490256
realization 166 / 300 ... accepted 166. Emin=6.21991899, Emax=65.62307257
realization 167 / 300 ... accepted 167. Emin=-12.56486766, Emax=39.56289045
realization 168 / 300 ... accepted 168. Emin=-20.81720838, Emax=36.20723712
realization 169 / 300 ... accepted 169. Emin=15.42762212, Emax=69.43776514
realization 170 / 300 ... accepted 170. Emin=-1.67001232, Emax=58.29443695
realization 171 / 300 ... accepted 171. Emin=-5.99408045, Emax=53.61410591
realization 172 / 300 ... accepted 172. Emin=-12.00211741, Emax=46.57748571
realization 173 / 300 ... accepted 173. Emin=-15.43361131, Emax=34.80412974
realization 174 / 300 ... accepted 174. Emin=10.41308123, Emax=66.23054940
realization 175 / 300 ... accepted 175. Emin=1.25027559, Emax=62.22250104
realization 176 / 300 ... accepted 176. Emin=1.82067981, Emax=64.64192775
realization 177 / 300 ... accepted 177. Emin=9.19939706, Emax=73.92909661
realization 178 / 300 ... accepted 178. Emin=-18.40730361, Emax=49.74161208
realization 179 / 300 ... accepted 179. Emin=5.68524333, Emax=58.87537847
realization 180 / 300 ... accepted 180. Emin=2.08247297, Emax=58.09992706
realization 181 / 300 ... accepted 181. Emin=-10.96623507, Emax=47.21497235
realization 182 / 300 ... accepted 182. Emin=-6.54201826, Emax=43.73121355
realization 183 / 300 ... accepted 183. Emin=5.07409845, Emax=63.30612832
realization 184 / 300 ... accepted 184. Emin=2.94937174, Emax=58.75034889
realization 185 / 300 ... accepted 185. Emin=-4.85063138, Emax=49.29389216
realization 186 / 300 ... accepted 186. Emin=-18.43926235, Emax=33.50904063
realization 187 / 300 ... accepted 187. Emin=-16.34052578, Emax=36.60006623
realization 188 / 300 ... accepted 188. Emin=9.74557739, Emax=74.22109650
realization 189 / 300 ... accepted 189. Emin=-16.84045484, Emax=42.45089798
realization 190 / 300 ... accepted 190. Emin=11.22987245, Emax=66.88928398
realization 191 / 300 ... accepted 191. Emin=7.74986483, Emax=60.97129846
realization 192 / 300 ... accepted 192. Emin=-1.77798878, Emax=46.72191682
realization 193 / 300 ... accepted 193. Emin=-1.15908868, Emax=69.42171145
realization 194 / 300 ... accepted 194. Emin=7.59152995, Emax=68.17006775
realization 195 / 300 ... accepted 195. Emin=-2.35215161, Emax=60.55723072
realization 196 / 300 ... accepted 196. Emin=5.49738763, Emax=69.15684782
realization 197 / 300 ... accepted 197. Emin=7.80128394, Emax=63.23509173
realization 198 / 300 ... accepted 198. Emin=-9.06288986, Emax=53.86736284
realization 199 / 300 ... accepted 199. Emin=1.09646595, Emax=54.53293532
realization 200 / 300 ... accepted 200. Emin=-4.95589494, Emax=53.42846473
realization 201 / 300 ... accepted 201. Emin=-0.90411379, Emax=68.86860367
realization 202 / 300 ... accepted 202. Emin=6.82698958, Emax=68.60493647
realization 203 / 300 ... accepted 203. Emin=5.35619402, Emax=66.49425921
realization 204 / 300 ... accepted 204. Emin=-10.23455402, Emax=43.19717564
realization 205 / 300 ... accepted 205. Emin=-11.93500249, Emax=53.09762436
realization 206 / 300 ... accepted 206. Emin=-13.65619923, Emax=40.72040483
realization 207 / 300 ... accepted 207. Emin=2.52556371, Emax=62.67967160
realization 208 / 300 ... accepted 208. Emin=1.61408580, Emax=62.61907774
realization 209 / 300 ... accepted 209. Emin=-6.62361424, Emax=53.41237874
realization 210 / 300 ... accepted 210. Emin=-15.01238824, Emax=36.76926363
realization 211 / 300 ... accepted 211. Emin=5.29488618, Emax=62.48269470
realization 212 / 300 ... accepted 212. Emin=1.28340274, Emax=63.59135581
realization 213 / 300 ... accepted 213. Emin=-5.79162686, Emax=56.61109148
realization 214 / 300 ... accepted 214. Emin=-6.96062138, Emax=59.52445071
realization 215 / 300 ... accepted 215. Emin=12.60951562, Emax=74.61675805
realization 216 / 300 ... accepted 216. Emin=8.01586661, Emax=63.94255794
realization 217 / 300 ... accepted 217. Emin=2.83931556, Emax=58.09444980
realization 218 / 300 ... accepted 218. Emin=6.24713218, Emax=61.62298543
realization 219 / 300 ... accepted 219. Emin=-2.95818263, Emax=48.69578547
realization 220 / 300 ... accepted 220. Emin=5.51245046, Emax=52.44896415
realization 221 / 300 ... accepted 221. Emin=-2.72675452, Emax=55.75679147
realization 222 / 300 ... accepted 222. Emin=-13.39651222, Emax=42.07215230
realization 223 / 300 ... accepted 223. Emin=-7.04638158, Emax=48.94715080
realization 224 / 300 ... accepted 224. Emin=6.60586302, Emax=59.86863651
realization 225 / 300 ... accepted 225. Emin=2.56266994, Emax=66.67505329
realization 226 / 300 ... accepted 226. Emin=3.19058299, Emax=52.93290562
realization 227 / 300 ... accepted 227. Emin=-3.85645301, Emax=59.32066679
realization 228 / 300 ... accepted 228. Emin=-9.91498906, Emax=52.13370355
realization 229 / 300 ... accepted 229. Emin=-12.52949413, Emax=54.42216301
realization 230 / 300 ... accepted 230. Emin=-9.36922520, Emax=49.23905876
realization 231 / 300 ... accepted 231. Emin=-11.78547782, Emax=46.37475974
realization 232 / 300 ... accepted 232. Emin=14.96970981, Emax=71.43158173
realization 233 / 300 ... accepted 233. Emin=-13.89693333, Emax=48.93784793
realization 234 / 300 ... accepted 234. Emin=2.11094721, Emax=69.98406928
realization 235 / 300 ... accepted 235. Emin=-5.22509783, Emax=60.54636556
realization 236 / 300 ... accepted 236. Emin=7.57388538, Emax=62.04907810
realization 237 / 300 ... accepted 237. Emin=3.20175058, Emax=52.89933365
realization 238 / 300 ... accepted 238. Emin=-8.43738322, Emax=44.95890914
realization 239 / 300 ... accepted 239. Emin=6.72998189, Emax=63.22985570
realization 240 / 300 ... accepted 240. Emin=-3.25193361, Emax=52.14815199
realization 241 / 300 ... accepted 241. Emin=-11.47759599, Emax=48.74092938
realization 242 / 300 ... accepted 242. Emin=-10.92251102, Emax=38.34217678
realization 243 / 300 ... accepted 243. Emin=-10.07163713, Emax=42.18479624
realization 244 / 300 ... accepted 244. Emin=-6.02846146, Emax=65.99403102
realization 245 / 300 ... accepted 245. Emin=21.14535599, Emax=74.15608398
realization 246 / 300 ... accepted 246. Emin=-15.70811669, Emax=48.79975864
realization 247 / 300 ... accepted 247. Emin=13.88868399, Emax=71.50535109
realization 248 / 300 ... accepted 248. Emin=-10.98335232, Emax=44.67287677
realization 249 / 300 ... accepted 249. Emin=18.40501728, Emax=73.29925142
realization 250 / 300 ... accepted 250. Emin=5.76778622, Emax=69.28647766
realization 251 / 300 ... accepted 251. Emin=17.85261380, Emax=64.73269300
realization 252 / 300 ... accepted 252. Emin=4.43549044, Emax=53.11909591
realization 253 / 300 ... accepted 253. Emin=-29.01728460, Emax=18.38999697
realization 254 / 300 ... accepted 254. Emin=-11.93150130, Emax=47.08076876
realization 255 / 300 ... accepted 255. Emin=-1.52157295, Emax=54.81706016
realization 256 / 300 ... accepted 256. Emin=5.34586971, Emax=65.79619265
realization 257 / 300 ... accepted 257. Emin=4.31484118, Emax=60.24225938
realization 258 / 300 ... accepted 258. Emin=-4.86324210, Emax=56.25444297
realization 259 / 300 ... accepted 259. Emin=8.11290062, Emax=71.64026962
realization 260 / 300 ... accepted 260. Emin=-14.04500998, Emax=45.02082549
realization 261 / 300 ... accepted 261. Emin=-8.35511864, Emax=54.83417251
realization 262 / 300 ... accepted 262. Emin=2.84041698, Emax=67.26984810
realization 263 / 300 ... accepted 263. Emin=5.43649584, Emax=65.51434971
realization 264 / 300 ... accepted 264. Emin=-14.08177446, Emax=41.54493187
realization 265 / 300 ... accepted 265. Emin=1.87350994, Emax=54.80746919
realization 266 / 300 ... accepted 266. Emin=-9.26633881, Emax=53.30014132
realization 267 / 300 ... accepted 267. Emin=-4.12053429, Emax=60.27449896
realization 268 / 300 ... accepted 268. Emin=-16.59173931, Emax=37.52352682
realization 269 / 300 ... accepted 269. Emin=-12.41769866, Emax=46.17147926
realization 270 / 300 ... accepted 270. Emin=-11.54754318, Emax=48.38391695
realization 271 / 300 ... accepted 271. Emin=9.02816240, Emax=64.53960539
realization 272 / 300 ... accepted 272. Emin=14.90575750, Emax=69.86139548
realization 273 / 300 ... accepted 273. Emin=2.04958730, Emax=56.78483819
realization 274 / 300 ... accepted 274. Emin=28.84522391, Emax=71.68163676
realization 275 / 300 ... accepted 275. Emin=18.00304050, Emax=71.18676005
realization 276 / 300 ... accepted 276. Emin=8.82444675, Emax=62.36150255
realization 277 / 300 ... accepted 277. Emin=-12.43780885, Emax=46.45268115
realization 278 / 300 ... accepted 278. Emin=11.14641057, Emax=68.20446488
realization 279 / 300 ... accepted 279. Emin=-21.44479494, Emax=33.79180000
realization 280 / 300 ... accepted 280. Emin=-5.00415602, Emax=51.51584340
realization 281 / 300 ... accepted 281. Emin=2.68018224, Emax=64.59346885
realization 282 / 300 ... accepted 282. Emin=9.61624734, Emax=60.84638230
realization 283 / 300 ... accepted 283. Emin=17.61743262, Emax=74.65718029
realization 284 / 300 ... accepted 284. Emin=-13.74455156, Emax=32.77339916
realization 285 / 300 ... accepted 285. Emin=-5.84375390, Emax=49.22632404
realization 286 / 300 ... accepted 286. Emin=-10.53745039, Emax=54.39802247
realization 287 / 300 ... accepted 287. Emin=3.09203385, Emax=68.29322771
realization 288 / 300 ... accepted 288. Emin=-5.28614694, Emax=49.92780164
realization 289 / 300 ... accepted 289. Emin=-0.46434596, Emax=48.39624891
realization 290 / 300 ... accepted 290. Emin=-21.81829238, Emax=32.19081186
realization 291 / 300 ... accepted 291. Emin=6.95840402, Emax=60.22675342
realization 292 / 300 ... accepted 292. Emin=-14.36780036, Emax=49.97241792
realization 293 / 300 ... accepted 293. Emin=-9.29795458, Emax=43.07826292
realization 294 / 300 ... accepted 294. Emin=-5.71155790, Emax=51.79879586
realization 295 / 300 ... accepted 295. Emin=-2.21676589, Emax=47.21010066
realization 296 / 300 ... accepted 296. Emin=-14.10055806, Emax=36.81357810
realization 297 / 300 ... accepted 297. Emin=-24.09781801, Emax=17.53342451
realization 298 / 300 ... accepted 298. Emin=-3.55833430, Emax=58.81182991
realization 299 / 300 ... accepted 299. Emin=-15.07599096, Emax=41.50794460
realization 300 / 300 ... accepted 300. Emin=7.46056392, Emax=56.84441828
Saved final energies: /home/2/kj405942/POLFED_bosons/pbs_bose_legacy_nmax2_periodic/data/U_6/W_7/L_6/N_6_nmax_2/boundary_periodic/energies_full_U6_L6_N6_nmax2_W7_boundaryperiodic_nreal300.txt
Accepted realizations: 300 / 300
Skipped realizations: 0
Job finished at Sun May 31 18:05:26 UTC 2026
