Job started on w21 at Sun May 31 18:03:48 UTC 2026
PBS_JOBID=7731371.kruk-host.ift-klaster.lan
PBS_O_WORKDIR=/home/2/kj405942/POLFED_bosons
Bose-Hubbard: L=6, N=6, nmax=2, dim=141
t=1, U=6, W=2, nreal=300, boundary=periodic, mode=full
Writing partial results to /home/2/kj405942/POLFED_bosons/pbs_bose_legacy_nmax2_periodic/data/U_6/W_2/L_6/N_6_nmax_2/boundary_periodic/energies_full_U6_L6_N6_nmax2_W2_boundaryperiodic_nreal300_partial.txt
realization 1 / 300 ... accepted 1. Emin=-2.03203463, Emax=46.91138594
realization 2 / 300 ... accepted 2. Emin=-5.30822272, Emax=38.93025898
realization 3 / 300 ... accepted 3. Emin=-0.28496726, Emax=41.88980719
realization 4 / 300 ... accepted 4. Emin=0.57632410, Emax=42.80732816
realization 5 / 300 ... accepted 5. Emin=0.22105167, Emax=43.47896776
realization 6 / 300 ... accepted 6. Emin=0.20618527, Emax=44.09951830
realization 7 / 300 ... accepted 7. Emin=-0.87598720, Emax=44.76629075
realization 8 / 300 ... accepted 8. Emin=-6.85322521, Emax=35.85137225
realization 9 / 300 ... accepted 9. Emin=-3.73249522, Emax=38.71655251
realization 10 / 300 ... accepted 10. Emin=-3.59404743, Emax=40.40484364
realization 11 / 300 ... accepted 11. Emin=-3.10676674, Emax=41.00549855
realization 12 / 300 ... accepted 12. Emin=0.43134309, Emax=43.29006451
realization 13 / 300 ... accepted 13. Emin=2.12778134, Emax=44.02683310
realization 14 / 300 ... accepted 14. Emin=-0.69630936, Emax=44.36097872
realization 15 / 300 ... accepted 15. Emin=1.55257094, Emax=43.87405911
realization 16 / 300 ... accepted 16. Emin=-5.12567633, Emax=38.18899671
realization 17 / 300 ... accepted 17. Emin=-2.09442381, Emax=40.42250243
realization 18 / 300 ... accepted 18. Emin=-0.12649472, Emax=42.27306751
realization 19 / 300 ... accepted 19. Emin=-0.26333359, Emax=43.40949496
realization 20 / 300 ... accepted 20. Emin=0.58540315, Emax=44.71654626
realization 21 / 300 ... accepted 21. Emin=-0.04365570, Emax=43.73863320
realization 22 / 300 ... accepted 22. Emin=-1.75905135, Emax=44.29746706
realization 23 / 300 ... accepted 23. Emin=-2.79122427, Emax=38.51650918
realization 24 / 300 ... accepted 24. Emin=-0.65856840, Emax=43.65713396
realization 25 / 300 ... accepted 25. Emin=-2.32623963, Emax=41.10577253
realization 26 / 300 ... accepted 26. Emin=-4.19506132, Emax=42.43054247
realization 27 / 300 ... accepted 27. Emin=-6.12429226, Emax=34.87363710
realization 28 / 300 ... accepted 28. Emin=-5.25093137, Emax=36.74089421
realization 29 / 300 ... accepted 29. Emin=-1.00172765, Emax=41.52483711
realization 30 / 300 ... accepted 30. Emin=5.32598758, Emax=46.57471301
realization 31 / 300 ... accepted 31. Emin=1.18729548, Emax=44.22805739
realization 32 / 300 ... accepted 32. Emin=-0.10196836, Emax=43.64304738
realization 33 / 300 ... accepted 33. Emin=-0.62496671, Emax=41.19404518
realization 34 / 300 ... accepted 34. Emin=-0.07172246, Emax=43.06638899
realization 35 / 300 ... accepted 35. Emin=-2.36829195, Emax=41.18032178
realization 36 / 300 ... accepted 36. Emin=-2.92120991, Emax=40.21300856
realization 37 / 300 ... accepted 37. Emin=-3.99476605, Emax=40.85200064
realization 38 / 300 ... accepted 38. Emin=-2.17101646, Emax=44.96722943
realization 39 / 300 ... accepted 39. Emin=-6.25270939, Emax=36.41401834
realization 40 / 300 ... accepted 40. Emin=0.51045695, Emax=44.64614563
realization 41 / 300 ... accepted 41. Emin=-1.55725674, Emax=41.03489505
realization 42 / 300 ... accepted 42. Emin=0.86182192, Emax=45.31884794
realization 43 / 300 ... accepted 43. Emin=-5.43988858, Emax=37.48127381
realization 44 / 300 ... accepted 44. Emin=-0.60722223, Emax=44.22581710
realization 45 / 300 ... accepted 45. Emin=-3.44278566, Emax=42.51049068
realization 46 / 300 ... accepted 46. Emin=2.17223661, Emax=44.41131194
realization 47 / 300 ... accepted 47. Emin=0.65437403, Emax=45.54643851
realization 48 / 300 ... accepted 48. Emin=-0.82976499, Emax=41.61459768
realization 49 / 300 ... accepted 49. Emin=1.85697502, Emax=47.33578802
realization 50 / 300 ... accepted 50. Emin=-1.39243706, Emax=43.11630023
realization 51 / 300 ... accepted 51. Emin=-3.64540617, Emax=38.97552781
realization 52 / 300 ... accepted 52. Emin=1.21702475, Emax=43.34575238
realization 53 / 300 ... accepted 53. Emin=-3.56564069, Emax=40.83637476
realization 54 / 300 ... accepted 54. Emin=3.12189396, Emax=45.47845599
realization 55 / 300 ... accepted 55. Emin=-1.05709759, Emax=43.29289848
realization 56 / 300 ... accepted 56. Emin=-3.11741115, Emax=42.93444736
realization 57 / 300 ... accepted 57. Emin=-1.24328283, Emax=42.35084630
realization 58 / 300 ... accepted 58. Emin=-3.11622820, Emax=41.39202968
realization 59 / 300 ... accepted 59. Emin=-2.76380880, Emax=40.19774193
realization 60 / 300 ... accepted 60. Emin=-1.13873285, Emax=42.14061475
realization 61 / 300 ... accepted 61. Emin=-3.95971387, Emax=40.06310882
realization 62 / 300 ... accepted 62. Emin=3.15971673, Emax=45.90553063
realization 63 / 300 ... accepted 63. Emin=-3.57506360, Emax=38.87203886
realization 64 / 300 ... accepted 64. Emin=-1.19334891, Emax=43.82796053
realization 65 / 300 ... accepted 65. Emin=-1.55070680, Emax=41.10120730
realization 66 / 300 ... accepted 66. Emin=-5.45791124, Emax=37.68095964
realization 67 / 300 ... accepted 67. Emin=-2.66657032, Emax=41.86136807
realization 68 / 300 ... accepted 68. Emin=3.36289136, Emax=45.79039414
realization 69 / 300 ... accepted 69. Emin=0.86244708, Emax=45.07677995
realization 70 / 300 ... accepted 70. Emin=-0.54066619, Emax=43.85288409
realization 71 / 300 ... accepted 71. Emin=-9.26365165, Emax=32.86680979
realization 72 / 300 ... accepted 72. Emin=-1.94226715, Emax=41.87310803
realization 73 / 300 ... accepted 73. Emin=-1.27710447, Emax=40.88306941
realization 74 / 300 ... accepted 74. Emin=3.48515252, Emax=46.08356177
realization 75 / 300 ... accepted 75. Emin=0.55020364, Emax=46.16052301
realization 76 / 300 ... accepted 76. Emin=-0.35562323, Emax=42.66052972
realization 77 / 300 ... accepted 77. Emin=-0.39073548, Emax=42.27324237
realization 78 / 300 ... accepted 78. Emin=2.36890601, Emax=44.71280324
realization 79 / 300 ... accepted 79. Emin=-2.80475693, Emax=41.03921668
realization 80 / 300 ... accepted 80. Emin=2.10205205, Emax=44.88470291
realization 81 / 300 ... accepted 81. Emin=-3.01942019, Emax=40.10970259
realization 82 / 300 ... accepted 82. Emin=2.12633652, Emax=47.34922957
realization 83 / 300 ... accepted 83. Emin=-3.32465882, Emax=40.30120972
realization 84 / 300 ... accepted 84. Emin=-6.63168529, Emax=35.58376237
realization 85 / 300 ... accepted 85. Emin=-4.65703186, Emax=38.53122589
realization 86 / 300 ... accepted 86. Emin=-2.67993231, Emax=40.79516081
realization 87 / 300 ... accepted 87. Emin=-1.04659442, Emax=41.23682469
realization 88 / 300 ... accepted 88. Emin=-1.70048428, Emax=41.78374328
realization 89 / 300 ... accepted 89. Emin=-3.24498327, Emax=40.04804614
realization 90 / 300 ... accepted 90. Emin=-0.57136369, Emax=43.09114894
realization 91 / 300 ... accepted 91. Emin=-3.52313554, Emax=43.72948347
realization 92 / 300 ... accepted 92. Emin=-2.75665068, Emax=39.18665084
realization 93 / 300 ... accepted 93. Emin=-6.34712384, Emax=35.38380514
realization 94 / 300 ... accepted 94. Emin=-2.39279096, Emax=42.63767852
realization 95 / 300 ... accepted 95. Emin=-5.02655044, Emax=39.13841795
realization 96 / 300 ... accepted 96. Emin=-6.37196750, Emax=36.53318225
realization 97 / 300 ... accepted 97. Emin=-0.44992093, Emax=42.89790846
realization 98 / 300 ... accepted 98. Emin=-0.83247080, Emax=44.27774643
realization 99 / 300 ... accepted 99. Emin=-6.41235471, Emax=34.81414479
realization 100 / 300 ... accepted 100. Emin=-3.79245960, Emax=38.32002554
realization 101 / 300 ... accepted 101. Emin=-5.27123524, Emax=38.30454784
realization 102 / 300 ... accepted 102. Emin=0.04404794, Emax=45.86554575
realization 103 / 300 ... accepted 103. Emin=-6.51203698, Emax=36.68752337
realization 104 / 300 ... accepted 104. Emin=3.28858980, Emax=45.47068929
realization 105 / 300 ... accepted 105. Emin=-6.21319796, Emax=35.23259911
realization 106 / 300 ... accepted 106. Emin=-4.70528472, Emax=39.50077009
realization 107 / 300 ... accepted 107. Emin=4.93990677, Emax=45.55301488
realization 108 / 300 ... accepted 108. Emin=2.07831138, Emax=43.23683725
realization 109 / 300 ... accepted 109. Emin=0.89962758, Emax=45.15078630
realization 110 / 300 ... accepted 110. Emin=-4.34432907, Emax=38.95127952
realization 111 / 300 ... accepted 111. Emin=0.03218339, Emax=41.93089113
realization 112 / 300 ... accepted 112. Emin=-4.10979149, Emax=38.26570923
realization 113 / 300 ... accepted 113. Emin=-4.26940273, Emax=42.00055524
realization 114 / 300 ... accepted 114. Emin=-0.40320057, Emax=45.47359470
realization 115 / 300 ... accepted 115. Emin=-1.35129132, Emax=42.32469909
realization 116 / 300 ... accepted 116. Emin=1.01945586, Emax=46.05828516
realization 117 / 300 ... accepted 117. Emin=-2.16164797, Emax=41.72626555
realization 118 / 300 ... accepted 118. Emin=-1.27985941, Emax=43.56356622
realization 119 / 300 ... accepted 119. Emin=-3.48276173, Emax=40.61466102
realization 120 / 300 ... accepted 120. Emin=-2.30116757, Emax=41.26708202
realization 121 / 300 ... accepted 121. Emin=-1.67012782, Emax=45.81549612
realization 122 / 300 ... accepted 122. Emin=-4.10740785, Emax=38.92840124
realization 123 / 300 ... accepted 123. Emin=4.21322961, Emax=45.01422201
realization 124 / 300 ... accepted 124. Emin=-3.41639503, Emax=39.85726652
realization 125 / 300 ... accepted 125. Emin=-4.82084126, Emax=36.14864536
realization 126 / 300 ... accepted 126. Emin=1.36073534, Emax=43.25984476
realization 127 / 300 ... accepted 127. Emin=-4.67429908, Emax=38.73228995
realization 128 / 300 ... accepted 128. Emin=-2.69861203, Emax=38.54222179
realization 129 / 300 ... accepted 129. Emin=-2.05538594, Emax=42.25851674
realization 130 / 300 ... accepted 130. Emin=-0.92486080, Emax=43.51563123
realization 131 / 300 ... accepted 131. Emin=0.20828480, Emax=45.47264288
realization 132 / 300 ... accepted 132. Emin=0.95656402, Emax=41.34280646
realization 133 / 300 ... accepted 133. Emin=0.38014789, Emax=44.25714532
realization 134 / 300 ... accepted 134. Emin=-2.15920905, Emax=42.12059378
realization 135 / 300 ... accepted 135. Emin=-3.61709981, Emax=39.00637674
realization 136 / 300 ... accepted 136. Emin=-8.07259223, Emax=35.37409248
realization 137 / 300 ... accepted 137. Emin=-2.07443398, Emax=43.48176436
realization 138 / 300 ... accepted 138. Emin=-3.70604239, Emax=41.14555544
realization 139 / 300 ... accepted 139. Emin=-2.90922018, Emax=41.93190433
realization 140 / 300 ... accepted 140. Emin=1.15763940, Emax=42.98946322
realization 141 / 300 ... accepted 141. Emin=-3.22157406, Emax=39.96692329
realization 142 / 300 ... accepted 142. Emin=3.16213383, Emax=45.43721528
realization 143 / 300 ... accepted 143. Emin=-4.74212957, Emax=41.58769114
realization 144 / 300 ... accepted 144. Emin=0.58278361, Emax=45.73779377
realization 145 / 300 ... accepted 145. Emin=3.53704879, Emax=46.99128136
realization 146 / 300 ... accepted 146. Emin=-2.96664097, Emax=41.24724515
realization 147 / 300 ... accepted 147. Emin=-1.08028407, Emax=45.60039658
realization 148 / 300 ... accepted 148. Emin=-2.79823625, Emax=40.07627400
realization 149 / 300 ... accepted 149. Emin=-5.70173809, Emax=36.67582689
realization 150 / 300 ... accepted 150. Emin=-2.16338660, Emax=41.42037996
realization 151 / 300 ... accepted 151. Emin=-3.26993280, Emax=42.43086594
realization 152 / 300 ... accepted 152. Emin=-3.63780732, Emax=38.90780614
realization 153 / 300 ... accepted 153. Emin=0.16212561, Emax=44.86762745
realization 154 / 300 ... accepted 154. Emin=-6.64107966, Emax=38.64864694
realization 155 / 300 ... accepted 155. Emin=-5.69188647, Emax=38.90204835
realization 156 / 300 ... accepted 156. Emin=-5.29954462, Emax=38.51973091
realization 157 / 300 ... accepted 157. Emin=-1.39499140, Emax=41.86962936
realization 158 / 300 ... accepted 158. Emin=-1.54938177, Emax=42.58499812
realization 159 / 300 ... accepted 159. Emin=1.61650469, Emax=45.10117943
realization 160 / 300 ... accepted 160. Emin=-5.08858361, Emax=38.05209598
realization 161 / 300 ... accepted 161. Emin=2.89780548, Emax=46.74699908
realization 162 / 300 ... accepted 162. Emin=-3.40043095, Emax=39.05186376
realization 163 / 300 ... accepted 163. Emin=2.68003424, Emax=47.55640327
realization 164 / 300 ... accepted 164. Emin=-2.85226966, Emax=41.69563275
realization 165 / 300 ... accepted 165. Emin=-4.19348344, Emax=39.84439986
realization 166 / 300 ... accepted 166. Emin=1.70883245, Emax=44.93982855
realization 167 / 300 ... accepted 167. Emin=-4.56741743, Emax=37.85089581
realization 168 / 300 ... accepted 168. Emin=-2.26682713, Emax=43.18491957
realization 169 / 300 ... accepted 169. Emin=-4.59932459, Emax=39.56201167
realization 170 / 300 ... accepted 170. Emin=-3.56872261, Emax=40.95679099
realization 171 / 300 ... accepted 171. Emin=0.48930241, Emax=42.44486588
realization 172 / 300 ... accepted 172. Emin=-3.33390577, Emax=40.00098695
realization 173 / 300 ... accepted 173. Emin=1.27160724, Emax=46.34579488
realization 174 / 300 ... accepted 174. Emin=-3.37196726, Emax=39.41064020
realization 175 / 300 ... accepted 175. Emin=6.54642645, Emax=47.04452881
realization 176 / 300 ... accepted 176. Emin=-3.36825620, Emax=37.42757174
realization 177 / 300 ... accepted 177. Emin=-2.59371440, Emax=44.50960126
realization 178 / 300 ... accepted 178. Emin=-1.27427166, Emax=41.82111094
realization 179 / 300 ... accepted 179. Emin=-4.17516402, Emax=37.79236549
realization 180 / 300 ... accepted 180. Emin=2.22350145, Emax=47.76372293
realization 181 / 300 ... accepted 181. Emin=2.23091948, Emax=46.27594030
realization 182 / 300 ... accepted 182. Emin=-3.98787948, Emax=38.38731235
realization 183 / 300 ... accepted 183. Emin=-5.06929860, Emax=38.04467551
realization 184 / 300 ... accepted 184. Emin=-3.53657051, Emax=39.98646754
realization 185 / 300 ... accepted 185. Emin=-1.68199260, Emax=42.68248626
realization 186 / 300 ... accepted 186. Emin=-4.68980731, Emax=39.69169021
realization 187 / 300 ... accepted 187. Emin=0.47034748, Emax=44.42999417
realization 188 / 300 ... accepted 188. Emin=3.49532844, Emax=45.96509786
realization 189 / 300 ... accepted 189. Emin=-4.71562844, Emax=38.49906851
realization 190 / 300 ... accepted 190. Emin=-1.06579409, Emax=42.37200112
realization 191 / 300 ... accepted 191. Emin=-0.02655401, Emax=44.47166240
realization 192 / 300 ... accepted 192. Emin=0.41640962, Emax=44.77534933
realization 193 / 300 ... accepted 193. Emin=1.24364020, Emax=43.61694721
realization 194 / 300 ... accepted 194. Emin=-1.84153892, Emax=44.98054049
realization 195 / 300 ... accepted 195. Emin=-4.22651209, Emax=38.92136393
realization 196 / 300 ... accepted 196. Emin=-0.19151624, Emax=42.90300909
realization 197 / 300 ... accepted 197. Emin=-5.19697588, Emax=36.45338524
realization 198 / 300 ... accepted 198. Emin=-6.26623186, Emax=37.33199715
realization 199 / 300 ... accepted 199. Emin=2.99909331, Emax=45.44997205
realization 200 / 300 ... accepted 200. Emin=5.79080578, Emax=47.52811898
realization 201 / 300 ... accepted 201. Emin=-3.71773645, Emax=38.57762575
realization 202 / 300 ... accepted 202. Emin=-5.96925788, Emax=36.09323550
realization 203 / 300 ... accepted 203. Emin=-3.19577833, Emax=40.02018602
realization 204 / 300 ... accepted 204. Emin=-5.62341991, Emax=36.69470683
realization 205 / 300 ... accepted 205. Emin=-0.23388982, Emax=42.60589500
realization 206 / 300 ... accepted 206. Emin=2.88178808, Emax=47.25794379
realization 207 / 300 ... accepted 207. Emin=-0.28043562, Emax=42.72853846
realization 208 / 300 ... accepted 208. Emin=1.49165289, Emax=44.69955109
realization 209 / 300 ... accepted 209. Emin=-0.34505402, Emax=41.35948248
realization 210 / 300 ... accepted 210. Emin=-5.70140829, Emax=37.84265896
realization 211 / 300 ... accepted 211. Emin=-1.77660075, Emax=42.84296391
realization 212 / 300 ... accepted 212. Emin=0.34926599, Emax=43.26593677
realization 213 / 300 ... accepted 213. Emin=-0.68602449, Emax=46.50462938
realization 214 / 300 ... accepted 214. Emin=-2.60256541, Emax=43.32729586
realization 215 / 300 ... accepted 215. Emin=1.75881853, Emax=44.88521043
realization 216 / 300 ... accepted 216. Emin=-5.07375779, Emax=38.17151018
realization 217 / 300 ... accepted 217. Emin=-3.14614809, Emax=40.64530957
realization 218 / 300 ... accepted 218. Emin=-5.48192847, Emax=38.15924779
realization 219 / 300 ... accepted 219. Emin=-6.31677378, Emax=35.69975248
realization 220 / 300 ... accepted 220. Emin=-4.56164200, Emax=40.18119860
realization 221 / 300 ... accepted 221. Emin=-0.45789844, Emax=45.08303243
realization 222 / 300 ... accepted 222. Emin=-5.57357529, Emax=36.89793895
realization 223 / 300 ... accepted 223. Emin=-2.37334501, Emax=44.16078125
realization 224 / 300 ... accepted 224. Emin=-3.04780526, Emax=39.16315031
realization 225 / 300 ... accepted 225. Emin=-4.71708882, Emax=37.18041508
realization 226 / 300 ... accepted 226. Emin=-6.62667329, Emax=35.29336054
realization 227 / 300 ... accepted 227. Emin=-2.77680127, Emax=40.60780862
realization 228 / 300 ... accepted 228. Emin=-0.34709900, Emax=43.34648918
realization 229 / 300 ... accepted 229. Emin=-5.76414852, Emax=36.97188879
realization 230 / 300 ... accepted 230. Emin=-9.22144218, Emax=32.43130064
realization 231 / 300 ... accepted 231. Emin=-2.45304017, Emax=40.63641034
realization 232 / 300 ... accepted 232. Emin=0.09803129, Emax=45.76153196
realization 233 / 300 ... accepted 233. Emin=-5.68739818, Emax=38.15152151
realization 234 / 300 ... accepted 234. Emin=-3.51823603, Emax=39.04242821
realization 235 / 300 ... accepted 235. Emin=-1.94294833, Emax=40.40060518
realization 236 / 300 ... accepted 236. Emin=-3.94942568, Emax=39.32370564
realization 237 / 300 ... accepted 237. Emin=-8.24567713, Emax=34.48474884
realization 238 / 300 ... accepted 238. Emin=-5.23622586, Emax=40.77243616
realization 239 / 300 ... accepted 239. Emin=-0.44990321, Emax=42.24370878
realization 240 / 300 ... accepted 240. Emin=-2.71142516, Emax=41.09195592
realization 241 / 300 ... accepted 241. Emin=-2.27484911, Emax=42.87840762
realization 242 / 300 ... accepted 242. Emin=-6.84323319, Emax=33.27087802
realization 243 / 300 ... accepted 243. Emin=-6.11073890, Emax=37.79525418
realization 244 / 300 ... accepted 244. Emin=-3.90206288, Emax=40.53231324
realization 245 / 300 ... accepted 245. Emin=-1.81379728, Emax=40.56171718
realization 246 / 300 ... accepted 246. Emin=-1.33598680, Emax=40.56404793
realization 247 / 300 ... accepted 247. Emin=-4.58181116, Emax=40.25542781
realization 248 / 300 ... accepted 248. Emin=-3.97893724, Emax=41.21721650
realization 249 / 300 ... accepted 249. Emin=-3.77405148, Emax=40.00487025
realization 250 / 300 ... accepted 250. Emin=-5.71092669, Emax=38.93253790
realization 251 / 300 ... accepted 251. Emin=-3.27427447, Emax=40.14547623
realization 252 / 300 ... accepted 252. Emin=-1.90853900, Emax=39.82677887
realization 253 / 300 ... accepted 253. Emin=-4.61212872, Emax=39.34095487
realization 254 / 300 ... accepted 254. Emin=-1.52364972, Emax=42.20912955
realization 255 / 300 ... accepted 255. Emin=-5.62299529, Emax=34.76185529
realization 256 / 300 ... accepted 256. Emin=-4.97648447, Emax=38.78675217
realization 257 / 300 ... accepted 257. Emin=-2.49551195, Emax=39.57271232
realization 258 / 300 ... accepted 258. Emin=-0.29548852, Emax=43.47603870
realization 259 / 300 ... accepted 259. Emin=-7.09081886, Emax=35.72135816
realization 260 / 300 ... accepted 260. Emin=-3.24881053, Emax=37.04517279
realization 261 / 300 ... accepted 261. Emin=2.47964904, Emax=46.65784484
realization 262 / 300 ... accepted 262. Emin=-4.68100196, Emax=40.78762913
realization 263 / 300 ... accepted 263. Emin=-6.76735393, Emax=36.79043294
realization 264 / 300 ... accepted 264. Emin=0.87986200, Emax=44.32132956
realization 265 / 300 ... accepted 265. Emin=-6.63623220, Emax=35.58239731
realization 266 / 300 ... accepted 266. Emin=2.43923013, Emax=45.37621869
realization 267 / 300 ... accepted 267. Emin=0.55494849, Emax=43.77079968
realization 268 / 300 ... accepted 268. Emin=0.56997017, Emax=46.08923427
realization 269 / 300 ... accepted 269. Emin=0.83776432, Emax=43.61840001
realization 270 / 300 ... accepted 270. Emin=-0.67278896, Emax=44.24587225
realization 271 / 300 ... accepted 271. Emin=-3.23894116, Emax=37.11840982
realization 272 / 300 ... accepted 272. Emin=-1.81218820, Emax=42.30433635
realization 273 / 300 ... accepted 273. Emin=4.13519804, Emax=45.31268635
realization 274 / 300 ... accepted 274. Emin=-1.23777128, Emax=41.41529223
realization 275 / 300 ... accepted 275. Emin=-0.62533035, Emax=45.03416318
realization 276 / 300 ... accepted 276. Emin=-4.87148016, Emax=38.10378791
realization 277 / 300 ... accepted 277. Emin=-1.08353974, Emax=43.97026591
realization 278 / 300 ... accepted 278. Emin=0.62785753, Emax=45.19509287
realization 279 / 300 ... accepted 279. Emin=-5.79477076, Emax=38.88315775
realization 280 / 300 ... accepted 280. Emin=-4.00159050, Emax=39.17875142
realization 281 / 300 ... accepted 281. Emin=1.12844181, Emax=45.85635116
realization 282 / 300 ... accepted 282. Emin=-5.14543386, Emax=37.72103930
realization 283 / 300 ... accepted 283. Emin=0.55834119, Emax=43.76382787
realization 284 / 300 ... accepted 284. Emin=-9.62096030, Emax=31.44039261
realization 285 / 300 ... accepted 285. Emin=-0.02521645, Emax=44.87526855
realization 286 / 300 ... accepted 286. Emin=-0.08863628, Emax=42.29500813
realization 287 / 300 ... accepted 287. Emin=1.52703380, Emax=46.32842806
realization 288 / 300 ... accepted 288. Emin=-4.96217074, Emax=38.00172567
realization 289 / 300 ... accepted 289. Emin=-6.40075791, Emax=37.65741007
realization 290 / 300 ... accepted 290. Emin=-1.90202722, Emax=41.72531462
realization 291 / 300 ... accepted 291. Emin=4.06303077, Emax=47.25455264
realization 292 / 300 ... accepted 292. Emin=-4.86873950, Emax=39.02310971
realization 293 / 300 ... accepted 293. Emin=-0.32787356, Emax=41.54826223
realization 294 / 300 ... accepted 294. Emin=-5.34697834, Emax=40.29849294
realization 295 / 300 ... accepted 295. Emin=-3.16758055, Emax=39.54131186
realization 296 / 300 ... accepted 296. Emin=-5.28068637, Emax=38.17871266
realization 297 / 300 ... accepted 297. Emin=0.32468443, Emax=44.31905834
realization 298 / 300 ... accepted 298. Emin=0.69396433, Emax=46.51074938
realization 299 / 300 ... accepted 299. Emin=-5.29412792, Emax=38.89829711
realization 300 / 300 ... accepted 300. Emin=-0.72374605, Emax=41.10962103
Saved final energies: /home/2/kj405942/POLFED_bosons/pbs_bose_legacy_nmax2_periodic/data/U_6/W_2/L_6/N_6_nmax_2/boundary_periodic/energies_full_U6_L6_N6_nmax2_W2_boundaryperiodic_nreal300.txt
Accepted realizations: 300 / 300
Skipped realizations: 0
Job finished at Sun May 31 18:05:26 UTC 2026
