Job started on w21 at Sun May 31 18:03:49 UTC 2026
PBS_JOBID=7731379.kruk-host.ift-klaster.lan
PBS_O_WORKDIR=/home/2/kj405942/POLFED_bosons
Bose-Hubbard: L=6, N=6, nmax=2, dim=141
t=1, U=6, W=10, nreal=300, boundary=periodic, mode=full
Writing partial results to /home/2/kj405942/POLFED_bosons/pbs_bose_legacy_nmax2_periodic/data/U_6/W_10/L_6/N_6_nmax_2/boundary_periodic/energies_full_U6_L6_N6_nmax2_W10_boundaryperiodic_nreal300_partial.txt
realization 1 / 300 ... accepted 1. Emin=-15.79664163, Emax=63.55105664
realization 2 / 300 ... accepted 2. Emin=4.18029875, Emax=78.28966980
realization 3 / 300 ... accepted 3. Emin=12.76897488, Emax=73.58464611
realization 4 / 300 ... accepted 4. Emin=-8.65179276, Emax=68.94548397
realization 5 / 300 ... accepted 5. Emin=-32.07349492, Emax=42.83051662
realization 6 / 300 ... accepted 6. Emin=-19.10651808, Emax=56.93946400
realization 7 / 300 ... accepted 7. Emin=-2.05040883, Emax=60.98469680
realization 8 / 300 ... accepted 8. Emin=13.56678215, Emax=81.02881802
realization 9 / 300 ... accepted 9. Emin=-29.28453142, Emax=27.83594882
realization 10 / 300 ... accepted 10. Emin=-32.00875280, Emax=39.55541901
realization 11 / 300 ... accepted 11. Emin=-40.03785873, Emax=18.46796191
realization 12 / 300 ... accepted 12. Emin=12.25910716, Emax=74.97559360
realization 13 / 300 ... accepted 13. Emin=-12.60759734, Emax=61.36012780
realization 14 / 300 ... accepted 14. Emin=-27.06611280, Emax=41.71785010
realization 15 / 300 ... accepted 15. Emin=-20.54664782, Emax=61.73136305
realization 16 / 300 ... accepted 16. Emin=-9.93797763, Emax=70.22496964
realization 17 / 300 ... accepted 17. Emin=-12.75627019, Emax=52.13591532
realization 18 / 300 ... accepted 18. Emin=-12.43715737, Emax=53.96105643
realization 19 / 300 ... accepted 19. Emin=-13.97519336, Emax=62.35424385
realization 20 / 300 ... accepted 20. Emin=18.30466068, Emax=85.56035869
realization 21 / 300 ... accepted 21. Emin=-28.39113593, Emax=44.19359240
realization 22 / 300 ... accepted 22. Emin=-0.08311910, Emax=61.06650037
realization 23 / 300 ... accepted 23. Emin=7.11799582, Emax=79.24363006
realization 24 / 300 ... accepted 24. Emin=-27.74480462, Emax=33.50777055
realization 25 / 300 ... accepted 25. Emin=-11.83679656, Emax=61.58617421
realization 26 / 300 ... accepted 26. Emin=13.72179072, Emax=69.09641024
realization 27 / 300 ... accepted 27. Emin=-29.53194822, Emax=38.49429000
realization 28 / 300 ... accepted 28. Emin=12.20410870, Emax=76.90903456
realization 29 / 300 ... accepted 29. Emin=16.21371591, Emax=74.20857949
realization 30 / 300 ... accepted 30. Emin=4.59650862, Emax=64.53911889
realization 31 / 300 ... accepted 31. Emin=-8.85231942, Emax=58.69751509
realization 32 / 300 ... accepted 32. Emin=-15.81604065, Emax=49.51697041
realization 33 / 300 ... accepted 33. Emin=-10.70035160, Emax=54.85908405
realization 34 / 300 ... accepted 34. Emin=-2.07045545, Emax=71.31522914
realization 35 / 300 ... accepted 35. Emin=12.60857253, Emax=84.06557738
realization 36 / 300 ... accepted 36. Emin=-10.37177434, Emax=65.67515664
realization 37 / 300 ... accepted 37. Emin=-1.85802232, Emax=78.05604640
realization 38 / 300 ... accepted 38. Emin=-14.49664372, Emax=71.31937975
realization 39 / 300 ... accepted 39. Emin=5.40845647, Emax=81.04473821
realization 40 / 300 ... accepted 40. Emin=-12.16987150, Emax=67.49950398
realization 41 / 300 ... accepted 41. Emin=10.71172699, Emax=71.43454951
realization 42 / 300 ... accepted 42. Emin=-26.15199589, Emax=39.16519344
realization 43 / 300 ... accepted 43. Emin=-14.26410881, Emax=43.46641999
realization 44 / 300 ... accepted 44. Emin=-1.69406435, Emax=63.06475357
realization 45 / 300 ... accepted 45. Emin=-16.79667138, Emax=46.19507699
realization 46 / 300 ... accepted 46. Emin=-22.14249433, Emax=35.55570074
realization 47 / 300 ... accepted 47. Emin=10.51719799, Emax=78.41878440
realization 48 / 300 ... accepted 48. Emin=0.12885516, Emax=62.37479124
realization 49 / 300 ... accepted 49. Emin=-21.80136597, Emax=48.40585930
realization 50 / 300 ... accepted 50. Emin=-13.26010779, Emax=43.09166140
realization 51 / 300 ... accepted 51. Emin=21.44359831, Emax=82.05949155
realization 52 / 300 ... accepted 52. Emin=-23.66701318, Emax=58.34617694
realization 53 / 300 ... accepted 53. Emin=26.56033716, Emax=79.36591648
realization 54 / 300 ... accepted 54. Emin=17.30061148, Emax=76.27863311
realization 55 / 300 ... accepted 55. Emin=-5.55049457, Emax=65.80579702
realization 56 / 300 ... accepted 56. Emin=-17.99582466, Emax=55.43309437
realization 57 / 300 ... accepted 57. Emin=-13.34082867, Emax=65.72071094
realization 58 / 300 ... accepted 58. Emin=14.89519287, Emax=81.54719617
realization 59 / 300 ... accepted 59. Emin=-23.74315317, Emax=42.07650655
realization 60 / 300 ... accepted 60. Emin=-16.12335857, Emax=50.11733185
realization 61 / 300 ... accepted 61. Emin=-6.94692045, Emax=60.46708186
realization 62 / 300 ... accepted 62. Emin=-19.20833582, Emax=66.92185259
realization 63 / 300 ... accepted 63. Emin=-8.91969713, Emax=46.31577942
realization 64 / 300 ... accepted 64. Emin=-0.52067233, Emax=73.88628177
realization 65 / 300 ... accepted 65. Emin=-2.33491418, Emax=58.08775793
realization 66 / 300 ... accepted 66. Emin=-30.82749515, Emax=35.49730652
realization 67 / 300 ... accepted 67. Emin=5.38917954, Emax=74.55229198
realization 68 / 300 ... accepted 68. Emin=1.21521973, Emax=72.07199586
realization 69 / 300 ... accepted 69. Emin=-11.94920951, Emax=61.29353323
realization 70 / 300 ... accepted 70. Emin=-18.60122636, Emax=42.76755104
realization 71 / 300 ... accepted 71. Emin=1.88108469, Emax=70.80461569
realization 72 / 300 ... accepted 72. Emin=-16.93690991, Emax=52.46900109
realization 73 / 300 ... accepted 73. Emin=-31.62883700, Emax=34.09145416
realization 74 / 300 ... accepted 74. Emin=0.94528825, Emax=76.48710425
realization 75 / 300 ... accepted 75. Emin=-8.61914491, Emax=52.23429120
realization 76 / 300 ... accepted 76. Emin=-24.26861304, Emax=35.83850225
realization 77 / 300 ... accepted 77. Emin=9.20761715, Emax=81.44038033
realization 78 / 300 ... accepted 78. Emin=-5.73859298, Emax=80.60609652
realization 79 / 300 ... accepted 79. Emin=-10.38103761, Emax=56.91008138
realization 80 / 300 ... accepted 80. Emin=-2.67604933, Emax=64.15441179
realization 81 / 300 ... accepted 81. Emin=0.82999042, Emax=58.08323076
realization 82 / 300 ... accepted 82. Emin=-27.03508840, Emax=37.54846538
realization 83 / 300 ... accepted 83. Emin=-7.54070181, Emax=68.28830897
realization 84 / 300 ... accepted 84. Emin=-3.66559500, Emax=80.26865202
realization 85 / 300 ... accepted 85. Emin=10.74962868, Emax=68.39714690
realization 86 / 300 ... accepted 86. Emin=-10.18749518, Emax=45.41460916
realization 87 / 300 ... accepted 87. Emin=-12.49981183, Emax=58.84568238
realization 88 / 300 ... accepted 88. Emin=3.31889281, Emax=62.21771432
realization 89 / 300 ... accepted 89. Emin=3.03191919, Emax=85.03970803
realization 90 / 300 ... accepted 90. Emin=-12.99538027, Emax=65.25271705
realization 91 / 300 ... accepted 91. Emin=-0.42216604, Emax=63.00830079
realization 92 / 300 ... accepted 92. Emin=-34.07346627, Emax=44.28931734
realization 93 / 300 ... accepted 93. Emin=18.59676790, Emax=76.83810031
realization 94 / 300 ... accepted 94. Emin=0.14076609, Emax=63.22190861
realization 95 / 300 ... accepted 95. Emin=14.29123938, Emax=75.36304695
realization 96 / 300 ... accepted 96. Emin=-19.20409666, Emax=76.62856503
realization 97 / 300 ... accepted 97. Emin=-15.71115911, Emax=73.49800712
realization 98 / 300 ... accepted 98. Emin=-9.11985811, Emax=76.34632343
realization 99 / 300 ... accepted 99. Emin=11.66508121, Emax=78.43136095
realization 100 / 300 ... accepted 100. Emin=-17.88127764, Emax=71.46492524
realization 101 / 300 ... accepted 101. Emin=-13.07750297, Emax=51.81897320
realization 102 / 300 ... accepted 102. Emin=-28.86181765, Emax=37.93239856
realization 103 / 300 ... accepted 103. Emin=-36.22875248, Emax=27.61057682
realization 104 / 300 ... accepted 104. Emin=-15.01032300, Emax=53.78068877
realization 105 / 300 ... accepted 105. Emin=-3.00430761, Emax=70.61512614
realization 106 / 300 ... accepted 106. Emin=2.66562477, Emax=75.58401001
realization 107 / 300 ... accepted 107. Emin=-18.73007889, Emax=52.88636584
realization 108 / 300 ... accepted 108. Emin=12.83901753, Emax=86.17410932
realization 109 / 300 ... accepted 109. Emin=-12.88204372, Emax=62.89955155
realization 110 / 300 ... accepted 110. Emin=-39.05648059, Emax=15.21633497
realization 111 / 300 ... accepted 111. Emin=13.22828356, Emax=65.91134052
realization 112 / 300 ... accepted 112. Emin=-1.75373755, Emax=72.71488694
realization 113 / 300 ... accepted 113. Emin=4.08123491, Emax=63.34888948
realization 114 / 300 ... accepted 114. Emin=-3.71278944, Emax=87.43637199
realization 115 / 300 ... accepted 115. Emin=-0.13814712, Emax=58.89836996
realization 116 / 300 ... accepted 116. Emin=-7.48201527, Emax=47.65302855
realization 117 / 300 ... accepted 117. Emin=-15.44116490, Emax=69.40228936
realization 118 / 300 ... accepted 118. Emin=-23.85404729, Emax=44.55266004
realization 119 / 300 ... accepted 119. Emin=-25.98802476, Emax=63.13525247
realization 120 / 300 ... accepted 120. Emin=13.51224494, Emax=69.57295350
realization 121 / 300 ... accepted 121. Emin=-9.97313518, Emax=65.60569193
realization 122 / 300 ... accepted 122. Emin=18.69006029, Emax=87.22984906
realization 123 / 300 ... accepted 123. Emin=-14.14426685, Emax=54.58798954
realization 124 / 300 ... accepted 124. Emin=-13.84248990, Emax=38.37451545
realization 125 / 300 ... accepted 125. Emin=-28.62612289, Emax=30.58723236
realization 126 / 300 ... accepted 126. Emin=-13.01117924, Emax=68.69399285
realization 127 / 300 ... accepted 127. Emin=-6.88789766, Emax=76.59914401
realization 128 / 300 ... accepted 128. Emin=-20.41159094, Emax=64.45334459
realization 129 / 300 ... accepted 129. Emin=28.73566735, Emax=85.98423197
realization 130 / 300 ... accepted 130. Emin=12.61137458, Emax=78.88887382
realization 131 / 300 ... accepted 131. Emin=-27.45249551, Emax=52.33996971
realization 132 / 300 ... accepted 132. Emin=-13.06792194, Emax=57.73295661
realization 133 / 300 ... accepted 133. Emin=-6.72033828, Emax=61.62259587
realization 134 / 300 ... accepted 134. Emin=24.08434316, Emax=87.04394573
realization 135 / 300 ... accepted 135. Emin=10.39581020, Emax=69.60560058
realization 136 / 300 ... accepted 136. Emin=-16.13873609, Emax=46.61062220
realization 137 / 300 ... accepted 137. Emin=4.54066397, Emax=74.45915816
realization 138 / 300 ... accepted 138. Emin=10.76252723, Emax=77.12586900
realization 139 / 300 ... accepted 139. Emin=8.03421674, Emax=64.52323357
realization 140 / 300 ... accepted 140. Emin=-35.78964079, Emax=21.88191962
realization 141 / 300 ... accepted 141. Emin=-19.14633220, Emax=54.63006100
realization 142 / 300 ... accepted 142. Emin=-10.88322303, Emax=40.44689743
realization 143 / 300 ... accepted 143. Emin=-26.65925754, Emax=54.08157524
realization 144 / 300 ... accepted 144. Emin=1.69839156, Emax=66.52485624
realization 145 / 300 ... accepted 145. Emin=-31.22357752, Emax=24.52613751
realization 146 / 300 ... accepted 146. Emin=2.21591960, Emax=60.39048487
realization 147 / 300 ... accepted 147. Emin=-16.24319140, Emax=58.04688408
realization 148 / 300 ... accepted 148. Emin=19.15403893, Emax=80.86539801
realization 149 / 300 ... accepted 149. Emin=-17.64728019, Emax=68.36198972
realization 150 / 300 ... accepted 150. Emin=23.85020541, Emax=87.27906020
realization 151 / 300 ... accepted 151. Emin=-10.54222300, Emax=77.38695165
realization 152 / 300 ... accepted 152. Emin=15.55676316, Emax=80.58705039
realization 153 / 300 ... accepted 153. Emin=-15.68838559, Emax=63.07730016
realization 154 / 300 ... accepted 154. Emin=-4.22417019, Emax=67.53403352
realization 155 / 300 ... accepted 155. Emin=-10.61332024, Emax=66.55815066
realization 156 / 300 ... accepted 156. Emin=9.92780319, Emax=80.92725438
realization 157 / 300 ... accepted 157. Emin=-34.42133804, Emax=18.20301321
realization 158 / 300 ... accepted 158. Emin=-10.01421370, Emax=59.05014211
realization 159 / 300 ... accepted 159. Emin=12.57218345, Emax=63.57600168
realization 160 / 300 ... accepted 160. Emin=-3.13566347, Emax=81.41885123
realization 161 / 300 ... accepted 161. Emin=7.56133828, Emax=64.92785435
realization 162 / 300 ... accepted 162. Emin=15.70097172, Emax=74.13528263
realization 163 / 300 ... accepted 163. Emin=-39.27299348, Emax=27.08850152
realization 164 / 300 ... accepted 164. Emin=-7.17623877, Emax=73.32701426
realization 165 / 300 ... accepted 165. Emin=-29.98030317, Emax=28.12558626
realization 166 / 300 ... accepted 166. Emin=-13.64451733, Emax=72.63880320
realization 167 / 300 ... accepted 167. Emin=5.98417230, Emax=76.44696882
realization 168 / 300 ... accepted 168. Emin=6.56281896, Emax=66.89434951
realization 169 / 300 ... accepted 169. Emin=-13.54435392, Emax=59.13965336
realization 170 / 300 ... accepted 170. Emin=11.73416181, Emax=80.97935373
realization 171 / 300 ... accepted 171. Emin=7.29275328, Emax=66.99693377
realization 172 / 300 ... accepted 172. Emin=-16.29066812, Emax=37.13751659
realization 173 / 300 ... accepted 173. Emin=-28.73190729, Emax=49.21145675
realization 174 / 300 ... accepted 174. Emin=5.21174307, Emax=76.51115137
realization 175 / 300 ... accepted 175. Emin=27.90058014, Emax=78.88012679
realization 176 / 300 ... accepted 176. Emin=3.80288642, Emax=61.24383639
realization 177 / 300 ... accepted 177. Emin=-27.15553270, Emax=22.32933390
realization 178 / 300 ... accepted 178. Emin=3.49861062, Emax=72.50637467
realization 179 / 300 ... accepted 179. Emin=9.23852946, Emax=64.23549671
realization 180 / 300 ... accepted 180. Emin=-17.94744727, Emax=65.65416982
realization 181 / 300 ... accepted 181. Emin=13.54369250, Emax=66.59538302
realization 182 / 300 ... accepted 182. Emin=11.74076499, Emax=78.57837040
realization 183 / 300 ... accepted 183. Emin=-5.06211529, Emax=69.55733461
realization 184 / 300 ... accepted 184. Emin=2.18824574, Emax=71.14697922
realization 185 / 300 ... accepted 185. Emin=-3.90460222, Emax=79.70717241
realization 186 / 300 ... accepted 186. Emin=-30.36069089, Emax=37.07114227
realization 187 / 300 ... accepted 187. Emin=-13.42468658, Emax=74.25394132
realization 188 / 300 ... accepted 188. Emin=-6.88860498, Emax=47.93846458
realization 189 / 300 ... accepted 189. Emin=11.11740532, Emax=81.15248021
realization 190 / 300 ... accepted 190. Emin=11.54034884, Emax=82.82493569
realization 191 / 300 ... accepted 191. Emin=-3.18557166, Emax=64.59812125
realization 192 / 300 ... accepted 192. Emin=-17.78823147, Emax=36.96308017
realization 193 / 300 ... accepted 193. Emin=-1.16479095, Emax=80.04060801
realization 194 / 300 ... accepted 194. Emin=-0.45936167, Emax=74.11533536
realization 195 / 300 ... accepted 195. Emin=-3.51280786, Emax=80.63316912
realization 196 / 300 ... accepted 196. Emin=0.43447953, Emax=53.39243182
realization 197 / 300 ... accepted 197. Emin=-1.04956272, Emax=59.50009065
realization 198 / 300 ... accepted 198. Emin=-21.92846285, Emax=42.28518253
realization 199 / 300 ... accepted 199. Emin=-11.57715964, Emax=69.34911518
realization 200 / 300 ... accepted 200. Emin=-13.49643089, Emax=52.63918117
realization 201 / 300 ... accepted 201. Emin=-2.06483311, Emax=50.29737635
realization 202 / 300 ... accepted 202. Emin=-24.19329813, Emax=35.72391739
realization 203 / 300 ... accepted 203. Emin=-7.06407067, Emax=76.57021117
realization 204 / 300 ... accepted 204. Emin=9.41566683, Emax=70.90304045
realization 205 / 300 ... accepted 205. Emin=-9.57343933, Emax=55.05207634
realization 206 / 300 ... accepted 206. Emin=-2.66952195, Emax=63.65588977
realization 207 / 300 ... accepted 207. Emin=0.00899224, Emax=67.61486683
realization 208 / 300 ... accepted 208. Emin=-2.54138302, Emax=62.65598619
realization 209 / 300 ... accepted 209. Emin=16.40012524, Emax=87.01525318
realization 210 / 300 ... accepted 210. Emin=6.60057064, Emax=55.83114098
realization 211 / 300 ... accepted 211. Emin=-27.30182804, Emax=37.30478475
realization 212 / 300 ... accepted 212. Emin=-6.22631854, Emax=81.05285914
realization 213 / 300 ... accepted 213. Emin=-7.89230024, Emax=58.94471519
realization 214 / 300 ... accepted 214. Emin=-7.29385678, Emax=54.00028428
realization 215 / 300 ... accepted 215. Emin=-5.56829647, Emax=42.27328031
realization 216 / 300 ... accepted 216. Emin=-8.97649578, Emax=46.47877475
realization 217 / 300 ... accepted 217. Emin=12.25004565, Emax=76.57108425
realization 218 / 300 ... accepted 218. Emin=1.06849168, Emax=67.93880871
realization 219 / 300 ... accepted 219. Emin=1.20072226, Emax=70.28743277
realization 220 / 300 ... accepted 220. Emin=-12.48205121, Emax=78.69792483
realization 221 / 300 ... accepted 221. Emin=-11.55268671, Emax=59.25205369
realization 222 / 300 ... accepted 222. Emin=-14.61773731, Emax=48.76341598
realization 223 / 300 ... accepted 223. Emin=-18.30170857, Emax=57.14888355
realization 224 / 300 ... accepted 224. Emin=-22.70598625, Emax=42.34679221
realization 225 / 300 ... accepted 225. Emin=-15.09357763, Emax=49.69441386
realization 226 / 300 ... accepted 226. Emin=9.37167782, Emax=75.19737165
realization 227 / 300 ... accepted 227. Emin=-22.22807771, Emax=50.13194742
realization 228 / 300 ... accepted 228. Emin=-19.02687479, Emax=40.88873273
realization 229 / 300 ... accepted 229. Emin=-2.38278187, Emax=60.00272671
realization 230 / 300 ... accepted 230. Emin=1.51144517, Emax=52.65856335
realization 231 / 300 ... accepted 231. Emin=-5.55383412, Emax=57.99732530
realization 232 / 300 ... accepted 232. Emin=-6.50423644, Emax=74.62281375
realization 233 / 300 ... accepted 233. Emin=-16.87695019, Emax=37.48754048
realization 234 / 300 ... accepted 234. Emin=-0.48399872, Emax=72.61724731
realization 235 / 300 ... accepted 235. Emin=12.71494232, Emax=86.74246101
realization 236 / 300 ... accepted 236. Emin=-23.05109033, Emax=35.01819747
realization 237 / 300 ... accepted 237. Emin=-24.97613205, Emax=53.71124813
realization 238 / 300 ... accepted 238. Emin=-24.72058613, Emax=59.99317293
realization 239 / 300 ... accepted 239. Emin=0.57363777, Emax=61.28947496
realization 240 / 300 ... accepted 240. Emin=-2.40549734, Emax=60.57135602
realization 241 / 300 ... accepted 241. Emin=-17.28353117, Emax=52.96544826
realization 242 / 300 ... accepted 242. Emin=-12.79698610, Emax=61.26322544
realization 243 / 300 ... accepted 243. Emin=-10.02825616, Emax=51.29173021
realization 244 / 300 ... accepted 244. Emin=-14.17485708, Emax=62.86818401
realization 245 / 300 ... accepted 245. Emin=-29.11318722, Emax=42.68164073
realization 246 / 300 ... accepted 246. Emin=15.26954734, Emax=72.28964103
realization 247 / 300 ... accepted 247. Emin=1.62227235, Emax=65.77714664
realization 248 / 300 ... accepted 248. Emin=-20.33123899, Emax=37.72416525
realization 249 / 300 ... accepted 249. Emin=-8.94224880, Emax=37.16348097
realization 250 / 300 ... accepted 250. Emin=-22.37325545, Emax=38.98260189
realization 251 / 300 ... accepted 251. Emin=-10.70522946, Emax=43.75125713
realization 252 / 300 ... accepted 252. Emin=-12.97078997, Emax=67.30859284
realization 253 / 300 ... accepted 253. Emin=-3.15953465, Emax=74.95643614
realization 254 / 300 ... accepted 254. Emin=23.03374372, Emax=86.31522483
realization 255 / 300 ... accepted 255. Emin=-0.92514534, Emax=73.82872980
realization 256 / 300 ... accepted 256. Emin=-10.44523932, Emax=54.94052011
realization 257 / 300 ... accepted 257. Emin=-15.26180808, Emax=47.16183220
realization 258 / 300 ... accepted 258. Emin=1.39391074, Emax=60.47220603
realization 259 / 300 ... accepted 259. Emin=6.58984664, Emax=81.19209578
realization 260 / 300 ... accepted 260. Emin=12.68429176, Emax=81.16690324
realization 261 / 300 ... accepted 261. Emin=-25.46767071, Emax=58.85473077
realization 262 / 300 ... accepted 262. Emin=-7.91822133, Emax=49.32212785
realization 263 / 300 ... accepted 263. Emin=-16.55400982, Emax=52.63839310
realization 264 / 300 ... accepted 264. Emin=24.43709855, Emax=87.90149871
realization 265 / 300 ... accepted 265. Emin=-32.94825815, Emax=38.38341349
realization 266 / 300 ... accepted 266. Emin=-6.10318261, Emax=59.46097206
realization 267 / 300 ... accepted 267. Emin=-21.35758240, Emax=40.49860359
realization 268 / 300 ... accepted 268. Emin=-26.67091306, Emax=29.31935588
realization 269 / 300 ... accepted 269. Emin=-12.23081140, Emax=64.11134589
realization 270 / 300 ... accepted 270. Emin=-3.91456731, Emax=71.79866276
realization 271 / 300 ... accepted 271. Emin=20.27938554, Emax=69.41247705
realization 272 / 300 ... accepted 272. Emin=-0.59801966, Emax=76.63336998
realization 273 / 300 ... accepted 273. Emin=-16.05689474, Emax=49.10606668
realization 274 / 300 ... accepted 274. Emin=7.26816623, Emax=68.99535699
realization 275 / 300 ... accepted 275. Emin=-28.74165985, Emax=38.00454782
realization 276 / 300 ... accepted 276. Emin=6.85380030, Emax=70.96339648
realization 277 / 300 ... accepted 277. Emin=12.16094699, Emax=81.89798875
realization 278 / 300 ... accepted 278. Emin=5.49462248, Emax=75.56796515
realization 279 / 300 ... accepted 279. Emin=9.41542284, Emax=80.04394349
realization 280 / 300 ... accepted 280. Emin=8.70386540, Emax=82.11297511
realization 281 / 300 ... accepted 281. Emin=-14.30832033, Emax=60.22468291
realization 282 / 300 ... accepted 282. Emin=-21.18203143, Emax=37.21704264
realization 283 / 300 ... accepted 283. Emin=-13.64758506, Emax=76.77862223
realization 284 / 300 ... accepted 284. Emin=-10.46620431, Emax=84.32091249
realization 285 / 300 ... accepted 285. Emin=-4.20089105, Emax=68.95092330
realization 286 / 300 ... accepted 286. Emin=-16.80543177, Emax=33.07362218
realization 287 / 300 ... accepted 287. Emin=-6.78747223, Emax=46.06424373
realization 288 / 300 ... accepted 288. Emin=-27.16408089, Emax=65.93546734
realization 289 / 300 ... accepted 289. Emin=-2.94191568, Emax=63.83012929
realization 290 / 300 ... accepted 290. Emin=0.02220437, Emax=75.15749958
realization 291 / 300 ... accepted 291. Emin=-1.15717009, Emax=69.46983015
realization 292 / 300 ... accepted 292. Emin=7.17366294, Emax=69.77239712
realization 293 / 300 ... accepted 293. Emin=-2.22029429, Emax=54.01859532
realization 294 / 300 ... accepted 294. Emin=-7.64778958, Emax=68.01342813
realization 295 / 300 ... accepted 295. Emin=-26.28593996, Emax=43.14789683
realization 296 / 300 ... accepted 296. Emin=-5.29873696, Emax=58.20113076
realization 297 / 300 ... accepted 297. Emin=-5.84951987, Emax=65.37066450
realization 298 / 300 ... accepted 298. Emin=-0.28601036, Emax=82.60896497
realization 299 / 300 ... accepted 299. Emin=2.68481116, Emax=75.25453082
realization 300 / 300 ... accepted 300. Emin=-4.21952184, Emax=67.65923440
Saved final energies: /home/2/kj405942/POLFED_bosons/pbs_bose_legacy_nmax2_periodic/data/U_6/W_10/L_6/N_6_nmax_2/boundary_periodic/energies_full_U6_L6_N6_nmax2_W10_boundaryperiodic_nreal300.txt
Accepted realizations: 300 / 300
Skipped realizations: 0
Job finished at Sun May 31 18:05:26 UTC 2026
