Job started on w21 at Sun May 31 18:03:48 UTC 2026
PBS_JOBID=7731373.kruk-host.ift-klaster.lan
PBS_O_WORKDIR=/home/2/kj405942/POLFED_bosons
Bose-Hubbard: L=6, N=6, nmax=2, dim=141
t=1, U=6, W=4, nreal=300, boundary=periodic, mode=full
Writing partial results to /home/2/kj405942/POLFED_bosons/pbs_bose_legacy_nmax2_periodic/data/U_6/W_4/L_6/N_6_nmax_2/boundary_periodic/energies_full_U6_L6_N6_nmax2_W4_boundaryperiodic_nreal300_partial.txt
realization 1 / 300 ... accepted 1. Emin=-3.90026624, Emax=41.97422361
realization 2 / 300 ... accepted 2. Emin=-3.68235003, Emax=47.28887658
realization 3 / 300 ... accepted 3. Emin=-4.71910838, Emax=52.05021573
realization 4 / 300 ... accepted 4. Emin=-2.54418138, Emax=42.14094055
realization 5 / 300 ... accepted 5. Emin=-11.08300662, Emax=38.27822721
realization 6 / 300 ... accepted 6. Emin=-11.79001655, Emax=38.52522210
realization 7 / 300 ... accepted 7. Emin=5.90712469, Emax=54.86835005
realization 8 / 300 ... accepted 8. Emin=-3.55309908, Emax=45.59476671
realization 9 / 300 ... accepted 9. Emin=-7.35265533, Emax=39.57364035
realization 10 / 300 ... accepted 10. Emin=6.88001398, Emax=51.88288962
realization 11 / 300 ... accepted 11. Emin=1.81105917, Emax=48.88660232
realization 12 / 300 ... accepted 12. Emin=1.55327132, Emax=53.51318760
realization 13 / 300 ... accepted 13. Emin=0.32539708, Emax=52.73299025
realization 14 / 300 ... accepted 14. Emin=-3.47026366, Emax=48.72982189
realization 15 / 300 ... accepted 15. Emin=15.27892660, Emax=59.24199227
realization 16 / 300 ... accepted 16. Emin=-1.30730281, Emax=42.82816328
realization 17 / 300 ... accepted 17. Emin=-1.44346872, Emax=56.67620979
realization 18 / 300 ... accepted 18. Emin=-7.49527390, Emax=43.52173337
realization 19 / 300 ... accepted 19. Emin=-1.61288932, Emax=45.97528694
realization 20 / 300 ... accepted 20. Emin=-2.81399534, Emax=51.56077165
realization 21 / 300 ... accepted 21. Emin=-4.79798374, Emax=45.21898098
realization 22 / 300 ... accepted 22. Emin=-3.54203519, Emax=42.35164344
realization 23 / 300 ... accepted 23. Emin=-9.85414458, Emax=40.20303586
realization 24 / 300 ... accepted 24. Emin=-4.69551872, Emax=48.89041635
realization 25 / 300 ... accepted 25. Emin=-2.73976078, Emax=50.50879854
realization 26 / 300 ... accepted 26. Emin=-6.18750923, Emax=48.71652554
realization 27 / 300 ... accepted 27. Emin=-2.40206811, Emax=47.75393200
realization 28 / 300 ... accepted 28. Emin=1.87893735, Emax=48.73997517
realization 29 / 300 ... accepted 29. Emin=7.25240807, Emax=57.47613843
realization 30 / 300 ... accepted 30. Emin=-5.44845019, Emax=44.74906282
realization 31 / 300 ... accepted 31. Emin=-3.52332789, Emax=40.69745903
realization 32 / 300 ... accepted 32. Emin=3.10047951, Emax=45.57893261
realization 33 / 300 ... accepted 33. Emin=-3.13328150, Emax=46.82888791
realization 34 / 300 ... accepted 34. Emin=-5.70980695, Emax=43.94501694
realization 35 / 300 ... accepted 35. Emin=-2.81237231, Emax=44.37968222
realization 36 / 300 ... accepted 36. Emin=-0.56463580, Emax=55.49442026
realization 37 / 300 ... accepted 37. Emin=-6.66907884, Emax=40.90484888
realization 38 / 300 ... accepted 38. Emin=-0.16213563, Emax=48.98482683
realization 39 / 300 ... accepted 39. Emin=-8.40612122, Emax=42.27634701
realization 40 / 300 ... accepted 40. Emin=-2.58673933, Emax=44.89340490
realization 41 / 300 ... accepted 41. Emin=-10.95596650, Emax=40.75839001
realization 42 / 300 ... accepted 42. Emin=-4.40933321, Emax=49.89262030
realization 43 / 300 ... accepted 43. Emin=1.76188819, Emax=51.01429659
realization 44 / 300 ... accepted 44. Emin=6.73768883, Emax=55.92963370
realization 45 / 300 ... accepted 45. Emin=-2.61057311, Emax=42.48736868
realization 46 / 300 ... accepted 46. Emin=7.88530933, Emax=53.53881679
realization 47 / 300 ... accepted 47. Emin=-2.80414806, Emax=43.79235786
realization 48 / 300 ... accepted 48. Emin=-5.36319162, Emax=42.70283628
realization 49 / 300 ... accepted 49. Emin=-10.05272103, Emax=40.82767710
realization 50 / 300 ... accepted 50. Emin=0.21419347, Emax=50.62325598
realization 51 / 300 ... accepted 51. Emin=-8.92683536, Emax=43.55302187
realization 52 / 300 ... accepted 52. Emin=-8.99450059, Emax=34.48092695
realization 53 / 300 ... accepted 53. Emin=-0.18216449, Emax=44.06637560
realization 54 / 300 ... accepted 54. Emin=-10.72600637, Emax=39.11127467
realization 55 / 300 ... accepted 55. Emin=-0.55664373, Emax=47.95743009
realization 56 / 300 ... accepted 56. Emin=0.09530550, Emax=46.84620940
realization 57 / 300 ... accepted 57. Emin=-4.19147348, Emax=45.71165705
realization 58 / 300 ... accepted 58. Emin=-7.82005871, Emax=39.42163824
realization 59 / 300 ... accepted 59. Emin=-6.57664324, Emax=42.63286662
realization 60 / 300 ... accepted 60. Emin=8.21113626, Emax=57.31207116
realization 61 / 300 ... accepted 61. Emin=-0.39097912, Emax=44.81084360
realization 62 / 300 ... accepted 62. Emin=6.29436800, Emax=55.65738682
realization 63 / 300 ... accepted 63. Emin=-5.29504968, Emax=43.48189650
realization 64 / 300 ... accepted 64. Emin=5.50543867, Emax=53.55056814
realization 65 / 300 ... accepted 65. Emin=-9.49945120, Emax=37.52594195
realization 66 / 300 ... accepted 66. Emin=-0.40744457, Emax=48.35099730
realization 67 / 300 ... accepted 67. Emin=1.32646387, Emax=48.81351842
realization 68 / 300 ... accepted 68. Emin=-7.39075557, Emax=42.87347872
realization 69 / 300 ... accepted 69. Emin=-4.36232997, Emax=44.00084030
realization 70 / 300 ... accepted 70. Emin=0.62320055, Emax=48.23578792
realization 71 / 300 ... accepted 71. Emin=-9.87159660, Emax=36.11099655
realization 72 / 300 ... accepted 72. Emin=-0.70860177, Emax=47.81028688
realization 73 / 300 ... accepted 73. Emin=-1.81476176, Emax=45.80323826
realization 74 / 300 ... accepted 74. Emin=-7.35311859, Emax=41.93774548
realization 75 / 300 ... accepted 75. Emin=1.29572933, Emax=55.36391523
realization 76 / 300 ... accepted 76. Emin=1.02234407, Emax=48.74506276
realization 77 / 300 ... accepted 77. Emin=-0.93860818, Emax=47.03255292
realization 78 / 300 ... accepted 78. Emin=-8.01846996, Emax=46.34660567
realization 79 / 300 ... accepted 79. Emin=1.60301018, Emax=55.40462272
realization 80 / 300 ... accepted 80. Emin=3.99342207, Emax=57.21917624
realization 81 / 300 ... accepted 81. Emin=-13.17036019, Emax=35.51207664
realization 82 / 300 ... accepted 82. Emin=-8.31476931, Emax=39.84549448
realization 83 / 300 ... accepted 83. Emin=1.60409737, Emax=54.53767852
realization 84 / 300 ... accepted 84. Emin=-6.43749782, Emax=43.90265939
realization 85 / 300 ... accepted 85. Emin=3.16917573, Emax=48.82321115
realization 86 / 300 ... accepted 86. Emin=4.38945944, Emax=56.71834658
realization 87 / 300 ... accepted 87. Emin=4.61764991, Emax=52.40542459
realization 88 / 300 ... accepted 88. Emin=14.22282503, Emax=59.02382051
realization 89 / 300 ... accepted 89. Emin=0.96112672, Emax=50.11489897
realization 90 / 300 ... accepted 90. Emin=2.95057901, Emax=52.73502088
realization 91 / 300 ... accepted 91. Emin=3.49277305, Emax=58.12943242
realization 92 / 300 ... accepted 92. Emin=4.45726004, Emax=59.17528675
realization 93 / 300 ... accepted 93. Emin=-4.37987965, Emax=47.34770484
realization 94 / 300 ... accepted 94. Emin=2.82640801, Emax=55.86686257
realization 95 / 300 ... accepted 95. Emin=-1.10317045, Emax=47.96199826
realization 96 / 300 ... accepted 96. Emin=-6.56551230, Emax=42.07205010
realization 97 / 300 ... accepted 97. Emin=4.43675299, Emax=56.48216404
realization 98 / 300 ... accepted 98. Emin=7.31714043, Emax=54.70879325
realization 99 / 300 ... accepted 99. Emin=-8.43405399, Emax=41.07960858
realization 100 / 300 ... accepted 100. Emin=6.38096708, Emax=57.07706655
realization 101 / 300 ... accepted 101. Emin=-10.04607735, Emax=35.47171539
realization 102 / 300 ... accepted 102. Emin=-0.65428929, Emax=42.87086375
realization 103 / 300 ... accepted 103. Emin=-9.30483908, Emax=34.70207126
realization 104 / 300 ... accepted 104. Emin=2.08024338, Emax=55.13712890
realization 105 / 300 ... accepted 105. Emin=-7.13672158, Emax=43.27512184
realization 106 / 300 ... accepted 106. Emin=-2.71196709, Emax=50.48386697
realization 107 / 300 ... accepted 107. Emin=-5.88479565, Emax=46.23167487
realization 108 / 300 ... accepted 108. Emin=-2.10470944, Emax=48.15865541
realization 109 / 300 ... accepted 109. Emin=-0.69193210, Emax=54.31816379
realization 110 / 300 ... accepted 110. Emin=11.73348398, Emax=57.43078286
realization 111 / 300 ... accepted 111. Emin=3.69089380, Emax=55.50466888
realization 112 / 300 ... accepted 112. Emin=9.59332622, Emax=54.63425090
realization 113 / 300 ... accepted 113. Emin=-1.05147649, Emax=51.49007494
realization 114 / 300 ... accepted 114. Emin=-2.68779409, Emax=41.91135314
realization 115 / 300 ... accepted 115. Emin=2.27167037, Emax=51.14389792
realization 116 / 300 ... accepted 116. Emin=0.72019656, Emax=51.59755104
realization 117 / 300 ... accepted 117. Emin=2.36276792, Emax=50.91831525
realization 118 / 300 ... accepted 118. Emin=2.11788280, Emax=54.04993427
realization 119 / 300 ... accepted 119. Emin=-3.44902765, Emax=44.15282722
realization 120 / 300 ... accepted 120. Emin=1.93109578, Emax=45.91811984
realization 121 / 300 ... accepted 121. Emin=2.72716619, Emax=46.25723135
realization 122 / 300 ... accepted 122. Emin=-7.62083117, Emax=43.41890439
realization 123 / 300 ... accepted 123. Emin=-6.56173679, Emax=42.95239905
realization 124 / 300 ... accepted 124. Emin=-9.81718335, Emax=39.76809496
realization 125 / 300 ... accepted 125. Emin=1.59664083, Emax=58.32390327
realization 126 / 300 ... accepted 126. Emin=10.70875505, Emax=57.78810028
realization 127 / 300 ... accepted 127. Emin=-6.26213623, Emax=45.79529933
realization 128 / 300 ... accepted 128. Emin=6.34634635, Emax=53.62357315
realization 129 / 300 ... accepted 129. Emin=-5.38566190, Emax=42.75429690
realization 130 / 300 ... accepted 130. Emin=4.10990038, Emax=51.12235013
realization 131 / 300 ... accepted 131. Emin=-14.24588486, Emax=32.92964712
realization 132 / 300 ... accepted 132. Emin=1.62904772, Emax=48.64159366
realization 133 / 300 ... accepted 133. Emin=3.01416616, Emax=57.70282333
realization 134 / 300 ... accepted 134. Emin=-9.70229742, Emax=35.87841191
realization 135 / 300 ... accepted 135. Emin=-3.80850363, Emax=43.59444569
realization 136 / 300 ... accepted 136. Emin=2.60553130, Emax=52.44260053
realization 137 / 300 ... accepted 137. Emin=-8.24774620, Emax=44.30338536
realization 138 / 300 ... accepted 138. Emin=-5.51234160, Emax=42.65445954
realization 139 / 300 ... accepted 139. Emin=-5.64836138, Emax=43.24583780
realization 140 / 300 ... accepted 140. Emin=-1.13831551, Emax=49.60949168
realization 141 / 300 ... accepted 141. Emin=4.95754847, Emax=54.83740754
realization 142 / 300 ... accepted 142. Emin=-0.83371385, Emax=46.73060802
realization 143 / 300 ... accepted 143. Emin=-3.08389271, Emax=46.43797151
realization 144 / 300 ... accepted 144. Emin=-13.08983176, Emax=33.53204466
realization 145 / 300 ... accepted 145. Emin=-8.26751709, Emax=41.58993428
realization 146 / 300 ... accepted 146. Emin=0.46590878, Emax=46.46684398
realization 147 / 300 ... accepted 147. Emin=-8.13525469, Emax=42.08505790
realization 148 / 300 ... accepted 148. Emin=6.15715994, Emax=57.08329553
realization 149 / 300 ... accepted 149. Emin=-11.84560754, Emax=35.25884467
realization 150 / 300 ... accepted 150. Emin=-8.82383416, Emax=43.77307163
realization 151 / 300 ... accepted 151. Emin=-8.38048045, Emax=36.54338917
realization 152 / 300 ... accepted 152. Emin=-9.22236988, Emax=41.98287285
realization 153 / 300 ... accepted 153. Emin=-5.84872997, Emax=43.27616519
realization 154 / 300 ... accepted 154. Emin=-8.83399666, Emax=37.45694221
realization 155 / 300 ... accepted 155. Emin=-6.01532022, Emax=43.31379701
realization 156 / 300 ... accepted 156. Emin=-5.86670880, Emax=46.50922593
realization 157 / 300 ... accepted 157. Emin=-2.32439542, Emax=46.84657439
realization 158 / 300 ... accepted 158. Emin=5.37784985, Emax=50.25532187
realization 159 / 300 ... accepted 159. Emin=1.10005060, Emax=52.89910354
realization 160 / 300 ... accepted 160. Emin=0.51218215, Emax=50.90537328
realization 161 / 300 ... accepted 161. Emin=-4.85996967, Emax=45.25304465
realization 162 / 300 ... accepted 162. Emin=4.74692898, Emax=52.05254905
realization 163 / 300 ... accepted 163. Emin=1.61186257, Emax=56.05145340
realization 164 / 300 ... accepted 164. Emin=-6.97321379, Emax=44.85219368
realization 165 / 300 ... accepted 165. Emin=9.91506918, Emax=55.94186180
realization 166 / 300 ... accepted 166. Emin=-4.56541239, Emax=47.47970387
realization 167 / 300 ... accepted 167. Emin=-12.09629935, Emax=31.20366245
realization 168 / 300 ... accepted 168. Emin=-0.10968974, Emax=46.67209494
realization 169 / 300 ... accepted 169. Emin=-3.50783408, Emax=42.92066282
realization 170 / 300 ... accepted 170. Emin=-3.33957609, Emax=43.70816947
realization 171 / 300 ... accepted 171. Emin=-11.30779080, Emax=36.00124681
realization 172 / 300 ... accepted 172. Emin=0.82177017, Emax=50.08486463
realization 173 / 300 ... accepted 173. Emin=7.44261675, Emax=54.99639640
realization 174 / 300 ... accepted 174. Emin=-2.92160751, Emax=44.49279078
realization 175 / 300 ... accepted 175. Emin=1.09201446, Emax=49.58932732
realization 176 / 300 ... accepted 176. Emin=-1.70074229, Emax=47.06427024
realization 177 / 300 ... accepted 177. Emin=-1.03821096, Emax=50.94499158
realization 178 / 300 ... accepted 178. Emin=-4.66792282, Emax=45.77863722
realization 179 / 300 ... accepted 179. Emin=-4.15403968, Emax=40.78260898
realization 180 / 300 ... accepted 180. Emin=-8.63179495, Emax=41.52482637
realization 181 / 300 ... accepted 181. Emin=-3.14675224, Emax=47.16109310
realization 182 / 300 ... accepted 182. Emin=-9.66564619, Emax=40.46637721
realization 183 / 300 ... accepted 183. Emin=-8.29334932, Emax=40.71691247
realization 184 / 300 ... accepted 184. Emin=-7.92090753, Emax=36.52182887
realization 185 / 300 ... accepted 185. Emin=-8.13519028, Emax=41.29450726
realization 186 / 300 ... accepted 186. Emin=-3.05362568, Emax=42.53845078
realization 187 / 300 ... accepted 187. Emin=4.60170626, Emax=49.37344110
realization 188 / 300 ... accepted 188. Emin=3.86076742, Emax=52.63507521
realization 189 / 300 ... accepted 189. Emin=1.57534615, Emax=47.78924645
realization 190 / 300 ... accepted 190. Emin=5.98409777, Emax=52.77483897
realization 191 / 300 ... accepted 191. Emin=-15.72301357, Emax=30.60358352
realization 192 / 300 ... accepted 192. Emin=-5.86597858, Emax=44.09132705
realization 193 / 300 ... accepted 193. Emin=-7.93211197, Emax=41.20344636
realization 194 / 300 ... accepted 194. Emin=3.05610073, Emax=56.23822888
realization 195 / 300 ... accepted 195. Emin=-5.11595602, Emax=43.04060267
realization 196 / 300 ... accepted 196. Emin=-2.15445364, Emax=45.24117304
realization 197 / 300 ... accepted 197. Emin=6.34384471, Emax=57.11704235
realization 198 / 300 ... accepted 198. Emin=-2.20564847, Emax=50.90613163
realization 199 / 300 ... accepted 199. Emin=-4.75483718, Emax=44.34639776
realization 200 / 300 ... accepted 200. Emin=-4.75968205, Emax=45.67377712
realization 201 / 300 ... accepted 201. Emin=-1.91781887, Emax=48.13561992
realization 202 / 300 ... accepted 202. Emin=2.42100737, Emax=50.95676260
realization 203 / 300 ... accepted 203. Emin=3.73151811, Emax=54.55205623
realization 204 / 300 ... accepted 204. Emin=10.89535073, Emax=54.28870421
realization 205 / 300 ... accepted 205. Emin=-11.25273329, Emax=36.43265249
realization 206 / 300 ... accepted 206. Emin=4.06391595, Emax=49.72340969
realization 207 / 300 ... accepted 207. Emin=-5.47816210, Emax=41.38898137
realization 208 / 300 ... accepted 208. Emin=8.00218871, Emax=55.92952272
realization 209 / 300 ... accepted 209. Emin=0.52773783, Emax=45.99254790
realization 210 / 300 ... accepted 210. Emin=-4.08203627, Emax=43.93227508
realization 211 / 300 ... accepted 211. Emin=6.69647455, Emax=52.81728692
realization 212 / 300 ... accepted 212. Emin=-1.89000698, Emax=47.02412723
realization 213 / 300 ... accepted 213. Emin=3.47943980, Emax=53.11939738
realization 214 / 300 ... accepted 214. Emin=-4.64437157, Emax=43.93745932
realization 215 / 300 ... accepted 215. Emin=0.35680593, Emax=51.98766862
realization 216 / 300 ... accepted 216. Emin=-2.18778592, Emax=47.17701498
realization 217 / 300 ... accepted 217. Emin=-10.51192075, Emax=37.11643434
realization 218 / 300 ... accepted 218. Emin=-0.34003118, Emax=52.84516582
realization 219 / 300 ... accepted 219. Emin=1.65288631, Emax=52.36771792
realization 220 / 300 ... accepted 220. Emin=-2.11189600, Emax=44.50792424
realization 221 / 300 ... accepted 221. Emin=-7.26462191, Emax=38.11815563
realization 222 / 300 ... accepted 222. Emin=-1.68383592, Emax=45.56145883
realization 223 / 300 ... accepted 223. Emin=8.18520477, Emax=54.76924178
realization 224 / 300 ... accepted 224. Emin=-13.12264849, Emax=36.68647209
realization 225 / 300 ... accepted 225. Emin=7.69387480, Emax=51.78904530
realization 226 / 300 ... accepted 226. Emin=-3.90336182, Emax=46.88748340
realization 227 / 300 ... accepted 227. Emin=-1.39157514, Emax=49.14476486
realization 228 / 300 ... accepted 228. Emin=-7.65344152, Emax=41.63486962
realization 229 / 300 ... accepted 229. Emin=-4.43203125, Emax=45.87671396
realization 230 / 300 ... accepted 230. Emin=-8.69527511, Emax=37.34126926
realization 231 / 300 ... accepted 231. Emin=-1.95432128, Emax=49.76348369
realization 232 / 300 ... accepted 232. Emin=6.93466940, Emax=50.82821111
realization 233 / 300 ... accepted 233. Emin=6.96429495, Emax=53.16343648
realization 234 / 300 ... accepted 234. Emin=1.81255973, Emax=48.63415762
realization 235 / 300 ... accepted 235. Emin=2.41852592, Emax=54.02048565
realization 236 / 300 ... accepted 236. Emin=-1.18556342, Emax=47.61178773
realization 237 / 300 ... accepted 237. Emin=-4.91395599, Emax=40.93905436
realization 238 / 300 ... accepted 238. Emin=2.88021246, Emax=49.45490717
realization 239 / 300 ... accepted 239. Emin=-6.63488449, Emax=47.46445436
realization 240 / 300 ... accepted 240. Emin=-2.32074696, Emax=49.16167176
realization 241 / 300 ... accepted 241. Emin=2.67923802, Emax=57.07667282
realization 242 / 300 ... accepted 242. Emin=-5.18477457, Emax=44.18682806
realization 243 / 300 ... accepted 243. Emin=2.49482231, Emax=48.55309853
realization 244 / 300 ... accepted 244. Emin=5.86786563, Emax=51.44707422
realization 245 / 300 ... accepted 245. Emin=3.80147351, Emax=50.68429460
realization 246 / 300 ... accepted 246. Emin=-5.14723301, Emax=41.86029292
realization 247 / 300 ... accepted 247. Emin=-0.28169739, Emax=49.99303498
realization 248 / 300 ... accepted 248. Emin=-1.59480714, Emax=51.83658074
realization 249 / 300 ... accepted 249. Emin=-8.64816765, Emax=42.63846425
realization 250 / 300 ... accepted 250. Emin=-5.08733023, Emax=43.54514485
realization 251 / 300 ... accepted 251. Emin=-4.73302885, Emax=46.11069266
realization 252 / 300 ... accepted 252. Emin=-8.05070730, Emax=36.16498443
realization 253 / 300 ... accepted 253. Emin=0.30484506, Emax=51.53121006
realization 254 / 300 ... accepted 254. Emin=-6.85285377, Emax=43.93186937
realization 255 / 300 ... accepted 255. Emin=-5.09757708, Emax=43.36255149
realization 256 / 300 ... accepted 256. Emin=-1.96483272, Emax=51.40116453
realization 257 / 300 ... accepted 257. Emin=3.61093535, Emax=58.33240337
realization 258 / 300 ... accepted 258. Emin=5.29415009, Emax=56.89553603
realization 259 / 300 ... accepted 259. Emin=0.93764360, Emax=50.54667881
realization 260 / 300 ... accepted 260. Emin=-1.90417243, Emax=50.18400962
realization 261 / 300 ... accepted 261. Emin=-2.94104267, Emax=45.65745017
realization 262 / 300 ... accepted 262. Emin=-4.29860579, Emax=40.76928703
realization 263 / 300 ... accepted 263. Emin=6.58918518, Emax=55.27830709
realization 264 / 300 ... accepted 264. Emin=-4.69408290, Emax=39.64351272
realization 265 / 300 ... accepted 265. Emin=-3.03402344, Emax=49.05732440
realization 266 / 300 ... accepted 266. Emin=1.53113956, Emax=55.53438991
realization 267 / 300 ... accepted 267. Emin=-4.00349536, Emax=41.12659556
realization 268 / 300 ... accepted 268. Emin=-11.46251125, Emax=34.87848864
realization 269 / 300 ... accepted 269. Emin=-1.79307214, Emax=53.14432544
realization 270 / 300 ... accepted 270. Emin=0.41084357, Emax=49.72162744
realization 271 / 300 ... accepted 271. Emin=-0.83957698, Emax=47.09759341
realization 272 / 300 ... accepted 272. Emin=-6.36075865, Emax=36.45112453
realization 273 / 300 ... accepted 273. Emin=-3.97816607, Emax=42.23769383
realization 274 / 300 ... accepted 274. Emin=1.78667416, Emax=52.07226986
realization 275 / 300 ... accepted 275. Emin=9.15261224, Emax=56.50669609
realization 276 / 300 ... accepted 276. Emin=8.45774663, Emax=52.44782838
realization 277 / 300 ... accepted 277. Emin=-0.77190995, Emax=48.40870310
realization 278 / 300 ... accepted 278. Emin=-2.64031735, Emax=46.71328967
realization 279 / 300 ... accepted 279. Emin=-5.97818934, Emax=38.99105385
realization 280 / 300 ... accepted 280. Emin=-7.32289690, Emax=43.99500861
realization 281 / 300 ... accepted 281. Emin=-0.70412406, Emax=48.43833003
realization 282 / 300 ... accepted 282. Emin=-3.89319751, Emax=50.09975363
realization 283 / 300 ... accepted 283. Emin=-10.44983956, Emax=39.55816886
realization 284 / 300 ... accepted 284. Emin=-0.65797064, Emax=45.96538345
realization 285 / 300 ... accepted 285. Emin=4.87953809, Emax=47.49689962
realization 286 / 300 ... accepted 286. Emin=-2.82243217, Emax=46.35596935
realization 287 / 300 ... accepted 287. Emin=-2.71976567, Emax=42.78088870
realization 288 / 300 ... accepted 288. Emin=-1.96880224, Emax=42.59324250
realization 289 / 300 ... accepted 289. Emin=-6.58230265, Emax=42.94036641
realization 290 / 300 ... accepted 290. Emin=1.44127809, Emax=48.72913119
realization 291 / 300 ... accepted 291. Emin=-2.94573007, Emax=49.06381716
realization 292 / 300 ... accepted 292. Emin=0.88793261, Emax=48.72290465
realization 293 / 300 ... accepted 293. Emin=0.44395498, Emax=47.90935125
realization 294 / 300 ... accepted 294. Emin=7.48144867, Emax=56.96847766
realization 295 / 300 ... accepted 295. Emin=-7.67167343, Emax=43.92832437
realization 296 / 300 ... accepted 296. Emin=-10.28816331, Emax=39.82710582
realization 297 / 300 ... accepted 297. Emin=1.07683318, Emax=47.64147004
realization 298 / 300 ... accepted 298. Emin=-0.88250709, Emax=50.88082733
realization 299 / 300 ... accepted 299. Emin=3.47012914, Emax=52.27737614
realization 300 / 300 ... accepted 300. Emin=-6.36016660, Emax=45.06557505
Saved final energies: /home/2/kj405942/POLFED_bosons/pbs_bose_legacy_nmax2_periodic/data/U_6/W_4/L_6/N_6_nmax_2/boundary_periodic/energies_full_U6_L6_N6_nmax2_W4_boundaryperiodic_nreal300.txt
Accepted realizations: 300 / 300
Skipped realizations: 0
Job finished at Sun May 31 18:05:26 UTC 2026
