Job started on w21 at Sun May 31 18:03:49 UTC 2026
PBS_JOBID=7731374.kruk-host.ift-klaster.lan
PBS_O_WORKDIR=/home/2/kj405942/POLFED_bosons
Bose-Hubbard: L=6, N=6, nmax=2, dim=141
t=1, U=6, W=5, nreal=300, boundary=periodic, mode=full
Writing partial results to /home/2/kj405942/POLFED_bosons/pbs_bose_legacy_nmax2_periodic/data/U_6/W_5/L_6/N_6_nmax_2/boundary_periodic/energies_full_U6_L6_N6_nmax2_W5_boundaryperiodic_nreal300_partial.txt
realization 1 / 300 ... accepted 1. Emin=-4.81134197, Emax=50.48547743
realization 2 / 300 ... accepted 2. Emin=1.49958840, Emax=53.07637915
realization 3 / 300 ... accepted 3. Emin=-1.37852663, Emax=47.82408810
realization 4 / 300 ... accepted 4. Emin=-8.36343532, Emax=51.52117135
realization 5 / 300 ... accepted 5. Emin=9.18396208, Emax=57.19593802
realization 6 / 300 ... accepted 6. Emin=-2.53913533, Emax=50.83403726
realization 7 / 300 ... accepted 7. Emin=13.07675908, Emax=61.60825350
realization 8 / 300 ... accepted 8. Emin=3.71136472, Emax=55.98327060
realization 9 / 300 ... accepted 9. Emin=10.30717188, Emax=62.49573170
realization 10 / 300 ... accepted 10. Emin=-11.49617369, Emax=33.60462449
realization 11 / 300 ... accepted 11. Emin=4.58109576, Emax=53.39790229
realization 12 / 300 ... accepted 12. Emin=-3.56434847, Emax=41.18112835
realization 13 / 300 ... accepted 13. Emin=-7.54470166, Emax=44.10549855
realization 14 / 300 ... accepted 14. Emin=3.36280727, Emax=58.16238199
realization 15 / 300 ... accepted 15. Emin=1.61722392, Emax=48.19599252
realization 16 / 300 ... accepted 16. Emin=-2.64718595, Emax=51.40576668
realization 17 / 300 ... accepted 17. Emin=6.14352407, Emax=53.54823876
realization 18 / 300 ... accepted 18. Emin=2.12462861, Emax=53.72803871
realization 19 / 300 ... accepted 19. Emin=-8.57541995, Emax=38.15389206
realization 20 / 300 ... accepted 20. Emin=-2.73050588, Emax=50.87225244
realization 21 / 300 ... accepted 21. Emin=5.07035690, Emax=57.87017167
realization 22 / 300 ... accepted 22. Emin=4.83924590, Emax=52.08107477
realization 23 / 300 ... accepted 23. Emin=-1.26600345, Emax=57.85880314
realization 24 / 300 ... accepted 24. Emin=-0.32004629, Emax=54.09973329
realization 25 / 300 ... accepted 25. Emin=2.32859966, Emax=53.14101323
realization 26 / 300 ... accepted 26. Emin=-8.30315277, Emax=47.24792236
realization 27 / 300 ... accepted 27. Emin=-6.92489255, Emax=45.81305897
realization 28 / 300 ... accepted 28. Emin=-4.20362446, Emax=44.25439146
realization 29 / 300 ... accepted 29. Emin=-4.14156432, Emax=49.72428547
realization 30 / 300 ... accepted 30. Emin=3.65466295, Emax=54.85481698
realization 31 / 300 ... accepted 31. Emin=-2.15882892, Emax=51.68330262
realization 32 / 300 ... accepted 32. Emin=-6.05377038, Emax=53.08386952
realization 33 / 300 ... accepted 33. Emin=2.46527363, Emax=57.89325399
realization 34 / 300 ... accepted 34. Emin=4.54245497, Emax=54.86740723
realization 35 / 300 ... accepted 35. Emin=-14.60775602, Emax=35.14820807
realization 36 / 300 ... accepted 36. Emin=8.07129993, Emax=56.45040046
realization 37 / 300 ... accepted 37. Emin=3.96765704, Emax=52.08623237
realization 38 / 300 ... accepted 38. Emin=5.63615560, Emax=56.51086101
realization 39 / 300 ... accepted 39. Emin=1.84070908, Emax=54.01352379
realization 40 / 300 ... accepted 40. Emin=-2.01565014, Emax=45.56242062
realization 41 / 300 ... accepted 41. Emin=0.93738851, Emax=51.99718340
realization 42 / 300 ... accepted 42. Emin=5.01975331, Emax=57.66276030
realization 43 / 300 ... accepted 43. Emin=-2.76262707, Emax=50.91499235
realization 44 / 300 ... accepted 44. Emin=-8.54335239, Emax=47.68922384
realization 45 / 300 ... accepted 45. Emin=-5.52587122, Emax=50.38314335
realization 46 / 300 ... accepted 46. Emin=-21.08144971, Emax=22.02666082
realization 47 / 300 ... accepted 47. Emin=4.30787120, Emax=46.21715453
realization 48 / 300 ... accepted 48. Emin=-6.63106430, Emax=50.65547947
realization 49 / 300 ... accepted 49. Emin=-1.37870547, Emax=49.82394032
realization 50 / 300 ... accepted 50. Emin=-5.02080812, Emax=47.94116922
realization 51 / 300 ... accepted 51. Emin=-0.33340413, Emax=59.45573598
realization 52 / 300 ... accepted 52. Emin=-10.26231981, Emax=37.71531518
realization 53 / 300 ... accepted 53. Emin=-7.20211204, Emax=48.70881632
realization 54 / 300 ... accepted 54. Emin=-1.06168427, Emax=52.88731955
realization 55 / 300 ... accepted 55. Emin=-3.46749747, Emax=48.18210681
realization 56 / 300 ... accepted 56. Emin=-5.43487621, Emax=47.24551105
realization 57 / 300 ... accepted 57. Emin=0.01518084, Emax=52.82735659
realization 58 / 300 ... accepted 58. Emin=-7.12389851, Emax=42.45745864
realization 59 / 300 ... accepted 59. Emin=-12.55041239, Emax=41.77935617
realization 60 / 300 ... accepted 60. Emin=-4.87435027, Emax=46.50198878
realization 61 / 300 ... accepted 61. Emin=1.03092503, Emax=55.44406193
realization 62 / 300 ... accepted 62. Emin=-5.14101387, Emax=47.97527669
realization 63 / 300 ... accepted 63. Emin=0.65447535, Emax=55.32963665
realization 64 / 300 ... accepted 64. Emin=-8.22775688, Emax=40.57860807
realization 65 / 300 ... accepted 65. Emin=-5.56080155, Emax=46.02258300
realization 66 / 300 ... accepted 66. Emin=-9.69161065, Emax=46.62333432
realization 67 / 300 ... accepted 67. Emin=-5.07293307, Emax=43.56281521
realization 68 / 300 ... accepted 68. Emin=-14.92763578, Emax=34.05934020
realization 69 / 300 ... accepted 69. Emin=3.12262516, Emax=59.86525708
realization 70 / 300 ... accepted 70. Emin=-6.97148889, Emax=46.40009173
realization 71 / 300 ... accepted 71. Emin=-9.00982495, Emax=40.86889962
realization 72 / 300 ... accepted 72. Emin=-4.87609637, Emax=44.88771757
realization 73 / 300 ... accepted 73. Emin=1.64269526, Emax=53.01873625
realization 74 / 300 ... accepted 74. Emin=3.40715501, Emax=54.51832570
realization 75 / 300 ... accepted 75. Emin=-0.83048505, Emax=51.45679680
realization 76 / 300 ... accepted 76. Emin=-12.42824933, Emax=38.75725450
realization 77 / 300 ... accepted 77. Emin=-8.95946560, Emax=46.77119272
realization 78 / 300 ... accepted 78. Emin=2.33685905, Emax=48.63822784
realization 79 / 300 ... accepted 79. Emin=2.74816352, Emax=58.51232605
realization 80 / 300 ... accepted 80. Emin=5.53838977, Emax=54.84989700
realization 81 / 300 ... accepted 81. Emin=-0.47251455, Emax=53.04784302
realization 82 / 300 ... accepted 82. Emin=-11.53269391, Emax=41.39645777
realization 83 / 300 ... accepted 83. Emin=0.60218993, Emax=51.44606246
realization 84 / 300 ... accepted 84. Emin=-1.66685039, Emax=50.14541455
realization 85 / 300 ... accepted 85. Emin=0.28018082, Emax=56.38997699
realization 86 / 300 ... accepted 86. Emin=-12.32974380, Emax=35.52105275
realization 87 / 300 ... accepted 87. Emin=0.14235109, Emax=53.61853247
realization 88 / 300 ... accepted 88. Emin=5.03859209, Emax=60.07614202
realization 89 / 300 ... accepted 89. Emin=-5.86224198, Emax=46.21915566
realization 90 / 300 ... accepted 90. Emin=-1.01040774, Emax=59.83750682
realization 91 / 300 ... accepted 91. Emin=0.29446711, Emax=54.34904882
realization 92 / 300 ... accepted 92. Emin=-6.81955189, Emax=43.85476937
realization 93 / 300 ... accepted 93. Emin=-1.51301213, Emax=58.87783484
realization 94 / 300 ... accepted 94. Emin=2.19357692, Emax=60.59126055
realization 95 / 300 ... accepted 95. Emin=-8.78359464, Emax=39.73677541
realization 96 / 300 ... accepted 96. Emin=4.18881133, Emax=56.81175764
realization 97 / 300 ... accepted 97. Emin=-1.67587720, Emax=51.34977569
realization 98 / 300 ... accepted 98. Emin=11.19405560, Emax=60.70310138
realization 99 / 300 ... accepted 99. Emin=-5.61817666, Emax=45.02421578
realization 100 / 300 ... accepted 100. Emin=-1.81085989, Emax=53.92407865
realization 101 / 300 ... accepted 101. Emin=2.19338220, Emax=52.14144446
realization 102 / 300 ... accepted 102. Emin=-0.81925839, Emax=54.23577953
realization 103 / 300 ... accepted 103. Emin=-12.14735714, Emax=39.88284491
realization 104 / 300 ... accepted 104. Emin=-4.69797797, Emax=47.03916549
realization 105 / 300 ... accepted 105. Emin=1.07314498, Emax=49.06773772
realization 106 / 300 ... accepted 106. Emin=-1.43032491, Emax=54.87253900
realization 107 / 300 ... accepted 107. Emin=3.61889711, Emax=54.88157474
realization 108 / 300 ... accepted 108. Emin=-7.32751292, Emax=44.91446993
realization 109 / 300 ... accepted 109. Emin=4.45569724, Emax=54.06796758
realization 110 / 300 ... accepted 110. Emin=-7.09359691, Emax=42.69167776
realization 111 / 300 ... accepted 111. Emin=5.76020387, Emax=54.97159676
realization 112 / 300 ... accepted 112. Emin=-2.79589906, Emax=54.18151677
realization 113 / 300 ... accepted 113. Emin=-6.10794313, Emax=45.09819097
realization 114 / 300 ... accepted 114. Emin=-0.34327394, Emax=48.62453950
realization 115 / 300 ... accepted 115. Emin=0.23156745, Emax=56.44069853
realization 116 / 300 ... accepted 116. Emin=2.35395196, Emax=54.97891588
realization 117 / 300 ... accepted 117. Emin=-15.52501109, Emax=31.17310770
realization 118 / 300 ... accepted 118. Emin=4.31377875, Emax=55.56888052
realization 119 / 300 ... accepted 119. Emin=1.98076126, Emax=46.22907779
realization 120 / 300 ... accepted 120. Emin=-8.39522556, Emax=41.02483633
realization 121 / 300 ... accepted 121. Emin=2.06260813, Emax=54.64914404
realization 122 / 300 ... accepted 122. Emin=-9.01194269, Emax=37.54866062
realization 123 / 300 ... accepted 123. Emin=-6.48457002, Emax=42.34611752
realization 124 / 300 ... accepted 124. Emin=0.25761881, Emax=45.60912384
realization 125 / 300 ... accepted 125. Emin=-9.85277029, Emax=40.48973449
realization 126 / 300 ... accepted 126. Emin=1.43307526, Emax=56.70819195
realization 127 / 300 ... accepted 127. Emin=-12.47834248, Emax=34.44443856
realization 128 / 300 ... accepted 128. Emin=-17.55230338, Emax=30.35344420
realization 129 / 300 ... accepted 129. Emin=3.55134209, Emax=52.82708054
realization 130 / 300 ... accepted 130. Emin=-2.19924939, Emax=50.73112701
realization 131 / 300 ... accepted 131. Emin=5.22921484, Emax=56.37290329
realization 132 / 300 ... accepted 132. Emin=-1.08102397, Emax=47.61457213
realization 133 / 300 ... accepted 133. Emin=4.35405698, Emax=59.22588291
realization 134 / 300 ... accepted 134. Emin=2.04109839, Emax=57.90437810
realization 135 / 300 ... accepted 135. Emin=-6.07126356, Emax=44.12342559
realization 136 / 300 ... accepted 136. Emin=2.88241600, Emax=54.03312784
realization 137 / 300 ... accepted 137. Emin=20.63295426, Emax=65.41513367
realization 138 / 300 ... accepted 138. Emin=-19.62649981, Emax=26.59407330
realization 139 / 300 ... accepted 139. Emin=-9.45263161, Emax=48.28352022
realization 140 / 300 ... accepted 140. Emin=2.14094053, Emax=52.07433905
realization 141 / 300 ... accepted 141. Emin=-4.43826132, Emax=46.28274174
realization 142 / 300 ... accepted 142. Emin=13.18002806, Emax=62.85876508
realization 143 / 300 ... accepted 143. Emin=5.26182189, Emax=56.41820842
realization 144 / 300 ... accepted 144. Emin=1.58413543, Emax=54.94684047
realization 145 / 300 ... accepted 145. Emin=-2.05641955, Emax=57.44813621
realization 146 / 300 ... accepted 146. Emin=-0.16274902, Emax=54.67211848
realization 147 / 300 ... accepted 147. Emin=-8.30643541, Emax=46.18690507
realization 148 / 300 ... accepted 148. Emin=-12.09781495, Emax=44.09108107
realization 149 / 300 ... accepted 149. Emin=5.66246748, Emax=59.61392313
realization 150 / 300 ... accepted 150. Emin=1.79405465, Emax=57.55540943
realization 151 / 300 ... accepted 151. Emin=0.93271042, Emax=56.20609714
realization 152 / 300 ... accepted 152. Emin=-10.39890563, Emax=37.57815816
realization 153 / 300 ... accepted 153. Emin=2.05582117, Emax=48.82629334
realization 154 / 300 ... accepted 154. Emin=-0.52533335, Emax=56.01233909
realization 155 / 300 ... accepted 155. Emin=2.62456696, Emax=55.43426942
realization 156 / 300 ... accepted 156. Emin=3.56017214, Emax=56.82632705
realization 157 / 300 ... accepted 157. Emin=-8.85994565, Emax=37.44392841
realization 158 / 300 ... accepted 158. Emin=-5.91999517, Emax=48.23273267
realization 159 / 300 ... accepted 159. Emin=-0.90465660, Emax=51.62276206
realization 160 / 300 ... accepted 160. Emin=-6.45274312, Emax=46.43305483
realization 161 / 300 ... accepted 161. Emin=-10.92786040, Emax=36.31900885
realization 162 / 300 ... accepted 162. Emin=-7.83136047, Emax=44.18015572
realization 163 / 300 ... accepted 163. Emin=-11.68770032, Emax=33.57161302
realization 164 / 300 ... accepted 164. Emin=-13.90283965, Emax=35.22913990
realization 165 / 300 ... accepted 165. Emin=8.46222742, Emax=63.04534605
realization 166 / 300 ... accepted 166. Emin=4.56347947, Emax=47.50836146
realization 167 / 300 ... accepted 167. Emin=-1.14531089, Emax=49.70622716
realization 168 / 300 ... accepted 168. Emin=-0.87890349, Emax=55.34485258
realization 169 / 300 ... accepted 169. Emin=-8.52083266, Emax=39.51536389
realization 170 / 300 ... accepted 170. Emin=4.74904669, Emax=59.00465846
realization 171 / 300 ... accepted 171. Emin=-16.17751413, Emax=28.92914365
realization 172 / 300 ... accepted 172. Emin=0.96728702, Emax=55.96530544
realization 173 / 300 ... accepted 173. Emin=-1.45136114, Emax=58.06886459
realization 174 / 300 ... accepted 174. Emin=8.77206897, Emax=62.61995533
realization 175 / 300 ... accepted 175. Emin=-13.66448218, Emax=32.48470870
realization 176 / 300 ... accepted 176. Emin=2.12693272, Emax=55.85381674
realization 177 / 300 ... accepted 177. Emin=-8.74891318, Emax=40.99548627
realization 178 / 300 ... accepted 178. Emin=13.48863205, Emax=62.81558972
realization 179 / 300 ... accepted 179. Emin=-1.01624396, Emax=50.08795160
realization 180 / 300 ... accepted 180. Emin=6.97091924, Emax=49.17819880
realization 181 / 300 ... accepted 181. Emin=-0.49636400, Emax=57.77347737
realization 182 / 300 ... accepted 182. Emin=-0.78726913, Emax=54.86100097
realization 183 / 300 ... accepted 183. Emin=-1.90648631, Emax=53.40500353
realization 184 / 300 ... accepted 184. Emin=0.89522913, Emax=51.65314039
realization 185 / 300 ... accepted 185. Emin=-11.74047981, Emax=34.08246914
realization 186 / 300 ... accepted 186. Emin=-8.66860161, Emax=46.38935220
realization 187 / 300 ... accepted 187. Emin=-16.23904048, Emax=31.34165062
realization 188 / 300 ... accepted 188. Emin=-2.33027668, Emax=50.70938777
realization 189 / 300 ... accepted 189. Emin=-2.00807385, Emax=49.78961552
realization 190 / 300 ... accepted 190. Emin=-11.30648778, Emax=39.77411757
realization 191 / 300 ... accepted 191. Emin=-1.24270135, Emax=50.04413585
realization 192 / 300 ... accepted 192. Emin=-3.37403125, Emax=42.10062591
realization 193 / 300 ... accepted 193. Emin=4.85168840, Emax=57.50234780
realization 194 / 300 ... accepted 194. Emin=-5.49012156, Emax=44.63412007
realization 195 / 300 ... accepted 195. Emin=-10.00079283, Emax=35.82374742
realization 196 / 300 ... accepted 196. Emin=-6.11626168, Emax=48.36088016
realization 197 / 300 ... accepted 197. Emin=2.73850859, Emax=56.37086848
realization 198 / 300 ... accepted 198. Emin=1.97920709, Emax=58.54123067
realization 199 / 300 ... accepted 199. Emin=-3.38699989, Emax=44.10450922
realization 200 / 300 ... accepted 200. Emin=0.94772845, Emax=50.88920214
realization 201 / 300 ... accepted 201. Emin=-11.62161529, Emax=38.65226848
realization 202 / 300 ... accepted 202. Emin=1.85698785, Emax=50.13398086
realization 203 / 300 ... accepted 203. Emin=-2.46397033, Emax=48.00765047
realization 204 / 300 ... accepted 204. Emin=1.40340138, Emax=50.27353479
realization 205 / 300 ... accepted 205. Emin=-13.68167524, Emax=38.14625642
realization 206 / 300 ... accepted 206. Emin=4.52907559, Emax=58.12353778
realization 207 / 300 ... accepted 207. Emin=5.58356354, Emax=60.62082509
realization 208 / 300 ... accepted 208. Emin=-0.44919411, Emax=55.04549058
realization 209 / 300 ... accepted 209. Emin=-14.34837571, Emax=36.63451137
realization 210 / 300 ... accepted 210. Emin=3.20916799, Emax=62.77647044
realization 211 / 300 ... accepted 211. Emin=2.62048525, Emax=57.73982464
realization 212 / 300 ... accepted 212. Emin=3.02532147, Emax=51.55185435
realization 213 / 300 ... accepted 213. Emin=2.86185397, Emax=57.29250493
realization 214 / 300 ... accepted 214. Emin=2.40498125, Emax=51.11026197
realization 215 / 300 ... accepted 215. Emin=8.18658657, Emax=56.39671316
realization 216 / 300 ... accepted 216. Emin=-1.07653110, Emax=54.28816088
realization 217 / 300 ... accepted 217. Emin=-8.66411229, Emax=39.73181185
realization 218 / 300 ... accepted 218. Emin=-18.25538016, Emax=26.05815773
realization 219 / 300 ... accepted 219. Emin=-18.89504865, Emax=28.20852353
realization 220 / 300 ... accepted 220. Emin=-17.36869878, Emax=32.12807070
realization 221 / 300 ... accepted 221. Emin=5.13062625, Emax=53.94898226
realization 222 / 300 ... accepted 222. Emin=-7.71624743, Emax=44.18494989
realization 223 / 300 ... accepted 223. Emin=1.78918067, Emax=54.10771590
realization 224 / 300 ... accepted 224. Emin=-7.43074192, Emax=42.39120222
realization 225 / 300 ... accepted 225. Emin=-8.16627362, Emax=47.30312798
realization 226 / 300 ... accepted 226. Emin=4.20702057, Emax=57.59412214
realization 227 / 300 ... accepted 227. Emin=-8.71487697, Emax=37.34756675
realization 228 / 300 ... accepted 228. Emin=-11.02908810, Emax=35.97669157
realization 229 / 300 ... accepted 229. Emin=-1.83194653, Emax=46.62968644
realization 230 / 300 ... accepted 230. Emin=2.87210428, Emax=50.41929593
realization 231 / 300 ... accepted 231. Emin=-0.31348016, Emax=54.89154423
realization 232 / 300 ... accepted 232. Emin=2.30385967, Emax=52.41493213
realization 233 / 300 ... accepted 233. Emin=3.02541440, Emax=60.49276511
realization 234 / 300 ... accepted 234. Emin=-1.28524034, Emax=44.80572864
realization 235 / 300 ... accepted 235. Emin=-4.25371805, Emax=49.62907756
realization 236 / 300 ... accepted 236. Emin=3.37913676, Emax=61.52645732
realization 237 / 300 ... accepted 237. Emin=-9.69480671, Emax=39.51057735
realization 238 / 300 ... accepted 238. Emin=-3.23826264, Emax=45.49740363
realization 239 / 300 ... accepted 239. Emin=2.20331176, Emax=51.80639419
realization 240 / 300 ... accepted 240. Emin=-12.88822798, Emax=35.10322993
realization 241 / 300 ... accepted 241. Emin=-9.45690318, Emax=34.81262506
realization 242 / 300 ... accepted 242. Emin=5.59411316, Emax=50.50998781
realization 243 / 300 ... accepted 243. Emin=-3.99942205, Emax=43.53262886
realization 244 / 300 ... accepted 244. Emin=-9.90518333, Emax=39.07326743
realization 245 / 300 ... accepted 245. Emin=0.99209065, Emax=49.21145705
realization 246 / 300 ... accepted 246. Emin=5.52247694, Emax=57.62459876
realization 247 / 300 ... accepted 247. Emin=1.36308921, Emax=55.56125276
realization 248 / 300 ... accepted 248. Emin=4.13633396, Emax=52.68097170
realization 249 / 300 ... accepted 249. Emin=8.86755543, Emax=59.65837219
realization 250 / 300 ... accepted 250. Emin=-6.27435333, Emax=43.08326399
realization 251 / 300 ... accepted 251. Emin=-1.31628483, Emax=47.44209978
realization 252 / 300 ... accepted 252. Emin=2.29405704, Emax=51.82198455
realization 253 / 300 ... accepted 253. Emin=-10.43476268, Emax=43.02948626
realization 254 / 300 ... accepted 254. Emin=5.43057272, Emax=57.67522572
realization 255 / 300 ... accepted 255. Emin=3.25009209, Emax=54.24987007
realization 256 / 300 ... accepted 256. Emin=-5.52645965, Emax=51.61686266
realization 257 / 300 ... accepted 257. Emin=4.52216459, Emax=57.59997479
realization 258 / 300 ... accepted 258. Emin=-8.06163637, Emax=44.30343689
realization 259 / 300 ... accepted 259. Emin=-6.76852627, Emax=43.03972214
realization 260 / 300 ... accepted 260. Emin=0.18491680, Emax=60.03390219
realization 261 / 300 ... accepted 261. Emin=-7.07385172, Emax=46.18992912
realization 262 / 300 ... accepted 262. Emin=-2.65730279, Emax=50.09480052
realization 263 / 300 ... accepted 263. Emin=-2.39419357, Emax=45.68272444
realization 264 / 300 ... accepted 264. Emin=9.70313394, Emax=60.66538745
realization 265 / 300 ... accepted 265. Emin=0.69062923, Emax=50.22165349
realization 266 / 300 ... accepted 266. Emin=-4.89929330, Emax=45.91753229
realization 267 / 300 ... accepted 267. Emin=-3.47984991, Emax=55.63403916
realization 268 / 300 ... accepted 268. Emin=-8.96303108, Emax=38.67026997
realization 269 / 300 ... accepted 269. Emin=-0.47993219, Emax=51.07626766
realization 270 / 300 ... accepted 270. Emin=-7.61770017, Emax=41.60654897
realization 271 / 300 ... accepted 271. Emin=-2.57157734, Emax=50.44758006
realization 272 / 300 ... accepted 272. Emin=3.67369158, Emax=52.80823278
realization 273 / 300 ... accepted 273. Emin=9.94623057, Emax=63.06942361
realization 274 / 300 ... accepted 274. Emin=-9.26313479, Emax=39.64332135
realization 275 / 300 ... accepted 275. Emin=-8.07431322, Emax=50.25161304
realization 276 / 300 ... accepted 276. Emin=-1.53320816, Emax=50.87925674
realization 277 / 300 ... accepted 277. Emin=0.90359495, Emax=52.23414003
realization 278 / 300 ... accepted 278. Emin=16.22384041, Emax=59.37174989
realization 279 / 300 ... accepted 279. Emin=-0.06137562, Emax=53.99941276
realization 280 / 300 ... accepted 280. Emin=-7.30158343, Emax=47.19860027
realization 281 / 300 ... accepted 281. Emin=-6.09109408, Emax=51.84595183
realization 282 / 300 ... accepted 282. Emin=-2.39766218, Emax=52.76617121
realization 283 / 300 ... accepted 283. Emin=-4.47228389, Emax=46.76141021
realization 284 / 300 ... accepted 284. Emin=-9.14867916, Emax=45.56544612
realization 285 / 300 ... accepted 285. Emin=4.25934473, Emax=57.74868117
realization 286 / 300 ... accepted 286. Emin=2.12005432, Emax=54.49455450
realization 287 / 300 ... accepted 287. Emin=-1.16835331, Emax=48.02463929
realization 288 / 300 ... accepted 288. Emin=-3.96570129, Emax=48.74227799
realization 289 / 300 ... accepted 289. Emin=-1.81002290, Emax=49.10002564
realization 290 / 300 ... accepted 290. Emin=2.02876744, Emax=50.76354216
realization 291 / 300 ... accepted 291. Emin=-5.37844588, Emax=47.49227670
realization 292 / 300 ... accepted 292. Emin=7.13689368, Emax=60.50080787
realization 293 / 300 ... accepted 293. Emin=-7.85994882, Emax=44.77732469
realization 294 / 300 ... accepted 294. Emin=-8.90877553, Emax=38.86290143
realization 295 / 300 ... accepted 295. Emin=-4.51689202, Emax=49.20487280
realization 296 / 300 ... accepted 296. Emin=-6.98993743, Emax=37.15147869
realization 297 / 300 ... accepted 297. Emin=-0.58093279, Emax=50.36581211
realization 298 / 300 ... accepted 298. Emin=5.90162013, Emax=54.88558353
realization 299 / 300 ... accepted 299. Emin=-18.32274078, Emax=27.18645244
realization 300 / 300 ... accepted 300. Emin=7.35306952, Emax=62.91941018
Saved final energies: /home/2/kj405942/POLFED_bosons/pbs_bose_legacy_nmax2_periodic/data/U_6/W_5/L_6/N_6_nmax_2/boundary_periodic/energies_full_U6_L6_N6_nmax2_W5_boundaryperiodic_nreal300.txt
Accepted realizations: 300 / 300
Skipped realizations: 0
Job finished at Sun May 31 18:05:25 UTC 2026
