Job started on w21 at Sun May 31 18:03:49 UTC 2026
PBS_JOBID=7731375.kruk-host.ift-klaster.lan
PBS_O_WORKDIR=/home/2/kj405942/POLFED_bosons
Bose-Hubbard: L=6, N=6, nmax=2, dim=141
t=1, U=6, W=6, nreal=300, boundary=periodic, mode=full
Writing partial results to /home/2/kj405942/POLFED_bosons/pbs_bose_legacy_nmax2_periodic/data/U_6/W_6/L_6/N_6_nmax_2/boundary_periodic/energies_full_U6_L6_N6_nmax2_W6_boundaryperiodic_nreal300_partial.txt
realization 1 / 300 ... accepted 1. Emin=2.58753372, Emax=53.79666984
realization 2 / 300 ... accepted 2. Emin=1.71300253, Emax=52.12471268
realization 3 / 300 ... accepted 3. Emin=20.97608743, Emax=68.15573126
realization 4 / 300 ... accepted 4. Emin=-7.07361713, Emax=43.55491096
realization 5 / 300 ... accepted 5. Emin=-5.05042583, Emax=39.67169052
realization 6 / 300 ... accepted 6. Emin=2.41718777, Emax=52.70106911
realization 7 / 300 ... accepted 7. Emin=7.13655780, Emax=67.61982496
realization 8 / 300 ... accepted 8. Emin=11.96374211, Emax=61.08659072
realization 9 / 300 ... accepted 9. Emin=15.11456509, Emax=65.42741247
realization 10 / 300 ... accepted 10. Emin=-1.87527759, Emax=56.23610778
realization 11 / 300 ... accepted 11. Emin=6.84445269, Emax=61.51156690
realization 12 / 300 ... accepted 12. Emin=5.12321888, Emax=56.10498807
realization 13 / 300 ... accepted 13. Emin=3.70386183, Emax=53.00495719
realization 14 / 300 ... accepted 14. Emin=8.86206356, Emax=62.36376738
realization 15 / 300 ... accepted 15. Emin=-21.29923337, Emax=27.10824331
realization 16 / 300 ... accepted 16. Emin=-22.01138349, Emax=23.69723148
realization 17 / 300 ... accepted 17. Emin=16.76748741, Emax=66.99936684
realization 18 / 300 ... accepted 18. Emin=0.91890627, Emax=45.17066632
realization 19 / 300 ... accepted 19. Emin=-1.81967758, Emax=51.52511995
realization 20 / 300 ... accepted 20. Emin=-10.06204197, Emax=42.26500878
realization 21 / 300 ... accepted 21. Emin=-0.16878068, Emax=48.84189256
realization 22 / 300 ... accepted 22. Emin=-17.46808835, Emax=29.43836133
realization 23 / 300 ... accepted 23. Emin=10.89830640, Emax=62.68383492
realization 24 / 300 ... accepted 24. Emin=-7.08422227, Emax=55.16598811
realization 25 / 300 ... accepted 25. Emin=7.40635778, Emax=53.75468295
realization 26 / 300 ... accepted 26. Emin=9.85672995, Emax=67.98925123
realization 27 / 300 ... accepted 27. Emin=-12.61137317, Emax=42.18649682
realization 28 / 300 ... accepted 28. Emin=6.24068151, Emax=62.80367894
realization 29 / 300 ... accepted 29. Emin=-10.74138359, Emax=49.03824203
realization 30 / 300 ... accepted 30. Emin=4.88277151, Emax=62.15300949
realization 31 / 300 ... accepted 31. Emin=-5.65288664, Emax=51.08882000
realization 32 / 300 ... accepted 32. Emin=0.15361470, Emax=56.71775376
realization 33 / 300 ... accepted 33. Emin=-13.00144104, Emax=40.76558732
realization 34 / 300 ... accepted 34. Emin=5.13726041, Emax=55.43275606
realization 35 / 300 ... accepted 35. Emin=-4.92281469, Emax=52.98787789
realization 36 / 300 ... accepted 36. Emin=-7.21827357, Emax=41.13051967
realization 37 / 300 ... accepted 37. Emin=11.66540831, Emax=66.78589710
realization 38 / 300 ... accepted 38. Emin=3.02100516, Emax=59.31246305
realization 39 / 300 ... accepted 39. Emin=-8.39010300, Emax=49.06653371
realization 40 / 300 ... accepted 40. Emin=-3.63126844, Emax=45.15232284
realization 41 / 300 ... accepted 41. Emin=12.75539499, Emax=69.09175983
realization 42 / 300 ... accepted 42. Emin=16.05062289, Emax=62.36889418
realization 43 / 300 ... accepted 43. Emin=6.50953664, Emax=56.92728376
realization 44 / 300 ... accepted 44. Emin=-10.40592771, Emax=45.97711984
realization 45 / 300 ... accepted 45. Emin=-16.54190778, Emax=32.88389016
realization 46 / 300 ... accepted 46. Emin=0.81352003, Emax=58.12254196
realization 47 / 300 ... accepted 47. Emin=-0.79714023, Emax=59.40774183
realization 48 / 300 ... accepted 48. Emin=-2.28844657, Emax=53.63669918
realization 49 / 300 ... accepted 49. Emin=-10.31004295, Emax=45.37807194
realization 50 / 300 ... accepted 50. Emin=-17.97590252, Emax=35.17378814
realization 51 / 300 ... accepted 51. Emin=-5.43742905, Emax=47.08717356
realization 52 / 300 ... accepted 52. Emin=-15.66728943, Emax=35.96148881
realization 53 / 300 ... accepted 53. Emin=-19.46367891, Emax=27.93751704
realization 54 / 300 ... accepted 54. Emin=2.36150440, Emax=56.82833938
realization 55 / 300 ... accepted 55. Emin=-8.34456272, Emax=48.81835216
realization 56 / 300 ... accepted 56. Emin=-0.56886698, Emax=58.55507714
realization 57 / 300 ... accepted 57. Emin=-0.33777341, Emax=51.80955299
realization 58 / 300 ... accepted 58. Emin=-8.32833261, Emax=45.88428448
realization 59 / 300 ... accepted 59. Emin=-6.07640831, Emax=49.80059870
realization 60 / 300 ... accepted 60. Emin=-14.97333533, Emax=31.20452303
realization 61 / 300 ... accepted 61. Emin=-10.12935927, Emax=41.08261674
realization 62 / 300 ... accepted 62. Emin=5.23166057, Emax=60.50846041
realization 63 / 300 ... accepted 63. Emin=3.48935615, Emax=56.21871956
realization 64 / 300 ... accepted 64. Emin=-8.48731530, Emax=50.25531155
realization 65 / 300 ... accepted 65. Emin=11.46594573, Emax=60.53225524
realization 66 / 300 ... accepted 66. Emin=-9.16162255, Emax=47.41593374
realization 67 / 300 ... accepted 67. Emin=7.83470423, Emax=61.76390717
realization 68 / 300 ... accepted 68. Emin=-15.19103199, Emax=38.25272008
realization 69 / 300 ... accepted 69. Emin=-0.54144347, Emax=49.97473023
realization 70 / 300 ... accepted 70. Emin=10.12903225, Emax=65.13926686
realization 71 / 300 ... accepted 71. Emin=-6.58207632, Emax=50.58940027
realization 72 / 300 ... accepted 72. Emin=-18.19719175, Emax=41.02118559
realization 73 / 300 ... accepted 73. Emin=-0.45405393, Emax=53.16494489
realization 74 / 300 ... accepted 74. Emin=-6.24987579, Emax=49.71525986
realization 75 / 300 ... accepted 75. Emin=-11.98931265, Emax=46.61510238
realization 76 / 300 ... accepted 76. Emin=-12.94167459, Emax=40.02115983
realization 77 / 300 ... accepted 77. Emin=-11.08778566, Emax=43.07726565
realization 78 / 300 ... accepted 78. Emin=-14.71205137, Emax=39.37916076
realization 79 / 300 ... accepted 79. Emin=3.97943010, Emax=58.17870369
realization 80 / 300 ... accepted 80. Emin=-1.20139694, Emax=56.34044484
realization 81 / 300 ... accepted 81. Emin=-0.55784200, Emax=54.74049908
realization 82 / 300 ... accepted 82. Emin=-9.79690037, Emax=43.18279556
realization 83 / 300 ... accepted 83. Emin=-17.55472939, Emax=32.36481191
realization 84 / 300 ... accepted 84. Emin=-7.62711143, Emax=52.88305901
realization 85 / 300 ... accepted 85. Emin=3.63493707, Emax=58.65417325
realization 86 / 300 ... accepted 86. Emin=-16.18593404, Emax=38.45198445
realization 87 / 300 ... accepted 87. Emin=3.96972135, Emax=67.44267793
realization 88 / 300 ... accepted 88. Emin=-5.20872139, Emax=50.13469666
realization 89 / 300 ... accepted 89. Emin=1.44741332, Emax=59.25310905
realization 90 / 300 ... accepted 90. Emin=-12.17896098, Emax=46.34846227
realization 91 / 300 ... accepted 91. Emin=-6.13944459, Emax=47.11215412
realization 92 / 300 ... accepted 92. Emin=-6.22059650, Emax=54.29414060
realization 93 / 300 ... accepted 93. Emin=-4.78127546, Emax=45.99152427
realization 94 / 300 ... accepted 94. Emin=-1.79559912, Emax=49.11407854
realization 95 / 300 ... accepted 95. Emin=2.15952725, Emax=56.82491399
realization 96 / 300 ... accepted 96. Emin=-0.13962011, Emax=60.77462454
realization 97 / 300 ... accepted 97. Emin=1.09766709, Emax=54.89061962
realization 98 / 300 ... accepted 98. Emin=0.34069460, Emax=57.17077319
realization 99 / 300 ... accepted 99. Emin=-10.81607333, Emax=45.99856271
realization 100 / 300 ... accepted 100. Emin=5.27475820, Emax=60.57676970
realization 101 / 300 ... accepted 101. Emin=-8.01054443, Emax=48.27989568
realization 102 / 300 ... accepted 102. Emin=1.47946247, Emax=54.53564396
realization 103 / 300 ... accepted 103. Emin=-14.64132446, Emax=39.19423395
realization 104 / 300 ... accepted 104. Emin=-4.72858631, Emax=53.70736006
realization 105 / 300 ... accepted 105. Emin=-3.68645090, Emax=65.46814047
realization 106 / 300 ... accepted 106. Emin=-10.64368891, Emax=35.49663736
realization 107 / 300 ... accepted 107. Emin=6.72879928, Emax=62.03920413
realization 108 / 300 ... accepted 108. Emin=-10.75764688, Emax=49.53588005
realization 109 / 300 ... accepted 109. Emin=-2.61538165, Emax=51.97842358
realization 110 / 300 ... accepted 110. Emin=2.71276514, Emax=58.85963473
realization 111 / 300 ... accepted 111. Emin=1.91245992, Emax=48.98217966
realization 112 / 300 ... accepted 112. Emin=-6.71167848, Emax=48.07483568
realization 113 / 300 ... accepted 113. Emin=2.30853564, Emax=53.67501112
realization 114 / 300 ... accepted 114. Emin=4.32241480, Emax=57.47428942
realization 115 / 300 ... accepted 115. Emin=3.58712201, Emax=55.19778437
realization 116 / 300 ... accepted 116. Emin=0.72033656, Emax=65.37692368
realization 117 / 300 ... accepted 117. Emin=-6.98000970, Emax=48.44134809
realization 118 / 300 ... accepted 118. Emin=-0.84808983, Emax=47.96369609
realization 119 / 300 ... accepted 119. Emin=4.48669485, Emax=56.68022459
realization 120 / 300 ... accepted 120. Emin=-13.71895984, Emax=44.78611333
realization 121 / 300 ... accepted 121. Emin=4.82455793, Emax=53.19991396
realization 122 / 300 ... accepted 122. Emin=-11.52792640, Emax=39.32306104
realization 123 / 300 ... accepted 123. Emin=-4.79383168, Emax=48.87869914
realization 124 / 300 ... accepted 124. Emin=8.08153861, Emax=61.14717443
realization 125 / 300 ... accepted 125. Emin=12.32209986, Emax=58.20496933
realization 126 / 300 ... accepted 126. Emin=-12.59657231, Emax=45.73006446
realization 127 / 300 ... accepted 127. Emin=-10.15207958, Emax=37.98223201
realization 128 / 300 ... accepted 128. Emin=-1.68005784, Emax=49.12011492
realization 129 / 300 ... accepted 129. Emin=8.77990765, Emax=64.56639670
realization 130 / 300 ... accepted 130. Emin=3.71622425, Emax=58.81889164
realization 131 / 300 ... accepted 131. Emin=-23.00364077, Emax=22.45806018
realization 132 / 300 ... accepted 132. Emin=-9.20057619, Emax=39.06769047
realization 133 / 300 ... accepted 133. Emin=-7.51696421, Emax=45.51450854
realization 134 / 300 ... accepted 134. Emin=-7.01343066, Emax=48.33909825
realization 135 / 300 ... accepted 135. Emin=-16.87279952, Emax=33.61098234
realization 136 / 300 ... accepted 136. Emin=-0.40220874, Emax=62.09157766
realization 137 / 300 ... accepted 137. Emin=-11.32616089, Emax=39.54905415
realization 138 / 300 ... accepted 138. Emin=0.54412895, Emax=63.13694334
realization 139 / 300 ... accepted 139. Emin=16.28596190, Emax=69.94246763
realization 140 / 300 ... accepted 140. Emin=1.88739819, Emax=58.20379475
realization 141 / 300 ... accepted 141. Emin=5.79212394, Emax=61.11617635
realization 142 / 300 ... accepted 142. Emin=-4.79093128, Emax=39.87462097
realization 143 / 300 ... accepted 143. Emin=6.98656268, Emax=57.50800223
realization 144 / 300 ... accepted 144. Emin=0.91347544, Emax=49.17978414
realization 145 / 300 ... accepted 145. Emin=0.27752337, Emax=58.47006911
realization 146 / 300 ... accepted 146. Emin=-10.67622877, Emax=37.13307271
realization 147 / 300 ... accepted 147. Emin=5.81236549, Emax=59.61875483
realization 148 / 300 ... accepted 148. Emin=-5.23367590, Emax=49.45827945
realization 149 / 300 ... accepted 149. Emin=-1.17407660, Emax=55.60213659
realization 150 / 300 ... accepted 150. Emin=9.02271128, Emax=58.41553443
realization 151 / 300 ... accepted 151. Emin=-9.69802485, Emax=50.81127855
realization 152 / 300 ... accepted 152. Emin=1.78837004, Emax=53.81319075
realization 153 / 300 ... accepted 153. Emin=-14.11579816, Emax=35.62368159
realization 154 / 300 ... accepted 154. Emin=-14.96191390, Emax=42.75023573
realization 155 / 300 ... accepted 155. Emin=-5.85376754, Emax=40.30380174
realization 156 / 300 ... accepted 156. Emin=-14.66604742, Emax=32.62363568
realization 157 / 300 ... accepted 157. Emin=2.94902570, Emax=59.05705665
realization 158 / 300 ... accepted 158. Emin=-2.96370653, Emax=49.52041634
realization 159 / 300 ... accepted 159. Emin=-0.20891518, Emax=58.46748568
realization 160 / 300 ... accepted 160. Emin=-6.20294496, Emax=44.97526769
realization 161 / 300 ... accepted 161. Emin=-5.38458418, Emax=42.77298079
realization 162 / 300 ... accepted 162. Emin=-9.57495906, Emax=44.68980032
realization 163 / 300 ... accepted 163. Emin=-7.23327829, Emax=50.96039605
realization 164 / 300 ... accepted 164. Emin=0.56486402, Emax=54.31515487
realization 165 / 300 ... accepted 165. Emin=1.94506463, Emax=62.40431918
realization 166 / 300 ... accepted 166. Emin=7.79471492, Emax=62.29071880
realization 167 / 300 ... accepted 167. Emin=-11.05701011, Emax=43.53449330
realization 168 / 300 ... accepted 168. Emin=5.05636953, Emax=62.19544984
realization 169 / 300 ... accepted 169. Emin=-3.35152013, Emax=45.89550124
realization 170 / 300 ... accepted 170. Emin=5.60782591, Emax=62.28570267
realization 171 / 300 ... accepted 171. Emin=11.85199966, Emax=61.97269994
realization 172 / 300 ... accepted 172. Emin=1.78819419, Emax=52.41210238
realization 173 / 300 ... accepted 173. Emin=-11.73721327, Emax=41.57627309
realization 174 / 300 ... accepted 174. Emin=3.35105397, Emax=52.24503291
realization 175 / 300 ... accepted 175. Emin=-0.65483112, Emax=59.49580833
realization 176 / 300 ... accepted 176. Emin=-0.58783772, Emax=58.14030054
realization 177 / 300 ... accepted 177. Emin=0.80642822, Emax=61.72494321
realization 178 / 300 ... accepted 178. Emin=-5.79733345, Emax=48.64602539
realization 179 / 300 ... accepted 179. Emin=-4.29560441, Emax=52.72781678
realization 180 / 300 ... accepted 180. Emin=-3.01645916, Emax=48.70418886
realization 181 / 300 ... accepted 181. Emin=-2.33879030, Emax=65.74467046
realization 182 / 300 ... accepted 182. Emin=10.33262440, Emax=63.18282909
realization 183 / 300 ... accepted 183. Emin=-5.81769366, Emax=46.61908331
realization 184 / 300 ... accepted 184. Emin=2.21566907, Emax=56.19161159
realization 185 / 300 ... accepted 185. Emin=-14.12443318, Emax=43.29382353
realization 186 / 300 ... accepted 186. Emin=-6.86772591, Emax=37.67590576
realization 187 / 300 ... accepted 187. Emin=0.69646282, Emax=54.69461887
realization 188 / 300 ... accepted 188. Emin=6.59196725, Emax=54.51431146
realization 189 / 300 ... accepted 189. Emin=9.36356401, Emax=65.06389595
realization 190 / 300 ... accepted 190. Emin=-8.43453100, Emax=43.67992484
realization 191 / 300 ... accepted 191. Emin=17.45288795, Emax=62.62390528
realization 192 / 300 ... accepted 192. Emin=-5.43892339, Emax=45.56911380
realization 193 / 300 ... accepted 193. Emin=1.51527755, Emax=59.31897586
realization 194 / 300 ... accepted 194. Emin=17.13499287, Emax=63.82031623
realization 195 / 300 ... accepted 195. Emin=-4.58372772, Emax=48.17753391
realization 196 / 300 ... accepted 196. Emin=-10.08363840, Emax=42.79488608
realization 197 / 300 ... accepted 197. Emin=-15.11246196, Emax=38.70853225
realization 198 / 300 ... accepted 198. Emin=5.71356626, Emax=58.47171482
realization 199 / 300 ... accepted 199. Emin=-12.29142668, Emax=38.85146545
realization 200 / 300 ... accepted 200. Emin=3.18735674, Emax=54.48288551
realization 201 / 300 ... accepted 201. Emin=1.31407672, Emax=57.10943020
realization 202 / 300 ... accepted 202. Emin=-8.52294453, Emax=42.30672860
realization 203 / 300 ... accepted 203. Emin=-14.16372577, Emax=39.67563408
realization 204 / 300 ... accepted 204. Emin=-12.32906258, Emax=37.75612546
realization 205 / 300 ... accepted 205. Emin=-6.27541239, Emax=50.67304280
realization 206 / 300 ... accepted 206. Emin=14.70372591, Emax=60.31575062
realization 207 / 300 ... accepted 207. Emin=8.32364807, Emax=63.72662503
realization 208 / 300 ... accepted 208. Emin=-3.66628891, Emax=50.39165454
realization 209 / 300 ... accepted 209. Emin=3.25759629, Emax=52.34109297
realization 210 / 300 ... accepted 210. Emin=-10.79113831, Emax=41.88025927
realization 211 / 300 ... accepted 211. Emin=-14.39686642, Emax=39.66997362
realization 212 / 300 ... accepted 212. Emin=-2.31012720, Emax=58.91049597
realization 213 / 300 ... accepted 213. Emin=-9.52644811, Emax=45.11791354
realization 214 / 300 ... accepted 214. Emin=-15.61377817, Emax=37.62873105
realization 215 / 300 ... accepted 215. Emin=-6.33410810, Emax=56.36456988
realization 216 / 300 ... accepted 216. Emin=1.95564538, Emax=53.51642609
realization 217 / 300 ... accepted 217. Emin=-10.05587692, Emax=45.50511039
realization 218 / 300 ... accepted 218. Emin=2.14140095, Emax=59.75483436
realization 219 / 300 ... accepted 219. Emin=18.17417162, Emax=68.76809438
realization 220 / 300 ... accepted 220. Emin=-0.56869165, Emax=60.91043256
realization 221 / 300 ... accepted 221. Emin=2.22232907, Emax=54.79629043
realization 222 / 300 ... accepted 222. Emin=16.36124834, Emax=68.97156929
realization 223 / 300 ... accepted 223. Emin=-4.51867201, Emax=56.76481918
realization 224 / 300 ... accepted 224. Emin=3.62848026, Emax=58.66648226
realization 225 / 300 ... accepted 225. Emin=-6.07457394, Emax=46.81008789
realization 226 / 300 ... accepted 226. Emin=-11.04650012, Emax=42.43442962
realization 227 / 300 ... accepted 227. Emin=13.14173007, Emax=63.50208650
realization 228 / 300 ... accepted 228. Emin=-11.71021522, Emax=53.17921288
realization 229 / 300 ... accepted 229. Emin=-0.69262492, Emax=57.34994794
realization 230 / 300 ... accepted 230. Emin=-2.10961179, Emax=53.26690802
realization 231 / 300 ... accepted 231. Emin=-8.85712304, Emax=43.35248000
realization 232 / 300 ... accepted 232. Emin=-8.58318798, Emax=40.57894542
realization 233 / 300 ... accepted 233. Emin=-11.96795823, Emax=41.45023474
realization 234 / 300 ... accepted 234. Emin=-8.35036770, Emax=42.86812476
realization 235 / 300 ... accepted 235. Emin=2.24355968, Emax=69.27126092
realization 236 / 300 ... accepted 236. Emin=11.21203484, Emax=64.32996209
realization 237 / 300 ... accepted 237. Emin=4.16328085, Emax=55.08280270
realization 238 / 300 ... accepted 238. Emin=0.08872276, Emax=45.12902218
realization 239 / 300 ... accepted 239. Emin=8.83473052, Emax=59.39115216
realization 240 / 300 ... accepted 240. Emin=4.32514943, Emax=52.63206476
realization 241 / 300 ... accepted 241. Emin=2.35922972, Emax=52.29991823
realization 242 / 300 ... accepted 242. Emin=2.53657870, Emax=60.54456190
realization 243 / 300 ... accepted 243. Emin=0.84459039, Emax=50.70422831
realization 244 / 300 ... accepted 244. Emin=0.47937563, Emax=58.75449625
realization 245 / 300 ... accepted 245. Emin=16.58719141, Emax=65.82256320
realization 246 / 300 ... accepted 246. Emin=-2.41923756, Emax=60.70892097
realization 247 / 300 ... accepted 247. Emin=6.90420981, Emax=59.11560614
realization 248 / 300 ... accepted 248. Emin=-3.78913068, Emax=57.54032614
realization 249 / 300 ... accepted 249. Emin=1.25971835, Emax=54.90676769
realization 250 / 300 ... accepted 250. Emin=-10.08628223, Emax=43.00999964
realization 251 / 300 ... accepted 251. Emin=5.30108836, Emax=67.11293189
realization 252 / 300 ... accepted 252. Emin=-13.26139653, Emax=45.36023096
realization 253 / 300 ... accepted 253. Emin=2.21761670, Emax=53.73495554
realization 254 / 300 ... accepted 254. Emin=17.50900421, Emax=65.84340261
realization 255 / 300 ... accepted 255. Emin=0.74870411, Emax=54.93957246
realization 256 / 300 ... accepted 256. Emin=-3.12281706, Emax=48.79734411
realization 257 / 300 ... accepted 257. Emin=-13.68512004, Emax=37.60810944
realization 258 / 300 ... accepted 258. Emin=-0.90851574, Emax=52.42825507
realization 259 / 300 ... accepted 259. Emin=2.15170378, Emax=62.16131521
realization 260 / 300 ... accepted 260. Emin=-2.93448541, Emax=52.45744170
realization 261 / 300 ... accepted 261. Emin=-1.60357333, Emax=54.38438887
realization 262 / 300 ... accepted 262. Emin=3.59809749, Emax=62.53592017
realization 263 / 300 ... accepted 263. Emin=-3.14305426, Emax=53.76684129
realization 264 / 300 ... accepted 264. Emin=4.74124038, Emax=62.05759989
realization 265 / 300 ... accepted 265. Emin=-8.41230708, Emax=49.78788693
realization 266 / 300 ... accepted 266. Emin=-11.95107550, Emax=47.98363779
realization 267 / 300 ... accepted 267. Emin=10.43297736, Emax=68.68550558
realization 268 / 300 ... accepted 268. Emin=4.48317528, Emax=59.58804592
realization 269 / 300 ... accepted 269. Emin=-24.34536027, Emax=18.59648582
realization 270 / 300 ... accepted 270. Emin=-14.16152625, Emax=44.56939361
realization 271 / 300 ... accepted 271. Emin=14.54861469, Emax=64.52986487
realization 272 / 300 ... accepted 272. Emin=10.74038466, Emax=59.85877685
realization 273 / 300 ... accepted 273. Emin=-0.04996338, Emax=61.28075489
realization 274 / 300 ... accepted 274. Emin=4.14076676, Emax=62.25371438
realization 275 / 300 ... accepted 275. Emin=-18.44531027, Emax=37.20476564
realization 276 / 300 ... accepted 276. Emin=0.80744935, Emax=54.66011130
realization 277 / 300 ... accepted 277. Emin=4.31793201, Emax=63.38514295
realization 278 / 300 ... accepted 278. Emin=-9.55262014, Emax=42.68257449
realization 279 / 300 ... accepted 279. Emin=4.03838834, Emax=66.49048631
realization 280 / 300 ... accepted 280. Emin=-6.13099563, Emax=44.51467736
realization 281 / 300 ... accepted 281. Emin=7.69987034, Emax=57.14279602
realization 282 / 300 ... accepted 282. Emin=-13.02818118, Emax=43.65673249
realization 283 / 300 ... accepted 283. Emin=-18.10274665, Emax=30.18686767
realization 284 / 300 ... accepted 284. Emin=9.55679386, Emax=61.51197303
realization 285 / 300 ... accepted 285. Emin=-5.17179819, Emax=48.45990621
realization 286 / 300 ... accepted 286. Emin=-9.20320059, Emax=51.51545935
realization 287 / 300 ... accepted 287. Emin=-4.04766513, Emax=45.20370496
realization 288 / 300 ... accepted 288. Emin=14.09575302, Emax=60.33075449
realization 289 / 300 ... accepted 289. Emin=-0.08761742, Emax=60.09254439
realization 290 / 300 ... accepted 290. Emin=-14.48623607, Emax=42.65536877
realization 291 / 300 ... accepted 291. Emin=-0.53287975, Emax=59.24104027
realization 292 / 300 ... accepted 292. Emin=-13.53076228, Emax=48.49091847
realization 293 / 300 ... accepted 293. Emin=-5.56916200, Emax=44.52918467
realization 294 / 300 ... accepted 294. Emin=6.44014026, Emax=56.89662709
realization 295 / 300 ... accepted 295. Emin=-4.34044282, Emax=46.61680649
realization 296 / 300 ... accepted 296. Emin=3.53315705, Emax=58.63461519
realization 297 / 300 ... accepted 297. Emin=-12.85528339, Emax=44.91634900
realization 298 / 300 ... accepted 298. Emin=4.50519168, Emax=64.71260300
realization 299 / 300 ... accepted 299. Emin=-1.93074980, Emax=56.81588755
realization 300 / 300 ... accepted 300. Emin=-4.14863538, Emax=50.42357116
Saved final energies: /home/2/kj405942/POLFED_bosons/pbs_bose_legacy_nmax2_periodic/data/U_6/W_6/L_6/N_6_nmax_2/boundary_periodic/energies_full_U6_L6_N6_nmax2_W6_boundaryperiodic_nreal300.txt
Accepted realizations: 300 / 300
Skipped realizations: 0
Job finished at Sun May 31 18:05:26 UTC 2026
