Job started on w21 at Sun May 31 18:03:49 UTC 2026
PBS_JOBID=7731378.kruk-host.ift-klaster.lan
PBS_O_WORKDIR=/home/2/kj405942/POLFED_bosons
Bose-Hubbard: L=6, N=6, nmax=2, dim=141
t=1, U=6, W=9, nreal=300, boundary=periodic, mode=full
Writing partial results to /home/2/kj405942/POLFED_bosons/pbs_bose_legacy_nmax2_periodic/data/U_6/W_9/L_6/N_6_nmax_2/boundary_periodic/energies_full_U6_L6_N6_nmax2_W9_boundaryperiodic_nreal300_partial.txt
realization 1 / 300 ... accepted 1. Emin=0.46898587, Emax=62.92121611
realization 2 / 300 ... accepted 2. Emin=-35.59112964, Emax=12.49687322
realization 3 / 300 ... accepted 3. Emin=-4.98324867, Emax=59.11574923
realization 4 / 300 ... accepted 4. Emin=-22.88720022, Emax=49.78549072
realization 5 / 300 ... accepted 5. Emin=-25.26991043, Emax=35.17527064
realization 6 / 300 ... accepted 6. Emin=-19.48191181, Emax=46.89599776
realization 7 / 300 ... accepted 7. Emin=-5.61019192, Emax=57.51714965
realization 8 / 300 ... accepted 8. Emin=7.49361101, Emax=58.90759706
realization 9 / 300 ... accepted 9. Emin=10.44027822, Emax=71.53558372
realization 10 / 300 ... accepted 10. Emin=14.71501305, Emax=78.42441046
realization 11 / 300 ... accepted 11. Emin=-12.19343176, Emax=53.73922532
realization 12 / 300 ... accepted 12. Emin=-19.72928704, Emax=40.64088999
realization 13 / 300 ... accepted 13. Emin=-4.41959871, Emax=56.97290050
realization 14 / 300 ... accepted 14. Emin=-18.59694995, Emax=50.38673102
realization 15 / 300 ... accepted 15. Emin=-1.16306632, Emax=72.75136694
realization 16 / 300 ... accepted 16. Emin=-28.80217887, Emax=26.06652921
realization 17 / 300 ... accepted 17. Emin=-26.78090961, Emax=34.70761596
realization 18 / 300 ... accepted 18. Emin=-36.39737697, Emax=10.10517787
realization 19 / 300 ... accepted 19. Emin=3.34036709, Emax=66.88122494
realization 20 / 300 ... accepted 20. Emin=2.18781694, Emax=70.50390292
realization 21 / 300 ... accepted 21. Emin=4.84328509, Emax=72.86051341
realization 22 / 300 ... accepted 22. Emin=-11.53916950, Emax=68.69550532
realization 23 / 300 ... accepted 23. Emin=-3.61952204, Emax=53.89826897
realization 24 / 300 ... accepted 24. Emin=14.72708407, Emax=76.02453674
realization 25 / 300 ... accepted 25. Emin=-4.80044947, Emax=65.70806944
realization 26 / 300 ... accepted 26. Emin=5.82721157, Emax=82.86510342
realization 27 / 300 ... accepted 27. Emin=-1.31957837, Emax=60.69898905
realization 28 / 300 ... accepted 28. Emin=-22.09012464, Emax=40.72403822
realization 29 / 300 ... accepted 29. Emin=-11.20876190, Emax=62.93912055
realization 30 / 300 ... accepted 30. Emin=-11.66493530, Emax=56.22915374
realization 31 / 300 ... accepted 31. Emin=7.43607146, Emax=82.28827379
realization 32 / 300 ... accepted 32. Emin=-14.36116625, Emax=55.62038378
realization 33 / 300 ... accepted 33. Emin=-1.04549926, Emax=56.29601281
realization 34 / 300 ... accepted 34. Emin=-6.40727360, Emax=65.35622797
realization 35 / 300 ... accepted 35. Emin=-24.83777392, Emax=34.48190042
realization 36 / 300 ... accepted 36. Emin=-2.53290866, Emax=67.00603290
realization 37 / 300 ... accepted 37. Emin=31.47296023, Emax=82.40050751
realization 38 / 300 ... accepted 38. Emin=3.32665637, Emax=66.69004222
realization 39 / 300 ... accepted 39. Emin=4.38620040, Emax=68.87288943
realization 40 / 300 ... accepted 40. Emin=24.71138131, Emax=77.38354905
realization 41 / 300 ... accepted 41. Emin=-12.52912716, Emax=51.19010485
realization 42 / 300 ... accepted 42. Emin=24.42659260, Emax=75.39749459
realization 43 / 300 ... accepted 43. Emin=4.21098799, Emax=69.58373453
realization 44 / 300 ... accepted 44. Emin=1.94069222, Emax=66.81300249
realization 45 / 300 ... accepted 45. Emin=-13.77048527, Emax=61.65036224
realization 46 / 300 ... accepted 46. Emin=0.12510884, Emax=70.52462323
realization 47 / 300 ... accepted 47. Emin=-17.78122314, Emax=34.52385997
realization 48 / 300 ... accepted 48. Emin=-5.99904672, Emax=74.33957938
realization 49 / 300 ... accepted 49. Emin=-21.34790718, Emax=39.23015381
realization 50 / 300 ... accepted 50. Emin=-11.10966229, Emax=62.42857751
realization 51 / 300 ... accepted 51. Emin=-14.07574279, Emax=48.63635636
realization 52 / 300 ... accepted 52. Emin=-3.23836576, Emax=70.42360268
realization 53 / 300 ... accepted 53. Emin=-7.34964211, Emax=69.80276125
realization 54 / 300 ... accepted 54. Emin=0.70808576, Emax=58.00257380
realization 55 / 300 ... accepted 55. Emin=-19.95687012, Emax=48.27483194
realization 56 / 300 ... accepted 56. Emin=-18.04460708, Emax=52.93824836
realization 57 / 300 ... accepted 57. Emin=-6.56464033, Emax=52.79403110
realization 58 / 300 ... accepted 58. Emin=-19.24665809, Emax=29.78473598
realization 59 / 300 ... accepted 59. Emin=14.58305564, Emax=71.40561450
realization 60 / 300 ... accepted 60. Emin=-8.15004090, Emax=47.31521414
realization 61 / 300 ... accepted 61. Emin=-17.55150736, Emax=36.35084652
realization 62 / 300 ... accepted 62. Emin=-6.33157731, Emax=62.51753333
realization 63 / 300 ... accepted 63. Emin=-13.05852931, Emax=60.48525306
realization 64 / 300 ... accepted 64. Emin=-3.68697373, Emax=64.00299966
realization 65 / 300 ... accepted 65. Emin=-14.80529154, Emax=56.72812558
realization 66 / 300 ... accepted 66. Emin=6.12953302, Emax=59.00537594
realization 67 / 300 ... accepted 67. Emin=-7.70379572, Emax=54.24561849
realization 68 / 300 ... accepted 68. Emin=-1.71060506, Emax=62.09326060
realization 69 / 300 ... accepted 69. Emin=-8.71389082, Emax=61.26754479
realization 70 / 300 ... accepted 70. Emin=-1.67301296, Emax=59.21822116
realization 71 / 300 ... accepted 71. Emin=8.10340711, Emax=85.74234160
realization 72 / 300 ... accepted 72. Emin=9.19061577, Emax=69.40356181
realization 73 / 300 ... accepted 73. Emin=-4.17185235, Emax=51.38649778
realization 74 / 300 ... accepted 74. Emin=-9.80393279, Emax=57.04563045
realization 75 / 300 ... accepted 75. Emin=14.83570254, Emax=60.45867446
realization 76 / 300 ... accepted 76. Emin=-6.66291751, Emax=73.10150342
realization 77 / 300 ... accepted 77. Emin=0.45942202, Emax=81.65550858
realization 78 / 300 ... accepted 78. Emin=-9.51917728, Emax=66.33630639
realization 79 / 300 ... accepted 79. Emin=-14.61880422, Emax=32.45595369
realization 80 / 300 ... accepted 80. Emin=-13.09874284, Emax=60.30734987
realization 81 / 300 ... accepted 81. Emin=-22.10936858, Emax=35.71039661
realization 82 / 300 ... accepted 82. Emin=7.84813591, Emax=67.25119774
realization 83 / 300 ... accepted 83. Emin=14.66371106, Emax=77.24805164
realization 84 / 300 ... accepted 84. Emin=18.57918487, Emax=70.61749144
realization 85 / 300 ... accepted 85. Emin=4.72123061, Emax=80.96097523
realization 86 / 300 ... accepted 86. Emin=-9.19346154, Emax=60.88677287
realization 87 / 300 ... accepted 87. Emin=-14.91128912, Emax=54.57125719
realization 88 / 300 ... accepted 88. Emin=2.47572923, Emax=63.45645533
realization 89 / 300 ... accepted 89. Emin=-3.99760857, Emax=61.11326029
realization 90 / 300 ... accepted 90. Emin=-17.23693785, Emax=61.22547725
realization 91 / 300 ... accepted 91. Emin=-6.86123993, Emax=65.60903156
realization 92 / 300 ... accepted 92. Emin=11.87288489, Emax=82.22355237
realization 93 / 300 ... accepted 93. Emin=3.42158694, Emax=71.92507929
realization 94 / 300 ... accepted 94. Emin=-9.39418185, Emax=57.24433371
realization 95 / 300 ... accepted 95. Emin=-7.39686581, Emax=72.98638507
realization 96 / 300 ... accepted 96. Emin=2.66131474, Emax=65.84997237
realization 97 / 300 ... accepted 97. Emin=-14.81436091, Emax=59.85629610
realization 98 / 300 ... accepted 98. Emin=-6.66832944, Emax=64.50829179
realization 99 / 300 ... accepted 99. Emin=-0.75810631, Emax=72.93615330
realization 100 / 300 ... accepted 100. Emin=-4.28248284, Emax=53.10796663
realization 101 / 300 ... accepted 101. Emin=13.19749646, Emax=68.49683583
realization 102 / 300 ... accepted 102. Emin=-22.11823486, Emax=64.12967906
realization 103 / 300 ... accepted 103. Emin=-9.37606441, Emax=48.11216873
realization 104 / 300 ... accepted 104. Emin=6.38163904, Emax=77.11260563
realization 105 / 300 ... accepted 105. Emin=-1.27873373, Emax=58.42109994
realization 106 / 300 ... accepted 106. Emin=-6.26449454, Emax=66.49150212
realization 107 / 300 ... accepted 107. Emin=-28.18593558, Emax=34.28821434
realization 108 / 300 ... accepted 108. Emin=-7.64061087, Emax=68.72201926
realization 109 / 300 ... accepted 109. Emin=-3.15606824, Emax=58.40635246
realization 110 / 300 ... accepted 110. Emin=-7.37182499, Emax=66.20897313
realization 111 / 300 ... accepted 111. Emin=-8.26565290, Emax=45.79802431
realization 112 / 300 ... accepted 112. Emin=4.84779727, Emax=58.61591087
realization 113 / 300 ... accepted 113. Emin=-17.31727042, Emax=46.77013703
realization 114 / 300 ... accepted 114. Emin=-17.67360374, Emax=47.60843639
realization 115 / 300 ... accepted 115. Emin=8.60551991, Emax=64.44299821
realization 116 / 300 ... accepted 116. Emin=-23.55967563, Emax=46.87392300
realization 117 / 300 ... accepted 117. Emin=-14.26356844, Emax=60.47224152
realization 118 / 300 ... accepted 118. Emin=4.60189532, Emax=60.53142967
realization 119 / 300 ... accepted 119. Emin=17.40363823, Emax=74.11799164
realization 120 / 300 ... accepted 120. Emin=7.29110721, Emax=64.42446797
realization 121 / 300 ... accepted 121. Emin=-14.86798869, Emax=53.74481747
realization 122 / 300 ... accepted 122. Emin=-8.05900171, Emax=64.15832658
realization 123 / 300 ... accepted 123. Emin=-5.81160066, Emax=63.22259575
realization 124 / 300 ... accepted 124. Emin=-13.96506728, Emax=51.34578837
realization 125 / 300 ... accepted 125. Emin=10.69027744, Emax=67.61962048
realization 126 / 300 ... accepted 126. Emin=-2.43872382, Emax=64.28524013
realization 127 / 300 ... accepted 127. Emin=9.42044289, Emax=67.80294075
realization 128 / 300 ... accepted 128. Emin=-22.92087744, Emax=48.34912751
realization 129 / 300 ... accepted 129. Emin=-0.51757393, Emax=58.32984199
realization 130 / 300 ... accepted 130. Emin=-22.99257472, Emax=30.51014484
realization 131 / 300 ... accepted 131. Emin=-5.58250014, Emax=55.50041201
realization 132 / 300 ... accepted 132. Emin=-11.19518909, Emax=64.68232034
realization 133 / 300 ... accepted 133. Emin=-10.49412478, Emax=45.85250310
realization 134 / 300 ... accepted 134. Emin=21.56890095, Emax=75.65390233
realization 135 / 300 ... accepted 135. Emin=7.17125452, Emax=65.74841834
realization 136 / 300 ... accepted 136. Emin=-17.88297478, Emax=44.29993174
realization 137 / 300 ... accepted 137. Emin=-5.67142045, Emax=63.08333247
realization 138 / 300 ... accepted 138. Emin=-8.98348803, Emax=49.31779918
realization 139 / 300 ... accepted 139. Emin=-3.10617690, Emax=66.62360598
realization 140 / 300 ... accepted 140. Emin=-11.68128397, Emax=64.10497402
realization 141 / 300 ... accepted 141. Emin=-19.51817270, Emax=47.03213493
realization 142 / 300 ... accepted 142. Emin=-1.28465441, Emax=59.92635558
realization 143 / 300 ... accepted 143. Emin=17.81893745, Emax=75.82885698
realization 144 / 300 ... accepted 144. Emin=3.76801132, Emax=70.85238384
realization 145 / 300 ... accepted 145. Emin=-1.24130282, Emax=68.39759233
realization 146 / 300 ... accepted 146. Emin=18.25028651, Emax=74.98344822
realization 147 / 300 ... accepted 147. Emin=-31.16278266, Emax=41.56328160
realization 148 / 300 ... accepted 148. Emin=-4.75134177, Emax=67.74035293
realization 149 / 300 ... accepted 149. Emin=13.42880899, Emax=81.23986404
realization 150 / 300 ... accepted 150. Emin=-1.89737289, Emax=66.42885281
realization 151 / 300 ... accepted 151. Emin=-12.33969437, Emax=59.92207520
realization 152 / 300 ... accepted 152. Emin=-3.83851090, Emax=66.81634608
realization 153 / 300 ... accepted 153. Emin=4.00889213, Emax=60.72394492
realization 154 / 300 ... accepted 154. Emin=-20.39578691, Emax=44.43679942
realization 155 / 300 ... accepted 155. Emin=-1.28682993, Emax=62.93879148
realization 156 / 300 ... accepted 156. Emin=-6.73848488, Emax=63.33647791
realization 157 / 300 ... accepted 157. Emin=-23.40805088, Emax=41.73932243
realization 158 / 300 ... accepted 158. Emin=-21.50156531, Emax=29.10022856
realization 159 / 300 ... accepted 159. Emin=-11.79904792, Emax=47.51760363
realization 160 / 300 ... accepted 160. Emin=-13.81769625, Emax=37.42052766
realization 161 / 300 ... accepted 161. Emin=-3.73141090, Emax=60.10622251
realization 162 / 300 ... accepted 162. Emin=10.03088230, Emax=67.48965236
realization 163 / 300 ... accepted 163. Emin=4.39144663, Emax=75.80255271
realization 164 / 300 ... accepted 164. Emin=-8.73483643, Emax=44.69974830
realization 165 / 300 ... accepted 165. Emin=-16.09566282, Emax=36.88304899
realization 166 / 300 ... accepted 166. Emin=-17.77424056, Emax=44.27806857
realization 167 / 300 ... accepted 167. Emin=-13.67070109, Emax=53.10815310
realization 168 / 300 ... accepted 168. Emin=-15.33333596, Emax=56.09773203
realization 169 / 300 ... accepted 169. Emin=-18.18575375, Emax=43.75289033
realization 170 / 300 ... accepted 170. Emin=-15.63407793, Emax=43.80900788
realization 171 / 300 ... accepted 171. Emin=11.81769104, Emax=70.91550105
realization 172 / 300 ... accepted 172. Emin=3.05177321, Emax=59.33932847
realization 173 / 300 ... accepted 173. Emin=-12.90988243, Emax=60.82238889
realization 174 / 300 ... accepted 174. Emin=2.33999792, Emax=72.44634790
realization 175 / 300 ... accepted 175. Emin=-22.55383227, Emax=35.46887166
realization 176 / 300 ... accepted 176. Emin=-16.93291027, Emax=40.78248431
realization 177 / 300 ... accepted 177. Emin=8.84632384, Emax=73.11436717
realization 178 / 300 ... accepted 178. Emin=0.73652198, Emax=66.32690299
realization 179 / 300 ... accepted 179. Emin=-8.61383958, Emax=56.44290518
realization 180 / 300 ... accepted 180. Emin=12.01570971, Emax=75.49931347
realization 181 / 300 ... accepted 181. Emin=-12.36935981, Emax=46.70232522
realization 182 / 300 ... accepted 182. Emin=9.41421781, Emax=65.79965512
realization 183 / 300 ... accepted 183. Emin=-0.46826946, Emax=55.97336256
realization 184 / 300 ... accepted 184. Emin=-2.01594909, Emax=62.32107934
realization 185 / 300 ... accepted 185. Emin=5.89883157, Emax=81.93584893
realization 186 / 300 ... accepted 186. Emin=10.88882345, Emax=67.83603326
realization 187 / 300 ... accepted 187. Emin=5.38787523, Emax=71.84959031
realization 188 / 300 ... accepted 188. Emin=-19.58793789, Emax=36.78770565
realization 189 / 300 ... accepted 189. Emin=24.30987332, Emax=76.52294684
realization 190 / 300 ... accepted 190. Emin=-10.52334938, Emax=60.60632820
realization 191 / 300 ... accepted 191. Emin=-8.98898663, Emax=62.10612677
realization 192 / 300 ... accepted 192. Emin=1.64828941, Emax=62.40451849
realization 193 / 300 ... accepted 193. Emin=-6.46643030, Emax=67.21303054
realization 194 / 300 ... accepted 194. Emin=-13.40547521, Emax=57.85266043
realization 195 / 300 ... accepted 195. Emin=-7.44778106, Emax=66.31377296
realization 196 / 300 ... accepted 196. Emin=0.61665507, Emax=67.61041887
realization 197 / 300 ... accepted 197. Emin=-6.38934886, Emax=64.87132494
realization 198 / 300 ... accepted 198. Emin=0.71822495, Emax=70.39457859
realization 199 / 300 ... accepted 199. Emin=18.64529813, Emax=78.25565405
realization 200 / 300 ... accepted 200. Emin=-3.69588510, Emax=62.08437088
realization 201 / 300 ... accepted 201. Emin=5.73399889, Emax=61.02888316
realization 202 / 300 ... accepted 202. Emin=13.92049724, Emax=75.23070590
realization 203 / 300 ... accepted 203. Emin=-13.06533596, Emax=54.15770125
realization 204 / 300 ... accepted 204. Emin=7.25542001, Emax=62.80581991
realization 205 / 300 ... accepted 205. Emin=12.32583713, Emax=77.92906736
realization 206 / 300 ... accepted 206. Emin=-14.07165831, Emax=57.61012007
realization 207 / 300 ... accepted 207. Emin=14.46664412, Emax=67.48651904
realization 208 / 300 ... accepted 208. Emin=-20.77919582, Emax=35.26519586
realization 209 / 300 ... accepted 209. Emin=8.49880729, Emax=78.21444028
realization 210 / 300 ... accepted 210. Emin=-3.92629507, Emax=67.57695820
realization 211 / 300 ... accepted 211. Emin=-17.50462009, Emax=41.79202636
realization 212 / 300 ... accepted 212. Emin=24.79040848, Emax=80.04606194
realization 213 / 300 ... accepted 213. Emin=-2.67288225, Emax=65.52022878
realization 214 / 300 ... accepted 214. Emin=-5.09956288, Emax=66.86094782
realization 215 / 300 ... accepted 215. Emin=-2.18045068, Emax=65.95184933
realization 216 / 300 ... accepted 216. Emin=14.19759767, Emax=67.06098899
realization 217 / 300 ... accepted 217. Emin=0.96065401, Emax=77.32517100
realization 218 / 300 ... accepted 218. Emin=-6.15848075, Emax=67.90728774
realization 219 / 300 ... accepted 219. Emin=1.02342235, Emax=59.96126143
realization 220 / 300 ... accepted 220. Emin=5.30920607, Emax=71.73399632
realization 221 / 300 ... accepted 221. Emin=1.13718491, Emax=60.44355068
realization 222 / 300 ... accepted 222. Emin=19.00713445, Emax=88.03031342
realization 223 / 300 ... accepted 223. Emin=1.98985674, Emax=63.83474589
realization 224 / 300 ... accepted 224. Emin=5.28300977, Emax=70.09433657
realization 225 / 300 ... accepted 225. Emin=-8.41750110, Emax=58.87922422
realization 226 / 300 ... accepted 226. Emin=-13.65368906, Emax=43.87150494
realization 227 / 300 ... accepted 227. Emin=-2.67601037, Emax=59.30474461
realization 228 / 300 ... accepted 228. Emin=-12.88917768, Emax=58.14915888
realization 229 / 300 ... accepted 229. Emin=0.06233187, Emax=75.45944029
realization 230 / 300 ... accepted 230. Emin=-5.30125385, Emax=65.48033604
realization 231 / 300 ... accepted 231. Emin=3.05511526, Emax=59.84786570
realization 232 / 300 ... accepted 232. Emin=7.50143292, Emax=77.83643152
realization 233 / 300 ... accepted 233. Emin=-6.21766776, Emax=63.54840827
realization 234 / 300 ... accepted 234. Emin=-9.35216655, Emax=60.84830820
realization 235 / 300 ... accepted 235. Emin=-5.89410306, Emax=60.03915917
realization 236 / 300 ... accepted 236. Emin=-13.58787689, Emax=47.65327191
realization 237 / 300 ... accepted 237. Emin=-4.40616263, Emax=52.34140939
realization 238 / 300 ... accepted 238. Emin=-4.38621461, Emax=58.73177317
realization 239 / 300 ... accepted 239. Emin=12.88836481, Emax=74.74580203
realization 240 / 300 ... accepted 240. Emin=-9.25799385, Emax=58.21126450
realization 241 / 300 ... accepted 241. Emin=9.52378171, Emax=82.14304060
realization 242 / 300 ... accepted 242. Emin=-9.44580861, Emax=45.42243966
realization 243 / 300 ... accepted 243. Emin=-20.71500882, Emax=48.27525596
realization 244 / 300 ... accepted 244. Emin=-13.37320177, Emax=69.22401259
realization 245 / 300 ... accepted 245. Emin=-25.39105312, Emax=35.04369570
realization 246 / 300 ... accepted 246. Emin=-20.08283482, Emax=34.18701836
realization 247 / 300 ... accepted 247. Emin=8.45889800, Emax=64.10801033
realization 248 / 300 ... accepted 248. Emin=-14.84137083, Emax=34.23553419
realization 249 / 300 ... accepted 249. Emin=-21.70595429, Emax=54.61352284
realization 250 / 300 ... accepted 250. Emin=16.07179201, Emax=68.98824286
realization 251 / 300 ... accepted 251. Emin=3.29020360, Emax=65.02595357
realization 252 / 300 ... accepted 252. Emin=-10.28265958, Emax=65.12452504
realization 253 / 300 ... accepted 253. Emin=-12.92379475, Emax=49.73541895
realization 254 / 300 ... accepted 254. Emin=11.68655005, Emax=71.97391077
realization 255 / 300 ... accepted 255. Emin=-10.27165683, Emax=40.75374851
realization 256 / 300 ... accepted 256. Emin=-11.84562333, Emax=69.28808786
realization 257 / 300 ... accepted 257. Emin=-2.42157685, Emax=62.74692133
realization 258 / 300 ... accepted 258. Emin=-8.14941169, Emax=62.22067832
realization 259 / 300 ... accepted 259. Emin=-11.12787020, Emax=55.30532564
realization 260 / 300 ... accepted 260. Emin=-9.77115990, Emax=60.71963359
realization 261 / 300 ... accepted 261. Emin=-19.46619884, Emax=49.42555414
realization 262 / 300 ... accepted 262. Emin=1.05586728, Emax=69.05101131
realization 263 / 300 ... accepted 263. Emin=-0.75218673, Emax=67.73783912
realization 264 / 300 ... accepted 264. Emin=-17.40542106, Emax=67.53489510
realization 265 / 300 ... accepted 265. Emin=-11.92697555, Emax=44.59447794
realization 266 / 300 ... accepted 266. Emin=-20.92715600, Emax=39.65666930
realization 267 / 300 ... accepted 267. Emin=-21.73107550, Emax=28.10627247
realization 268 / 300 ... accepted 268. Emin=-13.19474510, Emax=68.36120620
realization 269 / 300 ... accepted 269. Emin=-5.72531381, Emax=73.51849012
realization 270 / 300 ... accepted 270. Emin=-27.24827487, Emax=42.31264509
realization 271 / 300 ... accepted 271. Emin=1.92247286, Emax=71.15474323
realization 272 / 300 ... accepted 272. Emin=-17.71590805, Emax=43.02322825
realization 273 / 300 ... accepted 273. Emin=-18.06358023, Emax=43.61502006
realization 274 / 300 ... accepted 274. Emin=1.05905507, Emax=60.41912628
realization 275 / 300 ... accepted 275. Emin=0.00112939, Emax=66.08282675
realization 276 / 300 ... accepted 276. Emin=-2.49036633, Emax=78.32564239
realization 277 / 300 ... accepted 277. Emin=-15.84426429, Emax=54.63183247
realization 278 / 300 ... accepted 278. Emin=-1.27635936, Emax=64.34598239
realization 279 / 300 ... accepted 279. Emin=-10.00530011, Emax=59.77672665
realization 280 / 300 ... accepted 280. Emin=4.47906035, Emax=79.02950669
realization 281 / 300 ... accepted 281. Emin=-3.80261826, Emax=59.80514041
realization 282 / 300 ... accepted 282. Emin=-12.99263992, Emax=58.51954141
realization 283 / 300 ... accepted 283. Emin=13.04480279, Emax=67.84769966
realization 284 / 300 ... accepted 284. Emin=-13.56609710, Emax=34.87482689
realization 285 / 300 ... accepted 285. Emin=21.21815758, Emax=72.80530671
realization 286 / 300 ... accepted 286. Emin=14.56115585, Emax=81.86697995
realization 287 / 300 ... accepted 287. Emin=13.25693608, Emax=81.28189929
realization 288 / 300 ... accepted 288. Emin=-5.79275918, Emax=71.92689563
realization 289 / 300 ... accepted 289. Emin=0.21807711, Emax=55.45774678
realization 290 / 300 ... accepted 290. Emin=-1.09754736, Emax=49.36017581
realization 291 / 300 ... accepted 291. Emin=-13.41989326, Emax=44.74489797
realization 292 / 300 ... accepted 292. Emin=-6.77575161, Emax=53.59760298
realization 293 / 300 ... accepted 293. Emin=-29.40660246, Emax=21.71243946
realization 294 / 300 ... accepted 294. Emin=-18.52631542, Emax=39.78981979
realization 295 / 300 ... accepted 295. Emin=-12.07057045, Emax=60.37295083
realization 296 / 300 ... accepted 296. Emin=-17.13254687, Emax=49.38152246
realization 297 / 300 ... accepted 297. Emin=1.50951068, Emax=62.26274905
realization 298 / 300 ... accepted 298. Emin=-15.52745057, Emax=60.43156607
realization 299 / 300 ... accepted 299. Emin=5.02775289, Emax=78.39878396
realization 300 / 300 ... accepted 300. Emin=-3.44258326, Emax=67.29089721
Saved final energies: /home/2/kj405942/POLFED_bosons/pbs_bose_legacy_nmax2_periodic/data/U_6/W_9/L_6/N_6_nmax_2/boundary_periodic/energies_full_U6_L6_N6_nmax2_W9_boundaryperiodic_nreal300.txt
Accepted realizations: 300 / 300
Skipped realizations: 0
Job finished at Sun May 31 18:05:26 UTC 2026
