Job started on w21 at Sun May 31 18:03:49 UTC 2026
PBS_JOBID=7731377.kruk-host.ift-klaster.lan
PBS_O_WORKDIR=/home/2/kj405942/POLFED_bosons
Bose-Hubbard: L=6, N=6, nmax=2, dim=141
t=1, U=6, W=8, nreal=300, boundary=periodic, mode=full
Writing partial results to /home/2/kj405942/POLFED_bosons/pbs_bose_legacy_nmax2_periodic/data/U_6/W_8/L_6/N_6_nmax_2/boundary_periodic/energies_full_U6_L6_N6_nmax2_W8_boundaryperiodic_nreal300_partial.txt
realization 1 / 300 ... accepted 1. Emin=-20.61063615, Emax=23.62167785
realization 2 / 300 ... accepted 2. Emin=-5.02823285, Emax=60.23700369
realization 3 / 300 ... accepted 3. Emin=-8.29510726, Emax=57.89260737
realization 4 / 300 ... accepted 4. Emin=-27.73666457, Emax=24.74738068
realization 5 / 300 ... accepted 5. Emin=-16.89538680, Emax=43.20188075
realization 6 / 300 ... accepted 6. Emin=15.25521603, Emax=75.61672971
realization 7 / 300 ... accepted 7. Emin=-4.08670162, Emax=46.92932642
realization 8 / 300 ... accepted 8. Emin=-9.85146856, Emax=46.26901990
realization 9 / 300 ... accepted 9. Emin=12.25628706, Emax=74.62025943
realization 10 / 300 ... accepted 10. Emin=-2.85273634, Emax=59.45947680
realization 11 / 300 ... accepted 11. Emin=-5.15948686, Emax=46.35012607
realization 12 / 300 ... accepted 12. Emin=5.22622492, Emax=61.05044636
realization 13 / 300 ... accepted 13. Emin=6.91008504, Emax=68.96561408
realization 14 / 300 ... accepted 14. Emin=-17.83980462, Emax=45.68102645
realization 15 / 300 ... accepted 15. Emin=13.18695623, Emax=77.43854994
realization 16 / 300 ... accepted 16. Emin=-1.89625295, Emax=69.52428981
realization 17 / 300 ... accepted 17. Emin=-3.44770187, Emax=54.79606489
realization 18 / 300 ... accepted 18. Emin=-4.52541204, Emax=54.39779027
realization 19 / 300 ... accepted 19. Emin=-13.64535868, Emax=41.75833636
realization 20 / 300 ... accepted 20. Emin=-8.06013171, Emax=56.90306713
realization 21 / 300 ... accepted 21. Emin=-12.36912120, Emax=44.66022130
realization 22 / 300 ... accepted 22. Emin=6.36136456, Emax=63.59523208
realization 23 / 300 ... accepted 23. Emin=0.71565330, Emax=54.16264692
realization 24 / 300 ... accepted 24. Emin=9.22041789, Emax=73.08155146
realization 25 / 300 ... accepted 25. Emin=27.92156297, Emax=70.76090628
realization 26 / 300 ... accepted 26. Emin=-9.26077205, Emax=74.22017417
realization 27 / 300 ... accepted 27. Emin=2.12260976, Emax=67.41440505
realization 28 / 300 ... accepted 28. Emin=-18.62903767, Emax=55.72802690
realization 29 / 300 ... accepted 29. Emin=-8.29448920, Emax=50.42809047
realization 30 / 300 ... accepted 30. Emin=-9.83112566, Emax=44.22934154
realization 31 / 300 ... accepted 31. Emin=-3.33427599, Emax=67.96103087
realization 32 / 300 ... accepted 32. Emin=2.54756779, Emax=65.36259464
realization 33 / 300 ... accepted 33. Emin=-4.69192567, Emax=68.09936231
realization 34 / 300 ... accepted 34. Emin=-14.94372488, Emax=53.43617315
realization 35 / 300 ... accepted 35. Emin=-29.58374140, Emax=20.14133347
realization 36 / 300 ... accepted 36. Emin=-13.82407425, Emax=45.75988436
realization 37 / 300 ... accepted 37. Emin=-19.88697042, Emax=34.77314165
realization 38 / 300 ... accepted 38. Emin=-9.52376590, Emax=57.37627886
realization 39 / 300 ... accepted 39. Emin=-0.19702065, Emax=60.91417743
realization 40 / 300 ... accepted 40. Emin=-2.08591592, Emax=61.25322675
realization 41 / 300 ... accepted 41. Emin=-2.70469883, Emax=46.58140828
realization 42 / 300 ... accepted 42. Emin=-16.64201268, Emax=39.69354014
realization 43 / 300 ... accepted 43. Emin=-0.29381238, Emax=62.74543589
realization 44 / 300 ... accepted 44. Emin=7.87662909, Emax=73.07809167
realization 45 / 300 ... accepted 45. Emin=-7.06275098, Emax=65.40284813
realization 46 / 300 ... accepted 46. Emin=-8.91266355, Emax=50.81267540
realization 47 / 300 ... accepted 47. Emin=4.55521806, Emax=68.08894690
realization 48 / 300 ... accepted 48. Emin=8.18850070, Emax=63.86706366
realization 49 / 300 ... accepted 49. Emin=-5.09654725, Emax=70.30317809
realization 50 / 300 ... accepted 50. Emin=-0.04877312, Emax=67.55542941
realization 51 / 300 ... accepted 51. Emin=-15.35288658, Emax=46.08768982
realization 52 / 300 ... accepted 52. Emin=-13.63403484, Emax=49.76189836
realization 53 / 300 ... accepted 53. Emin=-21.66270589, Emax=37.57371299
realization 54 / 300 ... accepted 54. Emin=6.96287964, Emax=63.63057431
realization 55 / 300 ... accepted 55. Emin=-17.24848087, Emax=36.18816864
realization 56 / 300 ... accepted 56. Emin=-21.71556557, Emax=46.37884066
realization 57 / 300 ... accepted 57. Emin=-5.19548336, Emax=61.77324313
realization 58 / 300 ... accepted 58. Emin=-5.11376626, Emax=46.89438369
realization 59 / 300 ... accepted 59. Emin=-9.84350387, Emax=47.50924448
realization 60 / 300 ... accepted 60. Emin=-3.24569699, Emax=56.09813488
realization 61 / 300 ... accepted 61. Emin=7.90110492, Emax=64.28446691
realization 62 / 300 ... accepted 62. Emin=-25.42358005, Emax=25.95963186
realization 63 / 300 ... accepted 63. Emin=-6.30376966, Emax=56.51239053
realization 64 / 300 ... accepted 64. Emin=1.80185898, Emax=53.90347828
realization 65 / 300 ... accepted 65. Emin=0.04630293, Emax=64.10746500
realization 66 / 300 ... accepted 66. Emin=0.70582253, Emax=68.05494223
realization 67 / 300 ... accepted 67. Emin=-14.92288388, Emax=30.10114890
realization 68 / 300 ... accepted 68. Emin=-10.88144522, Emax=61.94949304
realization 69 / 300 ... accepted 69. Emin=-12.04159000, Emax=52.44606028
realization 70 / 300 ... accepted 70. Emin=-32.07773476, Emax=14.74220577
realization 71 / 300 ... accepted 71. Emin=6.13481699, Emax=70.36363016
realization 72 / 300 ... accepted 72. Emin=-2.86682016, Emax=53.88210254
realization 73 / 300 ... accepted 73. Emin=-3.09970287, Emax=64.16708592
realization 74 / 300 ... accepted 74. Emin=-1.64505209, Emax=47.05180046
realization 75 / 300 ... accepted 75. Emin=-2.45338951, Emax=57.15073227
realization 76 / 300 ... accepted 76. Emin=5.14580311, Emax=76.26932977
realization 77 / 300 ... accepted 77. Emin=-9.42553863, Emax=56.82095239
realization 78 / 300 ... accepted 78. Emin=16.45514266, Emax=81.59758030
realization 79 / 300 ... accepted 79. Emin=-9.73928230, Emax=46.87551951
realization 80 / 300 ... accepted 80. Emin=6.88034412, Emax=71.20572918
realization 81 / 300 ... accepted 81. Emin=3.51201816, Emax=68.20277007
realization 82 / 300 ... accepted 82. Emin=-5.08191066, Emax=51.77009609
realization 83 / 300 ... accepted 83. Emin=-10.20878506, Emax=45.67493169
realization 84 / 300 ... accepted 84. Emin=-5.21138138, Emax=70.97947581
realization 85 / 300 ... accepted 85. Emin=-1.13997512, Emax=67.93209868
realization 86 / 300 ... accepted 86. Emin=0.00991671, Emax=63.62919133
realization 87 / 300 ... accepted 87. Emin=-17.94666350, Emax=38.89970647
realization 88 / 300 ... accepted 88. Emin=-0.28674130, Emax=64.62859422
realization 89 / 300 ... accepted 89. Emin=-5.44003008, Emax=54.68753321
realization 90 / 300 ... accepted 90. Emin=-11.12108531, Emax=47.68473753
realization 91 / 300 ... accepted 91. Emin=-10.50937478, Emax=58.40064767
realization 92 / 300 ... accepted 92. Emin=18.15938828, Emax=80.92568035
realization 93 / 300 ... accepted 93. Emin=-0.87788039, Emax=58.55023004
realization 94 / 300 ... accepted 94. Emin=-1.26311401, Emax=59.93619026
realization 95 / 300 ... accepted 95. Emin=11.37583430, Emax=69.99546060
realization 96 / 300 ... accepted 96. Emin=13.68828448, Emax=63.46440701
realization 97 / 300 ... accepted 97. Emin=18.63661875, Emax=71.18301261
realization 98 / 300 ... accepted 98. Emin=6.43377844, Emax=69.06305880
realization 99 / 300 ... accepted 99. Emin=-6.15119268, Emax=52.90885803
realization 100 / 300 ... accepted 100. Emin=-0.64563268, Emax=57.18694062
realization 101 / 300 ... accepted 101. Emin=2.23129830, Emax=72.70720595
realization 102 / 300 ... accepted 102. Emin=-11.90130683, Emax=43.24317251
realization 103 / 300 ... accepted 103. Emin=-23.89749588, Emax=25.86563558
realization 104 / 300 ... accepted 104. Emin=-16.77710239, Emax=42.43842257
realization 105 / 300 ... accepted 105. Emin=-7.31666625, Emax=61.72995828
realization 106 / 300 ... accepted 106. Emin=-19.30940916, Emax=53.92522188
realization 107 / 300 ... accepted 107. Emin=-23.61964125, Emax=38.47168631
realization 108 / 300 ... accepted 108. Emin=11.19341974, Emax=70.53725860
realization 109 / 300 ... accepted 109. Emin=31.90821632, Emax=78.68388910
realization 110 / 300 ... accepted 110. Emin=22.21986779, Emax=78.52475200
realization 111 / 300 ... accepted 111. Emin=-26.12157276, Emax=31.52494319
realization 112 / 300 ... accepted 112. Emin=-11.18455274, Emax=45.18335544
realization 113 / 300 ... accepted 113. Emin=-8.65649266, Emax=52.80716211
realization 114 / 300 ... accepted 114. Emin=-2.03874180, Emax=49.87067999
realization 115 / 300 ... accepted 115. Emin=-4.99476664, Emax=65.91394897
realization 116 / 300 ... accepted 116. Emin=-7.10729714, Emax=61.49557047
realization 117 / 300 ... accepted 117. Emin=-10.72924086, Emax=42.11448675
realization 118 / 300 ... accepted 118. Emin=1.38421932, Emax=64.54467961
realization 119 / 300 ... accepted 119. Emin=-32.42808731, Emax=20.02673789
realization 120 / 300 ... accepted 120. Emin=12.23819329, Emax=60.26083271
realization 121 / 300 ... accepted 121. Emin=-0.16475671, Emax=59.05272019
realization 122 / 300 ... accepted 122. Emin=3.85392656, Emax=65.07448742
realization 123 / 300 ... accepted 123. Emin=-0.92358403, Emax=66.08370546
realization 124 / 300 ... accepted 124. Emin=-8.48609604, Emax=46.00494234
realization 125 / 300 ... accepted 125. Emin=27.09752942, Emax=80.91454473
realization 126 / 300 ... accepted 126. Emin=-11.22295756, Emax=57.98154619
realization 127 / 300 ... accepted 127. Emin=-5.45683928, Emax=56.15404207
realization 128 / 300 ... accepted 128. Emin=9.86438963, Emax=64.65728421
realization 129 / 300 ... accepted 129. Emin=-9.55819279, Emax=56.90344888
realization 130 / 300 ... accepted 130. Emin=-6.50309581, Emax=59.89265951
realization 131 / 300 ... accepted 131. Emin=-5.24148615, Emax=71.35080358
realization 132 / 300 ... accepted 132. Emin=11.52327556, Emax=68.66898950
realization 133 / 300 ... accepted 133. Emin=9.83644885, Emax=77.93091098
realization 134 / 300 ... accepted 134. Emin=-5.21969174, Emax=56.00813986
realization 135 / 300 ... accepted 135. Emin=10.70764594, Emax=65.83107723
realization 136 / 300 ... accepted 136. Emin=14.27413664, Emax=73.21504714
realization 137 / 300 ... accepted 137. Emin=-18.28189741, Emax=39.80950391
realization 138 / 300 ... accepted 138. Emin=15.73767897, Emax=74.15179152
realization 139 / 300 ... accepted 139. Emin=-0.87703877, Emax=61.55181151
realization 140 / 300 ... accepted 140. Emin=-18.02899372, Emax=53.33235481
realization 141 / 300 ... accepted 141. Emin=11.28805496, Emax=72.61885140
realization 142 / 300 ... accepted 142. Emin=-21.14147665, Emax=49.71882622
realization 143 / 300 ... accepted 143. Emin=3.91225773, Emax=75.28962205
realization 144 / 300 ... accepted 144. Emin=5.51905613, Emax=74.61322556
realization 145 / 300 ... accepted 145. Emin=3.79592860, Emax=58.07015266
realization 146 / 300 ... accepted 146. Emin=16.48525995, Emax=71.88026936
realization 147 / 300 ... accepted 147. Emin=-16.02849364, Emax=43.36500648
realization 148 / 300 ... accepted 148. Emin=-3.38631155, Emax=58.95587611
realization 149 / 300 ... accepted 149. Emin=-15.49374331, Emax=41.28539409
realization 150 / 300 ... accepted 150. Emin=1.44033615, Emax=51.55863833
realization 151 / 300 ... accepted 151. Emin=-6.30405692, Emax=58.44394379
realization 152 / 300 ... accepted 152. Emin=-21.45496603, Emax=39.41454043
realization 153 / 300 ... accepted 153. Emin=-4.64616208, Emax=71.30368835
realization 154 / 300 ... accepted 154. Emin=-10.31866680, Emax=59.86863677
realization 155 / 300 ... accepted 155. Emin=-8.24910823, Emax=56.76700353
realization 156 / 300 ... accepted 156. Emin=-12.15529534, Emax=56.77693200
realization 157 / 300 ... accepted 157. Emin=6.74017054, Emax=66.79431305
realization 158 / 300 ... accepted 158. Emin=-14.36705430, Emax=43.69078483
realization 159 / 300 ... accepted 159. Emin=-0.67896292, Emax=52.95975743
realization 160 / 300 ... accepted 160. Emin=-1.46150712, Emax=66.38382384
realization 161 / 300 ... accepted 161. Emin=-23.52573875, Emax=34.74917629
realization 162 / 300 ... accepted 162. Emin=-14.80549895, Emax=39.44456510
realization 163 / 300 ... accepted 163. Emin=-20.31936467, Emax=36.38134642
realization 164 / 300 ... accepted 164. Emin=5.30150016, Emax=80.85744893
realization 165 / 300 ... accepted 165. Emin=-11.01435955, Emax=52.56446170
realization 166 / 300 ... accepted 166. Emin=4.08168085, Emax=61.61546950
realization 167 / 300 ... accepted 167. Emin=-11.25614835, Emax=56.35328725
realization 168 / 300 ... accepted 168. Emin=-17.92817028, Emax=35.03780413
realization 169 / 300 ... accepted 169. Emin=2.62255609, Emax=65.49909065
realization 170 / 300 ... accepted 170. Emin=-10.66943013, Emax=58.64070571
realization 171 / 300 ... accepted 171. Emin=-9.10845913, Emax=53.35982515
realization 172 / 300 ... accepted 172. Emin=-2.11097934, Emax=51.58545436
realization 173 / 300 ... accepted 173. Emin=-6.97675644, Emax=58.01462751
realization 174 / 300 ... accepted 174. Emin=0.34548264, Emax=63.95864487
realization 175 / 300 ... accepted 175. Emin=-2.60140515, Emax=60.12749824
realization 176 / 300 ... accepted 176. Emin=-16.43157165, Emax=44.36042163
realization 177 / 300 ... accepted 177. Emin=-2.84481409, Emax=62.47498225
realization 178 / 300 ... accepted 178. Emin=1.47941734, Emax=79.18513775
realization 179 / 300 ... accepted 179. Emin=-10.63072604, Emax=61.29660237
realization 180 / 300 ... accepted 180. Emin=-14.36932130, Emax=48.46445128
realization 181 / 300 ... accepted 181. Emin=8.98842632, Emax=69.43186151
realization 182 / 300 ... accepted 182. Emin=-18.55727561, Emax=29.09297551
realization 183 / 300 ... accepted 183. Emin=7.51057506, Emax=72.34834627
realization 184 / 300 ... accepted 184. Emin=-5.08595683, Emax=67.88334940
realization 185 / 300 ... accepted 185. Emin=4.34198947, Emax=54.25730720
realization 186 / 300 ... accepted 186. Emin=3.47653983, Emax=74.88225849
realization 187 / 300 ... accepted 187. Emin=-11.68087487, Emax=47.93183700
realization 188 / 300 ... accepted 188. Emin=-11.48351534, Emax=59.38038927
realization 189 / 300 ... accepted 189. Emin=-1.71740947, Emax=63.32897709
realization 190 / 300 ... accepted 190. Emin=-12.34079337, Emax=42.56012761
realization 191 / 300 ... accepted 191. Emin=-22.65738512, Emax=37.14363957
realization 192 / 300 ... accepted 192. Emin=2.89172160, Emax=60.29303270
realization 193 / 300 ... accepted 193. Emin=2.59473389, Emax=73.33939311
realization 194 / 300 ... accepted 194. Emin=1.09139496, Emax=50.24124476
realization 195 / 300 ... accepted 195. Emin=-29.34838373, Emax=20.19218343
realization 196 / 300 ... accepted 196. Emin=-8.70977707, Emax=58.12754961
realization 197 / 300 ... accepted 197. Emin=3.36594326, Emax=57.04023788
realization 198 / 300 ... accepted 198. Emin=-18.71810708, Emax=57.84696210
realization 199 / 300 ... accepted 199. Emin=-17.99014567, Emax=39.09521309
realization 200 / 300 ... accepted 200. Emin=23.83171411, Emax=75.20224807
realization 201 / 300 ... accepted 201. Emin=-21.61496875, Emax=30.66283222
realization 202 / 300 ... accepted 202. Emin=-9.62390568, Emax=52.87519678
realization 203 / 300 ... accepted 203. Emin=9.46379840, Emax=66.10929492
realization 204 / 300 ... accepted 204. Emin=-9.81276640, Emax=44.67926792
realization 205 / 300 ... accepted 205. Emin=-6.55657796, Emax=57.00725900
realization 206 / 300 ... accepted 206. Emin=-7.48567827, Emax=52.68103089
realization 207 / 300 ... accepted 207. Emin=-9.05401284, Emax=39.88289995
realization 208 / 300 ... accepted 208. Emin=-12.36781049, Emax=42.64494736
realization 209 / 300 ... accepted 209. Emin=15.34140257, Emax=66.17993499
realization 210 / 300 ... accepted 210. Emin=-14.29428954, Emax=35.92359043
realization 211 / 300 ... accepted 211. Emin=-7.10933078, Emax=60.53228956
realization 212 / 300 ... accepted 212. Emin=2.86505785, Emax=67.74273528
realization 213 / 300 ... accepted 213. Emin=-3.25266964, Emax=53.66697081
realization 214 / 300 ... accepted 214. Emin=-20.76543011, Emax=42.30837860
realization 215 / 300 ... accepted 215. Emin=14.79989884, Emax=76.40650958
realization 216 / 300 ... accepted 216. Emin=-1.30136946, Emax=54.78002038
realization 217 / 300 ... accepted 217. Emin=-22.34634530, Emax=47.32844873
realization 218 / 300 ... accepted 218. Emin=11.84216590, Emax=75.55105304
realization 219 / 300 ... accepted 219. Emin=13.07482365, Emax=66.29925816
realization 220 / 300 ... accepted 220. Emin=-8.49394000, Emax=53.62953407
realization 221 / 300 ... accepted 221. Emin=3.03041840, Emax=55.24465698
realization 222 / 300 ... accepted 222. Emin=-13.72297165, Emax=53.34769968
realization 223 / 300 ... accepted 223. Emin=-9.90796530, Emax=58.83547495
realization 224 / 300 ... accepted 224. Emin=-2.94875901, Emax=65.65638361
realization 225 / 300 ... accepted 225. Emin=-20.82977256, Emax=33.00418724
realization 226 / 300 ... accepted 226. Emin=-1.72181098, Emax=67.09241518
realization 227 / 300 ... accepted 227. Emin=23.51623687, Emax=76.04978982
realization 228 / 300 ... accepted 228. Emin=-28.23832718, Emax=26.35380802
realization 229 / 300 ... accepted 229. Emin=-10.25623642, Emax=65.60060193
realization 230 / 300 ... accepted 230. Emin=8.60102173, Emax=58.99778652
realization 231 / 300 ... accepted 231. Emin=-9.21188769, Emax=64.58595827
realization 232 / 300 ... accepted 232. Emin=-18.48551985, Emax=43.38748102
realization 233 / 300 ... accepted 233. Emin=9.91346454, Emax=66.39929142
realization 234 / 300 ... accepted 234. Emin=-5.26659287, Emax=67.47136192
realization 235 / 300 ... accepted 235. Emin=-4.71939432, Emax=51.89307630
realization 236 / 300 ... accepted 236. Emin=-1.88342877, Emax=52.82551464
realization 237 / 300 ... accepted 237. Emin=1.64047225, Emax=64.00669299
realization 238 / 300 ... accepted 238. Emin=-15.64803827, Emax=46.62029981
realization 239 / 300 ... accepted 239. Emin=15.78203006, Emax=68.61673343
realization 240 / 300 ... accepted 240. Emin=-25.29540994, Emax=35.36742398
realization 241 / 300 ... accepted 241. Emin=-9.71433798, Emax=47.01438209
realization 242 / 300 ... accepted 242. Emin=4.31204840, Emax=66.57173009
realization 243 / 300 ... accepted 243. Emin=-16.76010057, Emax=44.54456628
realization 244 / 300 ... accepted 244. Emin=-2.06559142, Emax=55.62511624
realization 245 / 300 ... accepted 245. Emin=-0.64469315, Emax=62.88307293
realization 246 / 300 ... accepted 246. Emin=-21.07296491, Emax=35.20225743
realization 247 / 300 ... accepted 247. Emin=8.72029273, Emax=68.88882973
realization 248 / 300 ... accepted 248. Emin=-25.17579462, Emax=28.06082304
realization 249 / 300 ... accepted 249. Emin=-26.95311979, Emax=32.17398878
realization 250 / 300 ... accepted 250. Emin=0.40134062, Emax=75.87815784
realization 251 / 300 ... accepted 251. Emin=-16.67765307, Emax=37.07258245
realization 252 / 300 ... accepted 252. Emin=-12.06031645, Emax=56.56646279
realization 253 / 300 ... accepted 253. Emin=-4.37810111, Emax=65.21917748
realization 254 / 300 ... accepted 254. Emin=-7.20267474, Emax=50.81461006
realization 255 / 300 ... accepted 255. Emin=-7.77648340, Emax=61.18438641
realization 256 / 300 ... accepted 256. Emin=-17.44993938, Emax=46.71750150
realization 257 / 300 ... accepted 257. Emin=-2.05124794, Emax=59.57485650
realization 258 / 300 ... accepted 258. Emin=-7.82760383, Emax=57.84953429
realization 259 / 300 ... accepted 259. Emin=-16.91408083, Emax=45.24735282
realization 260 / 300 ... accepted 260. Emin=-14.80013238, Emax=64.74424769
realization 261 / 300 ... accepted 261. Emin=9.08303797, Emax=65.73384354
realization 262 / 300 ... accepted 262. Emin=-1.02312245, Emax=64.14772338
realization 263 / 300 ... accepted 263. Emin=1.25031905, Emax=63.23055501
realization 264 / 300 ... accepted 264. Emin=-3.62924455, Emax=41.51155785
realization 265 / 300 ... accepted 265. Emin=27.88318400, Emax=79.14946712
realization 266 / 300 ... accepted 266. Emin=-22.82390819, Emax=27.36123920
realization 267 / 300 ... accepted 267. Emin=28.11084376, Emax=80.05787266
realization 268 / 300 ... accepted 268. Emin=-6.71827346, Emax=61.03222021
realization 269 / 300 ... accepted 269. Emin=-0.87551980, Emax=53.15002020
realization 270 / 300 ... accepted 270. Emin=-14.52062235, Emax=36.88931038
realization 271 / 300 ... accepted 271. Emin=6.55187818, Emax=59.46191437
realization 272 / 300 ... accepted 272. Emin=-1.12288594, Emax=56.30292350
realization 273 / 300 ... accepted 273. Emin=-5.40082704, Emax=50.60016129
realization 274 / 300 ... accepted 274. Emin=-13.84364618, Emax=48.45870858
realization 275 / 300 ... accepted 275. Emin=0.36796239, Emax=61.84859569
realization 276 / 300 ... accepted 276. Emin=-3.49046937, Emax=57.53977168
realization 277 / 300 ... accepted 277. Emin=-23.39240644, Emax=42.44870990
realization 278 / 300 ... accepted 278. Emin=9.12890574, Emax=73.16401747
realization 279 / 300 ... accepted 279. Emin=-6.77365847, Emax=56.64691540
realization 280 / 300 ... accepted 280. Emin=7.51998007, Emax=64.07454096
realization 281 / 300 ... accepted 281. Emin=-21.36647050, Emax=42.15000295
realization 282 / 300 ... accepted 282. Emin=14.95828995, Emax=69.12215322
realization 283 / 300 ... accepted 283. Emin=-23.18413180, Emax=33.84896954
realization 284 / 300 ... accepted 284. Emin=-12.30092099, Emax=44.06310342
realization 285 / 300 ... accepted 285. Emin=5.06829733, Emax=64.08861782
realization 286 / 300 ... accepted 286. Emin=-5.15275573, Emax=55.84154974
realization 287 / 300 ... accepted 287. Emin=-22.01404336, Emax=32.73605717
realization 288 / 300 ... accepted 288. Emin=-1.29784480, Emax=59.92190344
realization 289 / 300 ... accepted 289. Emin=-14.95166911, Emax=42.18088109
realization 290 / 300 ... accepted 290. Emin=-17.49584047, Emax=56.46348353
realization 291 / 300 ... accepted 291. Emin=-0.76267314, Emax=50.58790156
realization 292 / 300 ... accepted 292. Emin=5.24136707, Emax=71.15215344
realization 293 / 300 ... accepted 293. Emin=-19.69568818, Emax=44.90049350
realization 294 / 300 ... accepted 294. Emin=0.22626376, Emax=55.85021509
realization 295 / 300 ... accepted 295. Emin=-20.21686610, Emax=49.19361801
realization 296 / 300 ... accepted 296. Emin=-8.78750652, Emax=53.70628748
realization 297 / 300 ... accepted 297. Emin=-1.36738204, Emax=61.21542553
realization 298 / 300 ... accepted 298. Emin=15.25979008, Emax=71.11017980
realization 299 / 300 ... accepted 299. Emin=-1.03598691, Emax=63.49568521
realization 300 / 300 ... accepted 300. Emin=-14.05087220, Emax=62.28194953
Saved final energies: /home/2/kj405942/POLFED_bosons/pbs_bose_legacy_nmax2_periodic/data/U_6/W_8/L_6/N_6_nmax_2/boundary_periodic/energies_full_U6_L6_N6_nmax2_W8_boundaryperiodic_nreal300.txt
Accepted realizations: 300 / 300
Skipped realizations: 0
Job finished at Sun May 31 18:05:26 UTC 2026
