Job started on w23 at Sun May 31 17:59:35 UTC 2026
PBS_JOBID=7731380.kruk-host.ift-klaster.lan
PBS_O_WORKDIR=/home/2/kj405942/POLFED_bosons
Bose-Hubbard: L=6, N=6, nmax=2, dim=141
t=1, U=6, W=11, nreal=300, boundary=periodic, mode=full
Writing partial results to /home/2/kj405942/POLFED_bosons/pbs_bose_legacy_nmax2_periodic/data/U_6/W_11/L_6/N_6_nmax_2/boundary_periodic/energies_full_U6_L6_N6_nmax2_W11_boundaryperiodic_nreal300_partial.txt
realization 1 / 300 ... accepted 1. Emin=10.83849862, Emax=75.12321258
realization 2 / 300 ... accepted 2. Emin=-0.00522792, Emax=75.78977233
realization 3 / 300 ... accepted 3. Emin=-44.47339080, Emax=21.45277899
realization 4 / 300 ... accepted 4. Emin=-27.11702351, Emax=48.54705986
realization 5 / 300 ... accepted 5. Emin=24.66894127, Emax=84.83141252
realization 6 / 300 ... accepted 6. Emin=-37.59208197, Emax=17.49219691
realization 7 / 300 ... accepted 7. Emin=9.31840758, Emax=71.84586766
realization 8 / 300 ... accepted 8. Emin=-14.66484987, Emax=62.49132733
realization 9 / 300 ... accepted 9. Emin=-11.78716988, Emax=62.91874946
realization 10 / 300 ... accepted 10. Emin=-14.18459096, Emax=93.45465193
realization 11 / 300 ... accepted 11. Emin=-15.96147969, Emax=59.63993271
realization 12 / 300 ... accepted 12. Emin=-22.30159212, Emax=55.24049904
realization 13 / 300 ... accepted 13. Emin=9.31911569, Emax=74.80558838
realization 14 / 300 ... accepted 14. Emin=8.57634497, Emax=60.11697483
realization 15 / 300 ... accepted 15. Emin=-4.77919951, Emax=90.97605529
realization 16 / 300 ... accepted 16. Emin=-15.84075254, Emax=69.77585977
realization 17 / 300 ... accepted 17. Emin=-23.84713053, Emax=33.40540149
realization 18 / 300 ... accepted 18. Emin=-0.00810921, Emax=80.40198676
realization 19 / 300 ... accepted 19. Emin=-15.63933658, Emax=43.22203207
realization 20 / 300 ... accepted 20. Emin=32.49208633, Emax=88.48692062
realization 21 / 300 ... accepted 21. Emin=-19.90367912, Emax=62.18620428
realization 22 / 300 ... accepted 22. Emin=-33.73642355, Emax=54.51982049
realization 23 / 300 ... accepted 23. Emin=-4.46447550, Emax=68.13954815
realization 24 / 300 ... accepted 24. Emin=-5.29081952, Emax=71.28891950
realization 25 / 300 ... accepted 25. Emin=19.35984673, Emax=90.11668425
realization 26 / 300 ... accepted 26. Emin=-18.58076303, Emax=65.26190215
realization 27 / 300 ... accepted 27. Emin=18.15796038, Emax=92.45599840
realization 28 / 300 ... accepted 28. Emin=-31.50838579, Emax=44.82453256
realization 29 / 300 ... accepted 29. Emin=-11.30735417, Emax=68.26175643
realization 30 / 300 ... accepted 30. Emin=-14.88590192, Emax=43.54704177
realization 31 / 300 ... accepted 31. Emin=-18.43365714, Emax=55.94153495
realization 32 / 300 ... accepted 32. Emin=30.14792999, Emax=75.25781741
realization 33 / 300 ... accepted 33. Emin=7.99075086, Emax=71.59464600
realization 34 / 300 ... accepted 34. Emin=-6.99804197, Emax=65.40846881
realization 35 / 300 ... accepted 35. Emin=-5.03201050, Emax=61.70774394
realization 36 / 300 ... accepted 36. Emin=17.07099087, Emax=92.67019170
realization 37 / 300 ... accepted 37. Emin=0.30484678, Emax=68.65040944
realization 38 / 300 ... accepted 38. Emin=-1.20022615, Emax=58.26519730
realization 39 / 300 ... accepted 39. Emin=6.42028298, Emax=69.91899280
realization 40 / 300 ... accepted 40. Emin=-29.72252001, Emax=54.97935460
realization 41 / 300 ... accepted 41. Emin=-17.79100283, Emax=44.33358163
realization 42 / 300 ... accepted 42. Emin=3.18619277, Emax=72.12148714
realization 43 / 300 ... accepted 43. Emin=-19.09859042, Emax=33.59061018
realization 44 / 300 ... accepted 44. Emin=1.49689503, Emax=46.67039815
realization 45 / 300 ... accepted 45. Emin=-12.06085100, Emax=60.44783314
realization 46 / 300 ... accepted 46. Emin=5.10344456, Emax=85.53240308
realization 47 / 300 ... accepted 47. Emin=15.86848180, Emax=69.26561632
realization 48 / 300 ... accepted 48. Emin=0.67988773, Emax=85.27803457
realization 49 / 300 ... accepted 49. Emin=-1.79432180, Emax=87.98444659
realization 50 / 300 ... accepted 50. Emin=5.81617699, Emax=81.83714034
realization 51 / 300 ... accepted 51. Emin=-27.64680184, Emax=45.15482133
realization 52 / 300 ... accepted 52. Emin=-23.09468026, Emax=43.06167802
realization 53 / 300 ... accepted 53. Emin=-26.11675621, Emax=41.64619159
realization 54 / 300 ... accepted 54. Emin=33.54546142, Emax=97.79028142
realization 55 / 300 ... accepted 55. Emin=-9.51789165, Emax=72.43427427
realization 56 / 300 ... accepted 56. Emin=20.15727122, Emax=87.14698155
realization 57 / 300 ... accepted 57. Emin=8.70436488, Emax=72.81817589
realization 58 / 300 ... accepted 58. Emin=15.22621287, Emax=73.55752253
realization 59 / 300 ... accepted 59. Emin=24.38637040, Emax=89.53044014
realization 60 / 300 ... accepted 60. Emin=-9.31054622, Emax=62.79510372
realization 61 / 300 ... accepted 61. Emin=-14.32163366, Emax=58.29719993
realization 62 / 300 ... accepted 62. Emin=15.14312350, Emax=81.79910696
realization 63 / 300 ... accepted 63. Emin=-7.95392933, Emax=69.15981427
realization 64 / 300 ... accepted 64. Emin=-12.30549367, Emax=63.89722245
realization 65 / 300 ... accepted 65. Emin=-2.43851452, Emax=65.09200669
realization 66 / 300 ... accepted 66. Emin=-4.07453949, Emax=55.09101284
realization 67 / 300 ... accepted 67. Emin=-19.89256115, Emax=48.01322252
realization 68 / 300 ... accepted 68. Emin=-36.57011475, Emax=22.36136691
realization 69 / 300 ... accepted 69. Emin=-1.64171837, Emax=89.97732333
realization 70 / 300 ... accepted 70. Emin=-21.02259304, Emax=53.65068803
realization 71 / 300 ... accepted 71. Emin=9.40994675, Emax=81.24289576
realization 72 / 300 ... accepted 72. Emin=-24.34103344, Emax=64.96458047
realization 73 / 300 ... accepted 73. Emin=4.67781224, Emax=79.74889757
realization 74 / 300 ... accepted 74. Emin=-22.98679675, Emax=34.34899152
realization 75 / 300 ... accepted 75. Emin=15.52086161, Emax=89.17745147
realization 76 / 300 ... accepted 76. Emin=-35.93183046, Emax=35.28306955
realization 77 / 300 ... accepted 77. Emin=-15.49975111, Emax=66.26422286
realization 78 / 300 ... accepted 78. Emin=-53.43374496, Emax=15.51628761
realization 79 / 300 ... accepted 79. Emin=10.11948561, Emax=84.69194502
realization 80 / 300 ... accepted 80. Emin=-21.51255555, Emax=46.16028527
realization 81 / 300 ... accepted 81. Emin=-24.42699649, Emax=65.27485174
realization 82 / 300 ... accepted 82. Emin=-2.31497343, Emax=73.35792071
realization 83 / 300 ... accepted 83. Emin=19.39423515, Emax=92.70770104
realization 84 / 300 ... accepted 84. Emin=-33.09761713, Emax=33.83111710
realization 85 / 300 ... accepted 85. Emin=-26.64147893, Emax=38.81689065
realization 86 / 300 ... accepted 86. Emin=-20.34962772, Emax=36.50562686
realization 87 / 300 ... accepted 87. Emin=12.99107289, Emax=80.90589554
realization 88 / 300 ... accepted 88. Emin=-32.11581444, Emax=58.79123567
realization 89 / 300 ... accepted 89. Emin=-8.19489449, Emax=49.28089210
realization 90 / 300 ... accepted 90. Emin=-19.07442668, Emax=62.20458661
realization 91 / 300 ... accepted 91. Emin=2.76247286, Emax=66.50186679
realization 92 / 300 ... accepted 92. Emin=2.15793739, Emax=57.62128728
realization 93 / 300 ... accepted 93. Emin=-13.49056068, Emax=46.00707874
realization 94 / 300 ... accepted 94. Emin=-23.64639298, Emax=51.00541381
realization 95 / 300 ... accepted 95. Emin=19.50685160, Emax=84.16965206
realization 96 / 300 ... accepted 96. Emin=9.85437979, Emax=66.58777743
realization 97 / 300 ... accepted 97. Emin=14.46282585, Emax=89.30066387
realization 98 / 300 ... accepted 98. Emin=-21.55742511, Emax=61.63139443
realization 99 / 300 ... accepted 99. Emin=0.69098032, Emax=78.49734179
realization 100 / 300 ... accepted 100. Emin=-23.25219854, Emax=61.62252851
realization 101 / 300 ... accepted 101. Emin=-14.99216040, Emax=65.96918970
realization 102 / 300 ... accepted 102. Emin=-16.11081984, Emax=52.39116053
realization 103 / 300 ... accepted 103. Emin=24.81173560, Emax=95.13838108
realization 104 / 300 ... accepted 104. Emin=-10.19862922, Emax=84.42811431
realization 105 / 300 ... accepted 105. Emin=-31.86193963, Emax=17.77225628
realization 106 / 300 ... accepted 106. Emin=11.75462351, Emax=72.13290104
realization 107 / 300 ... accepted 107. Emin=-24.26315814, Emax=62.08426937
realization 108 / 300 ... accepted 108. Emin=-39.89977003, Emax=25.06600397
realization 109 / 300 ... accepted 109. Emin=7.05729605, Emax=80.72624873
realization 110 / 300 ... accepted 110. Emin=-21.93112235, Emax=42.35983699
realization 111 / 300 ... accepted 111. Emin=-13.57624228, Emax=70.12860196
realization 112 / 300 ... accepted 112. Emin=-31.07816195, Emax=53.53866980
realization 113 / 300 ... accepted 113. Emin=-15.64108545, Emax=53.80956307
realization 114 / 300 ... accepted 114. Emin=-29.76232399, Emax=44.16414076
realization 115 / 300 ... accepted 115. Emin=-12.23449238, Emax=58.06677853
realization 116 / 300 ... accepted 116. Emin=-15.80181607, Emax=44.88682706
realization 117 / 300 ... accepted 117. Emin=-9.95989362, Emax=78.59536345
realization 118 / 300 ... accepted 118. Emin=-1.27852214, Emax=85.45526451
realization 119 / 300 ... accepted 119. Emin=15.09890961, Emax=71.75068557
realization 120 / 300 ... accepted 120. Emin=-14.96417246, Emax=62.62648914
realization 121 / 300 ... accepted 121. Emin=-2.60645797, Emax=61.56502039
realization 122 / 300 ... accepted 122. Emin=-4.64622246, Emax=67.43016501
realization 123 / 300 ... accepted 123. Emin=-20.14142415, Emax=55.85805927
realization 124 / 300 ... accepted 124. Emin=-48.51046077, Emax=21.73175264
realization 125 / 300 ... accepted 125. Emin=-23.81082527, Emax=37.70835734
realization 126 / 300 ... accepted 126. Emin=-36.55532487, Emax=43.56980123
realization 127 / 300 ... accepted 127. Emin=-12.78478422, Emax=80.86873595
realization 128 / 300 ... accepted 128. Emin=3.00324074, Emax=66.34210412
realization 129 / 300 ... accepted 129. Emin=-1.08748694, Emax=81.98986038
realization 130 / 300 ... accepted 130. Emin=-11.79756915, Emax=51.06690540
realization 131 / 300 ... accepted 131. Emin=-27.99850910, Emax=41.65195816
realization 132 / 300 ... accepted 132. Emin=-11.20550742, Emax=75.49875435
realization 133 / 300 ... accepted 133. Emin=7.67169036, Emax=87.60186233
realization 134 / 300 ... accepted 134. Emin=6.78338881, Emax=79.24939202
realization 135 / 300 ... accepted 135. Emin=17.53922800, Emax=80.72554387
realization 136 / 300 ... accepted 136. Emin=-8.49225280, Emax=63.11984941
realization 137 / 300 ... accepted 137. Emin=-17.45957103, Emax=46.57478037
realization 138 / 300 ... accepted 138. Emin=3.01365899, Emax=66.48388475
realization 139 / 300 ... accepted 139. Emin=3.14171150, Emax=62.82647960
realization 140 / 300 ... accepted 140. Emin=-4.45797356, Emax=65.32945666
realization 141 / 300 ... accepted 141. Emin=-38.94960172, Emax=30.32720943
realization 142 / 300 ... accepted 142. Emin=-4.58453748, Emax=78.79935960
realization 143 / 300 ... accepted 143. Emin=-23.39051875, Emax=55.83361649
realization 144 / 300 ... accepted 144. Emin=-15.31737950, Emax=74.64184162
realization 145 / 300 ... accepted 145. Emin=16.06613007, Emax=78.88673740
realization 146 / 300 ... accepted 146. Emin=-25.75522056, Emax=43.96279591
realization 147 / 300 ... accepted 147. Emin=-33.96016024, Emax=46.12290894
realization 148 / 300 ... accepted 148. Emin=14.21369400, Emax=86.25815718
realization 149 / 300 ... accepted 149. Emin=1.28659585, Emax=73.45028947
realization 150 / 300 ... accepted 150. Emin=-22.19584250, Emax=43.76681382
realization 151 / 300 ... accepted 151. Emin=14.90373136, Emax=68.79982358
realization 152 / 300 ... accepted 152. Emin=10.79356323, Emax=70.52497245
realization 153 / 300 ... accepted 153. Emin=-7.49770753, Emax=65.79293873
realization 154 / 300 ... accepted 154. Emin=-27.41877039, Emax=37.31724361
realization 155 / 300 ... accepted 155. Emin=-20.91211053, Emax=55.50485498
realization 156 / 300 ... accepted 156. Emin=-26.50310279, Emax=67.62020832
realization 157 / 300 ... accepted 157. Emin=-12.71752249, Emax=47.76638045
realization 158 / 300 ... accepted 158. Emin=-26.65298528, Emax=38.81902349
realization 159 / 300 ... accepted 159. Emin=8.64160478, Emax=81.89704999
realization 160 / 300 ... accepted 160. Emin=-41.62486830, Emax=36.85339734
realization 161 / 300 ... accepted 161. Emin=9.42187829, Emax=77.65729166
realization 162 / 300 ... accepted 162. Emin=-9.63521391, Emax=44.25846412
realization 163 / 300 ... accepted 163. Emin=-5.45339319, Emax=60.30569456
realization 164 / 300 ... accepted 164. Emin=-2.72296392, Emax=82.69733250
realization 165 / 300 ... accepted 165. Emin=-0.44341222, Emax=74.46606225
realization 166 / 300 ... accepted 166. Emin=0.58595759, Emax=64.02661002
realization 167 / 300 ... accepted 167. Emin=11.84295440, Emax=77.55118067
realization 168 / 300 ... accepted 168. Emin=-1.21991947, Emax=76.24220875
realization 169 / 300 ... accepted 169. Emin=-15.11584563, Emax=62.87206449
realization 170 / 300 ... accepted 170. Emin=-23.22418025, Emax=43.32889140
realization 171 / 300 ... accepted 171. Emin=-23.09379606, Emax=48.63069418
realization 172 / 300 ... accepted 172. Emin=-6.65905008, Emax=87.10256540
realization 173 / 300 ... accepted 173. Emin=-24.20497436, Emax=56.07323490
realization 174 / 300 ... accepted 174. Emin=-9.31777345, Emax=62.14735866
realization 175 / 300 ... accepted 175. Emin=17.78340859, Emax=82.05909318
realization 176 / 300 ... accepted 176. Emin=-6.19372123, Emax=55.12070505
realization 177 / 300 ... accepted 177. Emin=-18.03928549, Emax=57.75946295
realization 178 / 300 ... accepted 178. Emin=9.78888068, Emax=80.55670234
realization 179 / 300 ... accepted 179. Emin=-14.19199036, Emax=44.77874525
realization 180 / 300 ... accepted 180. Emin=25.56872817, Emax=87.24654130
realization 181 / 300 ... accepted 181. Emin=2.34334727, Emax=54.52188491
realization 182 / 300 ... accepted 182. Emin=-28.84652014, Emax=39.59808715
realization 183 / 300 ... accepted 183. Emin=-4.50360926, Emax=75.24062900
realization 184 / 300 ... accepted 184. Emin=26.50699862, Emax=86.74820009
realization 185 / 300 ... accepted 185. Emin=2.59869310, Emax=65.54155817
realization 186 / 300 ... accepted 186. Emin=-4.70083763, Emax=63.17073328
realization 187 / 300 ... accepted 187. Emin=-26.00243859, Emax=68.60513563
realization 188 / 300 ... accepted 188. Emin=-4.23254045, Emax=63.26169311
realization 189 / 300 ... accepted 189. Emin=-17.64192665, Emax=66.23418469
realization 190 / 300 ... accepted 190. Emin=36.41305448, Emax=93.55687205
realization 191 / 300 ... accepted 191. Emin=-23.45000167, Emax=44.99811247
realization 192 / 300 ... accepted 192. Emin=-11.39456433, Emax=57.09027773
realization 193 / 300 ... accepted 193. Emin=-42.97580383, Emax=9.88023539
realization 194 / 300 ... accepted 194. Emin=-32.71314986, Emax=55.97337394
realization 195 / 300 ... accepted 195. Emin=-7.87116545, Emax=63.21394127
realization 196 / 300 ... accepted 196. Emin=1.74882524, Emax=71.28091832
realization 197 / 300 ... accepted 197. Emin=-5.91738678, Emax=78.53469908
realization 198 / 300 ... accepted 198. Emin=-4.27501945, Emax=73.67188527
realization 199 / 300 ... accepted 199. Emin=-0.45553910, Emax=73.92589080
realization 200 / 300 ... accepted 200. Emin=-40.94390947, Emax=19.59595499
realization 201 / 300 ... accepted 201. Emin=-1.83810986, Emax=65.14581770
realization 202 / 300 ... accepted 202. Emin=7.58848908, Emax=73.03607078
realization 203 / 300 ... accepted 203. Emin=-31.40714718, Emax=35.01750238
realization 204 / 300 ... accepted 204. Emin=4.54067518, Emax=77.51849304
realization 205 / 300 ... accepted 205. Emin=12.04390635, Emax=88.38949064
realization 206 / 300 ... accepted 206. Emin=-38.24635111, Emax=16.54949820
realization 207 / 300 ... accepted 207. Emin=-17.27215593, Emax=42.96100180
realization 208 / 300 ... accepted 208. Emin=-13.32854819, Emax=64.59818785
realization 209 / 300 ... accepted 209. Emin=-8.64163742, Emax=67.05559481
realization 210 / 300 ... accepted 210. Emin=-2.34321190, Emax=70.64603811
realization 211 / 300 ... accepted 211. Emin=-22.41636845, Emax=53.29692603
realization 212 / 300 ... accepted 212. Emin=-4.47066703, Emax=75.18841756
realization 213 / 300 ... accepted 213. Emin=-19.85596363, Emax=87.08376177
realization 214 / 300 ... accepted 214. Emin=-20.05824831, Emax=65.69436831
realization 215 / 300 ... accepted 215. Emin=-28.03527503, Emax=39.10883343
realization 216 / 300 ... accepted 216. Emin=-8.81719055, Emax=74.91707664
realization 217 / 300 ... accepted 217. Emin=-8.49526203, Emax=63.37933558
realization 218 / 300 ... accepted 218. Emin=-8.51530120, Emax=55.37675955
realization 219 / 300 ... accepted 219. Emin=-11.34663320, Emax=62.75988328
realization 220 / 300 ... accepted 220. Emin=-16.27776277, Emax=68.26228148
realization 221 / 300 ... accepted 221. Emin=-12.15707843, Emax=87.89461763
realization 222 / 300 ... accepted 222. Emin=10.44742036, Emax=79.17691125
realization 223 / 300 ... accepted 223. Emin=-33.19918469, Emax=42.26704950
realization 224 / 300 ... accepted 224. Emin=-12.95136824, Emax=73.06403089
realization 225 / 300 ... accepted 225. Emin=-10.71104681, Emax=67.67429504
realization 226 / 300 ... accepted 226. Emin=-1.06609960, Emax=68.46458511
realization 227 / 300 ... accepted 227. Emin=-21.52167446, Emax=84.87220661
realization 228 / 300 ... accepted 228. Emin=-3.96244851, Emax=58.83379360
realization 229 / 300 ... accepted 229. Emin=-14.62180695, Emax=55.99327944
realization 230 / 300 ... accepted 230. Emin=-4.47964542, Emax=72.61120551
realization 231 / 300 ... accepted 231. Emin=-10.15706722, Emax=74.19247477
realization 232 / 300 ... accepted 232. Emin=3.35240860, Emax=77.29034658
realization 233 / 300 ... accepted 233. Emin=-0.19987802, Emax=91.99030520
realization 234 / 300 ... accepted 234. Emin=-16.81676103, Emax=74.66498330
realization 235 / 300 ... accepted 235. Emin=8.76115162, Emax=56.29446805
realization 236 / 300 ... accepted 236. Emin=7.12678420, Emax=82.99048983
realization 237 / 300 ... accepted 237. Emin=-22.85119643, Emax=72.38314202
realization 238 / 300 ... accepted 238. Emin=-25.31142608, Emax=50.56589748
realization 239 / 300 ... accepted 239. Emin=-1.94686938, Emax=66.75028887
realization 240 / 300 ... accepted 240. Emin=4.96709593, Emax=92.84851624
realization 241 / 300 ... accepted 241. Emin=-33.32864623, Emax=26.30846755
realization 242 / 300 ... accepted 242. Emin=9.27510881, Emax=81.44154305
realization 243 / 300 ... accepted 243. Emin=21.82966769, Emax=78.75043722
realization 244 / 300 ... accepted 244. Emin=-9.73867384, Emax=79.26448144
realization 245 / 300 ... accepted 245. Emin=-26.59094230, Emax=42.62780387
realization 246 / 300 ... accepted 246. Emin=-14.35161365, Emax=42.48148903
realization 247 / 300 ... accepted 247. Emin=4.43061525, Emax=78.01537758
realization 248 / 300 ... accepted 248. Emin=-14.10604332, Emax=50.67862426
realization 249 / 300 ... accepted 249. Emin=-4.55605337, Emax=74.41876846
realization 250 / 300 ... accepted 250. Emin=-11.06542768, Emax=53.71795533
realization 251 / 300 ... accepted 251. Emin=10.69990330, Emax=82.91726175
realization 252 / 300 ... accepted 252. Emin=-31.95408539, Emax=45.09012980
realization 253 / 300 ... accepted 253. Emin=-14.48968976, Emax=68.90801923
realization 254 / 300 ... accepted 254. Emin=-4.70502035, Emax=83.46253068
realization 255 / 300 ... accepted 255. Emin=-17.39042279, Emax=47.76815619
realization 256 / 300 ... accepted 256. Emin=-6.78959533, Emax=63.69488947
realization 257 / 300 ... accepted 257. Emin=-14.00606365, Emax=55.00779764
realization 258 / 300 ... accepted 258. Emin=-7.07167369, Emax=56.60711317
realization 259 / 300 ... accepted 259. Emin=11.89405470, Emax=79.92648730
realization 260 / 300 ... accepted 260. Emin=-5.72047230, Emax=74.41785358
realization 261 / 300 ... accepted 261. Emin=-8.74943915, Emax=68.19785933
realization 262 / 300 ... accepted 262. Emin=-35.48903948, Emax=36.71649299
realization 263 / 300 ... accepted 263. Emin=-21.00985132, Emax=65.95382287
realization 264 / 300 ... accepted 264. Emin=9.47052476, Emax=73.65835010
realization 265 / 300 ... accepted 265. Emin=-5.73319130, Emax=64.54891668
realization 266 / 300 ... accepted 266. Emin=-19.99164896, Emax=49.88146787
realization 267 / 300 ... accepted 267. Emin=17.34365211, Emax=85.09773955
realization 268 / 300 ... accepted 268. Emin=5.20082256, Emax=84.35108198
realization 269 / 300 ... accepted 269. Emin=-25.85642061, Emax=41.90586241
realization 270 / 300 ... accepted 270. Emin=-28.00843530, Emax=45.61188797
realization 271 / 300 ... accepted 271. Emin=-22.50855695, Emax=43.55129725
realization 272 / 300 ... accepted 272. Emin=-11.70158275, Emax=39.65925328
realization 273 / 300 ... accepted 273. Emin=-1.31843136, Emax=89.83123457
realization 274 / 300 ... accepted 274. Emin=-18.12632563, Emax=61.13352424
realization 275 / 300 ... accepted 275. Emin=-5.28502299, Emax=75.09227965
realization 276 / 300 ... accepted 276. Emin=19.70049935, Emax=77.63928906
realization 277 / 300 ... accepted 277. Emin=-20.30564235, Emax=48.90926735
realization 278 / 300 ... accepted 278. Emin=6.56260310, Emax=85.35424799
realization 279 / 300 ... accepted 279. Emin=0.15968665, Emax=77.67569454
realization 280 / 300 ... accepted 280. Emin=37.41512252, Emax=89.04229580
realization 281 / 300 ... accepted 281. Emin=12.54228109, Emax=81.32331039
realization 282 / 300 ... accepted 282. Emin=42.81069183, Emax=91.25260418
realization 283 / 300 ... accepted 283. Emin=-26.13396618, Emax=45.19507492
realization 284 / 300 ... accepted 284. Emin=-7.40691313, Emax=57.16786939
realization 285 / 300 ... accepted 285. Emin=-1.46609613, Emax=78.22306491
realization 286 / 300 ... accepted 286. Emin=-16.83878698, Emax=40.16978908
realization 287 / 300 ... accepted 287. Emin=3.00229582, Emax=81.53591668
realization 288 / 300 ... accepted 288. Emin=16.97322472, Emax=97.32850217
realization 289 / 300 ... accepted 289. Emin=-4.95662400, Emax=63.20768662
realization 290 / 300 ... accepted 290. Emin=18.69322639, Emax=90.09830273
realization 291 / 300 ... accepted 291. Emin=20.69854840, Emax=81.93105368
realization 292 / 300 ... accepted 292. Emin=6.33082007, Emax=70.51834996
realization 293 / 300 ... accepted 293. Emin=-7.30757807, Emax=65.14188760
realization 294 / 300 ... accepted 294. Emin=-18.37767415, Emax=57.78133279
realization 295 / 300 ... accepted 295. Emin=-22.99599221, Emax=76.42362015
realization 296 / 300 ... accepted 296. Emin=-7.22063671, Emax=57.74374690
realization 297 / 300 ... accepted 297. Emin=23.73965210, Emax=93.04858331
realization 298 / 300 ... accepted 298. Emin=3.36622607, Emax=52.48318866
realization 299 / 300 ... accepted 299. Emin=-25.66645188, Emax=50.10308202
realization 300 / 300 ... accepted 300. Emin=-5.29713103, Emax=87.58701285
Saved final energies: /home/2/kj405942/POLFED_bosons/pbs_bose_legacy_nmax2_periodic/data/U_6/W_11/L_6/N_6_nmax_2/boundary_periodic/energies_full_U6_L6_N6_nmax2_W11_boundaryperiodic_nreal300.txt
Accepted realizations: 300 / 300
Skipped realizations: 0
Job finished at Sun May 31 18:00:47 UTC 2026
