Job started on w28 at Sun May 31 17:06:58 UTC 2026
PBS_JOBID=7731384.kruk-host.ift-klaster.lan
PBS_O_WORKDIR=/home/2/kj405942/POLFED_bosons
Bose-Hubbard: L=6, N=6, nmax=2, dim=141
t=1, U=6, W=15, nreal=300, boundary=periodic, mode=full
Writing partial results to /home/2/kj405942/POLFED_bosons/pbs_bose_legacy_nmax2_periodic/data/U_6/W_15/L_6/N_6_nmax_2/boundary_periodic/energies_full_U6_L6_N6_nmax2_W15_boundaryperiodic_nreal300_partial.txt
realization 1 / 300 ... accepted 1. Emin=-7.17296947, Emax=94.88170110
realization 2 / 300 ... accepted 2. Emin=-35.45265386, Emax=64.31300681
realization 3 / 300 ... accepted 3. Emin=-28.43296405, Emax=90.19275047
realization 4 / 300 ... accepted 4. Emin=21.01915338, Emax=89.32301115
realization 5 / 300 ... accepted 5. Emin=6.68003622, Emax=98.11057348
realization 6 / 300 ... accepted 6. Emin=3.60937090, Emax=102.09331706
realization 7 / 300 ... accepted 7. Emin=0.84932444, Emax=77.48382219
realization 8 / 300 ... accepted 8. Emin=-1.79623399, Emax=104.15782374
realization 9 / 300 ... accepted 9. Emin=-8.81580250, Emax=89.26314258
realization 10 / 300 ... accepted 10. Emin=-31.01768584, Emax=79.89420381
realization 11 / 300 ... accepted 11. Emin=-40.03266180, Emax=42.45908833
realization 12 / 300 ... accepted 12. Emin=-12.26166556, Emax=78.04392966
realization 13 / 300 ... accepted 13. Emin=-27.66633905, Emax=81.05403932
realization 14 / 300 ... accepted 14. Emin=23.27728869, Emax=114.37485185
realization 15 / 300 ... accepted 15. Emin=-18.24957810, Emax=63.99280799
realization 16 / 300 ... accepted 16. Emin=-22.27091554, Emax=59.34895563
realization 17 / 300 ... accepted 17. Emin=-25.25367142, Emax=65.95942436
realization 18 / 300 ... accepted 18. Emin=-13.76752234, Emax=79.25462616
realization 19 / 300 ... accepted 19. Emin=-16.86763654, Emax=83.17635136
realization 20 / 300 ... accepted 20. Emin=-17.85624695, Emax=83.07318364
realization 21 / 300 ... accepted 21. Emin=-56.49434383, Emax=18.38209247
realization 22 / 300 ... accepted 22. Emin=-35.46353745, Emax=58.39708250
realization 23 / 300 ... accepted 23. Emin=27.35527742, Emax=116.14736580
realization 24 / 300 ... accepted 24. Emin=-48.95765575, Emax=58.23709358
realization 25 / 300 ... accepted 25. Emin=1.26877175, Emax=95.33074455
realization 26 / 300 ... accepted 26. Emin=-4.39421227, Emax=77.60977578
realization 27 / 300 ... accepted 27. Emin=-1.79687570, Emax=88.17794858
realization 28 / 300 ... accepted 28. Emin=15.01084303, Emax=96.83810506
realization 29 / 300 ... accepted 29. Emin=-32.10425713, Emax=88.04063883
realization 30 / 300 ... accepted 30. Emin=-25.59729064, Emax=40.82842149
realization 31 / 300 ... accepted 31. Emin=-5.32763996, Emax=69.79000661
realization 32 / 300 ... accepted 32. Emin=-29.65393753, Emax=72.17691463
realization 33 / 300 ... accepted 33. Emin=-0.68502713, Emax=97.19849251
realization 34 / 300 ... accepted 34. Emin=-17.91676085, Emax=76.55779348
realization 35 / 300 ... accepted 35. Emin=-20.66843280, Emax=78.36239369
realization 36 / 300 ... accepted 36. Emin=55.20625053, Emax=116.61020718
realization 37 / 300 ... accepted 37. Emin=-56.59740521, Emax=38.47952331
realization 38 / 300 ... accepted 38. Emin=-34.37725024, Emax=64.75262153
realization 39 / 300 ... accepted 39. Emin=-9.55854292, Emax=92.95034071
realization 40 / 300 ... accepted 40. Emin=-18.30652216, Emax=68.19072141
realization 41 / 300 ... accepted 41. Emin=-5.18338408, Emax=65.14908067
realization 42 / 300 ... accepted 42. Emin=-11.25766635, Emax=67.51997636
realization 43 / 300 ... accepted 43. Emin=-27.18452447, Emax=86.28172122
realization 44 / 300 ... accepted 44. Emin=21.82180991, Emax=87.99310529
realization 45 / 300 ... accepted 45. Emin=41.25460159, Emax=110.87158451
realization 46 / 300 ... accepted 46. Emin=-2.16080055, Emax=87.37890631
realization 47 / 300 ... accepted 47. Emin=3.16412615, Emax=103.20694347
realization 48 / 300 ... accepted 48. Emin=-4.71612731, Emax=107.99062988
realization 49 / 300 ... accepted 49. Emin=-18.89359634, Emax=58.71725105
realization 50 / 300 ... accepted 50. Emin=-22.21023711, Emax=52.81029864
realization 51 / 300 ... accepted 51. Emin=-39.74250360, Emax=84.01680987
realization 52 / 300 ... accepted 52. Emin=0.25619299, Emax=99.82241400
realization 53 / 300 ... accepted 53. Emin=7.26078205, Emax=100.29964090
realization 54 / 300 ... accepted 54. Emin=-24.71555396, Emax=73.74416008
realization 55 / 300 ... accepted 55. Emin=23.59749411, Emax=86.28873788
realization 56 / 300 ... accepted 56. Emin=-18.20763100, Emax=54.67440807
realization 57 / 300 ... accepted 57. Emin=12.62045636, Emax=110.08373433
realization 58 / 300 ... accepted 58. Emin=-11.42892699, Emax=100.30546913
realization 59 / 300 ... accepted 59. Emin=-17.61609199, Emax=74.44014526
realization 60 / 300 ... accepted 60. Emin=-14.12620057, Emax=92.50849698
realization 61 / 300 ... accepted 61. Emin=-12.41131304, Emax=60.33608674
realization 62 / 300 ... accepted 62. Emin=-27.84044765, Emax=55.48653197
realization 63 / 300 ... accepted 63. Emin=-23.86679034, Emax=59.80655924
realization 64 / 300 ... accepted 64. Emin=-32.76298297, Emax=82.85462596
realization 65 / 300 ... accepted 65. Emin=0.25969008, Emax=96.99550673
realization 66 / 300 ... accepted 66. Emin=-32.91613123, Emax=28.50522181
realization 67 / 300 ... accepted 67. Emin=-11.43989429, Emax=97.01998047
realization 68 / 300 ... accepted 68. Emin=-20.71722665, Emax=49.74349415
realization 69 / 300 ... accepted 69. Emin=-37.16903444, Emax=78.53268481
realization 70 / 300 ... accepted 70. Emin=-9.38265434, Emax=70.08598212
realization 71 / 300 ... accepted 71. Emin=-8.58146624, Emax=92.90448353
realization 72 / 300 ... accepted 72. Emin=-6.12656443, Emax=88.75036241
realization 73 / 300 ... accepted 73. Emin=-37.20126808, Emax=61.48106851
realization 74 / 300 ... accepted 74. Emin=-28.34763395, Emax=57.05641821
realization 75 / 300 ... accepted 75. Emin=-28.26204239, Emax=71.88336994
realization 76 / 300 ... accepted 76. Emin=-30.87869429, Emax=42.36534443
realization 77 / 300 ... accepted 77. Emin=-44.83056191, Emax=43.75695720
realization 78 / 300 ... accepted 78. Emin=-10.56928644, Emax=75.87901886
realization 79 / 300 ... accepted 79. Emin=-12.48257071, Emax=71.62111425
realization 80 / 300 ... accepted 80. Emin=-25.16162942, Emax=56.64578093
realization 81 / 300 ... accepted 81. Emin=6.78125704, Emax=76.88108185
realization 82 / 300 ... accepted 82. Emin=3.67337532, Emax=98.75022201
realization 83 / 300 ... accepted 83. Emin=-53.00233493, Emax=1.91023476
realization 84 / 300 ... accepted 84. Emin=-7.89248399, Emax=73.92744787
realization 85 / 300 ... accepted 85. Emin=-34.53618391, Emax=95.24149420
realization 86 / 300 ... accepted 86. Emin=-9.47946195, Emax=83.02787547
realization 87 / 300 ... accepted 87. Emin=-38.45282714, Emax=53.28644513
realization 88 / 300 ... accepted 88. Emin=-22.38185959, Emax=51.52980889
realization 89 / 300 ... accepted 89. Emin=-28.12454983, Emax=30.05642883
realization 90 / 300 ... accepted 90. Emin=-9.80046832, Emax=84.21079564
realization 91 / 300 ... accepted 91. Emin=-25.39892316, Emax=59.55202793
realization 92 / 300 ... accepted 92. Emin=-18.45820981, Emax=72.10279588
realization 93 / 300 ... accepted 93. Emin=25.41553817, Emax=95.60081257
realization 94 / 300 ... accepted 94. Emin=-26.00467633, Emax=46.85829353
realization 95 / 300 ... accepted 95. Emin=-25.29743421, Emax=73.99120863
realization 96 / 300 ... accepted 96. Emin=-34.65953283, Emax=40.24237027
realization 97 / 300 ... accepted 97. Emin=23.55069832, Emax=97.65494944
realization 98 / 300 ... accepted 98. Emin=-30.30421699, Emax=77.23069949
realization 99 / 300 ... accepted 99. Emin=-17.96123319, Emax=97.87865913
realization 100 / 300 ... accepted 100. Emin=-16.94059049, Emax=70.30397355
realization 101 / 300 ... accepted 101. Emin=-9.42510405, Emax=75.67142759
realization 102 / 300 ... accepted 102. Emin=30.40921020, Emax=111.56304098
realization 103 / 300 ... accepted 103. Emin=-21.75686013, Emax=65.85119346
realization 104 / 300 ... accepted 104. Emin=-46.91542933, Emax=62.26035164
realization 105 / 300 ... accepted 105. Emin=-0.55535523, Emax=98.54717073
realization 106 / 300 ... accepted 106. Emin=-55.15886520, Emax=31.01446730
realization 107 / 300 ... accepted 107. Emin=-15.87672993, Emax=79.68078055
realization 108 / 300 ... accepted 108. Emin=-31.01304439, Emax=44.66347835
realization 109 / 300 ... accepted 109. Emin=-6.70444894, Emax=88.07432875
realization 110 / 300 ... accepted 110. Emin=-40.33270999, Emax=98.82099932
realization 111 / 300 ... accepted 111. Emin=-28.41600919, Emax=73.98237188
realization 112 / 300 ... accepted 112. Emin=-12.61036869, Emax=93.86099149
realization 113 / 300 ... accepted 113. Emin=-27.78710874, Emax=79.80095791
realization 114 / 300 ... accepted 114. Emin=-18.57606058, Emax=69.72005190
realization 115 / 300 ... accepted 115. Emin=-49.72901113, Emax=36.37700937
realization 116 / 300 ... accepted 116. Emin=-15.53189464, Emax=82.55747233
realization 117 / 300 ... accepted 117. Emin=-0.44971716, Emax=85.79303951
realization 118 / 300 ... accepted 118. Emin=-19.28074128, Emax=52.59566194
realization 119 / 300 ... accepted 119. Emin=-6.71506291, Emax=69.62173147
realization 120 / 300 ... accepted 120. Emin=-6.73620467, Emax=58.98133856
realization 121 / 300 ... accepted 121. Emin=-28.44663304, Emax=60.70616140
realization 122 / 300 ... accepted 122. Emin=13.04361811, Emax=92.58675733
realization 123 / 300 ... accepted 123. Emin=-6.33566865, Emax=88.46867340
realization 124 / 300 ... accepted 124. Emin=-17.22801534, Emax=74.53734819
realization 125 / 300 ... accepted 125. Emin=-14.42852176, Emax=71.87900426
realization 126 / 300 ... accepted 126. Emin=27.85217280, Emax=92.19907374
realization 127 / 300 ... accepted 127. Emin=-35.78619661, Emax=73.63924130
realization 128 / 300 ... accepted 128. Emin=-26.19453808, Emax=31.95505620
realization 129 / 300 ... accepted 129. Emin=-32.85101442, Emax=53.98598849
realization 130 / 300 ... accepted 130. Emin=-15.49157258, Emax=81.83212708
realization 131 / 300 ... accepted 131. Emin=-40.48061647, Emax=90.86814612
realization 132 / 300 ... accepted 132. Emin=-15.02017323, Emax=38.06622819
realization 133 / 300 ... accepted 133. Emin=-11.45363287, Emax=86.37708074
realization 134 / 300 ... accepted 134. Emin=-34.90093851, Emax=51.54654143
realization 135 / 300 ... accepted 135. Emin=2.45017935, Emax=81.37342304
realization 136 / 300 ... accepted 136. Emin=-15.38921898, Emax=58.08683355
realization 137 / 300 ... accepted 137. Emin=-63.92064020, Emax=20.21235057
realization 138 / 300 ... accepted 138. Emin=-12.54936328, Emax=101.21971689
realization 139 / 300 ... accepted 139. Emin=-31.53316637, Emax=79.31712007
realization 140 / 300 ... accepted 140. Emin=-37.90038024, Emax=60.03057828
realization 141 / 300 ... accepted 141. Emin=-30.26252543, Emax=59.81182870
realization 142 / 300 ... accepted 142. Emin=32.77502362, Emax=89.28312179
realization 143 / 300 ... accepted 143. Emin=-14.08526242, Emax=96.32535446
realization 144 / 300 ... accepted 144. Emin=-47.83822869, Emax=39.32337883
realization 145 / 300 ... accepted 145. Emin=-42.95247790, Emax=18.70122856
realization 146 / 300 ... accepted 146. Emin=10.48604266, Emax=71.44387831
realization 147 / 300 ... accepted 147. Emin=-33.63389407, Emax=77.39430014
realization 148 / 300 ... accepted 148. Emin=11.43684506, Emax=101.29699407
realization 149 / 300 ... accepted 149. Emin=-15.77737872, Emax=76.12745983
realization 150 / 300 ... accepted 150. Emin=-15.43568811, Emax=79.83657517
realization 151 / 300 ... accepted 151. Emin=11.08916497, Emax=91.49876065
realization 152 / 300 ... accepted 152. Emin=-35.85185332, Emax=37.86106297
realization 153 / 300 ... accepted 153. Emin=-14.93127937, Emax=76.66742122
realization 154 / 300 ... accepted 154. Emin=1.07692831, Emax=104.38436365
realization 155 / 300 ... accepted 155. Emin=-20.38105072, Emax=58.18182461
realization 156 / 300 ... accepted 156. Emin=-18.25424773, Emax=78.01311668
realization 157 / 300 ... accepted 157. Emin=-27.63167328, Emax=60.91379659
realization 158 / 300 ... accepted 158. Emin=5.92541259, Emax=107.27287012
realization 159 / 300 ... accepted 159. Emin=-52.82363188, Emax=25.65903335
realization 160 / 300 ... accepted 160. Emin=-16.68117127, Emax=49.94393833
realization 161 / 300 ... accepted 161. Emin=-2.71904466, Emax=70.85052527
realization 162 / 300 ... accepted 162. Emin=-6.08295174, Emax=48.50099890
realization 163 / 300 ... accepted 163. Emin=17.97333758, Emax=83.37708916
realization 164 / 300 ... accepted 164. Emin=-13.40398861, Emax=68.05917367
realization 165 / 300 ... accepted 165. Emin=4.15137789, Emax=72.72380845
realization 166 / 300 ... accepted 166. Emin=29.16174508, Emax=119.40568414
realization 167 / 300 ... accepted 167. Emin=-9.19614388, Emax=50.08756596
realization 168 / 300 ... accepted 168. Emin=-46.68140968, Emax=40.39346442
realization 169 / 300 ... accepted 169. Emin=-33.12724082, Emax=90.04911958
realization 170 / 300 ... accepted 170. Emin=-41.20044989, Emax=46.92147951
realization 171 / 300 ... accepted 171. Emin=-5.21628014, Emax=76.10902629
realization 172 / 300 ... accepted 172. Emin=-36.88533866, Emax=34.58992637
realization 173 / 300 ... accepted 173. Emin=1.03945097, Emax=97.83145486
realization 174 / 300 ... accepted 174. Emin=-41.70873560, Emax=40.10655921
realization 175 / 300 ... accepted 175. Emin=-23.99563337, Emax=82.26889440
realization 176 / 300 ... accepted 176. Emin=-10.64307268, Emax=83.17451028
realization 177 / 300 ... accepted 177. Emin=-40.80826632, Emax=60.32022669
realization 178 / 300 ... accepted 178. Emin=-22.65491979, Emax=109.52671791
realization 179 / 300 ... accepted 179. Emin=-29.99641555, Emax=67.86157832
realization 180 / 300 ... accepted 180. Emin=31.77654646, Emax=108.45284193
realization 181 / 300 ... accepted 181. Emin=-23.08686901, Emax=61.78020173
realization 182 / 300 ... accepted 182. Emin=-42.11627759, Emax=70.91416091
realization 183 / 300 ... accepted 183. Emin=10.62615501, Emax=103.21001328
realization 184 / 300 ... accepted 184. Emin=-19.59119459, Emax=66.83909965
realization 185 / 300 ... accepted 185. Emin=-27.36240436, Emax=87.56970291
realization 186 / 300 ... accepted 186. Emin=-28.00595170, Emax=62.83970756
realization 187 / 300 ... accepted 187. Emin=-12.25158275, Emax=61.61174196
realization 188 / 300 ... accepted 188. Emin=-21.26734394, Emax=57.49060454
realization 189 / 300 ... accepted 189. Emin=-13.95312982, Emax=66.16817190
realization 190 / 300 ... accepted 190. Emin=-40.69408872, Emax=35.02614927
realization 191 / 300 ... accepted 191. Emin=9.40049107, Emax=89.85751531
realization 192 / 300 ... accepted 192. Emin=-2.43439193, Emax=92.02764698
realization 193 / 300 ... accepted 193. Emin=18.52814273, Emax=86.75486544
realization 194 / 300 ... accepted 194. Emin=-10.19794071, Emax=87.13200670
realization 195 / 300 ... accepted 195. Emin=-1.80985295, Emax=69.13692887
realization 196 / 300 ... accepted 196. Emin=-5.61295095, Emax=96.41683786
realization 197 / 300 ... accepted 197. Emin=-35.99145525, Emax=31.75892830
realization 198 / 300 ... accepted 198. Emin=-21.67500932, Emax=86.37819853
realization 199 / 300 ... accepted 199. Emin=-18.63945886, Emax=72.69078845
realization 200 / 300 ... accepted 200. Emin=-35.24386175, Emax=70.12842335
realization 201 / 300 ... accepted 201. Emin=-5.85367886, Emax=77.38357496
realization 202 / 300 ... accepted 202. Emin=-19.46099965, Emax=83.47800732
realization 203 / 300 ... accepted 203. Emin=-60.70620232, Emax=12.38846340
realization 204 / 300 ... accepted 204. Emin=-8.83656671, Emax=61.66167265
realization 205 / 300 ... accepted 205. Emin=-20.55175869, Emax=47.08089690
realization 206 / 300 ... accepted 206. Emin=-14.24899854, Emax=79.16992460
realization 207 / 300 ... accepted 207. Emin=31.47812089, Emax=113.25674742
realization 208 / 300 ... accepted 208. Emin=-5.85047398, Emax=104.58628963
realization 209 / 300 ... accepted 209. Emin=10.04936773, Emax=117.76074932
realization 210 / 300 ... accepted 210. Emin=-15.36030701, Emax=72.01111088
realization 211 / 300 ... accepted 211. Emin=-4.81230248, Emax=79.76641669
realization 212 / 300 ... accepted 212. Emin=-18.76800008, Emax=65.70397203
realization 213 / 300 ... accepted 213. Emin=-24.56788213, Emax=30.91185595
realization 214 / 300 ... accepted 214. Emin=-29.28868306, Emax=44.50447958
realization 215 / 300 ... accepted 215. Emin=-25.55481682, Emax=95.83484129
realization 216 / 300 ... accepted 216. Emin=-14.19882478, Emax=74.21647366
realization 217 / 300 ... accepted 217. Emin=9.36584858, Emax=102.97758967
realization 218 / 300 ... accepted 218. Emin=-18.88938387, Emax=74.27403763
realization 219 / 300 ... accepted 219. Emin=12.24122548, Emax=79.56885264
realization 220 / 300 ... accepted 220. Emin=-19.48348073, Emax=66.12167765
realization 221 / 300 ... accepted 221. Emin=-39.42529364, Emax=27.07642556
realization 222 / 300 ... accepted 222. Emin=-10.59513686, Emax=79.35679150
realization 223 / 300 ... accepted 223. Emin=-28.48347643, Emax=65.37051569
realization 224 / 300 ... accepted 224. Emin=13.07750106, Emax=98.47507726
realization 225 / 300 ... accepted 225. Emin=-34.74075316, Emax=70.10876675
realization 226 / 300 ... accepted 226. Emin=-41.04238590, Emax=47.98040947
realization 227 / 300 ... accepted 227. Emin=32.13581609, Emax=98.79390765
realization 228 / 300 ... accepted 228. Emin=-21.44333308, Emax=104.19352059
realization 229 / 300 ... accepted 229. Emin=-10.69546785, Emax=65.21540316
realization 230 / 300 ... accepted 230. Emin=11.55625570, Emax=92.85280005
realization 231 / 300 ... accepted 231. Emin=-6.52063460, Emax=92.54853786
realization 232 / 300 ... accepted 232. Emin=36.15247761, Emax=111.70274358
realization 233 / 300 ... accepted 233. Emin=-30.97031896, Emax=50.77106072
realization 234 / 300 ... accepted 234. Emin=-37.74751783, Emax=47.01465439
realization 235 / 300 ... accepted 235. Emin=-5.75489842, Emax=56.85160612
realization 236 / 300 ... accepted 236. Emin=-34.47638451, Emax=56.60477457
realization 237 / 300 ... accepted 237. Emin=-46.90542428, Emax=47.42907937
realization 238 / 300 ... accepted 238. Emin=-16.87280735, Emax=49.81405628
realization 239 / 300 ... accepted 239. Emin=-46.80104955, Emax=61.02802776
realization 240 / 300 ... accepted 240. Emin=7.72210415, Emax=85.40360067
realization 241 / 300 ... accepted 241. Emin=-16.78351436, Emax=83.15066836
realization 242 / 300 ... accepted 242. Emin=-10.28563963, Emax=63.11778866
realization 243 / 300 ... accepted 243. Emin=-25.54747828, Emax=52.18867685
realization 244 / 300 ... accepted 244. Emin=37.18810652, Emax=94.38488305
realization 245 / 300 ... accepted 245. Emin=-21.49189476, Emax=49.76390621
realization 246 / 300 ... accepted 246. Emin=14.58537245, Emax=97.22834019
realization 247 / 300 ... accepted 247. Emin=-42.12686392, Emax=61.00447921
realization 248 / 300 ... accepted 248. Emin=-26.36117307, Emax=58.61264594
realization 249 / 300 ... accepted 249. Emin=-11.97798238, Emax=75.54664245
realization 250 / 300 ... accepted 250. Emin=-6.49314498, Emax=73.99601771
realization 251 / 300 ... accepted 251. Emin=-19.68420714, Emax=71.47171706
realization 252 / 300 ... accepted 252. Emin=14.43966932, Emax=99.63576533
realization 253 / 300 ... accepted 253. Emin=-53.87184976, Emax=27.27358077
realization 254 / 300 ... accepted 254. Emin=-7.74321985, Emax=103.15838992
realization 255 / 300 ... accepted 255. Emin=-55.54420745, Emax=29.11831874
realization 256 / 300 ... accepted 256. Emin=-16.57340547, Emax=75.80470774
realization 257 / 300 ... accepted 257. Emin=-15.82704348, Emax=73.87842149
realization 258 / 300 ... accepted 258. Emin=-14.49302814, Emax=69.10754553
realization 259 / 300 ... accepted 259. Emin=19.95731332, Emax=81.13428731
realization 260 / 300 ... accepted 260. Emin=-8.18943426, Emax=71.67715945
realization 261 / 300 ... accepted 261. Emin=-42.97757936, Emax=47.35235276
realization 262 / 300 ... accepted 262. Emin=26.46566764, Emax=114.66358948
realization 263 / 300 ... accepted 263. Emin=-36.44182831, Emax=80.52147372
realization 264 / 300 ... accepted 264. Emin=-15.35639493, Emax=83.36619939
realization 265 / 300 ... accepted 265. Emin=-14.10325826, Emax=61.60013133
realization 266 / 300 ... accepted 266. Emin=-47.39434359, Emax=33.86414645
realization 267 / 300 ... accepted 267. Emin=-18.65536598, Emax=66.35564177
realization 268 / 300 ... accepted 268. Emin=-4.61621578, Emax=70.83723501
realization 269 / 300 ... accepted 269. Emin=28.12719332, Emax=98.32305234
realization 270 / 300 ... accepted 270. Emin=2.17721012, Emax=108.84099585
realization 271 / 300 ... accepted 271. Emin=8.07714395, Emax=91.66624814
realization 272 / 300 ... accepted 272. Emin=-33.85784684, Emax=92.99881197
realization 273 / 300 ... accepted 273. Emin=-20.33011921, Emax=43.22928834
realization 274 / 300 ... accepted 274. Emin=-16.00457523, Emax=74.81526240
realization 275 / 300 ... accepted 275. Emin=-26.41575899, Emax=89.05127272
realization 276 / 300 ... accepted 276. Emin=-21.17857578, Emax=99.49964325
realization 277 / 300 ... accepted 277. Emin=-22.40437379, Emax=70.10950710
realization 278 / 300 ... accepted 278. Emin=-2.06355275, Emax=95.67507361
realization 279 / 300 ... accepted 279. Emin=13.98093706, Emax=109.33035197
realization 280 / 300 ... accepted 280. Emin=-53.74245118, Emax=5.41205184
realization 281 / 300 ... accepted 281. Emin=-42.59734648, Emax=49.99665435
realization 282 / 300 ... accepted 282. Emin=-43.22602675, Emax=36.09289323
realization 283 / 300 ... accepted 283. Emin=-50.09542075, Emax=76.89301197
realization 284 / 300 ... accepted 284. Emin=-33.60712261, Emax=78.77193200
realization 285 / 300 ... accepted 285. Emin=-37.35523458, Emax=79.13924809
realization 286 / 300 ... accepted 286. Emin=3.34714088, Emax=90.44167782
realization 287 / 300 ... accepted 287. Emin=-12.97768984, Emax=55.26339818
realization 288 / 300 ... accepted 288. Emin=-33.17499284, Emax=44.96843990
realization 289 / 300 ... accepted 289. Emin=-12.20759745, Emax=95.22742247
realization 290 / 300 ... accepted 290. Emin=-17.94493290, Emax=54.85808799
realization 291 / 300 ... accepted 291. Emin=39.04259912, Emax=122.96097672
realization 292 / 300 ... accepted 292. Emin=-35.10302560, Emax=44.27177841
realization 293 / 300 ... accepted 293. Emin=-3.93369698, Emax=73.51121962
realization 294 / 300 ... accepted 294. Emin=-16.84709926, Emax=70.33857687
realization 295 / 300 ... accepted 295. Emin=-44.32033393, Emax=81.96966540
realization 296 / 300 ... accepted 296. Emin=-26.09202432, Emax=78.71763461
realization 297 / 300 ... accepted 297. Emin=-8.52780738, Emax=91.56185827
realization 298 / 300 ... accepted 298. Emin=-11.52516595, Emax=74.80778289
realization 299 / 300 ... accepted 299. Emin=5.61249517, Emax=88.06297721
realization 300 / 300 ... accepted 300. Emin=24.41934949, Emax=113.86247133
Saved final energies: /home/2/kj405942/POLFED_bosons/pbs_bose_legacy_nmax2_periodic/data/U_6/W_15/L_6/N_6_nmax_2/boundary_periodic/energies_full_U6_L6_N6_nmax2_W15_boundaryperiodic_nreal300.txt
Accepted realizations: 300 / 300
Skipped realizations: 0
Job finished at Sun May 31 17:07:15 UTC 2026
