Job started on w23 at Sun May 31 17:59:35 UTC 2026
PBS_JOBID=7731381.kruk-host.ift-klaster.lan
PBS_O_WORKDIR=/home/2/kj405942/POLFED_bosons
Bose-Hubbard: L=6, N=6, nmax=2, dim=141
t=1, U=6, W=12, nreal=300, boundary=periodic, mode=full
Writing partial results to /home/2/kj405942/POLFED_bosons/pbs_bose_legacy_nmax2_periodic/data/U_6/W_12/L_6/N_6_nmax_2/boundary_periodic/energies_full_U6_L6_N6_nmax2_W12_boundaryperiodic_nreal300_partial.txt
realization 1 / 300 ... accepted 1. Emin=-30.12323372, Emax=67.22695057
realization 2 / 300 ... accepted 2. Emin=-31.43460275, Emax=31.36479015
realization 3 / 300 ... accepted 3. Emin=-22.23824106, Emax=61.92769998
realization 4 / 300 ... accepted 4. Emin=-8.03101855, Emax=60.48776528
realization 5 / 300 ... accepted 5. Emin=-20.98842837, Emax=63.51985302
realization 6 / 300 ... accepted 6. Emin=11.03815214, Emax=88.34746134
realization 7 / 300 ... accepted 7. Emin=-15.84681125, Emax=73.11386508
realization 8 / 300 ... accepted 8. Emin=-18.58918854, Emax=40.11860823
realization 9 / 300 ... accepted 9. Emin=-26.03699152, Emax=44.04020826
realization 10 / 300 ... accepted 10. Emin=-24.97937939, Emax=81.17937933
realization 11 / 300 ... accepted 11. Emin=-20.42588218, Emax=70.48445098
realization 12 / 300 ... accepted 12. Emin=-25.48138165, Emax=63.27123453
realization 13 / 300 ... accepted 13. Emin=-29.70361167, Emax=39.45593548
realization 14 / 300 ... accepted 14. Emin=-13.82474111, Emax=94.57908615
realization 15 / 300 ... accepted 15. Emin=-25.19142181, Emax=45.42124292
realization 16 / 300 ... accepted 16. Emin=4.39678412, Emax=77.86239968
realization 17 / 300 ... accepted 17. Emin=-5.20207971, Emax=56.52358242
realization 18 / 300 ... accepted 18. Emin=-24.19627433, Emax=69.85739029
realization 19 / 300 ... accepted 19. Emin=-19.63596691, Emax=44.61365298
realization 20 / 300 ... accepted 20. Emin=-26.91835530, Emax=62.12902127
realization 21 / 300 ... accepted 21. Emin=-17.63278941, Emax=90.25219391
realization 22 / 300 ... accepted 22. Emin=-22.76736361, Emax=45.11783524
realization 23 / 300 ... accepted 23. Emin=-36.45862555, Emax=17.04178357
realization 24 / 300 ... accepted 24. Emin=12.89700350, Emax=82.58139551
realization 25 / 300 ... accepted 25. Emin=-6.75819155, Emax=80.17985306
realization 26 / 300 ... accepted 26. Emin=-31.51819357, Emax=52.43393097
realization 27 / 300 ... accepted 27. Emin=-22.30964707, Emax=79.12412326
realization 28 / 300 ... accepted 28. Emin=-12.61497156, Emax=76.23886190
realization 29 / 300 ... accepted 29. Emin=2.84397596, Emax=67.16535483
realization 30 / 300 ... accepted 30. Emin=-18.48829716, Emax=71.22273159
realization 31 / 300 ... accepted 31. Emin=-24.80944034, Emax=44.24720176
realization 32 / 300 ... accepted 32. Emin=-27.21091536, Emax=63.01931567
realization 33 / 300 ... accepted 33. Emin=-16.00042971, Emax=65.06134542
realization 34 / 300 ... accepted 34. Emin=2.31159817, Emax=82.51596192
realization 35 / 300 ... accepted 35. Emin=4.65930025, Emax=81.83163041
realization 36 / 300 ... accepted 36. Emin=-42.13660910, Emax=43.10481017
realization 37 / 300 ... accepted 37. Emin=29.48719239, Emax=101.26946195
realization 38 / 300 ... accepted 38. Emin=-11.17579997, Emax=78.51646494
realization 39 / 300 ... accepted 39. Emin=-13.91327041, Emax=42.93919025
realization 40 / 300 ... accepted 40. Emin=-10.87384221, Emax=85.98354472
realization 41 / 300 ... accepted 41. Emin=-9.31364371, Emax=57.43002082
realization 42 / 300 ... accepted 42. Emin=-15.99039015, Emax=74.65740218
realization 43 / 300 ... accepted 43. Emin=-5.58829414, Emax=89.91661362
realization 44 / 300 ... accepted 44. Emin=-12.19559771, Emax=62.16553716
realization 45 / 300 ... accepted 45. Emin=-2.24555427, Emax=68.06349335
realization 46 / 300 ... accepted 46. Emin=-5.87008091, Emax=75.44431366
realization 47 / 300 ... accepted 47. Emin=-27.30956732, Emax=32.84290190
realization 48 / 300 ... accepted 48. Emin=-13.58345742, Emax=58.52620973
realization 49 / 300 ... accepted 49. Emin=-16.30460243, Emax=56.26254218
realization 50 / 300 ... accepted 50. Emin=7.75907225, Emax=94.54629893
realization 51 / 300 ... accepted 51. Emin=-2.19134393, Emax=65.88228738
realization 52 / 300 ... accepted 52. Emin=-5.31907745, Emax=86.52131001
realization 53 / 300 ... accepted 53. Emin=-4.41075553, Emax=54.76026484
realization 54 / 300 ... accepted 54. Emin=-46.33900880, Emax=34.40066848
realization 55 / 300 ... accepted 55. Emin=-23.76327746, Emax=36.22416845
realization 56 / 300 ... accepted 56. Emin=-24.31477855, Emax=41.42711624
realization 57 / 300 ... accepted 57. Emin=4.20957595, Emax=92.88164974
realization 58 / 300 ... accepted 58. Emin=-1.48157189, Emax=71.38897346
realization 59 / 300 ... accepted 59. Emin=-18.79058660, Emax=60.66544057
realization 60 / 300 ... accepted 60. Emin=22.54191359, Emax=84.85626615
realization 61 / 300 ... accepted 61. Emin=32.53233013, Emax=93.61876130
realization 62 / 300 ... accepted 62. Emin=-7.76206098, Emax=75.63301001
realization 63 / 300 ... accepted 63. Emin=-30.49545102, Emax=39.16186512
realization 64 / 300 ... accepted 64. Emin=-52.65296237, Emax=8.94917556
realization 65 / 300 ... accepted 65. Emin=6.14496782, Emax=91.32384867
realization 66 / 300 ... accepted 66. Emin=19.10212608, Emax=82.72040332
realization 67 / 300 ... accepted 67. Emin=-15.15969714, Emax=78.57965305
realization 68 / 300 ... accepted 68. Emin=-36.56150695, Emax=21.14827606
realization 69 / 300 ... accepted 69. Emin=-18.41352399, Emax=60.53125149
realization 70 / 300 ... accepted 70. Emin=-28.49023934, Emax=59.70751937
realization 71 / 300 ... accepted 71. Emin=4.50521931, Emax=68.53160506
realization 72 / 300 ... accepted 72. Emin=-29.13149982, Emax=64.02662832
realization 73 / 300 ... accepted 73. Emin=-10.04061559, Emax=76.89557905
realization 74 / 300 ... accepted 74. Emin=-6.20312866, Emax=88.84187612
realization 75 / 300 ... accepted 75. Emin=-32.91215354, Emax=70.04708442
realization 76 / 300 ... accepted 76. Emin=-19.33605418, Emax=54.48614192
realization 77 / 300 ... accepted 77. Emin=4.29910626, Emax=94.56434530
realization 78 / 300 ... accepted 78. Emin=-10.09197276, Emax=64.45919075
realization 79 / 300 ... accepted 79. Emin=-14.74132221, Emax=73.50730960
realization 80 / 300 ... accepted 80. Emin=-33.25249661, Emax=46.07882375
realization 81 / 300 ... accepted 81. Emin=-25.02261776, Emax=67.28175866
realization 82 / 300 ... accepted 82. Emin=14.73978127, Emax=78.14207594
realization 83 / 300 ... accepted 83. Emin=-11.34654258, Emax=86.40146318
realization 84 / 300 ... accepted 84. Emin=-24.87210863, Emax=44.89958216
realization 85 / 300 ... accepted 85. Emin=36.64370235, Emax=102.19435713
realization 86 / 300 ... accepted 86. Emin=17.06459816, Emax=87.88118095
realization 87 / 300 ... accepted 87. Emin=-25.03648379, Emax=47.94869413
realization 88 / 300 ... accepted 88. Emin=-21.95741007, Emax=50.83629470
realization 89 / 300 ... accepted 89. Emin=-15.16776922, Emax=39.35078640
realization 90 / 300 ... accepted 90. Emin=-19.40596082, Emax=42.32415666
realization 91 / 300 ... accepted 91. Emin=-18.04783484, Emax=77.77190885
realization 92 / 300 ... accepted 92. Emin=-31.50999793, Emax=43.31132275
realization 93 / 300 ... accepted 93. Emin=27.42114501, Emax=85.37401033
realization 94 / 300 ... accepted 94. Emin=-18.94786435, Emax=76.36206329
realization 95 / 300 ... accepted 95. Emin=-7.71957746, Emax=70.90563578
realization 96 / 300 ... accepted 96. Emin=0.34578972, Emax=100.71522600
realization 97 / 300 ... accepted 97. Emin=21.80986593, Emax=80.86758139
realization 98 / 300 ... accepted 98. Emin=-26.99171699, Emax=62.91535207
realization 99 / 300 ... accepted 99. Emin=-40.55749350, Emax=31.96265394
realization 100 / 300 ... accepted 100. Emin=-8.07220615, Emax=68.24132267
realization 101 / 300 ... accepted 101. Emin=-13.85223648, Emax=54.53623240
realization 102 / 300 ... accepted 102. Emin=-24.78327218, Emax=64.29994550
realization 103 / 300 ... accepted 103. Emin=18.59812884, Emax=77.77840077
realization 104 / 300 ... accepted 104. Emin=-8.07100198, Emax=91.00117152
realization 105 / 300 ... accepted 105. Emin=-3.86654909, Emax=68.23548350
realization 106 / 300 ... accepted 106. Emin=20.30286146, Emax=82.98431158
realization 107 / 300 ... accepted 107. Emin=-24.88600268, Emax=44.98558856
realization 108 / 300 ... accepted 108. Emin=-24.30151322, Emax=57.08500860
realization 109 / 300 ... accepted 109. Emin=-20.79151038, Emax=57.38348974
realization 110 / 300 ... accepted 110. Emin=15.15311598, Emax=76.15788527
realization 111 / 300 ... accepted 111. Emin=-0.99138351, Emax=47.02714823
realization 112 / 300 ... accepted 112. Emin=15.68713331, Emax=80.23837740
realization 113 / 300 ... accepted 113. Emin=-5.40986136, Emax=70.64756948
realization 114 / 300 ... accepted 114. Emin=-10.32514655, Emax=69.39431666
realization 115 / 300 ... accepted 115. Emin=-11.76832272, Emax=64.04463200
realization 116 / 300 ... accepted 116. Emin=24.76489545, Emax=95.51870318
realization 117 / 300 ... accepted 117. Emin=-20.71557864, Emax=66.12066744
realization 118 / 300 ... accepted 118. Emin=-34.33729563, Emax=49.58806380
realization 119 / 300 ... accepted 119. Emin=-33.08194417, Emax=42.74917053
realization 120 / 300 ... accepted 120. Emin=-11.40626685, Emax=74.51665766
realization 121 / 300 ... accepted 121. Emin=22.63888147, Emax=75.43275295
realization 122 / 300 ... accepted 122. Emin=13.94704955, Emax=89.44496390
realization 123 / 300 ... accepted 123. Emin=12.20861697, Emax=91.20091546
realization 124 / 300 ... accepted 124. Emin=-14.02132655, Emax=49.94464229
realization 125 / 300 ... accepted 125. Emin=4.38642679, Emax=85.06684342
realization 126 / 300 ... accepted 126. Emin=-14.68259664, Emax=50.29811244
realization 127 / 300 ... accepted 127. Emin=1.14362881, Emax=75.48038394
realization 128 / 300 ... accepted 128. Emin=-19.16860793, Emax=44.06034498
realization 129 / 300 ... accepted 129. Emin=-45.70131311, Emax=33.11126618
realization 130 / 300 ... accepted 130. Emin=-15.32522595, Emax=82.30835630
realization 131 / 300 ... accepted 131. Emin=-20.84036206, Emax=73.45918796
realization 132 / 300 ... accepted 132. Emin=-5.29671637, Emax=68.85086792
realization 133 / 300 ... accepted 133. Emin=-6.51918548, Emax=66.78200528
realization 134 / 300 ... accepted 134. Emin=-18.29413029, Emax=62.85572323
realization 135 / 300 ... accepted 135. Emin=-17.09936567, Emax=78.36324880
realization 136 / 300 ... accepted 136. Emin=-19.66361118, Emax=54.87464245
realization 137 / 300 ... accepted 137. Emin=20.87886708, Emax=71.41419944
realization 138 / 300 ... accepted 138. Emin=-15.55303838, Emax=35.26748706
realization 139 / 300 ... accepted 139. Emin=1.45491081, Emax=74.69987280
realization 140 / 300 ... accepted 140. Emin=-20.65945288, Emax=53.41287692
realization 141 / 300 ... accepted 141. Emin=-29.03722895, Emax=62.22703884
realization 142 / 300 ... accepted 142. Emin=-28.90380041, Emax=50.08413577
realization 143 / 300 ... accepted 143. Emin=-2.43676538, Emax=72.38844914
realization 144 / 300 ... accepted 144. Emin=-3.26014643, Emax=75.70855796
realization 145 / 300 ... accepted 145. Emin=-28.39528530, Emax=54.66141183
realization 146 / 300 ... accepted 146. Emin=-5.24605465, Emax=86.13586595
realization 147 / 300 ... accepted 147. Emin=-9.25136310, Emax=63.23547488
realization 148 / 300 ... accepted 148. Emin=8.63373509, Emax=89.48223950
realization 149 / 300 ... accepted 149. Emin=-16.50851437, Emax=78.09953566
realization 150 / 300 ... accepted 150. Emin=-14.99452136, Emax=50.76306719
realization 151 / 300 ... accepted 151. Emin=-4.89150207, Emax=88.21563912
realization 152 / 300 ... accepted 152. Emin=-6.82235703, Emax=69.70683703
realization 153 / 300 ... accepted 153. Emin=-12.45740465, Emax=49.58823427
realization 154 / 300 ... accepted 154. Emin=24.72694472, Emax=80.31116932
realization 155 / 300 ... accepted 155. Emin=8.82563310, Emax=80.98405142
realization 156 / 300 ... accepted 156. Emin=-30.08158024, Emax=56.66690658
realization 157 / 300 ... accepted 157. Emin=-5.96100493, Emax=65.64209078
realization 158 / 300 ... accepted 158. Emin=7.98776757, Emax=83.27591548
realization 159 / 300 ... accepted 159. Emin=-19.56951297, Emax=54.09163399
realization 160 / 300 ... accepted 160. Emin=27.27454237, Emax=90.33393989
realization 161 / 300 ... accepted 161. Emin=-5.29009641, Emax=81.64162073
realization 162 / 300 ... accepted 162. Emin=-43.68789683, Emax=5.69451226
realization 163 / 300 ... accepted 163. Emin=-5.62096480, Emax=55.57926879
realization 164 / 300 ... accepted 164. Emin=0.40596709, Emax=54.73520776
realization 165 / 300 ... accepted 165. Emin=24.87005250, Emax=79.26718397
realization 166 / 300 ... accepted 166. Emin=-25.98509777, Emax=53.54427212
realization 167 / 300 ... accepted 167. Emin=5.96857304, Emax=85.57123255
realization 168 / 300 ... accepted 168. Emin=-42.11367956, Emax=30.10250462
realization 169 / 300 ... accepted 169. Emin=-21.64387851, Emax=57.89972807
realization 170 / 300 ... accepted 170. Emin=-11.73084649, Emax=51.08356684
realization 171 / 300 ... accepted 171. Emin=-26.13277807, Emax=60.45072295
realization 172 / 300 ... accepted 172. Emin=-3.34980052, Emax=60.26026702
realization 173 / 300 ... accepted 173. Emin=-21.12892587, Emax=26.79088862
realization 174 / 300 ... accepted 174. Emin=-1.48995369, Emax=99.11777723
realization 175 / 300 ... accepted 175. Emin=-33.36507394, Emax=70.32342163
realization 176 / 300 ... accepted 176. Emin=-8.43119431, Emax=59.26240135
realization 177 / 300 ... accepted 177. Emin=-20.79668811, Emax=44.77525705
realization 178 / 300 ... accepted 178. Emin=2.44189553, Emax=101.28416621
realization 179 / 300 ... accepted 179. Emin=-18.70704013, Emax=76.37075098
realization 180 / 300 ... accepted 180. Emin=-46.54224086, Emax=12.75365694
realization 181 / 300 ... accepted 181. Emin=2.53103033, Emax=85.49479803
realization 182 / 300 ... accepted 182. Emin=-22.39764550, Emax=64.65384654
realization 183 / 300 ... accepted 183. Emin=3.79048343, Emax=81.25638648
realization 184 / 300 ... accepted 184. Emin=-2.41124519, Emax=65.87480247
realization 185 / 300 ... accepted 185. Emin=-5.73179842, Emax=78.60462887
realization 186 / 300 ... accepted 186. Emin=-21.30140414, Emax=86.36316648
realization 187 / 300 ... accepted 187. Emin=-17.51190587, Emax=60.59094545
realization 188 / 300 ... accepted 188. Emin=24.83824186, Emax=94.73344546
realization 189 / 300 ... accepted 189. Emin=-15.81215854, Emax=61.24592939
realization 190 / 300 ... accepted 190. Emin=-23.77635374, Emax=72.10863778
realization 191 / 300 ... accepted 191. Emin=25.08722280, Emax=96.98751187
realization 192 / 300 ... accepted 192. Emin=-4.40708736, Emax=100.87203446
realization 193 / 300 ... accepted 193. Emin=-36.80512932, Emax=27.25212468
realization 194 / 300 ... accepted 194. Emin=22.23788754, Emax=103.69574408
realization 195 / 300 ... accepted 195. Emin=-10.21189781, Emax=94.67152271
realization 196 / 300 ... accepted 196. Emin=21.99264349, Emax=93.97493009
realization 197 / 300 ... accepted 197. Emin=31.92259939, Emax=92.09451215
realization 198 / 300 ... accepted 198. Emin=-7.74408495, Emax=67.92303395
realization 199 / 300 ... accepted 199. Emin=5.68038593, Emax=93.43662562
realization 200 / 300 ... accepted 200. Emin=1.34082254, Emax=60.50090476
realization 201 / 300 ... accepted 201. Emin=13.80459681, Emax=78.20275167
realization 202 / 300 ... accepted 202. Emin=-20.28289039, Emax=53.70452377
realization 203 / 300 ... accepted 203. Emin=12.02030376, Emax=86.61181787
realization 204 / 300 ... accepted 204. Emin=8.14746527, Emax=78.10224572
realization 205 / 300 ... accepted 205. Emin=-44.46011777, Emax=45.01374960
realization 206 / 300 ... accepted 206. Emin=-10.33471849, Emax=86.15580654
realization 207 / 300 ... accepted 207. Emin=-10.51735041, Emax=58.74493612
realization 208 / 300 ... accepted 208. Emin=-13.96759412, Emax=61.06211713
realization 209 / 300 ... accepted 209. Emin=-33.44208705, Emax=50.52646705
realization 210 / 300 ... accepted 210. Emin=-1.11377548, Emax=85.83523760
realization 211 / 300 ... accepted 211. Emin=6.34894865, Emax=66.33514517
realization 212 / 300 ... accepted 212. Emin=-33.45871680, Emax=41.65157827
realization 213 / 300 ... accepted 213. Emin=-3.59337541, Emax=80.58538586
realization 214 / 300 ... accepted 214. Emin=-3.90115766, Emax=78.74455432
realization 215 / 300 ... accepted 215. Emin=-7.22523845, Emax=87.09510270
realization 216 / 300 ... accepted 216. Emin=10.83270036, Emax=97.58589705
realization 217 / 300 ... accepted 217. Emin=13.36330484, Emax=90.95841009
realization 218 / 300 ... accepted 218. Emin=47.36612075, Emax=102.68940082
realization 219 / 300 ... accepted 219. Emin=-10.66547794, Emax=58.97243405
realization 220 / 300 ... accepted 220. Emin=-3.58026750, Emax=64.59724003
realization 221 / 300 ... accepted 221. Emin=-2.11189594, Emax=81.17673068
realization 222 / 300 ... accepted 222. Emin=-37.20500482, Emax=36.80387729
realization 223 / 300 ... accepted 223. Emin=0.88343272, Emax=76.14521653
realization 224 / 300 ... accepted 224. Emin=-25.87059094, Emax=33.81984815
realization 225 / 300 ... accepted 225. Emin=-9.86805588, Emax=67.94036210
realization 226 / 300 ... accepted 226. Emin=-20.64180544, Emax=48.42386514
realization 227 / 300 ... accepted 227. Emin=-3.92357984, Emax=85.86297779
realization 228 / 300 ... accepted 228. Emin=27.02950093, Emax=82.12701923
realization 229 / 300 ... accepted 229. Emin=-31.93578212, Emax=59.80906993
realization 230 / 300 ... accepted 230. Emin=14.67098209, Emax=93.01733125
realization 231 / 300 ... accepted 231. Emin=-31.55706290, Emax=49.40974384
realization 232 / 300 ... accepted 232. Emin=6.40672541, Emax=79.67467146
realization 233 / 300 ... accepted 233. Emin=8.66487999, Emax=81.00026630
realization 234 / 300 ... accepted 234. Emin=-9.75602215, Emax=78.62793513
realization 235 / 300 ... accepted 235. Emin=11.53355791, Emax=86.43458049
realization 236 / 300 ... accepted 236. Emin=5.62391458, Emax=82.77046075
realization 237 / 300 ... accepted 237. Emin=-23.38619117, Emax=69.93575798
realization 238 / 300 ... accepted 238. Emin=-8.19791391, Emax=64.16324172
realization 239 / 300 ... accepted 239. Emin=-27.46035971, Emax=31.47723020
realization 240 / 300 ... accepted 240. Emin=7.69859940, Emax=93.43389151
realization 241 / 300 ... accepted 241. Emin=-13.96167401, Emax=79.22965859
realization 242 / 300 ... accepted 242. Emin=-20.53013507, Emax=58.40191808
realization 243 / 300 ... accepted 243. Emin=-4.87660535, Emax=93.70417025
realization 244 / 300 ... accepted 244. Emin=-13.55742503, Emax=62.27098332
realization 245 / 300 ... accepted 245. Emin=6.38207984, Emax=88.44142932
realization 246 / 300 ... accepted 246. Emin=-20.23583038, Emax=85.34510973
realization 247 / 300 ... accepted 247. Emin=-7.24755787, Emax=43.68857817
realization 248 / 300 ... accepted 248. Emin=-8.34723115, Emax=78.81183735
realization 249 / 300 ... accepted 249. Emin=-39.19669845, Emax=17.60619457
realization 250 / 300 ... accepted 250. Emin=-15.87566314, Emax=55.40033210
realization 251 / 300 ... accepted 251. Emin=-26.47379334, Emax=29.96929174
realization 252 / 300 ... accepted 252. Emin=-10.26308591, Emax=79.20954930
realization 253 / 300 ... accepted 253. Emin=-15.01528324, Emax=82.93772884
realization 254 / 300 ... accepted 254. Emin=2.51550497, Emax=97.87379675
realization 255 / 300 ... accepted 255. Emin=-14.02452851, Emax=49.81715687
realization 256 / 300 ... accepted 256. Emin=-23.78854446, Emax=50.31349699
realization 257 / 300 ... accepted 257. Emin=-32.90291617, Emax=38.93632736
realization 258 / 300 ... accepted 258. Emin=-3.51100218, Emax=67.12988048
realization 259 / 300 ... accepted 259. Emin=10.42537154, Emax=83.60980760
realization 260 / 300 ... accepted 260. Emin=-18.78943418, Emax=46.62029007
realization 261 / 300 ... accepted 261. Emin=11.70856477, Emax=92.52791975
realization 262 / 300 ... accepted 262. Emin=-4.37931208, Emax=91.39274946
realization 263 / 300 ... accepted 263. Emin=-23.72895045, Emax=56.44423969
realization 264 / 300 ... accepted 264. Emin=-21.99941653, Emax=44.90116052
realization 265 / 300 ... accepted 265. Emin=4.70889803, Emax=93.73719237
realization 266 / 300 ... accepted 266. Emin=-22.17905745, Emax=50.37871853
realization 267 / 300 ... accepted 267. Emin=8.49640988, Emax=72.86659365
realization 268 / 300 ... accepted 268. Emin=-3.01896421, Emax=78.15217472
realization 269 / 300 ... accepted 269. Emin=-22.83705080, Emax=52.38660508
realization 270 / 300 ... accepted 270. Emin=35.53365042, Emax=89.93299879
realization 271 / 300 ... accepted 271. Emin=-20.40969278, Emax=38.67343307
realization 272 / 300 ... accepted 272. Emin=-29.27028290, Emax=49.56143777
realization 273 / 300 ... accepted 273. Emin=17.53047625, Emax=93.08364410
realization 274 / 300 ... accepted 274. Emin=-26.59787559, Emax=56.30756194
realization 275 / 300 ... accepted 275. Emin=-8.61227259, Emax=59.47247884
realization 276 / 300 ... accepted 276. Emin=-35.94301216, Emax=32.71907272
realization 277 / 300 ... accepted 277. Emin=-33.56856149, Emax=46.65896300
realization 278 / 300 ... accepted 278. Emin=-14.90433135, Emax=58.36364629
realization 279 / 300 ... accepted 279. Emin=-10.85246204, Emax=76.02193830
realization 280 / 300 ... accepted 280. Emin=-9.38157877, Emax=61.01277034
realization 281 / 300 ... accepted 281. Emin=25.25321031, Emax=86.12388060
realization 282 / 300 ... accepted 282. Emin=-14.25719842, Emax=54.75879627
realization 283 / 300 ... accepted 283. Emin=-21.31447178, Emax=60.85673964
realization 284 / 300 ... accepted 284. Emin=-16.35035757, Emax=45.74818107
realization 285 / 300 ... accepted 285. Emin=-26.51800717, Emax=40.79391792
realization 286 / 300 ... accepted 286. Emin=6.65750707, Emax=88.29066322
realization 287 / 300 ... accepted 287. Emin=6.23903706, Emax=89.21464797
realization 288 / 300 ... accepted 288. Emin=22.96288514, Emax=86.03086568
realization 289 / 300 ... accepted 289. Emin=1.00575872, Emax=79.97972832
realization 290 / 300 ... accepted 290. Emin=-14.38772456, Emax=58.24371081
realization 291 / 300 ... accepted 291. Emin=-6.43292463, Emax=69.87509395
realization 292 / 300 ... accepted 292. Emin=-8.90980526, Emax=52.30223417
realization 293 / 300 ... accepted 293. Emin=-14.12205229, Emax=76.65404225
realization 294 / 300 ... accepted 294. Emin=-15.97755259, Emax=94.20507618
realization 295 / 300 ... accepted 295. Emin=3.19830150, Emax=69.74837072
realization 296 / 300 ... accepted 296. Emin=-6.58675900, Emax=76.63229884
realization 297 / 300 ... accepted 297. Emin=15.14594249, Emax=73.67811999
realization 298 / 300 ... accepted 298. Emin=-8.36724587, Emax=53.95910554
realization 299 / 300 ... accepted 299. Emin=-9.57405906, Emax=74.18720035
realization 300 / 300 ... accepted 300. Emin=18.05828367, Emax=89.79980733
Saved final energies: /home/2/kj405942/POLFED_bosons/pbs_bose_legacy_nmax2_periodic/data/U_6/W_12/L_6/N_6_nmax_2/boundary_periodic/energies_full_U6_L6_N6_nmax2_W12_boundaryperiodic_nreal300.txt
Accepted realizations: 300 / 300
Skipped realizations: 0
Job finished at Sun May 31 18:00:47 UTC 2026
