Job started on w30 at Sun May 31 17:10:25 UTC 2026
PBS_JOBID=7731391.kruk-host.ift-klaster.lan
PBS_O_WORKDIR=/home/2/kj405942/POLFED_bosons
Bose-Hubbard: L=6, N=6, nmax=2, dim=141
t=1, U=7, W=7, nreal=300, boundary=periodic, mode=full
Writing partial results to /home/2/kj405942/POLFED_bosons/pbs_bose_legacy_nmax2_periodic/data/U_7/W_7/L_6/N_6_nmax_2/boundary_periodic/energies_full_U7_L6_N6_nmax2_W7_boundaryperiodic_nreal300_partial.txt
realization 1 / 300 ... accepted 1. Emin=6.29533977, Emax=71.05841901
realization 2 / 300 ... accepted 2. Emin=-14.35712180, Emax=42.50832662
realization 3 / 300 ... accepted 3. Emin=-9.82667728, Emax=59.01404460
realization 4 / 300 ... accepted 4. Emin=8.80228768, Emax=63.61782171
realization 5 / 300 ... accepted 5. Emin=-26.36290350, Emax=36.26194347
realization 6 / 300 ... accepted 6. Emin=-10.94455521, Emax=48.24006128
realization 7 / 300 ... accepted 7. Emin=7.61303503, Emax=68.39912596
realization 8 / 300 ... accepted 8. Emin=-12.48340752, Emax=54.60276447
realization 9 / 300 ... accepted 9. Emin=1.20280908, Emax=67.08695495
realization 10 / 300 ... accepted 10. Emin=-17.36702635, Emax=41.14534172
realization 11 / 300 ... accepted 11. Emin=2.15449856, Emax=63.55274389
realization 12 / 300 ... accepted 12. Emin=-2.13759360, Emax=66.79616953
realization 13 / 300 ... accepted 13. Emin=-15.92218570, Emax=32.38552579
realization 14 / 300 ... accepted 14. Emin=-9.74657609, Emax=47.44809810
realization 15 / 300 ... accepted 15. Emin=-1.60869821, Emax=51.06367929
realization 16 / 300 ... accepted 16. Emin=-5.34535744, Emax=52.84897313
realization 17 / 300 ... accepted 17. Emin=-2.33508487, Emax=61.72333659
realization 18 / 300 ... accepted 18. Emin=3.49275351, Emax=65.96821178
realization 19 / 300 ... accepted 19. Emin=10.24008349, Emax=72.24836872
realization 20 / 300 ... accepted 20. Emin=-12.76750178, Emax=45.16927352
realization 21 / 300 ... accepted 21. Emin=-8.56222039, Emax=53.58644793
realization 22 / 300 ... accepted 22. Emin=-19.83763757, Emax=40.72378310
realization 23 / 300 ... accepted 23. Emin=-9.68045191, Emax=56.58728433
realization 24 / 300 ... accepted 24. Emin=6.11346021, Emax=68.90854611
realization 25 / 300 ... accepted 25. Emin=14.28191541, Emax=73.61723180
realization 26 / 300 ... accepted 26. Emin=3.33495793, Emax=64.19595412
realization 27 / 300 ... accepted 27. Emin=-7.29938956, Emax=50.74106000
realization 28 / 300 ... accepted 28. Emin=-6.46832388, Emax=57.57969769
realization 29 / 300 ... accepted 29. Emin=-6.52678314, Emax=56.91996668
realization 30 / 300 ... accepted 30. Emin=10.18122833, Emax=68.86995267
realization 31 / 300 ... accepted 31. Emin=9.91818551, Emax=68.97540064
realization 32 / 300 ... accepted 32. Emin=-11.59998357, Emax=52.80098019
realization 33 / 300 ... accepted 33. Emin=-7.40209487, Emax=53.45077107
realization 34 / 300 ... accepted 34. Emin=19.48606051, Emax=76.37932302
realization 35 / 300 ... accepted 35. Emin=-17.01221648, Emax=37.09594943
realization 36 / 300 ... accepted 36. Emin=15.86859126, Emax=75.92407869
realization 37 / 300 ... accepted 37. Emin=3.28826946, Emax=68.19021887
realization 38 / 300 ... accepted 38. Emin=-11.30622346, Emax=50.29708896
realization 39 / 300 ... accepted 39. Emin=8.47182671, Emax=71.21127251
realization 40 / 300 ... accepted 40. Emin=14.48108900, Emax=72.42221993
realization 41 / 300 ... accepted 41. Emin=-0.00239153, Emax=62.59455239
realization 42 / 300 ... accepted 42. Emin=-21.39303558, Emax=43.24907685
realization 43 / 300 ... accepted 43. Emin=3.12681003, Emax=68.91205631
realization 44 / 300 ... accepted 44. Emin=-2.17663426, Emax=52.04878494
realization 45 / 300 ... accepted 45. Emin=0.87856999, Emax=62.66880916
realization 46 / 300 ... accepted 46. Emin=-3.95769986, Emax=54.07853301
realization 47 / 300 ... accepted 47. Emin=-0.08559111, Emax=69.23262338
realization 48 / 300 ... accepted 48. Emin=-2.30575770, Emax=61.06381882
realization 49 / 300 ... accepted 49. Emin=-0.90479721, Emax=57.84080718
realization 50 / 300 ... accepted 50. Emin=-2.17324542, Emax=66.13758300
realization 51 / 300 ... accepted 51. Emin=-11.02522770, Emax=51.25207866
realization 52 / 300 ... accepted 52. Emin=-4.35630596, Emax=67.71516051
realization 53 / 300 ... accepted 53. Emin=-13.62431878, Emax=56.45382553
realization 54 / 300 ... accepted 54. Emin=11.43383328, Emax=72.25336951
realization 55 / 300 ... accepted 55. Emin=5.81595908, Emax=71.19886645
realization 56 / 300 ... accepted 56. Emin=-1.34755465, Emax=67.63923805
realization 57 / 300 ... accepted 57. Emin=2.85603888, Emax=68.59530115
realization 58 / 300 ... accepted 58. Emin=8.55499350, Emax=71.12470391
realization 59 / 300 ... accepted 59. Emin=8.33172539, Emax=69.55289927
realization 60 / 300 ... accepted 60. Emin=0.44657402, Emax=70.93328175
realization 61 / 300 ... accepted 61. Emin=11.02561770, Emax=71.42412810
realization 62 / 300 ... accepted 62. Emin=4.46482713, Emax=61.23249814
realization 63 / 300 ... accepted 63. Emin=7.79847197, Emax=77.30330768
realization 64 / 300 ... accepted 64. Emin=-11.43233970, Emax=54.48144383
realization 65 / 300 ... accepted 65. Emin=13.15772430, Emax=75.47391749
realization 66 / 300 ... accepted 66. Emin=-3.75079747, Emax=73.15014553
realization 67 / 300 ... accepted 67. Emin=-22.54481204, Emax=35.41522026
realization 68 / 300 ... accepted 68. Emin=6.86679247, Emax=70.06491883
realization 69 / 300 ... accepted 69. Emin=7.90111013, Emax=71.70853744
realization 70 / 300 ... accepted 70. Emin=2.42687394, Emax=66.60031807
realization 71 / 300 ... accepted 71. Emin=-0.09266752, Emax=74.04546610
realization 72 / 300 ... accepted 72. Emin=6.89980695, Emax=70.18642438
realization 73 / 300 ... accepted 73. Emin=-21.66962202, Emax=30.34473774
realization 74 / 300 ... accepted 74. Emin=11.44181459, Emax=73.54172210
realization 75 / 300 ... accepted 75. Emin=-5.06713560, Emax=54.28882546
realization 76 / 300 ... accepted 76. Emin=11.31637621, Emax=79.44368502
realization 77 / 300 ... accepted 77. Emin=-4.92755970, Emax=63.15694310
realization 78 / 300 ... accepted 78. Emin=0.49313062, Emax=64.87876546
realization 79 / 300 ... accepted 79. Emin=4.76804603, Emax=63.70805443
realization 80 / 300 ... accepted 80. Emin=-12.28719122, Emax=47.91720243
realization 81 / 300 ... accepted 81. Emin=-2.22625012, Emax=71.15896162
realization 82 / 300 ... accepted 82. Emin=-19.58831876, Emax=45.53372784
realization 83 / 300 ... accepted 83. Emin=7.79337236, Emax=73.92286471
realization 84 / 300 ... accepted 84. Emin=7.53992536, Emax=70.20041652
realization 85 / 300 ... accepted 85. Emin=3.82230948, Emax=76.15082928
realization 86 / 300 ... accepted 86. Emin=-4.60358267, Emax=59.06534767
realization 87 / 300 ... accepted 87. Emin=5.91079655, Emax=68.04238981
realization 88 / 300 ... accepted 88. Emin=-14.87702067, Emax=51.25041825
realization 89 / 300 ... accepted 89. Emin=-12.18514869, Emax=52.41681267
realization 90 / 300 ... accepted 90. Emin=-9.69098517, Emax=48.38916478
realization 91 / 300 ... accepted 91. Emin=13.72792874, Emax=73.49214663
realization 92 / 300 ... accepted 92. Emin=2.20645493, Emax=70.38825402
realization 93 / 300 ... accepted 93. Emin=3.29580549, Emax=56.63568751
realization 94 / 300 ... accepted 94. Emin=-4.56743980, Emax=59.28315313
realization 95 / 300 ... accepted 95. Emin=-3.99164338, Emax=63.45778254
realization 96 / 300 ... accepted 96. Emin=3.91005456, Emax=74.29542734
realization 97 / 300 ... accepted 97. Emin=-3.74303494, Emax=51.71348675
realization 98 / 300 ... accepted 98. Emin=-14.69535804, Emax=43.91118963
realization 99 / 300 ... accepted 99. Emin=15.06763514, Emax=77.25701682
realization 100 / 300 ... accepted 100. Emin=10.36302019, Emax=68.36795161
realization 101 / 300 ... accepted 101. Emin=14.88985539, Emax=77.17028399
realization 102 / 300 ... accepted 102. Emin=-25.68976674, Emax=36.53078025
realization 103 / 300 ... accepted 103. Emin=-2.91003227, Emax=53.12511968
realization 104 / 300 ... accepted 104. Emin=6.11171880, Emax=74.69222322
realization 105 / 300 ... accepted 105. Emin=-5.60147828, Emax=58.50118086
realization 106 / 300 ... accepted 106. Emin=-7.86378941, Emax=47.83220149
realization 107 / 300 ... accepted 107. Emin=-10.13796201, Emax=53.73062078
realization 108 / 300 ... accepted 108. Emin=7.35036546, Emax=77.52240624
realization 109 / 300 ... accepted 109. Emin=-3.98861424, Emax=62.57179196
realization 110 / 300 ... accepted 110. Emin=7.94857677, Emax=70.21187490
realization 111 / 300 ... accepted 111. Emin=-5.05009662, Emax=52.65342308
realization 112 / 300 ... accepted 112. Emin=2.64890634, Emax=67.78929185
realization 113 / 300 ... accepted 113. Emin=-2.87026776, Emax=70.14301099
realization 114 / 300 ... accepted 114. Emin=-17.85560303, Emax=38.58899169
realization 115 / 300 ... accepted 115. Emin=-10.12105123, Emax=60.59350642
realization 116 / 300 ... accepted 116. Emin=-2.04305552, Emax=68.75807945
realization 117 / 300 ... accepted 117. Emin=-8.75827238, Emax=55.76345218
realization 118 / 300 ... accepted 118. Emin=-4.70545229, Emax=56.32938798
realization 119 / 300 ... accepted 119. Emin=-1.48616171, Emax=68.11685655
realization 120 / 300 ... accepted 120. Emin=7.51257845, Emax=78.30591801
realization 121 / 300 ... accepted 121. Emin=-1.18212788, Emax=59.59798578
realization 122 / 300 ... accepted 122. Emin=-9.65894148, Emax=59.14506156
realization 123 / 300 ... accepted 123. Emin=-2.40149688, Emax=58.42209740
realization 124 / 300 ... accepted 124. Emin=8.93844383, Emax=76.36680816
realization 125 / 300 ... accepted 125. Emin=-9.74418062, Emax=46.23564346
realization 126 / 300 ... accepted 126. Emin=22.13851801, Emax=78.61080648
realization 127 / 300 ... accepted 127. Emin=-14.28651332, Emax=40.66178554
realization 128 / 300 ... accepted 128. Emin=-16.70834704, Emax=45.18838615
realization 129 / 300 ... accepted 129. Emin=-16.75418136, Emax=46.55316560
realization 130 / 300 ... accepted 130. Emin=11.11242010, Emax=69.67701271
realization 131 / 300 ... accepted 131. Emin=-3.28172831, Emax=58.09872539
realization 132 / 300 ... accepted 132. Emin=-10.94197501, Emax=54.51835593
realization 133 / 300 ... accepted 133. Emin=-6.94069021, Emax=54.27335275
realization 134 / 300 ... accepted 134. Emin=2.52205527, Emax=73.07476476
realization 135 / 300 ... accepted 135. Emin=-15.10395644, Emax=45.89820832
realization 136 / 300 ... accepted 136. Emin=20.13222205, Emax=74.81458593
realization 137 / 300 ... accepted 137. Emin=-12.11785436, Emax=48.53177743
realization 138 / 300 ... accepted 138. Emin=-3.76613396, Emax=59.77368884
realization 139 / 300 ... accepted 139. Emin=-2.43816884, Emax=70.45380966
realization 140 / 300 ... accepted 140. Emin=0.05804809, Emax=62.55122664
realization 141 / 300 ... accepted 141. Emin=-8.89264238, Emax=47.33265875
realization 142 / 300 ... accepted 142. Emin=-8.21943948, Emax=49.66696874
realization 143 / 300 ... accepted 143. Emin=2.42433677, Emax=65.24752450
realization 144 / 300 ... accepted 144. Emin=-13.40378723, Emax=47.88494391
realization 145 / 300 ... accepted 145. Emin=4.25160996, Emax=71.38486418
realization 146 / 300 ... accepted 146. Emin=-8.40146344, Emax=57.76593016
realization 147 / 300 ... accepted 147. Emin=7.40135739, Emax=67.72279984
realization 148 / 300 ... accepted 148. Emin=17.74212110, Emax=73.24831232
realization 149 / 300 ... accepted 149. Emin=7.71680895, Emax=59.43702417
realization 150 / 300 ... accepted 150. Emin=-2.60847471, Emax=54.81998647
realization 151 / 300 ... accepted 151. Emin=11.59898382, Emax=69.62129822
realization 152 / 300 ... accepted 152. Emin=-9.63773415, Emax=51.93349925
realization 153 / 300 ... accepted 153. Emin=-7.65443931, Emax=66.12248886
realization 154 / 300 ... accepted 154. Emin=-6.07364716, Emax=51.19127962
realization 155 / 300 ... accepted 155. Emin=-9.35719143, Emax=49.12774389
realization 156 / 300 ... accepted 156. Emin=-2.99956298, Emax=59.81788037
realization 157 / 300 ... accepted 157. Emin=13.40687365, Emax=74.37615829
realization 158 / 300 ... accepted 158. Emin=-7.63734088, Emax=70.03387388
realization 159 / 300 ... accepted 159. Emin=-10.71596119, Emax=38.63966703
realization 160 / 300 ... accepted 160. Emin=-18.33739828, Emax=34.20282205
realization 161 / 300 ... accepted 161. Emin=0.60837771, Emax=62.91676673
realization 162 / 300 ... accepted 162. Emin=-4.10041197, Emax=64.06801162
realization 163 / 300 ... accepted 163. Emin=4.40359538, Emax=70.41966009
realization 164 / 300 ... accepted 164. Emin=-6.46603248, Emax=65.07177142
realization 165 / 300 ... accepted 165. Emin=-13.51092298, Emax=52.42899889
realization 166 / 300 ... accepted 166. Emin=-7.72595324, Emax=50.82956931
realization 167 / 300 ... accepted 167. Emin=18.27417378, Emax=73.89302301
realization 168 / 300 ... accepted 168. Emin=-7.23398218, Emax=56.61672141
realization 169 / 300 ... accepted 169. Emin=-10.00963470, Emax=51.58894425
realization 170 / 300 ... accepted 170. Emin=10.10188557, Emax=72.24348650
realization 171 / 300 ... accepted 171. Emin=-0.97278748, Emax=65.26353480
realization 172 / 300 ... accepted 172. Emin=11.85614218, Emax=72.63443433
realization 173 / 300 ... accepted 173. Emin=-12.70556914, Emax=50.49517182
realization 174 / 300 ... accepted 174. Emin=4.34332931, Emax=74.91111358
realization 175 / 300 ... accepted 175. Emin=-15.90826188, Emax=42.88636748
realization 176 / 300 ... accepted 176. Emin=16.51876940, Emax=70.43357576
realization 177 / 300 ... accepted 177. Emin=-2.60721111, Emax=66.68108931
realization 178 / 300 ... accepted 178. Emin=-13.88029703, Emax=52.12147773
realization 179 / 300 ... accepted 179. Emin=-1.29373881, Emax=66.44766074
realization 180 / 300 ... accepted 180. Emin=-2.53520320, Emax=63.03027816
realization 181 / 300 ... accepted 181. Emin=2.50746813, Emax=72.16938619
realization 182 / 300 ... accepted 182. Emin=7.62451966, Emax=71.94367614
realization 183 / 300 ... accepted 183. Emin=5.53438620, Emax=65.22542092
realization 184 / 300 ... accepted 184. Emin=5.11287600, Emax=70.72403130
realization 185 / 300 ... accepted 185. Emin=0.27400802, Emax=59.47340564
realization 186 / 300 ... accepted 186. Emin=-9.62468293, Emax=53.29463357
realization 187 / 300 ... accepted 187. Emin=13.03791759, Emax=68.54764224
realization 188 / 300 ... accepted 188. Emin=10.89591457, Emax=75.45546063
realization 189 / 300 ... accepted 189. Emin=-9.65529237, Emax=55.46462277
realization 190 / 300 ... accepted 190. Emin=-5.82722537, Emax=65.51088030
realization 191 / 300 ... accepted 191. Emin=-11.36596596, Emax=48.26614839
realization 192 / 300 ... accepted 192. Emin=-10.66648142, Emax=45.41992900
realization 193 / 300 ... accepted 193. Emin=0.08407618, Emax=57.56770567
realization 194 / 300 ... accepted 194. Emin=13.82696759, Emax=74.66851389
realization 195 / 300 ... accepted 195. Emin=-17.16221364, Emax=39.89979160
realization 196 / 300 ... accepted 196. Emin=-0.04358784, Emax=66.47718533
realization 197 / 300 ... accepted 197. Emin=-2.56619883, Emax=58.71391569
realization 198 / 300 ... accepted 198. Emin=9.94250516, Emax=70.35326319
realization 199 / 300 ... accepted 199. Emin=10.85942704, Emax=77.60954626
realization 200 / 300 ... accepted 200. Emin=-12.87092317, Emax=50.43103854
realization 201 / 300 ... accepted 201. Emin=1.62760612, Emax=59.33916691
realization 202 / 300 ... accepted 202. Emin=-3.20546924, Emax=72.49696212
realization 203 / 300 ... accepted 203. Emin=1.05413115, Emax=63.52978086
realization 204 / 300 ... accepted 204. Emin=-10.03947522, Emax=55.00068526
realization 205 / 300 ... accepted 205. Emin=16.14645686, Emax=74.50310163
realization 206 / 300 ... accepted 206. Emin=-8.83600455, Emax=45.50341796
realization 207 / 300 ... accepted 207. Emin=-7.27903760, Emax=60.57573970
realization 208 / 300 ... accepted 208. Emin=-7.82769760, Emax=62.98240288
realization 209 / 300 ... accepted 209. Emin=0.37432311, Emax=65.17359495
realization 210 / 300 ... accepted 210. Emin=-5.04317279, Emax=63.36741288
realization 211 / 300 ... accepted 211. Emin=2.15304157, Emax=68.63379115
realization 212 / 300 ... accepted 212. Emin=-0.73900235, Emax=51.29296353
realization 213 / 300 ... accepted 213. Emin=8.52469175, Emax=70.07957681
realization 214 / 300 ... accepted 214. Emin=-11.12110579, Emax=56.35765059
realization 215 / 300 ... accepted 215. Emin=-12.25038386, Emax=45.87193786
realization 216 / 300 ... accepted 216. Emin=2.04348407, Emax=66.90508182
realization 217 / 300 ... accepted 217. Emin=-15.82831143, Emax=41.08927352
realization 218 / 300 ... accepted 218. Emin=19.26788664, Emax=77.54969245
realization 219 / 300 ... accepted 219. Emin=-3.30502983, Emax=64.26973392
realization 220 / 300 ... accepted 220. Emin=-0.89247695, Emax=63.61676555
realization 221 / 300 ... accepted 221. Emin=2.20845435, Emax=67.08332571
realization 222 / 300 ... accepted 222. Emin=0.55062589, Emax=63.15020041
realization 223 / 300 ... accepted 223. Emin=-4.08578512, Emax=52.68304421
realization 224 / 300 ... accepted 224. Emin=-17.98905591, Emax=41.98187510
realization 225 / 300 ... accepted 225. Emin=0.01631332, Emax=72.32228770
realization 226 / 300 ... accepted 226. Emin=23.08517405, Emax=72.62587143
realization 227 / 300 ... accepted 227. Emin=11.77570098, Emax=77.03426886
realization 228 / 300 ... accepted 228. Emin=2.72907121, Emax=71.37976682
realization 229 / 300 ... accepted 229. Emin=-13.61786065, Emax=53.90361391
realization 230 / 300 ... accepted 230. Emin=-6.05276310, Emax=57.12893712
realization 231 / 300 ... accepted 231. Emin=-7.40829380, Emax=52.20862387
realization 232 / 300 ... accepted 232. Emin=-10.86516526, Emax=55.26247452
realization 233 / 300 ... accepted 233. Emin=-1.84658673, Emax=61.68259228
realization 234 / 300 ... accepted 234. Emin=-0.88242448, Emax=54.57589768
realization 235 / 300 ... accepted 235. Emin=1.39188325, Emax=67.89496812
realization 236 / 300 ... accepted 236. Emin=-8.53205498, Emax=48.39495293
realization 237 / 300 ... accepted 237. Emin=-0.96413100, Emax=56.75588491
realization 238 / 300 ... accepted 238. Emin=-4.10204298, Emax=54.28202906
realization 239 / 300 ... accepted 239. Emin=-9.47123778, Emax=52.61222485
realization 240 / 300 ... accepted 240. Emin=0.26037595, Emax=62.19435702
realization 241 / 300 ... accepted 241. Emin=2.21850689, Emax=65.79225189
realization 242 / 300 ... accepted 242. Emin=-8.28763611, Emax=58.21334875
realization 243 / 300 ... accepted 243. Emin=-8.33214918, Emax=47.47390860
realization 244 / 300 ... accepted 244. Emin=-28.13544321, Emax=30.38795203
realization 245 / 300 ... accepted 245. Emin=4.71788153, Emax=66.76110880
realization 246 / 300 ... accepted 246. Emin=-5.43267690, Emax=60.69025358
realization 247 / 300 ... accepted 247. Emin=10.56191758, Emax=76.62167058
realization 248 / 300 ... accepted 248. Emin=2.52159854, Emax=64.32998379
realization 249 / 300 ... accepted 249. Emin=-3.06775359, Emax=59.32622790
realization 250 / 300 ... accepted 250. Emin=-18.30434992, Emax=44.32260278
realization 251 / 300 ... accepted 251. Emin=-10.76844014, Emax=60.08025485
realization 252 / 300 ... accepted 252. Emin=11.66953904, Emax=79.06961273
realization 253 / 300 ... accepted 253. Emin=2.57067007, Emax=64.76152709
realization 254 / 300 ... accepted 254. Emin=7.30947601, Emax=72.76440580
realization 255 / 300 ... accepted 255. Emin=-3.73802444, Emax=62.41743983
realization 256 / 300 ... accepted 256. Emin=8.26041008, Emax=74.70982207
realization 257 / 300 ... accepted 257. Emin=-8.19031339, Emax=57.59113419
realization 258 / 300 ... accepted 258. Emin=16.17131032, Emax=71.99478681
realization 259 / 300 ... accepted 259. Emin=15.23565759, Emax=80.02425947
realization 260 / 300 ... accepted 260. Emin=-23.87875918, Emax=37.64389070
realization 261 / 300 ... accepted 261. Emin=-0.24721656, Emax=58.44684033
realization 262 / 300 ... accepted 262. Emin=-20.64437756, Emax=40.21975126
realization 263 / 300 ... accepted 263. Emin=-15.75063908, Emax=48.69950680
realization 264 / 300 ... accepted 264. Emin=2.10515462, Emax=64.32924352
realization 265 / 300 ... accepted 265. Emin=-0.42955318, Emax=66.17728165
realization 266 / 300 ... accepted 266. Emin=-0.41158505, Emax=65.54972934
realization 267 / 300 ... accepted 267. Emin=-8.61251624, Emax=63.89155577
realization 268 / 300 ... accepted 268. Emin=-10.58735122, Emax=53.36554937
realization 269 / 300 ... accepted 269. Emin=-11.47767292, Emax=59.29348370
realization 270 / 300 ... accepted 270. Emin=2.29094342, Emax=57.43295547
realization 271 / 300 ... accepted 271. Emin=3.53623390, Emax=69.10428431
realization 272 / 300 ... accepted 272. Emin=3.66294339, Emax=65.87254775
realization 273 / 300 ... accepted 273. Emin=-6.51510854, Emax=51.07429410
realization 274 / 300 ... accepted 274. Emin=6.85367529, Emax=59.00623951
realization 275 / 300 ... accepted 275. Emin=14.23602670, Emax=74.40636292
realization 276 / 300 ... accepted 276. Emin=13.83427876, Emax=74.25004762
realization 277 / 300 ... accepted 277. Emin=4.28876763, Emax=73.68119918
realization 278 / 300 ... accepted 278. Emin=-13.04933074, Emax=45.44299156
realization 279 / 300 ... accepted 279. Emin=-15.03544173, Emax=46.07058578
realization 280 / 300 ... accepted 280. Emin=10.95385958, Emax=71.95411442
realization 281 / 300 ... accepted 281. Emin=19.57987537, Emax=82.57241610
realization 282 / 300 ... accepted 282. Emin=-10.88525863, Emax=55.72135744
realization 283 / 300 ... accepted 283. Emin=2.02448777, Emax=64.25834656
realization 284 / 300 ... accepted 284. Emin=-0.69952142, Emax=71.49604164
realization 285 / 300 ... accepted 285. Emin=-1.14175298, Emax=62.50063287
realization 286 / 300 ... accepted 286. Emin=-3.15455483, Emax=69.08392568
realization 287 / 300 ... accepted 287. Emin=0.16352589, Emax=64.72147687
realization 288 / 300 ... accepted 288. Emin=0.87441605, Emax=64.73864986
realization 289 / 300 ... accepted 289. Emin=6.47496186, Emax=74.19170717
realization 290 / 300 ... accepted 290. Emin=3.72991630, Emax=62.92689987
realization 291 / 300 ... accepted 291. Emin=-1.76868756, Emax=60.48500067
realization 292 / 300 ... accepted 292. Emin=1.63715212, Emax=68.41890765
realization 293 / 300 ... accepted 293. Emin=6.88230702, Emax=71.68355793
realization 294 / 300 ... accepted 294. Emin=-0.63390176, Emax=67.71893121
realization 295 / 300 ... accepted 295. Emin=-1.28986204, Emax=66.19222366
realization 296 / 300 ... accepted 296. Emin=-3.94965023, Emax=63.86848042
realization 297 / 300 ... accepted 297. Emin=-9.60324664, Emax=53.98819875
realization 298 / 300 ... accepted 298. Emin=-9.44972028, Emax=56.76465321
realization 299 / 300 ... accepted 299. Emin=-9.02973663, Emax=45.70954137
realization 300 / 300 ... accepted 300. Emin=-0.74403360, Emax=60.56113543
Saved final energies: /home/2/kj405942/POLFED_bosons/pbs_bose_legacy_nmax2_periodic/data/U_7/W_7/L_6/N_6_nmax_2/boundary_periodic/energies_full_U7_L6_N6_nmax2_W7_boundaryperiodic_nreal300.txt
Accepted realizations: 300 / 300
Skipped realizations: 0
Job finished at Sun May 31 17:10:55 UTC 2026
