Job started on w28 at Sun May 31 17:06:58 UTC 2026
PBS_JOBID=7731385.kruk-host.ift-klaster.lan
PBS_O_WORKDIR=/home/2/kj405942/POLFED_bosons
Bose-Hubbard: L=6, N=6, nmax=2, dim=141
t=1, U=7, W=1, nreal=300, boundary=periodic, mode=full
Writing partial results to /home/2/kj405942/POLFED_bosons/pbs_bose_legacy_nmax2_periodic/data/U_7/W_1/L_6/N_6_nmax_2/boundary_periodic/energies_full_U7_L6_N6_nmax2_W1_boundaryperiodic_nreal300_partial.txt
realization 1 / 300 ... accepted 1. Emin=-2.30834552, Emax=44.08473335
realization 2 / 300 ... accepted 2. Emin=-1.60666656, Emax=45.34564136
realization 3 / 300 ... accepted 3. Emin=-3.11936343, Emax=44.43239189
realization 4 / 300 ... accepted 4. Emin=-0.60147801, Emax=46.96121292
realization 5 / 300 ... accepted 5. Emin=-2.70700529, Emax=44.66393906
realization 6 / 300 ... accepted 6. Emin=-2.46128480, Emax=44.28799774
realization 7 / 300 ... accepted 7. Emin=-4.06442458, Emax=42.83667397
realization 8 / 300 ... accepted 8. Emin=-1.08550160, Emax=45.80194528
realization 9 / 300 ... accepted 9. Emin=-1.81833632, Emax=44.60241667
realization 10 / 300 ... accepted 10. Emin=-0.08114599, Emax=46.65851970
realization 11 / 300 ... accepted 11. Emin=-0.20009671, Emax=46.31262174
realization 12 / 300 ... accepted 12. Emin=-2.77275869, Emax=43.90906748
realization 13 / 300 ... accepted 13. Emin=-1.97911897, Emax=45.98104354
realization 14 / 300 ... accepted 14. Emin=-3.98756334, Emax=41.74366593
realization 15 / 300 ... accepted 15. Emin=-0.50570420, Emax=46.49759018
realization 16 / 300 ... accepted 16. Emin=-1.31409320, Emax=46.47212474
realization 17 / 300 ... accepted 17. Emin=-2.09536474, Emax=45.63067970
realization 18 / 300 ... accepted 18. Emin=-2.10662530, Emax=44.61684309
realization 19 / 300 ... accepted 19. Emin=-4.21918441, Emax=42.67016720
realization 20 / 300 ... accepted 20. Emin=-1.96581483, Emax=44.43810064
realization 21 / 300 ... accepted 21. Emin=0.13272580, Emax=46.12337892
realization 22 / 300 ... accepted 22. Emin=-2.63103366, Emax=44.92975234
realization 23 / 300 ... accepted 23. Emin=-0.49186189, Emax=46.57561132
realization 24 / 300 ... accepted 24. Emin=-1.85731685, Emax=45.20269373
realization 25 / 300 ... accepted 25. Emin=-1.56347846, Emax=47.50301066
realization 26 / 300 ... accepted 26. Emin=-0.87291200, Emax=46.49428521
realization 27 / 300 ... accepted 27. Emin=-3.76436478, Emax=43.25547108
realization 28 / 300 ... accepted 28. Emin=0.38856428, Emax=46.62538371
realization 29 / 300 ... accepted 29. Emin=-2.46360317, Emax=44.64368447
realization 30 / 300 ... accepted 30. Emin=-2.16406424, Emax=46.01143171
realization 31 / 300 ... accepted 31. Emin=-0.83868230, Emax=44.99447060
realization 32 / 300 ... accepted 32. Emin=-1.55531896, Emax=45.58325113
realization 33 / 300 ... accepted 33. Emin=-0.51972847, Emax=45.94486751
realization 34 / 300 ... accepted 34. Emin=-0.09750120, Emax=47.06859482
realization 35 / 300 ... accepted 35. Emin=-2.63038384, Emax=44.46583819
realization 36 / 300 ... accepted 36. Emin=-1.95248997, Emax=46.41208489
realization 37 / 300 ... accepted 37. Emin=-1.72693748, Emax=45.39561935
realization 38 / 300 ... accepted 38. Emin=-2.20823199, Emax=45.25985083
realization 39 / 300 ... accepted 39. Emin=-1.35792375, Emax=45.46397591
realization 40 / 300 ... accepted 40. Emin=0.22938439, Emax=47.28394819
realization 41 / 300 ... accepted 41. Emin=-0.35693710, Emax=46.35254375
realization 42 / 300 ... accepted 42. Emin=-3.36429773, Emax=44.23183841
realization 43 / 300 ... accepted 43. Emin=-2.80543419, Emax=43.98837188
realization 44 / 300 ... accepted 44. Emin=-0.88973429, Emax=45.97431921
realization 45 / 300 ... accepted 45. Emin=-0.98239752, Emax=46.43498144
realization 46 / 300 ... accepted 46. Emin=-2.03652790, Emax=45.41571165
realization 47 / 300 ... accepted 47. Emin=-2.49816750, Emax=45.49674880
realization 48 / 300 ... accepted 48. Emin=0.10823442, Emax=47.24811398
realization 49 / 300 ... accepted 49. Emin=-3.17034001, Emax=44.22393356
realization 50 / 300 ... accepted 50. Emin=-2.23702186, Emax=44.02511079
realization 51 / 300 ... accepted 51. Emin=-0.84121673, Emax=45.79240628
realization 52 / 300 ... accepted 52. Emin=-0.44826605, Emax=45.91367438
realization 53 / 300 ... accepted 53. Emin=-0.87249861, Emax=46.33651052
realization 54 / 300 ... accepted 54. Emin=-3.13054432, Emax=44.07150829
realization 55 / 300 ... accepted 55. Emin=-1.38559627, Emax=46.14743240
realization 56 / 300 ... accepted 56. Emin=-1.30783522, Emax=45.49067084
realization 57 / 300 ... accepted 57. Emin=-1.78187944, Emax=45.58047975
realization 58 / 300 ... accepted 58. Emin=-0.58373816, Emax=45.73480853
realization 59 / 300 ... accepted 59. Emin=-1.73081706, Emax=45.49733134
realization 60 / 300 ... accepted 60. Emin=-4.86275105, Emax=41.29390331
realization 61 / 300 ... accepted 61. Emin=-1.88749648, Emax=45.11121259
realization 62 / 300 ... accepted 62. Emin=-1.45286816, Emax=45.55643046
realization 63 / 300 ... accepted 63. Emin=-0.81883043, Emax=46.44334541
realization 64 / 300 ... accepted 64. Emin=-0.18226934, Emax=48.14888203
realization 65 / 300 ... accepted 65. Emin=-0.74625896, Emax=45.76844726
realization 66 / 300 ... accepted 66. Emin=-1.40153982, Emax=45.91199255
realization 67 / 300 ... accepted 67. Emin=-0.53941487, Emax=45.19970137
realization 68 / 300 ... accepted 68. Emin=-0.91969776, Emax=46.01527456
realization 69 / 300 ... accepted 69. Emin=-1.64058333, Emax=46.34815685
realization 70 / 300 ... accepted 70. Emin=-0.62128646, Emax=46.69177671
realization 71 / 300 ... accepted 71. Emin=-2.33658371, Emax=44.57997215
realization 72 / 300 ... accepted 72. Emin=0.45077150, Emax=47.38786104
realization 73 / 300 ... accepted 73. Emin=-1.51537324, Emax=46.09782097
realization 74 / 300 ... accepted 74. Emin=-1.99823403, Emax=45.03697809
realization 75 / 300 ... accepted 75. Emin=-2.03622655, Emax=44.82488161
realization 76 / 300 ... accepted 76. Emin=-4.39252057, Emax=41.63596631
realization 77 / 300 ... accepted 77. Emin=-1.73552959, Emax=45.27147089
realization 78 / 300 ... accepted 78. Emin=-2.65896296, Emax=44.16474248
realization 79 / 300 ... accepted 79. Emin=-3.03270195, Emax=43.04394196
realization 80 / 300 ... accepted 80. Emin=-1.11436942, Emax=45.45651988
realization 81 / 300 ... accepted 81. Emin=-0.41054414, Emax=46.24821984
realization 82 / 300 ... accepted 82. Emin=0.44117628, Emax=47.51542126
realization 83 / 300 ... accepted 83. Emin=-1.15936795, Emax=44.72031662
realization 84 / 300 ... accepted 84. Emin=0.52076150, Emax=47.05239421
realization 85 / 300 ... accepted 85. Emin=-0.60705455, Emax=45.89129242
realization 86 / 300 ... accepted 86. Emin=-1.29858828, Emax=46.12944256
realization 87 / 300 ... accepted 87. Emin=-2.27265592, Emax=44.25537279
realization 88 / 300 ... accepted 88. Emin=0.64675875, Emax=46.88849828
realization 89 / 300 ... accepted 89. Emin=2.74102177, Emax=48.12312293
realization 90 / 300 ... accepted 90. Emin=-3.19526492, Emax=44.18590040
realization 91 / 300 ... accepted 91. Emin=-3.21359280, Emax=42.94425746
realization 92 / 300 ... accepted 92. Emin=-0.54832315, Emax=46.04391617
realization 93 / 300 ... accepted 93. Emin=-0.86690393, Emax=45.74242921
realization 94 / 300 ... accepted 94. Emin=1.36007515, Emax=46.86308710
realization 95 / 300 ... accepted 95. Emin=-3.53834492, Emax=43.73079650
realization 96 / 300 ... accepted 96. Emin=-1.05975402, Emax=44.65878651
realization 97 / 300 ... accepted 97. Emin=-1.82104954, Emax=45.35160801
realization 98 / 300 ... accepted 98. Emin=-1.65304147, Emax=45.58630572
realization 99 / 300 ... accepted 99. Emin=0.48436371, Emax=47.14632588
realization 100 / 300 ... accepted 100. Emin=-1.33060827, Emax=45.06391886
realization 101 / 300 ... accepted 101. Emin=-1.94279835, Emax=43.77431891
realization 102 / 300 ... accepted 102. Emin=-2.82415597, Emax=44.13515945
realization 103 / 300 ... accepted 103. Emin=0.17654304, Emax=47.51193215
realization 104 / 300 ... accepted 104. Emin=-0.34068611, Emax=46.07313595
realization 105 / 300 ... accepted 105. Emin=-0.33582535, Emax=46.98146796
realization 106 / 300 ... accepted 106. Emin=-2.73290752, Emax=43.83502579
realization 107 / 300 ... accepted 107. Emin=-2.60422420, Emax=45.10946401
realization 108 / 300 ... accepted 108. Emin=-1.58749908, Emax=44.79718013
realization 109 / 300 ... accepted 109. Emin=-1.70914202, Emax=45.01352095
realization 110 / 300 ... accepted 110. Emin=0.29958635, Emax=47.26735883
realization 111 / 300 ... accepted 111. Emin=-1.86000992, Emax=45.90987435
realization 112 / 300 ... accepted 112. Emin=-2.19805863, Emax=44.54652526
realization 113 / 300 ... accepted 113. Emin=-2.42491643, Emax=45.75227066
realization 114 / 300 ... accepted 114. Emin=-2.67765199, Emax=43.89450115
realization 115 / 300 ... accepted 115. Emin=1.30992352, Emax=47.02342771
realization 116 / 300 ... accepted 116. Emin=-3.81071718, Emax=42.53638230
realization 117 / 300 ... accepted 117. Emin=-0.73019150, Emax=45.77487601
realization 118 / 300 ... accepted 118. Emin=-3.73164181, Emax=42.73237566
realization 119 / 300 ... accepted 119. Emin=-3.94830808, Emax=42.20971609
realization 120 / 300 ... accepted 120. Emin=-1.54002162, Emax=44.46242869
realization 121 / 300 ... accepted 121. Emin=-1.64319920, Emax=45.11013683
realization 122 / 300 ... accepted 122. Emin=-0.61633554, Emax=46.48880820
realization 123 / 300 ... accepted 123. Emin=-2.94517642, Emax=44.37464574
realization 124 / 300 ... accepted 124. Emin=-3.17744524, Emax=42.56623035
realization 125 / 300 ... accepted 125. Emin=-2.47165760, Emax=44.77375489
realization 126 / 300 ... accepted 126. Emin=-3.95145274, Emax=43.08528392
realization 127 / 300 ... accepted 127. Emin=-0.60637760, Emax=46.15365423
realization 128 / 300 ... accepted 128. Emin=-0.49398691, Emax=45.92552922
realization 129 / 300 ... accepted 129. Emin=-2.52726929, Emax=45.31728533
realization 130 / 300 ... accepted 130. Emin=-1.15004610, Emax=45.84379830
realization 131 / 300 ... accepted 131. Emin=-1.47300702, Emax=45.43230566
realization 132 / 300 ... accepted 132. Emin=-2.14625366, Emax=45.16747997
realization 133 / 300 ... accepted 133. Emin=-0.48663171, Emax=47.22135585
realization 134 / 300 ... accepted 134. Emin=-0.99606165, Emax=45.65298148
realization 135 / 300 ... accepted 135. Emin=-2.04910595, Emax=44.92945690
realization 136 / 300 ... accepted 136. Emin=-1.46937600, Emax=45.67600458
realization 137 / 300 ... accepted 137. Emin=-0.66945667, Emax=46.19486443
realization 138 / 300 ... accepted 138. Emin=-2.28959642, Emax=45.18844224
realization 139 / 300 ... accepted 139. Emin=-3.85321048, Emax=43.10289894
realization 140 / 300 ... accepted 140. Emin=-1.26638615, Emax=45.60806334
realization 141 / 300 ... accepted 141. Emin=0.83921588, Emax=47.55866644
realization 142 / 300 ... accepted 142. Emin=-0.17205813, Emax=45.79289166
realization 143 / 300 ... accepted 143. Emin=-3.25014713, Emax=42.76436571
realization 144 / 300 ... accepted 144. Emin=-0.82655963, Emax=47.43913181
realization 145 / 300 ... accepted 145. Emin=-2.12911065, Emax=46.08027679
realization 146 / 300 ... accepted 146. Emin=-1.01955631, Emax=44.61272868
realization 147 / 300 ... accepted 147. Emin=0.42487059, Emax=46.79141570
realization 148 / 300 ... accepted 148. Emin=-2.32299259, Emax=45.08885564
realization 149 / 300 ... accepted 149. Emin=-2.54251993, Emax=45.33236124
realization 150 / 300 ... accepted 150. Emin=-1.05393734, Emax=45.99820229
realization 151 / 300 ... accepted 151. Emin=-0.31075914, Emax=46.02177809
realization 152 / 300 ... accepted 152. Emin=-1.30135046, Emax=46.88134755
realization 153 / 300 ... accepted 153. Emin=-1.95122831, Emax=45.00029288
realization 154 / 300 ... accepted 154. Emin=0.83002452, Emax=47.37186743
realization 155 / 300 ... accepted 155. Emin=0.03239682, Emax=47.18337931
realization 156 / 300 ... accepted 156. Emin=-1.33935113, Emax=45.21815302
realization 157 / 300 ... accepted 157. Emin=-0.12718244, Emax=47.69357141
realization 158 / 300 ... accepted 158. Emin=-0.54927033, Emax=47.36437250
realization 159 / 300 ... accepted 159. Emin=-1.18167373, Emax=46.41557234
realization 160 / 300 ... accepted 160. Emin=1.08343247, Emax=47.60383476
realization 161 / 300 ... accepted 161. Emin=-1.45271959, Emax=44.62052089
realization 162 / 300 ... accepted 162. Emin=-3.93943715, Emax=42.45032015
realization 163 / 300 ... accepted 163. Emin=-1.41201743, Emax=45.64733159
realization 164 / 300 ... accepted 164. Emin=-1.56835910, Emax=45.13739231
realization 165 / 300 ... accepted 165. Emin=-2.45510061, Emax=46.13311489
realization 166 / 300 ... accepted 166. Emin=1.66435796, Emax=47.70332634
realization 167 / 300 ... accepted 167. Emin=-0.53933873, Emax=47.84203955
realization 168 / 300 ... accepted 168. Emin=-0.54508962, Emax=46.64055281
realization 169 / 300 ... accepted 169. Emin=-1.45285640, Emax=44.56178584
realization 170 / 300 ... accepted 170. Emin=-0.38149770, Emax=46.36319464
realization 171 / 300 ... accepted 171. Emin=-2.56452467, Emax=43.86274306
realization 172 / 300 ... accepted 172. Emin=-0.10246126, Emax=46.02881966
realization 173 / 300 ... accepted 173. Emin=-2.92405636, Emax=43.06185548
realization 174 / 300 ... accepted 174. Emin=-0.69281141, Emax=46.58617287
realization 175 / 300 ... accepted 175. Emin=0.68908655, Emax=47.90470823
realization 176 / 300 ... accepted 176. Emin=-1.87722440, Emax=44.09967260
realization 177 / 300 ... accepted 177. Emin=-4.23423467, Emax=42.92445534
realization 178 / 300 ... accepted 178. Emin=-2.42305455, Emax=45.02336419
realization 179 / 300 ... accepted 179. Emin=-1.77143921, Emax=46.44955904
realization 180 / 300 ... accepted 180. Emin=0.35631508, Emax=47.87835181
realization 181 / 300 ... accepted 181. Emin=-1.83688158, Emax=46.03418159
realization 182 / 300 ... accepted 182. Emin=-2.85158671, Emax=44.23250908
realization 183 / 300 ... accepted 183. Emin=-2.31117148, Emax=45.37052259
realization 184 / 300 ... accepted 184. Emin=-2.71221388, Emax=44.42269347
realization 185 / 300 ... accepted 185. Emin=-1.03965438, Emax=45.45363196
realization 186 / 300 ... accepted 186. Emin=-2.80486237, Emax=44.38136921
realization 187 / 300 ... accepted 187. Emin=-1.83728680, Emax=44.70987438
realization 188 / 300 ... accepted 188. Emin=-2.95607256, Emax=44.36929695
realization 189 / 300 ... accepted 189. Emin=-1.20559874, Emax=44.80711497
realization 190 / 300 ... accepted 190. Emin=-1.47364745, Emax=46.18992296
realization 191 / 300 ... accepted 191. Emin=-1.80245769, Emax=44.93638937
realization 192 / 300 ... accepted 192. Emin=-1.36652116, Emax=45.01695347
realization 193 / 300 ... accepted 193. Emin=-0.61890885, Emax=46.44671038
realization 194 / 300 ... accepted 194. Emin=0.31415745, Emax=47.20474555
realization 195 / 300 ... accepted 195. Emin=-1.97046925, Emax=44.80821378
realization 196 / 300 ... accepted 196. Emin=-2.10374837, Emax=44.70767198
realization 197 / 300 ... accepted 197. Emin=1.32900371, Emax=47.91362027
realization 198 / 300 ... accepted 198. Emin=-3.59145691, Emax=42.97026893
realization 199 / 300 ... accepted 199. Emin=-0.32796268, Emax=46.80362183
realization 200 / 300 ... accepted 200. Emin=-5.06915316, Emax=40.11780924
realization 201 / 300 ... accepted 201. Emin=-1.74879171, Emax=45.04178130
realization 202 / 300 ... accepted 202. Emin=-2.45105256, Emax=45.66909623
realization 203 / 300 ... accepted 203. Emin=-2.14469918, Emax=44.68002485
realization 204 / 300 ... accepted 204. Emin=-1.15906894, Emax=45.09789551
realization 205 / 300 ... accepted 205. Emin=-3.33087416, Emax=44.58425064
realization 206 / 300 ... accepted 206. Emin=-1.96227617, Emax=44.74183065
realization 207 / 300 ... accepted 207. Emin=-0.87017742, Emax=46.47427394
realization 208 / 300 ... accepted 208. Emin=-0.93749107, Emax=46.53389694
realization 209 / 300 ... accepted 209. Emin=-1.18917386, Emax=45.45678447
realization 210 / 300 ... accepted 210. Emin=-3.68818911, Emax=43.34187531
realization 211 / 300 ... accepted 211. Emin=-2.93757871, Emax=43.80237125
realization 212 / 300 ... accepted 212. Emin=-2.05527545, Emax=44.43988044
realization 213 / 300 ... accepted 213. Emin=-0.99568118, Emax=46.03336264
realization 214 / 300 ... accepted 214. Emin=-3.38821889, Emax=42.62767901
realization 215 / 300 ... accepted 215. Emin=-0.42259879, Emax=45.93680697
realization 216 / 300 ... accepted 216. Emin=-3.10846601, Emax=44.34914691
realization 217 / 300 ... accepted 217. Emin=1.41379050, Emax=47.19572586
realization 218 / 300 ... accepted 218. Emin=-1.66163691, Emax=44.38703571
realization 219 / 300 ... accepted 219. Emin=-2.85117072, Emax=43.23498504
realization 220 / 300 ... accepted 220. Emin=-0.62868605, Emax=45.60816446
realization 221 / 300 ... accepted 221. Emin=-1.41362029, Emax=45.45396771
realization 222 / 300 ... accepted 222. Emin=-2.89089630, Emax=43.73469585
realization 223 / 300 ... accepted 223. Emin=-1.65170840, Emax=45.64375777
realization 224 / 300 ... accepted 224. Emin=0.54978683, Emax=46.96349037
realization 225 / 300 ... accepted 225. Emin=-3.41526467, Emax=43.09709062
realization 226 / 300 ... accepted 226. Emin=-3.03023587, Emax=44.25684461
realization 227 / 300 ... accepted 227. Emin=-0.00293557, Emax=47.31837263
realization 228 / 300 ... accepted 228. Emin=-2.38960133, Emax=43.99734629
realization 229 / 300 ... accepted 229. Emin=-1.77681440, Emax=45.32080992
realization 230 / 300 ... accepted 230. Emin=0.24823198, Emax=46.44379888
realization 231 / 300 ... accepted 231. Emin=-0.98200259, Emax=46.56759485
realization 232 / 300 ... accepted 232. Emin=-1.98911298, Emax=44.07781888
realization 233 / 300 ... accepted 233. Emin=-1.58418094, Emax=45.75654929
realization 234 / 300 ... accepted 234. Emin=-1.06624469, Emax=45.52568164
realization 235 / 300 ... accepted 235. Emin=-2.49591180, Emax=43.49828008
realization 236 / 300 ... accepted 236. Emin=-2.83671483, Emax=44.72176001
realization 237 / 300 ... accepted 237. Emin=-3.85393294, Emax=42.11035752
realization 238 / 300 ... accepted 238. Emin=-2.27196508, Emax=45.15449517
realization 239 / 300 ... accepted 239. Emin=0.00424756, Emax=46.32961841
realization 240 / 300 ... accepted 240. Emin=-0.55048340, Emax=46.47352147
realization 241 / 300 ... accepted 241. Emin=-3.72283024, Emax=43.37247252
realization 242 / 300 ... accepted 242. Emin=-2.89092106, Emax=43.41289566
realization 243 / 300 ... accepted 243. Emin=-1.45578799, Emax=46.97339827
realization 244 / 300 ... accepted 244. Emin=-0.08297338, Emax=45.62193226
realization 245 / 300 ... accepted 245. Emin=-4.42297097, Emax=41.76904347
realization 246 / 300 ... accepted 246. Emin=-1.91115594, Emax=44.22678978
realization 247 / 300 ... accepted 247. Emin=-0.48659796, Emax=46.08831248
realization 248 / 300 ... accepted 248. Emin=-2.30125033, Emax=44.37436497
realization 249 / 300 ... accepted 249. Emin=0.68048991, Emax=46.88572280
realization 250 / 300 ... accepted 250. Emin=-1.08447361, Emax=45.82251007
realization 251 / 300 ... accepted 251. Emin=-2.30416354, Emax=44.48584745
realization 252 / 300 ... accepted 252. Emin=-2.99461119, Emax=43.59029181
realization 253 / 300 ... accepted 253. Emin=-2.33236895, Emax=44.92696999
realization 254 / 300 ... accepted 254. Emin=-0.33722287, Emax=47.08036108
realization 255 / 300 ... accepted 255. Emin=-1.89883735, Emax=46.02705067
realization 256 / 300 ... accepted 256. Emin=-3.48609743, Emax=43.47789323
realization 257 / 300 ... accepted 257. Emin=-2.71514187, Emax=44.38263880
realization 258 / 300 ... accepted 258. Emin=0.54578971, Emax=47.18860004
realization 259 / 300 ... accepted 259. Emin=-0.73680653, Emax=46.46550363
realization 260 / 300 ... accepted 260. Emin=-2.60397661, Emax=45.20595159
realization 261 / 300 ... accepted 261. Emin=1.28027438, Emax=48.02286342
realization 262 / 300 ... accepted 262. Emin=-2.36477150, Emax=45.37296895
realization 263 / 300 ... accepted 263. Emin=-2.83328747, Emax=44.01476685
realization 264 / 300 ... accepted 264. Emin=-0.73719379, Emax=45.32700069
realization 265 / 300 ... accepted 265. Emin=-1.33362898, Emax=45.68059266
realization 266 / 300 ... accepted 266. Emin=-0.20214215, Emax=46.52677416
realization 267 / 300 ... accepted 267. Emin=-0.91329223, Emax=45.94189353
realization 268 / 300 ... accepted 268. Emin=1.70654938, Emax=47.60229789
realization 269 / 300 ... accepted 269. Emin=-1.49171189, Emax=44.73303709
realization 270 / 300 ... accepted 270. Emin=-1.88182156, Emax=45.85505178
realization 271 / 300 ... accepted 271. Emin=-0.07957386, Emax=45.89798228
realization 272 / 300 ... accepted 272. Emin=-2.24101955, Emax=45.34752695
realization 273 / 300 ... accepted 273. Emin=-2.15023244, Emax=44.48298202
realization 274 / 300 ... accepted 274. Emin=-2.85907668, Emax=45.05219453
realization 275 / 300 ... accepted 275. Emin=-0.68904263, Emax=45.71105677
realization 276 / 300 ... accepted 276. Emin=-4.06413071, Emax=42.91316518
realization 277 / 300 ... accepted 277. Emin=-1.23329834, Emax=44.30931381
realization 278 / 300 ... accepted 278. Emin=-0.56172120, Emax=45.52207599
realization 279 / 300 ... accepted 279. Emin=0.02583641, Emax=47.16242493
realization 280 / 300 ... accepted 280. Emin=-2.04599500, Emax=44.98734203
realization 281 / 300 ... accepted 281. Emin=0.15063676, Emax=47.83675030
realization 282 / 300 ... accepted 282. Emin=0.41503364, Emax=48.13050308
realization 283 / 300 ... accepted 283. Emin=-1.35795585, Emax=45.58313776
realization 284 / 300 ... accepted 284. Emin=-3.50418250, Emax=43.34708072
realization 285 / 300 ... accepted 285. Emin=-3.60268383, Emax=42.60239085
realization 286 / 300 ... accepted 286. Emin=-1.86267768, Emax=45.60434576
realization 287 / 300 ... accepted 287. Emin=-1.75203648, Emax=45.45572877
realization 288 / 300 ... accepted 288. Emin=-0.48191545, Emax=47.31725497
realization 289 / 300 ... accepted 289. Emin=-1.62100991, Emax=45.53065528
realization 290 / 300 ... accepted 290. Emin=-0.54603658, Emax=47.19964195
realization 291 / 300 ... accepted 291. Emin=-1.61813809, Emax=45.48929034
realization 292 / 300 ... accepted 292. Emin=-3.66375952, Emax=42.21281691
realization 293 / 300 ... accepted 293. Emin=1.00723564, Emax=47.50460075
realization 294 / 300 ... accepted 294. Emin=-1.38463673, Emax=46.19909127
realization 295 / 300 ... accepted 295. Emin=-1.40881447, Emax=46.92730568
realization 296 / 300 ... accepted 296. Emin=-2.95399284, Emax=44.18972241
realization 297 / 300 ... accepted 297. Emin=-1.52235939, Emax=45.44943663
realization 298 / 300 ... accepted 298. Emin=-2.22138714, Emax=44.59458362
realization 299 / 300 ... accepted 299. Emin=-0.61470576, Emax=46.50369918
realization 300 / 300 ... accepted 300. Emin=-3.64843743, Emax=43.21509843
Saved final energies: /home/2/kj405942/POLFED_bosons/pbs_bose_legacy_nmax2_periodic/data/U_7/W_1/L_6/N_6_nmax_2/boundary_periodic/energies_full_U7_L6_N6_nmax2_W1_boundaryperiodic_nreal300.txt
Accepted realizations: 300 / 300
Skipped realizations: 0
Job finished at Sun May 31 17:07:18 UTC 2026
