Job started on w30 at Sun May 31 17:10:26 UTC 2026
PBS_JOBID=7731394.kruk-host.ift-klaster.lan
PBS_O_WORKDIR=/home/2/kj405942/POLFED_bosons
Bose-Hubbard: L=6, N=6, nmax=2, dim=141
t=1, U=7, W=10, nreal=300, boundary=periodic, mode=full
Writing partial results to /home/2/kj405942/POLFED_bosons/pbs_bose_legacy_nmax2_periodic/data/U_7/W_10/L_6/N_6_nmax_2/boundary_periodic/energies_full_U7_L6_N6_nmax2_W10_boundaryperiodic_nreal300_partial.txt
realization 1 / 300 ... accepted 1. Emin=-9.75542726, Emax=65.36311726
realization 2 / 300 ... accepted 2. Emin=-16.48631140, Emax=60.07050779
realization 3 / 300 ... accepted 3. Emin=4.69891916, Emax=63.33367516
realization 4 / 300 ... accepted 4. Emin=-15.63323146, Emax=46.44615987
realization 5 / 300 ... accepted 5. Emin=0.41801317, Emax=58.65631692
realization 6 / 300 ... accepted 6. Emin=-5.91362589, Emax=95.29941452
realization 7 / 300 ... accepted 7. Emin=-4.42253124, Emax=68.09336378
realization 8 / 300 ... accepted 8. Emin=2.99734564, Emax=74.84526269
realization 9 / 300 ... accepted 9. Emin=-0.12611365, Emax=73.92288314
realization 10 / 300 ... accepted 10. Emin=-27.64145597, Emax=49.01525216
realization 11 / 300 ... accepted 11. Emin=9.88532546, Emax=79.77441965
realization 12 / 300 ... accepted 12. Emin=1.18988333, Emax=74.84582537
realization 13 / 300 ... accepted 13. Emin=8.54212544, Emax=71.88290301
realization 14 / 300 ... accepted 14. Emin=4.49781348, Emax=75.77970597
realization 15 / 300 ... accepted 15. Emin=8.62667310, Emax=86.29676935
realization 16 / 300 ... accepted 16. Emin=11.63201920, Emax=80.55528791
realization 17 / 300 ... accepted 17. Emin=-8.40671029, Emax=77.39070398
realization 18 / 300 ... accepted 18. Emin=9.33759693, Emax=90.40468958
realization 19 / 300 ... accepted 19. Emin=-12.51097413, Emax=63.28075142
realization 20 / 300 ... accepted 20. Emin=-11.45948847, Emax=55.81653264
realization 21 / 300 ... accepted 21. Emin=-14.60323466, Emax=64.14209256
realization 22 / 300 ... accepted 22. Emin=-17.35678401, Emax=61.21752140
realization 23 / 300 ... accepted 23. Emin=0.93962477, Emax=72.22516482
realization 24 / 300 ... accepted 24. Emin=-16.87786299, Emax=68.73953326
realization 25 / 300 ... accepted 25. Emin=-30.02061701, Emax=30.98100529
realization 26 / 300 ... accepted 26. Emin=-15.30155236, Emax=58.00792937
realization 27 / 300 ... accepted 27. Emin=-6.08461884, Emax=50.22575209
realization 28 / 300 ... accepted 28. Emin=6.05862084, Emax=93.93910062
realization 29 / 300 ... accepted 29. Emin=5.57992619, Emax=74.78130311
realization 30 / 300 ... accepted 30. Emin=-25.14660074, Emax=53.33783615
realization 31 / 300 ... accepted 31. Emin=-7.74755699, Emax=67.52868952
realization 32 / 300 ... accepted 32. Emin=-20.93942406, Emax=65.85333466
realization 33 / 300 ... accepted 33. Emin=-23.53594999, Emax=42.29380394
realization 34 / 300 ... accepted 34. Emin=15.52063840, Emax=78.64810767
realization 35 / 300 ... accepted 35. Emin=-21.66212900, Emax=50.34701420
realization 36 / 300 ... accepted 36. Emin=-17.81747088, Emax=58.38781411
realization 37 / 300 ... accepted 37. Emin=-1.79458120, Emax=75.25532669
realization 38 / 300 ... accepted 38. Emin=4.96226415, Emax=77.58098531
realization 39 / 300 ... accepted 39. Emin=31.09535536, Emax=94.08599669
realization 40 / 300 ... accepted 40. Emin=-8.24277289, Emax=76.10741186
realization 41 / 300 ... accepted 41. Emin=-0.91568273, Emax=73.85518621
realization 42 / 300 ... accepted 42. Emin=10.14506051, Emax=76.32118799
realization 43 / 300 ... accepted 43. Emin=-6.50492335, Emax=79.92509125
realization 44 / 300 ... accepted 44. Emin=-3.72477771, Emax=73.31997228
realization 45 / 300 ... accepted 45. Emin=6.96028717, Emax=84.30634250
realization 46 / 300 ... accepted 46. Emin=-28.75833654, Emax=35.25923339
realization 47 / 300 ... accepted 47. Emin=25.36429501, Emax=83.79675389
realization 48 / 300 ... accepted 48. Emin=8.12308116, Emax=71.18886122
realization 49 / 300 ... accepted 49. Emin=-5.90558141, Emax=75.23255962
realization 50 / 300 ... accepted 50. Emin=-8.82414693, Emax=61.52976342
realization 51 / 300 ... accepted 51. Emin=2.06301867, Emax=61.41094996
realization 52 / 300 ... accepted 52. Emin=-9.45684389, Emax=54.67634887
realization 53 / 300 ... accepted 53. Emin=-5.17451156, Emax=56.93969303
realization 54 / 300 ... accepted 54. Emin=-29.39496691, Emax=44.06869327
realization 55 / 300 ... accepted 55. Emin=9.85411857, Emax=84.38023805
realization 56 / 300 ... accepted 56. Emin=-9.77071470, Emax=55.77642465
realization 57 / 300 ... accepted 57. Emin=-0.20356136, Emax=77.83406023
realization 58 / 300 ... accepted 58. Emin=27.26831091, Emax=95.19640836
realization 59 / 300 ... accepted 59. Emin=10.95786034, Emax=82.60414186
realization 60 / 300 ... accepted 60. Emin=-15.36920107, Emax=63.91358763
realization 61 / 300 ... accepted 61. Emin=-15.88208239, Emax=56.56267012
realization 62 / 300 ... accepted 62. Emin=0.25829408, Emax=63.02327116
realization 63 / 300 ... accepted 63. Emin=-0.92446588, Emax=63.20780700
realization 64 / 300 ... accepted 64. Emin=24.23622177, Emax=80.61351615
realization 65 / 300 ... accepted 65. Emin=5.34798525, Emax=82.27172780
realization 66 / 300 ... accepted 66. Emin=-10.41778837, Emax=77.52593693
realization 67 / 300 ... accepted 67. Emin=-4.05515487, Emax=79.58087673
realization 68 / 300 ... accepted 68. Emin=20.36438357, Emax=83.56377698
realization 69 / 300 ... accepted 69. Emin=23.95782282, Emax=93.61159206
realization 70 / 300 ... accepted 70. Emin=15.06281076, Emax=75.22635012
realization 71 / 300 ... accepted 71. Emin=-6.83414606, Emax=64.70133859
realization 72 / 300 ... accepted 72. Emin=-8.49435265, Emax=59.28060966
realization 73 / 300 ... accepted 73. Emin=-7.64178878, Emax=65.14601401
realization 74 / 300 ... accepted 74. Emin=17.65032189, Emax=73.67623627
realization 75 / 300 ... accepted 75. Emin=20.16042520, Emax=86.36000939
realization 76 / 300 ... accepted 76. Emin=2.85475840, Emax=87.43204760
realization 77 / 300 ... accepted 77. Emin=-29.59724274, Emax=47.64252998
realization 78 / 300 ... accepted 78. Emin=-27.45171726, Emax=56.26933979
realization 79 / 300 ... accepted 79. Emin=-17.95342519, Emax=92.76819505
realization 80 / 300 ... accepted 80. Emin=5.61716844, Emax=88.58188302
realization 81 / 300 ... accepted 81. Emin=-8.81877087, Emax=55.74468915
realization 82 / 300 ... accepted 82. Emin=-8.62170365, Emax=67.87867852
realization 83 / 300 ... accepted 83. Emin=27.82161137, Emax=93.66871231
realization 84 / 300 ... accepted 84. Emin=-3.86222249, Emax=71.85984907
realization 85 / 300 ... accepted 85. Emin=21.57463690, Emax=89.94602697
realization 86 / 300 ... accepted 86. Emin=0.20516649, Emax=87.73115420
realization 87 / 300 ... accepted 87. Emin=0.18934515, Emax=82.30437760
realization 88 / 300 ... accepted 88. Emin=-23.01541454, Emax=58.45466909
realization 89 / 300 ... accepted 89. Emin=-9.49411697, Emax=87.55523546
realization 90 / 300 ... accepted 90. Emin=-6.51081112, Emax=81.59314612
realization 91 / 300 ... accepted 91. Emin=-17.02647902, Emax=45.04873203
realization 92 / 300 ... accepted 92. Emin=-8.55626459, Emax=71.53337312
realization 93 / 300 ... accepted 93. Emin=15.79459030, Emax=79.60915178
realization 94 / 300 ... accepted 94. Emin=17.51548727, Emax=90.42757570
realization 95 / 300 ... accepted 95. Emin=2.34764264, Emax=81.92387608
realization 96 / 300 ... accepted 96. Emin=-12.02891405, Emax=61.61492471
realization 97 / 300 ... accepted 97. Emin=6.93770631, Emax=84.15026547
realization 98 / 300 ... accepted 98. Emin=8.16589690, Emax=77.59108568
realization 99 / 300 ... accepted 99. Emin=23.84203138, Emax=88.25314663
realization 100 / 300 ... accepted 100. Emin=-10.79568051, Emax=65.22929936
realization 101 / 300 ... accepted 101. Emin=6.13879551, Emax=75.75365516
realization 102 / 300 ... accepted 102. Emin=8.09053997, Emax=75.88544223
realization 103 / 300 ... accepted 103. Emin=-18.47407745, Emax=72.24234833
realization 104 / 300 ... accepted 104. Emin=7.30131439, Emax=82.43886892
realization 105 / 300 ... accepted 105. Emin=-9.45517929, Emax=66.18535436
realization 106 / 300 ... accepted 106. Emin=-23.54567971, Emax=38.52332889
realization 107 / 300 ... accepted 107. Emin=-16.46340758, Emax=55.06961744
realization 108 / 300 ... accepted 108. Emin=-6.00222099, Emax=48.03407752
realization 109 / 300 ... accepted 109. Emin=-1.32907081, Emax=87.65223181
realization 110 / 300 ... accepted 110. Emin=-9.26975719, Emax=63.69259082
realization 111 / 300 ... accepted 111. Emin=-1.97613218, Emax=59.61496317
realization 112 / 300 ... accepted 112. Emin=-11.55412019, Emax=72.04283239
realization 113 / 300 ... accepted 113. Emin=-3.92139556, Emax=84.19574219
realization 114 / 300 ... accepted 114. Emin=6.44478587, Emax=74.89627873
realization 115 / 300 ... accepted 115. Emin=-14.37760281, Emax=60.71118053
realization 116 / 300 ... accepted 116. Emin=-26.80870221, Emax=53.86179535
realization 117 / 300 ... accepted 117. Emin=1.32625040, Emax=85.47470484
realization 118 / 300 ... accepted 118. Emin=-5.55524486, Emax=71.53069542
realization 119 / 300 ... accepted 119. Emin=13.41926744, Emax=73.45266112
realization 120 / 300 ... accepted 120. Emin=16.56342842, Emax=82.60474659
realization 121 / 300 ... accepted 121. Emin=3.57840700, Emax=57.92599095
realization 122 / 300 ... accepted 122. Emin=-2.02486294, Emax=81.77927536
realization 123 / 300 ... accepted 123. Emin=13.06092041, Emax=80.70808397
realization 124 / 300 ... accepted 124. Emin=7.90052591, Emax=75.76383053
realization 125 / 300 ... accepted 125. Emin=18.09310978, Emax=93.10071110
realization 126 / 300 ... accepted 126. Emin=-0.86845279, Emax=76.41836247
realization 127 / 300 ... accepted 127. Emin=2.79516607, Emax=66.31294524
realization 128 / 300 ... accepted 128. Emin=14.99362221, Emax=89.85332070
realization 129 / 300 ... accepted 129. Emin=10.50866311, Emax=79.40073152
realization 130 / 300 ... accepted 130. Emin=-20.25497538, Emax=46.01689546
realization 131 / 300 ... accepted 131. Emin=-4.17980274, Emax=67.79356141
realization 132 / 300 ... accepted 132. Emin=16.25666670, Emax=97.03616923
realization 133 / 300 ... accepted 133. Emin=5.49311015, Emax=77.11912542
realization 134 / 300 ... accepted 134. Emin=-10.27314965, Emax=60.78704399
realization 135 / 300 ... accepted 135. Emin=3.25384816, Emax=81.95372667
realization 136 / 300 ... accepted 136. Emin=-18.35656446, Emax=63.91944549
realization 137 / 300 ... accepted 137. Emin=-15.36387356, Emax=56.55387911
realization 138 / 300 ... accepted 138. Emin=16.28241717, Emax=94.21065269
realization 139 / 300 ... accepted 139. Emin=-6.09524573, Emax=70.13088740
realization 140 / 300 ... accepted 140. Emin=-9.09232847, Emax=63.82133485
realization 141 / 300 ... accepted 141. Emin=-22.07836734, Emax=35.35241330
realization 142 / 300 ... accepted 142. Emin=6.78653391, Emax=70.77819260
realization 143 / 300 ... accepted 143. Emin=-0.25829280, Emax=63.17400992
realization 144 / 300 ... accepted 144. Emin=-4.76705272, Emax=58.62124815
realization 145 / 300 ... accepted 145. Emin=10.85940058, Emax=90.74295426
realization 146 / 300 ... accepted 146. Emin=-8.06814879, Emax=48.76307005
realization 147 / 300 ... accepted 147. Emin=-23.03364485, Emax=51.86656586
realization 148 / 300 ... accepted 148. Emin=-3.82278871, Emax=80.64451094
realization 149 / 300 ... accepted 149. Emin=-0.88734646, Emax=60.76576543
realization 150 / 300 ... accepted 150. Emin=1.00403346, Emax=86.63336651
realization 151 / 300 ... accepted 151. Emin=-7.64559729, Emax=56.60817807
realization 152 / 300 ... accepted 152. Emin=-28.02236821, Emax=36.25168576
realization 153 / 300 ... accepted 153. Emin=-4.05400052, Emax=66.46854946
realization 154 / 300 ... accepted 154. Emin=-7.91384171, Emax=68.28358834
realization 155 / 300 ... accepted 155. Emin=-4.95142905, Emax=91.00269105
realization 156 / 300 ... accepted 156. Emin=7.01616434, Emax=88.11365213
realization 157 / 300 ... accepted 157. Emin=30.24258352, Emax=92.69672767
realization 158 / 300 ... accepted 158. Emin=-16.03838159, Emax=53.94521358
realization 159 / 300 ... accepted 159. Emin=-19.54850586, Emax=40.03155404
realization 160 / 300 ... accepted 160. Emin=13.82611877, Emax=81.96317617
realization 161 / 300 ... accepted 161. Emin=-12.63477692, Emax=67.24275411
realization 162 / 300 ... accepted 162. Emin=-32.46776933, Emax=32.27579006
realization 163 / 300 ... accepted 163. Emin=39.46454063, Emax=89.11621310
realization 164 / 300 ... accepted 164. Emin=39.53378321, Emax=98.34253163
realization 165 / 300 ... accepted 165. Emin=-16.41484212, Emax=60.66434798
realization 166 / 300 ... accepted 166. Emin=-21.01668785, Emax=58.84583773
realization 167 / 300 ... accepted 167. Emin=-15.46828590, Emax=55.82001636
realization 168 / 300 ... accepted 168. Emin=-14.29474809, Emax=61.60807151
realization 169 / 300 ... accepted 169. Emin=29.60266397, Emax=79.81752450
realization 170 / 300 ... accepted 170. Emin=-22.07538147, Emax=48.48273678
realization 171 / 300 ... accepted 171. Emin=-22.48523657, Emax=38.38473599
realization 172 / 300 ... accepted 172. Emin=5.25714552, Emax=74.53044284
realization 173 / 300 ... accepted 173. Emin=-5.68935567, Emax=56.11877196
realization 174 / 300 ... accepted 174. Emin=-4.09857821, Emax=75.26673288
realization 175 / 300 ... accepted 175. Emin=-2.10160556, Emax=65.47103821
realization 176 / 300 ... accepted 176. Emin=21.29474445, Emax=86.77371874
realization 177 / 300 ... accepted 177. Emin=-8.28529455, Emax=67.86067638
realization 178 / 300 ... accepted 178. Emin=-11.83405467, Emax=73.83905135
realization 179 / 300 ... accepted 179. Emin=-12.95870087, Emax=48.20514552
realization 180 / 300 ... accepted 180. Emin=-23.85957184, Emax=42.35170082
realization 181 / 300 ... accepted 181. Emin=-6.94745734, Emax=70.48085222
realization 182 / 300 ... accepted 182. Emin=-16.48161973, Emax=70.62668062
realization 183 / 300 ... accepted 183. Emin=-14.28067986, Emax=49.35946767
realization 184 / 300 ... accepted 184. Emin=-0.27765561, Emax=78.92622993
realization 185 / 300 ... accepted 185. Emin=-24.55237946, Emax=45.17709387
realization 186 / 300 ... accepted 186. Emin=-10.53043199, Emax=75.04938922
realization 187 / 300 ... accepted 187. Emin=-3.19702089, Emax=71.95075827
realization 188 / 300 ... accepted 188. Emin=-6.05250911, Emax=65.87773746
realization 189 / 300 ... accepted 189. Emin=0.87883124, Emax=81.37353138
realization 190 / 300 ... accepted 190. Emin=17.13074240, Emax=81.57759583
realization 191 / 300 ... accepted 191. Emin=-6.68832287, Emax=75.34397332
realization 192 / 300 ... accepted 192. Emin=-15.64751650, Emax=66.83054549
realization 193 / 300 ... accepted 193. Emin=-16.86000896, Emax=60.57495404
realization 194 / 300 ... accepted 194. Emin=-15.14074102, Emax=67.36479031
realization 195 / 300 ... accepted 195. Emin=-7.95164353, Emax=62.80198963
realization 196 / 300 ... accepted 196. Emin=-7.88349227, Emax=63.76226854
realization 197 / 300 ... accepted 197. Emin=9.09310250, Emax=86.97882501
realization 198 / 300 ... accepted 198. Emin=-17.72317118, Emax=51.27642056
realization 199 / 300 ... accepted 199. Emin=-6.78498151, Emax=60.69378220
realization 200 / 300 ... accepted 200. Emin=0.04805761, Emax=83.19716373
realization 201 / 300 ... accepted 201. Emin=-18.35974944, Emax=51.64548821
realization 202 / 300 ... accepted 202. Emin=2.87348660, Emax=81.84906706
realization 203 / 300 ... accepted 203. Emin=5.20218405, Emax=79.73224479
realization 204 / 300 ... accepted 204. Emin=-26.96660563, Emax=39.34166541
realization 205 / 300 ... accepted 205. Emin=0.44704709, Emax=63.32734225
realization 206 / 300 ... accepted 206. Emin=-3.10166837, Emax=81.98420216
realization 207 / 300 ... accepted 207. Emin=-5.97523833, Emax=72.12897385
realization 208 / 300 ... accepted 208. Emin=26.53025977, Emax=88.16193088
realization 209 / 300 ... accepted 209. Emin=-8.07093864, Emax=68.98085047
realization 210 / 300 ... accepted 210. Emin=7.77414503, Emax=67.85081327
realization 211 / 300 ... accepted 211. Emin=-25.83336815, Emax=68.63550112
realization 212 / 300 ... accepted 212. Emin=-26.91400601, Emax=37.88471817
realization 213 / 300 ... accepted 213. Emin=8.50198073, Emax=86.81835049
realization 214 / 300 ... accepted 214. Emin=-2.19739868, Emax=80.93763853
realization 215 / 300 ... accepted 215. Emin=9.74340574, Emax=77.54106504
realization 216 / 300 ... accepted 216. Emin=-4.51257384, Emax=77.24572732
realization 217 / 300 ... accepted 217. Emin=-5.91613016, Emax=61.76037447
realization 218 / 300 ... accepted 218. Emin=3.87701157, Emax=77.44557525
realization 219 / 300 ... accepted 219. Emin=-15.20562308, Emax=54.28757130
realization 220 / 300 ... accepted 220. Emin=-10.93622844, Emax=64.12178742
realization 221 / 300 ... accepted 221. Emin=-23.82045772, Emax=29.04093140
realization 222 / 300 ... accepted 222. Emin=5.93120280, Emax=73.14873880
realization 223 / 300 ... accepted 223. Emin=22.35779594, Emax=83.09087164
realization 224 / 300 ... accepted 224. Emin=-7.43180334, Emax=78.86964772
realization 225 / 300 ... accepted 225. Emin=7.75359731, Emax=71.25644859
realization 226 / 300 ... accepted 226. Emin=-2.93665427, Emax=75.33644269
realization 227 / 300 ... accepted 227. Emin=12.72376578, Emax=93.23679310
realization 228 / 300 ... accepted 228. Emin=5.40022054, Emax=85.63122910
realization 229 / 300 ... accepted 229. Emin=-13.28397589, Emax=66.61724506
realization 230 / 300 ... accepted 230. Emin=17.80174510, Emax=74.84271754
realization 231 / 300 ... accepted 231. Emin=7.23290109, Emax=75.25096197
realization 232 / 300 ... accepted 232. Emin=-3.16871351, Emax=71.56689766
realization 233 / 300 ... accepted 233. Emin=-1.44043593, Emax=67.80169316
realization 234 / 300 ... accepted 234. Emin=7.35027949, Emax=84.96671868
realization 235 / 300 ... accepted 235. Emin=-26.32851108, Emax=36.99444958
realization 236 / 300 ... accepted 236. Emin=-0.38755778, Emax=81.83266156
realization 237 / 300 ... accepted 237. Emin=0.92870148, Emax=74.66404803
realization 238 / 300 ... accepted 238. Emin=-21.49244997, Emax=64.39605074
realization 239 / 300 ... accepted 239. Emin=-13.56069751, Emax=64.35929946
realization 240 / 300 ... accepted 240. Emin=4.26947804, Emax=82.64806598
realization 241 / 300 ... accepted 241. Emin=-8.69673445, Emax=61.01510453
realization 242 / 300 ... accepted 242. Emin=-5.61392496, Emax=91.37684516
realization 243 / 300 ... accepted 243. Emin=-29.75049260, Emax=37.48071233
realization 244 / 300 ... accepted 244. Emin=22.89810849, Emax=82.90991926
realization 245 / 300 ... accepted 245. Emin=1.36762296, Emax=67.28354889
realization 246 / 300 ... accepted 246. Emin=-18.90151533, Emax=56.08384059
realization 247 / 300 ... accepted 247. Emin=-18.62564921, Emax=44.01137592
realization 248 / 300 ... accepted 248. Emin=-21.13351755, Emax=45.72759977
realization 249 / 300 ... accepted 249. Emin=-10.55563561, Emax=55.88973895
realization 250 / 300 ... accepted 250. Emin=11.33705323, Emax=68.61618726
realization 251 / 300 ... accepted 251. Emin=7.24560709, Emax=94.77242090
realization 252 / 300 ... accepted 252. Emin=-15.91633207, Emax=71.39581118
realization 253 / 300 ... accepted 253. Emin=-13.12204817, Emax=60.37784617
realization 254 / 300 ... accepted 254. Emin=-2.10918105, Emax=67.39832864
realization 255 / 300 ... accepted 255. Emin=-16.19365188, Emax=79.34429796
realization 256 / 300 ... accepted 256. Emin=-10.28691524, Emax=63.88773753
realization 257 / 300 ... accepted 257. Emin=8.88372587, Emax=86.45024430
realization 258 / 300 ... accepted 258. Emin=-28.06869215, Emax=46.85581915
realization 259 / 300 ... accepted 259. Emin=23.02869293, Emax=87.56861969
realization 260 / 300 ... accepted 260. Emin=15.41556163, Emax=84.70974717
realization 261 / 300 ... accepted 261. Emin=-40.10704757, Emax=18.51046477
realization 262 / 300 ... accepted 262. Emin=-10.98995025, Emax=65.81741825
realization 263 / 300 ... accepted 263. Emin=-17.45973500, Emax=49.97756293
realization 264 / 300 ... accepted 264. Emin=7.45685418, Emax=84.46352822
realization 265 / 300 ... accepted 265. Emin=15.71886900, Emax=74.92353290
realization 266 / 300 ... accepted 266. Emin=-2.71706121, Emax=75.86671614
realization 267 / 300 ... accepted 267. Emin=-0.85207077, Emax=75.51770272
realization 268 / 300 ... accepted 268. Emin=34.86704664, Emax=94.07055342
realization 269 / 300 ... accepted 269. Emin=-21.85151906, Emax=44.58992752
realization 270 / 300 ... accepted 270. Emin=-22.12056134, Emax=53.58970226
realization 271 / 300 ... accepted 271. Emin=-9.25870063, Emax=52.24121596
realization 272 / 300 ... accepted 272. Emin=-7.75036180, Emax=53.83025388
realization 273 / 300 ... accepted 273. Emin=-5.62938119, Emax=60.98843188
realization 274 / 300 ... accepted 274. Emin=-5.82250996, Emax=48.30114732
realization 275 / 300 ... accepted 275. Emin=15.54293682, Emax=91.90639535
realization 276 / 300 ... accepted 276. Emin=-7.89550186, Emax=65.75525380
realization 277 / 300 ... accepted 277. Emin=-19.15703950, Emax=55.65333272
realization 278 / 300 ... accepted 278. Emin=15.83628316, Emax=72.19721970
realization 279 / 300 ... accepted 279. Emin=16.54663061, Emax=81.29364717
realization 280 / 300 ... accepted 280. Emin=-1.23502068, Emax=66.08790242
realization 281 / 300 ... accepted 281. Emin=-27.10605787, Emax=33.24111761
realization 282 / 300 ... accepted 282. Emin=16.47078906, Emax=87.25249674
realization 283 / 300 ... accepted 283. Emin=-19.30345430, Emax=50.12917943
realization 284 / 300 ... accepted 284. Emin=-1.89248655, Emax=76.51665727
realization 285 / 300 ... accepted 285. Emin=-9.79435522, Emax=70.34126107
realization 286 / 300 ... accepted 286. Emin=-4.73961520, Emax=82.30814164
realization 287 / 300 ... accepted 287. Emin=-22.31628868, Emax=53.92429843
realization 288 / 300 ... accepted 288. Emin=4.27318225, Emax=71.86284515
realization 289 / 300 ... accepted 289. Emin=-12.35153958, Emax=74.86683813
realization 290 / 300 ... accepted 290. Emin=-26.30704405, Emax=51.70941655
realization 291 / 300 ... accepted 291. Emin=12.87231055, Emax=76.64432455
realization 292 / 300 ... accepted 292. Emin=1.09091836, Emax=66.52981568
realization 293 / 300 ... accepted 293. Emin=-9.69249926, Emax=62.50505561
realization 294 / 300 ... accepted 294. Emin=-22.57337875, Emax=36.38474900
realization 295 / 300 ... accepted 295. Emin=-0.76270495, Emax=67.18170845
realization 296 / 300 ... accepted 296. Emin=-22.39389664, Emax=38.34514305
realization 297 / 300 ... accepted 297. Emin=-12.65131712, Emax=69.47775658
realization 298 / 300 ... accepted 298. Emin=-33.27498892, Emax=28.99420917
realization 299 / 300 ... accepted 299. Emin=-2.14474851, Emax=92.54730202
realization 300 / 300 ... accepted 300. Emin=-16.98395703, Emax=59.24949779
Saved final energies: /home/2/kj405942/POLFED_bosons/pbs_bose_legacy_nmax2_periodic/data/U_7/W_10/L_6/N_6_nmax_2/boundary_periodic/energies_full_U7_L6_N6_nmax2_W10_boundaryperiodic_nreal300.txt
Accepted realizations: 300 / 300
Skipped realizations: 0
Job finished at Sun May 31 17:11:18 UTC 2026
