Job started on w29 at Sun May 31 17:06:59 UTC 2026
PBS_JOBID=7731389.kruk-host.ift-klaster.lan
PBS_O_WORKDIR=/home/2/kj405942/POLFED_bosons
Bose-Hubbard: L=6, N=6, nmax=2, dim=141
t=1, U=7, W=5, nreal=300, boundary=periodic, mode=full
Writing partial results to /home/2/kj405942/POLFED_bosons/pbs_bose_legacy_nmax2_periodic/data/U_7/W_5/L_6/N_6_nmax_2/boundary_periodic/energies_full_U7_L6_N6_nmax2_W5_boundaryperiodic_nreal300_partial.txt
realization 1 / 300 ... accepted 1. Emin=6.03759711, Emax=60.22479557
realization 2 / 300 ... accepted 2. Emin=-5.32016023, Emax=49.61231314
realization 3 / 300 ... accepted 3. Emin=-6.57990314, Emax=52.40499722
realization 4 / 300 ... accepted 4. Emin=4.63763566, Emax=57.23840612
realization 5 / 300 ... accepted 5. Emin=-2.24424001, Emax=53.96467964
realization 6 / 300 ... accepted 6. Emin=-10.41039322, Emax=47.55852365
realization 7 / 300 ... accepted 7. Emin=-1.75929734, Emax=52.19707722
realization 8 / 300 ... accepted 8. Emin=3.69880614, Emax=55.12747934
realization 9 / 300 ... accepted 9. Emin=2.67770558, Emax=60.78594996
realization 10 / 300 ... accepted 10. Emin=-8.92289420, Emax=48.58172002
realization 11 / 300 ... accepted 11. Emin=-9.87028430, Emax=44.20197367
realization 12 / 300 ... accepted 12. Emin=7.18691290, Emax=69.30226473
realization 13 / 300 ... accepted 13. Emin=-18.39136697, Emax=34.38997658
realization 14 / 300 ... accepted 14. Emin=-15.78220493, Emax=34.95763664
realization 15 / 300 ... accepted 15. Emin=-5.10501264, Emax=49.08209761
realization 16 / 300 ... accepted 16. Emin=-10.63165484, Emax=39.05215542
realization 17 / 300 ... accepted 17. Emin=-2.91948810, Emax=55.26051734
realization 18 / 300 ... accepted 18. Emin=-6.20110137, Emax=52.35584408
realization 19 / 300 ... accepted 19. Emin=4.41684777, Emax=62.68337871
realization 20 / 300 ... accepted 20. Emin=1.89702043, Emax=54.87010452
realization 21 / 300 ... accepted 21. Emin=0.21183940, Emax=59.48715689
realization 22 / 300 ... accepted 22. Emin=-3.40854841, Emax=54.66585867
realization 23 / 300 ... accepted 23. Emin=-1.82088735, Emax=57.25853036
realization 24 / 300 ... accepted 24. Emin=3.33872006, Emax=61.37806729
realization 25 / 300 ... accepted 25. Emin=2.17648086, Emax=63.43011737
realization 26 / 300 ... accepted 26. Emin=9.48154914, Emax=68.46259922
realization 27 / 300 ... accepted 27. Emin=-5.14355817, Emax=48.25363082
realization 28 / 300 ... accepted 28. Emin=4.39689359, Emax=63.98963601
realization 29 / 300 ... accepted 29. Emin=-1.20550506, Emax=55.74071919
realization 30 / 300 ... accepted 30. Emin=-7.67279414, Emax=52.47995996
realization 31 / 300 ... accepted 31. Emin=-0.33569491, Emax=53.63690039
realization 32 / 300 ... accepted 32. Emin=-10.79298216, Emax=42.00167952
realization 33 / 300 ... accepted 33. Emin=-7.57645461, Emax=48.98518412
realization 34 / 300 ... accepted 34. Emin=-1.12953790, Emax=61.05919272
realization 35 / 300 ... accepted 35. Emin=3.51102580, Emax=55.77964882
realization 36 / 300 ... accepted 36. Emin=0.31520590, Emax=64.69485314
realization 37 / 300 ... accepted 37. Emin=4.10591252, Emax=63.45437465
realization 38 / 300 ... accepted 38. Emin=8.45513865, Emax=62.35113364
realization 39 / 300 ... accepted 39. Emin=9.74206755, Emax=66.59112214
realization 40 / 300 ... accepted 40. Emin=2.25274424, Emax=60.07408714
realization 41 / 300 ... accepted 41. Emin=1.18282037, Emax=65.40569283
realization 42 / 300 ... accepted 42. Emin=-0.56648659, Emax=59.13578587
realization 43 / 300 ... accepted 43. Emin=3.67620419, Emax=63.10634921
realization 44 / 300 ... accepted 44. Emin=13.24598579, Emax=66.39027484
realization 45 / 300 ... accepted 45. Emin=14.22352686, Emax=67.45949729
realization 46 / 300 ... accepted 46. Emin=-7.10691227, Emax=56.68612082
realization 47 / 300 ... accepted 47. Emin=14.53017757, Emax=63.66688926
realization 48 / 300 ... accepted 48. Emin=-5.22439269, Emax=51.73139548
realization 49 / 300 ... accepted 49. Emin=3.19511736, Emax=56.93724048
realization 50 / 300 ... accepted 50. Emin=-0.82418841, Emax=63.08624941
realization 51 / 300 ... accepted 51. Emin=-1.15722552, Emax=53.55613674
realization 52 / 300 ... accepted 52. Emin=-14.00401947, Emax=40.18343743
realization 53 / 300 ... accepted 53. Emin=-6.17032362, Emax=57.44906868
realization 54 / 300 ... accepted 54. Emin=-0.88487859, Emax=62.75298434
realization 55 / 300 ... accepted 55. Emin=-4.37306628, Emax=59.51877864
realization 56 / 300 ... accepted 56. Emin=-6.77270987, Emax=52.17647596
realization 57 / 300 ... accepted 57. Emin=-1.50279664, Emax=65.47157762
realization 58 / 300 ... accepted 58. Emin=3.51482699, Emax=65.44837426
realization 59 / 300 ... accepted 59. Emin=-14.85104502, Emax=39.99464420
realization 60 / 300 ... accepted 60. Emin=-3.20988068, Emax=56.37151811
realization 61 / 300 ... accepted 61. Emin=-2.41839388, Emax=54.13006800
realization 62 / 300 ... accepted 62. Emin=-7.29543214, Emax=49.44540189
realization 63 / 300 ... accepted 63. Emin=7.66712228, Emax=69.14532879
realization 64 / 300 ... accepted 64. Emin=7.65565423, Emax=65.16599853
realization 65 / 300 ... accepted 65. Emin=-6.12968088, Emax=49.96235229
realization 66 / 300 ... accepted 66. Emin=-4.15016901, Emax=55.95888994
realization 67 / 300 ... accepted 67. Emin=-13.97027088, Emax=41.42014636
realization 68 / 300 ... accepted 68. Emin=-12.15051605, Emax=45.07969180
realization 69 / 300 ... accepted 69. Emin=-3.41589205, Emax=58.46195446
realization 70 / 300 ... accepted 70. Emin=-0.53260952, Emax=53.10302964
realization 71 / 300 ... accepted 71. Emin=-11.95228311, Emax=48.75573146
realization 72 / 300 ... accepted 72. Emin=-9.42195910, Emax=50.19659669
realization 73 / 300 ... accepted 73. Emin=-8.89826688, Emax=46.14490003
realization 74 / 300 ... accepted 74. Emin=-2.06185673, Emax=56.32965676
realization 75 / 300 ... accepted 75. Emin=-10.61465467, Emax=45.53597041
realization 76 / 300 ... accepted 76. Emin=6.07593869, Emax=57.50518958
realization 77 / 300 ... accepted 77. Emin=10.43044721, Emax=61.70243754
realization 78 / 300 ... accepted 78. Emin=-1.38981000, Emax=56.18107371
realization 79 / 300 ... accepted 79. Emin=5.72083560, Emax=69.75973502
realization 80 / 300 ... accepted 80. Emin=4.42750391, Emax=59.45119490
realization 81 / 300 ... accepted 81. Emin=-8.82429750, Emax=48.63280563
realization 82 / 300 ... accepted 82. Emin=-1.25216647, Emax=63.87932051
realization 83 / 300 ... accepted 83. Emin=0.40314935, Emax=57.52082741
realization 84 / 300 ... accepted 84. Emin=-5.09127324, Emax=55.20459342
realization 85 / 300 ... accepted 85. Emin=2.75020229, Emax=56.03188838
realization 86 / 300 ... accepted 86. Emin=-1.15512237, Emax=60.85036652
realization 87 / 300 ... accepted 87. Emin=-8.76768837, Emax=46.94797261
realization 88 / 300 ... accepted 88. Emin=-7.13574544, Emax=50.65642773
realization 89 / 300 ... accepted 89. Emin=3.68935260, Emax=62.60731431
realization 90 / 300 ... accepted 90. Emin=-1.39113450, Emax=61.85180820
realization 91 / 300 ... accepted 91. Emin=10.77369174, Emax=61.87074806
realization 92 / 300 ... accepted 92. Emin=-4.01290398, Emax=52.63366443
realization 93 / 300 ... accepted 93. Emin=-4.53132894, Emax=55.00217188
realization 94 / 300 ... accepted 94. Emin=-1.23892340, Emax=55.56322197
realization 95 / 300 ... accepted 95. Emin=-8.99418317, Emax=47.52925102
realization 96 / 300 ... accepted 96. Emin=-12.61436846, Emax=43.00871784
realization 97 / 300 ... accepted 97. Emin=-6.97383044, Emax=48.93074831
realization 98 / 300 ... accepted 98. Emin=-4.62015978, Emax=51.98572721
realization 99 / 300 ... accepted 99. Emin=-7.03552312, Emax=54.71298291
realization 100 / 300 ... accepted 100. Emin=-13.35419284, Emax=44.00462181
realization 101 / 300 ... accepted 101. Emin=-2.55102794, Emax=52.50817943
realization 102 / 300 ... accepted 102. Emin=0.64902659, Emax=56.48544771
realization 103 / 300 ... accepted 103. Emin=-0.92134277, Emax=64.89855103
realization 104 / 300 ... accepted 104. Emin=0.13188293, Emax=55.60466023
realization 105 / 300 ... accepted 105. Emin=2.29633269, Emax=67.23313804
realization 106 / 300 ... accepted 106. Emin=-15.57961472, Emax=40.64281006
realization 107 / 300 ... accepted 107. Emin=3.32481852, Emax=51.45404382
realization 108 / 300 ... accepted 108. Emin=-9.32211754, Emax=51.24765556
realization 109 / 300 ... accepted 109. Emin=11.26495764, Emax=71.43959365
realization 110 / 300 ... accepted 110. Emin=12.06159299, Emax=63.83346966
realization 111 / 300 ... accepted 111. Emin=2.55124290, Emax=62.32561718
realization 112 / 300 ... accepted 112. Emin=3.18519820, Emax=63.90349018
realization 113 / 300 ... accepted 113. Emin=8.44049619, Emax=64.30795658
realization 114 / 300 ... accepted 114. Emin=4.99105385, Emax=66.11635772
realization 115 / 300 ... accepted 115. Emin=6.35273941, Emax=64.37673674
realization 116 / 300 ... accepted 116. Emin=-6.27541981, Emax=53.58331808
realization 117 / 300 ... accepted 117. Emin=7.54277288, Emax=65.80100705
realization 118 / 300 ... accepted 118. Emin=-6.79558968, Emax=50.58353813
realization 119 / 300 ... accepted 119. Emin=1.20982465, Emax=55.37089130
realization 120 / 300 ... accepted 120. Emin=11.49297431, Emax=69.34040642
realization 121 / 300 ... accepted 121. Emin=-16.62064682, Emax=40.97292324
realization 122 / 300 ... accepted 122. Emin=-3.99953644, Emax=56.15502967
realization 123 / 300 ... accepted 123. Emin=14.17405207, Emax=68.79596362
realization 124 / 300 ... accepted 124. Emin=0.27078657, Emax=52.63528238
realization 125 / 300 ... accepted 125. Emin=3.70504822, Emax=63.89509746
realization 126 / 300 ... accepted 126. Emin=-2.37214136, Emax=59.85657632
realization 127 / 300 ... accepted 127. Emin=6.29609566, Emax=65.92510654
realization 128 / 300 ... accepted 128. Emin=-10.34650876, Emax=40.22416626
realization 129 / 300 ... accepted 129. Emin=4.55925855, Emax=65.28132096
realization 130 / 300 ... accepted 130. Emin=4.13269011, Emax=67.54867559
realization 131 / 300 ... accepted 131. Emin=0.89942413, Emax=64.86940410
realization 132 / 300 ... accepted 132. Emin=-9.68771239, Emax=51.23950444
realization 133 / 300 ... accepted 133. Emin=-0.52275779, Emax=54.77710940
realization 134 / 300 ... accepted 134. Emin=-14.95546993, Emax=42.26068223
realization 135 / 300 ... accepted 135. Emin=3.43574832, Emax=64.75019449
realization 136 / 300 ... accepted 136. Emin=5.85822899, Emax=62.88693202
realization 137 / 300 ... accepted 137. Emin=13.03977673, Emax=70.28065060
realization 138 / 300 ... accepted 138. Emin=-4.52378853, Emax=51.98860065
realization 139 / 300 ... accepted 139. Emin=-3.18751020, Emax=49.74975371
realization 140 / 300 ... accepted 140. Emin=-16.72029950, Emax=38.05532334
realization 141 / 300 ... accepted 141. Emin=-13.48915974, Emax=42.83407789
realization 142 / 300 ... accepted 142. Emin=1.48925120, Emax=61.18862600
realization 143 / 300 ... accepted 143. Emin=-8.01010251, Emax=49.48747229
realization 144 / 300 ... accepted 144. Emin=2.86763884, Emax=63.41185774
realization 145 / 300 ... accepted 145. Emin=8.84103175, Emax=63.08484589
realization 146 / 300 ... accepted 146. Emin=0.53647001, Emax=58.51331877
realization 147 / 300 ... accepted 147. Emin=-0.83556908, Emax=61.87648302
realization 148 / 300 ... accepted 148. Emin=-0.89681226, Emax=52.00656765
realization 149 / 300 ... accepted 149. Emin=5.92264474, Emax=61.85224464
realization 150 / 300 ... accepted 150. Emin=-6.18642301, Emax=50.67916785
realization 151 / 300 ... accepted 151. Emin=-7.76205205, Emax=47.94232307
realization 152 / 300 ... accepted 152. Emin=-11.89992495, Emax=40.88646941
realization 153 / 300 ... accepted 153. Emin=-10.52219864, Emax=43.68166812
realization 154 / 300 ... accepted 154. Emin=-5.29900703, Emax=53.87098110
realization 155 / 300 ... accepted 155. Emin=7.57328763, Emax=62.26075699
realization 156 / 300 ... accepted 156. Emin=8.90816298, Emax=61.23058921
realization 157 / 300 ... accepted 157. Emin=-1.77061730, Emax=52.71692873
realization 158 / 300 ... accepted 158. Emin=1.24372471, Emax=58.40980668
realization 159 / 300 ... accepted 159. Emin=0.31161812, Emax=60.67653471
realization 160 / 300 ... accepted 160. Emin=-5.14157581, Emax=50.40517415
realization 161 / 300 ... accepted 161. Emin=-3.20955401, Emax=55.02143449
realization 162 / 300 ... accepted 162. Emin=3.39423423, Emax=58.52906343
realization 163 / 300 ... accepted 163. Emin=-6.06786599, Emax=50.31797660
realization 164 / 300 ... accepted 164. Emin=-1.48735073, Emax=54.51388322
realization 165 / 300 ... accepted 165. Emin=1.67517007, Emax=62.47109716
realization 166 / 300 ... accepted 166. Emin=-2.65711278, Emax=58.43636819
realization 167 / 300 ... accepted 167. Emin=-3.31584022, Emax=57.19805301
realization 168 / 300 ... accepted 168. Emin=-15.81359403, Emax=36.17416983
realization 169 / 300 ... accepted 169. Emin=-5.47739837, Emax=50.69379268
realization 170 / 300 ... accepted 170. Emin=1.39372057, Emax=62.03226686
realization 171 / 300 ... accepted 171. Emin=1.45600479, Emax=54.46573123
realization 172 / 300 ... accepted 172. Emin=0.81576507, Emax=62.54302081
realization 173 / 300 ... accepted 173. Emin=-5.64001760, Emax=49.20966951
realization 174 / 300 ... accepted 174. Emin=1.06366045, Emax=63.56856997
realization 175 / 300 ... accepted 175. Emin=5.81872810, Emax=58.61029709
realization 176 / 300 ... accepted 176. Emin=1.70246664, Emax=57.31544587
realization 177 / 300 ... accepted 177. Emin=-6.29965732, Emax=52.86297089
realization 178 / 300 ... accepted 178. Emin=-1.64829556, Emax=52.83822985
realization 179 / 300 ... accepted 179. Emin=-7.32511266, Emax=46.71843716
realization 180 / 300 ... accepted 180. Emin=6.52067888, Emax=59.35851069
realization 181 / 300 ... accepted 181. Emin=1.99570261, Emax=60.80840725
realization 182 / 300 ... accepted 182. Emin=1.57416659, Emax=57.13538693
realization 183 / 300 ... accepted 183. Emin=-2.50849652, Emax=59.28201956
realization 184 / 300 ... accepted 184. Emin=-7.76102111, Emax=45.29879236
realization 185 / 300 ... accepted 185. Emin=-11.98006466, Emax=49.81989417
realization 186 / 300 ... accepted 186. Emin=-3.35328255, Emax=56.35928209
realization 187 / 300 ... accepted 187. Emin=7.11666229, Emax=64.37520594
realization 188 / 300 ... accepted 188. Emin=-12.15398306, Emax=42.65706854
realization 189 / 300 ... accepted 189. Emin=6.66642910, Emax=62.48096852
realization 190 / 300 ... accepted 190. Emin=-10.55207384, Emax=44.45116552
realization 191 / 300 ... accepted 191. Emin=-2.59059672, Emax=51.47546469
realization 192 / 300 ... accepted 192. Emin=16.40715833, Emax=66.79259631
realization 193 / 300 ... accepted 193. Emin=-12.25204871, Emax=42.37936717
realization 194 / 300 ... accepted 194. Emin=-0.90624177, Emax=58.86806177
realization 195 / 300 ... accepted 195. Emin=-9.70593404, Emax=43.59780294
realization 196 / 300 ... accepted 196. Emin=-7.80480778, Emax=44.31073725
realization 197 / 300 ... accepted 197. Emin=-2.38818553, Emax=58.99702011
realization 198 / 300 ... accepted 198. Emin=-6.89845286, Emax=52.86957817
realization 199 / 300 ... accepted 199. Emin=10.59616651, Emax=70.01641560
realization 200 / 300 ... accepted 200. Emin=-4.49627881, Emax=58.56760089
realization 201 / 300 ... accepted 201. Emin=-5.22542099, Emax=48.70638460
realization 202 / 300 ... accepted 202. Emin=-8.14164781, Emax=44.46371764
realization 203 / 300 ... accepted 203. Emin=6.32649473, Emax=61.27393203
realization 204 / 300 ... accepted 204. Emin=5.25650382, Emax=65.42990799
realization 205 / 300 ... accepted 205. Emin=-20.47655729, Emax=28.67731870
realization 206 / 300 ... accepted 206. Emin=-11.93491161, Emax=42.14844363
realization 207 / 300 ... accepted 207. Emin=4.90181248, Emax=63.47443738
realization 208 / 300 ... accepted 208. Emin=1.74124574, Emax=57.76308347
realization 209 / 300 ... accepted 209. Emin=4.42058544, Emax=65.34118437
realization 210 / 300 ... accepted 210. Emin=20.61619014, Emax=71.97626852
realization 211 / 300 ... accepted 211. Emin=1.92474204, Emax=56.02302842
realization 212 / 300 ... accepted 212. Emin=4.16090073, Emax=59.84085729
realization 213 / 300 ... accepted 213. Emin=-5.38853461, Emax=55.39742119
realization 214 / 300 ... accepted 214. Emin=6.75487352, Emax=69.15022094
realization 215 / 300 ... accepted 215. Emin=5.33125003, Emax=55.84231438
realization 216 / 300 ... accepted 216. Emin=-0.67718033, Emax=57.37740059
realization 217 / 300 ... accepted 217. Emin=-3.39537126, Emax=59.45213082
realization 218 / 300 ... accepted 218. Emin=7.60918674, Emax=60.75468717
realization 219 / 300 ... accepted 219. Emin=12.10983632, Emax=65.56894145
realization 220 / 300 ... accepted 220. Emin=2.67278961, Emax=59.59951436
realization 221 / 300 ... accepted 221. Emin=-1.46723925, Emax=62.30741528
realization 222 / 300 ... accepted 222. Emin=-4.79076045, Emax=60.26319662
realization 223 / 300 ... accepted 223. Emin=-1.89437581, Emax=54.45223350
realization 224 / 300 ... accepted 224. Emin=4.93187251, Emax=59.38040466
realization 225 / 300 ... accepted 225. Emin=17.13457985, Emax=67.69091347
realization 226 / 300 ... accepted 226. Emin=12.08527115, Emax=68.94639521
realization 227 / 300 ... accepted 227. Emin=-2.86476114, Emax=53.62271938
realization 228 / 300 ... accepted 228. Emin=-2.77283915, Emax=52.12764775
realization 229 / 300 ... accepted 229. Emin=-6.29920108, Emax=52.53750803
realization 230 / 300 ... accepted 230. Emin=1.66784603, Emax=61.11708093
realization 231 / 300 ... accepted 231. Emin=4.90025021, Emax=56.56093243
realization 232 / 300 ... accepted 232. Emin=3.54102640, Emax=54.00817597
realization 233 / 300 ... accepted 233. Emin=10.79076339, Emax=66.86903765
realization 234 / 300 ... accepted 234. Emin=-1.70507691, Emax=53.53959192
realization 235 / 300 ... accepted 235. Emin=-1.61034089, Emax=51.96743718
realization 236 / 300 ... accepted 236. Emin=4.50721835, Emax=63.43867160
realization 237 / 300 ... accepted 237. Emin=14.87576691, Emax=68.50215441
realization 238 / 300 ... accepted 238. Emin=2.76168921, Emax=62.17362188
realization 239 / 300 ... accepted 239. Emin=-0.52183145, Emax=59.94260006
realization 240 / 300 ... accepted 240. Emin=10.13857312, Emax=60.64547302
realization 241 / 300 ... accepted 241. Emin=2.44879933, Emax=56.59035966
realization 242 / 300 ... accepted 242. Emin=-16.48698846, Emax=36.56834660
realization 243 / 300 ... accepted 243. Emin=0.73390985, Emax=54.83245336
realization 244 / 300 ... accepted 244. Emin=-9.42859725, Emax=48.83363474
realization 245 / 300 ... accepted 245. Emin=3.25703029, Emax=56.73094975
realization 246 / 300 ... accepted 246. Emin=0.26618794, Emax=63.11775470
realization 247 / 300 ... accepted 247. Emin=-14.75166848, Emax=42.00529855
realization 248 / 300 ... accepted 248. Emin=9.40453533, Emax=70.34327084
realization 249 / 300 ... accepted 249. Emin=-14.65637934, Emax=36.66254216
realization 250 / 300 ... accepted 250. Emin=-3.06067028, Emax=55.12238548
realization 251 / 300 ... accepted 251. Emin=-7.85899390, Emax=45.20802953
realization 252 / 300 ... accepted 252. Emin=-3.74863128, Emax=51.60505864
realization 253 / 300 ... accepted 253. Emin=8.76460364, Emax=67.47973071
realization 254 / 300 ... accepted 254. Emin=-7.07132298, Emax=50.35981813
realization 255 / 300 ... accepted 255. Emin=14.70081642, Emax=64.04329841
realization 256 / 300 ... accepted 256. Emin=-8.11039072, Emax=47.70775588
realization 257 / 300 ... accepted 257. Emin=1.53869546, Emax=56.30311161
realization 258 / 300 ... accepted 258. Emin=-19.14733535, Emax=34.58438858
realization 259 / 300 ... accepted 259. Emin=-7.87896587, Emax=44.58462499
realization 260 / 300 ... accepted 260. Emin=6.39157273, Emax=60.41870036
realization 261 / 300 ... accepted 261. Emin=-6.95218616, Emax=53.03349595
realization 262 / 300 ... accepted 262. Emin=-0.11312803, Emax=57.70295312
realization 263 / 300 ... accepted 263. Emin=-3.20352547, Emax=52.26078336
realization 264 / 300 ... accepted 264. Emin=-8.11146755, Emax=44.70492925
realization 265 / 300 ... accepted 265. Emin=1.90968753, Emax=61.37209199
realization 266 / 300 ... accepted 266. Emin=-8.69829895, Emax=48.97476906
realization 267 / 300 ... accepted 267. Emin=1.32016131, Emax=59.66025243
realization 268 / 300 ... accepted 268. Emin=-3.63715735, Emax=51.32177527
realization 269 / 300 ... accepted 269. Emin=-8.73357128, Emax=44.51667662
realization 270 / 300 ... accepted 270. Emin=-5.48533532, Emax=55.59813658
realization 271 / 300 ... accepted 271. Emin=-0.03609741, Emax=61.53722840
realization 272 / 300 ... accepted 272. Emin=-15.18857159, Emax=43.18294441
realization 273 / 300 ... accepted 273. Emin=7.65274734, Emax=65.26637606
realization 274 / 300 ... accepted 274. Emin=-5.71085725, Emax=51.34659449
realization 275 / 300 ... accepted 275. Emin=-1.03813583, Emax=60.33875034
realization 276 / 300 ... accepted 276. Emin=14.77845064, Emax=66.05209921
realization 277 / 300 ... accepted 277. Emin=10.96216986, Emax=61.52264212
realization 278 / 300 ... accepted 278. Emin=-6.06559115, Emax=49.71800279
realization 279 / 300 ... accepted 279. Emin=-4.03764161, Emax=58.20449850
realization 280 / 300 ... accepted 280. Emin=-3.81321939, Emax=51.00631048
realization 281 / 300 ... accepted 281. Emin=-17.13855191, Emax=33.43080995
realization 282 / 300 ... accepted 282. Emin=3.22941767, Emax=60.42838745
realization 283 / 300 ... accepted 283. Emin=9.56998854, Emax=71.06914188
realization 284 / 300 ... accepted 284. Emin=-2.81951801, Emax=55.37109896
realization 285 / 300 ... accepted 285. Emin=-8.06278026, Emax=47.61439551
realization 286 / 300 ... accepted 286. Emin=0.20017316, Emax=52.77393784
realization 287 / 300 ... accepted 287. Emin=1.05297567, Emax=58.24743573
realization 288 / 300 ... accepted 288. Emin=2.00997112, Emax=58.57559623
realization 289 / 300 ... accepted 289. Emin=-1.84739013, Emax=54.83434550
realization 290 / 300 ... accepted 290. Emin=0.01153492, Emax=58.94325387
realization 291 / 300 ... accepted 291. Emin=-1.92396080, Emax=56.80523654
realization 292 / 300 ... accepted 292. Emin=14.71178657, Emax=67.34600413
realization 293 / 300 ... accepted 293. Emin=1.38183507, Emax=57.01674837
realization 294 / 300 ... accepted 294. Emin=1.31170572, Emax=61.26806333
realization 295 / 300 ... accepted 295. Emin=2.13084129, Emax=59.56839146
realization 296 / 300 ... accepted 296. Emin=-5.91743116, Emax=47.57247043
realization 297 / 300 ... accepted 297. Emin=-5.14174485, Emax=46.18765132
realization 298 / 300 ... accepted 298. Emin=-8.68866153, Emax=44.25842648
realization 299 / 300 ... accepted 299. Emin=-3.75217963, Emax=54.00964540
realization 300 / 300 ... accepted 300. Emin=-3.91963356, Emax=58.85945724
Saved final energies: /home/2/kj405942/POLFED_bosons/pbs_bose_legacy_nmax2_periodic/data/U_7/W_5/L_6/N_6_nmax_2/boundary_periodic/energies_full_U7_L6_N6_nmax2_W5_boundaryperiodic_nreal300.txt
Accepted realizations: 300 / 300
Skipped realizations: 0
Job finished at Sun May 31 17:07:16 UTC 2026
