Job started on w30 at Sun May 31 17:10:25 UTC 2026
PBS_JOBID=7731392.kruk-host.ift-klaster.lan
PBS_O_WORKDIR=/home/2/kj405942/POLFED_bosons
Bose-Hubbard: L=6, N=6, nmax=2, dim=141
t=1, U=7, W=8, nreal=300, boundary=periodic, mode=full
Writing partial results to /home/2/kj405942/POLFED_bosons/pbs_bose_legacy_nmax2_periodic/data/U_7/W_8/L_6/N_6_nmax_2/boundary_periodic/energies_full_U7_L6_N6_nmax2_W8_boundaryperiodic_nreal300_partial.txt
realization 1 / 300 ... accepted 1. Emin=-2.81149293, Emax=57.34139048
realization 2 / 300 ... accepted 2. Emin=-16.13695867, Emax=50.26212377
realization 3 / 300 ... accepted 3. Emin=-12.57136835, Emax=73.39010945
realization 4 / 300 ... accepted 4. Emin=6.27038091, Emax=78.83018861
realization 5 / 300 ... accepted 5. Emin=4.90383945, Emax=77.17795860
realization 6 / 300 ... accepted 6. Emin=13.25597870, Emax=71.16867401
realization 7 / 300 ... accepted 7. Emin=5.99723881, Emax=77.15362867
realization 8 / 300 ... accepted 8. Emin=-1.85062218, Emax=59.44771463
realization 9 / 300 ... accepted 9. Emin=10.95932131, Emax=70.89262228
realization 10 / 300 ... accepted 10. Emin=-21.94200400, Emax=41.46908366
realization 11 / 300 ... accepted 11. Emin=-8.08544638, Emax=58.80802443
realization 12 / 300 ... accepted 12. Emin=-5.02154009, Emax=54.40484743
realization 13 / 300 ... accepted 13. Emin=-5.07572188, Emax=59.36028069
realization 14 / 300 ... accepted 14. Emin=0.28660520, Emax=61.69745951
realization 15 / 300 ... accepted 15. Emin=7.15635716, Emax=65.00817358
realization 16 / 300 ... accepted 16. Emin=5.38383632, Emax=73.98542375
realization 17 / 300 ... accepted 17. Emin=9.19435820, Emax=71.27515635
realization 18 / 300 ... accepted 18. Emin=-2.65943526, Emax=73.77004210
realization 19 / 300 ... accepted 19. Emin=-9.90522477, Emax=57.18326563
realization 20 / 300 ... accepted 20. Emin=-10.69750097, Emax=53.16003348
realization 21 / 300 ... accepted 21. Emin=-4.00918697, Emax=79.14665594
realization 22 / 300 ... accepted 22. Emin=-10.70518615, Emax=57.96482078
realization 23 / 300 ... accepted 23. Emin=-3.46556708, Emax=64.52057052
realization 24 / 300 ... accepted 24. Emin=-0.77056506, Emax=55.60613409
realization 25 / 300 ... accepted 25. Emin=-12.04525615, Emax=62.80258286
realization 26 / 300 ... accepted 26. Emin=2.02730266, Emax=71.85019291
realization 27 / 300 ... accepted 27. Emin=-33.95716898, Emax=20.43524612
realization 28 / 300 ... accepted 28. Emin=-30.50958035, Emax=28.93073632
realization 29 / 300 ... accepted 29. Emin=-7.35294251, Emax=54.20867790
realization 30 / 300 ... accepted 30. Emin=11.44448666, Emax=71.05769290
realization 31 / 300 ... accepted 31. Emin=-5.53784837, Emax=60.60755153
realization 32 / 300 ... accepted 32. Emin=11.12200334, Emax=74.36981009
realization 33 / 300 ... accepted 33. Emin=-0.25482999, Emax=77.01614369
realization 34 / 300 ... accepted 34. Emin=9.73641748, Emax=76.68529453
realization 35 / 300 ... accepted 35. Emin=10.50300372, Emax=69.76390493
realization 36 / 300 ... accepted 36. Emin=-22.72546906, Emax=42.09720198
realization 37 / 300 ... accepted 37. Emin=-8.18285459, Emax=72.52884692
realization 38 / 300 ... accepted 38. Emin=0.54416642, Emax=70.74585479
realization 39 / 300 ... accepted 39. Emin=7.88586325, Emax=71.83808359
realization 40 / 300 ... accepted 40. Emin=3.14082966, Emax=67.57587200
realization 41 / 300 ... accepted 41. Emin=13.58313756, Emax=72.55539902
realization 42 / 300 ... accepted 42. Emin=7.82082600, Emax=83.12189805
realization 43 / 300 ... accepted 43. Emin=14.62697717, Emax=76.79033023
realization 44 / 300 ... accepted 44. Emin=10.22043671, Emax=68.98942603
realization 45 / 300 ... accepted 45. Emin=-11.50175498, Emax=50.58329971
realization 46 / 300 ... accepted 46. Emin=-6.78392840, Emax=48.72855601
realization 47 / 300 ... accepted 47. Emin=8.70356045, Emax=73.10778162
realization 48 / 300 ... accepted 48. Emin=-3.01590982, Emax=58.96375856
realization 49 / 300 ... accepted 49. Emin=0.51500020, Emax=75.95933427
realization 50 / 300 ... accepted 50. Emin=-21.76166390, Emax=46.16908931
realization 51 / 300 ... accepted 51. Emin=10.03167051, Emax=82.39737405
realization 52 / 300 ... accepted 52. Emin=17.07814702, Emax=78.66117631
realization 53 / 300 ... accepted 53. Emin=-32.80541303, Emax=23.23706556
realization 54 / 300 ... accepted 54. Emin=2.51532412, Emax=79.96768770
realization 55 / 300 ... accepted 55. Emin=-32.91315702, Emax=21.38312082
realization 56 / 300 ... accepted 56. Emin=-9.54803269, Emax=60.29082362
realization 57 / 300 ... accepted 57. Emin=-10.27116384, Emax=61.73232637
realization 58 / 300 ... accepted 58. Emin=11.27958206, Emax=72.99705480
realization 59 / 300 ... accepted 59. Emin=-6.74652631, Emax=57.77954879
realization 60 / 300 ... accepted 60. Emin=-0.20611722, Emax=66.61943109
realization 61 / 300 ... accepted 61. Emin=-18.75999913, Emax=51.96131937
realization 62 / 300 ... accepted 62. Emin=-16.49176914, Emax=51.95523048
realization 63 / 300 ... accepted 63. Emin=-13.98138358, Emax=49.79864587
realization 64 / 300 ... accepted 64. Emin=-18.54637402, Emax=52.87539453
realization 65 / 300 ... accepted 65. Emin=-1.18944274, Emax=71.49158717
realization 66 / 300 ... accepted 66. Emin=5.25217574, Emax=71.73474773
realization 67 / 300 ... accepted 67. Emin=23.78240115, Emax=79.01247779
realization 68 / 300 ... accepted 68. Emin=-6.40976477, Emax=59.96641283
realization 69 / 300 ... accepted 69. Emin=-7.26019190, Emax=66.25317639
realization 70 / 300 ... accepted 70. Emin=-8.17707973, Emax=65.74467242
realization 71 / 300 ... accepted 71. Emin=-8.43802148, Emax=49.20072137
realization 72 / 300 ... accepted 72. Emin=5.53008151, Emax=64.77078543
realization 73 / 300 ... accepted 73. Emin=9.89385198, Emax=66.76105260
realization 74 / 300 ... accepted 74. Emin=-3.01711875, Emax=74.09161471
realization 75 / 300 ... accepted 75. Emin=5.50702279, Emax=68.80430720
realization 76 / 300 ... accepted 76. Emin=-14.74085384, Emax=50.31246184
realization 77 / 300 ... accepted 77. Emin=14.67797009, Emax=83.51673910
realization 78 / 300 ... accepted 78. Emin=7.48772074, Emax=75.42713890
realization 79 / 300 ... accepted 79. Emin=-0.97067996, Emax=63.76162672
realization 80 / 300 ... accepted 80. Emin=-9.67900458, Emax=55.07312137
realization 81 / 300 ... accepted 81. Emin=-4.26373504, Emax=61.46823723
realization 82 / 300 ... accepted 82. Emin=-7.21020597, Emax=61.16218228
realization 83 / 300 ... accepted 83. Emin=2.42844415, Emax=68.61454251
realization 84 / 300 ... accepted 84. Emin=-18.19373174, Emax=50.73932491
realization 85 / 300 ... accepted 85. Emin=4.06861558, Emax=67.36282573
realization 86 / 300 ... accepted 86. Emin=-1.22096120, Emax=62.73469412
realization 87 / 300 ... accepted 87. Emin=8.66150992, Emax=78.02622863
realization 88 / 300 ... accepted 88. Emin=9.65211358, Emax=74.44225583
realization 89 / 300 ... accepted 89. Emin=-9.75750440, Emax=51.56680214
realization 90 / 300 ... accepted 90. Emin=7.31072311, Emax=81.72351954
realization 91 / 300 ... accepted 91. Emin=-13.80615698, Emax=48.43628007
realization 92 / 300 ... accepted 92. Emin=12.75618801, Emax=81.13929221
realization 93 / 300 ... accepted 93. Emin=-3.54746575, Emax=58.75587034
realization 94 / 300 ... accepted 94. Emin=-4.93117205, Emax=71.32127530
realization 95 / 300 ... accepted 95. Emin=13.37428160, Emax=78.68223713
realization 96 / 300 ... accepted 96. Emin=-16.51643314, Emax=41.94844749
realization 97 / 300 ... accepted 97. Emin=20.24144262, Emax=76.72439390
realization 98 / 300 ... accepted 98. Emin=9.67320328, Emax=78.70644184
realization 99 / 300 ... accepted 99. Emin=-5.11058078, Emax=59.06748130
realization 100 / 300 ... accepted 100. Emin=4.94857160, Emax=83.54216294
realization 101 / 300 ... accepted 101. Emin=-7.56348987, Emax=65.48501874
realization 102 / 300 ... accepted 102. Emin=15.44638527, Emax=79.48685291
realization 103 / 300 ... accepted 103. Emin=4.79927060, Emax=67.18499540
realization 104 / 300 ... accepted 104. Emin=14.15089139, Emax=69.78959411
realization 105 / 300 ... accepted 105. Emin=12.99377276, Emax=79.51765952
realization 106 / 300 ... accepted 106. Emin=-24.74378227, Emax=42.01285383
realization 107 / 300 ... accepted 107. Emin=-4.97073857, Emax=79.26905547
realization 108 / 300 ... accepted 108. Emin=5.18248757, Emax=73.28166422
realization 109 / 300 ... accepted 109. Emin=-16.67648052, Emax=43.56401719
realization 110 / 300 ... accepted 110. Emin=21.76834703, Emax=80.38323928
realization 111 / 300 ... accepted 111. Emin=-2.56015113, Emax=63.79150015
realization 112 / 300 ... accepted 112. Emin=6.18360884, Emax=70.13669423
realization 113 / 300 ... accepted 113. Emin=-8.49250656, Emax=60.89500412
realization 114 / 300 ... accepted 114. Emin=11.64529207, Emax=66.31487872
realization 115 / 300 ... accepted 115. Emin=-7.46035880, Emax=62.80849903
realization 116 / 300 ... accepted 116. Emin=8.06642634, Emax=81.67371009
realization 117 / 300 ... accepted 117. Emin=-6.82233752, Emax=66.85957505
realization 118 / 300 ... accepted 118. Emin=9.58752390, Emax=69.36813720
realization 119 / 300 ... accepted 119. Emin=11.06204397, Emax=73.54777966
realization 120 / 300 ... accepted 120. Emin=-6.39158812, Emax=66.20969433
realization 121 / 300 ... accepted 121. Emin=-4.54708966, Emax=62.82477057
realization 122 / 300 ... accepted 122. Emin=-12.93290358, Emax=47.59193663
realization 123 / 300 ... accepted 123. Emin=-21.75198915, Emax=43.30236029
realization 124 / 300 ... accepted 124. Emin=12.20607249, Emax=76.01376523
realization 125 / 300 ... accepted 125. Emin=-1.01913636, Emax=63.93537052
realization 126 / 300 ... accepted 126. Emin=-22.72110590, Emax=41.47007004
realization 127 / 300 ... accepted 127. Emin=15.39071894, Emax=77.99110824
realization 128 / 300 ... accepted 128. Emin=-2.86752427, Emax=65.62707309
realization 129 / 300 ... accepted 129. Emin=10.95798689, Emax=87.65548183
realization 130 / 300 ... accepted 130. Emin=-13.97718866, Emax=42.67237709
realization 131 / 300 ... accepted 131. Emin=3.84999056, Emax=79.12558154
realization 132 / 300 ... accepted 132. Emin=2.51294067, Emax=79.60625420
realization 133 / 300 ... accepted 133. Emin=3.41263301, Emax=60.12124772
realization 134 / 300 ... accepted 134. Emin=-3.75277176, Emax=75.90851458
realization 135 / 300 ... accepted 135. Emin=-8.75114354, Emax=51.55354767
realization 136 / 300 ... accepted 136. Emin=1.62976837, Emax=69.96507361
realization 137 / 300 ... accepted 137. Emin=10.73796783, Emax=72.70912801
realization 138 / 300 ... accepted 138. Emin=-4.54944074, Emax=65.87454472
realization 139 / 300 ... accepted 139. Emin=-7.08033694, Emax=58.02982298
realization 140 / 300 ... accepted 140. Emin=19.31509145, Emax=72.62694743
realization 141 / 300 ... accepted 141. Emin=-7.85316520, Emax=55.98429406
realization 142 / 300 ... accepted 142. Emin=-9.27109158, Emax=52.62512799
realization 143 / 300 ... accepted 143. Emin=-19.73625241, Emax=41.62647411
realization 144 / 300 ... accepted 144. Emin=8.10365492, Emax=70.45283347
realization 145 / 300 ... accepted 145. Emin=-1.66064766, Emax=59.92333534
realization 146 / 300 ... accepted 146. Emin=-6.06236580, Emax=57.19933070
realization 147 / 300 ... accepted 147. Emin=7.22540424, Emax=74.40603715
realization 148 / 300 ... accepted 148. Emin=-12.35762342, Emax=62.76610148
realization 149 / 300 ... accepted 149. Emin=-15.58833170, Emax=47.91143633
realization 150 / 300 ... accepted 150. Emin=-1.62010853, Emax=66.65859718
realization 151 / 300 ... accepted 151. Emin=-3.83421855, Emax=59.14515385
realization 152 / 300 ... accepted 152. Emin=-13.97686985, Emax=50.61569240
realization 153 / 300 ... accepted 153. Emin=-13.90125416, Emax=45.50344761
realization 154 / 300 ... accepted 154. Emin=8.08809568, Emax=84.57353810
realization 155 / 300 ... accepted 155. Emin=-6.76271149, Emax=65.80551111
realization 156 / 300 ... accepted 156. Emin=-19.45569327, Emax=50.45095368
realization 157 / 300 ... accepted 157. Emin=-3.21588460, Emax=52.36987973
realization 158 / 300 ... accepted 158. Emin=0.46354445, Emax=66.82861148
realization 159 / 300 ... accepted 159. Emin=16.01160601, Emax=79.35070360
realization 160 / 300 ... accepted 160. Emin=-0.56376367, Emax=70.60684005
realization 161 / 300 ... accepted 161. Emin=-10.79172272, Emax=61.23053489
realization 162 / 300 ... accepted 162. Emin=17.85894409, Emax=82.46202305
realization 163 / 300 ... accepted 163. Emin=12.25307945, Emax=74.57003653
realization 164 / 300 ... accepted 164. Emin=12.12314458, Emax=77.66780302
realization 165 / 300 ... accepted 165. Emin=2.62830883, Emax=67.83389107
realization 166 / 300 ... accepted 166. Emin=20.99384909, Emax=78.74088540
realization 167 / 300 ... accepted 167. Emin=5.95182038, Emax=68.98133979
realization 168 / 300 ... accepted 168. Emin=-1.89579272, Emax=67.23072702
realization 169 / 300 ... accepted 169. Emin=-25.11228208, Emax=35.13680490
realization 170 / 300 ... accepted 170. Emin=-19.64807967, Emax=37.06502779
realization 171 / 300 ... accepted 171. Emin=-0.66073483, Emax=66.96022680
realization 172 / 300 ... accepted 172. Emin=-7.44017493, Emax=56.11449580
realization 173 / 300 ... accepted 173. Emin=0.56118952, Emax=65.19410230
realization 174 / 300 ... accepted 174. Emin=-18.80028788, Emax=35.19373107
realization 175 / 300 ... accepted 175. Emin=-0.03491343, Emax=78.47314252
realization 176 / 300 ... accepted 176. Emin=12.11923635, Emax=71.19758308
realization 177 / 300 ... accepted 177. Emin=-0.80778225, Emax=62.92222187
realization 178 / 300 ... accepted 178. Emin=0.25274588, Emax=69.20516052
realization 179 / 300 ... accepted 179. Emin=3.60393486, Emax=67.83397699
realization 180 / 300 ... accepted 180. Emin=-4.39459165, Emax=56.40828310
realization 181 / 300 ... accepted 181. Emin=-10.25319094, Emax=47.93639929
realization 182 / 300 ... accepted 182. Emin=-10.27842825, Emax=45.73602787
realization 183 / 300 ... accepted 183. Emin=-2.34728040, Emax=60.52888918
realization 184 / 300 ... accepted 184. Emin=18.85067989, Emax=85.37618575
realization 185 / 300 ... accepted 185. Emin=8.10539225, Emax=72.22709379
realization 186 / 300 ... accepted 186. Emin=-18.44756844, Emax=45.93550983
realization 187 / 300 ... accepted 187. Emin=-8.37851526, Emax=55.70697133
realization 188 / 300 ... accepted 188. Emin=-7.24562129, Emax=54.87446923
realization 189 / 300 ... accepted 189. Emin=-11.46838469, Emax=56.35561665
realization 190 / 300 ... accepted 190. Emin=-8.71208912, Emax=62.89334782
realization 191 / 300 ... accepted 191. Emin=0.06762709, Emax=56.35314209
realization 192 / 300 ... accepted 192. Emin=8.81870813, Emax=68.25141813
realization 193 / 300 ... accepted 193. Emin=11.97562749, Emax=75.56926122
realization 194 / 300 ... accepted 194. Emin=0.28458394, Emax=74.98354413
realization 195 / 300 ... accepted 195. Emin=-12.42870703, Emax=44.56828400
realization 196 / 300 ... accepted 196. Emin=-25.14000268, Emax=36.35051434
realization 197 / 300 ... accepted 197. Emin=21.34857007, Emax=76.38964590
realization 198 / 300 ... accepted 198. Emin=-0.72810809, Emax=75.61798294
realization 199 / 300 ... accepted 199. Emin=-7.30714341, Emax=76.01655507
realization 200 / 300 ... accepted 200. Emin=-9.96046374, Emax=49.95409101
realization 201 / 300 ... accepted 201. Emin=1.48573106, Emax=69.07622729
realization 202 / 300 ... accepted 202. Emin=5.13653205, Emax=68.05005545
realization 203 / 300 ... accepted 203. Emin=-4.46458017, Emax=73.00977515
realization 204 / 300 ... accepted 204. Emin=-17.76443744, Emax=43.54752589
realization 205 / 300 ... accepted 205. Emin=10.66475466, Emax=69.42537548
realization 206 / 300 ... accepted 206. Emin=-26.87663715, Emax=28.29103059
realization 207 / 300 ... accepted 207. Emin=13.06925824, Emax=86.80926000
realization 208 / 300 ... accepted 208. Emin=-7.90100188, Emax=67.26158161
realization 209 / 300 ... accepted 209. Emin=5.12189823, Emax=67.99624531
realization 210 / 300 ... accepted 210. Emin=6.93749272, Emax=60.17938279
realization 211 / 300 ... accepted 211. Emin=3.34368100, Emax=77.94433803
realization 212 / 300 ... accepted 212. Emin=5.47238484, Emax=74.18357571
realization 213 / 300 ... accepted 213. Emin=-0.63807486, Emax=64.89278384
realization 214 / 300 ... accepted 214. Emin=0.37231138, Emax=73.59443808
realization 215 / 300 ... accepted 215. Emin=-16.42589519, Emax=50.71183760
realization 216 / 300 ... accepted 216. Emin=4.70228721, Emax=68.07571537
realization 217 / 300 ... accepted 217. Emin=-5.78474794, Emax=54.73807626
realization 218 / 300 ... accepted 218. Emin=2.61748475, Emax=61.86805035
realization 219 / 300 ... accepted 219. Emin=-10.51118301, Emax=58.61770081
realization 220 / 300 ... accepted 220. Emin=8.58999558, Emax=80.88178760
realization 221 / 300 ... accepted 221. Emin=4.80622593, Emax=70.84955943
realization 222 / 300 ... accepted 222. Emin=3.59388255, Emax=81.54959433
realization 223 / 300 ... accepted 223. Emin=-18.56677098, Emax=46.88505522
realization 224 / 300 ... accepted 224. Emin=2.27213698, Emax=66.18803099
realization 225 / 300 ... accepted 225. Emin=-2.83734710, Emax=53.91415888
realization 226 / 300 ... accepted 226. Emin=-6.24375344, Emax=66.07020243
realization 227 / 300 ... accepted 227. Emin=-21.14442982, Emax=43.85660697
realization 228 / 300 ... accepted 228. Emin=5.68201471, Emax=64.07041449
realization 229 / 300 ... accepted 229. Emin=-24.60563552, Emax=31.03108528
realization 230 / 300 ... accepted 230. Emin=-6.91784911, Emax=60.27735095
realization 231 / 300 ... accepted 231. Emin=9.51346151, Emax=70.02366795
realization 232 / 300 ... accepted 232. Emin=16.86766768, Emax=78.98537411
realization 233 / 300 ... accepted 233. Emin=11.56946628, Emax=75.08398122
realization 234 / 300 ... accepted 234. Emin=-6.39933266, Emax=56.15058918
realization 235 / 300 ... accepted 235. Emin=-13.01823837, Emax=59.03403694
realization 236 / 300 ... accepted 236. Emin=-12.99808585, Emax=44.89095507
realization 237 / 300 ... accepted 237. Emin=4.42359459, Emax=81.18101469
realization 238 / 300 ... accepted 238. Emin=-22.96641884, Emax=36.48725009
realization 239 / 300 ... accepted 239. Emin=-7.87510275, Emax=53.76488062
realization 240 / 300 ... accepted 240. Emin=-2.40585828, Emax=59.67916702
realization 241 / 300 ... accepted 241. Emin=-6.71950564, Emax=66.67908802
realization 242 / 300 ... accepted 242. Emin=-10.04467239, Emax=62.08575312
realization 243 / 300 ... accepted 243. Emin=0.64565971, Emax=59.40134320
realization 244 / 300 ... accepted 244. Emin=23.53702271, Emax=80.92250376
realization 245 / 300 ... accepted 245. Emin=5.05470916, Emax=73.45036917
realization 246 / 300 ... accepted 246. Emin=3.11912151, Emax=68.88870643
realization 247 / 300 ... accepted 247. Emin=-4.33435060, Emax=60.96761337
realization 248 / 300 ... accepted 248. Emin=1.93021194, Emax=79.32853142
realization 249 / 300 ... accepted 249. Emin=-8.35793105, Emax=55.67732620
realization 250 / 300 ... accepted 250. Emin=-7.63411407, Emax=65.84638249
realization 251 / 300 ... accepted 251. Emin=-16.70620134, Emax=52.65720556
realization 252 / 300 ... accepted 252. Emin=5.52650159, Emax=74.54172528
realization 253 / 300 ... accepted 253. Emin=5.99127851, Emax=78.71907306
realization 254 / 300 ... accepted 254. Emin=10.01708206, Emax=72.89107216
realization 255 / 300 ... accepted 255. Emin=2.01878708, Emax=67.24873888
realization 256 / 300 ... accepted 256. Emin=20.31533375, Emax=77.21077738
realization 257 / 300 ... accepted 257. Emin=-4.36101020, Emax=68.68350121
realization 258 / 300 ... accepted 258. Emin=-23.55556231, Emax=39.88230968
realization 259 / 300 ... accepted 259. Emin=15.22371515, Emax=82.90412374
realization 260 / 300 ... accepted 260. Emin=-11.02467764, Emax=51.70271441
realization 261 / 300 ... accepted 261. Emin=17.13314027, Emax=84.95280388
realization 262 / 300 ... accepted 262. Emin=-13.57860250, Emax=50.86572766
realization 263 / 300 ... accepted 263. Emin=-6.11890400, Emax=61.67271880
realization 264 / 300 ... accepted 264. Emin=1.75891416, Emax=62.49378968
realization 265 / 300 ... accepted 265. Emin=4.61685778, Emax=78.15703354
realization 266 / 300 ... accepted 266. Emin=0.42266514, Emax=72.51946825
realization 267 / 300 ... accepted 267. Emin=-18.99099766, Emax=49.78774995
realization 268 / 300 ... accepted 268. Emin=-17.52788483, Emax=36.59363526
realization 269 / 300 ... accepted 269. Emin=10.24937751, Emax=70.51584786
realization 270 / 300 ... accepted 270. Emin=-17.25289872, Emax=41.94596854
realization 271 / 300 ... accepted 271. Emin=15.62134270, Emax=72.77386398
realization 272 / 300 ... accepted 272. Emin=24.00430987, Emax=84.87582943
realization 273 / 300 ... accepted 273. Emin=13.95774235, Emax=74.77033512
realization 274 / 300 ... accepted 274. Emin=-0.70213796, Emax=69.12286891
realization 275 / 300 ... accepted 275. Emin=-10.92696839, Emax=48.25544675
realization 276 / 300 ... accepted 276. Emin=-1.92208937, Emax=58.10190953
realization 277 / 300 ... accepted 277. Emin=4.52613635, Emax=78.10317925
realization 278 / 300 ... accepted 278. Emin=6.75108568, Emax=63.36193882
realization 279 / 300 ... accepted 279. Emin=-3.78863411, Emax=55.92080891
realization 280 / 300 ... accepted 280. Emin=-18.13754342, Emax=50.86066555
realization 281 / 300 ... accepted 281. Emin=-4.55730762, Emax=58.93294261
realization 282 / 300 ... accepted 282. Emin=-4.36008814, Emax=58.24188349
realization 283 / 300 ... accepted 283. Emin=8.39940131, Emax=60.45580961
realization 284 / 300 ... accepted 284. Emin=-9.06170185, Emax=53.48437350
realization 285 / 300 ... accepted 285. Emin=-5.09502963, Emax=55.38308208
realization 286 / 300 ... accepted 286. Emin=-18.37561738, Emax=46.46581081
realization 287 / 300 ... accepted 287. Emin=6.68352240, Emax=80.50010965
realization 288 / 300 ... accepted 288. Emin=12.07431311, Emax=74.67091555
realization 289 / 300 ... accepted 289. Emin=2.49693267, Emax=74.03045730
realization 290 / 300 ... accepted 290. Emin=-9.67162718, Emax=56.72582306
realization 291 / 300 ... accepted 291. Emin=2.71584185, Emax=72.83164470
realization 292 / 300 ... accepted 292. Emin=-7.63840216, Emax=54.94979436
realization 293 / 300 ... accepted 293. Emin=-10.57376620, Emax=58.05707890
realization 294 / 300 ... accepted 294. Emin=-23.04464239, Emax=42.61559663
realization 295 / 300 ... accepted 295. Emin=-8.03945512, Emax=60.53881321
realization 296 / 300 ... accepted 296. Emin=2.73685870, Emax=58.56087768
realization 297 / 300 ... accepted 297. Emin=2.64883773, Emax=64.88332340
realization 298 / 300 ... accepted 298. Emin=-1.19442576, Emax=68.58915318
realization 299 / 300 ... accepted 299. Emin=3.10955437, Emax=64.02703648
realization 300 / 300 ... accepted 300. Emin=3.48276563, Emax=66.29243569
Saved final energies: /home/2/kj405942/POLFED_bosons/pbs_bose_legacy_nmax2_periodic/data/U_7/W_8/L_6/N_6_nmax_2/boundary_periodic/energies_full_U7_L6_N6_nmax2_W8_boundaryperiodic_nreal300.txt
Accepted realizations: 300 / 300
Skipped realizations: 0
Job finished at Sun May 31 17:11:40 UTC 2026
