Job started on w30 at Sun May 31 17:10:26 UTC 2026
PBS_JOBID=7731398.kruk-host.ift-klaster.lan
PBS_O_WORKDIR=/home/2/kj405942/POLFED_bosons
Bose-Hubbard: L=6, N=6, nmax=2, dim=141
t=1, U=7, W=14, nreal=300, boundary=periodic, mode=full
Writing partial results to /home/2/kj405942/POLFED_bosons/pbs_bose_legacy_nmax2_periodic/data/U_7/W_14/L_6/N_6_nmax_2/boundary_periodic/energies_full_U7_L6_N6_nmax2_W14_boundaryperiodic_nreal300_partial.txt
realization 1 / 300 ... accepted 1. Emin=6.59301250, Emax=97.65860193
realization 2 / 300 ... accepted 2. Emin=-31.68396755, Emax=43.14197154
realization 3 / 300 ... accepted 3. Emin=-17.79953801, Emax=68.39456815
realization 4 / 300 ... accepted 4. Emin=54.14316021, Emax=116.41062049
realization 5 / 300 ... accepted 5. Emin=-34.28826990, Emax=84.01703766
realization 6 / 300 ... accepted 6. Emin=-40.72626332, Emax=49.69219641
realization 7 / 300 ... accepted 7. Emin=-54.26234623, Emax=40.19324566
realization 8 / 300 ... accepted 8. Emin=6.73448873, Emax=94.92165200
realization 9 / 300 ... accepted 9. Emin=4.68947382, Emax=72.83660162
realization 10 / 300 ... accepted 10. Emin=-24.79501099, Emax=64.56152220
realization 11 / 300 ... accepted 11. Emin=-24.20514122, Emax=69.01475317
realization 12 / 300 ... accepted 12. Emin=-9.02088988, Emax=68.91506534
realization 13 / 300 ... accepted 13. Emin=11.78800925, Emax=97.45633743
realization 14 / 300 ... accepted 14. Emin=-22.60082935, Emax=85.82247393
realization 15 / 300 ... accepted 15. Emin=-14.15287772, Emax=73.38439158
realization 16 / 300 ... accepted 16. Emin=-21.79538602, Emax=68.85559666
realization 17 / 300 ... accepted 17. Emin=-4.50585217, Emax=85.07490386
realization 18 / 300 ... accepted 18. Emin=-21.96655770, Emax=95.51322491
realization 19 / 300 ... accepted 19. Emin=-14.79927282, Emax=70.07667867
realization 20 / 300 ... accepted 20. Emin=22.53308224, Emax=103.78956599
realization 21 / 300 ... accepted 21. Emin=4.70975302, Emax=79.53769167
realization 22 / 300 ... accepted 22. Emin=-46.17909955, Emax=40.88218227
realization 23 / 300 ... accepted 23. Emin=-14.34029031, Emax=75.08191189
realization 24 / 300 ... accepted 24. Emin=-17.02683514, Emax=63.31086977
realization 25 / 300 ... accepted 25. Emin=-13.49409881, Emax=65.98019449
realization 26 / 300 ... accepted 26. Emin=-24.81069254, Emax=84.91869868
realization 27 / 300 ... accepted 27. Emin=-12.11124011, Emax=88.12739596
realization 28 / 300 ... accepted 28. Emin=-24.90956554, Emax=40.45913080
realization 29 / 300 ... accepted 29. Emin=-13.39164841, Emax=68.01851250
realization 30 / 300 ... accepted 30. Emin=38.11979622, Emax=114.22819308
realization 31 / 300 ... accepted 31. Emin=-38.99031490, Emax=29.22754726
realization 32 / 300 ... accepted 32. Emin=-3.29269994, Emax=78.51078276
realization 33 / 300 ... accepted 33. Emin=-6.77794088, Emax=89.72630140
realization 34 / 300 ... accepted 34. Emin=-17.08744790, Emax=89.20727154
realization 35 / 300 ... accepted 35. Emin=6.42591867, Emax=95.58853651
realization 36 / 300 ... accepted 36. Emin=-49.69707724, Emax=46.15791205
realization 37 / 300 ... accepted 37. Emin=-33.73448392, Emax=51.46479867
realization 38 / 300 ... accepted 38. Emin=23.03528376, Emax=98.36385981
realization 39 / 300 ... accepted 39. Emin=-2.74309937, Emax=91.12056325
realization 40 / 300 ... accepted 40. Emin=-28.75559798, Emax=64.32646771
realization 41 / 300 ... accepted 41. Emin=-16.69287734, Emax=59.10049062
realization 42 / 300 ... accepted 42. Emin=-13.65749237, Emax=57.75580194
realization 43 / 300 ... accepted 43. Emin=14.73404280, Emax=80.42773302
realization 44 / 300 ... accepted 44. Emin=15.88841741, Emax=115.44926115
realization 45 / 300 ... accepted 45. Emin=-28.82170544, Emax=49.33437205
realization 46 / 300 ... accepted 46. Emin=-24.37375190, Emax=79.53631470
realization 47 / 300 ... accepted 47. Emin=-44.05821381, Emax=38.28303056
realization 48 / 300 ... accepted 48. Emin=-20.43779499, Emax=85.56061792
realization 49 / 300 ... accepted 49. Emin=-24.48000467, Emax=45.53538465
realization 50 / 300 ... accepted 50. Emin=-24.94660137, Emax=85.54028732
realization 51 / 300 ... accepted 51. Emin=-26.06606778, Emax=62.08931698
realization 52 / 300 ... accepted 52. Emin=25.19605396, Emax=110.00890077
realization 53 / 300 ... accepted 53. Emin=-4.90915509, Emax=101.01424129
realization 54 / 300 ... accepted 54. Emin=-12.37692924, Emax=84.32861499
realization 55 / 300 ... accepted 55. Emin=-18.01978964, Emax=99.47638749
realization 56 / 300 ... accepted 56. Emin=0.05801361, Emax=102.32080017
realization 57 / 300 ... accepted 57. Emin=2.42929489, Emax=87.05337282
realization 58 / 300 ... accepted 58. Emin=-26.97934977, Emax=71.61842901
realization 59 / 300 ... accepted 59. Emin=27.79297286, Emax=89.99724283
realization 60 / 300 ... accepted 60. Emin=-10.40750918, Emax=74.43741238
realization 61 / 300 ... accepted 61. Emin=5.99741158, Emax=106.41158245
realization 62 / 300 ... accepted 62. Emin=-28.87424245, Emax=44.89378548
realization 63 / 300 ... accepted 63. Emin=-55.75421527, Emax=8.32322698
realization 64 / 300 ... accepted 64. Emin=-1.95268350, Emax=96.15123684
realization 65 / 300 ... accepted 65. Emin=-26.42180980, Emax=42.92868364
realization 66 / 300 ... accepted 66. Emin=6.18830724, Emax=73.56398880
realization 67 / 300 ... accepted 67. Emin=29.28798853, Emax=111.75435869
realization 68 / 300 ... accepted 68. Emin=-7.34816051, Emax=99.79202190
realization 69 / 300 ... accepted 69. Emin=-40.16364556, Emax=45.97045738
realization 70 / 300 ... accepted 70. Emin=-20.18394991, Emax=100.11315671
realization 71 / 300 ... accepted 71. Emin=16.57663544, Emax=93.86373212
realization 72 / 300 ... accepted 72. Emin=-30.20498788, Emax=69.35168473
realization 73 / 300 ... accepted 73. Emin=45.80533030, Emax=113.48505797
realization 74 / 300 ... accepted 74. Emin=-21.57130539, Emax=79.32464380
realization 75 / 300 ... accepted 75. Emin=-3.59378075, Emax=82.06569999
realization 76 / 300 ... accepted 76. Emin=14.28781060, Emax=114.30598606
realization 77 / 300 ... accepted 77. Emin=-28.19703324, Emax=56.84533885
realization 78 / 300 ... accepted 78. Emin=23.03601655, Emax=97.55765681
realization 79 / 300 ... accepted 79. Emin=-10.15664789, Emax=74.86084166
realization 80 / 300 ... accepted 80. Emin=4.03159548, Emax=101.88209993
realization 81 / 300 ... accepted 81. Emin=2.10247501, Emax=85.36872342
realization 82 / 300 ... accepted 82. Emin=-8.11407406, Emax=75.98025961
realization 83 / 300 ... accepted 83. Emin=-14.80740970, Emax=55.40154396
realization 84 / 300 ... accepted 84. Emin=-7.23734854, Emax=97.13020390
realization 85 / 300 ... accepted 85. Emin=8.52063157, Emax=90.43328479
realization 86 / 300 ... accepted 86. Emin=12.04312222, Emax=86.55803348
realization 87 / 300 ... accepted 87. Emin=-6.40350349, Emax=72.84819196
realization 88 / 300 ... accepted 88. Emin=-24.17103740, Emax=81.41215390
realization 89 / 300 ... accepted 89. Emin=32.33168897, Emax=98.58151513
realization 90 / 300 ... accepted 90. Emin=10.18112238, Emax=93.22528922
realization 91 / 300 ... accepted 91. Emin=1.57824169, Emax=78.87326200
realization 92 / 300 ... accepted 92. Emin=-36.31892566, Emax=53.42886174
realization 93 / 300 ... accepted 93. Emin=15.72676640, Emax=100.02440158
realization 94 / 300 ... accepted 94. Emin=-21.00467722, Emax=64.21810584
realization 95 / 300 ... accepted 95. Emin=-32.16226708, Emax=61.22666968
realization 96 / 300 ... accepted 96. Emin=-40.39820028, Emax=46.50012511
realization 97 / 300 ... accepted 97. Emin=48.39699223, Emax=114.33270740
realization 98 / 300 ... accepted 98. Emin=-20.34657881, Emax=96.97567719
realization 99 / 300 ... accepted 99. Emin=-0.99985182, Emax=97.91019790
realization 100 / 300 ... accepted 100. Emin=-8.59268209, Emax=71.33389369
realization 101 / 300 ... accepted 101. Emin=-4.45400859, Emax=98.31263696
realization 102 / 300 ... accepted 102. Emin=-4.85296270, Emax=74.59769547
realization 103 / 300 ... accepted 103. Emin=-14.10959811, Emax=64.37664056
realization 104 / 300 ... accepted 104. Emin=36.19230961, Emax=110.67193309
realization 105 / 300 ... accepted 105. Emin=-35.37703034, Emax=58.65471316
realization 106 / 300 ... accepted 106. Emin=-30.07182139, Emax=53.73182684
realization 107 / 300 ... accepted 107. Emin=13.54081718, Emax=93.50902682
realization 108 / 300 ... accepted 108. Emin=-6.40999797, Emax=77.06796517
realization 109 / 300 ... accepted 109. Emin=-15.97664896, Emax=68.21960006
realization 110 / 300 ... accepted 110. Emin=22.96711266, Emax=94.44686015
realization 111 / 300 ... accepted 111. Emin=9.70844286, Emax=97.65663640
realization 112 / 300 ... accepted 112. Emin=17.61585006, Emax=102.64371315
realization 113 / 300 ... accepted 113. Emin=-18.05841345, Emax=75.88384563
realization 114 / 300 ... accepted 114. Emin=16.13602337, Emax=78.01558150
realization 115 / 300 ... accepted 115. Emin=-49.88626318, Emax=21.81532227
realization 116 / 300 ... accepted 116. Emin=-5.43058385, Emax=100.18305196
realization 117 / 300 ... accepted 117. Emin=8.60759420, Emax=92.77355300
realization 118 / 300 ... accepted 118. Emin=-11.41696643, Emax=83.42705750
realization 119 / 300 ... accepted 119. Emin=-11.32584912, Emax=105.00897836
realization 120 / 300 ... accepted 120. Emin=30.54084041, Emax=100.99914271
realization 121 / 300 ... accepted 121. Emin=-6.43775881, Emax=94.38706122
realization 122 / 300 ... accepted 122. Emin=1.96080689, Emax=101.09648208
realization 123 / 300 ... accepted 123. Emin=-23.09752397, Emax=65.52019115
realization 124 / 300 ... accepted 124. Emin=-20.71024354, Emax=58.73602567
realization 125 / 300 ... accepted 125. Emin=-28.36871755, Emax=51.66544366
realization 126 / 300 ... accepted 126. Emin=-26.09054233, Emax=77.69057701
realization 127 / 300 ... accepted 127. Emin=-43.51718511, Emax=42.88255265
realization 128 / 300 ... accepted 128. Emin=-36.99807145, Emax=68.33285887
realization 129 / 300 ... accepted 129. Emin=-51.50359214, Emax=32.36270005
realization 130 / 300 ... accepted 130. Emin=1.65499500, Emax=92.43820230
realization 131 / 300 ... accepted 131. Emin=-23.88894609, Emax=50.78371881
realization 132 / 300 ... accepted 132. Emin=-4.14086043, Emax=88.62771185
realization 133 / 300 ... accepted 133. Emin=-41.91716326, Emax=20.87183429
realization 134 / 300 ... accepted 134. Emin=-32.48933644, Emax=88.99232370
realization 135 / 300 ... accepted 135. Emin=-10.45571827, Emax=83.95981517
realization 136 / 300 ... accepted 136. Emin=8.63562300, Emax=81.14546839
realization 137 / 300 ... accepted 137. Emin=-9.12972085, Emax=107.32579757
realization 138 / 300 ... accepted 138. Emin=-20.25743621, Emax=66.08207420
realization 139 / 300 ... accepted 139. Emin=15.31116482, Emax=95.68031744
realization 140 / 300 ... accepted 140. Emin=18.76318629, Emax=99.29314233
realization 141 / 300 ... accepted 141. Emin=-10.00669955, Emax=78.21817460
realization 142 / 300 ... accepted 142. Emin=2.90347703, Emax=103.64477645
realization 143 / 300 ... accepted 143. Emin=-11.71933671, Emax=48.04526653
realization 144 / 300 ... accepted 144. Emin=40.25126529, Emax=105.80999543
realization 145 / 300 ... accepted 145. Emin=-34.57660046, Emax=54.49525344
realization 146 / 300 ... accepted 146. Emin=-16.86822705, Emax=90.37351481
realization 147 / 300 ... accepted 147. Emin=7.28940968, Emax=93.39697078
realization 148 / 300 ... accepted 148. Emin=-21.57994751, Emax=59.78812787
realization 149 / 300 ... accepted 149. Emin=-25.63105953, Emax=71.14433998
realization 150 / 300 ... accepted 150. Emin=6.12956898, Emax=94.31137146
realization 151 / 300 ... accepted 151. Emin=-3.75809847, Emax=72.60914877
realization 152 / 300 ... accepted 152. Emin=-8.72226523, Emax=75.36445590
realization 153 / 300 ... accepted 153. Emin=-30.10264132, Emax=76.34929262
realization 154 / 300 ... accepted 154. Emin=16.02892027, Emax=105.28011931
realization 155 / 300 ... accepted 155. Emin=-14.91010458, Emax=76.17260809
realization 156 / 300 ... accepted 156. Emin=15.29346216, Emax=84.87710367
realization 157 / 300 ... accepted 157. Emin=34.09081194, Emax=113.93121725
realization 158 / 300 ... accepted 158. Emin=-15.13527634, Emax=76.79294953
realization 159 / 300 ... accepted 159. Emin=-24.63983688, Emax=51.17090508
realization 160 / 300 ... accepted 160. Emin=1.44179393, Emax=112.84181601
realization 161 / 300 ... accepted 161. Emin=21.71253215, Emax=121.62771734
realization 162 / 300 ... accepted 162. Emin=-19.64438436, Emax=70.48054410
realization 163 / 300 ... accepted 163. Emin=-22.78340540, Emax=69.90909862
realization 164 / 300 ... accepted 164. Emin=10.23371328, Emax=84.56654361
realization 165 / 300 ... accepted 165. Emin=-31.92860728, Emax=52.85497813
realization 166 / 300 ... accepted 166. Emin=0.44626440, Emax=77.90162325
realization 167 / 300 ... accepted 167. Emin=-26.28488562, Emax=65.45816630
realization 168 / 300 ... accepted 168. Emin=-26.44471134, Emax=52.06945279
realization 169 / 300 ... accepted 169. Emin=-3.78948412, Emax=91.17556691
realization 170 / 300 ... accepted 170. Emin=-20.96260192, Emax=87.02087776
realization 171 / 300 ... accepted 171. Emin=-10.71337500, Emax=72.01050766
realization 172 / 300 ... accepted 172. Emin=13.35613168, Emax=76.95450230
realization 173 / 300 ... accepted 173. Emin=-28.18370016, Emax=37.64387288
realization 174 / 300 ... accepted 174. Emin=22.08479061, Emax=86.22974457
realization 175 / 300 ... accepted 175. Emin=-57.75289782, Emax=11.69470326
realization 176 / 300 ... accepted 176. Emin=31.13597711, Emax=118.14028009
realization 177 / 300 ... accepted 177. Emin=-21.04881710, Emax=61.58593848
realization 178 / 300 ... accepted 178. Emin=-6.17006960, Emax=101.15709118
realization 179 / 300 ... accepted 179. Emin=1.39611832, Emax=74.98529454
realization 180 / 300 ... accepted 180. Emin=5.06151805, Emax=112.34231392
realization 181 / 300 ... accepted 181. Emin=-17.32796073, Emax=80.60450215
realization 182 / 300 ... accepted 182. Emin=-13.54973673, Emax=102.17431499
realization 183 / 300 ... accepted 183. Emin=-32.85188119, Emax=54.91240107
realization 184 / 300 ... accepted 184. Emin=-25.07839428, Emax=72.53257879
realization 185 / 300 ... accepted 185. Emin=-27.21420465, Emax=73.98549820
realization 186 / 300 ... accepted 186. Emin=19.73867867, Emax=119.02393886
realization 187 / 300 ... accepted 187. Emin=-23.27879210, Emax=81.32456527
realization 188 / 300 ... accepted 188. Emin=-14.89755105, Emax=66.56791342
realization 189 / 300 ... accepted 189. Emin=-42.29519973, Emax=44.16693909
realization 190 / 300 ... accepted 190. Emin=-0.89305671, Emax=74.54128264
realization 191 / 300 ... accepted 191. Emin=-11.54962682, Emax=80.22371840
realization 192 / 300 ... accepted 192. Emin=35.33000974, Emax=114.38238384
realization 193 / 300 ... accepted 193. Emin=-4.66175439, Emax=53.85186236
realization 194 / 300 ... accepted 194. Emin=4.13299975, Emax=93.86686259
realization 195 / 300 ... accepted 195. Emin=0.38653894, Emax=106.43713836
realization 196 / 300 ... accepted 196. Emin=-36.50960990, Emax=51.37644953
realization 197 / 300 ... accepted 197. Emin=30.41040903, Emax=96.95012375
realization 198 / 300 ... accepted 198. Emin=-48.06683990, Emax=10.97630075
realization 199 / 300 ... accepted 199. Emin=-22.85282494, Emax=68.67731359
realization 200 / 300 ... accepted 200. Emin=40.77130688, Emax=98.75039092
realization 201 / 300 ... accepted 201. Emin=-9.65566783, Emax=69.75827157
realization 202 / 300 ... accepted 202. Emin=-27.15381684, Emax=58.47444246
realization 203 / 300 ... accepted 203. Emin=-13.32205951, Emax=93.06438903
realization 204 / 300 ... accepted 204. Emin=-11.34356359, Emax=92.53554608
realization 205 / 300 ... accepted 205. Emin=-7.38416759, Emax=80.21013892
realization 206 / 300 ... accepted 206. Emin=-9.08639905, Emax=88.91668172
realization 207 / 300 ... accepted 207. Emin=-32.49793396, Emax=78.03532864
realization 208 / 300 ... accepted 208. Emin=-23.27570375, Emax=74.80934967
realization 209 / 300 ... accepted 209. Emin=-28.73257868, Emax=59.13739819
realization 210 / 300 ... accepted 210. Emin=-5.87675637, Emax=66.15299466
realization 211 / 300 ... accepted 211. Emin=-29.85655033, Emax=51.79846506
realization 212 / 300 ... accepted 212. Emin=11.53422305, Emax=99.40138726
realization 213 / 300 ... accepted 213. Emin=-19.02518605, Emax=87.09504083
realization 214 / 300 ... accepted 214. Emin=-43.09668308, Emax=32.84990036
realization 215 / 300 ... accepted 215. Emin=-21.33119979, Emax=73.53990735
realization 216 / 300 ... accepted 216. Emin=0.63638358, Emax=87.27962884
realization 217 / 300 ... accepted 217. Emin=-13.07676485, Emax=81.36956623
realization 218 / 300 ... accepted 218. Emin=-66.10397444, Emax=-7.49525233
realization 219 / 300 ... accepted 219. Emin=-14.29762024, Emax=63.87852520
realization 220 / 300 ... accepted 220. Emin=-37.14254682, Emax=29.54728056
realization 221 / 300 ... accepted 221. Emin=-34.12733437, Emax=78.20323616
realization 222 / 300 ... accepted 222. Emin=-30.20716273, Emax=64.42507732
realization 223 / 300 ... accepted 223. Emin=-0.85111313, Emax=73.26474924
realization 224 / 300 ... accepted 224. Emin=-13.94247484, Emax=99.89967639
realization 225 / 300 ... accepted 225. Emin=-29.99030846, Emax=76.92628609
realization 226 / 300 ... accepted 226. Emin=-38.23364919, Emax=45.33996960
realization 227 / 300 ... accepted 227. Emin=17.19956170, Emax=103.89030671
realization 228 / 300 ... accepted 228. Emin=-19.01030177, Emax=61.38822273
realization 229 / 300 ... accepted 229. Emin=7.80591685, Emax=83.79897173
realization 230 / 300 ... accepted 230. Emin=-18.91803662, Emax=75.72459584
realization 231 / 300 ... accepted 231. Emin=12.97041014, Emax=81.30706035
realization 232 / 300 ... accepted 232. Emin=-28.13266217, Emax=53.86010152
realization 233 / 300 ... accepted 233. Emin=0.08989056, Emax=81.85050844
realization 234 / 300 ... accepted 234. Emin=-34.37246700, Emax=73.36737610
realization 235 / 300 ... accepted 235. Emin=-18.63089488, Emax=58.72299371
realization 236 / 300 ... accepted 236. Emin=-38.47403233, Emax=71.88711585
realization 237 / 300 ... accepted 237. Emin=28.02027532, Emax=113.67936232
realization 238 / 300 ... accepted 238. Emin=-30.99584165, Emax=41.23905123
realization 239 / 300 ... accepted 239. Emin=-10.12859205, Emax=95.82824706
realization 240 / 300 ... accepted 240. Emin=-1.62884786, Emax=65.51172159
realization 241 / 300 ... accepted 241. Emin=-20.33173830, Emax=62.96871449
realization 242 / 300 ... accepted 242. Emin=-26.59312247, Emax=50.76945859
realization 243 / 300 ... accepted 243. Emin=-37.97317534, Emax=54.70857934
realization 244 / 300 ... accepted 244. Emin=-35.56726044, Emax=83.83769481
realization 245 / 300 ... accepted 245. Emin=-15.40391337, Emax=84.85154567
realization 246 / 300 ... accepted 246. Emin=-24.73748096, Emax=88.75410219
realization 247 / 300 ... accepted 247. Emin=-27.77945344, Emax=80.37907446
realization 248 / 300 ... accepted 248. Emin=-42.32237517, Emax=35.46703129
realization 249 / 300 ... accepted 249. Emin=-1.05520750, Emax=78.62169673
realization 250 / 300 ... accepted 250. Emin=-13.76330926, Emax=65.70732863
realization 251 / 300 ... accepted 251. Emin=-29.43928713, Emax=55.47768868
realization 252 / 300 ... accepted 252. Emin=-7.60857030, Emax=89.26518695
realization 253 / 300 ... accepted 253. Emin=-23.42838810, Emax=56.65333457
realization 254 / 300 ... accepted 254. Emin=-22.02440256, Emax=58.29374000
realization 255 / 300 ... accepted 255. Emin=-1.14786549, Emax=85.87632186
realization 256 / 300 ... accepted 256. Emin=-3.30165206, Emax=88.78641394
realization 257 / 300 ... accepted 257. Emin=16.17291668, Emax=119.50891908
realization 258 / 300 ... accepted 258. Emin=-40.66260843, Emax=26.67343054
realization 259 / 300 ... accepted 259. Emin=-11.50999401, Emax=64.11941461
realization 260 / 300 ... accepted 260. Emin=-20.62871665, Emax=69.64614421
realization 261 / 300 ... accepted 261. Emin=-35.42019110, Emax=96.85718529
realization 262 / 300 ... accepted 262. Emin=-32.17495093, Emax=49.98713807
realization 263 / 300 ... accepted 263. Emin=28.52148030, Emax=102.06534036
realization 264 / 300 ... accepted 264. Emin=25.81875124, Emax=116.61433495
realization 265 / 300 ... accepted 265. Emin=-22.99822289, Emax=76.73067745
realization 266 / 300 ... accepted 266. Emin=-3.95835995, Emax=79.05321547
realization 267 / 300 ... accepted 267. Emin=18.79052268, Emax=107.63600100
realization 268 / 300 ... accepted 268. Emin=-3.06974438, Emax=92.54226269
realization 269 / 300 ... accepted 269. Emin=-3.89101023, Emax=75.88930860
realization 270 / 300 ... accepted 270. Emin=-2.93899415, Emax=81.35008984
realization 271 / 300 ... accepted 271. Emin=-15.40868212, Emax=98.51738081
realization 272 / 300 ... accepted 272. Emin=-7.29590870, Emax=80.23750649
realization 273 / 300 ... accepted 273. Emin=-5.81708835, Emax=105.57497177
realization 274 / 300 ... accepted 274. Emin=14.92659058, Emax=95.70864728
realization 275 / 300 ... accepted 275. Emin=-11.44962245, Emax=85.25375161
realization 276 / 300 ... accepted 276. Emin=-17.85883670, Emax=73.82669376
realization 277 / 300 ... accepted 277. Emin=-34.16711773, Emax=72.77328902
realization 278 / 300 ... accepted 278. Emin=9.52284920, Emax=70.65591599
realization 279 / 300 ... accepted 279. Emin=-4.53664846, Emax=84.63026386
realization 280 / 300 ... accepted 280. Emin=9.17888504, Emax=89.14863098
realization 281 / 300 ... accepted 281. Emin=-3.19442591, Emax=86.95429395
realization 282 / 300 ... accepted 282. Emin=-6.56475327, Emax=74.54668913
realization 283 / 300 ... accepted 283. Emin=-2.78456627, Emax=67.95385461
realization 284 / 300 ... accepted 284. Emin=-28.58230356, Emax=64.70926807
realization 285 / 300 ... accepted 285. Emin=-29.81248794, Emax=68.74636657
realization 286 / 300 ... accepted 286. Emin=-9.34046596, Emax=91.72175277
realization 287 / 300 ... accepted 287. Emin=-28.08735533, Emax=69.25469915
realization 288 / 300 ... accepted 288. Emin=-53.19445186, Emax=42.13044854
realization 289 / 300 ... accepted 289. Emin=19.46493139, Emax=103.16870668
realization 290 / 300 ... accepted 290. Emin=26.37840608, Emax=113.23183860
realization 291 / 300 ... accepted 291. Emin=-11.22580668, Emax=79.85584753
realization 292 / 300 ... accepted 292. Emin=-26.99958227, Emax=65.37710013
realization 293 / 300 ... accepted 293. Emin=-31.35130689, Emax=41.34363302
realization 294 / 300 ... accepted 294. Emin=6.48624376, Emax=75.56977610
realization 295 / 300 ... accepted 295. Emin=-9.41992871, Emax=61.89663457
realization 296 / 300 ... accepted 296. Emin=-37.61239718, Emax=55.01841735
realization 297 / 300 ... accepted 297. Emin=-4.08911684, Emax=94.14606445
realization 298 / 300 ... accepted 298. Emin=16.01047904, Emax=88.09821536
realization 299 / 300 ... accepted 299. Emin=-27.53637655, Emax=63.21689038
realization 300 / 300 ... accepted 300. Emin=-47.62661318, Emax=32.55446317
Saved final energies: /home/2/kj405942/POLFED_bosons/pbs_bose_legacy_nmax2_periodic/data/U_7/W_14/L_6/N_6_nmax_2/boundary_periodic/energies_full_U7_L6_N6_nmax2_W14_boundaryperiodic_nreal300.txt
Accepted realizations: 300 / 300
Skipped realizations: 0
Job finished at Sun May 31 17:12:00 UTC 2026
