Job started on w30 at Sun May 31 17:10:26 UTC 2026
PBS_JOBID=7731396.kruk-host.ift-klaster.lan
PBS_O_WORKDIR=/home/2/kj405942/POLFED_bosons
Bose-Hubbard: L=6, N=6, nmax=2, dim=141
t=1, U=7, W=12, nreal=300, boundary=periodic, mode=full
Writing partial results to /home/2/kj405942/POLFED_bosons/pbs_bose_legacy_nmax2_periodic/data/U_7/W_12/L_6/N_6_nmax_2/boundary_periodic/energies_full_U7_L6_N6_nmax2_W12_boundaryperiodic_nreal300_partial.txt
realization 1 / 300 ... accepted 1. Emin=-7.71112566, Emax=96.76722718
realization 2 / 300 ... accepted 2. Emin=-18.28897501, Emax=49.17509016
realization 3 / 300 ... accepted 3. Emin=7.91102490, Emax=90.50369678
realization 4 / 300 ... accepted 4. Emin=-28.56506113, Emax=31.64750755
realization 5 / 300 ... accepted 5. Emin=-5.82797020, Emax=84.32208399
realization 6 / 300 ... accepted 6. Emin=16.03569358, Emax=99.46165627
realization 7 / 300 ... accepted 7. Emin=14.05563059, Emax=85.05748054
realization 8 / 300 ... accepted 8. Emin=1.90049686, Emax=77.47040703
realization 9 / 300 ... accepted 9. Emin=-11.65425053, Emax=78.28981259
realization 10 / 300 ... accepted 10. Emin=-18.32982474, Emax=59.78636655
realization 11 / 300 ... accepted 11. Emin=13.34074997, Emax=93.03459151
realization 12 / 300 ... accepted 12. Emin=-6.19793163, Emax=65.53247960
realization 13 / 300 ... accepted 13. Emin=-6.02879791, Emax=81.32785603
realization 14 / 300 ... accepted 14. Emin=-1.84213296, Emax=67.50689006
realization 15 / 300 ... accepted 15. Emin=4.94688999, Emax=80.15328442
realization 16 / 300 ... accepted 16. Emin=-20.00206919, Emax=58.55099814
realization 17 / 300 ... accepted 17. Emin=15.63776300, Emax=88.24732618
realization 18 / 300 ... accepted 18. Emin=-4.28537313, Emax=92.96925899
realization 19 / 300 ... accepted 19. Emin=3.06003787, Emax=68.73835314
realization 20 / 300 ... accepted 20. Emin=1.74135719, Emax=57.47790243
realization 21 / 300 ... accepted 21. Emin=9.16731827, Emax=71.77465321
realization 22 / 300 ... accepted 22. Emin=1.83244162, Emax=90.56860015
realization 23 / 300 ... accepted 23. Emin=18.23214328, Emax=86.79772448
realization 24 / 300 ... accepted 24. Emin=-18.85344911, Emax=55.63187459
realization 25 / 300 ... accepted 25. Emin=-26.69125303, Emax=68.51449499
realization 26 / 300 ... accepted 26. Emin=-1.83657224, Emax=60.97339414
realization 27 / 300 ... accepted 27. Emin=19.08462584, Emax=103.75531535
realization 28 / 300 ... accepted 28. Emin=-10.82089412, Emax=74.25357883
realization 29 / 300 ... accepted 29. Emin=-25.22376702, Emax=49.28479835
realization 30 / 300 ... accepted 30. Emin=-15.69927641, Emax=60.17722327
realization 31 / 300 ... accepted 31. Emin=-4.28296301, Emax=90.86195666
realization 32 / 300 ... accepted 32. Emin=-2.11497061, Emax=62.12520892
realization 33 / 300 ... accepted 33. Emin=-16.94381125, Emax=59.23803755
realization 34 / 300 ... accepted 34. Emin=-18.03978984, Emax=57.88944032
realization 35 / 300 ... accepted 35. Emin=1.27059568, Emax=64.28435818
realization 36 / 300 ... accepted 36. Emin=-4.27093648, Emax=70.88698632
realization 37 / 300 ... accepted 37. Emin=-13.85276847, Emax=67.27440640
realization 38 / 300 ... accepted 38. Emin=-8.87456387, Emax=63.29022638
realization 39 / 300 ... accepted 39. Emin=0.01377224, Emax=81.25197609
realization 40 / 300 ... accepted 40. Emin=11.44873170, Emax=95.80992628
realization 41 / 300 ... accepted 41. Emin=-28.78878957, Emax=57.85833546
realization 42 / 300 ... accepted 42. Emin=-40.35205878, Emax=35.73951282
realization 43 / 300 ... accepted 43. Emin=6.81942439, Emax=81.74572174
realization 44 / 300 ... accepted 44. Emin=-4.65986033, Emax=79.34624625
realization 45 / 300 ... accepted 45. Emin=15.09704071, Emax=91.57966745
realization 46 / 300 ... accepted 46. Emin=-8.49961235, Emax=89.37684851
realization 47 / 300 ... accepted 47. Emin=-34.40871953, Emax=42.58656572
realization 48 / 300 ... accepted 48. Emin=-43.32151780, Emax=25.79344254
realization 49 / 300 ... accepted 49. Emin=-4.51317089, Emax=64.67124429
realization 50 / 300 ... accepted 50. Emin=-20.96123739, Emax=72.78356986
realization 51 / 300 ... accepted 51. Emin=-47.97185164, Emax=11.59260758
realization 52 / 300 ... accepted 52. Emin=21.92074846, Emax=101.82617843
realization 53 / 300 ... accepted 53. Emin=-27.05373089, Emax=49.39569482
realization 54 / 300 ... accepted 54. Emin=-5.84522621, Emax=76.78710768
realization 55 / 300 ... accepted 55. Emin=-5.79390837, Emax=69.21326883
realization 56 / 300 ... accepted 56. Emin=-4.60672291, Emax=56.14221626
realization 57 / 300 ... accepted 57. Emin=-0.82854589, Emax=64.05061675
realization 58 / 300 ... accepted 58. Emin=-7.53936923, Emax=63.14220133
realization 59 / 300 ... accepted 59. Emin=-11.68165553, Emax=78.90138649
realization 60 / 300 ... accepted 60. Emin=39.54958673, Emax=103.16829911
realization 61 / 300 ... accepted 61. Emin=-12.37847963, Emax=72.33927689
realization 62 / 300 ... accepted 62. Emin=-0.87682516, Emax=61.29078142
realization 63 / 300 ... accepted 63. Emin=16.06947229, Emax=104.18706521
realization 64 / 300 ... accepted 64. Emin=-13.76014800, Emax=60.84136265
realization 65 / 300 ... accepted 65. Emin=-3.79522163, Emax=85.24631978
realization 66 / 300 ... accepted 66. Emin=-5.66346445, Emax=99.75076480
realization 67 / 300 ... accepted 67. Emin=26.38192448, Emax=101.08794952
realization 68 / 300 ... accepted 68. Emin=14.62547552, Emax=98.74698728
realization 69 / 300 ... accepted 69. Emin=27.51398407, Emax=103.37395639
realization 70 / 300 ... accepted 70. Emin=4.07646089, Emax=83.50363243
realization 71 / 300 ... accepted 71. Emin=-27.47602211, Emax=53.11915060
realization 72 / 300 ... accepted 72. Emin=-24.83363197, Emax=78.03964997
realization 73 / 300 ... accepted 73. Emin=-0.83116802, Emax=96.27645618
realization 74 / 300 ... accepted 74. Emin=-34.61530540, Emax=19.83167008
realization 75 / 300 ... accepted 75. Emin=-7.66160227, Emax=60.69161099
realization 76 / 300 ... accepted 76. Emin=38.54493600, Emax=96.50042131
realization 77 / 300 ... accepted 77. Emin=-8.32946713, Emax=74.68256752
realization 78 / 300 ... accepted 78. Emin=2.27245309, Emax=90.05210148
realization 79 / 300 ... accepted 79. Emin=-30.65528130, Emax=41.53957313
realization 80 / 300 ... accepted 80. Emin=-8.57020943, Emax=77.20585996
realization 81 / 300 ... accepted 81. Emin=1.16374124, Emax=83.33867881
realization 82 / 300 ... accepted 82. Emin=25.91581697, Emax=105.23996522
realization 83 / 300 ... accepted 83. Emin=-10.87949594, Emax=84.70138310
realization 84 / 300 ... accepted 84. Emin=9.39101832, Emax=95.63908417
realization 85 / 300 ... accepted 85. Emin=28.29397548, Emax=100.48829042
realization 86 / 300 ... accepted 86. Emin=-15.71739789, Emax=89.29867054
realization 87 / 300 ... accepted 87. Emin=-21.27836777, Emax=33.30937348
realization 88 / 300 ... accepted 88. Emin=-11.41591420, Emax=49.03816079
realization 89 / 300 ... accepted 89. Emin=-15.03306809, Emax=72.71643639
realization 90 / 300 ... accepted 90. Emin=9.42386077, Emax=101.75391735
realization 91 / 300 ... accepted 91. Emin=-4.97605074, Emax=78.47812133
realization 92 / 300 ... accepted 92. Emin=39.99534802, Emax=98.77075107
realization 93 / 300 ... accepted 93. Emin=10.51412580, Emax=78.19446200
realization 94 / 300 ... accepted 94. Emin=21.38127338, Emax=81.02968322
realization 95 / 300 ... accepted 95. Emin=-22.92493588, Emax=45.20435264
realization 96 / 300 ... accepted 96. Emin=5.94410972, Emax=78.99241405
realization 97 / 300 ... accepted 97. Emin=23.47591686, Emax=103.76678885
realization 98 / 300 ... accepted 98. Emin=1.93488213, Emax=62.40613981
realization 99 / 300 ... accepted 99. Emin=-7.42706204, Emax=79.98271680
realization 100 / 300 ... accepted 100. Emin=-15.56085237, Emax=70.14979402
realization 101 / 300 ... accepted 101. Emin=-19.26956153, Emax=70.53561143
realization 102 / 300 ... accepted 102. Emin=-12.48275762, Emax=53.00702009
realization 103 / 300 ... accepted 103. Emin=33.62979293, Emax=100.04138534
realization 104 / 300 ... accepted 104. Emin=-1.10417210, Emax=100.01319710
realization 105 / 300 ... accepted 105. Emin=7.73329678, Emax=78.70057819
realization 106 / 300 ... accepted 106. Emin=-4.85992124, Emax=67.88422154
realization 107 / 300 ... accepted 107. Emin=29.38818088, Emax=92.87732600
realization 108 / 300 ... accepted 108. Emin=-22.09243924, Emax=61.33163307
realization 109 / 300 ... accepted 109. Emin=31.87935763, Emax=104.04760796
realization 110 / 300 ... accepted 110. Emin=-11.02155357, Emax=78.88822923
realization 111 / 300 ... accepted 111. Emin=-21.45936748, Emax=61.10750125
realization 112 / 300 ... accepted 112. Emin=-16.63433913, Emax=42.64641273
realization 113 / 300 ... accepted 113. Emin=21.50316130, Emax=94.63822870
realization 114 / 300 ... accepted 114. Emin=-13.78266676, Emax=80.37406507
realization 115 / 300 ... accepted 115. Emin=-12.30341347, Emax=69.64253838
realization 116 / 300 ... accepted 116. Emin=9.51423016, Emax=102.23698918
realization 117 / 300 ... accepted 117. Emin=-3.21984466, Emax=87.81455986
realization 118 / 300 ... accepted 118. Emin=-19.30143964, Emax=62.26438287
realization 119 / 300 ... accepted 119. Emin=-17.19498072, Emax=72.32994707
realization 120 / 300 ... accepted 120. Emin=-20.38402548, Emax=77.75031336
realization 121 / 300 ... accepted 121. Emin=-4.48116550, Emax=92.36684824
realization 122 / 300 ... accepted 122. Emin=-14.75314280, Emax=102.04501330
realization 123 / 300 ... accepted 123. Emin=-20.54499649, Emax=57.72955008
realization 124 / 300 ... accepted 124. Emin=21.48521552, Emax=96.18606436
realization 125 / 300 ... accepted 125. Emin=-0.16047922, Emax=103.19598161
realization 126 / 300 ... accepted 126. Emin=-29.01976772, Emax=29.67638248
realization 127 / 300 ... accepted 127. Emin=4.99008470, Emax=81.92034481
realization 128 / 300 ... accepted 128. Emin=-11.69195246, Emax=59.32301956
realization 129 / 300 ... accepted 129. Emin=-6.84324748, Emax=68.60612004
realization 130 / 300 ... accepted 130. Emin=18.23374880, Emax=100.39692910
realization 131 / 300 ... accepted 131. Emin=-32.36535282, Emax=33.00133720
realization 132 / 300 ... accepted 132. Emin=-9.21238170, Emax=68.05700504
realization 133 / 300 ... accepted 133. Emin=0.02731541, Emax=67.82254412
realization 134 / 300 ... accepted 134. Emin=-15.35500864, Emax=62.80104838
realization 135 / 300 ... accepted 135. Emin=8.81793651, Emax=84.93896727
realization 136 / 300 ... accepted 136. Emin=-22.87623052, Emax=40.58999535
realization 137 / 300 ... accepted 137. Emin=2.29436301, Emax=87.55648443
realization 138 / 300 ... accepted 138. Emin=10.44035349, Emax=95.45052176
realization 139 / 300 ... accepted 139. Emin=22.61668735, Emax=94.38007192
realization 140 / 300 ... accepted 140. Emin=15.86467149, Emax=78.91378538
realization 141 / 300 ... accepted 141. Emin=-6.56303864, Emax=60.90054585
realization 142 / 300 ... accepted 142. Emin=-20.59725375, Emax=80.78190037
realization 143 / 300 ... accepted 143. Emin=18.39653219, Emax=87.00527734
realization 144 / 300 ... accepted 144. Emin=7.69359846, Emax=73.03711854
realization 145 / 300 ... accepted 145. Emin=-32.12588560, Emax=65.38041873
realization 146 / 300 ... accepted 146. Emin=-18.68060374, Emax=50.63018184
realization 147 / 300 ... accepted 147. Emin=-25.91880334, Emax=69.27545220
realization 148 / 300 ... accepted 148. Emin=-30.69956198, Emax=27.55625474
realization 149 / 300 ... accepted 149. Emin=-8.24596955, Emax=87.29985067
realization 150 / 300 ... accepted 150. Emin=4.11156160, Emax=100.95089106
realization 151 / 300 ... accepted 151. Emin=21.48609362, Emax=95.46370252
realization 152 / 300 ... accepted 152. Emin=-21.71843695, Emax=58.63656583
realization 153 / 300 ... accepted 153. Emin=-10.53300528, Emax=64.19708171
realization 154 / 300 ... accepted 154. Emin=-22.30099465, Emax=59.78442433
realization 155 / 300 ... accepted 155. Emin=-6.43153259, Emax=81.82622894
realization 156 / 300 ... accepted 156. Emin=2.06436137, Emax=102.87136913
realization 157 / 300 ... accepted 157. Emin=25.38788923, Emax=91.95302540
realization 158 / 300 ... accepted 158. Emin=-18.71067865, Emax=64.48983808
realization 159 / 300 ... accepted 159. Emin=5.40360184, Emax=82.37943190
realization 160 / 300 ... accepted 160. Emin=-43.50229026, Emax=35.38139248
realization 161 / 300 ... accepted 161. Emin=-40.30779595, Emax=24.03966022
realization 162 / 300 ... accepted 162. Emin=-34.51606511, Emax=39.70304466
realization 163 / 300 ... accepted 163. Emin=-4.21897180, Emax=93.98432221
realization 164 / 300 ... accepted 164. Emin=2.64436021, Emax=70.11581181
realization 165 / 300 ... accepted 165. Emin=-3.14055108, Emax=80.36850701
realization 166 / 300 ... accepted 166. Emin=-11.28073552, Emax=84.11902826
realization 167 / 300 ... accepted 167. Emin=3.62776794, Emax=76.51877279
realization 168 / 300 ... accepted 168. Emin=-46.41690869, Emax=37.07155528
realization 169 / 300 ... accepted 169. Emin=7.58298647, Emax=78.61409120
realization 170 / 300 ... accepted 170. Emin=4.81452967, Emax=87.77660297
realization 171 / 300 ... accepted 171. Emin=-5.96090181, Emax=75.03688580
realization 172 / 300 ... accepted 172. Emin=20.08865764, Emax=98.53816003
realization 173 / 300 ... accepted 173. Emin=-17.62029356, Emax=47.21403837
realization 174 / 300 ... accepted 174. Emin=-17.23644897, Emax=62.96658963
realization 175 / 300 ... accepted 175. Emin=-27.02742474, Emax=58.66885576
realization 176 / 300 ... accepted 176. Emin=5.46504453, Emax=100.89835950
realization 177 / 300 ... accepted 177. Emin=23.19708947, Emax=104.64649040
realization 178 / 300 ... accepted 178. Emin=-22.63068442, Emax=63.03063607
realization 179 / 300 ... accepted 179. Emin=-4.15384284, Emax=80.21416118
realization 180 / 300 ... accepted 180. Emin=-12.60810160, Emax=81.17679270
realization 181 / 300 ... accepted 181. Emin=1.64047491, Emax=98.62968874
realization 182 / 300 ... accepted 182. Emin=-31.41612670, Emax=34.25411822
realization 183 / 300 ... accepted 183. Emin=-6.68122672, Emax=97.67761053
realization 184 / 300 ... accepted 184. Emin=-30.64496770, Emax=50.45391139
realization 185 / 300 ... accepted 185. Emin=1.12806205, Emax=66.40390778
realization 186 / 300 ... accepted 186. Emin=-17.47993229, Emax=68.12246177
realization 187 / 300 ... accepted 187. Emin=-4.75607766, Emax=75.09446922
realization 188 / 300 ... accepted 188. Emin=6.79150919, Emax=92.34584999
realization 189 / 300 ... accepted 189. Emin=-20.96510384, Emax=66.08600517
realization 190 / 300 ... accepted 190. Emin=-13.48361067, Emax=104.67382738
realization 191 / 300 ... accepted 191. Emin=-11.80156469, Emax=66.18828843
realization 192 / 300 ... accepted 192. Emin=-15.45683743, Emax=72.40435548
realization 193 / 300 ... accepted 193. Emin=1.48361413, Emax=75.98541457
realization 194 / 300 ... accepted 194. Emin=-19.92587412, Emax=54.92183562
realization 195 / 300 ... accepted 195. Emin=-19.50147152, Emax=67.68303556
realization 196 / 300 ... accepted 196. Emin=-19.41884103, Emax=74.62917351
realization 197 / 300 ... accepted 197. Emin=-28.59394704, Emax=44.41241295
realization 198 / 300 ... accepted 198. Emin=34.85673166, Emax=97.43852132
realization 199 / 300 ... accepted 199. Emin=-28.68828741, Emax=35.81103070
realization 200 / 300 ... accepted 200. Emin=8.57416866, Emax=90.61295559
realization 201 / 300 ... accepted 201. Emin=-9.32073455, Emax=73.63734405
realization 202 / 300 ... accepted 202. Emin=-33.44374707, Emax=42.73743384
realization 203 / 300 ... accepted 203. Emin=-2.52695738, Emax=72.58590903
realization 204 / 300 ... accepted 204. Emin=-18.50873466, Emax=39.19354645
realization 205 / 300 ... accepted 205. Emin=45.48727822, Emax=107.37726909
realization 206 / 300 ... accepted 206. Emin=16.23280048, Emax=69.87532381
realization 207 / 300 ... accepted 207. Emin=-13.68188161, Emax=56.96660117
realization 208 / 300 ... accepted 208. Emin=-22.46572484, Emax=67.15783627
realization 209 / 300 ... accepted 209. Emin=8.23958345, Emax=69.52859027
realization 210 / 300 ... accepted 210. Emin=-30.84954456, Emax=32.73601424
realization 211 / 300 ... accepted 211. Emin=-8.93978470, Emax=72.88685274
realization 212 / 300 ... accepted 212. Emin=-13.66663297, Emax=72.65731811
realization 213 / 300 ... accepted 213. Emin=11.93919936, Emax=77.45975993
realization 214 / 300 ... accepted 214. Emin=-18.88084289, Emax=60.34735398
realization 215 / 300 ... accepted 215. Emin=7.94792200, Emax=101.73542837
realization 216 / 300 ... accepted 216. Emin=2.52751263, Emax=93.30502477
realization 217 / 300 ... accepted 217. Emin=6.24033019, Emax=100.81223546
realization 218 / 300 ... accepted 218. Emin=-24.80713840, Emax=33.41124631
realization 219 / 300 ... accepted 219. Emin=-29.46542233, Emax=29.21390975
realization 220 / 300 ... accepted 220. Emin=-11.11429998, Emax=68.94466550
realization 221 / 300 ... accepted 221. Emin=-5.28312173, Emax=71.16762960
realization 222 / 300 ... accepted 222. Emin=-26.58948695, Emax=39.90564840
realization 223 / 300 ... accepted 223. Emin=2.93511421, Emax=90.33105939
realization 224 / 300 ... accepted 224. Emin=-25.79052768, Emax=47.36642265
realization 225 / 300 ... accepted 225. Emin=-26.93760559, Emax=48.49780076
realization 226 / 300 ... accepted 226. Emin=8.86835022, Emax=93.98365206
realization 227 / 300 ... accepted 227. Emin=-22.10111722, Emax=55.97866761
realization 228 / 300 ... accepted 228. Emin=-0.21966757, Emax=65.08050011
realization 229 / 300 ... accepted 229. Emin=2.53137010, Emax=75.93771427
realization 230 / 300 ... accepted 230. Emin=18.83505723, Emax=107.75494094
realization 231 / 300 ... accepted 231. Emin=-10.84954575, Emax=70.88711730
realization 232 / 300 ... accepted 232. Emin=29.60379006, Emax=104.30867152
realization 233 / 300 ... accepted 233. Emin=-12.92279913, Emax=58.59252778
realization 234 / 300 ... accepted 234. Emin=-21.97339504, Emax=51.37093297
realization 235 / 300 ... accepted 235. Emin=-18.08509906, Emax=59.59396671
realization 236 / 300 ... accepted 236. Emin=-14.72071368, Emax=62.66173539
realization 237 / 300 ... accepted 237. Emin=-3.50469409, Emax=73.47266246
realization 238 / 300 ... accepted 238. Emin=-6.10721840, Emax=67.06204927
realization 239 / 300 ... accepted 239. Emin=-33.65496594, Emax=30.07765308
realization 240 / 300 ... accepted 240. Emin=-5.48549136, Emax=66.61914509
realization 241 / 300 ... accepted 241. Emin=11.26599036, Emax=79.54693473
realization 242 / 300 ... accepted 242. Emin=-13.30965138, Emax=88.56529164
realization 243 / 300 ... accepted 243. Emin=47.44691196, Emax=102.65512329
realization 244 / 300 ... accepted 244. Emin=9.86935089, Emax=78.15266816
realization 245 / 300 ... accepted 245. Emin=16.66285819, Emax=94.68119033
realization 246 / 300 ... accepted 246. Emin=-32.02974947, Emax=32.72394909
realization 247 / 300 ... accepted 247. Emin=-38.21957949, Emax=67.75356312
realization 248 / 300 ... accepted 248. Emin=-5.66554497, Emax=69.78969996
realization 249 / 300 ... accepted 249. Emin=-0.72543022, Emax=79.82886569
realization 250 / 300 ... accepted 250. Emin=-15.83502524, Emax=70.92816901
realization 251 / 300 ... accepted 251. Emin=-6.73299475, Emax=62.41784999
realization 252 / 300 ... accepted 252. Emin=-2.40155951, Emax=81.83888708
realization 253 / 300 ... accepted 253. Emin=-25.68617153, Emax=40.29005911
realization 254 / 300 ... accepted 254. Emin=-2.29518308, Emax=101.65266317
realization 255 / 300 ... accepted 255. Emin=-34.95218228, Emax=36.65374625
realization 256 / 300 ... accepted 256. Emin=-5.00053415, Emax=84.25528778
realization 257 / 300 ... accepted 257. Emin=39.82971770, Emax=107.17216875
realization 258 / 300 ... accepted 258. Emin=-12.22472630, Emax=80.10212267
realization 259 / 300 ... accepted 259. Emin=10.38420558, Emax=79.96512901
realization 260 / 300 ... accepted 260. Emin=-18.45820745, Emax=67.11859494
realization 261 / 300 ... accepted 261. Emin=-17.50063285, Emax=69.97515231
realization 262 / 300 ... accepted 262. Emin=-13.42438998, Emax=67.40612135
realization 263 / 300 ... accepted 263. Emin=11.51458899, Emax=94.01634482
realization 264 / 300 ... accepted 264. Emin=2.57683853, Emax=88.15854312
realization 265 / 300 ... accepted 265. Emin=-11.99180061, Emax=67.18911434
realization 266 / 300 ... accepted 266. Emin=-7.82543194, Emax=83.14887282
realization 267 / 300 ... accepted 267. Emin=-10.24558628, Emax=62.89268209
realization 268 / 300 ... accepted 268. Emin=3.97641691, Emax=77.83820071
realization 269 / 300 ... accepted 269. Emin=-22.15511014, Emax=56.70423859
realization 270 / 300 ... accepted 270. Emin=-35.72846729, Emax=57.96570044
realization 271 / 300 ... accepted 271. Emin=1.87229838, Emax=79.25656048
realization 272 / 300 ... accepted 272. Emin=-35.15380823, Emax=22.81967129
realization 273 / 300 ... accepted 273. Emin=35.40294920, Emax=108.19225939
realization 274 / 300 ... accepted 274. Emin=-20.65498094, Emax=58.70849936
realization 275 / 300 ... accepted 275. Emin=-18.67614941, Emax=62.07918325
realization 276 / 300 ... accepted 276. Emin=15.91312922, Emax=92.17811357
realization 277 / 300 ... accepted 277. Emin=-33.70608370, Emax=55.45769679
realization 278 / 300 ... accepted 278. Emin=-1.10568512, Emax=82.29621281
realization 279 / 300 ... accepted 279. Emin=28.64878372, Emax=96.62211952
realization 280 / 300 ... accepted 280. Emin=-35.46220730, Emax=50.60054244
realization 281 / 300 ... accepted 281. Emin=-34.82947860, Emax=30.88796965
realization 282 / 300 ... accepted 282. Emin=-16.18055708, Emax=43.64340780
realization 283 / 300 ... accepted 283. Emin=3.24002624, Emax=92.47374596
realization 284 / 300 ... accepted 284. Emin=8.98245860, Emax=93.57844070
realization 285 / 300 ... accepted 285. Emin=1.74918583, Emax=71.33533406
realization 286 / 300 ... accepted 286. Emin=-13.60372020, Emax=83.96653896
realization 287 / 300 ... accepted 287. Emin=3.41019084, Emax=85.01286012
realization 288 / 300 ... accepted 288. Emin=-26.18605111, Emax=66.55054491
realization 289 / 300 ... accepted 289. Emin=-7.60819971, Emax=73.31569238
realization 290 / 300 ... accepted 290. Emin=-9.86795659, Emax=69.37005378
realization 291 / 300 ... accepted 291. Emin=-8.47931592, Emax=65.11021372
realization 292 / 300 ... accepted 292. Emin=-26.96030037, Emax=53.45308145
realization 293 / 300 ... accepted 293. Emin=-15.11769681, Emax=85.99616673
realization 294 / 300 ... accepted 294. Emin=-7.52442124, Emax=77.40799331
realization 295 / 300 ... accepted 295. Emin=1.01121369, Emax=63.96729840
realization 296 / 300 ... accepted 296. Emin=1.50935521, Emax=81.05018194
realization 297 / 300 ... accepted 297. Emin=2.06948555, Emax=90.59576132
realization 298 / 300 ... accepted 298. Emin=-41.57874084, Emax=25.76180965
realization 299 / 300 ... accepted 299. Emin=18.50452335, Emax=88.07298486
realization 300 / 300 ... accepted 300. Emin=13.68173080, Emax=85.86432536
Saved final energies: /home/2/kj405942/POLFED_bosons/pbs_bose_legacy_nmax2_periodic/data/U_7/W_12/L_6/N_6_nmax_2/boundary_periodic/energies_full_U7_L6_N6_nmax2_W12_boundaryperiodic_nreal300.txt
Accepted realizations: 300 / 300
Skipped realizations: 0
Job finished at Sun May 31 17:11:02 UTC 2026
