Job started on w30 at Sun May 31 17:10:26 UTC 2026
PBS_JOBID=7731395.kruk-host.ift-klaster.lan
PBS_O_WORKDIR=/home/2/kj405942/POLFED_bosons
Bose-Hubbard: L=6, N=6, nmax=2, dim=141
t=1, U=7, W=11, nreal=300, boundary=periodic, mode=full
Writing partial results to /home/2/kj405942/POLFED_bosons/pbs_bose_legacy_nmax2_periodic/data/U_7/W_11/L_6/N_6_nmax_2/boundary_periodic/energies_full_U7_L6_N6_nmax2_W11_boundaryperiodic_nreal300_partial.txt
realization 1 / 300 ... accepted 1. Emin=-5.89518077, Emax=69.66700322
realization 2 / 300 ... accepted 2. Emin=-5.23293801, Emax=64.81671298
realization 3 / 300 ... accepted 3. Emin=-5.24799439, Emax=79.96277659
realization 4 / 300 ... accepted 4. Emin=14.85031664, Emax=89.29346655
realization 5 / 300 ... accepted 5. Emin=-21.26555785, Emax=67.62581420
realization 6 / 300 ... accepted 6. Emin=-9.02621680, Emax=62.00559125
realization 7 / 300 ... accepted 7. Emin=10.11742597, Emax=78.00285363
realization 8 / 300 ... accepted 8. Emin=-11.59128253, Emax=82.23724481
realization 9 / 300 ... accepted 9. Emin=-9.04544839, Emax=67.85232940
realization 10 / 300 ... accepted 10. Emin=-6.84785532, Emax=82.40749765
realization 11 / 300 ... accepted 11. Emin=-3.41921322, Emax=66.66438858
realization 12 / 300 ... accepted 12. Emin=2.30621481, Emax=61.70834963
realization 13 / 300 ... accepted 13. Emin=-25.06624640, Emax=45.69231515
realization 14 / 300 ... accepted 14. Emin=-32.36075485, Emax=27.88277700
realization 15 / 300 ... accepted 15. Emin=-12.49312689, Emax=69.00960238
realization 16 / 300 ... accepted 16. Emin=4.84662111, Emax=72.08468471
realization 17 / 300 ... accepted 17. Emin=10.91392267, Emax=102.03802762
realization 18 / 300 ... accepted 18. Emin=-21.62412537, Emax=58.97922610
realization 19 / 300 ... accepted 19. Emin=-10.29700660, Emax=75.42245269
realization 20 / 300 ... accepted 20. Emin=-26.47704331, Emax=35.93635882
realization 21 / 300 ... accepted 21. Emin=-8.33550975, Emax=67.86038117
realization 22 / 300 ... accepted 22. Emin=-21.48308999, Emax=58.22639803
realization 23 / 300 ... accepted 23. Emin=-9.09203502, Emax=85.13543670
realization 24 / 300 ... accepted 24. Emin=0.74766780, Emax=77.53256251
realization 25 / 300 ... accepted 25. Emin=13.65789520, Emax=79.36954782
realization 26 / 300 ... accepted 26. Emin=14.76626111, Emax=97.64049188
realization 27 / 300 ... accepted 27. Emin=-25.26470494, Emax=37.05656236
realization 28 / 300 ... accepted 28. Emin=-20.08825585, Emax=59.31164955
realization 29 / 300 ... accepted 29. Emin=-5.66145534, Emax=83.16965441
realization 30 / 300 ... accepted 30. Emin=-16.50383328, Emax=82.17915579
realization 31 / 300 ... accepted 31. Emin=-11.23962297, Emax=58.20349138
realization 32 / 300 ... accepted 32. Emin=-8.09024855, Emax=66.16086014
realization 33 / 300 ... accepted 33. Emin=6.47629348, Emax=85.21224580
realization 34 / 300 ... accepted 34. Emin=-8.31263931, Emax=46.76760953
realization 35 / 300 ... accepted 35. Emin=-27.35697940, Emax=30.49104273
realization 36 / 300 ... accepted 36. Emin=-20.30782802, Emax=72.80021967
realization 37 / 300 ... accepted 37. Emin=-3.23109196, Emax=84.29713401
realization 38 / 300 ... accepted 38. Emin=17.00449952, Emax=84.59876405
realization 39 / 300 ... accepted 39. Emin=20.37235943, Emax=93.98383371
realization 40 / 300 ... accepted 40. Emin=-2.81950051, Emax=88.77624610
realization 41 / 300 ... accepted 41. Emin=-9.96971843, Emax=71.41359511
realization 42 / 300 ... accepted 42. Emin=10.80830281, Emax=76.38718536
realization 43 / 300 ... accepted 43. Emin=-16.63694907, Emax=46.24052735
realization 44 / 300 ... accepted 44. Emin=-16.54907050, Emax=49.67024989
realization 45 / 300 ... accepted 45. Emin=-12.22164718, Emax=71.61408790
realization 46 / 300 ... accepted 46. Emin=-8.71562111, Emax=66.98293532
realization 47 / 300 ... accepted 47. Emin=-1.21653101, Emax=82.52856516
realization 48 / 300 ... accepted 48. Emin=16.88163687, Emax=83.67280304
realization 49 / 300 ... accepted 49. Emin=-21.78826336, Emax=65.35462119
realization 50 / 300 ... accepted 50. Emin=-5.03765601, Emax=78.56118541
realization 51 / 300 ... accepted 51. Emin=8.60348024, Emax=84.57434821
realization 52 / 300 ... accepted 52. Emin=-22.08084152, Emax=55.11603182
realization 53 / 300 ... accepted 53. Emin=10.00833612, Emax=71.89955399
realization 54 / 300 ... accepted 54. Emin=9.42581325, Emax=89.82544741
realization 55 / 300 ... accepted 55. Emin=8.73210056, Emax=87.77492765
realization 56 / 300 ... accepted 56. Emin=27.00629532, Emax=95.59284355
realization 57 / 300 ... accepted 57. Emin=16.94078047, Emax=97.07710761
realization 58 / 300 ... accepted 58. Emin=-1.46955609, Emax=74.31585124
realization 59 / 300 ... accepted 59. Emin=-5.87880284, Emax=85.55310146
realization 60 / 300 ... accepted 60. Emin=-10.75419647, Emax=72.36008013
realization 61 / 300 ... accepted 61. Emin=-1.40166793, Emax=80.59251823
realization 62 / 300 ... accepted 62. Emin=6.51384562, Emax=85.58845529
realization 63 / 300 ... accepted 63. Emin=-7.02156713, Emax=81.85008932
realization 64 / 300 ... accepted 64. Emin=-9.17978294, Emax=70.18257292
realization 65 / 300 ... accepted 65. Emin=-19.43150884, Emax=52.98931004
realization 66 / 300 ... accepted 66. Emin=10.14439596, Emax=93.65891466
realization 67 / 300 ... accepted 67. Emin=12.34859644, Emax=94.64731972
realization 68 / 300 ... accepted 68. Emin=24.83081275, Emax=100.37659883
realization 69 / 300 ... accepted 69. Emin=-5.22703637, Emax=82.31473020
realization 70 / 300 ... accepted 70. Emin=-5.60266809, Emax=62.81996017
realization 71 / 300 ... accepted 71. Emin=-9.59224125, Emax=72.86020908
realization 72 / 300 ... accepted 72. Emin=-8.64415566, Emax=71.93162379
realization 73 / 300 ... accepted 73. Emin=21.49755070, Emax=86.68451815
realization 74 / 300 ... accepted 74. Emin=10.90360530, Emax=73.75369404
realization 75 / 300 ... accepted 75. Emin=-17.26959838, Emax=53.75795211
realization 76 / 300 ... accepted 76. Emin=11.74665434, Emax=102.62420933
realization 77 / 300 ... accepted 77. Emin=-2.19887175, Emax=77.55344980
realization 78 / 300 ... accepted 78. Emin=7.42707611, Emax=88.16680673
realization 79 / 300 ... accepted 79. Emin=-18.16436983, Emax=53.60168079
realization 80 / 300 ... accepted 80. Emin=21.41085599, Emax=101.49482597
realization 81 / 300 ... accepted 81. Emin=-20.69588923, Emax=57.07437739
realization 82 / 300 ... accepted 82. Emin=16.64066901, Emax=94.90342668
realization 83 / 300 ... accepted 83. Emin=-14.89193049, Emax=59.22790324
realization 84 / 300 ... accepted 84. Emin=10.39701910, Emax=79.17910055
realization 85 / 300 ... accepted 85. Emin=-5.64162778, Emax=73.63836933
realization 86 / 300 ... accepted 86. Emin=8.58841085, Emax=91.76889155
realization 87 / 300 ... accepted 87. Emin=-5.97585915, Emax=64.87423931
realization 88 / 300 ... accepted 88. Emin=21.48346752, Emax=81.01133302
realization 89 / 300 ... accepted 89. Emin=21.91579403, Emax=82.27632561
realization 90 / 300 ... accepted 90. Emin=-9.88720432, Emax=53.54467242
realization 91 / 300 ... accepted 91. Emin=8.23620263, Emax=97.64477746
realization 92 / 300 ... accepted 92. Emin=-9.43098911, Emax=53.29795406
realization 93 / 300 ... accepted 93. Emin=13.17099979, Emax=80.97773413
realization 94 / 300 ... accepted 94. Emin=12.76731522, Emax=94.92064280
realization 95 / 300 ... accepted 95. Emin=-12.97567934, Emax=73.00874514
realization 96 / 300 ... accepted 96. Emin=-1.47723410, Emax=72.55863930
realization 97 / 300 ... accepted 97. Emin=-18.72678515, Emax=58.43772497
realization 98 / 300 ... accepted 98. Emin=6.40149560, Emax=82.12982348
realization 99 / 300 ... accepted 99. Emin=-3.87311073, Emax=58.57685148
realization 100 / 300 ... accepted 100. Emin=12.21011559, Emax=76.49249247
realization 101 / 300 ... accepted 101. Emin=-18.79271333, Emax=44.66214043
realization 102 / 300 ... accepted 102. Emin=7.54630982, Emax=74.48152417
realization 103 / 300 ... accepted 103. Emin=-22.50958737, Emax=58.58284289
realization 104 / 300 ... accepted 104. Emin=-2.32921994, Emax=84.45849002
realization 105 / 300 ... accepted 105. Emin=16.95597246, Emax=91.23140160
realization 106 / 300 ... accepted 106. Emin=-3.46031066, Emax=82.93304177
realization 107 / 300 ... accepted 107. Emin=-15.24062251, Emax=79.31545440
realization 108 / 300 ... accepted 108. Emin=17.33913210, Emax=98.70124872
realization 109 / 300 ... accepted 109. Emin=-2.73428074, Emax=77.07719111
realization 110 / 300 ... accepted 110. Emin=11.39972997, Emax=81.87474119
realization 111 / 300 ... accepted 111. Emin=4.27611727, Emax=100.41184112
realization 112 / 300 ... accepted 112. Emin=-6.84263037, Emax=69.61573169
realization 113 / 300 ... accepted 113. Emin=-22.54898358, Emax=60.86209706
realization 114 / 300 ... accepted 114. Emin=-13.94990796, Emax=68.54166970
realization 115 / 300 ... accepted 115. Emin=4.70089133, Emax=86.04954249
realization 116 / 300 ... accepted 116. Emin=-13.15023804, Emax=67.37362670
realization 117 / 300 ... accepted 117. Emin=11.81196052, Emax=91.53643982
realization 118 / 300 ... accepted 118. Emin=33.39087482, Emax=89.83185178
realization 119 / 300 ... accepted 119. Emin=-19.71133973, Emax=68.43759465
realization 120 / 300 ... accepted 120. Emin=-1.63683513, Emax=80.30954949
realization 121 / 300 ... accepted 121. Emin=-5.33222468, Emax=99.35728109
realization 122 / 300 ... accepted 122. Emin=14.17249792, Emax=72.95209086
realization 123 / 300 ... accepted 123. Emin=-20.79794910, Emax=59.13266952
realization 124 / 300 ... accepted 124. Emin=-19.07243569, Emax=46.75922045
realization 125 / 300 ... accepted 125. Emin=15.17276256, Emax=87.99060106
realization 126 / 300 ... accepted 126. Emin=-4.07876982, Emax=72.00258044
realization 127 / 300 ... accepted 127. Emin=-43.07726497, Emax=36.40268111
realization 128 / 300 ... accepted 128. Emin=8.57229753, Emax=81.89303548
realization 129 / 300 ... accepted 129. Emin=20.67307035, Emax=85.04929982
realization 130 / 300 ... accepted 130. Emin=0.27610462, Emax=84.71230553
realization 131 / 300 ... accepted 131. Emin=12.42689557, Emax=82.02605608
realization 132 / 300 ... accepted 132. Emin=1.14801267, Emax=84.20601159
realization 133 / 300 ... accepted 133. Emin=20.40300919, Emax=90.44389036
realization 134 / 300 ... accepted 134. Emin=-14.98506319, Emax=46.40867232
realization 135 / 300 ... accepted 135. Emin=9.34264736, Emax=86.10893205
realization 136 / 300 ... accepted 136. Emin=4.42981786, Emax=84.78914977
realization 137 / 300 ... accepted 137. Emin=-22.90441653, Emax=41.81395868
realization 138 / 300 ... accepted 138. Emin=-17.14416218, Emax=74.16791298
realization 139 / 300 ... accepted 139. Emin=5.82623841, Emax=70.92463522
realization 140 / 300 ... accepted 140. Emin=-5.32085727, Emax=82.57870370
realization 141 / 300 ... accepted 141. Emin=-28.25388339, Emax=43.27584357
realization 142 / 300 ... accepted 142. Emin=-6.56926606, Emax=68.27490209
realization 143 / 300 ... accepted 143. Emin=7.45809608, Emax=101.69171037
realization 144 / 300 ... accepted 144. Emin=-4.28639235, Emax=82.82178931
realization 145 / 300 ... accepted 145. Emin=-0.39433343, Emax=73.86866309
realization 146 / 300 ... accepted 146. Emin=-8.01678686, Emax=68.33836677
realization 147 / 300 ... accepted 147. Emin=-1.66686455, Emax=79.00446666
realization 148 / 300 ... accepted 148. Emin=-18.62726921, Emax=56.66081046
realization 149 / 300 ... accepted 149. Emin=-15.60209283, Emax=59.81923033
realization 150 / 300 ... accepted 150. Emin=-19.75920657, Emax=75.92052823
realization 151 / 300 ... accepted 151. Emin=-26.56816055, Emax=41.07412316
realization 152 / 300 ... accepted 152. Emin=7.83100753, Emax=86.68146642
realization 153 / 300 ... accepted 153. Emin=-13.99196609, Emax=62.68667890
realization 154 / 300 ... accepted 154. Emin=-36.90225890, Emax=40.73013717
realization 155 / 300 ... accepted 155. Emin=-21.51542485, Emax=43.42227703
realization 156 / 300 ... accepted 156. Emin=-8.44402544, Emax=82.86694529
realization 157 / 300 ... accepted 157. Emin=11.52530022, Emax=88.70204166
realization 158 / 300 ... accepted 158. Emin=7.68949585, Emax=82.75714097
realization 159 / 300 ... accepted 159. Emin=-3.23032220, Emax=70.70176382
realization 160 / 300 ... accepted 160. Emin=-15.30033606, Emax=64.73626096
realization 161 / 300 ... accepted 161. Emin=-16.53194883, Emax=72.81644165
realization 162 / 300 ... accepted 162. Emin=-18.28783935, Emax=65.78746542
realization 163 / 300 ... accepted 163. Emin=11.16573586, Emax=76.14255879
realization 164 / 300 ... accepted 164. Emin=-20.00754066, Emax=55.26812790
realization 165 / 300 ... accepted 165. Emin=14.89246894, Emax=78.75058656
realization 166 / 300 ... accepted 166. Emin=-1.76771875, Emax=80.07838125
realization 167 / 300 ... accepted 167. Emin=-19.40713515, Emax=59.61225234
realization 168 / 300 ... accepted 168. Emin=-26.85469768, Emax=48.59459409
realization 169 / 300 ... accepted 169. Emin=-0.62537898, Emax=67.48360284
realization 170 / 300 ... accepted 170. Emin=9.38766496, Emax=82.95685529
realization 171 / 300 ... accepted 171. Emin=14.93443268, Emax=88.92086334
realization 172 / 300 ... accepted 172. Emin=8.10797126, Emax=78.03050861
realization 173 / 300 ... accepted 173. Emin=10.60345356, Emax=78.12097452
realization 174 / 300 ... accepted 174. Emin=18.91172198, Emax=80.91872283
realization 175 / 300 ... accepted 175. Emin=2.89388281, Emax=78.85252573
realization 176 / 300 ... accepted 176. Emin=2.75327369, Emax=88.60371931
realization 177 / 300 ... accepted 177. Emin=-17.74132835, Emax=73.01172646
realization 178 / 300 ... accepted 178. Emin=26.65282987, Emax=85.11109581
realization 179 / 300 ... accepted 179. Emin=9.89606809, Emax=84.00105968
realization 180 / 300 ... accepted 180. Emin=1.08306997, Emax=85.48887355
realization 181 / 300 ... accepted 181. Emin=5.13937857, Emax=91.80160189
realization 182 / 300 ... accepted 182. Emin=13.16537930, Emax=85.43970636
realization 183 / 300 ... accepted 183. Emin=-35.39008337, Emax=44.89651067
realization 184 / 300 ... accepted 184. Emin=-3.96224194, Emax=75.70720233
realization 185 / 300 ... accepted 185. Emin=-0.55700580, Emax=68.62661991
realization 186 / 300 ... accepted 186. Emin=-12.30040547, Emax=75.63615827
realization 187 / 300 ... accepted 187. Emin=-5.98791930, Emax=85.06968674
realization 188 / 300 ... accepted 188. Emin=19.20284558, Emax=81.31706984
realization 189 / 300 ... accepted 189. Emin=20.13723946, Emax=85.48744689
realization 190 / 300 ... accepted 190. Emin=-24.90389858, Emax=36.51458875
realization 191 / 300 ... accepted 191. Emin=-11.86354995, Emax=66.31066591
realization 192 / 300 ... accepted 192. Emin=-13.27613922, Emax=70.55733405
realization 193 / 300 ... accepted 193. Emin=-46.04658512, Emax=32.23689687
realization 194 / 300 ... accepted 194. Emin=20.24722791, Emax=93.70672685
realization 195 / 300 ... accepted 195. Emin=10.87153190, Emax=88.31265800
realization 196 / 300 ... accepted 196. Emin=17.04790750, Emax=90.55322588
realization 197 / 300 ... accepted 197. Emin=-23.55485778, Emax=58.14745953
realization 198 / 300 ... accepted 198. Emin=-26.10654240, Emax=53.90911278
realization 199 / 300 ... accepted 199. Emin=12.53733942, Emax=89.29869342
realization 200 / 300 ... accepted 200. Emin=-30.82148691, Emax=41.36123769
realization 201 / 300 ... accepted 201. Emin=-4.77182524, Emax=77.35647930
realization 202 / 300 ... accepted 202. Emin=-18.11626276, Emax=55.39889425
realization 203 / 300 ... accepted 203. Emin=-4.52739795, Emax=72.84375043
realization 204 / 300 ... accepted 204. Emin=-1.07863331, Emax=82.37024610
realization 205 / 300 ... accepted 205. Emin=-7.64151451, Emax=88.09476384
realization 206 / 300 ... accepted 206. Emin=5.45985423, Emax=75.42336781
realization 207 / 300 ... accepted 207. Emin=2.49930899, Emax=74.21100586
realization 208 / 300 ... accepted 208. Emin=19.94606587, Emax=84.12814000
realization 209 / 300 ... accepted 209. Emin=-4.53218889, Emax=94.56528355
realization 210 / 300 ... accepted 210. Emin=-17.18846584, Emax=85.89981277
realization 211 / 300 ... accepted 211. Emin=-10.41262635, Emax=71.79291224
realization 212 / 300 ... accepted 212. Emin=-4.31014130, Emax=65.48515922
realization 213 / 300 ... accepted 213. Emin=12.76750226, Emax=91.92829959
realization 214 / 300 ... accepted 214. Emin=-9.77009995, Emax=57.54202719
realization 215 / 300 ... accepted 215. Emin=-12.98634792, Emax=91.42183157
realization 216 / 300 ... accepted 216. Emin=-3.80722172, Emax=87.47278663
realization 217 / 300 ... accepted 217. Emin=-6.48469387, Emax=83.68804958
realization 218 / 300 ... accepted 218. Emin=-15.35101321, Emax=64.51463295
realization 219 / 300 ... accepted 219. Emin=19.30995352, Emax=90.15073834
realization 220 / 300 ... accepted 220. Emin=17.93213764, Emax=74.71369842
realization 221 / 300 ... accepted 221. Emin=-8.24092234, Emax=73.53570815
realization 222 / 300 ... accepted 222. Emin=5.93469144, Emax=75.73246636
realization 223 / 300 ... accepted 223. Emin=-0.67958898, Emax=75.43179232
realization 224 / 300 ... accepted 224. Emin=-19.85979276, Emax=70.44057043
realization 225 / 300 ... accepted 225. Emin=9.27369330, Emax=78.15050554
realization 226 / 300 ... accepted 226. Emin=30.23183916, Emax=94.49550547
realization 227 / 300 ... accepted 227. Emin=9.60786341, Emax=81.06236923
realization 228 / 300 ... accepted 228. Emin=-19.74822546, Emax=58.76130262
realization 229 / 300 ... accepted 229. Emin=-4.33496362, Emax=67.32757403
realization 230 / 300 ... accepted 230. Emin=5.39277726, Emax=72.60213263
realization 231 / 300 ... accepted 231. Emin=-14.09392946, Emax=56.70647422
realization 232 / 300 ... accepted 232. Emin=-36.48528796, Emax=43.55051922
realization 233 / 300 ... accepted 233. Emin=-17.95900555, Emax=57.29805057
realization 234 / 300 ... accepted 234. Emin=3.93450280, Emax=82.14140517
realization 235 / 300 ... accepted 235. Emin=-9.63872564, Emax=69.32377019
realization 236 / 300 ... accepted 236. Emin=-8.41164154, Emax=71.98061114
realization 237 / 300 ... accepted 237. Emin=-0.05298895, Emax=76.42324814
realization 238 / 300 ... accepted 238. Emin=0.57254597, Emax=74.41979658
realization 239 / 300 ... accepted 239. Emin=19.48385096, Emax=82.96714976
realization 240 / 300 ... accepted 240. Emin=4.51354600, Emax=86.58291284
realization 241 / 300 ... accepted 241. Emin=-3.93757801, Emax=76.22558816
realization 242 / 300 ... accepted 242. Emin=-22.30504439, Emax=61.16916809
realization 243 / 300 ... accepted 243. Emin=3.92370864, Emax=76.75788959
realization 244 / 300 ... accepted 244. Emin=-7.38107689, Emax=73.10637525
realization 245 / 300 ... accepted 245. Emin=-26.06268013, Emax=46.60890302
realization 246 / 300 ... accepted 246. Emin=11.24096695, Emax=78.19607482
realization 247 / 300 ... accepted 247. Emin=-13.22350408, Emax=72.18753349
realization 248 / 300 ... accepted 248. Emin=-28.94154658, Emax=47.77450668
realization 249 / 300 ... accepted 249. Emin=-9.22328232, Emax=72.46856017
realization 250 / 300 ... accepted 250. Emin=-9.27804474, Emax=73.62788439
realization 251 / 300 ... accepted 251. Emin=-10.40440352, Emax=61.77205060
realization 252 / 300 ... accepted 252. Emin=-0.32687143, Emax=99.90077590
realization 253 / 300 ... accepted 253. Emin=-21.76469301, Emax=49.90299892
realization 254 / 300 ... accepted 254. Emin=17.64832180, Emax=91.26063798
realization 255 / 300 ... accepted 255. Emin=-1.46586101, Emax=69.68031512
realization 256 / 300 ... accepted 256. Emin=-8.90961138, Emax=91.93946309
realization 257 / 300 ... accepted 257. Emin=-11.03954358, Emax=67.23731834
realization 258 / 300 ... accepted 258. Emin=-26.50739526, Emax=58.80164572
realization 259 / 300 ... accepted 259. Emin=-28.92659227, Emax=51.87491093
realization 260 / 300 ... accepted 260. Emin=-10.45669439, Emax=71.00792903
realization 261 / 300 ... accepted 261. Emin=-2.68921728, Emax=76.69775702
realization 262 / 300 ... accepted 262. Emin=-4.78238417, Emax=74.50615530
realization 263 / 300 ... accepted 263. Emin=-15.02192273, Emax=76.85948082
realization 264 / 300 ... accepted 264. Emin=2.22063174, Emax=70.83117196
realization 265 / 300 ... accepted 265. Emin=-26.07963328, Emax=57.92055749
realization 266 / 300 ... accepted 266. Emin=5.81347943, Emax=85.84986956
realization 267 / 300 ... accepted 267. Emin=-9.57316287, Emax=82.13049134
realization 268 / 300 ... accepted 268. Emin=-3.51036135, Emax=62.49325796
realization 269 / 300 ... accepted 269. Emin=-32.17998124, Emax=40.49576790
realization 270 / 300 ... accepted 270. Emin=-2.78060340, Emax=51.09123414
realization 271 / 300 ... accepted 271. Emin=-2.85602764, Emax=71.26645501
realization 272 / 300 ... accepted 272. Emin=23.06207647, Emax=95.05446764
realization 273 / 300 ... accepted 273. Emin=21.30348732, Emax=90.73019294
realization 274 / 300 ... accepted 274. Emin=7.65834781, Emax=85.41791300
realization 275 / 300 ... accepted 275. Emin=-23.37534150, Emax=49.19163826
realization 276 / 300 ... accepted 276. Emin=6.10995688, Emax=79.68692685
realization 277 / 300 ... accepted 277. Emin=33.07407177, Emax=89.71003034
realization 278 / 300 ... accepted 278. Emin=-20.96328366, Emax=51.90231176
realization 279 / 300 ... accepted 279. Emin=7.97359571, Emax=83.73662279
realization 280 / 300 ... accepted 280. Emin=10.77714962, Emax=98.00234329
realization 281 / 300 ... accepted 281. Emin=-9.32847861, Emax=75.39977821
realization 282 / 300 ... accepted 282. Emin=2.91397965, Emax=72.33215512
realization 283 / 300 ... accepted 283. Emin=-15.87839490, Emax=58.55193168
realization 284 / 300 ... accepted 284. Emin=5.08928588, Emax=71.12169977
realization 285 / 300 ... accepted 285. Emin=-28.52583835, Emax=41.26632045
realization 286 / 300 ... accepted 286. Emin=8.62783052, Emax=73.26403192
realization 287 / 300 ... accepted 287. Emin=-18.56123358, Emax=53.14064594
realization 288 / 300 ... accepted 288. Emin=-30.12645831, Emax=42.63101984
realization 289 / 300 ... accepted 289. Emin=6.84380518, Emax=68.29431535
realization 290 / 300 ... accepted 290. Emin=-3.75271819, Emax=57.58540326
realization 291 / 300 ... accepted 291. Emin=-6.84046600, Emax=70.92102735
realization 292 / 300 ... accepted 292. Emin=-9.49003188, Emax=75.19212333
realization 293 / 300 ... accepted 293. Emin=-18.06942397, Emax=73.27466633
realization 294 / 300 ... accepted 294. Emin=-31.92346448, Emax=47.47868847
realization 295 / 300 ... accepted 295. Emin=-15.88986176, Emax=56.53380811
realization 296 / 300 ... accepted 296. Emin=-0.45292038, Emax=70.36121863
realization 297 / 300 ... accepted 297. Emin=-11.03904083, Emax=68.07400427
realization 298 / 300 ... accepted 298. Emin=-13.26904285, Emax=73.00792877
realization 299 / 300 ... accepted 299. Emin=0.19049900, Emax=65.59872999
realization 300 / 300 ... accepted 300. Emin=-16.84065108, Emax=68.89426114
Saved final energies: /home/2/kj405942/POLFED_bosons/pbs_bose_legacy_nmax2_periodic/data/U_7/W_11/L_6/N_6_nmax_2/boundary_periodic/energies_full_U7_L6_N6_nmax2_W11_boundaryperiodic_nreal300.txt
Accepted realizations: 300 / 300
Skipped realizations: 0
Job finished at Sun May 31 17:11:06 UTC 2026
