Job started on w30 at Sun May 31 17:10:26 UTC 2026
PBS_JOBID=7731397.kruk-host.ift-klaster.lan
PBS_O_WORKDIR=/home/2/kj405942/POLFED_bosons
Bose-Hubbard: L=6, N=6, nmax=2, dim=141
t=1, U=7, W=13, nreal=300, boundary=periodic, mode=full
Writing partial results to /home/2/kj405942/POLFED_bosons/pbs_bose_legacy_nmax2_periodic/data/U_7/W_13/L_6/N_6_nmax_2/boundary_periodic/energies_full_U7_L6_N6_nmax2_W13_boundaryperiodic_nreal300_partial.txt
realization 1 / 300 ... accepted 1. Emin=-19.28660137, Emax=56.87481692
realization 2 / 300 ... accepted 2. Emin=-15.08592681, Emax=85.19340810
realization 3 / 300 ... accepted 3. Emin=-16.59440393, Emax=71.51711673
realization 4 / 300 ... accepted 4. Emin=5.59409013, Emax=92.00417640
realization 5 / 300 ... accepted 5. Emin=-22.42832057, Emax=65.61628286
realization 6 / 300 ... accepted 6. Emin=1.66415336, Emax=81.57386984
realization 7 / 300 ... accepted 7. Emin=13.71627107, Emax=106.78814125
realization 8 / 300 ... accepted 8. Emin=12.76456086, Emax=98.01404798
realization 9 / 300 ... accepted 9. Emin=-1.89957286, Emax=77.97140757
realization 10 / 300 ... accepted 10. Emin=-3.52836100, Emax=75.98638174
realization 11 / 300 ... accepted 11. Emin=-13.58963261, Emax=67.05059071
realization 12 / 300 ... accepted 12. Emin=11.49343276, Emax=106.12809031
realization 13 / 300 ... accepted 13. Emin=-32.69193954, Emax=27.89141994
realization 14 / 300 ... accepted 14. Emin=-23.17692485, Emax=82.29235340
realization 15 / 300 ... accepted 15. Emin=-20.03091336, Emax=61.52257187
realization 16 / 300 ... accepted 16. Emin=9.25192058, Emax=87.00757917
realization 17 / 300 ... accepted 17. Emin=-13.89560126, Emax=62.51272746
realization 18 / 300 ... accepted 18. Emin=-16.29693360, Emax=64.84624708
realization 19 / 300 ... accepted 19. Emin=-8.26449655, Emax=87.63743483
realization 20 / 300 ... accepted 20. Emin=-22.69692635, Emax=55.97938616
realization 21 / 300 ... accepted 21. Emin=4.54482661, Emax=90.99804554
realization 22 / 300 ... accepted 22. Emin=-3.21492169, Emax=84.24313100
realization 23 / 300 ... accepted 23. Emin=-24.28467500, Emax=62.25481229
realization 24 / 300 ... accepted 24. Emin=2.37778949, Emax=76.73546611
realization 25 / 300 ... accepted 25. Emin=-7.09226682, Emax=81.53666816
realization 26 / 300 ... accepted 26. Emin=0.27141115, Emax=83.42672159
realization 27 / 300 ... accepted 27. Emin=6.43440629, Emax=78.26339904
realization 28 / 300 ... accepted 28. Emin=5.27844201, Emax=88.84759206
realization 29 / 300 ... accepted 29. Emin=-3.25763470, Emax=98.79402687
realization 30 / 300 ... accepted 30. Emin=-21.49781209, Emax=82.21755494
realization 31 / 300 ... accepted 31. Emin=28.98517322, Emax=102.93574054
realization 32 / 300 ... accepted 32. Emin=1.66682599, Emax=77.73122821
realization 33 / 300 ... accepted 33. Emin=14.54522756, Emax=107.46822259
realization 34 / 300 ... accepted 34. Emin=18.64642646, Emax=92.81832708
realization 35 / 300 ... accepted 35. Emin=27.32902060, Emax=100.49812755
realization 36 / 300 ... accepted 36. Emin=-14.65929620, Emax=67.28842371
realization 37 / 300 ... accepted 37. Emin=-14.91979423, Emax=59.62562686
realization 38 / 300 ... accepted 38. Emin=18.29333343, Emax=99.40239410
realization 39 / 300 ... accepted 39. Emin=-16.86970065, Emax=63.21539401
realization 40 / 300 ... accepted 40. Emin=-20.41691799, Emax=68.59133321
realization 41 / 300 ... accepted 41. Emin=-17.26139070, Emax=78.54488482
realization 42 / 300 ... accepted 42. Emin=-18.95958403, Emax=61.51388808
realization 43 / 300 ... accepted 43. Emin=-19.85160448, Emax=73.97698759
realization 44 / 300 ... accepted 44. Emin=39.65286591, Emax=107.88480549
realization 45 / 300 ... accepted 45. Emin=6.82329806, Emax=86.38637373
realization 46 / 300 ... accepted 46. Emin=9.27798197, Emax=63.56751760
realization 47 / 300 ... accepted 47. Emin=-15.13299300, Emax=48.38334449
realization 48 / 300 ... accepted 48. Emin=-16.92846508, Emax=61.79075911
realization 49 / 300 ... accepted 49. Emin=12.14452416, Emax=90.85802346
realization 50 / 300 ... accepted 50. Emin=6.45861250, Emax=97.37215189
realization 51 / 300 ... accepted 51. Emin=-12.54725257, Emax=75.52612687
realization 52 / 300 ... accepted 52. Emin=6.94213200, Emax=113.01781463
realization 53 / 300 ... accepted 53. Emin=16.57995081, Emax=111.79526199
realization 54 / 300 ... accepted 54. Emin=1.76904949, Emax=95.90233853
realization 55 / 300 ... accepted 55. Emin=-15.01549489, Emax=95.46464458
realization 56 / 300 ... accepted 56. Emin=-25.92883032, Emax=50.08603060
realization 57 / 300 ... accepted 57. Emin=-20.88100820, Emax=66.65075106
realization 58 / 300 ... accepted 58. Emin=-1.98767536, Emax=73.29925763
realization 59 / 300 ... accepted 59. Emin=-20.76479090, Emax=59.32690743
realization 60 / 300 ... accepted 60. Emin=-38.11338743, Emax=46.36520434
realization 61 / 300 ... accepted 61. Emin=-7.08489072, Emax=116.07655549
realization 62 / 300 ... accepted 62. Emin=-29.20085640, Emax=31.07877862
realization 63 / 300 ... accepted 63. Emin=-30.30160745, Emax=32.19578750
realization 64 / 300 ... accepted 64. Emin=-13.55549126, Emax=54.82454083
realization 65 / 300 ... accepted 65. Emin=3.04891687, Emax=85.11170160
realization 66 / 300 ... accepted 66. Emin=-11.55680084, Emax=61.04824927
realization 67 / 300 ... accepted 67. Emin=-23.68486768, Emax=58.64786189
realization 68 / 300 ... accepted 68. Emin=-20.29675343, Emax=49.67283652
realization 69 / 300 ... accepted 69. Emin=11.22073222, Emax=92.50304689
realization 70 / 300 ... accepted 70. Emin=-1.93350972, Emax=105.74587555
realization 71 / 300 ... accepted 71. Emin=39.76568510, Emax=114.90384083
realization 72 / 300 ... accepted 72. Emin=1.68039761, Emax=95.85198024
realization 73 / 300 ... accepted 73. Emin=-9.73962021, Emax=48.62156590
realization 74 / 300 ... accepted 74. Emin=-14.13892206, Emax=74.16956899
realization 75 / 300 ... accepted 75. Emin=-10.78910124, Emax=90.47468438
realization 76 / 300 ... accepted 76. Emin=-17.91309745, Emax=73.41740023
realization 77 / 300 ... accepted 77. Emin=27.68690867, Emax=95.99143027
realization 78 / 300 ... accepted 78. Emin=-2.24806500, Emax=107.84169653
realization 79 / 300 ... accepted 79. Emin=-27.95649622, Emax=55.40142351
realization 80 / 300 ... accepted 80. Emin=-25.92824901, Emax=67.03800163
realization 81 / 300 ... accepted 81. Emin=1.34534454, Emax=83.17119017
realization 82 / 300 ... accepted 82. Emin=14.01011516, Emax=103.20642116
realization 83 / 300 ... accepted 83. Emin=-8.15477131, Emax=72.90637157
realization 84 / 300 ... accepted 84. Emin=-42.30504704, Emax=29.85015309
realization 85 / 300 ... accepted 85. Emin=-31.27635724, Emax=55.43569649
realization 86 / 300 ... accepted 86. Emin=-20.68831514, Emax=57.64830705
realization 87 / 300 ... accepted 87. Emin=-15.22501173, Emax=93.54109971
realization 88 / 300 ... accepted 88. Emin=15.21981113, Emax=97.54960713
realization 89 / 300 ... accepted 89. Emin=-31.32891594, Emax=61.42987602
realization 90 / 300 ... accepted 90. Emin=9.34425414, Emax=92.89468253
realization 91 / 300 ... accepted 91. Emin=-15.42678652, Emax=59.69456179
realization 92 / 300 ... accepted 92. Emin=-14.22721462, Emax=69.35495682
realization 93 / 300 ... accepted 93. Emin=-8.40798472, Emax=67.94796772
realization 94 / 300 ... accepted 94. Emin=0.61312204, Emax=107.05619348
realization 95 / 300 ... accepted 95. Emin=-12.04748681, Emax=90.55369557
realization 96 / 300 ... accepted 96. Emin=7.34712151, Emax=92.69997637
realization 97 / 300 ... accepted 97. Emin=-4.85652477, Emax=89.13332443
realization 98 / 300 ... accepted 98. Emin=-8.92190687, Emax=69.97111480
realization 99 / 300 ... accepted 99. Emin=-3.11525232, Emax=67.56390765
realization 100 / 300 ... accepted 100. Emin=-5.48307104, Emax=74.28489134
realization 101 / 300 ... accepted 101. Emin=4.59661916, Emax=98.54674923
realization 102 / 300 ... accepted 102. Emin=-11.75235930, Emax=65.06979628
realization 103 / 300 ... accepted 103. Emin=-32.52346242, Emax=47.08445707
realization 104 / 300 ... accepted 104. Emin=-4.86956680, Emax=75.87325257
realization 105 / 300 ... accepted 105. Emin=4.43971304, Emax=88.21838040
realization 106 / 300 ... accepted 106. Emin=-10.95659524, Emax=85.09682250
realization 107 / 300 ... accepted 107. Emin=-30.69940793, Emax=74.84343500
realization 108 / 300 ... accepted 108. Emin=-26.16844242, Emax=49.80269081
realization 109 / 300 ... accepted 109. Emin=-18.40126491, Emax=54.06604653
realization 110 / 300 ... accepted 110. Emin=-24.08147116, Emax=54.98668449
realization 111 / 300 ... accepted 111. Emin=-5.23822004, Emax=72.09403707
realization 112 / 300 ... accepted 112. Emin=-11.87276874, Emax=70.04648775
realization 113 / 300 ... accepted 113. Emin=-1.44924314, Emax=81.92843067
realization 114 / 300 ... accepted 114. Emin=16.28244637, Emax=83.85997761
realization 115 / 300 ... accepted 115. Emin=5.82664596, Emax=88.72762585
realization 116 / 300 ... accepted 116. Emin=-20.38771524, Emax=76.03592153
realization 117 / 300 ... accepted 117. Emin=2.21431739, Emax=76.43351145
realization 118 / 300 ... accepted 118. Emin=-18.87811542, Emax=85.47504700
realization 119 / 300 ... accepted 119. Emin=-1.01577335, Emax=70.21193049
realization 120 / 300 ... accepted 120. Emin=3.25566524, Emax=80.21890028
realization 121 / 300 ... accepted 121. Emin=-14.14238348, Emax=90.13507734
realization 122 / 300 ... accepted 122. Emin=-10.69458837, Emax=47.49645253
realization 123 / 300 ... accepted 123. Emin=-1.52961280, Emax=66.16449377
realization 124 / 300 ... accepted 124. Emin=8.50304498, Emax=79.65060058
realization 125 / 300 ... accepted 125. Emin=-7.93205587, Emax=60.68602372
realization 126 / 300 ... accepted 126. Emin=-22.60923778, Emax=69.38031514
realization 127 / 300 ... accepted 127. Emin=11.33035459, Emax=100.76809135
realization 128 / 300 ... accepted 128. Emin=-34.93105357, Emax=74.39551264
realization 129 / 300 ... accepted 129. Emin=-44.35559726, Emax=22.50694553
realization 130 / 300 ... accepted 130. Emin=-6.06561350, Emax=61.64581264
realization 131 / 300 ... accepted 131. Emin=12.83194911, Emax=86.52571665
realization 132 / 300 ... accepted 132. Emin=-8.93404441, Emax=72.61240144
realization 133 / 300 ... accepted 133. Emin=15.16237972, Emax=92.65740302
realization 134 / 300 ... accepted 134. Emin=-44.93119604, Emax=20.08947865
realization 135 / 300 ... accepted 135. Emin=-11.45609806, Emax=77.87227725
realization 136 / 300 ... accepted 136. Emin=1.57692999, Emax=84.48727328
realization 137 / 300 ... accepted 137. Emin=-28.28971307, Emax=34.48392091
realization 138 / 300 ... accepted 138. Emin=-54.08962126, Emax=11.91034246
realization 139 / 300 ... accepted 139. Emin=-8.51804245, Emax=77.22162201
realization 140 / 300 ... accepted 140. Emin=-14.25791851, Emax=84.27144876
realization 141 / 300 ... accepted 141. Emin=10.22831343, Emax=91.32326205
realization 142 / 300 ... accepted 142. Emin=-17.61821987, Emax=65.75855852
realization 143 / 300 ... accepted 143. Emin=-1.22361847, Emax=90.24827950
realization 144 / 300 ... accepted 144. Emin=-19.14845811, Emax=83.80766703
realization 145 / 300 ... accepted 145. Emin=-3.42723618, Emax=86.44849887
realization 146 / 300 ... accepted 146. Emin=-2.65304341, Emax=76.83665265
realization 147 / 300 ... accepted 147. Emin=-16.32059902, Emax=83.51878797
realization 148 / 300 ... accepted 148. Emin=48.14176745, Emax=115.58921809
realization 149 / 300 ... accepted 149. Emin=-25.18159651, Emax=54.44973763
realization 150 / 300 ... accepted 150. Emin=-6.37896491, Emax=71.76715492
realization 151 / 300 ... accepted 151. Emin=-21.78349127, Emax=61.61819642
realization 152 / 300 ... accepted 152. Emin=-24.51960051, Emax=53.06378119
realization 153 / 300 ... accepted 153. Emin=-12.94429684, Emax=91.13142379
realization 154 / 300 ... accepted 154. Emin=18.23636411, Emax=101.40977715
realization 155 / 300 ... accepted 155. Emin=-6.02356672, Emax=88.28438152
realization 156 / 300 ... accepted 156. Emin=-8.82709777, Emax=92.71634903
realization 157 / 300 ... accepted 157. Emin=-21.50512940, Emax=65.21163786
realization 158 / 300 ... accepted 158. Emin=12.93967234, Emax=75.35714010
realization 159 / 300 ... accepted 159. Emin=-40.87879783, Emax=72.38898280
realization 160 / 300 ... accepted 160. Emin=-22.43453143, Emax=45.73331796
realization 161 / 300 ... accepted 161. Emin=14.86523856, Emax=85.06381467
realization 162 / 300 ... accepted 162. Emin=-36.71988309, Emax=48.48352472
realization 163 / 300 ... accepted 163. Emin=-3.92291711, Emax=60.43403578
realization 164 / 300 ... accepted 164. Emin=35.74908125, Emax=99.00823749
realization 165 / 300 ... accepted 165. Emin=-22.93576598, Emax=39.78707230
realization 166 / 300 ... accepted 166. Emin=-24.12247882, Emax=35.44013273
realization 167 / 300 ... accepted 167. Emin=-18.60416490, Emax=70.13410629
realization 168 / 300 ... accepted 168. Emin=-19.10427847, Emax=51.71913092
realization 169 / 300 ... accepted 169. Emin=3.96883159, Emax=87.19440894
realization 170 / 300 ... accepted 170. Emin=-27.43551591, Emax=67.41296232
realization 171 / 300 ... accepted 171. Emin=-14.31600042, Emax=88.07155681
realization 172 / 300 ... accepted 172. Emin=-22.20043605, Emax=93.16684023
realization 173 / 300 ... accepted 173. Emin=-14.48130085, Emax=59.11303864
realization 174 / 300 ... accepted 174. Emin=-31.74582642, Emax=57.72114424
realization 175 / 300 ... accepted 175. Emin=-21.48801230, Emax=43.58373516
realization 176 / 300 ... accepted 176. Emin=-17.97514041, Emax=64.28117788
realization 177 / 300 ... accepted 177. Emin=16.74841212, Emax=85.21489278
realization 178 / 300 ... accepted 178. Emin=-41.24960079, Emax=44.39384379
realization 179 / 300 ... accepted 179. Emin=-10.17903839, Emax=100.91908551
realization 180 / 300 ... accepted 180. Emin=-26.02886969, Emax=41.07038065
realization 181 / 300 ... accepted 181. Emin=-34.67823849, Emax=45.23013621
realization 182 / 300 ... accepted 182. Emin=-18.81018908, Emax=63.85919738
realization 183 / 300 ... accepted 183. Emin=32.75221990, Emax=106.81605709
realization 184 / 300 ... accepted 184. Emin=-1.40887533, Emax=85.43123483
realization 185 / 300 ... accepted 185. Emin=27.30221679, Emax=81.24933523
realization 186 / 300 ... accepted 186. Emin=17.25475713, Emax=103.53107417
realization 187 / 300 ... accepted 187. Emin=-15.08538910, Emax=65.84050028
realization 188 / 300 ... accepted 188. Emin=-12.52399150, Emax=78.45386709
realization 189 / 300 ... accepted 189. Emin=-23.31175898, Emax=70.13721283
realization 190 / 300 ... accepted 190. Emin=-12.19103108, Emax=100.94083615
realization 191 / 300 ... accepted 191. Emin=-45.61426591, Emax=25.25871595
realization 192 / 300 ... accepted 192. Emin=-2.45491821, Emax=83.42644337
realization 193 / 300 ... accepted 193. Emin=-27.77359984, Emax=86.07702562
realization 194 / 300 ... accepted 194. Emin=-4.13773766, Emax=70.23066210
realization 195 / 300 ... accepted 195. Emin=1.77982138, Emax=92.61890161
realization 196 / 300 ... accepted 196. Emin=-13.62746050, Emax=78.03670465
realization 197 / 300 ... accepted 197. Emin=-10.67539604, Emax=65.88771531
realization 198 / 300 ... accepted 198. Emin=-29.81428498, Emax=35.89703559
realization 199 / 300 ... accepted 199. Emin=-16.96989725, Emax=57.76007852
realization 200 / 300 ... accepted 200. Emin=-15.57021835, Emax=76.22357758
realization 201 / 300 ... accepted 201. Emin=19.56348670, Emax=109.84600910
realization 202 / 300 ... accepted 202. Emin=-13.92182268, Emax=77.07416245
realization 203 / 300 ... accepted 203. Emin=17.71189266, Emax=83.41806640
realization 204 / 300 ... accepted 204. Emin=-31.43937090, Emax=58.96458004
realization 205 / 300 ... accepted 205. Emin=7.85900256, Emax=85.53670929
realization 206 / 300 ... accepted 206. Emin=-6.16794173, Emax=60.56124411
realization 207 / 300 ... accepted 207. Emin=-18.30113035, Emax=84.12676513
realization 208 / 300 ... accepted 208. Emin=-8.78151593, Emax=57.98649335
realization 209 / 300 ... accepted 209. Emin=-34.22883707, Emax=43.80646622
realization 210 / 300 ... accepted 210. Emin=-8.05496933, Emax=93.44661333
realization 211 / 300 ... accepted 211. Emin=-9.13669573, Emax=83.62440348
realization 212 / 300 ... accepted 212. Emin=-8.08304682, Emax=83.77901635
realization 213 / 300 ... accepted 213. Emin=5.08832307, Emax=79.23733151
realization 214 / 300 ... accepted 214. Emin=13.30745402, Emax=91.58969063
realization 215 / 300 ... accepted 215. Emin=5.78235098, Emax=70.44830443
realization 216 / 300 ... accepted 216. Emin=-17.69031186, Emax=74.31740617
realization 217 / 300 ... accepted 217. Emin=-31.41868163, Emax=75.16261449
realization 218 / 300 ... accepted 218. Emin=7.19806447, Emax=95.86484377
realization 219 / 300 ... accepted 219. Emin=36.16089052, Emax=89.35089306
realization 220 / 300 ... accepted 220. Emin=-7.02155140, Emax=102.88052277
realization 221 / 300 ... accepted 221. Emin=14.36686081, Emax=97.52561650
realization 222 / 300 ... accepted 222. Emin=15.47205941, Emax=92.72944981
realization 223 / 300 ... accepted 223. Emin=1.35840557, Emax=96.81102893
realization 224 / 300 ... accepted 224. Emin=-9.78911615, Emax=79.79635227
realization 225 / 300 ... accepted 225. Emin=-16.60853172, Emax=52.27325691
realization 226 / 300 ... accepted 226. Emin=-38.25824921, Emax=77.39864392
realization 227 / 300 ... accepted 227. Emin=-45.74953357, Emax=20.70009868
realization 228 / 300 ... accepted 228. Emin=20.76601899, Emax=112.55387598
realization 229 / 300 ... accepted 229. Emin=38.88130821, Emax=108.38873126
realization 230 / 300 ... accepted 230. Emin=-29.44216642, Emax=60.26072318
realization 231 / 300 ... accepted 231. Emin=18.21140130, Emax=100.23845610
realization 232 / 300 ... accepted 232. Emin=-9.64582068, Emax=62.36877155
realization 233 / 300 ... accepted 233. Emin=7.52642223, Emax=75.51044294
realization 234 / 300 ... accepted 234. Emin=-39.06013780, Emax=35.51932595
realization 235 / 300 ... accepted 235. Emin=-14.60049514, Emax=72.77493376
realization 236 / 300 ... accepted 236. Emin=-14.36053019, Emax=66.18612915
realization 237 / 300 ... accepted 237. Emin=17.02992554, Emax=95.51072703
realization 238 / 300 ... accepted 238. Emin=-24.22695575, Emax=65.52113481
realization 239 / 300 ... accepted 239. Emin=10.83424969, Emax=78.28030184
realization 240 / 300 ... accepted 240. Emin=-8.32960372, Emax=88.86588898
realization 241 / 300 ... accepted 241. Emin=32.84918333, Emax=99.69513552
realization 242 / 300 ... accepted 242. Emin=9.62541517, Emax=114.17793196
realization 243 / 300 ... accepted 243. Emin=-17.05765083, Emax=68.48025488
realization 244 / 300 ... accepted 244. Emin=14.50663578, Emax=104.19841286
realization 245 / 300 ... accepted 245. Emin=-24.43608651, Emax=64.57292480
realization 246 / 300 ... accepted 246. Emin=-18.81578942, Emax=67.71895235
realization 247 / 300 ... accepted 247. Emin=-34.11751645, Emax=32.96216205
realization 248 / 300 ... accepted 248. Emin=12.00987922, Emax=97.34968146
realization 249 / 300 ... accepted 249. Emin=25.67957720, Emax=98.29243812
realization 250 / 300 ... accepted 250. Emin=6.54057904, Emax=95.45618501
realization 251 / 300 ... accepted 251. Emin=-2.76015425, Emax=77.66013493
realization 252 / 300 ... accepted 252. Emin=-8.30989180, Emax=78.70084051
realization 253 / 300 ... accepted 253. Emin=-19.60408203, Emax=70.95428804
realization 254 / 300 ... accepted 254. Emin=-28.00799423, Emax=74.04991665
realization 255 / 300 ... accepted 255. Emin=-35.79892882, Emax=48.30731117
realization 256 / 300 ... accepted 256. Emin=-0.75675818, Emax=105.57268192
realization 257 / 300 ... accepted 257. Emin=-29.25183587, Emax=61.71022529
realization 258 / 300 ... accepted 258. Emin=9.91623031, Emax=80.60790680
realization 259 / 300 ... accepted 259. Emin=-34.10080730, Emax=71.80774770
realization 260 / 300 ... accepted 260. Emin=-10.34294687, Emax=76.23632570
realization 261 / 300 ... accepted 261. Emin=18.32396667, Emax=100.02381246
realization 262 / 300 ... accepted 262. Emin=0.54308990, Emax=81.57713494
realization 263 / 300 ... accepted 263. Emin=-24.20840646, Emax=69.20440284
realization 264 / 300 ... accepted 264. Emin=14.79574042, Emax=74.77308549
realization 265 / 300 ... accepted 265. Emin=26.82232463, Emax=99.44104436
realization 266 / 300 ... accepted 266. Emin=22.69039391, Emax=118.05613534
realization 267 / 300 ... accepted 267. Emin=21.14007976, Emax=79.18531291
realization 268 / 300 ... accepted 268. Emin=-2.01977950, Emax=85.91082664
realization 269 / 300 ... accepted 269. Emin=-5.79927094, Emax=75.51989677
realization 270 / 300 ... accepted 270. Emin=-38.88613406, Emax=71.64583925
realization 271 / 300 ... accepted 271. Emin=-24.80531458, Emax=78.68067645
realization 272 / 300 ... accepted 272. Emin=-11.50856190, Emax=71.87529146
realization 273 / 300 ... accepted 273. Emin=16.22227336, Emax=81.05471412
realization 274 / 300 ... accepted 274. Emin=-18.77633399, Emax=84.43699579
realization 275 / 300 ... accepted 275. Emin=5.13340341, Emax=70.44763242
realization 276 / 300 ... accepted 276. Emin=-21.90842006, Emax=44.19614360
realization 277 / 300 ... accepted 277. Emin=4.91827330, Emax=96.08447502
realization 278 / 300 ... accepted 278. Emin=6.80894445, Emax=63.23933020
realization 279 / 300 ... accepted 279. Emin=2.08794923, Emax=69.57266361
realization 280 / 300 ... accepted 280. Emin=-44.01350304, Emax=31.55581341
realization 281 / 300 ... accepted 281. Emin=-23.38023019, Emax=39.10545640
realization 282 / 300 ... accepted 282. Emin=-19.35699704, Emax=86.51007243
realization 283 / 300 ... accepted 283. Emin=-23.50346826, Emax=73.23333792
realization 284 / 300 ... accepted 284. Emin=-32.66977825, Emax=69.05866851
realization 285 / 300 ... accepted 285. Emin=17.60179395, Emax=76.34150253
realization 286 / 300 ... accepted 286. Emin=-40.05161983, Emax=36.18535257
realization 287 / 300 ... accepted 287. Emin=-47.53391590, Emax=21.21850623
realization 288 / 300 ... accepted 288. Emin=10.79476684, Emax=85.01291803
realization 289 / 300 ... accepted 289. Emin=-0.85963547, Emax=81.87201965
realization 290 / 300 ... accepted 290. Emin=-0.84529033, Emax=97.89942677
realization 291 / 300 ... accepted 291. Emin=7.84498813, Emax=109.98095918
realization 292 / 300 ... accepted 292. Emin=7.51126536, Emax=79.14121067
realization 293 / 300 ... accepted 293. Emin=9.74313990, Emax=86.61014052
realization 294 / 300 ... accepted 294. Emin=-10.87498401, Emax=78.30262472
realization 295 / 300 ... accepted 295. Emin=28.07933417, Emax=103.83886783
realization 296 / 300 ... accepted 296. Emin=-51.43033350, Emax=15.43024691
realization 297 / 300 ... accepted 297. Emin=-10.60419998, Emax=104.08226210
realization 298 / 300 ... accepted 298. Emin=-18.12176179, Emax=58.70227439
realization 299 / 300 ... accepted 299. Emin=-12.01009304, Emax=47.92315576
realization 300 / 300 ... accepted 300. Emin=-20.81564605, Emax=77.73732897
Saved final energies: /home/2/kj405942/POLFED_bosons/pbs_bose_legacy_nmax2_periodic/data/U_7/W_13/L_6/N_6_nmax_2/boundary_periodic/energies_full_U7_L6_N6_nmax2_W13_boundaryperiodic_nreal300.txt
Accepted realizations: 300 / 300
Skipped realizations: 0
Job finished at Sun May 31 17:10:58 UTC 2026
