Job started on w30 at Sun May 31 17:10:28 UTC 2026
PBS_JOBID=7731410.kruk-host.ift-klaster.lan
PBS_O_WORKDIR=/home/2/kj405942/POLFED_bosons
Bose-Hubbard: L=6, N=6, nmax=2, dim=141
t=1, U=8, W=11, nreal=300, boundary=periodic, mode=full
Writing partial results to /home/2/kj405942/POLFED_bosons/pbs_bose_legacy_nmax2_periodic/data/U_8/W_11/L_6/N_6_nmax_2/boundary_periodic/energies_full_U8_L6_N6_nmax2_W11_boundaryperiodic_nreal300_partial.txt
realization 1 / 300 ... accepted 1. Emin=-25.12601699, Emax=54.35684741
realization 2 / 300 ... accepted 2. Emin=-1.08710167, Emax=83.60988669
realization 3 / 300 ... accepted 3. Emin=20.32909749, Emax=97.21479703
realization 4 / 300 ... accepted 4. Emin=-14.27520501, Emax=91.96371979
realization 5 / 300 ... accepted 5. Emin=-14.08824669, Emax=63.34392582
realization 6 / 300 ... accepted 6. Emin=4.26242919, Emax=80.82202377
realization 7 / 300 ... accepted 7. Emin=7.52469366, Emax=102.10566196
realization 8 / 300 ... accepted 8. Emin=-19.33154580, Emax=57.02179149
realization 9 / 300 ... accepted 9. Emin=-5.61455904, Emax=74.78853166
realization 10 / 300 ... accepted 10. Emin=-26.20068978, Emax=45.60142688
realization 11 / 300 ... accepted 11. Emin=-15.06764460, Emax=71.69985535
realization 12 / 300 ... accepted 12. Emin=16.01122593, Emax=83.02388749
realization 13 / 300 ... accepted 13. Emin=12.01504634, Emax=77.61129982
realization 14 / 300 ... accepted 14. Emin=15.03279549, Emax=106.44104269
realization 15 / 300 ... accepted 15. Emin=11.43484314, Emax=79.41726162
realization 16 / 300 ... accepted 16. Emin=-14.97290031, Emax=80.82135498
realization 17 / 300 ... accepted 17. Emin=29.58611161, Emax=108.72873308
realization 18 / 300 ... accepted 18. Emin=-2.28824648, Emax=66.19498930
realization 19 / 300 ... accepted 19. Emin=-13.17428321, Emax=66.55483623
realization 20 / 300 ... accepted 20. Emin=10.30713788, Emax=95.64693033
realization 21 / 300 ... accepted 21. Emin=5.59189213, Emax=91.55608101
realization 22 / 300 ... accepted 22. Emin=16.18691330, Emax=99.34728814
realization 23 / 300 ... accepted 23. Emin=17.99750716, Emax=90.58704858
realization 24 / 300 ... accepted 24. Emin=0.50312405, Emax=87.02782327
realization 25 / 300 ... accepted 25. Emin=-11.60156114, Emax=93.09165392
realization 26 / 300 ... accepted 26. Emin=5.67812118, Emax=86.29670395
realization 27 / 300 ... accepted 27. Emin=-29.33369292, Emax=38.03679919
realization 28 / 300 ... accepted 28. Emin=4.04763408, Emax=94.48252903
realization 29 / 300 ... accepted 29. Emin=-5.89839326, Emax=81.13127474
realization 30 / 300 ... accepted 30. Emin=-3.52409495, Emax=93.69400350
realization 31 / 300 ... accepted 31. Emin=-5.85116775, Emax=73.58877596
realization 32 / 300 ... accepted 32. Emin=-15.11062475, Emax=55.90496621
realization 33 / 300 ... accepted 33. Emin=2.43246478, Emax=74.59583113
realization 34 / 300 ... accepted 34. Emin=-27.29392220, Emax=62.01824816
realization 35 / 300 ... accepted 35. Emin=5.91983109, Emax=95.43370327
realization 36 / 300 ... accepted 36. Emin=-12.78965804, Emax=73.76347697
realization 37 / 300 ... accepted 37. Emin=-2.79486612, Emax=94.73308289
realization 38 / 300 ... accepted 38. Emin=-30.92796824, Emax=48.82274509
realization 39 / 300 ... accepted 39. Emin=-19.18229489, Emax=53.62638922
realization 40 / 300 ... accepted 40. Emin=7.70223926, Emax=83.57346807
realization 41 / 300 ... accepted 41. Emin=-2.06794914, Emax=91.04017465
realization 42 / 300 ... accepted 42. Emin=-15.22707924, Emax=60.95103534
realization 43 / 300 ... accepted 43. Emin=-5.42944421, Emax=83.44694729
realization 44 / 300 ... accepted 44. Emin=22.01042810, Emax=97.05924114
realization 45 / 300 ... accepted 45. Emin=-10.22840681, Emax=62.93052878
realization 46 / 300 ... accepted 46. Emin=26.86903314, Emax=96.88511830
realization 47 / 300 ... accepted 47. Emin=4.09725096, Emax=69.30943391
realization 48 / 300 ... accepted 48. Emin=28.57375548, Emax=106.43633173
realization 49 / 300 ... accepted 49. Emin=14.73222238, Emax=84.31118571
realization 50 / 300 ... accepted 50. Emin=-15.64375145, Emax=69.21907969
realization 51 / 300 ... accepted 51. Emin=-4.91908766, Emax=70.38873887
realization 52 / 300 ... accepted 52. Emin=18.63911115, Emax=86.83126408
realization 53 / 300 ... accepted 53. Emin=15.44797757, Emax=96.41999614
realization 54 / 300 ... accepted 54. Emin=19.73908902, Emax=93.43675644
realization 55 / 300 ... accepted 55. Emin=-2.35254547, Emax=98.89385623
realization 56 / 300 ... accepted 56. Emin=21.05355046, Emax=93.43045484
realization 57 / 300 ... accepted 57. Emin=-1.68573570, Emax=72.10505720
realization 58 / 300 ... accepted 58. Emin=-2.30317724, Emax=81.04455582
realization 59 / 300 ... accepted 59. Emin=7.80206783, Emax=93.02936310
realization 60 / 300 ... accepted 60. Emin=-11.12492369, Emax=63.17388813
realization 61 / 300 ... accepted 61. Emin=0.84709186, Emax=85.04820859
realization 62 / 300 ... accepted 62. Emin=-38.85058297, Emax=29.45599298
realization 63 / 300 ... accepted 63. Emin=-22.80058472, Emax=68.43121819
realization 64 / 300 ... accepted 64. Emin=11.08568789, Emax=101.63368922
realization 65 / 300 ... accepted 65. Emin=-7.36483545, Emax=73.40586743
realization 66 / 300 ... accepted 66. Emin=5.19303654, Emax=83.99524463
realization 67 / 300 ... accepted 67. Emin=-10.17918046, Emax=71.79609552
realization 68 / 300 ... accepted 68. Emin=-25.04438050, Emax=55.85563517
realization 69 / 300 ... accepted 69. Emin=-1.11653524, Emax=93.09908205
realization 70 / 300 ... accepted 70. Emin=1.81339344, Emax=82.55681397
realization 71 / 300 ... accepted 71. Emin=-27.91225423, Emax=39.63931677
realization 72 / 300 ... accepted 72. Emin=-8.19356276, Emax=68.66797045
realization 73 / 300 ... accepted 73. Emin=5.23098784, Emax=84.11212008
realization 74 / 300 ... accepted 74. Emin=-2.67393005, Emax=87.03148941
realization 75 / 300 ... accepted 75. Emin=21.10078522, Emax=101.47223903
realization 76 / 300 ... accepted 76. Emin=-13.90124979, Emax=66.84395252
realization 77 / 300 ... accepted 77. Emin=16.05620165, Emax=93.82063158
realization 78 / 300 ... accepted 78. Emin=14.10041740, Emax=88.64197884
realization 79 / 300 ... accepted 79. Emin=-10.46906455, Emax=88.46268031
realization 80 / 300 ... accepted 80. Emin=3.32636626, Emax=76.50760654
realization 81 / 300 ... accepted 81. Emin=12.96193196, Emax=92.37079372
realization 82 / 300 ... accepted 82. Emin=-16.52948122, Emax=81.25588188
realization 83 / 300 ... accepted 83. Emin=-23.41044452, Emax=52.15561195
realization 84 / 300 ... accepted 84. Emin=-2.41719203, Emax=71.22216784
realization 85 / 300 ... accepted 85. Emin=3.56151364, Emax=91.76563626
realization 86 / 300 ... accepted 86. Emin=15.55013111, Emax=86.15919204
realization 87 / 300 ... accepted 87. Emin=31.13423127, Emax=95.43306530
realization 88 / 300 ... accepted 88. Emin=4.73492623, Emax=74.35739681
realization 89 / 300 ... accepted 89. Emin=2.44582507, Emax=102.39443183
realization 90 / 300 ... accepted 90. Emin=-4.51707074, Emax=94.26568551
realization 91 / 300 ... accepted 91. Emin=6.32027417, Emax=99.28516260
realization 92 / 300 ... accepted 92. Emin=-12.52092841, Emax=86.40859502
realization 93 / 300 ... accepted 93. Emin=-26.25999909, Emax=48.96654385
realization 94 / 300 ... accepted 94. Emin=9.27443797, Emax=83.65545485
realization 95 / 300 ... accepted 95. Emin=-13.68225163, Emax=54.57171455
realization 96 / 300 ... accepted 96. Emin=11.54720726, Emax=95.83755249
realization 97 / 300 ... accepted 97. Emin=8.38783731, Emax=81.88496093
realization 98 / 300 ... accepted 98. Emin=-21.72627745, Emax=57.11657684
realization 99 / 300 ... accepted 99. Emin=2.18522604, Emax=84.00202815
realization 100 / 300 ... accepted 100. Emin=1.81294009, Emax=70.02505977
realization 101 / 300 ... accepted 101. Emin=-0.17236775, Emax=87.36514841
realization 102 / 300 ... accepted 102. Emin=-0.29467570, Emax=84.00912162
realization 103 / 300 ... accepted 103. Emin=-6.35923429, Emax=63.64646106
realization 104 / 300 ... accepted 104. Emin=33.31794642, Emax=101.49978175
realization 105 / 300 ... accepted 105. Emin=-18.61966571, Emax=63.09087525
realization 106 / 300 ... accepted 106. Emin=-13.83051180, Emax=63.93110683
realization 107 / 300 ... accepted 107. Emin=-5.18663984, Emax=95.63182697
realization 108 / 300 ... accepted 108. Emin=-17.88479561, Emax=57.99064082
realization 109 / 300 ... accepted 109. Emin=26.66735840, Emax=90.38054125
realization 110 / 300 ... accepted 110. Emin=-7.68705863, Emax=95.39989197
realization 111 / 300 ... accepted 111. Emin=-9.78436451, Emax=71.32784073
realization 112 / 300 ... accepted 112. Emin=-3.21332503, Emax=74.18277812
realization 113 / 300 ... accepted 113. Emin=0.43105485, Emax=82.11624761
realization 114 / 300 ... accepted 114. Emin=-19.46996565, Emax=80.73419329
realization 115 / 300 ... accepted 115. Emin=3.11470357, Emax=89.35967218
realization 116 / 300 ... accepted 116. Emin=-5.71825775, Emax=72.27906021
realization 117 / 300 ... accepted 117. Emin=1.97635237, Emax=87.50061101
realization 118 / 300 ... accepted 118. Emin=-17.62640084, Emax=64.67272329
realization 119 / 300 ... accepted 119. Emin=-15.09007829, Emax=79.65714419
realization 120 / 300 ... accepted 120. Emin=-12.18462554, Emax=72.30180836
realization 121 / 300 ... accepted 121. Emin=10.52751352, Emax=80.99058814
realization 122 / 300 ... accepted 122. Emin=-15.30750370, Emax=65.02862030
realization 123 / 300 ... accepted 123. Emin=0.08808293, Emax=78.43578786
realization 124 / 300 ... accepted 124. Emin=-6.71608857, Emax=69.39500038
realization 125 / 300 ... accepted 125. Emin=-12.50290805, Emax=55.62590416
realization 126 / 300 ... accepted 126. Emin=-19.83454944, Emax=75.08613785
realization 127 / 300 ... accepted 127. Emin=6.44207625, Emax=75.11484279
realization 128 / 300 ... accepted 128. Emin=-9.58398122, Emax=73.06989515
realization 129 / 300 ... accepted 129. Emin=-0.16869007, Emax=79.77233529
realization 130 / 300 ... accepted 130. Emin=3.91233873, Emax=88.88238244
realization 131 / 300 ... accepted 131. Emin=-18.11890544, Emax=54.83972565
realization 132 / 300 ... accepted 132. Emin=0.38432330, Emax=85.84842956
realization 133 / 300 ... accepted 133. Emin=6.71627534, Emax=72.45956226
realization 134 / 300 ... accepted 134. Emin=-6.52203806, Emax=79.67993944
realization 135 / 300 ... accepted 135. Emin=3.36963790, Emax=81.75564771
realization 136 / 300 ... accepted 136. Emin=6.41433586, Emax=96.40928901
realization 137 / 300 ... accepted 137. Emin=-23.08783193, Emax=64.22816642
realization 138 / 300 ... accepted 138. Emin=-7.62534574, Emax=72.26506779
realization 139 / 300 ... accepted 139. Emin=-27.14762296, Emax=47.92074363
realization 140 / 300 ... accepted 140. Emin=-16.12174205, Emax=62.75981596
realization 141 / 300 ... accepted 141. Emin=-2.38166563, Emax=69.61406501
realization 142 / 300 ... accepted 142. Emin=-40.06599529, Emax=29.61718831
realization 143 / 300 ... accepted 143. Emin=-20.77878823, Emax=59.37556915
realization 144 / 300 ... accepted 144. Emin=6.59038985, Emax=83.66370422
realization 145 / 300 ... accepted 145. Emin=-4.11059076, Emax=80.39388196
realization 146 / 300 ... accepted 146. Emin=-17.98138946, Emax=73.05884588
realization 147 / 300 ... accepted 147. Emin=5.14390323, Emax=76.35566331
realization 148 / 300 ... accepted 148. Emin=5.08481387, Emax=85.82889514
realization 149 / 300 ... accepted 149. Emin=-25.61990687, Emax=52.17940649
realization 150 / 300 ... accepted 150. Emin=0.96098289, Emax=69.04050627
realization 151 / 300 ... accepted 151. Emin=-18.64079999, Emax=47.12462385
realization 152 / 300 ... accepted 152. Emin=0.68376814, Emax=82.66316183
realization 153 / 300 ... accepted 153. Emin=2.70683709, Emax=79.32934416
realization 154 / 300 ... accepted 154. Emin=24.60887729, Emax=111.52969846
realization 155 / 300 ... accepted 155. Emin=-8.43475481, Emax=67.88247347
realization 156 / 300 ... accepted 156. Emin=-15.85391219, Emax=70.36605407
realization 157 / 300 ... accepted 157. Emin=-11.45787987, Emax=97.05308549
realization 158 / 300 ... accepted 158. Emin=2.43872713, Emax=67.76546361
realization 159 / 300 ... accepted 159. Emin=-0.80826374, Emax=75.63897157
realization 160 / 300 ... accepted 160. Emin=-15.38255610, Emax=66.64424773
realization 161 / 300 ... accepted 161. Emin=18.23108238, Emax=91.17677350
realization 162 / 300 ... accepted 162. Emin=2.27842762, Emax=79.50895935
realization 163 / 300 ... accepted 163. Emin=-17.25714315, Emax=59.93602057
realization 164 / 300 ... accepted 164. Emin=-39.46161571, Emax=27.33237749
realization 165 / 300 ... accepted 165. Emin=8.95247525, Emax=98.48770382
realization 166 / 300 ... accepted 166. Emin=-14.61819296, Emax=72.77070101
realization 167 / 300 ... accepted 167. Emin=6.15219506, Emax=96.24218474
realization 168 / 300 ... accepted 168. Emin=7.11915213, Emax=81.98589913
realization 169 / 300 ... accepted 169. Emin=-30.88747490, Emax=47.96058785
realization 170 / 300 ... accepted 170. Emin=-6.79078343, Emax=69.75500060
realization 171 / 300 ... accepted 171. Emin=13.55037846, Emax=81.11901547
realization 172 / 300 ... accepted 172. Emin=-9.47879811, Emax=66.03676951
realization 173 / 300 ... accepted 173. Emin=-0.64933719, Emax=77.66310162
realization 174 / 300 ... accepted 174. Emin=4.37290766, Emax=90.08322648
realization 175 / 300 ... accepted 175. Emin=0.14179125, Emax=70.15855007
realization 176 / 300 ... accepted 176. Emin=26.71723389, Emax=94.28561859
realization 177 / 300 ... accepted 177. Emin=-10.05224289, Emax=83.52115954
realization 178 / 300 ... accepted 178. Emin=-22.69005121, Emax=69.93738191
realization 179 / 300 ... accepted 179. Emin=-13.77897110, Emax=66.73934973
realization 180 / 300 ... accepted 180. Emin=8.03902793, Emax=76.68771630
realization 181 / 300 ... accepted 181. Emin=1.50369878, Emax=82.90729629
realization 182 / 300 ... accepted 182. Emin=-18.13681999, Emax=63.07744700
realization 183 / 300 ... accepted 183. Emin=-25.86170998, Emax=58.19559749
realization 184 / 300 ... accepted 184. Emin=-5.84813923, Emax=86.90051115
realization 185 / 300 ... accepted 185. Emin=-2.37389582, Emax=93.02074246
realization 186 / 300 ... accepted 186. Emin=17.82350771, Emax=95.86696684
realization 187 / 300 ... accepted 187. Emin=-13.97239920, Emax=72.99665868
realization 188 / 300 ... accepted 188. Emin=-1.54999015, Emax=79.83574661
realization 189 / 300 ... accepted 189. Emin=9.85428554, Emax=82.19474884
realization 190 / 300 ... accepted 190. Emin=29.41945695, Emax=112.10617918
realization 191 / 300 ... accepted 191. Emin=3.39485618, Emax=72.99346553
realization 192 / 300 ... accepted 192. Emin=2.05710598, Emax=88.92356188
realization 193 / 300 ... accepted 193. Emin=-15.95354874, Emax=79.82612450
realization 194 / 300 ... accepted 194. Emin=10.07391909, Emax=97.25863501
realization 195 / 300 ... accepted 195. Emin=-24.32867183, Emax=65.03836923
realization 196 / 300 ... accepted 196. Emin=1.80279690, Emax=85.02171562
realization 197 / 300 ... accepted 197. Emin=-14.06103879, Emax=65.06809596
realization 198 / 300 ... accepted 198. Emin=-0.00310564, Emax=73.97171445
realization 199 / 300 ... accepted 199. Emin=-21.21974297, Emax=79.81233535
realization 200 / 300 ... accepted 200. Emin=-15.19748051, Emax=57.31158234
realization 201 / 300 ... accepted 201. Emin=-8.26397365, Emax=61.07685384
realization 202 / 300 ... accepted 202. Emin=-20.77359083, Emax=61.85975020
realization 203 / 300 ... accepted 203. Emin=-15.34043235, Emax=69.60316276
realization 204 / 300 ... accepted 204. Emin=8.90261808, Emax=90.59480792
realization 205 / 300 ... accepted 205. Emin=4.35423347, Emax=80.85049543
realization 206 / 300 ... accepted 206. Emin=-9.31696295, Emax=64.71350401
realization 207 / 300 ... accepted 207. Emin=-12.58344060, Emax=70.90187747
realization 208 / 300 ... accepted 208. Emin=-5.87205554, Emax=91.66304767
realization 209 / 300 ... accepted 209. Emin=-17.45042829, Emax=68.52241468
realization 210 / 300 ... accepted 210. Emin=-21.30281151, Emax=76.63204711
realization 211 / 300 ... accepted 211. Emin=-14.04715739, Emax=72.69744611
realization 212 / 300 ... accepted 212. Emin=9.73522781, Emax=95.47678726
realization 213 / 300 ... accepted 213. Emin=-1.94823740, Emax=66.81331758
realization 214 / 300 ... accepted 214. Emin=-21.25465714, Emax=41.81521278
realization 215 / 300 ... accepted 215. Emin=2.73136163, Emax=84.81005312
realization 216 / 300 ... accepted 216. Emin=11.12926753, Emax=80.81937348
realization 217 / 300 ... accepted 217. Emin=30.69324756, Emax=100.18848521
realization 218 / 300 ... accepted 218. Emin=4.13388925, Emax=73.75872152
realization 219 / 300 ... accepted 219. Emin=-7.75524274, Emax=62.79967350
realization 220 / 300 ... accepted 220. Emin=34.37688658, Emax=109.25143840
realization 221 / 300 ... accepted 221. Emin=-16.77332206, Emax=68.95750436
realization 222 / 300 ... accepted 222. Emin=-30.68028664, Emax=54.99424308
realization 223 / 300 ... accepted 223. Emin=-9.96935761, Emax=71.27990089
realization 224 / 300 ... accepted 224. Emin=-9.44485346, Emax=71.76407467
realization 225 / 300 ... accepted 225. Emin=-12.89888628, Emax=58.95737132
realization 226 / 300 ... accepted 226. Emin=28.02864141, Emax=90.49778704
realization 227 / 300 ... accepted 227. Emin=19.42773768, Emax=84.68844321
realization 228 / 300 ... accepted 228. Emin=-5.70084602, Emax=80.02032917
realization 229 / 300 ... accepted 229. Emin=-13.34519658, Emax=77.04952298
realization 230 / 300 ... accepted 230. Emin=-0.58442966, Emax=93.33771239
realization 231 / 300 ... accepted 231. Emin=13.94262679, Emax=89.80060505
realization 232 / 300 ... accepted 232. Emin=-4.54141730, Emax=66.26551695
realization 233 / 300 ... accepted 233. Emin=-23.10293250, Emax=50.82132428
realization 234 / 300 ... accepted 234. Emin=27.75061817, Emax=100.29597638
realization 235 / 300 ... accepted 235. Emin=-29.93059994, Emax=59.27662468
realization 236 / 300 ... accepted 236. Emin=2.40803176, Emax=106.24552985
realization 237 / 300 ... accepted 237. Emin=-22.36788468, Emax=51.80030914
realization 238 / 300 ... accepted 238. Emin=3.76149941, Emax=86.90839251
realization 239 / 300 ... accepted 239. Emin=-4.09168928, Emax=86.91840467
realization 240 / 300 ... accepted 240. Emin=-9.89622124, Emax=68.19662952
realization 241 / 300 ... accepted 241. Emin=-16.01203517, Emax=73.43263212
realization 242 / 300 ... accepted 242. Emin=11.14036506, Emax=84.67840977
realization 243 / 300 ... accepted 243. Emin=0.66299148, Emax=77.66793556
realization 244 / 300 ... accepted 244. Emin=-20.74127990, Emax=56.16323574
realization 245 / 300 ... accepted 245. Emin=-1.23532963, Emax=70.78558452
realization 246 / 300 ... accepted 246. Emin=11.25391669, Emax=89.96819618
realization 247 / 300 ... accepted 247. Emin=9.67377073, Emax=89.69391485
realization 248 / 300 ... accepted 248. Emin=28.16519838, Emax=108.13659440
realization 249 / 300 ... accepted 249. Emin=-13.91439642, Emax=70.89532700
realization 250 / 300 ... accepted 250. Emin=8.89874445, Emax=100.30284285
realization 251 / 300 ... accepted 251. Emin=-1.12796151, Emax=72.45504570
realization 252 / 300 ... accepted 252. Emin=-14.88361672, Emax=52.81126245
realization 253 / 300 ... accepted 253. Emin=-21.25928259, Emax=56.71943268
realization 254 / 300 ... accepted 254. Emin=-11.88896537, Emax=58.17615784
realization 255 / 300 ... accepted 255. Emin=21.67854818, Emax=91.13915024
realization 256 / 300 ... accepted 256. Emin=-7.76301976, Emax=74.79482681
realization 257 / 300 ... accepted 257. Emin=-16.98737045, Emax=52.40192596
realization 258 / 300 ... accepted 258. Emin=-12.66207026, Emax=65.97013440
realization 259 / 300 ... accepted 259. Emin=-11.04898905, Emax=63.50617531
realization 260 / 300 ... accepted 260. Emin=-20.97153210, Emax=60.70691003
realization 261 / 300 ... accepted 261. Emin=-16.90740587, Emax=62.44753328
realization 262 / 300 ... accepted 262. Emin=13.43786910, Emax=87.33062914
realization 263 / 300 ... accepted 263. Emin=-0.15369958, Emax=91.30524890
realization 264 / 300 ... accepted 264. Emin=3.05678310, Emax=93.06949206
realization 265 / 300 ... accepted 265. Emin=-19.93918302, Emax=66.83408302
realization 266 / 300 ... accepted 266. Emin=-16.60545545, Emax=52.08344038
realization 267 / 300 ... accepted 267. Emin=-7.77203075, Emax=75.50810131
realization 268 / 300 ... accepted 268. Emin=-5.91549994, Emax=92.25651845
realization 269 / 300 ... accepted 269. Emin=-7.44398279, Emax=101.01075865
realization 270 / 300 ... accepted 270. Emin=-11.76861066, Emax=55.56495123
realization 271 / 300 ... accepted 271. Emin=-5.03482072, Emax=64.92697082
realization 272 / 300 ... accepted 272. Emin=0.97423322, Emax=83.63031002
realization 273 / 300 ... accepted 273. Emin=11.60454316, Emax=82.57480680
realization 274 / 300 ... accepted 274. Emin=-37.21714986, Emax=34.13502290
realization 275 / 300 ... accepted 275. Emin=-23.96309770, Emax=55.33748524
realization 276 / 300 ... accepted 276. Emin=18.90445347, Emax=99.54116714
realization 277 / 300 ... accepted 277. Emin=-31.60138985, Emax=36.11341996
realization 278 / 300 ... accepted 278. Emin=22.94411600, Emax=88.06454214
realization 279 / 300 ... accepted 279. Emin=-9.03837248, Emax=81.03807122
realization 280 / 300 ... accepted 280. Emin=-22.05401364, Emax=48.37542184
realization 281 / 300 ... accepted 281. Emin=3.82716457, Emax=72.76053110
realization 282 / 300 ... accepted 282. Emin=-12.15354195, Emax=63.64378973
realization 283 / 300 ... accepted 283. Emin=-6.91532528, Emax=79.89144478
realization 284 / 300 ... accepted 284. Emin=-17.79239473, Emax=69.69931886
realization 285 / 300 ... accepted 285. Emin=-6.80799191, Emax=67.86558009
realization 286 / 300 ... accepted 286. Emin=-23.61925754, Emax=68.48673157
realization 287 / 300 ... accepted 287. Emin=-11.67198883, Emax=72.25494787
realization 288 / 300 ... accepted 288. Emin=17.40991143, Emax=81.93578167
realization 289 / 300 ... accepted 289. Emin=-39.30650701, Emax=28.66064818
realization 290 / 300 ... accepted 290. Emin=-2.17440994, Emax=75.44230371
realization 291 / 300 ... accepted 291. Emin=-6.71658890, Emax=70.03145103
realization 292 / 300 ... accepted 292. Emin=-3.53883192, Emax=91.28978754
realization 293 / 300 ... accepted 293. Emin=-3.84820731, Emax=76.88048091
realization 294 / 300 ... accepted 294. Emin=1.79010662, Emax=89.06301299
realization 295 / 300 ... accepted 295. Emin=-25.03756659, Emax=62.00028978
realization 296 / 300 ... accepted 296. Emin=-1.95473664, Emax=67.65112605
realization 297 / 300 ... accepted 297. Emin=-16.43110982, Emax=67.32649921
realization 298 / 300 ... accepted 298. Emin=-33.68634628, Emax=32.40798835
realization 299 / 300 ... accepted 299. Emin=18.48241694, Emax=95.94868674
realization 300 / 300 ... accepted 300. Emin=-16.00443444, Emax=55.02570171
Saved final energies: /home/2/kj405942/POLFED_bosons/pbs_bose_legacy_nmax2_periodic/data/U_8/W_11/L_6/N_6_nmax_2/boundary_periodic/energies_full_U8_L6_N6_nmax2_W11_boundaryperiodic_nreal300.txt
Accepted realizations: 300 / 300
Skipped realizations: 0
Job finished at Sun May 31 17:11:25 UTC 2026
