Job started on w30 at Sun May 31 17:10:27 UTC 2026
PBS_JOBID=7731404.kruk-host.ift-klaster.lan
PBS_O_WORKDIR=/home/2/kj405942/POLFED_bosons
Bose-Hubbard: L=6, N=6, nmax=2, dim=141
t=1, U=8, W=5, nreal=300, boundary=periodic, mode=full
Writing partial results to /home/2/kj405942/POLFED_bosons/pbs_bose_legacy_nmax2_periodic/data/U_8/W_5/L_6/N_6_nmax_2/boundary_periodic/energies_full_U8_L6_N6_nmax2_W5_boundaryperiodic_nreal300_partial.txt
realization 1 / 300 ... accepted 1. Emin=6.99527125, Emax=71.73648730
realization 2 / 300 ... accepted 2. Emin=-11.56964145, Emax=47.63210452
realization 3 / 300 ... accepted 3. Emin=4.21669430, Emax=72.10018835
realization 4 / 300 ... accepted 4. Emin=-6.36870048, Emax=55.03181364
realization 5 / 300 ... accepted 5. Emin=4.97414819, Emax=64.03622376
realization 6 / 300 ... accepted 6. Emin=-7.37133923, Emax=57.71825517
realization 7 / 300 ... accepted 7. Emin=-5.57521264, Emax=49.93088245
realization 8 / 300 ... accepted 8. Emin=-6.04156379, Emax=61.48277721
realization 9 / 300 ... accepted 9. Emin=-0.78130238, Emax=61.93895302
realization 10 / 300 ... accepted 10. Emin=-2.52528746, Emax=59.85574686
realization 11 / 300 ... accepted 11. Emin=-7.94585422, Emax=55.59394611
realization 12 / 300 ... accepted 12. Emin=-24.26491078, Emax=30.18448250
realization 13 / 300 ... accepted 13. Emin=4.35236315, Emax=70.40226091
realization 14 / 300 ... accepted 14. Emin=-0.07008878, Emax=71.77884535
realization 15 / 300 ... accepted 15. Emin=4.01050241, Emax=67.97142138
realization 16 / 300 ... accepted 16. Emin=3.61521593, Emax=71.83851554
realization 17 / 300 ... accepted 17. Emin=4.32062722, Emax=64.43348840
realization 18 / 300 ... accepted 18. Emin=-14.04575455, Emax=49.86811489
realization 19 / 300 ... accepted 19. Emin=5.88055335, Emax=63.83076666
realization 20 / 300 ... accepted 20. Emin=-1.64212237, Emax=60.71030024
realization 21 / 300 ... accepted 21. Emin=-4.08629459, Emax=58.04326150
realization 22 / 300 ... accepted 22. Emin=4.36471665, Emax=68.20670278
realization 23 / 300 ... accepted 23. Emin=2.62776593, Emax=66.37574842
realization 24 / 300 ... accepted 24. Emin=-16.17922017, Emax=40.10380384
realization 25 / 300 ... accepted 25. Emin=5.73003875, Emax=66.13101838
realization 26 / 300 ... accepted 26. Emin=-1.82665922, Emax=58.49304791
realization 27 / 300 ... accepted 27. Emin=5.21916971, Emax=63.57075301
realization 28 / 300 ... accepted 28. Emin=-13.39867178, Emax=44.50542437
realization 29 / 300 ... accepted 29. Emin=-5.42917118, Emax=53.00862604
realization 30 / 300 ... accepted 30. Emin=-0.53239531, Emax=60.26251551
realization 31 / 300 ... accepted 31. Emin=-3.92385690, Emax=59.16900119
realization 32 / 300 ... accepted 32. Emin=-9.46182487, Emax=54.93424023
realization 33 / 300 ... accepted 33. Emin=-1.55638145, Emax=57.89800305
realization 34 / 300 ... accepted 34. Emin=-0.73031355, Emax=63.91598006
realization 35 / 300 ... accepted 35. Emin=0.61929700, Emax=60.81035258
realization 36 / 300 ... accepted 36. Emin=-1.65307405, Emax=58.88140888
realization 37 / 300 ... accepted 37. Emin=-10.32876592, Emax=55.87937102
realization 38 / 300 ... accepted 38. Emin=-2.21765572, Emax=66.09784977
realization 39 / 300 ... accepted 39. Emin=-5.79989094, Emax=61.19660065
realization 40 / 300 ... accepted 40. Emin=-7.21884222, Emax=50.29784553
realization 41 / 300 ... accepted 41. Emin=-1.16210737, Emax=74.04277091
realization 42 / 300 ... accepted 42. Emin=12.37267013, Emax=69.68992135
realization 43 / 300 ... accepted 43. Emin=4.03884884, Emax=71.61784343
realization 44 / 300 ... accepted 44. Emin=-8.74797954, Emax=55.64015251
realization 45 / 300 ... accepted 45. Emin=1.43816535, Emax=64.68175907
realization 46 / 300 ... accepted 46. Emin=-1.42089651, Emax=66.01708475
realization 47 / 300 ... accepted 47. Emin=-5.93527209, Emax=59.45294899
realization 48 / 300 ... accepted 48. Emin=9.39036360, Emax=71.28204207
realization 49 / 300 ... accepted 49. Emin=4.85885237, Emax=59.19288911
realization 50 / 300 ... accepted 50. Emin=7.62490777, Emax=67.96258639
realization 51 / 300 ... accepted 51. Emin=-1.57866659, Emax=65.24156173
realization 52 / 300 ... accepted 52. Emin=0.65806364, Emax=68.07997886
realization 53 / 300 ... accepted 53. Emin=-1.09170383, Emax=66.65837660
realization 54 / 300 ... accepted 54. Emin=7.78342789, Emax=65.47235716
realization 55 / 300 ... accepted 55. Emin=12.55236575, Emax=75.86331162
realization 56 / 300 ... accepted 56. Emin=3.65139019, Emax=68.19071073
realization 57 / 300 ... accepted 57. Emin=-7.87479268, Emax=51.09509840
realization 58 / 300 ... accepted 58. Emin=6.28449837, Emax=64.79387567
realization 59 / 300 ... accepted 59. Emin=-0.95286347, Emax=62.69381956
realization 60 / 300 ... accepted 60. Emin=-1.79721513, Emax=62.52242479
realization 61 / 300 ... accepted 61. Emin=-9.80729792, Emax=49.94387297
realization 62 / 300 ... accepted 62. Emin=-0.44663907, Emax=63.39419307
realization 63 / 300 ... accepted 63. Emin=-3.12795308, Emax=69.07444826
realization 64 / 300 ... accepted 64. Emin=-4.45932045, Emax=59.38435946
realization 65 / 300 ... accepted 65. Emin=6.86129292, Emax=68.00772774
realization 66 / 300 ... accepted 66. Emin=-2.27149838, Emax=60.06759649
realization 67 / 300 ... accepted 67. Emin=-13.47288876, Emax=46.89340381
realization 68 / 300 ... accepted 68. Emin=10.76825477, Emax=70.41577335
realization 69 / 300 ... accepted 69. Emin=-4.60703686, Emax=51.51592440
realization 70 / 300 ... accepted 70. Emin=-2.07461773, Emax=51.29683897
realization 71 / 300 ... accepted 71. Emin=11.63037750, Emax=73.88471177
realization 72 / 300 ... accepted 72. Emin=0.25368491, Emax=69.27334572
realization 73 / 300 ... accepted 73. Emin=-4.71504692, Emax=59.74417295
realization 74 / 300 ... accepted 74. Emin=5.46955293, Emax=70.79371603
realization 75 / 300 ... accepted 75. Emin=1.45291316, Emax=60.90744497
realization 76 / 300 ... accepted 76. Emin=3.33101342, Emax=70.85285742
realization 77 / 300 ... accepted 77. Emin=-8.34662201, Emax=53.67061958
realization 78 / 300 ... accepted 78. Emin=2.37794423, Emax=68.11758016
realization 79 / 300 ... accepted 79. Emin=-11.72181006, Emax=54.28877281
realization 80 / 300 ... accepted 80. Emin=1.00339882, Emax=69.23609349
realization 81 / 300 ... accepted 81. Emin=13.43430130, Emax=77.35679950
realization 82 / 300 ... accepted 82. Emin=-12.78957735, Emax=47.21350887
realization 83 / 300 ... accepted 83. Emin=-1.81981989, Emax=60.50684284
realization 84 / 300 ... accepted 84. Emin=-13.76982984, Emax=50.14616610
realization 85 / 300 ... accepted 85. Emin=5.13562701, Emax=71.48583903
realization 86 / 300 ... accepted 86. Emin=-2.05408723, Emax=56.09644737
realization 87 / 300 ... accepted 87. Emin=-2.69779902, Emax=61.93257001
realization 88 / 300 ... accepted 88. Emin=-7.77284593, Emax=58.57240112
realization 89 / 300 ... accepted 89. Emin=-2.95589937, Emax=70.50915196
realization 90 / 300 ... accepted 90. Emin=-0.00322073, Emax=62.33311366
realization 91 / 300 ... accepted 91. Emin=-0.15009569, Emax=59.20738818
realization 92 / 300 ... accepted 92. Emin=4.38743058, Emax=66.09741215
realization 93 / 300 ... accepted 93. Emin=-10.81924379, Emax=55.49751271
realization 94 / 300 ... accepted 94. Emin=-2.45470429, Emax=66.39571079
realization 95 / 300 ... accepted 95. Emin=2.29967645, Emax=62.81121024
realization 96 / 300 ... accepted 96. Emin=-6.57416095, Emax=57.39703431
realization 97 / 300 ... accepted 97. Emin=-12.97367170, Emax=50.64555210
realization 98 / 300 ... accepted 98. Emin=0.64891349, Emax=70.39525739
realization 99 / 300 ... accepted 99. Emin=-15.45776757, Emax=46.63073363
realization 100 / 300 ... accepted 100. Emin=-9.98566999, Emax=49.99046952
realization 101 / 300 ... accepted 101. Emin=-3.07048807, Emax=70.42366332
realization 102 / 300 ... accepted 102. Emin=1.17863651, Emax=60.33989104
realization 103 / 300 ... accepted 103. Emin=-0.56874817, Emax=61.36533448
realization 104 / 300 ... accepted 104. Emin=-2.64718390, Emax=61.40203258
realization 105 / 300 ... accepted 105. Emin=9.69754881, Emax=67.16746038
realization 106 / 300 ... accepted 106. Emin=3.96154723, Emax=70.79315131
realization 107 / 300 ... accepted 107. Emin=8.29889315, Emax=70.80503957
realization 108 / 300 ... accepted 108. Emin=1.74803077, Emax=68.40282002
realization 109 / 300 ... accepted 109. Emin=-19.53207127, Emax=38.07763189
realization 110 / 300 ... accepted 110. Emin=-1.55433385, Emax=56.47365628
realization 111 / 300 ... accepted 111. Emin=-6.77336889, Emax=56.10183951
realization 112 / 300 ... accepted 112. Emin=-3.82418556, Emax=61.65773049
realization 113 / 300 ... accepted 113. Emin=-7.84533552, Emax=59.20029614
realization 114 / 300 ... accepted 114. Emin=-9.70193266, Emax=48.31592880
realization 115 / 300 ... accepted 115. Emin=-5.36947072, Emax=57.04166460
realization 116 / 300 ... accepted 116. Emin=-18.54747663, Emax=40.06563173
realization 117 / 300 ... accepted 117. Emin=-6.09560037, Emax=53.62480783
realization 118 / 300 ... accepted 118. Emin=2.22411274, Emax=65.20436289
realization 119 / 300 ... accepted 119. Emin=9.56639234, Emax=72.12099229
realization 120 / 300 ... accepted 120. Emin=-4.38351358, Emax=52.89790363
realization 121 / 300 ... accepted 121. Emin=0.40577746, Emax=66.68359266
realization 122 / 300 ... accepted 122. Emin=-7.92407935, Emax=58.17471997
realization 123 / 300 ... accepted 123. Emin=-2.72491039, Emax=61.82470089
realization 124 / 300 ... accepted 124. Emin=7.69736837, Emax=73.91557790
realization 125 / 300 ... accepted 125. Emin=-8.37418773, Emax=59.08644641
realization 126 / 300 ... accepted 126. Emin=-5.14721375, Emax=63.68914508
realization 127 / 300 ... accepted 127. Emin=1.84756822, Emax=67.51649036
realization 128 / 300 ... accepted 128. Emin=8.22677199, Emax=65.18251883
realization 129 / 300 ... accepted 129. Emin=-10.67694566, Emax=51.16160089
realization 130 / 300 ... accepted 130. Emin=-3.71108575, Emax=57.55499952
realization 131 / 300 ... accepted 131. Emin=2.58232609, Emax=72.07618312
realization 132 / 300 ... accepted 132. Emin=-7.85621621, Emax=57.40815900
realization 133 / 300 ... accepted 133. Emin=2.54701888, Emax=62.92119658
realization 134 / 300 ... accepted 134. Emin=-3.22502458, Emax=59.71023442
realization 135 / 300 ... accepted 135. Emin=2.73660489, Emax=65.69100282
realization 136 / 300 ... accepted 136. Emin=-3.11542913, Emax=59.03069494
realization 137 / 300 ... accepted 137. Emin=-1.13013611, Emax=59.49886788
realization 138 / 300 ... accepted 138. Emin=11.45464529, Emax=72.76163968
realization 139 / 300 ... accepted 139. Emin=-17.36875024, Emax=38.39205972
realization 140 / 300 ... accepted 140. Emin=-5.39345507, Emax=61.46778138
realization 141 / 300 ... accepted 141. Emin=7.16484073, Emax=71.95960665
realization 142 / 300 ... accepted 142. Emin=-7.93113027, Emax=54.01423706
realization 143 / 300 ... accepted 143. Emin=-5.97712292, Emax=56.26642987
realization 144 / 300 ... accepted 144. Emin=-13.05458109, Emax=50.96495016
realization 145 / 300 ... accepted 145. Emin=-1.65738888, Emax=66.31250962
realization 146 / 300 ... accepted 146. Emin=-10.02805134, Emax=51.46667348
realization 147 / 300 ... accepted 147. Emin=-1.27579134, Emax=63.77939130
realization 148 / 300 ... accepted 148. Emin=-0.55641707, Emax=70.24472911
realization 149 / 300 ... accepted 149. Emin=3.76806927, Emax=66.56849766
realization 150 / 300 ... accepted 150. Emin=4.67351917, Emax=65.93620645
realization 151 / 300 ... accepted 151. Emin=-1.16792571, Emax=64.49177768
realization 152 / 300 ... accepted 152. Emin=-3.62695995, Emax=63.43928392
realization 153 / 300 ... accepted 153. Emin=5.41699060, Emax=69.40705090
realization 154 / 300 ... accepted 154. Emin=0.17229918, Emax=67.29380539
realization 155 / 300 ... accepted 155. Emin=-8.75073367, Emax=50.30119865
realization 156 / 300 ... accepted 156. Emin=-8.66896702, Emax=53.01965017
realization 157 / 300 ... accepted 157. Emin=-0.28700740, Emax=62.76277409
realization 158 / 300 ... accepted 158. Emin=1.95945996, Emax=65.62103557
realization 159 / 300 ... accepted 159. Emin=-16.50519474, Emax=41.37624810
realization 160 / 300 ... accepted 160. Emin=3.26976068, Emax=63.14217864
realization 161 / 300 ... accepted 161. Emin=3.03759282, Emax=59.06955330
realization 162 / 300 ... accepted 162. Emin=-2.96739095, Emax=62.34652206
realization 163 / 300 ... accepted 163. Emin=-12.48551434, Emax=46.49465858
realization 164 / 300 ... accepted 164. Emin=6.17609334, Emax=70.49756455
realization 165 / 300 ... accepted 165. Emin=11.50135618, Emax=69.37921547
realization 166 / 300 ... accepted 166. Emin=-8.40095977, Emax=55.41441534
realization 167 / 300 ... accepted 167. Emin=-2.58746098, Emax=60.77644545
realization 168 / 300 ... accepted 168. Emin=-3.38252855, Emax=59.88495842
realization 169 / 300 ... accepted 169. Emin=-4.05134866, Emax=64.69078485
realization 170 / 300 ... accepted 170. Emin=5.13650264, Emax=71.01643897
realization 171 / 300 ... accepted 171. Emin=2.66433142, Emax=62.11130878
realization 172 / 300 ... accepted 172. Emin=-4.99201235, Emax=59.01346279
realization 173 / 300 ... accepted 173. Emin=11.33173094, Emax=72.62058887
realization 174 / 300 ... accepted 174. Emin=4.96379120, Emax=64.77765611
realization 175 / 300 ... accepted 175. Emin=3.94582845, Emax=68.92857772
realization 176 / 300 ... accepted 176. Emin=-1.55831839, Emax=62.92560576
realization 177 / 300 ... accepted 177. Emin=4.17415236, Emax=71.37538991
realization 178 / 300 ... accepted 178. Emin=0.45647772, Emax=62.63488885
realization 179 / 300 ... accepted 179. Emin=-1.50817071, Emax=58.54876223
realization 180 / 300 ... accepted 180. Emin=-11.21772927, Emax=56.96923769
realization 181 / 300 ... accepted 181. Emin=16.45327716, Emax=74.21797299
realization 182 / 300 ... accepted 182. Emin=10.37145637, Emax=73.08613403
realization 183 / 300 ... accepted 183. Emin=-4.09237531, Emax=65.35092117
realization 184 / 300 ... accepted 184. Emin=-8.98326832, Emax=54.68054069
realization 185 / 300 ... accepted 185. Emin=-3.65835431, Emax=56.99048014
realization 186 / 300 ... accepted 186. Emin=-11.10082826, Emax=44.32226198
realization 187 / 300 ... accepted 187. Emin=-3.56685415, Emax=63.66185305
realization 188 / 300 ... accepted 188. Emin=-9.20741483, Emax=50.13744315
realization 189 / 300 ... accepted 189. Emin=-0.39471453, Emax=62.93010267
realization 190 / 300 ... accepted 190. Emin=-10.58371359, Emax=55.31730731
realization 191 / 300 ... accepted 191. Emin=3.07221426, Emax=67.98614536
realization 192 / 300 ... accepted 192. Emin=-3.30744287, Emax=57.33990482
realization 193 / 300 ... accepted 193. Emin=8.53245376, Emax=73.24748426
realization 194 / 300 ... accepted 194. Emin=-12.46454569, Emax=46.93337936
realization 195 / 300 ... accepted 195. Emin=-18.97719772, Emax=33.58231763
realization 196 / 300 ... accepted 196. Emin=7.00759920, Emax=67.55373611
realization 197 / 300 ... accepted 197. Emin=-4.32932181, Emax=59.88428857
realization 198 / 300 ... accepted 198. Emin=-5.44792337, Emax=53.53273094
realization 199 / 300 ... accepted 199. Emin=-0.65133256, Emax=63.89565535
realization 200 / 300 ... accepted 200. Emin=7.24083423, Emax=76.85501357
realization 201 / 300 ... accepted 201. Emin=-3.27445254, Emax=58.99389459
realization 202 / 300 ... accepted 202. Emin=-8.61578786, Emax=47.62578242
realization 203 / 300 ... accepted 203. Emin=-16.41222418, Emax=42.40672020
realization 204 / 300 ... accepted 204. Emin=-7.42691710, Emax=58.57331795
realization 205 / 300 ... accepted 205. Emin=5.16588117, Emax=67.12223227
realization 206 / 300 ... accepted 206. Emin=-11.03330107, Emax=47.40678295
realization 207 / 300 ... accepted 207. Emin=-3.59913591, Emax=61.64159231
realization 208 / 300 ... accepted 208. Emin=9.41121469, Emax=64.20354869
realization 209 / 300 ... accepted 209. Emin=-8.07040202, Emax=58.70178962
realization 210 / 300 ... accepted 210. Emin=0.13750781, Emax=58.07087466
realization 211 / 300 ... accepted 211. Emin=-0.27534353, Emax=66.13560109
realization 212 / 300 ... accepted 212. Emin=-5.21715230, Emax=61.78189601
realization 213 / 300 ... accepted 213. Emin=9.91543619, Emax=68.06801257
realization 214 / 300 ... accepted 214. Emin=-6.32913721, Emax=58.58394789
realization 215 / 300 ... accepted 215. Emin=15.12623504, Emax=74.33797945
realization 216 / 300 ... accepted 216. Emin=-0.44044848, Emax=63.08244421
realization 217 / 300 ... accepted 217. Emin=3.02282941, Emax=60.74190726
realization 218 / 300 ... accepted 218. Emin=-18.17009425, Emax=43.33357584
realization 219 / 300 ... accepted 219. Emin=-13.96382465, Emax=43.26066637
realization 220 / 300 ... accepted 220. Emin=-3.04776372, Emax=56.89218771
realization 221 / 300 ... accepted 221. Emin=-2.37295317, Emax=63.82181437
realization 222 / 300 ... accepted 222. Emin=-8.55818644, Emax=56.66500533
realization 223 / 300 ... accepted 223. Emin=8.10551080, Emax=68.64644231
realization 224 / 300 ... accepted 224. Emin=-9.13753068, Emax=51.96943957
realization 225 / 300 ... accepted 225. Emin=0.57484083, Emax=56.11704131
realization 226 / 300 ... accepted 226. Emin=4.31603949, Emax=71.97933423
realization 227 / 300 ... accepted 227. Emin=1.47461761, Emax=70.53586074
realization 228 / 300 ... accepted 228. Emin=-5.05038855, Emax=53.81229856
realization 229 / 300 ... accepted 229. Emin=3.45462018, Emax=70.80786618
realization 230 / 300 ... accepted 230. Emin=4.66602673, Emax=63.56840068
realization 231 / 300 ... accepted 231. Emin=-9.76586490, Emax=50.64580003
realization 232 / 300 ... accepted 232. Emin=-14.08912060, Emax=47.00903659
realization 233 / 300 ... accepted 233. Emin=-0.50521309, Emax=61.69143933
realization 234 / 300 ... accepted 234. Emin=3.38840709, Emax=65.17336621
realization 235 / 300 ... accepted 235. Emin=0.51354707, Emax=57.53239542
realization 236 / 300 ... accepted 236. Emin=-2.02053468, Emax=57.29986515
realization 237 / 300 ... accepted 237. Emin=7.87195297, Emax=70.87112832
realization 238 / 300 ... accepted 238. Emin=0.06994514, Emax=60.63986704
realization 239 / 300 ... accepted 239. Emin=-6.93595137, Emax=62.72537771
realization 240 / 300 ... accepted 240. Emin=-2.11675476, Emax=56.59977540
realization 241 / 300 ... accepted 241. Emin=-12.77010607, Emax=46.98727274
realization 242 / 300 ... accepted 242. Emin=0.01314226, Emax=66.43162046
realization 243 / 300 ... accepted 243. Emin=-4.04821428, Emax=60.05193813
realization 244 / 300 ... accepted 244. Emin=8.97434181, Emax=69.02195014
realization 245 / 300 ... accepted 245. Emin=-19.89350621, Emax=37.57881952
realization 246 / 300 ... accepted 246. Emin=-4.32995372, Emax=56.10377203
realization 247 / 300 ... accepted 247. Emin=-3.36769144, Emax=68.16503734
realization 248 / 300 ... accepted 248. Emin=0.55225605, Emax=61.96386603
realization 249 / 300 ... accepted 249. Emin=15.45994450, Emax=75.07732178
realization 250 / 300 ... accepted 250. Emin=-1.18162823, Emax=59.48021851
realization 251 / 300 ... accepted 251. Emin=-9.83995273, Emax=55.65118896
realization 252 / 300 ... accepted 252. Emin=-5.25989554, Emax=60.54549659
realization 253 / 300 ... accepted 253. Emin=-9.39162533, Emax=54.53542603
realization 254 / 300 ... accepted 254. Emin=-7.10895354, Emax=54.05871957
realization 255 / 300 ... accepted 255. Emin=-10.42184803, Emax=54.26824993
realization 256 / 300 ... accepted 256. Emin=0.60557553, Emax=62.12352607
realization 257 / 300 ... accepted 257. Emin=6.38923022, Emax=70.84606162
realization 258 / 300 ... accepted 258. Emin=-8.05435269, Emax=58.74929253
realization 259 / 300 ... accepted 259. Emin=5.11364214, Emax=71.15300909
realization 260 / 300 ... accepted 260. Emin=-4.69130498, Emax=56.04679494
realization 261 / 300 ... accepted 261. Emin=-7.17778586, Emax=51.94483194
realization 262 / 300 ... accepted 262. Emin=-3.75831643, Emax=54.61907055
realization 263 / 300 ... accepted 263. Emin=-1.17838422, Emax=60.58616933
realization 264 / 300 ... accepted 264. Emin=-2.17188383, Emax=60.23079925
realization 265 / 300 ... accepted 265. Emin=1.97531694, Emax=66.11891292
realization 266 / 300 ... accepted 266. Emin=5.88234555, Emax=73.73208580
realization 267 / 300 ... accepted 267. Emin=4.98002827, Emax=61.78457255
realization 268 / 300 ... accepted 268. Emin=-4.14091172, Emax=55.87959279
realization 269 / 300 ... accepted 269. Emin=-11.59588373, Emax=54.06294460
realization 270 / 300 ... accepted 270. Emin=-3.10363580, Emax=63.94261522
realization 271 / 300 ... accepted 271. Emin=-14.41851342, Emax=48.31003078
realization 272 / 300 ... accepted 272. Emin=-4.42294554, Emax=59.77811258
realization 273 / 300 ... accepted 273. Emin=2.41346864, Emax=61.95907577
realization 274 / 300 ... accepted 274. Emin=-1.86631715, Emax=70.33474132
realization 275 / 300 ... accepted 275. Emin=6.32066027, Emax=63.38765907
realization 276 / 300 ... accepted 276. Emin=-3.05109241, Emax=65.37334017
realization 277 / 300 ... accepted 277. Emin=0.34619535, Emax=61.75110440
realization 278 / 300 ... accepted 278. Emin=-4.26426300, Emax=60.37653636
realization 279 / 300 ... accepted 279. Emin=-10.67871025, Emax=55.81860956
realization 280 / 300 ... accepted 280. Emin=1.88223599, Emax=62.96222669
realization 281 / 300 ... accepted 281. Emin=-3.03664994, Emax=62.18569729
realization 282 / 300 ... accepted 282. Emin=3.37059111, Emax=65.01416937
realization 283 / 300 ... accepted 283. Emin=0.55355844, Emax=62.41239842
realization 284 / 300 ... accepted 284. Emin=8.12991677, Emax=72.19766297
realization 285 / 300 ... accepted 285. Emin=0.60572736, Emax=68.59823025
realization 286 / 300 ... accepted 286. Emin=-16.61544949, Emax=44.47531109
realization 287 / 300 ... accepted 287. Emin=-13.76582412, Emax=46.00831424
realization 288 / 300 ... accepted 288. Emin=9.98761128, Emax=71.05732539
realization 289 / 300 ... accepted 289. Emin=-0.48852088, Emax=60.96264237
realization 290 / 300 ... accepted 290. Emin=-14.94558643, Emax=43.30815074
realization 291 / 300 ... accepted 291. Emin=-3.95693579, Emax=57.58486239
realization 292 / 300 ... accepted 292. Emin=7.31435518, Emax=67.80333775
realization 293 / 300 ... accepted 293. Emin=-2.99746798, Emax=59.83875879
realization 294 / 300 ... accepted 294. Emin=-1.45757831, Emax=58.13185273
realization 295 / 300 ... accepted 295. Emin=1.28460513, Emax=65.62735403
realization 296 / 300 ... accepted 296. Emin=-4.78240902, Emax=55.39402878
realization 297 / 300 ... accepted 297. Emin=7.11529988, Emax=69.61581049
realization 298 / 300 ... accepted 298. Emin=-9.78575641, Emax=51.93359327
realization 299 / 300 ... accepted 299. Emin=-5.17692220, Emax=57.86323658
realization 300 / 300 ... accepted 300. Emin=-4.04840480, Emax=52.33201404
Saved final energies: /home/2/kj405942/POLFED_bosons/pbs_bose_legacy_nmax2_periodic/data/U_8/W_5/L_6/N_6_nmax_2/boundary_periodic/energies_full_U8_L6_N6_nmax2_W5_boundaryperiodic_nreal300.txt
Accepted realizations: 300 / 300
Skipped realizations: 0
Job finished at Sun May 31 17:11:18 UTC 2026
