Job started on w30 at Sun May 31 17:10:27 UTC 2026
PBS_JOBID=7731400.kruk-host.ift-klaster.lan
PBS_O_WORKDIR=/home/2/kj405942/POLFED_bosons
Bose-Hubbard: L=6, N=6, nmax=2, dim=141
t=1, U=8, W=1, nreal=300, boundary=periodic, mode=full
Writing partial results to /home/2/kj405942/POLFED_bosons/pbs_bose_legacy_nmax2_periodic/data/U_8/W_1/L_6/N_6_nmax_2/boundary_periodic/energies_full_U8_L6_N6_nmax2_W1_boundaryperiodic_nreal300_partial.txt
realization 1 / 300 ... accepted 1. Emin=0.07074214, Emax=52.08279392
realization 2 / 300 ... accepted 2. Emin=-0.73324216, Emax=52.35677088
realization 3 / 300 ... accepted 3. Emin=-3.72526245, Emax=48.41782749
realization 4 / 300 ... accepted 4. Emin=0.04297946, Emax=52.51113962
realization 5 / 300 ... accepted 5. Emin=-0.16864370, Emax=51.52912612
realization 6 / 300 ... accepted 6. Emin=-1.18326225, Emax=51.93186957
realization 7 / 300 ... accepted 7. Emin=-1.01274947, Emax=53.21690016
realization 8 / 300 ... accepted 8. Emin=-0.71662537, Emax=53.21653057
realization 9 / 300 ... accepted 9. Emin=-2.92971572, Emax=50.28697569
realization 10 / 300 ... accepted 10. Emin=-0.68201793, Emax=51.78100402
realization 11 / 300 ... accepted 11. Emin=-0.44973032, Emax=52.65641380
realization 12 / 300 ... accepted 12. Emin=0.73039361, Emax=52.49629771
realization 13 / 300 ... accepted 13. Emin=-0.49983066, Emax=52.29429291
realization 14 / 300 ... accepted 14. Emin=-3.06595264, Emax=49.43716444
realization 15 / 300 ... accepted 15. Emin=-1.44401335, Emax=52.19984067
realization 16 / 300 ... accepted 16. Emin=0.33849675, Emax=52.24138531
realization 17 / 300 ... accepted 17. Emin=-0.01430934, Emax=52.30920923
realization 18 / 300 ... accepted 18. Emin=-1.92161933, Emax=50.25443462
realization 19 / 300 ... accepted 19. Emin=-1.37383148, Emax=51.10686289
realization 20 / 300 ... accepted 20. Emin=-2.28149031, Emax=49.69138710
realization 21 / 300 ... accepted 21. Emin=-1.21688260, Emax=51.84686261
realization 22 / 300 ... accepted 22. Emin=-1.51427403, Emax=52.28841709
realization 23 / 300 ... accepted 23. Emin=-2.54077203, Emax=48.84774507
realization 24 / 300 ... accepted 24. Emin=0.16196341, Emax=52.16110965
realization 25 / 300 ... accepted 25. Emin=-0.85737838, Emax=51.60816438
realization 26 / 300 ... accepted 26. Emin=-0.54703612, Emax=52.07628347
realization 27 / 300 ... accepted 27. Emin=-2.33357398, Emax=50.20398125
realization 28 / 300 ... accepted 28. Emin=-2.26801017, Emax=50.02548565
realization 29 / 300 ... accepted 29. Emin=-3.06213308, Emax=49.15798669
realization 30 / 300 ... accepted 30. Emin=-0.07781131, Emax=51.94930851
realization 31 / 300 ... accepted 31. Emin=-1.14907237, Emax=50.22397006
realization 32 / 300 ... accepted 32. Emin=-2.10364830, Emax=51.19792524
realization 33 / 300 ... accepted 33. Emin=-1.63882468, Emax=51.73377541
realization 34 / 300 ... accepted 34. Emin=-4.05300402, Emax=48.53558041
realization 35 / 300 ... accepted 35. Emin=0.92772269, Emax=53.16354993
realization 36 / 300 ... accepted 36. Emin=-1.01923096, Emax=51.78116343
realization 37 / 300 ... accepted 37. Emin=0.24673955, Emax=53.44615358
realization 38 / 300 ... accepted 38. Emin=-0.84861865, Emax=52.48548803
realization 39 / 300 ... accepted 39. Emin=-3.72100984, Emax=48.73760922
realization 40 / 300 ... accepted 40. Emin=0.48066967, Emax=52.13372559
realization 41 / 300 ... accepted 41. Emin=-2.41133529, Emax=50.96933006
realization 42 / 300 ... accepted 42. Emin=1.08427991, Emax=53.55665693
realization 43 / 300 ... accepted 43. Emin=-3.03330695, Emax=49.26161758
realization 44 / 300 ... accepted 44. Emin=-1.66810275, Emax=52.34002181
realization 45 / 300 ... accepted 45. Emin=-1.33443436, Emax=51.51455711
realization 46 / 300 ... accepted 46. Emin=-3.33049685, Emax=49.53851162
realization 47 / 300 ... accepted 47. Emin=-1.69041854, Emax=50.42076182
realization 48 / 300 ... accepted 48. Emin=-2.09779091, Emax=51.86477848
realization 49 / 300 ... accepted 49. Emin=-1.81306713, Emax=50.30153637
realization 50 / 300 ... accepted 50. Emin=-1.46638322, Emax=52.11204601
realization 51 / 300 ... accepted 51. Emin=-2.66752413, Emax=49.96023495
realization 52 / 300 ... accepted 52. Emin=0.15644455, Emax=53.09813512
realization 53 / 300 ... accepted 53. Emin=1.40069054, Emax=53.44183513
realization 54 / 300 ... accepted 54. Emin=-3.55632607, Emax=49.01782405
realization 55 / 300 ... accepted 55. Emin=-3.84556908, Emax=48.99780954
realization 56 / 300 ... accepted 56. Emin=-0.50194213, Emax=51.86860308
realization 57 / 300 ... accepted 57. Emin=-1.88701256, Emax=51.87016845
realization 58 / 300 ... accepted 58. Emin=-0.38665334, Emax=53.33361878
realization 59 / 300 ... accepted 59. Emin=-0.23104279, Emax=53.16675377
realization 60 / 300 ... accepted 60. Emin=-3.70655860, Emax=48.47606845
realization 61 / 300 ... accepted 61. Emin=-1.45169615, Emax=51.91258507
realization 62 / 300 ... accepted 62. Emin=-1.68240842, Emax=51.67503494
realization 63 / 300 ... accepted 63. Emin=-2.23083162, Emax=49.83307748
realization 64 / 300 ... accepted 64. Emin=-0.70415323, Emax=51.62066356
realization 65 / 300 ... accepted 65. Emin=2.87876394, Emax=54.17975346
realization 66 / 300 ... accepted 66. Emin=-0.77542802, Emax=53.48158174
realization 67 / 300 ... accepted 67. Emin=-1.03134459, Emax=51.72335893
realization 68 / 300 ... accepted 68. Emin=-1.56359722, Emax=50.38671016
realization 69 / 300 ... accepted 69. Emin=-1.72031674, Emax=50.77026746
realization 70 / 300 ... accepted 70. Emin=-0.27738988, Emax=51.07289168
realization 71 / 300 ... accepted 71. Emin=-1.87835531, Emax=51.54382888
realization 72 / 300 ... accepted 72. Emin=-1.77445169, Emax=49.89560678
realization 73 / 300 ... accepted 73. Emin=-2.20220310, Emax=49.85150436
realization 74 / 300 ... accepted 74. Emin=0.46541348, Emax=53.72339539
realization 75 / 300 ... accepted 75. Emin=-1.12549216, Emax=52.00296131
realization 76 / 300 ... accepted 76. Emin=-1.84748149, Emax=51.69056898
realization 77 / 300 ... accepted 77. Emin=-0.13733727, Emax=53.13528086
realization 78 / 300 ... accepted 78. Emin=-2.26151238, Emax=49.61241689
realization 79 / 300 ... accepted 79. Emin=-2.26780482, Emax=49.62820880
realization 80 / 300 ... accepted 80. Emin=-2.19873402, Emax=51.06203805
realization 81 / 300 ... accepted 81. Emin=-1.62253557, Emax=51.39152582
realization 82 / 300 ... accepted 82. Emin=-2.53655843, Emax=50.09295055
realization 83 / 300 ... accepted 83. Emin=0.21970978, Emax=53.25973154
realization 84 / 300 ... accepted 84. Emin=-4.19833269, Emax=47.49506565
realization 85 / 300 ... accepted 85. Emin=-0.34327963, Emax=51.91558449
realization 86 / 300 ... accepted 86. Emin=-2.56340942, Emax=50.72000038
realization 87 / 300 ... accepted 87. Emin=-2.86810148, Emax=49.70798998
realization 88 / 300 ... accepted 88. Emin=-2.59097100, Emax=50.85604830
realization 89 / 300 ... accepted 89. Emin=-4.07188235, Emax=48.35639498
realization 90 / 300 ... accepted 90. Emin=0.67948924, Emax=52.86291991
realization 91 / 300 ... accepted 91. Emin=-4.37061199, Emax=48.18023424
realization 92 / 300 ... accepted 92. Emin=-0.47904698, Emax=50.56221487
realization 93 / 300 ... accepted 93. Emin=-0.74072749, Emax=53.14946938
realization 94 / 300 ... accepted 94. Emin=2.43733958, Emax=54.03752471
realization 95 / 300 ... accepted 95. Emin=0.40493302, Emax=51.94216399
realization 96 / 300 ... accepted 96. Emin=-2.66752471, Emax=50.80574523
realization 97 / 300 ... accepted 97. Emin=-2.86003609, Emax=49.20424773
realization 98 / 300 ... accepted 98. Emin=-2.13177202, Emax=50.83178795
realization 99 / 300 ... accepted 99. Emin=-3.07966656, Emax=48.40015787
realization 100 / 300 ... accepted 100. Emin=-3.03698506, Emax=50.30718603
realization 101 / 300 ... accepted 101. Emin=-0.25011448, Emax=52.67141147
realization 102 / 300 ... accepted 102. Emin=-0.51560518, Emax=51.99708853
realization 103 / 300 ... accepted 103. Emin=-0.59995364, Emax=52.43874736
realization 104 / 300 ... accepted 104. Emin=-0.03846079, Emax=53.03258880
realization 105 / 300 ... accepted 105. Emin=-1.40413874, Emax=51.28758113
realization 106 / 300 ... accepted 106. Emin=-2.28922076, Emax=49.69154373
realization 107 / 300 ... accepted 107. Emin=-1.90690558, Emax=51.50548472
realization 108 / 300 ... accepted 108. Emin=-1.49077036, Emax=51.54379141
realization 109 / 300 ... accepted 109. Emin=0.39767542, Emax=51.87086027
realization 110 / 300 ... accepted 110. Emin=-2.78938312, Emax=49.38790067
realization 111 / 300 ... accepted 111. Emin=1.09807873, Emax=53.20792387
realization 112 / 300 ... accepted 112. Emin=-1.09373124, Emax=51.81996068
realization 113 / 300 ... accepted 113. Emin=-2.48452032, Emax=48.60904947
realization 114 / 300 ... accepted 114. Emin=0.15663504, Emax=53.00049051
realization 115 / 300 ... accepted 115. Emin=-0.24771199, Emax=52.80584900
realization 116 / 300 ... accepted 116. Emin=-0.85359501, Emax=51.20591365
realization 117 / 300 ... accepted 117. Emin=-2.77758541, Emax=48.71065115
realization 118 / 300 ... accepted 118. Emin=-1.95967366, Emax=51.56449091
realization 119 / 300 ... accepted 119. Emin=-1.16590826, Emax=51.10140765
realization 120 / 300 ... accepted 120. Emin=0.38128992, Emax=53.12089722
realization 121 / 300 ... accepted 121. Emin=-1.77206177, Emax=50.75901447
realization 122 / 300 ... accepted 122. Emin=-1.11000499, Emax=50.69049739
realization 123 / 300 ... accepted 123. Emin=0.34211463, Emax=52.02588099
realization 124 / 300 ... accepted 124. Emin=-2.48204284, Emax=50.85864999
realization 125 / 300 ... accepted 125. Emin=-0.36424666, Emax=53.01316025
realization 126 / 300 ... accepted 126. Emin=-1.42434103, Emax=51.07265831
realization 127 / 300 ... accepted 127. Emin=0.29426392, Emax=52.23151036
realization 128 / 300 ... accepted 128. Emin=-1.44518658, Emax=50.84941390
realization 129 / 300 ... accepted 129. Emin=-2.84222891, Emax=50.19699168
realization 130 / 300 ... accepted 130. Emin=-3.18454180, Emax=49.59195805
realization 131 / 300 ... accepted 131. Emin=0.09611436, Emax=53.07730066
realization 132 / 300 ... accepted 132. Emin=-2.35804828, Emax=49.07808378
realization 133 / 300 ... accepted 133. Emin=-0.47799743, Emax=52.46971107
realization 134 / 300 ... accepted 134. Emin=-0.54882977, Emax=52.84529008
realization 135 / 300 ... accepted 135. Emin=-3.66804359, Emax=47.60144057
realization 136 / 300 ... accepted 136. Emin=-3.62136507, Emax=48.20468944
realization 137 / 300 ... accepted 137. Emin=-0.70142054, Emax=51.98636565
realization 138 / 300 ... accepted 138. Emin=-4.00895102, Emax=47.71354133
realization 139 / 300 ... accepted 139. Emin=0.64857318, Emax=52.67033878
realization 140 / 300 ... accepted 140. Emin=-2.42208197, Emax=50.26165016
realization 141 / 300 ... accepted 141. Emin=-1.56883621, Emax=52.03959133
realization 142 / 300 ... accepted 142. Emin=-0.13442838, Emax=52.29618416
realization 143 / 300 ... accepted 143. Emin=-2.99455377, Emax=49.99110792
realization 144 / 300 ... accepted 144. Emin=-0.35639077, Emax=52.33937803
realization 145 / 300 ... accepted 145. Emin=-2.21616274, Emax=51.04646410
realization 146 / 300 ... accepted 146. Emin=1.20028440, Emax=53.13270376
realization 147 / 300 ... accepted 147. Emin=-2.31140597, Emax=50.21064593
realization 148 / 300 ... accepted 148. Emin=-0.54402654, Emax=52.51538518
realization 149 / 300 ... accepted 149. Emin=-1.73564831, Emax=50.74352130
realization 150 / 300 ... accepted 150. Emin=-1.06461912, Emax=51.79966609
realization 151 / 300 ... accepted 151. Emin=-3.60568355, Emax=49.02107533
realization 152 / 300 ... accepted 152. Emin=-1.85342735, Emax=50.96664457
realization 153 / 300 ... accepted 153. Emin=-0.18178857, Emax=51.53777908
realization 154 / 300 ... accepted 154. Emin=-0.14717529, Emax=52.91696559
realization 155 / 300 ... accepted 155. Emin=-2.73218466, Emax=50.05502125
realization 156 / 300 ... accepted 156. Emin=0.46207391, Emax=52.50306345
realization 157 / 300 ... accepted 157. Emin=-0.43287588, Emax=51.53453347
realization 158 / 300 ... accepted 158. Emin=-3.00649983, Emax=48.64090811
realization 159 / 300 ... accepted 159. Emin=-2.46039094, Emax=49.95932772
realization 160 / 300 ... accepted 160. Emin=-2.03792510, Emax=50.70129396
realization 161 / 300 ... accepted 161. Emin=-1.44844855, Emax=52.53500554
realization 162 / 300 ... accepted 162. Emin=-1.20674115, Emax=51.89155288
realization 163 / 300 ... accepted 163. Emin=-2.04215368, Emax=50.46161152
realization 164 / 300 ... accepted 164. Emin=-2.09574733, Emax=49.93830120
realization 165 / 300 ... accepted 165. Emin=-1.01547376, Emax=52.39711886
realization 166 / 300 ... accepted 166. Emin=-4.01335879, Emax=48.39536147
realization 167 / 300 ... accepted 167. Emin=-1.51633364, Emax=52.68367515
realization 168 / 300 ... accepted 168. Emin=-0.49207982, Emax=51.07312712
realization 169 / 300 ... accepted 169. Emin=1.34976534, Emax=53.15909545
realization 170 / 300 ... accepted 170. Emin=-3.75711125, Emax=48.37766516
realization 171 / 300 ... accepted 171. Emin=-1.88689430, Emax=51.97200203
realization 172 / 300 ... accepted 172. Emin=-1.94563335, Emax=50.31265905
realization 173 / 300 ... accepted 173. Emin=-1.78747012, Emax=51.32872857
realization 174 / 300 ... accepted 174. Emin=-2.86573261, Emax=49.63402411
realization 175 / 300 ... accepted 175. Emin=-2.64422874, Emax=49.45157283
realization 176 / 300 ... accepted 176. Emin=-2.37084724, Emax=48.90325388
realization 177 / 300 ... accepted 177. Emin=-2.13226477, Emax=49.50817331
realization 178 / 300 ... accepted 178. Emin=-0.97014676, Emax=53.12788536
realization 179 / 300 ... accepted 179. Emin=-0.11723584, Emax=52.58509158
realization 180 / 300 ... accepted 180. Emin=0.66105606, Emax=52.82505306
realization 181 / 300 ... accepted 181. Emin=-2.76689335, Emax=49.99686116
realization 182 / 300 ... accepted 182. Emin=-1.43505103, Emax=50.85203590
realization 183 / 300 ... accepted 183. Emin=-1.48279606, Emax=50.18568628
realization 184 / 300 ... accepted 184. Emin=-2.64060514, Emax=49.97001141
realization 185 / 300 ... accepted 185. Emin=0.30215166, Emax=52.51223128
realization 186 / 300 ... accepted 186. Emin=0.02195464, Emax=51.28161489
realization 187 / 300 ... accepted 187. Emin=-3.03905875, Emax=50.19516207
realization 188 / 300 ... accepted 188. Emin=0.27847851, Emax=51.93647297
realization 189 / 300 ... accepted 189. Emin=-1.44583493, Emax=51.32169291
realization 190 / 300 ... accepted 190. Emin=-3.42472330, Emax=48.55070867
realization 191 / 300 ... accepted 191. Emin=-1.91446223, Emax=50.48252003
realization 192 / 300 ... accepted 192. Emin=0.08431591, Emax=52.62447109
realization 193 / 300 ... accepted 193. Emin=0.04801005, Emax=51.18684918
realization 194 / 300 ... accepted 194. Emin=-1.65552201, Emax=51.10850969
realization 195 / 300 ... accepted 195. Emin=-0.26291499, Emax=52.65274085
realization 196 / 300 ... accepted 196. Emin=-2.86230411, Emax=49.98085106
realization 197 / 300 ... accepted 197. Emin=-2.27024562, Emax=50.17445853
realization 198 / 300 ... accepted 198. Emin=-3.17917198, Emax=49.10807039
realization 199 / 300 ... accepted 199. Emin=0.51541404, Emax=52.32315273
realization 200 / 300 ... accepted 200. Emin=1.99490951, Emax=53.02966857
realization 201 / 300 ... accepted 201. Emin=1.37943956, Emax=52.70750278
realization 202 / 300 ... accepted 202. Emin=-0.29588712, Emax=52.20178578
realization 203 / 300 ... accepted 203. Emin=-4.49867564, Emax=47.25113141
realization 204 / 300 ... accepted 204. Emin=-0.58104011, Emax=51.56054805
realization 205 / 300 ... accepted 205. Emin=-2.48479403, Emax=50.34049656
realization 206 / 300 ... accepted 206. Emin=-1.39424679, Emax=50.35500400
realization 207 / 300 ... accepted 207. Emin=1.14792314, Emax=53.41699271
realization 208 / 300 ... accepted 208. Emin=-2.35682451, Emax=50.50063975
realization 209 / 300 ... accepted 209. Emin=-3.09004480, Emax=48.76903512
realization 210 / 300 ... accepted 210. Emin=-2.49035173, Emax=49.81741117
realization 211 / 300 ... accepted 211. Emin=-2.32305292, Emax=50.31798299
realization 212 / 300 ... accepted 212. Emin=-2.41978494, Emax=50.22341892
realization 213 / 300 ... accepted 213. Emin=-3.36168313, Emax=49.46299949
realization 214 / 300 ... accepted 214. Emin=-0.30588277, Emax=51.60843653
realization 215 / 300 ... accepted 215. Emin=-0.72358207, Emax=52.29136544
realization 216 / 300 ... accepted 216. Emin=-0.72915582, Emax=51.58925772
realization 217 / 300 ... accepted 217. Emin=-0.19311781, Emax=51.99641839
realization 218 / 300 ... accepted 218. Emin=-0.68067013, Emax=51.79705669
realization 219 / 300 ... accepted 219. Emin=0.31733027, Emax=53.20111855
realization 220 / 300 ... accepted 220. Emin=-0.83894930, Emax=52.02677493
realization 221 / 300 ... accepted 221. Emin=-1.76893056, Emax=50.74746527
realization 222 / 300 ... accepted 222. Emin=-1.04104295, Emax=50.70671320
realization 223 / 300 ... accepted 223. Emin=0.72235663, Emax=52.73837963
realization 224 / 300 ... accepted 224. Emin=-0.33199272, Emax=52.66252186
realization 225 / 300 ... accepted 225. Emin=-1.12410598, Emax=52.20868528
realization 226 / 300 ... accepted 226. Emin=-1.57859983, Emax=50.79618869
realization 227 / 300 ... accepted 227. Emin=-2.80062375, Emax=49.47012226
realization 228 / 300 ... accepted 228. Emin=1.14011008, Emax=53.54709549
realization 229 / 300 ... accepted 229. Emin=-0.26030341, Emax=52.47044142
realization 230 / 300 ... accepted 230. Emin=-1.32439666, Emax=51.52194080
realization 231 / 300 ... accepted 231. Emin=0.77013364, Emax=52.80855669
realization 232 / 300 ... accepted 232. Emin=-5.07293615, Emax=46.90974107
realization 233 / 300 ... accepted 233. Emin=-2.29473042, Emax=51.96445301
realization 234 / 300 ... accepted 234. Emin=-0.92652298, Emax=52.22061154
realization 235 / 300 ... accepted 235. Emin=-3.24458670, Emax=49.11134047
realization 236 / 300 ... accepted 236. Emin=-0.64663594, Emax=51.98965178
realization 237 / 300 ... accepted 237. Emin=-0.30388908, Emax=52.63766451
realization 238 / 300 ... accepted 238. Emin=0.11917859, Emax=52.71197350
realization 239 / 300 ... accepted 239. Emin=-1.89189179, Emax=50.81111978
realization 240 / 300 ... accepted 240. Emin=-0.72186463, Emax=51.79849067
realization 241 / 300 ... accepted 241. Emin=-2.25286400, Emax=50.86079710
realization 242 / 300 ... accepted 242. Emin=0.98165681, Emax=52.88638975
realization 243 / 300 ... accepted 243. Emin=-1.15395813, Emax=51.08653173
realization 244 / 300 ... accepted 244. Emin=-1.93145100, Emax=50.25169357
realization 245 / 300 ... accepted 245. Emin=0.59959017, Emax=52.69469927
realization 246 / 300 ... accepted 246. Emin=-0.64164460, Emax=51.50444622
realization 247 / 300 ... accepted 247. Emin=0.61453001, Emax=53.10165794
realization 248 / 300 ... accepted 248. Emin=-1.79738065, Emax=52.97363194
realization 249 / 300 ... accepted 249. Emin=-2.12522119, Emax=50.51739689
realization 250 / 300 ... accepted 250. Emin=0.95534264, Emax=53.19408936
realization 251 / 300 ... accepted 251. Emin=0.03178167, Emax=52.10529829
realization 252 / 300 ... accepted 252. Emin=-2.62792233, Emax=48.50666830
realization 253 / 300 ... accepted 253. Emin=-1.84093340, Emax=50.40911991
realization 254 / 300 ... accepted 254. Emin=-2.04056244, Emax=50.76677264
realization 255 / 300 ... accepted 255. Emin=-1.44322870, Emax=52.25592081
realization 256 / 300 ... accepted 256. Emin=-1.53886366, Emax=50.19847962
realization 257 / 300 ... accepted 257. Emin=-1.72376026, Emax=50.67890254
realization 258 / 300 ... accepted 258. Emin=0.69369326, Emax=53.29721308
realization 259 / 300 ... accepted 259. Emin=0.10495168, Emax=53.10098403
realization 260 / 300 ... accepted 260. Emin=-3.14657984, Emax=50.11629015
realization 261 / 300 ... accepted 261. Emin=-2.59615446, Emax=50.66731423
realization 262 / 300 ... accepted 262. Emin=0.06570200, Emax=52.39116071
realization 263 / 300 ... accepted 263. Emin=-2.23495471, Emax=50.87484502
realization 264 / 300 ... accepted 264. Emin=-0.66103237, Emax=53.02561697
realization 265 / 300 ... accepted 265. Emin=-2.37814558, Emax=51.06224525
realization 266 / 300 ... accepted 266. Emin=-2.85580806, Emax=49.74076437
realization 267 / 300 ... accepted 267. Emin=-1.30711019, Emax=51.98949547
realization 268 / 300 ... accepted 268. Emin=-1.85415710, Emax=51.24651338
realization 269 / 300 ... accepted 269. Emin=0.63086474, Emax=52.92064099
realization 270 / 300 ... accepted 270. Emin=-1.87545947, Emax=51.50677784
realization 271 / 300 ... accepted 271. Emin=-1.11262558, Emax=51.76351356
realization 272 / 300 ... accepted 272. Emin=-3.82934635, Emax=48.20418669
realization 273 / 300 ... accepted 273. Emin=1.87689744, Emax=53.56581071
realization 274 / 300 ... accepted 274. Emin=-2.30802686, Emax=51.44275063
realization 275 / 300 ... accepted 275. Emin=-0.21234117, Emax=53.00803806
realization 276 / 300 ... accepted 276. Emin=-1.36607670, Emax=51.56621015
realization 277 / 300 ... accepted 277. Emin=-0.88036755, Emax=51.93043985
realization 278 / 300 ... accepted 278. Emin=-4.72711478, Emax=46.22088699
realization 279 / 300 ... accepted 279. Emin=-1.32498092, Emax=52.56209469
realization 280 / 300 ... accepted 280. Emin=-0.26666891, Emax=52.37476827
realization 281 / 300 ... accepted 281. Emin=-2.07583040, Emax=50.38183149
realization 282 / 300 ... accepted 282. Emin=-2.23879955, Emax=49.76700872
realization 283 / 300 ... accepted 283. Emin=-1.41523709, Emax=51.19557111
realization 284 / 300 ... accepted 284. Emin=-3.92164844, Emax=48.36963115
realization 285 / 300 ... accepted 285. Emin=-4.05621384, Emax=48.42527732
realization 286 / 300 ... accepted 286. Emin=-1.74742557, Emax=51.34358023
realization 287 / 300 ... accepted 287. Emin=-2.88677802, Emax=50.28895073
realization 288 / 300 ... accepted 288. Emin=0.20044505, Emax=53.00617825
realization 289 / 300 ... accepted 289. Emin=-3.18833268, Emax=48.86147156
realization 290 / 300 ... accepted 290. Emin=0.45795483, Emax=52.25357829
realization 291 / 300 ... accepted 291. Emin=-0.20933898, Emax=52.94350286
realization 292 / 300 ... accepted 292. Emin=-1.44865924, Emax=51.46775137
realization 293 / 300 ... accepted 293. Emin=-0.21670175, Emax=51.45101165
realization 294 / 300 ... accepted 294. Emin=0.29157901, Emax=52.32938264
realization 295 / 300 ... accepted 295. Emin=-2.33709002, Emax=51.09141210
realization 296 / 300 ... accepted 296. Emin=-2.29175003, Emax=49.65240233
realization 297 / 300 ... accepted 297. Emin=-1.99268556, Emax=50.24779788
realization 298 / 300 ... accepted 298. Emin=-1.25015107, Emax=52.31241472
realization 299 / 300 ... accepted 299. Emin=-1.98431854, Emax=50.58928060
realization 300 / 300 ... accepted 300. Emin=-1.79449290, Emax=51.61768153
Saved final energies: /home/2/kj405942/POLFED_bosons/pbs_bose_legacy_nmax2_periodic/data/U_8/W_1/L_6/N_6_nmax_2/boundary_periodic/energies_full_U8_L6_N6_nmax2_W1_boundaryperiodic_nreal300.txt
Accepted realizations: 300 / 300
Skipped realizations: 0
Job finished at Sun May 31 17:11:38 UTC 2026
