Job started on w30 at Sun May 31 17:10:28 UTC 2026
PBS_JOBID=7731407.kruk-host.ift-klaster.lan
PBS_O_WORKDIR=/home/2/kj405942/POLFED_bosons
Bose-Hubbard: L=6, N=6, nmax=2, dim=141
t=1, U=8, W=8, nreal=300, boundary=periodic, mode=full
Writing partial results to /home/2/kj405942/POLFED_bosons/pbs_bose_legacy_nmax2_periodic/data/U_8/W_8/L_6/N_6_nmax_2/boundary_periodic/energies_full_U8_L6_N6_nmax2_W8_boundaryperiodic_nreal300_partial.txt
realization 1 / 300 ... accepted 1. Emin=1.59146134, Emax=68.98089342
realization 2 / 300 ... accepted 2. Emin=-9.79430231, Emax=60.57761008
realization 3 / 300 ... accepted 3. Emin=-17.32064760, Emax=46.42149701
realization 4 / 300 ... accepted 4. Emin=-4.56779977, Emax=59.08853723
realization 5 / 300 ... accepted 5. Emin=7.89729794, Emax=74.49243351
realization 6 / 300 ... accepted 6. Emin=14.39204598, Emax=80.93870331
realization 7 / 300 ... accepted 7. Emin=-8.81610750, Emax=60.54140688
realization 8 / 300 ... accepted 8. Emin=-3.16776133, Emax=71.39807236
realization 9 / 300 ... accepted 9. Emin=3.47304185, Emax=69.26766622
realization 10 / 300 ... accepted 10. Emin=9.45496332, Emax=78.33900944
realization 11 / 300 ... accepted 11. Emin=-20.98320193, Emax=48.73161887
realization 12 / 300 ... accepted 12. Emin=5.11058065, Emax=83.55216507
realization 13 / 300 ... accepted 13. Emin=-11.34941271, Emax=56.57920585
realization 14 / 300 ... accepted 14. Emin=-7.17085754, Emax=77.61398670
realization 15 / 300 ... accepted 15. Emin=5.21760934, Emax=74.66740171
realization 16 / 300 ... accepted 16. Emin=-0.26125400, Emax=69.33797014
realization 17 / 300 ... accepted 17. Emin=-6.01848589, Emax=71.68983459
realization 18 / 300 ... accepted 18. Emin=-22.51945798, Emax=47.18096768
realization 19 / 300 ... accepted 19. Emin=8.15888770, Emax=83.44997046
realization 20 / 300 ... accepted 20. Emin=-7.05875994, Emax=66.16208187
realization 21 / 300 ... accepted 21. Emin=0.53314145, Emax=73.72746402
realization 22 / 300 ... accepted 22. Emin=4.43328712, Emax=75.87018655
realization 23 / 300 ... accepted 23. Emin=10.67599938, Emax=72.75492545
realization 24 / 300 ... accepted 24. Emin=-5.06103325, Emax=68.66320475
realization 25 / 300 ... accepted 25. Emin=-4.69077787, Emax=66.13652045
realization 26 / 300 ... accepted 26. Emin=-13.83228679, Emax=53.63738845
realization 27 / 300 ... accepted 27. Emin=15.81299066, Emax=79.06731644
realization 28 / 300 ... accepted 28. Emin=-4.35939383, Emax=78.20232669
realization 29 / 300 ... accepted 29. Emin=-6.49900484, Emax=70.24683783
realization 30 / 300 ... accepted 30. Emin=0.31199112, Emax=76.83621148
realization 31 / 300 ... accepted 31. Emin=-11.28042273, Emax=70.61989786
realization 32 / 300 ... accepted 32. Emin=1.72806424, Emax=80.08956022
realization 33 / 300 ... accepted 33. Emin=10.64969552, Emax=85.72588196
realization 34 / 300 ... accepted 34. Emin=-0.02953590, Emax=65.03366015
realization 35 / 300 ... accepted 35. Emin=-16.76679803, Emax=57.32438805
realization 36 / 300 ... accepted 36. Emin=26.36248837, Emax=88.74207530
realization 37 / 300 ... accepted 37. Emin=24.34475081, Emax=79.99379089
realization 38 / 300 ... accepted 38. Emin=-12.99738933, Emax=59.40693843
realization 39 / 300 ... accepted 39. Emin=-5.16426096, Emax=80.44571083
realization 40 / 300 ... accepted 40. Emin=2.54732524, Emax=73.53993050
realization 41 / 300 ... accepted 41. Emin=-7.35267034, Emax=73.22557275
realization 42 / 300 ... accepted 42. Emin=5.45767745, Emax=81.89912912
realization 43 / 300 ... accepted 43. Emin=-19.86057754, Emax=47.68319137
realization 44 / 300 ... accepted 44. Emin=7.45435145, Emax=81.87143629
realization 45 / 300 ... accepted 45. Emin=-4.88495620, Emax=60.26913540
realization 46 / 300 ... accepted 46. Emin=11.30341816, Emax=78.56064031
realization 47 / 300 ... accepted 47. Emin=-1.03881773, Emax=72.48651507
realization 48 / 300 ... accepted 48. Emin=5.44776956, Emax=79.71790656
realization 49 / 300 ... accepted 49. Emin=-29.81089104, Emax=31.37766862
realization 50 / 300 ... accepted 50. Emin=-1.60305456, Emax=71.36377304
realization 51 / 300 ... accepted 51. Emin=1.53745814, Emax=76.39713032
realization 52 / 300 ... accepted 52. Emin=0.94519621, Emax=72.06957973
realization 53 / 300 ... accepted 53. Emin=4.82195649, Emax=74.81352905
realization 54 / 300 ... accepted 54. Emin=-8.40373129, Emax=69.23331023
realization 55 / 300 ... accepted 55. Emin=-4.17334027, Emax=63.62253281
realization 56 / 300 ... accepted 56. Emin=17.77453373, Emax=87.80323094
realization 57 / 300 ... accepted 57. Emin=1.22506721, Emax=66.84678020
realization 58 / 300 ... accepted 58. Emin=13.10127287, Emax=84.11623610
realization 59 / 300 ... accepted 59. Emin=8.13127047, Emax=79.73046970
realization 60 / 300 ... accepted 60. Emin=-5.38684451, Emax=61.33613074
realization 61 / 300 ... accepted 61. Emin=-10.43345563, Emax=56.06328758
realization 62 / 300 ... accepted 62. Emin=-10.24261948, Emax=54.83501487
realization 63 / 300 ... accepted 63. Emin=18.60409250, Emax=86.99237968
realization 64 / 300 ... accepted 64. Emin=13.52978710, Emax=79.53740261
realization 65 / 300 ... accepted 65. Emin=8.45708812, Emax=85.50433343
realization 66 / 300 ... accepted 66. Emin=1.86237014, Emax=76.65569327
realization 67 / 300 ... accepted 67. Emin=13.09826046, Emax=81.92255149
realization 68 / 300 ... accepted 68. Emin=2.76884906, Emax=68.32700565
realization 69 / 300 ... accepted 69. Emin=-3.39026023, Emax=67.13448063
realization 70 / 300 ... accepted 70. Emin=-11.03358132, Emax=58.39788557
realization 71 / 300 ... accepted 71. Emin=-2.80679435, Emax=69.50334316
realization 72 / 300 ... accepted 72. Emin=6.51422158, Emax=68.59044459
realization 73 / 300 ... accepted 73. Emin=3.88237064, Emax=73.11378654
realization 74 / 300 ... accepted 74. Emin=-9.61011755, Emax=61.68307374
realization 75 / 300 ... accepted 75. Emin=-3.12023077, Emax=65.80688838
realization 76 / 300 ... accepted 76. Emin=-5.44444578, Emax=60.49259762
realization 77 / 300 ... accepted 77. Emin=3.27343141, Emax=74.50510621
realization 78 / 300 ... accepted 78. Emin=-2.92545798, Emax=70.12916973
realization 79 / 300 ... accepted 79. Emin=-11.22979964, Emax=52.99780525
realization 80 / 300 ... accepted 80. Emin=-4.11712994, Emax=65.73698901
realization 81 / 300 ... accepted 81. Emin=-0.69445053, Emax=79.71628481
realization 82 / 300 ... accepted 82. Emin=16.68182720, Emax=83.06317627
realization 83 / 300 ... accepted 83. Emin=-11.74133911, Emax=59.89496333
realization 84 / 300 ... accepted 84. Emin=8.32131115, Emax=85.81894179
realization 85 / 300 ... accepted 85. Emin=2.73044161, Emax=84.41254184
realization 86 / 300 ... accepted 86. Emin=-17.17733138, Emax=47.72080205
realization 87 / 300 ... accepted 87. Emin=-10.33949608, Emax=68.04732818
realization 88 / 300 ... accepted 88. Emin=-14.57222860, Emax=54.96096966
realization 89 / 300 ... accepted 89. Emin=-6.62053796, Emax=74.41536015
realization 90 / 300 ... accepted 90. Emin=8.54046761, Emax=73.55887714
realization 91 / 300 ... accepted 91. Emin=-5.31905136, Emax=61.31798718
realization 92 / 300 ... accepted 92. Emin=-19.44975045, Emax=55.62450670
realization 93 / 300 ... accepted 93. Emin=13.25725857, Emax=78.53288562
realization 94 / 300 ... accepted 94. Emin=-9.59086078, Emax=67.84054188
realization 95 / 300 ... accepted 95. Emin=-5.18218262, Emax=71.06678162
realization 96 / 300 ... accepted 96. Emin=-5.17574159, Emax=61.23407421
realization 97 / 300 ... accepted 97. Emin=12.78903139, Emax=85.32925694
realization 98 / 300 ... accepted 98. Emin=-0.96570689, Emax=73.23890997
realization 99 / 300 ... accepted 99. Emin=-18.94938270, Emax=42.71344553
realization 100 / 300 ... accepted 100. Emin=0.45149533, Emax=64.16933453
realization 101 / 300 ... accepted 101. Emin=-1.47522178, Emax=70.53347145
realization 102 / 300 ... accepted 102. Emin=1.70518767, Emax=83.43214532
realization 103 / 300 ... accepted 103. Emin=-7.54753487, Emax=70.93894285
realization 104 / 300 ... accepted 104. Emin=2.27498331, Emax=71.71286165
realization 105 / 300 ... accepted 105. Emin=-8.60529815, Emax=63.77095875
realization 106 / 300 ... accepted 106. Emin=18.15155511, Emax=88.33749046
realization 107 / 300 ... accepted 107. Emin=19.50764158, Emax=79.11917217
realization 108 / 300 ... accepted 108. Emin=9.44941547, Emax=72.73551873
realization 109 / 300 ... accepted 109. Emin=3.19857437, Emax=66.91564022
realization 110 / 300 ... accepted 110. Emin=3.52574493, Emax=68.94321680
realization 111 / 300 ... accepted 111. Emin=18.86164331, Emax=91.67637984
realization 112 / 300 ... accepted 112. Emin=-0.99963857, Emax=77.69076331
realization 113 / 300 ... accepted 113. Emin=5.79600882, Emax=71.05080206
realization 114 / 300 ... accepted 114. Emin=11.09257143, Emax=85.13307943
realization 115 / 300 ... accepted 115. Emin=-16.89648334, Emax=57.94217046
realization 116 / 300 ... accepted 116. Emin=4.45876325, Emax=76.04846592
realization 117 / 300 ... accepted 117. Emin=5.86085880, Emax=86.85858896
realization 118 / 300 ... accepted 118. Emin=-22.17937386, Emax=46.30202096
realization 119 / 300 ... accepted 119. Emin=8.71477448, Emax=79.97495812
realization 120 / 300 ... accepted 120. Emin=2.80449840, Emax=78.31368992
realization 121 / 300 ... accepted 121. Emin=6.80151523, Emax=73.66996955
realization 122 / 300 ... accepted 122. Emin=-4.06329614, Emax=73.43272031
realization 123 / 300 ... accepted 123. Emin=0.26651110, Emax=64.06912268
realization 124 / 300 ... accepted 124. Emin=-10.15140652, Emax=60.75410262
realization 125 / 300 ... accepted 125. Emin=9.08536094, Emax=74.68138690
realization 126 / 300 ... accepted 126. Emin=14.18799981, Emax=88.46077305
realization 127 / 300 ... accepted 127. Emin=1.64374009, Emax=77.01517270
realization 128 / 300 ... accepted 128. Emin=18.42583551, Emax=83.67066384
realization 129 / 300 ... accepted 129. Emin=-2.25252140, Emax=75.71966323
realization 130 / 300 ... accepted 130. Emin=13.87491903, Emax=92.37893528
realization 131 / 300 ... accepted 131. Emin=-15.05378679, Emax=62.15274210
realization 132 / 300 ... accepted 132. Emin=32.12735797, Emax=92.25460012
realization 133 / 300 ... accepted 133. Emin=-12.22691313, Emax=72.74894568
realization 134 / 300 ... accepted 134. Emin=7.09460522, Emax=76.83931788
realization 135 / 300 ... accepted 135. Emin=8.45093984, Emax=80.28969550
realization 136 / 300 ... accepted 136. Emin=3.74515950, Emax=70.39371238
realization 137 / 300 ... accepted 137. Emin=-7.90282897, Emax=62.40679827
realization 138 / 300 ... accepted 138. Emin=7.26554643, Emax=85.34818931
realization 139 / 300 ... accepted 139. Emin=-9.69479117, Emax=61.75197800
realization 140 / 300 ... accepted 140. Emin=-7.87967609, Emax=64.84059746
realization 141 / 300 ... accepted 141. Emin=-5.90199718, Emax=66.07930837
realization 142 / 300 ... accepted 142. Emin=-10.72010708, Emax=65.45330354
realization 143 / 300 ... accepted 143. Emin=-16.69110534, Emax=60.39194423
realization 144 / 300 ... accepted 144. Emin=-9.92898206, Emax=64.96471880
realization 145 / 300 ... accepted 145. Emin=7.45315287, Emax=83.48549353
realization 146 / 300 ... accepted 146. Emin=-15.83364653, Emax=49.75675067
realization 147 / 300 ... accepted 147. Emin=-8.98447973, Emax=54.28948847
realization 148 / 300 ... accepted 148. Emin=-20.01096875, Emax=50.92165017
realization 149 / 300 ... accepted 149. Emin=-10.60393905, Emax=69.32168112
realization 150 / 300 ... accepted 150. Emin=6.82541522, Emax=80.03851130
realization 151 / 300 ... accepted 151. Emin=-25.20146266, Emax=33.20452956
realization 152 / 300 ... accepted 152. Emin=-9.13646422, Emax=56.05122732
realization 153 / 300 ... accepted 153. Emin=-3.83580529, Emax=72.25638066
realization 154 / 300 ... accepted 154. Emin=13.65992777, Emax=88.21483363
realization 155 / 300 ... accepted 155. Emin=-3.71609753, Emax=73.86925889
realization 156 / 300 ... accepted 156. Emin=-12.97654305, Emax=50.70245941
realization 157 / 300 ... accepted 157. Emin=-7.21781416, Emax=59.39065179
realization 158 / 300 ... accepted 158. Emin=-2.91904729, Emax=68.08253678
realization 159 / 300 ... accepted 159. Emin=-21.98165611, Emax=50.80053026
realization 160 / 300 ... accepted 160. Emin=-10.85374438, Emax=59.44787621
realization 161 / 300 ... accepted 161. Emin=16.19927256, Emax=82.88352423
realization 162 / 300 ... accepted 162. Emin=22.53249491, Emax=92.32710310
realization 163 / 300 ... accepted 163. Emin=6.85762529, Emax=70.32143888
realization 164 / 300 ... accepted 164. Emin=1.91337036, Emax=64.06958307
realization 165 / 300 ... accepted 165. Emin=-10.23722224, Emax=57.38029463
realization 166 / 300 ... accepted 166. Emin=-12.52447188, Emax=68.40310133
realization 167 / 300 ... accepted 167. Emin=-16.29648653, Emax=62.30143751
realization 168 / 300 ... accepted 168. Emin=-19.23340306, Emax=50.74032602
realization 169 / 300 ... accepted 169. Emin=-13.26391656, Emax=53.39788648
realization 170 / 300 ... accepted 170. Emin=-14.15006289, Emax=51.64646747
realization 171 / 300 ... accepted 171. Emin=9.12202923, Emax=80.05930144
realization 172 / 300 ... accepted 172. Emin=-16.43528319, Emax=61.00831431
realization 173 / 300 ... accepted 173. Emin=11.79548503, Emax=76.27036031
realization 174 / 300 ... accepted 174. Emin=3.47021050, Emax=74.78355624
realization 175 / 300 ... accepted 175. Emin=-4.22905138, Emax=67.94409760
realization 176 / 300 ... accepted 176. Emin=18.09715367, Emax=83.40186642
realization 177 / 300 ... accepted 177. Emin=6.71583625, Emax=63.36129674
realization 178 / 300 ... accepted 178. Emin=1.27842056, Emax=78.79598093
realization 179 / 300 ... accepted 179. Emin=6.29660072, Emax=84.72657024
realization 180 / 300 ... accepted 180. Emin=15.43419394, Emax=71.62678963
realization 181 / 300 ... accepted 181. Emin=-12.93438784, Emax=51.87076046
realization 182 / 300 ... accepted 182. Emin=28.50616148, Emax=85.35646371
realization 183 / 300 ... accepted 183. Emin=-3.11328824, Emax=78.45016904
realization 184 / 300 ... accepted 184. Emin=-9.18775994, Emax=61.93676832
realization 185 / 300 ... accepted 185. Emin=-13.29586408, Emax=65.22616868
realization 186 / 300 ... accepted 186. Emin=0.59025411, Emax=65.78629603
realization 187 / 300 ... accepted 187. Emin=-9.74651867, Emax=59.73182828
realization 188 / 300 ... accepted 188. Emin=3.08579278, Emax=84.97739189
realization 189 / 300 ... accepted 189. Emin=7.77587857, Emax=70.05749897
realization 190 / 300 ... accepted 190. Emin=-7.36575735, Emax=64.90956297
realization 191 / 300 ... accepted 191. Emin=-9.13633311, Emax=54.60689895
realization 192 / 300 ... accepted 192. Emin=-17.53289027, Emax=45.80969143
realization 193 / 300 ... accepted 193. Emin=-14.10908692, Emax=56.93605126
realization 194 / 300 ... accepted 194. Emin=-13.32625526, Emax=53.51612406
realization 195 / 300 ... accepted 195. Emin=-14.84176802, Emax=52.83228120
realization 196 / 300 ... accepted 196. Emin=-11.19064931, Emax=62.73873366
realization 197 / 300 ... accepted 197. Emin=0.59801348, Emax=75.73087473
realization 198 / 300 ... accepted 198. Emin=-7.80193632, Emax=65.04742670
realization 199 / 300 ... accepted 199. Emin=4.97524017, Emax=75.48866353
realization 200 / 300 ... accepted 200. Emin=-2.73892070, Emax=63.04721771
realization 201 / 300 ... accepted 201. Emin=-3.72976885, Emax=75.08030413
realization 202 / 300 ... accepted 202. Emin=-19.25478562, Emax=48.42337859
realization 203 / 300 ... accepted 203. Emin=5.78882103, Emax=79.26861360
realization 204 / 300 ... accepted 204. Emin=-4.08767633, Emax=68.78457330
realization 205 / 300 ... accepted 205. Emin=-4.47905356, Emax=73.15713170
realization 206 / 300 ... accepted 206. Emin=-14.67294895, Emax=56.51292819
realization 207 / 300 ... accepted 207. Emin=-11.71960494, Emax=65.23785708
realization 208 / 300 ... accepted 208. Emin=16.10840627, Emax=87.80212483
realization 209 / 300 ... accepted 209. Emin=4.96920518, Emax=74.03372210
realization 210 / 300 ... accepted 210. Emin=-2.50525879, Emax=83.60797797
realization 211 / 300 ... accepted 211. Emin=-9.63898935, Emax=66.27902710
realization 212 / 300 ... accepted 212. Emin=-1.85054783, Emax=72.82202006
realization 213 / 300 ... accepted 213. Emin=-10.45228601, Emax=62.69668739
realization 214 / 300 ... accepted 214. Emin=-15.47631823, Emax=53.03680891
realization 215 / 300 ... accepted 215. Emin=13.96786769, Emax=82.86941885
realization 216 / 300 ... accepted 216. Emin=8.57180530, Emax=82.06648095
realization 217 / 300 ... accepted 217. Emin=-0.60360983, Emax=62.18651305
realization 218 / 300 ... accepted 218. Emin=10.18022748, Emax=83.75595075
realization 219 / 300 ... accepted 219. Emin=9.06642244, Emax=76.52259093
realization 220 / 300 ... accepted 220. Emin=2.54657769, Emax=72.15918880
realization 221 / 300 ... accepted 221. Emin=-13.80193357, Emax=56.57218392
realization 222 / 300 ... accepted 222. Emin=-20.66940701, Emax=50.17366527
realization 223 / 300 ... accepted 223. Emin=-2.26392607, Emax=58.00033751
realization 224 / 300 ... accepted 224. Emin=-0.11124562, Emax=77.34714699
realization 225 / 300 ... accepted 225. Emin=-0.01294872, Emax=70.23337735
realization 226 / 300 ... accepted 226. Emin=-8.25832291, Emax=83.18908218
realization 227 / 300 ... accepted 227. Emin=11.78120125, Emax=86.14771598
realization 228 / 300 ... accepted 228. Emin=3.74043766, Emax=69.03179044
realization 229 / 300 ... accepted 229. Emin=-3.48539963, Emax=68.43989573
realization 230 / 300 ... accepted 230. Emin=24.71051804, Emax=83.56792113
realization 231 / 300 ... accepted 231. Emin=-8.16388530, Emax=53.78946017
realization 232 / 300 ... accepted 232. Emin=17.38628220, Emax=84.61033414
realization 233 / 300 ... accepted 233. Emin=-12.71914165, Emax=49.71552365
realization 234 / 300 ... accepted 234. Emin=3.10683252, Emax=88.97252241
realization 235 / 300 ... accepted 235. Emin=8.66691875, Emax=77.90996886
realization 236 / 300 ... accepted 236. Emin=-14.04121371, Emax=46.37486661
realization 237 / 300 ... accepted 237. Emin=-3.53193146, Emax=72.14424640
realization 238 / 300 ... accepted 238. Emin=9.43993328, Emax=82.24858342
realization 239 / 300 ... accepted 239. Emin=10.78195123, Emax=79.99998219
realization 240 / 300 ... accepted 240. Emin=-0.11860710, Emax=81.74499778
realization 241 / 300 ... accepted 241. Emin=6.96946525, Emax=77.73671492
realization 242 / 300 ... accepted 242. Emin=-9.17938408, Emax=66.24682148
realization 243 / 300 ... accepted 243. Emin=-5.70049811, Emax=75.06713338
realization 244 / 300 ... accepted 244. Emin=-0.87832273, Emax=68.62511630
realization 245 / 300 ... accepted 245. Emin=-28.68457064, Emax=33.50038265
realization 246 / 300 ... accepted 246. Emin=-3.90374072, Emax=80.27969963
realization 247 / 300 ... accepted 247. Emin=10.21858611, Emax=77.03268182
realization 248 / 300 ... accepted 248. Emin=10.31649456, Emax=87.43651846
realization 249 / 300 ... accepted 249. Emin=5.03219657, Emax=73.44624754
realization 250 / 300 ... accepted 250. Emin=-24.20336305, Emax=39.74628409
realization 251 / 300 ... accepted 251. Emin=9.51188008, Emax=74.65166022
realization 252 / 300 ... accepted 252. Emin=0.27745076, Emax=79.61331924
realization 253 / 300 ... accepted 253. Emin=-4.64835744, Emax=65.57139748
realization 254 / 300 ... accepted 254. Emin=-13.53449389, Emax=55.97854035
realization 255 / 300 ... accepted 255. Emin=-1.25111056, Emax=73.62988336
realization 256 / 300 ... accepted 256. Emin=7.72013348, Emax=80.13001753
realization 257 / 300 ... accepted 257. Emin=7.69651314, Emax=87.53620214
realization 258 / 300 ... accepted 258. Emin=-0.06247940, Emax=68.06841696
realization 259 / 300 ... accepted 259. Emin=-19.30643035, Emax=50.72945467
realization 260 / 300 ... accepted 260. Emin=16.29929961, Emax=90.68433121
realization 261 / 300 ... accepted 261. Emin=7.97151273, Emax=83.95776753
realization 262 / 300 ... accepted 262. Emin=1.42031413, Emax=73.52314199
realization 263 / 300 ... accepted 263. Emin=-1.80458731, Emax=69.77512440
realization 264 / 300 ... accepted 264. Emin=-4.93806999, Emax=66.32289749
realization 265 / 300 ... accepted 265. Emin=-0.58377467, Emax=88.65959250
realization 266 / 300 ... accepted 266. Emin=1.81646123, Emax=65.77283615
realization 267 / 300 ... accepted 267. Emin=3.43038039, Emax=77.34871552
realization 268 / 300 ... accepted 268. Emin=-1.82216256, Emax=69.66177164
realization 269 / 300 ... accepted 269. Emin=-0.98667385, Emax=62.81986673
realization 270 / 300 ... accepted 270. Emin=-7.34383739, Emax=67.42910484
realization 271 / 300 ... accepted 271. Emin=-23.47273431, Emax=40.05708208
realization 272 / 300 ... accepted 272. Emin=-15.37902781, Emax=52.08330821
realization 273 / 300 ... accepted 273. Emin=-5.04455952, Emax=64.50968383
realization 274 / 300 ... accepted 274. Emin=15.38216248, Emax=82.07529039
realization 275 / 300 ... accepted 275. Emin=-10.33859838, Emax=51.65585399
realization 276 / 300 ... accepted 276. Emin=11.67074256, Emax=81.75196537
realization 277 / 300 ... accepted 277. Emin=12.53851037, Emax=76.34163129
realization 278 / 300 ... accepted 278. Emin=16.56551264, Emax=81.70467108
realization 279 / 300 ... accepted 279. Emin=14.72467609, Emax=88.58165128
realization 280 / 300 ... accepted 280. Emin=-17.00099917, Emax=49.47432747
realization 281 / 300 ... accepted 281. Emin=7.17299573, Emax=74.64680239
realization 282 / 300 ... accepted 282. Emin=-5.70190733, Emax=72.22480386
realization 283 / 300 ... accepted 283. Emin=2.54316191, Emax=86.34529160
realization 284 / 300 ... accepted 284. Emin=10.61905225, Emax=78.07592470
realization 285 / 300 ... accepted 285. Emin=6.65626459, Emax=81.13229329
realization 286 / 300 ... accepted 286. Emin=0.60423154, Emax=72.47707227
realization 287 / 300 ... accepted 287. Emin=-0.04151337, Emax=64.93977581
realization 288 / 300 ... accepted 288. Emin=18.92110911, Emax=81.95739963
realization 289 / 300 ... accepted 289. Emin=-4.93822090, Emax=63.68791089
realization 290 / 300 ... accepted 290. Emin=-13.76467475, Emax=61.92429349
realization 291 / 300 ... accepted 291. Emin=-4.19329448, Emax=70.88823712
realization 292 / 300 ... accepted 292. Emin=-16.95899733, Emax=44.85461445
realization 293 / 300 ... accepted 293. Emin=19.03494836, Emax=86.61102084
realization 294 / 300 ... accepted 294. Emin=14.68863379, Emax=91.86789167
realization 295 / 300 ... accepted 295. Emin=7.81629698, Emax=85.28163632
realization 296 / 300 ... accepted 296. Emin=5.81593857, Emax=77.62975841
realization 297 / 300 ... accepted 297. Emin=-5.56950022, Emax=63.79913116
realization 298 / 300 ... accepted 298. Emin=-7.70506830, Emax=63.12800849
realization 299 / 300 ... accepted 299. Emin=9.40560940, Emax=79.15280946
realization 300 / 300 ... accepted 300. Emin=-0.83441572, Emax=77.23102438
Saved final energies: /home/2/kj405942/POLFED_bosons/pbs_bose_legacy_nmax2_periodic/data/U_8/W_8/L_6/N_6_nmax_2/boundary_periodic/energies_full_U8_L6_N6_nmax2_W8_boundaryperiodic_nreal300.txt
Accepted realizations: 300 / 300
Skipped realizations: 0
Job finished at Sun May 31 17:11:29 UTC 2026
