Job started on w30 at Sun May 31 17:10:27 UTC 2026
PBS_JOBID=7731401.kruk-host.ift-klaster.lan
PBS_O_WORKDIR=/home/2/kj405942/POLFED_bosons
Bose-Hubbard: L=6, N=6, nmax=2, dim=141
t=1, U=8, W=2, nreal=300, boundary=periodic, mode=full
Writing partial results to /home/2/kj405942/POLFED_bosons/pbs_bose_legacy_nmax2_periodic/data/U_8/W_2/L_6/N_6_nmax_2/boundary_periodic/energies_full_U8_L6_N6_nmax2_W2_boundaryperiodic_nreal300_partial.txt
realization 1 / 300 ... accepted 1. Emin=-0.69603005, Emax=54.67994955
realization 2 / 300 ... accepted 2. Emin=0.99577036, Emax=54.25847007
realization 3 / 300 ... accepted 3. Emin=-1.56351150, Emax=54.50363068
realization 4 / 300 ... accepted 4. Emin=-0.29503630, Emax=53.59176487
realization 5 / 300 ... accepted 5. Emin=-4.25969208, Emax=50.93834920
realization 6 / 300 ... accepted 6. Emin=-3.95377772, Emax=52.54136919
realization 7 / 300 ... accepted 7. Emin=2.76861315, Emax=58.32459759
realization 8 / 300 ... accepted 8. Emin=2.94086466, Emax=57.49194121
realization 9 / 300 ... accepted 9. Emin=-3.15502663, Emax=52.66519932
realization 10 / 300 ... accepted 10. Emin=-2.11347822, Emax=55.13158305
realization 11 / 300 ... accepted 11. Emin=-2.69582314, Emax=54.16603077
realization 12 / 300 ... accepted 12. Emin=-5.08715997, Emax=49.15434870
realization 13 / 300 ... accepted 13. Emin=-6.22002853, Emax=48.39359536
realization 14 / 300 ... accepted 14. Emin=2.66495324, Emax=56.21779210
realization 15 / 300 ... accepted 15. Emin=1.11483721, Emax=54.46930407
realization 16 / 300 ... accepted 16. Emin=-2.38770296, Emax=54.49271710
realization 17 / 300 ... accepted 17. Emin=-2.88775564, Emax=54.11728780
realization 18 / 300 ... accepted 18. Emin=-5.63728929, Emax=49.51007946
realization 19 / 300 ... accepted 19. Emin=-2.48013405, Emax=52.80445173
realization 20 / 300 ... accepted 20. Emin=-6.25284876, Emax=49.67087846
realization 21 / 300 ... accepted 21. Emin=-2.78364484, Emax=54.55788565
realization 22 / 300 ... accepted 22. Emin=-2.51815887, Emax=51.86710014
realization 23 / 300 ... accepted 23. Emin=-1.51079459, Emax=54.11505484
realization 24 / 300 ... accepted 24. Emin=-0.88070261, Emax=55.22248687
realization 25 / 300 ... accepted 25. Emin=2.21206299, Emax=56.88901906
realization 26 / 300 ... accepted 26. Emin=1.25227148, Emax=57.08240426
realization 27 / 300 ... accepted 27. Emin=-0.77323014, Emax=55.56532047
realization 28 / 300 ... accepted 28. Emin=-1.81042041, Emax=51.33784025
realization 29 / 300 ... accepted 29. Emin=1.15099677, Emax=55.06335450
realization 30 / 300 ... accepted 30. Emin=-2.11983394, Emax=53.72734778
realization 31 / 300 ... accepted 31. Emin=-2.86454366, Emax=52.52570859
realization 32 / 300 ... accepted 32. Emin=1.63795649, Emax=57.78845146
realization 33 / 300 ... accepted 33. Emin=-5.27766197, Emax=49.06145841
realization 34 / 300 ... accepted 34. Emin=2.35612920, Emax=56.24771930
realization 35 / 300 ... accepted 35. Emin=0.99853959, Emax=55.38688520
realization 36 / 300 ... accepted 36. Emin=-0.43795493, Emax=53.13721429
realization 37 / 300 ... accepted 37. Emin=-1.69757971, Emax=53.27096406
realization 38 / 300 ... accepted 38. Emin=-3.15101582, Emax=53.68090881
realization 39 / 300 ... accepted 39. Emin=-1.44614116, Emax=54.31305002
realization 40 / 300 ... accepted 40. Emin=-3.37410940, Emax=50.89560642
realization 41 / 300 ... accepted 41. Emin=-1.19924521, Emax=53.26796135
realization 42 / 300 ... accepted 42. Emin=-2.33553801, Emax=55.71085203
realization 43 / 300 ... accepted 43. Emin=-4.63372288, Emax=48.50624953
realization 44 / 300 ... accepted 44. Emin=2.59813111, Emax=57.40816119
realization 45 / 300 ... accepted 45. Emin=0.59566309, Emax=56.66794909
realization 46 / 300 ... accepted 46. Emin=-1.27323939, Emax=55.10550894
realization 47 / 300 ... accepted 47. Emin=-1.85331309, Emax=52.19403237
realization 48 / 300 ... accepted 48. Emin=-0.69210418, Emax=54.45850463
realization 49 / 300 ... accepted 49. Emin=-6.73141352, Emax=45.57495630
realization 50 / 300 ... accepted 50. Emin=2.40581949, Emax=57.27250282
realization 51 / 300 ... accepted 51. Emin=-5.04146775, Emax=52.14287254
realization 52 / 300 ... accepted 52. Emin=2.84344241, Emax=56.26144616
realization 53 / 300 ... accepted 53. Emin=-1.70479462, Emax=52.65756991
realization 54 / 300 ... accepted 54. Emin=0.12993372, Emax=54.35598987
realization 55 / 300 ... accepted 55. Emin=-5.25881830, Emax=49.32367040
realization 56 / 300 ... accepted 56. Emin=-2.42361491, Emax=53.34446628
realization 57 / 300 ... accepted 57. Emin=-3.46739329, Emax=52.68448374
realization 58 / 300 ... accepted 58. Emin=-0.87798437, Emax=55.15968866
realization 59 / 300 ... accepted 59. Emin=-5.23014638, Emax=50.68381253
realization 60 / 300 ... accepted 60. Emin=-3.65425986, Emax=50.69899885
realization 61 / 300 ... accepted 61. Emin=3.79833738, Emax=58.28860165
realization 62 / 300 ... accepted 62. Emin=0.71399808, Emax=59.91626982
realization 63 / 300 ... accepted 63. Emin=-0.88352509, Emax=58.32013018
realization 64 / 300 ... accepted 64. Emin=-0.88560197, Emax=53.11270564
realization 65 / 300 ... accepted 65. Emin=-8.19741617, Emax=45.54316229
realization 66 / 300 ... accepted 66. Emin=-2.89143209, Emax=51.55085449
realization 67 / 300 ... accepted 67. Emin=4.01118972, Emax=58.68970522
realization 68 / 300 ... accepted 68. Emin=-0.88465958, Emax=52.33346236
realization 69 / 300 ... accepted 69. Emin=-1.34942108, Emax=54.38934747
realization 70 / 300 ... accepted 70. Emin=3.76705371, Emax=59.06728489
realization 71 / 300 ... accepted 71. Emin=-2.52147501, Emax=52.45961182
realization 72 / 300 ... accepted 72. Emin=1.15022980, Emax=55.62144075
realization 73 / 300 ... accepted 73. Emin=4.27676294, Emax=58.30073002
realization 74 / 300 ... accepted 74. Emin=-1.54603446, Emax=53.94048507
realization 75 / 300 ... accepted 75. Emin=1.37340801, Emax=55.45967705
realization 76 / 300 ... accepted 76. Emin=-3.95460737, Emax=48.26791257
realization 77 / 300 ... accepted 77. Emin=-1.82972101, Emax=53.75900531
realization 78 / 300 ... accepted 78. Emin=2.05683586, Emax=58.45775213
realization 79 / 300 ... accepted 79. Emin=0.86017318, Emax=56.20775204
realization 80 / 300 ... accepted 80. Emin=1.28290205, Emax=55.06127547
realization 81 / 300 ... accepted 81. Emin=-3.14038149, Emax=51.32683640
realization 82 / 300 ... accepted 82. Emin=-0.32149708, Emax=52.51752625
realization 83 / 300 ... accepted 83. Emin=-3.51243493, Emax=54.33914011
realization 84 / 300 ... accepted 84. Emin=3.33802553, Emax=55.82101778
realization 85 / 300 ... accepted 85. Emin=-1.26325645, Emax=55.18352012
realization 86 / 300 ... accepted 86. Emin=-5.40251196, Emax=50.91092595
realization 87 / 300 ... accepted 87. Emin=1.64128037, Emax=55.90488316
realization 88 / 300 ... accepted 88. Emin=2.04424662, Emax=55.96609099
realization 89 / 300 ... accepted 89. Emin=1.13239112, Emax=56.34765705
realization 90 / 300 ... accepted 90. Emin=-2.59793922, Emax=52.55271807
realization 91 / 300 ... accepted 91. Emin=-4.56706714, Emax=49.12631116
realization 92 / 300 ... accepted 92. Emin=2.07772643, Emax=55.31501249
realization 93 / 300 ... accepted 93. Emin=-2.86300629, Emax=51.28713603
realization 94 / 300 ... accepted 94. Emin=-3.76396423, Emax=53.41640744
realization 95 / 300 ... accepted 95. Emin=-0.84386448, Emax=53.81794380
realization 96 / 300 ... accepted 96. Emin=0.24381603, Emax=55.50517740
realization 97 / 300 ... accepted 97. Emin=-2.30044262, Emax=54.44674941
realization 98 / 300 ... accepted 98. Emin=-2.43979462, Emax=52.38716503
realization 99 / 300 ... accepted 99. Emin=-5.07865180, Emax=49.10560478
realization 100 / 300 ... accepted 100. Emin=-2.90397024, Emax=54.94498008
realization 101 / 300 ... accepted 101. Emin=-3.15327569, Emax=53.40889777
realization 102 / 300 ... accepted 102. Emin=0.06808852, Emax=56.69517073
realization 103 / 300 ... accepted 103. Emin=-0.79382292, Emax=54.54452945
realization 104 / 300 ... accepted 104. Emin=0.09296948, Emax=56.63115661
realization 105 / 300 ... accepted 105. Emin=-4.04817631, Emax=50.33888774
realization 106 / 300 ... accepted 106. Emin=-1.45481434, Emax=54.57366977
realization 107 / 300 ... accepted 107. Emin=7.77159436, Emax=59.23999268
realization 108 / 300 ... accepted 108. Emin=1.91217070, Emax=55.78877508
realization 109 / 300 ... accepted 109. Emin=-5.04149941, Emax=48.44885245
realization 110 / 300 ... accepted 110. Emin=0.49537341, Emax=57.43230270
realization 111 / 300 ... accepted 111. Emin=-6.84639771, Emax=47.74523358
realization 112 / 300 ... accepted 112. Emin=-2.04124439, Emax=53.46984321
realization 113 / 300 ... accepted 113. Emin=0.28951554, Emax=54.98587747
realization 114 / 300 ... accepted 114. Emin=-2.63676220, Emax=54.55503644
realization 115 / 300 ... accepted 115. Emin=-0.42550852, Emax=51.86208735
realization 116 / 300 ... accepted 116. Emin=-0.11878596, Emax=53.16075423
realization 117 / 300 ... accepted 117. Emin=2.92533962, Emax=58.07980263
realization 118 / 300 ... accepted 118. Emin=-1.65827142, Emax=53.54900956
realization 119 / 300 ... accepted 119. Emin=-4.89480533, Emax=51.30837825
realization 120 / 300 ... accepted 120. Emin=-1.58098969, Emax=57.07228350
realization 121 / 300 ... accepted 121. Emin=-4.49540289, Emax=50.45903269
realization 122 / 300 ... accepted 122. Emin=-5.57344005, Emax=47.92260976
realization 123 / 300 ... accepted 123. Emin=-4.40477850, Emax=49.95391923
realization 124 / 300 ... accepted 124. Emin=-3.96925049, Emax=50.83159171
realization 125 / 300 ... accepted 125. Emin=1.49659289, Emax=56.65878844
realization 126 / 300 ... accepted 126. Emin=-0.43718681, Emax=56.06934328
realization 127 / 300 ... accepted 127. Emin=-2.37048498, Emax=53.66904558
realization 128 / 300 ... accepted 128. Emin=-1.17309984, Emax=55.09266514
realization 129 / 300 ... accepted 129. Emin=-3.11625316, Emax=52.94629425
realization 130 / 300 ... accepted 130. Emin=3.36030968, Emax=56.32627477
realization 131 / 300 ... accepted 131. Emin=1.39507191, Emax=59.11107740
realization 132 / 300 ... accepted 132. Emin=-3.80580067, Emax=51.13856021
realization 133 / 300 ... accepted 133. Emin=0.10691526, Emax=55.53048695
realization 134 / 300 ... accepted 134. Emin=-2.13011098, Emax=52.34313867
realization 135 / 300 ... accepted 135. Emin=-2.09796965, Emax=53.68272469
realization 136 / 300 ... accepted 136. Emin=2.24234938, Emax=56.73632277
realization 137 / 300 ... accepted 137. Emin=0.24519026, Emax=55.25964310
realization 138 / 300 ... accepted 138. Emin=-2.28838672, Emax=52.87344613
realization 139 / 300 ... accepted 139. Emin=-4.36484980, Emax=52.89281535
realization 140 / 300 ... accepted 140. Emin=1.62930335, Emax=56.99620903
realization 141 / 300 ... accepted 141. Emin=-0.26921471, Emax=56.88977690
realization 142 / 300 ... accepted 142. Emin=-7.53628185, Emax=46.06584042
realization 143 / 300 ... accepted 143. Emin=-4.06979622, Emax=51.19903769
realization 144 / 300 ... accepted 144. Emin=1.61802335, Emax=57.18153053
realization 145 / 300 ... accepted 145. Emin=-0.71700980, Emax=53.25200016
realization 146 / 300 ... accepted 146. Emin=-6.89047109, Emax=46.34557342
realization 147 / 300 ... accepted 147. Emin=-4.20183436, Emax=50.93355380
realization 148 / 300 ... accepted 148. Emin=-0.72372998, Emax=53.72858589
realization 149 / 300 ... accepted 149. Emin=1.46170301, Emax=56.10137602
realization 150 / 300 ... accepted 150. Emin=-0.54033257, Emax=55.03415533
realization 151 / 300 ... accepted 151. Emin=-2.30535709, Emax=54.01443027
realization 152 / 300 ... accepted 152. Emin=-7.40702956, Emax=45.96818678
realization 153 / 300 ... accepted 153. Emin=-5.13723619, Emax=48.72379123
realization 154 / 300 ... accepted 154. Emin=-1.82387697, Emax=53.73073964
realization 155 / 300 ... accepted 155. Emin=-6.27246779, Emax=49.20909091
realization 156 / 300 ... accepted 156. Emin=-3.39756765, Emax=51.76359410
realization 157 / 300 ... accepted 157. Emin=-1.84808327, Emax=51.23755323
realization 158 / 300 ... accepted 158. Emin=-0.42757766, Emax=54.17878527
realization 159 / 300 ... accepted 159. Emin=-3.37883194, Emax=50.38746450
realization 160 / 300 ... accepted 160. Emin=-3.70337171, Emax=51.91018728
realization 161 / 300 ... accepted 161. Emin=2.11029865, Emax=57.60532503
realization 162 / 300 ... accepted 162. Emin=-1.83675419, Emax=51.67042939
realization 163 / 300 ... accepted 163. Emin=-0.14138089, Emax=58.72896586
realization 164 / 300 ... accepted 164. Emin=-2.00914112, Emax=53.22760525
realization 165 / 300 ... accepted 165. Emin=4.85888496, Emax=57.57720405
realization 166 / 300 ... accepted 166. Emin=-0.88170395, Emax=52.81696544
realization 167 / 300 ... accepted 167. Emin=2.63920215, Emax=58.90283862
realization 168 / 300 ... accepted 168. Emin=-4.85796176, Emax=49.68975480
realization 169 / 300 ... accepted 169. Emin=-0.27422067, Emax=55.30063347
realization 170 / 300 ... accepted 170. Emin=-3.29477335, Emax=50.58381606
realization 171 / 300 ... accepted 171. Emin=0.15719120, Emax=53.91846203
realization 172 / 300 ... accepted 172. Emin=-0.01791542, Emax=53.42368659
realization 173 / 300 ... accepted 173. Emin=-0.45332662, Emax=57.10507010
realization 174 / 300 ... accepted 174. Emin=-3.59146240, Emax=51.57164947
realization 175 / 300 ... accepted 175. Emin=3.75483479, Emax=58.73387524
realization 176 / 300 ... accepted 176. Emin=-1.60898203, Emax=56.04340970
realization 177 / 300 ... accepted 177. Emin=-0.88703987, Emax=54.06696521
realization 178 / 300 ... accepted 178. Emin=-3.54953416, Emax=51.56201562
realization 179 / 300 ... accepted 179. Emin=-0.93192159, Emax=52.84251784
realization 180 / 300 ... accepted 180. Emin=-0.43141265, Emax=53.30073672
realization 181 / 300 ... accepted 181. Emin=-2.58925140, Emax=50.39104165
realization 182 / 300 ... accepted 182. Emin=-3.55372278, Emax=53.11490825
realization 183 / 300 ... accepted 183. Emin=-1.53735419, Emax=55.85069077
realization 184 / 300 ... accepted 184. Emin=-3.81580652, Emax=53.03450572
realization 185 / 300 ... accepted 185. Emin=1.22070293, Emax=58.09328314
realization 186 / 300 ... accepted 186. Emin=-3.63697436, Emax=50.94766319
realization 187 / 300 ... accepted 187. Emin=-3.10287977, Emax=52.99808034
realization 188 / 300 ... accepted 188. Emin=-4.64162338, Emax=50.19904916
realization 189 / 300 ... accepted 189. Emin=-5.86668685, Emax=47.35213595
realization 190 / 300 ... accepted 190. Emin=0.19903749, Emax=53.74727739
realization 191 / 300 ... accepted 191. Emin=-1.63159382, Emax=55.32040428
realization 192 / 300 ... accepted 192. Emin=-4.11572822, Emax=51.50475684
realization 193 / 300 ... accepted 193. Emin=-3.90692795, Emax=52.53150287
realization 194 / 300 ... accepted 194. Emin=-3.59199595, Emax=52.02625738
realization 195 / 300 ... accepted 195. Emin=-0.44819392, Emax=53.71799542
realization 196 / 300 ... accepted 196. Emin=0.62317368, Emax=56.50687178
realization 197 / 300 ... accepted 197. Emin=2.43929800, Emax=56.02029194
realization 198 / 300 ... accepted 198. Emin=-1.39756984, Emax=55.31481471
realization 199 / 300 ... accepted 199. Emin=-1.24974318, Emax=53.70343222
realization 200 / 300 ... accepted 200. Emin=-3.48562580, Emax=50.10994881
realization 201 / 300 ... accepted 201. Emin=-2.42478478, Emax=52.46421672
realization 202 / 300 ... accepted 202. Emin=1.30400169, Emax=57.83604287
realization 203 / 300 ... accepted 203. Emin=-6.65546576, Emax=47.38307396
realization 204 / 300 ... accepted 204. Emin=-2.29933600, Emax=54.17487689
realization 205 / 300 ... accepted 205. Emin=0.54657534, Emax=55.49693828
realization 206 / 300 ... accepted 206. Emin=1.38294282, Emax=57.32169139
realization 207 / 300 ... accepted 207. Emin=-4.76136276, Emax=51.20056883
realization 208 / 300 ... accepted 208. Emin=-2.56391387, Emax=53.10383980
realization 209 / 300 ... accepted 209. Emin=-1.30324566, Emax=55.45565604
realization 210 / 300 ... accepted 210. Emin=-5.45747588, Emax=50.43858667
realization 211 / 300 ... accepted 211. Emin=-3.72396449, Emax=51.59393752
realization 212 / 300 ... accepted 212. Emin=-2.11990680, Emax=54.65167191
realization 213 / 300 ... accepted 213. Emin=-3.90938928, Emax=50.17206383
realization 214 / 300 ... accepted 214. Emin=-2.65341661, Emax=52.48921693
realization 215 / 300 ... accepted 215. Emin=-1.99413859, Emax=55.30558777
realization 216 / 300 ... accepted 216. Emin=-4.21707754, Emax=48.43162144
realization 217 / 300 ... accepted 217. Emin=-2.10263481, Emax=52.43150614
realization 218 / 300 ... accepted 218. Emin=0.49621466, Emax=53.08329784
realization 219 / 300 ... accepted 219. Emin=-3.15302583, Emax=52.61626962
realization 220 / 300 ... accepted 220. Emin=5.13743811, Emax=58.83084497
realization 221 / 300 ... accepted 221. Emin=-0.24004640, Emax=55.25458587
realization 222 / 300 ... accepted 222. Emin=-0.09018211, Emax=57.41247896
realization 223 / 300 ... accepted 223. Emin=-0.13144810, Emax=56.29011234
realization 224 / 300 ... accepted 224. Emin=0.52810210, Emax=55.16640530
realization 225 / 300 ... accepted 225. Emin=1.73695930, Emax=54.21382156
realization 226 / 300 ... accepted 226. Emin=1.83491911, Emax=57.71317681
realization 227 / 300 ... accepted 227. Emin=-2.46301415, Emax=50.43362662
realization 228 / 300 ... accepted 228. Emin=0.17352682, Emax=55.36619871
realization 229 / 300 ... accepted 229. Emin=-0.61470088, Emax=54.33158029
realization 230 / 300 ... accepted 230. Emin=-0.27273129, Emax=56.26931161
realization 231 / 300 ... accepted 231. Emin=2.71464654, Emax=58.12274456
realization 232 / 300 ... accepted 232. Emin=-1.28750178, Emax=55.37664323
realization 233 / 300 ... accepted 233. Emin=-0.25808872, Emax=56.06056626
realization 234 / 300 ... accepted 234. Emin=-2.44483851, Emax=52.79628223
realization 235 / 300 ... accepted 235. Emin=-1.40461045, Emax=53.93973371
realization 236 / 300 ... accepted 236. Emin=-1.74116899, Emax=52.54559891
realization 237 / 300 ... accepted 237. Emin=-3.54599902, Emax=52.20283623
realization 238 / 300 ... accepted 238. Emin=-0.28822124, Emax=53.52117342
realization 239 / 300 ... accepted 239. Emin=0.55658945, Emax=56.30064436
realization 240 / 300 ... accepted 240. Emin=-2.37710317, Emax=51.07895260
realization 241 / 300 ... accepted 241. Emin=-1.77409705, Emax=54.79166127
realization 242 / 300 ... accepted 242. Emin=2.20006873, Emax=58.25060960
realization 243 / 300 ... accepted 243. Emin=-0.35126845, Emax=57.33422726
realization 244 / 300 ... accepted 244. Emin=-0.75233584, Emax=55.68121063
realization 245 / 300 ... accepted 245. Emin=0.40307951, Emax=55.76487365
realization 246 / 300 ... accepted 246. Emin=-0.13919168, Emax=54.51051189
realization 247 / 300 ... accepted 247. Emin=-2.36228339, Emax=53.32864148
realization 248 / 300 ... accepted 248. Emin=0.99582778, Emax=58.92051815
realization 249 / 300 ... accepted 249. Emin=-4.85581807, Emax=48.59230169
realization 250 / 300 ... accepted 250. Emin=-1.64878470, Emax=54.43687665
realization 251 / 300 ... accepted 251. Emin=-3.09746208, Emax=49.93781269
realization 252 / 300 ... accepted 252. Emin=-2.20890020, Emax=53.55943918
realization 253 / 300 ... accepted 253. Emin=3.57162223, Emax=59.39167176
realization 254 / 300 ... accepted 254. Emin=0.75117896, Emax=57.15170817
realization 255 / 300 ... accepted 255. Emin=-1.84062186, Emax=56.67100581
realization 256 / 300 ... accepted 256. Emin=0.14467111, Emax=54.44354335
realization 257 / 300 ... accepted 257. Emin=1.57060041, Emax=57.97867448
realization 258 / 300 ... accepted 258. Emin=-6.46389094, Emax=46.84060293
realization 259 / 300 ... accepted 259. Emin=-5.76525094, Emax=48.18324618
realization 260 / 300 ... accepted 260. Emin=-7.13724472, Emax=44.55108994
realization 261 / 300 ... accepted 261. Emin=-1.58219209, Emax=53.03348168
realization 262 / 300 ... accepted 262. Emin=-5.38345758, Emax=48.11247398
realization 263 / 300 ... accepted 263. Emin=2.04343175, Emax=58.37304258
realization 264 / 300 ... accepted 264. Emin=-0.72055709, Emax=55.41612482
realization 265 / 300 ... accepted 265. Emin=-3.59186572, Emax=51.75734825
realization 266 / 300 ... accepted 266. Emin=-5.94636619, Emax=49.50874189
realization 267 / 300 ... accepted 267. Emin=-3.55134845, Emax=51.67136770
realization 268 / 300 ... accepted 268. Emin=1.79398452, Emax=57.18313856
realization 269 / 300 ... accepted 269. Emin=1.43498541, Emax=56.08655047
realization 270 / 300 ... accepted 270. Emin=0.53027109, Emax=57.32067854
realization 271 / 300 ... accepted 271. Emin=-2.55741209, Emax=52.23336826
realization 272 / 300 ... accepted 272. Emin=-8.64143551, Emax=44.22724720
realization 273 / 300 ... accepted 273. Emin=-0.27313774, Emax=54.62071861
realization 274 / 300 ... accepted 274. Emin=-3.41395041, Emax=49.55209860
realization 275 / 300 ... accepted 275. Emin=-2.67920648, Emax=52.50423775
realization 276 / 300 ... accepted 276. Emin=-4.38397659, Emax=51.70627756
realization 277 / 300 ... accepted 277. Emin=2.38145030, Emax=58.74237020
realization 278 / 300 ... accepted 278. Emin=-5.07905736, Emax=48.94605657
realization 279 / 300 ... accepted 279. Emin=-3.88811356, Emax=49.99970064
realization 280 / 300 ... accepted 280. Emin=2.11519735, Emax=55.76594834
realization 281 / 300 ... accepted 281. Emin=3.51044328, Emax=57.07669125
realization 282 / 300 ... accepted 282. Emin=-6.23966761, Emax=46.61512893
realization 283 / 300 ... accepted 283. Emin=-1.95647540, Emax=54.09150669
realization 284 / 300 ... accepted 284. Emin=-4.19371451, Emax=50.87400944
realization 285 / 300 ... accepted 285. Emin=-0.31810440, Emax=54.17653106
realization 286 / 300 ... accepted 286. Emin=-2.23880175, Emax=53.15797203
realization 287 / 300 ... accepted 287. Emin=-3.51952830, Emax=52.35873107
realization 288 / 300 ... accepted 288. Emin=-2.41937334, Emax=55.40584611
realization 289 / 300 ... accepted 289. Emin=-4.24975933, Emax=51.69077103
realization 290 / 300 ... accepted 290. Emin=-0.33243762, Emax=54.92372084
realization 291 / 300 ... accepted 291. Emin=0.93739096, Emax=57.38016813
realization 292 / 300 ... accepted 292. Emin=-0.43298342, Emax=58.16936217
realization 293 / 300 ... accepted 293. Emin=-2.27065387, Emax=53.86940415
realization 294 / 300 ... accepted 294. Emin=3.20178896, Emax=55.95330485
realization 295 / 300 ... accepted 295. Emin=4.00116971, Emax=57.65127012
realization 296 / 300 ... accepted 296. Emin=-2.05825195, Emax=51.57270596
realization 297 / 300 ... accepted 297. Emin=-2.67985625, Emax=52.92773519
realization 298 / 300 ... accepted 298. Emin=1.71090540, Emax=56.22939386
realization 299 / 300 ... accepted 299. Emin=-0.36362514, Emax=54.84351060
realization 300 / 300 ... accepted 300. Emin=-3.59243416, Emax=50.71771592
Saved final energies: /home/2/kj405942/POLFED_bosons/pbs_bose_legacy_nmax2_periodic/data/U_8/W_2/L_6/N_6_nmax_2/boundary_periodic/energies_full_U8_L6_N6_nmax2_W2_boundaryperiodic_nreal300.txt
Accepted realizations: 300 / 300
Skipped realizations: 0
Job finished at Sun May 31 17:11:24 UTC 2026
