Job started on w30 at Sun May 31 17:10:28 UTC 2026
PBS_JOBID=7731411.kruk-host.ift-klaster.lan
PBS_O_WORKDIR=/home/2/kj405942/POLFED_bosons
Bose-Hubbard: L=6, N=6, nmax=2, dim=141
t=1, U=8, W=12, nreal=300, boundary=periodic, mode=full
Writing partial results to /home/2/kj405942/POLFED_bosons/pbs_bose_legacy_nmax2_periodic/data/U_8/W_12/L_6/N_6_nmax_2/boundary_periodic/energies_full_U8_L6_N6_nmax2_W12_boundaryperiodic_nreal300_partial.txt
realization 1 / 300 ... accepted 1. Emin=7.42472211, Emax=91.71525804
realization 2 / 300 ... accepted 2. Emin=-6.15205429, Emax=76.46718586
realization 3 / 300 ... accepted 3. Emin=-10.61192878, Emax=81.47769361
realization 4 / 300 ... accepted 4. Emin=-12.95868584, Emax=68.19202657
realization 5 / 300 ... accepted 5. Emin=4.95922795, Emax=90.39587745
realization 6 / 300 ... accepted 6. Emin=-9.93176046, Emax=71.09341916
realization 7 / 300 ... accepted 7. Emin=-24.31286516, Emax=53.35540012
realization 8 / 300 ... accepted 8. Emin=0.76342245, Emax=86.40229940
realization 9 / 300 ... accepted 9. Emin=-0.55524535, Emax=71.65030705
realization 10 / 300 ... accepted 10. Emin=-0.37861544, Emax=83.71360085
realization 11 / 300 ... accepted 11. Emin=33.46466439, Emax=113.30047917
realization 12 / 300 ... accepted 12. Emin=10.77010839, Emax=102.88522979
realization 13 / 300 ... accepted 13. Emin=-7.77940213, Emax=80.59514292
realization 14 / 300 ... accepted 14. Emin=8.81851297, Emax=85.86300129
realization 15 / 300 ... accepted 15. Emin=-22.07343999, Emax=38.73265800
realization 16 / 300 ... accepted 16. Emin=0.59419319, Emax=92.18125499
realization 17 / 300 ... accepted 17. Emin=-23.24378241, Emax=79.68100312
realization 18 / 300 ... accepted 18. Emin=6.63462520, Emax=94.31785377
realization 19 / 300 ... accepted 19. Emin=-13.80529082, Emax=84.29600625
realization 20 / 300 ... accepted 20. Emin=-8.00181124, Emax=90.41445841
realization 21 / 300 ... accepted 21. Emin=0.19872498, Emax=83.60383775
realization 22 / 300 ... accepted 22. Emin=-28.13066443, Emax=38.60978809
realization 23 / 300 ... accepted 23. Emin=14.42507254, Emax=100.00726999
realization 24 / 300 ... accepted 24. Emin=-2.63329569, Emax=80.87861085
realization 25 / 300 ... accepted 25. Emin=-22.14299753, Emax=53.60574933
realization 26 / 300 ... accepted 26. Emin=-15.07604084, Emax=75.60366391
realization 27 / 300 ... accepted 27. Emin=-8.48926004, Emax=66.38211867
realization 28 / 300 ... accepted 28. Emin=2.58456884, Emax=87.92598645
realization 29 / 300 ... accepted 29. Emin=-14.13241345, Emax=86.43534927
realization 30 / 300 ... accepted 30. Emin=-27.05101386, Emax=73.83527030
realization 31 / 300 ... accepted 31. Emin=-17.63910761, Emax=73.84303695
realization 32 / 300 ... accepted 32. Emin=-10.29077154, Emax=99.99550332
realization 33 / 300 ... accepted 33. Emin=-17.84608229, Emax=68.15621110
realization 34 / 300 ... accepted 34. Emin=6.40866886, Emax=86.72793510
realization 35 / 300 ... accepted 35. Emin=14.57454411, Emax=99.39908443
realization 36 / 300 ... accepted 36. Emin=-12.30898033, Emax=80.20868990
realization 37 / 300 ... accepted 37. Emin=13.67532616, Emax=101.08703778
realization 38 / 300 ... accepted 38. Emin=-9.86299768, Emax=84.60353406
realization 39 / 300 ... accepted 39. Emin=-19.51122605, Emax=60.73560491
realization 40 / 300 ... accepted 40. Emin=-7.97428827, Emax=78.93806485
realization 41 / 300 ... accepted 41. Emin=-16.83859353, Emax=51.48187457
realization 42 / 300 ... accepted 42. Emin=39.11786032, Emax=112.82319373
realization 43 / 300 ... accepted 43. Emin=-2.84387212, Emax=98.29267181
realization 44 / 300 ... accepted 44. Emin=12.82157448, Emax=106.60386999
realization 45 / 300 ... accepted 45. Emin=-8.18177781, Emax=90.14269017
realization 46 / 300 ... accepted 46. Emin=-23.66862602, Emax=41.76585945
realization 47 / 300 ... accepted 47. Emin=13.73407490, Emax=86.98388804
realization 48 / 300 ... accepted 48. Emin=-48.46094186, Emax=12.61654256
realization 49 / 300 ... accepted 49. Emin=11.40638347, Emax=97.15227517
realization 50 / 300 ... accepted 50. Emin=-8.62539424, Emax=94.42147367
realization 51 / 300 ... accepted 51. Emin=21.79328812, Emax=101.97982920
realization 52 / 300 ... accepted 52. Emin=37.60052195, Emax=105.37145422
realization 53 / 300 ... accepted 53. Emin=14.79228715, Emax=87.99026415
realization 54 / 300 ... accepted 54. Emin=-3.14758694, Emax=80.84728841
realization 55 / 300 ... accepted 55. Emin=-21.47818550, Emax=71.96693220
realization 56 / 300 ... accepted 56. Emin=-8.99635603, Emax=83.29500744
realization 57 / 300 ... accepted 57. Emin=-9.52882495, Emax=91.15991584
realization 58 / 300 ... accepted 58. Emin=-16.79739805, Emax=70.12908807
realization 59 / 300 ... accepted 59. Emin=14.01970203, Emax=100.03270659
realization 60 / 300 ... accepted 60. Emin=43.70529953, Emax=110.05223867
realization 61 / 300 ... accepted 61. Emin=-6.87391398, Emax=71.23065890
realization 62 / 300 ... accepted 62. Emin=-13.36598339, Emax=83.24177450
realization 63 / 300 ... accepted 63. Emin=2.57123198, Emax=72.58146507
realization 64 / 300 ... accepted 64. Emin=12.79516712, Emax=104.76947348
realization 65 / 300 ... accepted 65. Emin=8.51547453, Emax=79.22280650
realization 66 / 300 ... accepted 66. Emin=31.11490954, Emax=101.99394826
realization 67 / 300 ... accepted 67. Emin=-2.33842348, Emax=94.40187662
realization 68 / 300 ... accepted 68. Emin=0.81099882, Emax=99.07875801
realization 69 / 300 ... accepted 69. Emin=-26.35155150, Emax=56.36366682
realization 70 / 300 ... accepted 70. Emin=-7.46840989, Emax=87.49172866
realization 71 / 300 ... accepted 71. Emin=3.09845517, Emax=92.92585375
realization 72 / 300 ... accepted 72. Emin=1.81182644, Emax=92.72566474
realization 73 / 300 ... accepted 73. Emin=-21.23460789, Emax=56.44983817
realization 74 / 300 ... accepted 74. Emin=4.05593947, Emax=84.27980878
realization 75 / 300 ... accepted 75. Emin=-13.69747186, Emax=67.32154123
realization 76 / 300 ... accepted 76. Emin=5.82728530, Emax=79.53358888
realization 77 / 300 ... accepted 77. Emin=-17.08266854, Emax=53.18619322
realization 78 / 300 ... accepted 78. Emin=-1.20090706, Emax=73.40659631
realization 79 / 300 ... accepted 79. Emin=-15.06531563, Emax=80.56081197
realization 80 / 300 ... accepted 80. Emin=-18.88369744, Emax=62.68024307
realization 81 / 300 ... accepted 81. Emin=-1.77812990, Emax=81.39645337
realization 82 / 300 ... accepted 82. Emin=-3.87330312, Emax=79.36988127
realization 83 / 300 ... accepted 83. Emin=7.85847842, Emax=88.32925140
realization 84 / 300 ... accepted 84. Emin=-27.86632069, Emax=53.91224550
realization 85 / 300 ... accepted 85. Emin=-5.84114637, Emax=91.34844181
realization 86 / 300 ... accepted 86. Emin=-24.97396887, Emax=69.95860345
realization 87 / 300 ... accepted 87. Emin=-3.58176450, Emax=83.19904281
realization 88 / 300 ... accepted 88. Emin=-7.63388645, Emax=66.13847593
realization 89 / 300 ... accepted 89. Emin=-28.81818943, Emax=55.70738373
realization 90 / 300 ... accepted 90. Emin=-19.74913306, Emax=44.84608157
realization 91 / 300 ... accepted 91. Emin=2.23153650, Emax=66.96617754
realization 92 / 300 ... accepted 92. Emin=-9.34769541, Emax=72.26536876
realization 93 / 300 ... accepted 93. Emin=24.51136603, Emax=91.89967972
realization 94 / 300 ... accepted 94. Emin=-3.24554099, Emax=73.71944359
realization 95 / 300 ... accepted 95. Emin=19.05298703, Emax=102.97662515
realization 96 / 300 ... accepted 96. Emin=-9.35695369, Emax=80.35279347
realization 97 / 300 ... accepted 97. Emin=5.86574146, Emax=96.02402170
realization 98 / 300 ... accepted 98. Emin=-0.58508348, Emax=91.91976171
realization 99 / 300 ... accepted 99. Emin=-21.74512821, Emax=67.24634164
realization 100 / 300 ... accepted 100. Emin=7.25527534, Emax=96.13078321
realization 101 / 300 ... accepted 101. Emin=4.73454738, Emax=82.92180256
realization 102 / 300 ... accepted 102. Emin=0.47861542, Emax=96.58358361
realization 103 / 300 ... accepted 103. Emin=13.19001523, Emax=107.55437647
realization 104 / 300 ... accepted 104. Emin=-6.94091477, Emax=73.54845027
realization 105 / 300 ... accepted 105. Emin=-16.43860377, Emax=45.51173091
realization 106 / 300 ... accepted 106. Emin=3.20851016, Emax=105.81438042
realization 107 / 300 ... accepted 107. Emin=-35.36196055, Emax=47.09131427
realization 108 / 300 ... accepted 108. Emin=-23.85186212, Emax=58.21406588
realization 109 / 300 ... accepted 109. Emin=-27.77903743, Emax=52.62625490
realization 110 / 300 ... accepted 110. Emin=-17.92211137, Emax=58.40739050
realization 111 / 300 ... accepted 111. Emin=-23.57185194, Emax=70.20012780
realization 112 / 300 ... accepted 112. Emin=-2.18813076, Emax=86.79759462
realization 113 / 300 ... accepted 113. Emin=-8.08740413, Emax=84.89418762
realization 114 / 300 ... accepted 114. Emin=-38.28594381, Emax=33.20419888
realization 115 / 300 ... accepted 115. Emin=-14.02028724, Emax=76.76339078
realization 116 / 300 ... accepted 116. Emin=21.52999724, Emax=105.32063023
realization 117 / 300 ... accepted 117. Emin=-20.54692175, Emax=58.34834171
realization 118 / 300 ... accepted 118. Emin=-2.25961019, Emax=91.65675315
realization 119 / 300 ... accepted 119. Emin=4.57206295, Emax=95.48820752
realization 120 / 300 ... accepted 120. Emin=-9.44836850, Emax=69.24841489
realization 121 / 300 ... accepted 121. Emin=31.73832281, Emax=106.72041968
realization 122 / 300 ... accepted 122. Emin=20.89287022, Emax=97.06178956
realization 123 / 300 ... accepted 123. Emin=-6.22010161, Emax=75.06428761
realization 124 / 300 ... accepted 124. Emin=-16.59900441, Emax=48.85909196
realization 125 / 300 ... accepted 125. Emin=4.10194404, Emax=104.43629932
realization 126 / 300 ... accepted 126. Emin=8.34702866, Emax=116.16324423
realization 127 / 300 ... accepted 127. Emin=16.47394918, Emax=95.74915749
realization 128 / 300 ... accepted 128. Emin=12.60525514, Emax=106.76325614
realization 129 / 300 ... accepted 129. Emin=-46.57925082, Emax=26.51576825
realization 130 / 300 ... accepted 130. Emin=-2.99881708, Emax=85.00929945
realization 131 / 300 ... accepted 131. Emin=-11.49516652, Emax=95.42463511
realization 132 / 300 ... accepted 132. Emin=16.40258676, Emax=101.18502212
realization 133 / 300 ... accepted 133. Emin=-5.31928518, Emax=97.09957680
realization 134 / 300 ... accepted 134. Emin=10.99610339, Emax=102.62750174
realization 135 / 300 ... accepted 135. Emin=-4.96831949, Emax=85.38207775
realization 136 / 300 ... accepted 136. Emin=18.05402483, Emax=100.00227590
realization 137 / 300 ... accepted 137. Emin=-6.17910709, Emax=67.01954201
realization 138 / 300 ... accepted 138. Emin=-4.94773157, Emax=79.82862298
realization 139 / 300 ... accepted 139. Emin=-5.55209004, Emax=75.41318990
realization 140 / 300 ... accepted 140. Emin=-12.62597524, Emax=76.10015296
realization 141 / 300 ... accepted 141. Emin=-17.85302351, Emax=65.69304994
realization 142 / 300 ... accepted 142. Emin=-17.36343377, Emax=64.14377535
realization 143 / 300 ... accepted 143. Emin=5.04189898, Emax=92.01656233
realization 144 / 300 ... accepted 144. Emin=-2.91082656, Emax=87.78019471
realization 145 / 300 ... accepted 145. Emin=-20.82806749, Emax=57.92917082
realization 146 / 300 ... accepted 146. Emin=-17.54253435, Emax=69.34840477
realization 147 / 300 ... accepted 147. Emin=35.90198839, Emax=111.36849036
realization 148 / 300 ... accepted 148. Emin=-34.33413848, Emax=54.63188717
realization 149 / 300 ... accepted 149. Emin=2.85705272, Emax=111.54794838
realization 150 / 300 ... accepted 150. Emin=-29.25856881, Emax=41.45025982
realization 151 / 300 ... accepted 151. Emin=8.88513199, Emax=95.26745982
realization 152 / 300 ... accepted 152. Emin=-5.21886815, Emax=92.33170663
realization 153 / 300 ... accepted 153. Emin=-2.60823233, Emax=94.32887013
realization 154 / 300 ... accepted 154. Emin=-11.32790568, Emax=95.10997298
realization 155 / 300 ... accepted 155. Emin=24.86450507, Emax=104.32563179
realization 156 / 300 ... accepted 156. Emin=20.29730669, Emax=101.83014500
realization 157 / 300 ... accepted 157. Emin=-22.41127076, Emax=59.44074502
realization 158 / 300 ... accepted 158. Emin=-1.41380177, Emax=88.32082015
realization 159 / 300 ... accepted 159. Emin=-28.59241053, Emax=45.88542811
realization 160 / 300 ... accepted 160. Emin=20.33623904, Emax=96.56411947
realization 161 / 300 ... accepted 161. Emin=12.66909655, Emax=100.09077187
realization 162 / 300 ... accepted 162. Emin=4.72896968, Emax=73.02610547
realization 163 / 300 ... accepted 163. Emin=-30.25311816, Emax=50.88422232
realization 164 / 300 ... accepted 164. Emin=-9.13400174, Emax=68.81771548
realization 165 / 300 ... accepted 165. Emin=0.13066310, Emax=90.64296174
realization 166 / 300 ... accepted 166. Emin=-13.81924349, Emax=84.00240529
realization 167 / 300 ... accepted 167. Emin=18.78024422, Emax=97.05519720
realization 168 / 300 ... accepted 168. Emin=-12.25547218, Emax=79.09540360
realization 169 / 300 ... accepted 169. Emin=-14.09089959, Emax=90.74189278
realization 170 / 300 ... accepted 170. Emin=-16.40150899, Emax=87.92813858
realization 171 / 300 ... accepted 171. Emin=26.15647383, Emax=99.59212911
realization 172 / 300 ... accepted 172. Emin=6.49559221, Emax=89.87728471
realization 173 / 300 ... accepted 173. Emin=-31.67758497, Emax=41.85278074
realization 174 / 300 ... accepted 174. Emin=-22.81623165, Emax=47.79907276
realization 175 / 300 ... accepted 175. Emin=14.99536336, Emax=105.31442538
realization 176 / 300 ... accepted 176. Emin=-23.65481366, Emax=68.26586133
realization 177 / 300 ... accepted 177. Emin=27.73421502, Emax=97.28696429
realization 178 / 300 ... accepted 178. Emin=23.88286915, Emax=104.04855470
realization 179 / 300 ... accepted 179. Emin=25.79916104, Emax=106.28337068
realization 180 / 300 ... accepted 180. Emin=0.90999954, Emax=97.35240500
realization 181 / 300 ... accepted 181. Emin=-31.26649016, Emax=50.87137216
realization 182 / 300 ... accepted 182. Emin=-5.39999729, Emax=102.28508029
realization 183 / 300 ... accepted 183. Emin=-11.21293153, Emax=61.44865305
realization 184 / 300 ... accepted 184. Emin=-12.66354690, Emax=80.61269468
realization 185 / 300 ... accepted 185. Emin=-0.68878817, Emax=74.05939031
realization 186 / 300 ... accepted 186. Emin=9.03879694, Emax=93.28039613
realization 187 / 300 ... accepted 187. Emin=-18.23710478, Emax=72.89357568
realization 188 / 300 ... accepted 188. Emin=40.71548557, Emax=114.69645005
realization 189 / 300 ... accepted 189. Emin=26.81677251, Emax=107.85200629
realization 190 / 300 ... accepted 190. Emin=-5.81086164, Emax=69.90492601
realization 191 / 300 ... accepted 191. Emin=-17.49042045, Emax=84.71550175
realization 192 / 300 ... accepted 192. Emin=-35.39789909, Emax=44.52179888
realization 193 / 300 ... accepted 193. Emin=26.50997508, Emax=96.60942917
realization 194 / 300 ... accepted 194. Emin=3.53846807, Emax=89.68158992
realization 195 / 300 ... accepted 195. Emin=-35.54410188, Emax=36.39422475
realization 196 / 300 ... accepted 196. Emin=10.58279170, Emax=107.19840125
realization 197 / 300 ... accepted 197. Emin=-19.58407660, Emax=71.85015342
realization 198 / 300 ... accepted 198. Emin=5.21114312, Emax=85.91507843
realization 199 / 300 ... accepted 199. Emin=-20.65250123, Emax=85.23893801
realization 200 / 300 ... accepted 200. Emin=6.23060551, Emax=84.89676810
realization 201 / 300 ... accepted 201. Emin=2.11415762, Emax=96.20436318
realization 202 / 300 ... accepted 202. Emin=-11.81317294, Emax=62.64656697
realization 203 / 300 ... accepted 203. Emin=27.14873987, Emax=100.98501429
realization 204 / 300 ... accepted 204. Emin=19.34220038, Emax=93.09649508
realization 205 / 300 ... accepted 205. Emin=2.97381321, Emax=90.29074513
realization 206 / 300 ... accepted 206. Emin=-11.68843163, Emax=85.34538019
realization 207 / 300 ... accepted 207. Emin=-9.82279926, Emax=69.01609088
realization 208 / 300 ... accepted 208. Emin=-11.15051388, Emax=70.32931936
realization 209 / 300 ... accepted 209. Emin=13.88886220, Emax=94.07221261
realization 210 / 300 ... accepted 210. Emin=-22.06819801, Emax=64.90396694
realization 211 / 300 ... accepted 211. Emin=-29.10270935, Emax=46.71054043
realization 212 / 300 ... accepted 212. Emin=20.13209995, Emax=107.00452775
realization 213 / 300 ... accepted 213. Emin=4.65170291, Emax=86.02110287
realization 214 / 300 ... accepted 214. Emin=3.36057649, Emax=98.78228406
realization 215 / 300 ... accepted 215. Emin=-11.65108499, Emax=80.92573364
realization 216 / 300 ... accepted 216. Emin=4.42550818, Emax=97.35786612
realization 217 / 300 ... accepted 217. Emin=13.80927431, Emax=99.79294533
realization 218 / 300 ... accepted 218. Emin=-22.11632541, Emax=39.04875972
realization 219 / 300 ... accepted 219. Emin=-15.28619919, Emax=54.08501758
realization 220 / 300 ... accepted 220. Emin=-3.08585134, Emax=82.75434202
realization 221 / 300 ... accepted 221. Emin=-12.99455167, Emax=86.42975590
realization 222 / 300 ... accepted 222. Emin=4.87187907, Emax=104.43869999
realization 223 / 300 ... accepted 223. Emin=-17.37204369, Emax=89.62101568
realization 224 / 300 ... accepted 224. Emin=0.69281569, Emax=78.65656577
realization 225 / 300 ... accepted 225. Emin=-16.98218563, Emax=85.62114016
realization 226 / 300 ... accepted 226. Emin=-5.34455399, Emax=62.57678542
realization 227 / 300 ... accepted 227. Emin=-6.38374378, Emax=54.30820530
realization 228 / 300 ... accepted 228. Emin=-2.38335605, Emax=94.82054515
realization 229 / 300 ... accepted 229. Emin=-5.35670231, Emax=80.34675482
realization 230 / 300 ... accepted 230. Emin=-16.33291205, Emax=82.32577168
realization 231 / 300 ... accepted 231. Emin=21.30757741, Emax=93.48352895
realization 232 / 300 ... accepted 232. Emin=22.50364999, Emax=103.86125830
realization 233 / 300 ... accepted 233. Emin=-3.69064585, Emax=80.39981348
realization 234 / 300 ... accepted 234. Emin=-12.22134201, Emax=88.25056590
realization 235 / 300 ... accepted 235. Emin=-1.97451080, Emax=112.52739084
realization 236 / 300 ... accepted 236. Emin=1.87085599, Emax=106.29122287
realization 237 / 300 ... accepted 237. Emin=34.75672359, Emax=113.55207427
realization 238 / 300 ... accepted 238. Emin=-6.85201569, Emax=65.47363831
realization 239 / 300 ... accepted 239. Emin=-15.71024035, Emax=77.16212890
realization 240 / 300 ... accepted 240. Emin=45.32940622, Emax=110.93088769
realization 241 / 300 ... accepted 241. Emin=17.55357670, Emax=88.73649153
realization 242 / 300 ... accepted 242. Emin=-3.84692584, Emax=110.19915205
realization 243 / 300 ... accepted 243. Emin=2.14790789, Emax=81.59418168
realization 244 / 300 ... accepted 244. Emin=-26.09469189, Emax=80.73037707
realization 245 / 300 ... accepted 245. Emin=-26.01990211, Emax=51.46331484
realization 246 / 300 ... accepted 246. Emin=-5.01735317, Emax=75.15486654
realization 247 / 300 ... accepted 247. Emin=-19.97166783, Emax=49.25894899
realization 248 / 300 ... accepted 248. Emin=1.12314048, Emax=102.40362994
realization 249 / 300 ... accepted 249. Emin=28.61125398, Emax=99.20750320
realization 250 / 300 ... accepted 250. Emin=-25.10588916, Emax=48.12673125
realization 251 / 300 ... accepted 251. Emin=21.85284517, Emax=115.18134639
realization 252 / 300 ... accepted 252. Emin=-20.58163924, Emax=70.99522232
realization 253 / 300 ... accepted 253. Emin=-33.71320767, Emax=56.30140342
realization 254 / 300 ... accepted 254. Emin=-20.48048608, Emax=65.13542074
realization 255 / 300 ... accepted 255. Emin=9.25600679, Emax=101.90762063
realization 256 / 300 ... accepted 256. Emin=14.87223845, Emax=113.70756913
realization 257 / 300 ... accepted 257. Emin=-22.40727609, Emax=51.44311468
realization 258 / 300 ... accepted 258. Emin=-24.46356917, Emax=85.90257433
realization 259 / 300 ... accepted 259. Emin=12.43403952, Emax=86.28247984
realization 260 / 300 ... accepted 260. Emin=-2.35828301, Emax=70.30673440
realization 261 / 300 ... accepted 261. Emin=-19.03375891, Emax=73.94799063
realization 262 / 300 ... accepted 262. Emin=-12.70852424, Emax=69.04843717
realization 263 / 300 ... accepted 263. Emin=11.01243585, Emax=91.63876456
realization 264 / 300 ... accepted 264. Emin=18.15053874, Emax=104.81517208
realization 265 / 300 ... accepted 265. Emin=-4.07900470, Emax=87.29593205
realization 266 / 300 ... accepted 266. Emin=-17.52974410, Emax=72.87111041
realization 267 / 300 ... accepted 267. Emin=-4.50114258, Emax=82.01361338
realization 268 / 300 ... accepted 268. Emin=-11.98430969, Emax=73.78241445
realization 269 / 300 ... accepted 269. Emin=25.81638277, Emax=103.90907165
realization 270 / 300 ... accepted 270. Emin=-12.52300199, Emax=86.47650195
realization 271 / 300 ... accepted 271. Emin=-11.75748533, Emax=69.59559820
realization 272 / 300 ... accepted 272. Emin=15.50832363, Emax=115.93189552
realization 273 / 300 ... accepted 273. Emin=-21.60143549, Emax=62.82995985
realization 274 / 300 ... accepted 274. Emin=-13.25103344, Emax=83.08785126
realization 275 / 300 ... accepted 275. Emin=13.05994795, Emax=104.47507932
realization 276 / 300 ... accepted 276. Emin=28.06599707, Emax=100.97170087
realization 277 / 300 ... accepted 277. Emin=-31.10487376, Emax=30.04649895
realization 278 / 300 ... accepted 278. Emin=8.36335974, Emax=105.70314594
realization 279 / 300 ... accepted 279. Emin=-21.63027537, Emax=55.19788633
realization 280 / 300 ... accepted 280. Emin=-8.87516624, Emax=83.86537808
realization 281 / 300 ... accepted 281. Emin=16.86470199, Emax=92.89516915
realization 282 / 300 ... accepted 282. Emin=-6.29343470, Emax=62.75824633
realization 283 / 300 ... accepted 283. Emin=19.06048423, Emax=105.99950790
realization 284 / 300 ... accepted 284. Emin=-34.83143636, Emax=35.32769482
realization 285 / 300 ... accepted 285. Emin=6.77536967, Emax=92.89570090
realization 286 / 300 ... accepted 286. Emin=0.23337626, Emax=93.10370782
realization 287 / 300 ... accepted 287. Emin=-28.83640402, Emax=47.30594306
realization 288 / 300 ... accepted 288. Emin=10.73187184, Emax=82.14850633
realization 289 / 300 ... accepted 289. Emin=-0.60298826, Emax=90.62942574
realization 290 / 300 ... accepted 290. Emin=-2.30029539, Emax=87.08511695
realization 291 / 300 ... accepted 291. Emin=-0.26070746, Emax=95.58201797
realization 292 / 300 ... accepted 292. Emin=-5.05183857, Emax=84.65434544
realization 293 / 300 ... accepted 293. Emin=-11.57802846, Emax=74.68601803
realization 294 / 300 ... accepted 294. Emin=22.72176876, Emax=101.97095338
realization 295 / 300 ... accepted 295. Emin=8.92018167, Emax=95.90554037
realization 296 / 300 ... accepted 296. Emin=-37.00337358, Emax=30.04224950
realization 297 / 300 ... accepted 297. Emin=-2.89221772, Emax=86.21415070
realization 298 / 300 ... accepted 298. Emin=7.60084622, Emax=87.20833836
realization 299 / 300 ... accepted 299. Emin=-17.79504126, Emax=81.92313927
realization 300 / 300 ... accepted 300. Emin=-8.48498407, Emax=105.11045263
Saved final energies: /home/2/kj405942/POLFED_bosons/pbs_bose_legacy_nmax2_periodic/data/U_8/W_12/L_6/N_6_nmax_2/boundary_periodic/energies_full_U8_L6_N6_nmax2_W12_boundaryperiodic_nreal300.txt
Accepted realizations: 300 / 300
Skipped realizations: 0
Job finished at Sun May 31 17:11:49 UTC 2026
