Job started on w30 at Sun May 31 17:10:28 UTC 2026
PBS_JOBID=7731408.kruk-host.ift-klaster.lan
PBS_O_WORKDIR=/home/2/kj405942/POLFED_bosons
Bose-Hubbard: L=6, N=6, nmax=2, dim=141
t=1, U=8, W=9, nreal=300, boundary=periodic, mode=full
Writing partial results to /home/2/kj405942/POLFED_bosons/pbs_bose_legacy_nmax2_periodic/data/U_8/W_9/L_6/N_6_nmax_2/boundary_periodic/energies_full_U8_L6_N6_nmax2_W9_boundaryperiodic_nreal300_partial.txt
realization 1 / 300 ... accepted 1. Emin=5.99616194, Emax=76.64295113
realization 2 / 300 ... accepted 2. Emin=-5.38143048, Emax=68.94682630
realization 3 / 300 ... accepted 3. Emin=0.12128062, Emax=72.76529383
realization 4 / 300 ... accepted 4. Emin=-14.08667391, Emax=58.63411436
realization 5 / 300 ... accepted 5. Emin=-12.42285151, Emax=61.62220714
realization 6 / 300 ... accepted 6. Emin=14.00057649, Emax=84.07764079
realization 7 / 300 ... accepted 7. Emin=-19.74790239, Emax=51.70023580
realization 8 / 300 ... accepted 8. Emin=27.10381446, Emax=94.09183611
realization 9 / 300 ... accepted 9. Emin=6.33603781, Emax=73.79033576
realization 10 / 300 ... accepted 10. Emin=-20.17636240, Emax=63.53660475
realization 11 / 300 ... accepted 11. Emin=-17.32877397, Emax=62.07080545
realization 12 / 300 ... accepted 12. Emin=4.01752706, Emax=81.46057540
realization 13 / 300 ... accepted 13. Emin=-4.11872248, Emax=83.44753994
realization 14 / 300 ... accepted 14. Emin=3.69219792, Emax=72.23175766
realization 15 / 300 ... accepted 15. Emin=-8.78602855, Emax=67.25397647
realization 16 / 300 ... accepted 16. Emin=11.78222699, Emax=84.73320847
realization 17 / 300 ... accepted 17. Emin=11.32657099, Emax=86.75977100
realization 18 / 300 ... accepted 18. Emin=20.80538510, Emax=93.98727561
realization 19 / 300 ... accepted 19. Emin=-3.83445031, Emax=77.11206722
realization 20 / 300 ... accepted 20. Emin=6.39088952, Emax=88.10804429
realization 21 / 300 ... accepted 21. Emin=-26.27470512, Emax=44.08729726
realization 22 / 300 ... accepted 22. Emin=9.12906582, Emax=79.35138822
realization 23 / 300 ... accepted 23. Emin=7.62437295, Emax=92.84150901
realization 24 / 300 ... accepted 24. Emin=-18.32862659, Emax=49.00972346
realization 25 / 300 ... accepted 25. Emin=-6.78463536, Emax=75.28968645
realization 26 / 300 ... accepted 26. Emin=2.07233177, Emax=70.09095526
realization 27 / 300 ... accepted 27. Emin=-4.18200105, Emax=60.84009290
realization 28 / 300 ... accepted 28. Emin=23.88175661, Emax=97.88954235
realization 29 / 300 ... accepted 29. Emin=-6.41092523, Emax=61.31336083
realization 30 / 300 ... accepted 30. Emin=13.39967348, Emax=82.04534007
realization 31 / 300 ... accepted 31. Emin=-2.05367825, Emax=75.26372996
realization 32 / 300 ... accepted 32. Emin=-15.55365598, Emax=54.25136518
realization 33 / 300 ... accepted 33. Emin=8.57066804, Emax=84.68324625
realization 34 / 300 ... accepted 34. Emin=-3.31848616, Emax=70.87955714
realization 35 / 300 ... accepted 35. Emin=-8.27310796, Emax=71.37722739
realization 36 / 300 ... accepted 36. Emin=15.49129989, Emax=89.85371117
realization 37 / 300 ... accepted 37. Emin=20.21534191, Emax=86.48292657
realization 38 / 300 ... accepted 38. Emin=17.25006594, Emax=90.71523465
realization 39 / 300 ... accepted 39. Emin=-27.40719635, Emax=32.97467803
realization 40 / 300 ... accepted 40. Emin=-16.83156975, Emax=44.54332471
realization 41 / 300 ... accepted 41. Emin=-8.31048008, Emax=59.29954720
realization 42 / 300 ... accepted 42. Emin=1.27233610, Emax=68.91285542
realization 43 / 300 ... accepted 43. Emin=13.37136980, Emax=77.56246082
realization 44 / 300 ... accepted 44. Emin=17.36291612, Emax=88.92131906
realization 45 / 300 ... accepted 45. Emin=-19.70399716, Emax=47.50884019
realization 46 / 300 ... accepted 46. Emin=16.36690760, Emax=85.09025320
realization 47 / 300 ... accepted 47. Emin=-4.13636337, Emax=59.55573130
realization 48 / 300 ... accepted 48. Emin=-19.32917677, Emax=55.66576593
realization 49 / 300 ... accepted 49. Emin=-19.29183146, Emax=46.73583129
realization 50 / 300 ... accepted 50. Emin=3.17696663, Emax=78.89815582
realization 51 / 300 ... accepted 51. Emin=5.04118469, Emax=81.71808067
realization 52 / 300 ... accepted 52. Emin=-1.18230255, Emax=76.32176211
realization 53 / 300 ... accepted 53. Emin=-3.66880681, Emax=58.62589351
realization 54 / 300 ... accepted 54. Emin=7.10135225, Emax=83.87842126
realization 55 / 300 ... accepted 55. Emin=-15.49297181, Emax=61.97902106
realization 56 / 300 ... accepted 56. Emin=4.72416925, Emax=97.35639485
realization 57 / 300 ... accepted 57. Emin=-15.15904695, Emax=69.06916127
realization 58 / 300 ... accepted 58. Emin=-3.44765610, Emax=70.70617037
realization 59 / 300 ... accepted 59. Emin=-4.14609425, Emax=74.40897755
realization 60 / 300 ... accepted 60. Emin=12.37331818, Emax=86.15109487
realization 61 / 300 ... accepted 61. Emin=2.20650633, Emax=75.69837327
realization 62 / 300 ... accepted 62. Emin=15.77088250, Emax=97.42657650
realization 63 / 300 ... accepted 63. Emin=-3.29749056, Emax=71.40029270
realization 64 / 300 ... accepted 64. Emin=-19.87949068, Emax=60.65569560
realization 65 / 300 ... accepted 65. Emin=-6.93814661, Emax=73.82113949
realization 66 / 300 ... accepted 66. Emin=-5.49727193, Emax=64.72240772
realization 67 / 300 ... accepted 67. Emin=-5.07468174, Emax=59.71630632
realization 68 / 300 ... accepted 68. Emin=12.86762980, Emax=86.85652600
realization 69 / 300 ... accepted 69. Emin=-12.98905533, Emax=59.62464458
realization 70 / 300 ... accepted 70. Emin=-2.32664660, Emax=73.28394881
realization 71 / 300 ... accepted 71. Emin=-12.12711628, Emax=53.53482106
realization 72 / 300 ... accepted 72. Emin=-2.43889232, Emax=78.68403841
realization 73 / 300 ... accepted 73. Emin=-5.98539870, Emax=76.41480868
realization 74 / 300 ... accepted 74. Emin=9.44173211, Emax=72.16375792
realization 75 / 300 ... accepted 75. Emin=17.94770604, Emax=80.91149804
realization 76 / 300 ... accepted 76. Emin=5.96864581, Emax=93.53170165
realization 77 / 300 ... accepted 77. Emin=8.74879864, Emax=78.62221672
realization 78 / 300 ... accepted 78. Emin=5.21489775, Emax=78.95767529
realization 79 / 300 ... accepted 79. Emin=23.80408628, Emax=84.91560264
realization 80 / 300 ... accepted 80. Emin=0.16960145, Emax=73.64775322
realization 81 / 300 ... accepted 81. Emin=-16.84302832, Emax=68.85381529
realization 82 / 300 ... accepted 82. Emin=-14.60639310, Emax=43.53258150
realization 83 / 300 ... accepted 83. Emin=5.54606031, Emax=94.08864847
realization 84 / 300 ... accepted 84. Emin=10.12138432, Emax=94.28138353
realization 85 / 300 ... accepted 85. Emin=26.15215052, Emax=90.47595360
realization 86 / 300 ... accepted 86. Emin=5.64452485, Emax=79.23396650
realization 87 / 300 ... accepted 87. Emin=-9.97999321, Emax=76.66309050
realization 88 / 300 ... accepted 88. Emin=10.95021664, Emax=76.51802792
realization 89 / 300 ... accepted 89. Emin=11.47552356, Emax=77.39560248
realization 90 / 300 ... accepted 90. Emin=-3.97924717, Emax=75.67353353
realization 91 / 300 ... accepted 91. Emin=-7.75066024, Emax=62.08933439
realization 92 / 300 ... accepted 92. Emin=-8.07830085, Emax=68.54028477
realization 93 / 300 ... accepted 93. Emin=-19.88085344, Emax=42.85838153
realization 94 / 300 ... accepted 94. Emin=0.40303796, Emax=78.93414940
realization 95 / 300 ... accepted 95. Emin=-23.85961594, Emax=50.86781512
realization 96 / 300 ... accepted 96. Emin=11.04643382, Emax=91.36988852
realization 97 / 300 ... accepted 97. Emin=-15.09605031, Emax=60.99421653
realization 98 / 300 ... accepted 98. Emin=8.79456797, Emax=83.16745309
realization 99 / 300 ... accepted 99. Emin=-10.85305417, Emax=69.59367195
realization 100 / 300 ... accepted 100. Emin=-15.00306231, Emax=56.38007045
realization 101 / 300 ... accepted 101. Emin=27.07897045, Emax=86.60154872
realization 102 / 300 ... accepted 102. Emin=-4.10750089, Emax=74.19101330
realization 103 / 300 ... accepted 103. Emin=0.31486712, Emax=75.08195107
realization 104 / 300 ... accepted 104. Emin=-4.13927416, Emax=67.71330825
realization 105 / 300 ... accepted 105. Emin=-5.39411024, Emax=77.71567759
realization 106 / 300 ... accepted 106. Emin=5.32034478, Emax=80.70387413
realization 107 / 300 ... accepted 107. Emin=-2.54930975, Emax=71.26655790
realization 108 / 300 ... accepted 108. Emin=-1.36547689, Emax=71.90611576
realization 109 / 300 ... accepted 109. Emin=7.08442636, Emax=77.66819741
realization 110 / 300 ... accepted 110. Emin=4.02458477, Emax=69.55624453
realization 111 / 300 ... accepted 111. Emin=4.62071420, Emax=80.44295605
realization 112 / 300 ... accepted 112. Emin=-6.73055932, Emax=65.33176190
realization 113 / 300 ... accepted 113. Emin=-3.44025772, Emax=75.25693991
realization 114 / 300 ... accepted 114. Emin=-14.31197304, Emax=60.32464829
realization 115 / 300 ... accepted 115. Emin=-26.32975807, Emax=39.16120793
realization 116 / 300 ... accepted 116. Emin=-18.32753209, Emax=52.95617538
realization 117 / 300 ... accepted 117. Emin=-23.96872312, Emax=45.20078627
realization 118 / 300 ... accepted 118. Emin=-17.85627279, Emax=70.02339463
realization 119 / 300 ... accepted 119. Emin=-23.50432367, Emax=53.41864398
realization 120 / 300 ... accepted 120. Emin=8.45538119, Emax=75.01113693
realization 121 / 300 ... accepted 121. Emin=-24.72754927, Emax=45.10578242
realization 122 / 300 ... accepted 122. Emin=13.36325290, Emax=81.21183656
realization 123 / 300 ... accepted 123. Emin=11.09154494, Emax=89.86506720
realization 124 / 300 ... accepted 124. Emin=-17.18438018, Emax=49.07288252
realization 125 / 300 ... accepted 125. Emin=-19.15018532, Emax=54.34832471
realization 126 / 300 ... accepted 126. Emin=12.40682864, Emax=87.86951320
realization 127 / 300 ... accepted 127. Emin=-18.11362397, Emax=60.71330957
realization 128 / 300 ... accepted 128. Emin=-13.54545144, Emax=55.50030843
realization 129 / 300 ... accepted 129. Emin=16.28017884, Emax=86.46663080
realization 130 / 300 ... accepted 130. Emin=-5.95837279, Emax=78.83062689
realization 131 / 300 ... accepted 131. Emin=-8.38212557, Emax=82.58416397
realization 132 / 300 ... accepted 132. Emin=11.83433121, Emax=84.43003995
realization 133 / 300 ... accepted 133. Emin=-4.51684945, Emax=68.66626153
realization 134 / 300 ... accepted 134. Emin=7.73607606, Emax=81.13214632
realization 135 / 300 ... accepted 135. Emin=13.63704828, Emax=80.57160443
realization 136 / 300 ... accepted 136. Emin=-8.67291596, Emax=59.47468538
realization 137 / 300 ... accepted 137. Emin=15.89997195, Emax=90.73932961
realization 138 / 300 ... accepted 138. Emin=-17.27767847, Emax=69.28400738
realization 139 / 300 ... accepted 139. Emin=4.33586538, Emax=80.28973909
realization 140 / 300 ... accepted 140. Emin=13.71023912, Emax=86.29964104
realization 141 / 300 ... accepted 141. Emin=-1.89814968, Emax=78.36213445
realization 142 / 300 ... accepted 142. Emin=7.44180042, Emax=90.07872118
realization 143 / 300 ... accepted 143. Emin=-9.07438898, Emax=72.27566184
realization 144 / 300 ... accepted 144. Emin=-30.62142486, Emax=32.31995023
realization 145 / 300 ... accepted 145. Emin=-4.46119577, Emax=70.11159241
realization 146 / 300 ... accepted 146. Emin=-11.76364708, Emax=48.36445750
realization 147 / 300 ... accepted 147. Emin=17.58800024, Emax=83.43387068
realization 148 / 300 ... accepted 148. Emin=3.54532373, Emax=77.16909465
realization 149 / 300 ... accepted 149. Emin=9.84520741, Emax=86.63198170
realization 150 / 300 ... accepted 150. Emin=5.69694888, Emax=81.68650781
realization 151 / 300 ... accepted 151. Emin=-7.80176883, Emax=61.89525959
realization 152 / 300 ... accepted 152. Emin=-15.01273060, Emax=66.80889630
realization 153 / 300 ... accepted 153. Emin=16.40595872, Emax=85.19846596
realization 154 / 300 ... accepted 154. Emin=-27.21924208, Emax=34.15475905
realization 155 / 300 ... accepted 155. Emin=-17.53685010, Emax=55.60610172
realization 156 / 300 ... accepted 156. Emin=-9.58601685, Emax=69.14276167
realization 157 / 300 ... accepted 157. Emin=-0.97629037, Emax=78.26443600
realization 158 / 300 ... accepted 158. Emin=-1.39686381, Emax=79.73424781
realization 159 / 300 ... accepted 159. Emin=-1.32153119, Emax=71.30852914
realization 160 / 300 ... accepted 160. Emin=-3.35434680, Emax=63.81440352
realization 161 / 300 ... accepted 161. Emin=9.56135121, Emax=88.21360247
realization 162 / 300 ... accepted 162. Emin=6.35065525, Emax=81.81260889
realization 163 / 300 ... accepted 163. Emin=13.32561327, Emax=85.34126322
realization 164 / 300 ... accepted 164. Emin=-4.80233648, Emax=65.85495387
realization 165 / 300 ... accepted 165. Emin=7.91338194, Emax=68.83071716
realization 166 / 300 ... accepted 166. Emin=-17.54962851, Emax=46.81477660
realization 167 / 300 ... accepted 167. Emin=8.30499542, Emax=89.03275436
realization 168 / 300 ... accepted 168. Emin=17.64814833, Emax=93.86749953
realization 169 / 300 ... accepted 169. Emin=-17.40650690, Emax=64.53938971
realization 170 / 300 ... accepted 170. Emin=17.87279546, Emax=79.55481845
realization 171 / 300 ... accepted 171. Emin=8.04508725, Emax=74.40316325
realization 172 / 300 ... accepted 172. Emin=-10.26946570, Emax=64.38611678
realization 173 / 300 ... accepted 173. Emin=-10.52208289, Emax=68.99073414
realization 174 / 300 ... accepted 174. Emin=-0.78692419, Emax=68.73361019
realization 175 / 300 ... accepted 175. Emin=5.41299605, Emax=80.12516139
realization 176 / 300 ... accepted 176. Emin=3.02591886, Emax=81.12073886
realization 177 / 300 ... accepted 177. Emin=-5.72034581, Emax=68.68447343
realization 178 / 300 ... accepted 178. Emin=7.69201868, Emax=82.00058962
realization 179 / 300 ... accepted 179. Emin=-6.32295190, Emax=77.72480727
realization 180 / 300 ... accepted 180. Emin=3.14222370, Emax=70.94315731
realization 181 / 300 ... accepted 181. Emin=-8.27070811, Emax=63.96155998
realization 182 / 300 ... accepted 182. Emin=-12.89007556, Emax=51.96767984
realization 183 / 300 ... accepted 183. Emin=-8.83164491, Emax=85.20259658
realization 184 / 300 ... accepted 184. Emin=0.65871412, Emax=79.28518802
realization 185 / 300 ... accepted 185. Emin=1.01257255, Emax=72.91589286
realization 186 / 300 ... accepted 186. Emin=-22.01576955, Emax=42.03766604
realization 187 / 300 ... accepted 187. Emin=-9.51953244, Emax=59.57585401
realization 188 / 300 ... accepted 188. Emin=10.76262607, Emax=85.41674599
realization 189 / 300 ... accepted 189. Emin=13.61262405, Emax=90.61152647
realization 190 / 300 ... accepted 190. Emin=2.00979899, Emax=78.08077502
realization 191 / 300 ... accepted 191. Emin=-16.05489061, Emax=53.81413480
realization 192 / 300 ... accepted 192. Emin=14.61987541, Emax=93.81266984
realization 193 / 300 ... accepted 193. Emin=-8.28138146, Emax=65.08503822
realization 194 / 300 ... accepted 194. Emin=12.48462652, Emax=78.64585502
realization 195 / 300 ... accepted 195. Emin=2.58075042, Emax=78.76840780
realization 196 / 300 ... accepted 196. Emin=2.60614346, Emax=91.83910918
realization 197 / 300 ... accepted 197. Emin=-23.75647707, Emax=45.06094608
realization 198 / 300 ... accepted 198. Emin=-12.72234786, Emax=63.22991114
realization 199 / 300 ... accepted 199. Emin=18.39107523, Emax=89.44266485
realization 200 / 300 ... accepted 200. Emin=9.76128714, Emax=80.78251983
realization 201 / 300 ... accepted 201. Emin=-2.59050665, Emax=67.30466208
realization 202 / 300 ... accepted 202. Emin=-1.16487512, Emax=74.80951277
realization 203 / 300 ... accepted 203. Emin=8.35794284, Emax=90.61912879
realization 204 / 300 ... accepted 204. Emin=13.95658347, Emax=88.62906464
realization 205 / 300 ... accepted 205. Emin=8.69480795, Emax=83.91498546
realization 206 / 300 ... accepted 206. Emin=-0.23497086, Emax=78.45501308
realization 207 / 300 ... accepted 207. Emin=-28.75607896, Emax=38.85246427
realization 208 / 300 ... accepted 208. Emin=17.34785717, Emax=83.57343316
realization 209 / 300 ... accepted 209. Emin=-14.01378284, Emax=66.69825797
realization 210 / 300 ... accepted 210. Emin=-1.19146107, Emax=72.88084366
realization 211 / 300 ... accepted 211. Emin=11.70001135, Emax=90.45036519
realization 212 / 300 ... accepted 212. Emin=5.85507695, Emax=91.88008947
realization 213 / 300 ... accepted 213. Emin=-12.97994410, Emax=66.09631714
realization 214 / 300 ... accepted 214. Emin=-13.23025098, Emax=71.67430121
realization 215 / 300 ... accepted 215. Emin=9.29712823, Emax=78.88419771
realization 216 / 300 ... accepted 216. Emin=0.09611142, Emax=77.46317500
realization 217 / 300 ... accepted 217. Emin=-7.17596939, Emax=57.44563591
realization 218 / 300 ... accepted 218. Emin=2.69004552, Emax=90.42946670
realization 219 / 300 ... accepted 219. Emin=2.64322473, Emax=69.83841073
realization 220 / 300 ... accepted 220. Emin=13.20582545, Emax=76.56410187
realization 221 / 300 ... accepted 221. Emin=-32.33556263, Emax=33.73323488
realization 222 / 300 ... accepted 222. Emin=2.81368711, Emax=73.65937094
realization 223 / 300 ... accepted 223. Emin=9.96001900, Emax=84.18092294
realization 224 / 300 ... accepted 224. Emin=-18.56440286, Emax=56.66683610
realization 225 / 300 ... accepted 225. Emin=-22.46750173, Emax=56.72630094
realization 226 / 300 ... accepted 226. Emin=2.50974119, Emax=89.60721621
realization 227 / 300 ... accepted 227. Emin=20.06755784, Emax=93.58515050
realization 228 / 300 ... accepted 228. Emin=5.59618444, Emax=81.04409143
realization 229 / 300 ... accepted 229. Emin=-8.28796558, Emax=63.07785092
realization 230 / 300 ... accepted 230. Emin=-2.94543809, Emax=69.45648620
realization 231 / 300 ... accepted 231. Emin=-0.82993526, Emax=77.29989988
realization 232 / 300 ... accepted 232. Emin=-9.46206114, Emax=83.88572048
realization 233 / 300 ... accepted 233. Emin=13.51501337, Emax=85.94747114
realization 234 / 300 ... accepted 234. Emin=-6.13454690, Emax=71.18860314
realization 235 / 300 ... accepted 235. Emin=-14.88353067, Emax=62.17882832
realization 236 / 300 ... accepted 236. Emin=-1.20111053, Emax=73.66255806
realization 237 / 300 ... accepted 237. Emin=-1.80410140, Emax=78.22447139
realization 238 / 300 ... accepted 238. Emin=1.71089900, Emax=75.45320199
realization 239 / 300 ... accepted 239. Emin=17.37015952, Emax=91.19548762
realization 240 / 300 ... accepted 240. Emin=-13.67229117, Emax=56.12159198
realization 241 / 300 ... accepted 241. Emin=0.14375537, Emax=74.79285469
realization 242 / 300 ... accepted 242. Emin=-17.71619603, Emax=54.21964479
realization 243 / 300 ... accepted 243. Emin=-12.20123399, Emax=67.91029225
realization 244 / 300 ... accepted 244. Emin=-17.40861742, Emax=69.01722400
realization 245 / 300 ... accepted 245. Emin=12.26407093, Emax=81.54690047
realization 246 / 300 ... accepted 246. Emin=16.01070061, Emax=80.52154216
realization 247 / 300 ... accepted 247. Emin=-25.32235294, Emax=45.14410863
realization 248 / 300 ... accepted 248. Emin=-5.40401779, Emax=75.98243946
realization 249 / 300 ... accepted 249. Emin=27.96248710, Emax=97.20881394
realization 250 / 300 ... accepted 250. Emin=1.56386321, Emax=80.11965824
realization 251 / 300 ... accepted 251. Emin=25.09182871, Emax=96.55727832
realization 252 / 300 ... accepted 252. Emin=6.04908503, Emax=78.76478049
realization 253 / 300 ... accepted 253. Emin=15.55457324, Emax=75.35126975
realization 254 / 300 ... accepted 254. Emin=20.41213335, Emax=89.81284514
realization 255 / 300 ... accepted 255. Emin=16.73165314, Emax=96.79012478
realization 256 / 300 ... accepted 256. Emin=-10.29909031, Emax=72.72251309
realization 257 / 300 ... accepted 257. Emin=-8.50959730, Emax=73.50736208
realization 258 / 300 ... accepted 258. Emin=-4.70135608, Emax=62.06872528
realization 259 / 300 ... accepted 259. Emin=5.30246302, Emax=72.89819935
realization 260 / 300 ... accepted 260. Emin=6.80240967, Emax=78.80416294
realization 261 / 300 ... accepted 261. Emin=-4.71200095, Emax=74.55590744
realization 262 / 300 ... accepted 262. Emin=-9.81022071, Emax=61.97292895
realization 263 / 300 ... accepted 263. Emin=11.90127687, Emax=84.81766433
realization 264 / 300 ... accepted 264. Emin=-1.09645796, Emax=68.05177834
realization 265 / 300 ... accepted 265. Emin=6.38247536, Emax=85.36708799
realization 266 / 300 ... accepted 266. Emin=1.48751851, Emax=73.59851575
realization 267 / 300 ... accepted 267. Emin=20.63857077, Emax=91.56249698
realization 268 / 300 ... accepted 268. Emin=8.40938315, Emax=91.14363694
realization 269 / 300 ... accepted 269. Emin=-11.58707276, Emax=79.00154828
realization 270 / 300 ... accepted 270. Emin=-1.57971006, Emax=78.63048730
realization 271 / 300 ... accepted 271. Emin=9.84784147, Emax=90.36510599
realization 272 / 300 ... accepted 272. Emin=-5.57323367, Emax=61.94628236
realization 273 / 300 ... accepted 273. Emin=-13.50067555, Emax=55.89673223
realization 274 / 300 ... accepted 274. Emin=-22.75668795, Emax=48.56355855
realization 275 / 300 ... accepted 275. Emin=-8.87986005, Emax=83.57758309
realization 276 / 300 ... accepted 276. Emin=5.27373248, Emax=83.13782007
realization 277 / 300 ... accepted 277. Emin=-4.98519694, Emax=79.74312623
realization 278 / 300 ... accepted 278. Emin=-23.28867430, Emax=42.84598274
realization 279 / 300 ... accepted 279. Emin=18.96101683, Emax=81.63760319
realization 280 / 300 ... accepted 280. Emin=-9.31480002, Emax=67.32279826
realization 281 / 300 ... accepted 281. Emin=4.57779803, Emax=86.96485517
realization 282 / 300 ... accepted 282. Emin=5.74826193, Emax=78.33884648
realization 283 / 300 ... accepted 283. Emin=9.86901346, Emax=79.31926777
realization 284 / 300 ... accepted 284. Emin=-14.60595598, Emax=56.57768137
realization 285 / 300 ... accepted 285. Emin=-11.82744796, Emax=60.63465882
realization 286 / 300 ... accepted 286. Emin=9.77986013, Emax=100.40481529
realization 287 / 300 ... accepted 287. Emin=-9.97787541, Emax=63.28160493
realization 288 / 300 ... accepted 288. Emin=-15.62812027, Emax=66.79004466
realization 289 / 300 ... accepted 289. Emin=9.25582360, Emax=79.37353127
realization 290 / 300 ... accepted 290. Emin=1.04121895, Emax=80.62376311
realization 291 / 300 ... accepted 291. Emin=-21.58923076, Emax=40.65240397
realization 292 / 300 ... accepted 292. Emin=-14.68556586, Emax=45.25098894
realization 293 / 300 ... accepted 293. Emin=-24.37804933, Emax=40.62425655
realization 294 / 300 ... accepted 294. Emin=-12.22875041, Emax=64.98008345
realization 295 / 300 ... accepted 295. Emin=19.61026240, Emax=95.57988902
realization 296 / 300 ... accepted 296. Emin=0.58484080, Emax=75.88622715
realization 297 / 300 ... accepted 297. Emin=3.78946479, Emax=87.52552360
realization 298 / 300 ... accepted 298. Emin=-31.54950908, Emax=32.64788540
realization 299 / 300 ... accepted 299. Emin=-25.09727278, Emax=43.28687127
realization 300 / 300 ... accepted 300. Emin=0.30706286, Emax=66.43974586
Saved final energies: /home/2/kj405942/POLFED_bosons/pbs_bose_legacy_nmax2_periodic/data/U_8/W_9/L_6/N_6_nmax_2/boundary_periodic/energies_full_U8_L6_N6_nmax2_W9_boundaryperiodic_nreal300.txt
Accepted realizations: 300 / 300
Skipped realizations: 0
Job finished at Sun May 31 17:12:03 UTC 2026
