Job started on w30 at Sun May 31 17:10:27 UTC 2026
PBS_JOBID=7731406.kruk-host.ift-klaster.lan
PBS_O_WORKDIR=/home/2/kj405942/POLFED_bosons
Bose-Hubbard: L=6, N=6, nmax=2, dim=141
t=1, U=8, W=7, nreal=300, boundary=periodic, mode=full
Writing partial results to /home/2/kj405942/POLFED_bosons/pbs_bose_legacy_nmax2_periodic/data/U_8/W_7/L_6/N_6_nmax_2/boundary_periodic/energies_full_U8_L6_N6_nmax2_W7_boundaryperiodic_nreal300_partial.txt
realization 1 / 300 ... accepted 1. Emin=-2.65622814, Emax=66.83649921
realization 2 / 300 ... accepted 2. Emin=5.25355612, Emax=75.51164133
realization 3 / 300 ... accepted 3. Emin=13.29556449, Emax=82.37222904
realization 4 / 300 ... accepted 4. Emin=-12.25379813, Emax=68.24578687
realization 5 / 300 ... accepted 5. Emin=-3.22131177, Emax=67.38419296
realization 6 / 300 ... accepted 6. Emin=-12.90557643, Emax=53.27312976
realization 7 / 300 ... accepted 7. Emin=-18.26955923, Emax=48.51771377
realization 8 / 300 ... accepted 8. Emin=-10.91452558, Emax=56.71115385
realization 9 / 300 ... accepted 9. Emin=-3.75841798, Emax=58.64183654
realization 10 / 300 ... accepted 10. Emin=8.96294630, Emax=78.22063183
realization 11 / 300 ... accepted 11. Emin=-0.38317233, Emax=62.53303214
realization 12 / 300 ... accepted 12. Emin=10.62813304, Emax=78.40198542
realization 13 / 300 ... accepted 13. Emin=1.71999240, Emax=71.84071230
realization 14 / 300 ... accepted 14. Emin=-3.86689214, Emax=69.49476738
realization 15 / 300 ... accepted 15. Emin=12.00168880, Emax=80.70733436
realization 16 / 300 ... accepted 16. Emin=-10.25675133, Emax=57.48890174
realization 17 / 300 ... accepted 17. Emin=11.10168312, Emax=74.59240812
realization 18 / 300 ... accepted 18. Emin=5.27775348, Emax=80.08695740
realization 19 / 300 ... accepted 19. Emin=0.39626740, Emax=74.92231419
realization 20 / 300 ... accepted 20. Emin=3.88694098, Emax=77.22854473
realization 21 / 300 ... accepted 21. Emin=-4.54597888, Emax=64.34111956
realization 22 / 300 ... accepted 22. Emin=20.98222133, Emax=79.00305669
realization 23 / 300 ... accepted 23. Emin=-10.93923431, Emax=52.44773207
realization 24 / 300 ... accepted 24. Emin=2.63386129, Emax=71.55905777
realization 25 / 300 ... accepted 25. Emin=2.38556641, Emax=70.82692452
realization 26 / 300 ... accepted 26. Emin=-9.16049366, Emax=64.61537732
realization 27 / 300 ... accepted 27. Emin=1.29109595, Emax=69.54001621
realization 28 / 300 ... accepted 28. Emin=6.08614803, Emax=67.32088226
realization 29 / 300 ... accepted 29. Emin=-6.50056371, Emax=64.24619877
realization 30 / 300 ... accepted 30. Emin=21.20182983, Emax=80.07114697
realization 31 / 300 ... accepted 31. Emin=3.87918532, Emax=72.13487518
realization 32 / 300 ... accepted 32. Emin=-15.03881779, Emax=63.28855395
realization 33 / 300 ... accepted 33. Emin=-3.94809078, Emax=65.83338228
realization 34 / 300 ... accepted 34. Emin=-26.74564121, Emax=35.36648490
realization 35 / 300 ... accepted 35. Emin=2.56124348, Emax=68.34780083
realization 36 / 300 ... accepted 36. Emin=12.60263751, Emax=74.11804592
realization 37 / 300 ... accepted 37. Emin=-0.35905840, Emax=69.77288833
realization 38 / 300 ... accepted 38. Emin=-6.33950143, Emax=62.26013604
realization 39 / 300 ... accepted 39. Emin=4.90055258, Emax=70.97697966
realization 40 / 300 ... accepted 40. Emin=-9.90158908, Emax=64.12502308
realization 41 / 300 ... accepted 41. Emin=-9.82748717, Emax=55.00794236
realization 42 / 300 ... accepted 42. Emin=10.28906423, Emax=83.53422864
realization 43 / 300 ... accepted 43. Emin=-7.29085491, Emax=60.96253154
realization 44 / 300 ... accepted 44. Emin=-18.42526964, Emax=35.88920971
realization 45 / 300 ... accepted 45. Emin=-9.26025278, Emax=74.10697899
realization 46 / 300 ... accepted 46. Emin=-18.71114388, Emax=48.03744948
realization 47 / 300 ... accepted 47. Emin=-5.64463776, Emax=69.66436836
realization 48 / 300 ... accepted 48. Emin=-3.32619854, Emax=83.00975446
realization 49 / 300 ... accepted 49. Emin=3.71634474, Emax=72.48894361
realization 50 / 300 ... accepted 50. Emin=3.28794615, Emax=59.27753557
realization 51 / 300 ... accepted 51. Emin=-2.37021063, Emax=67.28893768
realization 52 / 300 ... accepted 52. Emin=-0.00002257, Emax=74.62498022
realization 53 / 300 ... accepted 53. Emin=-7.29999908, Emax=58.04022059
realization 54 / 300 ... accepted 54. Emin=4.84366401, Emax=77.37894521
realization 55 / 300 ... accepted 55. Emin=-7.90185990, Emax=61.61439931
realization 56 / 300 ... accepted 56. Emin=10.15856294, Emax=75.21543951
realization 57 / 300 ... accepted 57. Emin=-11.00626329, Emax=58.57759625
realization 58 / 300 ... accepted 58. Emin=-3.66524942, Emax=70.55699947
realization 59 / 300 ... accepted 59. Emin=-6.18045204, Emax=58.59423505
realization 60 / 300 ... accepted 60. Emin=-15.59348476, Emax=54.64373944
realization 61 / 300 ... accepted 61. Emin=-1.96813453, Emax=69.06458559
realization 62 / 300 ... accepted 62. Emin=3.92825344, Emax=67.60326807
realization 63 / 300 ... accepted 63. Emin=-16.08525967, Emax=53.61758835
realization 64 / 300 ... accepted 64. Emin=-1.43395922, Emax=75.01691838
realization 65 / 300 ... accepted 65. Emin=-16.13241857, Emax=52.53521740
realization 66 / 300 ... accepted 66. Emin=-11.32749761, Emax=59.96857642
realization 67 / 300 ... accepted 67. Emin=-15.72164267, Emax=54.15699816
realization 68 / 300 ... accepted 68. Emin=4.88517176, Emax=72.89146625
realization 69 / 300 ... accepted 69. Emin=11.40608528, Emax=79.36880377
realization 70 / 300 ... accepted 70. Emin=5.84163972, Emax=74.43964312
realization 71 / 300 ... accepted 71. Emin=-1.29391812, Emax=60.99976320
realization 72 / 300 ... accepted 72. Emin=7.29823788, Emax=77.04546895
realization 73 / 300 ... accepted 73. Emin=-3.89950734, Emax=69.58373388
realization 74 / 300 ... accepted 74. Emin=4.32830519, Emax=65.82173090
realization 75 / 300 ... accepted 75. Emin=-11.81849561, Emax=52.53354665
realization 76 / 300 ... accepted 76. Emin=-6.55913776, Emax=74.85466801
realization 77 / 300 ... accepted 77. Emin=13.80251137, Emax=77.82803370
realization 78 / 300 ... accepted 78. Emin=-13.16807559, Emax=48.93170402
realization 79 / 300 ... accepted 79. Emin=3.56284727, Emax=74.75184689
realization 80 / 300 ... accepted 80. Emin=-4.20145034, Emax=70.20009923
realization 81 / 300 ... accepted 81. Emin=-9.75067343, Emax=56.57843782
realization 82 / 300 ... accepted 82. Emin=4.34524585, Emax=66.86026496
realization 83 / 300 ... accepted 83. Emin=-14.92166038, Emax=52.84303663
realization 84 / 300 ... accepted 84. Emin=-2.99631737, Emax=59.89242576
realization 85 / 300 ... accepted 85. Emin=-0.65511395, Emax=63.57489473
realization 86 / 300 ... accepted 86. Emin=-14.61175696, Emax=53.44983570
realization 87 / 300 ... accepted 87. Emin=-2.13430307, Emax=58.53530351
realization 88 / 300 ... accepted 88. Emin=12.02626652, Emax=81.66044826
realization 89 / 300 ... accepted 89. Emin=-7.17912443, Emax=60.67045998
realization 90 / 300 ... accepted 90. Emin=-5.85310100, Emax=57.17999867
realization 91 / 300 ... accepted 91. Emin=18.23861485, Emax=75.25518739
realization 92 / 300 ... accepted 92. Emin=-2.77175086, Emax=62.73809087
realization 93 / 300 ... accepted 93. Emin=-11.31119173, Emax=54.99858776
realization 94 / 300 ... accepted 94. Emin=-1.84130748, Emax=67.47983729
realization 95 / 300 ... accepted 95. Emin=-7.26073288, Emax=54.89262449
realization 96 / 300 ... accepted 96. Emin=-2.61820556, Emax=62.07084330
realization 97 / 300 ... accepted 97. Emin=-28.12069165, Emax=26.18120394
realization 98 / 300 ... accepted 98. Emin=9.66491122, Emax=69.83815496
realization 99 / 300 ... accepted 99. Emin=-13.19834359, Emax=54.76717924
realization 100 / 300 ... accepted 100. Emin=10.79897843, Emax=82.47174558
realization 101 / 300 ... accepted 101. Emin=9.35432719, Emax=75.37242093
realization 102 / 300 ... accepted 102. Emin=14.21398902, Emax=69.02752457
realization 103 / 300 ... accepted 103. Emin=-16.82989362, Emax=52.54159739
realization 104 / 300 ... accepted 104. Emin=-8.98043664, Emax=57.94348604
realization 105 / 300 ... accepted 105. Emin=-3.65797047, Emax=69.95181509
realization 106 / 300 ... accepted 106. Emin=-1.36251866, Emax=73.71798142
realization 107 / 300 ... accepted 107. Emin=7.09218559, Emax=79.09123387
realization 108 / 300 ... accepted 108. Emin=-3.31538434, Emax=60.89911676
realization 109 / 300 ... accepted 109. Emin=-24.86313341, Emax=34.88236757
realization 110 / 300 ... accepted 110. Emin=-7.77187484, Emax=62.94550727
realization 111 / 300 ... accepted 111. Emin=4.37950775, Emax=70.42325319
realization 112 / 300 ... accepted 112. Emin=-23.42530501, Emax=41.72674460
realization 113 / 300 ... accepted 113. Emin=19.99273602, Emax=83.48458031
realization 114 / 300 ... accepted 114. Emin=-7.24925819, Emax=66.41569899
realization 115 / 300 ... accepted 115. Emin=9.13409779, Emax=77.07662265
realization 116 / 300 ... accepted 116. Emin=13.31203946, Emax=81.76756648
realization 117 / 300 ... accepted 117. Emin=-15.40137333, Emax=53.16364983
realization 118 / 300 ... accepted 118. Emin=6.97039118, Emax=73.30962714
realization 119 / 300 ... accepted 119. Emin=-5.94372209, Emax=62.33052023
realization 120 / 300 ... accepted 120. Emin=-2.82233246, Emax=69.50883244
realization 121 / 300 ... accepted 121. Emin=-0.36675822, Emax=63.78917211
realization 122 / 300 ... accepted 122. Emin=-4.76893806, Emax=67.96513271
realization 123 / 300 ... accepted 123. Emin=-17.55533383, Emax=49.80375605
realization 124 / 300 ... accepted 124. Emin=-1.41337477, Emax=70.36389469
realization 125 / 300 ... accepted 125. Emin=-2.01770637, Emax=70.27625091
realization 126 / 300 ... accepted 126. Emin=-8.46827588, Emax=56.16739036
realization 127 / 300 ... accepted 127. Emin=8.54139419, Emax=73.55942460
realization 128 / 300 ... accepted 128. Emin=2.81761572, Emax=76.06022298
realization 129 / 300 ... accepted 129. Emin=-17.70481078, Emax=46.66441865
realization 130 / 300 ... accepted 130. Emin=-0.13836009, Emax=63.77406170
realization 131 / 300 ... accepted 131. Emin=4.35019676, Emax=75.40784468
realization 132 / 300 ... accepted 132. Emin=3.72204238, Emax=67.80946820
realization 133 / 300 ... accepted 133. Emin=8.40063841, Emax=70.81160858
realization 134 / 300 ... accepted 134. Emin=-0.20409457, Emax=61.81696289
realization 135 / 300 ... accepted 135. Emin=-5.16026921, Emax=63.82645108
realization 136 / 300 ... accepted 136. Emin=12.34180472, Emax=80.26228102
realization 137 / 300 ... accepted 137. Emin=-0.79423961, Emax=69.09503048
realization 138 / 300 ... accepted 138. Emin=-9.29919217, Emax=67.71718891
realization 139 / 300 ... accepted 139. Emin=23.27046640, Emax=79.25282552
realization 140 / 300 ... accepted 140. Emin=-3.62022036, Emax=68.12821776
realization 141 / 300 ... accepted 141. Emin=-5.00014813, Emax=71.94906938
realization 142 / 300 ... accepted 142. Emin=12.57216461, Emax=83.83221851
realization 143 / 300 ... accepted 143. Emin=4.10186613, Emax=82.83831472
realization 144 / 300 ... accepted 144. Emin=-16.07608433, Emax=48.87624798
realization 145 / 300 ... accepted 145. Emin=-1.08024980, Emax=67.56775926
realization 146 / 300 ... accepted 146. Emin=-0.30821239, Emax=82.00952494
realization 147 / 300 ... accepted 147. Emin=-2.60350260, Emax=61.94780158
realization 148 / 300 ... accepted 148. Emin=10.82119516, Emax=83.59130970
realization 149 / 300 ... accepted 149. Emin=-2.31180006, Emax=63.51917803
realization 150 / 300 ... accepted 150. Emin=-8.08446903, Emax=60.23235124
realization 151 / 300 ... accepted 151. Emin=-3.97200174, Emax=64.37554799
realization 152 / 300 ... accepted 152. Emin=10.24144909, Emax=79.69025985
realization 153 / 300 ... accepted 153. Emin=-8.23081963, Emax=63.59863591
realization 154 / 300 ... accepted 154. Emin=-4.36845278, Emax=60.66210133
realization 155 / 300 ... accepted 155. Emin=13.69670000, Emax=87.15079500
realization 156 / 300 ... accepted 156. Emin=-2.93598999, Emax=62.17887663
realization 157 / 300 ... accepted 157. Emin=0.65074700, Emax=73.35673032
realization 158 / 300 ... accepted 158. Emin=-15.77874500, Emax=51.72646024
realization 159 / 300 ... accepted 159. Emin=-3.40129939, Emax=58.81690292
realization 160 / 300 ... accepted 160. Emin=7.66724331, Emax=78.77878939
realization 161 / 300 ... accepted 161. Emin=14.56722088, Emax=72.94102390
realization 162 / 300 ... accepted 162. Emin=-9.03210409, Emax=57.76138288
realization 163 / 300 ... accepted 163. Emin=5.05509342, Emax=84.06989513
realization 164 / 300 ... accepted 164. Emin=-16.87572654, Emax=49.46844364
realization 165 / 300 ... accepted 165. Emin=3.32869620, Emax=77.86082469
realization 166 / 300 ... accepted 166. Emin=3.65105825, Emax=77.32084029
realization 167 / 300 ... accepted 167. Emin=-6.94907325, Emax=64.75045940
realization 168 / 300 ... accepted 168. Emin=-7.95121003, Emax=63.30899870
realization 169 / 300 ... accepted 169. Emin=4.57454516, Emax=74.60298449
realization 170 / 300 ... accepted 170. Emin=-8.74315340, Emax=58.64118789
realization 171 / 300 ... accepted 171. Emin=-10.60107605, Emax=49.77796086
realization 172 / 300 ... accepted 172. Emin=-20.20475975, Emax=46.54690425
realization 173 / 300 ... accepted 173. Emin=-8.86595790, Emax=54.06636082
realization 174 / 300 ... accepted 174. Emin=-11.84366647, Emax=55.68718403
realization 175 / 300 ... accepted 175. Emin=-3.04201543, Emax=60.36527838
realization 176 / 300 ... accepted 176. Emin=2.57002643, Emax=65.79684798
realization 177 / 300 ... accepted 177. Emin=-2.25472319, Emax=72.77529394
realization 178 / 300 ... accepted 178. Emin=-12.15515007, Emax=47.30994564
realization 179 / 300 ... accepted 179. Emin=10.10822486, Emax=69.74721582
realization 180 / 300 ... accepted 180. Emin=10.45382209, Emax=80.43577820
realization 181 / 300 ... accepted 181. Emin=1.38643798, Emax=78.65972629
realization 182 / 300 ... accepted 182. Emin=-3.61938416, Emax=71.39864874
realization 183 / 300 ... accepted 183. Emin=-4.64930079, Emax=67.18040417
realization 184 / 300 ... accepted 184. Emin=-7.80531929, Emax=62.82547423
realization 185 / 300 ... accepted 185. Emin=-17.17412951, Emax=48.27304915
realization 186 / 300 ... accepted 186. Emin=6.84362468, Emax=80.42949868
realization 187 / 300 ... accepted 187. Emin=10.77335513, Emax=74.09640548
realization 188 / 300 ... accepted 188. Emin=-21.14330679, Emax=48.34078880
realization 189 / 300 ... accepted 189. Emin=-6.98061679, Emax=61.30329276
realization 190 / 300 ... accepted 190. Emin=-4.04064749, Emax=61.96333304
realization 191 / 300 ... accepted 191. Emin=-1.44809661, Emax=70.69573834
realization 192 / 300 ... accepted 192. Emin=-11.79280519, Emax=58.24021552
realization 193 / 300 ... accepted 193. Emin=-13.32164389, Emax=57.35476716
realization 194 / 300 ... accepted 194. Emin=-10.13710052, Emax=67.10663743
realization 195 / 300 ... accepted 195. Emin=8.09213618, Emax=83.47342716
realization 196 / 300 ... accepted 196. Emin=0.74002164, Emax=71.91874566
realization 197 / 300 ... accepted 197. Emin=1.73658802, Emax=67.00072181
realization 198 / 300 ... accepted 198. Emin=16.78164289, Emax=87.12380651
realization 199 / 300 ... accepted 199. Emin=-1.97182434, Emax=75.17081577
realization 200 / 300 ... accepted 200. Emin=1.92735266, Emax=74.41352814
realization 201 / 300 ... accepted 201. Emin=-5.44846486, Emax=56.48595756
realization 202 / 300 ... accepted 202. Emin=-1.04569281, Emax=64.03242591
realization 203 / 300 ... accepted 203. Emin=-5.35770147, Emax=67.50360145
realization 204 / 300 ... accepted 204. Emin=-7.84474936, Emax=61.80129067
realization 205 / 300 ... accepted 205. Emin=-0.13950114, Emax=68.65662295
realization 206 / 300 ... accepted 206. Emin=21.06327383, Emax=87.10027120
realization 207 / 300 ... accepted 207. Emin=6.18775019, Emax=73.84586437
realization 208 / 300 ... accepted 208. Emin=0.86839983, Emax=61.31646065
realization 209 / 300 ... accepted 209. Emin=-8.76710564, Emax=60.59964205
realization 210 / 300 ... accepted 210. Emin=-1.99408131, Emax=72.97864222
realization 211 / 300 ... accepted 211. Emin=-1.28413498, Emax=67.58948848
realization 212 / 300 ... accepted 212. Emin=13.32180667, Emax=78.88440501
realization 213 / 300 ... accepted 213. Emin=11.63192366, Emax=76.76611855
realization 214 / 300 ... accepted 214. Emin=-20.52977085, Emax=45.54034646
realization 215 / 300 ... accepted 215. Emin=16.44538271, Emax=81.95673628
realization 216 / 300 ... accepted 216. Emin=17.14964316, Emax=82.34737555
realization 217 / 300 ... accepted 217. Emin=-1.75245488, Emax=63.12584545
realization 218 / 300 ... accepted 218. Emin=3.99091032, Emax=84.19738160
realization 219 / 300 ... accepted 219. Emin=2.00086323, Emax=72.71012795
realization 220 / 300 ... accepted 220. Emin=-14.55448197, Emax=53.69170689
realization 221 / 300 ... accepted 221. Emin=19.61836646, Emax=82.68670135
realization 222 / 300 ... accepted 222. Emin=-9.22588429, Emax=57.86916174
realization 223 / 300 ... accepted 223. Emin=-10.71582915, Emax=59.71393207
realization 224 / 300 ... accepted 224. Emin=-6.45398953, Emax=68.35046194
realization 225 / 300 ... accepted 225. Emin=-14.51289109, Emax=43.62816886
realization 226 / 300 ... accepted 226. Emin=-4.86827149, Emax=65.42800457
realization 227 / 300 ... accepted 227. Emin=2.57209798, Emax=65.85135045
realization 228 / 300 ... accepted 228. Emin=-3.54210471, Emax=75.14668142
realization 229 / 300 ... accepted 229. Emin=-25.41287944, Emax=34.75862106
realization 230 / 300 ... accepted 230. Emin=3.38466812, Emax=68.28980385
realization 231 / 300 ... accepted 231. Emin=6.60282513, Emax=78.10018286
realization 232 / 300 ... accepted 232. Emin=-9.52392762, Emax=56.44343375
realization 233 / 300 ... accepted 233. Emin=-15.64397479, Emax=49.77199481
realization 234 / 300 ... accepted 234. Emin=8.03081964, Emax=75.25814088
realization 235 / 300 ... accepted 235. Emin=-3.20966890, Emax=68.75118173
realization 236 / 300 ... accepted 236. Emin=6.14033873, Emax=69.96575999
realization 237 / 300 ... accepted 237. Emin=15.17382264, Emax=76.46040222
realization 238 / 300 ... accepted 238. Emin=-0.96343393, Emax=79.28131016
realization 239 / 300 ... accepted 239. Emin=-15.86461599, Emax=44.59290753
realization 240 / 300 ... accepted 240. Emin=-12.81151528, Emax=52.91720317
realization 241 / 300 ... accepted 241. Emin=-8.98295034, Emax=66.48940722
realization 242 / 300 ... accepted 242. Emin=7.91302340, Emax=74.85085649
realization 243 / 300 ... accepted 243. Emin=-1.01552608, Emax=71.52779739
realization 244 / 300 ... accepted 244. Emin=6.98424200, Emax=77.63471199
realization 245 / 300 ... accepted 245. Emin=-18.71929914, Emax=41.63092988
realization 246 / 300 ... accepted 246. Emin=-1.55443238, Emax=68.49852238
realization 247 / 300 ... accepted 247. Emin=7.66741823, Emax=82.42211115
realization 248 / 300 ... accepted 248. Emin=1.77479423, Emax=75.54513188
realization 249 / 300 ... accepted 249. Emin=-15.06204195, Emax=52.40154347
realization 250 / 300 ... accepted 250. Emin=2.15777572, Emax=85.37030677
realization 251 / 300 ... accepted 251. Emin=-8.41467805, Emax=57.10021344
realization 252 / 300 ... accepted 252. Emin=2.72268261, Emax=67.64439202
realization 253 / 300 ... accepted 253. Emin=-2.07279056, Emax=72.22740069
realization 254 / 300 ... accepted 254. Emin=-6.80240978, Emax=61.42462705
realization 255 / 300 ... accepted 255. Emin=3.81933656, Emax=73.69179734
realization 256 / 300 ... accepted 256. Emin=19.65880231, Emax=84.98753909
realization 257 / 300 ... accepted 257. Emin=-14.62712698, Emax=58.51620400
realization 258 / 300 ... accepted 258. Emin=-14.52539400, Emax=45.09322910
realization 259 / 300 ... accepted 259. Emin=-6.11313180, Emax=65.64660844
realization 260 / 300 ... accepted 260. Emin=8.14965297, Emax=73.61845137
realization 261 / 300 ... accepted 261. Emin=-11.45104710, Emax=62.65112276
realization 262 / 300 ... accepted 262. Emin=-7.41165414, Emax=71.05231999
realization 263 / 300 ... accepted 263. Emin=23.54005054, Emax=88.15100889
realization 264 / 300 ... accepted 264. Emin=-21.04855349, Emax=44.33139312
realization 265 / 300 ... accepted 265. Emin=-12.72304811, Emax=59.60666876
realization 266 / 300 ... accepted 266. Emin=1.14863407, Emax=74.72175219
realization 267 / 300 ... accepted 267. Emin=-16.60278316, Emax=50.35148424
realization 268 / 300 ... accepted 268. Emin=-9.37939903, Emax=59.46057567
realization 269 / 300 ... accepted 269. Emin=-1.18685047, Emax=66.41947191
realization 270 / 300 ... accepted 270. Emin=-6.92267222, Emax=71.52929500
realization 271 / 300 ... accepted 271. Emin=-0.09252615, Emax=68.51196277
realization 272 / 300 ... accepted 272. Emin=0.47226072, Emax=73.21437609
realization 273 / 300 ... accepted 273. Emin=-8.49248025, Emax=63.22254862
realization 274 / 300 ... accepted 274. Emin=10.49116688, Emax=80.01641718
realization 275 / 300 ... accepted 275. Emin=3.46123907, Emax=72.47210484
realization 276 / 300 ... accepted 276. Emin=-11.15636601, Emax=57.83106831
realization 277 / 300 ... accepted 277. Emin=-0.51824376, Emax=74.59014081
realization 278 / 300 ... accepted 278. Emin=-1.80638598, Emax=67.54143716
realization 279 / 300 ... accepted 279. Emin=-24.90752958, Emax=35.38147886
realization 280 / 300 ... accepted 280. Emin=8.87957261, Emax=79.02220861
realization 281 / 300 ... accepted 281. Emin=-4.97017880, Emax=62.46738867
realization 282 / 300 ... accepted 282. Emin=-1.31996313, Emax=64.09002577
realization 283 / 300 ... accepted 283. Emin=-15.89869400, Emax=40.23847547
realization 284 / 300 ... accepted 284. Emin=-11.28776601, Emax=56.13001053
realization 285 / 300 ... accepted 285. Emin=-8.43681031, Emax=69.40825703
realization 286 / 300 ... accepted 286. Emin=-13.00109539, Emax=56.85212337
realization 287 / 300 ... accepted 287. Emin=8.32840657, Emax=75.67629907
realization 288 / 300 ... accepted 288. Emin=-6.89389857, Emax=66.40317152
realization 289 / 300 ... accepted 289. Emin=-2.17600825, Emax=72.59297360
realization 290 / 300 ... accepted 290. Emin=-5.95930712, Emax=67.49866366
realization 291 / 300 ... accepted 291. Emin=-8.58391404, Emax=61.07363320
realization 292 / 300 ... accepted 292. Emin=-6.92908245, Emax=58.96148797
realization 293 / 300 ... accepted 293. Emin=2.33920872, Emax=67.35413338
realization 294 / 300 ... accepted 294. Emin=0.25183063, Emax=80.82422535
realization 295 / 300 ... accepted 295. Emin=4.02239690, Emax=71.23729251
realization 296 / 300 ... accepted 296. Emin=-2.22601329, Emax=71.93188220
realization 297 / 300 ... accepted 297. Emin=-3.28965722, Emax=63.38757947
realization 298 / 300 ... accepted 298. Emin=-13.01039415, Emax=52.86703540
realization 299 / 300 ... accepted 299. Emin=-1.80080565, Emax=58.08072004
realization 300 / 300 ... accepted 300. Emin=-9.91990771, Emax=53.67868725
Saved final energies: /home/2/kj405942/POLFED_bosons/pbs_bose_legacy_nmax2_periodic/data/U_8/W_7/L_6/N_6_nmax_2/boundary_periodic/energies_full_U8_L6_N6_nmax2_W7_boundaryperiodic_nreal300.txt
Accepted realizations: 300 / 300
Skipped realizations: 0
Job finished at Sun May 31 17:11:34 UTC 2026
