Job started on w30 at Sun May 31 17:10:28 UTC 2026
PBS_JOBID=7731409.kruk-host.ift-klaster.lan
PBS_O_WORKDIR=/home/2/kj405942/POLFED_bosons
Bose-Hubbard: L=6, N=6, nmax=2, dim=141
t=1, U=8, W=10, nreal=300, boundary=periodic, mode=full
Writing partial results to /home/2/kj405942/POLFED_bosons/pbs_bose_legacy_nmax2_periodic/data/U_8/W_10/L_6/N_6_nmax_2/boundary_periodic/energies_full_U8_L6_N6_nmax2_W10_boundaryperiodic_nreal300_partial.txt
realization 1 / 300 ... accepted 1. Emin=6.28015002, Emax=87.18405952
realization 2 / 300 ... accepted 2. Emin=-3.46262774, Emax=84.34126638
realization 3 / 300 ... accepted 3. Emin=10.99472125, Emax=87.16187135
realization 4 / 300 ... accepted 4. Emin=4.74605312, Emax=73.96400670
realization 5 / 300 ... accepted 5. Emin=17.06792225, Emax=97.15933176
realization 6 / 300 ... accepted 6. Emin=19.19058403, Emax=88.04911067
realization 7 / 300 ... accepted 7. Emin=30.74427255, Emax=97.47989155
realization 8 / 300 ... accepted 8. Emin=13.72928896, Emax=85.27156383
realization 9 / 300 ... accepted 9. Emin=6.17067715, Emax=74.52342331
realization 10 / 300 ... accepted 10. Emin=2.50348358, Emax=85.24987799
realization 11 / 300 ... accepted 11. Emin=-20.51513874, Emax=52.68940807
realization 12 / 300 ... accepted 12. Emin=5.82005551, Emax=81.94946072
realization 13 / 300 ... accepted 13. Emin=-2.80428018, Emax=74.01090707
realization 14 / 300 ... accepted 14. Emin=18.91250805, Emax=101.25786125
realization 15 / 300 ... accepted 15. Emin=-6.80810430, Emax=85.92063535
realization 16 / 300 ... accepted 16. Emin=-9.23610983, Emax=81.67629470
realization 17 / 300 ... accepted 17. Emin=40.39556567, Emax=100.43466333
realization 18 / 300 ... accepted 18. Emin=-21.72748610, Emax=52.28718118
realization 19 / 300 ... accepted 19. Emin=-28.04811498, Emax=33.79979749
realization 20 / 300 ... accepted 20. Emin=-9.35799059, Emax=83.19949860
realization 21 / 300 ... accepted 21. Emin=-24.69345034, Emax=66.13769836
realization 22 / 300 ... accepted 22. Emin=5.22285964, Emax=76.67423242
realization 23 / 300 ... accepted 23. Emin=5.35321653, Emax=91.48716383
realization 24 / 300 ... accepted 24. Emin=-10.97789034, Emax=69.48359764
realization 25 / 300 ... accepted 25. Emin=8.01961034, Emax=83.25970674
realization 26 / 300 ... accepted 26. Emin=0.47015420, Emax=85.97354789
realization 27 / 300 ... accepted 27. Emin=10.56230074, Emax=89.87925173
realization 28 / 300 ... accepted 28. Emin=-12.51009618, Emax=54.52522619
realization 29 / 300 ... accepted 29. Emin=31.89305867, Emax=101.33369956
realization 30 / 300 ... accepted 30. Emin=19.37127583, Emax=97.14030921
realization 31 / 300 ... accepted 31. Emin=3.44200492, Emax=63.54894003
realization 32 / 300 ... accepted 32. Emin=-19.43227066, Emax=63.15514617
realization 33 / 300 ... accepted 33. Emin=16.04191199, Emax=104.21450999
realization 34 / 300 ... accepted 34. Emin=-31.49870118, Emax=36.82699447
realization 35 / 300 ... accepted 35. Emin=-1.19000701, Emax=83.49033240
realization 36 / 300 ... accepted 36. Emin=-14.02578361, Emax=58.46971973
realization 37 / 300 ... accepted 37. Emin=9.76924727, Emax=96.80133961
realization 38 / 300 ... accepted 38. Emin=-16.27564537, Emax=70.64748633
realization 39 / 300 ... accepted 39. Emin=-8.76513098, Emax=74.73238692
realization 40 / 300 ... accepted 40. Emin=12.74137776, Emax=101.24020003
realization 41 / 300 ... accepted 41. Emin=-5.51042662, Emax=75.98946747
realization 42 / 300 ... accepted 42. Emin=5.60870220, Emax=81.43088646
realization 43 / 300 ... accepted 43. Emin=-22.89751601, Emax=71.19068754
realization 44 / 300 ... accepted 44. Emin=-13.46354417, Emax=75.48888686
realization 45 / 300 ... accepted 45. Emin=8.11817795, Emax=81.68871461
realization 46 / 300 ... accepted 46. Emin=21.65355544, Emax=97.16476004
realization 47 / 300 ... accepted 47. Emin=-1.90633519, Emax=66.36565318
realization 48 / 300 ... accepted 48. Emin=4.92740290, Emax=67.99556310
realization 49 / 300 ... accepted 49. Emin=-6.41226310, Emax=72.66702785
realization 50 / 300 ... accepted 50. Emin=3.54734857, Emax=88.06263815
realization 51 / 300 ... accepted 51. Emin=1.22865725, Emax=69.83080693
realization 52 / 300 ... accepted 52. Emin=1.71881809, Emax=74.40321783
realization 53 / 300 ... accepted 53. Emin=-11.55215359, Emax=71.10381515
realization 54 / 300 ... accepted 54. Emin=8.05079350, Emax=83.75458714
realization 55 / 300 ... accepted 55. Emin=-25.53056766, Emax=46.27724397
realization 56 / 300 ... accepted 56. Emin=15.99986522, Emax=87.23026983
realization 57 / 300 ... accepted 57. Emin=-11.25589836, Emax=66.48666588
realization 58 / 300 ... accepted 58. Emin=-14.30497466, Emax=72.22581088
realization 59 / 300 ... accepted 59. Emin=15.12508142, Emax=87.02912814
realization 60 / 300 ... accepted 60. Emin=4.21484998, Emax=96.50349464
realization 61 / 300 ... accepted 61. Emin=-17.40518175, Emax=45.89923392
realization 62 / 300 ... accepted 62. Emin=5.28513360, Emax=86.65354738
realization 63 / 300 ... accepted 63. Emin=-15.09837695, Emax=65.14888173
realization 64 / 300 ... accepted 64. Emin=-7.43877320, Emax=96.76811280
realization 65 / 300 ... accepted 65. Emin=2.15257439, Emax=86.15177407
realization 66 / 300 ... accepted 66. Emin=-0.65822071, Emax=78.68553539
realization 67 / 300 ... accepted 67. Emin=-2.84364212, Emax=85.31077831
realization 68 / 300 ... accepted 68. Emin=-0.82190205, Emax=84.84222649
realization 69 / 300 ... accepted 69. Emin=-0.93137400, Emax=89.18731599
realization 70 / 300 ... accepted 70. Emin=0.11113869, Emax=88.39890202
realization 71 / 300 ... accepted 71. Emin=-1.55795378, Emax=70.39810065
realization 72 / 300 ... accepted 72. Emin=12.70497220, Emax=96.97185737
realization 73 / 300 ... accepted 73. Emin=4.12322995, Emax=81.97959715
realization 74 / 300 ... accepted 74. Emin=-22.88606191, Emax=44.28103514
realization 75 / 300 ... accepted 75. Emin=29.43934002, Emax=107.54059729
realization 76 / 300 ... accepted 76. Emin=-3.25199906, Emax=58.84680798
realization 77 / 300 ... accepted 77. Emin=-34.65059316, Emax=31.40092863
realization 78 / 300 ... accepted 78. Emin=-1.36893796, Emax=83.73323971
realization 79 / 300 ... accepted 79. Emin=-16.44623705, Emax=78.52749569
realization 80 / 300 ... accepted 80. Emin=-13.47860841, Emax=62.40319329
realization 81 / 300 ... accepted 81. Emin=10.11038510, Emax=83.37193516
realization 82 / 300 ... accepted 82. Emin=10.37527806, Emax=93.21538916
realization 83 / 300 ... accepted 83. Emin=12.54994631, Emax=81.32958773
realization 84 / 300 ... accepted 84. Emin=-3.21762168, Emax=79.49481821
realization 85 / 300 ... accepted 85. Emin=-5.29085855, Emax=69.76071376
realization 86 / 300 ... accepted 86. Emin=-5.04915953, Emax=77.86922498
realization 87 / 300 ... accepted 87. Emin=9.40834503, Emax=71.65464262
realization 88 / 300 ... accepted 88. Emin=0.19498020, Emax=89.26618135
realization 89 / 300 ... accepted 89. Emin=-11.17548120, Emax=68.77579025
realization 90 / 300 ... accepted 90. Emin=-12.02262429, Emax=57.44987476
realization 91 / 300 ... accepted 91. Emin=1.38585414, Emax=79.16945562
realization 92 / 300 ... accepted 92. Emin=5.86432708, Emax=91.75385769
realization 93 / 300 ... accepted 93. Emin=-10.19388188, Emax=63.89890714
realization 94 / 300 ... accepted 94. Emin=-28.22633484, Emax=56.85895084
realization 95 / 300 ... accepted 95. Emin=-32.64962205, Emax=39.50741603
realization 96 / 300 ... accepted 96. Emin=5.68336742, Emax=92.88666280
realization 97 / 300 ... accepted 97. Emin=-6.73744093, Emax=89.99094308
realization 98 / 300 ... accepted 98. Emin=-23.20722096, Emax=47.03028482
realization 99 / 300 ... accepted 99. Emin=4.35477507, Emax=90.26388303
realization 100 / 300 ... accepted 100. Emin=9.08481318, Emax=85.05953030
realization 101 / 300 ... accepted 101. Emin=-1.24444259, Emax=79.17195902
realization 102 / 300 ... accepted 102. Emin=-23.53557505, Emax=54.94940801
realization 103 / 300 ... accepted 103. Emin=-28.98519613, Emax=46.88748222
realization 104 / 300 ... accepted 104. Emin=0.69796947, Emax=79.36444849
realization 105 / 300 ... accepted 105. Emin=-6.29080495, Emax=88.35329427
realization 106 / 300 ... accepted 106. Emin=22.16500487, Emax=97.02019077
realization 107 / 300 ... accepted 107. Emin=8.45000219, Emax=67.78743063
realization 108 / 300 ... accepted 108. Emin=-1.09596596, Emax=83.91120696
realization 109 / 300 ... accepted 109. Emin=-17.14988104, Emax=57.62296896
realization 110 / 300 ... accepted 110. Emin=4.43484363, Emax=80.50346934
realization 111 / 300 ... accepted 111. Emin=6.52952879, Emax=88.05186738
realization 112 / 300 ... accepted 112. Emin=-17.19346707, Emax=63.65669810
realization 113 / 300 ... accepted 113. Emin=-9.67336401, Emax=67.81871135
realization 114 / 300 ... accepted 114. Emin=-33.70634611, Emax=38.38853244
realization 115 / 300 ... accepted 115. Emin=-30.50252352, Emax=41.70813575
realization 116 / 300 ... accepted 116. Emin=0.22591208, Emax=81.41281465
realization 117 / 300 ... accepted 117. Emin=-25.46859965, Emax=44.96919774
realization 118 / 300 ... accepted 118. Emin=-9.38025439, Emax=63.80501374
realization 119 / 300 ... accepted 119. Emin=-0.64577173, Emax=80.36419275
realization 120 / 300 ... accepted 120. Emin=-6.49634614, Emax=63.63085237
realization 121 / 300 ... accepted 121. Emin=-8.11037890, Emax=68.07980175
realization 122 / 300 ... accepted 122. Emin=18.16441129, Emax=98.97067678
realization 123 / 300 ... accepted 123. Emin=0.52234120, Emax=78.69693726
realization 124 / 300 ... accepted 124. Emin=12.29871735, Emax=85.66942411
realization 125 / 300 ... accepted 125. Emin=1.12535532, Emax=87.63535939
realization 126 / 300 ... accepted 126. Emin=10.33258004, Emax=98.48395790
realization 127 / 300 ... accepted 127. Emin=-16.94183579, Emax=60.26646886
realization 128 / 300 ... accepted 128. Emin=1.10044366, Emax=68.62959137
realization 129 / 300 ... accepted 129. Emin=3.59881380, Emax=74.92408250
realization 130 / 300 ... accepted 130. Emin=-0.06592613, Emax=66.46169137
realization 131 / 300 ... accepted 131. Emin=-16.08516629, Emax=46.47878100
realization 132 / 300 ... accepted 132. Emin=28.38693848, Emax=98.54638990
realization 133 / 300 ... accepted 133. Emin=-1.88640332, Emax=70.91823015
realization 134 / 300 ... accepted 134. Emin=-17.81604306, Emax=46.33040187
realization 135 / 300 ... accepted 135. Emin=6.93275134, Emax=91.20628187
realization 136 / 300 ... accepted 136. Emin=-4.42609413, Emax=78.03371659
realization 137 / 300 ... accepted 137. Emin=-32.33645902, Emax=38.59080599
realization 138 / 300 ... accepted 138. Emin=19.88778810, Emax=99.52781014
realization 139 / 300 ... accepted 139. Emin=-9.33432945, Emax=62.46706233
realization 140 / 300 ... accepted 140. Emin=13.28356358, Emax=91.38664303
realization 141 / 300 ... accepted 141. Emin=14.72808798, Emax=80.84057615
realization 142 / 300 ... accepted 142. Emin=13.32871372, Emax=81.16698957
realization 143 / 300 ... accepted 143. Emin=-0.91940594, Emax=74.97565774
realization 144 / 300 ... accepted 144. Emin=-0.05128312, Emax=74.13622990
realization 145 / 300 ... accepted 145. Emin=18.66880808, Emax=93.93995820
realization 146 / 300 ... accepted 146. Emin=-19.46424231, Emax=57.01605886
realization 147 / 300 ... accepted 147. Emin=-20.30228762, Emax=57.56518306
realization 148 / 300 ... accepted 148. Emin=-2.43548467, Emax=71.69342632
realization 149 / 300 ... accepted 149. Emin=17.44249129, Emax=95.00384222
realization 150 / 300 ... accepted 150. Emin=-1.53438568, Emax=80.10645913
realization 151 / 300 ... accepted 151. Emin=5.41751673, Emax=86.96873056
realization 152 / 300 ... accepted 152. Emin=16.70085051, Emax=93.68734398
realization 153 / 300 ... accepted 153. Emin=5.80713844, Emax=84.09815218
realization 154 / 300 ... accepted 154. Emin=-4.01453285, Emax=71.95566552
realization 155 / 300 ... accepted 155. Emin=9.43175317, Emax=85.84268351
realization 156 / 300 ... accepted 156. Emin=-26.50907492, Emax=42.39664101
realization 157 / 300 ... accepted 157. Emin=-9.19595833, Emax=76.10657830
realization 158 / 300 ... accepted 158. Emin=-23.98993510, Emax=49.12780718
realization 159 / 300 ... accepted 159. Emin=-0.63968761, Emax=82.60083481
realization 160 / 300 ... accepted 160. Emin=-3.89166145, Emax=74.25647806
realization 161 / 300 ... accepted 161. Emin=6.67533608, Emax=82.59966376
realization 162 / 300 ... accepted 162. Emin=11.43374615, Emax=73.53947855
realization 163 / 300 ... accepted 163. Emin=-3.82472788, Emax=83.51980419
realization 164 / 300 ... accepted 164. Emin=4.99218054, Emax=91.07514719
realization 165 / 300 ... accepted 165. Emin=-19.43412543, Emax=52.34936821
realization 166 / 300 ... accepted 166. Emin=-4.33268389, Emax=89.61384300
realization 167 / 300 ... accepted 167. Emin=-21.97452769, Emax=62.85549082
realization 168 / 300 ... accepted 168. Emin=-4.73065326, Emax=69.75901898
realization 169 / 300 ... accepted 169. Emin=16.31524940, Emax=99.46910021
realization 170 / 300 ... accepted 170. Emin=15.34655976, Emax=90.54626092
realization 171 / 300 ... accepted 171. Emin=-7.01949394, Emax=69.68562243
realization 172 / 300 ... accepted 172. Emin=-1.10402934, Emax=93.01754313
realization 173 / 300 ... accepted 173. Emin=-11.96457592, Emax=78.74687582
realization 174 / 300 ... accepted 174. Emin=24.80883790, Emax=97.99264621
realization 175 / 300 ... accepted 175. Emin=-10.58919296, Emax=71.60326554
realization 176 / 300 ... accepted 176. Emin=10.59384056, Emax=91.97816841
realization 177 / 300 ... accepted 177. Emin=11.40754964, Emax=90.35581138
realization 178 / 300 ... accepted 178. Emin=-18.43545508, Emax=51.06768126
realization 179 / 300 ... accepted 179. Emin=-14.76003046, Emax=69.57745942
realization 180 / 300 ... accepted 180. Emin=-11.87137254, Emax=54.74388839
realization 181 / 300 ... accepted 181. Emin=-0.12808362, Emax=76.72813694
realization 182 / 300 ... accepted 182. Emin=-4.85729038, Emax=73.90959315
realization 183 / 300 ... accepted 183. Emin=1.99596385, Emax=90.23169565
realization 184 / 300 ... accepted 184. Emin=20.45812163, Emax=97.40465597
realization 185 / 300 ... accepted 185. Emin=1.85436675, Emax=72.21252606
realization 186 / 300 ... accepted 186. Emin=5.55327987, Emax=94.91129231
realization 187 / 300 ... accepted 187. Emin=-13.81029186, Emax=54.95178862
realization 188 / 300 ... accepted 188. Emin=11.85660246, Emax=69.78059362
realization 189 / 300 ... accepted 189. Emin=26.46099483, Emax=103.37394377
realization 190 / 300 ... accepted 190. Emin=-6.79610041, Emax=75.62681689
realization 191 / 300 ... accepted 191. Emin=9.45060172, Emax=86.52552872
realization 192 / 300 ... accepted 192. Emin=3.10266692, Emax=84.49004147
realization 193 / 300 ... accepted 193. Emin=-26.82381250, Emax=45.47363020
realization 194 / 300 ... accepted 194. Emin=-11.09120202, Emax=69.76853016
realization 195 / 300 ... accepted 195. Emin=1.67939614, Emax=75.79377445
realization 196 / 300 ... accepted 196. Emin=-14.99696861, Emax=67.07304682
realization 197 / 300 ... accepted 197. Emin=-30.46932724, Emax=52.99853164
realization 198 / 300 ... accepted 198. Emin=-15.11591394, Emax=61.10635088
realization 199 / 300 ... accepted 199. Emin=-1.67214058, Emax=80.34599738
realization 200 / 300 ... accepted 200. Emin=-4.45626054, Emax=67.14531532
realization 201 / 300 ... accepted 201. Emin=9.23022937, Emax=76.66380611
realization 202 / 300 ... accepted 202. Emin=-1.86477240, Emax=84.60743248
realization 203 / 300 ... accepted 203. Emin=-31.13824789, Emax=37.41686456
realization 204 / 300 ... accepted 204. Emin=17.09247073, Emax=88.01803873
realization 205 / 300 ... accepted 205. Emin=29.28815912, Emax=97.73795203
realization 206 / 300 ... accepted 206. Emin=-0.94498525, Emax=82.48059095
realization 207 / 300 ... accepted 207. Emin=-6.32068046, Emax=61.34934602
realization 208 / 300 ... accepted 208. Emin=-42.63535373, Emax=21.33080664
realization 209 / 300 ... accepted 209. Emin=3.24433633, Emax=85.43823912
realization 210 / 300 ... accepted 210. Emin=0.53222205, Emax=69.75678259
realization 211 / 300 ... accepted 211. Emin=-16.00031447, Emax=58.19250394
realization 212 / 300 ... accepted 212. Emin=0.92716670, Emax=82.46255855
realization 213 / 300 ... accepted 213. Emin=-10.05455903, Emax=65.70008152
realization 214 / 300 ... accepted 214. Emin=1.73319199, Emax=66.68389765
realization 215 / 300 ... accepted 215. Emin=-5.83960852, Emax=77.12159485
realization 216 / 300 ... accepted 216. Emin=6.67552955, Emax=73.82103313
realization 217 / 300 ... accepted 217. Emin=-23.39608051, Emax=51.52969255
realization 218 / 300 ... accepted 218. Emin=-19.73096336, Emax=67.67303921
realization 219 / 300 ... accepted 219. Emin=-19.14026738, Emax=59.20774644
realization 220 / 300 ... accepted 220. Emin=-21.27840653, Emax=50.71273260
realization 221 / 300 ... accepted 221. Emin=17.32380839, Emax=101.85053771
realization 222 / 300 ... accepted 222. Emin=-12.39703308, Emax=66.17940284
realization 223 / 300 ... accepted 223. Emin=3.47811725, Emax=73.37701824
realization 224 / 300 ... accepted 224. Emin=-10.85458472, Emax=55.04636750
realization 225 / 300 ... accepted 225. Emin=-3.40003158, Emax=73.06826528
realization 226 / 300 ... accepted 226. Emin=10.26288661, Emax=95.27585972
realization 227 / 300 ... accepted 227. Emin=12.74353751, Emax=87.39216429
realization 228 / 300 ... accepted 228. Emin=-24.82309967, Emax=52.74649103
realization 229 / 300 ... accepted 229. Emin=20.00904839, Emax=83.79468990
realization 230 / 300 ... accepted 230. Emin=20.67496481, Emax=89.43475761
realization 231 / 300 ... accepted 231. Emin=26.10479367, Emax=100.65785158
realization 232 / 300 ... accepted 232. Emin=-16.28870722, Emax=58.82542840
realization 233 / 300 ... accepted 233. Emin=4.87110143, Emax=81.32653439
realization 234 / 300 ... accepted 234. Emin=1.84887089, Emax=82.76387043
realization 235 / 300 ... accepted 235. Emin=-9.87569562, Emax=69.04640601
realization 236 / 300 ... accepted 236. Emin=16.75359243, Emax=97.72833817
realization 237 / 300 ... accepted 237. Emin=-15.44421537, Emax=71.47663936
realization 238 / 300 ... accepted 238. Emin=-17.23536758, Emax=49.25174133
realization 239 / 300 ... accepted 239. Emin=-5.68166561, Emax=63.27423492
realization 240 / 300 ... accepted 240. Emin=1.56408350, Emax=95.38790585
realization 241 / 300 ... accepted 241. Emin=1.04615690, Emax=73.88722148
realization 242 / 300 ... accepted 242. Emin=-8.15341049, Emax=75.99052559
realization 243 / 300 ... accepted 243. Emin=-6.57306071, Emax=65.42624007
realization 244 / 300 ... accepted 244. Emin=-12.17321377, Emax=53.13550519
realization 245 / 300 ... accepted 245. Emin=-13.37204432, Emax=60.98244777
realization 246 / 300 ... accepted 246. Emin=-1.79410725, Emax=67.30182575
realization 247 / 300 ... accepted 247. Emin=2.17042805, Emax=73.53031343
realization 248 / 300 ... accepted 248. Emin=-22.05995541, Emax=44.37438547
realization 249 / 300 ... accepted 249. Emin=12.94360590, Emax=102.56151840
realization 250 / 300 ... accepted 250. Emin=-3.89904867, Emax=83.30632699
realization 251 / 300 ... accepted 251. Emin=-6.52964011, Emax=65.97004563
realization 252 / 300 ... accepted 252. Emin=0.24569198, Emax=71.62424332
realization 253 / 300 ... accepted 253. Emin=3.57245565, Emax=79.62454309
realization 254 / 300 ... accepted 254. Emin=-8.78743412, Emax=65.06342437
realization 255 / 300 ... accepted 255. Emin=-25.70819177, Emax=39.78685076
realization 256 / 300 ... accepted 256. Emin=1.78046356, Emax=80.04250108
realization 257 / 300 ... accepted 257. Emin=-3.37667880, Emax=76.40549439
realization 258 / 300 ... accepted 258. Emin=-3.88563667, Emax=75.59617537
realization 259 / 300 ... accepted 259. Emin=-27.13102057, Emax=47.77740100
realization 260 / 300 ... accepted 260. Emin=-16.51305917, Emax=65.27287256
realization 261 / 300 ... accepted 261. Emin=15.36130077, Emax=93.46281336
realization 262 / 300 ... accepted 262. Emin=-6.30942470, Emax=61.44531791
realization 263 / 300 ... accepted 263. Emin=-15.49804300, Emax=57.27344056
realization 264 / 300 ... accepted 264. Emin=6.53102609, Emax=75.31895779
realization 265 / 300 ... accepted 265. Emin=4.02972965, Emax=90.51728886
realization 266 / 300 ... accepted 266. Emin=9.60765453, Emax=86.34309663
realization 267 / 300 ... accepted 267. Emin=-22.94645583, Emax=58.80384912
realization 268 / 300 ... accepted 268. Emin=8.45354733, Emax=92.60832880
realization 269 / 300 ... accepted 269. Emin=-7.02967693, Emax=70.09287239
realization 270 / 300 ... accepted 270. Emin=19.77708786, Emax=91.23749292
realization 271 / 300 ... accepted 271. Emin=-13.46965042, Emax=60.37753587
realization 272 / 300 ... accepted 272. Emin=-7.75475879, Emax=74.21823334
realization 273 / 300 ... accepted 273. Emin=1.02354924, Emax=79.68674760
realization 274 / 300 ... accepted 274. Emin=5.19096296, Emax=81.85069064
realization 275 / 300 ... accepted 275. Emin=5.72339836, Emax=79.17819316
realization 276 / 300 ... accepted 276. Emin=-20.29806834, Emax=67.56024631
realization 277 / 300 ... accepted 277. Emin=-0.77274123, Emax=93.70556752
realization 278 / 300 ... accepted 278. Emin=-24.41152540, Emax=56.23340703
realization 279 / 300 ... accepted 279. Emin=3.31736106, Emax=89.01993209
realization 280 / 300 ... accepted 280. Emin=-9.49036434, Emax=74.78610138
realization 281 / 300 ... accepted 281. Emin=2.09229876, Emax=87.38265068
realization 282 / 300 ... accepted 282. Emin=-14.25716403, Emax=70.17837888
realization 283 / 300 ... accepted 283. Emin=-3.46889670, Emax=79.56938642
realization 284 / 300 ... accepted 284. Emin=9.22637496, Emax=87.83031825
realization 285 / 300 ... accepted 285. Emin=1.77785733, Emax=89.78749529
realization 286 / 300 ... accepted 286. Emin=17.66877388, Emax=84.10657624
realization 287 / 300 ... accepted 287. Emin=-15.91285347, Emax=73.74886283
realization 288 / 300 ... accepted 288. Emin=0.71717736, Emax=74.75959779
realization 289 / 300 ... accepted 289. Emin=-1.98744714, Emax=78.12368816
realization 290 / 300 ... accepted 290. Emin=-13.80451371, Emax=57.76723317
realization 291 / 300 ... accepted 291. Emin=11.75957810, Emax=79.16573895
realization 292 / 300 ... accepted 292. Emin=-2.64776995, Emax=82.93031510
realization 293 / 300 ... accepted 293. Emin=22.24453961, Emax=95.92529728
realization 294 / 300 ... accepted 294. Emin=10.87012208, Emax=83.90343127
realization 295 / 300 ... accepted 295. Emin=-4.25598524, Emax=76.17837134
realization 296 / 300 ... accepted 296. Emin=12.20814275, Emax=80.77646723
realization 297 / 300 ... accepted 297. Emin=8.17037167, Emax=80.77523391
realization 298 / 300 ... accepted 298. Emin=-12.85472603, Emax=53.69133623
realization 299 / 300 ... accepted 299. Emin=17.07190222, Emax=87.41257081
realization 300 / 300 ... accepted 300. Emin=4.16928261, Emax=70.15916676
Saved final energies: /home/2/kj405942/POLFED_bosons/pbs_bose_legacy_nmax2_periodic/data/U_8/W_10/L_6/N_6_nmax_2/boundary_periodic/energies_full_U8_L6_N6_nmax2_W10_boundaryperiodic_nreal300.txt
Accepted realizations: 300 / 300
Skipped realizations: 0
Job finished at Sun May 31 17:11:33 UTC 2026
