Job started on w30 at Sun May 31 17:10:27 UTC 2026
PBS_JOBID=7731405.kruk-host.ift-klaster.lan
PBS_O_WORKDIR=/home/2/kj405942/POLFED_bosons
Bose-Hubbard: L=6, N=6, nmax=2, dim=141
t=1, U=8, W=6, nreal=300, boundary=periodic, mode=full
Writing partial results to /home/2/kj405942/POLFED_bosons/pbs_bose_legacy_nmax2_periodic/data/U_8/W_6/L_6/N_6_nmax_2/boundary_periodic/energies_full_U8_L6_N6_nmax2_W6_boundaryperiodic_nreal300_partial.txt
realization 1 / 300 ... accepted 1. Emin=-3.76701045, Emax=59.48895148
realization 2 / 300 ... accepted 2. Emin=2.16610587, Emax=64.89232059
realization 3 / 300 ... accepted 3. Emin=9.57196421, Emax=79.71002512
realization 4 / 300 ... accepted 4. Emin=8.10344864, Emax=69.72313724
realization 5 / 300 ... accepted 5. Emin=-13.44428947, Emax=53.27358674
realization 6 / 300 ... accepted 6. Emin=-11.28106034, Emax=54.05822010
realization 7 / 300 ... accepted 7. Emin=2.87056426, Emax=64.32651605
realization 8 / 300 ... accepted 8. Emin=-2.31947433, Emax=63.27328585
realization 9 / 300 ... accepted 9. Emin=-4.65166780, Emax=62.32144791
realization 10 / 300 ... accepted 10. Emin=9.28474216, Emax=70.62796457
realization 11 / 300 ... accepted 11. Emin=-1.86562878, Emax=65.68419705
realization 12 / 300 ... accepted 12. Emin=4.17070885, Emax=59.58681786
realization 13 / 300 ... accepted 13. Emin=-1.53823894, Emax=70.71979390
realization 14 / 300 ... accepted 14. Emin=-2.48620575, Emax=67.66067843
realization 15 / 300 ... accepted 15. Emin=-2.21563656, Emax=62.28633029
realization 16 / 300 ... accepted 16. Emin=-9.93947464, Emax=54.03519745
realization 17 / 300 ... accepted 17. Emin=-3.32355354, Emax=57.79309177
realization 18 / 300 ... accepted 18. Emin=3.71267314, Emax=77.03712368
realization 19 / 300 ... accepted 19. Emin=0.77292517, Emax=73.57744066
realization 20 / 300 ... accepted 20. Emin=0.05475591, Emax=59.55552465
realization 21 / 300 ... accepted 21. Emin=-6.35532162, Emax=51.02921372
realization 22 / 300 ... accepted 22. Emin=9.51289496, Emax=79.84871390
realization 23 / 300 ... accepted 23. Emin=-9.94260024, Emax=63.75750576
realization 24 / 300 ... accepted 24. Emin=9.88614472, Emax=74.11378070
realization 25 / 300 ... accepted 25. Emin=-2.91682562, Emax=61.94276388
realization 26 / 300 ... accepted 26. Emin=-17.98079902, Emax=39.39021049
realization 27 / 300 ... accepted 27. Emin=-2.69726182, Emax=72.09245182
realization 28 / 300 ... accepted 28. Emin=-15.36942780, Emax=48.92106010
realization 29 / 300 ... accepted 29. Emin=-2.01721917, Emax=72.46086015
realization 30 / 300 ... accepted 30. Emin=-6.64780856, Emax=61.49874053
realization 31 / 300 ... accepted 31. Emin=-6.43206224, Emax=56.16799586
realization 32 / 300 ... accepted 32. Emin=-2.03379169, Emax=66.02387538
realization 33 / 300 ... accepted 33. Emin=4.81178483, Emax=70.03051392
realization 34 / 300 ... accepted 34. Emin=-4.01280998, Emax=65.35294933
realization 35 / 300 ... accepted 35. Emin=7.84817871, Emax=67.90227139
realization 36 / 300 ... accepted 36. Emin=-6.90197168, Emax=62.58971446
realization 37 / 300 ... accepted 37. Emin=-7.61636206, Emax=56.58413707
realization 38 / 300 ... accepted 38. Emin=11.56719461, Emax=76.67830449
realization 39 / 300 ... accepted 39. Emin=16.03693152, Emax=73.19187400
realization 40 / 300 ... accepted 40. Emin=-1.76557680, Emax=55.33070900
realization 41 / 300 ... accepted 41. Emin=-15.98310885, Emax=47.39568818
realization 42 / 300 ... accepted 42. Emin=-3.97864708, Emax=63.56571560
realization 43 / 300 ... accepted 43. Emin=4.23265775, Emax=69.00900049
realization 44 / 300 ... accepted 44. Emin=-5.59458037, Emax=59.21068747
realization 45 / 300 ... accepted 45. Emin=2.65114719, Emax=77.39787387
realization 46 / 300 ... accepted 46. Emin=-12.46196138, Emax=55.99795616
realization 47 / 300 ... accepted 47. Emin=-4.41833727, Emax=66.84837264
realization 48 / 300 ... accepted 48. Emin=-13.14911174, Emax=48.85533784
realization 49 / 300 ... accepted 49. Emin=-6.43100506, Emax=62.28815045
realization 50 / 300 ... accepted 50. Emin=-5.66798317, Emax=57.86723297
realization 51 / 300 ... accepted 51. Emin=-6.55619494, Emax=65.33280809
realization 52 / 300 ... accepted 52. Emin=4.95596772, Emax=68.29050372
realization 53 / 300 ... accepted 53. Emin=-13.84773110, Emax=45.84218150
realization 54 / 300 ... accepted 54. Emin=-9.31828870, Emax=49.93275354
realization 55 / 300 ... accepted 55. Emin=13.47232850, Emax=80.16988058
realization 56 / 300 ... accepted 56. Emin=14.83153385, Emax=75.29064943
realization 57 / 300 ... accepted 57. Emin=-4.03887047, Emax=69.15150078
realization 58 / 300 ... accepted 58. Emin=-4.72015200, Emax=62.84956699
realization 59 / 300 ... accepted 59. Emin=-6.81200693, Emax=63.78301334
realization 60 / 300 ... accepted 60. Emin=-1.67339507, Emax=69.98389285
realization 61 / 300 ... accepted 61. Emin=-9.80936302, Emax=62.62959248
realization 62 / 300 ... accepted 62. Emin=-8.15953660, Emax=57.01272909
realization 63 / 300 ... accepted 63. Emin=-15.22348057, Emax=47.76408582
realization 64 / 300 ... accepted 64. Emin=-12.69177497, Emax=56.08036346
realization 65 / 300 ... accepted 65. Emin=13.49679029, Emax=78.63647487
realization 66 / 300 ... accepted 66. Emin=-1.23223206, Emax=65.60566103
realization 67 / 300 ... accepted 67. Emin=-5.14437180, Emax=68.09948913
realization 68 / 300 ... accepted 68. Emin=0.21718001, Emax=67.20913303
realization 69 / 300 ... accepted 69. Emin=-3.06151643, Emax=60.26443438
realization 70 / 300 ... accepted 70. Emin=-13.46869224, Emax=52.23751710
realization 71 / 300 ... accepted 71. Emin=-7.96951498, Emax=64.05289953
realization 72 / 300 ... accepted 72. Emin=12.86564505, Emax=78.06090946
realization 73 / 300 ... accepted 73. Emin=-10.44911461, Emax=56.95341730
realization 74 / 300 ... accepted 74. Emin=-11.63857038, Emax=50.57828565
realization 75 / 300 ... accepted 75. Emin=7.30144887, Emax=62.02261213
realization 76 / 300 ... accepted 76. Emin=11.53267989, Emax=77.95609779
realization 77 / 300 ... accepted 77. Emin=-2.21167941, Emax=70.56402622
realization 78 / 300 ... accepted 78. Emin=-2.76716719, Emax=63.08633266
realization 79 / 300 ... accepted 79. Emin=-11.32188354, Emax=54.26180735
realization 80 / 300 ... accepted 80. Emin=-3.49500823, Emax=64.62861499
realization 81 / 300 ... accepted 81. Emin=-1.86651958, Emax=70.24453652
realization 82 / 300 ... accepted 82. Emin=-4.20674598, Emax=62.85921446
realization 83 / 300 ... accepted 83. Emin=5.97061577, Emax=69.82083785
realization 84 / 300 ... accepted 84. Emin=3.28115272, Emax=74.00003757
realization 85 / 300 ... accepted 85. Emin=13.53374356, Emax=78.55227829
realization 86 / 300 ... accepted 86. Emin=5.11110875, Emax=70.34168432
realization 87 / 300 ... accepted 87. Emin=-0.75839225, Emax=63.90987205
realization 88 / 300 ... accepted 88. Emin=-2.83982673, Emax=59.55969986
realization 89 / 300 ... accepted 89. Emin=10.12159775, Emax=73.52921724
realization 90 / 300 ... accepted 90. Emin=-7.95671357, Emax=49.37922139
realization 91 / 300 ... accepted 91. Emin=-6.46207832, Emax=63.35516729
realization 92 / 300 ... accepted 92. Emin=4.53542933, Emax=68.95902148
realization 93 / 300 ... accepted 93. Emin=-23.93328720, Emax=35.97741247
realization 94 / 300 ... accepted 94. Emin=1.85107235, Emax=66.35812453
realization 95 / 300 ... accepted 95. Emin=-2.32133546, Emax=66.90114534
realization 96 / 300 ... accepted 96. Emin=5.38631190, Emax=73.16397873
realization 97 / 300 ... accepted 97. Emin=-9.85179396, Emax=56.13071899
realization 98 / 300 ... accepted 98. Emin=3.44382829, Emax=76.48772184
realization 99 / 300 ... accepted 99. Emin=5.44260380, Emax=64.92052919
realization 100 / 300 ... accepted 100. Emin=1.18099272, Emax=60.32394057
realization 101 / 300 ... accepted 101. Emin=0.11009561, Emax=76.69311515
realization 102 / 300 ... accepted 102. Emin=13.32185527, Emax=79.04755260
realization 103 / 300 ... accepted 103. Emin=1.69893333, Emax=76.86782532
realization 104 / 300 ... accepted 104. Emin=6.71382595, Emax=75.65554309
realization 105 / 300 ... accepted 105. Emin=-8.56107374, Emax=62.49782059
realization 106 / 300 ... accepted 106. Emin=-2.66871727, Emax=59.95940942
realization 107 / 300 ... accepted 107. Emin=-6.28248122, Emax=57.58919084
realization 108 / 300 ... accepted 108. Emin=10.50437652, Emax=77.06546475
realization 109 / 300 ... accepted 109. Emin=2.37388470, Emax=71.84376371
realization 110 / 300 ... accepted 110. Emin=4.37511371, Emax=77.54813710
realization 111 / 300 ... accepted 111. Emin=4.46250308, Emax=73.35786382
realization 112 / 300 ... accepted 112. Emin=-7.24322774, Emax=56.62038015
realization 113 / 300 ... accepted 113. Emin=-6.06810563, Emax=58.99303576
realization 114 / 300 ... accepted 114. Emin=-6.73812450, Emax=58.71842075
realization 115 / 300 ... accepted 115. Emin=-7.44998573, Emax=60.13920663
realization 116 / 300 ... accepted 116. Emin=8.41602179, Emax=66.46259573
realization 117 / 300 ... accepted 117. Emin=-4.55970931, Emax=61.66802643
realization 118 / 300 ... accepted 118. Emin=1.53284280, Emax=72.40113650
realization 119 / 300 ... accepted 119. Emin=-0.74882910, Emax=71.67345647
realization 120 / 300 ... accepted 120. Emin=5.37895953, Emax=71.62366345
realization 121 / 300 ... accepted 121. Emin=2.79335392, Emax=68.16483678
realization 122 / 300 ... accepted 122. Emin=-2.87213452, Emax=67.30311173
realization 123 / 300 ... accepted 123. Emin=11.88221089, Emax=73.01623204
realization 124 / 300 ... accepted 124. Emin=-8.70718531, Emax=56.47774696
realization 125 / 300 ... accepted 125. Emin=-9.94864885, Emax=63.22313977
realization 126 / 300 ... accepted 126. Emin=-12.00628769, Emax=52.45804320
realization 127 / 300 ... accepted 127. Emin=-5.37867521, Emax=69.90701324
realization 128 / 300 ... accepted 128. Emin=-8.09964183, Emax=57.26370260
realization 129 / 300 ... accepted 129. Emin=-8.14668050, Emax=63.90259323
realization 130 / 300 ... accepted 130. Emin=8.77782108, Emax=74.98975581
realization 131 / 300 ... accepted 131. Emin=-17.71809838, Emax=36.24378710
realization 132 / 300 ... accepted 132. Emin=1.35984681, Emax=66.99703042
realization 133 / 300 ... accepted 133. Emin=-12.91222288, Emax=53.72715966
realization 134 / 300 ... accepted 134. Emin=12.39865405, Emax=78.13021839
realization 135 / 300 ... accepted 135. Emin=3.05299586, Emax=66.13824241
realization 136 / 300 ... accepted 136. Emin=-0.11520094, Emax=61.09317634
realization 137 / 300 ... accepted 137. Emin=-6.46638897, Emax=57.38345028
realization 138 / 300 ... accepted 138. Emin=-4.53022247, Emax=59.35064227
realization 139 / 300 ... accepted 139. Emin=-8.13586938, Emax=53.43859594
realization 140 / 300 ... accepted 140. Emin=4.74040939, Emax=71.63242599
realization 141 / 300 ... accepted 141. Emin=-3.52265544, Emax=66.23837286
realization 142 / 300 ... accepted 142. Emin=4.88430554, Emax=69.35931619
realization 143 / 300 ... accepted 143. Emin=-10.03492126, Emax=60.10561762
realization 144 / 300 ... accepted 144. Emin=13.34226581, Emax=78.15487277
realization 145 / 300 ... accepted 145. Emin=3.06892147, Emax=65.16768573
realization 146 / 300 ... accepted 146. Emin=-3.46821586, Emax=65.46160933
realization 147 / 300 ... accepted 147. Emin=2.97610009, Emax=66.36081331
realization 148 / 300 ... accepted 148. Emin=2.45612957, Emax=69.33740105
realization 149 / 300 ... accepted 149. Emin=5.71294299, Emax=69.72953483
realization 150 / 300 ... accepted 150. Emin=2.17682182, Emax=58.47010520
realization 151 / 300 ... accepted 151. Emin=2.26488667, Emax=65.66260381
realization 152 / 300 ... accepted 152. Emin=11.88294689, Emax=71.55922416
realization 153 / 300 ... accepted 153. Emin=-11.44380957, Emax=48.50338021
realization 154 / 300 ... accepted 154. Emin=3.72590039, Emax=70.63517470
realization 155 / 300 ... accepted 155. Emin=-8.16114170, Emax=64.29452770
realization 156 / 300 ... accepted 156. Emin=-12.09621812, Emax=52.22240021
realization 157 / 300 ... accepted 157. Emin=-9.41747942, Emax=56.11508691
realization 158 / 300 ... accepted 158. Emin=-11.30584452, Emax=50.78001813
realization 159 / 300 ... accepted 159. Emin=1.37671069, Emax=71.49738038
realization 160 / 300 ... accepted 160. Emin=16.41749606, Emax=76.65960225
realization 161 / 300 ... accepted 161. Emin=-4.72375948, Emax=56.98038420
realization 162 / 300 ... accepted 162. Emin=-11.64667024, Emax=55.06934660
realization 163 / 300 ... accepted 163. Emin=-8.90247181, Emax=59.37415621
realization 164 / 300 ... accepted 164. Emin=4.90374551, Emax=72.34937079
realization 165 / 300 ... accepted 165. Emin=-4.33564633, Emax=62.09997672
realization 166 / 300 ... accepted 166. Emin=7.27953992, Emax=74.86086082
realization 167 / 300 ... accepted 167. Emin=6.02494551, Emax=68.93033412
realization 168 / 300 ... accepted 168. Emin=-4.10898424, Emax=67.52900212
realization 169 / 300 ... accepted 169. Emin=-2.03873292, Emax=67.19978810
realization 170 / 300 ... accepted 170. Emin=-14.42939145, Emax=43.90863542
realization 171 / 300 ... accepted 171. Emin=-1.54371827, Emax=69.73219573
realization 172 / 300 ... accepted 172. Emin=-15.27712049, Emax=50.75896088
realization 173 / 300 ... accepted 173. Emin=0.55015410, Emax=62.26849177
realization 174 / 300 ... accepted 174. Emin=6.15187718, Emax=70.70477448
realization 175 / 300 ... accepted 175. Emin=-1.79713679, Emax=65.87945187
realization 176 / 300 ... accepted 176. Emin=-13.20577115, Emax=54.32316320
realization 177 / 300 ... accepted 177. Emin=-15.55341785, Emax=48.53120656
realization 178 / 300 ... accepted 178. Emin=-3.39090338, Emax=59.13656620
realization 179 / 300 ... accepted 179. Emin=0.42523529, Emax=69.01201231
realization 180 / 300 ... accepted 180. Emin=-13.21067353, Emax=43.57113669
realization 181 / 300 ... accepted 181. Emin=14.11636841, Emax=73.90527328
realization 182 / 300 ... accepted 182. Emin=6.55841268, Emax=69.41983477
realization 183 / 300 ... accepted 183. Emin=-4.81193769, Emax=68.23991970
realization 184 / 300 ... accepted 184. Emin=1.53455125, Emax=81.49016217
realization 185 / 300 ... accepted 185. Emin=1.99435183, Emax=72.60751020
realization 186 / 300 ... accepted 186. Emin=-7.47283470, Emax=61.83913022
realization 187 / 300 ... accepted 187. Emin=-8.13806899, Emax=58.20324311
realization 188 / 300 ... accepted 188. Emin=17.83385324, Emax=78.53427099
realization 189 / 300 ... accepted 189. Emin=0.81616167, Emax=65.54931618
realization 190 / 300 ... accepted 190. Emin=1.08840463, Emax=62.46123491
realization 191 / 300 ... accepted 191. Emin=5.17201817, Emax=81.48987393
realization 192 / 300 ... accepted 192. Emin=-13.51559723, Emax=47.18129253
realization 193 / 300 ... accepted 193. Emin=-7.41404722, Emax=65.85865508
realization 194 / 300 ... accepted 194. Emin=5.78981084, Emax=61.53111964
realization 195 / 300 ... accepted 195. Emin=-9.15024916, Emax=66.19368195
realization 196 / 300 ... accepted 196. Emin=5.92292146, Emax=70.18177770
realization 197 / 300 ... accepted 197. Emin=11.70362525, Emax=74.24233312
realization 198 / 300 ... accepted 198. Emin=5.28377962, Emax=70.38089908
realization 199 / 300 ... accepted 199. Emin=-5.73899914, Emax=63.67037994
realization 200 / 300 ... accepted 200. Emin=4.54112237, Emax=71.19320904
realization 201 / 300 ... accepted 201. Emin=-8.27817748, Emax=62.61915059
realization 202 / 300 ... accepted 202. Emin=-14.15933988, Emax=52.01103223
realization 203 / 300 ... accepted 203. Emin=-1.08050402, Emax=60.96171144
realization 204 / 300 ... accepted 204. Emin=-7.40561259, Emax=56.86169199
realization 205 / 300 ... accepted 205. Emin=9.38781530, Emax=80.02744632
realization 206 / 300 ... accepted 206. Emin=-10.44961281, Emax=52.60941142
realization 207 / 300 ... accepted 207. Emin=-2.14844011, Emax=68.88967835
realization 208 / 300 ... accepted 208. Emin=-16.67782331, Emax=46.76554295
realization 209 / 300 ... accepted 209. Emin=2.21444211, Emax=73.10044910
realization 210 / 300 ... accepted 210. Emin=3.15961371, Emax=68.35988980
realization 211 / 300 ... accepted 211. Emin=-14.35737378, Emax=51.05428072
realization 212 / 300 ... accepted 212. Emin=-8.66593235, Emax=57.81396867
realization 213 / 300 ... accepted 213. Emin=5.98710495, Emax=69.04332461
realization 214 / 300 ... accepted 214. Emin=-3.71158238, Emax=65.78962437
realization 215 / 300 ... accepted 215. Emin=3.13442394, Emax=70.56623469
realization 216 / 300 ... accepted 216. Emin=14.37079453, Emax=75.31550058
realization 217 / 300 ... accepted 217. Emin=-4.78951621, Emax=61.41613240
realization 218 / 300 ... accepted 218. Emin=-7.63252757, Emax=59.56804188
realization 219 / 300 ... accepted 219. Emin=3.35683440, Emax=66.21788257
realization 220 / 300 ... accepted 220. Emin=-10.90396193, Emax=51.62081576
realization 221 / 300 ... accepted 221. Emin=-3.49184886, Emax=63.51444537
realization 222 / 300 ... accepted 222. Emin=-12.83310547, Emax=49.36080552
realization 223 / 300 ... accepted 223. Emin=-10.98276369, Emax=49.13888267
realization 224 / 300 ... accepted 224. Emin=-2.56214186, Emax=58.95365586
realization 225 / 300 ... accepted 225. Emin=-15.30145095, Emax=49.35219444
realization 226 / 300 ... accepted 226. Emin=-4.57606247, Emax=62.02031818
realization 227 / 300 ... accepted 227. Emin=4.76693124, Emax=69.12406224
realization 228 / 300 ... accepted 228. Emin=-9.98967862, Emax=52.45582728
realization 229 / 300 ... accepted 229. Emin=-10.21593018, Emax=56.31924461
realization 230 / 300 ... accepted 230. Emin=-17.62556152, Emax=41.25609846
realization 231 / 300 ... accepted 231. Emin=4.34208012, Emax=71.21910902
realization 232 / 300 ... accepted 232. Emin=-8.34520514, Emax=61.09057594
realization 233 / 300 ... accepted 233. Emin=-9.25685710, Emax=49.37917124
realization 234 / 300 ... accepted 234. Emin=-10.55303731, Emax=55.78600672
realization 235 / 300 ... accepted 235. Emin=-1.06368286, Emax=64.45097728
realization 236 / 300 ... accepted 236. Emin=-22.70707221, Emax=41.61789166
realization 237 / 300 ... accepted 237. Emin=-12.17289428, Emax=50.52960850
realization 238 / 300 ... accepted 238. Emin=3.56818925, Emax=72.67228959
realization 239 / 300 ... accepted 239. Emin=-11.86417566, Emax=58.12862461
realization 240 / 300 ... accepted 240. Emin=-1.10951215, Emax=66.34509697
realization 241 / 300 ... accepted 241. Emin=-4.30929052, Emax=61.48080387
realization 242 / 300 ... accepted 242. Emin=0.28201499, Emax=58.33442293
realization 243 / 300 ... accepted 243. Emin=3.47982688, Emax=71.14979947
realization 244 / 300 ... accepted 244. Emin=-3.19028367, Emax=61.24915469
realization 245 / 300 ... accepted 245. Emin=1.35686110, Emax=66.98548274
realization 246 / 300 ... accepted 246. Emin=13.99589587, Emax=80.89703877
realization 247 / 300 ... accepted 247. Emin=4.54466654, Emax=67.79983257
realization 248 / 300 ... accepted 248. Emin=-5.47124526, Emax=63.00907919
realization 249 / 300 ... accepted 249. Emin=-10.81575220, Emax=45.95164816
realization 250 / 300 ... accepted 250. Emin=3.78336174, Emax=74.38783026
realization 251 / 300 ... accepted 251. Emin=5.07053669, Emax=69.95520763
realization 252 / 300 ... accepted 252. Emin=-3.53528554, Emax=57.35929560
realization 253 / 300 ... accepted 253. Emin=-14.92343432, Emax=50.50429575
realization 254 / 300 ... accepted 254. Emin=-2.71956499, Emax=62.28961432
realization 255 / 300 ... accepted 255. Emin=3.20562354, Emax=66.33624750
realization 256 / 300 ... accepted 256. Emin=-6.63282768, Emax=50.61013479
realization 257 / 300 ... accepted 257. Emin=0.45718987, Emax=70.87302511
realization 258 / 300 ... accepted 258. Emin=4.16711554, Emax=74.80195645
realization 259 / 300 ... accepted 259. Emin=-12.82511336, Emax=52.49335194
realization 260 / 300 ... accepted 260. Emin=-8.54310329, Emax=56.78023916
realization 261 / 300 ... accepted 261. Emin=-6.86746877, Emax=63.29506865
realization 262 / 300 ... accepted 262. Emin=10.37454293, Emax=74.42831098
realization 263 / 300 ... accepted 263. Emin=-4.69661274, Emax=61.76118343
realization 264 / 300 ... accepted 264. Emin=13.05151698, Emax=72.43693763
realization 265 / 300 ... accepted 265. Emin=-4.32945373, Emax=61.07302589
realization 266 / 300 ... accepted 266. Emin=-3.97359010, Emax=56.69326463
realization 267 / 300 ... accepted 267. Emin=-1.94069453, Emax=67.02184469
realization 268 / 300 ... accepted 268. Emin=4.93948959, Emax=70.42559029
realization 269 / 300 ... accepted 269. Emin=0.11168322, Emax=73.65681014
realization 270 / 300 ... accepted 270. Emin=-5.14466592, Emax=68.41978559
realization 271 / 300 ... accepted 271. Emin=1.26317645, Emax=67.12032233
realization 272 / 300 ... accepted 272. Emin=-16.36134429, Emax=41.67971166
realization 273 / 300 ... accepted 273. Emin=0.46775670, Emax=73.21904471
realization 274 / 300 ... accepted 274. Emin=-1.13084510, Emax=62.94818146
realization 275 / 300 ... accepted 275. Emin=-19.17627099, Emax=44.36593755
realization 276 / 300 ... accepted 276. Emin=-11.97027245, Emax=52.76792595
realization 277 / 300 ... accepted 277. Emin=5.76647796, Emax=74.27036727
realization 278 / 300 ... accepted 278. Emin=-0.14020406, Emax=65.67905453
realization 279 / 300 ... accepted 279. Emin=-14.51130676, Emax=49.45014934
realization 280 / 300 ... accepted 280. Emin=2.34145063, Emax=72.79491555
realization 281 / 300 ... accepted 281. Emin=-8.35671500, Emax=62.03744426
realization 282 / 300 ... accepted 282. Emin=4.01709915, Emax=64.45851414
realization 283 / 300 ... accepted 283. Emin=10.79417399, Emax=69.52546901
realization 284 / 300 ... accepted 284. Emin=-0.75598468, Emax=67.43547719
realization 285 / 300 ... accepted 285. Emin=2.89879196, Emax=58.31612489
realization 286 / 300 ... accepted 286. Emin=8.46096829, Emax=66.12674726
realization 287 / 300 ... accepted 287. Emin=7.36453977, Emax=76.04371724
realization 288 / 300 ... accepted 288. Emin=21.61110659, Emax=80.03322410
realization 289 / 300 ... accepted 289. Emin=8.84250639, Emax=69.84038498
realization 290 / 300 ... accepted 290. Emin=6.33159890, Emax=72.83751265
realization 291 / 300 ... accepted 291. Emin=-8.47484013, Emax=57.43763676
realization 292 / 300 ... accepted 292. Emin=2.76675080, Emax=67.99538094
realization 293 / 300 ... accepted 293. Emin=-6.59579106, Emax=55.59572138
realization 294 / 300 ... accepted 294. Emin=-13.33285497, Emax=53.18053308
realization 295 / 300 ... accepted 295. Emin=1.20335120, Emax=64.11596422
realization 296 / 300 ... accepted 296. Emin=6.74123397, Emax=71.35153515
realization 297 / 300 ... accepted 297. Emin=-3.46150589, Emax=61.52187616
realization 298 / 300 ... accepted 298. Emin=4.95165512, Emax=74.92361732
realization 299 / 300 ... accepted 299. Emin=3.48088575, Emax=69.77979282
realization 300 / 300 ... accepted 300. Emin=-4.17142365, Emax=61.15733324
Saved final energies: /home/2/kj405942/POLFED_bosons/pbs_bose_legacy_nmax2_periodic/data/U_8/W_6/L_6/N_6_nmax_2/boundary_periodic/energies_full_U8_L6_N6_nmax2_W6_boundaryperiodic_nreal300.txt
Accepted realizations: 300 / 300
Skipped realizations: 0
Job finished at Sun May 31 17:11:27 UTC 2026
