Job started on w30 at Sun May 31 17:10:29 UTC 2026
PBS_JOBID=7731413.kruk-host.ift-klaster.lan
PBS_O_WORKDIR=/home/2/kj405942/POLFED_bosons
Bose-Hubbard: L=6, N=6, nmax=2, dim=141
t=1, U=8, W=14, nreal=300, boundary=periodic, mode=full
Writing partial results to /home/2/kj405942/POLFED_bosons/pbs_bose_legacy_nmax2_periodic/data/U_8/W_14/L_6/N_6_nmax_2/boundary_periodic/energies_full_U8_L6_N6_nmax2_W14_boundaryperiodic_nreal300_partial.txt
realization 1 / 300 ... accepted 1. Emin=-26.94705046, Emax=74.08051602
realization 2 / 300 ... accepted 2. Emin=25.19665285, Emax=90.77197587
realization 3 / 300 ... accepted 3. Emin=21.47061984, Emax=102.58627268
realization 4 / 300 ... accepted 4. Emin=-2.33461481, Emax=77.25258877
realization 5 / 300 ... accepted 5. Emin=-24.42173319, Emax=62.10179619
realization 6 / 300 ... accepted 6. Emin=-7.69849943, Emax=67.02481069
realization 7 / 300 ... accepted 7. Emin=-8.41978264, Emax=73.64357279
realization 8 / 300 ... accepted 8. Emin=8.85898949, Emax=101.59566520
realization 9 / 300 ... accepted 9. Emin=21.99346685, Emax=98.59246413
realization 10 / 300 ... accepted 10. Emin=13.14286051, Emax=82.99142162
realization 11 / 300 ... accepted 11. Emin=4.02255052, Emax=83.15205909
realization 12 / 300 ... accepted 12. Emin=17.10673953, Emax=86.99019751
realization 13 / 300 ... accepted 13. Emin=-28.93431831, Emax=45.35246249
realization 14 / 300 ... accepted 14. Emin=-16.15060314, Emax=101.19706028
realization 15 / 300 ... accepted 15. Emin=43.22221392, Emax=118.61242597
realization 16 / 300 ... accepted 16. Emin=-1.01482554, Emax=84.85975725
realization 17 / 300 ... accepted 17. Emin=-13.34007556, Emax=79.30360831
realization 18 / 300 ... accepted 18. Emin=-15.12451178, Emax=82.56807078
realization 19 / 300 ... accepted 19. Emin=5.37180512, Emax=102.90511071
realization 20 / 300 ... accepted 20. Emin=9.72001264, Emax=108.40270667
realization 21 / 300 ... accepted 21. Emin=-2.51579842, Emax=121.66083327
realization 22 / 300 ... accepted 22. Emin=-17.86090903, Emax=69.60232685
realization 23 / 300 ... accepted 23. Emin=-26.41233248, Emax=96.83590001
realization 24 / 300 ... accepted 24. Emin=-13.73830842, Emax=73.62011738
realization 25 / 300 ... accepted 25. Emin=-47.77639282, Emax=37.02642077
realization 26 / 300 ... accepted 26. Emin=-19.34904548, Emax=59.96938828
realization 27 / 300 ... accepted 27. Emin=4.19259895, Emax=98.74339688
realization 28 / 300 ... accepted 28. Emin=31.32226271, Emax=99.61198960
realization 29 / 300 ... accepted 29. Emin=-23.49039072, Emax=52.61824949
realization 30 / 300 ... accepted 30. Emin=-20.75187909, Emax=87.86097463
realization 31 / 300 ... accepted 31. Emin=-15.94744985, Emax=63.23445600
realization 32 / 300 ... accepted 32. Emin=-28.73076010, Emax=60.30194851
realization 33 / 300 ... accepted 33. Emin=-25.77116659, Emax=89.98347897
realization 34 / 300 ... accepted 34. Emin=22.19842645, Emax=111.50752873
realization 35 / 300 ... accepted 35. Emin=-31.74098069, Emax=80.18631849
realization 36 / 300 ... accepted 36. Emin=38.06551732, Emax=113.75271471
realization 37 / 300 ... accepted 37. Emin=9.83666041, Emax=108.30932105
realization 38 / 300 ... accepted 38. Emin=-20.05352464, Emax=83.62436166
realization 39 / 300 ... accepted 39. Emin=-31.07074744, Emax=54.15952817
realization 40 / 300 ... accepted 40. Emin=-36.75951431, Emax=36.04997315
realization 41 / 300 ... accepted 41. Emin=-11.24861538, Emax=75.18264081
realization 42 / 300 ... accepted 42. Emin=-4.39868996, Emax=104.56586803
realization 43 / 300 ... accepted 43. Emin=5.38432937, Emax=88.40862800
realization 44 / 300 ... accepted 44. Emin=-22.54800249, Emax=96.06375210
realization 45 / 300 ... accepted 45. Emin=-21.99659035, Emax=67.37242227
realization 46 / 300 ... accepted 46. Emin=14.37206653, Emax=90.90256404
realization 47 / 300 ... accepted 47. Emin=28.22017512, Emax=118.88743485
realization 48 / 300 ... accepted 48. Emin=-10.88767354, Emax=66.99010812
realization 49 / 300 ... accepted 49. Emin=-4.07449904, Emax=121.46648374
realization 50 / 300 ... accepted 50. Emin=-17.08723726, Emax=84.09165472
realization 51 / 300 ... accepted 51. Emin=-11.62024855, Emax=95.81538048
realization 52 / 300 ... accepted 52. Emin=-31.89379709, Emax=69.91671562
realization 53 / 300 ... accepted 53. Emin=18.00322876, Emax=77.50968342
realization 54 / 300 ... accepted 54. Emin=2.32171745, Emax=80.81443585
realization 55 / 300 ... accepted 55. Emin=-4.23891180, Emax=83.14323990
realization 56 / 300 ... accepted 56. Emin=2.37021890, Emax=93.31536914
realization 57 / 300 ... accepted 57. Emin=7.01911235, Emax=107.73354706
realization 58 / 300 ... accepted 58. Emin=-12.68961266, Emax=105.39412323
realization 59 / 300 ... accepted 59. Emin=-24.67083060, Emax=73.04490024
realization 60 / 300 ... accepted 60. Emin=-2.69326115, Emax=97.46206840
realization 61 / 300 ... accepted 61. Emin=14.88052754, Emax=117.50386489
realization 62 / 300 ... accepted 62. Emin=7.59993344, Emax=88.41251690
realization 63 / 300 ... accepted 63. Emin=-2.05934553, Emax=83.32201350
realization 64 / 300 ... accepted 64. Emin=14.37112815, Emax=105.77232684
realization 65 / 300 ... accepted 65. Emin=-46.97235629, Emax=64.53813658
realization 66 / 300 ... accepted 66. Emin=-1.70226722, Emax=99.09208898
realization 67 / 300 ... accepted 67. Emin=-17.08165033, Emax=52.12582087
realization 68 / 300 ... accepted 68. Emin=-7.69714409, Emax=78.62234681
realization 69 / 300 ... accepted 69. Emin=-10.96062898, Emax=81.25371927
realization 70 / 300 ... accepted 70. Emin=-17.93254072, Emax=73.28589388
realization 71 / 300 ... accepted 71. Emin=13.22845522, Emax=96.90315725
realization 72 / 300 ... accepted 72. Emin=-17.67778950, Emax=87.60205957
realization 73 / 300 ... accepted 73. Emin=-16.91022619, Emax=78.40229712
realization 74 / 300 ... accepted 74. Emin=-16.60523971, Emax=57.39799546
realization 75 / 300 ... accepted 75. Emin=-19.03608281, Emax=63.95850791
realization 76 / 300 ... accepted 76. Emin=-40.90113520, Emax=33.01631414
realization 77 / 300 ... accepted 77. Emin=-11.42811196, Emax=70.31979954
realization 78 / 300 ... accepted 78. Emin=-4.74971803, Emax=76.68875420
realization 79 / 300 ... accepted 79. Emin=-8.16735664, Emax=89.60626462
realization 80 / 300 ... accepted 80. Emin=-20.76739659, Emax=92.32560224
realization 81 / 300 ... accepted 81. Emin=-3.62706287, Emax=75.53297102
realization 82 / 300 ... accepted 82. Emin=-4.28448164, Emax=88.16770170
realization 83 / 300 ... accepted 83. Emin=1.83434393, Emax=100.11915763
realization 84 / 300 ... accepted 84. Emin=25.80129145, Emax=118.28733878
realization 85 / 300 ... accepted 85. Emin=-12.16119621, Emax=71.79375462
realization 86 / 300 ... accepted 86. Emin=9.10662760, Emax=82.07895946
realization 87 / 300 ... accepted 87. Emin=-16.14851607, Emax=95.12776751
realization 88 / 300 ... accepted 88. Emin=-13.94259285, Emax=82.77219909
realization 89 / 300 ... accepted 89. Emin=-40.23545372, Emax=63.18947695
realization 90 / 300 ... accepted 90. Emin=-11.65319405, Emax=64.10372992
realization 91 / 300 ... accepted 91. Emin=-16.88055147, Emax=85.20469492
realization 92 / 300 ... accepted 92. Emin=24.90124973, Emax=99.66591314
realization 93 / 300 ... accepted 93. Emin=-12.94035933, Emax=58.55845149
realization 94 / 300 ... accepted 94. Emin=-23.27748183, Emax=53.89335490
realization 95 / 300 ... accepted 95. Emin=-0.46450759, Emax=121.18121422
realization 96 / 300 ... accepted 96. Emin=-19.87854219, Emax=61.15963127
realization 97 / 300 ... accepted 97. Emin=-1.05981063, Emax=113.16914453
realization 98 / 300 ... accepted 98. Emin=-36.17511519, Emax=42.67579091
realization 99 / 300 ... accepted 99. Emin=-8.24885548, Emax=104.19873738
realization 100 / 300 ... accepted 100. Emin=-8.82225978, Emax=64.98308433
realization 101 / 300 ... accepted 101. Emin=-5.12497552, Emax=92.39671708
realization 102 / 300 ... accepted 102. Emin=-5.95207498, Emax=99.19849540
realization 103 / 300 ... accepted 103. Emin=-18.52784299, Emax=74.01700730
realization 104 / 300 ... accepted 104. Emin=-29.71680247, Emax=56.99169017
realization 105 / 300 ... accepted 105. Emin=-6.07920647, Emax=76.89694109
realization 106 / 300 ... accepted 106. Emin=-38.20237948, Emax=53.87544211
realization 107 / 300 ... accepted 107. Emin=3.02927991, Emax=87.05758694
realization 108 / 300 ... accepted 108. Emin=10.69371890, Emax=118.55828206
realization 109 / 300 ... accepted 109. Emin=-4.69658796, Emax=89.75655325
realization 110 / 300 ... accepted 110. Emin=17.97976399, Emax=82.91047354
realization 111 / 300 ... accepted 111. Emin=-28.26745627, Emax=63.45448542
realization 112 / 300 ... accepted 112. Emin=-17.45983958, Emax=97.63106989
realization 113 / 300 ... accepted 113. Emin=25.85059205, Emax=114.96560345
realization 114 / 300 ... accepted 114. Emin=-1.79661425, Emax=90.01541062
realization 115 / 300 ... accepted 115. Emin=23.41688540, Emax=119.87651664
realization 116 / 300 ... accepted 116. Emin=-20.25040542, Emax=53.57103657
realization 117 / 300 ... accepted 117. Emin=-18.54174493, Emax=92.41770259
realization 118 / 300 ... accepted 118. Emin=5.99044012, Emax=101.97873137
realization 119 / 300 ... accepted 119. Emin=26.83426407, Emax=95.94873467
realization 120 / 300 ... accepted 120. Emin=-16.49755021, Emax=88.32710766
realization 121 / 300 ... accepted 121. Emin=-14.61452171, Emax=81.24173651
realization 122 / 300 ... accepted 122. Emin=-16.72470876, Emax=77.78039122
realization 123 / 300 ... accepted 123. Emin=-21.60923146, Emax=92.65235166
realization 124 / 300 ... accepted 124. Emin=1.76332004, Emax=106.79527475
realization 125 / 300 ... accepted 125. Emin=-11.94411545, Emax=81.63606977
realization 126 / 300 ... accepted 126. Emin=-16.04716324, Emax=94.72715990
realization 127 / 300 ... accepted 127. Emin=-7.86010637, Emax=104.09109820
realization 128 / 300 ... accepted 128. Emin=-34.70010772, Emax=79.11995742
realization 129 / 300 ... accepted 129. Emin=-6.04947803, Emax=106.41883694
realization 130 / 300 ... accepted 130. Emin=2.04509706, Emax=89.28363987
realization 131 / 300 ... accepted 131. Emin=21.64544814, Emax=88.96889704
realization 132 / 300 ... accepted 132. Emin=5.88996144, Emax=82.21181327
realization 133 / 300 ... accepted 133. Emin=-18.67941817, Emax=59.71683351
realization 134 / 300 ... accepted 134. Emin=-34.38922370, Emax=70.83334309
realization 135 / 300 ... accepted 135. Emin=-15.49683413, Emax=120.60487862
realization 136 / 300 ... accepted 136. Emin=-28.84997835, Emax=65.98923547
realization 137 / 300 ... accepted 137. Emin=14.18763075, Emax=96.60924737
realization 138 / 300 ... accepted 138. Emin=15.74570948, Emax=114.67055638
realization 139 / 300 ... accepted 139. Emin=-30.45499973, Emax=74.66191347
realization 140 / 300 ... accepted 140. Emin=-15.70781563, Emax=94.54134389
realization 141 / 300 ... accepted 141. Emin=6.09718560, Emax=92.55637422
realization 142 / 300 ... accepted 142. Emin=7.27750586, Emax=76.08607649
realization 143 / 300 ... accepted 143. Emin=-24.06413846, Emax=56.80757730
realization 144 / 300 ... accepted 144. Emin=-11.42911399, Emax=60.56688206
realization 145 / 300 ... accepted 145. Emin=-24.18450397, Emax=71.57856059
realization 146 / 300 ... accepted 146. Emin=18.67697094, Emax=115.35067668
realization 147 / 300 ... accepted 147. Emin=14.68655024, Emax=103.01917670
realization 148 / 300 ... accepted 148. Emin=-10.02697605, Emax=75.64032770
realization 149 / 300 ... accepted 149. Emin=25.70671012, Emax=130.62836123
realization 150 / 300 ... accepted 150. Emin=-1.97232758, Emax=105.22513091
realization 151 / 300 ... accepted 151. Emin=22.82517968, Emax=80.62949103
realization 152 / 300 ... accepted 152. Emin=-3.29956486, Emax=86.45530872
realization 153 / 300 ... accepted 153. Emin=-11.28368431, Emax=54.80857315
realization 154 / 300 ... accepted 154. Emin=16.00674446, Emax=98.64421257
realization 155 / 300 ... accepted 155. Emin=-27.25959209, Emax=58.27914958
realization 156 / 300 ... accepted 156. Emin=-23.05428934, Emax=63.39962299
realization 157 / 300 ... accepted 157. Emin=-5.03342067, Emax=93.58764660
realization 158 / 300 ... accepted 158. Emin=-13.76565552, Emax=59.50866783
realization 159 / 300 ... accepted 159. Emin=-27.44797364, Emax=43.47250114
realization 160 / 300 ... accepted 160. Emin=-29.18382805, Emax=61.27157518
realization 161 / 300 ... accepted 161. Emin=-5.62190986, Emax=77.51598792
realization 162 / 300 ... accepted 162. Emin=-12.06767994, Emax=81.50146635
realization 163 / 300 ... accepted 163. Emin=-4.59222702, Emax=97.43441512
realization 164 / 300 ... accepted 164. Emin=-8.45836169, Emax=78.88072029
realization 165 / 300 ... accepted 165. Emin=6.36871204, Emax=103.65414434
realization 166 / 300 ... accepted 166. Emin=42.78348318, Emax=121.77402863
realization 167 / 300 ... accepted 167. Emin=-50.35680587, Emax=9.95791091
realization 168 / 300 ... accepted 168. Emin=12.43288753, Emax=104.06382385
realization 169 / 300 ... accepted 169. Emin=-30.68903284, Emax=50.46103451
realization 170 / 300 ... accepted 170. Emin=-18.58682515, Emax=64.39982656
realization 171 / 300 ... accepted 171. Emin=-12.94783729, Emax=73.09976315
realization 172 / 300 ... accepted 172. Emin=-23.51775512, Emax=69.27580787
realization 173 / 300 ... accepted 173. Emin=-8.75439267, Emax=79.49018850
realization 174 / 300 ... accepted 174. Emin=-2.98213068, Emax=82.48395822
realization 175 / 300 ... accepted 175. Emin=-26.99544113, Emax=74.46565435
realization 176 / 300 ... accepted 176. Emin=41.31996207, Emax=114.61333472
realization 177 / 300 ... accepted 177. Emin=0.99857691, Emax=104.83328147
realization 178 / 300 ... accepted 178. Emin=-3.97761686, Emax=82.09163681
realization 179 / 300 ... accepted 179. Emin=-8.52743171, Emax=116.06031637
realization 180 / 300 ... accepted 180. Emin=-41.89241885, Emax=63.90787247
realization 181 / 300 ... accepted 181. Emin=-2.75842806, Emax=79.51847193
realization 182 / 300 ... accepted 182. Emin=-1.93010295, Emax=112.58941765
realization 183 / 300 ... accepted 183. Emin=-31.47200686, Emax=64.21080416
realization 184 / 300 ... accepted 184. Emin=6.71164471, Emax=84.62321770
realization 185 / 300 ... accepted 185. Emin=-15.88441926, Emax=102.81939901
realization 186 / 300 ... accepted 186. Emin=18.93284173, Emax=101.22462425
realization 187 / 300 ... accepted 187. Emin=-38.38530906, Emax=44.62477915
realization 188 / 300 ... accepted 188. Emin=-10.21690076, Emax=78.89725389
realization 189 / 300 ... accepted 189. Emin=-23.39515460, Emax=87.55188506
realization 190 / 300 ... accepted 190. Emin=21.31589092, Emax=108.84338782
realization 191 / 300 ... accepted 191. Emin=-39.96532375, Emax=51.55848779
realization 192 / 300 ... accepted 192. Emin=-23.52598827, Emax=66.44785827
realization 193 / 300 ... accepted 193. Emin=-29.38101105, Emax=78.99553376
realization 194 / 300 ... accepted 194. Emin=19.99944909, Emax=99.86521112
realization 195 / 300 ... accepted 195. Emin=11.85743788, Emax=80.09434624
realization 196 / 300 ... accepted 196. Emin=15.46920595, Emax=105.67317065
realization 197 / 300 ... accepted 197. Emin=12.23945243, Emax=111.87516348
realization 198 / 300 ... accepted 198. Emin=-4.62424453, Emax=96.02336969
realization 199 / 300 ... accepted 199. Emin=-35.03880104, Emax=39.81943481
realization 200 / 300 ... accepted 200. Emin=-24.60264094, Emax=41.74577601
realization 201 / 300 ... accepted 201. Emin=-15.38309761, Emax=97.81265008
realization 202 / 300 ... accepted 202. Emin=-7.02545304, Emax=85.36821949
realization 203 / 300 ... accepted 203. Emin=-38.03066195, Emax=31.49092757
realization 204 / 300 ... accepted 204. Emin=21.47546987, Emax=112.05636357
realization 205 / 300 ... accepted 205. Emin=2.50108708, Emax=64.36068995
realization 206 / 300 ... accepted 206. Emin=-43.75787088, Emax=42.69322441
realization 207 / 300 ... accepted 207. Emin=-8.25208768, Emax=74.35495766
realization 208 / 300 ... accepted 208. Emin=-19.26341470, Emax=54.90246856
realization 209 / 300 ... accepted 209. Emin=-5.22110261, Emax=123.03769749
realization 210 / 300 ... accepted 210. Emin=-12.08455117, Emax=84.22203202
realization 211 / 300 ... accepted 211. Emin=32.75005944, Emax=116.69225653
realization 212 / 300 ... accepted 212. Emin=-52.11230090, Emax=37.87581187
realization 213 / 300 ... accepted 213. Emin=-19.93532545, Emax=68.48102666
realization 214 / 300 ... accepted 214. Emin=3.37347332, Emax=85.06586791
realization 215 / 300 ... accepted 215. Emin=-31.28104610, Emax=88.80207544
realization 216 / 300 ... accepted 216. Emin=-9.10679923, Emax=68.63393304
realization 217 / 300 ... accepted 217. Emin=-21.10383993, Emax=58.63884198
realization 218 / 300 ... accepted 218. Emin=4.06906628, Emax=95.18731681
realization 219 / 300 ... accepted 219. Emin=-44.94116070, Emax=31.05136665
realization 220 / 300 ... accepted 220. Emin=23.97283676, Emax=98.58805058
realization 221 / 300 ... accepted 221. Emin=18.87365609, Emax=125.21925324
realization 222 / 300 ... accepted 222. Emin=-6.64752984, Emax=101.32131027
realization 223 / 300 ... accepted 223. Emin=37.38520808, Emax=111.45652126
realization 224 / 300 ... accepted 224. Emin=26.10023155, Emax=96.69738585
realization 225 / 300 ... accepted 225. Emin=-45.75916746, Emax=40.97416592
realization 226 / 300 ... accepted 226. Emin=12.97928086, Emax=108.55478917
realization 227 / 300 ... accepted 227. Emin=24.04242308, Emax=103.20370979
realization 228 / 300 ... accepted 228. Emin=20.73582418, Emax=96.46007005
realization 229 / 300 ... accepted 229. Emin=4.89459564, Emax=112.89571659
realization 230 / 300 ... accepted 230. Emin=-25.12199999, Emax=41.78221683
realization 231 / 300 ... accepted 231. Emin=-34.21552451, Emax=48.89677112
realization 232 / 300 ... accepted 232. Emin=-11.83574260, Emax=85.30619680
realization 233 / 300 ... accepted 233. Emin=-23.19729986, Emax=56.65530526
realization 234 / 300 ... accepted 234. Emin=-38.36847319, Emax=47.61032234
realization 235 / 300 ... accepted 235. Emin=-7.16762376, Emax=101.34167144
realization 236 / 300 ... accepted 236. Emin=-10.19925328, Emax=104.26251674
realization 237 / 300 ... accepted 237. Emin=-10.85731431, Emax=110.15846172
realization 238 / 300 ... accepted 238. Emin=14.96790440, Emax=93.24825675
realization 239 / 300 ... accepted 239. Emin=-11.64068721, Emax=86.75449740
realization 240 / 300 ... accepted 240. Emin=23.09831623, Emax=106.65393404
realization 241 / 300 ... accepted 241. Emin=-24.02566134, Emax=85.29862565
realization 242 / 300 ... accepted 242. Emin=46.11287224, Emax=120.09498132
realization 243 / 300 ... accepted 243. Emin=-39.04850621, Emax=69.30406299
realization 244 / 300 ... accepted 244. Emin=-14.19890406, Emax=71.29332251
realization 245 / 300 ... accepted 245. Emin=-58.47709210, Emax=5.54424578
realization 246 / 300 ... accepted 246. Emin=-6.59775019, Emax=90.29365345
realization 247 / 300 ... accepted 247. Emin=7.29637017, Emax=91.37152956
realization 248 / 300 ... accepted 248. Emin=-28.80539651, Emax=73.84209844
realization 249 / 300 ... accepted 249. Emin=-22.22997661, Emax=92.49741895
realization 250 / 300 ... accepted 250. Emin=5.82602864, Emax=98.89988318
realization 251 / 300 ... accepted 251. Emin=-34.36532791, Emax=58.38411344
realization 252 / 300 ... accepted 252. Emin=16.21135873, Emax=91.32665330
realization 253 / 300 ... accepted 253. Emin=8.49779754, Emax=111.25987969
realization 254 / 300 ... accepted 254. Emin=46.69010763, Emax=124.90956198
realization 255 / 300 ... accepted 255. Emin=-33.35198037, Emax=68.33270997
realization 256 / 300 ... accepted 256. Emin=-13.10622428, Emax=60.01763202
realization 257 / 300 ... accepted 257. Emin=11.69302885, Emax=104.25144108
realization 258 / 300 ... accepted 258. Emin=-13.13453291, Emax=96.09899726
realization 259 / 300 ... accepted 259. Emin=5.08082550, Emax=89.98944290
realization 260 / 300 ... accepted 260. Emin=-18.61786379, Emax=73.55034630
realization 261 / 300 ... accepted 261. Emin=-32.24867336, Emax=84.22967070
realization 262 / 300 ... accepted 262. Emin=25.06429067, Emax=110.71893767
realization 263 / 300 ... accepted 263. Emin=-2.04603814, Emax=90.25307937
realization 264 / 300 ... accepted 264. Emin=-17.57852565, Emax=108.63338321
realization 265 / 300 ... accepted 265. Emin=26.07241114, Emax=100.76757359
realization 266 / 300 ... accepted 266. Emin=42.70135386, Emax=116.31741701
realization 267 / 300 ... accepted 267. Emin=14.93346673, Emax=82.67822762
realization 268 / 300 ... accepted 268. Emin=30.54080711, Emax=115.33424849
realization 269 / 300 ... accepted 269. Emin=-32.25447697, Emax=54.00894930
realization 270 / 300 ... accepted 270. Emin=-23.98004858, Emax=67.22937433
realization 271 / 300 ... accepted 271. Emin=-45.73236431, Emax=34.99826424
realization 272 / 300 ... accepted 272. Emin=-16.26103460, Emax=79.55350944
realization 273 / 300 ... accepted 273. Emin=6.17315906, Emax=101.54188021
realization 274 / 300 ... accepted 274. Emin=-4.36487810, Emax=67.63904919
realization 275 / 300 ... accepted 275. Emin=-10.89444116, Emax=91.45904564
realization 276 / 300 ... accepted 276. Emin=-21.14474712, Emax=51.40876891
realization 277 / 300 ... accepted 277. Emin=-18.49960534, Emax=88.87726189
realization 278 / 300 ... accepted 278. Emin=11.41108123, Emax=122.77798197
realization 279 / 300 ... accepted 279. Emin=17.94925006, Emax=117.64547080
realization 280 / 300 ... accepted 280. Emin=-19.61825994, Emax=64.87867314
realization 281 / 300 ... accepted 281. Emin=6.01061042, Emax=95.54179901
realization 282 / 300 ... accepted 282. Emin=-7.70280668, Emax=68.53177648
realization 283 / 300 ... accepted 283. Emin=-14.95828770, Emax=81.70306355
realization 284 / 300 ... accepted 284. Emin=-24.02252180, Emax=34.80324192
realization 285 / 300 ... accepted 285. Emin=6.52773366, Emax=90.95193540
realization 286 / 300 ... accepted 286. Emin=35.68906000, Emax=121.95139098
realization 287 / 300 ... accepted 287. Emin=-27.77299066, Emax=93.23119167
realization 288 / 300 ... accepted 288. Emin=-41.94538053, Emax=50.95456141
realization 289 / 300 ... accepted 289. Emin=-15.93690632, Emax=93.75439580
realization 290 / 300 ... accepted 290. Emin=1.52888432, Emax=85.98703768
realization 291 / 300 ... accepted 291. Emin=-12.07450241, Emax=83.04273077
realization 292 / 300 ... accepted 292. Emin=0.36366401, Emax=105.75578728
realization 293 / 300 ... accepted 293. Emin=-13.47132533, Emax=100.91796336
realization 294 / 300 ... accepted 294. Emin=2.22225902, Emax=93.07742597
realization 295 / 300 ... accepted 295. Emin=2.48089070, Emax=84.63437853
realization 296 / 300 ... accepted 296. Emin=3.87537766, Emax=106.20756788
realization 297 / 300 ... accepted 297. Emin=-9.09084744, Emax=84.72119574
realization 298 / 300 ... accepted 298. Emin=-49.36828979, Emax=41.45738534
realization 299 / 300 ... accepted 299. Emin=17.25230170, Emax=117.55043489
realization 300 / 300 ... accepted 300. Emin=-17.63365929, Emax=108.27584627
Saved final energies: /home/2/kj405942/POLFED_bosons/pbs_bose_legacy_nmax2_periodic/data/U_8/W_14/L_6/N_6_nmax_2/boundary_periodic/energies_full_U8_L6_N6_nmax2_W14_boundaryperiodic_nreal300.txt
Accepted realizations: 300 / 300
Skipped realizations: 0
Job finished at Sun May 31 17:11:34 UTC 2026
