Job started on w30 at Sun May 31 17:10:31 UTC 2026
PBS_JOBID=7731424.kruk-host.ift-klaster.lan
PBS_O_WORKDIR=/home/2/kj405942/POLFED_bosons
Bose-Hubbard: L=6, N=6, nmax=2, dim=141
t=1, U=9, W=10, nreal=300, boundary=periodic, mode=full
Writing partial results to /home/2/kj405942/POLFED_bosons/pbs_bose_legacy_nmax2_periodic/data/U_9/W_10/L_6/N_6_nmax_2/boundary_periodic/energies_full_U9_L6_N6_nmax2_W10_boundaryperiodic_nreal300_partial.txt
realization 1 / 300 ... accepted 1. Emin=12.05806775, Emax=94.26528075
realization 2 / 300 ... accepted 2. Emin=8.28314177, Emax=83.48312826
realization 3 / 300 ... accepted 3. Emin=9.94483616, Emax=92.98737943
realization 4 / 300 ... accepted 4. Emin=10.32434767, Emax=101.50266348
realization 5 / 300 ... accepted 5. Emin=4.92936424, Emax=82.94306176
realization 6 / 300 ... accepted 6. Emin=-16.40048713, Emax=46.06204110
realization 7 / 300 ... accepted 7. Emin=-16.01198703, Emax=55.04745993
realization 8 / 300 ... accepted 8. Emin=9.82962468, Emax=94.02488262
realization 9 / 300 ... accepted 9. Emin=10.60119611, Emax=77.87016515
realization 10 / 300 ... accepted 10. Emin=-17.20212470, Emax=84.29532992
realization 11 / 300 ... accepted 11. Emin=-13.32445748, Emax=81.96626755
realization 12 / 300 ... accepted 12. Emin=19.32009956, Emax=100.11502370
realization 13 / 300 ... accepted 13. Emin=-4.18742380, Emax=84.99105563
realization 14 / 300 ... accepted 14. Emin=-31.30722218, Emax=40.76728167
realization 15 / 300 ... accepted 15. Emin=-17.89985110, Emax=58.53809222
realization 16 / 300 ... accepted 16. Emin=11.63310831, Emax=103.72448048
realization 17 / 300 ... accepted 17. Emin=-18.90941970, Emax=59.95032433
realization 18 / 300 ... accepted 18. Emin=14.79557458, Emax=97.52290115
realization 19 / 300 ... accepted 19. Emin=-18.41545833, Emax=61.39758950
realization 20 / 300 ... accepted 20. Emin=-2.30260379, Emax=64.24115028
realization 21 / 300 ... accepted 21. Emin=-24.19236932, Emax=47.86722648
realization 22 / 300 ... accepted 22. Emin=-10.80232519, Emax=75.76947572
realization 23 / 300 ... accepted 23. Emin=-22.02039045, Emax=61.29616275
realization 24 / 300 ... accepted 24. Emin=17.03977626, Emax=94.87081299
realization 25 / 300 ... accepted 25. Emin=-6.68852165, Emax=75.19445894
realization 26 / 300 ... accepted 26. Emin=4.39534990, Emax=91.81646359
realization 27 / 300 ... accepted 27. Emin=8.29576800, Emax=97.92592515
realization 28 / 300 ... accepted 28. Emin=17.39434484, Emax=89.13873035
realization 29 / 300 ... accepted 29. Emin=-1.50881328, Emax=79.03451589
realization 30 / 300 ... accepted 30. Emin=-23.19254808, Emax=68.43586352
realization 31 / 300 ... accepted 31. Emin=6.80818965, Emax=84.19371658
realization 32 / 300 ... accepted 32. Emin=24.56823033, Emax=94.82852644
realization 33 / 300 ... accepted 33. Emin=7.27285064, Emax=87.46914595
realization 34 / 300 ... accepted 34. Emin=-1.18600996, Emax=98.23729058
realization 35 / 300 ... accepted 35. Emin=-8.23507236, Emax=66.55507229
realization 36 / 300 ... accepted 36. Emin=-2.95450136, Emax=74.50457463
realization 37 / 300 ... accepted 37. Emin=6.14629205, Emax=91.20511557
realization 38 / 300 ... accepted 38. Emin=2.02794835, Emax=93.64168244
realization 39 / 300 ... accepted 39. Emin=4.97742106, Emax=80.10186973
realization 40 / 300 ... accepted 40. Emin=11.13633740, Emax=91.84943907
realization 41 / 300 ... accepted 41. Emin=6.52619645, Emax=93.96002384
realization 42 / 300 ... accepted 42. Emin=5.47133345, Emax=85.14616889
realization 43 / 300 ... accepted 43. Emin=10.76591817, Emax=93.60566163
realization 44 / 300 ... accepted 44. Emin=4.83382964, Emax=90.48621706
realization 45 / 300 ... accepted 45. Emin=15.67737222, Emax=99.43730420
realization 46 / 300 ... accepted 46. Emin=-22.12079560, Emax=65.52360523
realization 47 / 300 ... accepted 47. Emin=-5.36352523, Emax=68.31545637
realization 48 / 300 ... accepted 48. Emin=-19.90657236, Emax=56.46869420
realization 49 / 300 ... accepted 49. Emin=-5.19297880, Emax=83.12936155
realization 50 / 300 ... accepted 50. Emin=13.50649457, Emax=91.53005361
realization 51 / 300 ... accepted 51. Emin=1.44003207, Emax=79.23939167
realization 52 / 300 ... accepted 52. Emin=34.10986096, Emax=102.63183985
realization 53 / 300 ... accepted 53. Emin=20.70995950, Emax=102.45412642
realization 54 / 300 ... accepted 54. Emin=-46.40350560, Emax=18.01125881
realization 55 / 300 ... accepted 55. Emin=-11.40047158, Emax=68.81546213
realization 56 / 300 ... accepted 56. Emin=-14.04038484, Emax=63.90500597
realization 57 / 300 ... accepted 57. Emin=-10.68020816, Emax=73.07821464
realization 58 / 300 ... accepted 58. Emin=6.25107985, Emax=90.20030965
realization 59 / 300 ... accepted 59. Emin=-4.32784579, Emax=97.88564795
realization 60 / 300 ... accepted 60. Emin=-25.82358116, Emax=52.48740305
realization 61 / 300 ... accepted 61. Emin=-2.41721704, Emax=78.25169957
realization 62 / 300 ... accepted 62. Emin=-2.15097160, Emax=82.80668727
realization 63 / 300 ... accepted 63. Emin=-30.83491320, Emax=47.78122501
realization 64 / 300 ... accepted 64. Emin=-7.66491091, Emax=85.69626324
realization 65 / 300 ... accepted 65. Emin=-3.76447312, Emax=84.38593380
realization 66 / 300 ... accepted 66. Emin=10.87765329, Emax=90.34585550
realization 67 / 300 ... accepted 67. Emin=-10.71400334, Emax=57.78049521
realization 68 / 300 ... accepted 68. Emin=1.35688042, Emax=88.50880242
realization 69 / 300 ... accepted 69. Emin=-17.43695522, Emax=74.26969563
realization 70 / 300 ... accepted 70. Emin=15.30344307, Emax=93.44468794
realization 71 / 300 ... accepted 71. Emin=21.73129707, Emax=93.30889289
realization 72 / 300 ... accepted 72. Emin=2.20236497, Emax=88.32155065
realization 73 / 300 ... accepted 73. Emin=-36.32723231, Emax=33.50475640
realization 74 / 300 ... accepted 74. Emin=15.09762596, Emax=88.57205001
realization 75 / 300 ... accepted 75. Emin=-8.11280112, Emax=86.98331667
realization 76 / 300 ... accepted 76. Emin=-6.86737462, Emax=95.64195847
realization 77 / 300 ... accepted 77. Emin=16.40628988, Emax=101.54072777
realization 78 / 300 ... accepted 78. Emin=5.94607051, Emax=86.84806532
realization 79 / 300 ... accepted 79. Emin=2.14718515, Emax=72.98902176
realization 80 / 300 ... accepted 80. Emin=-26.37890070, Emax=55.32020645
realization 81 / 300 ... accepted 81. Emin=20.77309392, Emax=101.46190460
realization 82 / 300 ... accepted 82. Emin=-22.94722752, Emax=52.96233865
realization 83 / 300 ... accepted 83. Emin=-4.25957623, Emax=90.56498344
realization 84 / 300 ... accepted 84. Emin=20.73245143, Emax=110.54146894
realization 85 / 300 ... accepted 85. Emin=-11.14818327, Emax=76.90155341
realization 86 / 300 ... accepted 86. Emin=19.58573002, Emax=103.32203961
realization 87 / 300 ... accepted 87. Emin=-4.78867140, Emax=78.68074886
realization 88 / 300 ... accepted 88. Emin=2.25402552, Emax=81.14818038
realization 89 / 300 ... accepted 89. Emin=5.67238039, Emax=89.72840331
realization 90 / 300 ... accepted 90. Emin=39.65467625, Emax=99.40159187
realization 91 / 300 ... accepted 91. Emin=-0.71424104, Emax=75.51141699
realization 92 / 300 ... accepted 92. Emin=11.11473099, Emax=92.20667012
realization 93 / 300 ... accepted 93. Emin=4.12754811, Emax=92.26269075
realization 94 / 300 ... accepted 94. Emin=-9.40248487, Emax=72.21517683
realization 95 / 300 ... accepted 95. Emin=-7.03578665, Emax=99.38718569
realization 96 / 300 ... accepted 96. Emin=-10.64902132, Emax=67.49941763
realization 97 / 300 ... accepted 97. Emin=-27.37677382, Emax=43.74455648
realization 98 / 300 ... accepted 98. Emin=-26.40165431, Emax=53.70055122
realization 99 / 300 ... accepted 99. Emin=-36.72204623, Emax=29.60455963
realization 100 / 300 ... accepted 100. Emin=7.85428795, Emax=107.74356825
realization 101 / 300 ... accepted 101. Emin=27.01055156, Emax=101.74228404
realization 102 / 300 ... accepted 102. Emin=-0.79132057, Emax=95.15605761
realization 103 / 300 ... accepted 103. Emin=-20.15227743, Emax=54.90233051
realization 104 / 300 ... accepted 104. Emin=-6.96761653, Emax=69.62910030
realization 105 / 300 ... accepted 105. Emin=-15.99009122, Emax=56.04848099
realization 106 / 300 ... accepted 106. Emin=-6.43040003, Emax=75.15968280
realization 107 / 300 ... accepted 107. Emin=-20.92004005, Emax=62.26222916
realization 108 / 300 ... accepted 108. Emin=1.41198354, Emax=92.78822591
realization 109 / 300 ... accepted 109. Emin=1.35992219, Emax=78.41879579
realization 110 / 300 ... accepted 110. Emin=0.19439013, Emax=78.53019051
realization 111 / 300 ... accepted 111. Emin=-1.60108141, Emax=83.42803582
realization 112 / 300 ... accepted 112. Emin=11.85940409, Emax=94.56907865
realization 113 / 300 ... accepted 113. Emin=-0.20560007, Emax=78.66514445
realization 114 / 300 ... accepted 114. Emin=-17.88469805, Emax=65.36341229
realization 115 / 300 ... accepted 115. Emin=-19.34450786, Emax=55.27347158
realization 116 / 300 ... accepted 116. Emin=-1.57871922, Emax=70.23778489
realization 117 / 300 ... accepted 117. Emin=-20.09414669, Emax=55.23007334
realization 118 / 300 ... accepted 118. Emin=-7.47548055, Emax=75.95379406
realization 119 / 300 ... accepted 119. Emin=-7.92020230, Emax=80.64850823
realization 120 / 300 ... accepted 120. Emin=8.14027523, Emax=84.42361745
realization 121 / 300 ... accepted 121. Emin=-23.70482195, Emax=54.17088204
realization 122 / 300 ... accepted 122. Emin=18.06378533, Emax=104.32054039
realization 123 / 300 ... accepted 123. Emin=14.87710849, Emax=93.04681409
realization 124 / 300 ... accepted 124. Emin=-10.68442799, Emax=80.29604848
realization 125 / 300 ... accepted 125. Emin=19.13540899, Emax=91.82347055
realization 126 / 300 ... accepted 126. Emin=-15.02118242, Emax=61.29809587
realization 127 / 300 ... accepted 127. Emin=10.79419407, Emax=88.99043852
realization 128 / 300 ... accepted 128. Emin=28.06500399, Emax=105.13020735
realization 129 / 300 ... accepted 129. Emin=-1.40788204, Emax=80.21626824
realization 130 / 300 ... accepted 130. Emin=12.67269624, Emax=102.57754595
realization 131 / 300 ... accepted 131. Emin=18.10982037, Emax=102.25234488
realization 132 / 300 ... accepted 132. Emin=-15.77935842, Emax=57.05459455
realization 133 / 300 ... accepted 133. Emin=-12.60915472, Emax=66.38810336
realization 134 / 300 ... accepted 134. Emin=1.80790442, Emax=82.52563538
realization 135 / 300 ... accepted 135. Emin=-14.61687509, Emax=57.97560710
realization 136 / 300 ... accepted 136. Emin=27.14862027, Emax=92.38497606
realization 137 / 300 ... accepted 137. Emin=-9.08338454, Emax=77.28926922
realization 138 / 300 ... accepted 138. Emin=-17.16618832, Emax=66.66034645
realization 139 / 300 ... accepted 139. Emin=-11.92832636, Emax=72.06419534
realization 140 / 300 ... accepted 140. Emin=5.40648695, Emax=93.76344900
realization 141 / 300 ... accepted 141. Emin=4.04938513, Emax=94.91656959
realization 142 / 300 ... accepted 142. Emin=7.80040504, Emax=89.66279640
realization 143 / 300 ... accepted 143. Emin=-33.03469518, Emax=42.91309213
realization 144 / 300 ... accepted 144. Emin=8.57800798, Emax=103.33741205
realization 145 / 300 ... accepted 145. Emin=-26.57004554, Emax=41.02687716
realization 146 / 300 ... accepted 146. Emin=19.98718643, Emax=103.66577360
realization 147 / 300 ... accepted 147. Emin=9.45051974, Emax=91.63710313
realization 148 / 300 ... accepted 148. Emin=-6.13626222, Emax=73.41293518
realization 149 / 300 ... accepted 149. Emin=34.24004066, Emax=103.86741833
realization 150 / 300 ... accepted 150. Emin=15.92879874, Emax=96.56414575
realization 151 / 300 ... accepted 151. Emin=2.53063413, Emax=82.23912623
realization 152 / 300 ... accepted 152. Emin=44.33693010, Emax=109.76321113
realization 153 / 300 ... accepted 153. Emin=3.73158814, Emax=82.00784281
realization 154 / 300 ... accepted 154. Emin=14.87872859, Emax=101.69968341
realization 155 / 300 ... accepted 155. Emin=27.09791839, Emax=106.78002455
realization 156 / 300 ... accepted 156. Emin=-1.02012876, Emax=85.51089795
realization 157 / 300 ... accepted 157. Emin=-17.63563538, Emax=55.96807956
realization 158 / 300 ... accepted 158. Emin=-11.45124281, Emax=79.39094098
realization 159 / 300 ... accepted 159. Emin=2.79330127, Emax=92.17459788
realization 160 / 300 ... accepted 160. Emin=5.50862944, Emax=90.71349794
realization 161 / 300 ... accepted 161. Emin=-2.76576713, Emax=61.49301876
realization 162 / 300 ... accepted 162. Emin=-7.18645417, Emax=77.87253465
realization 163 / 300 ... accepted 163. Emin=-4.37233696, Emax=85.04129171
realization 164 / 300 ... accepted 164. Emin=10.07880433, Emax=105.97563491
realization 165 / 300 ... accepted 165. Emin=-2.56829607, Emax=74.18464724
realization 166 / 300 ... accepted 166. Emin=-17.09613482, Emax=59.95407420
realization 167 / 300 ... accepted 167. Emin=8.69708038, Emax=92.36570470
realization 168 / 300 ... accepted 168. Emin=-6.77683068, Emax=81.17028723
realization 169 / 300 ... accepted 169. Emin=4.40403719, Emax=99.56590414
realization 170 / 300 ... accepted 170. Emin=-25.16619791, Emax=58.65163258
realization 171 / 300 ... accepted 171. Emin=2.81924068, Emax=87.39448498
realization 172 / 300 ... accepted 172. Emin=-7.45108996, Emax=81.16177196
realization 173 / 300 ... accepted 173. Emin=-21.29704800, Emax=64.71903088
realization 174 / 300 ... accepted 174. Emin=-5.10631078, Emax=83.84228019
realization 175 / 300 ... accepted 175. Emin=10.69851152, Emax=90.70243123
realization 176 / 300 ... accepted 176. Emin=3.06426788, Emax=93.54292416
realization 177 / 300 ... accepted 177. Emin=9.29998320, Emax=86.86024219
realization 178 / 300 ... accepted 178. Emin=0.80141038, Emax=83.14285440
realization 179 / 300 ... accepted 179. Emin=-3.41400618, Emax=88.06814990
realization 180 / 300 ... accepted 180. Emin=6.16691254, Emax=84.65332776
realization 181 / 300 ... accepted 181. Emin=-9.56210126, Emax=76.74912326
realization 182 / 300 ... accepted 182. Emin=9.53413172, Emax=83.79915271
realization 183 / 300 ... accepted 183. Emin=2.70064396, Emax=85.85637567
realization 184 / 300 ... accepted 184. Emin=-8.48426473, Emax=88.25407623
realization 185 / 300 ... accepted 185. Emin=-12.85852623, Emax=77.25208813
realization 186 / 300 ... accepted 186. Emin=11.09832893, Emax=91.50243597
realization 187 / 300 ... accepted 187. Emin=2.99672187, Emax=96.82993428
realization 188 / 300 ... accepted 188. Emin=-12.30230347, Emax=74.62279364
realization 189 / 300 ... accepted 189. Emin=-8.39443883, Emax=77.98003629
realization 190 / 300 ... accepted 190. Emin=11.31196278, Emax=90.49321639
realization 191 / 300 ... accepted 191. Emin=-1.18982652, Emax=91.30721514
realization 192 / 300 ... accepted 192. Emin=1.13427697, Emax=75.66791111
realization 193 / 300 ... accepted 193. Emin=-8.92380920, Emax=83.10193958
realization 194 / 300 ... accepted 194. Emin=-19.10619079, Emax=55.15263289
realization 195 / 300 ... accepted 195. Emin=-6.10562775, Emax=64.57674806
realization 196 / 300 ... accepted 196. Emin=-7.76301225, Emax=83.92526876
realization 197 / 300 ... accepted 197. Emin=-3.68474803, Emax=87.65895828
realization 198 / 300 ... accepted 198. Emin=-22.57596771, Emax=64.53452609
realization 199 / 300 ... accepted 199. Emin=15.18040813, Emax=93.97057456
realization 200 / 300 ... accepted 200. Emin=-2.12001269, Emax=74.07809119
realization 201 / 300 ... accepted 201. Emin=-41.85002335, Emax=25.74141948
realization 202 / 300 ... accepted 202. Emin=-2.49544773, Emax=86.48390939
realization 203 / 300 ... accepted 203. Emin=7.81231918, Emax=94.60629264
realization 204 / 300 ... accepted 204. Emin=-4.94886333, Emax=83.48179677
realization 205 / 300 ... accepted 205. Emin=-7.58775613, Emax=81.97579022
realization 206 / 300 ... accepted 206. Emin=4.07425946, Emax=77.49012639
realization 207 / 300 ... accepted 207. Emin=14.71653797, Emax=100.17939479
realization 208 / 300 ... accepted 208. Emin=12.02935570, Emax=102.27153703
realization 209 / 300 ... accepted 209. Emin=18.98762144, Emax=86.69898207
realization 210 / 300 ... accepted 210. Emin=13.52666719, Emax=91.14368296
realization 211 / 300 ... accepted 211. Emin=-15.78353991, Emax=65.50597795
realization 212 / 300 ... accepted 212. Emin=12.64998072, Emax=91.05939819
realization 213 / 300 ... accepted 213. Emin=9.00380690, Emax=98.55448475
realization 214 / 300 ... accepted 214. Emin=-7.99100553, Emax=76.94001069
realization 215 / 300 ... accepted 215. Emin=-5.79034683, Emax=81.58697702
realization 216 / 300 ... accepted 216. Emin=-6.73568493, Emax=84.64810207
realization 217 / 300 ... accepted 217. Emin=4.89280164, Emax=89.17807164
realization 218 / 300 ... accepted 218. Emin=-3.33874017, Emax=74.78321528
realization 219 / 300 ... accepted 219. Emin=-8.53722733, Emax=81.53380354
realization 220 / 300 ... accepted 220. Emin=-20.88183027, Emax=56.59445489
realization 221 / 300 ... accepted 221. Emin=-30.56559963, Emax=52.52410297
realization 222 / 300 ... accepted 222. Emin=16.85814558, Emax=98.87277364
realization 223 / 300 ... accepted 223. Emin=20.16406055, Emax=97.08035074
realization 224 / 300 ... accepted 224. Emin=-23.82811344, Emax=46.65361363
realization 225 / 300 ... accepted 225. Emin=7.71921799, Emax=79.16317313
realization 226 / 300 ... accepted 226. Emin=-6.49624934, Emax=68.79095162
realization 227 / 300 ... accepted 227. Emin=20.58092689, Emax=94.47509757
realization 228 / 300 ... accepted 228. Emin=22.37254766, Emax=102.77999314
realization 229 / 300 ... accepted 229. Emin=24.23400266, Emax=102.53050719
realization 230 / 300 ... accepted 230. Emin=19.33725671, Emax=89.95866220
realization 231 / 300 ... accepted 231. Emin=-12.97961553, Emax=63.81334569
realization 232 / 300 ... accepted 232. Emin=-12.38955317, Emax=74.50592146
realization 233 / 300 ... accepted 233. Emin=-8.70944430, Emax=73.19260635
realization 234 / 300 ... accepted 234. Emin=-21.54584036, Emax=70.46499454
realization 235 / 300 ... accepted 235. Emin=-6.85554043, Emax=92.40388488
realization 236 / 300 ... accepted 236. Emin=24.12137748, Emax=101.43061970
realization 237 / 300 ... accepted 237. Emin=-3.67701151, Emax=87.60151693
realization 238 / 300 ... accepted 238. Emin=10.42211839, Emax=86.61228595
realization 239 / 300 ... accepted 239. Emin=4.42751703, Emax=93.60196177
realization 240 / 300 ... accepted 240. Emin=-21.33677118, Emax=63.75698002
realization 241 / 300 ... accepted 241. Emin=1.23795756, Emax=85.43418150
realization 242 / 300 ... accepted 242. Emin=6.37781495, Emax=95.08967861
realization 243 / 300 ... accepted 243. Emin=-14.92597339, Emax=56.34097586
realization 244 / 300 ... accepted 244. Emin=-10.85476240, Emax=86.82559136
realization 245 / 300 ... accepted 245. Emin=-7.68032083, Emax=61.16454261
realization 246 / 300 ... accepted 246. Emin=9.95183407, Emax=107.60480556
realization 247 / 300 ... accepted 247. Emin=7.60603447, Emax=79.28228499
realization 248 / 300 ... accepted 248. Emin=-2.82498132, Emax=75.52842898
realization 249 / 300 ... accepted 249. Emin=-16.49463294, Emax=63.18902370
realization 250 / 300 ... accepted 250. Emin=23.95873434, Emax=99.15072452
realization 251 / 300 ... accepted 251. Emin=-17.40877688, Emax=73.56690413
realization 252 / 300 ... accepted 252. Emin=-5.12371705, Emax=79.49540256
realization 253 / 300 ... accepted 253. Emin=0.41695192, Emax=67.89049551
realization 254 / 300 ... accepted 254. Emin=-7.79828064, Emax=78.73785189
realization 255 / 300 ... accepted 255. Emin=-20.83720363, Emax=62.41250097
realization 256 / 300 ... accepted 256. Emin=13.76633564, Emax=97.46227212
realization 257 / 300 ... accepted 257. Emin=-14.25471229, Emax=72.02829271
realization 258 / 300 ... accepted 258. Emin=-8.41520912, Emax=75.46110270
realization 259 / 300 ... accepted 259. Emin=-8.52656138, Emax=82.10582577
realization 260 / 300 ... accepted 260. Emin=-18.28502732, Emax=81.04409004
realization 261 / 300 ... accepted 261. Emin=-16.05745454, Emax=54.31458395
realization 262 / 300 ... accepted 262. Emin=-4.82899313, Emax=74.43623754
realization 263 / 300 ... accepted 263. Emin=0.00796098, Emax=90.25878946
realization 264 / 300 ... accepted 264. Emin=-5.12206115, Emax=73.71444382
realization 265 / 300 ... accepted 265. Emin=6.73058400, Emax=93.64592550
realization 266 / 300 ... accepted 266. Emin=4.37221139, Emax=89.71847615
realization 267 / 300 ... accepted 267. Emin=-17.46425678, Emax=72.81054781
realization 268 / 300 ... accepted 268. Emin=13.52260542, Emax=90.01659665
realization 269 / 300 ... accepted 269. Emin=-27.07055859, Emax=56.62176513
realization 270 / 300 ... accepted 270. Emin=-24.09443076, Emax=66.98794576
realization 271 / 300 ... accepted 271. Emin=-21.10768194, Emax=68.96325820
realization 272 / 300 ... accepted 272. Emin=8.44499458, Emax=97.28333677
realization 273 / 300 ... accepted 273. Emin=12.76749403, Emax=107.87112365
realization 274 / 300 ... accepted 274. Emin=-30.51425707, Emax=47.11590634
realization 275 / 300 ... accepted 275. Emin=18.24307383, Emax=90.15246592
realization 276 / 300 ... accepted 276. Emin=-10.82180821, Emax=71.93434984
realization 277 / 300 ... accepted 277. Emin=-8.34172338, Emax=70.02131581
realization 278 / 300 ... accepted 278. Emin=-10.12308018, Emax=75.87676417
realization 279 / 300 ... accepted 279. Emin=-16.87467063, Emax=67.60310198
realization 280 / 300 ... accepted 280. Emin=19.87370334, Emax=96.91981088
realization 281 / 300 ... accepted 281. Emin=-13.12272540, Emax=70.51328227
realization 282 / 300 ... accepted 282. Emin=16.13205400, Emax=95.32032231
realization 283 / 300 ... accepted 283. Emin=-12.55799910, Emax=77.32103040
realization 284 / 300 ... accepted 284. Emin=4.51419707, Emax=76.93842220
realization 285 / 300 ... accepted 285. Emin=-3.14663507, Emax=65.42409109
realization 286 / 300 ... accepted 286. Emin=16.65129144, Emax=103.93572123
realization 287 / 300 ... accepted 287. Emin=18.12998840, Emax=105.74015047
realization 288 / 300 ... accepted 288. Emin=-8.48770695, Emax=63.63199290
realization 289 / 300 ... accepted 289. Emin=3.30994631, Emax=84.39718207
realization 290 / 300 ... accepted 290. Emin=18.35742934, Emax=105.89065869
realization 291 / 300 ... accepted 291. Emin=-6.20576364, Emax=82.88409334
realization 292 / 300 ... accepted 292. Emin=0.17522911, Emax=81.57669419
realization 293 / 300 ... accepted 293. Emin=-26.63600192, Emax=40.79574091
realization 294 / 300 ... accepted 294. Emin=-12.83093335, Emax=77.79084898
realization 295 / 300 ... accepted 295. Emin=0.50329865, Emax=92.48436503
realization 296 / 300 ... accepted 296. Emin=9.13785906, Emax=84.00276327
realization 297 / 300 ... accepted 297. Emin=-3.38780377, Emax=78.23600202
realization 298 / 300 ... accepted 298. Emin=7.82011244, Emax=79.01791986
realization 299 / 300 ... accepted 299. Emin=0.71708045, Emax=79.13669294
realization 300 / 300 ... accepted 300. Emin=11.73805491, Emax=93.12233686
Saved final energies: /home/2/kj405942/POLFED_bosons/pbs_bose_legacy_nmax2_periodic/data/U_9/W_10/L_6/N_6_nmax_2/boundary_periodic/energies_full_U9_L6_N6_nmax2_W10_boundaryperiodic_nreal300.txt
Accepted realizations: 300 / 300
Skipped realizations: 0
Job finished at Sun May 31 17:11:48 UTC 2026
