Job started on w30 at Sun May 31 17:10:32 UTC 2026
PBS_JOBID=7731428.kruk-host.ift-klaster.lan
PBS_O_WORKDIR=/home/2/kj405942/POLFED_bosons
Bose-Hubbard: L=6, N=6, nmax=2, dim=141
t=1, U=9, W=14, nreal=300, boundary=periodic, mode=full
Writing partial results to /home/2/kj405942/POLFED_bosons/pbs_bose_legacy_nmax2_periodic/data/U_9/W_14/L_6/N_6_nmax_2/boundary_periodic/energies_full_U9_L6_N6_nmax2_W14_boundaryperiodic_nreal300_partial.txt
realization 1 / 300 ... accepted 1. Emin=-20.45697063, Emax=86.80325699
realization 2 / 300 ... accepted 2. Emin=-39.60832336, Emax=53.01277028
realization 3 / 300 ... accepted 3. Emin=0.26568318, Emax=103.63214048
realization 4 / 300 ... accepted 4. Emin=-34.73018415, Emax=67.76025992
realization 5 / 300 ... accepted 5. Emin=-23.75860203, Emax=57.50870718
realization 6 / 300 ... accepted 6. Emin=-4.18650047, Emax=70.85146891
realization 7 / 300 ... accepted 7. Emin=-1.69434633, Emax=85.12691599
realization 8 / 300 ... accepted 8. Emin=4.70191370, Emax=98.72189458
realization 9 / 300 ... accepted 9. Emin=2.10363581, Emax=101.95095672
realization 10 / 300 ... accepted 10. Emin=20.01686655, Emax=92.28488386
realization 11 / 300 ... accepted 11. Emin=31.94058582, Emax=107.37630409
realization 12 / 300 ... accepted 12. Emin=-26.27672450, Emax=66.88709117
realization 13 / 300 ... accepted 13. Emin=-7.69816154, Emax=97.33854484
realization 14 / 300 ... accepted 14. Emin=-20.57268946, Emax=87.18835558
realization 15 / 300 ... accepted 15. Emin=-41.48026040, Emax=27.16251957
realization 16 / 300 ... accepted 16. Emin=-15.21435926, Emax=106.05106612
realization 17 / 300 ... accepted 17. Emin=-14.27255208, Emax=112.31191360
realization 18 / 300 ... accepted 18. Emin=6.39614555, Emax=123.85388805
realization 19 / 300 ... accepted 19. Emin=-8.68948056, Emax=83.15754098
realization 20 / 300 ... accepted 20. Emin=-22.02511884, Emax=68.42881096
realization 21 / 300 ... accepted 21. Emin=9.07151157, Emax=104.74762168
realization 22 / 300 ... accepted 22. Emin=30.44946257, Emax=119.47473665
realization 23 / 300 ... accepted 23. Emin=29.50539778, Emax=119.16560198
realization 24 / 300 ... accepted 24. Emin=13.53378948, Emax=108.24778535
realization 25 / 300 ... accepted 25. Emin=-7.13983520, Emax=84.14146793
realization 26 / 300 ... accepted 26. Emin=-5.56773478, Emax=81.58870282
realization 27 / 300 ... accepted 27. Emin=-19.24502309, Emax=78.32058093
realization 28 / 300 ... accepted 28. Emin=9.16986802, Emax=100.51477350
realization 29 / 300 ... accepted 29. Emin=-3.30487723, Emax=100.10415627
realization 30 / 300 ... accepted 30. Emin=-7.99151694, Emax=74.48885401
realization 31 / 300 ... accepted 31. Emin=-14.48165413, Emax=57.92524286
realization 32 / 300 ... accepted 32. Emin=-30.12193423, Emax=74.44078259
realization 33 / 300 ... accepted 33. Emin=5.36770000, Emax=103.66016332
realization 34 / 300 ... accepted 34. Emin=37.66402621, Emax=125.49205155
realization 35 / 300 ... accepted 35. Emin=-14.18126450, Emax=71.78102062
realization 36 / 300 ... accepted 36. Emin=-14.21112193, Emax=63.14020212
realization 37 / 300 ... accepted 37. Emin=6.99932976, Emax=89.55070369
realization 38 / 300 ... accepted 38. Emin=-34.04360707, Emax=83.79813211
realization 39 / 300 ... accepted 39. Emin=-15.34573478, Emax=67.92093763
realization 40 / 300 ... accepted 40. Emin=2.50374005, Emax=100.91870115
realization 41 / 300 ... accepted 41. Emin=-23.91150726, Emax=78.35473255
realization 42 / 300 ... accepted 42. Emin=-14.21789599, Emax=102.08754496
realization 43 / 300 ... accepted 43. Emin=-10.30566442, Emax=75.22564383
realization 44 / 300 ... accepted 44. Emin=-29.32765784, Emax=67.98239693
realization 45 / 300 ... accepted 45. Emin=-22.00117692, Emax=79.77055970
realization 46 / 300 ... accepted 46. Emin=-25.80174576, Emax=81.24912971
realization 47 / 300 ... accepted 47. Emin=14.54036388, Emax=96.72833524
realization 48 / 300 ... accepted 48. Emin=-43.65576408, Emax=47.14420660
realization 49 / 300 ... accepted 49. Emin=26.52047150, Emax=127.02191879
realization 50 / 300 ... accepted 50. Emin=-2.57150223, Emax=96.97181579
realization 51 / 300 ... accepted 51. Emin=-17.19275042, Emax=85.31599136
realization 52 / 300 ... accepted 52. Emin=-34.13164749, Emax=48.05046652
realization 53 / 300 ... accepted 53. Emin=22.25886049, Emax=123.95858660
realization 54 / 300 ... accepted 54. Emin=57.25051776, Emax=128.87670949
realization 55 / 300 ... accepted 55. Emin=-10.51559874, Emax=90.91961240
realization 56 / 300 ... accepted 56. Emin=-2.47419687, Emax=84.87947109
realization 57 / 300 ... accepted 57. Emin=32.09785220, Emax=110.52967748
realization 58 / 300 ... accepted 58. Emin=5.82646176, Emax=87.17971018
realization 59 / 300 ... accepted 59. Emin=-17.06499245, Emax=59.68390664
realization 60 / 300 ... accepted 60. Emin=-39.12816798, Emax=46.08624873
realization 61 / 300 ... accepted 61. Emin=2.44828018, Emax=92.10677906
realization 62 / 300 ... accepted 62. Emin=-15.52620889, Emax=69.75544731
realization 63 / 300 ... accepted 63. Emin=-8.40699626, Emax=87.92889149
realization 64 / 300 ... accepted 64. Emin=-6.49054135, Emax=92.47033942
realization 65 / 300 ... accepted 65. Emin=-7.52667809, Emax=71.69786919
realization 66 / 300 ... accepted 66. Emin=-26.87552043, Emax=67.20263838
realization 67 / 300 ... accepted 67. Emin=-11.84430200, Emax=103.29565848
realization 68 / 300 ... accepted 68. Emin=0.02973604, Emax=79.53362739
realization 69 / 300 ... accepted 69. Emin=3.06474925, Emax=96.37520914
realization 70 / 300 ... accepted 70. Emin=1.56263883, Emax=116.50496790
realization 71 / 300 ... accepted 71. Emin=-16.71750782, Emax=60.36411237
realization 72 / 300 ... accepted 72. Emin=20.46865752, Emax=94.81089528
realization 73 / 300 ... accepted 73. Emin=-4.56308617, Emax=79.33900895
realization 74 / 300 ... accepted 74. Emin=3.51009823, Emax=85.80259361
realization 75 / 300 ... accepted 75. Emin=-54.51168509, Emax=25.59037189
realization 76 / 300 ... accepted 76. Emin=-7.67709979, Emax=89.00526778
realization 77 / 300 ... accepted 77. Emin=1.22483808, Emax=113.52502300
realization 78 / 300 ... accepted 78. Emin=-8.37526062, Emax=68.55708710
realization 79 / 300 ... accepted 79. Emin=-19.97823318, Emax=71.84650769
realization 80 / 300 ... accepted 80. Emin=-33.57679613, Emax=50.46710123
realization 81 / 300 ... accepted 81. Emin=-25.57772103, Emax=75.74312891
realization 82 / 300 ... accepted 82. Emin=-10.18208779, Emax=97.39838004
realization 83 / 300 ... accepted 83. Emin=-19.24808591, Emax=90.31751869
realization 84 / 300 ... accepted 84. Emin=-28.55017257, Emax=49.26427985
realization 85 / 300 ... accepted 85. Emin=13.28518468, Emax=114.23209801
realization 86 / 300 ... accepted 86. Emin=-9.96701444, Emax=106.27836036
realization 87 / 300 ... accepted 87. Emin=-15.36768724, Emax=80.41708388
realization 88 / 300 ... accepted 88. Emin=2.21142510, Emax=93.84554624
realization 89 / 300 ... accepted 89. Emin=-10.25811505, Emax=88.38148389
realization 90 / 300 ... accepted 90. Emin=17.55617501, Emax=102.44742947
realization 91 / 300 ... accepted 91. Emin=-35.02584845, Emax=39.22684165
realization 92 / 300 ... accepted 92. Emin=5.24519702, Emax=100.83993323
realization 93 / 300 ... accepted 93. Emin=10.81237755, Emax=93.50512967
realization 94 / 300 ... accepted 94. Emin=5.55108988, Emax=110.71554123
realization 95 / 300 ... accepted 95. Emin=-22.60816720, Emax=100.01512560
realization 96 / 300 ... accepted 96. Emin=-22.51896564, Emax=72.76794973
realization 97 / 300 ... accepted 97. Emin=12.50134855, Emax=110.55084513
realization 98 / 300 ... accepted 98. Emin=-8.50628764, Emax=89.23754877
realization 99 / 300 ... accepted 99. Emin=19.72129843, Emax=116.60560924
realization 100 / 300 ... accepted 100. Emin=0.36563662, Emax=96.93255992
realization 101 / 300 ... accepted 101. Emin=-38.35147030, Emax=45.20183905
realization 102 / 300 ... accepted 102. Emin=-12.11568139, Emax=102.39893027
realization 103 / 300 ... accepted 103. Emin=2.58920201, Emax=92.25031032
realization 104 / 300 ... accepted 104. Emin=-21.86290127, Emax=78.56100321
realization 105 / 300 ... accepted 105. Emin=8.93184846, Emax=105.25128182
realization 106 / 300 ... accepted 106. Emin=-8.12329243, Emax=85.75417853
realization 107 / 300 ... accepted 107. Emin=8.55553912, Emax=104.68564534
realization 108 / 300 ... accepted 108. Emin=8.16037641, Emax=114.55888149
realization 109 / 300 ... accepted 109. Emin=-23.52037458, Emax=83.82068573
realization 110 / 300 ... accepted 110. Emin=-25.41780772, Emax=85.20583144
realization 111 / 300 ... accepted 111. Emin=20.08925490, Emax=105.09230810
realization 112 / 300 ... accepted 112. Emin=23.77585719, Emax=117.78131344
realization 113 / 300 ... accepted 113. Emin=-3.25923295, Emax=82.99712091
realization 114 / 300 ... accepted 114. Emin=-29.11512019, Emax=45.22665850
realization 115 / 300 ... accepted 115. Emin=-10.93270106, Emax=70.39217735
realization 116 / 300 ... accepted 116. Emin=-27.94340143, Emax=74.63995007
realization 117 / 300 ... accepted 117. Emin=40.98325526, Emax=114.12776999
realization 118 / 300 ... accepted 118. Emin=-4.42832073, Emax=83.23527507
realization 119 / 300 ... accepted 119. Emin=17.27494682, Emax=90.53635759
realization 120 / 300 ... accepted 120. Emin=12.80756981, Emax=98.50362856
realization 121 / 300 ... accepted 121. Emin=39.83393807, Emax=119.43390103
realization 122 / 300 ... accepted 122. Emin=-7.36480159, Emax=118.71464610
realization 123 / 300 ... accepted 123. Emin=8.41403330, Emax=97.45245021
realization 124 / 300 ... accepted 124. Emin=18.82898415, Emax=108.82177838
realization 125 / 300 ... accepted 125. Emin=-22.54159511, Emax=83.39242367
realization 126 / 300 ... accepted 126. Emin=-16.73202523, Emax=63.85039489
realization 127 / 300 ... accepted 127. Emin=11.64468173, Emax=87.89604240
realization 128 / 300 ... accepted 128. Emin=-13.62807371, Emax=94.65157836
realization 129 / 300 ... accepted 129. Emin=-18.37820969, Emax=82.05602569
realization 130 / 300 ... accepted 130. Emin=-26.71823736, Emax=75.94154101
realization 131 / 300 ... accepted 131. Emin=9.07219903, Emax=94.78894743
realization 132 / 300 ... accepted 132. Emin=3.01296421, Emax=103.54563133
realization 133 / 300 ... accepted 133. Emin=-19.34591795, Emax=68.52167285
realization 134 / 300 ... accepted 134. Emin=1.34297640, Emax=89.06992714
realization 135 / 300 ... accepted 135. Emin=-12.74148747, Emax=106.15280718
realization 136 / 300 ... accepted 136. Emin=4.10696609, Emax=106.69673925
realization 137 / 300 ... accepted 137. Emin=1.06319334, Emax=111.76364080
realization 138 / 300 ... accepted 138. Emin=-18.51064352, Emax=86.89984821
realization 139 / 300 ... accepted 139. Emin=-9.34555838, Emax=85.39202747
realization 140 / 300 ... accepted 140. Emin=-2.89194552, Emax=108.64195820
realization 141 / 300 ... accepted 141. Emin=1.97167193, Emax=83.24889274
realization 142 / 300 ... accepted 142. Emin=-26.38038048, Emax=86.78916654
realization 143 / 300 ... accepted 143. Emin=0.79620597, Emax=107.34741446
realization 144 / 300 ... accepted 144. Emin=-8.82351116, Emax=69.99632182
realization 145 / 300 ... accepted 145. Emin=13.28134078, Emax=101.60904448
realization 146 / 300 ... accepted 146. Emin=-6.01668219, Emax=89.50380867
realization 147 / 300 ... accepted 147. Emin=-4.05084403, Emax=85.14110097
realization 148 / 300 ... accepted 148. Emin=-6.90635116, Emax=85.31334592
realization 149 / 300 ... accepted 149. Emin=10.16999022, Emax=100.86533202
realization 150 / 300 ... accepted 150. Emin=8.05272728, Emax=96.65822937
realization 151 / 300 ... accepted 151. Emin=-0.29754566, Emax=109.37189142
realization 152 / 300 ... accepted 152. Emin=2.26786327, Emax=95.43932359
realization 153 / 300 ... accepted 153. Emin=-29.09542171, Emax=70.58261049
realization 154 / 300 ... accepted 154. Emin=-12.26932809, Emax=93.59274308
realization 155 / 300 ... accepted 155. Emin=-14.68717442, Emax=99.36502173
realization 156 / 300 ... accepted 156. Emin=2.03034355, Emax=89.41538769
realization 157 / 300 ... accepted 157. Emin=-26.70036162, Emax=74.72826492
realization 158 / 300 ... accepted 158. Emin=-19.20343243, Emax=90.89358957
realization 159 / 300 ... accepted 159. Emin=-15.36374985, Emax=75.00992530
realization 160 / 300 ... accepted 160. Emin=-22.93720368, Emax=56.21914808
realization 161 / 300 ... accepted 161. Emin=21.96024084, Emax=117.71503888
realization 162 / 300 ... accepted 162. Emin=-13.55037894, Emax=90.18367845
realization 163 / 300 ... accepted 163. Emin=-9.73796261, Emax=109.12895687
realization 164 / 300 ... accepted 164. Emin=24.91013286, Emax=105.84027195
realization 165 / 300 ... accepted 165. Emin=3.44225500, Emax=88.20752274
realization 166 / 300 ... accepted 166. Emin=29.64973153, Emax=114.72848186
realization 167 / 300 ... accepted 167. Emin=47.65277262, Emax=128.75638364
realization 168 / 300 ... accepted 168. Emin=-43.40095043, Emax=35.03577022
realization 169 / 300 ... accepted 169. Emin=12.66486609, Emax=124.98308522
realization 170 / 300 ... accepted 170. Emin=33.64192845, Emax=122.47002707
realization 171 / 300 ... accepted 171. Emin=-6.56460108, Emax=100.81882015
realization 172 / 300 ... accepted 172. Emin=-17.20327574, Emax=87.01920363
realization 173 / 300 ... accepted 173. Emin=-3.58612365, Emax=89.91164457
realization 174 / 300 ... accepted 174. Emin=-10.39997730, Emax=90.01768598
realization 175 / 300 ... accepted 175. Emin=0.93395000, Emax=101.98877240
realization 176 / 300 ... accepted 176. Emin=-5.35050543, Emax=71.34069278
realization 177 / 300 ... accepted 177. Emin=4.67384890, Emax=85.33389249
realization 178 / 300 ... accepted 178. Emin=23.42753828, Emax=98.65103261
realization 179 / 300 ... accepted 179. Emin=-10.42720496, Emax=72.10275022
realization 180 / 300 ... accepted 180. Emin=-21.92608015, Emax=88.95268811
realization 181 / 300 ... accepted 181. Emin=11.79346598, Emax=97.11470570
realization 182 / 300 ... accepted 182. Emin=11.46137509, Emax=108.42701210
realization 183 / 300 ... accepted 183. Emin=-11.13105536, Emax=76.57828785
realization 184 / 300 ... accepted 184. Emin=37.27732256, Emax=125.08586174
realization 185 / 300 ... accepted 185. Emin=-22.87030431, Emax=64.03655151
realization 186 / 300 ... accepted 186. Emin=-31.54601851, Emax=52.31371542
realization 187 / 300 ... accepted 187. Emin=-3.84627556, Emax=101.15282176
realization 188 / 300 ... accepted 188. Emin=-44.89706283, Emax=49.69136862
realization 189 / 300 ... accepted 189. Emin=19.05061559, Emax=121.27399355
realization 190 / 300 ... accepted 190. Emin=-7.95944530, Emax=80.15916203
realization 191 / 300 ... accepted 191. Emin=-11.08901913, Emax=85.06035545
realization 192 / 300 ... accepted 192. Emin=-0.82597851, Emax=82.06761167
realization 193 / 300 ... accepted 193. Emin=-13.77801102, Emax=87.16550829
realization 194 / 300 ... accepted 194. Emin=-0.35878453, Emax=94.21725282
realization 195 / 300 ... accepted 195. Emin=-22.07522727, Emax=59.59417327
realization 196 / 300 ... accepted 196. Emin=57.85628646, Emax=133.41114690
realization 197 / 300 ... accepted 197. Emin=-14.60856837, Emax=92.56187918
realization 198 / 300 ... accepted 198. Emin=0.06990980, Emax=102.38470747
realization 199 / 300 ... accepted 199. Emin=-1.28642393, Emax=101.53300475
realization 200 / 300 ... accepted 200. Emin=18.89974905, Emax=115.00543891
realization 201 / 300 ... accepted 201. Emin=4.74192022, Emax=106.17043867
realization 202 / 300 ... accepted 202. Emin=-0.39935391, Emax=123.36084769
realization 203 / 300 ... accepted 203. Emin=13.87485593, Emax=109.01095614
realization 204 / 300 ... accepted 204. Emin=-43.15452905, Emax=52.22016868
realization 205 / 300 ... accepted 205. Emin=1.13875041, Emax=82.21461140
realization 206 / 300 ... accepted 206. Emin=-14.86498457, Emax=98.04197421
realization 207 / 300 ... accepted 207. Emin=-26.79827740, Emax=55.50525080
realization 208 / 300 ... accepted 208. Emin=-26.55625035, Emax=81.28372971
realization 209 / 300 ... accepted 209. Emin=-2.70230599, Emax=125.38078780
realization 210 / 300 ... accepted 210. Emin=25.69932213, Emax=114.84061396
realization 211 / 300 ... accepted 211. Emin=22.82245925, Emax=117.44767247
realization 212 / 300 ... accepted 212. Emin=-8.77304068, Emax=100.99923653
realization 213 / 300 ... accepted 213. Emin=7.19745714, Emax=95.10706405
realization 214 / 300 ... accepted 214. Emin=15.10219324, Emax=120.00741088
realization 215 / 300 ... accepted 215. Emin=-15.24144720, Emax=75.68270145
realization 216 / 300 ... accepted 216. Emin=2.39561998, Emax=119.69540934
realization 217 / 300 ... accepted 217. Emin=-17.50478004, Emax=93.77216399
realization 218 / 300 ... accepted 218. Emin=-2.73125087, Emax=84.21392464
realization 219 / 300 ... accepted 219. Emin=-20.08253864, Emax=101.45990044
realization 220 / 300 ... accepted 220. Emin=-2.50281662, Emax=100.95059655
realization 221 / 300 ... accepted 221. Emin=41.10129798, Emax=123.79038116
realization 222 / 300 ... accepted 222. Emin=-7.97485653, Emax=97.34501690
realization 223 / 300 ... accepted 223. Emin=-15.14583945, Emax=69.29619220
realization 224 / 300 ... accepted 224. Emin=7.73065464, Emax=103.62645368
realization 225 / 300 ... accepted 225. Emin=25.58711556, Emax=113.10029749
realization 226 / 300 ... accepted 226. Emin=16.69640533, Emax=108.93442851
realization 227 / 300 ... accepted 227. Emin=7.32178175, Emax=115.44918012
realization 228 / 300 ... accepted 228. Emin=-11.73788363, Emax=111.92277741
realization 229 / 300 ... accepted 229. Emin=-4.18715078, Emax=118.29790293
realization 230 / 300 ... accepted 230. Emin=-8.72986638, Emax=69.03261063
realization 231 / 300 ... accepted 231. Emin=-1.95032692, Emax=89.11234585
realization 232 / 300 ... accepted 232. Emin=31.68872671, Emax=122.19158147
realization 233 / 300 ... accepted 233. Emin=-33.35476284, Emax=58.86100694
realization 234 / 300 ... accepted 234. Emin=13.02054730, Emax=107.21689001
realization 235 / 300 ... accepted 235. Emin=-26.79902186, Emax=66.80106426
realization 236 / 300 ... accepted 236. Emin=-39.28501514, Emax=63.45507198
realization 237 / 300 ... accepted 237. Emin=13.37809791, Emax=100.88495062
realization 238 / 300 ... accepted 238. Emin=-11.90653602, Emax=88.35890449
realization 239 / 300 ... accepted 239. Emin=-20.33195319, Emax=72.77414818
realization 240 / 300 ... accepted 240. Emin=-15.01916365, Emax=87.69997912
realization 241 / 300 ... accepted 241. Emin=-15.05641592, Emax=91.65322122
realization 242 / 300 ... accepted 242. Emin=-0.65283769, Emax=101.52028461
realization 243 / 300 ... accepted 243. Emin=28.02915773, Emax=125.34650853
realization 244 / 300 ... accepted 244. Emin=-21.77488383, Emax=52.96988218
realization 245 / 300 ... accepted 245. Emin=-46.05164214, Emax=47.77252192
realization 246 / 300 ... accepted 246. Emin=21.35413361, Emax=123.85223799
realization 247 / 300 ... accepted 247. Emin=30.45874394, Emax=118.00654302
realization 248 / 300 ... accepted 248. Emin=-13.57007200, Emax=85.58140052
realization 249 / 300 ... accepted 249. Emin=-12.08588261, Emax=83.10633479
realization 250 / 300 ... accepted 250. Emin=-22.05158059, Emax=68.44383118
realization 251 / 300 ... accepted 251. Emin=-28.82984035, Emax=80.50246574
realization 252 / 300 ... accepted 252. Emin=-25.60849732, Emax=68.39201057
realization 253 / 300 ... accepted 253. Emin=-19.30062979, Emax=81.96235695
realization 254 / 300 ... accepted 254. Emin=-7.71543861, Emax=107.43579886
realization 255 / 300 ... accepted 255. Emin=-3.80887941, Emax=95.03000001
realization 256 / 300 ... accepted 256. Emin=-6.40468188, Emax=75.97146427
realization 257 / 300 ... accepted 257. Emin=-37.16628357, Emax=68.08138095
realization 258 / 300 ... accepted 258. Emin=36.63758130, Emax=100.85620201
realization 259 / 300 ... accepted 259. Emin=-17.00672962, Emax=85.94945217
realization 260 / 300 ... accepted 260. Emin=-3.30420271, Emax=90.35975015
realization 261 / 300 ... accepted 261. Emin=8.29469461, Emax=95.08882324
realization 262 / 300 ... accepted 262. Emin=9.77261877, Emax=103.06872100
realization 263 / 300 ... accepted 263. Emin=-2.52658462, Emax=103.27981866
realization 264 / 300 ... accepted 264. Emin=5.61946005, Emax=100.49719508
realization 265 / 300 ... accepted 265. Emin=-9.43485162, Emax=81.81320696
realization 266 / 300 ... accepted 266. Emin=0.51053517, Emax=101.76474699
realization 267 / 300 ... accepted 267. Emin=5.08451580, Emax=91.88427382
realization 268 / 300 ... accepted 268. Emin=-7.43644165, Emax=92.67347050
realization 269 / 300 ... accepted 269. Emin=-14.76381280, Emax=88.02653085
realization 270 / 300 ... accepted 270. Emin=44.66272206, Emax=117.02246962
realization 271 / 300 ... accepted 271. Emin=-4.67952831, Emax=96.70098151
realization 272 / 300 ... accepted 272. Emin=8.97656960, Emax=112.59323869
realization 273 / 300 ... accepted 273. Emin=-17.27615577, Emax=72.02782998
realization 274 / 300 ... accepted 274. Emin=21.06596375, Emax=123.63389666
realization 275 / 300 ... accepted 275. Emin=-15.02854966, Emax=89.43043424
realization 276 / 300 ... accepted 276. Emin=-17.25390718, Emax=98.71062690
realization 277 / 300 ... accepted 277. Emin=-20.43146745, Emax=90.51295628
realization 278 / 300 ... accepted 278. Emin=14.04139979, Emax=98.20308759
realization 279 / 300 ... accepted 279. Emin=-3.12538818, Emax=107.67193046
realization 280 / 300 ... accepted 280. Emin=8.99677808, Emax=115.58638913
realization 281 / 300 ... accepted 281. Emin=-11.69303179, Emax=105.73458437
realization 282 / 300 ... accepted 282. Emin=-13.39841723, Emax=64.16441303
realization 283 / 300 ... accepted 283. Emin=13.54355127, Emax=86.78847573
realization 284 / 300 ... accepted 284. Emin=-19.00560991, Emax=60.57788798
realization 285 / 300 ... accepted 285. Emin=-11.91028424, Emax=122.35600332
realization 286 / 300 ... accepted 286. Emin=-3.50165912, Emax=96.14921376
realization 287 / 300 ... accepted 287. Emin=-8.62404452, Emax=79.84850726
realization 288 / 300 ... accepted 288. Emin=-16.25607417, Emax=94.86131244
realization 289 / 300 ... accepted 289. Emin=-9.35459989, Emax=78.67383763
realization 290 / 300 ... accepted 290. Emin=-34.73336154, Emax=56.91981168
realization 291 / 300 ... accepted 291. Emin=-45.43016875, Emax=52.26639685
realization 292 / 300 ... accepted 292. Emin=22.13923455, Emax=121.79538973
realization 293 / 300 ... accepted 293. Emin=-47.39158746, Emax=48.77288333
realization 294 / 300 ... accepted 294. Emin=-40.92756110, Emax=53.48409374
realization 295 / 300 ... accepted 295. Emin=16.22680868, Emax=126.39411455
realization 296 / 300 ... accepted 296. Emin=7.94267331, Emax=100.73131454
realization 297 / 300 ... accepted 297. Emin=48.40657235, Emax=129.12260663
realization 298 / 300 ... accepted 298. Emin=-3.92014243, Emax=99.46564849
realization 299 / 300 ... accepted 299. Emin=11.78085317, Emax=106.09610861
realization 300 / 300 ... accepted 300. Emin=-5.80562179, Emax=106.12498114
Saved final energies: /home/2/kj405942/POLFED_bosons/pbs_bose_legacy_nmax2_periodic/data/U_9/W_14/L_6/N_6_nmax_2/boundary_periodic/energies_full_U9_L6_N6_nmax2_W14_boundaryperiodic_nreal300.txt
Accepted realizations: 300 / 300
Skipped realizations: 0
Job finished at Sun May 31 17:12:09 UTC 2026
