Job started on w30 at Sun May 31 17:10:31 UTC 2026
PBS_JOBID=7731426.kruk-host.ift-klaster.lan
PBS_O_WORKDIR=/home/2/kj405942/POLFED_bosons
Bose-Hubbard: L=6, N=6, nmax=2, dim=141
t=1, U=9, W=12, nreal=300, boundary=periodic, mode=full
Writing partial results to /home/2/kj405942/POLFED_bosons/pbs_bose_legacy_nmax2_periodic/data/U_9/W_12/L_6/N_6_nmax_2/boundary_periodic/energies_full_U9_L6_N6_nmax2_W12_boundaryperiodic_nreal300_partial.txt
realization 1 / 300 ... accepted 1. Emin=-11.87222096, Emax=64.57830782
realization 2 / 300 ... accepted 2. Emin=-0.96145351, Emax=91.28103644
realization 3 / 300 ... accepted 3. Emin=-26.97898016, Emax=44.35925402
realization 4 / 300 ... accepted 4. Emin=-35.66013847, Emax=40.88536126
realization 5 / 300 ... accepted 5. Emin=-13.41710987, Emax=85.05195758
realization 6 / 300 ... accepted 6. Emin=18.67425019, Emax=110.23647212
realization 7 / 300 ... accepted 7. Emin=13.74961979, Emax=92.06446183
realization 8 / 300 ... accepted 8. Emin=28.87273445, Emax=101.64753075
realization 9 / 300 ... accepted 9. Emin=12.59795693, Emax=100.05824127
realization 10 / 300 ... accepted 10. Emin=16.34212996, Emax=114.09862767
realization 11 / 300 ... accepted 11. Emin=12.29842623, Emax=102.90492070
realization 12 / 300 ... accepted 12. Emin=-30.28150263, Emax=47.80632634
realization 13 / 300 ... accepted 13. Emin=-15.52608245, Emax=87.89932229
realization 14 / 300 ... accepted 14. Emin=8.42911803, Emax=112.62486170
realization 15 / 300 ... accepted 15. Emin=9.07087827, Emax=119.24340775
realization 16 / 300 ... accepted 16. Emin=5.86076574, Emax=101.52619873
realization 17 / 300 ... accepted 17. Emin=7.51362382, Emax=88.88997044
realization 18 / 300 ... accepted 18. Emin=-23.43233577, Emax=75.14553671
realization 19 / 300 ... accepted 19. Emin=-7.00453487, Emax=82.88579739
realization 20 / 300 ... accepted 20. Emin=-5.74505586, Emax=87.80559763
realization 21 / 300 ... accepted 21. Emin=-28.43159939, Emax=47.04321195
realization 22 / 300 ... accepted 22. Emin=17.07364221, Emax=105.31295617
realization 23 / 300 ... accepted 23. Emin=-24.95049374, Emax=68.38247531
realization 24 / 300 ... accepted 24. Emin=-21.02616155, Emax=67.66507462
realization 25 / 300 ... accepted 25. Emin=-7.82747109, Emax=65.24774540
realization 26 / 300 ... accepted 26. Emin=-31.50767511, Emax=39.82295366
realization 27 / 300 ... accepted 27. Emin=28.36499298, Emax=101.26256092
realization 28 / 300 ... accepted 28. Emin=-13.55677429, Emax=104.48410038
realization 29 / 300 ... accepted 29. Emin=16.23517704, Emax=93.82509410
realization 30 / 300 ... accepted 30. Emin=-1.48054799, Emax=88.59143054
realization 31 / 300 ... accepted 31. Emin=-7.64271538, Emax=77.42787906
realization 32 / 300 ... accepted 32. Emin=-28.04886073, Emax=59.90118918
realization 33 / 300 ... accepted 33. Emin=39.16706918, Emax=112.32424939
realization 34 / 300 ... accepted 34. Emin=-14.94876958, Emax=69.33881944
realization 35 / 300 ... accepted 35. Emin=-12.03188722, Emax=72.85892313
realization 36 / 300 ... accepted 36. Emin=-34.98255531, Emax=46.80932467
realization 37 / 300 ... accepted 37. Emin=-28.17473300, Emax=54.46347589
realization 38 / 300 ... accepted 38. Emin=-9.29362531, Emax=76.91579737
realization 39 / 300 ... accepted 39. Emin=3.24060793, Emax=92.98820403
realization 40 / 300 ... accepted 40. Emin=-14.17315132, Emax=72.83671146
realization 41 / 300 ... accepted 41. Emin=-34.13414447, Emax=45.80677507
realization 42 / 300 ... accepted 42. Emin=-0.26677222, Emax=76.66158402
realization 43 / 300 ... accepted 43. Emin=8.07795015, Emax=87.53135015
realization 44 / 300 ... accepted 44. Emin=-13.02572484, Emax=66.33090442
realization 45 / 300 ... accepted 45. Emin=-19.04146350, Emax=57.65926443
realization 46 / 300 ... accepted 46. Emin=-7.17629579, Emax=95.07272531
realization 47 / 300 ... accepted 47. Emin=39.66640560, Emax=117.09430437
realization 48 / 300 ... accepted 48. Emin=-22.14665915, Emax=61.73149880
realization 49 / 300 ... accepted 49. Emin=17.31108472, Emax=102.55261645
realization 50 / 300 ... accepted 50. Emin=-6.02973291, Emax=100.96925352
realization 51 / 300 ... accepted 51. Emin=37.33418483, Emax=116.11610958
realization 52 / 300 ... accepted 52. Emin=-3.79029987, Emax=77.39298594
realization 53 / 300 ... accepted 53. Emin=-21.61280308, Emax=75.68373018
realization 54 / 300 ... accepted 54. Emin=-4.91411912, Emax=79.43053568
realization 55 / 300 ... accepted 55. Emin=-8.31947957, Emax=72.68387161
realization 56 / 300 ... accepted 56. Emin=1.04166159, Emax=93.94121247
realization 57 / 300 ... accepted 57. Emin=-8.82688265, Emax=84.26949187
realization 58 / 300 ... accepted 58. Emin=-1.93542664, Emax=106.06828406
realization 59 / 300 ... accepted 59. Emin=-29.33452451, Emax=50.42320929
realization 60 / 300 ... accepted 60. Emin=18.66836483, Emax=112.73809456
realization 61 / 300 ... accepted 61. Emin=9.60955808, Emax=96.36279950
realization 62 / 300 ... accepted 62. Emin=1.48527532, Emax=112.31795950
realization 63 / 300 ... accepted 63. Emin=-21.02108820, Emax=50.39222871
realization 64 / 300 ... accepted 64. Emin=27.38108830, Emax=108.77020669
realization 65 / 300 ... accepted 65. Emin=-4.19814692, Emax=69.17827062
realization 66 / 300 ... accepted 66. Emin=-8.62226912, Emax=90.19457687
realization 67 / 300 ... accepted 67. Emin=-1.28962310, Emax=76.95396688
realization 68 / 300 ... accepted 68. Emin=0.05459336, Emax=88.86488147
realization 69 / 300 ... accepted 69. Emin=-9.11780405, Emax=63.58868499
realization 70 / 300 ... accepted 70. Emin=1.37290932, Emax=75.95565379
realization 71 / 300 ... accepted 71. Emin=8.78830654, Emax=89.23905456
realization 72 / 300 ... accepted 72. Emin=-7.56825655, Emax=89.64257311
realization 73 / 300 ... accepted 73. Emin=16.29069600, Emax=106.37661964
realization 74 / 300 ... accepted 74. Emin=-6.24739153, Emax=83.92634497
realization 75 / 300 ... accepted 75. Emin=20.77031123, Emax=110.21019971
realization 76 / 300 ... accepted 76. Emin=-8.57370146, Emax=65.68922583
realization 77 / 300 ... accepted 77. Emin=-27.54040091, Emax=76.61187058
realization 78 / 300 ... accepted 78. Emin=22.73817815, Emax=110.47360091
realization 79 / 300 ... accepted 79. Emin=-0.04675302, Emax=90.78231248
realization 80 / 300 ... accepted 80. Emin=-21.27693989, Emax=57.25712827
realization 81 / 300 ... accepted 81. Emin=11.07177593, Emax=86.92657396
realization 82 / 300 ... accepted 82. Emin=15.37533221, Emax=104.97474217
realization 83 / 300 ... accepted 83. Emin=-25.46129108, Emax=52.24314877
realization 84 / 300 ... accepted 84. Emin=0.61539832, Emax=69.95481256
realization 85 / 300 ... accepted 85. Emin=0.71025959, Emax=82.97127194
realization 86 / 300 ... accepted 86. Emin=-4.09910259, Emax=86.25902657
realization 87 / 300 ... accepted 87. Emin=-4.08910443, Emax=93.00775990
realization 88 / 300 ... accepted 88. Emin=1.18127987, Emax=90.90831555
realization 89 / 300 ... accepted 89. Emin=29.94660099, Emax=102.30162605
realization 90 / 300 ... accepted 90. Emin=4.50383998, Emax=99.26103437
realization 91 / 300 ... accepted 91. Emin=-28.84677452, Emax=63.98211968
realization 92 / 300 ... accepted 92. Emin=-32.76369600, Emax=63.07231606
realization 93 / 300 ... accepted 93. Emin=-15.05299466, Emax=67.63243688
realization 94 / 300 ... accepted 94. Emin=-31.73479905, Emax=52.12787534
realization 95 / 300 ... accepted 95. Emin=-19.74273546, Emax=58.52352432
realization 96 / 300 ... accepted 96. Emin=-7.04950904, Emax=77.87127133
realization 97 / 300 ... accepted 97. Emin=-33.09500404, Emax=52.53620533
realization 98 / 300 ... accepted 98. Emin=27.18922370, Emax=105.59066610
realization 99 / 300 ... accepted 99. Emin=-2.53442365, Emax=110.35215135
realization 100 / 300 ... accepted 100. Emin=-12.30646693, Emax=87.69551085
realization 101 / 300 ... accepted 101. Emin=5.80396739, Emax=105.65008368
realization 102 / 300 ... accepted 102. Emin=8.33464426, Emax=108.09096448
realization 103 / 300 ... accepted 103. Emin=11.48957405, Emax=95.51382814
realization 104 / 300 ... accepted 104. Emin=5.50161609, Emax=89.85218164
realization 105 / 300 ... accepted 105. Emin=7.90906789, Emax=89.82516583
realization 106 / 300 ... accepted 106. Emin=-8.25935795, Emax=81.18689351
realization 107 / 300 ... accepted 107. Emin=-22.73121937, Emax=60.75412410
realization 108 / 300 ... accepted 108. Emin=29.64690767, Emax=109.92031175
realization 109 / 300 ... accepted 109. Emin=29.11139371, Emax=96.37168657
realization 110 / 300 ... accepted 110. Emin=-6.14192279, Emax=87.68784231
realization 111 / 300 ... accepted 111. Emin=-31.53038562, Emax=39.75676513
realization 112 / 300 ... accepted 112. Emin=-14.82259513, Emax=56.61465825
realization 113 / 300 ... accepted 113. Emin=-8.17766853, Emax=82.03088738
realization 114 / 300 ... accepted 114. Emin=12.56798079, Emax=103.74581062
realization 115 / 300 ... accepted 115. Emin=-0.42354787, Emax=87.09320338
realization 116 / 300 ... accepted 116. Emin=11.75730496, Emax=101.99872316
realization 117 / 300 ... accepted 117. Emin=6.93830407, Emax=97.29198262
realization 118 / 300 ... accepted 118. Emin=-14.96529976, Emax=99.96338880
realization 119 / 300 ... accepted 119. Emin=-6.02890491, Emax=93.53184574
realization 120 / 300 ... accepted 120. Emin=13.67121355, Emax=110.40463158
realization 121 / 300 ... accepted 121. Emin=23.52177605, Emax=116.81418947
realization 122 / 300 ... accepted 122. Emin=-20.38105324, Emax=69.57604674
realization 123 / 300 ... accepted 123. Emin=8.59744809, Emax=83.77756574
realization 124 / 300 ... accepted 124. Emin=15.08709496, Emax=109.75525486
realization 125 / 300 ... accepted 125. Emin=24.96537323, Emax=108.65257318
realization 126 / 300 ... accepted 126. Emin=-12.66592562, Emax=89.54332929
realization 127 / 300 ... accepted 127. Emin=28.90372588, Emax=100.87331425
realization 128 / 300 ... accepted 128. Emin=9.84498178, Emax=91.76775324
realization 129 / 300 ... accepted 129. Emin=-1.44051499, Emax=86.61164708
realization 130 / 300 ... accepted 130. Emin=-26.81680572, Emax=55.42635431
realization 131 / 300 ... accepted 131. Emin=-0.15678980, Emax=84.62189342
realization 132 / 300 ... accepted 132. Emin=6.28946448, Emax=97.83801049
realization 133 / 300 ... accepted 133. Emin=44.57113486, Emax=109.62199948
realization 134 / 300 ... accepted 134. Emin=-1.06800249, Emax=86.56626941
realization 135 / 300 ... accepted 135. Emin=3.92822986, Emax=99.91478443
realization 136 / 300 ... accepted 136. Emin=-37.04487358, Emax=46.77110995
realization 137 / 300 ... accepted 137. Emin=22.63769254, Emax=113.36717259
realization 138 / 300 ... accepted 138. Emin=8.56317490, Emax=96.09933700
realization 139 / 300 ... accepted 139. Emin=17.22777902, Emax=103.08744793
realization 140 / 300 ... accepted 140. Emin=-19.73886581, Emax=70.30563067
realization 141 / 300 ... accepted 141. Emin=18.02074089, Emax=105.98175048
realization 142 / 300 ... accepted 142. Emin=-9.11356735, Emax=87.67569878
realization 143 / 300 ... accepted 143. Emin=-7.34947231, Emax=69.17217902
realization 144 / 300 ... accepted 144. Emin=-19.57198211, Emax=63.14273775
realization 145 / 300 ... accepted 145. Emin=5.77190409, Emax=89.83667115
realization 146 / 300 ... accepted 146. Emin=0.52631418, Emax=94.44872207
realization 147 / 300 ... accepted 147. Emin=11.94805416, Emax=93.16345338
realization 148 / 300 ... accepted 148. Emin=-30.99520626, Emax=63.21040699
realization 149 / 300 ... accepted 149. Emin=-0.13690310, Emax=93.08342989
realization 150 / 300 ... accepted 150. Emin=-23.24436994, Emax=49.11915938
realization 151 / 300 ... accepted 151. Emin=-32.12670898, Emax=37.99707053
realization 152 / 300 ... accepted 152. Emin=13.59221867, Emax=89.97691024
realization 153 / 300 ... accepted 153. Emin=-5.89151715, Emax=86.08730922
realization 154 / 300 ... accepted 154. Emin=-47.12870668, Emax=36.16090939
realization 155 / 300 ... accepted 155. Emin=-25.15503564, Emax=73.98863828
realization 156 / 300 ... accepted 156. Emin=-19.15535726, Emax=68.06299784
realization 157 / 300 ... accepted 157. Emin=14.59358950, Emax=118.54398054
realization 158 / 300 ... accepted 158. Emin=8.62233174, Emax=122.43363312
realization 159 / 300 ... accepted 159. Emin=39.57055274, Emax=117.98365909
realization 160 / 300 ... accepted 160. Emin=0.77092568, Emax=86.27183769
realization 161 / 300 ... accepted 161. Emin=13.88403057, Emax=104.75127164
realization 162 / 300 ... accepted 162. Emin=7.62999267, Emax=74.93606157
realization 163 / 300 ... accepted 163. Emin=14.38765303, Emax=102.16651416
realization 164 / 300 ... accepted 164. Emin=14.88144074, Emax=114.03292191
realization 165 / 300 ... accepted 165. Emin=14.45983322, Emax=92.55772852
realization 166 / 300 ... accepted 166. Emin=-10.16730196, Emax=97.18484566
realization 167 / 300 ... accepted 167. Emin=3.99155101, Emax=111.92449935
realization 168 / 300 ... accepted 168. Emin=-18.63571822, Emax=69.26736862
realization 169 / 300 ... accepted 169. Emin=-12.16492271, Emax=107.14993177
realization 170 / 300 ... accepted 170. Emin=6.57268027, Emax=112.12406937
realization 171 / 300 ... accepted 171. Emin=45.17118889, Emax=120.16996851
realization 172 / 300 ... accepted 172. Emin=-4.93521372, Emax=98.12111597
realization 173 / 300 ... accepted 173. Emin=-10.36370757, Emax=94.02035712
realization 174 / 300 ... accepted 174. Emin=-25.17758441, Emax=56.10914349
realization 175 / 300 ... accepted 175. Emin=-5.61799962, Emax=88.97933582
realization 176 / 300 ... accepted 176. Emin=13.06987321, Emax=95.24527878
realization 177 / 300 ... accepted 177. Emin=0.79677781, Emax=109.24014378
realization 178 / 300 ... accepted 178. Emin=11.72786597, Emax=98.48793556
realization 179 / 300 ... accepted 179. Emin=-28.01331114, Emax=74.61961518
realization 180 / 300 ... accepted 180. Emin=-1.32730436, Emax=88.64781170
realization 181 / 300 ... accepted 181. Emin=1.69653212, Emax=90.79515104
realization 182 / 300 ... accepted 182. Emin=14.86203768, Emax=104.67087794
realization 183 / 300 ... accepted 183. Emin=-11.52357388, Emax=72.79445116
realization 184 / 300 ... accepted 184. Emin=48.41393122, Emax=120.35484817
realization 185 / 300 ... accepted 185. Emin=20.73996820, Emax=104.09345201
realization 186 / 300 ... accepted 186. Emin=-7.38504558, Emax=71.82634072
realization 187 / 300 ... accepted 187. Emin=18.75396176, Emax=103.34901267
realization 188 / 300 ... accepted 188. Emin=10.01983342, Emax=96.09672332
realization 189 / 300 ... accepted 189. Emin=3.50267574, Emax=95.27791251
realization 190 / 300 ... accepted 190. Emin=5.84115583, Emax=100.15586834
realization 191 / 300 ... accepted 191. Emin=-17.60527036, Emax=91.57546324
realization 192 / 300 ... accepted 192. Emin=-8.25062957, Emax=101.87785244
realization 193 / 300 ... accepted 193. Emin=-23.83872438, Emax=55.14490616
realization 194 / 300 ... accepted 194. Emin=-7.40839395, Emax=91.26302119
realization 195 / 300 ... accepted 195. Emin=9.40111533, Emax=97.64657518
realization 196 / 300 ... accepted 196. Emin=20.28654095, Emax=104.40041352
realization 197 / 300 ... accepted 197. Emin=9.69064502, Emax=93.61828284
realization 198 / 300 ... accepted 198. Emin=-11.32575188, Emax=102.38912695
realization 199 / 300 ... accepted 199. Emin=7.29558956, Emax=99.69681099
realization 200 / 300 ... accepted 200. Emin=-22.19773736, Emax=63.78280776
realization 201 / 300 ... accepted 201. Emin=7.54414733, Emax=87.66136602
realization 202 / 300 ... accepted 202. Emin=-3.10306519, Emax=99.36001103
realization 203 / 300 ... accepted 203. Emin=0.38030629, Emax=109.38763527
realization 204 / 300 ... accepted 204. Emin=26.24242939, Emax=110.87692781
realization 205 / 300 ... accepted 205. Emin=-22.58249547, Emax=59.16419544
realization 206 / 300 ... accepted 206. Emin=-8.52511214, Emax=90.48146445
realization 207 / 300 ... accepted 207. Emin=25.52071710, Emax=102.71804801
realization 208 / 300 ... accepted 208. Emin=-12.96722822, Emax=86.01476119
realization 209 / 300 ... accepted 209. Emin=13.04157035, Emax=113.64394626
realization 210 / 300 ... accepted 210. Emin=-38.06091391, Emax=49.08356776
realization 211 / 300 ... accepted 211. Emin=6.28059587, Emax=101.04135856
realization 212 / 300 ... accepted 212. Emin=-14.88434470, Emax=72.38233120
realization 213 / 300 ... accepted 213. Emin=-33.51384225, Emax=44.11802720
realization 214 / 300 ... accepted 214. Emin=-18.28567001, Emax=88.16332545
realization 215 / 300 ... accepted 215. Emin=-14.38477193, Emax=75.99770886
realization 216 / 300 ... accepted 216. Emin=-11.61415811, Emax=77.90996625
realization 217 / 300 ... accepted 217. Emin=1.91123179, Emax=103.77790860
realization 218 / 300 ... accepted 218. Emin=-4.35641068, Emax=91.94641888
realization 219 / 300 ... accepted 219. Emin=12.04865974, Emax=88.75415903
realization 220 / 300 ... accepted 220. Emin=-15.58364121, Emax=77.23772620
realization 221 / 300 ... accepted 221. Emin=-2.94868665, Emax=82.31067880
realization 222 / 300 ... accepted 222. Emin=-28.42830621, Emax=45.94946028
realization 223 / 300 ... accepted 223. Emin=-1.75855010, Emax=106.78175931
realization 224 / 300 ... accepted 224. Emin=-12.17235623, Emax=69.30368805
realization 225 / 300 ... accepted 225. Emin=-18.83584376, Emax=58.91789102
realization 226 / 300 ... accepted 226. Emin=1.87091808, Emax=107.96490336
realization 227 / 300 ... accepted 227. Emin=4.60615201, Emax=96.80246954
realization 228 / 300 ... accepted 228. Emin=23.92818306, Emax=107.04582161
realization 229 / 300 ... accepted 229. Emin=36.37628990, Emax=113.47648961
realization 230 / 300 ... accepted 230. Emin=-4.76397337, Emax=77.99718848
realization 231 / 300 ... accepted 231. Emin=-17.93454837, Emax=63.79906676
realization 232 / 300 ... accepted 232. Emin=20.14048269, Emax=115.59663160
realization 233 / 300 ... accepted 233. Emin=0.72045777, Emax=84.31820982
realization 234 / 300 ... accepted 234. Emin=-27.35787347, Emax=46.99735267
realization 235 / 300 ... accepted 235. Emin=-10.27315904, Emax=71.35663746
realization 236 / 300 ... accepted 236. Emin=-19.59745434, Emax=68.79342716
realization 237 / 300 ... accepted 237. Emin=-15.45884710, Emax=79.86707178
realization 238 / 300 ... accepted 238. Emin=18.80295424, Emax=120.47348160
realization 239 / 300 ... accepted 239. Emin=16.17772936, Emax=101.69672631
realization 240 / 300 ... accepted 240. Emin=-42.04181543, Emax=38.47261346
realization 241 / 300 ... accepted 241. Emin=12.33200901, Emax=100.01363269
realization 242 / 300 ... accepted 242. Emin=-8.90510782, Emax=97.02107982
realization 243 / 300 ... accepted 243. Emin=-0.54883704, Emax=97.95444698
realization 244 / 300 ... accepted 244. Emin=15.20152718, Emax=97.25095865
realization 245 / 300 ... accepted 245. Emin=18.05561795, Emax=104.11840714
realization 246 / 300 ... accepted 246. Emin=29.59201604, Emax=108.79403877
realization 247 / 300 ... accepted 247. Emin=13.80534422, Emax=106.12408753
realization 248 / 300 ... accepted 248. Emin=-15.07240373, Emax=58.15476005
realization 249 / 300 ... accepted 249. Emin=26.51884634, Emax=110.58389829
realization 250 / 300 ... accepted 250. Emin=-15.07313397, Emax=65.73514788
realization 251 / 300 ... accepted 251. Emin=0.11917540, Emax=92.82270556
realization 252 / 300 ... accepted 252. Emin=15.45752854, Emax=109.76148055
realization 253 / 300 ... accepted 253. Emin=-30.29043289, Emax=49.88590021
realization 254 / 300 ... accepted 254. Emin=-7.38689615, Emax=70.79344218
realization 255 / 300 ... accepted 255. Emin=21.69800859, Emax=103.72273880
realization 256 / 300 ... accepted 256. Emin=9.85248777, Emax=98.79500425
realization 257 / 300 ... accepted 257. Emin=4.88694598, Emax=88.10233616
realization 258 / 300 ... accepted 258. Emin=29.37133343, Emax=107.88976133
realization 259 / 300 ... accepted 259. Emin=-11.64103071, Emax=89.62662096
realization 260 / 300 ... accepted 260. Emin=-29.87572981, Emax=60.66786293
realization 261 / 300 ... accepted 261. Emin=-17.79053392, Emax=69.45249782
realization 262 / 300 ... accepted 262. Emin=-25.33241718, Emax=50.31337069
realization 263 / 300 ... accepted 263. Emin=29.16163610, Emax=103.36065013
realization 264 / 300 ... accepted 264. Emin=-5.10223429, Emax=67.36042047
realization 265 / 300 ... accepted 265. Emin=-16.29493201, Emax=69.39748581
realization 266 / 300 ... accepted 266. Emin=-9.09136026, Emax=64.47595875
realization 267 / 300 ... accepted 267. Emin=3.65627734, Emax=92.64587884
realization 268 / 300 ... accepted 268. Emin=7.64428658, Emax=92.07290239
realization 269 / 300 ... accepted 269. Emin=4.28967174, Emax=85.47363582
realization 270 / 300 ... accepted 270. Emin=11.04477480, Emax=82.01733504
realization 271 / 300 ... accepted 271. Emin=-21.66596312, Emax=57.82878597
realization 272 / 300 ... accepted 272. Emin=9.01743518, Emax=104.12692446
realization 273 / 300 ... accepted 273. Emin=-16.75810448, Emax=84.20910514
realization 274 / 300 ... accepted 274. Emin=-8.24489943, Emax=85.79389808
realization 275 / 300 ... accepted 275. Emin=-34.35585761, Emax=48.60684782
realization 276 / 300 ... accepted 276. Emin=-1.72829630, Emax=80.76560282
realization 277 / 300 ... accepted 277. Emin=-5.30911124, Emax=88.38869314
realization 278 / 300 ... accepted 278. Emin=-18.58309378, Emax=82.33236671
realization 279 / 300 ... accepted 279. Emin=18.17493868, Emax=96.32450820
realization 280 / 300 ... accepted 280. Emin=-28.39096638, Emax=49.81397467
realization 281 / 300 ... accepted 281. Emin=-9.21146289, Emax=71.41045849
realization 282 / 300 ... accepted 282. Emin=-18.79489209, Emax=73.84552301
realization 283 / 300 ... accepted 283. Emin=-24.64091835, Emax=69.71549679
realization 284 / 300 ... accepted 284. Emin=22.73495923, Emax=116.68357005
realization 285 / 300 ... accepted 285. Emin=11.61295617, Emax=103.53064351
realization 286 / 300 ... accepted 286. Emin=3.23713439, Emax=101.21889012
realization 287 / 300 ... accepted 287. Emin=-11.32627948, Emax=75.32734368
realization 288 / 300 ... accepted 288. Emin=-3.39452501, Emax=108.17302809
realization 289 / 300 ... accepted 289. Emin=-19.86252796, Emax=85.66869969
realization 290 / 300 ... accepted 290. Emin=13.02653226, Emax=107.99129305
realization 291 / 300 ... accepted 291. Emin=-12.32362961, Emax=74.55777267
realization 292 / 300 ... accepted 292. Emin=20.14208970, Emax=114.46740569
realization 293 / 300 ... accepted 293. Emin=3.00323431, Emax=99.49245007
realization 294 / 300 ... accepted 294. Emin=7.96575185, Emax=99.76821260
realization 295 / 300 ... accepted 295. Emin=13.27516791, Emax=85.22048750
realization 296 / 300 ... accepted 296. Emin=-22.54521711, Emax=75.72268835
realization 297 / 300 ... accepted 297. Emin=-25.33929835, Emax=77.62694561
realization 298 / 300 ... accepted 298. Emin=-14.85584329, Emax=73.71848039
realization 299 / 300 ... accepted 299. Emin=2.84663832, Emax=100.04372997
realization 300 / 300 ... accepted 300. Emin=-20.18357151, Emax=64.37188240
Saved final energies: /home/2/kj405942/POLFED_bosons/pbs_bose_legacy_nmax2_periodic/data/U_9/W_12/L_6/N_6_nmax_2/boundary_periodic/energies_full_U9_L6_N6_nmax2_W12_boundaryperiodic_nreal300.txt
Accepted realizations: 300 / 300
Skipped realizations: 0
Job finished at Sun May 31 17:11:47 UTC 2026
