Job started on w30 at Sun May 31 17:10:30 UTC 2026
PBS_JOBID=7731420.kruk-host.ift-klaster.lan
PBS_O_WORKDIR=/home/2/kj405942/POLFED_bosons
Bose-Hubbard: L=6, N=6, nmax=2, dim=141
t=1, U=9, W=6, nreal=300, boundary=periodic, mode=full
Writing partial results to /home/2/kj405942/POLFED_bosons/pbs_bose_legacy_nmax2_periodic/data/U_9/W_6/L_6/N_6_nmax_2/boundary_periodic/energies_full_U9_L6_N6_nmax2_W6_boundaryperiodic_nreal300_partial.txt
realization 1 / 300 ... accepted 1. Emin=-0.59839825, Emax=74.20739079
realization 2 / 300 ... accepted 2. Emin=-5.28893410, Emax=67.72872867
realization 3 / 300 ... accepted 3. Emin=-2.35086220, Emax=75.76758350
realization 4 / 300 ... accepted 4. Emin=3.61148254, Emax=72.60672706
realization 5 / 300 ... accepted 5. Emin=-23.96470326, Emax=43.03908985
realization 6 / 300 ... accepted 6. Emin=-1.91062826, Emax=67.37895988
realization 7 / 300 ... accepted 7. Emin=-4.82491188, Emax=62.60617663
realization 8 / 300 ... accepted 8. Emin=-2.64827395, Emax=74.82092177
realization 9 / 300 ... accepted 9. Emin=6.93637817, Emax=76.49221241
realization 10 / 300 ... accepted 10. Emin=-4.37967609, Emax=63.82286486
realization 11 / 300 ... accepted 11. Emin=8.38282370, Emax=75.73473615
realization 12 / 300 ... accepted 12. Emin=-9.42158165, Emax=60.40956754
realization 13 / 300 ... accepted 13. Emin=-17.38089454, Emax=45.40767533
realization 14 / 300 ... accepted 14. Emin=-1.82090068, Emax=74.68322770
realization 15 / 300 ... accepted 15. Emin=-22.01040651, Emax=43.56507659
realization 16 / 300 ... accepted 16. Emin=-13.06703086, Emax=55.01891890
realization 17 / 300 ... accepted 17. Emin=3.67006996, Emax=69.96173920
realization 18 / 300 ... accepted 18. Emin=-12.75634049, Emax=57.91064338
realization 19 / 300 ... accepted 19. Emin=3.91341415, Emax=72.17163457
realization 20 / 300 ... accepted 20. Emin=3.43509711, Emax=74.60295904
realization 21 / 300 ... accepted 21. Emin=0.14983564, Emax=71.01145853
realization 22 / 300 ... accepted 22. Emin=-10.88427703, Emax=47.68270982
realization 23 / 300 ... accepted 23. Emin=-4.52941241, Emax=64.99111282
realization 24 / 300 ... accepted 24. Emin=-5.22019951, Emax=65.60459711
realization 25 / 300 ... accepted 25. Emin=-16.41268168, Emax=53.56837006
realization 26 / 300 ... accepted 26. Emin=-11.70476801, Emax=57.63161799
realization 27 / 300 ... accepted 27. Emin=1.39441822, Emax=81.51717262
realization 28 / 300 ... accepted 28. Emin=-8.63006227, Emax=61.19479025
realization 29 / 300 ... accepted 29. Emin=-3.80436573, Emax=68.07708878
realization 30 / 300 ... accepted 30. Emin=-5.36735961, Emax=68.72951429
realization 31 / 300 ... accepted 31. Emin=-2.40600573, Emax=74.53902336
realization 32 / 300 ... accepted 32. Emin=-5.00709033, Emax=61.66658266
realization 33 / 300 ... accepted 33. Emin=3.08014335, Emax=70.15448957
realization 34 / 300 ... accepted 34. Emin=-20.09429507, Emax=45.25979355
realization 35 / 300 ... accepted 35. Emin=13.13910876, Emax=79.57125677
realization 36 / 300 ... accepted 36. Emin=-4.40302008, Emax=62.89062048
realization 37 / 300 ... accepted 37. Emin=-6.90020226, Emax=68.34623160
realization 38 / 300 ... accepted 38. Emin=3.25806720, Emax=78.88645549
realization 39 / 300 ... accepted 39. Emin=4.21538420, Emax=78.06504403
realization 40 / 300 ... accepted 40. Emin=-0.45950885, Emax=75.84679657
realization 41 / 300 ... accepted 41. Emin=5.60936612, Emax=75.89545712
realization 42 / 300 ... accepted 42. Emin=3.19458107, Emax=76.22113031
realization 43 / 300 ... accepted 43. Emin=5.02576164, Emax=83.49728841
realization 44 / 300 ... accepted 44. Emin=-1.85323697, Emax=65.37203924
realization 45 / 300 ... accepted 45. Emin=7.73106236, Emax=81.71475751
realization 46 / 300 ... accepted 46. Emin=-5.51080528, Emax=67.16429923
realization 47 / 300 ... accepted 47. Emin=8.51342237, Emax=79.24770090
realization 48 / 300 ... accepted 48. Emin=2.77964944, Emax=72.20669729
realization 49 / 300 ... accepted 49. Emin=10.50226022, Emax=86.96684802
realization 50 / 300 ... accepted 50. Emin=-16.78078351, Emax=52.48668421
realization 51 / 300 ... accepted 51. Emin=-10.66930669, Emax=63.66820755
realization 52 / 300 ... accepted 52. Emin=-2.23743410, Emax=72.09233268
realization 53 / 300 ... accepted 53. Emin=-15.70928344, Emax=55.75141106
realization 54 / 300 ... accepted 54. Emin=-12.24201792, Emax=52.94434290
realization 55 / 300 ... accepted 55. Emin=-0.27848799, Emax=69.86996608
realization 56 / 300 ... accepted 56. Emin=-3.46871927, Emax=72.26707125
realization 57 / 300 ... accepted 57. Emin=-4.70235532, Emax=66.17399047
realization 58 / 300 ... accepted 58. Emin=-0.80459311, Emax=69.10224713
realization 59 / 300 ... accepted 59. Emin=6.26826569, Emax=81.95394250
realization 60 / 300 ... accepted 60. Emin=6.19535422, Emax=79.05552369
realization 61 / 300 ... accepted 61. Emin=-22.15262166, Emax=40.70494474
realization 62 / 300 ... accepted 62. Emin=-15.86756377, Emax=56.81740071
realization 63 / 300 ... accepted 63. Emin=-6.06151771, Emax=64.63174862
realization 64 / 300 ... accepted 64. Emin=-3.64158097, Emax=73.87153320
realization 65 / 300 ... accepted 65. Emin=1.93478194, Emax=73.51395410
realization 66 / 300 ... accepted 66. Emin=-14.43061491, Emax=56.26216328
realization 67 / 300 ... accepted 67. Emin=5.70603289, Emax=78.07008228
realization 68 / 300 ... accepted 68. Emin=15.31217821, Emax=81.89218126
realization 69 / 300 ... accepted 69. Emin=-5.45446692, Emax=63.54365579
realization 70 / 300 ... accepted 70. Emin=3.47378683, Emax=82.21640506
realization 71 / 300 ... accepted 71. Emin=-9.48988845, Emax=68.11572073
realization 72 / 300 ... accepted 72. Emin=3.63784835, Emax=69.70680886
realization 73 / 300 ... accepted 73. Emin=4.22019316, Emax=79.78948776
realization 74 / 300 ... accepted 74. Emin=7.89576845, Emax=71.06569110
realization 75 / 300 ... accepted 75. Emin=-4.78806782, Emax=71.99226807
realization 76 / 300 ... accepted 76. Emin=-5.46667118, Emax=61.37684600
realization 77 / 300 ... accepted 77. Emin=-11.43246887, Emax=57.17654115
realization 78 / 300 ... accepted 78. Emin=5.86596170, Emax=76.77199188
realization 79 / 300 ... accepted 79. Emin=1.28954315, Emax=77.41650116
realization 80 / 300 ... accepted 80. Emin=0.66038239, Emax=64.69694803
realization 81 / 300 ... accepted 81. Emin=-0.74631907, Emax=80.37365292
realization 82 / 300 ... accepted 82. Emin=3.20708546, Emax=66.35567180
realization 83 / 300 ... accepted 83. Emin=3.93404773, Emax=75.77301924
realization 84 / 300 ... accepted 84. Emin=-13.17916840, Emax=56.27313149
realization 85 / 300 ... accepted 85. Emin=15.57401354, Emax=82.37326775
realization 86 / 300 ... accepted 86. Emin=-4.04842586, Emax=79.19249827
realization 87 / 300 ... accepted 87. Emin=3.04698684, Emax=77.55442220
realization 88 / 300 ... accepted 88. Emin=-8.25861413, Emax=67.57162294
realization 89 / 300 ... accepted 89. Emin=0.40867719, Emax=75.67101525
realization 90 / 300 ... accepted 90. Emin=-11.53674256, Emax=53.24177275
realization 91 / 300 ... accepted 91. Emin=-13.77942428, Emax=53.97683938
realization 92 / 300 ... accepted 92. Emin=5.45769512, Emax=80.25683528
realization 93 / 300 ... accepted 93. Emin=11.19116297, Emax=79.66701492
realization 94 / 300 ... accepted 94. Emin=-2.65715283, Emax=68.31560259
realization 95 / 300 ... accepted 95. Emin=7.77399087, Emax=85.36392625
realization 96 / 300 ... accepted 96. Emin=9.30399939, Emax=86.15876319
realization 97 / 300 ... accepted 97. Emin=-7.19315075, Emax=67.10791237
realization 98 / 300 ... accepted 98. Emin=-13.47708889, Emax=59.06173343
realization 99 / 300 ... accepted 99. Emin=-6.43846246, Emax=69.28143892
realization 100 / 300 ... accepted 100. Emin=-6.76489124, Emax=66.60106844
realization 101 / 300 ... accepted 101. Emin=-13.32547729, Emax=58.58762882
realization 102 / 300 ... accepted 102. Emin=4.45279595, Emax=80.63127045
realization 103 / 300 ... accepted 103. Emin=-10.02512137, Emax=67.88351716
realization 104 / 300 ... accepted 104. Emin=-8.39319238, Emax=60.16775723
realization 105 / 300 ... accepted 105. Emin=-6.32144136, Emax=68.58166860
realization 106 / 300 ... accepted 106. Emin=4.66623949, Emax=75.07178036
realization 107 / 300 ... accepted 107. Emin=8.92757625, Emax=76.96976656
realization 108 / 300 ... accepted 108. Emin=10.57943608, Emax=75.89732099
realization 109 / 300 ... accepted 109. Emin=-13.85465359, Emax=59.61860906
realization 110 / 300 ... accepted 110. Emin=9.03660543, Emax=75.70566857
realization 111 / 300 ... accepted 111. Emin=-0.33571502, Emax=65.97589699
realization 112 / 300 ... accepted 112. Emin=-1.28673797, Emax=75.11730433
realization 113 / 300 ... accepted 113. Emin=12.44811966, Emax=83.66889429
realization 114 / 300 ... accepted 114. Emin=4.90774994, Emax=85.90752809
realization 115 / 300 ... accepted 115. Emin=3.07197511, Emax=71.24219836
realization 116 / 300 ... accepted 116. Emin=-12.90642897, Emax=57.29524554
realization 117 / 300 ... accepted 117. Emin=7.19179995, Emax=78.10784560
realization 118 / 300 ... accepted 118. Emin=-11.46309209, Emax=62.73705702
realization 119 / 300 ... accepted 119. Emin=-1.78413261, Emax=69.29055678
realization 120 / 300 ... accepted 120. Emin=4.36022329, Emax=77.21856239
realization 121 / 300 ... accepted 121. Emin=-15.39896092, Emax=50.86090823
realization 122 / 300 ... accepted 122. Emin=-10.98795540, Emax=60.44797993
realization 123 / 300 ... accepted 123. Emin=-3.29603197, Emax=64.33845177
realization 124 / 300 ... accepted 124. Emin=-9.41826182, Emax=66.02592801
realization 125 / 300 ... accepted 125. Emin=1.68501369, Emax=68.85856105
realization 126 / 300 ... accepted 126. Emin=-7.38791923, Emax=54.50555877
realization 127 / 300 ... accepted 127. Emin=16.87348780, Emax=86.06085444
realization 128 / 300 ... accepted 128. Emin=-18.49159437, Emax=52.45920994
realization 129 / 300 ... accepted 129. Emin=0.72997382, Emax=77.94391738
realization 130 / 300 ... accepted 130. Emin=-8.92437783, Emax=59.86207259
realization 131 / 300 ... accepted 131. Emin=-25.95560061, Emax=35.55426480
realization 132 / 300 ... accepted 132. Emin=-8.90816821, Emax=58.82169350
realization 133 / 300 ... accepted 133. Emin=3.86368473, Emax=68.10267573
realization 134 / 300 ... accepted 134. Emin=-12.59531036, Emax=55.64692899
realization 135 / 300 ... accepted 135. Emin=-0.02793388, Emax=75.26683092
realization 136 / 300 ... accepted 136. Emin=-4.54599125, Emax=68.19609900
realization 137 / 300 ... accepted 137. Emin=-4.59210152, Emax=71.15844803
realization 138 / 300 ... accepted 138. Emin=-6.23138135, Emax=62.66730773
realization 139 / 300 ... accepted 139. Emin=-9.88729740, Emax=62.26272548
realization 140 / 300 ... accepted 140. Emin=6.73494939, Emax=75.59081631
realization 141 / 300 ... accepted 141. Emin=-20.46926628, Emax=44.80366662
realization 142 / 300 ... accepted 142. Emin=-5.51940813, Emax=67.38620430
realization 143 / 300 ... accepted 143. Emin=-2.23512432, Emax=67.56707793
realization 144 / 300 ... accepted 144. Emin=-4.30184566, Emax=61.40516444
realization 145 / 300 ... accepted 145. Emin=8.68736604, Emax=83.00024047
realization 146 / 300 ... accepted 146. Emin=0.41738282, Emax=68.45983793
realization 147 / 300 ... accepted 147. Emin=11.17232220, Emax=81.74773141
realization 148 / 300 ... accepted 148. Emin=3.53293140, Emax=88.08792733
realization 149 / 300 ... accepted 149. Emin=-8.28397510, Emax=59.49836490
realization 150 / 300 ... accepted 150. Emin=4.81493262, Emax=71.33233481
realization 151 / 300 ... accepted 151. Emin=-5.84577503, Emax=72.21087566
realization 152 / 300 ... accepted 152. Emin=1.21794074, Emax=71.22940649
realization 153 / 300 ... accepted 153. Emin=-15.94463736, Emax=53.49620795
realization 154 / 300 ... accepted 154. Emin=11.37943393, Emax=84.09788550
realization 155 / 300 ... accepted 155. Emin=-16.25104497, Emax=55.34131580
realization 156 / 300 ... accepted 156. Emin=-12.38663148, Emax=52.58425026
realization 157 / 300 ... accepted 157. Emin=0.68445651, Emax=68.87549385
realization 158 / 300 ... accepted 158. Emin=-3.56725463, Emax=66.55838111
realization 159 / 300 ... accepted 159. Emin=4.11876728, Emax=75.56998191
realization 160 / 300 ... accepted 160. Emin=10.13219743, Emax=81.98733263
realization 161 / 300 ... accepted 161. Emin=13.89237895, Emax=81.79105667
realization 162 / 300 ... accepted 162. Emin=-8.06804461, Emax=69.96662437
realization 163 / 300 ... accepted 163. Emin=10.29795934, Emax=82.43101943
realization 164 / 300 ... accepted 164. Emin=-5.38483560, Emax=63.51971429
realization 165 / 300 ... accepted 165. Emin=-17.20210722, Emax=50.76400706
realization 166 / 300 ... accepted 166. Emin=-2.54105209, Emax=70.44448610
realization 167 / 300 ... accepted 167. Emin=6.95498057, Emax=80.06006739
realization 168 / 300 ... accepted 168. Emin=2.15556900, Emax=73.29211640
realization 169 / 300 ... accepted 169. Emin=-11.26033424, Emax=55.85043037
realization 170 / 300 ... accepted 170. Emin=8.92694043, Emax=79.73171315
realization 171 / 300 ... accepted 171. Emin=0.30425574, Emax=73.82861452
realization 172 / 300 ... accepted 172. Emin=-2.69760415, Emax=69.35257268
realization 173 / 300 ... accepted 173. Emin=-11.08675247, Emax=60.15909579
realization 174 / 300 ... accepted 174. Emin=-14.18746233, Emax=53.11786692
realization 175 / 300 ... accepted 175. Emin=6.46664340, Emax=79.86219492
realization 176 / 300 ... accepted 176. Emin=6.90047214, Emax=70.47256659
realization 177 / 300 ... accepted 177. Emin=-5.48022556, Emax=64.09945039
realization 178 / 300 ... accepted 178. Emin=-2.02347074, Emax=66.93304167
realization 179 / 300 ... accepted 179. Emin=-1.24047672, Emax=69.26332641
realization 180 / 300 ... accepted 180. Emin=11.02739050, Emax=77.95788261
realization 181 / 300 ... accepted 181. Emin=-13.66807742, Emax=51.75742292
realization 182 / 300 ... accepted 182. Emin=0.80831240, Emax=85.90882118
realization 183 / 300 ... accepted 183. Emin=2.44301780, Emax=70.08507758
realization 184 / 300 ... accepted 184. Emin=-4.53321547, Emax=69.77138879
realization 185 / 300 ... accepted 185. Emin=11.47016894, Emax=79.75050610
realization 186 / 300 ... accepted 186. Emin=-11.12373944, Emax=59.51048021
realization 187 / 300 ... accepted 187. Emin=-6.85408051, Emax=66.13695356
realization 188 / 300 ... accepted 188. Emin=-12.33509503, Emax=57.87094334
realization 189 / 300 ... accepted 189. Emin=-7.27764110, Emax=71.14985511
realization 190 / 300 ... accepted 190. Emin=1.33660450, Emax=76.85593367
realization 191 / 300 ... accepted 191. Emin=-4.77707478, Emax=73.87482699
realization 192 / 300 ... accepted 192. Emin=-3.81898235, Emax=63.25894163
realization 193 / 300 ... accepted 193. Emin=-6.25112197, Emax=58.15169318
realization 194 / 300 ... accepted 194. Emin=-8.01889980, Emax=65.12872230
realization 195 / 300 ... accepted 195. Emin=-8.54308155, Emax=67.05588410
realization 196 / 300 ... accepted 196. Emin=-6.02240469, Emax=63.33215681
realization 197 / 300 ... accepted 197. Emin=-9.29961157, Emax=67.05845728
realization 198 / 300 ... accepted 198. Emin=2.18341773, Emax=63.57117079
realization 199 / 300 ... accepted 199. Emin=-3.42276165, Emax=60.59272472
realization 200 / 300 ... accepted 200. Emin=-4.26163708, Emax=64.74141567
realization 201 / 300 ... accepted 201. Emin=-5.94018395, Emax=66.17816642
realization 202 / 300 ... accepted 202. Emin=0.18575362, Emax=66.55804823
realization 203 / 300 ... accepted 203. Emin=-1.10405774, Emax=70.20454341
realization 204 / 300 ... accepted 204. Emin=8.03871859, Emax=78.22756992
realization 205 / 300 ... accepted 205. Emin=0.87334642, Emax=76.49946054
realization 206 / 300 ... accepted 206. Emin=4.71554087, Emax=83.94775534
realization 207 / 300 ... accepted 207. Emin=6.97677908, Emax=67.76653654
realization 208 / 300 ... accepted 208. Emin=-11.73853525, Emax=52.38598611
realization 209 / 300 ... accepted 209. Emin=-6.50585383, Emax=70.10630450
realization 210 / 300 ... accepted 210. Emin=-9.09689479, Emax=66.63123760
realization 211 / 300 ... accepted 211. Emin=-2.79508748, Emax=77.19503199
realization 212 / 300 ... accepted 212. Emin=3.04459113, Emax=78.82478163
realization 213 / 300 ... accepted 213. Emin=-3.49434629, Emax=62.27661891
realization 214 / 300 ... accepted 214. Emin=-12.14537571, Emax=63.56141739
realization 215 / 300 ... accepted 215. Emin=5.42189304, Emax=75.53119429
realization 216 / 300 ... accepted 216. Emin=-10.24297854, Emax=59.86435128
realization 217 / 300 ... accepted 217. Emin=-7.02974249, Emax=66.38710520
realization 218 / 300 ... accepted 218. Emin=2.82024087, Emax=74.51574053
realization 219 / 300 ... accepted 219. Emin=-0.07826978, Emax=63.52058040
realization 220 / 300 ... accepted 220. Emin=9.18712605, Emax=79.99661553
realization 221 / 300 ... accepted 221. Emin=-8.62031300, Emax=60.19448968
realization 222 / 300 ... accepted 222. Emin=9.46243642, Emax=79.08677456
realization 223 / 300 ... accepted 223. Emin=3.30922504, Emax=73.03229644
realization 224 / 300 ... accepted 224. Emin=-2.90619515, Emax=68.39438613
realization 225 / 300 ... accepted 225. Emin=-10.51264805, Emax=64.16380362
realization 226 / 300 ... accepted 226. Emin=-6.66810504, Emax=66.75410485
realization 227 / 300 ... accepted 227. Emin=-10.82724616, Emax=63.48926340
realization 228 / 300 ... accepted 228. Emin=9.73802264, Emax=76.21712903
realization 229 / 300 ... accepted 229. Emin=7.25190513, Emax=79.74700622
realization 230 / 300 ... accepted 230. Emin=-11.09319840, Emax=57.28487089
realization 231 / 300 ... accepted 231. Emin=7.56366742, Emax=80.14841526
realization 232 / 300 ... accepted 232. Emin=1.53440861, Emax=72.69999182
realization 233 / 300 ... accepted 233. Emin=-3.35131238, Emax=67.17595385
realization 234 / 300 ... accepted 234. Emin=-3.89430378, Emax=69.96624661
realization 235 / 300 ... accepted 235. Emin=-5.23949148, Emax=59.79275477
realization 236 / 300 ... accepted 236. Emin=-7.07080678, Emax=72.14042035
realization 237 / 300 ... accepted 237. Emin=-11.54179906, Emax=61.71725766
realization 238 / 300 ... accepted 238. Emin=-12.41813399, Emax=57.42218578
realization 239 / 300 ... accepted 239. Emin=-6.35219270, Emax=68.72115718
realization 240 / 300 ... accepted 240. Emin=16.62728176, Emax=83.50710613
realization 241 / 300 ... accepted 241. Emin=6.99884488, Emax=71.46231990
realization 242 / 300 ... accepted 242. Emin=-9.73210747, Emax=66.65579989
realization 243 / 300 ... accepted 243. Emin=-22.23253362, Emax=40.04743420
realization 244 / 300 ... accepted 244. Emin=-0.25944019, Emax=75.19435576
realization 245 / 300 ... accepted 245. Emin=15.69452866, Emax=80.30895975
realization 246 / 300 ... accepted 246. Emin=6.04029682, Emax=80.26736491
realization 247 / 300 ... accepted 247. Emin=1.81709815, Emax=66.04618837
realization 248 / 300 ... accepted 248. Emin=-4.94008328, Emax=63.63800969
realization 249 / 300 ... accepted 249. Emin=1.40580946, Emax=70.73761184
realization 250 / 300 ... accepted 250. Emin=-14.11102185, Emax=57.62941725
realization 251 / 300 ... accepted 251. Emin=16.07411216, Emax=83.31578836
realization 252 / 300 ... accepted 252. Emin=12.24758491, Emax=80.32177079
realization 253 / 300 ... accepted 253. Emin=0.57373665, Emax=76.44850078
realization 254 / 300 ... accepted 254. Emin=3.28858661, Emax=70.92503766
realization 255 / 300 ... accepted 255. Emin=6.22429772, Emax=70.88095994
realization 256 / 300 ... accepted 256. Emin=3.99289587, Emax=84.63792636
realization 257 / 300 ... accepted 257. Emin=6.37467973, Emax=70.48291721
realization 258 / 300 ... accepted 258. Emin=9.34888648, Emax=81.72411593
realization 259 / 300 ... accepted 259. Emin=-0.94342383, Emax=67.56230787
realization 260 / 300 ... accepted 260. Emin=-6.46144548, Emax=65.41888082
realization 261 / 300 ... accepted 261. Emin=-1.96487444, Emax=68.55133750
realization 262 / 300 ... accepted 262. Emin=-1.61410486, Emax=81.33152245
realization 263 / 300 ... accepted 263. Emin=-17.33831434, Emax=43.33103779
realization 264 / 300 ... accepted 264. Emin=1.70359553, Emax=79.24569312
realization 265 / 300 ... accepted 265. Emin=2.05928339, Emax=64.86736452
realization 266 / 300 ... accepted 266. Emin=-12.65730729, Emax=49.96454834
realization 267 / 300 ... accepted 267. Emin=-6.71443645, Emax=63.36019041
realization 268 / 300 ... accepted 268. Emin=-2.51053791, Emax=63.47166605
realization 269 / 300 ... accepted 269. Emin=-5.56264615, Emax=70.22510923
realization 270 / 300 ... accepted 270. Emin=-2.97797723, Emax=71.20115980
realization 271 / 300 ... accepted 271. Emin=0.46545047, Emax=74.26051842
realization 272 / 300 ... accepted 272. Emin=-12.92281489, Emax=56.64264687
realization 273 / 300 ... accepted 273. Emin=-6.49437682, Emax=63.26413984
realization 274 / 300 ... accepted 274. Emin=-5.03182317, Emax=64.71739635
realization 275 / 300 ... accepted 275. Emin=-8.04055093, Emax=65.10550512
realization 276 / 300 ... accepted 276. Emin=-8.98495683, Emax=67.68183008
realization 277 / 300 ... accepted 277. Emin=-13.77102519, Emax=51.48463024
realization 278 / 300 ... accepted 278. Emin=-2.33997608, Emax=65.53581344
realization 279 / 300 ... accepted 279. Emin=-10.89136154, Emax=63.46293262
realization 280 / 300 ... accepted 280. Emin=-2.15908500, Emax=73.06826963
realization 281 / 300 ... accepted 281. Emin=-17.52641714, Emax=52.80416187
realization 282 / 300 ... accepted 282. Emin=-14.55934315, Emax=50.66720293
realization 283 / 300 ... accepted 283. Emin=15.14979786, Emax=79.87991039
realization 284 / 300 ... accepted 284. Emin=-3.93979029, Emax=65.01874064
realization 285 / 300 ... accepted 285. Emin=-6.00785367, Emax=65.91731175
realization 286 / 300 ... accepted 286. Emin=-6.33210481, Emax=58.32572141
realization 287 / 300 ... accepted 287. Emin=-2.40372457, Emax=74.21067769
realization 288 / 300 ... accepted 288. Emin=-3.48793957, Emax=67.65527712
realization 289 / 300 ... accepted 289. Emin=-3.04984367, Emax=72.82085316
realization 290 / 300 ... accepted 290. Emin=4.23148144, Emax=77.66161339
realization 291 / 300 ... accepted 291. Emin=12.62215647, Emax=75.96486602
realization 292 / 300 ... accepted 292. Emin=-9.00270710, Emax=68.60822694
realization 293 / 300 ... accepted 293. Emin=-10.40306014, Emax=64.48570148
realization 294 / 300 ... accepted 294. Emin=1.65138601, Emax=77.00742000
realization 295 / 300 ... accepted 295. Emin=-8.70420502, Emax=68.77025743
realization 296 / 300 ... accepted 296. Emin=7.51813213, Emax=79.23423546
realization 297 / 300 ... accepted 297. Emin=6.63841683, Emax=72.87408670
realization 298 / 300 ... accepted 298. Emin=-4.85890669, Emax=59.57647285
realization 299 / 300 ... accepted 299. Emin=-15.71136988, Emax=49.16962904
realization 300 / 300 ... accepted 300. Emin=-15.28294280, Emax=61.14412295
Saved final energies: /home/2/kj405942/POLFED_bosons/pbs_bose_legacy_nmax2_periodic/data/U_9/W_6/L_6/N_6_nmax_2/boundary_periodic/energies_full_U9_L6_N6_nmax2_W6_boundaryperiodic_nreal300.txt
Accepted realizations: 300 / 300
Skipped realizations: 0
Job finished at Sun May 31 17:11:54 UTC 2026
