Job started on w30 at Sun May 31 17:10:31 UTC 2026
PBS_JOBID=7731423.kruk-host.ift-klaster.lan
PBS_O_WORKDIR=/home/2/kj405942/POLFED_bosons
Bose-Hubbard: L=6, N=6, nmax=2, dim=141
t=1, U=9, W=9, nreal=300, boundary=periodic, mode=full
Writing partial results to /home/2/kj405942/POLFED_bosons/pbs_bose_legacy_nmax2_periodic/data/U_9/W_9/L_6/N_6_nmax_2/boundary_periodic/energies_full_U9_L6_N6_nmax2_W9_boundaryperiodic_nreal300_partial.txt
realization 1 / 300 ... accepted 1. Emin=20.15068495, Emax=91.23874415
realization 2 / 300 ... accepted 2. Emin=-1.87432560, Emax=77.69603101
realization 3 / 300 ... accepted 3. Emin=-8.38499614, Emax=70.42031847
realization 4 / 300 ... accepted 4. Emin=-0.71430008, Emax=81.27750670
realization 5 / 300 ... accepted 5. Emin=-0.08009255, Emax=75.89332779
realization 6 / 300 ... accepted 6. Emin=-9.35516073, Emax=73.29592201
realization 7 / 300 ... accepted 7. Emin=-6.16915512, Emax=78.49104609
realization 8 / 300 ... accepted 8. Emin=6.77808691, Emax=82.58373338
realization 9 / 300 ... accepted 9. Emin=13.61070526, Emax=87.85608280
realization 10 / 300 ... accepted 10. Emin=-37.49900562, Emax=33.39956402
realization 11 / 300 ... accepted 11. Emin=9.69617996, Emax=82.31841847
realization 12 / 300 ... accepted 12. Emin=0.90968856, Emax=88.03967615
realization 13 / 300 ... accepted 13. Emin=-7.93379820, Emax=65.80269799
realization 14 / 300 ... accepted 14. Emin=-5.53925470, Emax=86.08268613
realization 15 / 300 ... accepted 15. Emin=-12.68754074, Emax=63.10684464
realization 16 / 300 ... accepted 16. Emin=-12.55809815, Emax=65.93959873
realization 17 / 300 ... accepted 17. Emin=-7.72670474, Emax=75.78451400
realization 18 / 300 ... accepted 18. Emin=-26.14806590, Emax=53.66257397
realization 19 / 300 ... accepted 19. Emin=19.68927326, Emax=97.97356420
realization 20 / 300 ... accepted 20. Emin=-12.63152328, Emax=77.96145363
realization 21 / 300 ... accepted 21. Emin=-8.06016231, Emax=64.67065675
realization 22 / 300 ... accepted 22. Emin=9.16875438, Emax=90.41582163
realization 23 / 300 ... accepted 23. Emin=18.01047319, Emax=83.57720537
realization 24 / 300 ... accepted 24. Emin=9.04260931, Emax=85.05275499
realization 25 / 300 ... accepted 25. Emin=-8.53383267, Emax=93.18340471
realization 26 / 300 ... accepted 26. Emin=-11.73268989, Emax=67.49091051
realization 27 / 300 ... accepted 27. Emin=-16.74555964, Emax=71.98263397
realization 28 / 300 ... accepted 28. Emin=18.87078831, Emax=90.36944384
realization 29 / 300 ... accepted 29. Emin=-23.63202857, Emax=47.96777868
realization 30 / 300 ... accepted 30. Emin=5.00454821, Emax=85.77365309
realization 31 / 300 ... accepted 31. Emin=4.78351354, Emax=79.29012463
realization 32 / 300 ... accepted 32. Emin=-0.60125082, Emax=80.76086912
realization 33 / 300 ... accepted 33. Emin=-10.50502724, Emax=69.58578752
realization 34 / 300 ... accepted 34. Emin=-14.72182296, Emax=58.63052497
realization 35 / 300 ... accepted 35. Emin=-2.53766645, Emax=82.84228659
realization 36 / 300 ... accepted 36. Emin=-23.21177202, Emax=57.82545101
realization 37 / 300 ... accepted 37. Emin=-14.42170150, Emax=75.11817242
realization 38 / 300 ... accepted 38. Emin=-14.52015028, Emax=70.42085435
realization 39 / 300 ... accepted 39. Emin=11.67926060, Emax=93.62454279
realization 40 / 300 ... accepted 40. Emin=-7.38426570, Emax=69.63910949
realization 41 / 300 ... accepted 41. Emin=19.29599621, Emax=99.01376164
realization 42 / 300 ... accepted 42. Emin=-6.12369548, Emax=71.16943952
realization 43 / 300 ... accepted 43. Emin=5.62049683, Emax=69.78829528
realization 44 / 300 ... accepted 44. Emin=11.11260822, Emax=87.84683099
realization 45 / 300 ... accepted 45. Emin=21.56774424, Emax=93.85267014
realization 46 / 300 ... accepted 46. Emin=17.74761102, Emax=93.06519420
realization 47 / 300 ... accepted 47. Emin=5.51113727, Emax=89.24588394
realization 48 / 300 ... accepted 48. Emin=-21.63036491, Emax=52.37611460
realization 49 / 300 ... accepted 49. Emin=-13.68977755, Emax=61.05135633
realization 50 / 300 ... accepted 50. Emin=-10.63839808, Emax=71.93371964
realization 51 / 300 ... accepted 51. Emin=-21.81919202, Emax=52.55152780
realization 52 / 300 ... accepted 52. Emin=0.39735605, Emax=78.48820986
realization 53 / 300 ... accepted 53. Emin=-3.00350929, Emax=63.71874086
realization 54 / 300 ... accepted 54. Emin=6.40268641, Emax=82.67479656
realization 55 / 300 ... accepted 55. Emin=-18.85587430, Emax=59.93625977
realization 56 / 300 ... accepted 56. Emin=-19.42471209, Emax=43.23592624
realization 57 / 300 ... accepted 57. Emin=21.40943680, Emax=101.63806060
realization 58 / 300 ... accepted 58. Emin=-0.30845739, Emax=65.95090068
realization 59 / 300 ... accepted 59. Emin=-9.95315220, Emax=79.73541325
realization 60 / 300 ... accepted 60. Emin=-30.82917477, Emax=42.68070729
realization 61 / 300 ... accepted 61. Emin=-0.20783552, Emax=93.19374767
realization 62 / 300 ... accepted 62. Emin=-6.22195970, Emax=71.74112698
realization 63 / 300 ... accepted 63. Emin=15.31531104, Emax=92.43823520
realization 64 / 300 ... accepted 64. Emin=-11.77174273, Emax=66.93498361
realization 65 / 300 ... accepted 65. Emin=1.21228316, Emax=79.38290372
realization 66 / 300 ... accepted 66. Emin=-0.80937136, Emax=77.85419961
realization 67 / 300 ... accepted 67. Emin=-28.29545677, Emax=41.49013183
realization 68 / 300 ... accepted 68. Emin=-10.76655398, Emax=59.00435865
realization 69 / 300 ... accepted 69. Emin=-12.19789420, Emax=68.30754107
realization 70 / 300 ... accepted 70. Emin=-18.06936199, Emax=65.70076814
realization 71 / 300 ... accepted 71. Emin=6.85010946, Emax=85.02580374
realization 72 / 300 ... accepted 72. Emin=-2.70945469, Emax=86.20536960
realization 73 / 300 ... accepted 73. Emin=10.89782427, Emax=83.77405846
realization 74 / 300 ... accepted 74. Emin=-12.45553479, Emax=73.88719508
realization 75 / 300 ... accepted 75. Emin=6.94659549, Emax=76.66230742
realization 76 / 300 ... accepted 76. Emin=25.37422682, Emax=103.44385909
realization 77 / 300 ... accepted 77. Emin=6.73555413, Emax=85.40907293
realization 78 / 300 ... accepted 78. Emin=-23.17338638, Emax=41.23813505
realization 79 / 300 ... accepted 79. Emin=-14.30482051, Emax=67.90585939
realization 80 / 300 ... accepted 80. Emin=-9.14313037, Emax=82.77479163
realization 81 / 300 ... accepted 81. Emin=-12.35485845, Emax=72.94625473
realization 82 / 300 ... accepted 82. Emin=-10.22610289, Emax=74.86975621
realization 83 / 300 ... accepted 83. Emin=5.93375600, Emax=86.84323657
realization 84 / 300 ... accepted 84. Emin=9.48268494, Emax=86.68132666
realization 85 / 300 ... accepted 85. Emin=8.26010079, Emax=88.83414860
realization 86 / 300 ... accepted 86. Emin=-9.74103603, Emax=71.63672543
realization 87 / 300 ... accepted 87. Emin=7.86595719, Emax=88.24789553
realization 88 / 300 ... accepted 88. Emin=-12.26971653, Emax=57.84215705
realization 89 / 300 ... accepted 89. Emin=-2.70362356, Emax=86.85246287
realization 90 / 300 ... accepted 90. Emin=-22.16271228, Emax=49.95511467
realization 91 / 300 ... accepted 91. Emin=-6.53334082, Emax=75.35177578
realization 92 / 300 ... accepted 92. Emin=-3.11685397, Emax=76.50096382
realization 93 / 300 ... accepted 93. Emin=11.82045634, Emax=80.66330609
realization 94 / 300 ... accepted 94. Emin=-5.26673051, Emax=70.86709809
realization 95 / 300 ... accepted 95. Emin=-5.08981658, Emax=76.98060760
realization 96 / 300 ... accepted 96. Emin=-16.93677017, Emax=63.33947112
realization 97 / 300 ... accepted 97. Emin=4.21443348, Emax=84.64427907
realization 98 / 300 ... accepted 98. Emin=-19.89953396, Emax=56.63374232
realization 99 / 300 ... accepted 99. Emin=7.20784034, Emax=92.49484609
realization 100 / 300 ... accepted 100. Emin=-3.10465991, Emax=83.10048437
realization 101 / 300 ... accepted 101. Emin=-15.57911384, Emax=58.75781257
realization 102 / 300 ... accepted 102. Emin=-7.71386124, Emax=71.60860161
realization 103 / 300 ... accepted 103. Emin=-11.67532704, Emax=70.90099713
realization 104 / 300 ... accepted 104. Emin=23.15081541, Emax=104.61276521
realization 105 / 300 ... accepted 105. Emin=-24.41694177, Emax=50.89383166
realization 106 / 300 ... accepted 106. Emin=-14.70631379, Emax=68.66022051
realization 107 / 300 ... accepted 107. Emin=8.34139692, Emax=92.50679305
realization 108 / 300 ... accepted 108. Emin=-1.42503450, Emax=66.06714195
realization 109 / 300 ... accepted 109. Emin=11.40493039, Emax=93.13035273
realization 110 / 300 ... accepted 110. Emin=-4.68985360, Emax=82.14091860
realization 111 / 300 ... accepted 111. Emin=-9.28316238, Emax=76.53040539
realization 112 / 300 ... accepted 112. Emin=-2.00701253, Emax=86.53127959
realization 113 / 300 ... accepted 113. Emin=-2.53324239, Emax=69.37120428
realization 114 / 300 ... accepted 114. Emin=-14.96287240, Emax=59.89348802
realization 115 / 300 ... accepted 115. Emin=6.51145164, Emax=82.10840901
realization 116 / 300 ... accepted 116. Emin=3.35891305, Emax=66.30749557
realization 117 / 300 ... accepted 117. Emin=-12.91585830, Emax=68.95268725
realization 118 / 300 ... accepted 118. Emin=-7.60772514, Emax=74.95311971
realization 119 / 300 ... accepted 119. Emin=-1.12544755, Emax=70.79488394
realization 120 / 300 ... accepted 120. Emin=4.89705171, Emax=88.50120245
realization 121 / 300 ... accepted 121. Emin=-16.54718633, Emax=64.56496987
realization 122 / 300 ... accepted 122. Emin=18.98561535, Emax=100.90381622
realization 123 / 300 ... accepted 123. Emin=19.30660209, Emax=85.77333179
realization 124 / 300 ... accepted 124. Emin=5.77633287, Emax=95.37337356
realization 125 / 300 ... accepted 125. Emin=-5.53627282, Emax=66.86094922
realization 126 / 300 ... accepted 126. Emin=-2.14256144, Emax=84.69563725
realization 127 / 300 ... accepted 127. Emin=0.93628503, Emax=70.80367599
realization 128 / 300 ... accepted 128. Emin=10.48993496, Emax=87.13990980
realization 129 / 300 ... accepted 129. Emin=-7.09141385, Emax=68.55424450
realization 130 / 300 ... accepted 130. Emin=-19.11654402, Emax=58.72829958
realization 131 / 300 ... accepted 131. Emin=-1.24169544, Emax=71.99419686
realization 132 / 300 ... accepted 132. Emin=1.08505531, Emax=80.91300310
realization 133 / 300 ... accepted 133. Emin=-7.54819294, Emax=79.73258067
realization 134 / 300 ... accepted 134. Emin=4.40841532, Emax=80.56274986
realization 135 / 300 ... accepted 135. Emin=5.33773792, Emax=78.45874115
realization 136 / 300 ... accepted 136. Emin=8.68666623, Emax=82.61510115
realization 137 / 300 ... accepted 137. Emin=1.37112660, Emax=85.20044701
realization 138 / 300 ... accepted 138. Emin=2.89127276, Emax=79.18144085
realization 139 / 300 ... accepted 139. Emin=-1.55231586, Emax=70.48794780
realization 140 / 300 ... accepted 140. Emin=-11.04124146, Emax=75.67759782
realization 141 / 300 ... accepted 141. Emin=-24.85632819, Emax=48.63352146
realization 142 / 300 ... accepted 142. Emin=1.57834142, Emax=77.85501238
realization 143 / 300 ... accepted 143. Emin=2.95937230, Emax=102.26128830
realization 144 / 300 ... accepted 144. Emin=-19.24530157, Emax=63.58511885
realization 145 / 300 ... accepted 145. Emin=-24.44560706, Emax=49.80954515
realization 146 / 300 ... accepted 146. Emin=-12.01979361, Emax=63.57800826
realization 147 / 300 ... accepted 147. Emin=-4.84480873, Emax=84.80389480
realization 148 / 300 ... accepted 148. Emin=15.41863220, Emax=100.62183906
realization 149 / 300 ... accepted 149. Emin=-16.01058842, Emax=53.08758664
realization 150 / 300 ... accepted 150. Emin=23.40653189, Emax=93.33234930
realization 151 / 300 ... accepted 151. Emin=-5.66835700, Emax=67.19547810
realization 152 / 300 ... accepted 152. Emin=-9.83312008, Emax=74.93895140
realization 153 / 300 ... accepted 153. Emin=-10.35414555, Emax=63.99241735
realization 154 / 300 ... accepted 154. Emin=5.73451186, Emax=87.06035079
realization 155 / 300 ... accepted 155. Emin=8.45471377, Emax=88.22757281
realization 156 / 300 ... accepted 156. Emin=19.10653571, Emax=90.77444337
realization 157 / 300 ... accepted 157. Emin=29.84338409, Emax=103.50528219
realization 158 / 300 ... accepted 158. Emin=-9.18463500, Emax=67.02985178
realization 159 / 300 ... accepted 159. Emin=-1.48885298, Emax=84.70020418
realization 160 / 300 ... accepted 160. Emin=-15.52043121, Emax=58.74311401
realization 161 / 300 ... accepted 161. Emin=-21.87444955, Emax=51.33576354
realization 162 / 300 ... accepted 162. Emin=1.01809990, Emax=73.44316898
realization 163 / 300 ... accepted 163. Emin=-8.27215297, Emax=76.60847681
realization 164 / 300 ... accepted 164. Emin=1.43428593, Emax=84.02431231
realization 165 / 300 ... accepted 165. Emin=-5.85707198, Emax=73.58287570
realization 166 / 300 ... accepted 166. Emin=4.38823361, Emax=86.45617836
realization 167 / 300 ... accepted 167. Emin=3.56236342, Emax=82.28431091
realization 168 / 300 ... accepted 168. Emin=-14.50952670, Emax=61.50819646
realization 169 / 300 ... accepted 169. Emin=-7.55548327, Emax=75.86334754
realization 170 / 300 ... accepted 170. Emin=-5.47334145, Emax=74.93305898
realization 171 / 300 ... accepted 171. Emin=0.68390509, Emax=90.42108113
realization 172 / 300 ... accepted 172. Emin=10.97222156, Emax=89.67327027
realization 173 / 300 ... accepted 173. Emin=-8.39822889, Emax=69.98163366
realization 174 / 300 ... accepted 174. Emin=-3.36578952, Emax=84.66683899
realization 175 / 300 ... accepted 175. Emin=-19.34014101, Emax=58.39899714
realization 176 / 300 ... accepted 176. Emin=-5.36103894, Emax=73.95132031
realization 177 / 300 ... accepted 177. Emin=16.01459122, Emax=91.09359032
realization 178 / 300 ... accepted 178. Emin=-10.11902344, Emax=62.11463670
realization 179 / 300 ... accepted 179. Emin=-15.60188147, Emax=71.61427090
realization 180 / 300 ... accepted 180. Emin=-2.00650683, Emax=79.89475020
realization 181 / 300 ... accepted 181. Emin=2.37506256, Emax=82.75317825
realization 182 / 300 ... accepted 182. Emin=-5.68027538, Emax=66.75740216
realization 183 / 300 ... accepted 183. Emin=-4.74801695, Emax=76.84687718
realization 184 / 300 ... accepted 184. Emin=-14.16696714, Emax=65.17447426
realization 185 / 300 ... accepted 185. Emin=-1.15694029, Emax=70.22819543
realization 186 / 300 ... accepted 186. Emin=16.87771826, Emax=97.52765396
realization 187 / 300 ... accepted 187. Emin=4.93953464, Emax=88.98040925
realization 188 / 300 ... accepted 188. Emin=-7.29034339, Emax=75.77171135
realization 189 / 300 ... accepted 189. Emin=-7.16675616, Emax=71.23422513
realization 190 / 300 ... accepted 190. Emin=-2.75236105, Emax=86.59780934
realization 191 / 300 ... accepted 191. Emin=-24.07522094, Emax=53.13613673
realization 192 / 300 ... accepted 192. Emin=4.64410004, Emax=83.51597901
realization 193 / 300 ... accepted 193. Emin=1.41247691, Emax=83.51064237
realization 194 / 300 ... accepted 194. Emin=-24.00766404, Emax=51.91682099
realization 195 / 300 ... accepted 195. Emin=-8.18790981, Emax=83.36104260
realization 196 / 300 ... accepted 196. Emin=-23.46670664, Emax=47.01508395
realization 197 / 300 ... accepted 197. Emin=9.37673802, Emax=88.98264890
realization 198 / 300 ... accepted 198. Emin=3.65986907, Emax=90.36392278
realization 199 / 300 ... accepted 199. Emin=4.38994867, Emax=86.29315126
realization 200 / 300 ... accepted 200. Emin=-6.96486027, Emax=85.09993713
realization 201 / 300 ... accepted 201. Emin=9.26798012, Emax=80.80477524
realization 202 / 300 ... accepted 202. Emin=-6.15913000, Emax=69.30864352
realization 203 / 300 ... accepted 203. Emin=-6.56125704, Emax=88.13739762
realization 204 / 300 ... accepted 204. Emin=10.63038891, Emax=81.94753569
realization 205 / 300 ... accepted 205. Emin=-7.11399940, Emax=91.34935395
realization 206 / 300 ... accepted 206. Emin=-19.53271608, Emax=57.32547408
realization 207 / 300 ... accepted 207. Emin=-10.90913155, Emax=72.77743939
realization 208 / 300 ... accepted 208. Emin=8.90320980, Emax=91.76804164
realization 209 / 300 ... accepted 209. Emin=-13.96281831, Emax=65.73772872
realization 210 / 300 ... accepted 210. Emin=1.47850378, Emax=85.75171616
realization 211 / 300 ... accepted 211. Emin=-0.84452055, Emax=76.63610512
realization 212 / 300 ... accepted 212. Emin=-3.04781813, Emax=75.22760917
realization 213 / 300 ... accepted 213. Emin=9.74874930, Emax=95.36708913
realization 214 / 300 ... accepted 214. Emin=4.69594248, Emax=83.98923847
realization 215 / 300 ... accepted 215. Emin=0.47898898, Emax=81.33140513
realization 216 / 300 ... accepted 216. Emin=3.98724755, Emax=93.21626177
realization 217 / 300 ... accepted 217. Emin=-20.75074674, Emax=48.46773189
realization 218 / 300 ... accepted 218. Emin=-23.36820430, Emax=59.48487362
realization 219 / 300 ... accepted 219. Emin=-18.08903832, Emax=63.64644272
realization 220 / 300 ... accepted 220. Emin=-21.61969475, Emax=50.98257921
realization 221 / 300 ... accepted 221. Emin=-24.36627548, Emax=44.05324694
realization 222 / 300 ... accepted 222. Emin=21.85053785, Emax=96.18729820
realization 223 / 300 ... accepted 223. Emin=-5.46817809, Emax=79.25244667
realization 224 / 300 ... accepted 224. Emin=5.61092736, Emax=84.30424789
realization 225 / 300 ... accepted 225. Emin=1.59420084, Emax=87.89731028
realization 226 / 300 ... accepted 226. Emin=-9.29983302, Emax=70.64953354
realization 227 / 300 ... accepted 227. Emin=-31.09333860, Emax=35.17850942
realization 228 / 300 ... accepted 228. Emin=28.21029879, Emax=92.70773903
realization 229 / 300 ... accepted 229. Emin=-2.98081158, Emax=77.94493330
realization 230 / 300 ... accepted 230. Emin=-16.42485856, Emax=74.31119262
realization 231 / 300 ... accepted 231. Emin=-7.61680417, Emax=72.06117881
realization 232 / 300 ... accepted 232. Emin=-15.06001248, Emax=61.05198097
realization 233 / 300 ... accepted 233. Emin=4.62231101, Emax=92.08688303
realization 234 / 300 ... accepted 234. Emin=-17.57694647, Emax=71.94208537
realization 235 / 300 ... accepted 235. Emin=-1.77780678, Emax=82.95257034
realization 236 / 300 ... accepted 236. Emin=6.23104579, Emax=94.49345658
realization 237 / 300 ... accepted 237. Emin=-19.11272930, Emax=58.93852472
realization 238 / 300 ... accepted 238. Emin=7.67065172, Emax=96.97408786
realization 239 / 300 ... accepted 239. Emin=-11.85347696, Emax=77.19021738
realization 240 / 300 ... accepted 240. Emin=-4.83872082, Emax=66.34030572
realization 241 / 300 ... accepted 241. Emin=18.16966251, Emax=96.65209564
realization 242 / 300 ... accepted 242. Emin=-2.95424282, Emax=84.20755847
realization 243 / 300 ... accepted 243. Emin=18.81873258, Emax=95.44353313
realization 244 / 300 ... accepted 244. Emin=-18.39548235, Emax=53.16578330
realization 245 / 300 ... accepted 245. Emin=-4.43646299, Emax=79.55016840
realization 246 / 300 ... accepted 246. Emin=5.20896621, Emax=80.56554884
realization 247 / 300 ... accepted 247. Emin=-15.90771259, Emax=67.96987194
realization 248 / 300 ... accepted 248. Emin=21.65970012, Emax=96.13834180
realization 249 / 300 ... accepted 249. Emin=-19.14058665, Emax=64.53717617
realization 250 / 300 ... accepted 250. Emin=0.39044076, Emax=77.98950361
realization 251 / 300 ... accepted 251. Emin=-11.10391035, Emax=69.38243561
realization 252 / 300 ... accepted 252. Emin=8.36322378, Emax=83.25844662
realization 253 / 300 ... accepted 253. Emin=-9.29478716, Emax=74.56606161
realization 254 / 300 ... accepted 254. Emin=9.54551035, Emax=86.91025659
realization 255 / 300 ... accepted 255. Emin=-28.86131008, Emax=42.64788327
realization 256 / 300 ... accepted 256. Emin=7.53070967, Emax=76.89678596
realization 257 / 300 ... accepted 257. Emin=-6.45948753, Emax=78.87307383
realization 258 / 300 ... accepted 258. Emin=2.99888829, Emax=72.10784590
realization 259 / 300 ... accepted 259. Emin=-12.02904146, Emax=64.93739529
realization 260 / 300 ... accepted 260. Emin=-6.16995242, Emax=84.69287594
realization 261 / 300 ... accepted 261. Emin=-13.11515630, Emax=76.13678982
realization 262 / 300 ... accepted 262. Emin=10.83829628, Emax=93.30173520
realization 263 / 300 ... accepted 263. Emin=-5.71030394, Emax=76.67924700
realization 264 / 300 ... accepted 264. Emin=9.27827572, Emax=89.61849234
realization 265 / 300 ... accepted 265. Emin=-7.13413226, Emax=83.78929656
realization 266 / 300 ... accepted 266. Emin=-9.84057486, Emax=64.89983609
realization 267 / 300 ... accepted 267. Emin=14.98276530, Emax=86.73681846
realization 268 / 300 ... accepted 268. Emin=8.23299831, Emax=85.30771209
realization 269 / 300 ... accepted 269. Emin=-5.74446005, Emax=78.71988142
realization 270 / 300 ... accepted 270. Emin=-21.06320592, Emax=65.47750910
realization 271 / 300 ... accepted 271. Emin=1.45955778, Emax=92.85877513
realization 272 / 300 ... accepted 272. Emin=-13.36151703, Emax=68.49379891
realization 273 / 300 ... accepted 273. Emin=5.96213311, Emax=79.43960658
realization 274 / 300 ... accepted 274. Emin=0.59457779, Emax=83.26027875
realization 275 / 300 ... accepted 275. Emin=-21.70303694, Emax=59.98998992
realization 276 / 300 ... accepted 276. Emin=-14.60585631, Emax=60.21698955
realization 277 / 300 ... accepted 277. Emin=-22.44410491, Emax=59.06911709
realization 278 / 300 ... accepted 278. Emin=0.43310706, Emax=85.92814336
realization 279 / 300 ... accepted 279. Emin=12.49187998, Emax=89.84728463
realization 280 / 300 ... accepted 280. Emin=-4.29767389, Emax=79.12611271
realization 281 / 300 ... accepted 281. Emin=-17.33984182, Emax=53.27226297
realization 282 / 300 ... accepted 282. Emin=6.78453712, Emax=85.53568856
realization 283 / 300 ... accepted 283. Emin=6.26113975, Emax=96.34113546
realization 284 / 300 ... accepted 284. Emin=-24.12957067, Emax=45.45162553
realization 285 / 300 ... accepted 285. Emin=-3.81937504, Emax=80.66606395
realization 286 / 300 ... accepted 286. Emin=-5.78993684, Emax=69.12810180
realization 287 / 300 ... accepted 287. Emin=21.70706481, Emax=91.22468981
realization 288 / 300 ... accepted 288. Emin=-1.75951796, Emax=73.15406526
realization 289 / 300 ... accepted 289. Emin=-33.76220147, Emax=30.64998833
realization 290 / 300 ... accepted 290. Emin=-4.30019282, Emax=74.92381668
realization 291 / 300 ... accepted 291. Emin=-18.34635575, Emax=59.89256675
realization 292 / 300 ... accepted 292. Emin=-0.44235693, Emax=83.00215127
realization 293 / 300 ... accepted 293. Emin=19.39797632, Emax=97.08829726
realization 294 / 300 ... accepted 294. Emin=-23.18678524, Emax=54.60934500
realization 295 / 300 ... accepted 295. Emin=6.11199516, Emax=84.99543805
realization 296 / 300 ... accepted 296. Emin=0.41998136, Emax=83.03123577
realization 297 / 300 ... accepted 297. Emin=2.12566923, Emax=80.79932150
realization 298 / 300 ... accepted 298. Emin=6.04133241, Emax=87.38412098
realization 299 / 300 ... accepted 299. Emin=-14.09289214, Emax=70.02704317
realization 300 / 300 ... accepted 300. Emin=-13.85599307, Emax=58.45462269
Saved final energies: /home/2/kj405942/POLFED_bosons/pbs_bose_legacy_nmax2_periodic/data/U_9/W_9/L_6/N_6_nmax_2/boundary_periodic/energies_full_U9_L6_N6_nmax2_W9_boundaryperiodic_nreal300.txt
Accepted realizations: 300 / 300
Skipped realizations: 0
Job finished at Sun May 31 17:12:06 UTC 2026
