Job started on w30 at Sun May 31 17:10:33 UTC 2026
PBS_JOBID=7731429.kruk-host.ift-klaster.lan
PBS_O_WORKDIR=/home/2/kj405942/POLFED_bosons
Bose-Hubbard: L=6, N=6, nmax=2, dim=141
t=1, U=9, W=15, nreal=300, boundary=periodic, mode=full
Writing partial results to /home/2/kj405942/POLFED_bosons/pbs_bose_legacy_nmax2_periodic/data/U_9/W_15/L_6/N_6_nmax_2/boundary_periodic/energies_full_U9_L6_N6_nmax2_W15_boundaryperiodic_nreal300_partial.txt
realization 1 / 300 ... accepted 1. Emin=9.36546100, Emax=109.22439886
realization 2 / 300 ... accepted 2. Emin=-6.27469481, Emax=78.93880841
realization 3 / 300 ... accepted 3. Emin=-20.93300360, Emax=84.49813515
realization 4 / 300 ... accepted 4. Emin=-18.74325743, Emax=76.60061557
realization 5 / 300 ... accepted 5. Emin=-38.05588943, Emax=52.27712888
realization 6 / 300 ... accepted 6. Emin=-21.09164614, Emax=88.16686034
realization 7 / 300 ... accepted 7. Emin=-44.19779038, Emax=84.21440050
realization 8 / 300 ... accepted 8. Emin=-28.89906322, Emax=70.85841334
realization 9 / 300 ... accepted 9. Emin=-10.57233240, Emax=67.75389064
realization 10 / 300 ... accepted 10. Emin=6.09953970, Emax=125.66439585
realization 11 / 300 ... accepted 11. Emin=12.51146571, Emax=108.91094123
realization 12 / 300 ... accepted 12. Emin=39.28566672, Emax=123.84278141
realization 13 / 300 ... accepted 13. Emin=-12.22617028, Emax=81.93617026
realization 14 / 300 ... accepted 14. Emin=-46.42767510, Emax=53.35108809
realization 15 / 300 ... accepted 15. Emin=-25.31768609, Emax=94.72781786
realization 16 / 300 ... accepted 16. Emin=-39.81917293, Emax=50.45242662
realization 17 / 300 ... accepted 17. Emin=11.29192337, Emax=98.24582850
realization 18 / 300 ... accepted 18. Emin=18.74568884, Emax=107.46666208
realization 19 / 300 ... accepted 19. Emin=-16.55733861, Emax=66.35688925
realization 20 / 300 ... accepted 20. Emin=-5.22842521, Emax=85.33276130
realization 21 / 300 ... accepted 21. Emin=-31.16309195, Emax=63.42451915
realization 22 / 300 ... accepted 22. Emin=-14.62996657, Emax=87.36136932
realization 23 / 300 ... accepted 23. Emin=-19.79306528, Emax=99.38725492
realization 24 / 300 ... accepted 24. Emin=-10.08886709, Emax=115.26181272
realization 25 / 300 ... accepted 25. Emin=-1.68615578, Emax=113.46768120
realization 26 / 300 ... accepted 26. Emin=4.10447786, Emax=108.65262188
realization 27 / 300 ... accepted 27. Emin=-16.43649300, Emax=65.41910394
realization 28 / 300 ... accepted 28. Emin=-0.75208733, Emax=91.83362650
realization 29 / 300 ... accepted 29. Emin=17.09888617, Emax=128.18785313
realization 30 / 300 ... accepted 30. Emin=18.65783335, Emax=115.88180843
realization 31 / 300 ... accepted 31. Emin=-9.04862290, Emax=93.12125691
realization 32 / 300 ... accepted 32. Emin=-11.57239486, Emax=98.97853830
realization 33 / 300 ... accepted 33. Emin=-24.10521706, Emax=94.70682881
realization 34 / 300 ... accepted 34. Emin=-9.39623767, Emax=100.27857314
realization 35 / 300 ... accepted 35. Emin=67.54385823, Emax=142.54377322
realization 36 / 300 ... accepted 36. Emin=-18.79714917, Emax=90.72605124
realization 37 / 300 ... accepted 37. Emin=-5.30380837, Emax=108.84875380
realization 38 / 300 ... accepted 38. Emin=5.21623249, Emax=134.70362451
realization 39 / 300 ... accepted 39. Emin=-37.04835243, Emax=68.49247379
realization 40 / 300 ... accepted 40. Emin=-18.97353097, Emax=96.67509972
realization 41 / 300 ... accepted 41. Emin=-18.24135641, Emax=67.24976304
realization 42 / 300 ... accepted 42. Emin=-14.65644980, Emax=91.66532940
realization 43 / 300 ... accepted 43. Emin=-7.70060926, Emax=90.77896474
realization 44 / 300 ... accepted 44. Emin=-22.49859144, Emax=63.93449379
realization 45 / 300 ... accepted 45. Emin=-15.67730443, Emax=70.26592792
realization 46 / 300 ... accepted 46. Emin=-22.47487850, Emax=75.89689596
realization 47 / 300 ... accepted 47. Emin=30.73249483, Emax=110.96008345
realization 48 / 300 ... accepted 48. Emin=-23.64761472, Emax=62.71305309
realization 49 / 300 ... accepted 49. Emin=-13.31420758, Emax=78.65404715
realization 50 / 300 ... accepted 50. Emin=15.27669875, Emax=129.36969939
realization 51 / 300 ... accepted 51. Emin=-18.82620234, Emax=62.67236335
realization 52 / 300 ... accepted 52. Emin=3.41211677, Emax=116.31402070
realization 53 / 300 ... accepted 53. Emin=-32.78964315, Emax=74.69785084
realization 54 / 300 ... accepted 54. Emin=-19.85839334, Emax=82.07305221
realization 55 / 300 ... accepted 55. Emin=-21.81519263, Emax=60.64753781
realization 56 / 300 ... accepted 56. Emin=32.93537064, Emax=131.89977950
realization 57 / 300 ... accepted 57. Emin=47.59320230, Emax=139.25898624
realization 58 / 300 ... accepted 58. Emin=-19.49210818, Emax=74.36609601
realization 59 / 300 ... accepted 59. Emin=-22.94768766, Emax=93.44646919
realization 60 / 300 ... accepted 60. Emin=9.24175374, Emax=123.54300976
realization 61 / 300 ... accepted 61. Emin=-2.32902042, Emax=99.14571733
realization 62 / 300 ... accepted 62. Emin=-8.53279396, Emax=81.19314628
realization 63 / 300 ... accepted 63. Emin=-31.12052750, Emax=93.66529554
realization 64 / 300 ... accepted 64. Emin=25.18040732, Emax=111.43870185
realization 65 / 300 ... accepted 65. Emin=3.66917446, Emax=114.09129488
realization 66 / 300 ... accepted 66. Emin=2.53917845, Emax=114.69257023
realization 67 / 300 ... accepted 67. Emin=-31.02248554, Emax=102.10449466
realization 68 / 300 ... accepted 68. Emin=-26.05710624, Emax=84.14183871
realization 69 / 300 ... accepted 69. Emin=-2.08714803, Emax=122.00960957
realization 70 / 300 ... accepted 70. Emin=-27.22131699, Emax=60.53245527
realization 71 / 300 ... accepted 71. Emin=-3.80539521, Emax=92.64680759
realization 72 / 300 ... accepted 72. Emin=8.11561126, Emax=98.55606278
realization 73 / 300 ... accepted 73. Emin=-23.04462939, Emax=98.91329575
realization 74 / 300 ... accepted 74. Emin=-39.34096676, Emax=51.30650829
realization 75 / 300 ... accepted 75. Emin=-19.80729079, Emax=55.53317939
realization 76 / 300 ... accepted 76. Emin=-15.18028855, Emax=115.72771332
realization 77 / 300 ... accepted 77. Emin=12.11421545, Emax=123.78603966
realization 78 / 300 ... accepted 78. Emin=7.11357641, Emax=116.34425901
realization 79 / 300 ... accepted 79. Emin=-11.49047880, Emax=89.88051344
realization 80 / 300 ... accepted 80. Emin=5.40736267, Emax=119.00067167
realization 81 / 300 ... accepted 81. Emin=-5.61465816, Emax=99.47138460
realization 82 / 300 ... accepted 82. Emin=38.97050168, Emax=131.90660594
realization 83 / 300 ... accepted 83. Emin=-20.45480837, Emax=77.98124574
realization 84 / 300 ... accepted 84. Emin=-17.32936599, Emax=108.89949165
realization 85 / 300 ... accepted 85. Emin=-15.28903904, Emax=81.86865476
realization 86 / 300 ... accepted 86. Emin=-13.43403453, Emax=73.82472522
realization 87 / 300 ... accepted 87. Emin=-45.91404614, Emax=50.56481760
realization 88 / 300 ... accepted 88. Emin=-32.02958603, Emax=60.77202007
realization 89 / 300 ... accepted 89. Emin=11.70513784, Emax=89.59772664
realization 90 / 300 ... accepted 90. Emin=-1.63922324, Emax=105.84723355
realization 91 / 300 ... accepted 91. Emin=-43.79057457, Emax=49.10007767
realization 92 / 300 ... accepted 92. Emin=-4.73407276, Emax=107.96023075
realization 93 / 300 ... accepted 93. Emin=-6.71342730, Emax=106.34401180
realization 94 / 300 ... accepted 94. Emin=1.86138933, Emax=105.59637659
realization 95 / 300 ... accepted 95. Emin=-20.66592348, Emax=93.72243374
realization 96 / 300 ... accepted 96. Emin=9.23765680, Emax=117.27648067
realization 97 / 300 ... accepted 97. Emin=12.14355046, Emax=113.12407666
realization 98 / 300 ... accepted 98. Emin=-14.82392221, Emax=104.16439521
realization 99 / 300 ... accepted 99. Emin=-33.26719941, Emax=93.24245902
realization 100 / 300 ... accepted 100. Emin=-46.11794486, Emax=31.70253456
realization 101 / 300 ... accepted 101. Emin=37.49256212, Emax=122.51180888
realization 102 / 300 ... accepted 102. Emin=-2.95035407, Emax=130.64287356
realization 103 / 300 ... accepted 103. Emin=31.70301530, Emax=117.36226177
realization 104 / 300 ... accepted 104. Emin=-25.92129350, Emax=81.54320385
realization 105 / 300 ... accepted 105. Emin=6.85905669, Emax=109.03097612
realization 106 / 300 ... accepted 106. Emin=27.55235889, Emax=111.22343783
realization 107 / 300 ... accepted 107. Emin=-24.78373230, Emax=86.88832485
realization 108 / 300 ... accepted 108. Emin=12.01698380, Emax=117.38285802
realization 109 / 300 ... accepted 109. Emin=-6.28192823, Emax=90.25293434
realization 110 / 300 ... accepted 110. Emin=8.30587026, Emax=115.23655071
realization 111 / 300 ... accepted 111. Emin=-4.54846922, Emax=126.99944045
realization 112 / 300 ... accepted 112. Emin=5.55893002, Emax=113.75537670
realization 113 / 300 ... accepted 113. Emin=-20.17275351, Emax=75.60128543
realization 114 / 300 ... accepted 114. Emin=-9.98569013, Emax=93.22148940
realization 115 / 300 ... accepted 115. Emin=2.64971002, Emax=87.61082088
realization 116 / 300 ... accepted 116. Emin=-16.59209472, Emax=84.91748342
realization 117 / 300 ... accepted 117. Emin=3.17486645, Emax=119.11202613
realization 118 / 300 ... accepted 118. Emin=18.15740101, Emax=113.07862890
realization 119 / 300 ... accepted 119. Emin=-0.10803558, Emax=85.96379630
realization 120 / 300 ... accepted 120. Emin=11.58972464, Emax=128.18896637
realization 121 / 300 ... accepted 121. Emin=-16.23683695, Emax=68.77763122
realization 122 / 300 ... accepted 122. Emin=-30.97996182, Emax=78.25767387
realization 123 / 300 ... accepted 123. Emin=-5.41710306, Emax=116.24324099
realization 124 / 300 ... accepted 124. Emin=-43.93702817, Emax=50.38265721
realization 125 / 300 ... accepted 125. Emin=36.56974049, Emax=119.26071637
realization 126 / 300 ... accepted 126. Emin=-47.95839548, Emax=45.42316068
realization 127 / 300 ... accepted 127. Emin=-19.26033614, Emax=85.41965869
realization 128 / 300 ... accepted 128. Emin=18.17615852, Emax=108.71513854
realization 129 / 300 ... accepted 129. Emin=-2.47652898, Emax=99.76147536
realization 130 / 300 ... accepted 130. Emin=-22.45607646, Emax=67.52255589
realization 131 / 300 ... accepted 131. Emin=-26.70436512, Emax=63.81710222
realization 132 / 300 ... accepted 132. Emin=-27.78556984, Emax=76.19944556
realization 133 / 300 ... accepted 133. Emin=-0.65170765, Emax=120.53568551
realization 134 / 300 ... accepted 134. Emin=20.40922357, Emax=125.38232940
realization 135 / 300 ... accepted 135. Emin=-3.27440800, Emax=107.07960397
realization 136 / 300 ... accepted 136. Emin=-23.27555913, Emax=65.42789743
realization 137 / 300 ... accepted 137. Emin=8.86390250, Emax=104.09532457
realization 138 / 300 ... accepted 138. Emin=-11.97282515, Emax=85.00457307
realization 139 / 300 ... accepted 139. Emin=28.65149012, Emax=123.70743589
realization 140 / 300 ... accepted 140. Emin=-2.07806999, Emax=116.94056797
realization 141 / 300 ... accepted 141. Emin=46.29390114, Emax=128.11015036
realization 142 / 300 ... accepted 142. Emin=-41.01534391, Emax=61.73672738
realization 143 / 300 ... accepted 143. Emin=-1.82322301, Emax=91.43686490
realization 144 / 300 ... accepted 144. Emin=-26.22943588, Emax=62.12654261
realization 145 / 300 ... accepted 145. Emin=-23.12226791, Emax=66.41217632
realization 146 / 300 ... accepted 146. Emin=-0.26503041, Emax=73.88875638
realization 147 / 300 ... accepted 147. Emin=-27.00871132, Emax=77.70043232
realization 148 / 300 ... accepted 148. Emin=-30.20519308, Emax=39.16521781
realization 149 / 300 ... accepted 149. Emin=23.40405760, Emax=125.31700156
realization 150 / 300 ... accepted 150. Emin=-36.16558680, Emax=58.43254108
realization 151 / 300 ... accepted 151. Emin=-31.73913423, Emax=67.31042729
realization 152 / 300 ... accepted 152. Emin=16.98963138, Emax=123.41605456
realization 153 / 300 ... accepted 153. Emin=38.87228470, Emax=117.70022549
realization 154 / 300 ... accepted 154. Emin=-6.51735700, Emax=82.33678320
realization 155 / 300 ... accepted 155. Emin=8.26953437, Emax=101.80669629
realization 156 / 300 ... accepted 156. Emin=3.52962528, Emax=102.92734596
realization 157 / 300 ... accepted 157. Emin=-6.11721016, Emax=107.52050768
realization 158 / 300 ... accepted 158. Emin=18.67119850, Emax=126.51937379
realization 159 / 300 ... accepted 159. Emin=-11.32804956, Emax=114.46846505
realization 160 / 300 ... accepted 160. Emin=7.66628823, Emax=116.41214142
realization 161 / 300 ... accepted 161. Emin=-6.67758671, Emax=89.82471003
realization 162 / 300 ... accepted 162. Emin=5.38348207, Emax=94.91086078
realization 163 / 300 ... accepted 163. Emin=3.27503399, Emax=110.53460691
realization 164 / 300 ... accepted 164. Emin=27.76320020, Emax=100.78845984
realization 165 / 300 ... accepted 165. Emin=-18.09682376, Emax=87.61669000
realization 166 / 300 ... accepted 166. Emin=-43.26884127, Emax=59.93547888
realization 167 / 300 ... accepted 167. Emin=-14.32109209, Emax=100.47512488
realization 168 / 300 ... accepted 168. Emin=-28.69659132, Emax=63.48958460
realization 169 / 300 ... accepted 169. Emin=26.22954388, Emax=121.10582392
realization 170 / 300 ... accepted 170. Emin=-10.75144828, Emax=97.72010158
realization 171 / 300 ... accepted 171. Emin=-13.91815394, Emax=107.53423945
realization 172 / 300 ... accepted 172. Emin=-2.41435267, Emax=94.38951290
realization 173 / 300 ... accepted 173. Emin=-2.41190250, Emax=110.28275630
realization 174 / 300 ... accepted 174. Emin=9.12055470, Emax=119.64246754
realization 175 / 300 ... accepted 175. Emin=-6.14170738, Emax=101.01070320
realization 176 / 300 ... accepted 176. Emin=-7.54537234, Emax=100.13922046
realization 177 / 300 ... accepted 177. Emin=-24.54553704, Emax=79.74365002
realization 178 / 300 ... accepted 178. Emin=-35.78670481, Emax=71.02210367
realization 179 / 300 ... accepted 179. Emin=3.24947993, Emax=106.90963549
realization 180 / 300 ... accepted 180. Emin=-17.62510544, Emax=65.74128196
realization 181 / 300 ... accepted 181. Emin=-38.42435805, Emax=55.65953273
realization 182 / 300 ... accepted 182. Emin=-21.20955536, Emax=82.92109893
realization 183 / 300 ... accepted 183. Emin=6.88709944, Emax=111.27015078
realization 184 / 300 ... accepted 184. Emin=-46.42068447, Emax=58.00906481
realization 185 / 300 ... accepted 185. Emin=3.61214085, Emax=85.08911176
realization 186 / 300 ... accepted 186. Emin=1.61448642, Emax=92.70359698
realization 187 / 300 ... accepted 187. Emin=-52.05627510, Emax=28.06809004
realization 188 / 300 ... accepted 188. Emin=5.46427659, Emax=111.61560943
realization 189 / 300 ... accepted 189. Emin=-17.32473154, Emax=100.90287813
realization 190 / 300 ... accepted 190. Emin=-15.37561863, Emax=92.92228115
realization 191 / 300 ... accepted 191. Emin=8.79763048, Emax=111.11878818
realization 192 / 300 ... accepted 192. Emin=-20.69190408, Emax=76.70619941
realization 193 / 300 ... accepted 193. Emin=-13.53694300, Emax=94.02337742
realization 194 / 300 ... accepted 194. Emin=3.79231815, Emax=95.54026793
realization 195 / 300 ... accepted 195. Emin=-16.29726969, Emax=107.22044541
realization 196 / 300 ... accepted 196. Emin=-42.82775611, Emax=63.52704481
realization 197 / 300 ... accepted 197. Emin=-22.67136509, Emax=74.03966080
realization 198 / 300 ... accepted 198. Emin=9.59883573, Emax=107.37429863
realization 199 / 300 ... accepted 199. Emin=-13.04364039, Emax=69.81167296
realization 200 / 300 ... accepted 200. Emin=-3.71060695, Emax=111.87814678
realization 201 / 300 ... accepted 201. Emin=-36.39093070, Emax=62.03768584
realization 202 / 300 ... accepted 202. Emin=11.16331866, Emax=104.48103451
realization 203 / 300 ... accepted 203. Emin=33.00334162, Emax=119.44014185
realization 204 / 300 ... accepted 204. Emin=-13.14483824, Emax=71.50231541
realization 205 / 300 ... accepted 205. Emin=-27.00998596, Emax=74.75454972
realization 206 / 300 ... accepted 206. Emin=24.04967285, Emax=118.87654289
realization 207 / 300 ... accepted 207. Emin=35.00892177, Emax=119.37826754
realization 208 / 300 ... accepted 208. Emin=-20.17951186, Emax=88.70984085
realization 209 / 300 ... accepted 209. Emin=-32.39112183, Emax=91.78067978
realization 210 / 300 ... accepted 210. Emin=-8.95551535, Emax=90.47868907
realization 211 / 300 ... accepted 211. Emin=13.61554211, Emax=119.04191149
realization 212 / 300 ... accepted 212. Emin=-8.52923015, Emax=87.24370609
realization 213 / 300 ... accepted 213. Emin=10.16692494, Emax=116.22142150
realization 214 / 300 ... accepted 214. Emin=29.56804301, Emax=125.07072592
realization 215 / 300 ... accepted 215. Emin=-40.57098889, Emax=71.09093711
realization 216 / 300 ... accepted 216. Emin=5.25986887, Emax=94.40539875
realization 217 / 300 ... accepted 217. Emin=16.96598430, Emax=113.56552148
realization 218 / 300 ... accepted 218. Emin=-20.23786213, Emax=78.62939619
realization 219 / 300 ... accepted 219. Emin=-36.14370122, Emax=60.99831837
realization 220 / 300 ... accepted 220. Emin=-24.28255016, Emax=94.74761215
realization 221 / 300 ... accepted 221. Emin=6.33102161, Emax=96.14577693
realization 222 / 300 ... accepted 222. Emin=-12.00957896, Emax=99.36544866
realization 223 / 300 ... accepted 223. Emin=-20.99289824, Emax=70.48014863
realization 224 / 300 ... accepted 224. Emin=-12.98859788, Emax=110.08478855
realization 225 / 300 ... accepted 225. Emin=-10.09139465, Emax=103.30196674
realization 226 / 300 ... accepted 226. Emin=-18.43521179, Emax=115.29698675
realization 227 / 300 ... accepted 227. Emin=-5.28025643, Emax=87.61171829
realization 228 / 300 ... accepted 228. Emin=1.69605856, Emax=108.64670339
realization 229 / 300 ... accepted 229. Emin=-12.80737464, Emax=87.44426906
realization 230 / 300 ... accepted 230. Emin=2.22142499, Emax=103.08826419
realization 231 / 300 ... accepted 231. Emin=17.81659050, Emax=131.85427521
realization 232 / 300 ... accepted 232. Emin=8.54528963, Emax=93.11397025
realization 233 / 300 ... accepted 233. Emin=-5.12428949, Emax=79.23135317
realization 234 / 300 ... accepted 234. Emin=6.44730030, Emax=90.88067427
realization 235 / 300 ... accepted 235. Emin=29.36043688, Emax=134.33014726
realization 236 / 300 ... accepted 236. Emin=-26.07078255, Emax=62.20007295
realization 237 / 300 ... accepted 237. Emin=-22.06724181, Emax=89.22063066
realization 238 / 300 ... accepted 238. Emin=-25.75049934, Emax=55.94723467
realization 239 / 300 ... accepted 239. Emin=46.49487081, Emax=131.96138579
realization 240 / 300 ... accepted 240. Emin=-33.15868940, Emax=72.11258902
realization 241 / 300 ... accepted 241. Emin=13.51278716, Emax=125.54338482
realization 242 / 300 ... accepted 242. Emin=4.86262443, Emax=92.23582403
realization 243 / 300 ... accepted 243. Emin=-47.03004664, Emax=39.32401918
realization 244 / 300 ... accepted 244. Emin=-23.68078910, Emax=88.40271576
realization 245 / 300 ... accepted 245. Emin=-0.95576637, Emax=78.02495635
realization 246 / 300 ... accepted 246. Emin=-31.66250841, Emax=78.44802344
realization 247 / 300 ... accepted 247. Emin=15.66648857, Emax=130.74164366
realization 248 / 300 ... accepted 248. Emin=5.03834804, Emax=122.81692406
realization 249 / 300 ... accepted 249. Emin=8.00725542, Emax=121.62867924
realization 250 / 300 ... accepted 250. Emin=49.07362542, Emax=128.41696418
realization 251 / 300 ... accepted 251. Emin=1.37254603, Emax=100.37054199
realization 252 / 300 ... accepted 252. Emin=-5.65171337, Emax=107.79336660
realization 253 / 300 ... accepted 253. Emin=25.06724058, Emax=115.21445552
realization 254 / 300 ... accepted 254. Emin=-20.08414192, Emax=74.77021060
realization 255 / 300 ... accepted 255. Emin=-1.84866268, Emax=99.76947520
realization 256 / 300 ... accepted 256. Emin=38.25160489, Emax=135.53690718
realization 257 / 300 ... accepted 257. Emin=-16.29400067, Emax=86.13043884
realization 258 / 300 ... accepted 258. Emin=5.58454763, Emax=104.50067375
realization 259 / 300 ... accepted 259. Emin=-8.99740017, Emax=108.49271810
realization 260 / 300 ... accepted 260. Emin=2.95171504, Emax=100.26878655
realization 261 / 300 ... accepted 261. Emin=-32.92670971, Emax=79.92754992
realization 262 / 300 ... accepted 262. Emin=-2.73995037, Emax=106.07894428
realization 263 / 300 ... accepted 263. Emin=0.80810416, Emax=90.18754761
realization 264 / 300 ... accepted 264. Emin=-23.29798049, Emax=89.33507561
realization 265 / 300 ... accepted 265. Emin=23.75654710, Emax=116.52615509
realization 266 / 300 ... accepted 266. Emin=36.67809199, Emax=128.99871487
realization 267 / 300 ... accepted 267. Emin=-18.86101645, Emax=102.66932601
realization 268 / 300 ... accepted 268. Emin=-37.07859276, Emax=48.84488844
realization 269 / 300 ... accepted 269. Emin=-3.63353873, Emax=89.60384858
realization 270 / 300 ... accepted 270. Emin=31.80069700, Emax=118.69323031
realization 271 / 300 ... accepted 271. Emin=-31.35007694, Emax=79.84872246
realization 272 / 300 ... accepted 272. Emin=-15.32997450, Emax=92.19961407
realization 273 / 300 ... accepted 273. Emin=40.15348098, Emax=135.04256209
realization 274 / 300 ... accepted 274. Emin=-28.01427483, Emax=71.42838933
realization 275 / 300 ... accepted 275. Emin=-37.71852918, Emax=45.09660121
realization 276 / 300 ... accepted 276. Emin=-5.92273013, Emax=104.29893995
realization 277 / 300 ... accepted 277. Emin=-3.48949661, Emax=103.11162239
realization 278 / 300 ... accepted 278. Emin=5.24903544, Emax=104.48180370
realization 279 / 300 ... accepted 279. Emin=-10.48808411, Emax=99.34077734
realization 280 / 300 ... accepted 280. Emin=-42.05716662, Emax=34.26285147
realization 281 / 300 ... accepted 281. Emin=-62.91956512, Emax=3.53473024
realization 282 / 300 ... accepted 282. Emin=17.72228901, Emax=114.44371503
realization 283 / 300 ... accepted 283. Emin=22.60481474, Emax=133.31200271
realization 284 / 300 ... accepted 284. Emin=-31.72470106, Emax=41.52245064
realization 285 / 300 ... accepted 285. Emin=-7.37024378, Emax=90.33959242
realization 286 / 300 ... accepted 286. Emin=24.22509394, Emax=111.83626544
realization 287 / 300 ... accepted 287. Emin=24.39525169, Emax=125.77891925
realization 288 / 300 ... accepted 288. Emin=3.22585527, Emax=110.32906739
realization 289 / 300 ... accepted 289. Emin=19.74349721, Emax=111.28707015
realization 290 / 300 ... accepted 290. Emin=25.51689028, Emax=118.41802109
realization 291 / 300 ... accepted 291. Emin=39.37940378, Emax=117.90686560
realization 292 / 300 ... accepted 292. Emin=-44.57612197, Emax=63.51934169
realization 293 / 300 ... accepted 293. Emin=-26.59456379, Emax=60.20446048
realization 294 / 300 ... accepted 294. Emin=3.32947722, Emax=110.12321993
realization 295 / 300 ... accepted 295. Emin=-6.70679178, Emax=87.01707096
realization 296 / 300 ... accepted 296. Emin=-30.47523754, Emax=74.56826413
realization 297 / 300 ... accepted 297. Emin=-29.99330716, Emax=55.24783660
realization 298 / 300 ... accepted 298. Emin=44.83429297, Emax=128.44826386
realization 299 / 300 ... accepted 299. Emin=-0.96751015, Emax=97.27181725
realization 300 / 300 ... accepted 300. Emin=-2.98145701, Emax=67.70762953
Saved final energies: /home/2/kj405942/POLFED_bosons/pbs_bose_legacy_nmax2_periodic/data/U_9/W_15/L_6/N_6_nmax_2/boundary_periodic/energies_full_U9_L6_N6_nmax2_W15_boundaryperiodic_nreal300.txt
Accepted realizations: 300 / 300
Skipped realizations: 0
Job finished at Sun May 31 17:12:10 UTC 2026
