Job started on w30 at Sun May 31 17:10:32 UTC 2026
PBS_JOBID=7731425.kruk-host.ift-klaster.lan
PBS_O_WORKDIR=/home/2/kj405942/POLFED_bosons
Bose-Hubbard: L=6, N=6, nmax=2, dim=141
t=1, U=9, W=11, nreal=300, boundary=periodic, mode=full
Writing partial results to /home/2/kj405942/POLFED_bosons/pbs_bose_legacy_nmax2_periodic/data/U_9/W_11/L_6/N_6_nmax_2/boundary_periodic/energies_full_U9_L6_N6_nmax2_W11_boundaryperiodic_nreal300_partial.txt
realization 1 / 300 ... accepted 1. Emin=-16.56000477, Emax=68.45787505
realization 2 / 300 ... accepted 2. Emin=27.29072719, Emax=102.04018898
realization 3 / 300 ... accepted 3. Emin=3.53989815, Emax=90.54632923
realization 4 / 300 ... accepted 4. Emin=18.62091765, Emax=103.28660560
realization 5 / 300 ... accepted 5. Emin=4.91575884, Emax=99.98254831
realization 6 / 300 ... accepted 6. Emin=-18.82864890, Emax=57.24488223
realization 7 / 300 ... accepted 7. Emin=2.23564487, Emax=77.08555040
realization 8 / 300 ... accepted 8. Emin=-1.12523856, Emax=91.48983772
realization 9 / 300 ... accepted 9. Emin=19.24629528, Emax=99.81179159
realization 10 / 300 ... accepted 10. Emin=-9.95574227, Emax=78.65951529
realization 11 / 300 ... accepted 11. Emin=4.93814052, Emax=106.70969671
realization 12 / 300 ... accepted 12. Emin=-7.93053632, Emax=87.26103677
realization 13 / 300 ... accepted 13. Emin=4.83275909, Emax=96.92179976
realization 14 / 300 ... accepted 14. Emin=-14.82894797, Emax=71.96021476
realization 15 / 300 ... accepted 15. Emin=40.16199888, Emax=111.66958286
realization 16 / 300 ... accepted 16. Emin=17.24425057, Emax=106.43465763
realization 17 / 300 ... accepted 17. Emin=18.31744559, Emax=91.50623331
realization 18 / 300 ... accepted 18. Emin=3.11066165, Emax=99.45663032
realization 19 / 300 ... accepted 19. Emin=9.04293396, Emax=90.62616094
realization 20 / 300 ... accepted 20. Emin=-7.90002893, Emax=76.72870385
realization 21 / 300 ... accepted 21. Emin=0.35903307, Emax=97.48558691
realization 22 / 300 ... accepted 22. Emin=11.43905825, Emax=104.73796497
realization 23 / 300 ... accepted 23. Emin=-5.33818059, Emax=78.32543455
realization 24 / 300 ... accepted 24. Emin=-24.91201921, Emax=62.65679443
realization 25 / 300 ... accepted 25. Emin=8.40259895, Emax=96.41010063
realization 26 / 300 ... accepted 26. Emin=-8.66000607, Emax=82.86767187
realization 27 / 300 ... accepted 27. Emin=20.30062859, Emax=106.80269950
realization 28 / 300 ... accepted 28. Emin=8.02817986, Emax=101.05875697
realization 29 / 300 ... accepted 29. Emin=-7.51906482, Emax=102.52732413
realization 30 / 300 ... accepted 30. Emin=-9.78353531, Emax=75.16185385
realization 31 / 300 ... accepted 31. Emin=-27.54039274, Emax=60.82943636
realization 32 / 300 ... accepted 32. Emin=35.36611863, Emax=104.82098806
realization 33 / 300 ... accepted 33. Emin=14.94936148, Emax=100.42959096
realization 34 / 300 ... accepted 34. Emin=-10.79325720, Emax=69.24391591
realization 35 / 300 ... accepted 35. Emin=-38.86645125, Emax=34.71156975
realization 36 / 300 ... accepted 36. Emin=7.75155881, Emax=89.73070100
realization 37 / 300 ... accepted 37. Emin=15.71388572, Emax=91.56507577
realization 38 / 300 ... accepted 38. Emin=-25.39289670, Emax=57.26932931
realization 39 / 300 ... accepted 39. Emin=-21.93343071, Emax=57.25159320
realization 40 / 300 ... accepted 40. Emin=21.02470041, Emax=104.38974329
realization 41 / 300 ... accepted 41. Emin=2.76498793, Emax=88.36190848
realization 42 / 300 ... accepted 42. Emin=24.71113652, Emax=105.15394866
realization 43 / 300 ... accepted 43. Emin=-19.51352456, Emax=78.86720511
realization 44 / 300 ... accepted 44. Emin=-8.93941058, Emax=90.35116274
realization 45 / 300 ... accepted 45. Emin=-11.66143804, Emax=62.91967979
realization 46 / 300 ... accepted 46. Emin=-14.84124213, Emax=79.58165481
realization 47 / 300 ... accepted 47. Emin=13.85958143, Emax=103.30654518
realization 48 / 300 ... accepted 48. Emin=11.39011781, Emax=90.43642819
realization 49 / 300 ... accepted 49. Emin=-32.81699176, Emax=37.73860849
realization 50 / 300 ... accepted 50. Emin=-7.19105567, Emax=73.68466677
realization 51 / 300 ... accepted 51. Emin=17.85562558, Emax=101.81958911
realization 52 / 300 ... accepted 52. Emin=6.38242530, Emax=80.77148831
realization 53 / 300 ... accepted 53. Emin=-19.17508647, Emax=76.84562407
realization 54 / 300 ... accepted 54. Emin=-3.03168811, Emax=88.77722480
realization 55 / 300 ... accepted 55. Emin=-15.38093279, Emax=70.71286827
realization 56 / 300 ... accepted 56. Emin=3.74763471, Emax=90.49952851
realization 57 / 300 ... accepted 57. Emin=33.92034180, Emax=102.71942397
realization 58 / 300 ... accepted 58. Emin=8.68825448, Emax=77.70126714
realization 59 / 300 ... accepted 59. Emin=4.23725118, Emax=84.04365100
realization 60 / 300 ... accepted 60. Emin=-8.11178178, Emax=81.75117939
realization 61 / 300 ... accepted 61. Emin=27.34053770, Emax=102.31471957
realization 62 / 300 ... accepted 62. Emin=-5.61589180, Emax=104.95643115
realization 63 / 300 ... accepted 63. Emin=10.19785871, Emax=94.55713819
realization 64 / 300 ... accepted 64. Emin=25.18565458, Emax=102.01877727
realization 65 / 300 ... accepted 65. Emin=-3.40546487, Emax=83.64034387
realization 66 / 300 ... accepted 66. Emin=-30.77169663, Emax=53.38379595
realization 67 / 300 ... accepted 67. Emin=-12.55684147, Emax=68.95309425
realization 68 / 300 ... accepted 68. Emin=15.78141615, Emax=95.80445213
realization 69 / 300 ... accepted 69. Emin=-27.13406820, Emax=51.30290772
realization 70 / 300 ... accepted 70. Emin=-8.92046105, Emax=82.59670770
realization 71 / 300 ... accepted 71. Emin=7.62901399, Emax=105.34886212
realization 72 / 300 ... accepted 72. Emin=-36.22209729, Emax=28.69135427
realization 73 / 300 ... accepted 73. Emin=4.50753822, Emax=80.20259570
realization 74 / 300 ... accepted 74. Emin=-0.92139250, Emax=92.17281908
realization 75 / 300 ... accepted 75. Emin=-9.40000161, Emax=73.55626941
realization 76 / 300 ... accepted 76. Emin=-15.16914720, Emax=64.30817017
realization 77 / 300 ... accepted 77. Emin=4.14326558, Emax=89.46264836
realization 78 / 300 ... accepted 78. Emin=-6.63013523, Emax=83.72900099
realization 79 / 300 ... accepted 79. Emin=-15.49622505, Emax=86.67233072
realization 80 / 300 ... accepted 80. Emin=-9.45067954, Emax=83.62364290
realization 81 / 300 ... accepted 81. Emin=-13.58514201, Emax=72.07006958
realization 82 / 300 ... accepted 82. Emin=8.20772388, Emax=93.01993649
realization 83 / 300 ... accepted 83. Emin=-0.94114475, Emax=78.16287213
realization 84 / 300 ... accepted 84. Emin=-31.71641659, Emax=50.75515123
realization 85 / 300 ... accepted 85. Emin=7.84548114, Emax=86.47997361
realization 86 / 300 ... accepted 86. Emin=-1.48418184, Emax=85.11914533
realization 87 / 300 ... accepted 87. Emin=-31.83693885, Emax=45.20721531
realization 88 / 300 ... accepted 88. Emin=0.55784030, Emax=84.05727658
realization 89 / 300 ... accepted 89. Emin=10.99211071, Emax=87.65479039
realization 90 / 300 ... accepted 90. Emin=14.36936876, Emax=102.18921679
realization 91 / 300 ... accepted 91. Emin=-8.45543317, Emax=63.57960593
realization 92 / 300 ... accepted 92. Emin=-3.22169257, Emax=78.31410974
realization 93 / 300 ... accepted 93. Emin=-12.37928576, Emax=70.47032346
realization 94 / 300 ... accepted 94. Emin=10.53608403, Emax=97.04366840
realization 95 / 300 ... accepted 95. Emin=-7.12674486, Emax=75.92540842
realization 96 / 300 ... accepted 96. Emin=-21.62599014, Emax=65.62543987
realization 97 / 300 ... accepted 97. Emin=-26.83120653, Emax=64.59884976
realization 98 / 300 ... accepted 98. Emin=-2.56102241, Emax=96.67245656
realization 99 / 300 ... accepted 99. Emin=13.85043213, Emax=87.71297923
realization 100 / 300 ... accepted 100. Emin=17.26586113, Emax=82.44528998
realization 101 / 300 ... accepted 101. Emin=25.32182595, Emax=96.90906583
realization 102 / 300 ... accepted 102. Emin=7.85690995, Emax=89.11409888
realization 103 / 300 ... accepted 103. Emin=3.39313449, Emax=91.05214483
realization 104 / 300 ... accepted 104. Emin=6.55697373, Emax=92.97375846
realization 105 / 300 ... accepted 105. Emin=20.68884208, Emax=108.46790510
realization 106 / 300 ... accepted 106. Emin=-8.05482964, Emax=76.96181091
realization 107 / 300 ... accepted 107. Emin=9.59225404, Emax=100.34322502
realization 108 / 300 ... accepted 108. Emin=10.80436328, Emax=95.16149592
realization 109 / 300 ... accepted 109. Emin=19.13450980, Emax=102.57681526
realization 110 / 300 ... accepted 110. Emin=5.63291372, Emax=95.14000721
realization 111 / 300 ... accepted 111. Emin=3.01607525, Emax=84.05193944
realization 112 / 300 ... accepted 112. Emin=4.76859620, Emax=96.36268466
realization 113 / 300 ... accepted 113. Emin=2.07909539, Emax=85.31602277
realization 114 / 300 ... accepted 114. Emin=14.63254966, Emax=81.76617447
realization 115 / 300 ... accepted 115. Emin=-1.87470789, Emax=101.91426816
realization 116 / 300 ... accepted 116. Emin=-12.04074142, Emax=71.38415162
realization 117 / 300 ... accepted 117. Emin=-5.35630159, Emax=70.20918637
realization 118 / 300 ... accepted 118. Emin=9.23120026, Emax=92.53686966
realization 119 / 300 ... accepted 119. Emin=14.18307391, Emax=88.18639770
realization 120 / 300 ... accepted 120. Emin=16.90986601, Emax=98.29592141
realization 121 / 300 ... accepted 121. Emin=-4.44823688, Emax=92.95453871
realization 122 / 300 ... accepted 122. Emin=14.89872149, Emax=101.81152160
realization 123 / 300 ... accepted 123. Emin=-3.15857779, Emax=81.52050308
realization 124 / 300 ... accepted 124. Emin=-24.73017211, Emax=60.33941787
realization 125 / 300 ... accepted 125. Emin=10.19944838, Emax=96.06685018
realization 126 / 300 ... accepted 126. Emin=3.61398282, Emax=94.96197496
realization 127 / 300 ... accepted 127. Emin=-27.85556430, Emax=63.18863699
realization 128 / 300 ... accepted 128. Emin=14.19660915, Emax=99.63241206
realization 129 / 300 ... accepted 129. Emin=-7.19858948, Emax=97.76781673
realization 130 / 300 ... accepted 130. Emin=-0.89174818, Emax=91.19447451
realization 131 / 300 ... accepted 131. Emin=13.30151117, Emax=83.73663386
realization 132 / 300 ... accepted 132. Emin=-22.91119850, Emax=55.99055352
realization 133 / 300 ... accepted 133. Emin=-5.22209993, Emax=80.15952622
realization 134 / 300 ... accepted 134. Emin=4.93160737, Emax=90.41581472
realization 135 / 300 ... accepted 135. Emin=20.27174932, Emax=102.43296116
realization 136 / 300 ... accepted 136. Emin=-19.62703644, Emax=64.65260105
realization 137 / 300 ... accepted 137. Emin=-32.80821210, Emax=50.08658292
realization 138 / 300 ... accepted 138. Emin=3.60188422, Emax=89.63300307
realization 139 / 300 ... accepted 139. Emin=-2.78452320, Emax=86.98291036
realization 140 / 300 ... accepted 140. Emin=-15.96909473, Emax=63.17157216
realization 141 / 300 ... accepted 141. Emin=-36.93378856, Emax=24.64443151
realization 142 / 300 ... accepted 142. Emin=11.09265164, Emax=94.58166166
realization 143 / 300 ... accepted 143. Emin=0.16667309, Emax=95.56036542
realization 144 / 300 ... accepted 144. Emin=8.16083679, Emax=99.72960787
realization 145 / 300 ... accepted 145. Emin=-38.73075774, Emax=34.67697966
realization 146 / 300 ... accepted 146. Emin=-27.93496925, Emax=56.18752776
realization 147 / 300 ... accepted 147. Emin=2.45417654, Emax=92.03463479
realization 148 / 300 ... accepted 148. Emin=2.84440429, Emax=75.56998109
realization 149 / 300 ... accepted 149. Emin=-23.22885160, Emax=70.40932040
realization 150 / 300 ... accepted 150. Emin=3.12411857, Emax=91.71695254
realization 151 / 300 ... accepted 151. Emin=-20.54075898, Emax=57.33629262
realization 152 / 300 ... accepted 152. Emin=-0.95078813, Emax=70.71489401
realization 153 / 300 ... accepted 153. Emin=12.61205097, Emax=97.90221018
realization 154 / 300 ... accepted 154. Emin=-36.51887324, Emax=44.81982460
realization 155 / 300 ... accepted 155. Emin=-17.38957905, Emax=72.90437409
realization 156 / 300 ... accepted 156. Emin=-30.82651332, Emax=55.40836906
realization 157 / 300 ... accepted 157. Emin=33.45622612, Emax=115.65558579
realization 158 / 300 ... accepted 158. Emin=0.80729893, Emax=82.62168669
realization 159 / 300 ... accepted 159. Emin=-5.12543002, Emax=99.04125381
realization 160 / 300 ... accepted 160. Emin=24.05932553, Emax=101.11638017
realization 161 / 300 ... accepted 161. Emin=6.27763962, Emax=109.31704732
realization 162 / 300 ... accepted 162. Emin=7.29559304, Emax=111.76638687
realization 163 / 300 ... accepted 163. Emin=-2.29210178, Emax=86.12688970
realization 164 / 300 ... accepted 164. Emin=-11.46773963, Emax=75.27098380
realization 165 / 300 ... accepted 165. Emin=-1.57740309, Emax=88.35487597
realization 166 / 300 ... accepted 166. Emin=-21.85387214, Emax=50.82406224
realization 167 / 300 ... accepted 167. Emin=1.97897013, Emax=78.39647743
realization 168 / 300 ... accepted 168. Emin=24.92801547, Emax=111.89008764
realization 169 / 300 ... accepted 169. Emin=-31.45705720, Emax=46.31940741
realization 170 / 300 ... accepted 170. Emin=-22.10635045, Emax=70.52930110
realization 171 / 300 ... accepted 171. Emin=-7.31730351, Emax=87.64171845
realization 172 / 300 ... accepted 172. Emin=7.97688575, Emax=90.17261138
realization 173 / 300 ... accepted 173. Emin=-0.10743117, Emax=91.64898043
realization 174 / 300 ... accepted 174. Emin=-8.80215326, Emax=75.95181461
realization 175 / 300 ... accepted 175. Emin=5.78196444, Emax=100.01850016
realization 176 / 300 ... accepted 176. Emin=-18.73409685, Emax=84.81322481
realization 177 / 300 ... accepted 177. Emin=3.19268626, Emax=106.49414901
realization 178 / 300 ... accepted 178. Emin=-19.40011252, Emax=61.58688027
realization 179 / 300 ... accepted 179. Emin=16.86387714, Emax=105.35409988
realization 180 / 300 ... accepted 180. Emin=-23.32327697, Emax=65.66610707
realization 181 / 300 ... accepted 181. Emin=-4.03970743, Emax=89.93790804
realization 182 / 300 ... accepted 182. Emin=-5.32034517, Emax=78.20493171
realization 183 / 300 ... accepted 183. Emin=5.95340302, Emax=90.05169028
realization 184 / 300 ... accepted 184. Emin=-23.97460030, Emax=52.19657466
realization 185 / 300 ... accepted 185. Emin=-24.79747122, Emax=66.75239727
realization 186 / 300 ... accepted 186. Emin=-6.08497150, Emax=82.60058704
realization 187 / 300 ... accepted 187. Emin=-32.49085802, Emax=55.01394302
realization 188 / 300 ... accepted 188. Emin=13.43309018, Emax=108.99230322
realization 189 / 300 ... accepted 189. Emin=14.59152093, Emax=104.27722810
realization 190 / 300 ... accepted 190. Emin=15.10902570, Emax=102.63508489
realization 191 / 300 ... accepted 191. Emin=11.29648989, Emax=107.85259207
realization 192 / 300 ... accepted 192. Emin=14.82672504, Emax=92.69189517
realization 193 / 300 ... accepted 193. Emin=-21.00530096, Emax=77.68660364
realization 194 / 300 ... accepted 194. Emin=11.21195171, Emax=96.29802986
realization 195 / 300 ... accepted 195. Emin=-3.15557927, Emax=82.83368927
realization 196 / 300 ... accepted 196. Emin=3.23274002, Emax=91.28885352
realization 197 / 300 ... accepted 197. Emin=12.87965914, Emax=97.13848078
realization 198 / 300 ... accepted 198. Emin=-16.89997883, Emax=68.47592046
realization 199 / 300 ... accepted 199. Emin=-11.65506243, Emax=66.64399179
realization 200 / 300 ... accepted 200. Emin=16.94229997, Emax=99.62905554
realization 201 / 300 ... accepted 201. Emin=9.87431782, Emax=96.53401019
realization 202 / 300 ... accepted 202. Emin=-15.61408861, Emax=68.69076533
realization 203 / 300 ... accepted 203. Emin=-30.47560288, Emax=53.90517029
realization 204 / 300 ... accepted 204. Emin=3.75716510, Emax=94.11875760
realization 205 / 300 ... accepted 205. Emin=-28.51430232, Emax=48.40637845
realization 206 / 300 ... accepted 206. Emin=-16.31602262, Emax=67.68997869
realization 207 / 300 ... accepted 207. Emin=-14.26148926, Emax=87.52646865
realization 208 / 300 ... accepted 208. Emin=12.68725604, Emax=93.57535073
realization 209 / 300 ... accepted 209. Emin=6.32108597, Emax=104.02496506
realization 210 / 300 ... accepted 210. Emin=-15.92476827, Emax=71.57522373
realization 211 / 300 ... accepted 211. Emin=-0.99558203, Emax=95.08775015
realization 212 / 300 ... accepted 212. Emin=-17.84097310, Emax=57.06257316
realization 213 / 300 ... accepted 213. Emin=20.09209187, Emax=113.39175160
realization 214 / 300 ... accepted 214. Emin=9.88360180, Emax=93.61126992
realization 215 / 300 ... accepted 215. Emin=4.96953474, Emax=99.78290965
realization 216 / 300 ... accepted 216. Emin=20.27283479, Emax=102.37584474
realization 217 / 300 ... accepted 217. Emin=38.05129542, Emax=108.88331695
realization 218 / 300 ... accepted 218. Emin=14.75463380, Emax=94.21415303
realization 219 / 300 ... accepted 219. Emin=-22.27461017, Emax=58.52162554
realization 220 / 300 ... accepted 220. Emin=-20.17916669, Emax=75.60402463
realization 221 / 300 ... accepted 221. Emin=9.50149773, Emax=93.57658632
realization 222 / 300 ... accepted 222. Emin=-7.68810780, Emax=72.55717001
realization 223 / 300 ... accepted 223. Emin=13.29800042, Emax=96.24513638
realization 224 / 300 ... accepted 224. Emin=5.31928827, Emax=77.22597469
realization 225 / 300 ... accepted 225. Emin=8.39764918, Emax=100.79272179
realization 226 / 300 ... accepted 226. Emin=-34.72655917, Emax=37.87794292
realization 227 / 300 ... accepted 227. Emin=16.32329788, Emax=107.28915007
realization 228 / 300 ... accepted 228. Emin=-13.89191979, Emax=69.63266032
realization 229 / 300 ... accepted 229. Emin=18.56643776, Emax=80.93632153
realization 230 / 300 ... accepted 230. Emin=7.27345878, Emax=80.37914854
realization 231 / 300 ... accepted 231. Emin=-6.73948595, Emax=68.79044944
realization 232 / 300 ... accepted 232. Emin=-9.32330062, Emax=64.33264118
realization 233 / 300 ... accepted 233. Emin=-16.61115734, Emax=64.02960806
realization 234 / 300 ... accepted 234. Emin=-7.59166949, Emax=87.23083753
realization 235 / 300 ... accepted 235. Emin=1.50263864, Emax=84.92455269
realization 236 / 300 ... accepted 236. Emin=20.18436964, Emax=110.67522970
realization 237 / 300 ... accepted 237. Emin=-14.06353537, Emax=68.31627687
realization 238 / 300 ... accepted 238. Emin=22.16585518, Emax=110.59371803
realization 239 / 300 ... accepted 239. Emin=-2.50285895, Emax=81.82576556
realization 240 / 300 ... accepted 240. Emin=-3.68945057, Emax=89.64347736
realization 241 / 300 ... accepted 241. Emin=18.16877148, Emax=99.31656621
realization 242 / 300 ... accepted 242. Emin=-11.01083132, Emax=64.20634073
realization 243 / 300 ... accepted 243. Emin=13.07697513, Emax=96.34522864
realization 244 / 300 ... accepted 244. Emin=-14.41649434, Emax=68.17542619
realization 245 / 300 ... accepted 245. Emin=18.94606194, Emax=105.61417862
realization 246 / 300 ... accepted 246. Emin=4.33901753, Emax=100.46220199
realization 247 / 300 ... accepted 247. Emin=-0.05505900, Emax=75.92701541
realization 248 / 300 ... accepted 248. Emin=20.27649881, Emax=111.45534786
realization 249 / 300 ... accepted 249. Emin=-22.83235978, Emax=78.90378026
realization 250 / 300 ... accepted 250. Emin=8.65729548, Emax=88.37576594
realization 251 / 300 ... accepted 251. Emin=-3.83508606, Emax=84.65331180
realization 252 / 300 ... accepted 252. Emin=-24.33399154, Emax=58.13630914
realization 253 / 300 ... accepted 253. Emin=-15.05720565, Emax=71.47255096
realization 254 / 300 ... accepted 254. Emin=23.80566785, Emax=110.68681369
realization 255 / 300 ... accepted 255. Emin=-2.28204435, Emax=85.83069483
realization 256 / 300 ... accepted 256. Emin=-18.34966999, Emax=73.97429550
realization 257 / 300 ... accepted 257. Emin=22.66966807, Emax=106.78808868
realization 258 / 300 ... accepted 258. Emin=-4.57978276, Emax=77.28773456
realization 259 / 300 ... accepted 259. Emin=-7.63198407, Emax=79.19629677
realization 260 / 300 ... accepted 260. Emin=-8.09177627, Emax=73.04529603
realization 261 / 300 ... accepted 261. Emin=20.52350845, Emax=87.93452738
realization 262 / 300 ... accepted 262. Emin=-19.65211463, Emax=63.52434264
realization 263 / 300 ... accepted 263. Emin=37.95059923, Emax=103.88015875
realization 264 / 300 ... accepted 264. Emin=2.47079749, Emax=77.65837689
realization 265 / 300 ... accepted 265. Emin=21.61187455, Emax=102.73948250
realization 266 / 300 ... accepted 266. Emin=6.91499179, Emax=96.29405058
realization 267 / 300 ... accepted 267. Emin=7.55856450, Emax=103.56586547
realization 268 / 300 ... accepted 268. Emin=19.45151972, Emax=93.82901160
realization 269 / 300 ... accepted 269. Emin=3.12429269, Emax=97.92949889
realization 270 / 300 ... accepted 270. Emin=3.22759184, Emax=101.32211798
realization 271 / 300 ... accepted 271. Emin=-4.93856369, Emax=80.89574516
realization 272 / 300 ... accepted 272. Emin=-1.57277461, Emax=80.04664599
realization 273 / 300 ... accepted 273. Emin=-7.57399991, Emax=65.25099538
realization 274 / 300 ... accepted 274. Emin=-16.18801742, Emax=74.24507478
realization 275 / 300 ... accepted 275. Emin=3.07823089, Emax=90.96676388
realization 276 / 300 ... accepted 276. Emin=22.58944089, Emax=102.75606179
realization 277 / 300 ... accepted 277. Emin=-8.31749239, Emax=71.81936642
realization 278 / 300 ... accepted 278. Emin=-1.78924025, Emax=79.16657303
realization 279 / 300 ... accepted 279. Emin=-8.28656538, Emax=74.74589625
realization 280 / 300 ... accepted 280. Emin=-20.85730418, Emax=71.85132358
realization 281 / 300 ... accepted 281. Emin=41.58079705, Emax=110.46939842
realization 282 / 300 ... accepted 282. Emin=-1.90213726, Emax=86.97524710
realization 283 / 300 ... accepted 283. Emin=4.38243780, Emax=99.85736238
realization 284 / 300 ... accepted 284. Emin=-12.83087304, Emax=64.02864795
realization 285 / 300 ... accepted 285. Emin=9.86871906, Emax=89.14066707
realization 286 / 300 ... accepted 286. Emin=3.87104885, Emax=93.51206331
realization 287 / 300 ... accepted 287. Emin=-13.16504629, Emax=67.02541669
realization 288 / 300 ... accepted 288. Emin=-12.21604916, Emax=66.94640228
realization 289 / 300 ... accepted 289. Emin=-17.45961937, Emax=81.05882999
realization 290 / 300 ... accepted 290. Emin=-15.15456450, Emax=81.48988655
realization 291 / 300 ... accepted 291. Emin=-25.27532769, Emax=47.90591634
realization 292 / 300 ... accepted 292. Emin=-22.12110756, Emax=53.90918174
realization 293 / 300 ... accepted 293. Emin=-27.60949789, Emax=63.16332192
realization 294 / 300 ... accepted 294. Emin=-12.89488043, Emax=83.04340901
realization 295 / 300 ... accepted 295. Emin=25.59855129, Emax=104.21631478
realization 296 / 300 ... accepted 296. Emin=7.23699985, Emax=82.21302600
realization 297 / 300 ... accepted 297. Emin=2.17874169, Emax=81.86522384
realization 298 / 300 ... accepted 298. Emin=-10.92448356, Emax=80.84548381
realization 299 / 300 ... accepted 299. Emin=-2.37852260, Emax=92.63087808
realization 300 / 300 ... accepted 300. Emin=-27.42036851, Emax=64.41673044
Saved final energies: /home/2/kj405942/POLFED_bosons/pbs_bose_legacy_nmax2_periodic/data/U_9/W_11/L_6/N_6_nmax_2/boundary_periodic/energies_full_U9_L6_N6_nmax2_W11_boundaryperiodic_nreal300.txt
Accepted realizations: 300 / 300
Skipped realizations: 0
Job finished at Sun May 31 17:12:06 UTC 2026
